0000000000000000 00131d0000000000 1 1d 00000000 0 0 0 0000000000000001
0000000000000001 00920e0900000000 1 0e ffffffff 0 0 0 0000000000000002
0000000000000002 00920f0f00000000 1 0f ffffffff 0 0 0 0000000000000003
0000000000000003 001302009819e100 1 02 ff9819e1 0 0 0 0000000000000004
0000000000000004 0102001211000000 0 00 00000000 5 1 0 0000000000000005
0000000000000005 0215000001040000 0 00 00000000 5 1 0 0000000000000006
0000000000000006 8506000000000000 0 00 00000000 5 1 0 0000000000000007
0000000000000007 8506000000000000 0 00 00000000 5 1 0 0000000000000008
0000000000000008 0306000000000100 1 01 00000000 5 1 0 0000000000000009
0000000000000009 0042100308000000 1 10 00000000 5 1 0 000000000000000a
000000000000000a 007312047bda6500 1 12 ff84259b 5 1 0 000000000000000b
000000000000000b 0306000000000b00 1 0b 00000000 5 1 0 000000000000000c
000000000000000c 0063010f00001b00 1 01 f8000000 5 1 0 000000000000000d
000000000000000d 00420b0e0d000000 1 0b 00000000 5 1 0 000000000000000e
000000000000000e 010200010d000000 0 00 00000000 6 0 0 000000000000000f
000000000000000f 02150000030e0000 0 00 00000000 6 0 1 0000000000000013
0000000000000013 00b3010500000100 1 01 00000000 6 0 0 0000000000000014
0000000000000014 8506000000000000 0 00 00000000 6 0 0 0000000000000015
0000000000000015 00130800f6ad3c00 1 08 fff6ad3c 6 0 0 0000000000000016
0000000000000016 00131e0000000400 1 1e 00000004 6 0 0 0000000000000017
0000000000000017 0023151500000100 1 15 00000001 6 0 0 0000000000000018
0000000000000018 00731e1e00000100 1 1e 00000003 6 0 0 0000000000000019
0000000000000019 0102001e1d000000 0 00 00000000 4 0 0 000000000000001a
000000000000001a 0215fffffc040000 0 00 00000000 4 0 1 0000000000000017
0000000000000017 0023151500000100 1 15 00000002 4 0 0 0000000000000018
0000000000000018 00731e1e00000100 1 1e 00000002 4 0 0 0000000000000019
0000000000000019 0102001e1d000000 0 00 00000000 4 0 0 000000000000001a
000000000000001a 0215fffffc040000 0 00 00000000 4 0 1 0000000000000017
0000000000000017 0023151500000100 1 15 00000003 4 0 0 0000000000000018
0000000000000018 00731e1e00000100 1 1e 00000001 4 0 0 0000000000000019
0000000000000019 0102001e1d000000 0 00 00000000 4 0 0 000000000000001a
000000000000001a 0215fffffc040000 0 00 00000000 4 0 1 0000000000000017
0000000000000017 0023151500000100 1 15 00000004 4 0 0 0000000000000018
0000000000000018 00731e1e00000100 1 1e 00000000 4 0 0 0000000000000019
0000000000000019 0102001e1d000000 0 00 00000000 5 1 0 000000000000001a
000000000000001a 0215fffffc040000 0 00 00000000 5 1 0 000000000000001b
000000000000001b 7cf5000000000000 0 00 00000000 5 1 0 000000000000001c
DONE retired=37 fault=00 pc=000000000000001b
