0000000000000000 343001000000f000 0 00 00000000 0 0 0 0 0 0 0000000000000001 ffffffff f ffffffff 1 01
0000000000000001 341107000001f000 0 00 00000000 0 0 0 0 0 0 0000000000000002 ffffffff f ffffffff 1 07
0000000000000002 34110c000003f000 0 00 00000000 0 0 0 0 0 0 0000000000000003 ffffffff f ffffffff 1 0c
0000000000000003 341103000006f000 0 00 00000000 0 0 0 0 0 0 0000000000000004 ffffffff f ffffffff 1 03
0000000000000004 34110d000000f000 0 00 00000000 0 0 0 0 0 0 0000000000000005 ffffffff f ffffffff 1 0d
0000000000000005 10300c010d00f000 0 00 00000000 0 0 0 0 0 0 0000000000000006 ffffffff f ffffffff 1 0c
0000000000000006 10000c0c0700f000 0 00 00000000 0 0 0 0 0 0 0000000000000007 ffffffff f ffffffff 1 0c
0000000000000007 34110a000000f000 0 00 00000000 0 0 0 0 0 0 0000000000000008 ffffffff f ffffffff 1 0a
0000000000000008 7c85000005000000 0 00 00000000 0 0 0 0 0 0 0000000000000009 ffffffff f ffffffff 0 00
0000000000000009 3059e0a0c0000000 0 00 00000000 0 0 0 0 0 0 000000000000000a ffffffff f ffffffff 0 00
000000000000000a 3029d0a0c0000000 0 00 00000000 0 0 0 0 0 0 000000000000000b ffffffff f ffffffff 0 00
000000000000000b 10400c010700f000 0 00 00000000 0 0 0 0 0 0 000000000000000c ffffffff f ffffffff 1 0c
000000000000000c 7cb5000000e00000 0 00 00000000 0 0 0 0 0 0 000000000000000d ffffffff f ffffffff 0 00
000000000000000d 10000a0a0700f000 0 00 00000000 0 0 0 0 0 0 000000000000000e ffffffff f ffffffff 1 0a
000000000000000e 7c95fffffad00000 0 00 00000000 0 0 0 0 0 0 0000000000000009 ffffffff f ffffffff 0 00
0000000000000009 3059e0a0c0000000 0 00 00000000 0 0 0 0 0 0 000000000000000a ffffffff f ffffffff 0 00
000000000000000a 3029d0a0c0000000 0 00 00000000 0 0 0 0 0 0 000000000000000b ffffffff f ffffffff 0 00
000000000000000b 10400c010700f000 0 00 00000000 0 0 0 0 0 0 000000000000000c ffffffff f ffffffff 1 0c
000000000000000c 7cb5000000e00000 0 00 00000000 0 0 0 0 0 0 000000000000000d fffffffc f fffffffc 0 00
000000000000000d 10000a0a0700f000 0 00 00000000 0 0 0 0 0 0 000000000000000e fffffffc f fffffffc 1 0a
000000000000000e 7c95fffffad00000 0 00 00000000 0 0 0 0 0 0 0000000000000009 fffffffc f fffffffc 0 00
0000000000000009 3059e0a0c0000000 0 00 00000000 0 0 0 0 0 0 000000000000000a fffffffc f fffffffc 0 00
000000000000000a 3029d0a0c0000000 0 00 00000000 0 0 0 0 0 0 000000000000000b fffffffc f fffffffc 0 00
000000000000000b 10400c010700f000 0 00 00000000 0 0 0 0 0 0 000000000000000c fffffffc f fffffffc 1 0c
000000000000000c 7cb5000000e00000 0 00 00000000 0 0 0 0 0 0 000000000000000d fffffffc f fffffffc 0 00
000000000000000d 10000a0a0700f000 0 00 00000000 0 0 0 0 0 0 000000000000000e fffffffc f fffffffc 1 0a
000000000000000e 7c95fffffad00000 0 00 00000000 0 0 0 0 0 0 0000000000000009 fffffffc f fffffffc 0 00
0000000000000009 3059e0a0c0000000 0 00 00000000 0 0 0 0 0 0 000000000000000a fffffffc f fffffffc 0 00
000000000000000a 3029d0a0c0000000 0 00 00000000 0 0 0 0 0 0 000000000000000b fffffffc f fffffffc 0 00
000000000000000b 10400c010700f000 0 00 00000000 0 0 0 0 0 0 000000000000000c fffffffc f fffffffc 1 0c
000000000000000c 7cb5000000e00000 0 00 00000000 0 0 0 0 0 0 000000000000000d fffffff0 f fffffff0 0 00
000000000000000d 10000a0a0700f000 0 00 00000000 0 0 0 0 0 0 000000000000000e fffffff0 f fffffff0 1 0a
000000000000000e 7c95fffffad00000 0 00 00000000 0 0 0 0 0 0 0000000000000009 fffffff0 f fffffff0 0 00
0000000000000009 3059e0a0c0000000 0 00 00000000 0 0 0 0 0 0 000000000000000a fffffff0 f fffffff0 0 00
000000000000000a 3029d0a0c0000000 0 00 00000000 0 0 0 0 0 0 000000000000000b fffffff0 f fffffff0 0 00
000000000000000b 10400c010700f000 0 00 00000000 0 0 0 0 0 0 000000000000000c fffffff0 f fffffff0 1 0c
000000000000000c 7cb5000000e00000 0 00 00000000 0 0 0 0 0 0 000000000000000d fffffff0 f fffffff0 0 00
000000000000000d 10000a0a0700f000 0 00 00000000 0 0 0 0 0 0 000000000000000e fffffff0 f fffffff0 1 0a
000000000000000e 7c95fffffad00000 0 00 00000000 0 0 0 0 0 0 0000000000000009 fffffff0 f fffffff0 0 00
0000000000000009 3059e0a0c0000000 0 00 00000000 0 0 0 0 0 0 000000000000000a fffffff0 f fffffff0 0 00
000000000000000a 3029d0a0c0000000 0 00 00000000 0 0 0 0 0 0 000000000000000b fffffff0 f fffffff0 0 00
000000000000000b 10400c010700f000 0 00 00000000 0 0 0 0 0 0 000000000000000c fffffff0 f fffffff0 1 0c
000000000000000c 7cb5000000e00000 0 00 00000000 0 0 0 0 0 0 000000000000000d ffffffc0 f ffffffc0 0 00
000000000000000d 10000a0a0700f000 0 00 00000000 0 0 0 0 0 0 000000000000000e ffffffc0 f ffffffc0 1 0a
000000000000000e 7c95fffffad00000 0 00 00000000 0 0 0 0 0 0 0000000000000009 ffffffc0 f ffffffc0 0 00
0000000000000009 3059e0a0c0000000 0 00 00000000 0 0 0 0 0 0 000000000000000a ffffffc0 f ffffffc0 0 00
000000000000000a 3029d0a0c0000000 0 00 00000000 0 0 0 0 0 0 000000000000000b ffffffc0 f ffffffc0 0 00
000000000000000b 10400c010700f000 0 00 00000000 0 0 0 0 0 0 000000000000000c ffffffc0 f ffffffc0 1 0c
000000000000000c 7cb5000000e00000 0 00 00000000 0 0 0 0 0 0 000000000000000d ffffffc0 f ffffffc0 0 00
000000000000000d 10000a0a0700f000 0 00 00000000 0 0 0 0 0 0 000000000000000e ffffffc0 f ffffffc0 1 0a
000000000000000e 7c95fffffad00000 0 00 00000000 0 0 0 0 0 0 0000000000000009 ffffffc0 f ffffffc0 0 00
0000000000000009 3059e0a0c0000000 0 00 00000000 0 0 0 0 0 0 000000000000000a ffffffc0 f ffffffc0 0 00
000000000000000a 3029d0a0c0000000 0 00 00000000 0 0 0 0 0 0 000000000000000b ffffffc0 f ffffffc0 0 00
000000000000000b 10400c010700f000 0 00 00000000 0 0 0 0 0 0 000000000000000c ffffffc0 f ffffffc0 1 0c
000000000000000c 7cb5000000e00000 0 00 00000000 0 0 0 0 0 0 000000000000000d ffffff00 f ffffff00 0 00
000000000000000d 10000a0a0700f000 0 00 00000000 0 0 0 0 0 0 000000000000000e ffffff00 f ffffff00 1 0a
000000000000000e 7c95fffffad00000 0 00 00000000 0 0 0 0 0 0 0000000000000009 ffffff00 f ffffff00 0 00
0000000000000009 3059e0a0c0000000 0 00 00000000 0 0 0 0 0 0 000000000000000a ffffff00 f ffffff00 0 00
000000000000000a 3029d0a0c0000000 0 00 00000000 0 0 0 0 0 0 000000000000000b ffffff00 f ffffff00 0 00
000000000000000b 10400c010700f000 0 00 00000000 0 0 0 0 0 0 000000000000000c ffffff00 f ffffff00 1 0c
000000000000000c 7cb5000000e00000 0 00 00000000 0 0 0 0 0 0 000000000000000d ffffff00 f ffffff00 0 00
000000000000000d 10000a0a0700f000 0 00 00000000 0 0 0 0 0 0 000000000000000e ffffff00 f ffffff00 1 0a
000000000000000e 7c95fffffad00000 0 00 00000000 0 0 0 0 0 0 0000000000000009 ffffff00 f ffffff00 0 00
0000000000000009 3059e0a0c0000000 0 00 00000000 0 0 0 0 0 0 000000000000000a ffffff00 f ffffff00 0 00
000000000000000a 3029d0a0c0000000 0 00 00000000 0 0 0 0 0 0 000000000000000b ffffff00 f ffffff00 0 00
000000000000000b 10400c010700f000 0 00 00000000 0 0 0 0 0 0 000000000000000c ffffff00 f ffffff00 1 0c
000000000000000c 7cb5000000e00000 0 00 00000000 0 0 0 0 0 0 000000000000000d fffffc00 f fffffc00 0 00
000000000000000d 10000a0a0700f000 0 00 00000000 0 0 0 0 0 0 000000000000000e fffffc00 f fffffc00 1 0a
000000000000000e 7c95fffffad00000 0 00 00000000 0 0 0 0 0 0 0000000000000009 fffffc00 f fffffc00 0 00
0000000000000009 3059e0a0c0000000 0 00 00000000 0 0 0 0 0 0 000000000000000a fffffc00 f fffffc00 0 00
000000000000000a 3029d0a0c0000000 0 00 00000000 0 0 0 0 0 0 000000000000000b fffffc00 f fffffc00 0 00
000000000000000b 10400c010700f000 0 00 00000000 0 0 0 0 0 0 000000000000000c fffffc00 f fffffc00 1 0c
000000000000000c 7cb5000000e00000 0 00 00000000 0 0 0 0 0 0 000000000000000d fffffc00 f fffffc00 0 00
000000000000000d 10000a0a0700f000 0 00 00000000 0 0 0 0 0 0 000000000000000e fffffc00 f fffffc00 1 0a
000000000000000e 7c95fffffad00000 0 00 00000000 0 0 0 0 0 0 0000000000000009 fffffc00 f fffffc00 0 00
0000000000000009 3059e0a0c0000000 0 00 00000000 0 0 0 0 0 0 000000000000000a fffffc00 f fffffc00 0 00
000000000000000a 3029d0a0c0000000 0 00 00000000 0 0 0 0 0 0 000000000000000b fffffc00 f fffffc00 0 00
000000000000000b 10400c010700f000 0 00 00000000 0 0 0 0 0 0 000000000000000c fffffc00 f fffffc00 1 0c
000000000000000c 7cb5000000e00000 0 00 00000000 0 0 0 0 0 0 000000000000000d fffff000 f fffff000 0 00
000000000000000d 10000a0a0700f000 0 00 00000000 0 0 0 0 0 0 000000000000000e fffff000 f fffff000 1 0a
000000000000000e 7c95fffffad00000 0 00 00000000 0 0 0 0 0 0 0000000000000009 fffff000 f fffff000 0 00
0000000000000009 3059e0a0c0000000 0 00 00000000 0 0 0 0 0 0 000000000000000a fffff000 f fffff000 0 00
000000000000000a 3029d0a0c0000000 0 00 00000000 0 0 0 0 0 0 000000000000000b fffff000 f fffff000 0 00
000000000000000b 10400c010700f000 0 00 00000000 0 0 0 0 0 0 000000000000000c fffff000 f fffff000 1 0c
000000000000000c 7cb5000000e00000 0 00 00000000 0 0 0 0 0 0 000000000000000d fffff000 f fffff000 0 00
000000000000000d 10000a0a0700f000 0 00 00000000 0 0 0 0 0 0 000000000000000e fffff000 f fffff000 1 0a
000000000000000e 7c95fffffad00000 0 00 00000000 0 0 0 0 0 0 0000000000000009 fffff000 f fffff000 0 00
0000000000000009 3059e0a0c0000000 0 00 00000000 0 0 0 0 0 0 000000000000000a fffff000 f fffff000 0 00
000000000000000a 3029d0a0c0000000 0 00 00000000 0 0 0 0 0 0 000000000000000b fffff000 f fffff000 0 00
000000000000000b 10400c010700f000 0 00 00000000 0 0 0 0 0 0 000000000000000c fffff000 f fffff000 1 0c
000000000000000c 7cb5000000e00000 0 00 00000000 0 0 0 0 0 0 000000000000000d ffffc000 f ffffc000 0 00
000000000000000d 10000a0a0700f000 0 00 00000000 0 0 0 0 0 0 000000000000000e ffffc000 f ffffc000 1 0a
000000000000000e 7c95fffffad00000 0 00 00000000 0 0 0 0 0 0 0000000000000009 ffffc000 f ffffc000 0 00
0000000000000009 3059e0a0c0000000 0 00 00000000 0 0 0 0 0 0 000000000000000a ffffc000 f ffffc000 0 00
000000000000000a 3029d0a0c0000000 0 00 00000000 0 0 0 0 0 0 000000000000000b ffffc000 f ffffc000 0 00
000000000000000b 10400c010700f000 0 00 00000000 0 0 0 0 0 0 000000000000000c ffffc000 f ffffc000 1 0c
000000000000000c 7cb5000000e00000 0 00 00000000 0 0 0 0 0 0 000000000000000d ffffc000 f ffffc000 0 00
000000000000000d 10000a0a0700f000 0 00 00000000 0 0 0 0 0 0 000000000000000e ffffc000 f ffffc000 1 0a
000000000000000e 7c95fffffad00000 0 00 00000000 0 0 0 0 0 0 0000000000000009 ffffc000 f ffffc000 0 00
0000000000000009 3059e0a0c0000000 0 00 00000000 0 0 0 0 0 0 000000000000000a ffffc000 f ffffc000 0 00
000000000000000a 3029d0a0c0000000 0 00 00000000 0 0 0 0 0 0 000000000000000b ffffc000 f ffffc000 0 00
000000000000000b 10400c010700f000 0 00 00000000 0 0 0 0 0 0 000000000000000c ffffc000 f ffffc000 1 0c
000000000000000c 7cb5000000e00000 0 00 00000000 0 0 0 0 0 0 000000000000000d ffff0000 f ffff0000 0 00
000000000000000d 10000a0a0700f000 0 00 00000000 0 0 0 0 0 0 000000000000000e ffff0000 f ffff0000 1 0a
000000000000000e 7c95fffffad00000 0 00 00000000 0 0 0 0 0 0 0000000000000009 ffff0000 f ffff0000 0 00
0000000000000009 3059e0a0c0000000 0 00 00000000 0 0 0 0 0 0 000000000000000a ffff0000 f ffff0000 0 00
000000000000000a 3029d0a0c0000000 0 00 00000000 0 0 0 0 0 0 000000000000000b ffff0000 f ffff0000 0 00
000000000000000b 10400c010700f000 0 00 00000000 0 0 0 0 0 0 000000000000000c ffff0000 f ffff0000 1 0c
000000000000000c 7cb5000000e00000 0 00 00000000 0 0 0 0 0 0 000000000000000d ffff0000 f ffff0000 0 00
000000000000000d 10000a0a0700f000 0 00 00000000 0 0 0 0 0 0 000000000000000e ffff0000 f ffff0000 1 0a
000000000000000e 7c95fffffad00000 0 00 00000000 0 0 0 0 0 0 0000000000000009 ffff0000 f ffff0000 0 00
0000000000000009 3059e0a0c0000000 0 00 00000000 0 0 0 0 0 0 000000000000000a ffff0000 f ffff0000 0 00
000000000000000a 3029d0a0c0000000 0 00 00000000 0 0 0 0 0 0 000000000000000b ffff0000 f ffff0000 0 00
000000000000000b 10400c010700f000 0 00 00000000 0 0 0 0 0 0 000000000000000c ffff0000 f ffff0000 1 0c
000000000000000c 7cb5000000e00000 0 00 00000000 0 0 0 0 0 0 000000000000000d fffc0000 f fffc0000 0 00
000000000000000d 10000a0a0700f000 0 00 00000000 0 0 0 0 0 0 000000000000000e fffc0000 f fffc0000 1 0a
000000000000000e 7c95fffffad00000 0 00 00000000 0 0 0 0 0 0 0000000000000009 fffc0000 f fffc0000 0 00
0000000000000009 3059e0a0c0000000 0 00 00000000 0 0 0 0 0 0 000000000000000a fffc0000 f fffc0000 0 00
000000000000000a 3029d0a0c0000000 0 00 00000000 0 0 0 0 0 0 000000000000000b fffc0000 f fffc0000 0 00
000000000000000b 10400c010700f000 0 00 00000000 0 0 0 0 0 0 000000000000000c fffc0000 f fffc0000 1 0c
000000000000000c 7cb5000000e00000 0 00 00000000 0 0 0 0 0 0 000000000000000d fffc0000 f fffc0000 0 00
000000000000000d 10000a0a0700f000 0 00 00000000 0 0 0 0 0 0 000000000000000e fffc0000 f fffc0000 1 0a
000000000000000e 7c95fffffad00000 0 00 00000000 0 0 0 0 0 0 0000000000000009 fffc0000 f fffc0000 0 00
0000000000000009 3059e0a0c0000000 0 00 00000000 0 0 0 0 0 0 000000000000000a fffc0000 f fffc0000 0 00
000000000000000a 3029d0a0c0000000 0 00 00000000 0 0 0 0 0 0 000000000000000b fffc0000 f fffc0000 0 00
000000000000000b 10400c010700f000 0 00 00000000 0 0 0 0 0 0 000000000000000c fffc0000 f fffc0000 1 0c
000000000000000c 7cb5000000e00000 0 00 00000000 0 0 0 0 0 0 000000000000000d fff00000 f fff00000 0 00
000000000000000d 10000a0a0700f000 0 00 00000000 0 0 0 0 0 0 000000000000000e fff00000 f fff00000 1 0a
000000000000000e 7c95fffffad00000 0 00 00000000 0 0 0 0 0 0 0000000000000009 fff00000 f fff00000 0 00
0000000000000009 3059e0a0c0000000 0 00 00000000 0 0 0 0 0 0 000000000000000a fff00000 f fff00000 0 00
000000000000000a 3029d0a0c0000000 0 00 00000000 0 0 0 0 0 0 000000000000000b fff00000 f fff00000 0 00
000000000000000b 10400c010700f000 0 00 00000000 0 0 0 0 0 0 000000000000000c fff00000 f fff00000 1 0c
000000000000000c 7cb5000000e00000 0 00 00000000 0 0 0 0 0 0 000000000000000d fff00000 f fff00000 0 00
000000000000000d 10000a0a0700f000 0 00 00000000 0 0 0 0 0 0 000000000000000e fff00000 f fff00000 1 0a
000000000000000e 7c95fffffad00000 0 00 00000000 0 0 0 0 0 0 0000000000000009 fff00000 f fff00000 0 00
0000000000000009 3059e0a0c0000000 0 00 00000000 0 0 0 0 0 0 000000000000000a fff00000 f fff00000 0 00
000000000000000a 3029d0a0c0000000 0 00 00000000 0 0 0 0 0 0 000000000000000b fff00000 f fff00000 0 00
000000000000000b 10400c010700f000 0 00 00000000 0 0 0 0 0 0 000000000000000c fff00000 f fff00000 1 0c
000000000000000c 7cb5000000e00000 0 00 00000000 0 0 0 0 0 0 000000000000000d ffc00000 f ffc00000 0 00
000000000000000d 10000a0a0700f000 0 00 00000000 0 0 0 0 0 0 000000000000000e ffc00000 f ffc00000 1 0a
000000000000000e 7c95fffffad00000 0 00 00000000 0 0 0 0 0 0 0000000000000009 ffc00000 f ffc00000 0 00
0000000000000009 3059e0a0c0000000 0 00 00000000 0 0 0 0 0 0 000000000000000a ffc00000 f ffc00000 0 00
000000000000000a 3029d0a0c0000000 0 00 00000000 0 0 0 0 0 0 000000000000000b ffc00000 f ffc00000 0 00
000000000000000b 10400c010700f000 0 00 00000000 0 0 0 0 0 0 000000000000000c ffc00000 f ffc00000 1 0c
000000000000000c 7cb5000000e00000 0 00 00000000 0 0 0 0 0 0 000000000000000d ffc00000 f ffc00000 0 00
000000000000000d 10000a0a0700f000 0 00 00000000 0 0 0 0 0 0 000000000000000e ffc00000 f ffc00000 1 0a
000000000000000e 7c95fffffad00000 0 00 00000000 0 0 0 0 0 0 0000000000000009 ffc00000 f ffc00000 0 00
0000000000000009 3059e0a0c0000000 0 00 00000000 0 0 0 0 0 0 000000000000000a ffc00000 f ffc00000 0 00
000000000000000a 3029d0a0c0000000 0 00 00000000 0 0 0 0 0 0 000000000000000b ffc00000 f ffc00000 0 00
000000000000000b 10400c010700f000 0 00 00000000 0 0 0 0 0 0 000000000000000c ffc00000 f ffc00000 1 0c
000000000000000c 7cb5000000e00000 0 00 00000000 0 0 0 0 0 0 000000000000000d ff000000 f ff000000 0 00
000000000000000d 10000a0a0700f000 0 00 00000000 0 0 0 0 0 0 000000000000000e ff000000 f ff000000 1 0a
000000000000000e 7c95fffffad00000 0 00 00000000 0 0 0 0 0 0 0000000000000009 ff000000 f ff000000 0 00
0000000000000009 3059e0a0c0000000 0 00 00000000 0 0 0 0 0 0 000000000000000a ff000000 f ff000000 0 00
000000000000000a 3029d0a0c0000000 0 00 00000000 0 0 0 0 0 0 000000000000000b ff000000 f ff000000 0 00
000000000000000b 10400c010700f000 0 00 00000000 0 0 0 0 0 0 000000000000000c ff000000 f ff000000 1 0c
000000000000000c 7cb5000000e00000 0 00 00000000 0 0 0 0 0 0 000000000000000d ff000000 f ff000000 0 00
000000000000000d 10000a0a0700f000 0 00 00000000 0 0 0 0 0 0 000000000000000e ff000000 f ff000000 1 0a
000000000000000e 7c95fffffad00000 0 00 00000000 0 0 0 0 0 0 0000000000000009 ff000000 f ff000000 0 00
0000000000000009 3059e0a0c0000000 0 00 00000000 0 0 0 0 0 0 000000000000000a ff000000 f ff000000 0 00
000000000000000a 3029d0a0c0000000 0 00 00000000 0 0 0 0 0 0 000000000000000b ff000000 f ff000000 0 00
000000000000000b 10400c010700f000 0 00 00000000 0 0 0 0 0 0 000000000000000c ff000000 f ff000000 1 0c
000000000000000c 7cb5000000e00000 0 00 00000000 0 0 0 0 0 0 000000000000000d fc000000 f fc000000 0 00
000000000000000d 10000a0a0700f000 0 00 00000000 0 0 0 0 0 0 000000000000000e fc000000 f fc000000 1 0a
000000000000000e 7c95fffffad00000 0 00 00000000 0 0 0 0 0 0 0000000000000009 fc000000 f fc000000 0 00
0000000000000009 3059e0a0c0000000 0 00 00000000 0 0 0 0 0 0 000000000000000a fc000000 f fc000000 0 00
000000000000000a 3029d0a0c0000000 0 00 00000000 0 0 0 0 0 0 000000000000000b fc000000 f fc000000 0 00
000000000000000b 10400c010700f000 0 00 00000000 0 0 0 0 0 0 000000000000000c fc000000 f fc000000 1 0c
000000000000000c 7cb5000000e00000 0 00 00000000 0 0 0 0 0 0 000000000000000d fc000000 f fc000000 0 00
000000000000000d 10000a0a0700f000 0 00 00000000 0 0 0 0 0 0 000000000000000e fc000000 f fc000000 1 0a
000000000000000e 7c95fffffad00000 0 00 00000000 0 0 0 0 0 0 0000000000000009 fc000000 f fc000000 0 00
0000000000000009 3059e0a0c0000000 0 00 00000000 0 0 0 0 0 0 000000000000000a fc000000 f fc000000 0 00
000000000000000a 3029d0a0c0000000 0 00 00000000 0 0 0 0 0 0 000000000000000b fc000000 f fc000000 0 00
000000000000000b 10400c010700f000 0 00 00000000 0 0 0 0 0 0 000000000000000c fc000000 f fc000000 1 0c
000000000000000c 7cb5000000e00000 0 00 00000000 0 0 0 0 0 0 000000000000000d f0000000 f f0000000 0 00
000000000000000d 10000a0a0700f000 0 00 00000000 0 0 0 0 0 0 000000000000000e f0000000 f f0000000 1 0a
000000000000000e 7c95fffffad00000 0 00 00000000 0 0 0 0 0 0 0000000000000009 f0000000 f f0000000 0 00
0000000000000009 3059e0a0c0000000 0 00 00000000 0 0 0 0 0 0 000000000000000a f0000000 f f0000000 0 00
000000000000000a 3029d0a0c0000000 0 00 00000000 0 0 0 0 0 0 000000000000000b f0000000 f f0000000 0 00
000000000000000b 10400c010700f000 0 00 00000000 0 0 0 0 0 0 000000000000000c f0000000 f f0000000 1 0c
000000000000000c 7cb5000000e00000 0 00 00000000 0 0 0 0 0 0 000000000000000d f0000000 f f0000000 0 00
000000000000000d 10000a0a0700f000 0 00 00000000 0 0 0 0 0 0 000000000000000e f0000000 f f0000000 1 0a
000000000000000e 7c95fffffad00000 0 00 00000000 0 0 0 0 0 0 0000000000000009 f0000000 f f0000000 0 00
0000000000000009 3059e0a0c0000000 0 00 00000000 0 0 0 0 0 0 000000000000000a f0000000 f f0000000 0 00
000000000000000a 3029d0a0c0000000 0 00 00000000 0 0 0 0 0 0 000000000000000b f0000000 f f0000000 0 00
000000000000000b 10400c010700f000 0 00 00000000 0 0 0 0 0 0 000000000000000c f0000000 f f0000000 1 0c
000000000000000c 7cb5000000e00000 0 00 00000000 0 0 0 0 0 0 000000000000000d c0000000 f c0000000 0 00
000000000000000d 10000a0a0700f000 0 00 00000000 0 0 0 0 0 0 000000000000000e c0000000 f c0000000 1 0a
000000000000000e 7c95fffffad00000 0 00 00000000 0 0 0 0 0 0 0000000000000009 c0000000 f c0000000 0 00
0000000000000009 3059e0a0c0000000 0 00 00000000 0 0 0 0 0 0 000000000000000a c0000000 f c0000000 0 00
000000000000000a 3029d0a0c0000000 0 00 00000000 0 0 0 0 0 0 000000000000000b c0000000 f c0000000 0 00
000000000000000b 10400c010700f000 0 00 00000000 0 0 0 0 0 0 000000000000000c c0000000 f c0000000 1 0c
000000000000000c 7cb5000000e00000 0 00 00000000 0 0 0 0 0 0 000000000000000d c0000000 f c0000000 0 00
000000000000000d 10000a0a0700f000 0 00 00000000 0 0 0 0 0 0 000000000000000e c0000000 f c0000000 1 0a
000000000000000e 7c95fffffad00000 0 00 00000000 0 0 0 0 0 0 0000000000000009 c0000000 f c0000000 0 00
0000000000000009 3059e0a0c0000000 0 00 00000000 0 0 0 0 0 0 000000000000000a c0000000 f c0000000 0 00
000000000000000a 3029d0a0c0000000 0 00 00000000 0 0 0 0 0 0 000000000000000b c0000000 f c0000000 0 00
000000000000000b 10400c010700f000 0 00 00000000 0 0 0 0 0 0 000000000000000c c0000000 f c0000000 1 0c
000000000000000e 7cb5000000e00000 0 00 00000000 0 0 0 0 0 0 000000000000000d 00000000 f 00000000 0 00
000000000000000e 7c95fffffad00000 0 00 00000000 0 0 0 0 0 0 000000000000000f ffffffff f ffffffff 0 00
000000000000000f 34110c000008f000 0 00 00000000 0 0 0 0 0 0 0000000000000010 ffffffff f ffffffff 1 0c
0000000000000010 7cf5000000000000 0 00 00000000 0 0 0 0 0 0 0000000000000011 ffffffff f ffffffff 0 00
