0000000000000000 0013140000004d00 1 14 0000004d 0 0 0 0000000000000001 f221e521 f f221e521 0 00 f221e521
0000000000000001 340005060000f000 0 00 00000000 0 0 0 0000000000000002 f221e521 f f221e521 1 05 f221e521
0000000000000002 101105040000f000 0 00 00000000 0 0 0 0000000000000003 f221e521 f f221e521 1 05 f221e521
0000000000000003 101005050300f000 0 00 00000000 0 0 0 0000000000000004 f221e521 f f221e521 1 05 f221e521
0000000000000004 0013160000000000 1 16 00000000 0 0 0 0000000000000005 f221e521 f f221e521 0 00 f221e521
0000000000000005 342005160000f000 0 00 00000000 0 0 0 0000000000000006 f221e521 f f221e521 1 05 f221e521
0000000000000006 108105050010f000 0 00 00000000 0 0 0 0000000000000007 f221e521 f f221e521 1 05 f221e521
0000000000000007 343004000000f000 0 00 00000000 0 0 0 0000000000000008 f221e521 f f221e521 1 04 f221e521
0000000000000008 107105020021f000 0 00 00000000 0 0 0 0000000000000009 f221e521 f f221e521 1 05 f221e521
0000000000000009 0013160000000000 1 16 00000000 0 0 0 000000000000000a f221e521 f f221e521 0 00 f221e521
000000000000000a 342006160000f000 0 00 00000000 0 0 0 000000000000000b f221e521 f f221e521 1 06 f221e521
000000000000000b 108104060001f000 0 00 00000000 0 0 0 000000000000000c f221e521 f f221e521 1 04 f221e521
000000000000000c 10710405000af000 0 00 00000000 0 0 0 000000000000000d f221e521 f f221e521 1 04 f221e521
000000000000000d 34110200f262f000 0 00 00000000 0 0 0 000000000000000e f221e521 f f221e521 1 02 f221e521
000000000000000e 0013150055555500 1 15 00555555 0 0 0 000000000000000f f221e521 f f221e521 0 00 f221e521
000000000000000f 342005150000f000 0 00 00000000 0 0 0 0000000000000010 f221e521 f f221e521 1 05 f221e521
0000000000000010 340004050000d000 0 00 00000000 0 0 0 0000000000000011 f221e521 d e0000501 1 04 e0000501
0000000000000011 107103060010f000 0 00 00000000 0 0 0 0000000000000012 f221e521 f f221e521 1 03 f221e521
0000000000000012 34110400fffff000 0 00 00000000 0 0 0 0000000000000013 f221e521 f f221e521 1 04 f221e521
0000000000000013 104104057ffff000 0 00 00000000 0 0 0 0000000000000014 f221e521 f f221e521 1 04 f221e521
0000000000000014 0013150000000100 1 15 00000001 0 0 0 0000000000000015 f221e521 f f221e521 0 00 f221e521
0000000000000015 3420021500000000 0 00 00000000 0 0 0 0000000000000016 f221e521 0 a2010120 1 02 a2010120
0000000000000016 105002030600f000 0 00 00000000 0 0 0 0000000000000017 f221e521 f f221e521 1 02 f221e521
0000000000000017 102006060400f000 0 00 00000000 0 0 0 0000000000000018 f221e521 f f221e521 1 06 f221e521
0000000000000018 105003050400f000 0 00 00000000 0 0 0 0000000000000019 f221e521 f f221e521 1 03 f221e521
0000000000000019 340006020000f000 0 00 00000000 0 0 0 000000000000001a f221e521 f f221e521 1 06 f221e521
000000000000001a 100004040300f000 0 00 00000000 0 0 0 000000000000001b f221e521 f f221e521 1 04 f221e521
000000000000001b 10610502001ff000 0 00 00000000 0 0 0 000000000000001c f221e521 f f221e521 1 05 f221e521
000000000000001c 100006030400f000 0 00 00000000 0 0 0 000000000000001d f221e521 f f221e521 1 06 f221e521
000000000000001d 107105040021f000 0 00 00000000 0 0 0 000000000000001e f221e521 f f221e521 1 05 f221e521
000000000000001e 107102060020f000 0 00 00000000 0 0 0 000000000000001f f221e521 f f221e521 1 02 f221e521
000000000000001f 0013160000000100 1 16 00000001 0 0 0 0000000000000020 f221e521 f f221e521 0 00 f221e521
0000000000000020 342006160000f000 0 00 00000000 0 0 0 0000000000000021 f221e521 f f221e521 1 06 f221e521
0000000000000021 10810406003ff000 0 00 00000000 0 0 0 0000000000000022 f221e521 f f221e521 1 04 f221e521
0000000000000022 104103040000f000 0 00 00000000 0 0 0 0000000000000023 f221e521 f f221e521 1 03 f221e521
0000000000000023 343005000000f000 0 00 00000000 0 0 0 0000000000000024 f221e521 f f221e521 1 05 f221e521
0000000000000024 1000030504006000 0 00 00000000 0 0 0 0000000000000025 f221e521 6 00000000 1 03 00000000
0000000000000025 0013150055555500 1 15 00555555 0 0 0 0000000000000026 f221e521 f f221e521 0 00 f221e521
0000000000000026 342006150000f000 0 00 00000000 0 0 0 0000000000000027 f221e521 f f221e521 1 06 f221e521
0000000000000027 00131e0000000300 1 1e 00000003 0 0 0 0000000000000028 f221e521 f f221e521 0 00 f221e521
0000000000000028 0023171700000100 1 17 00000001 0 0 0 0000000000000029 f221e521 f f221e521 0 00 f221e521
0000000000000029 00731e1e00000100 1 1e 00000002 0 0 0 000000000000002a f221e521 f f221e521 0 00 f221e521
000000000000002a 0013180000000000 1 18 00000000 0 0 0 000000000000002b f221e521 f f221e521 0 00 f221e521
000000000000002b 0102001e18000000 0 00 00000000 4 0 0 000000000000002c f221e521 f f221e521 0 00 f221e521
000000000000002c 0215fffffb040000 0 00 00000000 4 0 1 0000000000000028 f221e521 f f221e521 0 00 f221e521
0000000000000028 0023171700000100 1 17 00000002 4 0 0 0000000000000029 f221e521 f f221e521 0 00 f221e521
0000000000000029 00731e1e00000100 1 1e 00000001 4 0 0 000000000000002a f221e521 f f221e521 0 00 f221e521
000000000000002a 0013180000000000 1 18 00000000 4 0 0 000000000000002b f221e521 f f221e521 0 00 f221e521
000000000000002b 0102001e18000000 0 00 00000000 4 0 0 000000000000002c f221e521 f f221e521 0 00 f221e521
000000000000002c 0215fffffb040000 0 00 00000000 4 0 1 0000000000000028 f221e521 f f221e521 0 00 f221e521
0000000000000028 0023171700000100 1 17 00000003 4 0 0 0000000000000029 f221e521 f f221e521 0 00 f221e521
0000000000000029 00731e1e00000100 1 1e 00000000 4 0 0 000000000000002a f221e521 f f221e521 0 00 f221e521
000000000000002a 0013180000000000 1 18 00000000 4 0 0 000000000000002b f221e521 f f221e521 0 00 f221e521
000000000000002b 0102001e18000000 0 00 00000000 5 1 0 000000000000002c f221e521 f f221e521 0 00 f221e521
000000000000002c 0215fffffb040000 0 00 00000000 5 1 0 000000000000002d f221e521 f f221e521 0 00 f221e521
000000000000002d 7cf5000000000000 0 00 00000000 5 1 0 000000000000002e f221e521 f f221e521 0 00 f221e521
DONE retired=56 fault=00 pc=000000000000002d
