0000000000000000 00131d0000000000 1 1d 00000000 0 0 0 0000000000000001
0000000000000001 0013070030b74300 1 07 0030b743 0 0 0 0000000000000002
0000000000000002 0306000000000e00 1 0e 00000000 0 0 0 0000000000000003
0000000000000003 0072090704000000 1 09 0030b743 0 0 0 0000000000000004
0000000000000004 00b3111200001900 1 11 00000000 0 0 0 0000000000000005
0000000000000005 00131300eb724d00 1 13 ffeb724d 0 0 0 0000000000000006
0000000000000006 00730a0f00000000 1 0a 00000000 0 0 0 0000000000000007
0000000000000007 0092130b00000000 1 13 ffffffff 0 0 0 0000000000000008
0000000000000008 00630c0500001800 1 0c 00000000 0 0 0 0000000000000009
0000000000000009 0092080f00000000 1 08 ffffffff 0 0 0 000000000000000a
000000000000000a 00131e0000000300 1 1e 00000003 0 0 0 000000000000000b
000000000000000b 0023151500000100 1 15 00000001 0 0 0 000000000000000c
000000000000000c 00731e1e00000100 1 1e 00000002 0 0 0 000000000000000d
000000000000000d 0102001e1d000000 0 00 00000000 4 0 0 000000000000000e
000000000000000e 0215fffffc040000 0 00 00000000 4 0 1 000000000000000b
000000000000000b 0023151500000100 1 15 00000002 4 0 0 000000000000000c
000000000000000c 00731e1e00000100 1 1e 00000001 4 0 0 000000000000000d
000000000000000d 0102001e1d000000 0 00 00000000 4 0 0 000000000000000e
000000000000000e 0215fffffc040000 0 00 00000000 4 0 1 000000000000000b
000000000000000b 0023151500000100 1 15 00000003 4 0 0 000000000000000c
000000000000000c 00731e1e00000100 1 1e 00000000 4 0 0 000000000000000d
000000000000000d 0102001e1d000000 0 00 00000000 5 1 0 000000000000000e
000000000000000e 0215fffffc040000 0 00 00000000 5 1 0 000000000000000f
000000000000000f 7cf5000000000000 0 00 00000000 5 1 0 0000000000000010
DONE retired=24 fault=00 pc=000000000000000f
