0000000000000000 00131d0000000000 1 1d 00000000 0 0 0 0000000000000001
0000000000000001 0022090e08000000 1 09 00000000 0 0 0 0000000000000002
0000000000000002 001314006278b800 1 14 006278b8 0 0 0 0000000000000003
0000000000000003 00320b0208000000 1 0b 00000000 0 0 0 0000000000000004
0000000000000004 00320a0914000000 1 0a 00000000 0 0 0 0000000000000005
0000000000000005 8506000000000000 0 00 00000000 0 0 0 0000000000000006
0000000000000006 00a3040200001a00 1 04 00000000 0 0 0 0000000000000007
0000000000000007 00131e0000000300 1 1e 00000003 0 0 0 0000000000000008
0000000000000008 0023151500000100 1 15 00000001 0 0 0 0000000000000009
0000000000000009 00731e1e00000100 1 1e 00000002 0 0 0 000000000000000a
000000000000000a 0102001e1d000000 0 00 00000000 4 0 0 000000000000000b
000000000000000b 0215fffffc040000 0 00 00000000 4 0 1 0000000000000008
0000000000000008 0023151500000100 1 15 00000002 4 0 0 0000000000000009
0000000000000009 00731e1e00000100 1 1e 00000001 4 0 0 000000000000000a
000000000000000a 0102001e1d000000 0 00 00000000 4 0 0 000000000000000b
000000000000000b 0215fffffc040000 0 00 00000000 4 0 1 0000000000000008
0000000000000008 0023151500000100 1 15 00000003 4 0 0 0000000000000009
0000000000000009 00731e1e00000100 1 1e 00000000 4 0 0 000000000000000a
000000000000000a 0102001e1d000000 0 00 00000000 5 1 0 000000000000000b
000000000000000b 0215fffffc040000 0 00 00000000 5 1 0 000000000000000c
000000000000000c 7cf5000000000000 0 00 00000000 5 1 0 000000000000000d
DONE retired=21 fault=00 pc=000000000000000c
