0000000000000000 00131d0000000000 1 1d 00000000 0 0 0 0000000000000001
0000000000000001 0052010708000000 1 01 00000000 0 0 0 0000000000000002
0000000000000002 012200090c000000 0 00 00000000 5 0 0 0000000000000003
0000000000000003 0215000001030000 0 00 00000000 5 0 1 0000000000000005
0000000000000005 0022030c01000000 1 03 00000000 5 0 0 0000000000000006
0000000000000006 00b30e0400001300 1 0e 00000000 5 0 0 0000000000000007
0000000000000007 0042030f0e000000 1 03 00000000 5 0 0 0000000000000008
0000000000000008 0092130100000000 1 13 ffffffff 5 0 0 0000000000000009
0000000000000009 0122001410000000 0 00 00000000 5 0 0 000000000000000a
000000000000000a 02150000020d0000 0 00 00000000 5 0 0 000000000000000b
000000000000000b 8506000000000000 0 00 00000000 5 0 0 000000000000000c
000000000000000c 8506000000000000 0 00 00000000 5 0 0 000000000000000d
000000000000000d 8506000000000000 0 00 00000000 5 0 0 000000000000000e
000000000000000e 0063110e00001300 1 11 00000000 5 0 0 000000000000000f
000000000000000f 8506000000000000 0 00 00000000 5 0 0 0000000000000010
0000000000000010 00731011aaaaaa00 1 10 00555556 5 0 0 0000000000000011
0000000000000011 0122000114000000 0 00 00000000 5 0 0 0000000000000012
0000000000000012 02150000030d0000 0 00 00000000 5 0 0 0000000000000013
0000000000000013 8506000000000000 0 00 00000000 5 0 0 0000000000000014
0000000000000014 8506000000000000 0 00 00000000 5 0 0 0000000000000015
0000000000000015 8506000000000000 0 00 00000000 5 0 0 0000000000000016
0000000000000016 0013120000000000 1 12 00000000 5 0 0 0000000000000017
0000000000000017 0102000808000000 0 00 00000000 5 1 0 0000000000000018
0000000000000018 0215000003020000 0 00 00000000 5 1 0 0000000000000019
0000000000000019 8506000000000000 0 00 00000000 5 1 0 000000000000001a
000000000000001a 8506000000000000 0 00 00000000 5 1 0 000000000000001b
000000000000001b 8506000000000000 0 00 00000000 5 1 0 000000000000001c
000000000000001c 0306000000000b00 1 0b 00000000 5 1 0 000000000000001d
000000000000001d 8506000000000000 0 00 00000000 5 1 0 000000000000001e
000000000000001e 8506000000000000 0 00 00000000 5 1 0 000000000000001f
000000000000001f 8506000000000000 0 00 00000000 5 1 0 0000000000000020
0000000000000020 0013040000000100 1 04 00000001 5 1 0 0000000000000021
0000000000000021 00131e0000000100 1 1e 00000001 5 1 0 0000000000000022
0000000000000022 0023151500000100 1 15 00000001 5 1 0 0000000000000023
0000000000000023 00731e1e00000100 1 1e 00000000 5 1 0 0000000000000024
0000000000000024 0102001e1d000000 0 00 00000000 5 1 0 0000000000000025
0000000000000025 0215fffffc040000 0 00 00000000 5 1 0 0000000000000026
0000000000000026 7cf5000000000000 0 00 00000000 5 1 0 0000000000000027
DONE retired=38 fault=00 pc=0000000000000026
