0000000000000000 0013140000004d00 1 14 0000004d 0 0 0 0000000000000001 55555555 f 55555555 0 00 55555555
0000000000000001 102006020200f000 0 00 00000000 0 0 0 0000000000000002 55555555 f 55555555 1 06 55555555
0000000000000002 340002060000f000 0 00 00000000 0 0 0 0000000000000003 55555555 f 55555555 1 02 55555555
0000000000000003 107104050000f000 0 00 00000000 0 0 0 0000000000000004 55555555 f 55555555 1 04 55555555
0000000000000004 0013150055555500 1 15 00555555 0 0 0 0000000000000005 55555555 f 55555555 0 00 55555555
0000000000000005 342004150000f000 0 00 00000000 0 0 0 0000000000000006 55555555 f 55555555 1 04 55555555
0000000000000006 3400050200003000 0 00 00000000 0 0 0 0000000000000007 55555555 3 55555555 1 05 55555555
0000000000000007 340003040000f000 0 00 00000000 0 0 0 0000000000000008 55555555 f 55555555 1 03 55555555
0000000000000008 10510306a9b5f000 0 00 00000000 0 0 0 0000000000000009 55555555 f 55555555 1 03 55555555
0000000000000009 3400020300001000 0 00 00000000 0 0 0 000000000000000a 55555555 1 00144400 1 02 00144400
000000000000000a 10610605000ff000 0 00 00000000 0 0 0 000000000000000b 55555555 f 55555555 1 06 55555555
000000000000000b 102004020400f000 0 00 00000000 0 0 0 000000000000000c 55555555 f 55555555 1 04 55555555
000000000000000c 0013160000000000 1 16 00000000 0 0 0 000000000000000d 55555555 f 55555555 0 00 55555555
000000000000000d 342002160000f000 0 00 00000000 0 0 0 000000000000000e 55555555 f 55555555 1 02 55555555
000000000000000e 108103020010f000 0 00 00000000 0 0 0 000000000000000f 55555555 f 55555555 1 03 55555555
000000000000000f 10610203000ff000 0 00 00000000 0 0 0 0000000000000010 55555555 f 55555555 1 02 55555555
0000000000000010 340005040000f000 0 00 00000000 0 0 0 0000000000000011 55555555 f 55555555 1 05 55555555
0000000000000011 34110500fffff000 0 00 00000000 0 0 0 0000000000000012 55555555 f 55555555 1 05 55555555
0000000000000012 10610604000ff000 0 00 00000000 0 0 0 0000000000000013 55555555 f 55555555 1 06 55555555
0000000000000013 10610604001ff000 0 00 00000000 0 0 0 0000000000000014 55555555 f 55555555 1 06 55555555
0000000000000014 340006030000a000 0 00 00000000 0 0 0 0000000000000015 55555555 a 04051105 1 06 04051105
0000000000000015 10610405000bf000 0 00 00000000 0 0 0 0000000000000016 55555555 f 55555555 1 04 55555555
0000000000000016 341105005e924000 0 00 00000000 0 0 0 0000000000000017 55555555 4 55555555 1 05 55555555
0000000000000017 3411020019d7f000 0 00 00000000 0 0 0 0000000000000018 55555555 f 55555555 1 02 55555555
0000000000000018 00131e0000000100 1 1e 00000001 0 0 0 0000000000000019 55555555 f 55555555 0 00 55555555
0000000000000019 0023171700000100 1 17 00000001 0 0 0 000000000000001a 55555555 f 55555555 0 00 55555555
000000000000001a 00731e1e00000100 1 1e 00000000 0 0 0 000000000000001b 55555555 f 55555555 0 00 55555555
000000000000001b 0013180000000000 1 18 00000000 0 0 0 000000000000001c 55555555 f 55555555 0 00 55555555
000000000000001c 0102001e18000000 0 00 00000000 5 1 0 000000000000001d 55555555 f 55555555 0 00 55555555
000000000000001d 0215fffffb040000 0 00 00000000 5 1 0 000000000000001e 55555555 f 55555555 0 00 55555555
000000000000001e 7cf5000000000000 0 00 00000000 5 1 0 000000000000001f 55555555 f 55555555 0 00 55555555
DONE retired=31 fault=00 pc=000000000000001e
