0000000000000000 0013140000004d00 1 14 0000004d 0 0 0 0000000000000001 55555555 f 55555555 0 00 55555555
0000000000000001 105004060400f000 0 00 00000000 0 0 0 0000000000000002 55555555 f 55555555 1 04 55555555
0000000000000002 100005050200f000 0 00 00000000 0 0 0 0000000000000003 55555555 f 55555555 1 05 55555555
0000000000000003 105105047ffff000 0 00 00000000 0 0 0 0000000000000004 55555555 f 55555555 1 05 55555555
0000000000000004 34110200d6f6f000 0 00 00000000 0 0 0 0000000000000005 55555555 f 55555555 1 02 55555555
0000000000000005 100004020600f000 0 00 00000000 0 0 0 0000000000000006 55555555 f 55555555 1 04 55555555
0000000000000006 343004000000f000 0 00 00000000 0 0 0 0000000000000007 55555555 f 55555555 1 04 55555555
0000000000000007 10710206000ff000 0 00 00000000 0 0 0 0000000000000008 55555555 f 55555555 1 02 55555555
0000000000000008 103005060200f000 0 00 00000000 0 0 0 0000000000000009 55555555 f 55555555 1 05 55555555
0000000000000009 343003000000f000 0 00 00000000 0 0 0 000000000000000a 55555555 f 55555555 1 03 55555555
000000000000000a 10610204000ff000 0 00 00000000 0 0 0 000000000000000b 55555555 f 55555555 1 02 55555555
000000000000000b 105006040300c000 0 00 00000000 0 0 0 000000000000000c 55555555 c 44011511 1 06 44011511
000000000000000c 104005060300f000 0 00 00000000 0 0 0 000000000000000d 55555555 f 55555555 1 05 55555555
000000000000000d 100003060600f000 0 00 00000000 0 0 0 000000000000000e 55555555 f 55555555 1 03 55555555
000000000000000e 105003040200f000 0 00 00000000 0 0 0 000000000000000f 55555555 f 55555555 1 03 55555555
000000000000000f 106102030021f000 0 00 00000000 0 0 0 0000000000000010 55555555 f 55555555 1 02 55555555
0000000000000010 102002050300f000 0 00 00000000 0 0 0 0000000000000011 55555555 f 55555555 1 02 55555555
0000000000000011 0013160000000000 1 16 00000000 0 0 0 0000000000000012 55555555 f 55555555 0 00 55555555
0000000000000012 342002160000f000 0 00 00000000 0 0 0 0000000000000013 55555555 f 55555555 1 02 55555555
0000000000000013 108106020021f000 0 00 00000000 0 0 0 0000000000000014 55555555 f 55555555 1 06 55555555
0000000000000014 0013150000000100 1 15 00000001 0 0 0 0000000000000015 55555555 f 55555555 0 00 55555555
0000000000000015 342004150000f000 0 00 00000000 0 0 0 0000000000000016 55555555 f 55555555 1 04 55555555
0000000000000016 340002030000f000 0 00 00000000 0 0 0 0000000000000017 55555555 f 55555555 1 02 55555555
0000000000000017 34110500a3573000 0 00 00000000 0 0 0 0000000000000018 55555555 3 00000004 1 05 00000004
0000000000000018 103005060300f000 0 00 00000000 0 0 0 0000000000000019 55555555 f 55555555 1 05 55555555
0000000000000019 0013160055555500 1 16 00555555 0 0 0 000000000000001a 55555555 f 55555555 0 00 55555555
000000000000001a 342003160000f000 0 00 00000000 0 0 0 000000000000001b 55555555 f 55555555 1 03 55555555
000000000000001b 108105030020f000 0 00 00000000 0 0 0 000000000000001c 55555555 f 55555555 1 05 55555555
000000000000001c 343003000000f000 0 00 00000000 0 0 0 000000000000001d 55555555 f 55555555 1 03 55555555
000000000000001d 00131500ffffff00 1 15 ffffffff 0 0 0 000000000000001e 55555555 f 55555555 0 00 55555555
000000000000001e 3420061500005000 0 00 00000000 0 0 0 000000000000001f 55555555 5 00000001 1 06 00000001
000000000000001f 100004030200f000 0 00 00000000 0 0 0 0000000000000020 55555555 f 55555555 1 04 55555555
0000000000000020 1040030205004000 0 00 00000000 0 0 0 0000000000000021 55555555 4 04050004 1 03 04050004
0000000000000021 00131e0000000300 1 1e 00000003 0 0 0 0000000000000022 55555555 f 55555555 0 00 55555555
0000000000000022 0023171700000100 1 17 00000001 0 0 0 0000000000000023 55555555 f 55555555 0 00 55555555
0000000000000023 00731e1e00000100 1 1e 00000002 0 0 0 0000000000000024 55555555 f 55555555 0 00 55555555
0000000000000024 0013180000000000 1 18 00000000 0 0 0 0000000000000025 55555555 f 55555555 0 00 55555555
0000000000000025 0102001e18000000 0 00 00000000 4 0 0 0000000000000026 55555555 f 55555555 0 00 55555555
0000000000000026 0215fffffb040000 0 00 00000000 4 0 1 0000000000000022 55555555 f 55555555 0 00 55555555
0000000000000022 0023171700000100 1 17 00000002 4 0 0 0000000000000023 55555555 f 55555555 0 00 55555555
0000000000000023 00731e1e00000100 1 1e 00000001 4 0 0 0000000000000024 55555555 f 55555555 0 00 55555555
0000000000000024 0013180000000000 1 18 00000000 4 0 0 0000000000000025 55555555 f 55555555 0 00 55555555
0000000000000025 0102001e18000000 0 00 00000000 4 0 0 0000000000000026 55555555 f 55555555 0 00 55555555
0000000000000026 0215fffffb040000 0 00 00000000 4 0 1 0000000000000022 55555555 f 55555555 0 00 55555555
0000000000000022 0023171700000100 1 17 00000003 4 0 0 0000000000000023 55555555 f 55555555 0 00 55555555
0000000000000023 00731e1e00000100 1 1e 00000000 4 0 0 0000000000000024 55555555 f 55555555 0 00 55555555
0000000000000024 0013180000000000 1 18 00000000 4 0 0 0000000000000025 55555555 f 55555555 0 00 55555555
0000000000000025 0102001e18000000 0 00 00000000 5 1 0 0000000000000026 55555555 f 55555555 0 00 55555555
0000000000000026 0215fffffb040000 0 00 00000000 5 1 0 0000000000000027 55555555 f 55555555 0 00 55555555
0000000000000027 7cf5000000000000 0 00 00000000 5 1 0 0000000000000028 55555555 f 55555555 0 00 55555555
DONE retired=50 fault=00 pc=0000000000000027
