0000000000000000 00131d0000000000 1 1d 00000000 0 0 0 0000000000000001
0000000000000001 0062010905000000 1 01 00000000 0 0 0 0000000000000002
0000000000000002 0082071102000000 1 07 00000000 0 0 0 0000000000000003
0000000000000003 005201110c000000 1 01 00000000 0 0 0 0000000000000004
0000000000000004 0306000000000c00 1 0c 00000000 0 0 0 0000000000000005
0000000000000005 0023010d40314f00 1 01 0040314f 0 0 0 0000000000000006
0000000000000006 8506000000000000 0 00 00000000 0 0 0 0000000000000007
0000000000000007 8506000000000000 0 00 00000000 0 0 0 0000000000000008
0000000000000008 0013080000000000 1 08 00000000 0 0 0 0000000000000009
0000000000000009 0022070d01000000 1 07 0040314f 0 0 0 000000000000000a
000000000000000a 001304007090a100 1 04 007090a1 0 0 0 000000000000000b
000000000000000b 0306000000001400 1 14 00000000 0 0 0 000000000000000c
000000000000000c 8506000000000000 0 00 00000000 0 0 0 000000000000000d
000000000000000d 0082130f10000000 1 13 00000000 0 0 0 000000000000000e
000000000000000e 0042041414000000 1 04 00000000 0 0 0 000000000000000f
000000000000000f 0102000207000000 0 00 00000000 2 0 0 0000000000000010
0000000000000010 02150000020e0000 0 00 00000000 2 0 0 0000000000000011
0000000000000011 8506000000000000 0 00 00000000 2 0 0 0000000000000012
0000000000000012 8506000000000000 0 00 00000000 2 0 0 0000000000000013
0000000000000013 010200110a000000 0 00 00000000 5 1 0 0000000000000014
0000000000000014 02150000010b0000 0 00 00000000 5 1 0 0000000000000015
0000000000000015 8506000000000000 0 00 00000000 5 1 0 0000000000000016
0000000000000016 8506000000000000 0 00 00000000 5 1 0 0000000000000017
0000000000000017 0032140307000000 1 14 00000000 5 1 0 0000000000000018
0000000000000018 00a30f0e00001800 1 0f 00000000 5 1 0 0000000000000019
0000000000000019 00b20b1410000000 1 0b 00000000 5 1 0 000000000000001a
000000000000001a 8506000000000000 0 00 00000000 5 1 0 000000000000001b
000000000000001b 00320a1311000000 1 0a 00000000 5 1 0 000000000000001c
000000000000001c 8506000000000000 0 00 00000000 5 1 0 000000000000001d
000000000000001d 00b30b0800000900 1 0b 00000000 5 1 0 000000000000001e
000000000000001e 8506000000000000 0 00 00000000 5 1 0 000000000000001f
000000000000001f 0092020a00000000 1 02 ffffffff 5 1 0 0000000000000020
0000000000000020 00131e0000000100 1 1e 00000001 5 1 0 0000000000000021
0000000000000021 0023151500000100 1 15 00000001 5 1 0 0000000000000022
0000000000000022 00731e1e00000100 1 1e 00000000 5 1 0 0000000000000023
0000000000000023 0102001e1d000000 0 00 00000000 5 1 0 0000000000000024
0000000000000024 0215fffffc040000 0 00 00000000 5 1 0 0000000000000025
0000000000000025 7cf5000000000000 0 00 00000000 5 1 0 0000000000000026
DONE retired=38 fault=00 pc=0000000000000025
