0000000000000000 0013140000004d00 1 14 0000004d 0 0 0 0000000000000001 40ebcde2 f 40ebcde2 0 00 40ebcde2
0000000000000001 103103030000f000 0 00 00000000 0 0 0 0000000000000002 40ebcde2 f 40ebcde2 1 03 40ebcde2
0000000000000002 0013160000000100 1 16 00000001 0 0 0 0000000000000003 40ebcde2 f 40ebcde2 0 00 40ebcde2
0000000000000003 342005160000f000 0 00 00000000 0 0 0 0000000000000004 40ebcde2 f 40ebcde2 1 05 40ebcde2
0000000000000004 108104050000f000 0 00 00000000 0 0 0 0000000000000005 40ebcde2 f 40ebcde2 1 04 40ebcde2
0000000000000005 102003050200f000 0 00 00000000 0 0 0 0000000000000006 40ebcde2 f 40ebcde2 1 03 40ebcde2
0000000000000006 101003030500f000 0 00 00000000 0 0 0 0000000000000007 40ebcde2 f 40ebcde2 1 03 40ebcde2
0000000000000007 10610304000ef000 0 00 00000000 0 0 0 0000000000000008 40ebcde2 f 40ebcde2 1 03 40ebcde2
0000000000000008 105002020200f000 0 00 00000000 0 0 0 0000000000000009 40ebcde2 f 40ebcde2 1 02 40ebcde2
0000000000000009 100005060400f000 0 00 00000000 0 0 0 000000000000000a 40ebcde2 f 40ebcde2 1 05 40ebcde2
000000000000000a 1050020305007000 0 00 00000000 0 0 0 000000000000000b 40ebcde2 7 00000000 1 02 00000000
000000000000000b 0013150055555500 1 15 00555555 0 0 0 000000000000000c 40ebcde2 f 40ebcde2 0 00 40ebcde2
000000000000000c 342005150000a000 0 00 00000000 0 0 0 000000000000000d 40ebcde2 a 00000000 1 05 00000000
000000000000000d 341103000000f000 0 00 00000000 0 0 0 000000000000000e 40ebcde2 f 40ebcde2 1 03 40ebcde2
000000000000000e 343002000000f000 0 00 00000000 0 0 0 000000000000000f 40ebcde2 f 40ebcde2 1 02 40ebcde2
000000000000000f 102006030200f000 0 00 00000000 0 0 0 0000000000000010 40ebcde2 f 40ebcde2 1 06 40ebcde2
0000000000000010 00131e0000000200 1 1e 00000002 0 0 0 0000000000000011 40ebcde2 f 40ebcde2 0 00 40ebcde2
0000000000000011 0023171700000100 1 17 00000001 0 0 0 0000000000000012 40ebcde2 f 40ebcde2 0 00 40ebcde2
0000000000000012 00731e1e00000100 1 1e 00000001 0 0 0 0000000000000013 40ebcde2 f 40ebcde2 0 00 40ebcde2
0000000000000013 0013180000000000 1 18 00000000 0 0 0 0000000000000014 40ebcde2 f 40ebcde2 0 00 40ebcde2
0000000000000014 0102001e18000000 0 00 00000000 4 0 0 0000000000000015 40ebcde2 f 40ebcde2 0 00 40ebcde2
0000000000000015 0215fffffb040000 0 00 00000000 4 0 1 0000000000000011 40ebcde2 f 40ebcde2 0 00 40ebcde2
0000000000000011 0023171700000100 1 17 00000002 4 0 0 0000000000000012 40ebcde2 f 40ebcde2 0 00 40ebcde2
0000000000000012 00731e1e00000100 1 1e 00000000 4 0 0 0000000000000013 40ebcde2 f 40ebcde2 0 00 40ebcde2
0000000000000013 0013180000000000 1 18 00000000 4 0 0 0000000000000014 40ebcde2 f 40ebcde2 0 00 40ebcde2
0000000000000014 0102001e18000000 0 00 00000000 5 1 0 0000000000000015 40ebcde2 f 40ebcde2 0 00 40ebcde2
0000000000000015 0215fffffb040000 0 00 00000000 5 1 0 0000000000000016 40ebcde2 f 40ebcde2 0 00 40ebcde2
0000000000000016 7cf5000000000000 0 00 00000000 5 1 0 0000000000000017 40ebcde2 f 40ebcde2 0 00 40ebcde2
DONE retired=28 fault=00 pc=0000000000000016
