0000000000000000 00131d0000000000 1 1d 00000000 0 0 0 0000000000000001
0000000000000001 00b3020c00001400 1 02 00000000 0 0 0 0000000000000002
0000000000000002 8506000000000000 0 00 00000000 0 0 0 0000000000000003
0000000000000003 0022100d10000000 1 10 00000000 0 0 0 0000000000000004
0000000000000004 0306000000001200 1 12 00000000 0 0 0 0000000000000005
0000000000000005 0013070000000000 1 07 00000000 0 0 0 0000000000000006
0000000000000006 012200040f000000 0 00 00000000 5 0 0 0000000000000007
0000000000000007 02150000020e0000 0 00 00000000 5 0 1 000000000000000a
000000000000000a 8506000000000000 0 00 00000000 5 0 0 000000000000000b
000000000000000b 00130d0076dbe300 1 0d 0076dbe3 5 0 0 000000000000000c
000000000000000c 0102000a0d000000 0 00 00000000 2 0 0 000000000000000d
000000000000000d 0215000003030000 0 00 00000000 2 0 0 000000000000000e
000000000000000e 8506000000000000 0 00 00000000 2 0 0 000000000000000f
000000000000000f 8506000000000000 0 00 00000000 2 0 0 0000000000000010
0000000000000010 8506000000000000 0 00 00000000 2 0 0 0000000000000011
0000000000000011 0073010d00000000 1 01 0076dbe3 2 0 0 0000000000000012
0000000000000012 0013100000000000 1 10 00000000 2 0 0 0000000000000013
0000000000000013 0112001107000000 0 00 00000000 5 0 0 0000000000000014
0000000000000014 02150000030e0000 0 00 00000000 5 0 1 0000000000000018
0000000000000018 00a3100400001400 1 10 00000000 5 0 0 0000000000000019
0000000000000019 0042090810000000 1 09 00000000 5 0 0 000000000000001a
000000000000001a 00a2090213000000 1 09 00000000 5 0 0 000000000000001b
000000000000001b 00130a001880bc00 1 0a 001880bc 5 0 0 000000000000001c
000000000000001c 0092031300000000 1 03 ffffffff 5 0 0 000000000000001d
000000000000001d 0013140083dee300 1 14 ff83dee3 5 0 0 000000000000001e
000000000000001e 0102000e0b000000 0 00 00000000 5 1 0 000000000000001f
000000000000001f 02150000020d0000 0 00 00000000 5 1 0 0000000000000020
0000000000000020 8506000000000000 0 00 00000000 5 1 0 0000000000000021
0000000000000021 8506000000000000 0 00 00000000 5 1 0 0000000000000022
0000000000000022 0122000413000000 0 00 00000000 5 0 0 0000000000000023
0000000000000023 02150000010d0000 0 00 00000000 5 0 0 0000000000000024
0000000000000024 8506000000000000 0 00 00000000 5 0 0 0000000000000025
0000000000000025 0022040c05000000 1 04 00000000 5 0 0 0000000000000026
0000000000000026 00131e0000000400 1 1e 00000004 5 0 0 0000000000000027
0000000000000027 0023151500000100 1 15 00000001 5 0 0 0000000000000028
0000000000000028 00731e1e00000100 1 1e 00000003 5 0 0 0000000000000029
0000000000000029 0102001e1d000000 0 00 00000000 4 0 0 000000000000002a
000000000000002a 0215fffffc040000 0 00 00000000 4 0 1 0000000000000027
0000000000000027 0023151500000100 1 15 00000002 4 0 0 0000000000000028
0000000000000028 00731e1e00000100 1 1e 00000002 4 0 0 0000000000000029
0000000000000029 0102001e1d000000 0 00 00000000 4 0 0 000000000000002a
000000000000002a 0215fffffc040000 0 00 00000000 4 0 1 0000000000000027
0000000000000027 0023151500000100 1 15 00000003 4 0 0 0000000000000028
0000000000000028 00731e1e00000100 1 1e 00000001 4 0 0 0000000000000029
0000000000000029 0102001e1d000000 0 00 00000000 4 0 0 000000000000002a
000000000000002a 0215fffffc040000 0 00 00000000 4 0 1 0000000000000027
0000000000000027 0023151500000100 1 15 00000004 4 0 0 0000000000000028
0000000000000028 00731e1e00000100 1 1e 00000000 4 0 0 0000000000000029
0000000000000029 0102001e1d000000 0 00 00000000 5 1 0 000000000000002a
000000000000002a 0215fffffc040000 0 00 00000000 5 1 0 000000000000002b
000000000000002b 7cf5000000000000 0 00 00000000 5 1 0 000000000000002c
DONE retired=51 fault=00 pc=000000000000002b
