0000000000000000 00131d0000000000 1 1d 00000000 0 0 0 0000000000000001
0000000000000001 00730c12dcbdf900 1 0c 00234207 0 0 0 0000000000000002
0000000000000002 0032140f0e000000 1 14 00000000 0 0 0 0000000000000003
0000000000000003 8506000000000000 0 00 00000000 0 0 0 0000000000000004
0000000000000004 0306000000000900 1 09 00000000 0 0 0 0000000000000005
0000000000000005 00231007ffffff00 1 10 ffffffff 0 0 0 0000000000000006
0000000000000006 0112000b03000000 0 00 00000000 5 0 0 0000000000000007
0000000000000007 02150000030e0000 0 00 00000000 5 0 1 000000000000000b
000000000000000b 0023071274c66900 1 07 0074c669 5 0 0 000000000000000c
000000000000000c 0023070faaaaaa00 1 07 ffaaaaaa 5 0 0 000000000000000d
000000000000000d 8506000000000000 0 00 00000000 5 0 0 000000000000000e
000000000000000e 001302001360f400 1 02 001360f4 5 0 0 000000000000000f
000000000000000f 0122000a06000000 0 00 00000000 5 0 0 0000000000000010
0000000000000010 0215000001010000 0 00 00000000 5 0 0 0000000000000011
0000000000000011 8506000000000000 0 00 00000000 5 0 0 0000000000000012
0000000000000012 012200140f000000 0 00 00000000 5 0 0 0000000000000013
0000000000000013 02150000020e0000 0 00 00000000 5 0 1 0000000000000016
0000000000000016 0072130c0e000000 1 13 00234207 5 0 0 0000000000000017
0000000000000017 00720f0113000000 1 0f ffdcbdf9 5 0 0 0000000000000018
0000000000000018 00320a0408000000 1 0a 00000000 5 0 0 0000000000000019
0000000000000019 8506000000000000 0 00 00000000 5 0 0 000000000000001a
000000000000001a 00a2051113000000 1 05 00000000 5 0 0 000000000000001b
000000000000001b 001314009ff88300 1 14 ff9ff883 5 0 0 000000000000001c
000000000000001c 0306000000000900 1 09 00000000 5 0 0 000000000000001d
000000000000001d 8506000000000000 0 00 00000000 5 0 0 000000000000001e
000000000000001e 0306000000000700 1 07 00000000 5 0 0 000000000000001f
000000000000001f 8506000000000000 0 00 00000000 5 0 0 0000000000000020
0000000000000020 0032140605000000 1 14 00000000 5 0 0 0000000000000021
0000000000000021 00131e0000000200 1 1e 00000002 5 0 0 0000000000000022
0000000000000022 0023151500000100 1 15 00000001 5 0 0 0000000000000023
0000000000000023 00731e1e00000100 1 1e 00000001 5 0 0 0000000000000024
0000000000000024 0102001e1d000000 0 00 00000000 4 0 0 0000000000000025
0000000000000025 0215fffffc040000 0 00 00000000 4 0 1 0000000000000022
0000000000000022 0023151500000100 1 15 00000002 4 0 0 0000000000000023
0000000000000023 00731e1e00000100 1 1e 00000000 4 0 0 0000000000000024
0000000000000024 0102001e1d000000 0 00 00000000 5 1 0 0000000000000025
0000000000000025 0215fffffc040000 0 00 00000000 5 1 0 0000000000000026
0000000000000026 7cf5000000000000 0 00 00000000 5 1 0 0000000000000027
DONE retired=38 fault=00 pc=0000000000000026
