0000000000000000 00131d0000000000 1 1d 00000000 0 0 0 0000000000000001
0000000000000001 0022051414000000 1 05 00000000 0 0 0 0000000000000002
0000000000000002 00230c0444515700 1 0c 00445157 0 0 0 0000000000000003
0000000000000003 0062120a13000000 1 12 00000000 0 0 0 0000000000000004
0000000000000004 8506000000000000 0 00 00000000 0 0 0 0000000000000005
0000000000000005 0122000a14000000 0 00 00000000 5 0 0 0000000000000006
0000000000000006 02150000020b0000 0 00 00000000 5 0 0 0000000000000007
0000000000000007 8506000000000000 0 00 00000000 5 0 0 0000000000000008
0000000000000008 8506000000000000 0 00 00000000 5 0 0 0000000000000009
0000000000000009 8506000000000000 0 00 00000000 5 0 0 000000000000000a
000000000000000a 8506000000000000 0 00 00000000 5 0 0 000000000000000b
000000000000000b 8506000000000000 0 00 00000000 5 0 0 000000000000000c
000000000000000c 0062040808000000 1 04 00000000 5 0 0 000000000000000d
000000000000000d 0122000905000000 0 00 00000000 5 0 0 000000000000000e
000000000000000e 0215000003020000 0 00 00000000 5 0 1 0000000000000012
0000000000000012 8506000000000000 0 00 00000000 5 0 0 0000000000000013
0000000000000013 00a3110300000b00 1 11 00000000 5 0 0 0000000000000014
0000000000000014 00920a0600000000 1 0a ffffffff 5 0 0 0000000000000015
0000000000000015 00b3010500001000 1 01 00000000 5 0 0 0000000000000016
0000000000000016 8506000000000000 0 00 00000000 5 0 0 0000000000000017
0000000000000017 00130400aaaaaa00 1 04 ffaaaaaa 5 0 0 0000000000000018
0000000000000018 00230f0500000000 1 0f 00000000 5 0 0 0000000000000019
0000000000000019 00220a0b08000000 1 0a 00000000 5 0 0 000000000000001a
000000000000001a 8506000000000000 0 00 00000000 5 0 0 000000000000001b
000000000000001b 0042031204000000 1 03 00000000 5 0 0 000000000000001c
000000000000001c 8506000000000000 0 00 00000000 5 0 0 000000000000001d
000000000000001d 8506000000000000 0 00 00000000 5 0 0 000000000000001e
000000000000001e 8506000000000000 0 00 00000000 5 0 0 000000000000001f
000000000000001f 8506000000000000 0 00 00000000 5 0 0 0000000000000020
0000000000000020 0032050d06000000 1 05 00000000 5 0 0 0000000000000021
0000000000000021 0013080055555500 1 08 00555555 5 0 0 0000000000000022
0000000000000022 00a2080a09000000 1 08 00000000 5 0 0 0000000000000023
0000000000000023 8506000000000000 0 00 00000000 5 0 0 0000000000000024
0000000000000024 00720f1313000000 1 0f 00000000 5 0 0 0000000000000025
0000000000000025 00131e0000000200 1 1e 00000002 5 0 0 0000000000000026
0000000000000026 0023151500000100 1 15 00000001 5 0 0 0000000000000027
0000000000000027 00731e1e00000100 1 1e 00000001 5 0 0 0000000000000028
0000000000000028 0102001e1d000000 0 00 00000000 4 0 0 0000000000000029
0000000000000029 0215fffffc040000 0 00 00000000 4 0 1 0000000000000026
0000000000000026 0023151500000100 1 15 00000002 4 0 0 0000000000000027
0000000000000027 00731e1e00000100 1 1e 00000000 4 0 0 0000000000000028
0000000000000028 0102001e1d000000 0 00 00000000 5 1 0 0000000000000029
0000000000000029 0215fffffc040000 0 00 00000000 5 1 0 000000000000002a
000000000000002a 7cf5000000000000 0 00 00000000 5 1 0 000000000000002b
DONE retired=44 fault=00 pc=000000000000002a
