0000000000000000 0013140000004d00 1 14 0000004d 0 0 0 0000000000000001 00010008 f 00010008 0 00 00010008
0000000000000001 107104040021f000 0 00 00000000 0 0 0 0000000000000002 00010008 f 00010008 1 04 00010008
0000000000000002 343006000000f000 0 00 00000000 0 0 0 0000000000000003 00010008 f 00010008 1 06 00010008
0000000000000003 105105020001f000 0 00 00000000 0 0 0 0000000000000004 00010008 f 00010008 1 05 00010008
0000000000000004 0013150000000000 1 15 00000000 0 0 0 0000000000000005 00010008 f 00010008 0 00 00010008
0000000000000005 342003150000f000 0 00 00000000 0 0 0 0000000000000006 00010008 f 00010008 1 03 00010008
0000000000000006 3400030500003000 0 00 00000000 0 0 0 0000000000000007 00010008 3 00010008 1 03 00010008
0000000000000007 340002060000f000 0 00 00000000 0 0 0 0000000000000008 00010008 f 00010008 1 02 00010008
0000000000000008 343006000000f000 0 00 00000000 0 0 0 0000000000000009 00010008 f 00010008 1 06 00010008
0000000000000009 34110500ffff0000 0 00 00000000 0 0 0 000000000000000a 00010008 0 00000008 1 05 00000008
000000000000000a 103002040200f000 0 00 00000000 0 0 0 000000000000000b 00010008 f 00010008 1 02 00010008
000000000000000b 107105020020f000 0 00 00000000 0 0 0 000000000000000c 00010008 f 00010008 1 05 00010008
000000000000000c 340002030000f000 0 00 00000000 0 0 0 000000000000000d 00010008 f 00010008 1 02 00010008
000000000000000d 107105060000f000 0 00 00000000 0 0 0 000000000000000e 00010008 f 00010008 1 05 00010008
000000000000000e 00131e0000000200 1 1e 00000002 0 0 0 000000000000000f 00010008 f 00010008 0 00 00010008
000000000000000f 0023171700000100 1 17 00000001 0 0 0 0000000000000010 00010008 f 00010008 0 00 00010008
0000000000000010 00731e1e00000100 1 1e 00000001 0 0 0 0000000000000011 00010008 f 00010008 0 00 00010008
0000000000000011 0013180000000000 1 18 00000000 0 0 0 0000000000000012 00010008 f 00010008 0 00 00010008
0000000000000012 0102001e18000000 0 00 00000000 4 0 0 0000000000000013 00010008 f 00010008 0 00 00010008
0000000000000013 0215fffffb040000 0 00 00000000 4 0 1 000000000000000f 00010008 f 00010008 0 00 00010008
000000000000000f 0023171700000100 1 17 00000002 4 0 0 0000000000000010 00010008 f 00010008 0 00 00010008
0000000000000010 00731e1e00000100 1 1e 00000000 4 0 0 0000000000000011 00010008 f 00010008 0 00 00010008
0000000000000011 0013180000000000 1 18 00000000 4 0 0 0000000000000012 00010008 f 00010008 0 00 00010008
0000000000000012 0102001e18000000 0 00 00000000 5 1 0 0000000000000013 00010008 f 00010008 0 00 00010008
0000000000000013 0215fffffb040000 0 00 00000000 5 1 0 0000000000000014 00010008 f 00010008 0 00 00010008
0000000000000014 7cf5000000000000 0 00 00000000 5 1 0 0000000000000015 00010008 f 00010008 0 00 00010008
DONE retired=26 fault=00 pc=0000000000000014
