0000000000000000 00131d0000000000 1 1d 00000000 0 0 0 0000000000000001
0000000000000001 011200140d000000 0 00 00000000 5 0 0 0000000000000002
0000000000000002 0215000002030000 0 00 00000000 5 0 1 0000000000000005
0000000000000005 8506000000000000 0 00 00000000 5 0 0 0000000000000006
0000000000000006 00130f00d5d23900 1 0f ffd5d239 5 0 0 0000000000000007
0000000000000007 00131200a8f0e100 1 12 ffa8f0e1 5 0 0 0000000000000008
0000000000000008 00720c0114000000 1 0c 00000000 5 0 0 0000000000000009
0000000000000009 0023080e56e10f00 1 08 0056e10f 5 0 0 000000000000000a
000000000000000a 00230e0de41c1c00 1 0e ffe41c1c 5 0 0 000000000000000b
000000000000000b 8506000000000000 0 00 00000000 5 0 0 000000000000000c
000000000000000c 00420e0a0d000000 1 0e 00000000 5 0 0 000000000000000d
000000000000000d 0062080a0a000000 1 08 00000000 5 0 0 000000000000000e
000000000000000e 0073140797288000 1 14 0068d780 5 0 0 000000000000000f
000000000000000f 8506000000000000 0 00 00000000 5 0 0 0000000000000010
0000000000000010 0092100d00000000 1 10 ffffffff 5 0 0 0000000000000011
0000000000000011 00130500a189a400 1 05 ffa189a4 5 0 0 0000000000000012
0000000000000012 0063080500001400 1 08 9a400000 5 0 0 0000000000000013
0000000000000013 8506000000000000 0 00 00000000 5 0 0 0000000000000014
0000000000000014 0112000214000000 0 00 00000000 2 1 0 0000000000000015
0000000000000015 02150000030c0000 0 00 00000000 2 1 0 0000000000000016
0000000000000016 8506000000000000 0 00 00000000 2 1 0 0000000000000017
0000000000000017 8506000000000000 0 00 00000000 2 1 0 0000000000000018
0000000000000018 8506000000000000 0 00 00000000 2 1 0 0000000000000019
0000000000000019 00130b0070509b00 1 0b 0070509b 2 1 0 000000000000001a
000000000000001a 00230a0d55555500 1 0a 00555555 2 1 0 000000000000001b
000000000000001b 8506000000000000 0 00 00000000 2 1 0 000000000000001c
000000000000001c 0102001313000000 0 00 00000000 5 1 0 000000000000001d
000000000000001d 02150000010d0000 0 00 00000000 5 1 0 000000000000001e
000000000000001e 8506000000000000 0 00 00000000 5 1 0 000000000000001f
000000000000001f 001313004538ca00 1 13 004538ca 5 1 0 0000000000000020
0000000000000020 011200010c000000 0 00 00000000 5 0 0 0000000000000021
0000000000000021 0215000001030000 0 00 00000000 5 0 1 0000000000000023
0000000000000023 8506000000000000 0 00 00000000 5 0 0 0000000000000024
0000000000000024 002306116f537400 1 06 006f5374 5 0 0 0000000000000025
0000000000000025 00130300ffffff00 1 03 ffffffff 5 0 0 0000000000000026
0000000000000026 00a3140a00001e00 1 14 00000000 5 0 0 0000000000000027
0000000000000027 00a20a040e000000 1 0a 00000000 5 0 0 0000000000000028
0000000000000028 8506000000000000 0 00 00000000 5 0 0 0000000000000029
0000000000000029 8506000000000000 0 00 00000000 5 0 0 000000000000002a
000000000000002a 8506000000000000 0 00 00000000 5 0 0 000000000000002b
000000000000002b 8506000000000000 0 00 00000000 5 0 0 000000000000002c
000000000000002c 00131e0000000300 1 1e 00000003 5 0 0 000000000000002d
000000000000002d 0023151500000100 1 15 00000001 5 0 0 000000000000002e
000000000000002e 00731e1e00000100 1 1e 00000002 5 0 0 000000000000002f
000000000000002f 0102001e1d000000 0 00 00000000 4 0 0 0000000000000030
0000000000000030 0215fffffc040000 0 00 00000000 4 0 1 000000000000002d
000000000000002d 0023151500000100 1 15 00000002 4 0 0 000000000000002e
000000000000002e 00731e1e00000100 1 1e 00000001 4 0 0 000000000000002f
000000000000002f 0102001e1d000000 0 00 00000000 4 0 0 0000000000000030
0000000000000030 0215fffffc040000 0 00 00000000 4 0 1 000000000000002d
000000000000002d 0023151500000100 1 15 00000003 4 0 0 000000000000002e
000000000000002e 00731e1e00000100 1 1e 00000000 4 0 0 000000000000002f
000000000000002f 0102001e1d000000 0 00 00000000 5 1 0 0000000000000030
0000000000000030 0215fffffc040000 0 00 00000000 5 1 0 0000000000000031
0000000000000031 7cf5000000000000 0 00 00000000 5 1 0 0000000000000032
DONE retired=55 fault=00 pc=0000000000000031
