0000000000000000 0013140000004d00 1 14 0000004d 0 0 0 0000000000000001 aaaaaaaa f aaaaaaaa 0 00 aaaaaaaa
0000000000000001 00131600ffffff00 1 16 ffffffff 0 0 0 0000000000000002 aaaaaaaa f aaaaaaaa 0 00 aaaaaaaa
0000000000000002 342004160000f000 0 00 00000000 0 0 0 0000000000000003 aaaaaaaa f aaaaaaaa 1 04 aaaaaaaa
0000000000000003 10810604001af000 0 00 00000000 0 0 0 0000000000000004 aaaaaaaa f aaaaaaaa 1 06 aaaaaaaa
0000000000000004 102005040500f000 0 00 00000000 0 0 0 0000000000000005 aaaaaaaa f aaaaaaaa 1 05 aaaaaaaa
0000000000000005 340004040000f000 0 00 00000000 0 0 0 0000000000000006 aaaaaaaa f aaaaaaaa 1 04 aaaaaaaa
0000000000000006 104005030500f000 0 00 00000000 0 0 0 0000000000000007 aaaaaaaa f aaaaaaaa 1 05 aaaaaaaa
0000000000000007 343005000000f000 0 00 00000000 0 0 0 0000000000000008 aaaaaaaa f aaaaaaaa 1 05 aaaaaaaa
0000000000000008 103004060400f000 0 00 00000000 0 0 0 0000000000000009 aaaaaaaa f aaaaaaaa 1 04 aaaaaaaa
0000000000000009 1020030202009000 0 00 00000000 0 0 0 000000000000000a aaaaaaaa 9 aaaaaaaa 1 03 aaaaaaaa
000000000000000a 00131e0000000200 1 1e 00000002 0 0 0 000000000000000b aaaaaaaa f aaaaaaaa 0 00 aaaaaaaa
000000000000000b 0023171700000100 1 17 00000001 0 0 0 000000000000000c aaaaaaaa f aaaaaaaa 0 00 aaaaaaaa
000000000000000c 00731e1e00000100 1 1e 00000001 0 0 0 000000000000000d aaaaaaaa f aaaaaaaa 0 00 aaaaaaaa
000000000000000d 0013180000000000 1 18 00000000 0 0 0 000000000000000e aaaaaaaa f aaaaaaaa 0 00 aaaaaaaa
000000000000000e 0102001e18000000 0 00 00000000 4 0 0 000000000000000f aaaaaaaa f aaaaaaaa 0 00 aaaaaaaa
000000000000000f 0215fffffb040000 0 00 00000000 4 0 1 000000000000000b aaaaaaaa f aaaaaaaa 0 00 aaaaaaaa
000000000000000b 0023171700000100 1 17 00000002 4 0 0 000000000000000c aaaaaaaa f aaaaaaaa 0 00 aaaaaaaa
000000000000000c 00731e1e00000100 1 1e 00000000 4 0 0 000000000000000d aaaaaaaa f aaaaaaaa 0 00 aaaaaaaa
000000000000000d 0013180000000000 1 18 00000000 4 0 0 000000000000000e aaaaaaaa f aaaaaaaa 0 00 aaaaaaaa
000000000000000e 0102001e18000000 0 00 00000000 5 1 0 000000000000000f aaaaaaaa f aaaaaaaa 0 00 aaaaaaaa
000000000000000f 0215fffffb040000 0 00 00000000 5 1 0 0000000000000010 aaaaaaaa f aaaaaaaa 0 00 aaaaaaaa
0000000000000010 7cf5000000000000 0 00 00000000 5 1 0 0000000000000011 aaaaaaaa f aaaaaaaa 0 00 aaaaaaaa
DONE retired=22 fault=00 pc=0000000000000010
