0000000000000000 0013140000004d00 1 14 0000004d 0 0 0 0000000000000001 ffff8000 f ffff8000 0 00 ffff8000
0000000000000001 100105060000f000 0 00 00000000 0 0 0 0000000000000002 ffff8000 f ffff8000 1 05 ffff8000
0000000000000002 10710406003ff000 0 00 00000000 0 0 0 0000000000000003 ffff8000 f ffff8000 1 04 ffff8000
0000000000000003 106103040000f000 0 00 00000000 0 0 0 0000000000000004 ffff8000 f ffff8000 1 03 ffff8000
0000000000000004 100002050500f000 0 00 00000000 0 0 0 0000000000000005 ffff8000 f ffff8000 1 02 ffff8000
0000000000000005 00131500aaaaaa00 1 15 ffaaaaaa 0 0 0 0000000000000006 ffff8000 f ffff8000 0 00 ffff8000
0000000000000006 342004150000f000 0 00 00000000 0 0 0 0000000000000007 ffff8000 f ffff8000 1 04 ffff8000
0000000000000007 1020050503008000 0 00 00000000 0 0 0 0000000000000008 ffff8000 8 00000000 1 05 00000000
0000000000000008 0013150000000000 1 15 00000000 0 0 0 0000000000000009 ffff8000 f ffff8000 0 00 ffff8000
0000000000000009 342004150000f000 0 00 00000000 0 0 0 000000000000000a ffff8000 f ffff8000 1 04 ffff8000
000000000000000a 0013160000000000 1 16 00000000 0 0 0 000000000000000b ffff8000 f ffff8000 0 00 ffff8000
000000000000000b 342004160000f000 0 00 00000000 0 0 0 000000000000000c ffff8000 f ffff8000 1 04 ffff8000
000000000000000c 10810204003ff000 0 00 00000000 0 0 0 000000000000000d ffff8000 f ffff8000 1 02 ffff8000
000000000000000d 340004050000f000 0 00 00000000 0 0 0 000000000000000e ffff8000 f ffff8000 1 04 ffff8000
000000000000000e 00131e0000000200 1 1e 00000002 0 0 0 000000000000000f ffff8000 f ffff8000 0 00 ffff8000
000000000000000f 0023171700000100 1 17 00000001 0 0 0 0000000000000010 ffff8000 f ffff8000 0 00 ffff8000
0000000000000010 00731e1e00000100 1 1e 00000001 0 0 0 0000000000000011 ffff8000 f ffff8000 0 00 ffff8000
0000000000000011 0013180000000000 1 18 00000000 0 0 0 0000000000000012 ffff8000 f ffff8000 0 00 ffff8000
0000000000000012 0102001e18000000 0 00 00000000 4 0 0 0000000000000013 ffff8000 f ffff8000 0 00 ffff8000
0000000000000013 0215fffffb040000 0 00 00000000 4 0 1 000000000000000f ffff8000 f ffff8000 0 00 ffff8000
000000000000000f 0023171700000100 1 17 00000002 4 0 0 0000000000000010 ffff8000 f ffff8000 0 00 ffff8000
0000000000000010 00731e1e00000100 1 1e 00000000 4 0 0 0000000000000011 ffff8000 f ffff8000 0 00 ffff8000
0000000000000011 0013180000000000 1 18 00000000 4 0 0 0000000000000012 ffff8000 f ffff8000 0 00 ffff8000
0000000000000012 0102001e18000000 0 00 00000000 5 1 0 0000000000000013 ffff8000 f ffff8000 0 00 ffff8000
0000000000000013 0215fffffb040000 0 00 00000000 5 1 0 0000000000000014 ffff8000 f ffff8000 0 00 ffff8000
0000000000000014 7cf5000000000000 0 00 00000000 5 1 0 0000000000000015 ffff8000 f ffff8000 0 00 ffff8000
DONE retired=26 fault=00 pc=0000000000000014
