0000000000000000 00131d0000000000 1 1d 00000000 0 0 0 0000000000000001
0000000000000001 0102000c06000000 0 00 00000000 5 1 0 0000000000000002
0000000000000002 02150000030d0000 0 00 00000000 5 1 0 0000000000000003
0000000000000003 8506000000000000 0 00 00000000 5 1 0 0000000000000004
0000000000000004 8506000000000000 0 00 00000000 5 1 0 0000000000000005
0000000000000005 8506000000000000 0 00 00000000 5 1 0 0000000000000006
0000000000000006 00730e13109a8100 1 0e ffef657f 5 1 0 0000000000000007
0000000000000007 0102001311000000 0 00 00000000 5 1 0 0000000000000008
0000000000000008 02150000020b0000 0 00 00000000 5 1 0 0000000000000009
0000000000000009 8506000000000000 0 00 00000000 5 1 0 000000000000000a
000000000000000a 8506000000000000 0 00 00000000 5 1 0 000000000000000b
000000000000000b 00b3070500001400 1 07 00000000 5 1 0 000000000000000c
000000000000000c 8506000000000000 0 00 00000000 5 1 0 000000000000000d
000000000000000d 001303006f75b700 1 03 006f75b7 5 1 0 000000000000000e
000000000000000e 00230e091d56f800 1 0e 001d56f8 5 1 0 000000000000000f
000000000000000f 0092100e00000000 1 10 ffe2a907 5 1 0 0000000000000010
0000000000000010 002206010d000000 1 06 00000000 5 1 0 0000000000000011
0000000000000011 00520d030d000000 1 0d 006f75b7 5 1 0 0000000000000012
0000000000000012 8506000000000000 0 00 00000000 5 1 0 0000000000000013
0000000000000013 00730f0ab8622300 1 0f 00479ddd 5 1 0 0000000000000014
0000000000000014 0102000c0a000000 0 00 00000000 5 1 0 0000000000000015
0000000000000015 02150000030e0000 0 00 00000000 5 1 1 0000000000000019
0000000000000019 8506000000000000 0 00 00000000 5 1 0 000000000000001a
000000000000001a 0122000911000000 0 00 00000000 5 0 0 000000000000001b
000000000000001b 02150000030c0000 0 00 00000000 5 0 1 000000000000001f
000000000000001f 00820a0d09000000 1 0a 006f75b7 5 0 0 0000000000000020
0000000000000020 00130a009a8b3300 1 0a ff9a8b33 5 0 0 0000000000000021
0000000000000021 0013080087229300 1 08 ff872293 5 0 0 0000000000000022
0000000000000022 0306000000000200 1 02 00000000 5 0 0 0000000000000023
0000000000000023 0082020e05000000 1 02 001d56f8 5 0 0 0000000000000024
0000000000000024 00131e0000000300 1 1e 00000003 5 0 0 0000000000000025
0000000000000025 0023151500000100 1 15 00000001 5 0 0 0000000000000026
0000000000000026 00731e1e00000100 1 1e 00000002 5 0 0 0000000000000027
0000000000000027 0102001e1d000000 0 00 00000000 4 0 0 0000000000000028
0000000000000028 0215fffffc040000 0 00 00000000 4 0 1 0000000000000025
0000000000000025 0023151500000100 1 15 00000002 4 0 0 0000000000000026
0000000000000026 00731e1e00000100 1 1e 00000001 4 0 0 0000000000000027
0000000000000027 0102001e1d000000 0 00 00000000 4 0 0 0000000000000028
0000000000000028 0215fffffc040000 0 00 00000000 4 0 1 0000000000000025
0000000000000025 0023151500000100 1 15 00000003 4 0 0 0000000000000026
0000000000000026 00731e1e00000100 1 1e 00000000 4 0 0 0000000000000027
0000000000000027 0102001e1d000000 0 00 00000000 5 1 0 0000000000000028
0000000000000028 0215fffffc040000 0 00 00000000 5 1 0 0000000000000029
0000000000000029 7cf5000000000000 0 00 00000000 5 1 0 000000000000002a
DONE retired=44 fault=00 pc=0000000000000029
