0000000000000000 0013140000004d00 1 14 0000004d 0 0 0 0000000000000001 ff800000 f ff800000 0 00 ff800000
0000000000000001 0013150000000000 1 15 00000000 0 0 0 0000000000000002 ff800000 f ff800000 0 00 ff800000
0000000000000002 342005150000f000 0 00 00000000 0 0 0 0000000000000003 ff800000 f ff800000 1 05 ff800000
0000000000000003 0013150000000100 1 15 00000001 0 0 0 0000000000000004 ff800000 f ff800000 0 00 ff800000
0000000000000004 342004150000f000 0 00 00000000 0 0 0 0000000000000005 ff800000 f ff800000 1 04 ff800000
0000000000000005 104005030300f000 0 00 00000000 0 0 0 0000000000000006 ff800000 f ff800000 1 05 ff800000
0000000000000006 341102000000b000 0 00 00000000 0 0 0 0000000000000007 ff800000 b 0f800000 1 02 0f800000
0000000000000007 100104037ffff000 0 00 00000000 0 0 0 0000000000000008 ff800000 f ff800000 1 04 ff800000
0000000000000008 104002060500f000 0 00 00000000 0 0 0 0000000000000009 ff800000 f ff800000 1 02 ff800000
0000000000000009 10710205001ff000 0 00 00000000 0 0 0 000000000000000a ff800000 f ff800000 1 02 ff800000
000000000000000a 101003040300a000 0 00 00000000 0 0 0 000000000000000b ff800000 a 7f800000 1 03 7f800000
000000000000000b 105006020600f000 0 00 00000000 0 0 0 000000000000000c ff800000 f ff800000 1 06 ff800000
000000000000000c 101005020300c000 0 00 00000000 0 0 0 000000000000000d ff800000 c 00000000 1 05 00000000
000000000000000d 00131600ffffff00 1 16 ffffffff 0 0 0 000000000000000e ff800000 f ff800000 0 00 ff800000
000000000000000e 342002160000f000 0 00 00000000 0 0 0 000000000000000f ff800000 f ff800000 1 02 ff800000
000000000000000f 108103020011f000 0 00 00000000 0 0 0 0000000000000010 ff800000 f ff800000 1 03 ff800000
0000000000000010 103006040300f000 0 00 00000000 0 0 0 0000000000000011 ff800000 f ff800000 1 06 ff800000
0000000000000011 0013150000000000 1 15 00000000 0 0 0 0000000000000012 ff800000 f ff800000 0 00 ff800000
0000000000000012 342005150000f000 0 00 00000000 0 0 0 0000000000000013 ff800000 f ff800000 1 05 ff800000
0000000000000013 0013150000000000 1 15 00000000 0 0 0 0000000000000014 ff800000 f ff800000 0 00 ff800000
0000000000000014 342005150000f000 0 00 00000000 0 0 0 0000000000000015 ff800000 f ff800000 1 05 ff800000
0000000000000015 343006000000f000 0 00 00000000 0 0 0 0000000000000016 ff800000 f ff800000 1 06 ff800000
0000000000000016 343005000000f000 0 00 00000000 0 0 0 0000000000000017 ff800000 f ff800000 1 05 ff800000
0000000000000017 10710202003ff000 0 00 00000000 0 0 0 0000000000000018 ff800000 f ff800000 1 02 ff800000
0000000000000018 10610204000ff000 0 00 00000000 0 0 0 0000000000000019 ff800000 f ff800000 1 02 ff800000
0000000000000019 107103050020f000 0 00 00000000 0 0 0 000000000000001a ff800000 f ff800000 1 03 ff800000
000000000000001a 34110400d7131000 0 00 00000000 0 0 0 000000000000001b ff800000 1 aa800000 1 04 aa800000
000000000000001b 10710206001ff000 0 00 00000000 0 0 0 000000000000001c ff800000 f ff800000 1 02 ff800000
000000000000001c 3400020400008000 0 00 00000000 0 0 0 000000000000001d ff800000 8 00000000 1 02 00000000
000000000000001d 103003040400d000 0 00 00000000 0 0 0 000000000000001e ff800000 d 80000000 1 03 80000000
000000000000001e 343002000000f000 0 00 00000000 0 0 0 000000000000001f ff800000 f ff800000 1 02 ff800000
000000000000001f 0013160000000100 1 16 00000001 0 0 0 0000000000000020 ff800000 f ff800000 0 00 ff800000
0000000000000020 342005160000f000 0 00 00000000 0 0 0 0000000000000021 ff800000 f ff800000 1 05 ff800000
0000000000000021 108106050010f000 0 00 00000000 0 0 0 0000000000000022 ff800000 f ff800000 1 06 ff800000
0000000000000022 10610604000ff000 0 00 00000000 0 0 0 0000000000000023 ff800000 f ff800000 1 06 ff800000
0000000000000023 106106040020f000 0 00 00000000 0 0 0 0000000000000024 ff800000 f ff800000 1 06 ff800000
0000000000000024 1020020604001000 0 00 00000000 0 0 0 0000000000000025 ff800000 1 aa800000 1 02 aa800000
0000000000000025 0013160000000000 1 16 00000000 0 0 0 0000000000000026 ff800000 f ff800000 0 00 ff800000
0000000000000026 342004160000f000 0 00 00000000 0 0 0 0000000000000027 ff800000 f ff800000 1 04 ff800000
0000000000000027 108105040021f000 0 00 00000000 0 0 0 0000000000000028 ff800000 f ff800000 1 05 ff800000
0000000000000028 00131e0000000200 1 1e 00000002 0 0 0 0000000000000029 ff800000 f ff800000 0 00 ff800000
0000000000000029 0023171700000100 1 17 00000001 0 0 0 000000000000002a ff800000 f ff800000 0 00 ff800000
000000000000002a 00731e1e00000100 1 1e 00000001 0 0 0 000000000000002b ff800000 f ff800000 0 00 ff800000
000000000000002b 0013180000000000 1 18 00000000 0 0 0 000000000000002c ff800000 f ff800000 0 00 ff800000
000000000000002c 0102001e18000000 0 00 00000000 4 0 0 000000000000002d ff800000 f ff800000 0 00 ff800000
000000000000002d 0215fffffb040000 0 00 00000000 4 0 1 0000000000000029 ff800000 f ff800000 0 00 ff800000
0000000000000029 0023171700000100 1 17 00000002 4 0 0 000000000000002a ff800000 f ff800000 0 00 ff800000
000000000000002a 00731e1e00000100 1 1e 00000000 4 0 0 000000000000002b ff800000 f ff800000 0 00 ff800000
000000000000002b 0013180000000000 1 18 00000000 4 0 0 000000000000002c ff800000 f ff800000 0 00 ff800000
000000000000002c 0102001e18000000 0 00 00000000 5 1 0 000000000000002d ff800000 f ff800000 0 00 ff800000
000000000000002d 0215fffffb040000 0 00 00000000 5 1 0 000000000000002e ff800000 f ff800000 0 00 ff800000
000000000000002e 7cf5000000000000 0 00 00000000 5 1 0 000000000000002f ff800000 f ff800000 0 00 ff800000
DONE retired=52 fault=00 pc=000000000000002e
