0000000000000000 00131d0000000000 1 1d 00000000 0 0 0 0000000000000001
0000000000000001 00131000adfc3300 1 10 ffadfc33 0 0 0 0000000000000002
0000000000000002 001309004d283600 1 09 004d2836 0 0 0 0000000000000003
0000000000000003 0306000000000d00 1 0d 00000000 0 0 0 0000000000000004
0000000000000004 00630a0d00000500 1 0a 00000000 0 0 0 0000000000000005
0000000000000005 005212060d000000 1 12 00000000 0 0 0 0000000000000006
0000000000000006 0112000705000000 0 00 00000000 5 0 0 0000000000000007
0000000000000007 02150000030c0000 0 00 00000000 5 0 1 000000000000000b
000000000000000b 00131200067aef00 1 12 00067aef 5 0 0 000000000000000c
000000000000000c 0013020000000100 1 02 00000001 5 0 0 000000000000000d
000000000000000d 00130c001eccdf00 1 0c 001eccdf 5 0 0 000000000000000e
000000000000000e 8506000000000000 0 00 00000000 5 0 0 000000000000000f
000000000000000f 0306000000000d00 1 0d 00000000 5 0 0 0000000000000010
0000000000000010 0122000613000000 0 00 00000000 5 0 0 0000000000000011
0000000000000011 02150000020c0000 0 00 00000000 5 0 1 0000000000000014
0000000000000014 8506000000000000 0 00 00000000 5 0 0 0000000000000015
0000000000000015 00131e0000000300 1 1e 00000003 5 0 0 0000000000000016
0000000000000016 0023151500000100 1 15 00000001 5 0 0 0000000000000017
0000000000000017 00731e1e00000100 1 1e 00000002 5 0 0 0000000000000018
0000000000000018 0102001e1d000000 0 00 00000000 4 0 0 0000000000000019
0000000000000019 0215fffffc040000 0 00 00000000 4 0 1 0000000000000016
0000000000000016 0023151500000100 1 15 00000002 4 0 0 0000000000000017
0000000000000017 00731e1e00000100 1 1e 00000001 4 0 0 0000000000000018
0000000000000018 0102001e1d000000 0 00 00000000 4 0 0 0000000000000019
0000000000000019 0215fffffc040000 0 00 00000000 4 0 1 0000000000000016
0000000000000016 0023151500000100 1 15 00000003 4 0 0 0000000000000017
0000000000000017 00731e1e00000100 1 1e 00000000 4 0 0 0000000000000018
0000000000000018 0102001e1d000000 0 00 00000000 5 1 0 0000000000000019
0000000000000019 0215fffffc040000 0 00 00000000 5 1 0 000000000000001a
000000000000001a 7cf5000000000000 0 00 00000000 5 1 0 000000000000001b
DONE retired=30 fault=00 pc=000000000000001a
