0000000000000000 0013140000004d00 1 14 0000004d 0 0 0 0000000000000001 53c87333 f 53c87333 0 00 53c87333
0000000000000001 1040050402003000 0 00 00000000 0 0 0 0000000000000002 53c87333 3 10800003 1 05 10800003
0000000000000002 340006020000f000 0 00 00000000 0 0 0 0000000000000003 53c87333 f 53c87333 1 06 53c87333
0000000000000003 00131600ffffff00 1 16 ffffffff 0 0 0 0000000000000004 53c87333 f 53c87333 0 00 53c87333
0000000000000004 342002160000f000 0 00 00000000 0 0 0 0000000000000005 53c87333 f 53c87333 1 02 53c87333
0000000000000005 10810202000ff000 0 00 00000000 0 0 0 0000000000000006 53c87333 f 53c87333 1 02 53c87333
0000000000000006 341104005803f000 0 00 00000000 0 0 0 0000000000000007 53c87333 f 53c87333 1 04 53c87333
0000000000000007 00131600aaaaaa00 1 16 ffaaaaaa 0 0 0 0000000000000008 53c87333 f 53c87333 0 00 53c87333
0000000000000008 342004160000f000 0 00 00000000 0 0 0 0000000000000009 53c87333 f 53c87333 1 04 53c87333
0000000000000009 108106040020f000 0 00 00000000 0 0 0 000000000000000a 53c87333 f 53c87333 1 06 53c87333
000000000000000a 102005020500f000 0 00 00000000 0 0 0 000000000000000b 53c87333 f 53c87333 1 05 53c87333
000000000000000b 104002050500f000 0 00 00000000 0 0 0 000000000000000c 53c87333 f 53c87333 1 02 53c87333
000000000000000c 340004020000f000 0 00 00000000 0 0 0 000000000000000d 53c87333 f 53c87333 1 04 53c87333
000000000000000d 1020020605008000 0 00 00000000 0 0 0 000000000000000e 53c87333 8 51405111 1 02 51405111
000000000000000e 00131e0000000200 1 1e 00000002 0 0 0 000000000000000f 53c87333 f 53c87333 0 00 53c87333
000000000000000f 0023171700000100 1 17 00000001 0 0 0 0000000000000010 53c87333 f 53c87333 0 00 53c87333
0000000000000010 00731e1e00000100 1 1e 00000001 0 0 0 0000000000000011 53c87333 f 53c87333 0 00 53c87333
0000000000000011 0013180000000000 1 18 00000000 0 0 0 0000000000000012 53c87333 f 53c87333 0 00 53c87333
0000000000000012 0102001e18000000 0 00 00000000 4 0 0 0000000000000013 53c87333 f 53c87333 0 00 53c87333
0000000000000013 0215fffffb040000 0 00 00000000 4 0 1 000000000000000f 53c87333 f 53c87333 0 00 53c87333
000000000000000f 0023171700000100 1 17 00000002 4 0 0 0000000000000010 53c87333 f 53c87333 0 00 53c87333
0000000000000010 00731e1e00000100 1 1e 00000000 4 0 0 0000000000000011 53c87333 f 53c87333 0 00 53c87333
0000000000000011 0013180000000000 1 18 00000000 4 0 0 0000000000000012 53c87333 f 53c87333 0 00 53c87333
0000000000000012 0102001e18000000 0 00 00000000 5 1 0 0000000000000013 53c87333 f 53c87333 0 00 53c87333
0000000000000013 0215fffffb040000 0 00 00000000 5 1 0 0000000000000014 53c87333 f 53c87333 0 00 53c87333
0000000000000014 7cf5000000000000 0 00 00000000 5 1 0 0000000000000015 53c87333 f 53c87333 0 00 53c87333
DONE retired=26 fault=00 pc=0000000000000014
