0000000000000000 0013140000004d00 1 14 0000004d 0 0 0 0000000000000001 02000000 f 02000000 0 00 02000000
0000000000000001 340003030000f000 0 00 00000000 0 0 0 0000000000000002 02000000 f 02000000 1 03 02000000
0000000000000002 1020060604009000 0 00 00000000 0 0 0 0000000000000003 02000000 9 00000000 1 06 00000000
0000000000000003 00131600aaaaaa00 1 16 ffaaaaaa 0 0 0 0000000000000004 02000000 f 02000000 0 00 02000000
0000000000000004 342002160000f000 0 00 00000000 0 0 0 0000000000000005 02000000 f 02000000 1 02 02000000
0000000000000005 108102020010f000 0 00 00000000 0 0 0 0000000000000006 02000000 f 02000000 1 02 02000000
0000000000000006 0013160000000000 1 16 00000000 0 0 0 0000000000000007 02000000 f 02000000 0 00 02000000
0000000000000007 342002160000f000 0 00 00000000 0 0 0 0000000000000008 02000000 f 02000000 1 02 02000000
0000000000000008 108105020020f000 0 00 00000000 0 0 0 0000000000000009 02000000 f 02000000 1 05 02000000
0000000000000009 0013150000000100 1 15 00000001 0 0 0 000000000000000a 02000000 f 02000000 0 00 02000000
000000000000000a 342005150000f000 0 00 00000000 0 0 0 000000000000000b 02000000 f 02000000 1 05 02000000
000000000000000b 0013160000000000 1 16 00000000 0 0 0 000000000000000c 02000000 f 02000000 0 00 02000000
000000000000000c 342002160000f000 0 00 00000000 0 0 0 000000000000000d 02000000 f 02000000 1 02 02000000
000000000000000d 108106020021f000 0 00 00000000 0 0 0 000000000000000e 02000000 f 02000000 1 06 02000000
000000000000000e 341106002281f000 0 00 00000000 0 0 0 000000000000000f 02000000 f 02000000 1 06 02000000
000000000000000f 100106067ffff000 0 00 00000000 0 0 0 0000000000000010 02000000 f 02000000 1 06 02000000
0000000000000010 3411040000001000 0 00 00000000 0 0 0 0000000000000011 02000000 1 00000000 1 04 00000000
0000000000000011 104004020600b000 0 00 00000000 0 0 0 0000000000000012 02000000 b 02000000 1 04 02000000
0000000000000012 100004020600f000 0 00 00000000 0 0 0 0000000000000013 02000000 f 02000000 1 04 02000000
0000000000000013 1051050345cff000 0 00 00000000 0 0 0 0000000000000014 02000000 f 02000000 1 05 02000000
0000000000000014 00131e0000000300 1 1e 00000003 0 0 0 0000000000000015 02000000 f 02000000 0 00 02000000
0000000000000015 0023171700000100 1 17 00000001 0 0 0 0000000000000016 02000000 f 02000000 0 00 02000000
0000000000000016 00731e1e00000100 1 1e 00000002 0 0 0 0000000000000017 02000000 f 02000000 0 00 02000000
0000000000000017 0013180000000000 1 18 00000000 0 0 0 0000000000000018 02000000 f 02000000 0 00 02000000
0000000000000018 0102001e18000000 0 00 00000000 4 0 0 0000000000000019 02000000 f 02000000 0 00 02000000
0000000000000019 0215fffffb040000 0 00 00000000 4 0 1 0000000000000015 02000000 f 02000000 0 00 02000000
0000000000000015 0023171700000100 1 17 00000002 4 0 0 0000000000000016 02000000 f 02000000 0 00 02000000
0000000000000016 00731e1e00000100 1 1e 00000001 4 0 0 0000000000000017 02000000 f 02000000 0 00 02000000
0000000000000017 0013180000000000 1 18 00000000 4 0 0 0000000000000018 02000000 f 02000000 0 00 02000000
0000000000000018 0102001e18000000 0 00 00000000 4 0 0 0000000000000019 02000000 f 02000000 0 00 02000000
0000000000000019 0215fffffb040000 0 00 00000000 4 0 1 0000000000000015 02000000 f 02000000 0 00 02000000
0000000000000015 0023171700000100 1 17 00000003 4 0 0 0000000000000016 02000000 f 02000000 0 00 02000000
0000000000000016 00731e1e00000100 1 1e 00000000 4 0 0 0000000000000017 02000000 f 02000000 0 00 02000000
0000000000000017 0013180000000000 1 18 00000000 4 0 0 0000000000000018 02000000 f 02000000 0 00 02000000
0000000000000018 0102001e18000000 0 00 00000000 5 1 0 0000000000000019 02000000 f 02000000 0 00 02000000
0000000000000019 0215fffffb040000 0 00 00000000 5 1 0 000000000000001a 02000000 f 02000000 0 00 02000000
000000000000001a 7cf5000000000000 0 00 00000000 5 1 0 000000000000001b 02000000 f 02000000 0 00 02000000
DONE retired=37 fault=00 pc=000000000000001a
