0000000000000000 0013140000004d00 1 14 0000004d 0 0 0 0000000000000001 1b0e7c45 f 1b0e7c45 0 00 1b0e7c45
0000000000000001 343003000000f000 0 00 00000000 0 0 0 0000000000000002 1b0e7c45 f 1b0e7c45 1 03 1b0e7c45
0000000000000002 340005020000f000 0 00 00000000 0 0 0 0000000000000003 1b0e7c45 f 1b0e7c45 1 05 1b0e7c45
0000000000000003 3411050007ffc000 0 00 00000000 0 0 0 0000000000000004 1b0e7c45 c 0b082c04 1 05 0b082c04
0000000000000004 104005040600f000 0 00 00000000 0 0 0 0000000000000005 1b0e7c45 f 1b0e7c45 1 05 1b0e7c45
0000000000000005 1040040402001000 0 00 00000000 0 0 0 0000000000000006 1b0e7c45 1 11045445 1 04 11045445
0000000000000006 107102050022f000 0 00 00000000 0 0 0 0000000000000007 1b0e7c45 f 1b0e7c45 1 02 1b0e7c45
0000000000000007 00131e0000000200 1 1e 00000002 0 0 0 0000000000000008 1b0e7c45 f 1b0e7c45 0 00 1b0e7c45
0000000000000008 0023171700000100 1 17 00000001 0 0 0 0000000000000009 1b0e7c45 f 1b0e7c45 0 00 1b0e7c45
0000000000000009 00731e1e00000100 1 1e 00000001 0 0 0 000000000000000a 1b0e7c45 f 1b0e7c45 0 00 1b0e7c45
000000000000000a 0013180000000000 1 18 00000000 0 0 0 000000000000000b 1b0e7c45 f 1b0e7c45 0 00 1b0e7c45
000000000000000b 0102001e18000000 0 00 00000000 4 0 0 000000000000000c 1b0e7c45 f 1b0e7c45 0 00 1b0e7c45
000000000000000c 0215fffffb040000 0 00 00000000 4 0 1 0000000000000008 1b0e7c45 f 1b0e7c45 0 00 1b0e7c45
0000000000000008 0023171700000100 1 17 00000002 4 0 0 0000000000000009 1b0e7c45 f 1b0e7c45 0 00 1b0e7c45
0000000000000009 00731e1e00000100 1 1e 00000000 4 0 0 000000000000000a 1b0e7c45 f 1b0e7c45 0 00 1b0e7c45
000000000000000a 0013180000000000 1 18 00000000 4 0 0 000000000000000b 1b0e7c45 f 1b0e7c45 0 00 1b0e7c45
000000000000000b 0102001e18000000 0 00 00000000 5 1 0 000000000000000c 1b0e7c45 f 1b0e7c45 0 00 1b0e7c45
000000000000000c 0215fffffb040000 0 00 00000000 5 1 0 000000000000000d 1b0e7c45 f 1b0e7c45 0 00 1b0e7c45
000000000000000d 7cf5000000000000 0 00 00000000 5 1 0 000000000000000e 1b0e7c45 f 1b0e7c45 0 00 1b0e7c45
DONE retired=19 fault=00 pc=000000000000000d
