0000000000000000 0013140000004d00 1 14 0000004d 0 0 0 0000000000000001 aaaaaaaa f aaaaaaaa 0 00 aaaaaaaa
0000000000000001 100004030500f000 0 00 00000000 0 0 0 0000000000000002 aaaaaaaa f aaaaaaaa 1 04 aaaaaaaa
0000000000000002 107104030021f000 0 00 00000000 0 0 0 0000000000000003 aaaaaaaa f aaaaaaaa 1 04 aaaaaaaa
0000000000000003 0013160055555500 1 16 00555555 0 0 0 0000000000000004 aaaaaaaa f aaaaaaaa 0 00 aaaaaaaa
0000000000000004 342005160000f000 0 00 00000000 0 0 0 0000000000000005 aaaaaaaa f aaaaaaaa 1 05 aaaaaaaa
0000000000000005 108105050001f000 0 00 00000000 0 0 0 0000000000000006 aaaaaaaa f aaaaaaaa 1 05 aaaaaaaa
0000000000000006 102006020400f000 0 00 00000000 0 0 0 0000000000000007 aaaaaaaa f aaaaaaaa 1 06 aaaaaaaa
0000000000000007 10710202001ff000 0 00 00000000 0 0 0 0000000000000008 aaaaaaaa f aaaaaaaa 1 02 aaaaaaaa
0000000000000008 343004000000f000 0 00 00000000 0 0 0 0000000000000009 aaaaaaaa f aaaaaaaa 1 04 aaaaaaaa
0000000000000009 00131600aaaaaa00 1 16 ffaaaaaa 0 0 0 000000000000000a aaaaaaaa f aaaaaaaa 0 00 aaaaaaaa
000000000000000a 342006160000f000 0 00 00000000 0 0 0 000000000000000b aaaaaaaa f aaaaaaaa 1 06 aaaaaaaa
000000000000000b 108104060001f000 0 00 00000000 0 0 0 000000000000000c aaaaaaaa f aaaaaaaa 1 04 aaaaaaaa
000000000000000c 340006050000f000 0 00 00000000 0 0 0 000000000000000d aaaaaaaa f aaaaaaaa 1 06 aaaaaaaa
000000000000000d 103003060500f000 0 00 00000000 0 0 0 000000000000000e aaaaaaaa f aaaaaaaa 1 03 aaaaaaaa
000000000000000e 10010403fffff000 0 00 00000000 0 0 0 000000000000000f aaaaaaaa f aaaaaaaa 1 04 aaaaaaaa
000000000000000f 340006050000f000 0 00 00000000 0 0 0 0000000000000010 aaaaaaaa f aaaaaaaa 1 06 aaaaaaaa
0000000000000010 0013150000000000 1 15 00000000 0 0 0 0000000000000011 aaaaaaaa f aaaaaaaa 0 00 aaaaaaaa
0000000000000011 342002150000f000 0 00 00000000 0 0 0 0000000000000012 aaaaaaaa f aaaaaaaa 1 02 aaaaaaaa
0000000000000012 10710306001ff000 0 00 00000000 0 0 0 0000000000000013 aaaaaaaa f aaaaaaaa 1 03 aaaaaaaa
0000000000000013 101105060000f000 0 00 00000000 0 0 0 0000000000000014 aaaaaaaa f aaaaaaaa 1 05 aaaaaaaa
0000000000000014 0013150055555500 1 15 00555555 0 0 0 0000000000000015 aaaaaaaa f aaaaaaaa 0 00 aaaaaaaa
0000000000000015 342006150000f000 0 00 00000000 0 0 0 0000000000000016 aaaaaaaa f aaaaaaaa 1 06 aaaaaaaa
0000000000000016 0013150000000100 1 15 00000001 0 0 0 0000000000000017 aaaaaaaa f aaaaaaaa 0 00 aaaaaaaa
0000000000000017 342002150000e000 0 00 00000000 0 0 0 0000000000000018 aaaaaaaa e 2aaaaaaa 1 02 2aaaaaaa
0000000000000018 106106020001f000 0 00 00000000 0 0 0 0000000000000019 aaaaaaaa f aaaaaaaa 1 06 aaaaaaaa
0000000000000019 00131e0000000100 1 1e 00000001 0 0 0 000000000000001a aaaaaaaa f aaaaaaaa 0 00 aaaaaaaa
000000000000001a 0023171700000100 1 17 00000001 0 0 0 000000000000001b aaaaaaaa f aaaaaaaa 0 00 aaaaaaaa
000000000000001b 00731e1e00000100 1 1e 00000000 0 0 0 000000000000001c aaaaaaaa f aaaaaaaa 0 00 aaaaaaaa
000000000000001c 0013180000000000 1 18 00000000 0 0 0 000000000000001d aaaaaaaa f aaaaaaaa 0 00 aaaaaaaa
000000000000001d 0102001e18000000 0 00 00000000 5 1 0 000000000000001e aaaaaaaa f aaaaaaaa 0 00 aaaaaaaa
000000000000001e 0215fffffb040000 0 00 00000000 5 1 0 000000000000001f aaaaaaaa f aaaaaaaa 0 00 aaaaaaaa
000000000000001f 7cf5000000000000 0 00 00000000 5 1 0 0000000000000020 aaaaaaaa f aaaaaaaa 0 00 aaaaaaaa
DONE retired=32 fault=00 pc=000000000000001f
