0000000000000000 0013140000004d00 1 14 0000004d 0 0 0 0000000000000001 536e95df f 536e95df 0 00 536e95df
0000000000000001 107105030010f000 0 00 00000000 0 0 0 0000000000000002 536e95df f 536e95df 1 05 536e95df
0000000000000002 105003050600f000 0 00 00000000 0 0 0 0000000000000003 536e95df f 536e95df 1 03 536e95df
0000000000000003 341106001d09f000 0 00 00000000 0 0 0 0000000000000004 536e95df f 536e95df 1 06 536e95df
0000000000000004 3430040000008000 0 00 00000000 0 0 0 0000000000000005 536e95df 8 51441555 1 04 51441555
0000000000000005 10710304001ff000 0 00 00000000 0 0 0 0000000000000006 536e95df f 536e95df 1 03 536e95df
0000000000000006 0013150000000000 1 15 00000000 0 0 0 0000000000000007 536e95df f 536e95df 0 00 536e95df
0000000000000007 342006150000f000 0 00 00000000 0 0 0 0000000000000008 536e95df f 536e95df 1 06 536e95df
0000000000000008 34110500fffff000 0 00 00000000 0 0 0 0000000000000009 536e95df f 536e95df 1 05 536e95df
0000000000000009 105006050500f000 0 00 00000000 0 0 0 000000000000000a 536e95df f 536e95df 1 06 536e95df
000000000000000a 103005020500f000 0 00 00000000 0 0 0 000000000000000b 536e95df f 536e95df 1 05 536e95df
000000000000000b 10710505001ff000 0 00 00000000 0 0 0 000000000000000c 536e95df f 536e95df 1 05 536e95df
000000000000000c 103002060400f000 0 00 00000000 0 0 0 000000000000000d 536e95df f 536e95df 1 02 536e95df
000000000000000d 107106020001f000 0 00 00000000 0 0 0 000000000000000e 536e95df f 536e95df 1 06 536e95df
000000000000000e 10610404003ff000 0 00 00000000 0 0 0 000000000000000f 536e95df f 536e95df 1 04 536e95df
000000000000000f 340006040000f000 0 00 00000000 0 0 0 0000000000000010 536e95df f 536e95df 1 06 536e95df
0000000000000010 104104038000f000 0 00 00000000 0 0 0 0000000000000011 536e95df f 536e95df 1 04 536e95df
0000000000000011 103005030300f000 0 00 00000000 0 0 0 0000000000000012 536e95df f 536e95df 1 05 536e95df
0000000000000012 340002060000f000 0 00 00000000 0 0 0 0000000000000013 536e95df f 536e95df 1 02 536e95df
0000000000000013 100002040500f000 0 00 00000000 0 0 0 0000000000000014 536e95df f 536e95df 1 02 536e95df
0000000000000014 105003060400f000 0 00 00000000 0 0 0 0000000000000015 536e95df f 536e95df 1 03 536e95df
0000000000000015 10710206001ff000 0 00 00000000 0 0 0 0000000000000016 536e95df f 536e95df 1 02 536e95df
0000000000000016 1030020606003000 0 00 00000000 0 0 0 0000000000000017 536e95df 3 536e95df 1 02 536e95df
0000000000000017 103005030200f000 0 00 00000000 0 0 0 0000000000000018 536e95df f 536e95df 1 05 536e95df
0000000000000018 34110500ffff2000 0 00 00000000 0 0 0 0000000000000019 536e95df 2 536a80c8 1 05 536a80c8
0000000000000019 105006040400f000 0 00 00000000 0 0 0 000000000000001a 536e95df f 536e95df 1 06 536e95df
000000000000001a 00131500ffffff00 1 15 ffffffff 0 0 0 000000000000001b 536e95df f 536e95df 0 00 536e95df
000000000000001b 3420041500008000 0 00 00000000 0 0 0 000000000000001c 536e95df 8 51441555 1 04 51441555
000000000000001c 00131600ffffff00 1 16 ffffffff 0 0 0 000000000000001d 536e95df f 536e95df 0 00 536e95df
000000000000001d 342005160000f000 0 00 00000000 0 0 0 000000000000001e 536e95df f 536e95df 1 05 536e95df
000000000000001e 108102050010f000 0 00 00000000 0 0 0 000000000000001f 536e95df f 536e95df 1 02 536e95df
000000000000001f 10610503003ff000 0 00 00000000 0 0 0 0000000000000020 536e95df f 536e95df 1 05 536e95df
0000000000000020 1030060605006000 0 00 00000000 0 0 0 0000000000000021 536e95df 6 432a059a 1 06 432a059a
0000000000000021 340003030000f000 0 00 00000000 0 0 0 0000000000000022 536e95df f 536e95df 1 03 536e95df
0000000000000022 00131e0000000100 1 1e 00000001 0 0 0 0000000000000023 536e95df f 536e95df 0 00 536e95df
0000000000000023 0023171700000100 1 17 00000001 0 0 0 0000000000000024 536e95df f 536e95df 0 00 536e95df
0000000000000024 00731e1e00000100 1 1e 00000000 0 0 0 0000000000000025 536e95df f 536e95df 0 00 536e95df
0000000000000025 0013180000000000 1 18 00000000 0 0 0 0000000000000026 536e95df f 536e95df 0 00 536e95df
0000000000000026 0102001e18000000 0 00 00000000 5 1 0 0000000000000027 536e95df f 536e95df 0 00 536e95df
0000000000000027 0215fffffb040000 0 00 00000000 5 1 0 0000000000000028 536e95df f 536e95df 0 00 536e95df
0000000000000028 7cf5000000000000 0 00 00000000 5 1 0 0000000000000029 536e95df f 536e95df 0 00 536e95df
DONE retired=41 fault=00 pc=0000000000000028
