0000000000000000 343001000000f000 0 00 00000000 0 0 0 0 0 0 0000000000000001 ffffffff f ffffffff 1 01
0000000000000001 341107000001f000 0 00 00000000 0 0 0 0 0 0 0000000000000002 ffffffff f ffffffff 1 07
0000000000000002 34110c000003f000 0 00 00000000 0 0 0 0 0 0 0000000000000003 ffffffff f ffffffff 1 0c
0000000000000003 34110d000003f000 0 00 00000000 0 0 0 0 0 0 0000000000000004 ffffffff f ffffffff 1 0d
0000000000000004 10300c010d00f000 0 00 00000000 0 0 0 0 0 0 0000000000000005 ffffffff f ffffffff 1 0c
0000000000000005 10000c0c0700f000 0 00 00000000 0 0 0 0 0 0 0000000000000006 ffffffff f ffffffff 1 0c
0000000000000006 34110a000000f000 0 00 00000000 0 0 0 0 0 0 0000000000000007 ffffffff f ffffffff 1 0a
0000000000000007 7c85000005000000 0 00 00000000 0 0 0 0 0 0 0000000000000008 ffffffff f ffffffff 0 00
0000000000000008 3059e0a0c0000000 0 00 00000000 0 0 0 0 0 0 0000000000000009 ffffffff f ffffffff 0 00
0000000000000009 3029d0a0c0000000 0 00 00000000 0 0 0 0 0 0 000000000000000a ffffffff f ffffffff 0 00
000000000000000a 10400c010c00f000 0 00 00000000 0 0 0 0 0 0 000000000000000b ffffffff f ffffffff 1 0c
000000000000000b 7cb5000000e00000 0 00 00000000 0 0 0 0 0 0 000000000000000c ffffffff f ffffffff 0 00
000000000000000c 10000a0a0700f000 0 00 00000000 0 0 0 0 0 0 000000000000000d ffffffff f ffffffff 1 0a
000000000000000d 7c95fffffad00000 0 00 00000000 0 0 0 0 0 0 0000000000000008 ffffffff f ffffffff 0 00
0000000000000008 3059e0a0c0000000 0 00 00000000 0 0 0 0 0 0 0000000000000009 ffffffff f ffffffff 0 00
0000000000000009 3029d0a0c0000000 0 00 00000000 0 0 0 0 0 0 000000000000000a ffffffff f ffffffff 0 00
000000000000000a 10400c010c00f000 0 00 00000000 0 0 0 0 0 0 000000000000000b ffffffff f ffffffff 1 0c
000000000000000b 7cb5000000e00000 0 00 00000000 0 0 0 0 0 0 000000000000000c fffffffe f fffffffe 0 00
000000000000000c 10000a0a0700f000 0 00 00000000 0 0 0 0 0 0 000000000000000d fffffffe f fffffffe 1 0a
000000000000000d 7c95fffffad00000 0 00 00000000 0 0 0 0 0 0 0000000000000008 fffffffe f fffffffe 0 00
0000000000000008 3059e0a0c0000000 0 00 00000000 0 0 0 0 0 0 0000000000000009 fffffffe f fffffffe 0 00
0000000000000009 3029d0a0c0000000 0 00 00000000 0 0 0 0 0 0 000000000000000a fffffffe f fffffffe 0 00
000000000000000a 10400c010c00f000 0 00 00000000 0 0 0 0 0 0 000000000000000b fffffffe f fffffffe 1 0c
000000000000000b 7cb5000000e00000 0 00 00000000 0 0 0 0 0 0 000000000000000c fffffffe f fffffffe 0 00
000000000000000c 10000a0a0700f000 0 00 00000000 0 0 0 0 0 0 000000000000000d fffffffe f fffffffe 1 0a
000000000000000d 7c95fffffad00000 0 00 00000000 0 0 0 0 0 0 0000000000000008 fffffffe f fffffffe 0 00
0000000000000008 3059e0a0c0000000 0 00 00000000 0 0 0 0 0 0 0000000000000009 fffffffe f fffffffe 0 00
0000000000000009 3029d0a0c0000000 0 00 00000000 0 0 0 0 0 0 000000000000000a fffffffe f fffffffe 0 00
000000000000000a 10400c010c00f000 0 00 00000000 0 0 0 0 0 0 000000000000000b fffffffe f fffffffe 1 0c
000000000000000b 7cb5000000e00000 0 00 00000000 0 0 0 0 0 0 000000000000000c fffffff8 f fffffff8 0 00
000000000000000c 10000a0a0700f000 0 00 00000000 0 0 0 0 0 0 000000000000000d fffffff8 f fffffff8 1 0a
000000000000000d 7c95fffffad00000 0 00 00000000 0 0 0 0 0 0 0000000000000008 fffffff8 f fffffff8 0 00
0000000000000008 3059e0a0c0000000 0 00 00000000 0 0 0 0 0 0 0000000000000009 fffffff8 f fffffff8 0 00
0000000000000009 3029d0a0c0000000 0 00 00000000 0 0 0 0 0 0 000000000000000a fffffff8 f fffffff8 0 00
000000000000000a 10400c010c00f000 0 00 00000000 0 0 0 0 0 0 000000000000000b fffffff8 f fffffff8 1 0c
000000000000000b 7cb5000000e00000 0 00 00000000 0 0 0 0 0 0 000000000000000c fffffff8 f fffffff8 0 00
000000000000000c 10000a0a0700f000 0 00 00000000 0 0 0 0 0 0 000000000000000d fffffff8 f fffffff8 1 0a
000000000000000d 7c95fffffad00000 0 00 00000000 0 0 0 0 0 0 0000000000000008 fffffff8 f fffffff8 0 00
0000000000000008 3059e0a0c0000000 0 00 00000000 0 0 0 0 0 0 0000000000000009 fffffff8 f fffffff8 0 00
0000000000000009 3029d0a0c0000000 0 00 00000000 0 0 0 0 0 0 000000000000000a fffffff8 f fffffff8 0 00
000000000000000a 10400c010c00f000 0 00 00000000 0 0 0 0 0 0 000000000000000b fffffff8 f fffffff8 1 0c
000000000000000b 7cb5000000e00000 0 00 00000000 0 0 0 0 0 0 000000000000000c ffffffe8 f ffffffe8 0 00
000000000000000c 10000a0a0700f000 0 00 00000000 0 0 0 0 0 0 000000000000000d ffffffe8 f ffffffe8 1 0a
000000000000000d 7c95fffffad00000 0 00 00000000 0 0 0 0 0 0 0000000000000008 ffffffe8 f ffffffe8 0 00
0000000000000008 3059e0a0c0000000 0 00 00000000 0 0 0 0 0 0 0000000000000009 ffffffe8 f ffffffe8 0 00
0000000000000009 3029d0a0c0000000 0 00 00000000 0 0 0 0 0 0 000000000000000a ffffffe8 f ffffffe8 0 00
000000000000000a 10400c010c00f000 0 00 00000000 0 0 0 0 0 0 000000000000000b ffffffe8 f ffffffe8 1 0c
000000000000000b 7cb5000000e00000 0 00 00000000 0 0 0 0 0 0 000000000000000c ffffffe8 f ffffffe8 0 00
000000000000000c 10000a0a0700f000 0 00 00000000 0 0 0 0 0 0 000000000000000d ffffffe8 f ffffffe8 1 0a
000000000000000d 7c95fffffad00000 0 00 00000000 0 0 0 0 0 0 0000000000000008 ffffffe8 f ffffffe8 0 00
0000000000000008 3059e0a0c0000000 0 00 00000000 0 0 0 0 0 0 0000000000000009 ffffffe8 f ffffffe8 0 00
0000000000000009 3029d0a0c0000000 0 00 00000000 0 0 0 0 0 0 000000000000000a ffffffe8 f ffffffe8 0 00
000000000000000a 10400c010c00f000 0 00 00000000 0 0 0 0 0 0 000000000000000b ffffffe8 f ffffffe8 1 0c
000000000000000b 7cb5000000e00000 0 00 00000000 0 0 0 0 0 0 000000000000000c ffffff00 f ffffff00 0 00
000000000000000c 10000a0a0700f000 0 00 00000000 0 0 0 0 0 0 000000000000000d ffffff00 f ffffff00 1 0a
000000000000000d 7c95fffffad00000 0 00 00000000 0 0 0 0 0 0 0000000000000008 ffffff00 f ffffff00 0 00
0000000000000008 3059e0a0c0000000 0 00 00000000 0 0 0 0 0 0 0000000000000009 ffffff00 f ffffff00 0 00
0000000000000009 3029d0a0c0000000 0 00 00000000 0 0 0 0 0 0 000000000000000a ffffff00 f ffffff00 0 00
000000000000000a 10400c010c00f000 0 00 00000000 0 0 0 0 0 0 000000000000000b ffffff00 f ffffff00 1 0c
000000000000000b 7cb5000000e00000 0 00 00000000 0 0 0 0 0 0 000000000000000c ffffff00 f ffffff00 0 00
000000000000000c 10000a0a0700f000 0 00 00000000 0 0 0 0 0 0 000000000000000d ffffff00 f ffffff00 1 0a
000000000000000d 7c95fffffad00000 0 00 00000000 0 0 0 0 0 0 0000000000000008 ffffff00 f ffffff00 0 00
0000000000000008 3059e0a0c0000000 0 00 00000000 0 0 0 0 0 0 0000000000000009 ffffff00 f ffffff00 0 00
0000000000000009 3029d0a0c0000000 0 00 00000000 0 0 0 0 0 0 000000000000000a ffffff00 f ffffff00 0 00
000000000000000a 10400c010c00f000 0 00 00000000 0 0 0 0 0 0 000000000000000b ffffff00 f ffffff00 1 0c
000000000000000b 7cb5000000e00000 0 00 00000000 0 0 0 0 0 0 000000000000000c fffffe00 f fffffe00 0 00
000000000000000c 10000a0a0700f000 0 00 00000000 0 0 0 0 0 0 000000000000000d fffffe00 f fffffe00 1 0a
000000000000000d 7c95fffffad00000 0 00 00000000 0 0 0 0 0 0 0000000000000008 fffffe00 f fffffe00 0 00
0000000000000008 3059e0a0c0000000 0 00 00000000 0 0 0 0 0 0 0000000000000009 fffffe00 f fffffe00 0 00
0000000000000009 3029d0a0c0000000 0 00 00000000 0 0 0 0 0 0 000000000000000a fffffe00 f fffffe00 0 00
000000000000000a 10400c010c00f000 0 00 00000000 0 0 0 0 0 0 000000000000000b fffffe00 f fffffe00 1 0c
000000000000000b 7cb5000000e00000 0 00 00000000 0 0 0 0 0 0 000000000000000c fffffe00 f fffffe00 0 00
000000000000000c 10000a0a0700f000 0 00 00000000 0 0 0 0 0 0 000000000000000d fffffe00 f fffffe00 1 0a
000000000000000d 7c95fffffad00000 0 00 00000000 0 0 0 0 0 0 0000000000000008 fffffe00 f fffffe00 0 00
0000000000000008 3059e0a0c0000000 0 00 00000000 0 0 0 0 0 0 0000000000000009 fffffe00 f fffffe00 0 00
0000000000000009 3029d0a0c0000000 0 00 00000000 0 0 0 0 0 0 000000000000000a fffffe00 f fffffe00 0 00
000000000000000a 10400c010c00f000 0 00 00000000 0 0 0 0 0 0 000000000000000b fffffe00 f fffffe00 1 0c
000000000000000b 7cb5000000e00000 0 00 00000000 0 0 0 0 0 0 000000000000000c fffff800 f fffff800 0 00
000000000000000c 10000a0a0700f000 0 00 00000000 0 0 0 0 0 0 000000000000000d fffff800 f fffff800 1 0a
000000000000000d 7c95fffffad00000 0 00 00000000 0 0 0 0 0 0 0000000000000008 fffff800 f fffff800 0 00
0000000000000008 3059e0a0c0000000 0 00 00000000 0 0 0 0 0 0 0000000000000009 fffff800 f fffff800 0 00
0000000000000009 3029d0a0c0000000 0 00 00000000 0 0 0 0 0 0 000000000000000a fffff800 f fffff800 0 00
000000000000000a 10400c010c00f000 0 00 00000000 0 0 0 0 0 0 000000000000000b fffff800 f fffff800 1 0c
000000000000000b 7cb5000000e00000 0 00 00000000 0 0 0 0 0 0 000000000000000c fffff800 f fffff800 0 00
000000000000000c 10000a0a0700f000 0 00 00000000 0 0 0 0 0 0 000000000000000d fffff800 f fffff800 1 0a
000000000000000d 7c95fffffad00000 0 00 00000000 0 0 0 0 0 0 0000000000000008 fffff800 f fffff800 0 00
0000000000000008 3059e0a0c0000000 0 00 00000000 0 0 0 0 0 0 0000000000000009 fffff800 f fffff800 0 00
0000000000000009 3029d0a0c0000000 0 00 00000000 0 0 0 0 0 0 000000000000000a fffff800 f fffff800 0 00
000000000000000a 10400c010c00f000 0 00 00000000 0 0 0 0 0 0 000000000000000b fffff800 f fffff800 1 0c
000000000000000b 7cb5000000e00000 0 00 00000000 0 0 0 0 0 0 000000000000000c ffffe800 f ffffe800 0 00
000000000000000c 10000a0a0700f000 0 00 00000000 0 0 0 0 0 0 000000000000000d ffffe800 f ffffe800 1 0a
000000000000000d 7c95fffffad00000 0 00 00000000 0 0 0 0 0 0 0000000000000008 ffffe800 f ffffe800 0 00
0000000000000008 3059e0a0c0000000 0 00 00000000 0 0 0 0 0 0 0000000000000009 ffffe800 f ffffe800 0 00
0000000000000009 3029d0a0c0000000 0 00 00000000 0 0 0 0 0 0 000000000000000a ffffe800 f ffffe800 0 00
000000000000000a 10400c010c00f000 0 00 00000000 0 0 0 0 0 0 000000000000000b ffffe800 f ffffe800 1 0c
000000000000000b 7cb5000000e00000 0 00 00000000 0 0 0 0 0 0 000000000000000c ffffe800 f ffffe800 0 00
000000000000000c 10000a0a0700f000 0 00 00000000 0 0 0 0 0 0 000000000000000d ffffe800 f ffffe800 1 0a
000000000000000d 7c95fffffad00000 0 00 00000000 0 0 0 0 0 0 0000000000000008 ffffe800 f ffffe800 0 00
0000000000000008 3059e0a0c0000000 0 00 00000000 0 0 0 0 0 0 0000000000000009 ffffe800 f ffffe800 0 00
0000000000000009 3029d0a0c0000000 0 00 00000000 0 0 0 0 0 0 000000000000000a ffffe800 f ffffe800 0 00
000000000000000a 10400c010c00f000 0 00 00000000 0 0 0 0 0 0 000000000000000b ffffe800 f ffffe800 1 0c
000000000000000b 7cb5000000e00000 0 00 00000000 0 0 0 0 0 0 000000000000000c ffff0000 f ffff0000 0 00
000000000000000c 10000a0a0700f000 0 00 00000000 0 0 0 0 0 0 000000000000000d ffff0000 f ffff0000 1 0a
000000000000000d 7c95fffffad00000 0 00 00000000 0 0 0 0 0 0 0000000000000008 ffff0000 f ffff0000 0 00
0000000000000008 3059e0a0c0000000 0 00 00000000 0 0 0 0 0 0 0000000000000009 ffff0000 f ffff0000 0 00
0000000000000009 3029d0a0c0000000 0 00 00000000 0 0 0 0 0 0 000000000000000a ffff0000 f ffff0000 0 00
000000000000000a 10400c010c00f000 0 00 00000000 0 0 0 0 0 0 000000000000000b ffff0000 f ffff0000 1 0c
000000000000000b 7cb5000000e00000 0 00 00000000 0 0 0 0 0 0 000000000000000c ffff0000 f ffff0000 0 00
000000000000000c 10000a0a0700f000 0 00 00000000 0 0 0 0 0 0 000000000000000d ffff0000 f ffff0000 1 0a
000000000000000d 7c95fffffad00000 0 00 00000000 0 0 0 0 0 0 0000000000000008 ffff0000 f ffff0000 0 00
0000000000000008 3059e0a0c0000000 0 00 00000000 0 0 0 0 0 0 0000000000000009 ffff0000 f ffff0000 0 00
0000000000000009 3029d0a0c0000000 0 00 00000000 0 0 0 0 0 0 000000000000000a ffff0000 f ffff0000 0 00
000000000000000a 10400c010c00f000 0 00 00000000 0 0 0 0 0 0 000000000000000b ffff0000 f ffff0000 1 0c
000000000000000b 7cb5000000e00000 0 00 00000000 0 0 0 0 0 0 000000000000000c fffe0000 f fffe0000 0 00
000000000000000c 10000a0a0700f000 0 00 00000000 0 0 0 0 0 0 000000000000000d fffe0000 f fffe0000 1 0a
000000000000000d 7c95fffffad00000 0 00 00000000 0 0 0 0 0 0 0000000000000008 fffe0000 f fffe0000 0 00
0000000000000008 3059e0a0c0000000 0 00 00000000 0 0 0 0 0 0 0000000000000009 fffe0000 f fffe0000 0 00
0000000000000009 3029d0a0c0000000 0 00 00000000 0 0 0 0 0 0 000000000000000a fffe0000 f fffe0000 0 00
000000000000000a 10400c010c00f000 0 00 00000000 0 0 0 0 0 0 000000000000000b fffe0000 f fffe0000 1 0c
000000000000000b 7cb5000000e00000 0 00 00000000 0 0 0 0 0 0 000000000000000c fffe0000 f fffe0000 0 00
000000000000000c 10000a0a0700f000 0 00 00000000 0 0 0 0 0 0 000000000000000d fffe0000 f fffe0000 1 0a
000000000000000d 7c95fffffad00000 0 00 00000000 0 0 0 0 0 0 0000000000000008 fffe0000 f fffe0000 0 00
0000000000000008 3059e0a0c0000000 0 00 00000000 0 0 0 0 0 0 0000000000000009 fffe0000 f fffe0000 0 00
0000000000000009 3029d0a0c0000000 0 00 00000000 0 0 0 0 0 0 000000000000000a fffe0000 f fffe0000 0 00
000000000000000a 10400c010c00f000 0 00 00000000 0 0 0 0 0 0 000000000000000b fffe0000 f fffe0000 1 0c
000000000000000b 7cb5000000e00000 0 00 00000000 0 0 0 0 0 0 000000000000000c fff80000 f fff80000 0 00
000000000000000c 10000a0a0700f000 0 00 00000000 0 0 0 0 0 0 000000000000000d fff80000 f fff80000 1 0a
000000000000000d 7c95fffffad00000 0 00 00000000 0 0 0 0 0 0 0000000000000008 fff80000 f fff80000 0 00
0000000000000008 3059e0a0c0000000 0 00 00000000 0 0 0 0 0 0 0000000000000009 fff80000 f fff80000 0 00
0000000000000009 3029d0a0c0000000 0 00 00000000 0 0 0 0 0 0 000000000000000a fff80000 f fff80000 0 00
000000000000000a 10400c010c00f000 0 00 00000000 0 0 0 0 0 0 000000000000000b fff80000 f fff80000 1 0c
000000000000000b 7cb5000000e00000 0 00 00000000 0 0 0 0 0 0 000000000000000c fff80000 f fff80000 0 00
000000000000000c 10000a0a0700f000 0 00 00000000 0 0 0 0 0 0 000000000000000d fff80000 f fff80000 1 0a
000000000000000d 7c95fffffad00000 0 00 00000000 0 0 0 0 0 0 0000000000000008 fff80000 f fff80000 0 00
0000000000000008 3059e0a0c0000000 0 00 00000000 0 0 0 0 0 0 0000000000000009 fff80000 f fff80000 0 00
0000000000000009 3029d0a0c0000000 0 00 00000000 0 0 0 0 0 0 000000000000000a fff80000 f fff80000 0 00
000000000000000a 10400c010c00f000 0 00 00000000 0 0 0 0 0 0 000000000000000b fff80000 f fff80000 1 0c
000000000000000b 7cb5000000e00000 0 00 00000000 0 0 0 0 0 0 000000000000000c ffe80000 f ffe80000 0 00
000000000000000c 10000a0a0700f000 0 00 00000000 0 0 0 0 0 0 000000000000000d ffe80000 f ffe80000 1 0a
000000000000000d 7c95fffffad00000 0 00 00000000 0 0 0 0 0 0 0000000000000008 ffe80000 f ffe80000 0 00
0000000000000008 3059e0a0c0000000 0 00 00000000 0 0 0 0 0 0 0000000000000009 ffe80000 f ffe80000 0 00
0000000000000009 3029d0a0c0000000 0 00 00000000 0 0 0 0 0 0 000000000000000a ffe80000 f ffe80000 0 00
000000000000000a 10400c010c00f000 0 00 00000000 0 0 0 0 0 0 000000000000000b ffe80000 f ffe80000 1 0c
000000000000000b 7cb5000000e00000 0 00 00000000 0 0 0 0 0 0 000000000000000c ffe80000 f ffe80000 0 00
000000000000000c 10000a0a0700f000 0 00 00000000 0 0 0 0 0 0 000000000000000d ffe80000 f ffe80000 1 0a
000000000000000d 7c95fffffad00000 0 00 00000000 0 0 0 0 0 0 0000000000000008 ffe80000 f ffe80000 0 00
0000000000000008 3059e0a0c0000000 0 00 00000000 0 0 0 0 0 0 0000000000000009 ffe80000 f ffe80000 0 00
0000000000000009 3029d0a0c0000000 0 00 00000000 0 0 0 0 0 0 000000000000000a ffe80000 f ffe80000 0 00
000000000000000a 10400c010c00f000 0 00 00000000 0 0 0 0 0 0 000000000000000b ffe80000 f ffe80000 1 0c
000000000000000b 7cb5000000e00000 0 00 00000000 0 0 0 0 0 0 000000000000000c ff000000 f ff000000 0 00
000000000000000c 10000a0a0700f000 0 00 00000000 0 0 0 0 0 0 000000000000000d ff000000 f ff000000 1 0a
000000000000000d 7c95fffffad00000 0 00 00000000 0 0 0 0 0 0 0000000000000008 ff000000 f ff000000 0 00
0000000000000008 3059e0a0c0000000 0 00 00000000 0 0 0 0 0 0 0000000000000009 ff000000 f ff000000 0 00
0000000000000009 3029d0a0c0000000 0 00 00000000 0 0 0 0 0 0 000000000000000a ff000000 f ff000000 0 00
000000000000000a 10400c010c00f000 0 00 00000000 0 0 0 0 0 0 000000000000000b ff000000 f ff000000 1 0c
000000000000000b 7cb5000000e00000 0 00 00000000 0 0 0 0 0 0 000000000000000c ff000000 f ff000000 0 00
000000000000000c 10000a0a0700f000 0 00 00000000 0 0 0 0 0 0 000000000000000d ff000000 f ff000000 1 0a
000000000000000d 7c95fffffad00000 0 00 00000000 0 0 0 0 0 0 0000000000000008 ff000000 f ff000000 0 00
0000000000000008 3059e0a0c0000000 0 00 00000000 0 0 0 0 0 0 0000000000000009 ff000000 f ff000000 0 00
0000000000000009 3029d0a0c0000000 0 00 00000000 0 0 0 0 0 0 000000000000000a ff000000 f ff000000 0 00
000000000000000a 10400c010c00f000 0 00 00000000 0 0 0 0 0 0 000000000000000b ff000000 f ff000000 1 0c
000000000000000b 7cb5000000e00000 0 00 00000000 0 0 0 0 0 0 000000000000000c fe000000 f fe000000 0 00
000000000000000c 10000a0a0700f000 0 00 00000000 0 0 0 0 0 0 000000000000000d fe000000 f fe000000 1 0a
000000000000000d 7c95fffffad00000 0 00 00000000 0 0 0 0 0 0 0000000000000008 fe000000 f fe000000 0 00
0000000000000008 3059e0a0c0000000 0 00 00000000 0 0 0 0 0 0 0000000000000009 fe000000 f fe000000 0 00
0000000000000009 3029d0a0c0000000 0 00 00000000 0 0 0 0 0 0 000000000000000a fe000000 f fe000000 0 00
000000000000000a 10400c010c00f000 0 00 00000000 0 0 0 0 0 0 000000000000000b fe000000 f fe000000 1 0c
000000000000000b 7cb5000000e00000 0 00 00000000 0 0 0 0 0 0 000000000000000c fe000000 f fe000000 0 00
000000000000000c 10000a0a0700f000 0 00 00000000 0 0 0 0 0 0 000000000000000d fe000000 f fe000000 1 0a
000000000000000d 7c95fffffad00000 0 00 00000000 0 0 0 0 0 0 0000000000000008 fe000000 f fe000000 0 00
0000000000000008 3059e0a0c0000000 0 00 00000000 0 0 0 0 0 0 0000000000000009 fe000000 f fe000000 0 00
0000000000000009 3029d0a0c0000000 0 00 00000000 0 0 0 0 0 0 000000000000000a fe000000 f fe000000 0 00
000000000000000a 10400c010c00f000 0 00 00000000 0 0 0 0 0 0 000000000000000b fe000000 f fe000000 1 0c
000000000000000b 7cb5000000e00000 0 00 00000000 0 0 0 0 0 0 000000000000000c f8000000 f f8000000 0 00
000000000000000c 10000a0a0700f000 0 00 00000000 0 0 0 0 0 0 000000000000000d f8000000 f f8000000 1 0a
000000000000000d 7c95fffffad00000 0 00 00000000 0 0 0 0 0 0 0000000000000008 f8000000 f f8000000 0 00
0000000000000008 3059e0a0c0000000 0 00 00000000 0 0 0 0 0 0 0000000000000009 f8000000 f f8000000 0 00
0000000000000009 3029d0a0c0000000 0 00 00000000 0 0 0 0 0 0 000000000000000a f8000000 f f8000000 0 00
000000000000000a 10400c010c00f000 0 00 00000000 0 0 0 0 0 0 000000000000000b f8000000 f f8000000 1 0c
000000000000000b 7cb5000000e00000 0 00 00000000 0 0 0 0 0 0 000000000000000c f8000000 f f8000000 0 00
000000000000000c 10000a0a0700f000 0 00 00000000 0 0 0 0 0 0 000000000000000d f8000000 f f8000000 1 0a
000000000000000d 7c95fffffad00000 0 00 00000000 0 0 0 0 0 0 0000000000000008 f8000000 f f8000000 0 00
0000000000000008 3059e0a0c0000000 0 00 00000000 0 0 0 0 0 0 0000000000000009 f8000000 f f8000000 0 00
0000000000000009 3029d0a0c0000000 0 00 00000000 0 0 0 0 0 0 000000000000000a f8000000 f f8000000 0 00
000000000000000a 10400c010c00f000 0 00 00000000 0 0 0 0 0 0 000000000000000b f8000000 f f8000000 1 0c
000000000000000b 7cb5000000e00000 0 00 00000000 0 0 0 0 0 0 000000000000000c e8000000 f e8000000 0 00
000000000000000c 10000a0a0700f000 0 00 00000000 0 0 0 0 0 0 000000000000000d e8000000 f e8000000 1 0a
000000000000000d 7c95fffffad00000 0 00 00000000 0 0 0 0 0 0 0000000000000008 e8000000 f e8000000 0 00
0000000000000008 3059e0a0c0000000 0 00 00000000 0 0 0 0 0 0 0000000000000009 e8000000 f e8000000 0 00
0000000000000009 3029d0a0c0000000 0 00 00000000 0 0 0 0 0 0 000000000000000a e8000000 f e8000000 0 00
000000000000000a 10400c010c00f000 0 00 00000000 0 0 0 0 0 0 000000000000000b e8000000 f e8000000 1 0c
000000000000000b 7cb5000000e00000 0 00 00000000 0 0 0 0 0 0 000000000000000c e8000000 f e8000000 0 00
000000000000000c 10000a0a0700f000 0 00 00000000 0 0 0 0 0 0 000000000000000d e8000000 f e8000000 1 0a
000000000000000d 7c95fffffad00000 0 00 00000000 0 0 0 0 0 0 0000000000000008 e8000000 f e8000000 0 00
0000000000000008 3059e0a0c0000000 0 00 00000000 0 0 0 0 0 0 0000000000000009 e8000000 f e8000000 0 00
0000000000000009 3029d0a0c0000000 0 00 00000000 0 0 0 0 0 0 000000000000000a e8000000 f e8000000 0 00
000000000000000a 10400c010c00f000 0 00 00000000 0 0 0 0 0 0 000000000000000b e8000000 f e8000000 1 0c
000000000000000d 7cb5000000e00000 0 00 00000000 0 0 0 0 0 0 000000000000000c 00000000 f 00000000 0 00
000000000000000d 7c95fffffad00000 0 00 00000000 0 0 0 0 0 0 000000000000000e ffffffff f ffffffff 0 00
000000000000000e 34110d000000f000 0 00 00000000 0 0 0 0 0 0 000000000000000f ffffffff f ffffffff 1 0d
000000000000000f 10300c010d00f000 0 00 00000000 0 0 0 0 0 0 0000000000000010 ffffffff f ffffffff 1 0c
0000000000000010 10000c0c0700f000 0 00 00000000 0 0 0 0 0 0 0000000000000011 ffffffff f ffffffff 1 0c
0000000000000011 34110a000000f000 0 00 00000000 0 0 0 0 0 0 0000000000000012 ffffffff f ffffffff 1 0a
0000000000000012 7c85000008000000 0 00 00000000 0 0 0 0 0 0 0000000000000013 ffffffff f ffffffff 0 00
0000000000000013 3059e0a0c0000000 0 00 00000000 0 0 0 0 0 0 0000000000000014 ffffffff f ffffffff 0 00
0000000000000014 3029d0a0c0000000 0 00 00000000 0 0 0 0 0 0 0000000000000015 ffffffff f ffffffff 0 00
0000000000000015 3039901070000000 0 00 00000000 0 0 0 0 0 0 0000000000000016 ffffffff f ffffffff 0 00
0000000000000016 7c15000000900001 0 00 00000000 0 0 0 0 0 0 0000000000000017 00000003 f 00000003 0 00
0000000000000017 100003010c00f000 0 00 00000000 0 0 0 0 0 0 0000000000000018 00000003 f 00000003 1 03
0000000000000018 7c25000000000000 0 00 00000000 0 0 0 0 0 0 0000000000000017 fffffffc f fffffffc 0 00
0000000000000017 100003010c00f000 0 00 00000000 0 0 0 0 0 0 0000000000000018 fffffffc f fffffffc 1 03
0000000000000018 7c25000000000000 0 00 00000000 0 0 0 0 0 0 0000000000000019 ffffffff f ffffffff 0 00
0000000000000019 7cb5000000e00000 0 00 00000000 0 0 0 0 0 0 000000000000001a ffffffff f ffffffff 0 00
000000000000001a 10000a0a0700f000 0 00 00000000 0 0 0 0 0 0 000000000000001b ffffffff f ffffffff 1 0a
000000000000001b 7c95fffff7d00000 0 00 00000000 0 0 0 0 0 0 0000000000000013 ffffffff f ffffffff 0 00
0000000000000013 3059e0a0c0000000 0 00 00000000 0 0 0 0 0 0 0000000000000014 ffffffff f ffffffff 0 00
0000000000000014 3029d0a0c0000000 0 00 00000000 0 0 0 0 0 0 0000000000000015 ffffffff f ffffffff 0 00
0000000000000015 3039901070000000 0 00 00000000 0 0 0 0 0 0 0000000000000016 ffffffff f ffffffff 0 00
0000000000000016 7c15000000900001 0 00 00000000 0 0 0 0 0 0 0000000000000017 00000003 f 00000003 0 00
0000000000000017 100003010c00f000 0 00 00000000 0 0 0 0 0 0 0000000000000018 00000003 f 00000003 1 03
0000000000000018 7c25000000000000 0 00 00000000 0 0 0 0 0 0 0000000000000017 fffffffc f fffffffc 0 00
0000000000000017 100003010c00f000 0 00 00000000 0 0 0 0 0 0 0000000000000018 fffffffc f fffffffc 1 03
0000000000000018 7c25000000000000 0 00 00000000 0 0 0 0 0 0 0000000000000019 ffffffff f ffffffff 0 00
000000000000001b 7cb5000000e00000 0 00 00000000 0 0 0 0 0 0 000000000000001a 00000000 f 00000000 0 00
000000000000001b 7c95fffff7d00000 0 00 00000000 0 0 0 0 0 0 000000000000001c ffffffff f ffffffff 0 00
000000000000001c 3009603070000000 0 00 00000000 0 0 0 0 0 0 000000000000001d ffffffff f ffffffff 0 00
000000000000001d 7c1500001c6000a6 0 00 00000000 0 0 0 0 0 0 000000000000001e 00000001 f 00000001 0 00
000000000000001e 34110d000003f000 0 00 00000000 0 0 0 0 0 0 000000000000001f 00000001 f 00000001 1 0d
000000000000001f 10300c010d00f000 0 00 00000000 0 0 0 0 0 0 0000000000000020 00000001 f 00000001 1 0c
0000000000000020 10000c0c0700f000 0 00 00000000 0 0 0 0 0 0 0000000000000021 00000001 f 00000001 1 0c
0000000000000021 34110a000000f000 0 00 00000000 0 0 0 0 0 0 0000000000000022 00000001 f 00000001 1 0a
0000000000000022 7c85000008000000 0 00 00000000 0 0 0 0 0 0 0000000000000023 00000001 f 00000001 0 00
0000000000000023 3059e0a0c0000000 0 00 00000000 0 0 0 0 0 0 0000000000000024 00000001 f 00000001 0 00
0000000000000024 3029d0a0c0000000 0 00 00000000 0 0 0 0 0 0 0000000000000025 00000001 f 00000001 0 00
0000000000000025 304930b070000000 0 00 00000000 0 0 0 0 0 0 0000000000000026 00000001 f 00000001 0 00
0000000000000026 7c15000000300001 0 00 00000000 0 0 0 0 0 0 0000000000000027 00000001 f 00000001 0 00
0000000000000027 10100c0c0400f000 0 00 00000000 0 0 0 0 0 0 0000000000000028 00000001 f 00000001 1 0c
0000000000000028 7c25000000000000 0 00 00000000 0 0 0 0 0 0 0000000000000029 00000001 f 00000001 0 00
0000000000000029 7cb5000000e00000 0 00 00000000 0 0 0 0 0 0 000000000000002a 00000001 f 00000001 0 00
000000000000002a 10000a0a0700f000 0 00 00000000 0 0 0 0 0 0 000000000000002b 00000001 f 00000001 1 0a
000000000000002b 7c95fffff7d00000 0 00 00000000 0 0 0 0 0 0 0000000000000023 00000001 f 00000001 0 00
0000000000000023 3059e0a0c0000000 0 00 00000000 0 0 0 0 0 0 0000000000000024 00000001 f 00000001 0 00
0000000000000024 3029d0a0c0000000 0 00 00000000 0 0 0 0 0 0 0000000000000025 00000001 f 00000001 0 00
0000000000000025 304930b070000000 0 00 00000000 0 0 0 0 0 0 0000000000000026 00000001 f 00000001 0 00
0000000000000026 7c15000000300001 0 00 00000000 0 0 0 0 0 0 0000000000000027 00000001 f 00000001 0 00
0000000000000027 10100c0c0400f000 0 00 00000000 0 0 0 0 0 0 0000000000000028 00000001 f 00000001 1 0c
0000000000000028 7c25000000000000 0 00 00000000 0 0 0 0 0 0 0000000000000029 00000001 f 00000001 0 00
000000000000002b 7cb5000000e00000 0 00 00000000 0 0 0 0 0 0 000000000000002a 00000000 f 00000000 0 00
000000000000002b 7c95fffff7d00000 0 00 00000000 0 0 0 0 0 0 000000000000002c 00000001 f 00000001 0 00
000000000000002c 34110d000000f000 0 00 00000000 0 0 0 0 0 0 000000000000002d 00000001 f 00000001 1 0d
000000000000002d 10300c010d00f000 0 00 00000000 0 0 0 0 0 0 000000000000002e 00000001 f 00000001 1 0c
000000000000002e 10000c0c0700f000 0 00 00000000 0 0 0 0 0 0 000000000000002f 00000001 f 00000001 1 0c
000000000000002f 34110a000000f000 0 00 00000000 0 0 0 0 0 0 0000000000000030 00000001 f 00000001 1 0a
0000000000000030 7c85000007000000 0 00 00000000 0 0 0 0 0 0 0000000000000031 00000001 f 00000001 0 00
0000000000000031 3059e0a0c0000000 0 00 00000000 0 0 0 0 0 0 0000000000000032 00000001 f 00000001 0 00
0000000000000032 3029d0a0c0000000 0 00 00000000 0 0 0 0 0 0 0000000000000033 00000001 f 00000001 0 00
0000000000000033 3009301070000000 0 00 00000000 0 0 0 0 0 0 0000000000000034 00000001 f 00000001 0 00
0000000000000034 7c15000000300001 0 00 00000000 0 0 0 0 0 0 0000000000000035 00000001 f 00000001 0 00
0000000000000035 101005040c00f000 0 00 00000000 0 0 0 0 0 0 0000000000000036 00000001 f 00000001 1 05
0000000000000036 7c25000000000000 0 00 00000000 0 0 0 0 0 0 0000000000000037 00000001 f 00000001 0 00
0000000000000037 10000a0a0700f000 0 00 00000000 0 0 0 0 0 0 0000000000000038 00000001 f 00000001 1 0a
0000000000000038 7c95fffff8d00000 0 00 00000000 0 0 0 0 0 0 0000000000000031 00000001 f 00000001 0 00
0000000000000031 3059e0a0c0000000 0 00 00000000 0 0 0 0 0 0 0000000000000032 00000001 f 00000001 0 00
0000000000000032 3029d0a0c0000000 0 00 00000000 0 0 0 0 0 0 0000000000000033 00000001 f 00000001 0 00
0000000000000033 3009301070000000 0 00 00000000 0 0 0 0 0 0 0000000000000034 00000001 f 00000001 0 00
0000000000000034 7c15000000300001 0 00 00000000 0 0 0 0 0 0 0000000000000035 00000001 f 00000001 0 00
0000000000000035 101005040c00f000 0 00 00000000 0 0 0 0 0 0 0000000000000036 00000001 f 00000001 1 05
0000000000000036 7c25000000000000 0 00 00000000 0 0 0 0 0 0 0000000000000037 00000001 f 00000001 0 00
0000000000000037 10000a0a0700f000 0 00 00000000 0 0 0 0 0 0 0000000000000038 00000001 f 00000001 1 0a
0000000000000038 7c95fffff8d00000 0 00 00000000 0 0 0 0 0 0 0000000000000039 00000001 f 00000001 0 00
0000000000000039 020500008a000000 0 00 00000000 0 0 0 0 0 1 00000000000000c4 00000001 f 00000001 0 00
00000000000000c4 7c25000000000000 0 00 00000000 0 0 0 0 0 0 000000000000003a fffffffe f fffffffe 0 00
000000000000003a 10100c050100f000 0 00 00000000 0 0 0 0 0 0 000000000000003b fffffffe f fffffffe 1 0c
000000000000003b 3059c01070000000 0 00 00000000 0 0 0 0 0 0 000000000000003c fffffffe f fffffffe 0 00
000000000000003c 7c1500007ac00086 0 00 00000000 0 0 0 0 0 0 000000000000003d fffffffe f fffffffe 0 00
000000000000003d 3039e030c0000000 0 00 00000000 0 0 0 0 0 0 000000000000003e fffffffe f fffffffe 0 00
000000000000003e 7c1500006ee0006f 0 00 00000000 0 0 0 0 0 0 00000000000000ad fffffffe f fffffffe 0 00
00000000000000ad 111003010700f000 0 00 00000000 0 0 0 0 0 0 00000000000000ae fffffffe f fffffffe 1 03
00000000000000ae 7c25000000000000 0 00 00000000 0 0 0 0 0 0 00000000000000af fffffffe f fffffffe 0 00
00000000000000af 3059d0b070000000 0 00 00000000 0 0 0 0 0 0 00000000000000b0 fffffffe f fffffffe 0 00
00000000000000b0 7c15000003d00004 0 00 00000000 0 0 0 0 0 0 00000000000000b4 fffffffe f fffffffe 0 00
00000000000000b4 1010030c0100f000 0 00 00000000 0 0 0 0 0 0 00000000000000b5 fffffffe f fffffffe 1 03
00000000000000b5 7c25000000000000 0 00 00000000 0 0 0 0 0 0 00000000000000b6 fffffffe f fffffffe 0 00
00000000000000b6 020500000c000000 0 00 00000000 0 0 0 0 0 1 00000000000000c3 fffffffe f fffffffe 0 00
00000000000000c3 7c25000000000000 0 00 00000000 0 0 0 0 0 0 00000000000000c4 fffffffe f fffffffe 0 00
00000000000000c4 7c25000000000000 0 00 00000000 0 0 0 0 0 0 00000000000000c5 ffffffff f ffffffff 0 00
00000000000000c5 7cf5000000000000 0 00 00000000 0 0 0 0 0 0 00000000000000c6 ffffffff f ffffffff 0 00
