0000000000000000 0013140000004d00 1 14 0000004d 0 0 0 0000000000000001 22f54ad2 f 22f54ad2 0 00 22f54ad2
0000000000000001 34110400ecb0f000 0 00 00000000 0 0 0 0000000000000002 22f54ad2 f 22f54ad2 1 04 22f54ad2
0000000000000002 10710303003ff000 0 00 00000000 0 0 0 0000000000000003 22f54ad2 f 22f54ad2 1 03 22f54ad2
0000000000000003 101004030300f000 0 00 00000000 0 0 0 0000000000000004 22f54ad2 f 22f54ad2 1 04 22f54ad2
0000000000000004 341104008000f000 0 00 00000000 0 0 0 0000000000000005 22f54ad2 f 22f54ad2 1 04 22f54ad2
0000000000000005 10710205001ff000 0 00 00000000 0 0 0 0000000000000006 22f54ad2 f 22f54ad2 1 02 22f54ad2
0000000000000006 0013160000000100 1 16 00000001 0 0 0 0000000000000007 22f54ad2 f 22f54ad2 0 00 22f54ad2
0000000000000007 342003160000f000 0 00 00000000 0 0 0 0000000000000008 22f54ad2 f 22f54ad2 1 03 22f54ad2
0000000000000008 108102030010f000 0 00 00000000 0 0 0 0000000000000009 22f54ad2 f 22f54ad2 1 02 22f54ad2
0000000000000009 340004040000f000 0 00 00000000 0 0 0 000000000000000a 22f54ad2 f 22f54ad2 1 04 22f54ad2
000000000000000a 341104007ffff000 0 00 00000000 0 0 0 000000000000000b 22f54ad2 f 22f54ad2 1 04 22f54ad2
000000000000000b 341103008000b000 0 00 00000000 0 0 0 000000000000000c 22f54ad2 b 20640282 1 03 20640282
000000000000000c 00131500ffffff00 1 15 ffffffff 0 0 0 000000000000000d 22f54ad2 f 22f54ad2 0 00 22f54ad2
000000000000000d 342003150000f000 0 00 00000000 0 0 0 000000000000000e 22f54ad2 f 22f54ad2 1 03 22f54ad2
000000000000000e 103104050001f000 0 00 00000000 0 0 0 000000000000000f 22f54ad2 f 22f54ad2 1 04 22f54ad2
000000000000000f 105104047ffff000 0 00 00000000 0 0 0 0000000000000010 22f54ad2 f 22f54ad2 1 04 22f54ad2
0000000000000010 00131e0000000300 1 1e 00000003 0 0 0 0000000000000011 22f54ad2 f 22f54ad2 0 00 22f54ad2
0000000000000011 0023171700000100 1 17 00000001 0 0 0 0000000000000012 22f54ad2 f 22f54ad2 0 00 22f54ad2
0000000000000012 00731e1e00000100 1 1e 00000002 0 0 0 0000000000000013 22f54ad2 f 22f54ad2 0 00 22f54ad2
0000000000000013 0013180000000000 1 18 00000000 0 0 0 0000000000000014 22f54ad2 f 22f54ad2 0 00 22f54ad2
0000000000000014 0102001e18000000 0 00 00000000 4 0 0 0000000000000015 22f54ad2 f 22f54ad2 0 00 22f54ad2
0000000000000015 0215fffffb040000 0 00 00000000 4 0 1 0000000000000011 22f54ad2 f 22f54ad2 0 00 22f54ad2
0000000000000011 0023171700000100 1 17 00000002 4 0 0 0000000000000012 22f54ad2 f 22f54ad2 0 00 22f54ad2
0000000000000012 00731e1e00000100 1 1e 00000001 4 0 0 0000000000000013 22f54ad2 f 22f54ad2 0 00 22f54ad2
0000000000000013 0013180000000000 1 18 00000000 4 0 0 0000000000000014 22f54ad2 f 22f54ad2 0 00 22f54ad2
0000000000000014 0102001e18000000 0 00 00000000 4 0 0 0000000000000015 22f54ad2 f 22f54ad2 0 00 22f54ad2
0000000000000015 0215fffffb040000 0 00 00000000 4 0 1 0000000000000011 22f54ad2 f 22f54ad2 0 00 22f54ad2
0000000000000011 0023171700000100 1 17 00000003 4 0 0 0000000000000012 22f54ad2 f 22f54ad2 0 00 22f54ad2
0000000000000012 00731e1e00000100 1 1e 00000000 4 0 0 0000000000000013 22f54ad2 f 22f54ad2 0 00 22f54ad2
0000000000000013 0013180000000000 1 18 00000000 4 0 0 0000000000000014 22f54ad2 f 22f54ad2 0 00 22f54ad2
0000000000000014 0102001e18000000 0 00 00000000 5 1 0 0000000000000015 22f54ad2 f 22f54ad2 0 00 22f54ad2
0000000000000015 0215fffffb040000 0 00 00000000 5 1 0 0000000000000016 22f54ad2 f 22f54ad2 0 00 22f54ad2
0000000000000016 7cf5000000000000 0 00 00000000 5 1 0 0000000000000017 22f54ad2 f 22f54ad2 0 00 22f54ad2
DONE retired=33 fault=00 pc=0000000000000016
