0000000000000000 0013140000004d00 1 14 0000004d 0 0 0 0000000000000001 aaaaaaaa f aaaaaaaa 0 00 aaaaaaaa
0000000000000001 104003050200a000 0 00 00000000 0 0 0 0000000000000002 aaaaaaaa a 00000000 1 03 00000000
0000000000000002 105002030200f000 0 00 00000000 0 0 0 0000000000000003 aaaaaaaa f aaaaaaaa 1 02 aaaaaaaa
0000000000000003 0013160055555500 1 16 00555555 0 0 0 0000000000000004 aaaaaaaa f aaaaaaaa 0 00 aaaaaaaa
0000000000000004 342003160000f000 0 00 00000000 0 0 0 0000000000000005 aaaaaaaa f aaaaaaaa 1 03 aaaaaaaa
0000000000000005 10810403003ff000 0 00 00000000 0 0 0 0000000000000006 aaaaaaaa f aaaaaaaa 1 04 aaaaaaaa
0000000000000006 340003030000f000 0 00 00000000 0 0 0 0000000000000007 aaaaaaaa f aaaaaaaa 1 03 aaaaaaaa
0000000000000007 103003060300f000 0 00 00000000 0 0 0 0000000000000008 aaaaaaaa f aaaaaaaa 1 03 aaaaaaaa
0000000000000008 103002040300d000 0 00 00000000 0 0 0 0000000000000009 aaaaaaaa d a8a88080 1 02 a8a88080
0000000000000009 103003030500f000 0 00 00000000 0 0 0 000000000000000a aaaaaaaa f aaaaaaaa 1 03 aaaaaaaa
000000000000000a 104003060400f000 0 00 00000000 0 0 0 000000000000000b aaaaaaaa f aaaaaaaa 1 03 aaaaaaaa
000000000000000b 104006050500b000 0 00 00000000 0 0 0 000000000000000c aaaaaaaa b aaaaaaaa 1 06 aaaaaaaa
000000000000000c 107102020010f000 0 00 00000000 0 0 0 000000000000000d aaaaaaaa f aaaaaaaa 1 02 aaaaaaaa
000000000000000d 340004060000f000 0 00 00000000 0 0 0 000000000000000e aaaaaaaa f aaaaaaaa 1 04 aaaaaaaa
000000000000000e 105002060300f000 0 00 00000000 0 0 0 000000000000000f aaaaaaaa f aaaaaaaa 1 02 aaaaaaaa
000000000000000f 340005050000f000 0 00 00000000 0 0 0 0000000000000010 aaaaaaaa f aaaaaaaa 1 05 aaaaaaaa
0000000000000010 340004040000f000 0 00 00000000 0 0 0 0000000000000011 aaaaaaaa f aaaaaaaa 1 04 aaaaaaaa
0000000000000011 00131500ffffff00 1 15 ffffffff 0 0 0 0000000000000012 aaaaaaaa f aaaaaaaa 0 00 aaaaaaaa
0000000000000012 342005150000f000 0 00 00000000 0 0 0 0000000000000013 aaaaaaaa f aaaaaaaa 1 05 aaaaaaaa
0000000000000013 0013160000000000 1 16 00000000 0 0 0 0000000000000014 aaaaaaaa f aaaaaaaa 0 00 aaaaaaaa
0000000000000014 342002160000f000 0 00 00000000 0 0 0 0000000000000015 aaaaaaaa f aaaaaaaa 1 02 aaaaaaaa
0000000000000015 10810502001ff000 0 00 00000000 0 0 0 0000000000000016 aaaaaaaa f aaaaaaaa 1 05 aaaaaaaa
0000000000000016 343006000000d000 0 00 00000000 0 0 0 0000000000000017 aaaaaaaa d a8a88080 1 06 a8a88080
0000000000000017 3400050500002000 0 00 00000000 0 0 0 0000000000000018 aaaaaaaa 2 aaaaaaaa 1 05 aaaaaaaa
0000000000000018 105003050500f000 0 00 00000000 0 0 0 0000000000000019 aaaaaaaa f aaaaaaaa 1 03 aaaaaaaa
0000000000000019 341106002345f000 0 00 00000000 0 0 0 000000000000001a aaaaaaaa f aaaaaaaa 1 06 aaaaaaaa
000000000000001a 100006050400f000 0 00 00000000 0 0 0 000000000000001b aaaaaaaa f aaaaaaaa 1 06 aaaaaaaa
000000000000001b 340004050000f000 0 00 00000000 0 0 0 000000000000001c aaaaaaaa f aaaaaaaa 1 04 aaaaaaaa
000000000000001c 34110200d7ae3000 0 00 00000000 0 0 0 000000000000001d aaaaaaaa 3 00000000 1 02 00000000
000000000000001d 0013160000000000 1 16 00000000 0 0 0 000000000000001e aaaaaaaa f aaaaaaaa 0 00 aaaaaaaa
000000000000001e 342004160000f000 0 00 00000000 0 0 0 000000000000001f aaaaaaaa f aaaaaaaa 1 04 aaaaaaaa
000000000000001f 108102040021f000 0 00 00000000 0 0 0 0000000000000020 aaaaaaaa f aaaaaaaa 1 02 aaaaaaaa
0000000000000020 106102040000f000 0 00 00000000 0 0 0 0000000000000021 aaaaaaaa f aaaaaaaa 1 02 aaaaaaaa
0000000000000021 340003020000f000 0 00 00000000 0 0 0 0000000000000022 aaaaaaaa f aaaaaaaa 1 03 aaaaaaaa
0000000000000022 101005050600f000 0 00 00000000 0 0 0 0000000000000023 aaaaaaaa f aaaaaaaa 1 05 aaaaaaaa
0000000000000023 100106067ffff000 0 00 00000000 0 0 0 0000000000000024 aaaaaaaa f aaaaaaaa 1 06 aaaaaaaa
0000000000000024 00131e0000000100 1 1e 00000001 0 0 0 0000000000000025 aaaaaaaa f aaaaaaaa 0 00 aaaaaaaa
0000000000000025 0023171700000100 1 17 00000001 0 0 0 0000000000000026 aaaaaaaa f aaaaaaaa 0 00 aaaaaaaa
0000000000000026 00731e1e00000100 1 1e 00000000 0 0 0 0000000000000027 aaaaaaaa f aaaaaaaa 0 00 aaaaaaaa
0000000000000027 0013180000000000 1 18 00000000 0 0 0 0000000000000028 aaaaaaaa f aaaaaaaa 0 00 aaaaaaaa
0000000000000028 0102001e18000000 0 00 00000000 5 1 0 0000000000000029 aaaaaaaa f aaaaaaaa 0 00 aaaaaaaa
0000000000000029 0215fffffb040000 0 00 00000000 5 1 0 000000000000002a aaaaaaaa f aaaaaaaa 0 00 aaaaaaaa
000000000000002a 7cf5000000000000 0 00 00000000 5 1 0 000000000000002b aaaaaaaa f aaaaaaaa 0 00 aaaaaaaa
DONE retired=43 fault=00 pc=000000000000002a
