0000000000000000 0013140000004d00 1 14 0000004d 0 0 0 0000000000000001 fe13d6e6 f fe13d6e6 0 00 fe13d6e6
0000000000000001 0013150000000000 1 15 00000000 0 0 0 0000000000000002 fe13d6e6 f fe13d6e6 0 00 fe13d6e6
0000000000000002 3420041500000000 0 00 00000000 0 0 0 0000000000000003 fe13d6e6 0 fe13d6e6 1 04 fe13d6e6
0000000000000003 340005020000f000 0 00 00000000 0 0 0 0000000000000004 fe13d6e6 f fe13d6e6 1 05 fe13d6e6
0000000000000004 3411050010a8f000 0 00 00000000 0 0 0 0000000000000005 fe13d6e6 f fe13d6e6 1 05 fe13d6e6
0000000000000005 0013160055555500 1 16 00555555 0 0 0 0000000000000006 fe13d6e6 f fe13d6e6 0 00 fe13d6e6
0000000000000006 342003160000f000 0 00 00000000 0 0 0 0000000000000007 fe13d6e6 f fe13d6e6 1 03 fe13d6e6
0000000000000007 10810303003ff000 0 00 00000000 0 0 0 0000000000000008 fe13d6e6 f fe13d6e6 1 03 fe13d6e6
0000000000000008 34110400ba4bf000 0 00 00000000 0 0 0 0000000000000009 fe13d6e6 f fe13d6e6 1 04 fe13d6e6
0000000000000009 3411030000003000 0 00 00000000 0 0 0 000000000000000a fe13d6e6 3 7e13d6e6 1 03 7e13d6e6
000000000000000a 34110300ffff4000 0 00 00000000 0 0 0 000000000000000b fe13d6e6 4 981352e6 1 03 981352e6
000000000000000b 100003030200c000 0 00 00000000 0 0 0 000000000000000c fe13d6e6 c 7e13d6e6 1 03 7e13d6e6
000000000000000c 0013160055555500 1 16 00555555 0 0 0 000000000000000d fe13d6e6 f fe13d6e6 0 00 fe13d6e6
000000000000000d 342004160000f000 0 00 00000000 0 0 0 000000000000000e fe13d6e6 f fe13d6e6 1 04 fe13d6e6
000000000000000e 10810404003ff000 0 00 00000000 0 0 0 000000000000000f fe13d6e6 f fe13d6e6 1 04 fe13d6e6
000000000000000f 101003030300f000 0 00 00000000 0 0 0 0000000000000010 fe13d6e6 f fe13d6e6 1 03 fe13d6e6
0000000000000010 0013160000000000 1 16 00000000 0 0 0 0000000000000011 fe13d6e6 f fe13d6e6 0 00 fe13d6e6
0000000000000011 342002160000f000 0 00 00000000 0 0 0 0000000000000012 fe13d6e6 f fe13d6e6 1 02 fe13d6e6
0000000000000012 108104020010f000 0 00 00000000 0 0 0 0000000000000013 fe13d6e6 f fe13d6e6 1 04 fe13d6e6
0000000000000013 106102020010f000 0 00 00000000 0 0 0 0000000000000014 fe13d6e6 f fe13d6e6 1 02 fe13d6e6
0000000000000014 10710506000ff000 0 00 00000000 0 0 0 0000000000000015 fe13d6e6 f fe13d6e6 1 05 fe13d6e6
0000000000000015 106103060021f000 0 00 00000000 0 0 0 0000000000000016 fe13d6e6 f fe13d6e6 1 03 fe13d6e6
0000000000000016 106104060010f000 0 00 00000000 0 0 0 0000000000000017 fe13d6e6 f fe13d6e6 1 04 fe13d6e6
0000000000000017 106106050010f000 0 00 00000000 0 0 0 0000000000000018 fe13d6e6 f fe13d6e6 1 06 fe13d6e6
0000000000000018 0013160000000100 1 16 00000001 0 0 0 0000000000000019 fe13d6e6 f fe13d6e6 0 00 fe13d6e6
0000000000000019 342002160000f000 0 00 00000000 0 0 0 000000000000001a fe13d6e6 f fe13d6e6 1 02 fe13d6e6
000000000000001a 10810202001df000 0 00 00000000 0 0 0 000000000000001b fe13d6e6 f fe13d6e6 1 02 fe13d6e6
000000000000001b 3411030000011000 0 00 00000000 0 0 0 000000000000001c fe13d6e6 1 00000000 1 03 00000000
000000000000001c 00131500ffffff00 1 15 ffffffff 0 0 0 000000000000001d fe13d6e6 f fe13d6e6 0 00 fe13d6e6
000000000000001d 342005150000f000 0 00 00000000 0 0 0 000000000000001e fe13d6e6 f fe13d6e6 1 05 fe13d6e6
000000000000001e 341104009e7d7000 0 00 00000000 0 0 0 000000000000001f fe13d6e6 7 00000000 1 04 00000000
000000000000001f 3411050048b5f000 0 00 00000000 0 0 0 0000000000000020 fe13d6e6 f fe13d6e6 1 05 fe13d6e6
0000000000000020 340004060000f000 0 00 00000000 0 0 0 0000000000000021 fe13d6e6 f fe13d6e6 1 04 fe13d6e6
0000000000000021 102003040400d000 0 00 00000000 0 0 0 0000000000000022 fe13d6e6 d a4101466 1 03 a4101466
0000000000000022 0013160055555500 1 16 00555555 0 0 0 0000000000000023 fe13d6e6 f fe13d6e6 0 00 fe13d6e6
0000000000000023 342005160000f000 0 00 00000000 0 0 0 0000000000000024 fe13d6e6 f fe13d6e6 1 05 fe13d6e6
0000000000000024 108103050001f000 0 00 00000000 0 0 0 0000000000000025 fe13d6e6 f fe13d6e6 1 03 fe13d6e6
0000000000000025 0013160000000000 1 16 00000000 0 0 0 0000000000000026 fe13d6e6 f fe13d6e6 0 00 fe13d6e6
0000000000000026 342003160000f000 0 00 00000000 0 0 0 0000000000000027 fe13d6e6 f fe13d6e6 1 03 fe13d6e6
0000000000000027 10810503003ff000 0 00 00000000 0 0 0 0000000000000028 fe13d6e6 f fe13d6e6 1 05 fe13d6e6
0000000000000028 107102040021f000 0 00 00000000 0 0 0 0000000000000029 fe13d6e6 f fe13d6e6 1 02 fe13d6e6
0000000000000029 10710602003ff000 0 00 00000000 0 0 0 000000000000002a fe13d6e6 f fe13d6e6 1 06 fe13d6e6
000000000000002a 10610203000ff000 0 00 00000000 0 0 0 000000000000002b fe13d6e6 f fe13d6e6 1 02 fe13d6e6
000000000000002b 107106030020f000 0 00 00000000 0 0 0 000000000000002c fe13d6e6 f fe13d6e6 1 06 fe13d6e6
000000000000002c 00131e0000000300 1 1e 00000003 0 0 0 000000000000002d fe13d6e6 f fe13d6e6 0 00 fe13d6e6
000000000000002d 0023171700000100 1 17 00000001 0 0 0 000000000000002e fe13d6e6 f fe13d6e6 0 00 fe13d6e6
000000000000002e 00731e1e00000100 1 1e 00000002 0 0 0 000000000000002f fe13d6e6 f fe13d6e6 0 00 fe13d6e6
000000000000002f 0013180000000000 1 18 00000000 0 0 0 0000000000000030 fe13d6e6 f fe13d6e6 0 00 fe13d6e6
0000000000000030 0102001e18000000 0 00 00000000 4 0 0 0000000000000031 fe13d6e6 f fe13d6e6 0 00 fe13d6e6
0000000000000031 0215fffffb040000 0 00 00000000 4 0 1 000000000000002d fe13d6e6 f fe13d6e6 0 00 fe13d6e6
000000000000002d 0023171700000100 1 17 00000002 4 0 0 000000000000002e fe13d6e6 f fe13d6e6 0 00 fe13d6e6
000000000000002e 00731e1e00000100 1 1e 00000001 4 0 0 000000000000002f fe13d6e6 f fe13d6e6 0 00 fe13d6e6
000000000000002f 0013180000000000 1 18 00000000 4 0 0 0000000000000030 fe13d6e6 f fe13d6e6 0 00 fe13d6e6
0000000000000030 0102001e18000000 0 00 00000000 4 0 0 0000000000000031 fe13d6e6 f fe13d6e6 0 00 fe13d6e6
0000000000000031 0215fffffb040000 0 00 00000000 4 0 1 000000000000002d fe13d6e6 f fe13d6e6 0 00 fe13d6e6
000000000000002d 0023171700000100 1 17 00000003 4 0 0 000000000000002e fe13d6e6 f fe13d6e6 0 00 fe13d6e6
000000000000002e 00731e1e00000100 1 1e 00000000 4 0 0 000000000000002f fe13d6e6 f fe13d6e6 0 00 fe13d6e6
000000000000002f 0013180000000000 1 18 00000000 4 0 0 0000000000000030 fe13d6e6 f fe13d6e6 0 00 fe13d6e6
0000000000000030 0102001e18000000 0 00 00000000 5 1 0 0000000000000031 fe13d6e6 f fe13d6e6 0 00 fe13d6e6
0000000000000031 0215fffffb040000 0 00 00000000 5 1 0 0000000000000032 fe13d6e6 f fe13d6e6 0 00 fe13d6e6
0000000000000032 7cf5000000000000 0 00 00000000 5 1 0 0000000000000033 fe13d6e6 f fe13d6e6 0 00 fe13d6e6
DONE retired=61 fault=00 pc=0000000000000032
