0000000000000000 00131d0000000000 1 1d 00000000 0 0 0 0000000000000001
0000000000000001 00130900d2461a00 1 09 ffd2461a 0 0 0 0000000000000002
0000000000000002 0092030900000000 1 03 002db9e5 0 0 0 0000000000000003
0000000000000003 0306000000000600 1 06 00000000 0 0 0 0000000000000004
0000000000000004 0112000e0d000000 0 00 00000000 5 0 0 0000000000000005
0000000000000005 0215000003010000 0 00 00000000 5 0 0 0000000000000006
0000000000000006 8506000000000000 0 00 00000000 5 0 0 0000000000000007
0000000000000007 8506000000000000 0 00 00000000 5 0 0 0000000000000008
0000000000000008 8506000000000000 0 00 00000000 5 0 0 0000000000000009
0000000000000009 00131300ffffff00 1 13 ffffffff 5 0 0 000000000000000a
000000000000000a 00b3040f00001700 1 04 00000000 5 0 0 000000000000000b
000000000000000b 0092140400000000 1 14 ffffffff 5 0 0 000000000000000c
000000000000000c 00a3040600001400 1 04 00000000 5 0 0 000000000000000d
000000000000000d 00920b0e00000000 1 0b ffffffff 5 0 0 000000000000000e
000000000000000e 00131200ffffff00 1 12 ffffffff 5 0 0 000000000000000f
000000000000000f 00730a0900000000 1 0a ffd2461a 5 0 0 0000000000000010
0000000000000010 8506000000000000 0 00 00000000 5 0 0 0000000000000011
0000000000000011 00131e0000000100 1 1e 00000001 5 0 0 0000000000000012
0000000000000012 0023151500000100 1 15 00000001 5 0 0 0000000000000013
0000000000000013 00731e1e00000100 1 1e 00000000 5 0 0 0000000000000014
0000000000000014 0102001e1d000000 0 00 00000000 5 1 0 0000000000000015
0000000000000015 0215fffffc040000 0 00 00000000 5 1 0 0000000000000016
0000000000000016 7cf5000000000000 0 00 00000000 5 1 0 0000000000000017
DONE retired=23 fault=00 pc=0000000000000016
