0000000000000000 00131d0000000000 1 1d 00000000 0 0 0 0000000000000001
0000000000000001 8506000000000000 0 00 00000000 0 0 0 0000000000000002
0000000000000002 00130900aaaaaa00 1 09 ffaaaaaa 0 0 0 0000000000000003
0000000000000003 0112000d02000000 0 00 00000000 5 0 0 0000000000000004
0000000000000004 02150000030b0000 0 00 00000000 5 0 0 0000000000000005
0000000000000005 8506000000000000 0 00 00000000 5 0 0 0000000000000006
0000000000000006 8506000000000000 0 00 00000000 5 0 0 0000000000000007
0000000000000007 8506000000000000 0 00 00000000 5 0 0 0000000000000008
0000000000000008 0102000d04000000 0 00 00000000 5 1 0 0000000000000009
0000000000000009 02150000020c0000 0 00 00000000 5 1 1 000000000000000c
000000000000000c 0013060091886f00 1 06 ff91886f 5 1 0 000000000000000d
000000000000000d 0082110409000000 1 11 ffaaaaaa 5 1 0 000000000000000e
000000000000000e 00130c00aaaaaa00 1 0c ffaaaaaa 5 1 0 000000000000000f
000000000000000f 00320a0e07000000 1 0a 00000000 5 1 0 0000000000000010
0000000000000010 00131e0000000100 1 1e 00000001 5 1 0 0000000000000011
0000000000000011 0023151500000100 1 15 00000001 5 1 0 0000000000000012
0000000000000012 00731e1e00000100 1 1e 00000000 5 1 0 0000000000000013
0000000000000013 0102001e1d000000 0 00 00000000 5 1 0 0000000000000014
0000000000000014 0215fffffc040000 0 00 00000000 5 1 0 0000000000000015
0000000000000015 7cf5000000000000 0 00 00000000 5 1 0 0000000000000016
DONE retired=20 fault=00 pc=0000000000000015
