0000000000000000 0013140000004d00 1 14 0000004d 0 0 0 0000000000000001 cdd4dbef f cdd4dbef 0 00 cdd4dbef
0000000000000001 3411060000010000 0 00 00000000 0 0 0 0000000000000002 cdd4dbef 0 45545145 1 06 45545145
0000000000000002 102005030500f000 0 00 00000000 0 0 0 0000000000000003 cdd4dbef f cdd4dbef 1 05 cdd4dbef
0000000000000003 341104000000f000 0 00 00000000 0 0 0 0000000000000004 cdd4dbef f cdd4dbef 1 04 cdd4dbef
0000000000000004 00131500ffffff00 1 15 ffffffff 0 0 0 0000000000000005 cdd4dbef f cdd4dbef 0 00 cdd4dbef
0000000000000005 342006150000f000 0 00 00000000 0 0 0 0000000000000006 cdd4dbef f cdd4dbef 1 06 cdd4dbef
0000000000000006 34110600f774c000 0 00 00000000 0 0 0 0000000000000007 cdd4dbef c cdd4dbef 1 06 cdd4dbef
0000000000000007 106104030020f000 0 00 00000000 0 0 0 0000000000000008 cdd4dbef f cdd4dbef 1 04 cdd4dbef
0000000000000008 00131500ffffff00 1 15 ffffffff 0 0 0 0000000000000009 cdd4dbef f cdd4dbef 0 00 cdd4dbef
0000000000000009 342005150000f000 0 00 00000000 0 0 0 000000000000000a cdd4dbef f cdd4dbef 1 05 cdd4dbef
000000000000000a 104002050400f000 0 00 00000000 0 0 0 000000000000000b cdd4dbef f cdd4dbef 1 02 cdd4dbef
000000000000000b 100003040400f000 0 00 00000000 0 0 0 000000000000000c cdd4dbef f cdd4dbef 1 03 cdd4dbef
000000000000000c 341104000000f000 0 00 00000000 0 0 0 000000000000000d cdd4dbef f cdd4dbef 1 04 cdd4dbef
000000000000000d 0013150000000000 1 15 00000000 0 0 0 000000000000000e cdd4dbef f cdd4dbef 0 00 cdd4dbef
000000000000000e 342003150000f000 0 00 00000000 0 0 0 000000000000000f cdd4dbef f cdd4dbef 1 03 cdd4dbef
000000000000000f 00131e0000000300 1 1e 00000003 0 0 0 0000000000000010 cdd4dbef f cdd4dbef 0 00 cdd4dbef
0000000000000010 0023171700000100 1 17 00000001 0 0 0 0000000000000011 cdd4dbef f cdd4dbef 0 00 cdd4dbef
0000000000000011 00731e1e00000100 1 1e 00000002 0 0 0 0000000000000012 cdd4dbef f cdd4dbef 0 00 cdd4dbef
0000000000000012 0013180000000000 1 18 00000000 0 0 0 0000000000000013 cdd4dbef f cdd4dbef 0 00 cdd4dbef
0000000000000013 0102001e18000000 0 00 00000000 4 0 0 0000000000000014 cdd4dbef f cdd4dbef 0 00 cdd4dbef
0000000000000014 0215fffffb040000 0 00 00000000 4 0 1 0000000000000010 cdd4dbef f cdd4dbef 0 00 cdd4dbef
0000000000000010 0023171700000100 1 17 00000002 4 0 0 0000000000000011 cdd4dbef f cdd4dbef 0 00 cdd4dbef
0000000000000011 00731e1e00000100 1 1e 00000001 4 0 0 0000000000000012 cdd4dbef f cdd4dbef 0 00 cdd4dbef
0000000000000012 0013180000000000 1 18 00000000 4 0 0 0000000000000013 cdd4dbef f cdd4dbef 0 00 cdd4dbef
0000000000000013 0102001e18000000 0 00 00000000 4 0 0 0000000000000014 cdd4dbef f cdd4dbef 0 00 cdd4dbef
0000000000000014 0215fffffb040000 0 00 00000000 4 0 1 0000000000000010 cdd4dbef f cdd4dbef 0 00 cdd4dbef
0000000000000010 0023171700000100 1 17 00000003 4 0 0 0000000000000011 cdd4dbef f cdd4dbef 0 00 cdd4dbef
0000000000000011 00731e1e00000100 1 1e 00000000 4 0 0 0000000000000012 cdd4dbef f cdd4dbef 0 00 cdd4dbef
0000000000000012 0013180000000000 1 18 00000000 4 0 0 0000000000000013 cdd4dbef f cdd4dbef 0 00 cdd4dbef
0000000000000013 0102001e18000000 0 00 00000000 5 1 0 0000000000000014 cdd4dbef f cdd4dbef 0 00 cdd4dbef
0000000000000014 0215fffffb040000 0 00 00000000 5 1 0 0000000000000015 cdd4dbef f cdd4dbef 0 00 cdd4dbef
0000000000000015 7cf5000000000000 0 00 00000000 5 1 0 0000000000000016 cdd4dbef f cdd4dbef 0 00 cdd4dbef
DONE retired=32 fault=00 pc=0000000000000015
