0000000000000000 00131d0000000000 1 1d 00000000 0 0 0 0000000000000001
0000000000000001 006211100c000000 1 11 00000000 0 0 0 0000000000000002
0000000000000002 001307009558ae00 1 07 ff9558ae 0 0 0 0000000000000003
0000000000000003 011200010a000000 0 00 00000000 5 0 0 0000000000000004
0000000000000004 0215000003010000 0 00 00000000 5 0 0 0000000000000005
0000000000000005 8506000000000000 0 00 00000000 5 0 0 0000000000000006
0000000000000006 8506000000000000 0 00 00000000 5 0 0 0000000000000007
0000000000000007 8506000000000000 0 00 00000000 5 0 0 0000000000000008
0000000000000008 0102000204000000 0 00 00000000 5 1 0 0000000000000009
0000000000000009 0215000003020000 0 00 00000000 5 1 0 000000000000000a
000000000000000a 8506000000000000 0 00 00000000 5 1 0 000000000000000b
000000000000000b 8506000000000000 0 00 00000000 5 1 0 000000000000000c
000000000000000c 8506000000000000 0 00 00000000 5 1 0 000000000000000d
000000000000000d 0063110a00001e00 1 11 00000000 5 1 0 000000000000000e
000000000000000e 0092050500000000 1 05 ffffffff 5 1 0 000000000000000f
000000000000000f 003203010a000000 1 03 00000000 5 1 0 0000000000000010
0000000000000010 8506000000000000 0 00 00000000 5 1 0 0000000000000011
0000000000000011 0022050c0f000000 1 05 00000000 5 1 0 0000000000000012
0000000000000012 00b2090609000000 1 09 00000000 5 1 0 0000000000000013
0000000000000013 00130d0000000100 1 0d 00000001 5 1 0 0000000000000014
0000000000000014 8506000000000000 0 00 00000000 5 1 0 0000000000000015
0000000000000015 00b2090510000000 1 09 00000000 5 1 0 0000000000000016
0000000000000016 0082100813000000 1 10 00000000 5 1 0 0000000000000017
0000000000000017 00130100284b9800 1 01 00284b98 5 1 0 0000000000000018
0000000000000018 00131e0000000100 1 1e 00000001 5 1 0 0000000000000019
0000000000000019 0023151500000100 1 15 00000001 5 1 0 000000000000001a
000000000000001a 00731e1e00000100 1 1e 00000000 5 1 0 000000000000001b
000000000000001b 0102001e1d000000 0 00 00000000 5 1 0 000000000000001c
000000000000001c 0215fffffc040000 0 00 00000000 5 1 0 000000000000001d
000000000000001d 7cf5000000000000 0 00 00000000 5 1 0 000000000000001e
DONE retired=30 fault=00 pc=000000000000001d
