0000000000000000 0013140000004d00 1 14 0000004d 0 0 0 0000000000000001 ffffffc0 f ffffffc0 0 00 ffffffc0
0000000000000001 340005020000f000 0 00 00000000 0 0 0 0000000000000002 ffffffc0 f ffffffc0 1 05 ffffffc0
0000000000000002 105002040400f000 0 00 00000000 0 0 0 0000000000000003 ffffffc0 f ffffffc0 1 02 ffffffc0
0000000000000003 341105005d78f000 0 00 00000000 0 0 0 0000000000000004 ffffffc0 f ffffffc0 1 05 ffffffc0
0000000000000004 100003020600f000 0 00 00000000 0 0 0 0000000000000005 ffffffc0 f ffffffc0 1 03 ffffffc0
0000000000000005 107103030020f000 0 00 00000000 0 0 0 0000000000000006 ffffffc0 f ffffffc0 1 03 ffffffc0
0000000000000006 34110300625fa000 0 00 00000000 0 0 0 0000000000000007 ffffffc0 a 55555540 1 03 55555540
0000000000000007 103006020400f000 0 00 00000000 0 0 0 0000000000000008 ffffffc0 f ffffffc0 1 06 ffffffc0
0000000000000008 0013150000000000 1 15 00000000 0 0 0 0000000000000009 ffffffc0 f ffffffc0 0 00 ffffffc0
0000000000000009 342002150000f000 0 00 00000000 0 0 0 000000000000000a ffffffc0 f ffffffc0 1 02 ffffffc0
000000000000000a 340003020000f000 0 00 00000000 0 0 0 000000000000000b ffffffc0 f ffffffc0 1 03 ffffffc0
000000000000000b 341105008000f000 0 00 00000000 0 0 0 000000000000000c ffffffc0 f ffffffc0 1 05 ffffffc0
000000000000000c 00131500ffffff00 1 15 ffffffff 0 0 0 000000000000000d ffffffc0 f ffffffc0 0 00 ffffffc0
000000000000000d 342004150000f000 0 00 00000000 0 0 0 000000000000000e ffffffc0 f ffffffc0 1 04 ffffffc0
000000000000000e 341103005c3f2000 0 00 00000000 0 0 0 000000000000000f ffffffc0 2 f5738240 1 03 f5738240
000000000000000f 340003020000f000 0 00 00000000 0 0 0 0000000000000010 ffffffc0 f ffffffc0 1 03 ffffffc0
0000000000000010 104006060600f000 0 00 00000000 0 0 0 0000000000000011 ffffffc0 f ffffffc0 1 06 ffffffc0
0000000000000011 0013160000000000 1 16 00000000 0 0 0 0000000000000012 ffffffc0 f ffffffc0 0 00 ffffffc0
0000000000000012 342002160000f000 0 00 00000000 0 0 0 0000000000000013 ffffffc0 f ffffffc0 1 02 ffffffc0
0000000000000013 108104020010f000 0 00 00000000 0 0 0 0000000000000014 ffffffc0 f ffffffc0 1 04 ffffffc0
0000000000000014 106104020010f000 0 00 00000000 0 0 0 0000000000000015 ffffffc0 f ffffffc0 1 04 ffffffc0
0000000000000015 00131500aaaaaa00 1 15 ffaaaaaa 0 0 0 0000000000000016 ffffffc0 f ffffffc0 0 00 ffffffc0
0000000000000016 3420021500008000 0 00 00000000 0 0 0 0000000000000017 ffffffc0 8 dddfa5c0 1 02 dddfa5c0
0000000000000017 10710604003ff000 0 00 00000000 0 0 0 0000000000000018 ffffffc0 f ffffffc0 1 06 ffffffc0
0000000000000018 106103020000f000 0 00 00000000 0 0 0 0000000000000019 ffffffc0 f ffffffc0 1 03 ffffffc0
0000000000000019 00131e0000000100 1 1e 00000001 0 0 0 000000000000001a ffffffc0 f ffffffc0 0 00 ffffffc0
000000000000001a 0023171700000100 1 17 00000001 0 0 0 000000000000001b ffffffc0 f ffffffc0 0 00 ffffffc0
000000000000001b 00731e1e00000100 1 1e 00000000 0 0 0 000000000000001c ffffffc0 f ffffffc0 0 00 ffffffc0
000000000000001c 0013180000000000 1 18 00000000 0 0 0 000000000000001d ffffffc0 f ffffffc0 0 00 ffffffc0
000000000000001d 0102001e18000000 0 00 00000000 5 1 0 000000000000001e ffffffc0 f ffffffc0 0 00 ffffffc0
000000000000001e 0215fffffb040000 0 00 00000000 5 1 0 000000000000001f ffffffc0 f ffffffc0 0 00 ffffffc0
000000000000001f 7cf5000000000000 0 00 00000000 5 1 0 0000000000000020 ffffffc0 f ffffffc0 0 00 ffffffc0
DONE retired=32 fault=00 pc=000000000000001f
