0000000000000000 00131d0000000000 1 1d 00000000 0 0 0 0000000000000001
0000000000000001 0052050c01000000 1 05 00000000 0 0 0 0000000000000002
0000000000000002 00130800f5526100 1 08 fff55261 0 0 0 0000000000000003
0000000000000003 8506000000000000 0 00 00000000 0 0 0 0000000000000004
0000000000000004 0072010a09000000 1 01 00000000 0 0 0 0000000000000005
0000000000000005 0306000000000200 1 02 00000000 0 0 0 0000000000000006
0000000000000006 0063020500000b00 1 02 00000000 0 0 0 0000000000000007
0000000000000007 007305123753b700 1 05 ffc8ac49 0 0 0 0000000000000008
0000000000000008 0073110ef0626800 1 11 000f9d98 0 0 0 0000000000000009
0000000000000009 0063100300001e00 1 10 00000000 0 0 0 000000000000000a
000000000000000a 00230c0dffffff00 1 0c ffffffff 0 0 0 000000000000000b
000000000000000b 0092071200000000 1 07 ffffffff 0 0 0 000000000000000c
000000000000000c 001305005e5b9b00 1 05 005e5b9b 0 0 0 000000000000000d
000000000000000d 8506000000000000 0 00 00000000 0 0 0 000000000000000e
000000000000000e 00131e0000000100 1 1e 00000001 0 0 0 000000000000000f
000000000000000f 0023151500000100 1 15 00000001 0 0 0 0000000000000010
0000000000000010 00731e1e00000100 1 1e 00000000 0 0 0 0000000000000011
0000000000000011 0102001e1d000000 0 00 00000000 5 1 0 0000000000000012
0000000000000012 0215fffffc040000 0 00 00000000 5 1 0 0000000000000013
0000000000000013 7cf5000000000000 0 00 00000000 5 1 0 0000000000000014
DONE retired=20 fault=00 pc=0000000000000013
