0000000000000000 0013140000004d00 1 14 0000004d 0 0 0 0000000000000001 55555555 f 55555555 0 00 55555555
0000000000000001 103004060600f000 0 00 00000000 0 0 0 0000000000000002 55555555 f 55555555 1 04 55555555
0000000000000002 1000020604000000 0 00 00000000 0 0 0 0000000000000003 55555555 0 55555555 1 02 55555555
0000000000000003 00131600aaaaaa00 1 16 ffaaaaaa 0 0 0 0000000000000004 55555555 f 55555555 0 00 55555555
0000000000000004 342003160000f000 0 00 00000000 0 0 0 0000000000000005 55555555 f 55555555 1 03 55555555
0000000000000005 108104030020f000 0 00 00000000 0 0 0 0000000000000006 55555555 f 55555555 1 04 55555555
0000000000000006 103104050000f000 0 00 00000000 0 0 0 0000000000000007 55555555 f 55555555 1 04 55555555
0000000000000007 10610205001ff000 0 00 00000000 0 0 0 0000000000000008 55555555 f 55555555 1 02 55555555
0000000000000008 10710602001ff000 0 00 00000000 0 0 0 0000000000000009 55555555 f 55555555 1 06 55555555
0000000000000009 340002040000f000 0 00 00000000 0 0 0 000000000000000a 55555555 f 55555555 1 02 55555555
000000000000000a 34110200ea30f000 0 00 00000000 0 0 0 000000000000000b 55555555 f 55555555 1 02 55555555
000000000000000b 0013150000000100 1 15 00000001 0 0 0 000000000000000c 55555555 f 55555555 0 00 55555555
000000000000000c 342003150000b000 0 00 00000000 0 0 0 000000000000000d 55555555 b 54511501 1 03 54511501
000000000000000d 10410603fffff000 0 00 00000000 0 0 0 000000000000000e 55555555 f 55555555 1 06 55555555
000000000000000e 343002000000f000 0 00 00000000 0 0 0 000000000000000f 55555555 f 55555555 1 02 55555555
000000000000000f 102002040600f000 0 00 00000000 0 0 0 0000000000000010 55555555 f 55555555 1 02 55555555
0000000000000010 00131e0000000200 1 1e 00000002 0 0 0 0000000000000011 55555555 f 55555555 0 00 55555555
0000000000000011 0023171700000100 1 17 00000001 0 0 0 0000000000000012 55555555 f 55555555 0 00 55555555
0000000000000012 00731e1e00000100 1 1e 00000001 0 0 0 0000000000000013 55555555 f 55555555 0 00 55555555
0000000000000013 0013180000000000 1 18 00000000 0 0 0 0000000000000014 55555555 f 55555555 0 00 55555555
0000000000000014 0102001e18000000 0 00 00000000 4 0 0 0000000000000015 55555555 f 55555555 0 00 55555555
0000000000000015 0215fffffb040000 0 00 00000000 4 0 1 0000000000000011 55555555 f 55555555 0 00 55555555
0000000000000011 0023171700000100 1 17 00000002 4 0 0 0000000000000012 55555555 f 55555555 0 00 55555555
0000000000000012 00731e1e00000100 1 1e 00000000 4 0 0 0000000000000013 55555555 f 55555555 0 00 55555555
0000000000000013 0013180000000000 1 18 00000000 4 0 0 0000000000000014 55555555 f 55555555 0 00 55555555
0000000000000014 0102001e18000000 0 00 00000000 5 1 0 0000000000000015 55555555 f 55555555 0 00 55555555
0000000000000015 0215fffffb040000 0 00 00000000 5 1 0 0000000000000016 55555555 f 55555555 0 00 55555555
0000000000000016 7cf5000000000000 0 00 00000000 5 1 0 0000000000000017 55555555 f 55555555 0 00 55555555
DONE retired=28 fault=00 pc=0000000000000016
