0000000000000000 0013140000004d00 1 14 0000004d 0 0 0 0000000000000001 0000003f f 0000003f 0 00 0000003f
0000000000000001 101006030500c000 0 00 00000000 0 0 0 0000000000000002 0000003f c 0000003f 1 06 0000003f
0000000000000002 340006040000f000 0 00 00000000 0 0 0 0000000000000003 0000003f f 0000003f 1 06 0000003f
0000000000000003 104106060c11f000 0 00 00000000 0 0 0 0000000000000004 0000003f f 0000003f 1 06 0000003f
0000000000000004 105006040600a000 0 00 00000000 0 0 0 0000000000000005 0000003f a 00000005 1 06 00000005
0000000000000005 107106050001f000 0 00 00000000 0 0 0 0000000000000006 0000003f f 0000003f 1 06 0000003f
0000000000000006 107104030021f000 0 00 00000000 0 0 0 0000000000000007 0000003f f 0000003f 1 04 0000003f
0000000000000007 10610303003ff000 0 00 00000000 0 0 0 0000000000000008 0000003f f 0000003f 1 03 0000003f
0000000000000008 00131600aaaaaa00 1 16 ffaaaaaa 0 0 0 0000000000000009 0000003f f 0000003f 0 00 0000003f
0000000000000009 342003160000f000 0 00 00000000 0 0 0 000000000000000a 0000003f f 0000003f 1 03 0000003f
000000000000000a 108104030021f000 0 00 00000000 0 0 0 000000000000000b 0000003f f 0000003f 1 04 0000003f
000000000000000b 107105040000f000 0 00 00000000 0 0 0 000000000000000c 0000003f f 0000003f 1 05 0000003f
000000000000000c 10610603000ff000 0 00 00000000 0 0 0 000000000000000d 0000003f f 0000003f 1 06 0000003f
000000000000000d 106106040021f000 0 00 00000000 0 0 0 000000000000000e 0000003f f 0000003f 1 06 0000003f
000000000000000e 00131500ffffff00 1 15 ffffffff 0 0 0 000000000000000f 0000003f f 0000003f 0 00 0000003f
000000000000000f 342004150000f000 0 00 00000000 0 0 0 0000000000000010 0000003f f 0000003f 1 04 0000003f
0000000000000010 343005000000f000 0 00 00000000 0 0 0 0000000000000011 0000003f f 0000003f 1 05 0000003f
0000000000000011 104002040600f000 0 00 00000000 0 0 0 0000000000000012 0000003f f 0000003f 1 02 0000003f
0000000000000012 105002020200f000 0 00 00000000 0 0 0 0000000000000013 0000003f f 0000003f 1 02 0000003f
0000000000000013 100102066c66f000 0 00 00000000 0 0 0 0000000000000014 0000003f f 0000003f 1 02 0000003f
0000000000000014 1030050305004000 0 00 00000000 0 0 0 0000000000000015 0000003f 4 0000003f 1 05 0000003f
0000000000000015 341104000000f000 0 00 00000000 0 0 0 0000000000000016 0000003f f 0000003f 1 04 0000003f
0000000000000016 340003030000f000 0 00 00000000 0 0 0 0000000000000017 0000003f f 0000003f 1 03 0000003f
0000000000000017 1050040404002000 0 00 00000000 0 0 0 0000000000000018 0000003f 2 00000027 1 04 00000027
0000000000000018 00131500ffffff00 1 15 ffffffff 0 0 0 0000000000000019 0000003f f 0000003f 0 00 0000003f
0000000000000019 342005150000f000 0 00 00000000 0 0 0 000000000000001a 0000003f f 0000003f 1 05 0000003f
000000000000001a 340002050000f000 0 00 00000000 0 0 0 000000000000001b 0000003f f 0000003f 1 02 0000003f
000000000000001b 0013160000000000 1 16 00000000 0 0 0 000000000000001c 0000003f f 0000003f 0 00 0000003f
000000000000001c 342002160000f000 0 00 00000000 0 0 0 000000000000001d 0000003f f 0000003f 1 02 0000003f
000000000000001d 10810402001ff000 0 00 00000000 0 0 0 000000000000001e 0000003f f 0000003f 1 04 0000003f
000000000000001e 34110600b25af000 0 00 00000000 0 0 0 000000000000001f 0000003f f 0000003f 1 06 0000003f
000000000000001f 10610205003ff000 0 00 00000000 0 0 0 0000000000000020 0000003f f 0000003f 1 02 0000003f
0000000000000020 00131e0000000300 1 1e 00000003 0 0 0 0000000000000021 0000003f f 0000003f 0 00 0000003f
0000000000000021 0023171700000100 1 17 00000001 0 0 0 0000000000000022 0000003f f 0000003f 0 00 0000003f
0000000000000022 00731e1e00000100 1 1e 00000002 0 0 0 0000000000000023 0000003f f 0000003f 0 00 0000003f
0000000000000023 0013180000000000 1 18 00000000 0 0 0 0000000000000024 0000003f f 0000003f 0 00 0000003f
0000000000000024 0102001e18000000 0 00 00000000 4 0 0 0000000000000025 0000003f f 0000003f 0 00 0000003f
0000000000000025 0215fffffb040000 0 00 00000000 4 0 1 0000000000000021 0000003f f 0000003f 0 00 0000003f
0000000000000021 0023171700000100 1 17 00000002 4 0 0 0000000000000022 0000003f f 0000003f 0 00 0000003f
0000000000000022 00731e1e00000100 1 1e 00000001 4 0 0 0000000000000023 0000003f f 0000003f 0 00 0000003f
0000000000000023 0013180000000000 1 18 00000000 4 0 0 0000000000000024 0000003f f 0000003f 0 00 0000003f
0000000000000024 0102001e18000000 0 00 00000000 4 0 0 0000000000000025 0000003f f 0000003f 0 00 0000003f
0000000000000025 0215fffffb040000 0 00 00000000 4 0 1 0000000000000021 0000003f f 0000003f 0 00 0000003f
0000000000000021 0023171700000100 1 17 00000003 4 0 0 0000000000000022 0000003f f 0000003f 0 00 0000003f
0000000000000022 00731e1e00000100 1 1e 00000000 4 0 0 0000000000000023 0000003f f 0000003f 0 00 0000003f
0000000000000023 0013180000000000 1 18 00000000 4 0 0 0000000000000024 0000003f f 0000003f 0 00 0000003f
0000000000000024 0102001e18000000 0 00 00000000 5 1 0 0000000000000025 0000003f f 0000003f 0 00 0000003f
0000000000000025 0215fffffb040000 0 00 00000000 5 1 0 0000000000000026 0000003f f 0000003f 0 00 0000003f
0000000000000026 7cf5000000000000 0 00 00000000 5 1 0 0000000000000027 0000003f f 0000003f 0 00 0000003f
DONE retired=49 fault=00 pc=0000000000000026
