0000000000000000 00131d0000000000 1 1d 00000000 0 0 0 0000000000000001
0000000000000001 0022090a0e000000 1 09 00000000 0 0 0 0000000000000002
0000000000000002 0122000a0e000000 0 00 00000000 5 0 0 0000000000000003
0000000000000003 02150000030b0000 0 00 00000000 5 0 0 0000000000000004
0000000000000004 8506000000000000 0 00 00000000 5 0 0 0000000000000005
0000000000000005 8506000000000000 0 00 00000000 5 0 0 0000000000000006
0000000000000006 8506000000000000 0 00 00000000 5 0 0 0000000000000007
0000000000000007 0013010059a93800 1 01 0059a938 5 0 0 0000000000000008
0000000000000008 00730702dbb0d300 1 07 00244f2d 5 0 0 0000000000000009
0000000000000009 00130500db58a300 1 05 ffdb58a3 5 0 0 000000000000000a
000000000000000a 0032030c0e000000 1 03 00000000 5 0 0 000000000000000b
000000000000000b 0023120100000000 1 12 0059a938 5 0 0 000000000000000c
000000000000000c 0072090602000000 1 09 00000000 5 0 0 000000000000000d
000000000000000d 0112001307000000 0 00 00000000 2 1 0 000000000000000e
000000000000000e 0215000003010000 0 00 00000000 2 1 1 0000000000000012
0000000000000012 8506000000000000 0 00 00000000 2 1 0 0000000000000013
0000000000000013 010200140a000000 0 00 00000000 5 1 0 0000000000000014
0000000000000014 0215000003030000 0 00 00000000 5 1 1 0000000000000018
0000000000000018 0062050707000000 1 05 89e5a000 5 1 0 0000000000000019
0000000000000019 0023141400000100 1 14 00000001 5 1 0 000000000000001a
000000000000001a 0063061100001500 1 06 00000000 5 1 0 000000000000001b
000000000000001b 00230e05a1ab9a00 1 0e 89874b9a 5 1 0 000000000000001c
000000000000001c 8506000000000000 0 00 00000000 5 1 0 000000000000001d
000000000000001d 8506000000000000 0 00 00000000 5 1 0 000000000000001e
000000000000001e 0072020b0b000000 1 02 00000000 5 1 0 000000000000001f
000000000000001f 0092011100000000 1 01 ffffffff 5 1 0 0000000000000020
0000000000000020 8506000000000000 0 00 00000000 5 1 0 0000000000000021
0000000000000021 00131000296a1200 1 10 00296a12 5 1 0 0000000000000022
0000000000000022 00230d0400251c00 1 0d 0000251c 5 1 0 0000000000000023
0000000000000023 010200080d000000 0 00 00000000 2 0 0 0000000000000024
0000000000000024 0215000001010000 0 00 00000000 2 0 0 0000000000000025
0000000000000025 8506000000000000 0 00 00000000 2 0 0 0000000000000026
0000000000000026 0122000f03000000 0 00 00000000 5 0 0 0000000000000027
0000000000000027 02150000020e0000 0 00 00000000 5 0 1 000000000000002a
000000000000002a 001312006a2f2700 1 12 006a2f27 5 0 0 000000000000002b
000000000000002b 00131400303c7400 1 14 00303c74 5 0 0 000000000000002c
000000000000002c 0032131203000000 1 13 00000000 5 0 0 000000000000002d
000000000000002d 0306000000001200 1 12 00000000 5 0 0 000000000000002e
000000000000002e 0042111010000000 1 11 00296a12 5 0 0 000000000000002f
000000000000002f 0306000000000300 1 03 00000000 5 0 0 0000000000000030
0000000000000030 0082010209000000 1 01 00000000 5 0 0 0000000000000031
0000000000000031 8506000000000000 0 00 00000000 5 0 0 0000000000000032
0000000000000032 0306000000000900 1 09 00000000 5 0 0 0000000000000033
0000000000000033 00920b0500000000 1 0b 761a5fff 5 0 0 0000000000000034
0000000000000034 8506000000000000 0 00 00000000 5 0 0 0000000000000035
0000000000000035 00130a0055555500 1 0a 00555555 5 0 0 0000000000000036
0000000000000036 00920c1100000000 1 0c ffd695ed 5 0 0 0000000000000037
0000000000000037 0112000805000000 0 00 00000000 0 0 0 0000000000000038
0000000000000038 02150000030b0000 0 00 00000000 0 0 0 0000000000000039
0000000000000039 8506000000000000 0 00 00000000 0 0 0 000000000000003a
000000000000003a 8506000000000000 0 00 00000000 0 0 0 000000000000003b
000000000000003b 8506000000000000 0 00 00000000 0 0 0 000000000000003c
000000000000003c 8506000000000000 0 00 00000000 0 0 0 000000000000003d
000000000000003d 0306000000000400 1 04 00000000 0 0 0 000000000000003e
000000000000003e 00131e0000000200 1 1e 00000002 0 0 0 000000000000003f
000000000000003f 0023151500000100 1 15 00000001 0 0 0 0000000000000040
0000000000000040 00731e1e00000100 1 1e 00000001 0 0 0 0000000000000041
0000000000000041 0102001e1d000000 0 00 00000000 4 0 0 0000000000000042
0000000000000042 0215fffffc040000 0 00 00000000 4 0 1 000000000000003f
000000000000003f 0023151500000100 1 15 00000002 4 0 0 0000000000000040
0000000000000040 00731e1e00000100 1 1e 00000000 4 0 0 0000000000000041
0000000000000041 0102001e1d000000 0 00 00000000 5 1 0 0000000000000042
0000000000000042 0215fffffc040000 0 00 00000000 5 1 0 0000000000000043
0000000000000043 7cf5000000000000 0 00 00000000 5 1 0 0000000000000044
DONE retired=64 fault=00 pc=0000000000000043
