0000000000000000 00131d0000000000 1 1d 00000000 0 0 0 0000000000000001
0000000000000001 00131200b152dd00 1 12 ffb152dd 0 0 0 0000000000000002
0000000000000002 0032061210000000 1 06 00000000 0 0 0 0000000000000003
0000000000000003 0072110106000000 1 11 00000000 0 0 0 0000000000000004
0000000000000004 8506000000000000 0 00 00000000 0 0 0 0000000000000005
0000000000000005 8506000000000000 0 00 00000000 0 0 0 0000000000000006
0000000000000006 0306000000001400 1 14 00000000 0 0 0 0000000000000007
0000000000000007 0032080f0c000000 1 08 00000000 0 0 0 0000000000000008
0000000000000008 0122001203000000 0 00 00000000 6 0 0 0000000000000009
0000000000000009 02150000020e0000 0 00 00000000 6 0 1 000000000000000c
000000000000000c 8506000000000000 0 00 00000000 6 0 0 000000000000000d
000000000000000d 0122000504000000 0 00 00000000 5 0 0 000000000000000e
000000000000000e 02150000020d0000 0 00 00000000 5 0 0 000000000000000f
000000000000000f 8506000000000000 0 00 00000000 5 0 0 0000000000000010
0000000000000010 8506000000000000 0 00 00000000 5 0 0 0000000000000011
0000000000000011 8506000000000000 0 00 00000000 5 0 0 0000000000000012
0000000000000012 00720a0e04000000 1 0a 00000000 5 0 0 0000000000000013
0000000000000013 00b3130300001300 1 13 00000000 5 0 0 0000000000000014
0000000000000014 8506000000000000 0 00 00000000 5 0 0 0000000000000015
0000000000000015 8506000000000000 0 00 00000000 5 0 0 0000000000000016
0000000000000016 00131000aaaaaa00 1 10 ffaaaaaa 5 0 0 0000000000000017
0000000000000017 8506000000000000 0 00 00000000 5 0 0 0000000000000018
0000000000000018 00130400a57d7b00 1 04 ffa57d7b 5 0 0 0000000000000019
0000000000000019 001306008fda4600 1 06 ff8fda46 5 0 0 000000000000001a
000000000000001a 8506000000000000 0 00 00000000 5 0 0 000000000000001b
000000000000001b 00130e004545dd00 1 0e 004545dd 5 0 0 000000000000001c
000000000000001c 0013030004194000 1 03 00041940 5 0 0 000000000000001d
000000000000001d 0306000000000500 1 05 00000000 5 0 0 000000000000001e
000000000000001e 010200090d000000 0 00 00000000 5 1 0 000000000000001f
000000000000001f 02150000030b0000 0 00 00000000 5 1 0 0000000000000020
0000000000000020 8506000000000000 0 00 00000000 5 1 0 0000000000000021
0000000000000021 8506000000000000 0 00 00000000 5 1 0 0000000000000022
0000000000000022 8506000000000000 0 00 00000000 5 1 0 0000000000000023
0000000000000023 8506000000000000 0 00 00000000 5 1 0 0000000000000024
0000000000000024 8506000000000000 0 00 00000000 5 1 0 0000000000000025
0000000000000025 0122000c03000000 0 00 00000000 2 0 0 0000000000000026
0000000000000026 02150000020e0000 0 00 00000000 2 0 0 0000000000000027
0000000000000027 8506000000000000 0 00 00000000 2 0 0 0000000000000028
0000000000000028 8506000000000000 0 00 00000000 2 0 0 0000000000000029
0000000000000029 0023050300000100 1 05 00041941 2 0 0 000000000000002a
000000000000002a 0072021003000000 1 02 ffa6916a 2 0 0 000000000000002b
000000000000002b 0102000b12000000 0 00 00000000 0 0 0 000000000000002c
000000000000002c 0215000001040000 0 00 00000000 0 0 1 000000000000002e
000000000000002e 0122001212000000 0 00 00000000 5 0 0 000000000000002f
000000000000002f 02150000020c0000 0 00 00000000 5 0 1 0000000000000032
0000000000000032 8506000000000000 0 00 00000000 5 0 0 0000000000000033
0000000000000033 8506000000000000 0 00 00000000 5 0 0 0000000000000034
0000000000000034 0306000000001100 1 11 00000000 5 0 0 0000000000000035
0000000000000035 00131000aaaaaa00 1 10 ffaaaaaa 5 0 0 0000000000000036
0000000000000036 0032140c06000000 1 14 00000000 5 0 0 0000000000000037
0000000000000037 00131200c9e3b700 1 12 ffc9e3b7 5 0 0 0000000000000038
0000000000000038 0063050900000c00 1 05 00000000 5 0 0 0000000000000039
0000000000000039 007312087877d400 1 12 ff87882c 5 0 0 000000000000003a
000000000000003a 00131e0000000200 1 1e 00000002 5 0 0 000000000000003b
000000000000003b 0023151500000100 1 15 00000001 5 0 0 000000000000003c
000000000000003c 00731e1e00000100 1 1e 00000001 5 0 0 000000000000003d
000000000000003d 0102001e1d000000 0 00 00000000 4 0 0 000000000000003e
000000000000003e 0215fffffc040000 0 00 00000000 4 0 1 000000000000003b
000000000000003b 0023151500000100 1 15 00000002 4 0 0 000000000000003c
000000000000003c 00731e1e00000100 1 1e 00000000 4 0 0 000000000000003d
000000000000003d 0102001e1d000000 0 00 00000000 5 1 0 000000000000003e
000000000000003e 0215fffffc040000 0 00 00000000 5 1 0 000000000000003f
000000000000003f 7cf5000000000000 0 00 00000000 5 1 0 0000000000000040
DONE retired=63 fault=00 pc=000000000000003f
