0000000000000000 00131d0000000000 1 1d 00000000 0 0 0 0000000000000001
0000000000000001 0306000000000300 1 03 00000000 0 0 0 0000000000000002
0000000000000002 00720f0512000000 1 0f 00000000 0 0 0 0000000000000003
0000000000000003 002212020b000000 1 12 00000000 0 0 0 0000000000000004
0000000000000004 00a3030a00001100 1 03 00000000 0 0 0 0000000000000005
0000000000000005 00b3080100001800 1 08 00000000 0 0 0 0000000000000006
0000000000000006 0092080c00000000 1 08 ffffffff 0 0 0 0000000000000007
0000000000000007 0032010a0b000000 1 01 00000000 0 0 0 0000000000000008
0000000000000008 0022131302000000 1 13 00000000 0 0 0 0000000000000009
0000000000000009 0023030a24b93100 1 03 0024b931 0 0 0 000000000000000a
000000000000000a 00820b1203000000 1 0b 0024b931 0 0 0 000000000000000b
000000000000000b 8506000000000000 0 00 00000000 0 0 0 000000000000000c
000000000000000c 00a3020900000500 1 02 00000000 0 0 0 000000000000000d
000000000000000d 0013030000000100 1 03 00000001 0 0 0 000000000000000e
000000000000000e 00a30e0400000000 1 0e 00000000 0 0 0 000000000000000f
000000000000000f 00130300d2b26e00 1 03 ffd2b26e 0 0 0 0000000000000010
0000000000000010 0063090300000b00 1 09 95937000 0 0 0 0000000000000011
0000000000000011 0013140069556900 1 14 00695569 0 0 0 0000000000000012
0000000000000012 8506000000000000 0 00 00000000 0 0 0 0000000000000013
0000000000000013 00230212eb7faf00 1 02 ffeb7faf 0 0 0 0000000000000014
0000000000000014 0013110000000000 1 11 00000000 0 0 0 0000000000000015
0000000000000015 8506000000000000 0 00 00000000 0 0 0 0000000000000016
0000000000000016 00b30d0d00001d00 1 0d 00000000 0 0 0 0000000000000017
0000000000000017 0013050000000100 1 05 00000001 0 0 0 0000000000000018
0000000000000018 00730c08d9c6f500 1 0c 0026390a 0 0 0 0000000000000019
0000000000000019 8506000000000000 0 00 00000000 0 0 0 000000000000001a
000000000000001a 002302128471df00 1 02 ff8471df 0 0 0 000000000000001b
000000000000001b 00130900208f7900 1 09 00208f79 0 0 0 000000000000001c
000000000000001c 8506000000000000 0 00 00000000 0 0 0 000000000000001d
000000000000001d 00b2040701000000 1 04 00000000 0 0 0 000000000000001e
000000000000001e 00131000ad433b00 1 10 ffad433b 0 0 0 000000000000001f
000000000000001f 00130e00ffffff00 1 0e ffffffff 0 0 0 0000000000000020
0000000000000020 8506000000000000 0 00 00000000 0 0 0 0000000000000021
0000000000000021 0122000d11000000 0 00 00000000 5 0 0 0000000000000022
0000000000000022 0215000003040000 0 00 00000000 5 0 0 0000000000000023
0000000000000023 8506000000000000 0 00 00000000 5 0 0 0000000000000024
0000000000000024 8506000000000000 0 00 00000000 5 0 0 0000000000000025
0000000000000025 8506000000000000 0 00 00000000 5 0 0 0000000000000026
0000000000000026 0122000512000000 0 00 00000000 4 1 0 0000000000000027
0000000000000027 02150000010e0000 0 00 00000000 4 1 1 0000000000000029
0000000000000029 00131e0000000200 1 1e 00000002 4 1 0 000000000000002a
000000000000002a 0023151500000100 1 15 00000001 4 1 0 000000000000002b
000000000000002b 00731e1e00000100 1 1e 00000001 4 1 0 000000000000002c
000000000000002c 0102001e1d000000 0 00 00000000 4 0 0 000000000000002d
000000000000002d 0215fffffc040000 0 00 00000000 4 0 1 000000000000002a
000000000000002a 0023151500000100 1 15 00000002 4 0 0 000000000000002b
000000000000002b 00731e1e00000100 1 1e 00000000 4 0 0 000000000000002c
000000000000002c 0102001e1d000000 0 00 00000000 5 1 0 000000000000002d
000000000000002d 0215fffffc040000 0 00 00000000 5 1 0 000000000000002e
000000000000002e 7cf5000000000000 0 00 00000000 5 1 0 000000000000002f
DONE retired=50 fault=00 pc=000000000000002e
