0000000000000000 00131d0000000000 1 1d 00000000 0 0 0 0000000000000001
0000000000000001 8506000000000000 0 00 00000000 0 0 0 0000000000000002
0000000000000002 0063100100001d00 1 10 00000000 0 0 0 0000000000000003
0000000000000003 0052070611000000 1 07 00000000 0 0 0 0000000000000004
0000000000000004 8506000000000000 0 00 00000000 0 0 0 0000000000000005
0000000000000005 0306000000000400 1 04 00000000 0 0 0 0000000000000006
0000000000000006 8506000000000000 0 00 00000000 0 0 0 0000000000000007
0000000000000007 0022090c09000000 1 09 00000000 0 0 0 0000000000000008
0000000000000008 00130b0065672100 1 0b 00656721 0 0 0 0000000000000009
0000000000000009 8506000000000000 0 00 00000000 0 0 0 000000000000000a
000000000000000a 00820b0405000000 1 0b 00000000 0 0 0 000000000000000b
000000000000000b 00731201ffffff00 1 12 00000001 0 0 0 000000000000000c
000000000000000c 0112000c07000000 0 00 00000000 5 0 0 000000000000000d
000000000000000d 0215000003030000 0 00 00000000 5 0 1 0000000000000011
0000000000000011 0082121204000000 1 12 00000001 5 0 0 0000000000000012
0000000000000012 0073060fffffff00 1 06 00000001 5 0 0 0000000000000013
0000000000000013 00130b00cb415900 1 0b ffcb4159 5 0 0 0000000000000014
0000000000000014 0013070043d7dd00 1 07 0043d7dd 5 0 0 0000000000000015
0000000000000015 008204040f000000 1 04 00000000 5 0 0 0000000000000016
0000000000000016 00130c00c6655000 1 0c ffc66550 5 0 0 0000000000000017
0000000000000017 00220b0812000000 1 0b 00000001 5 0 0 0000000000000018
0000000000000018 00220e060e000000 1 0e 00000001 5 0 0 0000000000000019
0000000000000019 8506000000000000 0 00 00000000 5 0 0 000000000000001a
000000000000001a 00230f0b00000000 1 0f 00000001 5 0 0 000000000000001b
000000000000001b 0122000e0e000000 0 00 00000000 5 0 0 000000000000001c
000000000000001c 02150000010c0000 0 00 00000000 5 0 1 000000000000001e
000000000000001e 00130d00201f9900 1 0d 00201f99 5 0 0 000000000000001f
000000000000001f 8506000000000000 0 00 00000000 5 0 0 0000000000000020
0000000000000020 0013010018c62500 1 01 0018c625 5 0 0 0000000000000021
0000000000000021 00131e0000000400 1 1e 00000004 5 0 0 0000000000000022
0000000000000022 0023151500000100 1 15 00000001 5 0 0 0000000000000023
0000000000000023 00731e1e00000100 1 1e 00000003 5 0 0 0000000000000024
0000000000000024 0102001e1d000000 0 00 00000000 4 0 0 0000000000000025
0000000000000025 0215fffffc040000 0 00 00000000 4 0 1 0000000000000022
0000000000000022 0023151500000100 1 15 00000002 4 0 0 0000000000000023
0000000000000023 00731e1e00000100 1 1e 00000002 4 0 0 0000000000000024
0000000000000024 0102001e1d000000 0 00 00000000 4 0 0 0000000000000025
0000000000000025 0215fffffc040000 0 00 00000000 4 0 1 0000000000000022
0000000000000022 0023151500000100 1 15 00000003 4 0 0 0000000000000023
0000000000000023 00731e1e00000100 1 1e 00000001 4 0 0 0000000000000024
0000000000000024 0102001e1d000000 0 00 00000000 4 0 0 0000000000000025
0000000000000025 0215fffffc040000 0 00 00000000 4 0 1 0000000000000022
0000000000000022 0023151500000100 1 15 00000004 4 0 0 0000000000000023
0000000000000023 00731e1e00000100 1 1e 00000000 4 0 0 0000000000000024
0000000000000024 0102001e1d000000 0 00 00000000 5 1 0 0000000000000025
0000000000000025 0215fffffc040000 0 00 00000000 5 1 0 0000000000000026
0000000000000026 7cf5000000000000 0 00 00000000 5 1 0 0000000000000027
DONE retired=47 fault=00 pc=0000000000000026
