0000000000000000 0013140000004d00 1 14 0000004d 0 0 0 0000000000000001 ffffffff f ffffffff 0 00 ffffffff
0000000000000001 34110600fffff000 0 00 00000000 0 0 0 0000000000000002 ffffffff f ffffffff 1 06 ffffffff
0000000000000002 106103050000f000 0 00 00000000 0 0 0 0000000000000003 ffffffff f ffffffff 1 03 ffffffff
0000000000000003 340003060000f000 0 00 00000000 0 0 0 0000000000000004 ffffffff f ffffffff 1 03 ffffffff
0000000000000004 103002060500f000 0 00 00000000 0 0 0 0000000000000005 ffffffff f ffffffff 1 02 ffffffff
0000000000000005 10710606003ff000 0 00 00000000 0 0 0 0000000000000006 ffffffff f ffffffff 1 06 ffffffff
0000000000000006 340004030000f000 0 00 00000000 0 0 0 0000000000000007 ffffffff f ffffffff 1 04 ffffffff
0000000000000007 1030060202005000 0 00 00000000 0 0 0 0000000000000008 ffffffff 5 e2d75f29 1 06 e2d75f29
0000000000000008 107103030020f000 0 00 00000000 0 0 0 0000000000000009 ffffffff f ffffffff 1 03 ffffffff
0000000000000009 101004060600f000 0 00 00000000 0 0 0 000000000000000a ffffffff f ffffffff 1 04 ffffffff
000000000000000a 103103060001f000 0 00 00000000 0 0 0 000000000000000b ffffffff f ffffffff 1 03 ffffffff
000000000000000b 101003060500f000 0 00 00000000 0 0 0 000000000000000c ffffffff f ffffffff 1 03 ffffffff
000000000000000c 343006000000a000 0 00 00000000 0 0 0 000000000000000d ffffffff a ffffffff 1 06 ffffffff
000000000000000d 340002050000f000 0 00 00000000 0 0 0 000000000000000e ffffffff f ffffffff 1 02 ffffffff
000000000000000e 10010306881ef000 0 00 00000000 0 0 0 000000000000000f ffffffff f ffffffff 1 03 ffffffff
000000000000000f 107102030010f000 0 00 00000000 0 0 0 0000000000000010 ffffffff f ffffffff 1 02 ffffffff
0000000000000010 0013160055555500 1 16 00555555 0 0 0 0000000000000011 ffffffff f ffffffff 0 00 ffffffff
0000000000000011 342006160000f000 0 00 00000000 0 0 0 0000000000000012 ffffffff f ffffffff 1 06 ffffffff
0000000000000012 10810306000ff000 0 00 00000000 0 0 0 0000000000000013 ffffffff f ffffffff 1 03 ffffffff
0000000000000013 103105057ffff000 0 00 00000000 0 0 0 0000000000000014 ffffffff f ffffffff 1 05 ffffffff
0000000000000014 101003050600f000 0 00 00000000 0 0 0 0000000000000015 ffffffff f ffffffff 1 03 ffffffff
0000000000000015 106103020010f000 0 00 00000000 0 0 0 0000000000000016 ffffffff f ffffffff 1 03 ffffffff
0000000000000016 00131e0000000200 1 1e 00000002 0 0 0 0000000000000017 ffffffff f ffffffff 0 00 ffffffff
0000000000000017 0023171700000100 1 17 00000001 0 0 0 0000000000000018 ffffffff f ffffffff 0 00 ffffffff
0000000000000018 00731e1e00000100 1 1e 00000001 0 0 0 0000000000000019 ffffffff f ffffffff 0 00 ffffffff
0000000000000019 0013180000000000 1 18 00000000 0 0 0 000000000000001a ffffffff f ffffffff 0 00 ffffffff
000000000000001a 0102001e18000000 0 00 00000000 4 0 0 000000000000001b ffffffff f ffffffff 0 00 ffffffff
000000000000001b 0215fffffb040000 0 00 00000000 4 0 1 0000000000000017 ffffffff f ffffffff 0 00 ffffffff
0000000000000017 0023171700000100 1 17 00000002 4 0 0 0000000000000018 ffffffff f ffffffff 0 00 ffffffff
0000000000000018 00731e1e00000100 1 1e 00000000 4 0 0 0000000000000019 ffffffff f ffffffff 0 00 ffffffff
0000000000000019 0013180000000000 1 18 00000000 4 0 0 000000000000001a ffffffff f ffffffff 0 00 ffffffff
000000000000001a 0102001e18000000 0 00 00000000 5 1 0 000000000000001b ffffffff f ffffffff 0 00 ffffffff
000000000000001b 0215fffffb040000 0 00 00000000 5 1 0 000000000000001c ffffffff f ffffffff 0 00 ffffffff
000000000000001c 7cf5000000000000 0 00 00000000 5 1 0 000000000000001d ffffffff f ffffffff 0 00 ffffffff
DONE retired=34 fault=00 pc=000000000000001c
