0000000000000000 00131d0000000000 1 1d 00000000 0 0 0 0000000000000001
0000000000000001 00a2080301000000 1 08 00000000 0 0 0 0000000000000002
0000000000000002 008210060b000000 1 10 00000000 0 0 0 0000000000000003
0000000000000003 0042110a02000000 1 11 00000000 0 0 0 0000000000000004
0000000000000004 8506000000000000 0 00 00000000 0 0 0 0000000000000005
0000000000000005 00130b006dcf1500 1 0b 006dcf15 0 0 0 0000000000000006
0000000000000006 8506000000000000 0 00 00000000 0 0 0 0000000000000007
0000000000000007 00520b0407000000 1 0b 00000000 0 0 0 0000000000000008
0000000000000008 8506000000000000 0 00 00000000 0 0 0 0000000000000009
0000000000000009 8506000000000000 0 00 00000000 0 0 0 000000000000000a
000000000000000a 0306000000000200 1 02 00000000 0 0 0 000000000000000b
000000000000000b 00130c00b613ac00 1 0c ffb613ac 0 0 0 000000000000000c
000000000000000c 0052050a07000000 1 05 00000000 0 0 0 000000000000000d
000000000000000d 0112000712000000 0 00 00000000 5 0 0 000000000000000e
000000000000000e 0215000002040000 0 00 00000000 5 0 0 000000000000000f
000000000000000f 8506000000000000 0 00 00000000 5 0 0 0000000000000010
0000000000000010 8506000000000000 0 00 00000000 5 0 0 0000000000000011
0000000000000011 00130a0000000000 1 0a 00000000 5 0 0 0000000000000012
0000000000000012 0073040992bb8800 1 04 006d4478 5 0 0 0000000000000013
0000000000000013 0013090000000100 1 09 00000001 5 0 0 0000000000000014
0000000000000014 00130700fec9d800 1 07 fffec9d8 5 0 0 0000000000000015
0000000000000015 00730912ad53a000 1 09 0052ac60 5 0 0 0000000000000016
0000000000000016 8506000000000000 0 00 00000000 5 0 0 0000000000000017
0000000000000017 00b20e0814000000 1 0e 00000000 5 0 0 0000000000000018
0000000000000018 0063090e00000000 1 09 00000000 5 0 0 0000000000000019
0000000000000019 00131e0000000100 1 1e 00000001 5 0 0 000000000000001a
000000000000001a 0023151500000100 1 15 00000001 5 0 0 000000000000001b
000000000000001b 00731e1e00000100 1 1e 00000000 5 0 0 000000000000001c
000000000000001c 0102001e1d000000 0 00 00000000 5 1 0 000000000000001d
000000000000001d 0215fffffc040000 0 00 00000000 5 1 0 000000000000001e
000000000000001e 7cf5000000000000 0 00 00000000 5 1 0 000000000000001f
DONE retired=31 fault=00 pc=000000000000001e
