0000000000000000 0013140000004d00 1 14 0000004d 0 0 0 0000000000000001 5bdf8f40 f 5bdf8f40 0 00 5bdf8f40
0000000000000001 1010050504001000 0 00 00000000 0 0 0 0000000000000002 5bdf8f40 1 5bdf8f40 1 05 5bdf8f40
0000000000000002 107103060010f000 0 00 00000000 0 0 0 0000000000000003 5bdf8f40 f 5bdf8f40 1 03 5bdf8f40
0000000000000003 343004000000f000 0 00 00000000 0 0 0 0000000000000004 5bdf8f40 f 5bdf8f40 1 04 5bdf8f40
0000000000000004 0013160000000100 1 16 00000001 0 0 0 0000000000000005 5bdf8f40 f 5bdf8f40 0 00 5bdf8f40
0000000000000005 342006160000f000 0 00 00000000 0 0 0 0000000000000006 5bdf8f40 f 5bdf8f40 1 06 5bdf8f40
0000000000000006 108104060001f000 0 00 00000000 0 0 0 0000000000000007 5bdf8f40 f 5bdf8f40 1 04 5bdf8f40
0000000000000007 0013160000000000 1 16 00000000 0 0 0 0000000000000008 5bdf8f40 f 5bdf8f40 0 00 5bdf8f40
0000000000000008 342005160000f000 0 00 00000000 0 0 0 0000000000000009 5bdf8f40 f 5bdf8f40 1 05 5bdf8f40
0000000000000009 108105050010f000 0 00 00000000 0 0 0 000000000000000a 5bdf8f40 f 5bdf8f40 1 05 5bdf8f40
000000000000000a 104102030000f000 0 00 00000000 0 0 0 000000000000000b 5bdf8f40 f 5bdf8f40 1 02 5bdf8f40
000000000000000b 100002050500f000 0 00 00000000 0 0 0 000000000000000c 5bdf8f40 f 5bdf8f40 1 02 5bdf8f40
000000000000000c 100103027ffff000 0 00 00000000 0 0 0 000000000000000d 5bdf8f40 f 5bdf8f40 1 03 5bdf8f40
000000000000000d 340005030000f000 0 00 00000000 0 0 0 000000000000000e 5bdf8f40 f 5bdf8f40 1 05 5bdf8f40
000000000000000e 103006060300f000 0 00 00000000 0 0 0 000000000000000f 5bdf8f40 f 5bdf8f40 1 06 5bdf8f40
000000000000000f 104003020400f000 0 00 00000000 0 0 0 0000000000000010 5bdf8f40 f 5bdf8f40 1 03 5bdf8f40
0000000000000010 00131e0000000200 1 1e 00000002 0 0 0 0000000000000011 5bdf8f40 f 5bdf8f40 0 00 5bdf8f40
0000000000000011 0023171700000100 1 17 00000001 0 0 0 0000000000000012 5bdf8f40 f 5bdf8f40 0 00 5bdf8f40
0000000000000012 00731e1e00000100 1 1e 00000001 0 0 0 0000000000000013 5bdf8f40 f 5bdf8f40 0 00 5bdf8f40
0000000000000013 0013180000000000 1 18 00000000 0 0 0 0000000000000014 5bdf8f40 f 5bdf8f40 0 00 5bdf8f40
0000000000000014 0102001e18000000 0 00 00000000 4 0 0 0000000000000015 5bdf8f40 f 5bdf8f40 0 00 5bdf8f40
0000000000000015 0215fffffb040000 0 00 00000000 4 0 1 0000000000000011 5bdf8f40 f 5bdf8f40 0 00 5bdf8f40
0000000000000011 0023171700000100 1 17 00000002 4 0 0 0000000000000012 5bdf8f40 f 5bdf8f40 0 00 5bdf8f40
0000000000000012 00731e1e00000100 1 1e 00000000 4 0 0 0000000000000013 5bdf8f40 f 5bdf8f40 0 00 5bdf8f40
0000000000000013 0013180000000000 1 18 00000000 4 0 0 0000000000000014 5bdf8f40 f 5bdf8f40 0 00 5bdf8f40
0000000000000014 0102001e18000000 0 00 00000000 5 1 0 0000000000000015 5bdf8f40 f 5bdf8f40 0 00 5bdf8f40
0000000000000015 0215fffffb040000 0 00 00000000 5 1 0 0000000000000016 5bdf8f40 f 5bdf8f40 0 00 5bdf8f40
0000000000000016 7cf5000000000000 0 00 00000000 5 1 0 0000000000000017 5bdf8f40 f 5bdf8f40 0 00 5bdf8f40
DONE retired=28 fault=00 pc=0000000000000016
