0000000000000000 343001000000f000 0 00 00000000 0 0 0 0 0 0 0000000000000001 ffffffff f ffffffff 1 01
0000000000000001 341107000001f000 0 00 00000000 0 0 0 0 0 0 0000000000000002 ffffffff f ffffffff 1 07
0000000000000002 34110c000003f000 0 00 00000000 0 0 0 0 0 0 0000000000000003 ffffffff f ffffffff 1 0c
0000000000000003 3019b0a070000000 0 00 00000000 0 0 0 0 0 0 0000000000000004 ffffffff f ffffffff 0 00
0000000000000004 7c1500001db0001e 0 00 00000000 0 0 0 0 0 0 0000000000000005 ffffffff f ffffffff 0 00
0000000000000005 30494030c0000000 0 00 00000000 0 0 0 0 0 0 0000000000000006 ffffffff f ffffffff 0 00
0000000000000006 7c1500000a400018 0 00 00000000 0 0 0 0 0 0 0000000000000011 ffffffff f ffffffff 0 00
0000000000000011 34110d000001f000 0 00 00000000 0 0 0 0 0 0 0000000000000012 ffffffff f ffffffff 1 0d
0000000000000012 10300c010d00f000 0 00 00000000 0 0 0 0 0 0 0000000000000013 ffffffff f ffffffff 1 0c
0000000000000013 10000c0c0700f000 0 00 00000000 0 0 0 0 0 0 0000000000000014 ffffffff f ffffffff 1 0c
0000000000000014 34110a000000f000 0 00 00000000 0 0 0 0 0 0 0000000000000015 ffffffff f ffffffff 1 0a
0000000000000015 7c85000008000000 0 00 00000000 0 0 0 0 0 0 0000000000000016 ffffffff f ffffffff 0 00
0000000000000016 3059e0a0c0000000 0 00 00000000 0 0 0 0 0 0 0000000000000017 ffffffff f ffffffff 0 00
0000000000000017 3029d0a0c0000000 0 00 00000000 0 0 0 0 0 0 0000000000000018 ffffffff f ffffffff 0 00
0000000000000018 303900b070000000 0 00 00000000 0 0 0 0 0 0 0000000000000019 ffffffff f ffffffff 0 00
0000000000000019 7c15000000000001 0 00 00000000 0 0 0 0 0 0 000000000000001a ffffffff f ffffffff 0 00
000000000000001a 105005040c00f000 0 00 00000000 0 0 0 0 0 0 000000000000001b ffffffff f ffffffff 1 05
000000000000001b 7c25000000000000 0 00 00000000 0 0 0 0 0 0 000000000000001c ffffffff f ffffffff 0 00
000000000000001c 7cb5000000e00000 0 00 00000000 0 0 0 0 0 0 000000000000001d ffffffff f ffffffff 0 00
000000000000001d 10000a0a0700f000 0 00 00000000 0 0 0 0 0 0 000000000000001e ffffffff f ffffffff 1 0a
000000000000001e 7c95fffff7d00000 0 00 00000000 0 0 0 0 0 0 0000000000000016 ffffffff f ffffffff 0 00
0000000000000016 3059e0a0c0000000 0 00 00000000 0 0 0 0 0 0 0000000000000017 ffffffff f ffffffff 0 00
0000000000000017 3029d0a0c0000000 0 00 00000000 0 0 0 0 0 0 0000000000000018 ffffffff f ffffffff 0 00
0000000000000018 303900b070000000 0 00 00000000 0 0 0 0 0 0 0000000000000019 ffffffff f ffffffff 0 00
0000000000000019 7c15000000000001 0 00 00000000 0 0 0 0 0 0 000000000000001a ffffffff f ffffffff 0 00
000000000000001a 105005040c00f000 0 00 00000000 0 0 0 0 0 0 000000000000001b ffffffff f ffffffff 1 05
000000000000001b 7c25000000000000 0 00 00000000 0 0 0 0 0 0 000000000000001c ffffffff f ffffffff 0 00
000000000000001c 7cb5000000e00000 0 00 00000000 0 0 0 0 0 0 000000000000001d aaaaaaaa f aaaaaaaa 0 00
000000000000001d 10000a0a0700f000 0 00 00000000 0 0 0 0 0 0 000000000000001e aaaaaaaa f aaaaaaaa 1 0a
000000000000001e 7c95fffff7d00000 0 00 00000000 0 0 0 0 0 0 0000000000000016 aaaaaaaa f aaaaaaaa 0 00
0000000000000016 3059e0a0c0000000 0 00 00000000 0 0 0 0 0 0 0000000000000017 aaaaaaaa f aaaaaaaa 0 00
0000000000000017 3029d0a0c0000000 0 00 00000000 0 0 0 0 0 0 0000000000000018 aaaaaaaa f aaaaaaaa 0 00
0000000000000018 303900b070000000 0 00 00000000 0 0 0 0 0 0 0000000000000019 aaaaaaaa f aaaaaaaa 0 00
0000000000000019 7c15000000000001 0 00 00000000 0 0 0 0 0 0 000000000000001a aaaaaaaa f aaaaaaaa 0 00
000000000000001a 105005040c00f000 0 00 00000000 0 0 0 0 0 0 000000000000001b aaaaaaaa f aaaaaaaa 1 05
000000000000001b 7c25000000000000 0 00 00000000 0 0 0 0 0 0 000000000000001c aaaaaaaa f aaaaaaaa 0 00
000000000000001e 7cb5000000e00000 0 00 00000000 0 0 0 0 0 0 000000000000001d 00000000 f 00000000 0 00
000000000000001e 7c95fffff7d00000 0 00 00000000 0 0 0 0 0 0 000000000000001f ffffffff f ffffffff 0 00
000000000000001f 7c25000000000000 0 00 00000000 0 0 0 0 0 0 0000000000000020 ffffffff f ffffffff 0 00
0000000000000020 0023060600000400 1 06 00000004 0 0 0 0 0 0 0000000000000021 ffffffff f ffffffff 0 00
0000000000000021 0205000001000000 0 00 00000000 0 0 0 0 0 1 0000000000000023 ffffffff f ffffffff 0 00
0000000000000023 7c25000000000000 0 00 00000000 0 0 0 0 0 0 0000000000000024 ffffffff f ffffffff 0 00
0000000000000024 7cf5000000000000 0 00 00000000 0 0 0 0 0 0 0000000000000025 ffffffff f ffffffff 0 00
