0000000000000000 0013140000004d00 1 14 0000004d 0 0 0 0000000000000001 f4d94ef9 f f4d94ef9 0 00 f4d94ef9
0000000000000001 3411060000014000 0 00 00000000 0 0 0 0000000000000002 f4d94ef9 4 f0400ad8 1 06 f0400ad8
0000000000000002 104102040000f000 0 00 00000000 0 0 0 0000000000000003 f4d94ef9 f f4d94ef9 1 02 f4d94ef9
0000000000000003 34110600b484f000 0 00 00000000 0 0 0 0000000000000004 f4d94ef9 f f4d94ef9 1 06 f4d94ef9
0000000000000004 105105037ffff000 0 00 00000000 0 0 0 0000000000000005 f4d94ef9 f f4d94ef9 1 05 f4d94ef9
0000000000000005 101103040001f000 0 00 00000000 0 0 0 0000000000000006 f4d94ef9 f f4d94ef9 1 03 f4d94ef9
0000000000000006 103005050600f000 0 00 00000000 0 0 0 0000000000000007 f4d94ef9 f f4d94ef9 1 05 f4d94ef9
0000000000000007 0013160055555500 1 16 00555555 0 0 0 0000000000000008 f4d94ef9 f f4d94ef9 0 00 f4d94ef9
0000000000000008 342004160000f000 0 00 00000000 0 0 0 0000000000000009 f4d94ef9 f f4d94ef9 1 04 f4d94ef9
0000000000000009 108104040001f000 0 00 00000000 0 0 0 000000000000000a f4d94ef9 f f4d94ef9 1 04 f4d94ef9
000000000000000a 34110300551ff000 0 00 00000000 0 0 0 000000000000000b f4d94ef9 f f4d94ef9 1 03 f4d94ef9
000000000000000b 34110500a16ff000 0 00 00000000 0 0 0 000000000000000c f4d94ef9 f f4d94ef9 1 05 f4d94ef9
000000000000000c 340003020000f000 0 00 00000000 0 0 0 000000000000000d f4d94ef9 f f4d94ef9 1 03 f4d94ef9
000000000000000d 10710505001ff000 0 00 00000000 0 0 0 000000000000000e f4d94ef9 f f4d94ef9 1 05 f4d94ef9
000000000000000e 341103004fadf000 0 00 00000000 0 0 0 000000000000000f f4d94ef9 f f4d94ef9 1 03 f4d94ef9
000000000000000f 107106050000f000 0 00 00000000 0 0 0 0000000000000010 f4d94ef9 f f4d94ef9 1 06 f4d94ef9
0000000000000010 00131500aaaaaa00 1 15 ffaaaaaa 0 0 0 0000000000000011 f4d94ef9 f f4d94ef9 0 00 f4d94ef9
0000000000000011 3420021500002000 0 00 00000000 0 0 0 0000000000000012 f4d94ef9 2 a0880aa8 1 02 a0880aa8
0000000000000012 106103060000f000 0 00 00000000 0 0 0 0000000000000013 f4d94ef9 f f4d94ef9 1 03 f4d94ef9
0000000000000013 00131500ffffff00 1 15 ffffffff 0 0 0 0000000000000014 f4d94ef9 f f4d94ef9 0 00 f4d94ef9
0000000000000014 342003150000f000 0 00 00000000 0 0 0 0000000000000015 f4d94ef9 f f4d94ef9 1 03 f4d94ef9
0000000000000015 00131e0000000200 1 1e 00000002 0 0 0 0000000000000016 f4d94ef9 f f4d94ef9 0 00 f4d94ef9
0000000000000016 0023171700000100 1 17 00000001 0 0 0 0000000000000017 f4d94ef9 f f4d94ef9 0 00 f4d94ef9
0000000000000017 00731e1e00000100 1 1e 00000001 0 0 0 0000000000000018 f4d94ef9 f f4d94ef9 0 00 f4d94ef9
0000000000000018 0013180000000000 1 18 00000000 0 0 0 0000000000000019 f4d94ef9 f f4d94ef9 0 00 f4d94ef9
0000000000000019 0102001e18000000 0 00 00000000 4 0 0 000000000000001a f4d94ef9 f f4d94ef9 0 00 f4d94ef9
000000000000001a 0215fffffb040000 0 00 00000000 4 0 1 0000000000000016 f4d94ef9 f f4d94ef9 0 00 f4d94ef9
0000000000000016 0023171700000100 1 17 00000002 4 0 0 0000000000000017 f4d94ef9 f f4d94ef9 0 00 f4d94ef9
0000000000000017 00731e1e00000100 1 1e 00000000 4 0 0 0000000000000018 f4d94ef9 f f4d94ef9 0 00 f4d94ef9
0000000000000018 0013180000000000 1 18 00000000 4 0 0 0000000000000019 f4d94ef9 f f4d94ef9 0 00 f4d94ef9
0000000000000019 0102001e18000000 0 00 00000000 5 1 0 000000000000001a f4d94ef9 f f4d94ef9 0 00 f4d94ef9
000000000000001a 0215fffffb040000 0 00 00000000 5 1 0 000000000000001b f4d94ef9 f f4d94ef9 0 00 f4d94ef9
000000000000001b 7cf5000000000000 0 00 00000000 5 1 0 000000000000001c f4d94ef9 f f4d94ef9 0 00 f4d94ef9
DONE retired=33 fault=00 pc=000000000000001b
