0000000000000000 00131d0000000000 1 1d 00000000 0 0 0 0000000000000001
0000000000000001 0306000000000100 1 01 00000000 0 0 0 0000000000000002
0000000000000002 8506000000000000 0 00 00000000 0 0 0 0000000000000003
0000000000000003 0306000000000300 1 03 00000000 0 0 0 0000000000000004
0000000000000004 0073130500000000 1 13 00000000 0 0 0 0000000000000005
0000000000000005 0306000000000800 1 08 00000000 0 0 0 0000000000000006
0000000000000006 00920c1300000000 1 0c ffffffff 0 0 0 0000000000000007
0000000000000007 0122000c11000000 0 00 00000000 6 0 0 0000000000000008
0000000000000008 02150000020d0000 0 00 00000000 6 0 0 0000000000000009
0000000000000009 8506000000000000 0 00 00000000 6 0 0 000000000000000a
000000000000000a 8506000000000000 0 00 00000000 6 0 0 000000000000000b
000000000000000b 001312005ad25f00 1 12 005ad25f 6 0 0 000000000000000c
000000000000000c 0122000d0a000000 0 00 00000000 5 0 0 000000000000000d
000000000000000d 02150000030c0000 0 00 00000000 5 0 1 0000000000000011
0000000000000011 00b2020412000000 1 02 00000000 5 0 0 0000000000000012
0000000000000012 0052060213000000 1 06 00000000 5 0 0 0000000000000013
0000000000000013 0092120100000000 1 12 ffffffff 5 0 0 0000000000000014
0000000000000014 012200030e000000 0 00 00000000 5 0 0 0000000000000015
0000000000000015 02150000010b0000 0 00 00000000 5 0 0 0000000000000016
0000000000000016 8506000000000000 0 00 00000000 5 0 0 0000000000000017
0000000000000017 8506000000000000 0 00 00000000 5 0 0 0000000000000018
0000000000000018 00131400c955eb00 1 14 ffc955eb 5 0 0 0000000000000019
0000000000000019 00130a00aaaaaa00 1 0a ffaaaaaa 5 0 0 000000000000001a
000000000000001a 0072050a01000000 1 05 ffaaaaaa 5 0 0 000000000000001b
000000000000001b 011200090c000000 0 00 00000000 0 0 0 000000000000001c
000000000000001c 0215000003010000 0 00 00000000 0 0 0 000000000000001d
000000000000001d 8506000000000000 0 00 00000000 0 0 0 000000000000001e
000000000000001e 8506000000000000 0 00 00000000 0 0 0 000000000000001f
000000000000001f 8506000000000000 0 00 00000000 0 0 0 0000000000000020
0000000000000020 00230814ffffff00 1 08 ffc955ea 0 0 0 0000000000000021
0000000000000021 8506000000000000 0 00 00000000 0 0 0 0000000000000022
0000000000000022 00a30d0100000600 1 0d 00000000 0 0 0 0000000000000023
0000000000000023 00320a1110000000 1 0a 00000000 0 0 0 0000000000000024
0000000000000024 0092060900000000 1 06 ffffffff 0 0 0 0000000000000025
0000000000000025 0013010021ee9a00 1 01 0021ee9a 0 0 0 0000000000000026
0000000000000026 8506000000000000 0 00 00000000 0 0 0 0000000000000027
0000000000000027 8506000000000000 0 00 00000000 0 0 0 0000000000000028
0000000000000028 0013030000000000 1 03 00000000 0 0 0 0000000000000029
0000000000000029 00630c0500000c00 1 0c aaaaa000 0 0 0 000000000000002a
000000000000002a 0102000101000000 0 00 00000000 5 1 0 000000000000002b
000000000000002b 0215000002040000 0 00 00000000 5 1 0 000000000000002c
000000000000002c 8506000000000000 0 00 00000000 5 1 0 000000000000002d
000000000000002d 8506000000000000 0 00 00000000 5 1 0 000000000000002e
000000000000002e 00a2060f01000000 1 06 00000000 5 1 0 000000000000002f
000000000000002f 8506000000000000 0 00 00000000 5 1 0 0000000000000030
0000000000000030 00820a1314000000 1 0a ffc955eb 5 1 0 0000000000000031
0000000000000031 00730206dbcbe500 1 02 0024341b 5 1 0 0000000000000032
0000000000000032 00131e0000000100 1 1e 00000001 5 1 0 0000000000000033
0000000000000033 0023151500000100 1 15 00000001 5 1 0 0000000000000034
0000000000000034 00731e1e00000100 1 1e 00000000 5 1 0 0000000000000035
0000000000000035 0102001e1d000000 0 00 00000000 5 1 0 0000000000000036
0000000000000036 0215fffffc040000 0 00 00000000 5 1 0 0000000000000037
0000000000000037 7cf5000000000000 0 00 00000000 5 1 0 0000000000000038
DONE retired=53 fault=00 pc=0000000000000037
