0000000000000000 0013140000004d00 1 14 0000004d 0 0 0 0000000000000001 db4f28e7 f db4f28e7 0 00 db4f28e7
0000000000000001 00131600ffffff00 1 16 ffffffff 0 0 0 0000000000000002 db4f28e7 f db4f28e7 0 00 db4f28e7
0000000000000002 342002160000f000 0 00 00000000 0 0 0 0000000000000003 db4f28e7 f db4f28e7 1 02 db4f28e7
0000000000000003 108105020021f000 0 00 00000000 0 0 0 0000000000000004 db4f28e7 f db4f28e7 1 05 db4f28e7
0000000000000004 00131600ffffff00 1 16 ffffffff 0 0 0 0000000000000005 db4f28e7 f db4f28e7 0 00 db4f28e7
0000000000000005 342006160000f000 0 00 00000000 0 0 0 0000000000000006 db4f28e7 f db4f28e7 1 06 db4f28e7
0000000000000006 108103060000f000 0 00 00000000 0 0 0 0000000000000007 db4f28e7 f db4f28e7 1 03 db4f28e7
0000000000000007 100005020300f000 0 00 00000000 0 0 0 0000000000000008 db4f28e7 f db4f28e7 1 05 db4f28e7
0000000000000008 105005060500f000 0 00 00000000 0 0 0 0000000000000009 db4f28e7 f db4f28e7 1 05 db4f28e7
0000000000000009 0013160000000100 1 16 00000001 0 0 0 000000000000000a db4f28e7 f db4f28e7 0 00 db4f28e7
000000000000000a 342006160000f000 0 00 00000000 0 0 0 000000000000000b db4f28e7 f db4f28e7 1 06 db4f28e7
000000000000000b 108104060016f000 0 00 00000000 0 0 0 000000000000000c db4f28e7 f db4f28e7 1 04 db4f28e7
000000000000000c 100005050400f000 0 00 00000000 0 0 0 000000000000000d db4f28e7 f db4f28e7 1 05 db4f28e7
000000000000000d 10610504001ff000 0 00 00000000 0 0 0 000000000000000e db4f28e7 f db4f28e7 1 05 db4f28e7
000000000000000e 0013160000000100 1 16 00000001 0 0 0 000000000000000f db4f28e7 f db4f28e7 0 00 db4f28e7
000000000000000f 342004160000f000 0 00 00000000 0 0 0 0000000000000010 db4f28e7 f db4f28e7 1 04 db4f28e7
0000000000000010 108102040010f000 0 00 00000000 0 0 0 0000000000000011 db4f28e7 f db4f28e7 1 02 db4f28e7
0000000000000011 343006000000f000 0 00 00000000 0 0 0 0000000000000012 db4f28e7 f db4f28e7 1 06 db4f28e7
0000000000000012 00131500aaaaaa00 1 15 ffaaaaaa 0 0 0 0000000000000013 db4f28e7 f db4f28e7 0 00 db4f28e7
0000000000000013 342002150000f000 0 00 00000000 0 0 0 0000000000000014 db4f28e7 f db4f28e7 1 02 db4f28e7
0000000000000014 340005050000f000 0 00 00000000 0 0 0 0000000000000015 db4f28e7 f db4f28e7 1 05 db4f28e7
0000000000000015 341103006f98f000 0 00 00000000 0 0 0 0000000000000016 db4f28e7 f db4f28e7 1 03 db4f28e7
0000000000000016 104004030600f000 0 00 00000000 0 0 0 0000000000000017 db4f28e7 f db4f28e7 1 04 db4f28e7
0000000000000017 3411030000014000 0 00 00000000 0 0 0 0000000000000018 db4f28e7 4 414e0883 1 03 414e0883
0000000000000018 340004060000f000 0 00 00000000 0 0 0 0000000000000019 db4f28e7 f db4f28e7 1 04 db4f28e7
0000000000000019 101004050500f000 0 00 00000000 0 0 0 000000000000001a db4f28e7 f db4f28e7 1 04 db4f28e7
000000000000001a 340005040000f000 0 00 00000000 0 0 0 000000000000001b db4f28e7 f db4f28e7 1 05 db4f28e7
000000000000001b 105102048000f000 0 00 00000000 0 0 0 000000000000001c db4f28e7 f db4f28e7 1 02 db4f28e7
000000000000001c 00131500ffffff00 1 15 ffffffff 0 0 0 000000000000001d db4f28e7 f db4f28e7 0 00 db4f28e7
000000000000001d 342005150000f000 0 00 00000000 0 0 0 000000000000001e db4f28e7 f db4f28e7 1 05 db4f28e7
000000000000001e 3430020000007000 0 00 00000000 0 0 0 000000000000001f db4f28e7 7 110b2820 1 02 110b2820
000000000000001f 107106030001f000 0 00 00000000 0 0 0 0000000000000020 db4f28e7 f db4f28e7 1 06 db4f28e7
0000000000000020 00131600ffffff00 1 16 ffffffff 0 0 0 0000000000000021 db4f28e7 f db4f28e7 0 00 db4f28e7
0000000000000021 342002160000f000 0 00 00000000 0 0 0 0000000000000022 db4f28e7 f db4f28e7 1 02 db4f28e7
0000000000000022 10810602001ff000 0 00 00000000 0 0 0 0000000000000023 db4f28e7 f db4f28e7 1 06 db4f28e7
0000000000000023 340002050000f000 0 00 00000000 0 0 0 0000000000000024 db4f28e7 f db4f28e7 1 02 db4f28e7
0000000000000024 0013150000000000 1 15 00000000 0 0 0 0000000000000025 db4f28e7 f db4f28e7 0 00 db4f28e7
0000000000000025 342005150000c000 0 00 00000000 0 0 0 0000000000000026 db4f28e7 c 5b4f28e7 1 05 5b4f28e7
0000000000000026 0013150055555500 1 15 00555555 0 0 0 0000000000000027 db4f28e7 f db4f28e7 0 00 db4f28e7
0000000000000027 342004150000f000 0 00 00000000 0 0 0 0000000000000028 db4f28e7 f db4f28e7 1 04 db4f28e7
0000000000000028 104006060300f000 0 00 00000000 0 0 0 0000000000000029 db4f28e7 f db4f28e7 1 06 db4f28e7
0000000000000029 00131500aaaaaa00 1 15 ffaaaaaa 0 0 0 000000000000002a db4f28e7 f db4f28e7 0 00 db4f28e7
000000000000002a 342006150000f000 0 00 00000000 0 0 0 000000000000002b db4f28e7 f db4f28e7 1 06 db4f28e7
000000000000002b 0013150000000000 1 15 00000000 0 0 0 000000000000002c db4f28e7 f db4f28e7 0 00 db4f28e7
000000000000002c 342004150000f000 0 00 00000000 0 0 0 000000000000002d db4f28e7 f db4f28e7 1 04 db4f28e7
000000000000002d 00131500ffffff00 1 15 ffffffff 0 0 0 000000000000002e db4f28e7 f db4f28e7 0 00 db4f28e7
000000000000002e 342006150000f000 0 00 00000000 0 0 0 000000000000002f db4f28e7 f db4f28e7 1 06 db4f28e7
000000000000002f 104006020300f000 0 00 00000000 0 0 0 0000000000000030 db4f28e7 f db4f28e7 1 06 db4f28e7
0000000000000030 00131e0000000200 1 1e 00000002 0 0 0 0000000000000031 db4f28e7 f db4f28e7 0 00 db4f28e7
0000000000000031 0023171700000100 1 17 00000001 0 0 0 0000000000000032 db4f28e7 f db4f28e7 0 00 db4f28e7
0000000000000032 00731e1e00000100 1 1e 00000001 0 0 0 0000000000000033 db4f28e7 f db4f28e7 0 00 db4f28e7
0000000000000033 0013180000000000 1 18 00000000 0 0 0 0000000000000034 db4f28e7 f db4f28e7 0 00 db4f28e7
0000000000000034 0102001e18000000 0 00 00000000 4 0 0 0000000000000035 db4f28e7 f db4f28e7 0 00 db4f28e7
0000000000000035 0215fffffb040000 0 00 00000000 4 0 1 0000000000000031 db4f28e7 f db4f28e7 0 00 db4f28e7
0000000000000031 0023171700000100 1 17 00000002 4 0 0 0000000000000032 db4f28e7 f db4f28e7 0 00 db4f28e7
0000000000000032 00731e1e00000100 1 1e 00000000 4 0 0 0000000000000033 db4f28e7 f db4f28e7 0 00 db4f28e7
0000000000000033 0013180000000000 1 18 00000000 4 0 0 0000000000000034 db4f28e7 f db4f28e7 0 00 db4f28e7
0000000000000034 0102001e18000000 0 00 00000000 5 1 0 0000000000000035 db4f28e7 f db4f28e7 0 00 db4f28e7
0000000000000035 0215fffffb040000 0 00 00000000 5 1 0 0000000000000036 db4f28e7 f db4f28e7 0 00 db4f28e7
0000000000000036 7cf5000000000000 0 00 00000000 5 1 0 0000000000000037 db4f28e7 f db4f28e7 0 00 db4f28e7
DONE retired=60 fault=00 pc=0000000000000036
