0000000000000000 343001000000f000 0 00 00000000 0 0 0 0 0 0 0000000000000001 ffffffff f ffffffff 1 01
0000000000000001 341107000001f000 0 00 00000000 0 0 0 0 0 0 0000000000000002 ffffffff f ffffffff 1 07
0000000000000002 34110c000003f000 0 00 00000000 0 0 0 0 0 0 0000000000000003 ffffffff f ffffffff 1 0c
0000000000000003 34110d000000f000 0 00 00000000 0 0 0 0 0 0 0000000000000004 ffffffff f ffffffff 1 0d
0000000000000004 10300c010d00f000 0 00 00000000 0 0 0 0 0 0 0000000000000005 ffffffff f ffffffff 1 0c
0000000000000005 10000c0c0700f000 0 00 00000000 0 0 0 0 0 0 0000000000000006 ffffffff f ffffffff 1 0c
0000000000000006 34110a000000f000 0 00 00000000 0 0 0 0 0 0 0000000000000007 ffffffff f ffffffff 1 0a
0000000000000007 7c85000008000000 0 00 00000000 0 0 0 0 0 0 0000000000000008 ffffffff f ffffffff 0 00
0000000000000008 3059e0a0c0000000 0 00 00000000 0 0 0 0 0 0 0000000000000009 ffffffff f ffffffff 0 00
0000000000000009 3029d0a0c0000000 0 00 00000000 0 0 0 0 0 0 000000000000000a ffffffff f ffffffff 0 00
000000000000000a 304960b070000000 0 00 00000000 0 0 0 0 0 0 000000000000000b ffffffff f ffffffff 0 00
000000000000000b 7c15000000600001 0 00 00000000 0 0 0 0 0 0 000000000000000c ffffffff f ffffffff 0 00
000000000000000c 10100c030c00f000 0 00 00000000 0 0 0 0 0 0 000000000000000d ffffffff f ffffffff 1 0c
000000000000000d 7c25000000000000 0 00 00000000 0 0 0 0 0 0 000000000000000e ffffffff f ffffffff 0 00
000000000000000e 7cb5000000e00000 0 00 00000000 0 0 0 0 0 0 000000000000000f ffffffff f ffffffff 0 00
000000000000000f 10000a0a0700f000 0 00 00000000 0 0 0 0 0 0 0000000000000010 ffffffff f ffffffff 1 0a
0000000000000010 7c95fffff7d00000 0 00 00000000 0 0 0 0 0 0 0000000000000008 ffffffff f ffffffff 0 00
0000000000000008 3059e0a0c0000000 0 00 00000000 0 0 0 0 0 0 0000000000000009 ffffffff f ffffffff 0 00
0000000000000009 3029d0a0c0000000 0 00 00000000 0 0 0 0 0 0 000000000000000a ffffffff f ffffffff 0 00
000000000000000a 304960b070000000 0 00 00000000 0 0 0 0 0 0 000000000000000b ffffffff f ffffffff 0 00
000000000000000b 7c15000000600001 0 00 00000000 0 0 0 0 0 0 000000000000000c ffffffff f ffffffff 0 00
000000000000000c 10100c030c00f000 0 00 00000000 0 0 0 0 0 0 000000000000000d ffffffff f ffffffff 1 0c
000000000000000d 7c25000000000000 0 00 00000000 0 0 0 0 0 0 000000000000000e ffffffff f ffffffff 0 00
0000000000000010 7cb5000000e00000 0 00 00000000 0 0 0 0 0 0 000000000000000f 00000000 f 00000000 0 00
0000000000000010 7c95fffff7d00000 0 00 00000000 0 0 0 0 0 0 0000000000000011 ffffffff f ffffffff 0 00
0000000000000011 300970b070000000 0 00 00000000 0 0 0 0 0 0 0000000000000012 ffffffff f ffffffff 0 00
0000000000000012 7c1500000f700017 0 00 00000000 0 0 0 0 0 0 0000000000000022 ffffffff f ffffffff 0 00
0000000000000022 301970a070000000 0 00 00000000 0 0 0 0 0 0 0000000000000023 ffffffff f ffffffff 0 00
0000000000000023 7c15000002700004 0 00 00000000 0 0 0 0 0 0 0000000000000026 ffffffff f ffffffff 0 00
0000000000000026 110004040500f000 0 00 00000000 0 0 0 0 0 0 0000000000000027 ffffffff f ffffffff 1 04
0000000000000027 104005030c00f000 0 00 00000000 0 0 0 0 0 0 0000000000000028 ffffffff f ffffffff 1 05
0000000000000028 7c25000000000000 0 00 00000000 0 0 0 0 0 0 0000000000000029 ffffffff f ffffffff 0 00
0000000000000029 0023060600000400 1 06 00000004 0 0 0 0 0 0 000000000000002a ffffffff f ffffffff 0 00
000000000000002a 7c25000000000000 0 00 00000000 0 0 0 0 0 0 000000000000002b ffffffff f ffffffff 0 00
000000000000002b 3059b0b0c0000000 0 00 00000000 0 0 0 0 0 0 000000000000002c ffffffff f ffffffff 0 00
000000000000002c 7c15000014b00086 0 00 00000000 0 0 0 0 0 0 0000000000000041 ffffffff f ffffffff 0 00
0000000000000041 301900a070000000 0 00 00000000 0 0 0 0 0 0 0000000000000042 ffffffff f ffffffff 0 00
0000000000000042 7c1500000200006f 0 00 00000000 0 0 0 0 0 0 0000000000000045 ffffffff f ffffffff 0 00
0000000000000045 3059e0b070000000 0 00 00000000 0 0 0 0 0 0 0000000000000046 ffffffff f ffffffff 0 00
0000000000000046 7c15000069e0006a 0 00 00000000 0 0 0 0 0 0 00000000000000b0 ffffffff f ffffffff 0 00
00000000000000b0 1010030c0300f000 0 00 00000000 0 0 0 0 0 0 00000000000000b1 ffffffff f ffffffff 1 03
00000000000000b1 7c25000000000000 0 00 00000000 0 0 0 0 0 0 00000000000000b2 ffffffff f ffffffff 0 00
00000000000000b2 7c25000000000000 0 00 00000000 0 0 0 0 0 0 00000000000000b3 ffffffff f ffffffff 0 00
00000000000000b3 7c25000000000000 0 00 00000000 0 0 0 0 0 0 00000000000000b4 ffffffff f ffffffff 0 00
00000000000000b4 7cf5000000000000 0 00 00000000 0 0 0 0 0 0 00000000000000b5 ffffffff f ffffffff 0 00
