0000000000000000 00131d0000000000 1 1d 00000000 0 0 0 0000000000000001
0000000000000001 00220a0701000000 1 0a 00000000 0 0 0 0000000000000002
0000000000000002 00130200fd697000 1 02 fffd6970 0 0 0 0000000000000003
0000000000000003 8506000000000000 0 00 00000000 0 0 0 0000000000000004
0000000000000004 0092050400000000 1 05 ffffffff 0 0 0 0000000000000005
0000000000000005 00b3140600001700 1 14 00000000 0 0 0 0000000000000006
0000000000000006 0013100000000100 1 10 00000001 0 0 0 0000000000000007
0000000000000007 00820f0202000000 1 0f 00000000 0 0 0 0000000000000008
0000000000000008 0013010000000000 1 01 00000000 0 0 0 0000000000000009
0000000000000009 00920e0700000000 1 0e ffffffff 0 0 0 000000000000000a
000000000000000a 0022101004000000 1 10 00000001 0 0 0 000000000000000b
000000000000000b 001301008480f700 1 01 ff8480f7 0 0 0 000000000000000c
000000000000000c 0306000000000200 1 02 00000000 0 0 0 000000000000000d
000000000000000d 00131300e4d02b00 1 13 ffe4d02b 0 0 0 000000000000000e
000000000000000e 0013020085920100 1 02 ff859201 0 0 0 000000000000000f
000000000000000f 0122000d11000000 0 00 00000000 5 0 0 0000000000000010
0000000000000010 02150000030e0000 0 00 00000000 5 0 1 0000000000000014
0000000000000014 0092080800000000 1 08 ffffffff 5 0 0 0000000000000015
0000000000000015 8506000000000000 0 00 00000000 5 0 0 0000000000000016
0000000000000016 00220a0d0a000000 1 0a 00000000 5 0 0 0000000000000017
0000000000000017 00130e0030548900 1 0e 00305489 5 0 0 0000000000000018
0000000000000018 8506000000000000 0 00 00000000 5 0 0 0000000000000019
0000000000000019 0052031204000000 1 03 00000000 5 0 0 000000000000001a
000000000000001a 00131e0000000100 1 1e 00000001 5 0 0 000000000000001b
000000000000001b 0023151500000100 1 15 00000001 5 0 0 000000000000001c
000000000000001c 00731e1e00000100 1 1e 00000000 5 0 0 000000000000001d
000000000000001d 0102001e1d000000 0 00 00000000 5 1 0 000000000000001e
000000000000001e 0215fffffc040000 0 00 00000000 5 1 0 000000000000001f
000000000000001f 7cf5000000000000 0 00 00000000 5 1 0 0000000000000020
DONE retired=29 fault=00 pc=000000000000001f
