0000000000000000 00131d0000000000 1 1d 00000000 0 0 0 0000000000000001
0000000000000001 0042080704000000 1 08 00000000 0 0 0 0000000000000002
0000000000000002 0063121400002000 1 12 00000000 0 0 0 0000000000000003
0000000000000003 0013090055555500 1 09 00555555 0 0 0 0000000000000004
0000000000000004 00420d060b000000 1 0d 00000000 0 0 0 0000000000000005
0000000000000005 00131200c0d03200 1 12 ffc0d032 0 0 0 0000000000000006
0000000000000006 0052030712000000 1 03 ffc0d032 0 0 0 0000000000000007
0000000000000007 0092120300000000 1 12 003f2fcd 0 0 0 0000000000000008
0000000000000008 8506000000000000 0 00 00000000 0 0 0 0000000000000009
0000000000000009 00130f009ccb8200 1 0f ff9ccb82 0 0 0 000000000000000a
000000000000000a 00b3120400000300 1 12 00000000 0 0 0 000000000000000b
000000000000000b 8506000000000000 0 00 00000000 0 0 0 000000000000000c
000000000000000c 00a2081310000000 1 08 00000000 0 0 0 000000000000000d
000000000000000d 0102000102000000 0 00 00000000 5 1 0 000000000000000e
000000000000000e 02150000030e0000 0 00 00000000 5 1 1 0000000000000012
0000000000000012 00130c00ffffff00 1 0c ffffffff 5 1 0 0000000000000013
0000000000000013 8506000000000000 0 00 00000000 5 1 0 0000000000000014
0000000000000014 8506000000000000 0 00 00000000 5 1 0 0000000000000015
0000000000000015 00a201100c000000 1 01 00000000 5 1 0 0000000000000016
0000000000000016 0092021000000000 1 02 ffffffff 5 1 0 0000000000000017
0000000000000017 0306000000000100 1 01 00000000 5 1 0 0000000000000018
0000000000000018 00130f0065883300 1 0f 00658833 5 1 0 0000000000000019
0000000000000019 8506000000000000 0 00 00000000 5 1 0 000000000000001a
000000000000001a 0072030606000000 1 03 00000000 5 1 0 000000000000001b
000000000000001b 00131e0000000100 1 1e 00000001 5 1 0 000000000000001c
000000000000001c 0023151500000100 1 15 00000001 5 1 0 000000000000001d
000000000000001d 00731e1e00000100 1 1e 00000000 5 1 0 000000000000001e
000000000000001e 0102001e1d000000 0 00 00000000 5 1 0 000000000000001f
000000000000001f 0215fffffc040000 0 00 00000000 5 1 0 0000000000000020
0000000000000020 7cf5000000000000 0 00 00000000 5 1 0 0000000000000021
DONE retired=30 fault=00 pc=0000000000000020
