0000000000000000 0013140000004d00 1 14 0000004d 0 0 0 0000000000000001 55555555 f 55555555 0 00 55555555
0000000000000001 343003000000f000 0 00 00000000 0 0 0 0000000000000002 55555555 f 55555555 1 03 55555555
0000000000000002 340004030000f000 0 00 00000000 0 0 0 0000000000000003 55555555 f 55555555 1 04 55555555
0000000000000003 103005030300f000 0 00 00000000 0 0 0 0000000000000004 55555555 f 55555555 1 05 55555555
0000000000000004 100004020300f000 0 00 00000000 0 0 0 0000000000000005 55555555 f 55555555 1 04 55555555
0000000000000005 0013150055555500 1 15 00555555 0 0 0 0000000000000006 55555555 f 55555555 0 00 55555555
0000000000000006 3420061500006000 0 00 00000000 0 0 0 0000000000000007 55555555 6 55555555 1 06 55555555
0000000000000007 103006030200f000 0 00 00000000 0 0 0 0000000000000008 55555555 f 55555555 1 06 55555555
0000000000000008 1010040402006000 0 00 00000000 0 0 0 0000000000000009 55555555 6 55555555 1 04 55555555
0000000000000009 340002060000f000 0 00 00000000 0 0 0 000000000000000a 55555555 f 55555555 1 02 55555555
000000000000000a 106102020000f000 0 00 00000000 0 0 0 000000000000000b 55555555 f 55555555 1 02 55555555
000000000000000b 105105020000f000 0 00 00000000 0 0 0 000000000000000c 55555555 f 55555555 1 05 55555555
000000000000000c 104006050500f000 0 00 00000000 0 0 0 000000000000000d 55555555 f 55555555 1 06 55555555
000000000000000d 340006030000f000 0 00 00000000 0 0 0 000000000000000e 55555555 f 55555555 1 06 55555555
000000000000000e 1050020505008000 0 00 00000000 0 0 0 000000000000000f 55555555 8 55555555 1 02 55555555
000000000000000f 0013150000000000 1 15 00000000 0 0 0 0000000000000010 55555555 f 55555555 0 00 55555555
0000000000000010 342003150000f000 0 00 00000000 0 0 0 0000000000000011 55555555 f 55555555 1 03 55555555
0000000000000011 0013150055555500 1 15 00555555 0 0 0 0000000000000012 55555555 f 55555555 0 00 55555555
0000000000000012 342004150000f000 0 00 00000000 0 0 0 0000000000000013 55555555 f 55555555 1 04 55555555
0000000000000013 104005060600f000 0 00 00000000 0 0 0 0000000000000014 55555555 f 55555555 1 05 55555555
0000000000000014 00131600aaaaaa00 1 16 ffaaaaaa 0 0 0 0000000000000015 55555555 f 55555555 0 00 55555555
0000000000000015 342003160000f000 0 00 00000000 0 0 0 0000000000000016 55555555 f 55555555 1 03 55555555
0000000000000016 108102030014f000 0 00 00000000 0 0 0 0000000000000017 55555555 f 55555555 1 02 55555555
0000000000000017 107102030021f000 0 00 00000000 0 0 0 0000000000000018 55555555 f 55555555 1 02 55555555
0000000000000018 1011050234f1f000 0 00 00000000 0 0 0 0000000000000019 55555555 f 55555555 1 05 55555555
0000000000000019 10610203001ff000 0 00 00000000 0 0 0 000000000000001a 55555555 f 55555555 1 02 55555555
000000000000001a 343002000000f000 0 00 00000000 0 0 0 000000000000001b 55555555 f 55555555 1 02 55555555
000000000000001b 340002020000f000 0 00 00000000 0 0 0 000000000000001c 55555555 f 55555555 1 02 55555555
000000000000001c 104006050500f000 0 00 00000000 0 0 0 000000000000001d 55555555 f 55555555 1 06 55555555
000000000000001d 106103020026f000 0 00 00000000 0 0 0 000000000000001e 55555555 f 55555555 1 03 55555555
000000000000001e 106106050000f000 0 00 00000000 0 0 0 000000000000001f 55555555 f 55555555 1 06 55555555
000000000000001f 104005050600f000 0 00 00000000 0 0 0 0000000000000020 55555555 f 55555555 1 05 55555555
0000000000000020 103006020400f000 0 00 00000000 0 0 0 0000000000000021 55555555 f 55555555 1 06 55555555
0000000000000021 340004040000a000 0 00 00000000 0 0 0 0000000000000022 55555555 a 55555555 1 04 55555555
0000000000000022 00131e0000000200 1 1e 00000002 0 0 0 0000000000000023 55555555 f 55555555 0 00 55555555
0000000000000023 0023171700000100 1 17 00000001 0 0 0 0000000000000024 55555555 f 55555555 0 00 55555555
0000000000000024 00731e1e00000100 1 1e 00000001 0 0 0 0000000000000025 55555555 f 55555555 0 00 55555555
0000000000000025 0013180000000000 1 18 00000000 0 0 0 0000000000000026 55555555 f 55555555 0 00 55555555
0000000000000026 0102001e18000000 0 00 00000000 4 0 0 0000000000000027 55555555 f 55555555 0 00 55555555
0000000000000027 0215fffffb040000 0 00 00000000 4 0 1 0000000000000023 55555555 f 55555555 0 00 55555555
0000000000000023 0023171700000100 1 17 00000002 4 0 0 0000000000000024 55555555 f 55555555 0 00 55555555
0000000000000024 00731e1e00000100 1 1e 00000000 4 0 0 0000000000000025 55555555 f 55555555 0 00 55555555
0000000000000025 0013180000000000 1 18 00000000 4 0 0 0000000000000026 55555555 f 55555555 0 00 55555555
0000000000000026 0102001e18000000 0 00 00000000 5 1 0 0000000000000027 55555555 f 55555555 0 00 55555555
0000000000000027 0215fffffb040000 0 00 00000000 5 1 0 0000000000000028 55555555 f 55555555 0 00 55555555
0000000000000028 7cf5000000000000 0 00 00000000 5 1 0 0000000000000029 55555555 f 55555555 0 00 55555555
DONE retired=46 fault=00 pc=0000000000000028
