0000000000000000 0013140000004d00 1 14 0000004d 0 0 0 0000000000000001 ffffffff f ffffffff 0 00 ffffffff
0000000000000001 100102060001f000 0 00 00000000 0 0 0 0000000000000002 ffffffff f ffffffff 1 02 ffffffff
0000000000000002 0013160000000000 1 16 00000000 0 0 0 0000000000000003 ffffffff f ffffffff 0 00 ffffffff
0000000000000003 342004160000f000 0 00 00000000 0 0 0 0000000000000004 ffffffff f ffffffff 1 04 ffffffff
0000000000000004 10810604000ff000 0 00 00000000 0 0 0 0000000000000005 ffffffff f ffffffff 1 06 ffffffff
0000000000000005 3411030090942000 0 00 00000000 0 0 0 0000000000000006 ffffffff 2 67a66187 1 03 67a66187
0000000000000006 0013150000000000 1 15 00000000 0 0 0 0000000000000007 ffffffff f ffffffff 0 00 ffffffff
0000000000000007 342005150000f000 0 00 00000000 0 0 0 0000000000000008 ffffffff f ffffffff 1 05 ffffffff
0000000000000008 00131500ffffff00 1 15 ffffffff 0 0 0 0000000000000009 ffffffff f ffffffff 0 00 ffffffff
0000000000000009 342002150000f000 0 00 00000000 0 0 0 000000000000000a ffffffff f ffffffff 1 02 ffffffff
000000000000000a 100006040500f000 0 00 00000000 0 0 0 000000000000000b ffffffff f ffffffff 1 06 ffffffff
000000000000000b 1000030305005000 0 00 00000000 0 0 0 000000000000000c ffffffff 5 7fffffff 1 03 7fffffff
000000000000000c 00131e0000000100 1 1e 00000001 0 0 0 000000000000000d ffffffff f ffffffff 0 00 ffffffff
000000000000000d 0023171700000100 1 17 00000001 0 0 0 000000000000000e ffffffff f ffffffff 0 00 ffffffff
000000000000000e 00731e1e00000100 1 1e 00000000 0 0 0 000000000000000f ffffffff f ffffffff 0 00 ffffffff
000000000000000f 0013180000000000 1 18 00000000 0 0 0 0000000000000010 ffffffff f ffffffff 0 00 ffffffff
0000000000000010 0102001e18000000 0 00 00000000 5 1 0 0000000000000011 ffffffff f ffffffff 0 00 ffffffff
0000000000000011 0215fffffb040000 0 00 00000000 5 1 0 0000000000000012 ffffffff f ffffffff 0 00 ffffffff
0000000000000012 7cf5000000000000 0 00 00000000 5 1 0 0000000000000013 ffffffff f ffffffff 0 00 ffffffff
DONE retired=19 fault=00 pc=0000000000000012
