0000000000000000 00131d0000000000 1 1d 00000000 0 0 0 0000000000000001
0000000000000001 8506000000000000 0 00 00000000 0 0 0 0000000000000002
0000000000000002 007208010a000000 1 08 00000000 0 0 0 0000000000000003
0000000000000003 8506000000000000 0 00 00000000 0 0 0 0000000000000004
0000000000000004 8506000000000000 0 00 00000000 0 0 0 0000000000000005
0000000000000005 00820b120c000000 1 0b 00000000 0 0 0 0000000000000006
0000000000000006 0042070906000000 1 07 00000000 0 0 0 0000000000000007
0000000000000007 8506000000000000 0 00 00000000 0 0 0 0000000000000008
0000000000000008 0092110300000000 1 11 ffffffff 0 0 0 0000000000000009
0000000000000009 00b20b0d0a000000 1 0b 00000000 0 0 0 000000000000000a
000000000000000a 0022070514000000 1 07 00000000 0 0 0 000000000000000b
000000000000000b 0032030c05000000 1 03 00000000 0 0 0 000000000000000c
000000000000000c 0112001010000000 0 00 00000000 5 0 0 000000000000000d
000000000000000d 0215000001030000 0 00 00000000 5 0 1 000000000000000f
000000000000000f 0063011300001900 1 01 00000000 5 0 0 0000000000000010
0000000000000010 00131400599e5100 1 14 00599e51 5 0 0 0000000000000011
0000000000000011 00a2050e10000000 1 05 00000000 5 0 0 0000000000000012
0000000000000012 8506000000000000 0 00 00000000 5 0 0 0000000000000013
0000000000000013 0122000606000000 0 00 00000000 5 0 0 0000000000000014
0000000000000014 02150000010d0000 0 00 00000000 5 0 0 0000000000000015
0000000000000015 8506000000000000 0 00 00000000 5 0 0 0000000000000016
0000000000000016 0013070012380f00 1 07 0012380f 5 0 0 0000000000000017
0000000000000017 00130e003eec3d00 1 0e 003eec3d 5 0 0 0000000000000018
0000000000000018 0092131200000000 1 13 ffffffff 5 0 0 0000000000000019
0000000000000019 00130c00db2c2600 1 0c ffdb2c26 5 0 0 000000000000001a
000000000000001a 00230f06410d3300 1 0f 00410d33 5 0 0 000000000000001b
000000000000001b 8506000000000000 0 00 00000000 5 0 0 000000000000001c
000000000000001c 006203120f000000 1 03 00000000 5 0 0 000000000000001d
000000000000001d 00231009de419900 1 10 ffde4199 5 0 0 000000000000001e
000000000000001e 8506000000000000 0 00 00000000 5 0 0 000000000000001f
000000000000001f 8506000000000000 0 00 00000000 5 0 0 0000000000000020
0000000000000020 00620b0c0a000000 1 0b ffdb2c26 5 0 0 0000000000000021
0000000000000021 00730e0e00000100 1 0e 003eec3c 5 0 0 0000000000000022
0000000000000022 006212080c000000 1 12 00000000 5 0 0 0000000000000023
0000000000000023 007307140cd87900 1 07 004cc5d8 5 0 0 0000000000000024
0000000000000024 0122000f10000000 0 00 00000000 0 1 0 0000000000000025
0000000000000025 0215000001010000 0 00 00000000 0 1 1 0000000000000027
0000000000000027 00b3130a00000500 1 13 00000000 0 1 0 0000000000000028
0000000000000028 8506000000000000 0 00 00000000 0 1 0 0000000000000029
0000000000000029 00131000ba42de00 1 10 ffba42de 0 1 0 000000000000002a
000000000000002a 00131e0000000100 1 1e 00000001 0 1 0 000000000000002b
000000000000002b 0023151500000100 1 15 00000001 0 1 0 000000000000002c
000000000000002c 00731e1e00000100 1 1e 00000000 0 1 0 000000000000002d
000000000000002d 0102001e1d000000 0 00 00000000 5 1 0 000000000000002e
000000000000002e 0215fffffc040000 0 00 00000000 5 1 0 000000000000002f
000000000000002f 7cf5000000000000 0 00 00000000 5 1 0 0000000000000030
DONE retired=46 fault=00 pc=000000000000002f
