0000000000000000 0013140000004d00 1 14 0000004d 0 0 0 0000000000000001 d3f30850 f d3f30850 0 00 d3f30850
0000000000000001 104006030200f000 0 00 00000000 0 0 0 0000000000000002 d3f30850 f d3f30850 1 06 d3f30850
0000000000000002 107106030020f000 0 00 00000000 0 0 0 0000000000000003 d3f30850 f d3f30850 1 06 d3f30850
0000000000000003 341103004db1f000 0 00 00000000 0 0 0 0000000000000004 d3f30850 f d3f30850 1 03 d3f30850
0000000000000004 341104007ffff000 0 00 00000000 0 0 0 0000000000000005 d3f30850 f d3f30850 1 04 d3f30850
0000000000000005 104104047ffff000 0 00 00000000 0 0 0 0000000000000006 d3f30850 f d3f30850 1 04 d3f30850
0000000000000006 101003030600f000 0 00 00000000 0 0 0 0000000000000007 d3f30850 f d3f30850 1 03 d3f30850
0000000000000007 10710405001ff000 0 00 00000000 0 0 0 0000000000000008 d3f30850 f d3f30850 1 04 d3f30850
0000000000000008 0013150000000000 1 15 00000000 0 0 0 0000000000000009 d3f30850 f d3f30850 0 00 d3f30850
0000000000000009 342004150000f000 0 00 00000000 0 0 0 000000000000000a d3f30850 f d3f30850 1 04 d3f30850
000000000000000a 107106040010f000 0 00 00000000 0 0 0 000000000000000b d3f30850 f d3f30850 1 06 d3f30850
000000000000000b 340006050000f000 0 00 00000000 0 0 0 000000000000000c d3f30850 f d3f30850 1 06 d3f30850
000000000000000c 106102060017f000 0 00 00000000 0 0 0 000000000000000d d3f30850 f d3f30850 1 02 d3f30850
000000000000000d 101006060400f000 0 00 00000000 0 0 0 000000000000000e d3f30850 f d3f30850 1 06 d3f30850
000000000000000e 3411060051d8f000 0 00 00000000 0 0 0 000000000000000f d3f30850 f d3f30850 1 06 d3f30850
000000000000000f 10710504001ff000 0 00 00000000 0 0 0 0000000000000010 d3f30850 f d3f30850 1 05 d3f30850
0000000000000010 00131500aaaaaa00 1 15 ffaaaaaa 0 0 0 0000000000000011 d3f30850 f d3f30850 0 00 d3f30850
0000000000000011 342006150000f000 0 00 00000000 0 0 0 0000000000000012 d3f30850 f d3f30850 1 06 d3f30850
0000000000000012 103003020300f000 0 00 00000000 0 0 0 0000000000000013 d3f30850 f d3f30850 1 03 d3f30850
0000000000000013 00131e0000000200 1 1e 00000002 0 0 0 0000000000000014 d3f30850 f d3f30850 0 00 d3f30850
0000000000000014 0023171700000100 1 17 00000001 0 0 0 0000000000000015 d3f30850 f d3f30850 0 00 d3f30850
0000000000000015 00731e1e00000100 1 1e 00000001 0 0 0 0000000000000016 d3f30850 f d3f30850 0 00 d3f30850
0000000000000016 0013180000000000 1 18 00000000 0 0 0 0000000000000017 d3f30850 f d3f30850 0 00 d3f30850
0000000000000017 0102001e18000000 0 00 00000000 4 0 0 0000000000000018 d3f30850 f d3f30850 0 00 d3f30850
0000000000000018 0215fffffb040000 0 00 00000000 4 0 1 0000000000000014 d3f30850 f d3f30850 0 00 d3f30850
0000000000000014 0023171700000100 1 17 00000002 4 0 0 0000000000000015 d3f30850 f d3f30850 0 00 d3f30850
0000000000000015 00731e1e00000100 1 1e 00000000 4 0 0 0000000000000016 d3f30850 f d3f30850 0 00 d3f30850
0000000000000016 0013180000000000 1 18 00000000 4 0 0 0000000000000017 d3f30850 f d3f30850 0 00 d3f30850
0000000000000017 0102001e18000000 0 00 00000000 5 1 0 0000000000000018 d3f30850 f d3f30850 0 00 d3f30850
0000000000000018 0215fffffb040000 0 00 00000000 5 1 0 0000000000000019 d3f30850 f d3f30850 0 00 d3f30850
0000000000000019 7cf5000000000000 0 00 00000000 5 1 0 000000000000001a d3f30850 f d3f30850 0 00 d3f30850
DONE retired=31 fault=00 pc=0000000000000019
