0000000000000000 0013140000004d00 1 14 0000004d 0 0 0 0000000000000001 80808080 f 80808080 0 00 80808080
0000000000000001 10710204003ff000 0 00 00000000 0 0 0 0000000000000002 80808080 f 80808080 1 02 80808080
0000000000000002 340006040000f000 0 00 00000000 0 0 0 0000000000000003 80808080 f 80808080 1 06 80808080
0000000000000003 00131600ffffff00 1 16 ffffffff 0 0 0 0000000000000004 80808080 f 80808080 0 00 80808080
0000000000000004 342006160000f000 0 00 00000000 0 0 0 0000000000000005 80808080 f 80808080 1 06 80808080
0000000000000005 108106060021f000 0 00 00000000 0 0 0 0000000000000006 80808080 f 80808080 1 06 80808080
0000000000000006 10310406fffff000 0 00 00000000 0 0 0 0000000000000007 80808080 f 80808080 1 04 80808080
0000000000000007 106103040021f000 0 00 00000000 0 0 0 0000000000000008 80808080 f 80808080 1 03 80808080
0000000000000008 100006060200f000 0 00 00000000 0 0 0 0000000000000009 80808080 f 80808080 1 06 80808080
0000000000000009 1040030606004000 0 00 00000000 0 0 0 000000000000000a 80808080 4 80808080 1 03 80808080
000000000000000a 106103060001f000 0 00 00000000 0 0 0 000000000000000b 80808080 f 80808080 1 03 80808080
000000000000000b 1041030642aef000 0 00 00000000 0 0 0 000000000000000c 80808080 f 80808080 1 03 80808080
000000000000000c 00131e0000000300 1 1e 00000003 0 0 0 000000000000000d 80808080 f 80808080 0 00 80808080
000000000000000d 0023171700000100 1 17 00000001 0 0 0 000000000000000e 80808080 f 80808080 0 00 80808080
000000000000000e 00731e1e00000100 1 1e 00000002 0 0 0 000000000000000f 80808080 f 80808080 0 00 80808080
000000000000000f 0013180000000000 1 18 00000000 0 0 0 0000000000000010 80808080 f 80808080 0 00 80808080
0000000000000010 0102001e18000000 0 00 00000000 4 0 0 0000000000000011 80808080 f 80808080 0 00 80808080
0000000000000011 0215fffffb040000 0 00 00000000 4 0 1 000000000000000d 80808080 f 80808080 0 00 80808080
000000000000000d 0023171700000100 1 17 00000002 4 0 0 000000000000000e 80808080 f 80808080 0 00 80808080
000000000000000e 00731e1e00000100 1 1e 00000001 4 0 0 000000000000000f 80808080 f 80808080 0 00 80808080
000000000000000f 0013180000000000 1 18 00000000 4 0 0 0000000000000010 80808080 f 80808080 0 00 80808080
0000000000000010 0102001e18000000 0 00 00000000 4 0 0 0000000000000011 80808080 f 80808080 0 00 80808080
0000000000000011 0215fffffb040000 0 00 00000000 4 0 1 000000000000000d 80808080 f 80808080 0 00 80808080
000000000000000d 0023171700000100 1 17 00000003 4 0 0 000000000000000e 80808080 f 80808080 0 00 80808080
000000000000000e 00731e1e00000100 1 1e 00000000 4 0 0 000000000000000f 80808080 f 80808080 0 00 80808080
000000000000000f 0013180000000000 1 18 00000000 4 0 0 0000000000000010 80808080 f 80808080 0 00 80808080
0000000000000010 0102001e18000000 0 00 00000000 5 1 0 0000000000000011 80808080 f 80808080 0 00 80808080
0000000000000011 0215fffffb040000 0 00 00000000 5 1 0 0000000000000012 80808080 f 80808080 0 00 80808080
0000000000000012 7cf5000000000000 0 00 00000000 5 1 0 0000000000000013 80808080 f 80808080 0 00 80808080
DONE retired=29 fault=00 pc=0000000000000012
