0000000000000000 00131d0000000000 1 1d 00000000 0 0 0 0000000000000001
0000000000000001 0306000000001400 1 14 00000000 0 0 0 0000000000000002
0000000000000002 00b3091200001a00 1 09 00000000 0 0 0 0000000000000003
0000000000000003 0062020411000000 1 02 00000000 0 0 0 0000000000000004
0000000000000004 001301000165da00 1 01 000165da 0 0 0 0000000000000005
0000000000000005 0112000a0c000000 0 00 00000000 5 0 0 0000000000000006
0000000000000006 0215000002020000 0 00 00000000 5 0 1 0000000000000009
0000000000000009 8506000000000000 0 00 00000000 5 0 0 000000000000000a
000000000000000a 00720e1008000000 1 0e 00000000 5 0 0 000000000000000b
000000000000000b 00a3031000000f00 1 03 00000000 5 0 0 000000000000000c
000000000000000c 00130500ff627100 1 05 ffff6271 5 0 0 000000000000000d
000000000000000d 0092050100000000 1 05 fffe9a25 5 0 0 000000000000000e
000000000000000e 00730710aaaaaa00 1 07 00555556 5 0 0 000000000000000f
000000000000000f 00a2110c02000000 1 11 00000000 5 0 0 0000000000000010
0000000000000010 8506000000000000 0 00 00000000 5 0 0 0000000000000011
0000000000000011 0052030303000000 1 03 00000000 5 0 0 0000000000000012
0000000000000012 0062061204000000 1 06 00000000 5 0 0 0000000000000013
0000000000000013 8506000000000000 0 00 00000000 5 0 0 0000000000000014
0000000000000014 0122001412000000 0 00 00000000 5 0 0 0000000000000015
0000000000000015 02150000010b0000 0 00 00000000 5 0 0 0000000000000016
0000000000000016 8506000000000000 0 00 00000000 5 0 0 0000000000000017
0000000000000017 0062081113000000 1 08 00000000 5 0 0 0000000000000018
0000000000000018 00130700ffffff00 1 07 ffffffff 5 0 0 0000000000000019
0000000000000019 00130b0000000000 1 0b 00000000 5 0 0 000000000000001a
000000000000001a 8506000000000000 0 00 00000000 5 0 0 000000000000001b
000000000000001b 0073090fb73d8700 1 09 0048c279 5 0 0 000000000000001c
000000000000001c 00b2141012000000 1 14 00000000 5 0 0 000000000000001d
000000000000001d 00b3070800000c00 1 07 00000000 5 0 0 000000000000001e
000000000000001e 0063040200000100 1 04 00000000 5 0 0 000000000000001f
000000000000001f 0073120ed4dc4000 1 12 002b23c0 5 0 0 0000000000000020
0000000000000020 00820d1007000000 1 0d 00000000 5 0 0 0000000000000021
0000000000000021 0306000000000700 1 07 00000000 5 0 0 0000000000000022
0000000000000022 0013020000000000 1 02 00000000 5 0 0 0000000000000023
0000000000000023 8506000000000000 0 00 00000000 5 0 0 0000000000000024
0000000000000024 00131e0000000200 1 1e 00000002 5 0 0 0000000000000025
0000000000000025 0023151500000100 1 15 00000001 5 0 0 0000000000000026
0000000000000026 00731e1e00000100 1 1e 00000001 5 0 0 0000000000000027
0000000000000027 0102001e1d000000 0 00 00000000 4 0 0 0000000000000028
0000000000000028 0215fffffc040000 0 00 00000000 4 0 1 0000000000000025
0000000000000025 0023151500000100 1 15 00000002 4 0 0 0000000000000026
0000000000000026 00731e1e00000100 1 1e 00000000 4 0 0 0000000000000027
0000000000000027 0102001e1d000000 0 00 00000000 5 1 0 0000000000000028
0000000000000028 0215fffffc040000 0 00 00000000 5 1 0 0000000000000029
0000000000000029 7cf5000000000000 0 00 00000000 5 1 0 000000000000002a
DONE retired=44 fault=00 pc=0000000000000029
