0000000000000000 00131d0000000000 1 1d 00000000 0 0 0 0000000000000001
0000000000000001 8506000000000000 0 00 00000000 0 0 0 0000000000000002
0000000000000002 0023060dba8fd800 1 06 ffba8fd8 0 0 0 0000000000000003
0000000000000003 00a204140c000000 1 04 00000000 0 0 0 0000000000000004
0000000000000004 8506000000000000 0 00 00000000 0 0 0 0000000000000005
0000000000000005 8506000000000000 0 00 00000000 0 0 0 0000000000000006
0000000000000006 00520a0b07000000 1 0a 00000000 0 0 0 0000000000000007
0000000000000007 8506000000000000 0 00 00000000 0 0 0 0000000000000008
0000000000000008 0092040300000000 1 04 ffffffff 0 0 0 0000000000000009
0000000000000009 8506000000000000 0 00 00000000 0 0 0 000000000000000a
000000000000000a 0092071300000000 1 07 ffffffff 0 0 0 000000000000000b
000000000000000b 00130f001e49d700 1 0f 001e49d7 0 0 0 000000000000000c
000000000000000c 0122000512000000 0 00 00000000 5 0 0 000000000000000d
000000000000000d 0215000003020000 0 00 00000000 5 0 1 0000000000000011
0000000000000011 00820c1403000000 1 0c 00000000 5 0 0 0000000000000012
0000000000000012 0013120009715400 1 12 00097154 5 0 0 0000000000000013
0000000000000013 8506000000000000 0 00 00000000 5 0 0 0000000000000014
0000000000000014 00130e0055555500 1 0e 00555555 5 0 0 0000000000000015
0000000000000015 0122000509000000 0 00 00000000 5 0 0 0000000000000016
0000000000000016 0215000001040000 0 00 00000000 5 0 0 0000000000000017
0000000000000017 8506000000000000 0 00 00000000 5 0 0 0000000000000018
0000000000000018 002306037fef2100 1 06 007fef21 5 0 0 0000000000000019
0000000000000019 00730906064c8000 1 09 0079a2a1 5 0 0 000000000000001a
000000000000001a 0032010902000000 1 01 00000000 5 0 0 000000000000001b
000000000000001b 007301067840c600 1 01 0007ae5b 5 0 0 000000000000001c
000000000000001c 0062130c02000000 1 13 00000000 5 0 0 000000000000001d
000000000000001d 0112001403000000 0 00 00000000 5 0 0 000000000000001e
000000000000001e 0215000003020000 0 00 00000000 5 0 1 0000000000000022
0000000000000022 00130a00042ce500 1 0a 00042ce5 5 0 0 0000000000000023
0000000000000023 8506000000000000 0 00 00000000 5 0 0 0000000000000024
0000000000000024 003214050e000000 1 14 00000000 5 0 0 0000000000000025
0000000000000025 0112000508000000 0 00 00000000 5 0 0 0000000000000026
0000000000000026 0215000002010000 0 00 00000000 5 0 0 0000000000000027
0000000000000027 8506000000000000 0 00 00000000 5 0 0 0000000000000028
0000000000000028 8506000000000000 0 00 00000000 5 0 0 0000000000000029
0000000000000029 8506000000000000 0 00 00000000 5 0 0 000000000000002a
000000000000002a 00630d0f00001e00 1 0d c0000000 5 0 0 000000000000002b
000000000000002b 8506000000000000 0 00 00000000 5 0 0 000000000000002c
000000000000002c 00920b0c00000000 1 0b ffffffff 5 0 0 000000000000002d
000000000000002d 00131400aaaaaa00 1 14 ffaaaaaa 5 0 0 000000000000002e
000000000000002e 0092060b00000000 1 06 00000000 5 0 0 000000000000002f
000000000000002f 0052110811000000 1 11 00000000 5 0 0 0000000000000030
0000000000000030 8506000000000000 0 00 00000000 5 0 0 0000000000000031
0000000000000031 0072020703000000 1 02 ffffffff 5 0 0 0000000000000032
0000000000000032 003209140d000000 1 09 80000000 5 0 0 0000000000000033
0000000000000033 00131e0000000200 1 1e 00000002 5 0 0 0000000000000034
0000000000000034 0023151500000100 1 15 00000001 5 0 0 0000000000000035
0000000000000035 00731e1e00000100 1 1e 00000001 5 0 0 0000000000000036
0000000000000036 0102001e1d000000 0 00 00000000 4 0 0 0000000000000037
0000000000000037 0215fffffc040000 0 00 00000000 4 0 1 0000000000000034
0000000000000034 0023151500000100 1 15 00000002 4 0 0 0000000000000035
0000000000000035 00731e1e00000100 1 1e 00000000 4 0 0 0000000000000036
0000000000000036 0102001e1d000000 0 00 00000000 5 1 0 0000000000000037
0000000000000037 0215fffffc040000 0 00 00000000 5 1 0 0000000000000038
0000000000000038 7cf5000000000000 0 00 00000000 5 1 0 0000000000000039
DONE retired=55 fault=00 pc=0000000000000038
