0000000000000000 00131d0000000000 1 1d 00000000 0 0 0 0000000000000001
0000000000000001 00130b00aaaaaa00 1 0b ffaaaaaa 0 0 0 0000000000000002
0000000000000002 008212100f000000 1 12 00000000 0 0 0 0000000000000003
0000000000000003 0122000c06000000 0 00 00000000 5 0 0 0000000000000004
0000000000000004 0215000001010000 0 00 00000000 5 0 0 0000000000000005
0000000000000005 8506000000000000 0 00 00000000 5 0 0 0000000000000006
0000000000000006 00b2010a07000000 1 01 00000000 5 0 0 0000000000000007
0000000000000007 8506000000000000 0 00 00000000 5 0 0 0000000000000008
0000000000000008 0092011200000000 1 01 ffffffff 5 0 0 0000000000000009
0000000000000009 011200110f000000 0 00 00000000 5 0 0 000000000000000a
000000000000000a 02150000010b0000 0 00 00000000 5 0 0 000000000000000b
000000000000000b 8506000000000000 0 00 00000000 5 0 0 000000000000000c
000000000000000c 00130d00fa1f5f00 1 0d fffa1f5f 5 0 0 000000000000000d
000000000000000d 010200100f000000 0 00 00000000 5 1 0 000000000000000e
000000000000000e 02150000030c0000 0 00 00000000 5 1 1 0000000000000012
0000000000000012 0112001108000000 0 00 00000000 5 0 0 0000000000000013
0000000000000013 0215000001020000 0 00 00000000 5 0 1 0000000000000015
0000000000000015 002206120f000000 1 06 00000000 5 0 0 0000000000000016
0000000000000016 8506000000000000 0 00 00000000 5 0 0 0000000000000017
0000000000000017 8506000000000000 0 00 00000000 5 0 0 0000000000000018
0000000000000018 8506000000000000 0 00 00000000 5 0 0 0000000000000019
0000000000000019 00131e0000000300 1 1e 00000003 5 0 0 000000000000001a
000000000000001a 0023151500000100 1 15 00000001 5 0 0 000000000000001b
000000000000001b 00731e1e00000100 1 1e 00000002 5 0 0 000000000000001c
000000000000001c 0102001e1d000000 0 00 00000000 4 0 0 000000000000001d
000000000000001d 0215fffffc040000 0 00 00000000 4 0 1 000000000000001a
000000000000001a 0023151500000100 1 15 00000002 4 0 0 000000000000001b
000000000000001b 00731e1e00000100 1 1e 00000001 4 0 0 000000000000001c
000000000000001c 0102001e1d000000 0 00 00000000 4 0 0 000000000000001d
000000000000001d 0215fffffc040000 0 00 00000000 4 0 1 000000000000001a
000000000000001a 0023151500000100 1 15 00000003 4 0 0 000000000000001b
000000000000001b 00731e1e00000100 1 1e 00000000 4 0 0 000000000000001c
000000000000001c 0102001e1d000000 0 00 00000000 5 1 0 000000000000001d
000000000000001d 0215fffffc040000 0 00 00000000 5 1 0 000000000000001e
000000000000001e 7cf5000000000000 0 00 00000000 5 1 0 000000000000001f
DONE retired=35 fault=00 pc=000000000000001e
