0000000000000000 00131d0000000000 1 1d 00000000 0 0 0 0000000000000001
0000000000000001 00a2141301000000 1 14 00000000 0 0 0 0000000000000002
0000000000000002 00a3080a00000400 1 08 00000000 0 0 0 0000000000000003
0000000000000003 0306000000001400 1 14 00000000 0 0 0 0000000000000004
0000000000000004 0022091303000000 1 09 00000000 0 0 0 0000000000000005
0000000000000005 8506000000000000 0 00 00000000 0 0 0 0000000000000006
0000000000000006 00130800afc7ea00 1 08 ffafc7ea 0 0 0 0000000000000007
0000000000000007 0306000000000e00 1 0e 00000000 0 0 0 0000000000000008
0000000000000008 0306000000000c00 1 0c 00000000 0 0 0 0000000000000009
0000000000000009 8506000000000000 0 00 00000000 0 0 0 000000000000000a
000000000000000a 0102000f13000000 0 00 00000000 5 1 0 000000000000000b
000000000000000b 02150000010d0000 0 00 00000000 5 1 0 000000000000000c
000000000000000c 8506000000000000 0 00 00000000 5 1 0 000000000000000d
000000000000000d 00720a0a0c000000 1 0a 00000000 5 1 0 000000000000000e
000000000000000e 0063090600001f00 1 09 00000000 5 1 0 000000000000000f
000000000000000f 00b205110e000000 1 05 00000000 5 1 0 0000000000000010
0000000000000010 0102000a01000000 0 00 00000000 5 1 0 0000000000000011
0000000000000011 0215000003040000 0 00 00000000 5 1 0 0000000000000012
0000000000000012 8506000000000000 0 00 00000000 5 1 0 0000000000000013
0000000000000013 8506000000000000 0 00 00000000 5 1 0 0000000000000014
0000000000000014 8506000000000000 0 00 00000000 5 1 0 0000000000000015
0000000000000015 00a20e030d000000 1 0e 00000000 5 1 0 0000000000000016
0000000000000016 00920a0e00000000 1 0a ffffffff 5 1 0 0000000000000017
0000000000000017 00130b009c3a1e00 1 0b ff9c3a1e 5 1 0 0000000000000018
0000000000000018 0122000f13000000 0 00 00000000 5 0 0 0000000000000019
0000000000000019 0215000002010000 0 00 00000000 5 0 0 000000000000001a
000000000000001a 8506000000000000 0 00 00000000 5 0 0 000000000000001b
000000000000001b 8506000000000000 0 00 00000000 5 0 0 000000000000001c
000000000000001c 00630b0c00000c00 1 0b 00000000 5 0 0 000000000000001d
000000000000001d 8506000000000000 0 00 00000000 5 0 0 000000000000001e
000000000000001e 00920b0f00000000 1 0b ffffffff 5 0 0 000000000000001f
000000000000001f 0122000603000000 0 00 00000000 5 0 0 0000000000000020
0000000000000020 02150000020c0000 0 00 00000000 5 0 1 0000000000000023
0000000000000023 00130d000d4aec00 1 0d 000d4aec 5 0 0 0000000000000024
0000000000000024 0092080900000000 1 08 ffffffff 5 0 0 0000000000000025
0000000000000025 0013100000000100 1 10 00000001 5 0 0 0000000000000026
0000000000000026 00920c0700000000 1 0c ffffffff 5 0 0 0000000000000027
0000000000000027 8506000000000000 0 00 00000000 5 0 0 0000000000000028
0000000000000028 00131e0000000300 1 1e 00000003 5 0 0 0000000000000029
0000000000000029 0023151500000100 1 15 00000001 5 0 0 000000000000002a
000000000000002a 00731e1e00000100 1 1e 00000002 5 0 0 000000000000002b
000000000000002b 0102001e1d000000 0 00 00000000 4 0 0 000000000000002c
000000000000002c 0215fffffc040000 0 00 00000000 4 0 1 0000000000000029
0000000000000029 0023151500000100 1 15 00000002 4 0 0 000000000000002a
000000000000002a 00731e1e00000100 1 1e 00000001 4 0 0 000000000000002b
000000000000002b 0102001e1d000000 0 00 00000000 4 0 0 000000000000002c
000000000000002c 0215fffffc040000 0 00 00000000 4 0 1 0000000000000029
0000000000000029 0023151500000100 1 15 00000003 4 0 0 000000000000002a
000000000000002a 00731e1e00000100 1 1e 00000000 4 0 0 000000000000002b
000000000000002b 0102001e1d000000 0 00 00000000 5 1 0 000000000000002c
000000000000002c 0215fffffc040000 0 00 00000000 5 1 0 000000000000002d
000000000000002d 7cf5000000000000 0 00 00000000 5 1 0 000000000000002e
DONE retired=52 fault=00 pc=000000000000002d
