0000000000000000 00131d0000000000 1 1d 00000000 0 0 0 0000000000000001
0000000000000001 00131000d0544200 1 10 ffd05442 0 0 0 0000000000000002
0000000000000002 0306000000000c00 1 0c 00000000 0 0 0 0000000000000003
0000000000000003 8506000000000000 0 00 00000000 0 0 0 0000000000000004
0000000000000004 8506000000000000 0 00 00000000 0 0 0 0000000000000005
0000000000000005 8506000000000000 0 00 00000000 0 0 0 0000000000000006
0000000000000006 0023040f95d15200 1 04 ff95d152 0 0 0 0000000000000007
0000000000000007 00920b0200000000 1 0b ffffffff 0 0 0 0000000000000008
0000000000000008 0122000b14000000 0 00 00000000 6 0 0 0000000000000009
0000000000000009 02150000020c0000 0 00 00000000 6 0 0 000000000000000a
000000000000000a 8506000000000000 0 00 00000000 6 0 0 000000000000000b
000000000000000b 8506000000000000 0 00 00000000 6 0 0 000000000000000c
000000000000000c 0013110000000000 1 11 00000000 6 0 0 000000000000000d
000000000000000d 00730f07ecf20800 1 0f 00130df8 6 0 0 000000000000000e
000000000000000e 0102000806000000 0 00 00000000 5 1 0 000000000000000f
000000000000000f 0215000003040000 0 00 00000000 5 1 0 0000000000000010
0000000000000010 8506000000000000 0 00 00000000 5 1 0 0000000000000011
0000000000000011 8506000000000000 0 00 00000000 5 1 0 0000000000000012
0000000000000012 8506000000000000 0 00 00000000 5 1 0 0000000000000013
0000000000000013 8506000000000000 0 00 00000000 5 1 0 0000000000000014
0000000000000014 8506000000000000 0 00 00000000 5 1 0 0000000000000015
0000000000000015 00131400ffffff00 1 14 ffffffff 5 1 0 0000000000000016
0000000000000016 8506000000000000 0 00 00000000 5 1 0 0000000000000017
0000000000000017 00b2080412000000 1 08 ff95d152 5 1 0 0000000000000018
0000000000000018 0013130000000000 1 13 00000000 5 1 0 0000000000000019
0000000000000019 8506000000000000 0 00 00000000 5 1 0 000000000000001a
000000000000001a 00520a0e0c000000 1 0a 00000000 5 1 0 000000000000001b
000000000000001b 0073060cffffff00 1 06 00000001 5 1 0 000000000000001c
000000000000001c 00130500b5866c00 1 05 ffb5866c 5 1 0 000000000000001d
000000000000001d 8506000000000000 0 00 00000000 5 1 0 000000000000001e
000000000000001e 0022110c0c000000 1 11 00000000 5 1 0 000000000000001f
000000000000001f 0092130400000000 1 13 006a2ead 5 1 0 0000000000000020
0000000000000020 00130f0000000100 1 0f 00000001 5 1 0 0000000000000021
0000000000000021 0122000213000000 0 00 00000000 2 0 0 0000000000000022
0000000000000022 0215000003030000 0 00 00000000 2 0 0 0000000000000023
0000000000000023 8506000000000000 0 00 00000000 2 0 0 0000000000000024
0000000000000024 8506000000000000 0 00 00000000 2 0 0 0000000000000025
0000000000000025 8506000000000000 0 00 00000000 2 0 0 0000000000000026
0000000000000026 0306000000000d00 1 0d 00000000 2 0 0 0000000000000027
0000000000000027 00230c04bb817d00 1 0c ff5152cf 2 0 0 0000000000000028
0000000000000028 0306000000001000 1 10 00000000 2 0 0 0000000000000029
0000000000000029 00a2120810000000 1 12 ff95d152 2 0 0 000000000000002a
000000000000002a 8506000000000000 0 00 00000000 2 0 0 000000000000002b
000000000000002b 00131e0000000100 1 1e 00000001 2 0 0 000000000000002c
000000000000002c 0023151500000100 1 15 00000001 2 0 0 000000000000002d
000000000000002d 00731e1e00000100 1 1e 00000000 2 0 0 000000000000002e
000000000000002e 0102001e1d000000 0 00 00000000 5 1 0 000000000000002f
000000000000002f 0215fffffc040000 0 00 00000000 5 1 0 0000000000000030
0000000000000030 7cf5000000000000 0 00 00000000 5 1 0 0000000000000031
DONE retired=49 fault=00 pc=0000000000000030
