0000000000000000 0013140000004d00 1 14 0000004d 0 0 0 0000000000000001 000003ff f 000003ff 0 00 000003ff
0000000000000001 100002050500f000 0 00 00000000 0 0 0 0000000000000002 000003ff f 000003ff 1 02 000003ff
0000000000000002 3430050000002000 0 00 00000000 0 0 0 0000000000000003 000003ff 2 000003e6 1 05 000003e6
0000000000000003 10610202000ff000 0 00 00000000 0 0 0 0000000000000004 000003ff f 000003ff 1 02 000003ff
0000000000000004 100003040300f000 0 00 00000000 0 0 0 0000000000000005 000003ff f 000003ff 1 03 000003ff
0000000000000005 101005040400f000 0 00 00000000 0 0 0 0000000000000006 000003ff f 000003ff 1 05 000003ff
0000000000000006 0013160000000100 1 16 00000001 0 0 0 0000000000000007 000003ff f 000003ff 0 00 000003ff
0000000000000007 342002160000f000 0 00 00000000 0 0 0 0000000000000008 000003ff f 000003ff 1 02 000003ff
0000000000000008 10810402000ff000 0 00 00000000 0 0 0 0000000000000009 000003ff f 000003ff 1 04 000003ff
0000000000000009 00131600ffffff00 1 16 ffffffff 0 0 0 000000000000000a 000003ff f 000003ff 0 00 000003ff
000000000000000a 342004160000f000 0 00 00000000 0 0 0 000000000000000b 000003ff f 000003ff 1 04 000003ff
000000000000000b 10810604000ff000 0 00 00000000 0 0 0 000000000000000c 000003ff f 000003ff 1 06 000003ff
000000000000000c 107105040001f000 0 00 00000000 0 0 0 000000000000000d 000003ff f 000003ff 1 05 000003ff
000000000000000d 00131e0000000200 1 1e 00000002 0 0 0 000000000000000e 000003ff f 000003ff 0 00 000003ff
000000000000000e 0023171700000100 1 17 00000001 0 0 0 000000000000000f 000003ff f 000003ff 0 00 000003ff
000000000000000f 00731e1e00000100 1 1e 00000001 0 0 0 0000000000000010 000003ff f 000003ff 0 00 000003ff
0000000000000010 0013180000000000 1 18 00000000 0 0 0 0000000000000011 000003ff f 000003ff 0 00 000003ff
0000000000000011 0102001e18000000 0 00 00000000 4 0 0 0000000000000012 000003ff f 000003ff 0 00 000003ff
0000000000000012 0215fffffb040000 0 00 00000000 4 0 1 000000000000000e 000003ff f 000003ff 0 00 000003ff
000000000000000e 0023171700000100 1 17 00000002 4 0 0 000000000000000f 000003ff f 000003ff 0 00 000003ff
000000000000000f 00731e1e00000100 1 1e 00000000 4 0 0 0000000000000010 000003ff f 000003ff 0 00 000003ff
0000000000000010 0013180000000000 1 18 00000000 4 0 0 0000000000000011 000003ff f 000003ff 0 00 000003ff
0000000000000011 0102001e18000000 0 00 00000000 5 1 0 0000000000000012 000003ff f 000003ff 0 00 000003ff
0000000000000012 0215fffffb040000 0 00 00000000 5 1 0 0000000000000013 000003ff f 000003ff 0 00 000003ff
0000000000000013 7cf5000000000000 0 00 00000000 5 1 0 0000000000000014 000003ff f 000003ff 0 00 000003ff
DONE retired=25 fault=00 pc=0000000000000013
