0000000000000000 00131d0000000000 1 1d 00000000 0 0 0 0000000000000001
0000000000000001 0306000000000500 1 05 00000000 0 0 0 0000000000000002
0000000000000002 8506000000000000 0 00 00000000 0 0 0 0000000000000003
0000000000000003 0022070e01000000 1 07 00000000 0 0 0 0000000000000004
0000000000000004 0013120000000000 1 12 00000000 0 0 0 0000000000000005
0000000000000005 00a2140802000000 1 14 00000000 0 0 0 0000000000000006
0000000000000006 8506000000000000 0 00 00000000 0 0 0 0000000000000007
0000000000000007 0032061109000000 1 06 00000000 0 0 0 0000000000000008
0000000000000008 8506000000000000 0 00 00000000 0 0 0 0000000000000009
0000000000000009 8506000000000000 0 00 00000000 0 0 0 000000000000000a
000000000000000a 8506000000000000 0 00 00000000 0 0 0 000000000000000b
000000000000000b 0306000000001100 1 11 00000000 0 0 0 000000000000000c
000000000000000c 001314004e33d000 1 14 004e33d0 0 0 0 000000000000000d
000000000000000d 8506000000000000 0 00 00000000 0 0 0 000000000000000e
000000000000000e 00b2110e0a000000 1 11 00000000 0 0 0 000000000000000f
000000000000000f 0032060d05000000 1 06 00000000 0 0 0 0000000000000010
0000000000000010 00131e0000000400 1 1e 00000004 0 0 0 0000000000000011
0000000000000011 0023151500000100 1 15 00000001 0 0 0 0000000000000012
0000000000000012 00731e1e00000100 1 1e 00000003 0 0 0 0000000000000013
0000000000000013 0102001e1d000000 0 00 00000000 4 0 0 0000000000000014
0000000000000014 0215fffffc040000 0 00 00000000 4 0 1 0000000000000011
0000000000000011 0023151500000100 1 15 00000002 4 0 0 0000000000000012
0000000000000012 00731e1e00000100 1 1e 00000002 4 0 0 0000000000000013
0000000000000013 0102001e1d000000 0 00 00000000 4 0 0 0000000000000014
0000000000000014 0215fffffc040000 0 00 00000000 4 0 1 0000000000000011
0000000000000011 0023151500000100 1 15 00000003 4 0 0 0000000000000012
0000000000000012 00731e1e00000100 1 1e 00000001 4 0 0 0000000000000013
0000000000000013 0102001e1d000000 0 00 00000000 4 0 0 0000000000000014
0000000000000014 0215fffffc040000 0 00 00000000 4 0 1 0000000000000011
0000000000000011 0023151500000100 1 15 00000004 4 0 0 0000000000000012
0000000000000012 00731e1e00000100 1 1e 00000000 4 0 0 0000000000000013
0000000000000013 0102001e1d000000 0 00 00000000 5 1 0 0000000000000014
0000000000000014 0215fffffc040000 0 00 00000000 5 1 0 0000000000000015
0000000000000015 7cf5000000000000 0 00 00000000 5 1 0 0000000000000016
DONE retired=34 fault=00 pc=0000000000000015
