0000000000000000 343001000000f000 0 00 00000000 0 0 0 0 0 0 0000000000000001 ffffffff f ffffffff 1 01
0000000000000001 341107000001f000 0 00 00000000 0 0 0 0 0 0 0000000000000002 ffffffff f ffffffff 1 07
0000000000000002 34110c000003f000 0 00 00000000 0 0 0 0 0 0 0000000000000003 ffffffff f ffffffff 1 0c
0000000000000003 30195010c0000000 0 00 00000000 0 0 0 0 0 0 0000000000000004 ffffffff f ffffffff 0 00
0000000000000004 7c1500002c50002e 0 00 00000000 0 0 0 0 0 0 0000000000000005 fffffff7 f fffffff7 0 00
0000000000000005 30497010c0000000 0 00 00000000 0 0 0 0 0 0 0000000000000006 fffffff7 f fffffff7 0 00
0000000000000006 7c15000027700028 0 00 00000000 0 0 0 0 0 0 0000000000000007 fffffff0 f fffffff0 0 00
0000000000000007 100005010c00f000 0 00 00000000 0 0 0 0 0 0 0000000000000008 fffffff0 f fffffff0 1 05
0000000000000008 3029c0a0c0000000 0 00 00000000 0 0 0 0 0 0 0000000000000009 fffffff0 f fffffff0 0 00
0000000000000009 7c1500000fc00022 0 00 00000000 0 0 0 0 0 0 000000000000000a fffffff0 f fffffff0 0 00
000000000000000a 101003050300f000 0 00 00000000 0 0 0 0 0 0 000000000000000b fffffff0 f fffffff0 1 03
000000000000000b 34110d000001f000 0 00 00000000 0 0 0 0 0 0 000000000000000c fffffff0 f fffffff0 1 0d
000000000000000c 10300c010d00f000 0 00 00000000 0 0 0 0 0 0 000000000000000d fffffff0 f fffffff0 1 0c
000000000000000d 10000c0c0700f000 0 00 00000000 0 0 0 0 0 0 000000000000000e fffffff0 f fffffff0 1 0c
000000000000000e 34110a000000f000 0 00 00000000 0 0 0 0 0 0 000000000000000f fffffff0 f fffffff0 1 0a
000000000000000f 7c85000007000000 0 00 00000000 0 0 0 0 0 0 0000000000000010 fffffff0 f fffffff0 0 00
0000000000000010 3059e0a0c0000000 0 00 00000000 0 0 0 0 0 0 0000000000000011 fffffff0 f fffffff0 0 00
0000000000000011 3029d0a0c0000000 0 00 00000000 0 0 0 0 0 0 0000000000000012 fffffff0 f fffffff0 0 00
0000000000000012 301970b070000000 0 00 00000000 0 0 0 0 0 0 0000000000000013 fffffff0 f fffffff0 0 00
0000000000000013 7c15000000700001 0 00 00000000 0 0 0 0 0 0 0000000000000014 fffffff0 f fffffff0 0 00
0000000000000014 111003030c00f000 0 00 00000000 0 0 0 0 0 0 0000000000000015 fffffff0 f fffffff0 1 03
0000000000000015 7c25000000000000 0 00 00000000 0 0 0 0 0 0 0000000000000016 fffffff0 f fffffff0 0 00
0000000000000016 10000a0a0700f000 0 00 00000000 0 0 0 0 0 0 0000000000000017 fffffff0 f fffffff0 1 0a
0000000000000017 7c95fffff8d00000 0 00 00000000 0 0 0 0 0 0 0000000000000010 fffffff0 f fffffff0 0 00
0000000000000010 3059e0a0c0000000 0 00 00000000 0 0 0 0 0 0 0000000000000011 fffffff0 f fffffff0 0 00
0000000000000011 3029d0a0c0000000 0 00 00000000 0 0 0 0 0 0 0000000000000012 fffffff0 f fffffff0 0 00
0000000000000012 301970b070000000 0 00 00000000 0 0 0 0 0 0 0000000000000013 fffffff0 f fffffff0 0 00
0000000000000013 7c15000000700001 0 00 00000000 0 0 0 0 0 0 0000000000000014 fffffff0 f fffffff0 0 00
0000000000000014 111003030c00f000 0 00 00000000 0 0 0 0 0 0 0000000000000015 fffffff0 f fffffff0 1 03
0000000000000015 7c25000000000000 0 00 00000000 0 0 0 0 0 0 0000000000000016 fffffff0 f fffffff0 0 00
0000000000000016 10000a0a0700f000 0 00 00000000 0 0 0 0 0 0 0000000000000017 fffffff0 f fffffff0 1 0a
0000000000000017 7c95fffff8d00000 0 00 00000000 0 0 0 0 0 0 0000000000000010 aaaaaaa0 f aaaaaaa0 0 00
0000000000000010 3059e0a0c0000000 0 00 00000000 0 0 0 0 0 0 0000000000000011 aaaaaaa0 f aaaaaaa0 0 00
0000000000000011 3029d0a0c0000000 0 00 00000000 0 0 0 0 0 0 0000000000000012 aaaaaaa0 f aaaaaaa0 0 00
0000000000000012 301970b070000000 0 00 00000000 0 0 0 0 0 0 0000000000000013 aaaaaaa0 f aaaaaaa0 0 00
0000000000000013 7c15000000700001 0 00 00000000 0 0 0 0 0 0 0000000000000014 aaaaaaa0 f aaaaaaa0 0 00
0000000000000014 111003030c00f000 0 00 00000000 0 0 0 0 0 0 0000000000000015 aaaaaaa0 f aaaaaaa0 1 03
0000000000000015 7c25000000000000 0 00 00000000 0 0 0 0 0 0 0000000000000016 aaaaaaa0 f aaaaaaa0 0 00
0000000000000016 10000a0a0700f000 0 00 00000000 0 0 0 0 0 0 0000000000000017 aaaaaaa0 f aaaaaaa0 1 0a
0000000000000017 7c95fffff8d00000 0 00 00000000 0 0 0 0 0 0 0000000000000018 fffffff0 f fffffff0 0 00
0000000000000018 0205000013000000 0 00 00000000 0 0 0 0 0 1 000000000000002c fffffff0 f fffffff0 0 00
000000000000002c 7c25000000000000 0 00 00000000 0 0 0 0 0 0 000000000000002d fffffff0 f fffffff0 0 00
000000000000002d 0205000001000000 0 00 00000000 0 0 0 0 0 1 000000000000002f fffffff0 f fffffff0 0 00
000000000000002f 7c25000000000000 0 00 00000000 0 0 0 0 0 0 000000000000002e 00000007 f 00000007 0 00
000000000000002e 10000c030700f000 0 00 00000000 0 0 0 0 0 0 000000000000002f 00000007 f 00000007 1 0c
000000000000002f 7c25000000000000 0 00 00000000 0 0 0 0 0 0 0000000000000030 fffffff7 f fffffff7 0 00
0000000000000030 0205000002000000 0 00 00000000 0 0 0 0 0 1 0000000000000033 fffffff7 f fffffff7 0 00
0000000000000033 7c25000000000000 0 00 00000000 0 0 0 0 0 0 0000000000000031 00000008 f 00000008 0 00
0000000000000031 103003040c00f000 0 00 00000000 0 0 0 0 0 0 0000000000000032 00000008 f 00000008 1 03
0000000000000032 101005050400f000 0 00 00000000 0 0 0 0 0 0 0000000000000033 00000008 f 00000008 1 05
0000000000000033 7c25000000000000 0 00 00000000 0 0 0 0 0 0 0000000000000034 ffffffff f ffffffff 0 00
0000000000000034 34110d000000f000 0 00 00000000 0 0 0 0 0 0 0000000000000035 ffffffff f ffffffff 1 0d
0000000000000035 10300c010d00f000 0 00 00000000 0 0 0 0 0 0 0000000000000036 ffffffff f ffffffff 1 0c
0000000000000036 10000c0c0700f000 0 00 00000000 0 0 0 0 0 0 0000000000000037 ffffffff f ffffffff 1 0c
0000000000000037 34110a000000f000 0 00 00000000 0 0 0 0 0 0 0000000000000038 ffffffff f ffffffff 1 0a
0000000000000038 7c85000005000000 0 00 00000000 0 0 0 0 0 0 0000000000000039 ffffffff f ffffffff 0 00
0000000000000039 3059e0a0c0000000 0 00 00000000 0 0 0 0 0 0 000000000000003a ffffffff f ffffffff 0 00
000000000000003a 3029d0a0c0000000 0 00 00000000 0 0 0 0 0 0 000000000000003b ffffffff f ffffffff 0 00
000000000000003b 110003010c00f000 0 00 00000000 0 0 0 0 0 0 000000000000003c ffffffff f ffffffff 1 03
000000000000003c 7cb5000000e00000 0 00 00000000 0 0 0 0 0 0 000000000000003d ffffffff f ffffffff 0 00
000000000000003d 10000a0a0700f000 0 00 00000000 0 0 0 0 0 0 000000000000003e ffffffff f ffffffff 1 0a
000000000000003e 7c95fffffad00000 0 00 00000000 0 0 0 0 0 0 0000000000000039 ffffffff f ffffffff 0 00
0000000000000039 3059e0a0c0000000 0 00 00000000 0 0 0 0 0 0 000000000000003a ffffffff f ffffffff 0 00
000000000000003a 3029d0a0c0000000 0 00 00000000 0 0 0 0 0 0 000000000000003b ffffffff f ffffffff 0 00
000000000000003b 110003010c00f000 0 00 00000000 0 0 0 0 0 0 000000000000003c ffffffff f ffffffff 1 03
000000000000003e 7cb5000000e00000 0 00 00000000 0 0 0 0 0 0 000000000000003d 00000000 f 00000000 0 00
000000000000003e 7c95fffffad00000 0 00 00000000 0 0 0 0 0 0 000000000000003f ffffffff f ffffffff 0 00
000000000000003f 7cf5000000000000 0 00 00000000 0 0 0 0 0 0 0000000000000040 ffffffff f ffffffff 0 00
