0000000000000000 00131d0000000000 1 1d 00000000 0 0 0 0000000000000001
0000000000000001 0072051204000000 1 05 00000000 0 0 0 0000000000000002
0000000000000002 008207120a000000 1 07 00000000 0 0 0 0000000000000003
0000000000000003 00a3051300001c00 1 05 00000000 0 0 0 0000000000000004
0000000000000004 001304001d80c200 1 04 001d80c2 0 0 0 0000000000000005
0000000000000005 8506000000000000 0 00 00000000 0 0 0 0000000000000006
0000000000000006 8506000000000000 0 00 00000000 0 0 0 0000000000000007
0000000000000007 0112001208000000 0 00 00000000 5 0 0 0000000000000008
0000000000000008 02150000020b0000 0 00 00000000 5 0 0 0000000000000009
0000000000000009 8506000000000000 0 00 00000000 5 0 0 000000000000000a
000000000000000a 8506000000000000 0 00 00000000 5 0 0 000000000000000b
000000000000000b 0013050055555500 1 05 00555555 5 0 0 000000000000000c
000000000000000c 00920a0a00000000 1 0a ffffffff 5 0 0 000000000000000d
000000000000000d 00730409d77ac200 1 04 0028853e 5 0 0 000000000000000e
000000000000000e 00130b005cd21200 1 0b 005cd212 5 0 0 000000000000000f
000000000000000f 00b3011400001f00 1 01 00000000 5 0 0 0000000000000010
0000000000000010 0013120055555500 1 12 00555555 5 0 0 0000000000000011
0000000000000011 0102000d0e000000 0 00 00000000 5 1 0 0000000000000012
0000000000000012 0215000002040000 0 00 00000000 5 1 0 0000000000000013
0000000000000013 8506000000000000 0 00 00000000 5 1 0 0000000000000014
0000000000000014 8506000000000000 0 00 00000000 5 1 0 0000000000000015
0000000000000015 00420d1408000000 1 0d 00000000 5 1 0 0000000000000016
0000000000000016 8506000000000000 0 00 00000000 5 1 0 0000000000000017
0000000000000017 00b3090600000000 1 09 00000000 5 1 0 0000000000000018
0000000000000018 00130500d5412500 1 05 ffd54125 5 1 0 0000000000000019
0000000000000019 00131e0000000400 1 1e 00000004 5 1 0 000000000000001a
000000000000001a 0023151500000100 1 15 00000001 5 1 0 000000000000001b
000000000000001b 00731e1e00000100 1 1e 00000003 5 1 0 000000000000001c
000000000000001c 0102001e1d000000 0 00 00000000 4 0 0 000000000000001d
000000000000001d 0215fffffc040000 0 00 00000000 4 0 1 000000000000001a
000000000000001a 0023151500000100 1 15 00000002 4 0 0 000000000000001b
000000000000001b 00731e1e00000100 1 1e 00000002 4 0 0 000000000000001c
000000000000001c 0102001e1d000000 0 00 00000000 4 0 0 000000000000001d
000000000000001d 0215fffffc040000 0 00 00000000 4 0 1 000000000000001a
000000000000001a 0023151500000100 1 15 00000003 4 0 0 000000000000001b
000000000000001b 00731e1e00000100 1 1e 00000001 4 0 0 000000000000001c
000000000000001c 0102001e1d000000 0 00 00000000 4 0 0 000000000000001d
000000000000001d 0215fffffc040000 0 00 00000000 4 0 1 000000000000001a
000000000000001a 0023151500000100 1 15 00000004 4 0 0 000000000000001b
000000000000001b 00731e1e00000100 1 1e 00000000 4 0 0 000000000000001c
000000000000001c 0102001e1d000000 0 00 00000000 5 1 0 000000000000001d
000000000000001d 0215fffffc040000 0 00 00000000 5 1 0 000000000000001e
000000000000001e 7cf5000000000000 0 00 00000000 5 1 0 000000000000001f
DONE retired=43 fault=00 pc=000000000000001e
