0000000000000000 0013140000004d00 1 14 0000004d 0 0 0 0000000000000001 ffffffff f ffffffff 0 00 ffffffff
0000000000000001 1020050502009000 0 00 00000000 0 0 0 0000000000000002 ffffffff 9 80000000 1 05 80000000
0000000000000002 00131600ffffff00 1 16 ffffffff 0 0 0 0000000000000003 ffffffff f ffffffff 0 00 ffffffff
0000000000000003 342003160000f000 0 00 00000000 0 0 0 0000000000000004 ffffffff f ffffffff 1 03 ffffffff
0000000000000004 108103030020f000 0 00 00000000 0 0 0 0000000000000005 ffffffff f ffffffff 1 03 ffffffff
0000000000000005 341106008000f000 0 00 00000000 0 0 0 0000000000000006 ffffffff f ffffffff 1 06 ffffffff
0000000000000006 340005050000f000 0 00 00000000 0 0 0 0000000000000007 ffffffff f ffffffff 1 05 ffffffff
0000000000000007 3400020600004000 0 00 00000000 0 0 0 0000000000000008 ffffffff 4 583dc13d 1 02 583dc13d
0000000000000008 0013150055555500 1 15 00555555 0 0 0 0000000000000009 ffffffff f ffffffff 0 00 ffffffff
0000000000000009 342006150000f000 0 00 00000000 0 0 0 000000000000000a ffffffff f ffffffff 1 06 ffffffff
000000000000000a 104005030600f000 0 00 00000000 0 0 0 000000000000000b ffffffff f ffffffff 1 05 ffffffff
000000000000000b 1020020304003000 0 00 00000000 0 0 0 000000000000000c ffffffff 3 ffffffff 1 02 ffffffff
000000000000000c 3411050000010000 0 00 00000000 0 0 0 000000000000000d ffffffff 0 7fffffff 1 05 7fffffff
000000000000000d 102004030300f000 0 00 00000000 0 0 0 000000000000000e ffffffff f ffffffff 1 04 ffffffff
000000000000000e 34110500d60df000 0 00 00000000 0 0 0 000000000000000f ffffffff f ffffffff 1 05 ffffffff
000000000000000f 340003020000f000 0 00 00000000 0 0 0 0000000000000010 ffffffff f ffffffff 1 03 ffffffff
0000000000000010 0013160000000100 1 16 00000001 0 0 0 0000000000000011 ffffffff f ffffffff 0 00 ffffffff
0000000000000011 342006160000f000 0 00 00000000 0 0 0 0000000000000012 ffffffff f ffffffff 1 06 ffffffff
0000000000000012 108106060010f000 0 00 00000000 0 0 0 0000000000000013 ffffffff f ffffffff 1 06 ffffffff
0000000000000013 10010305fffff000 0 00 00000000 0 0 0 0000000000000014 ffffffff f ffffffff 1 03 ffffffff
0000000000000014 340004020000f000 0 00 00000000 0 0 0 0000000000000015 ffffffff f ffffffff 1 04 ffffffff
0000000000000015 10110202412cf000 0 00 00000000 0 0 0 0000000000000016 ffffffff f ffffffff 1 02 ffffffff
0000000000000016 0013160000000000 1 16 00000000 0 0 0 0000000000000017 ffffffff f ffffffff 0 00 ffffffff
0000000000000017 342005160000f000 0 00 00000000 0 0 0 0000000000000018 ffffffff f ffffffff 1 05 ffffffff
0000000000000018 108104050010f000 0 00 00000000 0 0 0 0000000000000019 ffffffff f ffffffff 1 04 ffffffff
0000000000000019 3400050400006000 0 00 00000000 0 0 0 000000000000001a ffffffff 6 80000000 1 05 80000000
000000000000001a 341103000001f000 0 00 00000000 0 0 0 000000000000001b ffffffff f ffffffff 1 03 ffffffff
000000000000001b 00131e0000000100 1 1e 00000001 0 0 0 000000000000001c ffffffff f ffffffff 0 00 ffffffff
000000000000001c 0023171700000100 1 17 00000001 0 0 0 000000000000001d ffffffff f ffffffff 0 00 ffffffff
000000000000001d 00731e1e00000100 1 1e 00000000 0 0 0 000000000000001e ffffffff f ffffffff 0 00 ffffffff
000000000000001e 0013180000000000 1 18 00000000 0 0 0 000000000000001f ffffffff f ffffffff 0 00 ffffffff
000000000000001f 0102001e18000000 0 00 00000000 5 1 0 0000000000000020 ffffffff f ffffffff 0 00 ffffffff
0000000000000020 0215fffffb040000 0 00 00000000 5 1 0 0000000000000021 ffffffff f ffffffff 0 00 ffffffff
0000000000000021 7cf5000000000000 0 00 00000000 5 1 0 0000000000000022 ffffffff f ffffffff 0 00 ffffffff
DONE retired=34 fault=00 pc=0000000000000021
