0000000000000000 0013140000004d00 1 14 0000004d 0 0 0 0000000000000001 aaaaaaaa f aaaaaaaa 0 00 aaaaaaaa
0000000000000001 10710405000bf000 0 00 00000000 0 0 0 0000000000000002 aaaaaaaa f aaaaaaaa 1 04 aaaaaaaa
0000000000000002 341105009372f000 0 00 00000000 0 0 0 0000000000000003 aaaaaaaa f aaaaaaaa 1 05 aaaaaaaa
0000000000000003 10610504003ff000 0 00 00000000 0 0 0 0000000000000004 aaaaaaaa f aaaaaaaa 1 05 aaaaaaaa
0000000000000004 106105030021f000 0 00 00000000 0 0 0 0000000000000005 aaaaaaaa f aaaaaaaa 1 05 aaaaaaaa
0000000000000005 106102030010f000 0 00 00000000 0 0 0 0000000000000006 aaaaaaaa f aaaaaaaa 1 02 aaaaaaaa
0000000000000006 10610602003ff000 0 00 00000000 0 0 0 0000000000000007 aaaaaaaa f aaaaaaaa 1 06 aaaaaaaa
0000000000000007 107105030001f000 0 00 00000000 0 0 0 0000000000000008 aaaaaaaa f aaaaaaaa 1 05 aaaaaaaa
0000000000000008 102003020400a000 0 00 00000000 0 0 0 0000000000000009 aaaaaaaa a 00000000 1 03 00000000
0000000000000009 343005000000f000 0 00 00000000 0 0 0 000000000000000a aaaaaaaa f aaaaaaaa 1 05 aaaaaaaa
000000000000000a 34110300d88a2000 0 00 00000000 0 0 0 000000000000000b aaaaaaaa 2 2aaaaaaa 1 03 2aaaaaaa
000000000000000b 00131500ffffff00 1 15 ffffffff 0 0 0 000000000000000c aaaaaaaa f aaaaaaaa 0 00 aaaaaaaa
000000000000000c 342003150000f000 0 00 00000000 0 0 0 000000000000000d aaaaaaaa f aaaaaaaa 1 03 aaaaaaaa
000000000000000d 1020050406001000 0 00 00000000 0 0 0 000000000000000e aaaaaaaa 1 aaaaaaaa 1 05 aaaaaaaa
000000000000000e 00131500ffffff00 1 15 ffffffff 0 0 0 000000000000000f aaaaaaaa f aaaaaaaa 0 00 aaaaaaaa
000000000000000f 342003150000f000 0 00 00000000 0 0 0 0000000000000010 aaaaaaaa f aaaaaaaa 1 03 aaaaaaaa
0000000000000010 340006030000f000 0 00 00000000 0 0 0 0000000000000011 aaaaaaaa f aaaaaaaa 1 06 aaaaaaaa
0000000000000011 341106000001f000 0 00 00000000 0 0 0 0000000000000012 aaaaaaaa f aaaaaaaa 1 06 aaaaaaaa
0000000000000012 00131e0000000100 1 1e 00000001 0 0 0 0000000000000013 aaaaaaaa f aaaaaaaa 0 00 aaaaaaaa
0000000000000013 0023171700000100 1 17 00000001 0 0 0 0000000000000014 aaaaaaaa f aaaaaaaa 0 00 aaaaaaaa
0000000000000014 00731e1e00000100 1 1e 00000000 0 0 0 0000000000000015 aaaaaaaa f aaaaaaaa 0 00 aaaaaaaa
0000000000000015 0013180000000000 1 18 00000000 0 0 0 0000000000000016 aaaaaaaa f aaaaaaaa 0 00 aaaaaaaa
0000000000000016 0102001e18000000 0 00 00000000 5 1 0 0000000000000017 aaaaaaaa f aaaaaaaa 0 00 aaaaaaaa
0000000000000017 0215fffffb040000 0 00 00000000 5 1 0 0000000000000018 aaaaaaaa f aaaaaaaa 0 00 aaaaaaaa
0000000000000018 7cf5000000000000 0 00 00000000 5 1 0 0000000000000019 aaaaaaaa f aaaaaaaa 0 00 aaaaaaaa
DONE retired=25 fault=00 pc=0000000000000018
