0000000000000000 00131d0000000000 1 1d 00000000 0 0 0 0000000000000001
0000000000000001 0052140309000000 1 14 00000000 0 0 0 0000000000000002
0000000000000002 002214040b000000 1 14 00000000 0 0 0 0000000000000003
0000000000000003 8506000000000000 0 00 00000000 0 0 0 0000000000000004
0000000000000004 0092030800000000 1 03 ffffffff 0 0 0 0000000000000005
0000000000000005 0092121000000000 1 12 ffffffff 0 0 0 0000000000000006
0000000000000006 0063141000000500 1 14 00000000 0 0 0 0000000000000007
0000000000000007 0022011214000000 1 01 ffffffff 0 0 0 0000000000000008
0000000000000008 0022101414000000 1 10 00000000 0 0 0 0000000000000009
0000000000000009 0122000a06000000 0 00 00000000 5 0 0 000000000000000a
000000000000000a 02150000020e0000 0 00 00000000 5 0 1 000000000000000d
000000000000000d 8506000000000000 0 00 00000000 5 0 0 000000000000000e
000000000000000e 00b3061400001100 1 06 00000000 5 0 0 000000000000000f
000000000000000f 00820c1409000000 1 0c 00000000 5 0 0 0000000000000010
0000000000000010 0122000110000000 0 00 00000000 6 0 0 0000000000000011
0000000000000011 02150000010c0000 0 00 00000000 6 0 0 0000000000000012
0000000000000012 8506000000000000 0 00 00000000 6 0 0 0000000000000013
0000000000000013 00a2110a07000000 1 11 00000000 6 0 0 0000000000000014
0000000000000014 8506000000000000 0 00 00000000 6 0 0 0000000000000015
0000000000000015 0102000b0e000000 0 00 00000000 5 1 0 0000000000000016
0000000000000016 0215000001030000 0 00 00000000 5 1 1 0000000000000018
0000000000000018 007204020e000000 1 04 00000000 5 1 0 0000000000000019
0000000000000019 0013060007a33f00 1 06 0007a33f 5 1 0 000000000000001a
000000000000001a 00130700a1b80400 1 07 ffa1b804 5 1 0 000000000000001b
000000000000001b 0306000000001000 1 10 00000000 5 1 0 000000000000001c
000000000000001c 0073130c0d516100 1 13 fff2ae9f 5 1 0 000000000000001d
000000000000001d 00130400ffffff00 1 04 ffffffff 5 1 0 000000000000001e
000000000000001e 00130d0053fff500 1 0d 0053fff5 5 1 0 000000000000001f
000000000000001f 00420a0a10000000 1 0a 00000000 5 1 0 0000000000000020
0000000000000020 00b30d1400001800 1 0d 00000000 5 1 0 0000000000000021
0000000000000021 003209050d000000 1 09 00000000 5 1 0 0000000000000022
0000000000000022 0082140401000000 1 14 00000000 5 1 0 0000000000000023
0000000000000023 0023060a8a634300 1 06 ff8a6343 5 1 0 0000000000000024
0000000000000024 8506000000000000 0 00 00000000 5 1 0 0000000000000025
0000000000000025 00b2040e12000000 1 04 00000000 5 1 0 0000000000000026
0000000000000026 00a3061400000c00 1 06 00000000 5 1 0 0000000000000027
0000000000000027 00520d0208000000 1 0d 00000000 5 1 0 0000000000000028
0000000000000028 00131e0000000400 1 1e 00000004 5 1 0 0000000000000029
0000000000000029 0023151500000100 1 15 00000001 5 1 0 000000000000002a
000000000000002a 00731e1e00000100 1 1e 00000003 5 1 0 000000000000002b
000000000000002b 0102001e1d000000 0 00 00000000 4 0 0 000000000000002c
000000000000002c 0215fffffc040000 0 00 00000000 4 0 1 0000000000000029
0000000000000029 0023151500000100 1 15 00000002 4 0 0 000000000000002a
000000000000002a 00731e1e00000100 1 1e 00000002 4 0 0 000000000000002b
000000000000002b 0102001e1d000000 0 00 00000000 4 0 0 000000000000002c
000000000000002c 0215fffffc040000 0 00 00000000 4 0 1 0000000000000029
0000000000000029 0023151500000100 1 15 00000003 4 0 0 000000000000002a
000000000000002a 00731e1e00000100 1 1e 00000001 4 0 0 000000000000002b
000000000000002b 0102001e1d000000 0 00 00000000 4 0 0 000000000000002c
000000000000002c 0215fffffc040000 0 00 00000000 4 0 1 0000000000000029
0000000000000029 0023151500000100 1 15 00000004 4 0 0 000000000000002a
000000000000002a 00731e1e00000100 1 1e 00000000 4 0 0 000000000000002b
000000000000002b 0102001e1d000000 0 00 00000000 5 1 0 000000000000002c
000000000000002c 0215fffffc040000 0 00 00000000 5 1 0 000000000000002d
000000000000002d 7cf5000000000000 0 00 00000000 5 1 0 000000000000002e
DONE retired=55 fault=00 pc=000000000000002d
