0000000000000000 0013140000004d00 1 14 0000004d 0 0 0 0000000000000001 00000002 f 00000002 0 00 00000002
0000000000000001 10710404003ff000 0 00 00000000 0 0 0 0000000000000002 00000002 f 00000002 1 04 00000002
0000000000000002 340005040000f000 0 00 00000000 0 0 0 0000000000000003 00000002 f 00000002 1 05 00000002
0000000000000003 3430050000009000 0 00 00000000 0 0 0 0000000000000004 00000002 9 00000000 1 05 00000000
0000000000000004 105105043728f000 0 00 00000000 0 0 0 0000000000000005 00000002 f 00000002 1 05 00000002
0000000000000005 343006000000f000 0 00 00000000 0 0 0 0000000000000006 00000002 f 00000002 1 06 00000002
0000000000000006 104104047d6ef000 0 00 00000000 0 0 0 0000000000000007 00000002 f 00000002 1 04 00000002
0000000000000007 343006000000f000 0 00 00000000 0 0 0 0000000000000008 00000002 f 00000002 1 06 00000002
0000000000000008 340006020000f000 0 00 00000000 0 0 0 0000000000000009 00000002 f 00000002 1 06 00000002
0000000000000009 106102030010f000 0 00 00000000 0 0 0 000000000000000a 00000002 f 00000002 1 02 00000002
000000000000000a 10610506000ff000 0 00 00000000 0 0 0 000000000000000b 00000002 f 00000002 1 05 00000002
000000000000000b 341102000456f000 0 00 00000000 0 0 0 000000000000000c 00000002 f 00000002 1 02 00000002
000000000000000c 0013160000000100 1 16 00000001 0 0 0 000000000000000d 00000002 f 00000002 0 00 00000002
000000000000000d 342005160000f000 0 00 00000000 0 0 0 000000000000000e 00000002 f 00000002 1 05 00000002
000000000000000e 10810405000ff000 0 00 00000000 0 0 0 000000000000000f 00000002 f 00000002 1 04 00000002
000000000000000f 106103060020f000 0 00 00000000 0 0 0 0000000000000010 00000002 f 00000002 1 03 00000002
0000000000000010 107104020006f000 0 00 00000000 0 0 0 0000000000000011 00000002 f 00000002 1 04 00000002
0000000000000011 3400060600001000 0 00 00000000 0 0 0 0000000000000012 00000002 1 00000002 1 06 00000002
0000000000000012 340005060000f000 0 00 00000000 0 0 0 0000000000000013 00000002 f 00000002 1 05 00000002
0000000000000013 103005050500f000 0 00 00000000 0 0 0 0000000000000014 00000002 f 00000002 1 05 00000002
0000000000000014 00131600aaaaaa00 1 16 ffaaaaaa 0 0 0 0000000000000015 00000002 f 00000002 0 00 00000002
0000000000000015 342004160000f000 0 00 00000000 0 0 0 0000000000000016 00000002 f 00000002 1 04 00000002
0000000000000016 10810404001ff000 0 00 00000000 0 0 0 0000000000000017 00000002 f 00000002 1 04 00000002
0000000000000017 100006060200f000 0 00 00000000 0 0 0 0000000000000018 00000002 f 00000002 1 06 00000002
0000000000000018 101003030600f000 0 00 00000000 0 0 0 0000000000000019 00000002 f 00000002 1 03 00000002
0000000000000019 34110600ffff6000 0 00 00000000 0 0 0 000000000000001a 00000002 6 00000000 1 06 00000000
000000000000001a 10310605fffff000 0 00 00000000 0 0 0 000000000000001b 00000002 f 00000002 1 06 00000002
000000000000001b 00131e0000000100 1 1e 00000001 0 0 0 000000000000001c 00000002 f 00000002 0 00 00000002
000000000000001c 0023171700000100 1 17 00000001 0 0 0 000000000000001d 00000002 f 00000002 0 00 00000002
000000000000001d 00731e1e00000100 1 1e 00000000 0 0 0 000000000000001e 00000002 f 00000002 0 00 00000002
000000000000001e 0013180000000000 1 18 00000000 0 0 0 000000000000001f 00000002 f 00000002 0 00 00000002
000000000000001f 0102001e18000000 0 00 00000000 5 1 0 0000000000000020 00000002 f 00000002 0 00 00000002
0000000000000020 0215fffffb040000 0 00 00000000 5 1 0 0000000000000021 00000002 f 00000002 0 00 00000002
0000000000000021 7cf5000000000000 0 00 00000000 5 1 0 0000000000000022 00000002 f 00000002 0 00 00000002
DONE retired=34 fault=00 pc=0000000000000021
