0000000000000000 0013140000004d00 1 14 0000004d 0 0 0 0000000000000001 00010008 f 00010008 0 00 00010008
0000000000000001 102002040200a000 0 00 00000000 0 0 0 0000000000000002 00010008 a 00000008 1 02 00000008
0000000000000002 107102030001f000 0 00 00000000 0 0 0 0000000000000003 00010008 f 00010008 1 02 00010008
0000000000000003 102004030600f000 0 00 00000000 0 0 0 0000000000000004 00010008 f 00010008 1 04 00010008
0000000000000004 340004050000f000 0 00 00000000 0 0 0 0000000000000005 00010008 f 00010008 1 04 00010008
0000000000000005 340003030000f000 0 00 00000000 0 0 0 0000000000000006 00010008 f 00010008 1 03 00010008
0000000000000006 101003020400f000 0 00 00000000 0 0 0 0000000000000007 00010008 f 00010008 1 03 00010008
0000000000000007 106102040021f000 0 00 00000000 0 0 0 0000000000000008 00010008 f 00010008 1 02 00010008
0000000000000008 107105050025f000 0 00 00000000 0 0 0 0000000000000009 00010008 f 00010008 1 05 00010008
0000000000000009 3411040080007000 0 00 00000000 0 0 0 000000000000000a 00010008 7 00000008 1 04 00000008
000000000000000a 103006060200f000 0 00 00000000 0 0 0 000000000000000b 00010008 f 00010008 1 06 00010008
000000000000000b 105002030400f000 0 00 00000000 0 0 0 000000000000000c 00010008 f 00010008 1 02 00010008
000000000000000c 106106020021f000 0 00 00000000 0 0 0 000000000000000d 00010008 f 00010008 1 06 00010008
000000000000000d 00131500aaaaaa00 1 15 ffaaaaaa 0 0 0 000000000000000e 00010008 f 00010008 0 00 00010008
000000000000000e 342006150000f000 0 00 00000000 0 0 0 000000000000000f 00010008 f 00010008 1 06 00010008
000000000000000f 3411040000000000 0 00 00000000 0 0 0 0000000000000010 00010008 0 00010008 1 04 00010008
0000000000000010 10710405001ff000 0 00 00000000 0 0 0 0000000000000011 00010008 f 00010008 1 04 00010008
0000000000000011 00131e0000000300 1 1e 00000003 0 0 0 0000000000000012 00010008 f 00010008 0 00 00010008
0000000000000012 0023171700000100 1 17 00000001 0 0 0 0000000000000013 00010008 f 00010008 0 00 00010008
0000000000000013 00731e1e00000100 1 1e 00000002 0 0 0 0000000000000014 00010008 f 00010008 0 00 00010008
0000000000000014 0013180000000000 1 18 00000000 0 0 0 0000000000000015 00010008 f 00010008 0 00 00010008
0000000000000015 0102001e18000000 0 00 00000000 4 0 0 0000000000000016 00010008 f 00010008 0 00 00010008
0000000000000016 0215fffffb040000 0 00 00000000 4 0 1 0000000000000012 00010008 f 00010008 0 00 00010008
0000000000000012 0023171700000100 1 17 00000002 4 0 0 0000000000000013 00010008 f 00010008 0 00 00010008
0000000000000013 00731e1e00000100 1 1e 00000001 4 0 0 0000000000000014 00010008 f 00010008 0 00 00010008
0000000000000014 0013180000000000 1 18 00000000 4 0 0 0000000000000015 00010008 f 00010008 0 00 00010008
0000000000000015 0102001e18000000 0 00 00000000 4 0 0 0000000000000016 00010008 f 00010008 0 00 00010008
0000000000000016 0215fffffb040000 0 00 00000000 4 0 1 0000000000000012 00010008 f 00010008 0 00 00010008
0000000000000012 0023171700000100 1 17 00000003 4 0 0 0000000000000013 00010008 f 00010008 0 00 00010008
0000000000000013 00731e1e00000100 1 1e 00000000 4 0 0 0000000000000014 00010008 f 00010008 0 00 00010008
0000000000000014 0013180000000000 1 18 00000000 4 0 0 0000000000000015 00010008 f 00010008 0 00 00010008
0000000000000015 0102001e18000000 0 00 00000000 5 1 0 0000000000000016 00010008 f 00010008 0 00 00010008
0000000000000016 0215fffffb040000 0 00 00000000 5 1 0 0000000000000017 00010008 f 00010008 0 00 00010008
0000000000000017 7cf5000000000000 0 00 00000000 5 1 0 0000000000000018 00010008 f 00010008 0 00 00010008
DONE retired=34 fault=00 pc=0000000000000017
