0000000000000000 0013140000004d00 1 14 0000004d 0 0 0 0000000000000001 de97f946 f de97f946 0 00 de97f946
0000000000000001 105002020300f000 0 00 00000000 0 0 0 0000000000000002 de97f946 f de97f946 1 02 de97f946
0000000000000002 102005040300f000 0 00 00000000 0 0 0 0000000000000003 de97f946 f de97f946 1 05 de97f946
0000000000000003 0013160000000100 1 16 00000001 0 0 0 0000000000000004 de97f946 f de97f946 0 00 de97f946
0000000000000004 342002160000f000 0 00 00000000 0 0 0 0000000000000005 de97f946 f de97f946 1 02 de97f946
0000000000000005 108102020020f000 0 00 00000000 0 0 0 0000000000000006 de97f946 f de97f946 1 02 de97f946
0000000000000006 10510404c773f000 0 00 00000000 0 0 0 0000000000000007 de97f946 f de97f946 1 04 de97f946
0000000000000007 0013160000000000 1 16 00000000 0 0 0 0000000000000008 de97f946 f de97f946 0 00 de97f946
0000000000000008 342004160000f000 0 00 00000000 0 0 0 0000000000000009 de97f946 f de97f946 1 04 de97f946
0000000000000009 108102040021f000 0 00 00000000 0 0 0 000000000000000a de97f946 f de97f946 1 02 de97f946
000000000000000a 102005040600b000 0 00 00000000 0 0 0 000000000000000b de97f946 b 5e97f946 1 05 5e97f946
000000000000000b 1010040206007000 0 00 00000000 0 0 0 000000000000000c de97f946 7 5e97f946 1 04 5e97f946
000000000000000c 103105040001f000 0 00 00000000 0 0 0 000000000000000d de97f946 f de97f946 1 05 de97f946
000000000000000d 106102040021f000 0 00 00000000 0 0 0 000000000000000e de97f946 f de97f946 1 02 de97f946
000000000000000e 341103000001f000 0 00 00000000 0 0 0 000000000000000f de97f946 f de97f946 1 03 de97f946
000000000000000f 106105040020f000 0 00 00000000 0 0 0 0000000000000010 de97f946 f de97f946 1 05 de97f946
0000000000000010 102003030300f000 0 00 00000000 0 0 0 0000000000000011 de97f946 f de97f946 1 03 de97f946
0000000000000011 107105030000f000 0 00 00000000 0 0 0 0000000000000012 de97f946 f de97f946 1 05 de97f946
0000000000000012 106104030010f000 0 00 00000000 0 0 0 0000000000000013 de97f946 f de97f946 1 04 de97f946
0000000000000013 343003000000f000 0 00 00000000 0 0 0 0000000000000014 de97f946 f de97f946 1 03 de97f946
0000000000000014 10710403001ff000 0 00 00000000 0 0 0 0000000000000015 de97f946 f de97f946 1 04 de97f946
0000000000000015 341102007ffff000 0 00 00000000 0 0 0 0000000000000016 de97f946 f de97f946 1 02 de97f946
0000000000000016 340005060000f000 0 00 00000000 0 0 0 0000000000000017 de97f946 f de97f946 1 05 de97f946
0000000000000017 102004050400f000 0 00 00000000 0 0 0 0000000000000018 de97f946 f de97f946 1 04 de97f946
0000000000000018 340005040000f000 0 00 00000000 0 0 0 0000000000000019 de97f946 f de97f946 1 05 de97f946
0000000000000019 343006000000f000 0 00 00000000 0 0 0 000000000000001a de97f946 f de97f946 1 06 de97f946
000000000000001a 100005050400a000 0 00 00000000 0 0 0 000000000000001b de97f946 a 00000000 1 05 00000000
000000000000001b 00131e0000000300 1 1e 00000003 0 0 0 000000000000001c de97f946 f de97f946 0 00 de97f946
000000000000001c 0023171700000100 1 17 00000001 0 0 0 000000000000001d de97f946 f de97f946 0 00 de97f946
000000000000001d 00731e1e00000100 1 1e 00000002 0 0 0 000000000000001e de97f946 f de97f946 0 00 de97f946
000000000000001e 0013180000000000 1 18 00000000 0 0 0 000000000000001f de97f946 f de97f946 0 00 de97f946
000000000000001f 0102001e18000000 0 00 00000000 4 0 0 0000000000000020 de97f946 f de97f946 0 00 de97f946
0000000000000020 0215fffffb040000 0 00 00000000 4 0 1 000000000000001c de97f946 f de97f946 0 00 de97f946
000000000000001c 0023171700000100 1 17 00000002 4 0 0 000000000000001d de97f946 f de97f946 0 00 de97f946
000000000000001d 00731e1e00000100 1 1e 00000001 4 0 0 000000000000001e de97f946 f de97f946 0 00 de97f946
000000000000001e 0013180000000000 1 18 00000000 4 0 0 000000000000001f de97f946 f de97f946 0 00 de97f946
000000000000001f 0102001e18000000 0 00 00000000 4 0 0 0000000000000020 de97f946 f de97f946 0 00 de97f946
0000000000000020 0215fffffb040000 0 00 00000000 4 0 1 000000000000001c de97f946 f de97f946 0 00 de97f946
000000000000001c 0023171700000100 1 17 00000003 4 0 0 000000000000001d de97f946 f de97f946 0 00 de97f946
000000000000001d 00731e1e00000100 1 1e 00000000 4 0 0 000000000000001e de97f946 f de97f946 0 00 de97f946
000000000000001e 0013180000000000 1 18 00000000 4 0 0 000000000000001f de97f946 f de97f946 0 00 de97f946
000000000000001f 0102001e18000000 0 00 00000000 5 1 0 0000000000000020 de97f946 f de97f946 0 00 de97f946
0000000000000020 0215fffffb040000 0 00 00000000 5 1 0 0000000000000021 de97f946 f de97f946 0 00 de97f946
0000000000000021 7cf5000000000000 0 00 00000000 5 1 0 0000000000000022 de97f946 f de97f946 0 00 de97f946
DONE retired=44 fault=00 pc=0000000000000021
