0000000000000000 0013140000004d00 1 14 0000004d 0 0 0 0000000000000001 fffff000 f fffff000 0 00 fffff000
0000000000000001 340005060000f000 0 00 00000000 0 0 0 0000000000000002 fffff000 f fffff000 1 05 fffff000
0000000000000002 341102008000f000 0 00 00000000 0 0 0 0000000000000003 fffff000 f fffff000 1 02 fffff000
0000000000000003 103003040200f000 0 00 00000000 0 0 0 0000000000000004 fffff000 f fffff000 1 03 fffff000
0000000000000004 0013160055555500 1 16 00555555 0 0 0 0000000000000005 fffff000 f fffff000 0 00 fffff000
0000000000000005 342002160000f000 0 00 00000000 0 0 0 0000000000000006 fffff000 f fffff000 1 02 fffff000
0000000000000006 10810502001ff000 0 00 00000000 0 0 0 0000000000000007 fffff000 f fffff000 1 05 fffff000
0000000000000007 00131600aaaaaa00 1 16 ffaaaaaa 0 0 0 0000000000000008 fffff000 f fffff000 0 00 fffff000
0000000000000008 342003160000f000 0 00 00000000 0 0 0 0000000000000009 fffff000 f fffff000 1 03 fffff000
0000000000000009 108106030000f000 0 00 00000000 0 0 0 000000000000000a fffff000 f fffff000 1 06 fffff000
000000000000000a 34110200ef69f000 0 00 00000000 0 0 0 000000000000000b fffff000 f fffff000 1 02 fffff000
000000000000000b 103002050200f000 0 00 00000000 0 0 0 000000000000000c fffff000 f fffff000 1 02 fffff000
000000000000000c 1010030202007000 0 00 00000000 0 0 0 000000000000000d fffff000 7 55555000 1 03 55555000
000000000000000d 343002000000f000 0 00 00000000 0 0 0 000000000000000e fffff000 f fffff000 1 02 fffff000
000000000000000e 100106038000f000 0 00 00000000 0 0 0 000000000000000f fffff000 f fffff000 1 06 fffff000
000000000000000f 0013150000000000 1 15 00000000 0 0 0 0000000000000010 fffff000 f fffff000 0 00 fffff000
0000000000000010 342002150000f000 0 00 00000000 0 0 0 0000000000000011 fffff000 f fffff000 1 02 fffff000
0000000000000011 0013150055555500 1 15 00555555 0 0 0 0000000000000012 fffff000 f fffff000 0 00 fffff000
0000000000000012 342003150000f000 0 00 00000000 0 0 0 0000000000000013 fffff000 f fffff000 1 03 fffff000
0000000000000013 0013160000000000 1 16 00000000 0 0 0 0000000000000014 fffff000 f fffff000 0 00 fffff000
0000000000000014 342002160000f000 0 00 00000000 0 0 0 0000000000000015 fffff000 f fffff000 1 02 fffff000
0000000000000015 108103020021f000 0 00 00000000 0 0 0 0000000000000016 fffff000 f fffff000 1 03 fffff000
0000000000000016 10610304000ff000 0 00 00000000 0 0 0 0000000000000017 fffff000 f fffff000 1 03 fffff000
0000000000000017 1040050605009000 0 00 00000000 0 0 0 0000000000000018 fffff000 9 55555000 1 05 55555000
0000000000000018 107105030001f000 0 00 00000000 0 0 0 0000000000000019 fffff000 f fffff000 1 05 fffff000
0000000000000019 00131600ffffff00 1 16 ffffffff 0 0 0 000000000000001a fffff000 f fffff000 0 00 fffff000
000000000000001a 342005160000f000 0 00 00000000 0 0 0 000000000000001b fffff000 f fffff000 1 05 fffff000
000000000000001b 10810505000ff000 0 00 00000000 0 0 0 000000000000001c fffff000 f fffff000 1 05 fffff000
000000000000001c 10310204fffff000 0 00 00000000 0 0 0 000000000000001d fffff000 f fffff000 1 02 fffff000
000000000000001d 107105020021f000 0 00 00000000 0 0 0 000000000000001e fffff000 f fffff000 1 05 fffff000
000000000000001e 102006060500f000 0 00 00000000 0 0 0 000000000000001f fffff000 f fffff000 1 06 fffff000
000000000000001f 102002020300f000 0 00 00000000 0 0 0 0000000000000020 fffff000 f fffff000 1 02 fffff000
0000000000000020 102002020600f000 0 00 00000000 0 0 0 0000000000000021 fffff000 f fffff000 1 02 fffff000
0000000000000021 107105030001f000 0 00 00000000 0 0 0 0000000000000022 fffff000 f fffff000 1 05 fffff000
0000000000000022 0013160000000000 1 16 00000000 0 0 0 0000000000000023 fffff000 f fffff000 0 00 fffff000
0000000000000023 342004160000f000 0 00 00000000 0 0 0 0000000000000024 fffff000 f fffff000 1 04 fffff000
0000000000000024 10810604001df000 0 00 00000000 0 0 0 0000000000000025 fffff000 f fffff000 1 06 fffff000
0000000000000025 107105030021f000 0 00 00000000 0 0 0 0000000000000026 fffff000 f fffff000 1 05 fffff000
0000000000000026 102006050200f000 0 00 00000000 0 0 0 0000000000000027 fffff000 f fffff000 1 06 fffff000
0000000000000027 1000030205003000 0 00 00000000 0 0 0 0000000000000028 fffff000 3 f595a000 1 03 f595a000
0000000000000028 107102020020f000 0 00 00000000 0 0 0 0000000000000029 fffff000 f fffff000 1 02 fffff000
0000000000000029 00131e0000000100 1 1e 00000001 0 0 0 000000000000002a fffff000 f fffff000 0 00 fffff000
000000000000002a 0023171700000100 1 17 00000001 0 0 0 000000000000002b fffff000 f fffff000 0 00 fffff000
000000000000002b 00731e1e00000100 1 1e 00000000 0 0 0 000000000000002c fffff000 f fffff000 0 00 fffff000
000000000000002c 0013180000000000 1 18 00000000 0 0 0 000000000000002d fffff000 f fffff000 0 00 fffff000
000000000000002d 0102001e18000000 0 00 00000000 5 1 0 000000000000002e fffff000 f fffff000 0 00 fffff000
000000000000002e 0215fffffb040000 0 00 00000000 5 1 0 000000000000002f fffff000 f fffff000 0 00 fffff000
000000000000002f 7cf5000000000000 0 00 00000000 5 1 0 0000000000000030 fffff000 f fffff000 0 00 fffff000
DONE retired=48 fault=00 pc=000000000000002f
