0000000000000000 00131d0000000000 1 1d 00000000 0 0 0 0000000000000001
0000000000000001 0102000804000000 0 00 00000000 5 1 0 0000000000000002
0000000000000002 0215000002020000 0 00 00000000 5 1 0 0000000000000003
0000000000000003 8506000000000000 0 00 00000000 5 1 0 0000000000000004
0000000000000004 8506000000000000 0 00 00000000 5 1 0 0000000000000005
0000000000000005 0023020114321900 1 02 00143219 5 1 0 0000000000000006
0000000000000006 0122001403000000 0 00 00000000 5 0 0 0000000000000007
0000000000000007 02150000010c0000 0 00 00000000 5 0 1 0000000000000009
0000000000000009 00130d00aaaaaa00 1 0d ffaaaaaa 5 0 0 000000000000000a
000000000000000a 0072030c05000000 1 03 00000000 5 0 0 000000000000000b
000000000000000b 00a2040207000000 1 04 00143219 5 0 0 000000000000000c
000000000000000c 00131200aaaaaa00 1 12 ffaaaaaa 5 0 0 000000000000000d
000000000000000d 8506000000000000 0 00 00000000 5 0 0 000000000000000e
000000000000000e 8506000000000000 0 00 00000000 5 0 0 000000000000000f
000000000000000f 00630b1200001e00 1 0b 80000000 5 0 0 0000000000000010
0000000000000010 00720f0913000000 1 0f 00000000 5 0 0 0000000000000011
0000000000000011 0072100603000000 1 10 00000000 5 0 0 0000000000000012
0000000000000012 00130f00d8191300 1 0f ffd81913 5 0 0 0000000000000013
0000000000000013 00130400aaaaaa00 1 04 ffaaaaaa 5 0 0 0000000000000014
0000000000000014 00131400aaaaaa00 1 14 ffaaaaaa 5 0 0 0000000000000015
0000000000000015 0022060312000000 1 06 ffaaaaaa 5 0 0 0000000000000016
0000000000000016 00130a0094466400 1 0a ff944664 5 0 0 0000000000000017
0000000000000017 0052080c07000000 1 08 00000000 5 0 0 0000000000000018
0000000000000018 00420f0d03000000 1 0f 00000000 5 0 0 0000000000000019
0000000000000019 00a20d1009000000 1 0d 00000000 5 0 0 000000000000001a
000000000000001a 0042020807000000 1 02 00000000 5 0 0 000000000000001b
000000000000001b 8506000000000000 0 00 00000000 5 0 0 000000000000001c
000000000000001c 8506000000000000 0 00 00000000 5 0 0 000000000000001d
000000000000001d 0023080b78560c00 1 08 8078560c 5 0 0 000000000000001e
000000000000001e 8506000000000000 0 00 00000000 5 0 0 000000000000001f
000000000000001f 00a3071200001500 1 07 000007fd 5 0 0 0000000000000020
0000000000000020 00130800aaaaaa00 1 08 ffaaaaaa 5 0 0 0000000000000021
0000000000000021 8506000000000000 0 00 00000000 5 0 0 0000000000000022
0000000000000022 0306000000000900 1 09 00000000 5 0 0 0000000000000023
0000000000000023 00130800dd84b400 1 08 ffdd84b4 5 0 0 0000000000000024
0000000000000024 00131100db570e00 1 11 ffdb570e 5 0 0 0000000000000025
0000000000000025 0063071000001600 1 07 00000000 5 0 0 0000000000000026
0000000000000026 0092080d00000000 1 08 ffffffff 5 0 0 0000000000000027
0000000000000027 0092061200000000 1 06 00555555 5 0 0 0000000000000028
0000000000000028 0092120100000000 1 12 ffffffff 5 0 0 0000000000000029
0000000000000029 0092140a00000000 1 14 006bb99b 5 0 0 000000000000002a
000000000000002a 0063110400001d00 1 11 40000000 5 0 0 000000000000002b
000000000000002b 0013040055555500 1 04 00555555 5 0 0 000000000000002c
000000000000002c 8506000000000000 0 00 00000000 5 0 0 000000000000002d
000000000000002d 8506000000000000 0 00 00000000 5 0 0 000000000000002e
000000000000002e 00131e0000000300 1 1e 00000003 5 0 0 000000000000002f
000000000000002f 0023151500000100 1 15 00000001 5 0 0 0000000000000030
0000000000000030 00731e1e00000100 1 1e 00000002 5 0 0 0000000000000031
0000000000000031 0102001e1d000000 0 00 00000000 4 0 0 0000000000000032
0000000000000032 0215fffffc040000 0 00 00000000 4 0 1 000000000000002f
000000000000002f 0023151500000100 1 15 00000002 4 0 0 0000000000000030
0000000000000030 00731e1e00000100 1 1e 00000001 4 0 0 0000000000000031
0000000000000031 0102001e1d000000 0 00 00000000 4 0 0 0000000000000032
0000000000000032 0215fffffc040000 0 00 00000000 4 0 1 000000000000002f
000000000000002f 0023151500000100 1 15 00000003 4 0 0 0000000000000030
0000000000000030 00731e1e00000100 1 1e 00000000 4 0 0 0000000000000031
0000000000000031 0102001e1d000000 0 00 00000000 5 1 0 0000000000000032
0000000000000032 0215fffffc040000 0 00 00000000 5 1 0 0000000000000033
0000000000000033 7cf5000000000000 0 00 00000000 5 1 0 0000000000000034
DONE retired=59 fault=00 pc=0000000000000033
