0000000000000000 0013140000004d00 1 14 0000004d 0 0 0 0000000000000001 55555555 f 55555555 0 00 55555555
0000000000000001 106106040021f000 0 00 00000000 0 0 0 0000000000000002 55555555 f 55555555 1 06 55555555
0000000000000002 0013160000000000 1 16 00000000 0 0 0 0000000000000003 55555555 f 55555555 0 00 55555555
0000000000000003 342002160000f000 0 00 00000000 0 0 0 0000000000000004 55555555 f 55555555 1 02 55555555
0000000000000004 10810202000ff000 0 00 00000000 0 0 0 0000000000000005 55555555 f 55555555 1 02 55555555
0000000000000005 104003020200f000 0 00 00000000 0 0 0 0000000000000006 55555555 f 55555555 1 03 55555555
0000000000000006 100005020300f000 0 00 00000000 0 0 0 0000000000000007 55555555 f 55555555 1 05 55555555
0000000000000007 100104040000f000 0 00 00000000 0 0 0 0000000000000008 55555555 f 55555555 1 04 55555555
0000000000000008 107103030021f000 0 00 00000000 0 0 0 0000000000000009 55555555 f 55555555 1 03 55555555
0000000000000009 00131500ffffff00 1 15 ffffffff 0 0 0 000000000000000a 55555555 f 55555555 0 00 55555555
000000000000000a 3420061500005000 0 00 00000000 0 0 0 000000000000000b 55555555 5 55555555 1 06 55555555
000000000000000b 343003000000f000 0 00 00000000 0 0 0 000000000000000c 55555555 f 55555555 1 03 55555555
000000000000000c 341104002cd2f000 0 00 00000000 0 0 0 000000000000000d 55555555 f 55555555 1 04 55555555
000000000000000d 341104001b34f000 0 00 00000000 0 0 0 000000000000000e 55555555 f 55555555 1 04 55555555
000000000000000e 343006000000f000 0 00 00000000 0 0 0 000000000000000f 55555555 f 55555555 1 06 55555555
000000000000000f 34110300daf2f000 0 00 00000000 0 0 0 0000000000000010 55555555 f 55555555 1 03 55555555
0000000000000010 10610303000ff000 0 00 00000000 0 0 0 0000000000000011 55555555 f 55555555 1 03 55555555
0000000000000011 106106050000f000 0 00 00000000 0 0 0 0000000000000012 55555555 f 55555555 1 06 55555555
0000000000000012 102005040200f000 0 00 00000000 0 0 0 0000000000000013 55555555 f 55555555 1 05 55555555
0000000000000013 104104050000f000 0 00 00000000 0 0 0 0000000000000014 55555555 f 55555555 1 04 55555555
0000000000000014 00131e0000000100 1 1e 00000001 0 0 0 0000000000000015 55555555 f 55555555 0 00 55555555
0000000000000015 0023171700000100 1 17 00000001 0 0 0 0000000000000016 55555555 f 55555555 0 00 55555555
0000000000000016 00731e1e00000100 1 1e 00000000 0 0 0 0000000000000017 55555555 f 55555555 0 00 55555555
0000000000000017 0013180000000000 1 18 00000000 0 0 0 0000000000000018 55555555 f 55555555 0 00 55555555
0000000000000018 0102001e18000000 0 00 00000000 5 1 0 0000000000000019 55555555 f 55555555 0 00 55555555
0000000000000019 0215fffffb040000 0 00 00000000 5 1 0 000000000000001a 55555555 f 55555555 0 00 55555555
000000000000001a 7cf5000000000000 0 00 00000000 5 1 0 000000000000001b 55555555 f 55555555 0 00 55555555
DONE retired=27 fault=00 pc=000000000000001a
