0000000000000000 00131d0000000000 1 1d 00000000 0 0 0 0000000000000001
0000000000000001 0306000000000400 1 04 00000000 0 0 0 0000000000000002
0000000000000002 00b30b0400001a00 1 0b 00000000 0 0 0 0000000000000003
0000000000000003 00820c0d0a000000 1 0c 00000000 0 0 0 0000000000000004
0000000000000004 00620f0c10000000 1 0f 00000000 0 0 0 0000000000000005
0000000000000005 00a3030700000800 1 03 00000000 0 0 0 0000000000000006
0000000000000006 00b3020b00001c00 1 02 00000000 0 0 0 0000000000000007
0000000000000007 8506000000000000 0 00 00000000 0 0 0 0000000000000008
0000000000000008 002305025ffee200 1 05 005ffee2 0 0 0 0000000000000009
0000000000000009 0072030709000000 1 03 00000000 0 0 0 000000000000000a
000000000000000a 0102000a12000000 0 00 00000000 5 1 0 000000000000000b
000000000000000b 0215000003040000 0 00 00000000 5 1 0 000000000000000c
000000000000000c 8506000000000000 0 00 00000000 5 1 0 000000000000000d
000000000000000d 8506000000000000 0 00 00000000 5 1 0 000000000000000e
000000000000000e 8506000000000000 0 00 00000000 5 1 0 000000000000000f
000000000000000f 003210080c000000 1 10 00000000 5 1 0 0000000000000010
0000000000000010 0092080400000000 1 08 ffffffff 5 1 0 0000000000000011
0000000000000011 0082090509000000 1 09 005ffee2 5 1 0 0000000000000012
0000000000000012 00b3030f00001f00 1 03 00000000 5 1 0 0000000000000013
0000000000000013 00b3091400000800 1 09 00000000 5 1 0 0000000000000014
0000000000000014 0022100906000000 1 10 00000000 5 1 0 0000000000000015
0000000000000015 8506000000000000 0 00 00000000 5 1 0 0000000000000016
0000000000000016 0013080000000000 1 08 00000000 5 1 0 0000000000000017
0000000000000017 00b3090800000d00 1 09 00000000 5 1 0 0000000000000018
0000000000000018 008202130a000000 1 02 00000000 5 1 0 0000000000000019
0000000000000019 0063120e00000800 1 12 00000000 5 1 0 000000000000001a
000000000000001a 00b3120100001200 1 12 00000000 5 1 0 000000000000001b
000000000000001b 00520a0707000000 1 0a 00000000 5 1 0 000000000000001c
000000000000001c 0063101200000600 1 10 00000000 5 1 0 000000000000001d
000000000000001d 00131e0000000200 1 1e 00000002 5 1 0 000000000000001e
000000000000001e 0023151500000100 1 15 00000001 5 1 0 000000000000001f
000000000000001f 00731e1e00000100 1 1e 00000001 5 1 0 0000000000000020
0000000000000020 0102001e1d000000 0 00 00000000 4 0 0 0000000000000021
0000000000000021 0215fffffc040000 0 00 00000000 4 0 1 000000000000001e
000000000000001e 0023151500000100 1 15 00000002 4 0 0 000000000000001f
000000000000001f 00731e1e00000100 1 1e 00000000 4 0 0 0000000000000020
0000000000000020 0102001e1d000000 0 00 00000000 5 1 0 0000000000000021
0000000000000021 0215fffffc040000 0 00 00000000 5 1 0 0000000000000022
0000000000000022 7cf5000000000000 0 00 00000000 5 1 0 0000000000000023
DONE retired=39 fault=00 pc=0000000000000022
