[PASS] cmp_eq l4
[PASS] cmp_lt l4
[PASS] cmp_gt l4
[PASS] ifelse l4
[PASS] alltrue l4
[PASS] allfalse l4
[PASS] single_lane l4
[PASS] nested8 l4
[PASS] nested2 l4
[PASS] nested4 l4
[PASS] loop_lane_counts l4
[PASS] break_if_scrub l4
[PASS] nested_loops l4
[PASS] early_return l4
[PASS] mask_ops l4
[PASS] f_reconv_empty l4
[PASS] f_popm_empty l4
[PASS] f_reconv_mismatch l4
[PASS] f_break_outside l4
[PASS] f_continue_outside l4
[PASS] f_loope_norun l4
[PASS] cmp_eq l8
[PASS] cmp_lt l8
[PASS] cmp_gt l8
[PASS] ifelse l8
[PASS] alltrue l8
[PASS] allfalse l8
[PASS] single_lane l8
[PASS] nested8 l8
[PASS] nested2 l8
[PASS] nested4 l8
[PASS] loop_lane_counts l8
[PASS] break_if_scrub l8
[PASS] nested_loops l8
[PASS] early_return l8
[PASS] mask_ops l8
[PASS] f_reconv_empty l8
[PASS] f_popm_empty l8
[PASS] f_reconv_mismatch l8
[PASS] f_break_outside l8
[PASS] f_continue_outside l8
[PASS] f_loope_norun l8
[PASS] cmp_eq l16
[PASS] cmp_lt l16
[PASS] cmp_gt l16
[PASS] ifelse l16
[PASS] alltrue l16
[PASS] allfalse l16
[PASS] single_lane l16
[PASS] nested8 l16
[PASS] nested2 l16
[PASS] nested4 l16
[PASS] loop_lane_counts l16
[PASS] break_if_scrub l16
[PASS] nested_loops l16
[PASS] early_return l16
[PASS] mask_ops l16
[PASS] f_reconv_empty l16
[PASS] f_popm_empty l16
[PASS] f_reconv_mismatch l16
[PASS] f_break_outside l16
[PASS] f_continue_outside l16
[PASS] f_loope_norun l16
[PASS] cmp_eq l32
[PASS] cmp_lt l32
[PASS] cmp_gt l32
[PASS] ifelse l32
[PASS] alltrue l32
[PASS] allfalse l32
[PASS] single_lane l32
[PASS] nested8 l32
[PASS] nested2 l32
[PASS] nested4 l32
[PASS] loop_lane_counts l32
[PASS] break_if_scrub l32
[PASS] nested_loops l32
[PASS] early_return l32
[PASS] mask_ops l32
[PASS] f_reconv_empty l32
[PASS] f_popm_empty l32
[PASS] f_reconv_mismatch l32
[PASS] f_break_outside l32
[PASS] f_continue_outside l32
[PASS] f_loope_norun l32
directed: 84 ran, fails=0
