l4 FAIL
MISMATCH events line 4
  A: 3 3009002070000000 0 00 00000000 ffffffff
  B: 
MISMATCH events line 5
  A: 5 341103000064f000 0 00 00000000 aaaaaaaa
  B: 
MISMATCH events line 6
  A: 6 0205000001000000 0 00 00000000 aaaaaaaa
  B: 
MISMATCH mask-events line 1
  A: w=0 k=CBRANCH_IF pc=4 ft=1 pu=1 po=0 f=00
  B: 
MISMATCH mask-events line 2
  A: w=0 k=RECONV pc=8 ft=1 pu=0 po=0 f=00
  B: 
MISMATCH mask-events line 3
  A: w=0 k=RECONV pc=8 ft=1 pu=0 po=1 f=00
  B: 
MISMATCH state line 2
  A: PRED aaaaaaaa 00000000 00000000 00000000 00000000 00000000 00000000 00000000 00000000 00000000 00000000 00000000 00000000 00000000 00000000
  B: PRED 00000000 00000000 00000000 00000000 00000000 00000000 00000000 00000000 00000000 00000000 00000000 00000000 00000000 00000000 00000000
MISMATCH state line 4
  A: LIVE 00000000
  B: LIVE ffffffff
MISMATCH state line 9
  A: VGPR 03 000000c8 00000064 000000c8 00000064 000000c8 00000064 000000c8 00000064 000000c8 00000064 000000c8 00000064 000000c8 00000064 000000c8 00000064 000000c8 00000064 000000c8 00000064 000000c8 00000064 000000c8 00000064 000000c8 00000064 000000c8 00000064 000000c8 00000064 000000c8 00000064
  B: VGPR 03 00000000 00000000 00000000 00000000 00000000 00000000 00000000 00000000 00000000 00000000 00000000 00000000 00000000 00000000 00000000 00000000 00000000 00000000 00000000 00000000 00000000 00000000 00000000 00000000 00000000 00000000 00000000 00000000 00000000 00000000 00000000 00000000
DONE mismatch:
 G:DONE retired=12 fault=0 code=00 pc=a live=00000000
 R:DONE retired=3 fault=1 code=02 pc=3 live=ffffffff
[diff /tmp/opencode/m5dir_hl6frg40/ifelse_l4] FAIL (13 mismatches)

l8 FAIL
MISMATCH events line 4
  A: 3 3009002070000000 0 00 00000000 ffffffff
  B: 
MISMATCH events line 5
  A: 5 341103000064f000 0 00 00000000 aaaaaaaa
  B: 
MISMATCH events line 6
  A: 6 0205000001000000 0 00 00000000 aaaaaaaa
  B: 
MISMATCH mask-events line 1
  A: w=0 k=CBRANCH_IF pc=4 ft=1 pu=1 po=0 f=00
  B: 
MISMATCH mask-events line 2
  A: w=0 k=RECONV pc=8 ft=1 pu=0 po=0 f=00
  B: 
MISMATCH mask-events line 3
  A: w=0 k=RECONV pc=8 ft=1 pu=0 po=1 f=00
  B: 
MISMATCH state line 2
  A: PRED aaaaaaaa 00000000 00000000 00000000 00000000 00000000 00000000 00000000 00000000 00000000 00000000 00000000 00000000 00000000 00000000
  B: PRED 00000000 00000000 00000000 00000000 00000000 00000000 00000000 00000000 00000000 00000000 00000000 00000000 00000000 00000000 00000000
MISMATCH state line 4
  A: LIVE 00000000
  B: LIVE ffffffff
MISMATCH state line 9
  A: VGPR 03 000000c8 00000064 000000c8 00000064 000000c8 00000064 000000c8 00000064 000000c8 00000064 000000c8 00000064 000000c8 00000064 000000c8 00000064 000000c8 00000064 000000c8 00000064 000000c8 00000064 000000c8 00000064 000000c8 00000064 000000c8 00000064 000000c8 00000064 000000c8 00000064
  B: VGPR 03 00000000 00000000 00000000 00000000 00000000 00000000 00000000 00000000 00000000 00000000 00000000 00000000 00000000 00000000 00000000 00000000 00000000 00000000 00000000 00000000 00000000 00000000 00000000 00000000 00000000 00000000 00000000 00000000 00000000 00000000 00000000 00000000
DONE mismatch:
 G:DONE retired=12 fault=0 code=00 pc=a live=00000000
 R:DONE retired=3 fault=1 code=02 pc=3 live=ffffffff
[diff /tmp/opencode/m5dir_hl6frg40/ifelse_l8] FAIL (13 mismatches)

l16 FAIL
MISMATCH events line 4
  A: 3 3009002070000000 0 00 00000000 ffffffff
  B: 
MISMATCH events line 5
  A: 5 341103000064f000 0 00 00000000 aaaaaaaa
  B: 
MISMATCH events line 6
  A: 6 0205000001000000 0 00 00000000 aaaaaaaa
  B: 
MISMATCH mask-events line 1
  A: w=0 k=CBRANCH_IF pc=4 ft=1 pu=1 po=0 f=00
  B: 
MISMATCH mask-events line 2
  A: w=0 k=RECONV pc=8 ft=1 pu=0 po=0 f=00
  B: 
MISMATCH mask-events line 3
  A: w=0 k=RECONV pc=8 ft=1 pu=0 po=1 f=00
  B: 
MISMATCH state line 2
  A: PRED aaaaaaaa 00000000 00000000 00000000 00000000 00000000 00000000 00000000 00000000 00000000 00000000 00000000 00000000 00000000 00000000
  B: PRED 00000000 00000000 00000000 00000000 00000000 00000000 00000000 00000000 00000000 00000000 00000000 00000000 00000000 00000000 00000000
MISMATCH state line 4
  A: LIVE 00000000
  B: LIVE ffffffff
MISMATCH state line 9
  A: VGPR 03 000000c8 00000064 000000c8 00000064 000000c8 00000064 000000c8 00000064 000000c8 00000064 000000c8 00000064 000000c8 00000064 000000c8 00000064 000000c8 00000064 000000c8 00000064 000000c8 00000064 000000c8 00000064 000000c8 00000064 000000c8 00000064 000000c8 00000064 000000c8 00000064
  B: VGPR 03 00000000 00000000 00000000 00000000 00000000 00000000 00000000 00000000 00000000 00000000 00000000 00000000 00000000 00000000 00000000 00000000 00000000 00000000 00000000 00000000 00000000 00000000 00000000 00000000 00000000 00000000 00000000 00000000 00000000 00000000 00000000 00000000
DONE mismatch:
 G:DONE retired=12 fault=0 code=00 pc=a live=00000000
 R:DONE retired=3 fault=1 code=02 pc=3 live=ffffffff
[diff /tmp/opencode/m5dir_hl6frg40/ifelse_l16] FAIL (13 mismatches)

l32 FAIL
MISMATCH events line 4
  A: 3 3009002070000000 0 00 00000000 ffffffff
  B: 
MISMATCH events line 5
  A: 5 341103000064f000 0 00 00000000 aaaaaaaa
  B: 
MISMATCH events line 6
  A: 6 0205000001000000 0 00 00000000 aaaaaaaa
  B: 
MISMATCH mask-events line 1
  A: w=0 k=CBRANCH_IF pc=4 ft=1 pu=1 po=0 f=00
  B: 
MISMATCH mask-events line 2
  A: w=0 k=RECONV pc=8 ft=1 pu=0 po=0 f=00
  B: 
MISMATCH mask-events line 3
  A: w=0 k=RECONV pc=8 ft=1 pu=0 po=1 f=00
  B: 
MISMATCH state line 2
  A: PRED aaaaaaaa 00000000 00000000 00000000 00000000 00000000 00000000 00000000 00000000 00000000 00000000 00000000 00000000 00000000 00000000
  B: PRED 00000000 00000000 00000000 00000000 00000000 00000000 00000000 00000000 00000000 00000000 00000000 00000000 00000000 00000000 00000000
MISMATCH state line 4
  A: LIVE 00000000
  B: LIVE ffffffff
MISMATCH state line 9
  A: VGPR 03 000000c8 00000064 000000c8 00000064 000000c8 00000064 000000c8 00000064 000000c8 00000064 000000c8 00000064 000000c8 00000064 000000c8 00000064 000000c8 00000064 000000c8 00000064 000000c8 00000064 000000c8 00000064 000000c8 00000064 000000c8 00000064 000000c8 00000064 000000c8 00000064
  B: VGPR 03 00000000 00000000 00000000 00000000 00000000 00000000 00000000 00000000 00000000 00000000 00000000 00000000 00000000 00000000 00000000 00000000 00000000 00000000 00000000 00000000 00000000 00000000 00000000 00000000 00000000 00000000 00000000 00000000 00000000 00000000 00000000 00000000
DONE mismatch:
 G:DONE retired=12 fault=0 code=00 pc=a live=00000000
 R:DONE retired=3 fault=1 code=02 pc=3 live=ffffffff
[diff /tmp/opencode/m5dir_hl6frg40/ifelse_l32] FAIL (13 mismatches)

l8 FAIL
M5DBG 0 LAUNCH sl=0 entry=0 cw=11 ex=ffffffff
M5DBG 0 cyc=17 st=01 iv=0000 pc0=0 ex0=ffffffff gvv=0 cls=0 flt=1
M5DBG   ex=ffffffff lv=ffffffff issbl=0
M5DBG 0 cyc=18 st=01 iv=0000 pc0=0 ex0=ffffffff gvv=0 cls=0 flt=1
M5DBG   ex=ffffffff lv=ffffffff issbl=0
M5DBG 0 cyc=19 st=01 iv=0000 pc0=0 ex0=ffffffff gvv=0 cls=0 flt=1
M5DBG   ex=ffffffff lv=ffffffff issbl=0
M5DBG 0 cyc=20 st=01 iv=0000 pc0=0 ex0=ffffffff gvv=0 cls=0 flt=1
M5DBG   ex=ffffffff lv=ffffffff issbl=0
M5DBG 0 cyc=21 st=01 iv=0001 pc0=0 ex0=ffffffff gvv=1 cls=13 flt=0
M5DBG 0 GRANT gid=0 ctrl=0 vcmp=0 vec=1 sc=0 op=0 pdst=0 cond4=0 bvr=0 bcr=0 bp=0
M5DBG   ex=ffffffff lv=ffffffff issbl=1
M5DBG 0 cyc=22 st=01 iv=0000 pc0=0 ex0=ffffffff gvv=0 cls=0 flt=1
M5DBG   ex=ffffffff lv=ffffffff issbl=0
M5DBG 0 cyc=23 st=01 iv=0000 pc0=0 ex0=ffffffff gvv=0 cls=0 flt=1
M5DBG   ex=ffffffff lv=ffffffff issbl=0
M5DBG 0 cyc=24 st=01 iv=0000 pc0=0 ex0=ffffffff gvv=0 cls=0 flt=1
M5DBG   ex=ffffffff lv=ffffffff issbl=0
M5DBG 0 cyc=25 st=01 iv=0000 pc0=0 ex0=ffffffff gvv=0 cls=0 flt=1
M5DBG   ex=ffffffff lv=ffffffff issbl=0
M5DBG 0 cyc=26 st=01 iv=0000 pc0=0 ex0=ffffffff gvv=0 cls=0 flt=1
M5DBG   ex=ffffffff lv=ffffffff issbl=0
M5DBG 0 cyc=27 st=01 iv=0000 pc0=1 ex0=ffffffff gvv=0 cls=0 flt=1
M5DBG   ex=ffffffff lv=ffffffff issbl=0
M5DBG 0 cyc=28 st=01 iv=0000 pc0=1 ex0=ffffffff gvv=0 cls=0 flt=1
M5DBG   ex=ffffffff lv=ffffffff issbl=0
M5DBG 0 cyc=29 st=01 iv=0000 pc0=1 ex0=ffffffff gvv=0 cls=0 flt=1
M5DBG   ex=ffffffff lv=ffffffff issbl=0
M5DBG 0 cyc=30 st=01 iv=0000 pc0=1 ex0=ffffffff gvv=0 cls=0 flt=1
M5DBG   ex=ffffffff lv=ffffffff issbl=0
M5DBG 0 cyc=31 st=01 iv=0001 pc0=1 ex0=ffffffff gvv=1 cls=10 flt=0
M5DBG 0 GRANT gid=0 ctrl=0 vcmp=0 vec=1 sc=0 op=0 pdst=0 cond4=0 bvr=0 bcr=0 bp=0
M5DBG   ex=ffffffff lv=ffffffff issbl=1
M5DBG 0 cyc=32 st=01 iv=0000 pc0=1 ex0=ffffffff gvv=0 cls=0 flt=1
M5DBG   ex=ffffffff lv=ffffffff issbl=0
M5DBG 0 cyc=33 st=01 iv=0000 pc0=1 ex0=ffffffff gvv=0 cls=0 flt=1
M5DBG   ex=ffffffff lv=ffffffff issbl=0
M5DBG 0 cyc=34 st=01 iv=0000 pc0=1 ex0=ffffffff gvv=0 cls=0 flt=1
M5DBG   ex=ffffffff lv=ffffffff issbl=0
M5DBG 0 cyc=35 st=01 iv=0000 pc0=1 ex0=ffffffff gvv=0 cls=0 flt=1
M5DBG   ex=ffffffff lv=ffffffff issbl=0
M5DBG 0 cyc=36 st=01 iv=0000 pc0=1 ex0=ffffffff gvv=0 cls=0 flt=1
M5DBG   ex=ffffffff lv=ffffffff issbl=0
M5DBG 0 cyc=37 st=01 iv=0000 pc0=2 ex0=ffffffff gvv=0 cls=0 flt=1
M5DBG   ex=ffffffff lv=ffffffff issbl=0
M5DBG 0 cyc=38 st=01 iv=0000 pc0=2 ex0=ffffffff gvv=0 cls=0 flt=1
M5DBG   ex=ffffffff lv=ffffffff issbl=0
M5DBG 0 cyc=39 st=01 iv=0000 pc0=2 ex0=ffffffff gvv=0 cls=0 flt=1
M5DBG   ex=ffffffff lv=ffffffff issbl=0
M5DBG 0 cyc=40 st=01 iv=0001 pc0=2 ex0=ffffffff gvv=1 cls=11 flt=0
M5DBG 0 GRANT gid=0 ctrl=0 vcmp=0 vec=1 sc=0 op=0 pdst=0 cond4=0 bvr=0 bcr=0 bp=0
M5DBG   ex=ffffffff lv=ffffffff issbl=1
M5DBG 0 cyc=41 st=01 iv=0000 pc0=2 ex0=ffffffff gvv=0 cls=0 flt=1
M5DBG   ex=ffffffff lv=ffffffff issbl=0
M5DBG 0 cyc=42 st=01 iv=0000 pc0=2 ex0=ffffffff gvv=0 cls=0 flt=1
M5DBG   ex=ffffffff lv=ffffffff issbl=0
M5DBG 0 cyc=43 st=01 iv=0000 pc0=2 ex0=ffffffff gvv=0 cls=0 flt=1
M5DBG   ex=ffffffff lv=ffffffff issbl=0
M5DBG 0 cyc=44 st=01 iv=0000 pc0=2 ex0=ffffffff gvv=0 cls=0 flt=1
M5DBG   ex=ffffffff lv=ffffffff issbl=0
M5DBG 0 cyc=45 st=01 iv=0000 pc0=2 ex0=ffffffff gvv=0 cls=0 flt=1
M5DBG   ex=ffffffff lv=ffffffff issbl=0
M5DBG 0 cyc=46 st=01 iv=0000 pc0=3 ex0=ffffffff gvv=0 cls=0 flt=1
M5DBG   ex=ffffffff lv=ffffffff issbl=0
M5DBG 0 cyc=47 st=01 iv=0000 pc0=3 ex0=ffffffff gvv=0 cls=0 flt=1
M5DBG   ex=ffffffff lv=ffffffff issbl=0
M5DBG 0 cyc=48 st=01 iv=0000 pc0=3 ex0=ffffffff gvv=0 cls=0 flt=1
M5DBG   ex=ffffffff lv=ffffffff issbl=0
M5DBG 0 cyc=49 st=01 iv=0000 pc0=3 ex0=ffffffff gvv=0 cls=0 flt=1
M5DBG   ex=ffffffff lv=ffffffff issbl=0
M5DBG 0 cyc=50 st=01 iv=0001 pc0=3 ex0=ffffffff gvv=1 cls=15 flt=1
M5DBG 0 GRANT gid=0 ctrl=0 vcmp=1 vec=0 sc=0 op=0 pdst=0 cond4=0 bvr=0 bcr=1 bp=0
M5DBG   ex=ffffffff lv=ffffffff issbl=1
M5DBG 0 cyc=51 st=01 iv=0000 pc0=3 ex0=ffffffff gvv=0 cls=0 flt=1
M5DBG   ex=ffffffff lv=ffffffff issbl=0
MISMATCH events line 4
  A: 3 3009002070000000 0 00 00000000 ffffffff
  B: 
MISMATCH events line 5
  A: 5 341103000064f000 0 00 00000000 aaaaaaaa
  B: 
MISMATCH events line 6
  A: 6 0205000001000000 0 00 00000000 aaaaaaaa
  B: 
MISMATCH mask-events line 1
  A: w=0 k=CBRANCH_IF pc=4 ft=1 pu=1 po=0 f=00
  B: 
MISMATCH mask-events line 2
  A: w=0 k=RECONV pc=8 ft=1 pu=0 po=0 f=00
  B: 
MISMATCH mask-events line 3
  A: w=0 k=RECONV pc=8 ft=1 pu=0 po=1 f=00
  B: 
MISMATCH state line 2
  A: PRED aaaaaaaa 00000000 00000000 00000000 00000000 00000000 00000000 00000000 00000000 00000000 00000000 00000000 00000000 00000000 00000000
  B: PRED 00000000 00000000 00000000 00000000 00000000 00000000 00000000 00000000 00000000 00000000 00000000 00000000 00000000 00000000 00000000
MISMATCH state line 4
  A: LIVE 00000000
  B: LIVE ffffffff
MISMATCH state line 9
  A: VGPR 03 000000c8 00000064 000000c8 00000064 000000c8 00000064 000000c8 00000064 000000c8 00000064 000000c8 00000064 000000c8 00000064 000000c8 00000064 000000c8 00000064 000000c8 00000064 000000c8 00000064 000000c8 00000064 000000c8 00000064 000000c8 00000064 000000c8 00000064 000000c8 00000064
  B: VGPR 03 00000000 00000000 00000000 00000000 00000000 00000000 00000000 00000000 00000000 00000000 00000000 00000000 00000000 00000000 00000000 00000000 00000000 00000000 00000000 00000000 00000000 00000000 00000000 00000000 00000000 00000000 00000000 00000000 00000000 00000000 00000000 00000000
DONE mismatch:
 G:DONE retired=12 fault=0 code=00 pc=a live=00000000
 R:DONE retired=3 fault=1 code=02 pc=3 live=ffffffff
[diff /tmp/opencode/m5dir_yqrgrzwr/ifelse_l8] FAIL (13 mismatches)

l8 FAIL
MISMATCH events line 7
  A: 7 3411030000c8f000 0 00 00000000 55555555
  B: 9 3411030000c8f000 0 00 00000000 ffffffff
MISMATCH mask-events line 2
  A: w=0 k=RECONV pc=8 ft=1 pu=0 po=0 f=00
  B: w=0 k=CBRANCH_IF pc=4 ft=1 pu=1 po=0 f=00
MISMATCH mask-events line 3
  A: w=0 k=RECONV pc=8 ft=1 pu=0 po=1 f=00
  B: w=0 k=RECONV pc=8 ft=0 pu=0 po=1 f=00
MISMATCH mask-events line 4
  A: w=0 k=RET_KERNEL_WF pc=9 ft=0 pu=0 po=0 f=00
  B: w=0 k=RECONV pc=8 ft=0 pu=0 po=1 f=00
MISMATCH state line 4
  A: LIVE 00000000
  B: LIVE ffffffff
MISMATCH state line 5
  A: SP 00000000
  B: SP 00000001
MISMATCH state line 9
  A: VGPR 03 000000c8 00000064 000000c8 00000064 000000c8 00000064 000000c8 00000064 000000c8 00000064 000000c8 00000064 000000c8 00000064 000000c8 00000064 000000c8 00000064 000000c8 00000064 000000c8 00000064 000000c8 00000064 000000c8 00000064 000000c8 00000064 000000c8 00000064 000000c8 00000064
  B: VGPR 03 000000c8 000000c8 000000c8 000000c8 000000c8 000000c8 000000c8 000000c8 000000c8 000000c8 000000c8 000000c8 000000c8 000000c8 000000c8 000000c8 000000c8 000000c8 000000c8 000000c8 000000c8 000000c8 000000c8 000000c8 000000c8 000000c8 000000c8 000000c8 000000c8 000000c8 000000c8 000000c8
DONE mismatch:
 G:DONE retired=11 fault=0 code=00 pc=9 live=00000000
 R:DONE retired=11 fault=1 code=03 pc=a live=ffffffff
[diff /tmp/opencode/m5dir_vuo31uau/ifelse_l8] FAIL (8 mismatches)

l8 FAIL
MISMATCH events line 7
  A: 7 3411030000c8f000 0 00 00000000 55555555
  B: 9 3411030000c8f000 0 00 00000000 ffffffff
MISMATCH mask-events line 2
  A: w=0 k=RECONV pc=8 ft=1 pu=0 po=0 f=00
  B: w=0 k=CBRANCH_IF pc=4 ft=1 pu=1 po=0 f=00
MISMATCH mask-events line 3
  A: w=0 k=RECONV pc=8 ft=1 pu=0 po=1 f=00
  B: w=0 k=RECONV pc=8 ft=0 pu=0 po=1 f=00
MISMATCH mask-events line 4
  A: w=0 k=RET_KERNEL_WF pc=9 ft=0 pu=0 po=0 f=00
  B: w=0 k=RECONV pc=8 ft=0 pu=0 po=1 f=00
MISMATCH state line 4
  A: LIVE 00000000
  B: LIVE ffffffff
MISMATCH state line 5
  A: SP 00000000
  B: SP 00000001
MISMATCH state line 9
  A: VGPR 03 000000c8 00000064 000000c8 00000064 000000c8 00000064 000000c8 00000064 000000c8 00000064 000000c8 00000064 000000c8 00000064 000000c8 00000064 000000c8 00000064 000000c8 00000064 000000c8 00000064 000000c8 00000064 000000c8 00000064 000000c8 00000064 000000c8 00000064 000000c8 00000064
  B: VGPR 03 000000c8 000000c8 000000c8 000000c8 000000c8 000000c8 000000c8 000000c8 000000c8 000000c8 000000c8 000000c8 000000c8 000000c8 000000c8 000000c8 000000c8 000000c8 000000c8 000000c8 000000c8 000000c8 000000c8 000000c8 000000c8 000000c8 000000c8 000000c8 000000c8 000000c8 000000c8 000000c8
DONE mismatch:
 G:DONE retired=11 fault=0 code=00 pc=9 live=00000000
 R:DONE retired=11 fault=1 code=03 pc=a live=ffffffff
[diff /tmp/opencode/m5dir_s8b0sx_g/ifelse_l8] FAIL (8 mismatches)

l8 FAIL
MISMATCH mask-events line 2
  A: w=0 k=RECONV pc=8 ft=1 pu=0 po=0 f=00
  B: w=0 k=RECONV pc=8 ft=0 pu=0 po=1 f=00
MISMATCH mask-events line 3
  A: w=0 k=RECONV pc=8 ft=1 pu=0 po=1 f=00
  B: w=0 k=RECONV pc=8 ft=0 pu=0 po=1 f=00
[diff /tmp/opencode/m5dir_twd9wypx/ifelse_l8] FAIL (2 mismatches)

l8 FAIL
MISMATCH mask-events line 3
  A: w=0 k=RECONV pc=8 ft=1 pu=0 po=1 f=00
  B: w=0 k=RECONV pc=8 ft=1 pu=0 po=0 f=00
[diff /tmp/opencode/m5dir_k09es4om/ifelse_l8] FAIL (1 mismatches)

l8 FAIL
MISMATCH mask-events line 3
  A: w=0 k=RECONV pc=8 ft=1 pu=0 po=1 f=00
  B: w=0 k=RECONV pc=8 ft=1 pu=0 po=0 f=00
[diff /tmp/opencode/m5dir_ll15n3yn/ifelse_l8] FAIL (1 mismatches)

l8 PASS
[diff /tmp/opencode/m5dir_9qpvt_kl/ifelse_l8] PASS (0 mismatches)

l8 PASS
[diff /tmp/opencode/m5dir_o9k0h59b/ifelse_l8] PASS (0 mismatches)

l8 PASS
[diff /tmp/opencode/m5dir_p0bea3s_/ifelse_l8] PASS (0 mismatches)

l8 PASS
[diff /tmp/opencode/m5dir_6g6w9152/ifelse_l8] PASS (0 mismatches)

l8 PASS
[diff /tmp/opencode/m5dir_3gdj54qr/ifelse_l8] PASS (0 mismatches)

l8 PASS
M5DBG 0 LAUNCH sl=0 entry=0 cw=10 ex=ffffffff
M5DBG 0 cyc=17 st=01 iv=0000 pc0=0 ex0=ffffffff gvv=0 cls=0 flt=1
M5DBG   ex=ffffffff lv=ffffffff issbl=0
M5DBG 0 cyc=18 st=01 iv=0000 pc0=0 ex0=ffffffff gvv=0 cls=0 flt=1
M5DBG   ex=ffffffff lv=ffffffff issbl=0
M5DBG 0 cyc=19 st=01 iv=0000 pc0=0 ex0=ffffffff gvv=0 cls=0 flt=1
M5DBG   ex=ffffffff lv=ffffffff issbl=0
M5DBG 0 cyc=20 st=01 iv=0000 pc0=0 ex0=ffffffff gvv=0 cls=0 flt=1
M5DBG   ex=ffffffff lv=ffffffff issbl=0
M5DBG 0 cyc=21 st=01 iv=0001 pc0=0 ex0=ffffffff gvv=1 cls=13 flt=0
M5DBG 0 GRANT gid=0 ctrl=0 vcmp=0 vec=1 sc=0 op=0 pdst=0 cond4=0 pw=ffffffff pc=0     61440 0
M5DBG   ex=ffffffff lv=ffffffff issbl=1
M5DBG 0 cyc=22 st=01 iv=0000 pc0=0 ex0=ffffffff gvv=0 cls=0 flt=1
M5DBG   ex=ffffffff lv=ffffffff issbl=0
M5DBG 0 cyc=23 st=01 iv=0000 pc0=0 ex0=ffffffff gvv=0 cls=0 flt=1
M5DBG   ex=ffffffff lv=ffffffff issbl=0
M5DBG 0 cyc=24 st=01 iv=0000 pc0=0 ex0=ffffffff gvv=0 cls=0 flt=1
M5DBG   ex=ffffffff lv=ffffffff issbl=0
M5DBG 0 cyc=25 st=01 iv=0000 pc0=0 ex0=ffffffff gvv=0 cls=0 flt=1
M5DBG   ex=ffffffff lv=ffffffff issbl=0
M5DBG 0 cyc=26 st=01 iv=0000 pc0=0 ex0=ffffffff gvv=0 cls=0 flt=1
M5DBG   ex=ffffffff lv=ffffffff issbl=0
M5DBG 0 cyc=27 st=01 iv=0000 pc0=1 ex0=ffffffff gvv=0 cls=0 flt=1
M5DBG   ex=ffffffff lv=ffffffff issbl=0
M5DBG 0 cyc=28 st=01 iv=0000 pc0=1 ex0=ffffffff gvv=0 cls=0 flt=1
M5DBG   ex=ffffffff lv=ffffffff issbl=0
M5DBG 0 cyc=29 st=01 iv=0000 pc0=1 ex0=ffffffff gvv=0 cls=0 flt=1
M5DBG   ex=ffffffff lv=ffffffff issbl=0
M5DBG 0 cyc=30 st=01 iv=0000 pc0=1 ex0=ffffffff gvv=0 cls=0 flt=1
M5DBG   ex=ffffffff lv=ffffffff issbl=0
M5DBG 0 cyc=31 st=01 iv=0001 pc0=1 ex0=ffffffff gvv=1 cls=10 flt=0
M5DBG 0 GRANT gid=0 ctrl=0 vcmp=0 vec=1 sc=0 op=0 pdst=0 cond4=0 pw=ffffffff pc=1    126976 0
M5DBG   ex=ffffffff lv=ffffffff issbl=1
M5DBG 0 cyc=32 st=01 iv=0000 pc0=1 ex0=ffffffff gvv=0 cls=0 flt=1
M5DBG   ex=ffffffff lv=ffffffff issbl=0
M5DBG 0 cyc=33 st=01 iv=0000 pc0=1 ex0=ffffffff gvv=0 cls=0 flt=1
M5DBG   ex=ffffffff lv=ffffffff issbl=0
M5DBG 0 cyc=34 st=01 iv=0000 pc0=1 ex0=ffffffff gvv=0 cls=0 flt=1
M5DBG   ex=ffffffff lv=ffffffff issbl=0
M5DBG 0 cyc=35 st=01 iv=0000 pc0=1 ex0=ffffffff gvv=0 cls=0 flt=1
M5DBG   ex=ffffffff lv=ffffffff issbl=0
M5DBG 0 cyc=36 st=01 iv=0000 pc0=1 ex0=ffffffff gvv=0 cls=0 flt=1
M5DBG   ex=ffffffff lv=ffffffff issbl=0
M5DBG 0 cyc=37 st=01 iv=0000 pc0=2 ex0=ffffffff gvv=0 cls=0 flt=1
M5DBG   ex=ffffffff lv=ffffffff issbl=0
M5DBG 0 cyc=38 st=01 iv=0000 pc0=2 ex0=ffffffff gvv=0 cls=0 flt=1
M5DBG   ex=ffffffff lv=ffffffff issbl=0
M5DBG 0 cyc=39 st=01 iv=0000 pc0=2 ex0=ffffffff gvv=0 cls=0 flt=1
M5DBG   ex=ffffffff lv=ffffffff issbl=0
M5DBG 0 cyc=40 st=01 iv=0001 pc0=2 ex0=ffffffff gvv=1 cls=11 flt=0
M5DBG 0 GRANT gid=0 ctrl=0 vcmp=0 vec=1 sc=0 op=0 pdst=0 cond4=0 pw=ffffffff pc=2 117501952 0
M5DBG   ex=ffffffff lv=ffffffff issbl=1
M5DBG 0 cyc=41 st=01 iv=0000 pc0=2 ex0=ffffffff gvv=0 cls=0 flt=1
M5DBG   ex=ffffffff lv=ffffffff issbl=0
M5DBG 0 cyc=42 st=01 iv=0000 pc0=2 ex0=ffffffff gvv=0 cls=0 flt=1
M5DBG   ex=ffffffff lv=ffffffff issbl=0
M5DBG 0 cyc=43 st=01 iv=0000 pc0=2 ex0=ffffffff gvv=0 cls=0 flt=1
M5DBG   ex=ffffffff lv=ffffffff issbl=0
M5DBG 0 cyc=44 st=01 iv=0000 pc0=2 ex0=ffffffff gvv=0 cls=0 flt=1
M5DBG   ex=ffffffff lv=ffffffff issbl=0
M5DBG 0 cyc=45 st=01 iv=0000 pc0=2 ex0=ffffffff gvv=0 cls=0 flt=1
M5DBG   ex=ffffffff lv=ffffffff issbl=0
M5DBG 0 cyc=46 st=01 iv=0000 pc0=3 ex0=ffffffff gvv=0 cls=0 flt=1
M5DBG   ex=ffffffff lv=ffffffff issbl=0
M5DBG 0 cyc=47 st=01 iv=0000 pc0=3 ex0=ffffffff gvv=0 cls=0 flt=1
M5DBG   ex=ffffffff lv=ffffffff issbl=0
M5DBG 0 cyc=48 st=01 iv=0000 pc0=3 ex0=ffffffff gvv=0 cls=0 flt=1
M5DBG   ex=ffffffff lv=ffffffff issbl=0
M5DBG 0 cyc=49 st=01 iv=0000 pc0=3 ex0=ffffffff gvv=0 cls=0 flt=1
M5DBG   ex=ffffffff lv=ffffffff issbl=0
M5DBG 0 cyc=50 st=01 iv=0001 pc0=3 ex0=ffffffff gvv=1 cls=15 flt=0
M5DBG 0 GRANT gid=0 ctrl=0 vcmp=1 vec=0 sc=0 op=0 pdst=0 cond4=0 pw=00000000 pc=31879048192 0
M5DBG   ex=ffffffff lv=ffffffff issbl=1
M5DBG 0 cyc=51 st=01 iv=0000 pc0=3 ex0=ffffffff gvv=0 cls=0 flt=1
M5DBG   ex=ffffffff lv=ffffffff issbl=0
M5DBG 0 cyc=52 st=01 iv=0000 pc0=3 ex0=ffffffff gvv=0 cls=0 flt=1
M5DBG   ex=ffffffff lv=ffffffff issbl=0
M5DBG 0 cyc=53 st=01 iv=0000 pc0=3 ex0=ffffffff gvv=0 cls=0 flt=1
M5DBG   ex=ffffffff lv=ffffffff issbl=0
M5DBG 0 cyc=54 st=01 iv=0000 pc0=3 ex0=ffffffff gvv=0 cls=0 flt=1
M5DBG   ex=ffffffff lv=ffffffff issbl=0
M5DBG 0 cyc=55 st=01 iv=0000 pc0=3 ex0=ffffffff gvv=0 cls=0 flt=1
M5DBG   ex=ffffffff lv=ffffffff issbl=0
M5DBG 0 cyc=56 st=01 iv=0000 pc0=4 ex0=ffffffff gvv=0 cls=0 flt=1
M5DBG   ex=ffffffff lv=ffffffff issbl=0
M5DBG 0 cyc=57 st=01 iv=0000 pc0=4 ex0=ffffffff gvv=0 cls=0 flt=1
M5DBG   ex=ffffffff lv=ffffffff issbl=0
M5DBG 0 cyc=58 st=01 iv=0000 pc0=4 ex0=ffffffff gvv=0 cls=0 flt=1
M5DBG   ex=ffffffff lv=ffffffff issbl=0
M5DBG 0 cyc=59 st=01 iv=0000 pc0=4 ex0=ffffffff gvv=0 cls=0 flt=1
M5DBG   ex=ffffffff lv=ffffffff issbl=0
M5DBG 0 cyc=60 st=01 iv=0000 pc0=4 ex0=ffffffff gvv=0 cls=0 flt=1
M5DBG   ex=ffffffff lv=ffffffff issbl=0
M5DEC 0 insn=7c15000002000003 cond4=0
M5DBG 0 cyc=61 st=01 iv=0001 pc0=4 ex0=ffffffff gvv=1 cls=14 flt=0
M5DBG 0 GRANT gid=0 ctrl=1 vcmp=0 vec=0 sc=0 op=0 pdst=0 cond4=0 pw=aaaaaaaa pc=4  33554435 0
M5DBG   ex=ffffffff lv=ffffffff issbl=1
M5DEC 0 insn=7c15000002000003 cond4=0
M5ENGIN 0 op=0 sp=0 li=32 tft=00 ph=0 ma=00000000 pc=4
M5DBG 0 cyc=62 st=01 iv=0000 pc0=4 ex0=ffffffff gvv=0 cls=0 flt=1
M5DBG   ex=ffffffff lv=ffffffff issbl=0
M5DEC 0 insn=7c15000002000003 cond4=0
M5ENGIN 0 RESULT done=1 fault=0 pop=0 pc=5 we=1 ex=aaaaaaaa st=0
M5DBG 0 cyc=63 st=01 iv=0000 pc0=4 ex0=ffffffff gvv=0 cls=0 flt=1
M5DBG   ex=ffffffff lv=ffffffff issbl=0
M5DBG 0 MCDONE d=1 f=0 code=00 own=0 oex=aaaaaaaa osp=1
M5DEC 0 insn=7c15000002000003 cond4=0
M5DBG 0 cyc=64 st=01 iv=0000 pc0=5 ex0=aaaaaaaa gvv=0 cls=0 flt=1
M5DBG   ex=aaaaaaaa lv=ffffffff issbl=0
M5DEC 0 insn=7c15000002000003 cond4=0
M5DBG 0 cyc=65 st=01 iv=0000 pc0=5 ex0=aaaaaaaa gvv=0 cls=0 flt=1
M5DBG   ex=aaaaaaaa lv=ffffffff issbl=0
M5DEC 0 insn=7c15000002000003 cond4=0
M5DBG 0 cyc=66 st=01 iv=0000 pc0=5 ex0=aaaaaaaa gvv=0 cls=0 flt=1
M5DBG   ex=aaaaaaaa lv=ffffffff issbl=0
M5DBG 0 cyc=67 st=01 iv=0001 pc0=5 ex0=aaaaaaaa gvv=1 cls=10 flt=0
M5DBG 0 GRANT gid=0 ctrl=0 vcmp=0 vec=1 sc=0 op=0 pdst=0 cond4=6 pw=ffffffff pc=5   6615040 6
M5DBG   ex=aaaaaaaa lv=ffffffff issbl=1
M5DBG 0 cyc=68 st=01 iv=0000 pc0=5 ex0=aaaaaaaa gvv=0 cls=0 flt=1
M5DBG   ex=aaaaaaaa lv=ffffffff issbl=0
M5DBG 0 cyc=69 st=01 iv=0000 pc0=5 ex0=aaaaaaaa gvv=0 cls=0 flt=1
M5DBG   ex=aaaaaaaa lv=ffffffff issbl=0
M5DBG 0 cyc=70 st=01 iv=0000 pc0=5 ex0=aaaaaaaa gvv=0 cls=0 flt=1
M5DBG   ex=aaaaaaaa lv=ffffffff issbl=0
M5DBG 0 cyc=71 st=01 iv=0000 pc0=5 ex0=aaaaaaaa gvv=0 cls=0 flt=1
M5DBG   ex=aaaaaaaa lv=ffffffff issbl=0
M5DBG 0 cyc=72 st=01 iv=0000 pc0=5 ex0=aaaaaaaa gvv=0 cls=0 flt=1
M5DBG   ex=aaaaaaaa lv=ffffffff issbl=0
M5DBG 0 cyc=73 st=01 iv=0000 pc0=6 ex0=aaaaaaaa gvv=0 cls=0 flt=1
M5DBG   ex=aaaaaaaa lv=ffffffff issbl=0
M5DBG 0 cyc=74 st=01 iv=0000 pc0=6 ex0=aaaaaaaa gvv=0 cls=0 flt=1
M5DBG   ex=aaaaaaaa lv=ffffffff issbl=0
M5DBG 0 cyc=75 st=01 iv=0000 pc0=6 ex0=aaaaaaaa gvv=0 cls=0 flt=1
M5DBG   ex=aaaaaaaa lv=ffffffff issbl=0
M5DBG 0 cyc=76 st=01 iv=0001 pc0=6 ex0=aaaaaaaa gvv=1 cls=5 flt=0
M5DBG 0 GRANT gid=0 ctrl=0 vcmp=0 vec=0 sc=1 op=0 pdst=0 cond4=0 pw=ffffffff pc=6  16777216 0
M5DBG   ex=aaaaaaaa lv=ffffffff issbl=1
M5DBG 0 cyc=77 st=01 iv=0000 pc0=8 ex0=aaaaaaaa gvv=0 cls=0 flt=1
M5DBG   ex=aaaaaaaa lv=ffffffff issbl=0
M5DBG 0 cyc=78 st=01 iv=0000 pc0=8 ex0=aaaaaaaa gvv=0 cls=0 flt=1
M5DBG   ex=aaaaaaaa lv=ffffffff issbl=0
M5DBG 0 cyc=79 st=01 iv=0000 pc0=8 ex0=aaaaaaaa gvv=0 cls=0 flt=1
M5DBG   ex=aaaaaaaa lv=ffffffff issbl=0
M5DBG 0 cyc=80 st=01 iv=0000 pc0=8 ex0=aaaaaaaa gvv=0 cls=0 flt=1
M5DBG   ex=aaaaaaaa lv=ffffffff issbl=0
M5DBG 0 cyc=81 st=01 iv=0001 pc0=8 ex0=aaaaaaaa gvv=1 cls=14 flt=0
M5DBG 0 GRANT gid=0 ctrl=1 vcmp=0 vec=0 sc=0 op=1 pdst=0 cond4=0 pw=aaaaaaaa pc=8         0 0
M5DBG   ex=aaaaaaaa lv=ffffffff issbl=1
M5ENGIN 0 op=1 sp=1 li=32 tft=01 ph=0 ma=55555555 pc=8
M5DBG 0 cyc=82 st=01 iv=0000 pc0=8 ex0=aaaaaaaa gvv=0 cls=0 flt=1
M5DBG   ex=aaaaaaaa lv=ffffffff issbl=0
M5ENGIN 0 RESULT done=1 fault=0 pop=0 pc=7 we=1 ex=55555555 st=0
M5DBG 0 cyc=83 st=01 iv=0000 pc0=8 ex0=aaaaaaaa gvv=0 cls=0 flt=1
M5DBG   ex=aaaaaaaa lv=ffffffff issbl=0
M5DBG 0 MCDONE d=1 f=0 code=00 own=0 oex=55555555 osp=1
M5DBG 0 cyc=84 st=01 iv=0000 pc0=7 ex0=55555555 gvv=0 cls=0 flt=1
M5DBG   ex=55555555 lv=ffffffff issbl=0
M5DBG 0 cyc=85 st=01 iv=0000 pc0=7 ex0=55555555 gvv=0 cls=0 flt=1
M5DBG   ex=55555555 lv=ffffffff issbl=0
M5DBG 0 cyc=86 st=01 iv=0000 pc0=7 ex0=55555555 gvv=0 cls=0 flt=1
M5DBG   ex=55555555 lv=ffffffff issbl=0
M5DBG 0 cyc=87 st=01 iv=0000 pc0=7 ex0=55555555 gvv=0 cls=0 flt=1
M5DBG   ex=55555555 lv=ffffffff issbl=0
M5DBG 0 cyc=88 st=01 iv=0001 pc0=7 ex0=55555555 gvv=1 cls=10 flt=0
M5DBG 0 GRANT gid=0 ctrl=0 vcmp=0 vec=1 sc=0 op=0 pdst=0 cond4=12 pw=ffffffff pc=7  1316864012
M5DBG   ex=55555555 lv=ffffffff issbl=1
M5DBG 0 cyc=89 st=01 iv=0000 pc0=7 ex0=55555555 gvv=0 cls=0 flt=1
M5DBG   ex=55555555 lv=ffffffff issbl=0
M5DBG 0 cyc=90 st=01 iv=0000 pc0=7 ex0=55555555 gvv=0 cls=0 flt=1
M5DBG   ex=55555555 lv=ffffffff issbl=0
M5DBG 0 cyc=91 st=01 iv=0000 pc0=7 ex0=55555555 gvv=0 cls=0 flt=1
M5DBG   ex=55555555 lv=ffffffff issbl=0
M5DBG 0 cyc=92 st=01 iv=0000 pc0=7 ex0=55555555 gvv=0 cls=0 flt=1
M5DBG   ex=55555555 lv=ffffffff issbl=0
M5DBG 0 cyc=93 st=01 iv=0000 pc0=7 ex0=55555555 gvv=0 cls=0 flt=1
M5DBG   ex=55555555 lv=ffffffff issbl=0
M5DBG 0 cyc=94 st=01 iv=0000 pc0=8 ex0=55555555 gvv=0 cls=0 flt=1
M5DBG   ex=55555555 lv=ffffffff issbl=0
M5DBG 0 cyc=95 st=01 iv=0000 pc0=8 ex0=55555555 gvv=0 cls=0 flt=1
M5DBG   ex=55555555 lv=ffffffff issbl=0
M5DBG 0 cyc=96 st=01 iv=0000 pc0=8 ex0=55555555 gvv=0 cls=0 flt=1
M5DBG   ex=55555555 lv=ffffffff issbl=0
M5DBG 0 cyc=97 st=01 iv=0000 pc0=8 ex0=55555555 gvv=0 cls=0 flt=1
M5DBG   ex=55555555 lv=ffffffff issbl=0
M5DBG 0 cyc=98 st=01 iv=0001 pc0=8 ex0=55555555 gvv=1 cls=14 flt=0
M5DBG 0 GRANT gid=0 ctrl=1 vcmp=0 vec=0 sc=0 op=1 pdst=0 cond4=0 pw=aaaaaaaa pc=8         0 0
M5DBG   ex=55555555 lv=ffffffff issbl=1
M5ENGIN 0 op=1 sp=1 li=32 tft=01 ph=1 ma=00000000 pc=8
M5DBG 0 cyc=99 st=01 iv=0000 pc0=8 ex0=55555555 gvv=0 cls=0 flt=1
M5DBG   ex=55555555 lv=ffffffff issbl=0
M5ENGIN 0 RESULT done=1 fault=0 pop=1 pc=9 we=1 ex=ffffffff st=0
M5DBG 0 cyc=100 st=01 iv=0000 pc0=8 ex0=55555555 gvv=0 cls=0 flt=1
M5DBG   ex=55555555 lv=ffffffff issbl=0
M5DBG 0 MCDONE d=1 f=0 code=00 own=0 oex=ffffffff osp=0
M5DBG 0 cyc=101 st=01 iv=0000 pc0=9 ex0=ffffffff gvv=0 cls=0 flt=1
M5DBG   ex=ffffffff lv=ffffffff issbl=0
M5DBG 0 cyc=102 st=01 iv=0000 pc0=9 ex0=ffffffff gvv=0 cls=0 flt=1
M5DBG   ex=ffffffff lv=ffffffff issbl=0
M5DBG 0 cyc=103 st=01 iv=0000 pc0=9 ex0=ffffffff gvv=0 cls=0 flt=1
M5DBG   ex=ffffffff lv=ffffffff issbl=0
M5DBG 0 cyc=104 st=01 iv=0000 pc0=9 ex0=ffffffff gvv=0 cls=0 flt=1
M5DBG   ex=ffffffff lv=ffffffff issbl=0
M5DBG 0 cyc=105 st=01 iv=0001 pc0=9 ex0=ffffffff gvv=1 cls=14 flt=0
M5DBG 0 GRANT gid=0 ctrl=1 vcmp=0 vec=0 sc=0 op=12 pdst=0 cond4=0 pw=aaaaaaaa pc=9         0 0
M5DBG   ex=ffffffff lv=ffffffff issbl=1
M5ENGIN 0 op=12 sp=0 li=32 tft=00 ph=0 ma=00000000 pc=9
M5DBG 0 cyc=106 st=01 iv=0000 pc0=9 ex0=ffffffff gvv=0 cls=0 flt=1
M5DBG   ex=ffffffff lv=ffffffff issbl=0
M5ENGIN 0 RESULT done=1 fault=0 pop=0 pc=0 we=0 ex=ffffffff st=0
M5DBG 0 cyc=107 st=01 iv=0000 pc0=9 ex0=ffffffff gvv=0 cls=0 flt=1
M5DBG   ex=ffffffff lv=ffffffff issbl=0
M5DBG 0 MCDONE d=1 f=0 code=00 own=0 oex=ffffffff osp=0
M5DBG 0 cyc=108 st=01 iv=0000 pc0=9 ex0=ffffffff gvv=0 cls=0 flt=1
M5DBG   ex=ffffffff lv=00000000 issbl=0
[diff /tmp/opencode/m5dir_bs2se752/ifelse_l8] PASS (0 mismatches)

l8 PASS
M5DBG 0 LAUNCH sl=0 entry=0 cw=10 ex=ffffffff
M5DBG 0 cyc=17 st=01 iv=0000 pc0=0 ex0=ffffffff gvv=0 cls=0 flt=1
M5DBG   ex=ffffffff lv=ffffffff issbl=0
M5DBG 0 cyc=18 st=01 iv=0000 pc0=0 ex0=ffffffff gvv=0 cls=0 flt=1
M5DBG   ex=ffffffff lv=ffffffff issbl=0
M5DBG 0 cyc=19 st=01 iv=0000 pc0=0 ex0=ffffffff gvv=0 cls=0 flt=1
M5DBG   ex=ffffffff lv=ffffffff issbl=0
M5DBG 0 cyc=20 st=01 iv=0000 pc0=0 ex0=ffffffff gvv=0 cls=0 flt=1
M5DBG   ex=ffffffff lv=ffffffff issbl=0
M5DBG 0 cyc=21 st=01 iv=0001 pc0=0 ex0=ffffffff gvv=1 cls=13 flt=0
M5DBG 0 GRANT gid=0 ctrl=0 vcmp=0 vec=1 sc=0 op=0 pdst=0 cond4=0 pw=ffffffff pc=0     61440 0
M5DBG   ex=ffffffff lv=ffffffff issbl=1
M5DBG 0 cyc=22 st=01 iv=0000 pc0=0 ex0=ffffffff gvv=0 cls=0 flt=1
M5DBG   ex=ffffffff lv=ffffffff issbl=0
M5DBG 0 cyc=23 st=01 iv=0000 pc0=0 ex0=ffffffff gvv=0 cls=0 flt=1
M5DBG   ex=ffffffff lv=ffffffff issbl=0
M5DBG 0 cyc=24 st=01 iv=0000 pc0=0 ex0=ffffffff gvv=0 cls=0 flt=1
M5DBG   ex=ffffffff lv=ffffffff issbl=0
M5DBG 0 cyc=25 st=01 iv=0000 pc0=0 ex0=ffffffff gvv=0 cls=0 flt=1
M5DBG   ex=ffffffff lv=ffffffff issbl=0
M5DBG 0 cyc=26 st=01 iv=0000 pc0=0 ex0=ffffffff gvv=0 cls=0 flt=1
M5DBG   ex=ffffffff lv=ffffffff issbl=0
M5DBG 0 cyc=27 st=01 iv=0000 pc0=1 ex0=ffffffff gvv=0 cls=0 flt=1
M5DBG   ex=ffffffff lv=ffffffff issbl=0
M5DBG 0 cyc=28 st=01 iv=0000 pc0=1 ex0=ffffffff gvv=0 cls=0 flt=1
M5DBG   ex=ffffffff lv=ffffffff issbl=0
M5DBG 0 cyc=29 st=01 iv=0000 pc0=1 ex0=ffffffff gvv=0 cls=0 flt=1
M5DBG   ex=ffffffff lv=ffffffff issbl=0
M5DBG 0 cyc=30 st=01 iv=0000 pc0=1 ex0=ffffffff gvv=0 cls=0 flt=1
M5DBG   ex=ffffffff lv=ffffffff issbl=0
M5DBG 0 cyc=31 st=01 iv=0001 pc0=1 ex0=ffffffff gvv=1 cls=10 flt=0
M5DBG 0 GRANT gid=0 ctrl=0 vcmp=0 vec=1 sc=0 op=0 pdst=0 cond4=0 pw=ffffffff pc=1    126976 0
M5DBG   ex=ffffffff lv=ffffffff issbl=1
M5DBG 0 cyc=32 st=01 iv=0000 pc0=1 ex0=ffffffff gvv=0 cls=0 flt=1
M5DBG   ex=ffffffff lv=ffffffff issbl=0
M5DBG 0 cyc=33 st=01 iv=0000 pc0=1 ex0=ffffffff gvv=0 cls=0 flt=1
M5DBG   ex=ffffffff lv=ffffffff issbl=0
M5DBG 0 cyc=34 st=01 iv=0000 pc0=1 ex0=ffffffff gvv=0 cls=0 flt=1
M5DBG   ex=ffffffff lv=ffffffff issbl=0
M5DBG 0 cyc=35 st=01 iv=0000 pc0=1 ex0=ffffffff gvv=0 cls=0 flt=1
M5DBG   ex=ffffffff lv=ffffffff issbl=0
M5DBG 0 cyc=36 st=01 iv=0000 pc0=1 ex0=ffffffff gvv=0 cls=0 flt=1
M5DBG   ex=ffffffff lv=ffffffff issbl=0
M5DBG 0 cyc=37 st=01 iv=0000 pc0=2 ex0=ffffffff gvv=0 cls=0 flt=1
M5DBG   ex=ffffffff lv=ffffffff issbl=0
M5DBG 0 cyc=38 st=01 iv=0000 pc0=2 ex0=ffffffff gvv=0 cls=0 flt=1
M5DBG   ex=ffffffff lv=ffffffff issbl=0
M5DBG 0 cyc=39 st=01 iv=0000 pc0=2 ex0=ffffffff gvv=0 cls=0 flt=1
M5DBG   ex=ffffffff lv=ffffffff issbl=0
M5DBG 0 cyc=40 st=01 iv=0001 pc0=2 ex0=ffffffff gvv=1 cls=11 flt=0
M5DBG 0 GRANT gid=0 ctrl=0 vcmp=0 vec=1 sc=0 op=0 pdst=0 cond4=0 pw=ffffffff pc=2 117501952 0
M5DBG   ex=ffffffff lv=ffffffff issbl=1
M5DBG 0 cyc=41 st=01 iv=0000 pc0=2 ex0=ffffffff gvv=0 cls=0 flt=1
M5DBG   ex=ffffffff lv=ffffffff issbl=0
M5DBG 0 cyc=42 st=01 iv=0000 pc0=2 ex0=ffffffff gvv=0 cls=0 flt=1
M5DBG   ex=ffffffff lv=ffffffff issbl=0
M5DBG 0 cyc=43 st=01 iv=0000 pc0=2 ex0=ffffffff gvv=0 cls=0 flt=1
M5DBG   ex=ffffffff lv=ffffffff issbl=0
M5DBG 0 cyc=44 st=01 iv=0000 pc0=2 ex0=ffffffff gvv=0 cls=0 flt=1
M5DBG   ex=ffffffff lv=ffffffff issbl=0
M5DBG 0 cyc=45 st=01 iv=0000 pc0=2 ex0=ffffffff gvv=0 cls=0 flt=1
M5DBG   ex=ffffffff lv=ffffffff issbl=0
M5DBG 0 cyc=46 st=01 iv=0000 pc0=3 ex0=ffffffff gvv=0 cls=0 flt=1
M5DBG   ex=ffffffff lv=ffffffff issbl=0
M5DBG 0 cyc=47 st=01 iv=0000 pc0=3 ex0=ffffffff gvv=0 cls=0 flt=1
M5DBG   ex=ffffffff lv=ffffffff issbl=0
M5DBG 0 cyc=48 st=01 iv=0000 pc0=3 ex0=ffffffff gvv=0 cls=0 flt=1
M5DBG   ex=ffffffff lv=ffffffff issbl=0
M5DBG 0 cyc=49 st=01 iv=0000 pc0=3 ex0=ffffffff gvv=0 cls=0 flt=1
M5DBG   ex=ffffffff lv=ffffffff issbl=0
M5DBG 0 cyc=50 st=01 iv=0001 pc0=3 ex0=ffffffff gvv=1 cls=15 flt=0
M5DBG 0 GRANT gid=0 ctrl=0 vcmp=1 vec=0 sc=0 op=0 pdst=0 cond4=0 pw=00000000 pc=31879048192 0
M5DBG   ex=ffffffff lv=ffffffff issbl=1
M5DBG 0 cyc=51 st=01 iv=0000 pc0=3 ex0=ffffffff gvv=0 cls=0 flt=1
M5DBG   ex=ffffffff lv=ffffffff issbl=0
M5DBG 0 cyc=52 st=01 iv=0000 pc0=3 ex0=ffffffff gvv=0 cls=0 flt=1
M5DBG   ex=ffffffff lv=ffffffff issbl=0
M5DBG 0 cyc=53 st=01 iv=0000 pc0=3 ex0=ffffffff gvv=0 cls=0 flt=1
M5DBG   ex=ffffffff lv=ffffffff issbl=0
M5DBG 0 cyc=54 st=01 iv=0000 pc0=3 ex0=ffffffff gvv=0 cls=0 flt=1
M5DBG   ex=ffffffff lv=ffffffff issbl=0
M5DBG 0 cyc=55 st=01 iv=0000 pc0=3 ex0=ffffffff gvv=0 cls=0 flt=1
M5DBG   ex=ffffffff lv=ffffffff issbl=0
M5DBG 0 cyc=56 st=01 iv=0000 pc0=4 ex0=ffffffff gvv=0 cls=0 flt=1
M5DBG   ex=ffffffff lv=ffffffff issbl=0
M5DBG 0 cyc=57 st=01 iv=0000 pc0=4 ex0=ffffffff gvv=0 cls=0 flt=1
M5DBG   ex=ffffffff lv=ffffffff issbl=0
M5DBG 0 cyc=58 st=01 iv=0000 pc0=4 ex0=ffffffff gvv=0 cls=0 flt=1
M5DBG   ex=ffffffff lv=ffffffff issbl=0
M5DBG 0 cyc=59 st=01 iv=0000 pc0=4 ex0=ffffffff gvv=0 cls=0 flt=1
M5DBG   ex=ffffffff lv=ffffffff issbl=0
M5DBG 0 cyc=60 st=01 iv=0000 pc0=4 ex0=ffffffff gvv=0 cls=0 flt=1
M5DBG   ex=ffffffff lv=ffffffff issbl=0
M5DEC 0 insn=7c15000002000003 cond4=0
M5DBG 0 cyc=61 st=01 iv=0001 pc0=4 ex0=ffffffff gvv=1 cls=14 flt=0
M5DBG 0 CTRLGRANT disp=000002 bmod=0003 insn=7c15000002000003 ibuf=7c15000002000003
M5DBG 0 GRANT gid=0 ctrl=1 vcmp=0 vec=0 sc=0 op=0 pdst=0 cond4=0 pw=aaaaaaaa pc=4  33554435 0
M5DBG   ex=ffffffff lv=ffffffff issbl=1
M5DEC 0 insn=7c15000002000003 cond4=0
M5ENGIN CBR dsp=2 bmod=0003 tgtE=7 tgtR=8
M5ENGIN 0 op=0 sp=0 li=32 tft=00 ph=0 ma=00000000 pc=4
M5DBG 0 cyc=62 st=01 iv=0000 pc0=4 ex0=ffffffff gvv=0 cls=0 flt=1
M5DBG   ex=ffffffff lv=ffffffff issbl=0
M5DEC 0 insn=7c15000002000003 cond4=0
M5ENGIN 0 RESULT done=1 fault=0 pop=0 pc=5 we=1 ex=aaaaaaaa st=0
M5DBG 0 cyc=63 st=01 iv=0000 pc0=4 ex0=ffffffff gvv=0 cls=0 flt=1
M5DBG   ex=ffffffff lv=ffffffff issbl=0
M5DBG 0 MCDONE d=1 f=0 code=00 own=0 oex=aaaaaaaa osp=1
M5DEC 0 insn=7c15000002000003 cond4=0
M5DBG 0 cyc=64 st=01 iv=0000 pc0=5 ex0=aaaaaaaa gvv=0 cls=0 flt=1
M5DBG   ex=aaaaaaaa lv=ffffffff issbl=0
M5DEC 0 insn=7c15000002000003 cond4=0
M5DBG 0 cyc=65 st=01 iv=0000 pc0=5 ex0=aaaaaaaa gvv=0 cls=0 flt=1
M5DBG   ex=aaaaaaaa lv=ffffffff issbl=0
M5DEC 0 insn=7c15000002000003 cond4=0
M5DBG 0 cyc=66 st=01 iv=0000 pc0=5 ex0=aaaaaaaa gvv=0 cls=0 flt=1
M5DBG   ex=aaaaaaaa lv=ffffffff issbl=0
M5DBG 0 cyc=67 st=01 iv=0001 pc0=5 ex0=aaaaaaaa gvv=1 cls=10 flt=0
M5DBG 0 GRANT gid=0 ctrl=0 vcmp=0 vec=1 sc=0 op=0 pdst=0 cond4=6 pw=ffffffff pc=5   6615040 6
M5DBG   ex=aaaaaaaa lv=ffffffff issbl=1
M5DBG 0 cyc=68 st=01 iv=0000 pc0=5 ex0=aaaaaaaa gvv=0 cls=0 flt=1
M5DBG   ex=aaaaaaaa lv=ffffffff issbl=0
M5DBG 0 cyc=69 st=01 iv=0000 pc0=5 ex0=aaaaaaaa gvv=0 cls=0 flt=1
M5DBG   ex=aaaaaaaa lv=ffffffff issbl=0
M5DBG 0 cyc=70 st=01 iv=0000 pc0=5 ex0=aaaaaaaa gvv=0 cls=0 flt=1
M5DBG   ex=aaaaaaaa lv=ffffffff issbl=0
M5DBG 0 cyc=71 st=01 iv=0000 pc0=5 ex0=aaaaaaaa gvv=0 cls=0 flt=1
M5DBG   ex=aaaaaaaa lv=ffffffff issbl=0
M5DBG 0 cyc=72 st=01 iv=0000 pc0=5 ex0=aaaaaaaa gvv=0 cls=0 flt=1
M5DBG   ex=aaaaaaaa lv=ffffffff issbl=0
M5DBG 0 cyc=73 st=01 iv=0000 pc0=6 ex0=aaaaaaaa gvv=0 cls=0 flt=1
M5DBG   ex=aaaaaaaa lv=ffffffff issbl=0
M5DBG 0 cyc=74 st=01 iv=0000 pc0=6 ex0=aaaaaaaa gvv=0 cls=0 flt=1
M5DBG   ex=aaaaaaaa lv=ffffffff issbl=0
M5DBG 0 cyc=75 st=01 iv=0000 pc0=6 ex0=aaaaaaaa gvv=0 cls=0 flt=1
M5DBG   ex=aaaaaaaa lv=ffffffff issbl=0
M5DBG 0 cyc=76 st=01 iv=0001 pc0=6 ex0=aaaaaaaa gvv=1 cls=5 flt=0
M5DBG 0 GRANT gid=0 ctrl=0 vcmp=0 vec=0 sc=1 op=0 pdst=0 cond4=0 pw=ffffffff pc=6  16777216 0
M5DBG   ex=aaaaaaaa lv=ffffffff issbl=1
M5DBG 0 cyc=77 st=01 iv=0000 pc0=8 ex0=aaaaaaaa gvv=0 cls=0 flt=1
M5DBG   ex=aaaaaaaa lv=ffffffff issbl=0
M5DBG 0 cyc=78 st=01 iv=0000 pc0=8 ex0=aaaaaaaa gvv=0 cls=0 flt=1
M5DBG   ex=aaaaaaaa lv=ffffffff issbl=0
M5DBG 0 cyc=79 st=01 iv=0000 pc0=8 ex0=aaaaaaaa gvv=0 cls=0 flt=1
M5DBG   ex=aaaaaaaa lv=ffffffff issbl=0
M5DBG 0 cyc=80 st=01 iv=0000 pc0=8 ex0=aaaaaaaa gvv=0 cls=0 flt=1
M5DBG   ex=aaaaaaaa lv=ffffffff issbl=0
M5DBG 0 cyc=81 st=01 iv=0001 pc0=8 ex0=aaaaaaaa gvv=1 cls=14 flt=0
M5DBG 0 CTRLGRANT disp=000000 bmod=0000 insn=7c25000000000000 ibuf=7c25000000000000
M5DBG 0 GRANT gid=0 ctrl=1 vcmp=0 vec=0 sc=0 op=1 pdst=0 cond4=0 pw=aaaaaaaa pc=8         0 0
M5DBG   ex=aaaaaaaa lv=ffffffff issbl=1
M5ENGIN 0 op=1 sp=1 li=32 tft=01 ph=0 ma=55555555 pc=8
M5DBG 0 cyc=82 st=01 iv=0000 pc0=8 ex0=aaaaaaaa gvv=0 cls=0 flt=1
M5DBG   ex=aaaaaaaa lv=ffffffff issbl=0
M5ENGIN 0 RESULT done=1 fault=0 pop=0 pc=7 we=1 ex=55555555 st=0
M5DBG 0 cyc=83 st=01 iv=0000 pc0=8 ex0=aaaaaaaa gvv=0 cls=0 flt=1
M5DBG   ex=aaaaaaaa lv=ffffffff issbl=0
M5DBG 0 MCDONE d=1 f=0 code=00 own=0 oex=55555555 osp=1
M5DBG 0 cyc=84 st=01 iv=0000 pc0=7 ex0=55555555 gvv=0 cls=0 flt=1
M5DBG   ex=55555555 lv=ffffffff issbl=0
M5DBG 0 cyc=85 st=01 iv=0000 pc0=7 ex0=55555555 gvv=0 cls=0 flt=1
M5DBG   ex=55555555 lv=ffffffff issbl=0
M5DBG 0 cyc=86 st=01 iv=0000 pc0=7 ex0=55555555 gvv=0 cls=0 flt=1
M5DBG   ex=55555555 lv=ffffffff issbl=0
M5DBG 0 cyc=87 st=01 iv=0000 pc0=7 ex0=55555555 gvv=0 cls=0 flt=1
M5DBG   ex=55555555 lv=ffffffff issbl=0
M5DBG 0 cyc=88 st=01 iv=0001 pc0=7 ex0=55555555 gvv=1 cls=10 flt=0
M5DBG 0 GRANT gid=0 ctrl=0 vcmp=0 vec=1 sc=0 op=0 pdst=0 cond4=12 pw=ffffffff pc=7  1316864012
M5DBG   ex=55555555 lv=ffffffff issbl=1
M5DBG 0 cyc=89 st=01 iv=0000 pc0=7 ex0=55555555 gvv=0 cls=0 flt=1
M5DBG   ex=55555555 lv=ffffffff issbl=0
M5DBG 0 cyc=90 st=01 iv=0000 pc0=7 ex0=55555555 gvv=0 cls=0 flt=1
M5DBG   ex=55555555 lv=ffffffff issbl=0
M5DBG 0 cyc=91 st=01 iv=0000 pc0=7 ex0=55555555 gvv=0 cls=0 flt=1
M5DBG   ex=55555555 lv=ffffffff issbl=0
M5DBG 0 cyc=92 st=01 iv=0000 pc0=7 ex0=55555555 gvv=0 cls=0 flt=1
M5DBG   ex=55555555 lv=ffffffff issbl=0
M5DBG 0 cyc=93 st=01 iv=0000 pc0=7 ex0=55555555 gvv=0 cls=0 flt=1
M5DBG   ex=55555555 lv=ffffffff issbl=0
M5DBG 0 cyc=94 st=01 iv=0000 pc0=8 ex0=55555555 gvv=0 cls=0 flt=1
M5DBG   ex=55555555 lv=ffffffff issbl=0
M5DBG 0 cyc=95 st=01 iv=0000 pc0=8 ex0=55555555 gvv=0 cls=0 flt=1
M5DBG   ex=55555555 lv=ffffffff issbl=0
M5DBG 0 cyc=96 st=01 iv=0000 pc0=8 ex0=55555555 gvv=0 cls=0 flt=1
M5DBG   ex=55555555 lv=ffffffff issbl=0
M5DBG 0 cyc=97 st=01 iv=0000 pc0=8 ex0=55555555 gvv=0 cls=0 flt=1
M5DBG   ex=55555555 lv=ffffffff issbl=0
M5DBG 0 cyc=98 st=01 iv=0001 pc0=8 ex0=55555555 gvv=1 cls=14 flt=0
M5DBG 0 CTRLGRANT disp=000000 bmod=0000 insn=7c25000000000000 ibuf=7c25000000000000
M5DBG 0 GRANT gid=0 ctrl=1 vcmp=0 vec=0 sc=0 op=1 pdst=0 cond4=0 pw=aaaaaaaa pc=8         0 0
M5DBG   ex=55555555 lv=ffffffff issbl=1
M5ENGIN 0 op=1 sp=1 li=32 tft=01 ph=1 ma=00000000 pc=8
M5DBG 0 cyc=99 st=01 iv=0000 pc0=8 ex0=55555555 gvv=0 cls=0 flt=1
M5DBG   ex=55555555 lv=ffffffff issbl=0
M5ENGIN 0 RESULT done=1 fault=0 pop=1 pc=9 we=1 ex=ffffffff st=0
M5DBG 0 cyc=100 st=01 iv=0000 pc0=8 ex0=55555555 gvv=0 cls=0 flt=1
M5DBG   ex=55555555 lv=ffffffff issbl=0
M5DBG 0 MCDONE d=1 f=0 code=00 own=0 oex=ffffffff osp=0
M5DBG 0 cyc=101 st=01 iv=0000 pc0=9 ex0=ffffffff gvv=0 cls=0 flt=1
M5DBG   ex=ffffffff lv=ffffffff issbl=0
M5DBG 0 cyc=102 st=01 iv=0000 pc0=9 ex0=ffffffff gvv=0 cls=0 flt=1
M5DBG   ex=ffffffff lv=ffffffff issbl=0
M5DBG 0 cyc=103 st=01 iv=0000 pc0=9 ex0=ffffffff gvv=0 cls=0 flt=1
M5DBG   ex=ffffffff lv=ffffffff issbl=0
M5DBG 0 cyc=104 st=01 iv=0000 pc0=9 ex0=ffffffff gvv=0 cls=0 flt=1
M5DBG   ex=ffffffff lv=ffffffff issbl=0
M5DBG 0 cyc=105 st=01 iv=0001 pc0=9 ex0=ffffffff gvv=1 cls=14 flt=0
M5DBG 0 CTRLGRANT disp=000000 bmod=0000 insn=7cf5000000000000 ibuf=7cf5000000000000
M5DBG 0 GRANT gid=0 ctrl=1 vcmp=0 vec=0 sc=0 op=12 pdst=0 cond4=0 pw=aaaaaaaa pc=9         0 0
M5DBG   ex=ffffffff lv=ffffffff issbl=1
M5ENGIN 0 op=12 sp=0 li=32 tft=00 ph=0 ma=00000000 pc=9
M5DBG 0 cyc=106 st=01 iv=0000 pc0=9 ex0=ffffffff gvv=0 cls=0 flt=1
M5DBG   ex=ffffffff lv=ffffffff issbl=0
M5ENGIN 0 RESULT done=1 fault=0 pop=0 pc=0 we=0 ex=ffffffff st=0
M5DBG 0 cyc=107 st=01 iv=0000 pc0=9 ex0=ffffffff gvv=0 cls=0 flt=1
M5DBG   ex=ffffffff lv=ffffffff issbl=0
M5DBG 0 MCDONE d=1 f=0 code=00 own=0 oex=ffffffff osp=0
M5DBG 0 cyc=108 st=01 iv=0000 pc0=9 ex0=ffffffff gvv=0 cls=0 flt=1
M5DBG   ex=ffffffff lv=00000000 issbl=0
[diff /tmp/opencode/m5dir_s_726ggd/ifelse_l8] PASS (0 mismatches)

l8 PASS
[diff /tmp/opencode/m5dir_sc9lhsta/ifelse_l8] PASS (0 mismatches)

l8 PASS
[diff /tmp/opencode/m5dir_ytytontd/ifelse_l8] PASS (0 mismatches)

l8 PASS
[diff /tmp/opencode/m5dir_qdr5kuse/ifelse_l8] PASS (0 mismatches)

l8 PASS
[diff /tmp/opencode/m5dir_tvs19r2h/ifelse_l8] PASS (0 mismatches)

l8 PASS
M5DBG 0 LAUNCH sl=0 entry=0 cw=10 ex=ffffffff
M5DBG 0 cyc=17 st=01 iv=0000 pc0=0 ex0=ffffffff gvv=0 cls=0 flt=1
M5DBG   ex=ffffffff lv=ffffffff issbl=0
M5DBG 0 cyc=18 st=01 iv=0000 pc0=0 ex0=ffffffff gvv=0 cls=0 flt=1
M5DBG   ex=ffffffff lv=ffffffff issbl=0
M5DBG 0 cyc=19 st=01 iv=0000 pc0=0 ex0=ffffffff gvv=0 cls=0 flt=1
M5DBG   ex=ffffffff lv=ffffffff issbl=0
M5DBG 0 cyc=20 st=01 iv=0000 pc0=0 ex0=ffffffff gvv=0 cls=0 flt=1
M5DBG   ex=ffffffff lv=ffffffff issbl=0
M5DBG 0 cyc=21 st=01 iv=0001 pc0=0 ex0=ffffffff gvv=1 cls=13 flt=0
M5DBG 0 GRANT gid=0 ctrl=0 vcmp=0 vec=1 sc=0 op=0 pdst=0 cond4=0 pw=ffffffff pc=0     61440 0
M5DBG   ex=ffffffff lv=ffffffff issbl=1
M5DBG 0 cyc=22 st=01 iv=0000 pc0=0 ex0=ffffffff gvv=0 cls=0 flt=1
M5DBG   ex=ffffffff lv=ffffffff issbl=0
M5DBG 0 cyc=23 st=01 iv=0000 pc0=0 ex0=ffffffff gvv=0 cls=0 flt=1
M5DBG   ex=ffffffff lv=ffffffff issbl=0
M5DBG 0 cyc=24 st=01 iv=0000 pc0=0 ex0=ffffffff gvv=0 cls=0 flt=1
M5DBG   ex=ffffffff lv=ffffffff issbl=0
M5DBG 0 cyc=25 st=01 iv=0000 pc0=0 ex0=ffffffff gvv=0 cls=0 flt=1
M5DBG   ex=ffffffff lv=ffffffff issbl=0
M5DBG 0 cyc=26 st=01 iv=0000 pc0=0 ex0=ffffffff gvv=0 cls=0 flt=1
M5DBG   ex=ffffffff lv=ffffffff issbl=0
M5DBG 0 cyc=27 st=01 iv=0000 pc0=1 ex0=ffffffff gvv=0 cls=0 flt=1
M5DBG   ex=ffffffff lv=ffffffff issbl=0
M5DBG 0 cyc=28 st=01 iv=0000 pc0=1 ex0=ffffffff gvv=0 cls=0 flt=1
M5DBG   ex=ffffffff lv=ffffffff issbl=0
M5DBG 0 cyc=29 st=01 iv=0000 pc0=1 ex0=ffffffff gvv=0 cls=0 flt=1
M5DBG   ex=ffffffff lv=ffffffff issbl=0
M5DBG 0 cyc=30 st=01 iv=0000 pc0=1 ex0=ffffffff gvv=0 cls=0 flt=1
M5DBG   ex=ffffffff lv=ffffffff issbl=0
M5DBG 0 cyc=31 st=01 iv=0001 pc0=1 ex0=ffffffff gvv=1 cls=10 flt=0
M5DBG 0 GRANT gid=0 ctrl=0 vcmp=0 vec=1 sc=0 op=0 pdst=0 cond4=0 pw=ffffffff pc=1    126976 0
M5DBG   ex=ffffffff lv=ffffffff issbl=1
M5DBG 0 cyc=32 st=01 iv=0000 pc0=1 ex0=ffffffff gvv=0 cls=0 flt=1
M5DBG   ex=ffffffff lv=ffffffff issbl=0
M5DBG 0 cyc=33 st=01 iv=0000 pc0=1 ex0=ffffffff gvv=0 cls=0 flt=1
M5DBG   ex=ffffffff lv=ffffffff issbl=0
M5DBG 0 cyc=34 st=01 iv=0000 pc0=1 ex0=ffffffff gvv=0 cls=0 flt=1
M5DBG   ex=ffffffff lv=ffffffff issbl=0
M5DBG 0 cyc=35 st=01 iv=0000 pc0=1 ex0=ffffffff gvv=0 cls=0 flt=1
M5DBG   ex=ffffffff lv=ffffffff issbl=0
M5DBG 0 cyc=36 st=01 iv=0000 pc0=1 ex0=ffffffff gvv=0 cls=0 flt=1
M5DBG   ex=ffffffff lv=ffffffff issbl=0
M5DBG 0 cyc=37 st=01 iv=0000 pc0=2 ex0=ffffffff gvv=0 cls=0 flt=1
M5DBG   ex=ffffffff lv=ffffffff issbl=0
M5DBG 0 cyc=38 st=01 iv=0000 pc0=2 ex0=ffffffff gvv=0 cls=0 flt=1
M5DBG   ex=ffffffff lv=ffffffff issbl=0
M5DBG 0 cyc=39 st=01 iv=0000 pc0=2 ex0=ffffffff gvv=0 cls=0 flt=1
M5DBG   ex=ffffffff lv=ffffffff issbl=0
M5DBG 0 cyc=40 st=01 iv=0001 pc0=2 ex0=ffffffff gvv=1 cls=11 flt=0
M5DBG 0 GRANT gid=0 ctrl=0 vcmp=0 vec=1 sc=0 op=0 pdst=0 cond4=0 pw=ffffffff pc=2 117501952 0
M5DBG   ex=ffffffff lv=ffffffff issbl=1
M5DBG 0 cyc=41 st=01 iv=0000 pc0=2 ex0=ffffffff gvv=0 cls=0 flt=1
M5DBG   ex=ffffffff lv=ffffffff issbl=0
M5DBG 0 cyc=42 st=01 iv=0000 pc0=2 ex0=ffffffff gvv=0 cls=0 flt=1
M5DBG   ex=ffffffff lv=ffffffff issbl=0
M5DBG 0 cyc=43 st=01 iv=0000 pc0=2 ex0=ffffffff gvv=0 cls=0 flt=1
M5DBG   ex=ffffffff lv=ffffffff issbl=0
M5DBG 0 cyc=44 st=01 iv=0000 pc0=2 ex0=ffffffff gvv=0 cls=0 flt=1
M5DBG   ex=ffffffff lv=ffffffff issbl=0
M5DBG 0 cyc=45 st=01 iv=0000 pc0=2 ex0=ffffffff gvv=0 cls=0 flt=1
M5DBG   ex=ffffffff lv=ffffffff issbl=0
M5DBG 0 cyc=46 st=01 iv=0000 pc0=3 ex0=ffffffff gvv=0 cls=0 flt=1
M5DBG   ex=ffffffff lv=ffffffff issbl=0
M5DBG 0 cyc=47 st=01 iv=0000 pc0=3 ex0=ffffffff gvv=0 cls=0 flt=1
M5DBG   ex=ffffffff lv=ffffffff issbl=0
M5DBG 0 cyc=48 st=01 iv=0000 pc0=3 ex0=ffffffff gvv=0 cls=0 flt=1
M5DBG   ex=ffffffff lv=ffffffff issbl=0
M5DBG 0 cyc=49 st=01 iv=0000 pc0=3 ex0=ffffffff gvv=0 cls=0 flt=1
M5DBG   ex=ffffffff lv=ffffffff issbl=0
M5DBG 0 cyc=50 st=01 iv=0001 pc0=3 ex0=ffffffff gvv=1 cls=15 flt=0
M5DBG 0 GRANT gid=0 ctrl=0 vcmp=1 vec=0 sc=0 op=0 pdst=0 cond4=0 pw=00000000 pc=31879048192 0
M5DBG   ex=ffffffff lv=ffffffff issbl=1
M5DBG 0 cyc=51 st=01 iv=0000 pc0=3 ex0=ffffffff gvv=0 cls=0 flt=1
M5DBG   ex=ffffffff lv=ffffffff issbl=0
M5DBG 0 cyc=52 st=01 iv=0000 pc0=3 ex0=ffffffff gvv=0 cls=0 flt=1
M5DBG   ex=ffffffff lv=ffffffff issbl=0
M5DBG 0 cyc=53 st=01 iv=0000 pc0=3 ex0=ffffffff gvv=0 cls=0 flt=1
M5DBG   ex=ffffffff lv=ffffffff issbl=0
M5DBG 0 cyc=54 st=01 iv=0000 pc0=3 ex0=ffffffff gvv=0 cls=0 flt=1
M5DBG   ex=ffffffff lv=ffffffff issbl=0
M5DBG 0 cyc=55 st=01 iv=0000 pc0=3 ex0=ffffffff gvv=0 cls=0 flt=1
M5DBG   ex=ffffffff lv=ffffffff issbl=0
M5DBG 0 cyc=56 st=01 iv=0000 pc0=4 ex0=ffffffff gvv=0 cls=0 flt=1
M5DBG   ex=ffffffff lv=ffffffff issbl=0
M5DBG 0 cyc=57 st=01 iv=0000 pc0=4 ex0=ffffffff gvv=0 cls=0 flt=1
M5DBG   ex=ffffffff lv=ffffffff issbl=0
M5DBG 0 cyc=58 st=01 iv=0000 pc0=4 ex0=ffffffff gvv=0 cls=0 flt=1
M5DBG   ex=ffffffff lv=ffffffff issbl=0
M5DBG 0 cyc=59 st=01 iv=0000 pc0=4 ex0=ffffffff gvv=0 cls=0 flt=1
M5DBG   ex=ffffffff lv=ffffffff issbl=0
M5DBG 0 cyc=60 st=01 iv=0000 pc0=4 ex0=ffffffff gvv=0 cls=0 flt=1
M5DBG   ex=ffffffff lv=ffffffff issbl=0
M5DEC 0 insn=7c15000002000003 cond4=0
M5DBG 0 cyc=61 st=01 iv=0001 pc0=4 ex0=ffffffff gvv=1 cls=14 flt=0
M5DBG 0 CTRLGRANT disp=000002 bmod=0003 insn=7c15000002000003 ibuf=7c15000002000003
M5DBG 0 GRANT gid=0 ctrl=1 vcmp=0 vec=0 sc=0 op=0 pdst=0 cond4=0 pw=aaaaaaaa pc=4  33554435 0
M5DBG   ex=ffffffff lv=ffffffff issbl=1
M5DEC 0 insn=7c15000002000003 cond4=0
M5ENGIN CBR dsp=2 bmod=0003 tgtE=7 tgtR=8
M5ENGIN 0 op=0 sp=0 li=32 tft=00 ph=0 ma=00000000 pc=4
M5DBG 0 cyc=62 st=01 iv=0000 pc0=4 ex0=ffffffff gvv=0 cls=0 flt=1
M5DBG   ex=ffffffff lv=ffffffff issbl=0
M5DEC 0 insn=7c15000002000003 cond4=0
M5ENGIN 0 RESULT done=1 fault=0 pop=0 pc=5 we=1 ex=aaaaaaaa st=0
M5DBG 0 cyc=63 st=01 iv=0000 pc0=4 ex0=ffffffff gvv=0 cls=0 flt=1
M5DBG   ex=ffffffff lv=ffffffff issbl=0
M5DBG 0 MCDONE d=1 f=0 code=00 own=0 oex=aaaaaaaa osp=1
M5DEC 0 insn=7c15000002000003 cond4=0
M5DBG 0 cyc=64 st=01 iv=0000 pc0=5 ex0=aaaaaaaa gvv=0 cls=0 flt=1
M5DBG   ex=aaaaaaaa lv=ffffffff issbl=0
M5DEC 0 insn=7c15000002000003 cond4=0
M5DBG 0 cyc=65 st=01 iv=0000 pc0=5 ex0=aaaaaaaa gvv=0 cls=0 flt=1
M5DBG   ex=aaaaaaaa lv=ffffffff issbl=0
M5DEC 0 insn=7c15000002000003 cond4=0
M5DBG 0 cyc=66 st=01 iv=0000 pc0=5 ex0=aaaaaaaa gvv=0 cls=0 flt=1
M5DBG   ex=aaaaaaaa lv=ffffffff issbl=0
M5DBG 0 cyc=67 st=01 iv=0001 pc0=5 ex0=aaaaaaaa gvv=1 cls=10 flt=0
M5DBG 0 GRANT gid=0 ctrl=0 vcmp=0 vec=1 sc=0 op=0 pdst=0 cond4=6 pw=ffffffff pc=5   6615040 6
M5DBG   ex=aaaaaaaa lv=ffffffff issbl=1
M5DBG 0 cyc=68 st=01 iv=0000 pc0=5 ex0=aaaaaaaa gvv=0 cls=0 flt=1
M5DBG   ex=aaaaaaaa lv=ffffffff issbl=0
M5DBG 0 cyc=69 st=01 iv=0000 pc0=5 ex0=aaaaaaaa gvv=0 cls=0 flt=1
M5DBG   ex=aaaaaaaa lv=ffffffff issbl=0
M5DBG 0 cyc=70 st=01 iv=0000 pc0=5 ex0=aaaaaaaa gvv=0 cls=0 flt=1
M5DBG   ex=aaaaaaaa lv=ffffffff issbl=0
M5DBG 0 cyc=71 st=01 iv=0000 pc0=5 ex0=aaaaaaaa gvv=0 cls=0 flt=1
M5DBG   ex=aaaaaaaa lv=ffffffff issbl=0
M5DBG 0 cyc=72 st=01 iv=0000 pc0=5 ex0=aaaaaaaa gvv=0 cls=0 flt=1
M5DBG   ex=aaaaaaaa lv=ffffffff issbl=0
M5DBG 0 cyc=73 st=01 iv=0000 pc0=6 ex0=aaaaaaaa gvv=0 cls=0 flt=1
M5DBG   ex=aaaaaaaa lv=ffffffff issbl=0
M5DBG 0 cyc=74 st=01 iv=0000 pc0=6 ex0=aaaaaaaa gvv=0 cls=0 flt=1
M5DBG   ex=aaaaaaaa lv=ffffffff issbl=0
M5DBG 0 cyc=75 st=01 iv=0000 pc0=6 ex0=aaaaaaaa gvv=0 cls=0 flt=1
M5DBG   ex=aaaaaaaa lv=ffffffff issbl=0
M5DBG 0 cyc=76 st=01 iv=0001 pc0=6 ex0=aaaaaaaa gvv=1 cls=5 flt=0
M5DBG 0 GRANT gid=0 ctrl=0 vcmp=0 vec=0 sc=1 op=0 pdst=0 cond4=0 pw=ffffffff pc=6  16777216 0
M5DBG   ex=aaaaaaaa lv=ffffffff issbl=1
M5DBG 0 cyc=77 st=01 iv=0000 pc0=8 ex0=aaaaaaaa gvv=0 cls=0 flt=1
M5DBG   ex=aaaaaaaa lv=ffffffff issbl=0
M5DBG 0 cyc=78 st=01 iv=0000 pc0=8 ex0=aaaaaaaa gvv=0 cls=0 flt=1
M5DBG   ex=aaaaaaaa lv=ffffffff issbl=0
M5DBG 0 cyc=79 st=01 iv=0000 pc0=8 ex0=aaaaaaaa gvv=0 cls=0 flt=1
M5DBG   ex=aaaaaaaa lv=ffffffff issbl=0
M5DBG 0 cyc=80 st=01 iv=0000 pc0=8 ex0=aaaaaaaa gvv=0 cls=0 flt=1
M5DBG   ex=aaaaaaaa lv=ffffffff issbl=0
M5DBG 0 cyc=81 st=01 iv=0001 pc0=8 ex0=aaaaaaaa gvv=1 cls=14 flt=0
M5DBG 0 CTRLGRANT disp=000000 bmod=0000 insn=7c25000000000000 ibuf=7c25000000000000
M5DBG 0 GRANT gid=0 ctrl=1 vcmp=0 vec=0 sc=0 op=1 pdst=0 cond4=0 pw=aaaaaaaa pc=8         0 0
M5DBG   ex=aaaaaaaa lv=ffffffff issbl=1
M5ENGIN 0 op=1 sp=1 li=32 tft=01 ph=0 ma=55555555 pc=8
M5DBG 0 cyc=82 st=01 iv=0000 pc0=8 ex0=aaaaaaaa gvv=0 cls=0 flt=1
M5DBG   ex=aaaaaaaa lv=ffffffff issbl=0
M5ENGIN 0 RESULT done=1 fault=0 pop=0 pc=7 we=1 ex=55555555 st=0
M5DBG 0 cyc=83 st=01 iv=0000 pc0=8 ex0=aaaaaaaa gvv=0 cls=0 flt=1
M5DBG   ex=aaaaaaaa lv=ffffffff issbl=0
M5DBG 0 MCDONE d=1 f=0 code=00 own=0 oex=55555555 osp=1
M5DBG 0 cyc=84 st=01 iv=0000 pc0=7 ex0=55555555 gvv=0 cls=0 flt=1
M5DBG   ex=55555555 lv=ffffffff issbl=0
M5DBG 0 cyc=85 st=01 iv=0000 pc0=7 ex0=55555555 gvv=0 cls=0 flt=1
M5DBG   ex=55555555 lv=ffffffff issbl=0
M5DBG 0 cyc=86 st=01 iv=0000 pc0=7 ex0=55555555 gvv=0 cls=0 flt=1
M5DBG   ex=55555555 lv=ffffffff issbl=0
M5DBG 0 cyc=87 st=01 iv=0000 pc0=7 ex0=55555555 gvv=0 cls=0 flt=1
M5DBG   ex=55555555 lv=ffffffff issbl=0
M5DBG 0 cyc=88 st=01 iv=0001 pc0=7 ex0=55555555 gvv=1 cls=10 flt=0
M5DBG 0 GRANT gid=0 ctrl=0 vcmp=0 vec=1 sc=0 op=0 pdst=0 cond4=12 pw=ffffffff pc=7  1316864012
M5DBG   ex=55555555 lv=ffffffff issbl=1
M5DBG 0 cyc=89 st=01 iv=0000 pc0=7 ex0=55555555 gvv=0 cls=0 flt=1
M5DBG   ex=55555555 lv=ffffffff issbl=0
M5DBG 0 cyc=90 st=01 iv=0000 pc0=7 ex0=55555555 gvv=0 cls=0 flt=1
M5DBG   ex=55555555 lv=ffffffff issbl=0
M5DBG 0 cyc=91 st=01 iv=0000 pc0=7 ex0=55555555 gvv=0 cls=0 flt=1
M5DBG   ex=55555555 lv=ffffffff issbl=0
M5DBG 0 cyc=92 st=01 iv=0000 pc0=7 ex0=55555555 gvv=0 cls=0 flt=1
M5DBG   ex=55555555 lv=ffffffff issbl=0
M5DBG 0 cyc=93 st=01 iv=0000 pc0=7 ex0=55555555 gvv=0 cls=0 flt=1
M5DBG   ex=55555555 lv=ffffffff issbl=0
M5DBG 0 cyc=94 st=01 iv=0000 pc0=8 ex0=55555555 gvv=0 cls=0 flt=1
M5DBG   ex=55555555 lv=ffffffff issbl=0
M5DBG 0 cyc=95 st=01 iv=0000 pc0=8 ex0=55555555 gvv=0 cls=0 flt=1
M5DBG   ex=55555555 lv=ffffffff issbl=0
M5DBG 0 cyc=96 st=01 iv=0000 pc0=8 ex0=55555555 gvv=0 cls=0 flt=1
M5DBG   ex=55555555 lv=ffffffff issbl=0
M5DBG 0 cyc=97 st=01 iv=0000 pc0=8 ex0=55555555 gvv=0 cls=0 flt=1
M5DBG   ex=55555555 lv=ffffffff issbl=0
M5DBG 0 cyc=98 st=01 iv=0001 pc0=8 ex0=55555555 gvv=1 cls=14 flt=0
M5DBG 0 CTRLGRANT disp=000000 bmod=0000 insn=7c25000000000000 ibuf=7c25000000000000
M5DBG 0 GRANT gid=0 ctrl=1 vcmp=0 vec=0 sc=0 op=1 pdst=0 cond4=0 pw=aaaaaaaa pc=8         0 0
M5DBG   ex=55555555 lv=ffffffff issbl=1
M5ENGIN 0 op=1 sp=1 li=32 tft=01 ph=1 ma=00000000 pc=8
M5DBG 0 cyc=99 st=01 iv=0000 pc0=8 ex0=55555555 gvv=0 cls=0 flt=1
M5DBG   ex=55555555 lv=ffffffff issbl=0
M5ENGIN 0 RESULT done=1 fault=0 pop=1 pc=9 we=1 ex=ffffffff st=0
M5DBG 0 cyc=100 st=01 iv=0000 pc0=8 ex0=55555555 gvv=0 cls=0 flt=1
M5DBG   ex=55555555 lv=ffffffff issbl=0
M5DBG 0 MCDONE d=1 f=0 code=00 own=0 oex=ffffffff osp=0
M5DBG 0 cyc=101 st=01 iv=0000 pc0=9 ex0=ffffffff gvv=0 cls=0 flt=1
M5DBG   ex=ffffffff lv=ffffffff issbl=0
M5DBG 0 cyc=102 st=01 iv=0000 pc0=9 ex0=ffffffff gvv=0 cls=0 flt=1
M5DBG   ex=ffffffff lv=ffffffff issbl=0
M5DBG 0 cyc=103 st=01 iv=0000 pc0=9 ex0=ffffffff gvv=0 cls=0 flt=1
M5DBG   ex=ffffffff lv=ffffffff issbl=0
M5DBG 0 cyc=104 st=01 iv=0000 pc0=9 ex0=ffffffff gvv=0 cls=0 flt=1
M5DBG   ex=ffffffff lv=ffffffff issbl=0
M5DBG 0 cyc=105 st=01 iv=0001 pc0=9 ex0=ffffffff gvv=1 cls=14 flt=0
M5DBG 0 CTRLGRANT disp=000000 bmod=0000 insn=7cf5000000000000 ibuf=7cf5000000000000
M5DBG 0 GRANT gid=0 ctrl=1 vcmp=0 vec=0 sc=0 op=12 pdst=0 cond4=0 pw=aaaaaaaa pc=9         0 0
M5DBG   ex=ffffffff lv=ffffffff issbl=1
M5ENGIN 0 op=12 sp=0 li=32 tft=00 ph=0 ma=00000000 pc=9
M5DBG 0 cyc=106 st=01 iv=0000 pc0=9 ex0=ffffffff gvv=0 cls=0 flt=1
M5DBG   ex=ffffffff lv=ffffffff issbl=0
M5ENGIN 0 RESULT done=1 fault=0 pop=0 pc=0 we=0 ex=ffffffff st=0
M5DBG 0 cyc=107 st=01 iv=0000 pc0=9 ex0=ffffffff gvv=0 cls=0 flt=1
M5DBG   ex=ffffffff lv=ffffffff issbl=0
M5DBG 0 MCDONE d=1 f=0 code=00 own=0 oex=ffffffff osp=0
M5DBG 0 cyc=108 st=01 iv=0000 pc0=9 ex0=ffffffff gvv=0 cls=0 flt=1
M5DBG   ex=ffffffff lv=00000000 issbl=0
[diff /tmp/opencode/m5dir_qe1on6om/ifelse_l8] PASS (0 mismatches)

l8 PASS
[diff /tmp/opencode/m5dir_5wm9bfu4/ifelse_l8] PASS (0 mismatches)

l8 PASS
TBPW w=0 addr=0 val=aaaaaaaa
TBPRE pre-P1=00000000 kind=0
TBPRE pre-P1=00000000 kind=1
TBPRE pre-P1=00000000 kind=1
TBPRE pre-P1=00000000 kind=12
[diff /tmp/opencode/m5dir_dh85o2ru/ifelse_l8] PASS (0 mismatches)

l4 PASS
[diff /tmp/opencode/m5dir_xevuzaju/ifelse_l4] PASS (0 mismatches)

l8 PASS
TBPW w=0 addr=0 val=aaaaaaaa
TBPRE pre-P1=00000000 kind=0
TBPRE pre-P1=00000000 kind=1
TBPRE pre-P1=00000000 kind=1
TBPRE pre-P1=00000000 kind=12
[diff /tmp/opencode/m5dir_xevuzaju/ifelse_l8] PASS (0 mismatches)

l16 PASS
[diff /tmp/opencode/m5dir_xevuzaju/ifelse_l16] PASS (0 mismatches)

l32 PASS
[diff /tmp/opencode/m5dir_xevuzaju/ifelse_l32] PASS (0 mismatches)

l8 FAIL
TBPW w=0 addr=0 val=aaaaaaaa
TBPRE pre-P1=00000000 kind=0
TBPRE pre-P1=00000000 kind=1
TBPRE pre-P1=00000000 kind=1
TBPRE pre-P1=00000000 kind=12
DONE mismatch:
 G:0 DONE retired=11 fault=0 code=00 pc=9 live=00000000
 R:DONE retired=11 fault=0 code=00 pc=9 live=00000000
[diff /tmp/opencode/m5dir_8ozsr4sj/ifelse_l8] FAIL (1 mismatches)

l8 FAIL
TBPW w=0 addr=0 val=aaaaaaaa
TBPRE pre-P1=00000000 kind=0
TBPRE pre-P1=00000000 kind=1
TBPRE pre-P1=00000000 kind=1
TBPRE pre-P1=00000000 kind=12
DONE mismatch:
 G:0 DONE retired=11 fault=0 code=00 pc=9 live=00000000
 R:DONE retired=11 fault=0 code=00 pc=9 live=00000000
[diff /tmp/opencode/m5dir_clx76wgv/ifelse_l8] FAIL (1 mismatches)

l8 FAIL
TBPW w=0 addr=0 val=aaaaaaaa
TBPRE pre-P1=00000000 kind=0
TBPRE pre-P1=00000000 kind=1
TBPRE pre-P1=00000000 kind=1
TBPRE pre-P1=00000000 kind=12
DONE mismatch:
 G:0 DONE retired=11 fault=0 code=00 pc=9 live=00000000
 R:DONE retired=11 fault=0 code=00 pc=9 live=00000000
[diff /tmp/opencode/m5dir_eimu630l/ifelse_l8] FAIL (1 mismatches)

l8 PASS
TBPW w=0 addr=0 val=aaaaaaaa
TBCTRL pc=4 op=7c1 cond=0 P=aaaaaaaa
TBPRE pre-P1=00000000 kind=0
TBCTRL pc=8 op=7c2 cond=0 P=aaaaaaaa
TBPRE pre-P1=00000000 kind=1
TBCTRL pc=8 op=7c2 cond=0 P=aaaaaaaa
TBPRE pre-P1=00000000 kind=1
TBCTRL pc=9 op=7cf cond=0 P=aaaaaaaa
TBPRE pre-P1=00000000 kind=12
[diff /tmp/opencode/m5dir_l22m_1qq/ifelse_l8] PASS (0 mismatches)

l8 PASS
TBPW w=0 addr=0 val=aaaaaaaa
TBCTRL pc=4 op=7c1 cond=0 P=aaaaaaaa
TBPRE pre-P1=00000000 kind=0
TBCTRL pc=8 op=7c2 cond=0 P=aaaaaaaa
TBPRE pre-P1=00000000 kind=1
TBCTRL pc=8 op=7c2 cond=0 P=aaaaaaaa
TBPRE pre-P1=00000000 kind=1
TBCTRL pc=9 op=7cf cond=0 P=aaaaaaaa
TBPRE pre-P1=00000000 kind=12
[diff /tmp/opencode/m5dir_rkxqrkmm/ifelse_l8] PASS (0 mismatches)

l4 PASS
TBPW w=0 addr=0 val=aaaaaaaa
TBCTRL pc=4 op=7c1 cond=0 P=aaaaaaaa
TBPRE pre-P1=00000000 kind=0
TBCTRL pc=8 op=7c2 cond=0 P=aaaaaaaa
TBPRE pre-P1=00000000 kind=1
TBCTRL pc=8 op=7c2 cond=0 P=aaaaaaaa
TBPRE pre-P1=00000000 kind=1
TBCTRL pc=9 op=7cf cond=0 P=aaaaaaaa
TBPRE pre-P1=00000000 kind=12
[diff /tmp/opencode/m5dir_oyyw9e1x/ifelse_l4] PASS (0 mismatches)

l8 PASS
TBPW w=0 addr=0 val=aaaaaaaa
TBCTRL pc=4 op=7c1 cond=0 P=aaaaaaaa
TBPRE pre-P1=00000000 kind=0
TBCTRL pc=8 op=7c2 cond=0 P=aaaaaaaa
TBPRE pre-P1=00000000 kind=1
TBCTRL pc=8 op=7c2 cond=0 P=aaaaaaaa
TBPRE pre-P1=00000000 kind=1
TBCTRL pc=9 op=7cf cond=0 P=aaaaaaaa
TBPRE pre-P1=00000000 kind=12
[diff /tmp/opencode/m5dir_oyyw9e1x/ifelse_l8] PASS (0 mismatches)

l16 PASS
TBPW w=0 addr=0 val=aaaaaaaa
TBCTRL pc=4 op=7c1 cond=0 P=aaaaaaaa
TBPRE pre-P1=00000000 kind=0
TBCTRL pc=8 op=7c2 cond=0 P=aaaaaaaa
TBPRE pre-P1=00000000 kind=1
TBCTRL pc=8 op=7c2 cond=0 P=aaaaaaaa
TBPRE pre-P1=00000000 kind=1
TBCTRL pc=9 op=7cf cond=0 P=aaaaaaaa
TBPRE pre-P1=00000000 kind=12
[diff /tmp/opencode/m5dir_oyyw9e1x/ifelse_l16] PASS (0 mismatches)

l32 PASS
TBPW w=0 addr=0 val=aaaaaaaa
TBCTRL pc=4 op=7c1 cond=0 P=aaaaaaaa
TBPRE pre-P1=00000000 kind=0
TBCTRL pc=8 op=7c2 cond=0 P=aaaaaaaa
TBPRE pre-P1=00000000 kind=1
TBCTRL pc=8 op=7c2 cond=0 P=aaaaaaaa
TBPRE pre-P1=00000000 kind=1
TBCTRL pc=9 op=7cf cond=0 P=aaaaaaaa
TBPRE pre-P1=00000000 kind=12
[diff /tmp/opencode/m5dir_oyyw9e1x/ifelse_l32] PASS (0 mismatches)

l8 PASS
TBPW w=0 addr=0 val=aaaaaaaa
TBCTRL pc=4 op=7c1 cond=0 P=aaaaaaaa
TBPRE pre-P1=00000000 kind=0
TBCTRL pc=8 op=7c2 cond=0 P=aaaaaaaa
TBPRE pre-P1=00000000 kind=1
TBCTRL pc=8 op=7c2 cond=0 P=aaaaaaaa
TBPRE pre-P1=00000000 kind=1
TBCTRL pc=9 op=7cf cond=0 P=aaaaaaaa
TBPRE pre-P1=00000000 kind=12
[diff /tmp/opencode/m5dir_6kyb31jg/ifelse_l8] PASS (0 mismatches)

l8 PASS
TBPW w=0 addr=0 val=aaaaaaaa
TBCTRL pc=4 op=7c1 cond=0 P=aaaaaaaa
TBPRE pre-P1=00000000 kind=0
TBCTRL pc=8 op=7c2 cond=0 P=aaaaaaaa
TBPRE pre-P1=00000000 kind=1
TBCTRL pc=8 op=7c2 cond=0 P=aaaaaaaa
TBPRE pre-P1=00000000 kind=1
TBCTRL pc=9 op=7cf cond=0 P=aaaaaaaa
TBPRE pre-P1=00000000 kind=12
[diff /tmp/opencode/m5dir_dhun9xl9/ifelse_l8] PASS (0 mismatches)

l4 PASS
TBPW w=0 addr=0 val=aaaaaaaa
TBCTRL pc=4 op=7c1 cond=0 P=aaaaaaaa
TBPRE pre-P1=00000000 kind=0
TBCTRL pc=8 op=7c2 cond=0 P=aaaaaaaa
TBPRE pre-P1=00000000 kind=1
TBCTRL pc=8 op=7c2 cond=0 P=aaaaaaaa
TBPRE pre-P1=00000000 kind=1
TBCTRL pc=9 op=7cf cond=0 P=aaaaaaaa
TBPRE pre-P1=00000000 kind=12
[diff /tmp/opencode/m5dir_nat7zbi1/ifelse_l4] PASS (0 mismatches)

l16 PASS
TBPW w=0 addr=0 val=aaaaaaaa
TBCTRL pc=4 op=7c1 cond=0 P=aaaaaaaa
TBPRE pre-P1=00000000 kind=0
TBCTRL pc=8 op=7c2 cond=0 P=aaaaaaaa
TBPRE pre-P1=00000000 kind=1
TBCTRL pc=8 op=7c2 cond=0 P=aaaaaaaa
TBPRE pre-P1=00000000 kind=1
TBCTRL pc=9 op=7cf cond=0 P=aaaaaaaa
TBPRE pre-P1=00000000 kind=12
[diff /tmp/opencode/m5dir_igbe31n5/ifelse_l16] PASS (0 mismatches)

l32 PASS
TBPW w=0 addr=0 val=aaaaaaaa
TBCTRL pc=4 op=7c1 cond=0 P=aaaaaaaa
TBPRE pre-P1=00000000 kind=0
TBCTRL pc=8 op=7c2 cond=0 P=aaaaaaaa
TBPRE pre-P1=00000000 kind=1
TBCTRL pc=8 op=7c2 cond=0 P=aaaaaaaa
TBPRE pre-P1=00000000 kind=1
TBCTRL pc=9 op=7cf cond=0 P=aaaaaaaa
TBPRE pre-P1=00000000 kind=12
[diff /tmp/opencode/m5dir_zzhpohij/ifelse_l32] PASS (0 mismatches)

l8 FAIL
TBPW w=0 addr=0 val=aaaaaaaa
TBCTRL pc=4 op=7c1 cond=0 P=aaaaaaaa
TBPRE pre-P1=00000000 kind=0
TBCTRL pc=8 op=7c2 cond=0 P=aaaaaaaa
TBPRE pre-P1=00000000 kind=1
TBCTRL pc=8 op=7c2 cond=0 P=aaaaaaaa
TBPRE pre-P1=00000000 kind=1
TBCTRL pc=9 op=7cf cond=0 P=aaaaaaaa
TBPRE pre-P1=00000000 kind=12
MISMATCH state line 6
  A: VGPR 00 00000000 00000000 00000000 00000000 00000000 00000000 00000000 00000000 00000000 00000000 00000000 00000000 00000000 00000000 00000000 00000000 00000000 00000000 00000000 00000000 00000000 00000000 00000000 00000000 00000000 00000000 00000000 00000000 00000000 00000000 00000000 00000000
  B: VGPR 00 00000000 00000001 00000002 00000003 00000004 00000005 00000006 00000007 00000008 00000009 0000000a 0000000b 0000000c 0000000d 0000000e 0000000f 00000010 00000011 00000012 00000013 00000014 00000015 00000016 00000017 00000018 00000019 0000001a 0000001b 0000001c 0000001d 0000001e 0000001f
MISMATCH state line 8
  A: VGPR 02 00000000 00000001 00000000 00000001 00000000 00000001 00000000 00000001 00000000 00000001 00000000 00000001 00000000 00000001 00000000 00000001 00000000 00000001 00000000 00000001 00000000 00000001 00000000 00000001 00000000 00000001 00000000 00000001 00000000 00000001 00000000 00000001
  B: VGPR 02 000000c8 00000064 000000c8 00000064 000000c8 00000064 000000c8 00000064 000000c8 00000064 000000c8 00000064 000000c8 00000064 000000c8 00000064 000000c8 00000064 000000c8 00000064 000000c8 00000064 000000c8 00000064 000000c8 00000064 000000c8 00000064 000000c8 00000064 000000c8 00000064
MISMATCH state line 12
  A: VGPR 06 00000000 00000000 00000000 00000000 00000000 00000000 00000000 00000000 00000000 00000000 00000000 00000000 00000000 00000000 00000000 00000000 00000000 00000000 00000000 00000000 00000000 00000000 00000000 00000000 00000000 00000000 00000000 00000000 00000000 00000000 00000000 00000000
  B: VGPR 06 00000001 00000001 00000001 00000001 00000001 00000001 00000001 00000001 00000001 00000001 00000001 00000001 00000001 00000001 00000001 00000001 00000001 00000001 00000001 00000001 00000001 00000001 00000001 00000001 00000001 00000001 00000001 00000001 00000001 00000001 00000001 00000001
[diff /tmp/opencode/m5dir_rfwgwaqq/ifelse_l8] FAIL (3 mismatches)

l8 FAIL
TBPW w=0 addr=0 val=aaaaaaaa
TBCTRL pc=4 op=7c1 cond=0 P=aaaaaaaa
TBPRE pre-P1=00000000 kind=0
TBCTRL pc=8 op=7c2 cond=0 P=aaaaaaaa
TBPRE pre-P1=00000000 kind=1
TBCTRL pc=8 op=7c2 cond=0 P=aaaaaaaa
TBPRE pre-P1=00000000 kind=1
TBCTRL pc=9 op=7cf cond=0 P=aaaaaaaa
TBPRE pre-P1=00000000 kind=12
MISMATCH state line 6
  A: VGPR 00 00000000 00000000 00000000 00000000 00000000 00000000 00000000 00000000 00000000 00000000 00000000 00000000 00000000 00000000 00000000 00000000 00000000 00000000 00000000 00000000 00000000 00000000 00000000 00000000 00000000 00000000 00000000 00000000 00000000 00000000 00000000 00000000
  B: VGPR 00 00000000 00000001 00000002 00000003 00000004 00000005 00000006 00000007 00000008 00000009 0000000a 0000000b 0000000c 0000000d 0000000e 0000000f 00000010 00000011 00000012 00000013 00000014 00000015 00000016 00000017 00000018 00000019 0000001a 0000001b 0000001c 0000001d 0000001e 0000001f
MISMATCH state line 8
  A: VGPR 02 00000000 00000001 00000000 00000001 00000000 00000001 00000000 00000001 00000000 00000001 00000000 00000001 00000000 00000001 00000000 00000001 00000000 00000001 00000000 00000001 00000000 00000001 00000000 00000001 00000000 00000001 00000000 00000001 00000000 00000001 00000000 00000001
  B: VGPR 02 000000c8 00000064 000000c8 00000064 000000c8 00000064 000000c8 00000064 000000c8 00000064 000000c8 00000064 000000c8 00000064 000000c8 00000064 000000c8 00000064 000000c8 00000064 000000c8 00000064 000000c8 00000064 000000c8 00000064 000000c8 00000064 000000c8 00000064 000000c8 00000064
MISMATCH state line 12
  A: VGPR 06 00000000 00000000 00000000 00000000 00000000 00000000 00000000 00000000 00000000 00000000 00000000 00000000 00000000 00000000 00000000 00000000 00000000 00000000 00000000 00000000 00000000 00000000 00000000 00000000 00000000 00000000 00000000 00000000 00000000 00000000 00000000 00000000
  B: VGPR 06 00000001 00000001 00000001 00000001 00000001 00000001 00000001 00000001 00000001 00000001 00000001 00000001 00000001 00000001 00000001 00000001 00000001 00000001 00000001 00000001 00000001 00000001 00000001 00000001 00000001 00000001 00000001 00000001 00000001 00000001 00000001 00000001
[diff /tmp/opencode/m5dir_yiwp87ak/ifelse_l8] FAIL (3 mismatches)

l8 PASS
TBPW w=0 addr=0 val=aaaaaaaa
TBCTRL pc=4 op=7c1 cond=0 P=aaaaaaaa
TBPRE pre-P1=00000000 kind=0
TBCTRL pc=8 op=7c2 cond=0 P=aaaaaaaa
TBPRE pre-P1=00000000 kind=1
TBCTRL pc=8 op=7c2 cond=0 P=aaaaaaaa
TBPRE pre-P1=00000000 kind=1
TBCTRL pc=9 op=7cf cond=0 P=aaaaaaaa
TBPRE pre-P1=00000000 kind=12
[diff /tmp/opencode/m5dir_mfu9mpwd/ifelse_l8] PASS (0 mismatches)

l8 PASS
TBPW w=0 addr=0 val=aaaaaaaa
TBCTRL pc=4 op=7c1 cond=0 P=aaaaaaaa
TBPRE pre-P1=00000000 kind=0
TBCTRL pc=8 op=7c2 cond=0 P=aaaaaaaa
TBPRE pre-P1=00000000 kind=1
TBCTRL pc=8 op=7c2 cond=0 P=aaaaaaaa
TBPRE pre-P1=00000000 kind=1
TBCTRL pc=9 op=7cf cond=0 P=aaaaaaaa
TBPRE pre-P1=00000000 kind=12
[diff /tmp/opencode/m5dir_gxmnke16/ifelse_l8] PASS (0 mismatches)

l8 PASS
TBPW w=0 addr=0 val=aaaaaaaa
TBCTRL pc=4 op=7c1 cond=0 P=aaaaaaaa
TBPRE pre-P1=00000000 kind=0
TBCTRL pc=8 op=7c2 cond=0 P=aaaaaaaa
TBPRE pre-P1=00000000 kind=1
TBCTRL pc=8 op=7c2 cond=0 P=aaaaaaaa
TBPRE pre-P1=00000000 kind=1
TBCTRL pc=9 op=7cf cond=0 P=aaaaaaaa
TBPRE pre-P1=00000000 kind=12
[diff /tmp/opencode/m5dir_59wr0chn/ifelse_l8] PASS (0 mismatches)

l4 PASS
TBPW w=0 addr=0 val=aaaaaaaa
TBCTRL pc=4 op=7c1 cond=0 P=aaaaaaaa
TBPRE pre-P1=00000000 kind=0
TBCTRL pc=8 op=7c2 cond=0 P=aaaaaaaa
TBPRE pre-P1=00000000 kind=1
TBCTRL pc=8 op=7c2 cond=0 P=aaaaaaaa
TBPRE pre-P1=00000000 kind=1
TBCTRL pc=9 op=7cf cond=0 P=aaaaaaaa
TBPRE pre-P1=00000000 kind=12
[diff /tmp/opencode/m5dir_4t8d500k/ifelse_l4] PASS (0 mismatches)

l16 PASS
TBPW w=0 addr=0 val=aaaaaaaa
TBCTRL pc=4 op=7c1 cond=0 P=aaaaaaaa
TBPRE pre-P1=00000000 kind=0
TBCTRL pc=8 op=7c2 cond=0 P=aaaaaaaa
TBPRE pre-P1=00000000 kind=1
TBCTRL pc=8 op=7c2 cond=0 P=aaaaaaaa
TBPRE pre-P1=00000000 kind=1
TBCTRL pc=9 op=7cf cond=0 P=aaaaaaaa
TBPRE pre-P1=00000000 kind=12
[diff /tmp/opencode/m5dir_vdgeakmp/ifelse_l16] PASS (0 mismatches)

l32 PASS
TBPW w=0 addr=0 val=aaaaaaaa
TBCTRL pc=4 op=7c1 cond=0 P=aaaaaaaa
TBPRE pre-P1=00000000 kind=0
TBCTRL pc=8 op=7c2 cond=0 P=aaaaaaaa
TBPRE pre-P1=00000000 kind=1
TBCTRL pc=8 op=7c2 cond=0 P=aaaaaaaa
TBPRE pre-P1=00000000 kind=1
TBCTRL pc=9 op=7cf cond=0 P=aaaaaaaa
TBPRE pre-P1=00000000 kind=12
[diff /tmp/opencode/m5dir_u_j5wiqt/ifelse_l32] PASS (0 mismatches)

l8 PASS
TBPW w=0 addr=0 val=aaaaaaaa
TBCTRL pc=4 op=7c1 cond=0 P=aaaaaaaa
TBPRE pre-P1=00000000 kind=0
TBCTRL pc=8 op=7c2 cond=0 P=aaaaaaaa
TBPRE pre-P1=00000000 kind=1
TBCTRL pc=8 op=7c2 cond=0 P=aaaaaaaa
TBPRE pre-P1=00000000 kind=1
TBCTRL pc=9 op=7cf cond=0 P=aaaaaaaa
TBPRE pre-P1=00000000 kind=12
[diff /tmp/opencode/m5dir_j5c71qq4/ifelse_l8] PASS (0 mismatches)

l8 PASS
TBPW w=0 addr=0 val=aaaaaaaa
TBCTRL pc=4 op=7c1 cond=0 P=aaaaaaaa
TBPRE pre-P1=00000000 kind=0
TBCTRL pc=8 op=7c2 cond=0 P=aaaaaaaa
TBPRE pre-P1=00000000 kind=1
TBCTRL pc=8 op=7c2 cond=0 P=aaaaaaaa
TBPRE pre-P1=00000000 kind=1
TBCTRL pc=9 op=7cf cond=0 P=aaaaaaaa
TBPRE pre-P1=00000000 kind=12
[diff /tmp/opencode/m5dir_pbcssfg0/ifelse_l8] PASS (0 mismatches)

l8 PASS
TBPW w=0 addr=0 val=aaaaaaaa
TBCTRL pc=4 op=7c1 cond=0 P=aaaaaaaa
TBPRE pre-P1=00000000 kind=0
TBCTRL pc=8 op=7c2 cond=0 P=aaaaaaaa
TBPRE pre-P1=00000000 kind=1
TBCTRL pc=8 op=7c2 cond=0 P=aaaaaaaa
TBPRE pre-P1=00000000 kind=1
TBCTRL pc=9 op=7cf cond=0 P=aaaaaaaa
TBPRE pre-P1=00000000 kind=12
[diff /tmp/opencode/m5dir_cc93b_ly/ifelse_l8] PASS (0 mismatches)

l8 PASS
TBPW w=0 addr=0 val=aaaaaaaa
TBCTRL pc=4 op=7c1 cond=0 P=aaaaaaaa
TBPRE pre-P1=00000000 kind=0
TBCTRL pc=8 op=7c2 cond=0 P=aaaaaaaa
TBPRE pre-P1=00000000 kind=1
TBCTRL pc=8 op=7c2 cond=0 P=aaaaaaaa
TBPRE pre-P1=00000000 kind=1
TBCTRL pc=9 op=7cf cond=0 P=aaaaaaaa
TBPRE pre-P1=00000000 kind=12
[diff /tmp/opencode/m5dir_leyio7d3/ifelse_l8] PASS (0 mismatches)

l8 PASS
TBPW w=0 addr=0 val=aaaaaaaa
TBCTRL pc=4 op=7c1 cond=0 P=aaaaaaaa
TBPRE pre-P1=00000000 kind=0
TBCTRL pc=8 op=7c2 cond=0 P=aaaaaaaa
TBPRE pre-P1=00000000 kind=1
TBCTRL pc=8 op=7c2 cond=0 P=aaaaaaaa
TBPRE pre-P1=00000000 kind=1
TBCTRL pc=9 op=7cf cond=0 P=aaaaaaaa
TBPRE pre-P1=00000000 kind=12
[diff /tmp/opencode/m5dir_8ggbyb0g/ifelse_l8] PASS (0 mismatches)

l8 PASS
TBPW w=0 addr=0 val=aaaaaaaa
TBCTRL pc=4 op=7c1 cond=0 P=aaaaaaaa
TBPRE pre-P1=00000000 kind=0
TBCTRL pc=8 op=7c2 cond=0 P=aaaaaaaa
TBPRE pre-P1=00000000 kind=1
TBCTRL pc=8 op=7c2 cond=0 P=aaaaaaaa
TBPRE pre-P1=00000000 kind=1
TBCTRL pc=9 op=7cf cond=0 P=aaaaaaaa
TBPRE pre-P1=00000000 kind=12
[diff /tmp/opencode/m5dir_5kjaf7ur/ifelse_l8] PASS (0 mismatches)

l8 PASS
TBPW w=0 addr=0 val=aaaaaaaa
TBCTRL pc=4 op=7c1 cond=0 P=aaaaaaaa
TBPRE pre-P1=00000000 kind=0
TBCTRL pc=8 op=7c2 cond=0 P=aaaaaaaa
TBPRE pre-P1=00000000 kind=1
TBCTRL pc=8 op=7c2 cond=0 P=aaaaaaaa
TBPRE pre-P1=00000000 kind=1
TBCTRL pc=9 op=7cf cond=0 P=aaaaaaaa
TBPRE pre-P1=00000000 kind=12
[diff /tmp/opencode/m5dir_z6wswbl0/ifelse_l8] PASS (0 mismatches)

l8 PASS
TBPW w=0 addr=0 val=aaaaaaaa
TBCTRL pc=4 op=7c1 cond=0 P=aaaaaaaa
TBPRE pre-P1=00000000 kind=0
TBCTRL pc=8 op=7c2 cond=0 P=aaaaaaaa
TBPRE pre-P1=00000000 kind=1
TBCTRL pc=8 op=7c2 cond=0 P=aaaaaaaa
TBPRE pre-P1=00000000 kind=1
TBCTRL pc=9 op=7cf cond=0 P=aaaaaaaa
TBPRE pre-P1=00000000 kind=12
[diff /tmp/opencode/m5dir_m5sut3_0/ifelse_l8] PASS (0 mismatches)

l8 PASS
TBPW w=0 addr=0 val=aaaaaaaa
TBCTRL pc=4 op=7c1 cond=0 P=aaaaaaaa
TBPRE pre-P1=00000000 kind=0
TBCTRL pc=8 op=7c2 cond=0 P=aaaaaaaa
TBPRE pre-P1=00000000 kind=1
TBCTRL pc=8 op=7c2 cond=0 P=aaaaaaaa
TBPRE pre-P1=00000000 kind=1
TBCTRL pc=9 op=7cf cond=0 P=aaaaaaaa
TBPRE pre-P1=00000000 kind=12
[diff /tmp/opencode/m5dir_xfpax2la/ifelse_l8] PASS (0 mismatches)

l8 PASS
TBPW w=0 addr=0 val=aaaaaaaa
TBCTRL pc=4 op=7c1 cond=0 P=aaaaaaaa
TBPRE pre-P1=00000000 kind=0
TBCTRL pc=8 op=7c2 cond=0 P=aaaaaaaa
TBPRE pre-P1=00000000 kind=1
TBCTRL pc=8 op=7c2 cond=0 P=aaaaaaaa
TBPRE pre-P1=00000000 kind=1
TBCTRL pc=9 op=7cf cond=0 P=aaaaaaaa
TBPRE pre-P1=00000000 kind=12
[diff /tmp/opencode/m5dir_14b80pr1/ifelse_l8] PASS (0 mismatches)

l8 PASS
TBPW w=0 addr=0 val=aaaaaaaa
TBCTRL pc=4 op=7c1 cond=0 P=aaaaaaaa
TBPRE pre-P1=00000000 kind=0
TBCTRL pc=8 op=7c2 cond=0 P=aaaaaaaa
TBPRE pre-P1=00000000 kind=1
TBCTRL pc=8 op=7c2 cond=0 P=aaaaaaaa
TBPRE pre-P1=00000000 kind=1
TBCTRL pc=9 op=7cf cond=0 P=aaaaaaaa
TBPRE pre-P1=00000000 kind=12
[diff /tmp/opencode/m5dir_82fl1g4f/ifelse_l8] PASS (0 mismatches)

l8 PASS
TBPW w=0 addr=0 val=aaaaaaaa
TBCTRL pc=4 op=7c1 cond=0 P=aaaaaaaa
TBPRE pre-P1=00000000 kind=0
TBCTRL pc=8 op=7c2 cond=0 P=aaaaaaaa
TBPRE pre-P1=00000000 kind=1
TBCTRL pc=8 op=7c2 cond=0 P=aaaaaaaa
TBPRE pre-P1=00000000 kind=1
TBCTRL pc=9 op=7cf cond=0 P=aaaaaaaa
TBPRE pre-P1=00000000 kind=12
[diff /tmp/opencode/m5dir_v89i2244/ifelse_l8] PASS (0 mismatches)

l8 PASS
TBPW w=0 addr=0 val=aaaaaaaa
TBCTRL pc=4 op=7c1 cond=0 P=aaaaaaaa
TBPRE pre-P1=00000000 kind=0
TBCTRL pc=8 op=7c2 cond=0 P=aaaaaaaa
TBPRE pre-P1=00000000 kind=1
TBCTRL pc=8 op=7c2 cond=0 P=aaaaaaaa
TBPRE pre-P1=00000000 kind=1
TBCTRL pc=9 op=7cf cond=0 P=aaaaaaaa
TBPRE pre-P1=00000000 kind=12
[diff /tmp/opencode/m5dir_3m2r6mt2/ifelse_l8] PASS (0 mismatches)

l8 PASS
TBPW w=0 addr=0 val=aaaaaaaa
TBCTRL pc=4 op=7c1 cond=0 P=aaaaaaaa
TBPRE pre-P1=00000000 kind=0
TBCTRL pc=8 op=7c2 cond=0 P=aaaaaaaa
TBPRE pre-P1=00000000 kind=1
TBCTRL pc=8 op=7c2 cond=0 P=aaaaaaaa
TBPRE pre-P1=00000000 kind=1
TBCTRL pc=9 op=7cf cond=0 P=aaaaaaaa
TBPRE pre-P1=00000000 kind=12
[diff /tmp/opencode/m5dir_lic9sie0/ifelse_l8] PASS (0 mismatches)

l8 PASS
TBPW w=0 addr=0 val=aaaaaaaa
TBCTRL pc=4 op=7c1 cond=0 P=aaaaaaaa
TBPRE pre-P1=00000000 kind=0
TBCTRL pc=8 op=7c2 cond=0 P=aaaaaaaa
TBPRE pre-P1=00000000 kind=1
TBCTRL pc=8 op=7c2 cond=0 P=aaaaaaaa
TBPRE pre-P1=00000000 kind=1
TBCTRL pc=9 op=7cf cond=0 P=aaaaaaaa
TBPRE pre-P1=00000000 kind=12
[diff /tmp/opencode/m5dir_pomxqxiv/ifelse_l8] PASS (0 mismatches)

l8 PASS
TBPW w=0 addr=0 val=aaaaaaaa
TBCTRL pc=4 op=7c1 cond=0 P=aaaaaaaa
TBPRE pre-P1=00000000 kind=0
TBCTRL pc=8 op=7c2 cond=0 P=aaaaaaaa
TBPRE pre-P1=00000000 kind=1
TBCTRL pc=8 op=7c2 cond=0 P=aaaaaaaa
TBPRE pre-P1=00000000 kind=1
TBCTRL pc=9 op=7cf cond=0 P=aaaaaaaa
TBPRE pre-P1=00000000 kind=12
[diff /tmp/opencode/m5dir_61ow2ulj/ifelse_l8] PASS (0 mismatches)

l8 PASS
TBPW w=0 addr=0 val=aaaaaaaa
TBCTRL pc=4 op=7c1 cond=0 P=aaaaaaaa
TBPRE pre-P1=00000000 kind=0
TBCTRL pc=8 op=7c2 cond=0 P=aaaaaaaa
TBPRE pre-P1=00000000 kind=1
TBCTRL pc=8 op=7c2 cond=0 P=aaaaaaaa
TBPRE pre-P1=00000000 kind=1
TBCTRL pc=9 op=7cf cond=0 P=aaaaaaaa
TBPRE pre-P1=00000000 kind=12
[diff /tmp/opencode/m5dir_iws_lc5f/ifelse_l8] PASS (0 mismatches)

l4 PASS
TBPW w=0 addr=0 val=aaaaaaaa
TBCTRL pc=4 op=7c1 cond=0 P=aaaaaaaa
TBPRE pre-P1=00000000 kind=0
TBCTRL pc=8 op=7c2 cond=0 P=aaaaaaaa
TBPRE pre-P1=00000000 kind=1
TBCTRL pc=8 op=7c2 cond=0 P=aaaaaaaa
TBPRE pre-P1=00000000 kind=1
TBCTRL pc=9 op=7cf cond=0 P=aaaaaaaa
TBPRE pre-P1=00000000 kind=12
[diff /tmp/opencode/m5dir_5ocq1arv/ifelse_l4] PASS (0 mismatches)

l8 PASS
TBPW w=0 addr=0 val=aaaaaaaa
TBCTRL pc=4 op=7c1 cond=0 P=aaaaaaaa
TBPRE pre-P1=00000000 kind=0
TBCTRL pc=8 op=7c2 cond=0 P=aaaaaaaa
TBPRE pre-P1=00000000 kind=1
TBCTRL pc=8 op=7c2 cond=0 P=aaaaaaaa
TBPRE pre-P1=00000000 kind=1
TBCTRL pc=9 op=7cf cond=0 P=aaaaaaaa
TBPRE pre-P1=00000000 kind=12
[diff /tmp/opencode/m5dir_5ocq1arv/ifelse_l8] PASS (0 mismatches)

l16 PASS
TBPW w=0 addr=0 val=aaaaaaaa
TBCTRL pc=4 op=7c1 cond=0 P=aaaaaaaa
TBPRE pre-P1=00000000 kind=0
TBCTRL pc=8 op=7c2 cond=0 P=aaaaaaaa
TBPRE pre-P1=00000000 kind=1
TBCTRL pc=8 op=7c2 cond=0 P=aaaaaaaa
TBPRE pre-P1=00000000 kind=1
TBCTRL pc=9 op=7cf cond=0 P=aaaaaaaa
TBPRE pre-P1=00000000 kind=12
[diff /tmp/opencode/m5dir_5ocq1arv/ifelse_l16] PASS (0 mismatches)

l32 PASS
TBPW w=0 addr=0 val=aaaaaaaa
TBCTRL pc=4 op=7c1 cond=0 P=aaaaaaaa
TBPRE pre-P1=00000000 kind=0
TBCTRL pc=8 op=7c2 cond=0 P=aaaaaaaa
TBPRE pre-P1=00000000 kind=1
TBCTRL pc=8 op=7c2 cond=0 P=aaaaaaaa
TBPRE pre-P1=00000000 kind=1
TBCTRL pc=9 op=7cf cond=0 P=aaaaaaaa
TBPRE pre-P1=00000000 kind=12
[diff /tmp/opencode/m5dir_5ocq1arv/ifelse_l32] PASS (0 mismatches)

l8 PASS
TBPW w=0 addr=0 val=aaaaaaaa
TBCTRL pc=4 op=7c1 cond=0 P=aaaaaaaa
TBPRE pre-P1=00000000 kind=0
TBCTRL pc=8 op=7c2 cond=0 P=aaaaaaaa
TBPRE pre-P1=00000000 kind=1
TBCTRL pc=8 op=7c2 cond=0 P=aaaaaaaa
TBPRE pre-P1=00000000 kind=1
TBCTRL pc=9 op=7cf cond=0 P=aaaaaaaa
TBPRE pre-P1=00000000 kind=12
[diff /tmp/opencode/m5dir_gwgn1thf/ifelse_l8] PASS (0 mismatches)

l8 PASS
TBPW w=0 addr=0 val=aaaaaaaa
TBCTRL pc=4 op=7c1 cond=0 P=aaaaaaaa
TBPRE pre-P1=00000000 kind=0
TBCTRL pc=8 op=7c2 cond=0 P=aaaaaaaa
TBPRE pre-P1=00000000 kind=1
TBCTRL pc=8 op=7c2 cond=0 P=aaaaaaaa
TBPRE pre-P1=00000000 kind=1
TBCTRL pc=9 op=7cf cond=0 P=aaaaaaaa
TBPRE pre-P1=00000000 kind=12
[diff /tmp/opencode/m5dir_ksvlu_bp/ifelse_l8] PASS (0 mismatches)

l4 PASS
TBPW w=0 addr=0 val=aaaaaaaa
TBCTRL pc=4 op=7c1 cond=0 P=aaaaaaaa
TBPRE pre-P1=00000000 kind=0
TBCTRL pc=8 op=7c2 cond=0 P=aaaaaaaa
TBPRE pre-P1=00000000 kind=1
TBCTRL pc=8 op=7c2 cond=0 P=aaaaaaaa
TBPRE pre-P1=00000000 kind=1
TBCTRL pc=9 op=7cf cond=0 P=aaaaaaaa
TBPRE pre-P1=00000000 kind=12
[diff /tmp/opencode/m5dir_a3hwe3k3/ifelse_l4] PASS (0 mismatches)

l8 PASS
TBPW w=0 addr=0 val=aaaaaaaa
TBCTRL pc=4 op=7c1 cond=0 P=aaaaaaaa
TBPRE pre-P1=00000000 kind=0
TBCTRL pc=8 op=7c2 cond=0 P=aaaaaaaa
TBPRE pre-P1=00000000 kind=1
TBCTRL pc=8 op=7c2 cond=0 P=aaaaaaaa
TBPRE pre-P1=00000000 kind=1
TBCTRL pc=9 op=7cf cond=0 P=aaaaaaaa
TBPRE pre-P1=00000000 kind=12
[diff /tmp/opencode/m5dir_a3hwe3k3/ifelse_l8] PASS (0 mismatches)

l16 PASS
TBPW w=0 addr=0 val=aaaaaaaa
TBCTRL pc=4 op=7c1 cond=0 P=aaaaaaaa
TBPRE pre-P1=00000000 kind=0
TBCTRL pc=8 op=7c2 cond=0 P=aaaaaaaa
TBPRE pre-P1=00000000 kind=1
TBCTRL pc=8 op=7c2 cond=0 P=aaaaaaaa
TBPRE pre-P1=00000000 kind=1
TBCTRL pc=9 op=7cf cond=0 P=aaaaaaaa
TBPRE pre-P1=00000000 kind=12
[diff /tmp/opencode/m5dir_a3hwe3k3/ifelse_l16] PASS (0 mismatches)

l32 PASS
TBPW w=0 addr=0 val=aaaaaaaa
TBCTRL pc=4 op=7c1 cond=0 P=aaaaaaaa
TBPRE pre-P1=00000000 kind=0
TBCTRL pc=8 op=7c2 cond=0 P=aaaaaaaa
TBPRE pre-P1=00000000 kind=1
TBCTRL pc=8 op=7c2 cond=0 P=aaaaaaaa
TBPRE pre-P1=00000000 kind=1
TBCTRL pc=9 op=7cf cond=0 P=aaaaaaaa
TBPRE pre-P1=00000000 kind=12
[diff /tmp/opencode/m5dir_a3hwe3k3/ifelse_l32] PASS (0 mismatches)

l4 PASS
TBPW w=0 addr=0 val=aaaaaaaa
TBCTRL pc=4 op=7c1 cond=0 P=aaaaaaaa
TBPRE pre-P1=00000000 kind=0
TBCTRL pc=8 op=7c2 cond=0 P=aaaaaaaa
TBPRE pre-P1=00000000 kind=1
TBCTRL pc=8 op=7c2 cond=0 P=aaaaaaaa
TBPRE pre-P1=00000000 kind=1
TBCTRL pc=9 op=7cf cond=0 P=aaaaaaaa
TBPRE pre-P1=00000000 kind=12
[diff /tmp/opencode/m5dir_397a4rt_/ifelse_l4] PASS (0 mismatches)

l8 PASS
TBPW w=0 addr=0 val=aaaaaaaa
TBCTRL pc=4 op=7c1 cond=0 P=aaaaaaaa
TBPRE pre-P1=00000000 kind=0
TBCTRL pc=8 op=7c2 cond=0 P=aaaaaaaa
TBPRE pre-P1=00000000 kind=1
TBCTRL pc=8 op=7c2 cond=0 P=aaaaaaaa
TBPRE pre-P1=00000000 kind=1
TBCTRL pc=9 op=7cf cond=0 P=aaaaaaaa
TBPRE pre-P1=00000000 kind=12
[diff /tmp/opencode/m5dir_397a4rt_/ifelse_l8] PASS (0 mismatches)

l16 PASS
TBPW w=0 addr=0 val=aaaaaaaa
TBCTRL pc=4 op=7c1 cond=0 P=aaaaaaaa
TBPRE pre-P1=00000000 kind=0
TBCTRL pc=8 op=7c2 cond=0 P=aaaaaaaa
TBPRE pre-P1=00000000 kind=1
TBCTRL pc=8 op=7c2 cond=0 P=aaaaaaaa
TBPRE pre-P1=00000000 kind=1
TBCTRL pc=9 op=7cf cond=0 P=aaaaaaaa
TBPRE pre-P1=00000000 kind=12
[diff /tmp/opencode/m5dir_397a4rt_/ifelse_l16] PASS (0 mismatches)

l32 PASS
TBPW w=0 addr=0 val=aaaaaaaa
TBCTRL pc=4 op=7c1 cond=0 P=aaaaaaaa
TBPRE pre-P1=00000000 kind=0
TBCTRL pc=8 op=7c2 cond=0 P=aaaaaaaa
TBPRE pre-P1=00000000 kind=1
TBCTRL pc=8 op=7c2 cond=0 P=aaaaaaaa
TBPRE pre-P1=00000000 kind=1
TBCTRL pc=9 op=7cf cond=0 P=aaaaaaaa
TBPRE pre-P1=00000000 kind=12
[diff /tmp/opencode/m5dir_397a4rt_/ifelse_l32] PASS (0 mismatches)

