l8 FAIL
M5DBG 0 LAUNCH sl=0 entry=0 cw=2 ex=ffffffff
M5DBG 0 cyc=17 st=01 iv=0000 pc0=0 ex0=ffffffff gvv=0 cls=0 flt=1
M5DBG   ex=ffffffff lv=ffffffff issbl=0
M5DBG 0 cyc=18 st=01 iv=0000 pc0=0 ex0=ffffffff gvv=0 cls=0 flt=1
M5DBG   ex=ffffffff lv=ffffffff issbl=0
M5DBG 0 cyc=19 st=01 iv=0000 pc0=0 ex0=ffffffff gvv=0 cls=0 flt=1
M5DBG   ex=ffffffff lv=ffffffff issbl=0
M5DBG 0 cyc=20 st=01 iv=0000 pc0=0 ex0=ffffffff gvv=0 cls=0 flt=1
M5DBG   ex=ffffffff lv=ffffffff issbl=0
M5DBG 0 cyc=21 st=01 iv=0001 pc0=0 ex0=ffffffff gvv=1 cls=14 flt=0
M5DBG 0 GRANT gid=0 ctrl=1 vcmp=0 vec=0 sc=0 op=7 pdst=0 cond4=0 bvr=0 bcr=0 bp=0
M5DBG   ex=ffffffff lv=ffffffff issbl=1
M5DBG 0 cyc=22 st=01 iv=0000 pc0=0 ex0=ffffffff gvv=0 cls=0 flt=1
M5DBG   ex=ffffffff lv=ffffffff issbl=0
M5DBG 0 cyc=23 st=01 iv=0001 pc0=0 ex0=ffffffff gvv=1 cls=14 flt=0
M5DBG 0 GRANT gid=0 ctrl=1 vcmp=0 vec=0 sc=0 op=7 pdst=0 cond4=0 bvr=0 bcr=0 bp=0
M5DBG   ex=ffffffff lv=ffffffff issbl=1
M5DBG 0 MCDONE d=0 f=1 code=06 own=0 oex=00000000 osp=0
M5DBG 0 cyc=24 st=01 iv=0000 pc0=0 ex0=ffffffff gvv=0 cls=0 flt=1
M5DBG   ex=ffffffff lv=ffffffff issbl=0
MISMATCH mask-events line 1
  A: w=0 k=POPM pc=0 ft=0 pu=0 po=0 f=06
  B: w=0 k=FAULT pc=0 ft=0 pu=0 po=0 f=06
MISMATCH mask-events line 2
  A: w=0 k=FAULT pc=0 ft=0 pu=0 po=0 f=06
  B: 
[diff /tmp/opencode/m5dir_yqrgrzwr/f_popm_empty_l8] FAIL (2 mismatches)

l8 FAIL
MISMATCH mask-events line 1
  A: w=0 k=POPM pc=0 ft=0 pu=0 po=0 f=06
  B: w=0 k=FAULT pc=0 ft=0 pu=0 po=0 f=06
MISMATCH mask-events line 2
  A: w=0 k=FAULT pc=0 ft=0 pu=0 po=0 f=06
  B: 
[diff /tmp/opencode/m5dir_vuo31uau/f_popm_empty_l8] FAIL (2 mismatches)

l8 PASS
[diff /tmp/opencode/m5dir_s8b0sx_g/f_popm_empty_l8] PASS (0 mismatches)

l8 PASS
[diff /tmp/opencode/m5dir_twd9wypx/f_popm_empty_l8] PASS (0 mismatches)

l8 PASS
[diff /tmp/opencode/m5dir_k09es4om/f_popm_empty_l8] PASS (0 mismatches)

l8 PASS
[diff /tmp/opencode/m5dir_ll15n3yn/f_popm_empty_l8] PASS (0 mismatches)

l8 PASS
[diff /tmp/opencode/m5dir_9qpvt_kl/f_popm_empty_l8] PASS (0 mismatches)

l8 PASS
[diff /tmp/opencode/m5dir_o9k0h59b/f_popm_empty_l8] PASS (0 mismatches)

l8 PASS
[diff /tmp/opencode/m5dir_p0bea3s_/f_popm_empty_l8] PASS (0 mismatches)

l8 PASS
[diff /tmp/opencode/m5dir_6g6w9152/f_popm_empty_l8] PASS (0 mismatches)

l8 PASS
[diff /tmp/opencode/m5dir_3gdj54qr/f_popm_empty_l8] PASS (0 mismatches)

l8 PASS
M5DBG 0 LAUNCH sl=0 entry=0 cw=2 ex=ffffffff
M5DBG 0 cyc=17 st=01 iv=0000 pc0=0 ex0=ffffffff gvv=0 cls=0 flt=1
M5DBG   ex=ffffffff lv=ffffffff issbl=0
M5DBG 0 cyc=18 st=01 iv=0000 pc0=0 ex0=ffffffff gvv=0 cls=0 flt=1
M5DBG   ex=ffffffff lv=ffffffff issbl=0
M5DBG 0 cyc=19 st=01 iv=0000 pc0=0 ex0=ffffffff gvv=0 cls=0 flt=1
M5DBG   ex=ffffffff lv=ffffffff issbl=0
M5DBG 0 cyc=20 st=01 iv=0000 pc0=0 ex0=ffffffff gvv=0 cls=0 flt=1
M5DBG   ex=ffffffff lv=ffffffff issbl=0
M5DBG 0 cyc=21 st=01 iv=0001 pc0=0 ex0=ffffffff gvv=1 cls=14 flt=0
M5DBG 0 GRANT gid=0 ctrl=1 vcmp=0 vec=0 sc=0 op=7 pdst=0 cond4=0 pw=00000000 pc=0         0 0
M5DBG   ex=ffffffff lv=ffffffff issbl=1
M5ENGIN 0 op=7 sp=0 li=32 tft=00 ph=0 ma=00000000 pc=0
M5DBG 0 cyc=22 st=01 iv=0000 pc0=0 ex0=ffffffff gvv=0 cls=0 flt=1
M5DBG   ex=ffffffff lv=ffffffff issbl=0
M5ENGIN 0 RESULT done=0 fault=1 pop=0 pc=0 we=0 ex=00000000 st=0
M5DBG 0 cyc=23 st=01 iv=0000 pc0=0 ex0=ffffffff gvv=0 cls=0 flt=1
M5DBG   ex=ffffffff lv=ffffffff issbl=0
M5DBG 0 MCDONE d=0 f=1 code=06 own=0 oex=00000000 osp=0
M5DBG 0 cyc=24 st=01 iv=0000 pc0=0 ex0=ffffffff gvv=0 cls=0 flt=1
M5DBG   ex=ffffffff lv=ffffffff issbl=0
[diff /tmp/opencode/m5dir_bs2se752/f_popm_empty_l8] PASS (0 mismatches)

l8 PASS
M5DBG 0 LAUNCH sl=0 entry=0 cw=2 ex=ffffffff
M5DBG 0 cyc=17 st=01 iv=0000 pc0=0 ex0=ffffffff gvv=0 cls=0 flt=1
M5DBG   ex=ffffffff lv=ffffffff issbl=0
M5DBG 0 cyc=18 st=01 iv=0000 pc0=0 ex0=ffffffff gvv=0 cls=0 flt=1
M5DBG   ex=ffffffff lv=ffffffff issbl=0
M5DBG 0 cyc=19 st=01 iv=0000 pc0=0 ex0=ffffffff gvv=0 cls=0 flt=1
M5DBG   ex=ffffffff lv=ffffffff issbl=0
M5DBG 0 cyc=20 st=01 iv=0000 pc0=0 ex0=ffffffff gvv=0 cls=0 flt=1
M5DBG   ex=ffffffff lv=ffffffff issbl=0
M5DBG 0 cyc=21 st=01 iv=0001 pc0=0 ex0=ffffffff gvv=1 cls=14 flt=0
M5DBG 0 CTRLGRANT disp=000000 bmod=0000 insn=7c35000000000000 ibuf=7c35000000000000
M5DBG 0 GRANT gid=0 ctrl=1 vcmp=0 vec=0 sc=0 op=7 pdst=0 cond4=0 pw=00000000 pc=0         0 0
M5DBG   ex=ffffffff lv=ffffffff issbl=1
M5ENGIN 0 op=7 sp=0 li=32 tft=00 ph=0 ma=00000000 pc=0
M5DBG 0 cyc=22 st=01 iv=0000 pc0=0 ex0=ffffffff gvv=0 cls=0 flt=1
M5DBG   ex=ffffffff lv=ffffffff issbl=0
M5ENGIN 0 RESULT done=0 fault=1 pop=0 pc=0 we=0 ex=00000000 st=0
M5DBG 0 cyc=23 st=01 iv=0000 pc0=0 ex0=ffffffff gvv=0 cls=0 flt=1
M5DBG   ex=ffffffff lv=ffffffff issbl=0
M5DBG 0 MCDONE d=0 f=1 code=06 own=0 oex=00000000 osp=0
M5DBG 0 cyc=24 st=01 iv=0000 pc0=0 ex0=ffffffff gvv=0 cls=0 flt=1
M5DBG   ex=ffffffff lv=ffffffff issbl=0
[diff /tmp/opencode/m5dir_s_726ggd/f_popm_empty_l8] PASS (0 mismatches)

l8 PASS
[diff /tmp/opencode/m5dir_sc9lhsta/f_popm_empty_l8] PASS (0 mismatches)

l8 PASS
[diff /tmp/opencode/m5dir_ytytontd/f_popm_empty_l8] PASS (0 mismatches)

l8 PASS
[diff /tmp/opencode/m5dir_qdr5kuse/f_popm_empty_l8] PASS (0 mismatches)

l8 PASS
[diff /tmp/opencode/m5dir_tvs19r2h/f_popm_empty_l8] PASS (0 mismatches)

l8 PASS
M5DBG 0 LAUNCH sl=0 entry=0 cw=2 ex=ffffffff
M5DBG 0 cyc=17 st=01 iv=0000 pc0=0 ex0=ffffffff gvv=0 cls=0 flt=1
M5DBG   ex=ffffffff lv=ffffffff issbl=0
M5DBG 0 cyc=18 st=01 iv=0000 pc0=0 ex0=ffffffff gvv=0 cls=0 flt=1
M5DBG   ex=ffffffff lv=ffffffff issbl=0
M5DBG 0 cyc=19 st=01 iv=0000 pc0=0 ex0=ffffffff gvv=0 cls=0 flt=1
M5DBG   ex=ffffffff lv=ffffffff issbl=0
M5DBG 0 cyc=20 st=01 iv=0000 pc0=0 ex0=ffffffff gvv=0 cls=0 flt=1
M5DBG   ex=ffffffff lv=ffffffff issbl=0
M5DBG 0 cyc=21 st=01 iv=0001 pc0=0 ex0=ffffffff gvv=1 cls=14 flt=0
M5DBG 0 CTRLGRANT disp=000000 bmod=0000 insn=7c35000000000000 ibuf=7c35000000000000
M5DBG 0 GRANT gid=0 ctrl=1 vcmp=0 vec=0 sc=0 op=7 pdst=0 cond4=0 pw=00000000 pc=0         0 0
M5DBG   ex=ffffffff lv=ffffffff issbl=1
M5ENGIN 0 op=7 sp=0 li=32 tft=00 ph=0 ma=00000000 pc=0
M5DBG 0 cyc=22 st=01 iv=0000 pc0=0 ex0=ffffffff gvv=0 cls=0 flt=1
M5DBG   ex=ffffffff lv=ffffffff issbl=0
M5ENGIN 0 RESULT done=0 fault=1 pop=0 pc=0 we=0 ex=00000000 st=0
M5DBG 0 cyc=23 st=01 iv=0000 pc0=0 ex0=ffffffff gvv=0 cls=0 flt=1
M5DBG   ex=ffffffff lv=ffffffff issbl=0
M5DBG 0 MCDONE d=0 f=1 code=06 own=0 oex=00000000 osp=0
M5DBG 0 cyc=24 st=01 iv=0000 pc0=0 ex0=ffffffff gvv=0 cls=0 flt=1
M5DBG   ex=ffffffff lv=ffffffff issbl=0
[diff /tmp/opencode/m5dir_qe1on6om/f_popm_empty_l8] PASS (0 mismatches)

l8 PASS
[diff /tmp/opencode/m5dir_5wm9bfu4/f_popm_empty_l8] PASS (0 mismatches)

l8 PASS
TBPRE pre-P1=00000000 kind=7
[diff /tmp/opencode/m5dir_dh85o2ru/f_popm_empty_l8] PASS (0 mismatches)

l4 PASS
[diff /tmp/opencode/m5dir_xevuzaju/f_popm_empty_l4] PASS (0 mismatches)

l8 PASS
TBPRE pre-P1=00000000 kind=7
[diff /tmp/opencode/m5dir_xevuzaju/f_popm_empty_l8] PASS (0 mismatches)

l16 PASS
[diff /tmp/opencode/m5dir_xevuzaju/f_popm_empty_l16] PASS (0 mismatches)

l32 PASS
[diff /tmp/opencode/m5dir_xevuzaju/f_popm_empty_l32] PASS (0 mismatches)

l8 FAIL
TBPRE pre-P1=00000000 kind=7
DONE mismatch:
 G:0 DONE retired=0 fault=1 code=06 pc=0 live=ffffffff
 R:DONE retired=0 fault=1 code=06 pc=0 live=ffffffff
[diff /tmp/opencode/m5dir_8ozsr4sj/f_popm_empty_l8] FAIL (1 mismatches)

l8 FAIL
TBPRE pre-P1=00000000 kind=7
DONE mismatch:
 G:0 DONE retired=0 fault=1 code=06 pc=0 live=ffffffff
 R:DONE retired=0 fault=1 code=06 pc=0 live=ffffffff
[diff /tmp/opencode/m5dir_clx76wgv/f_popm_empty_l8] FAIL (1 mismatches)

l8 FAIL
TBPRE pre-P1=00000000 kind=7
DONE mismatch:
 G:0 DONE retired=0 fault=1 code=06 pc=0 live=ffffffff
 R:DONE retired=0 fault=1 code=06 pc=0 live=ffffffff
[diff /tmp/opencode/m5dir_eimu630l/f_popm_empty_l8] FAIL (1 mismatches)

l8 PASS
TBCTRL pc=0 op=7c3 cond=0 P=00000000
TBPRE pre-P1=00000000 kind=7
[diff /tmp/opencode/m5dir_l22m_1qq/f_popm_empty_l8] PASS (0 mismatches)

l8 PASS
TBCTRL pc=0 op=7c3 cond=0 P=00000000
TBPRE pre-P1=00000000 kind=7
[diff /tmp/opencode/m5dir_rkxqrkmm/f_popm_empty_l8] PASS (0 mismatches)

l4 PASS
TBCTRL pc=0 op=7c3 cond=0 P=00000000
TBPRE pre-P1=00000000 kind=7
[diff /tmp/opencode/m5dir_oyyw9e1x/f_popm_empty_l4] PASS (0 mismatches)

l8 PASS
TBCTRL pc=0 op=7c3 cond=0 P=00000000
TBPRE pre-P1=00000000 kind=7
[diff /tmp/opencode/m5dir_oyyw9e1x/f_popm_empty_l8] PASS (0 mismatches)

l16 PASS
TBCTRL pc=0 op=7c3 cond=0 P=00000000
TBPRE pre-P1=00000000 kind=7
[diff /tmp/opencode/m5dir_oyyw9e1x/f_popm_empty_l16] PASS (0 mismatches)

l32 PASS
TBCTRL pc=0 op=7c3 cond=0 P=00000000
TBPRE pre-P1=00000000 kind=7
[diff /tmp/opencode/m5dir_oyyw9e1x/f_popm_empty_l32] PASS (0 mismatches)

l8 PASS
TBCTRL pc=0 op=7c3 cond=0 P=00000000
TBPRE pre-P1=00000000 kind=7
[diff /tmp/opencode/m5dir_6kyb31jg/f_popm_empty_l8] PASS (0 mismatches)

l8 PASS
TBCTRL pc=0 op=7c3 cond=0 P=00000000
TBPRE pre-P1=00000000 kind=7
[diff /tmp/opencode/m5dir_dhun9xl9/f_popm_empty_l8] PASS (0 mismatches)

l4 PASS
TBCTRL pc=0 op=7c3 cond=0 P=00000000
TBPRE pre-P1=00000000 kind=7
[diff /tmp/opencode/m5dir_nat7zbi1/f_popm_empty_l4] PASS (0 mismatches)

l16 PASS
TBCTRL pc=0 op=7c3 cond=0 P=00000000
TBPRE pre-P1=00000000 kind=7
[diff /tmp/opencode/m5dir_igbe31n5/f_popm_empty_l16] PASS (0 mismatches)

l32 PASS
TBCTRL pc=0 op=7c3 cond=0 P=00000000
TBPRE pre-P1=00000000 kind=7
[diff /tmp/opencode/m5dir_zzhpohij/f_popm_empty_l32] PASS (0 mismatches)

l8 PASS
TBCTRL pc=0 op=7c3 cond=0 P=00000000
TBPRE pre-P1=00000000 kind=7
[diff /tmp/opencode/m5dir_rfwgwaqq/f_popm_empty_l8] PASS (0 mismatches)

l8 PASS
TBCTRL pc=0 op=7c3 cond=0 P=00000000
TBPRE pre-P1=00000000 kind=7
[diff /tmp/opencode/m5dir_yiwp87ak/f_popm_empty_l8] PASS (0 mismatches)

l8 PASS
TBCTRL pc=0 op=7c3 cond=0 P=00000000
TBPRE pre-P1=00000000 kind=7
[diff /tmp/opencode/m5dir_mfu9mpwd/f_popm_empty_l8] PASS (0 mismatches)

l8 PASS
TBCTRL pc=0 op=7c3 cond=0 P=00000000
TBPRE pre-P1=00000000 kind=7
[diff /tmp/opencode/m5dir_gxmnke16/f_popm_empty_l8] PASS (0 mismatches)

l8 PASS
TBCTRL pc=0 op=7c3 cond=0 P=00000000
TBPRE pre-P1=00000000 kind=7
[diff /tmp/opencode/m5dir_59wr0chn/f_popm_empty_l8] PASS (0 mismatches)

l4 PASS
TBCTRL pc=0 op=7c3 cond=0 P=00000000
TBPRE pre-P1=00000000 kind=7
[diff /tmp/opencode/m5dir_4t8d500k/f_popm_empty_l4] PASS (0 mismatches)

l16 PASS
TBCTRL pc=0 op=7c3 cond=0 P=00000000
TBPRE pre-P1=00000000 kind=7
[diff /tmp/opencode/m5dir_vdgeakmp/f_popm_empty_l16] PASS (0 mismatches)

l32 PASS
TBCTRL pc=0 op=7c3 cond=0 P=00000000
TBPRE pre-P1=00000000 kind=7
[diff /tmp/opencode/m5dir_u_j5wiqt/f_popm_empty_l32] PASS (0 mismatches)

l8 PASS
TBCTRL pc=0 op=7c3 cond=0 P=00000000
TBPRE pre-P1=00000000 kind=7
[diff /tmp/opencode/m5dir_j5c71qq4/f_popm_empty_l8] PASS (0 mismatches)

l8 PASS
TBCTRL pc=0 op=7c3 cond=0 P=00000000
TBPRE pre-P1=00000000 kind=7
[diff /tmp/opencode/m5dir_pbcssfg0/f_popm_empty_l8] PASS (0 mismatches)

l8 PASS
TBCTRL pc=0 op=7c3 cond=0 P=00000000
TBPRE pre-P1=00000000 kind=7
[diff /tmp/opencode/m5dir_cc93b_ly/f_popm_empty_l8] PASS (0 mismatches)

l8 PASS
TBCTRL pc=0 op=7c3 cond=0 P=00000000
TBPRE pre-P1=00000000 kind=7
[diff /tmp/opencode/m5dir_leyio7d3/f_popm_empty_l8] PASS (0 mismatches)

l8 PASS
TBCTRL pc=0 op=7c3 cond=0 P=00000000
TBPRE pre-P1=00000000 kind=7
[diff /tmp/opencode/m5dir_8ggbyb0g/f_popm_empty_l8] PASS (0 mismatches)

l8 PASS
TBCTRL pc=0 op=7c3 cond=0 P=00000000
TBPRE pre-P1=00000000 kind=7
[diff /tmp/opencode/m5dir_5kjaf7ur/f_popm_empty_l8] PASS (0 mismatches)

l8 PASS
TBCTRL pc=0 op=7c3 cond=0 P=00000000
TBPRE pre-P1=00000000 kind=7
[diff /tmp/opencode/m5dir_z6wswbl0/f_popm_empty_l8] PASS (0 mismatches)

l8 PASS
TBCTRL pc=0 op=7c3 cond=0 P=00000000
TBPRE pre-P1=00000000 kind=7
[diff /tmp/opencode/m5dir_m5sut3_0/f_popm_empty_l8] PASS (0 mismatches)

l8 PASS
TBCTRL pc=0 op=7c3 cond=0 P=00000000
TBPRE pre-P1=00000000 kind=7
[diff /tmp/opencode/m5dir_xfpax2la/f_popm_empty_l8] PASS (0 mismatches)

l8 PASS
TBCTRL pc=0 op=7c3 cond=0 P=00000000
TBPRE pre-P1=00000000 kind=7
[diff /tmp/opencode/m5dir_14b80pr1/f_popm_empty_l8] PASS (0 mismatches)

l8 PASS
TBCTRL pc=0 op=7c3 cond=0 P=00000000
TBPRE pre-P1=00000000 kind=7
[diff /tmp/opencode/m5dir_82fl1g4f/f_popm_empty_l8] PASS (0 mismatches)

l8 PASS
TBCTRL pc=0 op=7c3 cond=0 P=00000000
TBPRE pre-P1=00000000 kind=7
[diff /tmp/opencode/m5dir_v89i2244/f_popm_empty_l8] PASS (0 mismatches)

l8 PASS
TBCTRL pc=0 op=7c3 cond=0 P=00000000
TBPRE pre-P1=00000000 kind=7
[diff /tmp/opencode/m5dir_3m2r6mt2/f_popm_empty_l8] PASS (0 mismatches)

l8 PASS
TBCTRL pc=0 op=7c3 cond=0 P=00000000
TBPRE pre-P1=00000000 kind=7
[diff /tmp/opencode/m5dir_lic9sie0/f_popm_empty_l8] PASS (0 mismatches)

l8 PASS
TBCTRL pc=0 op=7c3 cond=0 P=00000000
TBPRE pre-P1=00000000 kind=7
[diff /tmp/opencode/m5dir_pomxqxiv/f_popm_empty_l8] PASS (0 mismatches)

l8 PASS
TBCTRL pc=0 op=7c3 cond=0 P=00000000
TBPRE pre-P1=00000000 kind=7
[diff /tmp/opencode/m5dir_61ow2ulj/f_popm_empty_l8] PASS (0 mismatches)

l8 PASS
TBCTRL pc=0 op=7c3 cond=0 P=00000000
TBPRE pre-P1=00000000 kind=7
[diff /tmp/opencode/m5dir_iws_lc5f/f_popm_empty_l8] PASS (0 mismatches)

l4 PASS
TBCTRL pc=0 op=7c3 cond=0 P=00000000
TBPRE pre-P1=00000000 kind=7
[diff /tmp/opencode/m5dir_5ocq1arv/f_popm_empty_l4] PASS (0 mismatches)

l8 PASS
TBCTRL pc=0 op=7c3 cond=0 P=00000000
TBPRE pre-P1=00000000 kind=7
[diff /tmp/opencode/m5dir_5ocq1arv/f_popm_empty_l8] PASS (0 mismatches)

l16 PASS
TBCTRL pc=0 op=7c3 cond=0 P=00000000
TBPRE pre-P1=00000000 kind=7
[diff /tmp/opencode/m5dir_5ocq1arv/f_popm_empty_l16] PASS (0 mismatches)

l32 PASS
TBCTRL pc=0 op=7c3 cond=0 P=00000000
TBPRE pre-P1=00000000 kind=7
[diff /tmp/opencode/m5dir_5ocq1arv/f_popm_empty_l32] PASS (0 mismatches)

l8 PASS
TBCTRL pc=0 op=7c3 cond=0 P=00000000
TBPRE pre-P1=00000000 kind=7
[diff /tmp/opencode/m5dir_gwgn1thf/f_popm_empty_l8] PASS (0 mismatches)

l8 PASS
TBCTRL pc=0 op=7c3 cond=0 P=00000000
TBPRE pre-P1=00000000 kind=7
[diff /tmp/opencode/m5dir_ksvlu_bp/f_popm_empty_l8] PASS (0 mismatches)

l4 PASS
TBCTRL pc=0 op=7c3 cond=0 P=00000000
TBPRE pre-P1=00000000 kind=7
[diff /tmp/opencode/m5dir_a3hwe3k3/f_popm_empty_l4] PASS (0 mismatches)

l8 PASS
TBCTRL pc=0 op=7c3 cond=0 P=00000000
TBPRE pre-P1=00000000 kind=7
[diff /tmp/opencode/m5dir_a3hwe3k3/f_popm_empty_l8] PASS (0 mismatches)

l16 PASS
TBCTRL pc=0 op=7c3 cond=0 P=00000000
TBPRE pre-P1=00000000 kind=7
[diff /tmp/opencode/m5dir_a3hwe3k3/f_popm_empty_l16] PASS (0 mismatches)

l32 PASS
TBCTRL pc=0 op=7c3 cond=0 P=00000000
TBPRE pre-P1=00000000 kind=7
[diff /tmp/opencode/m5dir_a3hwe3k3/f_popm_empty_l32] PASS (0 mismatches)

l4 PASS
TBCTRL pc=0 op=7c3 cond=0 P=00000000
TBPRE pre-P1=00000000 kind=7
[diff /tmp/opencode/m5dir_397a4rt_/f_popm_empty_l4] PASS (0 mismatches)

l8 PASS
TBCTRL pc=0 op=7c3 cond=0 P=00000000
TBPRE pre-P1=00000000 kind=7
[diff /tmp/opencode/m5dir_397a4rt_/f_popm_empty_l8] PASS (0 mismatches)

l16 PASS
TBCTRL pc=0 op=7c3 cond=0 P=00000000
TBPRE pre-P1=00000000 kind=7
[diff /tmp/opencode/m5dir_397a4rt_/f_popm_empty_l16] PASS (0 mismatches)

l32 PASS
TBCTRL pc=0 op=7c3 cond=0 P=00000000
TBPRE pre-P1=00000000 kind=7
[diff /tmp/opencode/m5dir_397a4rt_/f_popm_empty_l32] PASS (0 mismatches)

l8 PASS
TBCTRL pc=0 op=7c3 cond=0 P=00000000
TBPRE pre-P1=00000000 kind=7
[diff /tmp/opencode/m5dir_nefdywdo/f_popm_empty_l8] PASS (0 mismatches)

l4 PASS
TBCTRL pc=0 op=7c3 cond=0 P=00000000
TBPRE pre-P1=00000000 kind=7
[diff /tmp/opencode/m5dir_0c0hidc8/f_popm_empty_l4] PASS (0 mismatches)

l8 PASS
TBCTRL pc=0 op=7c3 cond=0 P=00000000
TBPRE pre-P1=00000000 kind=7
[diff /tmp/opencode/m5dir_0c0hidc8/f_popm_empty_l8] PASS (0 mismatches)

l16 PASS
TBCTRL pc=0 op=7c3 cond=0 P=00000000
TBPRE pre-P1=00000000 kind=7
[diff /tmp/opencode/m5dir_0c0hidc8/f_popm_empty_l16] PASS (0 mismatches)

l32 PASS
TBCTRL pc=0 op=7c3 cond=0 P=00000000
TBPRE pre-P1=00000000 kind=7
[diff /tmp/opencode/m5dir_0c0hidc8/f_popm_empty_l32] PASS (0 mismatches)

l8 PASS
TBCTRL pc=0 op=7c3 cond=0 P=00000000
TBPRE pre-P1=00000000 kind=7
[diff /tmp/opencode/m5dir_rty24e2o/f_popm_empty_l8] PASS (0 mismatches)

