l4 FAIL
MISMATCH events line 5
  A: 5 30390020a0000000 0 00 00000000 ffffffff
  B: 
MISMATCH events line 6
  A: a 60140a0000000820 0 00 00000000 ffffffff
  B: 
MISMATCH mask-events line 2
  A: w=0 k=CONTINUE pc=6 ft=2 pu=0 po=0 f=00
  B: w=0 k=LOOP_BEGIN pc=4 ft=2 pu=1 po=0 f=00
MISMATCH mask-events line 3
  A: w=0 k=UNWIND_ROUTE_LOOP pc=9 ft=2 pu=0 po=0 f=00
  B: 
MISMATCH mask-events line 4
  A: w=0 k=LOOP_END pc=9 ft=2 pu=0 po=1 f=00
  B: 
MISMATCH state line 2
  A: PRED ffffffff 00000000 00000000 00000000 00000000 00000000 00000000 00000000 00000000 00000000 00000000 00000000 00000000 00000000 00000000
  B: PRED 00000000 00000000 00000000 00000000 00000000 00000000 00000000 00000000 00000000 00000000 00000000 00000000 00000000 00000000 00000000
MISMATCH state line 4
  A: LIVE 00000000
  B: LIVE ffffffff
MISMATCH state line 5
  A: SP 00000000
  B: SP 00000002
DONE mismatch:
 G:DONE retired=10 fault=0 code=00 pc=b live=00000000
 R:DONE retired=6 fault=1 code=02 pc=5 live=ffffffff
[diff /tmp/opencode/m5dir_hl6frg40/loop_lane_counts_l4] FAIL (10 mismatches)

l8 FAIL
MISMATCH events line 5
  A: 5 30390020a0000000 0 00 00000000 ffffffff
  B: 
MISMATCH events line 6
  A: a 60140a0000000820 0 00 00000000 ffffffff
  B: 
MISMATCH mask-events line 2
  A: w=0 k=CONTINUE pc=6 ft=2 pu=0 po=0 f=00
  B: w=0 k=LOOP_BEGIN pc=4 ft=2 pu=1 po=0 f=00
MISMATCH mask-events line 3
  A: w=0 k=UNWIND_ROUTE_LOOP pc=9 ft=2 pu=0 po=0 f=00
  B: 
MISMATCH mask-events line 4
  A: w=0 k=LOOP_END pc=9 ft=2 pu=0 po=1 f=00
  B: 
MISMATCH state line 2
  A: PRED ffffffff 00000000 00000000 00000000 00000000 00000000 00000000 00000000 00000000 00000000 00000000 00000000 00000000 00000000 00000000
  B: PRED 00000000 00000000 00000000 00000000 00000000 00000000 00000000 00000000 00000000 00000000 00000000 00000000 00000000 00000000 00000000
MISMATCH state line 4
  A: LIVE 00000000
  B: LIVE ffffffff
MISMATCH state line 5
  A: SP 00000000
  B: SP 00000002
DONE mismatch:
 G:DONE retired=10 fault=0 code=00 pc=b live=00000000
 R:DONE retired=6 fault=1 code=02 pc=5 live=ffffffff
[diff /tmp/opencode/m5dir_hl6frg40/loop_lane_counts_l8] FAIL (10 mismatches)

l16 FAIL
MISMATCH events line 5
  A: 5 30390020a0000000 0 00 00000000 ffffffff
  B: 
MISMATCH events line 6
  A: a 60140a0000000820 0 00 00000000 ffffffff
  B: 
MISMATCH mask-events line 2
  A: w=0 k=CONTINUE pc=6 ft=2 pu=0 po=0 f=00
  B: w=0 k=LOOP_BEGIN pc=4 ft=2 pu=1 po=0 f=00
MISMATCH mask-events line 3
  A: w=0 k=UNWIND_ROUTE_LOOP pc=9 ft=2 pu=0 po=0 f=00
  B: 
MISMATCH mask-events line 4
  A: w=0 k=LOOP_END pc=9 ft=2 pu=0 po=1 f=00
  B: 
MISMATCH state line 2
  A: PRED ffffffff 00000000 00000000 00000000 00000000 00000000 00000000 00000000 00000000 00000000 00000000 00000000 00000000 00000000 00000000
  B: PRED 00000000 00000000 00000000 00000000 00000000 00000000 00000000 00000000 00000000 00000000 00000000 00000000 00000000 00000000 00000000
MISMATCH state line 4
  A: LIVE 00000000
  B: LIVE ffffffff
MISMATCH state line 5
  A: SP 00000000
  B: SP 00000002
DONE mismatch:
 G:DONE retired=10 fault=0 code=00 pc=b live=00000000
 R:DONE retired=6 fault=1 code=02 pc=5 live=ffffffff
[diff /tmp/opencode/m5dir_hl6frg40/loop_lane_counts_l16] FAIL (10 mismatches)

l32 FAIL
MISMATCH events line 5
  A: 5 30390020a0000000 0 00 00000000 ffffffff
  B: 
MISMATCH events line 6
  A: a 60140a0000000820 0 00 00000000 ffffffff
  B: 
MISMATCH mask-events line 2
  A: w=0 k=CONTINUE pc=6 ft=2 pu=0 po=0 f=00
  B: w=0 k=LOOP_BEGIN pc=4 ft=2 pu=1 po=0 f=00
MISMATCH mask-events line 3
  A: w=0 k=UNWIND_ROUTE_LOOP pc=9 ft=2 pu=0 po=0 f=00
  B: 
MISMATCH mask-events line 4
  A: w=0 k=LOOP_END pc=9 ft=2 pu=0 po=1 f=00
  B: 
MISMATCH state line 2
  A: PRED ffffffff 00000000 00000000 00000000 00000000 00000000 00000000 00000000 00000000 00000000 00000000 00000000 00000000 00000000 00000000
  B: PRED 00000000 00000000 00000000 00000000 00000000 00000000 00000000 00000000 00000000 00000000 00000000 00000000 00000000 00000000 00000000
MISMATCH state line 4
  A: LIVE 00000000
  B: LIVE ffffffff
MISMATCH state line 5
  A: SP 00000000
  B: SP 00000002
DONE mismatch:
 G:DONE retired=10 fault=0 code=00 pc=b live=00000000
 R:DONE retired=6 fault=1 code=02 pc=5 live=ffffffff
[diff /tmp/opencode/m5dir_hl6frg40/loop_lane_counts_l32] FAIL (10 mismatches)

l8 FAIL
M5DBG 0 LAUNCH sl=0 entry=0 cw=12 ex=ffffffff
M5DBG 0 cyc=17 st=01 iv=0000 pc0=0 ex0=ffffffff gvv=0 cls=0 flt=1
M5DBG   ex=ffffffff lv=ffffffff issbl=0
M5DBG 0 cyc=18 st=01 iv=0000 pc0=0 ex0=ffffffff gvv=0 cls=0 flt=1
M5DBG   ex=ffffffff lv=ffffffff issbl=0
M5DBG 0 cyc=19 st=01 iv=0000 pc0=0 ex0=ffffffff gvv=0 cls=0 flt=1
M5DBG   ex=ffffffff lv=ffffffff issbl=0
M5DBG 0 cyc=20 st=01 iv=0000 pc0=0 ex0=ffffffff gvv=0 cls=0 flt=1
M5DBG   ex=ffffffff lv=ffffffff issbl=0
M5DBG 0 cyc=21 st=01 iv=0001 pc0=0 ex0=ffffffff gvv=1 cls=13 flt=0
M5DBG 0 GRANT gid=0 ctrl=0 vcmp=0 vec=1 sc=0 op=0 pdst=0 cond4=0 bvr=0 bcr=0 bp=0
M5DBG   ex=ffffffff lv=ffffffff issbl=1
M5DBG 0 cyc=22 st=01 iv=0000 pc0=0 ex0=ffffffff gvv=0 cls=0 flt=1
M5DBG   ex=ffffffff lv=ffffffff issbl=0
M5DBG 0 cyc=23 st=01 iv=0000 pc0=0 ex0=ffffffff gvv=0 cls=0 flt=1
M5DBG   ex=ffffffff lv=ffffffff issbl=0
M5DBG 0 cyc=24 st=01 iv=0000 pc0=0 ex0=ffffffff gvv=0 cls=0 flt=1
M5DBG   ex=ffffffff lv=ffffffff issbl=0
M5DBG 0 cyc=25 st=01 iv=0000 pc0=0 ex0=ffffffff gvv=0 cls=0 flt=1
M5DBG   ex=ffffffff lv=ffffffff issbl=0
M5DBG 0 cyc=26 st=01 iv=0000 pc0=0 ex0=ffffffff gvv=0 cls=0 flt=1
M5DBG   ex=ffffffff lv=ffffffff issbl=0
M5DBG 0 cyc=27 st=01 iv=0000 pc0=1 ex0=ffffffff gvv=0 cls=0 flt=1
M5DBG   ex=ffffffff lv=ffffffff issbl=0
M5DBG 0 cyc=28 st=01 iv=0000 pc0=1 ex0=ffffffff gvv=0 cls=0 flt=1
M5DBG   ex=ffffffff lv=ffffffff issbl=0
M5DBG 0 cyc=29 st=01 iv=0000 pc0=1 ex0=ffffffff gvv=0 cls=0 flt=1
M5DBG   ex=ffffffff lv=ffffffff issbl=0
M5DBG 0 cyc=30 st=01 iv=0000 pc0=1 ex0=ffffffff gvv=0 cls=0 flt=1
M5DBG   ex=ffffffff lv=ffffffff issbl=0
M5DBG 0 cyc=31 st=01 iv=0001 pc0=1 ex0=ffffffff gvv=1 cls=10 flt=0
M5DBG 0 GRANT gid=0 ctrl=0 vcmp=0 vec=1 sc=0 op=0 pdst=0 cond4=0 bvr=0 bcr=0 bp=0
M5DBG   ex=ffffffff lv=ffffffff issbl=1
M5DBG 0 cyc=32 st=01 iv=0000 pc0=1 ex0=ffffffff gvv=0 cls=0 flt=1
M5DBG   ex=ffffffff lv=ffffffff issbl=0
M5DBG 0 cyc=33 st=01 iv=0000 pc0=1 ex0=ffffffff gvv=0 cls=0 flt=1
M5DBG   ex=ffffffff lv=ffffffff issbl=0
M5DBG 0 cyc=34 st=01 iv=0000 pc0=1 ex0=ffffffff gvv=0 cls=0 flt=1
M5DBG   ex=ffffffff lv=ffffffff issbl=0
M5DBG 0 cyc=35 st=01 iv=0000 pc0=1 ex0=ffffffff gvv=0 cls=0 flt=1
M5DBG   ex=ffffffff lv=ffffffff issbl=0
M5DBG 0 cyc=36 st=01 iv=0000 pc0=1 ex0=ffffffff gvv=0 cls=0 flt=1
M5DBG   ex=ffffffff lv=ffffffff issbl=0
M5DBG 0 cyc=37 st=01 iv=0000 pc0=2 ex0=ffffffff gvv=0 cls=0 flt=1
M5DBG   ex=ffffffff lv=ffffffff issbl=0
M5DBG 0 cyc=38 st=01 iv=0000 pc0=2 ex0=ffffffff gvv=0 cls=0 flt=1
M5DBG   ex=ffffffff lv=ffffffff issbl=0
M5DBG 0 cyc=39 st=01 iv=0000 pc0=2 ex0=ffffffff gvv=0 cls=0 flt=1
M5DBG   ex=ffffffff lv=ffffffff issbl=0
M5DBG 0 cyc=40 st=01 iv=0001 pc0=2 ex0=ffffffff gvv=1 cls=10 flt=0
M5DBG 0 GRANT gid=0 ctrl=0 vcmp=0 vec=1 sc=0 op=0 pdst=0 cond4=0 bvr=0 bcr=0 bp=0
M5DBG   ex=ffffffff lv=ffffffff issbl=1
M5DBG 0 cyc=41 st=01 iv=0000 pc0=2 ex0=ffffffff gvv=0 cls=0 flt=1
M5DBG   ex=ffffffff lv=ffffffff issbl=0
M5DBG 0 cyc=42 st=01 iv=0000 pc0=2 ex0=ffffffff gvv=0 cls=0 flt=1
M5DBG   ex=ffffffff lv=ffffffff issbl=0
M5DBG 0 cyc=43 st=01 iv=0000 pc0=2 ex0=ffffffff gvv=0 cls=0 flt=1
M5DBG   ex=ffffffff lv=ffffffff issbl=0
M5DBG 0 cyc=44 st=01 iv=0000 pc0=2 ex0=ffffffff gvv=0 cls=0 flt=1
M5DBG   ex=ffffffff lv=ffffffff issbl=0
M5DBG 0 cyc=45 st=01 iv=0000 pc0=2 ex0=ffffffff gvv=0 cls=0 flt=1
M5DBG   ex=ffffffff lv=ffffffff issbl=0
M5DBG 0 cyc=46 st=01 iv=0000 pc0=3 ex0=ffffffff gvv=0 cls=0 flt=1
M5DBG   ex=ffffffff lv=ffffffff issbl=0
M5DBG 0 cyc=47 st=01 iv=0000 pc0=3 ex0=ffffffff gvv=0 cls=0 flt=1
M5DBG   ex=ffffffff lv=ffffffff issbl=0
M5DBG 0 cyc=48 st=01 iv=0000 pc0=3 ex0=ffffffff gvv=0 cls=0 flt=1
M5DBG   ex=ffffffff lv=ffffffff issbl=0
M5DBG 0 cyc=49 st=01 iv=0000 pc0=3 ex0=ffffffff gvv=0 cls=0 flt=1
M5DBG   ex=ffffffff lv=ffffffff issbl=0
M5DBG 0 cyc=50 st=01 iv=0001 pc0=3 ex0=ffffffff gvv=1 cls=11 flt=0
M5DBG 0 GRANT gid=0 ctrl=0 vcmp=0 vec=1 sc=0 op=0 pdst=0 cond4=0 bvr=0 bcr=0 bp=0
M5DBG   ex=ffffffff lv=ffffffff issbl=1
M5DBG 0 cyc=51 st=01 iv=0000 pc0=3 ex0=ffffffff gvv=0 cls=0 flt=1
M5DBG   ex=ffffffff lv=ffffffff issbl=0
M5DBG 0 cyc=52 st=01 iv=0000 pc0=3 ex0=ffffffff gvv=0 cls=0 flt=1
M5DBG   ex=ffffffff lv=ffffffff issbl=0
M5DBG 0 cyc=53 st=01 iv=0000 pc0=3 ex0=ffffffff gvv=0 cls=0 flt=1
M5DBG   ex=ffffffff lv=ffffffff issbl=0
M5DBG 0 cyc=54 st=01 iv=0000 pc0=3 ex0=ffffffff gvv=0 cls=0 flt=1
M5DBG   ex=ffffffff lv=ffffffff issbl=0
M5DBG 0 cyc=55 st=01 iv=0000 pc0=3 ex0=ffffffff gvv=0 cls=0 flt=1
M5DBG   ex=ffffffff lv=ffffffff issbl=0
M5DBG 0 cyc=56 st=01 iv=0000 pc0=4 ex0=ffffffff gvv=0 cls=0 flt=1
M5DBG   ex=ffffffff lv=ffffffff issbl=0
M5DBG 0 cyc=57 st=01 iv=0000 pc0=4 ex0=ffffffff gvv=0 cls=0 flt=1
M5DBG   ex=ffffffff lv=ffffffff issbl=0
M5DBG 0 cyc=58 st=01 iv=0000 pc0=4 ex0=ffffffff gvv=0 cls=0 flt=1
M5DBG   ex=ffffffff lv=ffffffff issbl=0
M5DBG 0 cyc=59 st=01 iv=0000 pc0=4 ex0=ffffffff gvv=0 cls=0 flt=1
M5DBG   ex=ffffffff lv=ffffffff issbl=0
MISMATCH events line 5
  A: 5 30390020a0000000 0 00 00000000 ffffffff
  B: 
MISMATCH events line 6
  A: a 60140a0000000820 0 00 00000000 ffffffff
  B: 
MISMATCH mask-events line 2
  A: w=0 k=CONTINUE pc=6 ft=2 pu=0 po=0 f=00
  B: w=0 k=LOOP_BEGIN pc=4 ft=2 pu=1 po=0 f=00
MISMATCH mask-events line 3
  A: w=0 k=UNWIND_ROUTE_LOOP pc=9 ft=2 pu=0 po=0 f=00
  B: 
MISMATCH mask-events line 4
  A: w=0 k=LOOP_END pc=9 ft=2 pu=0 po=1 f=00
  B: 
MISMATCH state line 2
  A: PRED ffffffff 00000000 00000000 00000000 00000000 00000000 00000000 00000000 00000000 00000000 00000000 00000000 00000000 00000000 00000000
  B: PRED 00000000 00000000 00000000 00000000 00000000 00000000 00000000 00000000 00000000 00000000 00000000 00000000 00000000 00000000 00000000
MISMATCH state line 4
  A: LIVE 00000000
  B: LIVE ffffffff
MISMATCH state line 5
  A: SP 00000000
  B: SP 00000002
DONE mismatch:
 G:DONE retired=10 fault=0 code=00 pc=b live=00000000
 R:DONE retired=6 fault=1 code=02 pc=5 live=ffffffff
[diff /tmp/opencode/m5dir_yqrgrzwr/loop_lane_counts_l8] FAIL (10 mismatches)

l8 FAIL
MISMATCH mask-events line 2
  A: w=0 k=CONTINUE pc=6 ft=2 pu=0 po=0 f=00
  B: w=0 k=LOOP_BEGIN pc=4 ft=2 pu=1 po=0 f=00
MISMATCH mask-events line 3
  A: w=0 k=UNWIND_ROUTE_LOOP pc=9 ft=2 pu=0 po=0 f=00
  B: w=0 k=CONTINUE pc=6 ft=0 pu=0 po=0 f=00
MISMATCH mask-events line 4
  A: w=0 k=LOOP_END pc=9 ft=2 pu=0 po=1 f=00
  B: w=0 k=CONTINUE pc=6 ft=0 pu=0 po=0 f=00
MISMATCH state line 3
  A: EXEC ffffffff
  B: EXEC 00000000
MISMATCH state line 5
  A: SP 00000000
  B: SP 00000002
DONE mismatch:
 G:DONE retired=9 fault=0 code=00 pc=a live=00000000
 R:DONE retired=9 fault=0 code=00 pc=6 live=00000000
[diff /tmp/opencode/m5dir_vuo31uau/loop_lane_counts_l8] FAIL (7 mismatches)

l8 FAIL
MISMATCH mask-events line 2
  A: w=0 k=CONTINUE pc=6 ft=2 pu=0 po=0 f=00
  B: w=0 k=LOOP_BEGIN pc=4 ft=2 pu=1 po=0 f=00
MISMATCH mask-events line 3
  A: w=0 k=UNWIND_ROUTE_LOOP pc=9 ft=2 pu=0 po=0 f=00
  B: w=0 k=CONTINUE pc=6 ft=0 pu=0 po=0 f=00
MISMATCH mask-events line 4
  A: w=0 k=LOOP_END pc=9 ft=2 pu=0 po=1 f=00
  B: w=0 k=CONTINUE pc=6 ft=0 pu=0 po=0 f=00
MISMATCH state line 3
  A: EXEC ffffffff
  B: EXEC 00000000
MISMATCH state line 5
  A: SP 00000000
  B: SP 00000002
DONE mismatch:
 G:DONE retired=9 fault=0 code=00 pc=a live=00000000
 R:DONE retired=9 fault=0 code=00 pc=6 live=00000000
[diff /tmp/opencode/m5dir_s8b0sx_g/loop_lane_counts_l8] FAIL (7 mismatches)

l8 FAIL
MISMATCH mask-events line 2
  A: w=0 k=CONTINUE pc=6 ft=2 pu=0 po=0 f=00
  B: w=0 k=CONTINUE pc=6 ft=0 pu=0 po=0 f=00
MISMATCH mask-events line 3
  A: w=0 k=UNWIND_ROUTE_LOOP pc=9 ft=2 pu=0 po=0 f=00
  B: w=0 k=CONTINUE pc=6 ft=0 pu=0 po=0 f=00
MISMATCH mask-events line 4
  A: w=0 k=LOOP_END pc=9 ft=2 pu=0 po=1 f=00
  B: 
MISMATCH state line 3
  A: EXEC ffffffff
  B: EXEC 00000000
MISMATCH state line 5
  A: SP 00000000
  B: SP 00000001
DONE mismatch:
 G:DONE retired=9 fault=0 code=00 pc=a live=00000000
 R:DONE retired=8 fault=0 code=00 pc=6 live=00000000
[diff /tmp/opencode/m5dir_twd9wypx/loop_lane_counts_l8] FAIL (7 mismatches)

l8 FAIL
MISMATCH mask-events line 3
  A: w=0 k=UNWIND_ROUTE_LOOP pc=9 ft=2 pu=0 po=0 f=00
  B: w=0 k=CONTINUE pc=6 ft=2 pu=0 po=0 f=00
MISMATCH mask-events line 4
  A: w=0 k=LOOP_END pc=9 ft=2 pu=0 po=1 f=00
  B: 
MISMATCH mask-events line 5
  A: w=0 k=RET_KERNEL_WF pc=a ft=0 pu=0 po=0 f=00
  B: 
MISMATCH state line 3
  A: EXEC ffffffff
  B: EXEC 00000000
MISMATCH state line 5
  A: SP 00000000
  B: SP 00000001
DONE mismatch:
 G:DONE retired=9 fault=0 code=00 pc=a live=00000000
 R:DONE retired=8 fault=0 code=00 pc=6 live=00000000
[diff /tmp/opencode/m5dir_k09es4om/loop_lane_counts_l8] FAIL (6 mismatches)

l8 FAIL
MISMATCH mask-events line 3
  A: w=0 k=UNWIND_ROUTE_LOOP pc=9 ft=2 pu=0 po=0 f=00
  B: w=0 k=CONTINUE pc=6 ft=2 pu=0 po=0 f=00
MISMATCH mask-events line 4
  A: w=0 k=LOOP_END pc=9 ft=2 pu=0 po=1 f=00
  B: 
MISMATCH mask-events line 5
  A: w=0 k=RET_KERNEL_WF pc=a ft=0 pu=0 po=0 f=00
  B: 
MISMATCH state line 3
  A: EXEC ffffffff
  B: EXEC 00000000
MISMATCH state line 5
  A: SP 00000000
  B: SP 00000001
DONE mismatch:
 G:DONE retired=9 fault=0 code=00 pc=a live=00000000
 R:DONE retired=8 fault=0 code=00 pc=6 live=00000000
[diff /tmp/opencode/m5dir_ll15n3yn/loop_lane_counts_l8] FAIL (6 mismatches)

l8 FAIL
MISMATCH mask-events line 3
  A: w=0 k=UNWIND_ROUTE_LOOP pc=9 ft=2 pu=0 po=0 f=00
  B: w=0 k=CONTINUE pc=6 ft=2 pu=0 po=0 f=00
MISMATCH mask-events line 4
  A: w=0 k=LOOP_END pc=9 ft=2 pu=0 po=1 f=00
  B: 
MISMATCH mask-events line 5
  A: w=0 k=RET_KERNEL_WF pc=a ft=0 pu=0 po=0 f=00
  B: 
MISMATCH state line 3
  A: EXEC ffffffff
  B: EXEC 00000000
MISMATCH state line 5
  A: SP 00000000
  B: SP 00000001
DONE mismatch:
 G:DONE retired=9 fault=0 code=00 pc=a live=00000000
 R:DONE retired=8 fault=0 code=00 pc=6 live=00000000
[diff /tmp/opencode/m5dir_9qpvt_kl/loop_lane_counts_l8] FAIL (6 mismatches)

l8 FAIL
cycle cap exceeded ()

l8 FAIL
cycle cap exceeded ()

l8 FAIL
MISMATCH mask-events line 2
  A: w=0 k=UNWIND_ROUTE_LOOP pc=9 ft=2 pu=0 po=0 f=00
  B: w=0 k=CONTINUE pc=6 ft=2 pu=0 po=0 f=00
[diff /tmp/opencode/m5dir_6g6w9152/loop_lane_counts_l8] FAIL (1 mismatches)

l8 FAIL
MISMATCH mask-events line 2
  A: w=0 k=UNWIND_ROUTE_LOOP pc=9 ft=2 pu=0 po=0 f=00
  B: w=0 k=CONTINUE pc=6 ft=2 pu=0 po=0 f=00
[diff /tmp/opencode/m5dir_3gdj54qr/loop_lane_counts_l8] FAIL (1 mismatches)

l8 FAIL
M5DBG 0 LAUNCH sl=0 entry=0 cw=11 ex=ffffffff
M5DBG 0 cyc=17 st=01 iv=0000 pc0=0 ex0=ffffffff gvv=0 cls=0 flt=1
M5DBG   ex=ffffffff lv=ffffffff issbl=0
M5DBG 0 cyc=18 st=01 iv=0000 pc0=0 ex0=ffffffff gvv=0 cls=0 flt=1
M5DBG   ex=ffffffff lv=ffffffff issbl=0
M5DBG 0 cyc=19 st=01 iv=0000 pc0=0 ex0=ffffffff gvv=0 cls=0 flt=1
M5DBG   ex=ffffffff lv=ffffffff issbl=0
M5DBG 0 cyc=20 st=01 iv=0000 pc0=0 ex0=ffffffff gvv=0 cls=0 flt=1
M5DBG   ex=ffffffff lv=ffffffff issbl=0
M5DBG 0 cyc=21 st=01 iv=0001 pc0=0 ex0=ffffffff gvv=1 cls=13 flt=0
M5DBG 0 GRANT gid=0 ctrl=0 vcmp=0 vec=1 sc=0 op=0 pdst=0 cond4=0 pw=ffffffff pc=0     61440 0
M5DBG   ex=ffffffff lv=ffffffff issbl=1
M5DBG 0 cyc=22 st=01 iv=0000 pc0=0 ex0=ffffffff gvv=0 cls=0 flt=1
M5DBG   ex=ffffffff lv=ffffffff issbl=0
M5DBG 0 cyc=23 st=01 iv=0000 pc0=0 ex0=ffffffff gvv=0 cls=0 flt=1
M5DBG   ex=ffffffff lv=ffffffff issbl=0
M5DBG 0 cyc=24 st=01 iv=0000 pc0=0 ex0=ffffffff gvv=0 cls=0 flt=1
M5DBG   ex=ffffffff lv=ffffffff issbl=0
M5DBG 0 cyc=25 st=01 iv=0000 pc0=0 ex0=ffffffff gvv=0 cls=0 flt=1
M5DBG   ex=ffffffff lv=ffffffff issbl=0
M5DBG 0 cyc=26 st=01 iv=0000 pc0=0 ex0=ffffffff gvv=0 cls=0 flt=1
M5DBG   ex=ffffffff lv=ffffffff issbl=0
M5DBG 0 cyc=27 st=01 iv=0000 pc0=1 ex0=ffffffff gvv=0 cls=0 flt=1
M5DBG   ex=ffffffff lv=ffffffff issbl=0
M5DBG 0 cyc=28 st=01 iv=0000 pc0=1 ex0=ffffffff gvv=0 cls=0 flt=1
M5DBG   ex=ffffffff lv=ffffffff issbl=0
M5DBG 0 cyc=29 st=01 iv=0000 pc0=1 ex0=ffffffff gvv=0 cls=0 flt=1
M5DBG   ex=ffffffff lv=ffffffff issbl=0
M5DBG 0 cyc=30 st=01 iv=0000 pc0=1 ex0=ffffffff gvv=0 cls=0 flt=1
M5DBG   ex=ffffffff lv=ffffffff issbl=0
M5DBG 0 cyc=31 st=01 iv=0001 pc0=1 ex0=ffffffff gvv=1 cls=10 flt=0
M5DBG 0 GRANT gid=0 ctrl=0 vcmp=0 vec=1 sc=0 op=0 pdst=0 cond4=0 pw=ffffffff pc=1     61440 0
M5DBG   ex=ffffffff lv=ffffffff issbl=1
M5DBG 0 cyc=32 st=01 iv=0000 pc0=1 ex0=ffffffff gvv=0 cls=0 flt=1
M5DBG   ex=ffffffff lv=ffffffff issbl=0
M5DBG 0 cyc=33 st=01 iv=0000 pc0=1 ex0=ffffffff gvv=0 cls=0 flt=1
M5DBG   ex=ffffffff lv=ffffffff issbl=0
M5DBG 0 cyc=34 st=01 iv=0000 pc0=1 ex0=ffffffff gvv=0 cls=0 flt=1
M5DBG   ex=ffffffff lv=ffffffff issbl=0
M5DBG 0 cyc=35 st=01 iv=0000 pc0=1 ex0=ffffffff gvv=0 cls=0 flt=1
M5DBG   ex=ffffffff lv=ffffffff issbl=0
M5DBG 0 cyc=36 st=01 iv=0000 pc0=1 ex0=ffffffff gvv=0 cls=0 flt=1
M5DBG   ex=ffffffff lv=ffffffff issbl=0
M5DBG 0 cyc=37 st=01 iv=0000 pc0=2 ex0=ffffffff gvv=0 cls=0 flt=1
M5DBG   ex=ffffffff lv=ffffffff issbl=0
M5DBG 0 cyc=38 st=01 iv=0000 pc0=2 ex0=ffffffff gvv=0 cls=0 flt=1
M5DBG   ex=ffffffff lv=ffffffff issbl=0
M5DBG 0 cyc=39 st=01 iv=0000 pc0=2 ex0=ffffffff gvv=0 cls=0 flt=1
M5DBG   ex=ffffffff lv=ffffffff issbl=0
M5DBG 0 cyc=40 st=01 iv=0001 pc0=2 ex0=ffffffff gvv=1 cls=10 flt=0
M5DBG 0 GRANT gid=0 ctrl=0 vcmp=0 vec=1 sc=0 op=0 pdst=0 cond4=0 pw=ffffffff pc=2     61440 0
M5DBG   ex=ffffffff lv=ffffffff issbl=1
M5DBG 0 cyc=41 st=01 iv=0000 pc0=2 ex0=ffffffff gvv=0 cls=0 flt=1
M5DBG   ex=ffffffff lv=ffffffff issbl=0
M5DBG 0 cyc=42 st=01 iv=0000 pc0=2 ex0=ffffffff gvv=0 cls=0 flt=1
M5DBG   ex=ffffffff lv=ffffffff issbl=0
M5DBG 0 cyc=43 st=01 iv=0000 pc0=2 ex0=ffffffff gvv=0 cls=0 flt=1
M5DBG   ex=ffffffff lv=ffffffff issbl=0
M5DBG 0 cyc=44 st=01 iv=0000 pc0=2 ex0=ffffffff gvv=0 cls=0 flt=1
M5DBG   ex=ffffffff lv=ffffffff issbl=0
M5DBG 0 cyc=45 st=01 iv=0000 pc0=2 ex0=ffffffff gvv=0 cls=0 flt=1
M5DBG   ex=ffffffff lv=ffffffff issbl=0
M5DBG 0 cyc=46 st=01 iv=0000 pc0=3 ex0=ffffffff gvv=0 cls=0 flt=1
M5DBG   ex=ffffffff lv=ffffffff issbl=0
M5DBG 0 cyc=47 st=01 iv=0000 pc0=3 ex0=ffffffff gvv=0 cls=0 flt=1
M5DBG   ex=ffffffff lv=ffffffff issbl=0
M5DBG 0 cyc=48 st=01 iv=0000 pc0=3 ex0=ffffffff gvv=0 cls=0 flt=1
M5DBG   ex=ffffffff lv=ffffffff issbl=0
M5DBG 0 cyc=49 st=01 iv=0000 pc0=3 ex0=ffffffff gvv=0 cls=0 flt=1
M5DBG   ex=ffffffff lv=ffffffff issbl=0
M5DBG 0 cyc=50 st=01 iv=0001 pc0=3 ex0=ffffffff gvv=1 cls=11 flt=0
M5DBG 0 GRANT gid=0 ctrl=0 vcmp=0 vec=1 sc=0 op=0 pdst=0 cond4=0 pw=ffffffff pc=3  16838656 0
M5DBG   ex=ffffffff lv=ffffffff issbl=1
M5DBG 0 cyc=51 st=01 iv=0000 pc0=3 ex0=ffffffff gvv=0 cls=0 flt=1
M5DBG   ex=ffffffff lv=ffffffff issbl=0
M5DBG 0 cyc=52 st=01 iv=0000 pc0=3 ex0=ffffffff gvv=0 cls=0 flt=1
M5DBG   ex=ffffffff lv=ffffffff issbl=0
M5DBG 0 cyc=53 st=01 iv=0000 pc0=3 ex0=ffffffff gvv=0 cls=0 flt=1
M5DBG   ex=ffffffff lv=ffffffff issbl=0
M5DBG 0 cyc=54 st=01 iv=0000 pc0=3 ex0=ffffffff gvv=0 cls=0 flt=1
M5DBG   ex=ffffffff lv=ffffffff issbl=0
M5DBG 0 cyc=55 st=01 iv=0000 pc0=3 ex0=ffffffff gvv=0 cls=0 flt=1
M5DBG   ex=ffffffff lv=ffffffff issbl=0
M5DBG 0 cyc=56 st=01 iv=0000 pc0=4 ex0=ffffffff gvv=0 cls=0 flt=1
M5DBG   ex=ffffffff lv=ffffffff issbl=0
M5DBG 0 cyc=57 st=01 iv=0000 pc0=4 ex0=ffffffff gvv=0 cls=0 flt=1
M5DBG   ex=ffffffff lv=ffffffff issbl=0
M5DBG 0 cyc=58 st=01 iv=0000 pc0=4 ex0=ffffffff gvv=0 cls=0 flt=1
M5DBG   ex=ffffffff lv=ffffffff issbl=0
M5DBG 0 cyc=59 st=01 iv=0000 pc0=4 ex0=ffffffff gvv=0 cls=0 flt=1
M5DBG   ex=ffffffff lv=ffffffff issbl=0
M5DBG 0 cyc=60 st=01 iv=0000 pc0=4 ex0=ffffffff gvv=0 cls=0 flt=1
M5DBG   ex=ffffffff lv=ffffffff issbl=0
M5DBG 0 cyc=61 st=01 iv=0001 pc0=4 ex0=ffffffff gvv=1 cls=14 flt=0
M5DBG 0 GRANT gid=0 ctrl=1 vcmp=0 vec=0 sc=0 op=2 pdst=0 cond4=0 pw=00000000 pc=4  67108864 0
M5DBG   ex=ffffffff lv=ffffffff issbl=1
M5ENGIN 0 op=2 sp=0 li=32 tft=00 ph=0 ma=00000000 pc=4
M5DBG 0 cyc=62 st=01 iv=0000 pc0=4 ex0=ffffffff gvv=0 cls=0 flt=1
M5DBG   ex=ffffffff lv=ffffffff issbl=0
M5ENGIN 0 RESULT done=1 fault=0 pop=0 pc=5 we=1 ex=ffffffff st=0
M5DBG 0 cyc=63 st=01 iv=0000 pc0=4 ex0=ffffffff gvv=0 cls=0 flt=1
M5DBG   ex=ffffffff lv=ffffffff issbl=0
M5DBG 0 MCDONE d=1 f=0 code=00 own=0 oex=ffffffff osp=1
M5DBG 0 cyc=64 st=01 iv=0000 pc0=5 ex0=ffffffff gvv=0 cls=0 flt=1
M5DBG   ex=ffffffff lv=ffffffff issbl=0
M5DBG 0 cyc=65 st=01 iv=0000 pc0=5 ex0=ffffffff gvv=0 cls=0 flt=1
M5DBG   ex=ffffffff lv=ffffffff issbl=0
M5DBG 0 cyc=66 st=01 iv=0000 pc0=5 ex0=ffffffff gvv=0 cls=0 flt=1
M5DBG   ex=ffffffff lv=ffffffff issbl=0
M5DBG 0 cyc=67 st=01 iv=0001 pc0=5 ex0=ffffffff gvv=1 cls=15 flt=0
M5DBG 0 GRANT gid=0 ctrl=0 vcmp=1 vec=0 sc=0 op=0 pdst=0 cond4=0 pw=00000000 pc=52684354560 0
M5DBG   ex=ffffffff lv=ffffffff issbl=1
M5DBG 0 cyc=68 st=01 iv=0000 pc0=5 ex0=ffffffff gvv=0 cls=0 flt=1
M5DBG   ex=ffffffff lv=ffffffff issbl=0
M5DBG 0 cyc=69 st=01 iv=0000 pc0=5 ex0=ffffffff gvv=0 cls=0 flt=1
M5DBG   ex=ffffffff lv=ffffffff issbl=0
M5DBG 0 cyc=70 st=01 iv=0000 pc0=5 ex0=ffffffff gvv=0 cls=0 flt=1
M5DBG   ex=ffffffff lv=ffffffff issbl=0
M5DBG 0 cyc=71 st=01 iv=0000 pc0=5 ex0=ffffffff gvv=0 cls=0 flt=1
M5DBG   ex=ffffffff lv=ffffffff issbl=0
M5DBG 0 cyc=72 st=01 iv=0000 pc0=5 ex0=ffffffff gvv=0 cls=0 flt=1
M5DBG   ex=ffffffff lv=ffffffff issbl=0
M5DBG 0 cyc=73 st=01 iv=0000 pc0=6 ex0=ffffffff gvv=0 cls=0 flt=1
M5DBG   ex=ffffffff lv=ffffffff issbl=0
M5DBG 0 cyc=74 st=01 iv=0000 pc0=6 ex0=ffffffff gvv=0 cls=0 flt=1
M5DBG   ex=ffffffff lv=ffffffff issbl=0
M5DBG 0 cyc=75 st=01 iv=0000 pc0=6 ex0=ffffffff gvv=0 cls=0 flt=1
M5DBG   ex=ffffffff lv=ffffffff issbl=0
M5DBG 0 cyc=76 st=01 iv=0001 pc0=6 ex0=ffffffff gvv=1 cls=14 flt=0
M5DBG 0 GRANT gid=0 ctrl=1 vcmp=0 vec=0 sc=0 op=5 pdst=0 cond4=0 pw=ffffffff pc=6         0 0
M5DBG   ex=ffffffff lv=ffffffff issbl=1
M5ENGIN 0 op=5 sp=1 li=0 tft=10 ph=0 ma=ffffffff pc=6
M5DBG 0 cyc=77 st=01 iv=0000 pc0=6 ex0=ffffffff gvv=0 cls=0 flt=1
M5DBG   ex=ffffffff lv=ffffffff issbl=0
M5DBG 0 cyc=78 st=01 iv=0000 pc0=6 ex0=ffffffff gvv=0 cls=0 flt=1
M5DBG   ex=ffffffff lv=ffffffff issbl=0
M5DBG 0 cyc=79 st=01 iv=0000 pc0=6 ex0=ffffffff gvv=0 cls=0 flt=1
M5DBG   ex=ffffffff lv=ffffffff issbl=0
M5ENGIN 0 RESULT done=1 fault=0 pop=0 pc=9 we=1 ex=00000000 st=0
M5DBG 0 cyc=80 st=01 iv=0000 pc0=6 ex0=ffffffff gvv=0 cls=0 flt=1
M5DBG   ex=ffffffff lv=ffffffff issbl=0
M5DBG 0 MCDONE d=1 f=0 code=00 own=0 oex=00000000 osp=1
M5DBG 0 cyc=81 st=01 iv=0000 pc0=9 ex0=00000000 gvv=0 cls=0 flt=1
M5DBG   ex=00000000 lv=ffffffff issbl=0
M5DBG 0 cyc=82 st=01 iv=0000 pc0=9 ex0=00000000 gvv=0 cls=0 flt=1
M5DBG   ex=00000000 lv=ffffffff issbl=0
M5DBG 0 cyc=83 st=01 iv=0000 pc0=9 ex0=00000000 gvv=0 cls=0 flt=1
M5DBG   ex=00000000 lv=ffffffff issbl=0
M5DBG 0 cyc=84 st=01 iv=0001 pc0=9 ex0=00000000 gvv=1 cls=14 flt=0
M5DBG 0 GRANT gid=0 ctrl=1 vcmp=0 vec=0 sc=0 op=3 pdst=15 cond4=1 pw=00000000 pc=94212129792 1
M5DBG   ex=00000000 lv=ffffffff issbl=1
M5ENGIN 0 op=3 sp=1 li=0 tft=10 ph=0 ma=00000000 pc=9
M5DBG 0 cyc=85 st=01 iv=0000 pc0=9 ex0=00000000 gvv=0 cls=0 flt=1
M5DBG   ex=00000000 lv=ffffffff issbl=0
M5ENGIN 0 RESULT done=1 fault=0 pop=1 pc=10 we=1 ex=ffffffff st=0
M5DBG 0 cyc=86 st=01 iv=0000 pc0=9 ex0=00000000 gvv=0 cls=0 flt=1
M5DBG   ex=00000000 lv=ffffffff issbl=0
M5DBG 0 MCDONE d=1 f=0 code=00 own=0 oex=ffffffff osp=0
M5DBG 0 cyc=87 st=01 iv=0000 pc0=10 ex0=ffffffff gvv=0 cls=0 flt=1
M5DBG   ex=ffffffff lv=ffffffff issbl=0
M5DBG 0 cyc=88 st=01 iv=0000 pc0=10 ex0=ffffffff gvv=0 cls=0 flt=1
M5DBG   ex=ffffffff lv=ffffffff issbl=0
M5DBG 0 cyc=89 st=01 iv=0000 pc0=10 ex0=ffffffff gvv=0 cls=0 flt=1
M5DBG   ex=ffffffff lv=ffffffff issbl=0
M5DBG 0 cyc=90 st=01 iv=0000 pc0=10 ex0=ffffffff gvv=0 cls=0 flt=1
M5DBG   ex=ffffffff lv=ffffffff issbl=0
M5DBG 0 cyc=91 st=01 iv=0001 pc0=10 ex0=ffffffff gvv=1 cls=14 flt=0
M5DBG 0 GRANT gid=0 ctrl=1 vcmp=0 vec=0 sc=0 op=12 pdst=0 cond4=0 pw=ffffffff pc=10         0 0
M5DBG   ex=ffffffff lv=ffffffff issbl=1
M5ENGIN 0 op=12 sp=0 li=32 tft=00 ph=0 ma=00000000 pc=10
M5DBG 0 cyc=92 st=01 iv=0000 pc0=10 ex0=ffffffff gvv=0 cls=0 flt=1
M5DBG   ex=ffffffff lv=ffffffff issbl=0
M5ENGIN 0 RESULT done=1 fault=0 pop=0 pc=0 we=0 ex=ffffffff st=0
M5DBG 0 cyc=93 st=01 iv=0000 pc0=10 ex0=ffffffff gvv=0 cls=0 flt=1
M5DBG   ex=ffffffff lv=ffffffff issbl=0
M5DBG 0 MCDONE d=1 f=0 code=00 own=0 oex=ffffffff osp=0
M5DBG 0 cyc=94 st=01 iv=0000 pc0=10 ex0=ffffffff gvv=0 cls=0 flt=1
M5DBG   ex=ffffffff lv=00000000 issbl=0
MISMATCH mask-events line 2
  A: w=0 k=UNWIND_ROUTE_LOOP pc=9 ft=2 pu=0 po=0 f=00
  B: w=0 k=CONTINUE pc=6 ft=2 pu=0 po=0 f=00
[diff /tmp/opencode/m5dir_bs2se752/loop_lane_counts_l8] FAIL (1 mismatches)

l8 PASS
M5DBG 0 LAUNCH sl=0 entry=0 cw=11 ex=ffffffff
M5DBG 0 cyc=17 st=01 iv=0000 pc0=0 ex0=ffffffff gvv=0 cls=0 flt=1
M5DBG   ex=ffffffff lv=ffffffff issbl=0
M5DBG 0 cyc=18 st=01 iv=0000 pc0=0 ex0=ffffffff gvv=0 cls=0 flt=1
M5DBG   ex=ffffffff lv=ffffffff issbl=0
M5DBG 0 cyc=19 st=01 iv=0000 pc0=0 ex0=ffffffff gvv=0 cls=0 flt=1
M5DBG   ex=ffffffff lv=ffffffff issbl=0
M5DBG 0 cyc=20 st=01 iv=0000 pc0=0 ex0=ffffffff gvv=0 cls=0 flt=1
M5DBG   ex=ffffffff lv=ffffffff issbl=0
M5DBG 0 cyc=21 st=01 iv=0001 pc0=0 ex0=ffffffff gvv=1 cls=13 flt=0
M5DBG 0 GRANT gid=0 ctrl=0 vcmp=0 vec=1 sc=0 op=0 pdst=0 cond4=0 pw=ffffffff pc=0     61440 0
M5DBG   ex=ffffffff lv=ffffffff issbl=1
M5DBG 0 cyc=22 st=01 iv=0000 pc0=0 ex0=ffffffff gvv=0 cls=0 flt=1
M5DBG   ex=ffffffff lv=ffffffff issbl=0
M5DBG 0 cyc=23 st=01 iv=0000 pc0=0 ex0=ffffffff gvv=0 cls=0 flt=1
M5DBG   ex=ffffffff lv=ffffffff issbl=0
M5DBG 0 cyc=24 st=01 iv=0000 pc0=0 ex0=ffffffff gvv=0 cls=0 flt=1
M5DBG   ex=ffffffff lv=ffffffff issbl=0
M5DBG 0 cyc=25 st=01 iv=0000 pc0=0 ex0=ffffffff gvv=0 cls=0 flt=1
M5DBG   ex=ffffffff lv=ffffffff issbl=0
M5DBG 0 cyc=26 st=01 iv=0000 pc0=0 ex0=ffffffff gvv=0 cls=0 flt=1
M5DBG   ex=ffffffff lv=ffffffff issbl=0
M5DBG 0 cyc=27 st=01 iv=0000 pc0=1 ex0=ffffffff gvv=0 cls=0 flt=1
M5DBG   ex=ffffffff lv=ffffffff issbl=0
M5DBG 0 cyc=28 st=01 iv=0000 pc0=1 ex0=ffffffff gvv=0 cls=0 flt=1
M5DBG   ex=ffffffff lv=ffffffff issbl=0
M5DBG 0 cyc=29 st=01 iv=0000 pc0=1 ex0=ffffffff gvv=0 cls=0 flt=1
M5DBG   ex=ffffffff lv=ffffffff issbl=0
M5DBG 0 cyc=30 st=01 iv=0000 pc0=1 ex0=ffffffff gvv=0 cls=0 flt=1
M5DBG   ex=ffffffff lv=ffffffff issbl=0
M5DBG 0 cyc=31 st=01 iv=0001 pc0=1 ex0=ffffffff gvv=1 cls=10 flt=0
M5DBG 0 GRANT gid=0 ctrl=0 vcmp=0 vec=1 sc=0 op=0 pdst=0 cond4=0 pw=ffffffff pc=1     61440 0
M5DBG   ex=ffffffff lv=ffffffff issbl=1
M5DBG 0 cyc=32 st=01 iv=0000 pc0=1 ex0=ffffffff gvv=0 cls=0 flt=1
M5DBG   ex=ffffffff lv=ffffffff issbl=0
M5DBG 0 cyc=33 st=01 iv=0000 pc0=1 ex0=ffffffff gvv=0 cls=0 flt=1
M5DBG   ex=ffffffff lv=ffffffff issbl=0
M5DBG 0 cyc=34 st=01 iv=0000 pc0=1 ex0=ffffffff gvv=0 cls=0 flt=1
M5DBG   ex=ffffffff lv=ffffffff issbl=0
M5DBG 0 cyc=35 st=01 iv=0000 pc0=1 ex0=ffffffff gvv=0 cls=0 flt=1
M5DBG   ex=ffffffff lv=ffffffff issbl=0
M5DBG 0 cyc=36 st=01 iv=0000 pc0=1 ex0=ffffffff gvv=0 cls=0 flt=1
M5DBG   ex=ffffffff lv=ffffffff issbl=0
M5DBG 0 cyc=37 st=01 iv=0000 pc0=2 ex0=ffffffff gvv=0 cls=0 flt=1
M5DBG   ex=ffffffff lv=ffffffff issbl=0
M5DBG 0 cyc=38 st=01 iv=0000 pc0=2 ex0=ffffffff gvv=0 cls=0 flt=1
M5DBG   ex=ffffffff lv=ffffffff issbl=0
M5DBG 0 cyc=39 st=01 iv=0000 pc0=2 ex0=ffffffff gvv=0 cls=0 flt=1
M5DBG   ex=ffffffff lv=ffffffff issbl=0
M5DBG 0 cyc=40 st=01 iv=0001 pc0=2 ex0=ffffffff gvv=1 cls=10 flt=0
M5DBG 0 GRANT gid=0 ctrl=0 vcmp=0 vec=1 sc=0 op=0 pdst=0 cond4=0 pw=ffffffff pc=2     61440 0
M5DBG   ex=ffffffff lv=ffffffff issbl=1
M5DBG 0 cyc=41 st=01 iv=0000 pc0=2 ex0=ffffffff gvv=0 cls=0 flt=1
M5DBG   ex=ffffffff lv=ffffffff issbl=0
M5DBG 0 cyc=42 st=01 iv=0000 pc0=2 ex0=ffffffff gvv=0 cls=0 flt=1
M5DBG   ex=ffffffff lv=ffffffff issbl=0
M5DBG 0 cyc=43 st=01 iv=0000 pc0=2 ex0=ffffffff gvv=0 cls=0 flt=1
M5DBG   ex=ffffffff lv=ffffffff issbl=0
M5DBG 0 cyc=44 st=01 iv=0000 pc0=2 ex0=ffffffff gvv=0 cls=0 flt=1
M5DBG   ex=ffffffff lv=ffffffff issbl=0
M5DBG 0 cyc=45 st=01 iv=0000 pc0=2 ex0=ffffffff gvv=0 cls=0 flt=1
M5DBG   ex=ffffffff lv=ffffffff issbl=0
M5DBG 0 cyc=46 st=01 iv=0000 pc0=3 ex0=ffffffff gvv=0 cls=0 flt=1
M5DBG   ex=ffffffff lv=ffffffff issbl=0
M5DBG 0 cyc=47 st=01 iv=0000 pc0=3 ex0=ffffffff gvv=0 cls=0 flt=1
M5DBG   ex=ffffffff lv=ffffffff issbl=0
M5DBG 0 cyc=48 st=01 iv=0000 pc0=3 ex0=ffffffff gvv=0 cls=0 flt=1
M5DBG   ex=ffffffff lv=ffffffff issbl=0
M5DBG 0 cyc=49 st=01 iv=0000 pc0=3 ex0=ffffffff gvv=0 cls=0 flt=1
M5DBG   ex=ffffffff lv=ffffffff issbl=0
M5DBG 0 cyc=50 st=01 iv=0001 pc0=3 ex0=ffffffff gvv=1 cls=11 flt=0
M5DBG 0 GRANT gid=0 ctrl=0 vcmp=0 vec=1 sc=0 op=0 pdst=0 cond4=0 pw=ffffffff pc=3  16838656 0
M5DBG   ex=ffffffff lv=ffffffff issbl=1
M5DBG 0 cyc=51 st=01 iv=0000 pc0=3 ex0=ffffffff gvv=0 cls=0 flt=1
M5DBG   ex=ffffffff lv=ffffffff issbl=0
M5DBG 0 cyc=52 st=01 iv=0000 pc0=3 ex0=ffffffff gvv=0 cls=0 flt=1
M5DBG   ex=ffffffff lv=ffffffff issbl=0
M5DBG 0 cyc=53 st=01 iv=0000 pc0=3 ex0=ffffffff gvv=0 cls=0 flt=1
M5DBG   ex=ffffffff lv=ffffffff issbl=0
M5DBG 0 cyc=54 st=01 iv=0000 pc0=3 ex0=ffffffff gvv=0 cls=0 flt=1
M5DBG   ex=ffffffff lv=ffffffff issbl=0
M5DBG 0 cyc=55 st=01 iv=0000 pc0=3 ex0=ffffffff gvv=0 cls=0 flt=1
M5DBG   ex=ffffffff lv=ffffffff issbl=0
M5DBG 0 cyc=56 st=01 iv=0000 pc0=4 ex0=ffffffff gvv=0 cls=0 flt=1
M5DBG   ex=ffffffff lv=ffffffff issbl=0
M5DBG 0 cyc=57 st=01 iv=0000 pc0=4 ex0=ffffffff gvv=0 cls=0 flt=1
M5DBG   ex=ffffffff lv=ffffffff issbl=0
M5DBG 0 cyc=58 st=01 iv=0000 pc0=4 ex0=ffffffff gvv=0 cls=0 flt=1
M5DBG   ex=ffffffff lv=ffffffff issbl=0
M5DBG 0 cyc=59 st=01 iv=0000 pc0=4 ex0=ffffffff gvv=0 cls=0 flt=1
M5DBG   ex=ffffffff lv=ffffffff issbl=0
M5DBG 0 cyc=60 st=01 iv=0000 pc0=4 ex0=ffffffff gvv=0 cls=0 flt=1
M5DBG   ex=ffffffff lv=ffffffff issbl=0
M5DBG 0 cyc=61 st=01 iv=0001 pc0=4 ex0=ffffffff gvv=1 cls=14 flt=0
M5DBG 0 CTRLGRANT disp=000004 bmod=0000 insn=7c85000004000000 ibuf=7c85000004000000
M5DBG 0 GRANT gid=0 ctrl=1 vcmp=0 vec=0 sc=0 op=2 pdst=0 cond4=0 pw=00000000 pc=4  67108864 0
M5DBG   ex=ffffffff lv=ffffffff issbl=1
M5ENGIN 0 op=2 sp=0 li=32 tft=00 ph=0 ma=00000000 pc=4
M5DBG 0 cyc=62 st=01 iv=0000 pc0=4 ex0=ffffffff gvv=0 cls=0 flt=1
M5DBG   ex=ffffffff lv=ffffffff issbl=0
M5ENGIN 0 RESULT done=1 fault=0 pop=0 pc=5 we=1 ex=ffffffff st=0
M5DBG 0 cyc=63 st=01 iv=0000 pc0=4 ex0=ffffffff gvv=0 cls=0 flt=1
M5DBG   ex=ffffffff lv=ffffffff issbl=0
M5DBG 0 MCDONE d=1 f=0 code=00 own=0 oex=ffffffff osp=1
M5DBG 0 cyc=64 st=01 iv=0000 pc0=5 ex0=ffffffff gvv=0 cls=0 flt=1
M5DBG   ex=ffffffff lv=ffffffff issbl=0
M5DBG 0 cyc=65 st=01 iv=0000 pc0=5 ex0=ffffffff gvv=0 cls=0 flt=1
M5DBG   ex=ffffffff lv=ffffffff issbl=0
M5DBG 0 cyc=66 st=01 iv=0000 pc0=5 ex0=ffffffff gvv=0 cls=0 flt=1
M5DBG   ex=ffffffff lv=ffffffff issbl=0
M5DBG 0 cyc=67 st=01 iv=0001 pc0=5 ex0=ffffffff gvv=1 cls=15 flt=0
M5DBG 0 GRANT gid=0 ctrl=0 vcmp=1 vec=0 sc=0 op=0 pdst=0 cond4=0 pw=00000000 pc=52684354560 0
M5DBG   ex=ffffffff lv=ffffffff issbl=1
M5DBG 0 cyc=68 st=01 iv=0000 pc0=5 ex0=ffffffff gvv=0 cls=0 flt=1
M5DBG   ex=ffffffff lv=ffffffff issbl=0
M5DBG 0 cyc=69 st=01 iv=0000 pc0=5 ex0=ffffffff gvv=0 cls=0 flt=1
M5DBG   ex=ffffffff lv=ffffffff issbl=0
M5DBG 0 cyc=70 st=01 iv=0000 pc0=5 ex0=ffffffff gvv=0 cls=0 flt=1
M5DBG   ex=ffffffff lv=ffffffff issbl=0
M5DBG 0 cyc=71 st=01 iv=0000 pc0=5 ex0=ffffffff gvv=0 cls=0 flt=1
M5DBG   ex=ffffffff lv=ffffffff issbl=0
M5DBG 0 cyc=72 st=01 iv=0000 pc0=5 ex0=ffffffff gvv=0 cls=0 flt=1
M5DBG   ex=ffffffff lv=ffffffff issbl=0
M5DBG 0 cyc=73 st=01 iv=0000 pc0=6 ex0=ffffffff gvv=0 cls=0 flt=1
M5DBG   ex=ffffffff lv=ffffffff issbl=0
M5DBG 0 cyc=74 st=01 iv=0000 pc0=6 ex0=ffffffff gvv=0 cls=0 flt=1
M5DBG   ex=ffffffff lv=ffffffff issbl=0
M5DBG 0 cyc=75 st=01 iv=0000 pc0=6 ex0=ffffffff gvv=0 cls=0 flt=1
M5DBG   ex=ffffffff lv=ffffffff issbl=0
M5DBG 0 cyc=76 st=01 iv=0001 pc0=6 ex0=ffffffff gvv=1 cls=14 flt=0
M5DBG 0 CTRLGRANT disp=000000 bmod=0000 insn=7cb5000000000000 ibuf=7cb5000000000000
M5DBG 0 GRANT gid=0 ctrl=1 vcmp=0 vec=0 sc=0 op=5 pdst=0 cond4=0 pw=ffffffff pc=6         0 0
M5DBG   ex=ffffffff lv=ffffffff issbl=1
M5ENGIN 0 op=5 sp=1 li=0 tft=10 ph=0 ma=ffffffff pc=6
M5DBG 0 cyc=77 st=01 iv=0000 pc0=6 ex0=ffffffff gvv=0 cls=0 flt=1
M5DBG   ex=ffffffff lv=ffffffff issbl=0
M5DBG 0 cyc=78 st=01 iv=0000 pc0=6 ex0=ffffffff gvv=0 cls=0 flt=1
M5DBG   ex=ffffffff lv=ffffffff issbl=0
M5DBG 0 cyc=79 st=01 iv=0000 pc0=6 ex0=ffffffff gvv=0 cls=0 flt=1
M5DBG   ex=ffffffff lv=ffffffff issbl=0
M5ENGIN 0 RESULT done=1 fault=0 pop=0 pc=9 we=1 ex=00000000 st=0
M5DBG 0 cyc=80 st=01 iv=0000 pc0=6 ex0=ffffffff gvv=0 cls=0 flt=1
M5DBG   ex=ffffffff lv=ffffffff issbl=0
M5DBG 0 MCDONE d=1 f=0 code=00 own=0 oex=00000000 osp=1
M5DBG 0 cyc=81 st=01 iv=0000 pc0=9 ex0=00000000 gvv=0 cls=0 flt=1
M5DBG   ex=00000000 lv=ffffffff issbl=0
M5DBG 0 cyc=82 st=01 iv=0000 pc0=9 ex0=00000000 gvv=0 cls=0 flt=1
M5DBG   ex=00000000 lv=ffffffff issbl=0
M5DBG 0 cyc=83 st=01 iv=0000 pc0=9 ex0=00000000 gvv=0 cls=0 flt=1
M5DBG   ex=00000000 lv=ffffffff issbl=0
M5DBG 0 cyc=84 st=01 iv=0001 pc0=9 ex0=00000000 gvv=1 cls=14 flt=0
M5DBG 0 CTRLGRANT disp=fffffb bmod=0000 insn=7c95fffffb100000 ibuf=7c95fffffb100000
M5DBG 0 GRANT gid=0 ctrl=1 vcmp=0 vec=0 sc=0 op=3 pdst=15 cond4=1 pw=00000000 pc=94212129792 1
M5DBG   ex=00000000 lv=ffffffff issbl=1
M5ENGIN 0 op=3 sp=1 li=0 tft=10 ph=0 ma=00000000 pc=9
M5DBG 0 cyc=85 st=01 iv=0000 pc0=9 ex0=00000000 gvv=0 cls=0 flt=1
M5DBG   ex=00000000 lv=ffffffff issbl=0
M5ENGIN 0 RESULT done=1 fault=0 pop=1 pc=10 we=1 ex=ffffffff st=0
M5DBG 0 cyc=86 st=01 iv=0000 pc0=9 ex0=00000000 gvv=0 cls=0 flt=1
M5DBG   ex=00000000 lv=ffffffff issbl=0
M5DBG 0 MCDONE d=1 f=0 code=00 own=0 oex=ffffffff osp=0
M5DBG 0 cyc=87 st=01 iv=0000 pc0=10 ex0=ffffffff gvv=0 cls=0 flt=1
M5DBG   ex=ffffffff lv=ffffffff issbl=0
M5DBG 0 cyc=88 st=01 iv=0000 pc0=10 ex0=ffffffff gvv=0 cls=0 flt=1
M5DBG   ex=ffffffff lv=ffffffff issbl=0
M5DBG 0 cyc=89 st=01 iv=0000 pc0=10 ex0=ffffffff gvv=0 cls=0 flt=1
M5DBG   ex=ffffffff lv=ffffffff issbl=0
M5DBG 0 cyc=90 st=01 iv=0000 pc0=10 ex0=ffffffff gvv=0 cls=0 flt=1
M5DBG   ex=ffffffff lv=ffffffff issbl=0
M5DBG 0 cyc=91 st=01 iv=0001 pc0=10 ex0=ffffffff gvv=1 cls=14 flt=0
M5DBG 0 CTRLGRANT disp=000000 bmod=0000 insn=7cf5000000000000 ibuf=7cf5000000000000
M5DBG 0 GRANT gid=0 ctrl=1 vcmp=0 vec=0 sc=0 op=12 pdst=0 cond4=0 pw=ffffffff pc=10         0 0
M5DBG   ex=ffffffff lv=ffffffff issbl=1
M5ENGIN 0 op=12 sp=0 li=32 tft=00 ph=0 ma=00000000 pc=10
M5DBG 0 cyc=92 st=01 iv=0000 pc0=10 ex0=ffffffff gvv=0 cls=0 flt=1
M5DBG   ex=ffffffff lv=ffffffff issbl=0
M5ENGIN 0 RESULT done=1 fault=0 pop=0 pc=0 we=0 ex=ffffffff st=0
M5DBG 0 cyc=93 st=01 iv=0000 pc0=10 ex0=ffffffff gvv=0 cls=0 flt=1
M5DBG   ex=ffffffff lv=ffffffff issbl=0
M5DBG 0 MCDONE d=1 f=0 code=00 own=0 oex=ffffffff osp=0
M5DBG 0 cyc=94 st=01 iv=0000 pc0=10 ex0=ffffffff gvv=0 cls=0 flt=1
M5DBG   ex=ffffffff lv=00000000 issbl=0
[diff /tmp/opencode/m5dir_s_726ggd/loop_lane_counts_l8] PASS (0 mismatches)

l8 PASS
[diff /tmp/opencode/m5dir_sc9lhsta/loop_lane_counts_l8] PASS (0 mismatches)

l8 PASS
[diff /tmp/opencode/m5dir_ytytontd/loop_lane_counts_l8] PASS (0 mismatches)

l8 PASS
[diff /tmp/opencode/m5dir_qdr5kuse/loop_lane_counts_l8] PASS (0 mismatches)

l8 PASS
[diff /tmp/opencode/m5dir_tvs19r2h/loop_lane_counts_l8] PASS (0 mismatches)

l8 PASS
M5DBG 0 LAUNCH sl=0 entry=0 cw=11 ex=ffffffff
M5DBG 0 cyc=17 st=01 iv=0000 pc0=0 ex0=ffffffff gvv=0 cls=0 flt=1
M5DBG   ex=ffffffff lv=ffffffff issbl=0
M5DBG 0 cyc=18 st=01 iv=0000 pc0=0 ex0=ffffffff gvv=0 cls=0 flt=1
M5DBG   ex=ffffffff lv=ffffffff issbl=0
M5DBG 0 cyc=19 st=01 iv=0000 pc0=0 ex0=ffffffff gvv=0 cls=0 flt=1
M5DBG   ex=ffffffff lv=ffffffff issbl=0
M5DBG 0 cyc=20 st=01 iv=0000 pc0=0 ex0=ffffffff gvv=0 cls=0 flt=1
M5DBG   ex=ffffffff lv=ffffffff issbl=0
M5DBG 0 cyc=21 st=01 iv=0001 pc0=0 ex0=ffffffff gvv=1 cls=13 flt=0
M5DBG 0 GRANT gid=0 ctrl=0 vcmp=0 vec=1 sc=0 op=0 pdst=0 cond4=0 pw=ffffffff pc=0     61440 0
M5DBG   ex=ffffffff lv=ffffffff issbl=1
M5DBG 0 cyc=22 st=01 iv=0000 pc0=0 ex0=ffffffff gvv=0 cls=0 flt=1
M5DBG   ex=ffffffff lv=ffffffff issbl=0
M5DBG 0 cyc=23 st=01 iv=0000 pc0=0 ex0=ffffffff gvv=0 cls=0 flt=1
M5DBG   ex=ffffffff lv=ffffffff issbl=0
M5DBG 0 cyc=24 st=01 iv=0000 pc0=0 ex0=ffffffff gvv=0 cls=0 flt=1
M5DBG   ex=ffffffff lv=ffffffff issbl=0
M5DBG 0 cyc=25 st=01 iv=0000 pc0=0 ex0=ffffffff gvv=0 cls=0 flt=1
M5DBG   ex=ffffffff lv=ffffffff issbl=0
M5DBG 0 cyc=26 st=01 iv=0000 pc0=0 ex0=ffffffff gvv=0 cls=0 flt=1
M5DBG   ex=ffffffff lv=ffffffff issbl=0
M5DBG 0 cyc=27 st=01 iv=0000 pc0=1 ex0=ffffffff gvv=0 cls=0 flt=1
M5DBG   ex=ffffffff lv=ffffffff issbl=0
M5DBG 0 cyc=28 st=01 iv=0000 pc0=1 ex0=ffffffff gvv=0 cls=0 flt=1
M5DBG   ex=ffffffff lv=ffffffff issbl=0
M5DBG 0 cyc=29 st=01 iv=0000 pc0=1 ex0=ffffffff gvv=0 cls=0 flt=1
M5DBG   ex=ffffffff lv=ffffffff issbl=0
M5DBG 0 cyc=30 st=01 iv=0000 pc0=1 ex0=ffffffff gvv=0 cls=0 flt=1
M5DBG   ex=ffffffff lv=ffffffff issbl=0
M5DBG 0 cyc=31 st=01 iv=0001 pc0=1 ex0=ffffffff gvv=1 cls=10 flt=0
M5DBG 0 GRANT gid=0 ctrl=0 vcmp=0 vec=1 sc=0 op=0 pdst=0 cond4=0 pw=ffffffff pc=1     61440 0
M5DBG   ex=ffffffff lv=ffffffff issbl=1
M5DBG 0 cyc=32 st=01 iv=0000 pc0=1 ex0=ffffffff gvv=0 cls=0 flt=1
M5DBG   ex=ffffffff lv=ffffffff issbl=0
M5DBG 0 cyc=33 st=01 iv=0000 pc0=1 ex0=ffffffff gvv=0 cls=0 flt=1
M5DBG   ex=ffffffff lv=ffffffff issbl=0
M5DBG 0 cyc=34 st=01 iv=0000 pc0=1 ex0=ffffffff gvv=0 cls=0 flt=1
M5DBG   ex=ffffffff lv=ffffffff issbl=0
M5DBG 0 cyc=35 st=01 iv=0000 pc0=1 ex0=ffffffff gvv=0 cls=0 flt=1
M5DBG   ex=ffffffff lv=ffffffff issbl=0
M5DBG 0 cyc=36 st=01 iv=0000 pc0=1 ex0=ffffffff gvv=0 cls=0 flt=1
M5DBG   ex=ffffffff lv=ffffffff issbl=0
M5DBG 0 cyc=37 st=01 iv=0000 pc0=2 ex0=ffffffff gvv=0 cls=0 flt=1
M5DBG   ex=ffffffff lv=ffffffff issbl=0
M5DBG 0 cyc=38 st=01 iv=0000 pc0=2 ex0=ffffffff gvv=0 cls=0 flt=1
M5DBG   ex=ffffffff lv=ffffffff issbl=0
M5DBG 0 cyc=39 st=01 iv=0000 pc0=2 ex0=ffffffff gvv=0 cls=0 flt=1
M5DBG   ex=ffffffff lv=ffffffff issbl=0
M5DBG 0 cyc=40 st=01 iv=0001 pc0=2 ex0=ffffffff gvv=1 cls=10 flt=0
M5DBG 0 GRANT gid=0 ctrl=0 vcmp=0 vec=1 sc=0 op=0 pdst=0 cond4=0 pw=ffffffff pc=2     61440 0
M5DBG   ex=ffffffff lv=ffffffff issbl=1
M5DBG 0 cyc=41 st=01 iv=0000 pc0=2 ex0=ffffffff gvv=0 cls=0 flt=1
M5DBG   ex=ffffffff lv=ffffffff issbl=0
M5DBG 0 cyc=42 st=01 iv=0000 pc0=2 ex0=ffffffff gvv=0 cls=0 flt=1
M5DBG   ex=ffffffff lv=ffffffff issbl=0
M5DBG 0 cyc=43 st=01 iv=0000 pc0=2 ex0=ffffffff gvv=0 cls=0 flt=1
M5DBG   ex=ffffffff lv=ffffffff issbl=0
M5DBG 0 cyc=44 st=01 iv=0000 pc0=2 ex0=ffffffff gvv=0 cls=0 flt=1
M5DBG   ex=ffffffff lv=ffffffff issbl=0
M5DBG 0 cyc=45 st=01 iv=0000 pc0=2 ex0=ffffffff gvv=0 cls=0 flt=1
M5DBG   ex=ffffffff lv=ffffffff issbl=0
M5DBG 0 cyc=46 st=01 iv=0000 pc0=3 ex0=ffffffff gvv=0 cls=0 flt=1
M5DBG   ex=ffffffff lv=ffffffff issbl=0
M5DBG 0 cyc=47 st=01 iv=0000 pc0=3 ex0=ffffffff gvv=0 cls=0 flt=1
M5DBG   ex=ffffffff lv=ffffffff issbl=0
M5DBG 0 cyc=48 st=01 iv=0000 pc0=3 ex0=ffffffff gvv=0 cls=0 flt=1
M5DBG   ex=ffffffff lv=ffffffff issbl=0
M5DBG 0 cyc=49 st=01 iv=0000 pc0=3 ex0=ffffffff gvv=0 cls=0 flt=1
M5DBG   ex=ffffffff lv=ffffffff issbl=0
M5DBG 0 cyc=50 st=01 iv=0001 pc0=3 ex0=ffffffff gvv=1 cls=11 flt=0
M5DBG 0 GRANT gid=0 ctrl=0 vcmp=0 vec=1 sc=0 op=0 pdst=0 cond4=0 pw=ffffffff pc=3  16838656 0
M5DBG   ex=ffffffff lv=ffffffff issbl=1
M5DBG 0 cyc=51 st=01 iv=0000 pc0=3 ex0=ffffffff gvv=0 cls=0 flt=1
M5DBG   ex=ffffffff lv=ffffffff issbl=0
M5DBG 0 cyc=52 st=01 iv=0000 pc0=3 ex0=ffffffff gvv=0 cls=0 flt=1
M5DBG   ex=ffffffff lv=ffffffff issbl=0
M5DBG 0 cyc=53 st=01 iv=0000 pc0=3 ex0=ffffffff gvv=0 cls=0 flt=1
M5DBG   ex=ffffffff lv=ffffffff issbl=0
M5DBG 0 cyc=54 st=01 iv=0000 pc0=3 ex0=ffffffff gvv=0 cls=0 flt=1
M5DBG   ex=ffffffff lv=ffffffff issbl=0
M5DBG 0 cyc=55 st=01 iv=0000 pc0=3 ex0=ffffffff gvv=0 cls=0 flt=1
M5DBG   ex=ffffffff lv=ffffffff issbl=0
M5DBG 0 cyc=56 st=01 iv=0000 pc0=4 ex0=ffffffff gvv=0 cls=0 flt=1
M5DBG   ex=ffffffff lv=ffffffff issbl=0
M5DBG 0 cyc=57 st=01 iv=0000 pc0=4 ex0=ffffffff gvv=0 cls=0 flt=1
M5DBG   ex=ffffffff lv=ffffffff issbl=0
M5DBG 0 cyc=58 st=01 iv=0000 pc0=4 ex0=ffffffff gvv=0 cls=0 flt=1
M5DBG   ex=ffffffff lv=ffffffff issbl=0
M5DBG 0 cyc=59 st=01 iv=0000 pc0=4 ex0=ffffffff gvv=0 cls=0 flt=1
M5DBG   ex=ffffffff lv=ffffffff issbl=0
M5DBG 0 cyc=60 st=01 iv=0000 pc0=4 ex0=ffffffff gvv=0 cls=0 flt=1
M5DBG   ex=ffffffff lv=ffffffff issbl=0
M5DBG 0 cyc=61 st=01 iv=0001 pc0=4 ex0=ffffffff gvv=1 cls=14 flt=0
M5DBG 0 CTRLGRANT disp=000004 bmod=0000 insn=7c85000004000000 ibuf=7c85000004000000
M5DBG 0 GRANT gid=0 ctrl=1 vcmp=0 vec=0 sc=0 op=2 pdst=0 cond4=0 pw=00000000 pc=4  67108864 0
M5DBG   ex=ffffffff lv=ffffffff issbl=1
M5ENGIN 0 op=2 sp=0 li=32 tft=00 ph=0 ma=00000000 pc=4
M5DBG 0 cyc=62 st=01 iv=0000 pc0=4 ex0=ffffffff gvv=0 cls=0 flt=1
M5DBG   ex=ffffffff lv=ffffffff issbl=0
M5ENGIN 0 RESULT done=1 fault=0 pop=0 pc=5 we=1 ex=ffffffff st=0
M5DBG 0 cyc=63 st=01 iv=0000 pc0=4 ex0=ffffffff gvv=0 cls=0 flt=1
M5DBG   ex=ffffffff lv=ffffffff issbl=0
M5DBG 0 MCDONE d=1 f=0 code=00 own=0 oex=ffffffff osp=1
M5DBG 0 cyc=64 st=01 iv=0000 pc0=5 ex0=ffffffff gvv=0 cls=0 flt=1
M5DBG   ex=ffffffff lv=ffffffff issbl=0
M5DBG 0 cyc=65 st=01 iv=0000 pc0=5 ex0=ffffffff gvv=0 cls=0 flt=1
M5DBG   ex=ffffffff lv=ffffffff issbl=0
M5DBG 0 cyc=66 st=01 iv=0000 pc0=5 ex0=ffffffff gvv=0 cls=0 flt=1
M5DBG   ex=ffffffff lv=ffffffff issbl=0
M5DBG 0 cyc=67 st=01 iv=0001 pc0=5 ex0=ffffffff gvv=1 cls=15 flt=0
M5DBG 0 GRANT gid=0 ctrl=0 vcmp=1 vec=0 sc=0 op=0 pdst=0 cond4=0 pw=00000000 pc=52684354560 0
M5DBG   ex=ffffffff lv=ffffffff issbl=1
M5DBG 0 cyc=68 st=01 iv=0000 pc0=5 ex0=ffffffff gvv=0 cls=0 flt=1
M5DBG   ex=ffffffff lv=ffffffff issbl=0
M5DBG 0 cyc=69 st=01 iv=0000 pc0=5 ex0=ffffffff gvv=0 cls=0 flt=1
M5DBG   ex=ffffffff lv=ffffffff issbl=0
M5DBG 0 cyc=70 st=01 iv=0000 pc0=5 ex0=ffffffff gvv=0 cls=0 flt=1
M5DBG   ex=ffffffff lv=ffffffff issbl=0
M5DBG 0 cyc=71 st=01 iv=0000 pc0=5 ex0=ffffffff gvv=0 cls=0 flt=1
M5DBG   ex=ffffffff lv=ffffffff issbl=0
M5DBG 0 cyc=72 st=01 iv=0000 pc0=5 ex0=ffffffff gvv=0 cls=0 flt=1
M5DBG   ex=ffffffff lv=ffffffff issbl=0
M5DBG 0 cyc=73 st=01 iv=0000 pc0=6 ex0=ffffffff gvv=0 cls=0 flt=1
M5DBG   ex=ffffffff lv=ffffffff issbl=0
M5DBG 0 cyc=74 st=01 iv=0000 pc0=6 ex0=ffffffff gvv=0 cls=0 flt=1
M5DBG   ex=ffffffff lv=ffffffff issbl=0
M5DBG 0 cyc=75 st=01 iv=0000 pc0=6 ex0=ffffffff gvv=0 cls=0 flt=1
M5DBG   ex=ffffffff lv=ffffffff issbl=0
M5DBG 0 cyc=76 st=01 iv=0001 pc0=6 ex0=ffffffff gvv=1 cls=14 flt=0
M5DBG 0 CTRLGRANT disp=000000 bmod=0000 insn=7cb5000000000000 ibuf=7cb5000000000000
M5DBG 0 GRANT gid=0 ctrl=1 vcmp=0 vec=0 sc=0 op=5 pdst=0 cond4=0 pw=ffffffff pc=6         0 0
M5DBG   ex=ffffffff lv=ffffffff issbl=1
M5ENGIN 0 op=5 sp=1 li=0 tft=10 ph=0 ma=ffffffff pc=6
M5DBG 0 cyc=77 st=01 iv=0000 pc0=6 ex0=ffffffff gvv=0 cls=0 flt=1
M5DBG   ex=ffffffff lv=ffffffff issbl=0
M5DBG 0 cyc=78 st=01 iv=0000 pc0=6 ex0=ffffffff gvv=0 cls=0 flt=1
M5DBG   ex=ffffffff lv=ffffffff issbl=0
M5ENGIN SCRUB op=5 m=ffffffff ex=ffffffff li=0 wi=32 sp=1
M5DBG 0 cyc=79 st=01 iv=0000 pc0=6 ex0=ffffffff gvv=0 cls=0 flt=1
M5DBG   ex=ffffffff lv=ffffffff issbl=0
M5ENGIN 0 RESULT done=1 fault=0 pop=0 pc=9 we=1 ex=00000000 st=0
M5DBG 0 cyc=80 st=01 iv=0000 pc0=6 ex0=ffffffff gvv=0 cls=0 flt=1
M5DBG   ex=ffffffff lv=ffffffff issbl=0
M5DBG 0 MCDONE d=1 f=0 code=00 own=0 oex=00000000 osp=1
M5DBG 0 cyc=81 st=01 iv=0000 pc0=9 ex0=00000000 gvv=0 cls=0 flt=1
M5DBG   ex=00000000 lv=ffffffff issbl=0
M5DBG 0 cyc=82 st=01 iv=0000 pc0=9 ex0=00000000 gvv=0 cls=0 flt=1
M5DBG   ex=00000000 lv=ffffffff issbl=0
M5DBG 0 cyc=83 st=01 iv=0000 pc0=9 ex0=00000000 gvv=0 cls=0 flt=1
M5DBG   ex=00000000 lv=ffffffff issbl=0
M5DBG 0 cyc=84 st=01 iv=0001 pc0=9 ex0=00000000 gvv=1 cls=14 flt=0
M5DBG 0 CTRLGRANT disp=fffffb bmod=0000 insn=7c95fffffb100000 ibuf=7c95fffffb100000
M5DBG 0 GRANT gid=0 ctrl=1 vcmp=0 vec=0 sc=0 op=3 pdst=15 cond4=1 pw=00000000 pc=94212129792 1
M5DBG   ex=00000000 lv=ffffffff issbl=1
M5ENGIN 0 op=3 sp=1 li=0 tft=10 ph=0 ma=00000000 pc=9
M5DBG 0 cyc=85 st=01 iv=0000 pc0=9 ex0=00000000 gvv=0 cls=0 flt=1
M5DBG   ex=00000000 lv=ffffffff issbl=0
M5ENGIN 0 RESULT done=1 fault=0 pop=1 pc=10 we=1 ex=ffffffff st=0
M5DBG 0 cyc=86 st=01 iv=0000 pc0=9 ex0=00000000 gvv=0 cls=0 flt=1
M5DBG   ex=00000000 lv=ffffffff issbl=0
M5DBG 0 MCDONE d=1 f=0 code=00 own=0 oex=ffffffff osp=0
M5DBG 0 cyc=87 st=01 iv=0000 pc0=10 ex0=ffffffff gvv=0 cls=0 flt=1
M5DBG   ex=ffffffff lv=ffffffff issbl=0
M5DBG 0 cyc=88 st=01 iv=0000 pc0=10 ex0=ffffffff gvv=0 cls=0 flt=1
M5DBG   ex=ffffffff lv=ffffffff issbl=0
M5DBG 0 cyc=89 st=01 iv=0000 pc0=10 ex0=ffffffff gvv=0 cls=0 flt=1
M5DBG   ex=ffffffff lv=ffffffff issbl=0
M5DBG 0 cyc=90 st=01 iv=0000 pc0=10 ex0=ffffffff gvv=0 cls=0 flt=1
M5DBG   ex=ffffffff lv=ffffffff issbl=0
M5DBG 0 cyc=91 st=01 iv=0001 pc0=10 ex0=ffffffff gvv=1 cls=14 flt=0
M5DBG 0 CTRLGRANT disp=000000 bmod=0000 insn=7cf5000000000000 ibuf=7cf5000000000000
M5DBG 0 GRANT gid=0 ctrl=1 vcmp=0 vec=0 sc=0 op=12 pdst=0 cond4=0 pw=ffffffff pc=10         0 0
M5DBG   ex=ffffffff lv=ffffffff issbl=1
M5ENGIN 0 op=12 sp=0 li=32 tft=00 ph=0 ma=00000000 pc=10
M5DBG 0 cyc=92 st=01 iv=0000 pc0=10 ex0=ffffffff gvv=0 cls=0 flt=1
M5DBG   ex=ffffffff lv=ffffffff issbl=0
M5ENGIN 0 RESULT done=1 fault=0 pop=0 pc=0 we=0 ex=ffffffff st=0
M5DBG 0 cyc=93 st=01 iv=0000 pc0=10 ex0=ffffffff gvv=0 cls=0 flt=1
M5DBG   ex=ffffffff lv=ffffffff issbl=0
M5DBG 0 MCDONE d=1 f=0 code=00 own=0 oex=ffffffff osp=0
M5DBG 0 cyc=94 st=01 iv=0000 pc0=10 ex0=ffffffff gvv=0 cls=0 flt=1
M5DBG   ex=ffffffff lv=00000000 issbl=0
[diff /tmp/opencode/m5dir_qe1on6om/loop_lane_counts_l8] PASS (0 mismatches)

l8 PASS
[diff /tmp/opencode/m5dir_5wm9bfu4/loop_lane_counts_l8] PASS (0 mismatches)

l8 PASS
TBPRE pre-P1=00000000 kind=2
TBPW w=0 addr=0 val=ffffffff
TBPRE pre-P1=00000000 kind=5
TBPRE pre-P1=00000000 kind=3
TBPRE pre-P1=00000000 kind=12
[diff /tmp/opencode/m5dir_dh85o2ru/loop_lane_counts_l8] PASS (0 mismatches)

l4 PASS
[diff /tmp/opencode/m5dir_xevuzaju/loop_lane_counts_l4] PASS (0 mismatches)

l8 PASS
TBPRE pre-P1=00000000 kind=2
TBPW w=0 addr=0 val=ffffffff
TBPRE pre-P1=00000000 kind=5
TBPRE pre-P1=00000000 kind=3
TBPRE pre-P1=00000000 kind=12
[diff /tmp/opencode/m5dir_xevuzaju/loop_lane_counts_l8] PASS (0 mismatches)

l16 PASS
[diff /tmp/opencode/m5dir_xevuzaju/loop_lane_counts_l16] PASS (0 mismatches)

l32 PASS
[diff /tmp/opencode/m5dir_xevuzaju/loop_lane_counts_l32] PASS (0 mismatches)

l8 FAIL
TBPRE pre-P1=00000000 kind=2
TBPW w=0 addr=0 val=ffffffff
TBPRE pre-P1=00000000 kind=5
TBPRE pre-P1=00000000 kind=3
TBPRE pre-P1=00000000 kind=12
DONE mismatch:
 G:0 DONE retired=9 fault=0 code=00 pc=a live=00000000
 R:DONE retired=9 fault=0 code=00 pc=a live=00000000
[diff /tmp/opencode/m5dir_8ozsr4sj/loop_lane_counts_l8] FAIL (1 mismatches)

l8 FAIL
TBPRE pre-P1=00000000 kind=2
TBPW w=0 addr=0 val=ffffffff
TBPRE pre-P1=00000000 kind=5
TBPRE pre-P1=00000000 kind=3
TBPRE pre-P1=00000000 kind=12
DONE mismatch:
 G:0 DONE retired=9 fault=0 code=00 pc=a live=00000000
 R:DONE retired=9 fault=0 code=00 pc=a live=00000000
[diff /tmp/opencode/m5dir_clx76wgv/loop_lane_counts_l8] FAIL (1 mismatches)

l8 FAIL
TBPRE pre-P1=00000000 kind=2
TBPW w=0 addr=0 val=ffffffff
TBPRE pre-P1=00000000 kind=5
TBPRE pre-P1=00000000 kind=3
TBPRE pre-P1=00000000 kind=12
DONE mismatch:
 G:0 DONE retired=9 fault=0 code=00 pc=a live=00000000
 R:DONE retired=9 fault=0 code=00 pc=a live=00000000
[diff /tmp/opencode/m5dir_eimu630l/loop_lane_counts_l8] FAIL (1 mismatches)

l8 PASS
TBCTRL pc=4 op=7c8 cond=0 P=00000000
TBPRE pre-P1=00000000 kind=2
TBPW w=0 addr=0 val=ffffffff
TBCTRL pc=6 op=7cb cond=0 P=ffffffff
TBPRE pre-P1=00000000 kind=5
TBCTRL pc=9 op=7c9 cond=1 P=00000000
TBPRE pre-P1=00000000 kind=3
TBCTRL pc=10 op=7cf cond=0 P=ffffffff
TBPRE pre-P1=00000000 kind=12
[diff /tmp/opencode/m5dir_l22m_1qq/loop_lane_counts_l8] PASS (0 mismatches)

l8 PASS
TBCTRL pc=4 op=7c8 cond=0 P=00000000
TBPRE pre-P1=00000000 kind=2
TBPW w=0 addr=0 val=ffffffff
TBCTRL pc=6 op=7cb cond=0 P=ffffffff
TBPRE pre-P1=00000000 kind=5
TBCTRL pc=9 op=7c9 cond=1 P=00000000
TBPRE pre-P1=00000000 kind=3
TBCTRL pc=10 op=7cf cond=0 P=ffffffff
TBPRE pre-P1=00000000 kind=12
[diff /tmp/opencode/m5dir_rkxqrkmm/loop_lane_counts_l8] PASS (0 mismatches)

l4 PASS
TBCTRL pc=4 op=7c8 cond=0 P=00000000
TBPRE pre-P1=00000000 kind=2
TBPW w=0 addr=0 val=ffffffff
TBCTRL pc=6 op=7cb cond=0 P=ffffffff
TBPRE pre-P1=00000000 kind=5
TBCTRL pc=9 op=7c9 cond=1 P=00000000
TBPRE pre-P1=00000000 kind=3
TBCTRL pc=10 op=7cf cond=0 P=ffffffff
TBPRE pre-P1=00000000 kind=12
[diff /tmp/opencode/m5dir_oyyw9e1x/loop_lane_counts_l4] PASS (0 mismatches)

l8 PASS
TBCTRL pc=4 op=7c8 cond=0 P=00000000
TBPRE pre-P1=00000000 kind=2
TBPW w=0 addr=0 val=ffffffff
TBCTRL pc=6 op=7cb cond=0 P=ffffffff
TBPRE pre-P1=00000000 kind=5
TBCTRL pc=9 op=7c9 cond=1 P=00000000
TBPRE pre-P1=00000000 kind=3
TBCTRL pc=10 op=7cf cond=0 P=ffffffff
TBPRE pre-P1=00000000 kind=12
[diff /tmp/opencode/m5dir_oyyw9e1x/loop_lane_counts_l8] PASS (0 mismatches)

l16 PASS
TBCTRL pc=4 op=7c8 cond=0 P=00000000
TBPRE pre-P1=00000000 kind=2
TBPW w=0 addr=0 val=ffffffff
TBCTRL pc=6 op=7cb cond=0 P=ffffffff
TBPRE pre-P1=00000000 kind=5
TBCTRL pc=9 op=7c9 cond=1 P=00000000
TBPRE pre-P1=00000000 kind=3
TBCTRL pc=10 op=7cf cond=0 P=ffffffff
TBPRE pre-P1=00000000 kind=12
[diff /tmp/opencode/m5dir_oyyw9e1x/loop_lane_counts_l16] PASS (0 mismatches)

l32 PASS
TBCTRL pc=4 op=7c8 cond=0 P=00000000
TBPRE pre-P1=00000000 kind=2
TBPW w=0 addr=0 val=ffffffff
TBCTRL pc=6 op=7cb cond=0 P=ffffffff
TBPRE pre-P1=00000000 kind=5
TBCTRL pc=9 op=7c9 cond=1 P=00000000
TBPRE pre-P1=00000000 kind=3
TBCTRL pc=10 op=7cf cond=0 P=ffffffff
TBPRE pre-P1=00000000 kind=12
[diff /tmp/opencode/m5dir_oyyw9e1x/loop_lane_counts_l32] PASS (0 mismatches)

l8 PASS
TBCTRL pc=4 op=7c8 cond=0 P=00000000
TBPRE pre-P1=00000000 kind=2
TBPW w=0 addr=0 val=ffffffff
TBCTRL pc=6 op=7cb cond=0 P=ffffffff
TBPRE pre-P1=00000000 kind=5
TBCTRL pc=9 op=7c9 cond=1 P=00000000
TBPRE pre-P1=00000000 kind=3
TBCTRL pc=10 op=7cf cond=0 P=ffffffff
TBPRE pre-P1=00000000 kind=12
[diff /tmp/opencode/m5dir_6kyb31jg/loop_lane_counts_l8] PASS (0 mismatches)

l8 PASS
TBCTRL pc=4 op=7c8 cond=0 P=00000000
TBPRE pre-P1=00000000 kind=2
TBPW w=0 addr=0 val=ffffffff
TBCTRL pc=6 op=7cb cond=0 P=ffffffff
TBPRE pre-P1=00000000 kind=5
TBCTRL pc=9 op=7c9 cond=1 P=00000000
TBPRE pre-P1=00000000 kind=3
TBCTRL pc=10 op=7cf cond=0 P=ffffffff
TBPRE pre-P1=00000000 kind=12
[diff /tmp/opencode/m5dir_dhun9xl9/loop_lane_counts_l8] PASS (0 mismatches)

l4 PASS
TBCTRL pc=4 op=7c8 cond=0 P=00000000
TBPRE pre-P1=00000000 kind=2
TBPW w=0 addr=0 val=ffffffff
TBCTRL pc=6 op=7cb cond=0 P=ffffffff
TBPRE pre-P1=00000000 kind=5
TBCTRL pc=9 op=7c9 cond=1 P=00000000
TBPRE pre-P1=00000000 kind=3
TBCTRL pc=10 op=7cf cond=0 P=ffffffff
TBPRE pre-P1=00000000 kind=12
[diff /tmp/opencode/m5dir_nat7zbi1/loop_lane_counts_l4] PASS (0 mismatches)

l16 PASS
TBCTRL pc=4 op=7c8 cond=0 P=00000000
TBPRE pre-P1=00000000 kind=2
TBPW w=0 addr=0 val=ffffffff
TBCTRL pc=6 op=7cb cond=0 P=ffffffff
TBPRE pre-P1=00000000 kind=5
TBCTRL pc=9 op=7c9 cond=1 P=00000000
TBPRE pre-P1=00000000 kind=3
TBCTRL pc=10 op=7cf cond=0 P=ffffffff
TBPRE pre-P1=00000000 kind=12
[diff /tmp/opencode/m5dir_igbe31n5/loop_lane_counts_l16] PASS (0 mismatches)

l32 PASS
TBCTRL pc=4 op=7c8 cond=0 P=00000000
TBPRE pre-P1=00000000 kind=2
TBPW w=0 addr=0 val=ffffffff
TBCTRL pc=6 op=7cb cond=0 P=ffffffff
TBPRE pre-P1=00000000 kind=5
TBCTRL pc=9 op=7c9 cond=1 P=00000000
TBPRE pre-P1=00000000 kind=3
TBCTRL pc=10 op=7cf cond=0 P=ffffffff
TBPRE pre-P1=00000000 kind=12
[diff /tmp/opencode/m5dir_zzhpohij/loop_lane_counts_l32] PASS (0 mismatches)

l8 FAIL
TBCTRL pc=4 op=7c8 cond=0 P=00000000
TBPRE pre-P1=00000000 kind=2
TBPW w=0 addr=0 val=ffffffff
TBCTRL pc=6 op=7cb cond=0 P=ffffffff
TBPRE pre-P1=00000000 kind=5
TBCTRL pc=9 op=7c9 cond=1 P=00000000
TBPRE pre-P1=00000000 kind=3
TBCTRL pc=10 op=7cf cond=0 P=ffffffff
TBPRE pre-P1=00000000 kind=12
MISMATCH state line 6
  A: VGPR 00 00000000 00000000 00000000 00000000 00000000 00000000 00000000 00000000 00000000 00000000 00000000 00000000 00000000 00000000 00000000 00000000 00000000 00000000 00000000 00000000 00000000 00000000 00000000 00000000 00000000 00000000 00000000 00000000 00000000 00000000 00000000 00000000
  B: VGPR 00 00000000 00000001 00000002 00000003 00000004 00000005 00000006 00000007 00000008 00000009 0000000a 0000000b 0000000c 0000000d 0000000e 0000000f 00000010 00000011 00000012 00000013 00000014 00000015 00000016 00000017 00000018 00000019 0000001a 0000001b 0000001c 0000001d 0000001e 0000001f
MISMATCH state line 9
  A: VGPR 03 00000000 00000000 00000000 00000000 00000000 00000000 00000000 00000000 00000000 00000000 00000000 00000000 00000000 00000000 00000000 00000000 00000000 00000000 00000000 00000000 00000000 00000000 00000000 00000000 00000000 00000000 00000000 00000000 00000000 00000000 00000000 00000000
  B: VGPR 03 00000000 ffffffff fffffffe fffffffd fffffffc fffffffb fffffffa fffffff9 fffffff8 fffffff7 fffffff6 fffffff5 fffffff4 fffffff3 fffffff2 fffffff1 fffffff0 ffffffef ffffffee ffffffed ffffffec ffffffeb ffffffea ffffffe9 ffffffe8 ffffffe7 ffffffe6 ffffffe5 ffffffe4 ffffffe3 ffffffe2 ffffffe1
[diff /tmp/opencode/m5dir_rfwgwaqq/loop_lane_counts_l8] FAIL (2 mismatches)

l8 FAIL
TBCTRL pc=4 op=7c8 cond=0 P=00000000
TBPRE pre-P1=00000000 kind=2
TBPW w=0 addr=0 val=ffffffff
TBCTRL pc=6 op=7cb cond=0 P=ffffffff
TBPRE pre-P1=00000000 kind=5
TBCTRL pc=9 op=7c9 cond=1 P=00000000
TBPRE pre-P1=00000000 kind=3
TBCTRL pc=10 op=7cf cond=0 P=ffffffff
TBPRE pre-P1=00000000 kind=12
MISMATCH state line 6
  A: VGPR 00 00000000 00000000 00000000 00000000 00000000 00000000 00000000 00000000 00000000 00000000 00000000 00000000 00000000 00000000 00000000 00000000 00000000 00000000 00000000 00000000 00000000 00000000 00000000 00000000 00000000 00000000 00000000 00000000 00000000 00000000 00000000 00000000
  B: VGPR 00 00000000 00000001 00000002 00000003 00000004 00000005 00000006 00000007 00000008 00000009 0000000a 0000000b 0000000c 0000000d 0000000e 0000000f 00000010 00000011 00000012 00000013 00000014 00000015 00000016 00000017 00000018 00000019 0000001a 0000001b 0000001c 0000001d 0000001e 0000001f
MISMATCH state line 9
  A: VGPR 03 00000000 00000000 00000000 00000000 00000000 00000000 00000000 00000000 00000000 00000000 00000000 00000000 00000000 00000000 00000000 00000000 00000000 00000000 00000000 00000000 00000000 00000000 00000000 00000000 00000000 00000000 00000000 00000000 00000000 00000000 00000000 00000000
  B: VGPR 03 00000000 ffffffff fffffffe fffffffd fffffffc fffffffb fffffffa fffffff9 fffffff8 fffffff7 fffffff6 fffffff5 fffffff4 fffffff3 fffffff2 fffffff1 fffffff0 ffffffef ffffffee ffffffed ffffffec ffffffeb ffffffea ffffffe9 ffffffe8 ffffffe7 ffffffe6 ffffffe5 ffffffe4 ffffffe3 ffffffe2 ffffffe1
[diff /tmp/opencode/m5dir_yiwp87ak/loop_lane_counts_l8] FAIL (2 mismatches)

l8 PASS
TBCTRL pc=4 op=7c8 cond=0 P=00000000
TBPRE pre-P1=00000000 kind=2
TBPW w=0 addr=0 val=ffffffff
TBCTRL pc=6 op=7cb cond=0 P=ffffffff
TBPRE pre-P1=00000000 kind=5
TBCTRL pc=9 op=7c9 cond=1 P=00000000
TBPRE pre-P1=00000000 kind=3
TBCTRL pc=10 op=7cf cond=0 P=ffffffff
TBPRE pre-P1=00000000 kind=12
[diff /tmp/opencode/m5dir_mfu9mpwd/loop_lane_counts_l8] PASS (0 mismatches)

l8 PASS
TBCTRL pc=4 op=7c8 cond=0 P=00000000
TBPRE pre-P1=00000000 kind=2
TBPW w=0 addr=0 val=ffffffff
TBCTRL pc=6 op=7cb cond=0 P=ffffffff
TBPRE pre-P1=00000000 kind=5
TBCTRL pc=9 op=7c9 cond=1 P=00000000
TBPRE pre-P1=00000000 kind=3
TBCTRL pc=10 op=7cf cond=0 P=ffffffff
TBPRE pre-P1=00000000 kind=12
[diff /tmp/opencode/m5dir_gxmnke16/loop_lane_counts_l8] PASS (0 mismatches)

l8 PASS
TBCTRL pc=4 op=7c8 cond=0 P=00000000
TBPRE pre-P1=00000000 kind=2
TBPW w=0 addr=0 val=ffffffff
TBCTRL pc=6 op=7cb cond=0 P=ffffffff
TBPRE pre-P1=00000000 kind=5
TBCTRL pc=9 op=7c9 cond=1 P=00000000
TBPRE pre-P1=00000000 kind=3
TBCTRL pc=10 op=7cf cond=0 P=ffffffff
TBPRE pre-P1=00000000 kind=12
[diff /tmp/opencode/m5dir_59wr0chn/loop_lane_counts_l8] PASS (0 mismatches)

l4 PASS
TBCTRL pc=4 op=7c8 cond=0 P=00000000
TBPRE pre-P1=00000000 kind=2
TBPW w=0 addr=0 val=ffffffff
TBCTRL pc=6 op=7cb cond=0 P=ffffffff
TBPRE pre-P1=00000000 kind=5
TBCTRL pc=9 op=7c9 cond=1 P=00000000
TBPRE pre-P1=00000000 kind=3
TBCTRL pc=10 op=7cf cond=0 P=ffffffff
TBPRE pre-P1=00000000 kind=12
[diff /tmp/opencode/m5dir_4t8d500k/loop_lane_counts_l4] PASS (0 mismatches)

l16 PASS
TBCTRL pc=4 op=7c8 cond=0 P=00000000
TBPRE pre-P1=00000000 kind=2
TBPW w=0 addr=0 val=ffffffff
TBCTRL pc=6 op=7cb cond=0 P=ffffffff
TBPRE pre-P1=00000000 kind=5
TBCTRL pc=9 op=7c9 cond=1 P=00000000
TBPRE pre-P1=00000000 kind=3
TBCTRL pc=10 op=7cf cond=0 P=ffffffff
TBPRE pre-P1=00000000 kind=12
[diff /tmp/opencode/m5dir_vdgeakmp/loop_lane_counts_l16] PASS (0 mismatches)

l32 PASS
TBCTRL pc=4 op=7c8 cond=0 P=00000000
TBPRE pre-P1=00000000 kind=2
TBPW w=0 addr=0 val=ffffffff
TBCTRL pc=6 op=7cb cond=0 P=ffffffff
TBPRE pre-P1=00000000 kind=5
TBCTRL pc=9 op=7c9 cond=1 P=00000000
TBPRE pre-P1=00000000 kind=3
TBCTRL pc=10 op=7cf cond=0 P=ffffffff
TBPRE pre-P1=00000000 kind=12
[diff /tmp/opencode/m5dir_u_j5wiqt/loop_lane_counts_l32] PASS (0 mismatches)

l8 PASS
TBCTRL pc=4 op=7c8 cond=0 P=00000000
TBPRE pre-P1=00000000 kind=2
TBPW w=0 addr=0 val=ffffffff
TBCTRL pc=6 op=7cb cond=0 P=ffffffff
TBPRE pre-P1=00000000 kind=5
TBCTRL pc=9 op=7c9 cond=1 P=00000000
TBPRE pre-P1=00000000 kind=3
TBCTRL pc=10 op=7cf cond=0 P=ffffffff
TBPRE pre-P1=00000000 kind=12
[diff /tmp/opencode/m5dir_j5c71qq4/loop_lane_counts_l8] PASS (0 mismatches)

l8 PASS
TBCTRL pc=4 op=7c8 cond=0 P=00000000
TBPRE pre-P1=00000000 kind=2
TBPW w=0 addr=0 val=ffffffff
TBCTRL pc=6 op=7cb cond=0 P=ffffffff
TBPRE pre-P1=00000000 kind=5
TBCTRL pc=9 op=7c9 cond=1 P=00000000
TBPRE pre-P1=00000000 kind=3
TBCTRL pc=10 op=7cf cond=0 P=ffffffff
TBPRE pre-P1=00000000 kind=12
[diff /tmp/opencode/m5dir_pbcssfg0/loop_lane_counts_l8] PASS (0 mismatches)

l8 PASS
TBCTRL pc=4 op=7c8 cond=0 P=00000000
TBPRE pre-P1=00000000 kind=2
TBPW w=0 addr=0 val=ffffffff
TBCTRL pc=6 op=7cb cond=0 P=ffffffff
TBPRE pre-P1=00000000 kind=5
TBCTRL pc=9 op=7c9 cond=1 P=00000000
TBPRE pre-P1=00000000 kind=3
TBCTRL pc=10 op=7cf cond=0 P=ffffffff
TBPRE pre-P1=00000000 kind=12
[diff /tmp/opencode/m5dir_cc93b_ly/loop_lane_counts_l8] PASS (0 mismatches)

l8 PASS
TBCTRL pc=4 op=7c8 cond=0 P=00000000
TBPRE pre-P1=00000000 kind=2
TBPW w=0 addr=0 val=ffffffff
TBCTRL pc=6 op=7cb cond=0 P=ffffffff
TBPRE pre-P1=00000000 kind=5
TBCTRL pc=9 op=7c9 cond=1 P=00000000
TBPRE pre-P1=00000000 kind=3
TBCTRL pc=10 op=7cf cond=0 P=ffffffff
TBPRE pre-P1=00000000 kind=12
[diff /tmp/opencode/m5dir_leyio7d3/loop_lane_counts_l8] PASS (0 mismatches)

l8 PASS
TBCTRL pc=4 op=7c8 cond=0 P=00000000
TBPRE pre-P1=00000000 kind=2
TBPW w=0 addr=0 val=ffffffff
TBCTRL pc=6 op=7cb cond=0 P=ffffffff
TBPRE pre-P1=00000000 kind=5
TBCTRL pc=9 op=7c9 cond=1 P=00000000
TBPRE pre-P1=00000000 kind=3
TBCTRL pc=10 op=7cf cond=0 P=ffffffff
TBPRE pre-P1=00000000 kind=12
[diff /tmp/opencode/m5dir_8ggbyb0g/loop_lane_counts_l8] PASS (0 mismatches)

l8 PASS
TBCTRL pc=4 op=7c8 cond=0 P=00000000
TBPRE pre-P1=00000000 kind=2
TBPW w=0 addr=0 val=ffffffff
TBCTRL pc=6 op=7cb cond=0 P=ffffffff
TBPRE pre-P1=00000000 kind=5
TBCTRL pc=9 op=7c9 cond=1 P=00000000
TBPRE pre-P1=00000000 kind=3
TBCTRL pc=10 op=7cf cond=0 P=ffffffff
TBPRE pre-P1=00000000 kind=12
[diff /tmp/opencode/m5dir_5kjaf7ur/loop_lane_counts_l8] PASS (0 mismatches)

l8 PASS
TBCTRL pc=4 op=7c8 cond=0 P=00000000
TBPRE pre-P1=00000000 kind=2
TBPW w=0 addr=0 val=ffffffff
TBCTRL pc=6 op=7cb cond=0 P=ffffffff
TBPRE pre-P1=00000000 kind=5
TBCTRL pc=9 op=7c9 cond=1 P=00000000
TBPRE pre-P1=00000000 kind=3
TBCTRL pc=10 op=7cf cond=0 P=ffffffff
TBPRE pre-P1=00000000 kind=12
[diff /tmp/opencode/m5dir_z6wswbl0/loop_lane_counts_l8] PASS (0 mismatches)

l8 PASS
TBCTRL pc=4 op=7c8 cond=0 P=00000000
TBPRE pre-P1=00000000 kind=2
TBPW w=0 addr=0 val=ffffffff
TBCTRL pc=6 op=7cb cond=0 P=ffffffff
TBPRE pre-P1=00000000 kind=5
TBCTRL pc=9 op=7c9 cond=1 P=00000000
TBPRE pre-P1=00000000 kind=3
TBCTRL pc=10 op=7cf cond=0 P=ffffffff
TBPRE pre-P1=00000000 kind=12
[diff /tmp/opencode/m5dir_m5sut3_0/loop_lane_counts_l8] PASS (0 mismatches)

l8 PASS
TBCTRL pc=4 op=7c8 cond=0 P=00000000
TBPRE pre-P1=00000000 kind=2
TBPW w=0 addr=0 val=ffffffff
TBCTRL pc=6 op=7cb cond=0 P=ffffffff
TBPRE pre-P1=00000000 kind=5
TBCTRL pc=9 op=7c9 cond=1 P=00000000
TBPRE pre-P1=00000000 kind=3
TBCTRL pc=10 op=7cf cond=0 P=ffffffff
TBPRE pre-P1=00000000 kind=12
[diff /tmp/opencode/m5dir_xfpax2la/loop_lane_counts_l8] PASS (0 mismatches)

l8 PASS
TBCTRL pc=4 op=7c8 cond=0 P=00000000
TBPRE pre-P1=00000000 kind=2
TBPW w=0 addr=0 val=ffffffff
TBCTRL pc=6 op=7cb cond=0 P=ffffffff
TBPRE pre-P1=00000000 kind=5
TBCTRL pc=9 op=7c9 cond=1 P=00000000
TBPRE pre-P1=00000000 kind=3
TBCTRL pc=10 op=7cf cond=0 P=ffffffff
TBPRE pre-P1=00000000 kind=12
[diff /tmp/opencode/m5dir_14b80pr1/loop_lane_counts_l8] PASS (0 mismatches)

l8 PASS
TBCTRL pc=4 op=7c8 cond=0 P=00000000
TBPRE pre-P1=00000000 kind=2
TBPW w=0 addr=0 val=ffffffff
TBCTRL pc=6 op=7cb cond=0 P=ffffffff
TBPRE pre-P1=00000000 kind=5
TBCTRL pc=9 op=7c9 cond=1 P=00000000
TBPRE pre-P1=00000000 kind=3
TBCTRL pc=10 op=7cf cond=0 P=ffffffff
TBPRE pre-P1=00000000 kind=12
[diff /tmp/opencode/m5dir_82fl1g4f/loop_lane_counts_l8] PASS (0 mismatches)

l8 PASS
TBCTRL pc=4 op=7c8 cond=0 P=00000000
TBPRE pre-P1=00000000 kind=2
TBPW w=0 addr=0 val=ffffffff
TBCTRL pc=6 op=7cb cond=0 P=ffffffff
TBPRE pre-P1=00000000 kind=5
TBCTRL pc=9 op=7c9 cond=1 P=00000000
TBPRE pre-P1=00000000 kind=3
TBCTRL pc=10 op=7cf cond=0 P=ffffffff
TBPRE pre-P1=00000000 kind=12
[diff /tmp/opencode/m5dir_v89i2244/loop_lane_counts_l8] PASS (0 mismatches)

l8 PASS
TBCTRL pc=4 op=7c8 cond=0 P=00000000
TBPRE pre-P1=00000000 kind=2
TBPW w=0 addr=0 val=ffffffff
TBCTRL pc=6 op=7cb cond=0 P=ffffffff
TBPRE pre-P1=00000000 kind=5
TBCTRL pc=9 op=7c9 cond=1 P=00000000
TBPRE pre-P1=00000000 kind=3
TBCTRL pc=10 op=7cf cond=0 P=ffffffff
TBPRE pre-P1=00000000 kind=12
[diff /tmp/opencode/m5dir_3m2r6mt2/loop_lane_counts_l8] PASS (0 mismatches)

l8 PASS
TBCTRL pc=4 op=7c8 cond=0 P=00000000
TBPRE pre-P1=00000000 kind=2
TBPW w=0 addr=0 val=ffffffff
TBCTRL pc=6 op=7cb cond=0 P=ffffffff
TBPRE pre-P1=00000000 kind=5
TBCTRL pc=9 op=7c9 cond=1 P=00000000
TBPRE pre-P1=00000000 kind=3
TBCTRL pc=10 op=7cf cond=0 P=ffffffff
TBPRE pre-P1=00000000 kind=12
[diff /tmp/opencode/m5dir_lic9sie0/loop_lane_counts_l8] PASS (0 mismatches)

l8 PASS
TBCTRL pc=4 op=7c8 cond=0 P=00000000
TBPRE pre-P1=00000000 kind=2
TBPW w=0 addr=0 val=ffffffff
TBCTRL pc=6 op=7cb cond=0 P=ffffffff
TBPRE pre-P1=00000000 kind=5
TBCTRL pc=9 op=7c9 cond=1 P=00000000
TBPRE pre-P1=00000000 kind=3
TBCTRL pc=10 op=7cf cond=0 P=ffffffff
TBPRE pre-P1=00000000 kind=12
[diff /tmp/opencode/m5dir_pomxqxiv/loop_lane_counts_l8] PASS (0 mismatches)

l8 PASS
TBCTRL pc=4 op=7c8 cond=0 P=00000000
TBPRE pre-P1=00000000 kind=2
TBPW w=0 addr=0 val=ffffffff
TBCTRL pc=6 op=7cb cond=0 P=ffffffff
TBPRE pre-P1=00000000 kind=5
TBCTRL pc=9 op=7c9 cond=1 P=00000000
TBPRE pre-P1=00000000 kind=3
TBCTRL pc=10 op=7cf cond=0 P=ffffffff
TBPRE pre-P1=00000000 kind=12
[diff /tmp/opencode/m5dir_61ow2ulj/loop_lane_counts_l8] PASS (0 mismatches)

l8 PASS
TBCTRL pc=4 op=7c8 cond=0 P=00000000
TBPRE pre-P1=00000000 kind=2
TBPW w=0 addr=0 val=ffffffff
TBCTRL pc=6 op=7cb cond=0 P=ffffffff
TBPRE pre-P1=00000000 kind=5
TBCTRL pc=9 op=7c9 cond=1 P=00000000
TBPRE pre-P1=00000000 kind=3
TBCTRL pc=10 op=7cf cond=0 P=ffffffff
TBPRE pre-P1=00000000 kind=12
[diff /tmp/opencode/m5dir_iws_lc5f/loop_lane_counts_l8] PASS (0 mismatches)

