mask_control_y.sv:544: Warning: Identifier `\fr' is implicitly declared.
m5_mask_stack_formal.sv:75: Warning: Identifier `\FAULT_MASK_STACK_UNDERFLOW' is implicitly declared.
Warning: Wire $paramod$4bd61dfce6e39a0d9a35a852f09844375eb97c3f\scigpu_mask_control_m5.\dbg_top_parent [31] is used but has no driver.
Warning: Wire $paramod$4bd61dfce6e39a0d9a35a852f09844375eb97c3f\scigpu_mask_control_m5.\dbg_top_parent [30] is used but has no driver.
Warning: Wire $paramod$4bd61dfce6e39a0d9a35a852f09844375eb97c3f\scigpu_mask_control_m5.\dbg_top_parent [29] is used but has no driver.
Warning: Wire $paramod$4bd61dfce6e39a0d9a35a852f09844375eb97c3f\scigpu_mask_control_m5.\dbg_top_parent [28] is used but has no driver.
Warning: Wire $paramod$4bd61dfce6e39a0d9a35a852f09844375eb97c3f\scigpu_mask_control_m5.\dbg_top_parent [27] is used but has no driver.
Warning: Wire $paramod$4bd61dfce6e39a0d9a35a852f09844375eb97c3f\scigpu_mask_control_m5.\dbg_top_parent [26] is used but has no driver.
Warning: Wire $paramod$4bd61dfce6e39a0d9a35a852f09844375eb97c3f\scigpu_mask_control_m5.\dbg_top_parent [25] is used but has no driver.
Warning: Wire $paramod$4bd61dfce6e39a0d9a35a852f09844375eb97c3f\scigpu_mask_control_m5.\dbg_top_parent [24] is used but has no driver.
Warning: Wire $paramod$4bd61dfce6e39a0d9a35a852f09844375eb97c3f\scigpu_mask_control_m5.\dbg_top_parent [23] is used but has no driver.
Warning: Wire $paramod$4bd61dfce6e39a0d9a35a852f09844375eb97c3f\scigpu_mask_control_m5.\dbg_top_parent [22] is used but has no driver.
Warning: Wire $paramod$4bd61dfce6e39a0d9a35a852f09844375eb97c3f\scigpu_mask_control_m5.\dbg_top_parent [21] is used but has no driver.
Warning: Wire $paramod$4bd61dfce6e39a0d9a35a852f09844375eb97c3f\scigpu_mask_control_m5.\dbg_top_parent [20] is used but has no driver.
Warning: Wire $paramod$4bd61dfce6e39a0d9a35a852f09844375eb97c3f\scigpu_mask_control_m5.\dbg_top_parent [19] is used but has no driver.
Warning: Wire $paramod$4bd61dfce6e39a0d9a35a852f09844375eb97c3f\scigpu_mask_control_m5.\dbg_top_parent [18] is used but has no driver.
Warning: Wire $paramod$4bd61dfce6e39a0d9a35a852f09844375eb97c3f\scigpu_mask_control_m5.\dbg_top_parent [17] is used but has no driver.
Warning: Wire $paramod$4bd61dfce6e39a0d9a35a852f09844375eb97c3f\scigpu_mask_control_m5.\dbg_top_parent [16] is used but has no driver.
Warning: Wire $paramod$4bd61dfce6e39a0d9a35a852f09844375eb97c3f\scigpu_mask_control_m5.\dbg_top_parent [15] is used but has no driver.
Warning: Wire $paramod$4bd61dfce6e39a0d9a35a852f09844375eb97c3f\scigpu_mask_control_m5.\dbg_top_parent [14] is used but has no driver.
Warning: Wire $paramod$4bd61dfce6e39a0d9a35a852f09844375eb97c3f\scigpu_mask_control_m5.\dbg_top_parent [13] is used but has no driver.
Warning: Wire $paramod$4bd61dfce6e39a0d9a35a852f09844375eb97c3f\scigpu_mask_control_m5.\dbg_top_parent [12] is used but has no driver.
Warning: Wire $paramod$4bd61dfce6e39a0d9a35a852f09844375eb97c3f\scigpu_mask_control_m5.\dbg_top_parent [11] is used but has no driver.
Warning: Wire $paramod$4bd61dfce6e39a0d9a35a852f09844375eb97c3f\scigpu_mask_control_m5.\dbg_top_parent [10] is used but has no driver.
Warning: Wire $paramod$4bd61dfce6e39a0d9a35a852f09844375eb97c3f\scigpu_mask_control_m5.\dbg_top_parent [9] is used but has no driver.
Warning: Wire $paramod$4bd61dfce6e39a0d9a35a852f09844375eb97c3f\scigpu_mask_control_m5.\dbg_top_parent [8] is used but has no driver.
Warning: Wire $paramod$4bd61dfce6e39a0d9a35a852f09844375eb97c3f\scigpu_mask_control_m5.\dbg_top_parent [7] is used but has no driver.
Warning: Wire $paramod$4bd61dfce6e39a0d9a35a852f09844375eb97c3f\scigpu_mask_control_m5.\dbg_top_parent [6] is used but has no driver.
Warning: Wire $paramod$4bd61dfce6e39a0d9a35a852f09844375eb97c3f\scigpu_mask_control_m5.\dbg_top_parent [5] is used but has no driver.
Warning: Wire $paramod$4bd61dfce6e39a0d9a35a852f09844375eb97c3f\scigpu_mask_control_m5.\dbg_top_parent [4] is used but has no driver.
Warning: Wire $paramod$4bd61dfce6e39a0d9a35a852f09844375eb97c3f\scigpu_mask_control_m5.\dbg_top_parent [3] is used but has no driver.
Warning: Wire $paramod$4bd61dfce6e39a0d9a35a852f09844375eb97c3f\scigpu_mask_control_m5.\dbg_top_parent [2] is used but has no driver.
Warning: Wire $paramod$4bd61dfce6e39a0d9a35a852f09844375eb97c3f\scigpu_mask_control_m5.\dbg_top_parent [1] is used but has no driver.
Warning: Wire $paramod$4bd61dfce6e39a0d9a35a852f09844375eb97c3f\scigpu_mask_control_m5.\dbg_top_parent [0] is used but has no driver.
Warning: Wire $paramod$4bd61dfce6e39a0d9a35a852f09844375eb97c3f\scigpu_mask_control_m5.\dbg_top_maskb [31] is used but has no driver.
Warning: Wire $paramod$4bd61dfce6e39a0d9a35a852f09844375eb97c3f\scigpu_mask_control_m5.\dbg_top_maskb [30] is used but has no driver.
Warning: Wire $paramod$4bd61dfce6e39a0d9a35a852f09844375eb97c3f\scigpu_mask_control_m5.\dbg_top_maskb [29] is used but has no driver.
Warning: Wire $paramod$4bd61dfce6e39a0d9a35a852f09844375eb97c3f\scigpu_mask_control_m5.\dbg_top_maskb [28] is used but has no driver.
Warning: Wire $paramod$4bd61dfce6e39a0d9a35a852f09844375eb97c3f\scigpu_mask_control_m5.\dbg_top_maskb [27] is used but has no driver.
Warning: Wire $paramod$4bd61dfce6e39a0d9a35a852f09844375eb97c3f\scigpu_mask_control_m5.\dbg_top_maskb [26] is used but has no driver.
Warning: Wire $paramod$4bd61dfce6e39a0d9a35a852f09844375eb97c3f\scigpu_mask_control_m5.\dbg_top_maskb [25] is used but has no driver.
Warning: Wire $paramod$4bd61dfce6e39a0d9a35a852f09844375eb97c3f\scigpu_mask_control_m5.\dbg_top_maskb [24] is used but has no driver.
Warning: Wire $paramod$4bd61dfce6e39a0d9a35a852f09844375eb97c3f\scigpu_mask_control_m5.\dbg_top_maskb [23] is used but has no driver.
Warning: Wire $paramod$4bd61dfce6e39a0d9a35a852f09844375eb97c3f\scigpu_mask_control_m5.\dbg_top_maskb [22] is used but has no driver.
Warning: Wire $paramod$4bd61dfce6e39a0d9a35a852f09844375eb97c3f\scigpu_mask_control_m5.\dbg_top_maskb [21] is used but has no driver.
Warning: Wire $paramod$4bd61dfce6e39a0d9a35a852f09844375eb97c3f\scigpu_mask_control_m5.\dbg_top_maskb [20] is used but has no driver.
Warning: Wire $paramod$4bd61dfce6e39a0d9a35a852f09844375eb97c3f\scigpu_mask_control_m5.\dbg_top_maskb [19] is used but has no driver.
Warning: Wire $paramod$4bd61dfce6e39a0d9a35a852f09844375eb97c3f\scigpu_mask_control_m5.\dbg_top_maskb [18] is used but has no driver.
Warning: Wire $paramod$4bd61dfce6e39a0d9a35a852f09844375eb97c3f\scigpu_mask_control_m5.\dbg_top_maskb [17] is used but has no driver.
Warning: Wire $paramod$4bd61dfce6e39a0d9a35a852f09844375eb97c3f\scigpu_mask_control_m5.\dbg_top_maskb [16] is used but has no driver.
Warning: Wire $paramod$4bd61dfce6e39a0d9a35a852f09844375eb97c3f\scigpu_mask_control_m5.\dbg_top_maskb [15] is used but has no driver.
Warning: Wire $paramod$4bd61dfce6e39a0d9a35a852f09844375eb97c3f\scigpu_mask_control_m5.\dbg_top_maskb [14] is used but has no driver.
Warning: Wire $paramod$4bd61dfce6e39a0d9a35a852f09844375eb97c3f\scigpu_mask_control_m5.\dbg_top_maskb [13] is used but has no driver.
Warning: Wire $paramod$4bd61dfce6e39a0d9a35a852f09844375eb97c3f\scigpu_mask_control_m5.\dbg_top_maskb [12] is used but has no driver.
Warning: Wire $paramod$4bd61dfce6e39a0d9a35a852f09844375eb97c3f\scigpu_mask_control_m5.\dbg_top_maskb [11] is used but has no driver.
Warning: Wire $paramod$4bd61dfce6e39a0d9a35a852f09844375eb97c3f\scigpu_mask_control_m5.\dbg_top_maskb [10] is used but has no driver.
Warning: Wire $paramod$4bd61dfce6e39a0d9a35a852f09844375eb97c3f\scigpu_mask_control_m5.\dbg_top_maskb [9] is used but has no driver.
Warning: Wire $paramod$4bd61dfce6e39a0d9a35a852f09844375eb97c3f\scigpu_mask_control_m5.\dbg_top_maskb [8] is used but has no driver.
Warning: Wire $paramod$4bd61dfce6e39a0d9a35a852f09844375eb97c3f\scigpu_mask_control_m5.\dbg_top_maskb [7] is used but has no driver.
Warning: Wire $paramod$4bd61dfce6e39a0d9a35a852f09844375eb97c3f\scigpu_mask_control_m5.\dbg_top_maskb [6] is used but has no driver.
Warning: Wire $paramod$4bd61dfce6e39a0d9a35a852f09844375eb97c3f\scigpu_mask_control_m5.\dbg_top_maskb [5] is used but has no driver.
Warning: Wire $paramod$4bd61dfce6e39a0d9a35a852f09844375eb97c3f\scigpu_mask_control_m5.\dbg_top_maskb [4] is used but has no driver.
Warning: Wire $paramod$4bd61dfce6e39a0d9a35a852f09844375eb97c3f\scigpu_mask_control_m5.\dbg_top_maskb [3] is used but has no driver.
Warning: Wire $paramod$4bd61dfce6e39a0d9a35a852f09844375eb97c3f\scigpu_mask_control_m5.\dbg_top_maskb [2] is used but has no driver.
Warning: Wire $paramod$4bd61dfce6e39a0d9a35a852f09844375eb97c3f\scigpu_mask_control_m5.\dbg_top_maskb [1] is used but has no driver.
Warning: Wire $paramod$4bd61dfce6e39a0d9a35a852f09844375eb97c3f\scigpu_mask_control_m5.\dbg_top_maskb [0] is used but has no driver.
Warning: Wire $paramod$4bd61dfce6e39a0d9a35a852f09844375eb97c3f\scigpu_mask_control_m5.\dbg_top_maska [31] is used but has no driver.
Warning: Wire $paramod$4bd61dfce6e39a0d9a35a852f09844375eb97c3f\scigpu_mask_control_m5.\dbg_top_maska [30] is used but has no driver.
Warning: Wire $paramod$4bd61dfce6e39a0d9a35a852f09844375eb97c3f\scigpu_mask_control_m5.\dbg_top_maska [29] is used but has no driver.
Warning: Wire $paramod$4bd61dfce6e39a0d9a35a852f09844375eb97c3f\scigpu_mask_control_m5.\dbg_top_maska [28] is used but has no driver.
Warning: Wire $paramod$4bd61dfce6e39a0d9a35a852f09844375eb97c3f\scigpu_mask_control_m5.\dbg_top_maska [27] is used but has no driver.
Warning: Wire $paramod$4bd61dfce6e39a0d9a35a852f09844375eb97c3f\scigpu_mask_control_m5.\dbg_top_maska [26] is used but has no driver.
Warning: Wire $paramod$4bd61dfce6e39a0d9a35a852f09844375eb97c3f\scigpu_mask_control_m5.\dbg_top_maska [25] is used but has no driver.
Warning: Wire $paramod$4bd61dfce6e39a0d9a35a852f09844375eb97c3f\scigpu_mask_control_m5.\dbg_top_maska [24] is used but has no driver.
Warning: Wire $paramod$4bd61dfce6e39a0d9a35a852f09844375eb97c3f\scigpu_mask_control_m5.\dbg_top_maska [23] is used but has no driver.
Warning: Wire $paramod$4bd61dfce6e39a0d9a35a852f09844375eb97c3f\scigpu_mask_control_m5.\dbg_top_maska [22] is used but has no driver.
Warning: Wire $paramod$4bd61dfce6e39a0d9a35a852f09844375eb97c3f\scigpu_mask_control_m5.\dbg_top_maska [21] is used but has no driver.
Warning: Wire $paramod$4bd61dfce6e39a0d9a35a852f09844375eb97c3f\scigpu_mask_control_m5.\dbg_top_maska [20] is used but has no driver.
Warning: Wire $paramod$4bd61dfce6e39a0d9a35a852f09844375eb97c3f\scigpu_mask_control_m5.\dbg_top_maska [19] is used but has no driver.
Warning: Wire $paramod$4bd61dfce6e39a0d9a35a852f09844375eb97c3f\scigpu_mask_control_m5.\dbg_top_maska [18] is used but has no driver.
Warning: Wire $paramod$4bd61dfce6e39a0d9a35a852f09844375eb97c3f\scigpu_mask_control_m5.\dbg_top_maska [17] is used but has no driver.
Warning: Wire $paramod$4bd61dfce6e39a0d9a35a852f09844375eb97c3f\scigpu_mask_control_m5.\dbg_top_maska [16] is used but has no driver.
Warning: Wire $paramod$4bd61dfce6e39a0d9a35a852f09844375eb97c3f\scigpu_mask_control_m5.\dbg_top_maska [15] is used but has no driver.
Warning: Wire $paramod$4bd61dfce6e39a0d9a35a852f09844375eb97c3f\scigpu_mask_control_m5.\dbg_top_maska [14] is used but has no driver.
Warning: Wire $paramod$4bd61dfce6e39a0d9a35a852f09844375eb97c3f\scigpu_mask_control_m5.\dbg_top_maska [13] is used but has no driver.
Warning: Wire $paramod$4bd61dfce6e39a0d9a35a852f09844375eb97c3f\scigpu_mask_control_m5.\dbg_top_maska [12] is used but has no driver.
Warning: Wire $paramod$4bd61dfce6e39a0d9a35a852f09844375eb97c3f\scigpu_mask_control_m5.\dbg_top_maska [11] is used but has no driver.
Warning: Wire $paramod$4bd61dfce6e39a0d9a35a852f09844375eb97c3f\scigpu_mask_control_m5.\dbg_top_maska [10] is used but has no driver.
Warning: Wire $paramod$4bd61dfce6e39a0d9a35a852f09844375eb97c3f\scigpu_mask_control_m5.\dbg_top_maska [9] is used but has no driver.
Warning: Wire $paramod$4bd61dfce6e39a0d9a35a852f09844375eb97c3f\scigpu_mask_control_m5.\dbg_top_maska [8] is used but has no driver.
Warning: Wire $paramod$4bd61dfce6e39a0d9a35a852f09844375eb97c3f\scigpu_mask_control_m5.\dbg_top_maska [7] is used but has no driver.
Warning: Wire $paramod$4bd61dfce6e39a0d9a35a852f09844375eb97c3f\scigpu_mask_control_m5.\dbg_top_maska [6] is used but has no driver.
Warning: Wire $paramod$4bd61dfce6e39a0d9a35a852f09844375eb97c3f\scigpu_mask_control_m5.\dbg_top_maska [5] is used but has no driver.
Warning: Wire $paramod$4bd61dfce6e39a0d9a35a852f09844375eb97c3f\scigpu_mask_control_m5.\dbg_top_maska [4] is used but has no driver.
Warning: Wire $paramod$4bd61dfce6e39a0d9a35a852f09844375eb97c3f\scigpu_mask_control_m5.\dbg_top_maska [3] is used but has no driver.
Warning: Wire $paramod$4bd61dfce6e39a0d9a35a852f09844375eb97c3f\scigpu_mask_control_m5.\dbg_top_maska [2] is used but has no driver.
Warning: Wire $paramod$4bd61dfce6e39a0d9a35a852f09844375eb97c3f\scigpu_mask_control_m5.\dbg_top_maska [1] is used but has no driver.
Warning: Wire $paramod$4bd61dfce6e39a0d9a35a852f09844375eb97c3f\scigpu_mask_control_m5.\dbg_top_maska [0] is used but has no driver.
Warning: Wire $paramod$4bd61dfce6e39a0d9a35a852f09844375eb97c3f\scigpu_mask_control_m5.\dbg_top_ftype [1] is used but has no driver.
Warning: Wire $paramod$4bd61dfce6e39a0d9a35a852f09844375eb97c3f\scigpu_mask_control_m5.\dbg_top_ftype [0] is used but has no driver.
Warning: Wire $paramod$4bd61dfce6e39a0d9a35a852f09844375eb97c3f\scigpu_mask_control_m5.\fr is used but has no driver.
Warning: Wire m5_mask_stack_formal.\FAULT_MASK_STACK_UNDERFLOW is used but has no driver.
##   0:00:00  Solver: z3
##   0:00:00  Checking assertions in step 0..
##   0:00:00  Checking assertions in step 1..
##   0:00:00  Checking assertions in step 2..
##   0:00:00  Checking assertions in step 3..
##   0:00:00  Checking assertions in step 4..
##   0:00:00  Checking assertions in step 5..
##   0:00:00  Checking assertions in step 6..
##   0:00:00  Checking assertions in step 7..
##   0:00:00  Checking assertions in step 8..
##   0:00:00  Checking assertions in step 9..
##   0:00:00  Checking assertions in step 10..
##   0:00:00  Checking assertions in step 11..
##   0:00:00  Status: PASSED
