0000000000000000 00131d0000000000 1 1d 00000000 0 0 0 0000000000000001
0000000000000001 0013090000000000 1 09 00000000 0 0 0 0000000000000002
0000000000000002 0112000313000000 0 00 00000000 5 0 0 0000000000000003
0000000000000003 0215000001010000 0 00 00000000 5 0 0 0000000000000004
0000000000000004 8506000000000000 0 00 00000000 5 0 0 0000000000000005
0000000000000005 0013080000000100 1 08 00000001 5 0 0 0000000000000006
0000000000000006 0112000e08000000 0 00 00000000 2 1 0 0000000000000007
0000000000000007 02150000010b0000 0 00 00000000 2 1 1 0000000000000009
0000000000000009 0306000000000600 1 06 00000000 2 1 0 000000000000000a
000000000000000a 0022070b04000000 1 07 00000000 2 1 0 000000000000000b
000000000000000b 00730c0ccfb3d000 1 0c 00304c30 2 1 0 000000000000000c
000000000000000c 00b3040d00001200 1 04 00000000 2 1 0 000000000000000d
000000000000000d 8506000000000000 0 00 00000000 2 1 0 000000000000000e
000000000000000e 0042030208000000 1 03 00000000 2 1 0 000000000000000f
000000000000000f 8506000000000000 0 00 00000000 2 1 0 0000000000000010
0000000000000010 00420c060c000000 1 0c 00000000 2 1 0 0000000000000011
0000000000000011 0032090314000000 1 09 00000000 2 1 0 0000000000000012
0000000000000012 00131e0000000200 1 1e 00000002 2 1 0 0000000000000013
0000000000000013 0023151500000100 1 15 00000001 2 1 0 0000000000000014
0000000000000014 00731e1e00000100 1 1e 00000001 2 1 0 0000000000000015
0000000000000015 0102001e1d000000 0 00 00000000 4 0 0 0000000000000016
0000000000000016 0215fffffc040000 0 00 00000000 4 0 1 0000000000000013
0000000000000013 0023151500000100 1 15 00000002 4 0 0 0000000000000014
0000000000000014 00731e1e00000100 1 1e 00000000 4 0 0 0000000000000015
0000000000000015 0102001e1d000000 0 00 00000000 5 1 0 0000000000000016
0000000000000016 0215fffffc040000 0 00 00000000 5 1 0 0000000000000017
0000000000000017 7cf5000000000000 0 00 00000000 5 1 0 0000000000000018
DONE retired=27 fault=00 pc=0000000000000017
