0000000000000000 0013140000004d00 1 14 0000004d 0 0 0 0000000000000001 1e018544 f 1e018544 0 00 1e018544
0000000000000001 340004040000f000 0 00 00000000 0 0 0 0000000000000002 1e018544 f 1e018544 1 04 1e018544
0000000000000002 107106030010f000 0 00 00000000 0 0 0 0000000000000003 1e018544 f 1e018544 1 06 1e018544
0000000000000003 34110300e71b8000 0 00 00000000 0 0 0 0000000000000004 1e018544 8 00000000 1 03 00000000
0000000000000004 343004000000f000 0 00 00000000 0 0 0 0000000000000005 1e018544 f 1e018544 1 04 1e018544
0000000000000005 10110606fffff000 0 00 00000000 0 0 0 0000000000000006 1e018544 f 1e018544 1 06 1e018544
0000000000000006 107105020006f000 0 00 00000000 0 0 0 0000000000000007 1e018544 f 1e018544 1 05 1e018544
0000000000000007 340002060000f000 0 00 00000000 0 0 0 0000000000000008 1e018544 f 1e018544 1 02 1e018544
0000000000000008 104005030500f000 0 00 00000000 0 0 0 0000000000000009 1e018544 f 1e018544 1 05 1e018544
0000000000000009 00131600ffffff00 1 16 ffffffff 0 0 0 000000000000000a 1e018544 f 1e018544 0 00 1e018544
000000000000000a 342005160000f000 0 00 00000000 0 0 0 000000000000000b 1e018544 f 1e018544 1 05 1e018544
000000000000000b 10810605003ff000 0 00 00000000 0 0 0 000000000000000c 1e018544 f 1e018544 1 06 1e018544
000000000000000c 104003050500f000 0 00 00000000 0 0 0 000000000000000d 1e018544 f 1e018544 1 03 1e018544
000000000000000d 340002050000f000 0 00 00000000 0 0 0 000000000000000e 1e018544 f 1e018544 1 02 1e018544
000000000000000e 0013160000000100 1 16 00000001 0 0 0 000000000000000f 1e018544 f 1e018544 0 00 1e018544
000000000000000f 342003160000f000 0 00 00000000 0 0 0 0000000000000010 1e018544 f 1e018544 1 03 1e018544
0000000000000010 108106030000f000 0 00 00000000 0 0 0 0000000000000011 1e018544 f 1e018544 1 06 1e018544
0000000000000011 34110200c433f000 0 00 00000000 0 0 0 0000000000000012 1e018544 f 1e018544 1 02 1e018544
0000000000000012 103105040000f000 0 00 00000000 0 0 0 0000000000000013 1e018544 f 1e018544 1 05 1e018544
0000000000000013 00131600ffffff00 1 16 ffffffff 0 0 0 0000000000000014 1e018544 f 1e018544 0 00 1e018544
0000000000000014 342005160000f000 0 00 00000000 0 0 0 0000000000000015 1e018544 f 1e018544 1 05 1e018544
0000000000000015 10810605000ff000 0 00 00000000 0 0 0 0000000000000016 1e018544 f 1e018544 1 06 1e018544
0000000000000016 343003000000f000 0 00 00000000 0 0 0 0000000000000017 1e018544 f 1e018544 1 03 1e018544
0000000000000017 341106000001f000 0 00 00000000 0 0 0 0000000000000018 1e018544 f 1e018544 1 06 1e018544
0000000000000018 0013160000000100 1 16 00000001 0 0 0 0000000000000019 1e018544 f 1e018544 0 00 1e018544
0000000000000019 342003160000f000 0 00 00000000 0 0 0 000000000000001a 1e018544 f 1e018544 1 03 1e018544
000000000000001a 10810503000ff000 0 00 00000000 0 0 0 000000000000001b 1e018544 f 1e018544 1 05 1e018544
000000000000001b 101106038000f000 0 00 00000000 0 0 0 000000000000001c 1e018544 f 1e018544 1 06 1e018544
000000000000001c 107104030019f000 0 00 00000000 0 0 0 000000000000001d 1e018544 f 1e018544 1 04 1e018544
000000000000001d 10610602003ff000 0 00 00000000 0 0 0 000000000000001e 1e018544 f 1e018544 1 06 1e018544
000000000000001e 341105000001f000 0 00 00000000 0 0 0 000000000000001f 1e018544 f 1e018544 1 05 1e018544
000000000000001f 104005060300f000 0 00 00000000 0 0 0 0000000000000020 1e018544 f 1e018544 1 05 1e018544
0000000000000020 34110600a53af000 0 00 00000000 0 0 0 0000000000000021 1e018544 f 1e018544 1 06 1e018544
0000000000000021 341102008000f000 0 00 00000000 0 0 0 0000000000000022 1e018544 f 1e018544 1 02 1e018544
0000000000000022 104003030400f000 0 00 00000000 0 0 0 0000000000000023 1e018544 f 1e018544 1 03 1e018544
0000000000000023 106104050001f000 0 00 00000000 0 0 0 0000000000000024 1e018544 f 1e018544 1 04 1e018544
0000000000000024 107106030010f000 0 00 00000000 0 0 0 0000000000000025 1e018544 f 1e018544 1 06 1e018544
0000000000000025 00131e0000000100 1 1e 00000001 0 0 0 0000000000000026 1e018544 f 1e018544 0 00 1e018544
0000000000000026 0023171700000100 1 17 00000001 0 0 0 0000000000000027 1e018544 f 1e018544 0 00 1e018544
0000000000000027 00731e1e00000100 1 1e 00000000 0 0 0 0000000000000028 1e018544 f 1e018544 0 00 1e018544
0000000000000028 0013180000000000 1 18 00000000 0 0 0 0000000000000029 1e018544 f 1e018544 0 00 1e018544
0000000000000029 0102001e18000000 0 00 00000000 5 1 0 000000000000002a 1e018544 f 1e018544 0 00 1e018544
000000000000002a 0215fffffb040000 0 00 00000000 5 1 0 000000000000002b 1e018544 f 1e018544 0 00 1e018544
000000000000002b 7cf5000000000000 0 00 00000000 5 1 0 000000000000002c 1e018544 f 1e018544 0 00 1e018544
DONE retired=44 fault=00 pc=000000000000002b
