0000000000000000 0013140000004d00 1 14 0000004d 0 0 0 0000000000000001 0df53245 f 0df53245 0 00 0df53245
0000000000000001 34110600571df000 0 00 00000000 0 0 0 0000000000000002 0df53245 f 0df53245 1 06 0df53245
0000000000000002 3411050080004000 0 00 00000000 0 0 0 0000000000000003 0df53245 4 05551045 1 05 05551045
0000000000000003 103003020400f000 0 00 00000000 0 0 0 0000000000000004 0df53245 f 0df53245 1 03 0df53245
0000000000000004 341102000001f000 0 00 00000000 0 0 0 0000000000000005 0df53245 f 0df53245 1 02 0df53245
0000000000000005 0013160000000100 1 16 00000001 0 0 0 0000000000000006 0df53245 f 0df53245 0 00 0df53245
0000000000000006 342006160000f000 0 00 00000000 0 0 0 0000000000000007 0df53245 f 0df53245 1 06 0df53245
0000000000000007 108106060000f000 0 00 00000000 0 0 0 0000000000000008 0df53245 f 0df53245 1 06 0df53245
0000000000000008 10110505fffff000 0 00 00000000 0 0 0 0000000000000009 0df53245 f 0df53245 1 05 0df53245
0000000000000009 105106047ffff000 0 00 00000000 0 0 0 000000000000000a 0df53245 f 0df53245 1 06 0df53245
000000000000000a 104002060300f000 0 00 00000000 0 0 0 000000000000000b 0df53245 f 0df53245 1 02 0df53245
000000000000000b 104002020600f000 0 00 00000000 0 0 0 000000000000000c 0df53245 f 0df53245 1 02 0df53245
000000000000000c 103006040400f000 0 00 00000000 0 0 0 000000000000000d 0df53245 f 0df53245 1 06 0df53245
000000000000000d 00131600aaaaaa00 1 16 ffaaaaaa 0 0 0 000000000000000e 0df53245 f 0df53245 0 00 0df53245
000000000000000e 342006160000f000 0 00 00000000 0 0 0 000000000000000f 0df53245 f 0df53245 1 06 0df53245
000000000000000f 108102060021f000 0 00 00000000 0 0 0 0000000000000010 0df53245 f 0df53245 1 02 0df53245
0000000000000010 1050060202006000 0 00 00000000 0 0 0 0000000000000011 0df53245 6 00000000 1 06 00000000
0000000000000011 341105000000f000 0 00 00000000 0 0 0 0000000000000012 0df53245 f 0df53245 1 05 0df53245
0000000000000012 1020050504009000 0 00 00000000 0 0 0 0000000000000013 0df53245 9 09902245 1 05 09902245
0000000000000013 340004040000f000 0 00 00000000 0 0 0 0000000000000014 0df53245 f 0df53245 1 04 0df53245
0000000000000014 10010502fffff000 0 00 00000000 0 0 0 0000000000000015 0df53245 f 0df53245 1 05 0df53245
0000000000000015 107102020010f000 0 00 00000000 0 0 0 0000000000000016 0df53245 f 0df53245 1 02 0df53245
0000000000000016 103102057ffff000 0 00 00000000 0 0 0 0000000000000017 0df53245 f 0df53245 1 02 0df53245
0000000000000017 105006040300f000 0 00 00000000 0 0 0 0000000000000018 0df53245 f 0df53245 1 06 0df53245
0000000000000018 10710402001ff000 0 00 00000000 0 0 0 0000000000000019 0df53245 f 0df53245 1 04 0df53245
0000000000000019 341106000001f000 0 00 00000000 0 0 0 000000000000001a 0df53245 f 0df53245 1 06 0df53245
000000000000001a 00131e0000000100 1 1e 00000001 0 0 0 000000000000001b 0df53245 f 0df53245 0 00 0df53245
000000000000001b 0023171700000100 1 17 00000001 0 0 0 000000000000001c 0df53245 f 0df53245 0 00 0df53245
000000000000001c 00731e1e00000100 1 1e 00000000 0 0 0 000000000000001d 0df53245 f 0df53245 0 00 0df53245
000000000000001d 0013180000000000 1 18 00000000 0 0 0 000000000000001e 0df53245 f 0df53245 0 00 0df53245
000000000000001e 0102001e18000000 0 00 00000000 5 1 0 000000000000001f 0df53245 f 0df53245 0 00 0df53245
000000000000001f 0215fffffb040000 0 00 00000000 5 1 0 0000000000000020 0df53245 f 0df53245 0 00 0df53245
0000000000000020 7cf5000000000000 0 00 00000000 5 1 0 0000000000000021 0df53245 f 0df53245 0 00 0df53245
DONE retired=33 fault=00 pc=0000000000000020
