0000000000000000 00131d0000000000 1 1d 00000000 0 0 0 0000000000000001
0000000000000001 8506000000000000 0 00 00000000 0 0 0 0000000000000002
0000000000000002 0092130600000000 1 13 ffffffff 0 0 0 0000000000000003
0000000000000003 0102000d0b000000 0 00 00000000 5 1 0 0000000000000004
0000000000000004 02150000030b0000 0 00 00000000 5 1 0 0000000000000005
0000000000000005 8506000000000000 0 00 00000000 5 1 0 0000000000000006
0000000000000006 8506000000000000 0 00 00000000 5 1 0 0000000000000007
0000000000000007 8506000000000000 0 00 00000000 5 1 0 0000000000000008
0000000000000008 0052010404000000 1 01 00000000 5 1 0 0000000000000009
0000000000000009 011200050e000000 0 00 00000000 5 0 0 000000000000000a
000000000000000a 0215000003040000 0 00 00000000 5 0 0 000000000000000b
000000000000000b 8506000000000000 0 00 00000000 5 0 0 000000000000000c
000000000000000c 8506000000000000 0 00 00000000 5 0 0 000000000000000d
000000000000000d 8506000000000000 0 00 00000000 5 0 0 000000000000000e
000000000000000e 0306000000000900 1 09 00000000 5 0 0 000000000000000f
000000000000000f 00320e050b000000 1 0e 00000000 5 0 0 0000000000000010
0000000000000010 0062030f11000000 1 03 00000000 5 0 0 0000000000000011
0000000000000011 00520c0e12000000 1 0c 00000000 5 0 0 0000000000000012
0000000000000012 0063040c00001800 1 04 00000000 5 0 0 0000000000000013
0000000000000013 0013100000000100 1 10 00000001 5 0 0 0000000000000014
0000000000000014 00131300b4b84400 1 13 ffb4b844 5 0 0 0000000000000015
0000000000000015 00730e12c1a1a200 1 0e 003e5e5e 5 0 0 0000000000000016
0000000000000016 00420f0b08000000 1 0f 00000000 5 0 0 0000000000000017
0000000000000017 00131300c3119c00 1 13 ffc3119c 5 0 0 0000000000000018
0000000000000018 00820c0907000000 1 0c 00000000 5 0 0 0000000000000019
0000000000000019 8506000000000000 0 00 00000000 5 0 0 000000000000001a
000000000000001a 0112000910000000 0 00 00000000 2 1 0 000000000000001b
000000000000001b 0215000002040000 0 00 00000000 2 1 1 000000000000001e
000000000000001e 0306000000000400 1 04 00000000 2 1 0 000000000000001f
000000000000001f 0052030402000000 1 03 00000000 2 1 0 0000000000000020
0000000000000020 005203060d000000 1 03 00000000 2 1 0 0000000000000021
0000000000000021 8506000000000000 0 00 00000000 2 1 0 0000000000000022
0000000000000022 0122000813000000 0 00 00000000 0 1 0 0000000000000023
0000000000000023 02150000030d0000 0 00 00000000 0 1 1 0000000000000027
0000000000000027 00130400415ab800 1 04 00415ab8 0 1 0 0000000000000028
0000000000000028 001313000cc31600 1 13 000cc316 0 1 0 0000000000000029
0000000000000029 0073030bf7966000 1 03 000869a0 0 1 0 000000000000002a
000000000000002a 0013100039f3e600 1 10 0039f3e6 0 1 0 000000000000002b
000000000000002b 00a3050300001300 1 05 00000001 0 1 0 000000000000002c
000000000000002c 8506000000000000 0 00 00000000 0 1 0 000000000000002d
000000000000002d 00630a0300000f00 1 0a 34d00000 0 1 0 000000000000002e
000000000000002e 8506000000000000 0 00 00000000 0 1 0 000000000000002f
000000000000002f 0022140e12000000 1 14 003e5e5e 0 1 0 0000000000000030
0000000000000030 00131e0000000100 1 1e 00000001 0 1 0 0000000000000031
0000000000000031 0023151500000100 1 15 00000001 0 1 0 0000000000000032
0000000000000032 00731e1e00000100 1 1e 00000000 0 1 0 0000000000000033
0000000000000033 0102001e1d000000 0 00 00000000 5 1 0 0000000000000034
0000000000000034 0215fffffc040000 0 00 00000000 5 1 0 0000000000000035
0000000000000035 7cf5000000000000 0 00 00000000 5 1 0 0000000000000036
DONE retired=49 fault=00 pc=0000000000000035
