0000000000000000 00131d0000000000 1 1d 00000000 0 0 0 0000000000000001
0000000000000001 0112001107000000 0 00 00000000 5 0 0 0000000000000002
0000000000000002 02150000030e0000 0 00 00000000 5 0 1 0000000000000006
0000000000000006 8506000000000000 0 00 00000000 5 0 0 0000000000000007
0000000000000007 00130400969b4800 1 04 ff969b48 5 0 0 0000000000000008
0000000000000008 0013130000000000 1 13 00000000 5 0 0 0000000000000009
0000000000000009 00b3020100000b00 1 02 00000000 5 0 0 000000000000000a
000000000000000a 00a2011404000000 1 01 00000000 5 0 0 000000000000000b
000000000000000b 0062081209000000 1 08 00000000 5 0 0 000000000000000c
000000000000000c 002308099011ae00 1 08 ff9011ae 5 0 0 000000000000000d
000000000000000d 0102001408000000 0 00 00000000 0 0 0 000000000000000e
000000000000000e 02150000030b0000 0 00 00000000 0 0 0 000000000000000f
000000000000000f 8506000000000000 0 00 00000000 0 0 0 0000000000000010
0000000000000010 8506000000000000 0 00 00000000 0 0 0 0000000000000011
0000000000000011 8506000000000000 0 00 00000000 0 0 0 0000000000000012
0000000000000012 00131e0000000100 1 1e 00000001 0 0 0 0000000000000013
0000000000000013 0023151500000100 1 15 00000001 0 0 0 0000000000000014
0000000000000014 00731e1e00000100 1 1e 00000000 0 0 0 0000000000000015
0000000000000015 0102001e1d000000 0 00 00000000 5 1 0 0000000000000016
0000000000000016 0215fffffc040000 0 00 00000000 5 1 0 0000000000000017
0000000000000017 7cf5000000000000 0 00 00000000 5 1 0 0000000000000018
DONE retired=21 fault=00 pc=0000000000000017
