0000000000000000 0013140000004d00 1 14 0000004d 0 0 0 0000000000000001 a3442d51 f a3442d51 0 00 a3442d51
0000000000000001 0013150000000100 1 15 00000001 0 0 0 0000000000000002 a3442d51 f a3442d51 0 00 a3442d51
0000000000000002 342005150000f000 0 00 00000000 0 0 0 0000000000000003 a3442d51 f a3442d51 1 05 a3442d51
0000000000000003 102006060600d000 0 00 00000000 0 0 0 0000000000000004 a3442d51 d 23442d51 1 06 23442d51
0000000000000004 0013150000000100 1 15 00000001 0 0 0 0000000000000005 a3442d51 f a3442d51 0 00 a3442d51
0000000000000005 342003150000f000 0 00 00000000 0 0 0 0000000000000006 a3442d51 f a3442d51 1 03 a3442d51
0000000000000006 00131600ffffff00 1 16 ffffffff 0 0 0 0000000000000007 a3442d51 f a3442d51 0 00 a3442d51
0000000000000007 342005160000f000 0 00 00000000 0 0 0 0000000000000008 a3442d51 f a3442d51 1 05 a3442d51
0000000000000008 108106050020f000 0 00 00000000 0 0 0 0000000000000009 a3442d51 f a3442d51 1 06 a3442d51
0000000000000009 100004030400f000 0 00 00000000 0 0 0 000000000000000a a3442d51 f a3442d51 1 04 a3442d51
000000000000000a 107103050016f000 0 00 00000000 0 0 0 000000000000000b a3442d51 f a3442d51 1 03 a3442d51
000000000000000b 0013160000000000 1 16 00000000 0 0 0 000000000000000c a3442d51 f a3442d51 0 00 a3442d51
000000000000000c 342004160000f000 0 00 00000000 0 0 0 000000000000000d a3442d51 f a3442d51 1 04 a3442d51
000000000000000d 10810204001ff000 0 00 00000000 0 0 0 000000000000000e a3442d51 f a3442d51 1 02 a3442d51
000000000000000e 340003050000f000 0 00 00000000 0 0 0 000000000000000f a3442d51 f a3442d51 1 03 a3442d51
000000000000000f 103006030500f000 0 00 00000000 0 0 0 0000000000000010 a3442d51 f a3442d51 1 06 a3442d51
0000000000000010 10610504000ff000 0 00 00000000 0 0 0 0000000000000011 a3442d51 f a3442d51 1 05 a3442d51
0000000000000011 0013150000000000 1 15 00000000 0 0 0 0000000000000012 a3442d51 f a3442d51 0 00 a3442d51
0000000000000012 342003150000f000 0 00 00000000 0 0 0 0000000000000013 a3442d51 f a3442d51 1 03 a3442d51
0000000000000013 10110303afb7f000 0 00 00000000 0 0 0 0000000000000014 a3442d51 f a3442d51 1 03 a3442d51
0000000000000014 107105040010f000 0 00 00000000 0 0 0 0000000000000015 a3442d51 f a3442d51 1 05 a3442d51
0000000000000015 100003020600f000 0 00 00000000 0 0 0 0000000000000016 a3442d51 f a3442d51 1 03 a3442d51
0000000000000016 343005000000c000 0 00 00000000 0 0 0 0000000000000017 a3442d51 c 21000850 1 05 21000850
0000000000000017 341104007ffff000 0 00 00000000 0 0 0 0000000000000018 a3442d51 f a3442d51 1 04 a3442d51
0000000000000018 340003050000f000 0 00 00000000 0 0 0 0000000000000019 a3442d51 f a3442d51 1 03 a3442d51
0000000000000019 107106060000f000 0 00 00000000 0 0 0 000000000000001a a3442d51 f a3442d51 1 06 a3442d51
000000000000001a 107105060021f000 0 00 00000000 0 0 0 000000000000001b a3442d51 f a3442d51 1 05 a3442d51
000000000000001b 34110400cc73f000 0 00 00000000 0 0 0 000000000000001c a3442d51 f a3442d51 1 04 a3442d51
000000000000001c 103006050200f000 0 00 00000000 0 0 0 000000000000001d a3442d51 f a3442d51 1 06 a3442d51
000000000000001d 10110205fffff000 0 00 00000000 0 0 0 000000000000001e a3442d51 f a3442d51 1 02 a3442d51
000000000000001e 00131e0000000100 1 1e 00000001 0 0 0 000000000000001f a3442d51 f a3442d51 0 00 a3442d51
000000000000001f 0023171700000100 1 17 00000001 0 0 0 0000000000000020 a3442d51 f a3442d51 0 00 a3442d51
0000000000000020 00731e1e00000100 1 1e 00000000 0 0 0 0000000000000021 a3442d51 f a3442d51 0 00 a3442d51
0000000000000021 0013180000000000 1 18 00000000 0 0 0 0000000000000022 a3442d51 f a3442d51 0 00 a3442d51
0000000000000022 0102001e18000000 0 00 00000000 5 1 0 0000000000000023 a3442d51 f a3442d51 0 00 a3442d51
0000000000000023 0215fffffb040000 0 00 00000000 5 1 0 0000000000000024 a3442d51 f a3442d51 0 00 a3442d51
0000000000000024 7cf5000000000000 0 00 00000000 5 1 0 0000000000000025 a3442d51 f a3442d51 0 00 a3442d51
DONE retired=37 fault=00 pc=0000000000000024
