0000000000000000 00131d0000000000 1 1d 00000000 0 0 0 0000000000000001
0000000000000001 0013100000000000 1 10 00000000 0 0 0 0000000000000002
0000000000000002 0073070e3962c100 1 07 ffc69d3f 0 0 0 0000000000000003
0000000000000003 00a30d0300001f00 1 0d 00000000 0 0 0 0000000000000004
0000000000000004 0073051451078e00 1 05 ffaef872 0 0 0 0000000000000005
0000000000000005 0013100096d8cb00 1 10 ff96d8cb 0 0 0 0000000000000006
0000000000000006 00a3091200001100 1 09 00000000 0 0 0 0000000000000007
0000000000000007 00131400a6215000 1 14 ffa62150 0 0 0 0000000000000008
0000000000000008 8506000000000000 0 00 00000000 0 0 0 0000000000000009
0000000000000009 8506000000000000 0 00 00000000 0 0 0 000000000000000a
000000000000000a 8506000000000000 0 00 00000000 0 0 0 000000000000000b
000000000000000b 00a30c1100001100 1 0c 00000000 0 0 0 000000000000000c
000000000000000c 00230114149ecb00 1 01 ffbac01b 0 0 0 000000000000000d
000000000000000d 8506000000000000 0 00 00000000 0 0 0 000000000000000e
000000000000000e 8506000000000000 0 00 00000000 0 0 0 000000000000000f
000000000000000f 8506000000000000 0 00 00000000 0 0 0 0000000000000010
0000000000000010 00131e0000000200 1 1e 00000002 0 0 0 0000000000000011
0000000000000011 0023151500000100 1 15 00000001 0 0 0 0000000000000012
0000000000000012 00731e1e00000100 1 1e 00000001 0 0 0 0000000000000013
0000000000000013 0102001e1d000000 0 00 00000000 4 0 0 0000000000000014
0000000000000014 0215fffffc040000 0 00 00000000 4 0 1 0000000000000011
0000000000000011 0023151500000100 1 15 00000002 4 0 0 0000000000000012
0000000000000012 00731e1e00000100 1 1e 00000000 4 0 0 0000000000000013
0000000000000013 0102001e1d000000 0 00 00000000 5 1 0 0000000000000014
0000000000000014 0215fffffc040000 0 00 00000000 5 1 0 0000000000000015
0000000000000015 7cf5000000000000 0 00 00000000 5 1 0 0000000000000016
DONE retired=26 fault=00 pc=0000000000000015
