0000000000000000 00131d0000000000 1 1d 00000000 0 0 0 0000000000000001
0000000000000001 0063020f00000600 1 02 00000000 0 0 0 0000000000000002
0000000000000002 0102001113000000 0 00 00000000 5 1 0 0000000000000003
0000000000000003 0215000002020000 0 00 00000000 5 1 0 0000000000000004
0000000000000004 8506000000000000 0 00 00000000 5 1 0 0000000000000005
0000000000000005 8506000000000000 0 00 00000000 5 1 0 0000000000000006
0000000000000006 00130400ffffff00 1 04 ffffffff 5 1 0 0000000000000007
0000000000000007 001310005fcf7200 1 10 005fcf72 5 1 0 0000000000000008
0000000000000008 8506000000000000 0 00 00000000 5 1 0 0000000000000009
0000000000000009 8506000000000000 0 00 00000000 5 1 0 000000000000000a
000000000000000a 0072071211000000 1 07 00000000 5 1 0 000000000000000b
000000000000000b 0092070b00000000 1 07 ffffffff 5 1 0 000000000000000c
000000000000000c 00730f0e00000000 1 0f 00000000 5 1 0 000000000000000d
000000000000000d 0122000614000000 0 00 00000000 5 0 0 000000000000000e
000000000000000e 0215000002030000 0 00 00000000 5 0 1 0000000000000011
0000000000000011 8506000000000000 0 00 00000000 5 0 0 0000000000000012
0000000000000012 0306000000001200 1 12 00000000 5 0 0 0000000000000013
0000000000000013 00131e0000000400 1 1e 00000004 5 0 0 0000000000000014
0000000000000014 0023151500000100 1 15 00000001 5 0 0 0000000000000015
0000000000000015 00731e1e00000100 1 1e 00000003 5 0 0 0000000000000016
0000000000000016 0102001e1d000000 0 00 00000000 4 0 0 0000000000000017
0000000000000017 0215fffffc040000 0 00 00000000 4 0 1 0000000000000014
0000000000000014 0023151500000100 1 15 00000002 4 0 0 0000000000000015
0000000000000015 00731e1e00000100 1 1e 00000002 4 0 0 0000000000000016
0000000000000016 0102001e1d000000 0 00 00000000 4 0 0 0000000000000017
0000000000000017 0215fffffc040000 0 00 00000000 4 0 1 0000000000000014
0000000000000014 0023151500000100 1 15 00000003 4 0 0 0000000000000015
0000000000000015 00731e1e00000100 1 1e 00000001 4 0 0 0000000000000016
0000000000000016 0102001e1d000000 0 00 00000000 4 0 0 0000000000000017
0000000000000017 0215fffffc040000 0 00 00000000 4 0 1 0000000000000014
0000000000000014 0023151500000100 1 15 00000004 4 0 0 0000000000000015
0000000000000015 00731e1e00000100 1 1e 00000000 4 0 0 0000000000000016
0000000000000016 0102001e1d000000 0 00 00000000 5 1 0 0000000000000017
0000000000000017 0215fffffc040000 0 00 00000000 5 1 0 0000000000000018
0000000000000018 7cf5000000000000 0 00 00000000 5 1 0 0000000000000019
DONE retired=35 fault=00 pc=0000000000000018
