0000000000000000 00131d0000000000 1 1d 00000000 0 0 0 0000000000000001
0000000000000001 0073140ac6634200 1 14 00399cbe 0 0 0 0000000000000002
0000000000000002 8506000000000000 0 00 00000000 0 0 0 0000000000000003
0000000000000003 8506000000000000 0 00 00000000 0 0 0 0000000000000004
0000000000000004 8506000000000000 0 00 00000000 0 0 0 0000000000000005
0000000000000005 00a3060800002100 1 06 00000000 0 0 0 0000000000000006
0000000000000006 00820e0a09000000 1 0e 00000000 0 0 0 0000000000000007
0000000000000007 0306000000000e00 1 0e 00000000 0 0 0 0000000000000008
0000000000000008 00130a00adc6ec00 1 0a ffadc6ec 0 0 0 0000000000000009
0000000000000009 00231404aaaaaa00 1 14 ffaaaaaa 0 0 0 000000000000000a
000000000000000a 00230312c4c9c100 1 03 ffc4c9c1 0 0 0 000000000000000b
000000000000000b 00131e0000000400 1 1e 00000004 0 0 0 000000000000000c
000000000000000c 0023151500000100 1 15 00000001 0 0 0 000000000000000d
000000000000000d 00731e1e00000100 1 1e 00000003 0 0 0 000000000000000e
000000000000000e 0102001e1d000000 0 00 00000000 4 0 0 000000000000000f
000000000000000f 0215fffffc040000 0 00 00000000 4 0 1 000000000000000c
000000000000000c 0023151500000100 1 15 00000002 4 0 0 000000000000000d
000000000000000d 00731e1e00000100 1 1e 00000002 4 0 0 000000000000000e
000000000000000e 0102001e1d000000 0 00 00000000 4 0 0 000000000000000f
000000000000000f 0215fffffc040000 0 00 00000000 4 0 1 000000000000000c
000000000000000c 0023151500000100 1 15 00000003 4 0 0 000000000000000d
000000000000000d 00731e1e00000100 1 1e 00000001 4 0 0 000000000000000e
000000000000000e 0102001e1d000000 0 00 00000000 4 0 0 000000000000000f
000000000000000f 0215fffffc040000 0 00 00000000 4 0 1 000000000000000c
000000000000000c 0023151500000100 1 15 00000004 4 0 0 000000000000000d
000000000000000d 00731e1e00000100 1 1e 00000000 4 0 0 000000000000000e
000000000000000e 0102001e1d000000 0 00 00000000 5 1 0 000000000000000f
000000000000000f 0215fffffc040000 0 00 00000000 5 1 0 0000000000000010
0000000000000010 7cf5000000000000 0 00 00000000 5 1 0 0000000000000011
DONE retired=29 fault=00 pc=0000000000000010
