0000000000000000 0013140000004d00 1 14 0000004d 0 0 0 0000000000000001 55555555 f 55555555 0 00 55555555
0000000000000001 34110400d3fb9000 0 00 00000000 0 0 0 0000000000000002 55555555 9 00000000 1 04 00000000
0000000000000002 3400020600009000 0 00 00000000 0 0 0 0000000000000003 55555555 9 00000000 1 02 00000000
0000000000000003 3430050000004000 0 00 00000000 0 0 0 0000000000000004 55555555 4 10014410 1 05 10014410
0000000000000004 106106060001f000 0 00 00000000 0 0 0 0000000000000005 55555555 f 55555555 1 06 55555555
0000000000000005 1020030203009000 0 00 00000000 0 0 0 0000000000000006 55555555 9 00000000 1 03 00000000
0000000000000006 100003020400f000 0 00 00000000 0 0 0 0000000000000007 55555555 f 55555555 1 03 55555555
0000000000000007 340002040000f000 0 00 00000000 0 0 0 0000000000000008 55555555 f 55555555 1 02 55555555
0000000000000008 00131600ffffff00 1 16 ffffffff 0 0 0 0000000000000009 55555555 f 55555555 0 00 55555555
0000000000000009 342004160000f000 0 00 00000000 0 0 0 000000000000000a 55555555 f 55555555 1 04 55555555
000000000000000a 108106040001f000 0 00 00000000 0 0 0 000000000000000b 55555555 f 55555555 1 06 55555555
000000000000000b 10610402003ff000 0 00 00000000 0 0 0 000000000000000c 55555555 f 55555555 1 04 55555555
000000000000000c 34110500fffff000 0 00 00000000 0 0 0 000000000000000d 55555555 f 55555555 1 05 55555555
000000000000000d 101003060500f000 0 00 00000000 0 0 0 000000000000000e 55555555 f 55555555 1 03 55555555
000000000000000e 340005050000f000 0 00 00000000 0 0 0 000000000000000f 55555555 f 55555555 1 05 55555555
000000000000000f 101002050600f000 0 00 00000000 0 0 0 0000000000000010 55555555 f 55555555 1 02 55555555
0000000000000010 10610405001ff000 0 00 00000000 0 0 0 0000000000000011 55555555 f 55555555 1 04 55555555
0000000000000011 341103005eaff000 0 00 00000000 0 0 0 0000000000000012 55555555 f 55555555 1 03 55555555
0000000000000012 0013160000000000 1 16 00000000 0 0 0 0000000000000013 55555555 f 55555555 0 00 55555555
0000000000000013 342005160000f000 0 00 00000000 0 0 0 0000000000000014 55555555 f 55555555 1 05 55555555
0000000000000014 10810305003ff000 0 00 00000000 0 0 0 0000000000000015 55555555 f 55555555 1 03 55555555
0000000000000015 340006020000f000 0 00 00000000 0 0 0 0000000000000016 55555555 f 55555555 1 06 55555555
0000000000000016 106102040020f000 0 00 00000000 0 0 0 0000000000000017 55555555 f 55555555 1 02 55555555
0000000000000017 3430050000008000 0 00 00000000 0 0 0 0000000000000018 55555555 8 00000001 1 05 00000001
0000000000000018 10310403fffff000 0 00 00000000 0 0 0 0000000000000019 55555555 f 55555555 1 04 55555555
0000000000000019 10610206000ff000 0 00 00000000 0 0 0 000000000000001a 55555555 f 55555555 1 02 55555555
000000000000001a 1010060403004000 0 00 00000000 0 0 0 000000000000001b 55555555 4 10014410 1 06 10014410
000000000000001b 343006000000f000 0 00 00000000 0 0 0 000000000000001c 55555555 f 55555555 1 06 55555555
000000000000001c 341105008000f000 0 00 00000000 0 0 0 000000000000001d 55555555 f 55555555 1 05 55555555
000000000000001d 00131e0000000300 1 1e 00000003 0 0 0 000000000000001e 55555555 f 55555555 0 00 55555555
000000000000001e 0023171700000100 1 17 00000001 0 0 0 000000000000001f 55555555 f 55555555 0 00 55555555
000000000000001f 00731e1e00000100 1 1e 00000002 0 0 0 0000000000000020 55555555 f 55555555 0 00 55555555
0000000000000020 0013180000000000 1 18 00000000 0 0 0 0000000000000021 55555555 f 55555555 0 00 55555555
0000000000000021 0102001e18000000 0 00 00000000 4 0 0 0000000000000022 55555555 f 55555555 0 00 55555555
0000000000000022 0215fffffb040000 0 00 00000000 4 0 1 000000000000001e 55555555 f 55555555 0 00 55555555
000000000000001e 0023171700000100 1 17 00000002 4 0 0 000000000000001f 55555555 f 55555555 0 00 55555555
000000000000001f 00731e1e00000100 1 1e 00000001 4 0 0 0000000000000020 55555555 f 55555555 0 00 55555555
0000000000000020 0013180000000000 1 18 00000000 4 0 0 0000000000000021 55555555 f 55555555 0 00 55555555
0000000000000021 0102001e18000000 0 00 00000000 4 0 0 0000000000000022 55555555 f 55555555 0 00 55555555
0000000000000022 0215fffffb040000 0 00 00000000 4 0 1 000000000000001e 55555555 f 55555555 0 00 55555555
000000000000001e 0023171700000100 1 17 00000003 4 0 0 000000000000001f 55555555 f 55555555 0 00 55555555
000000000000001f 00731e1e00000100 1 1e 00000000 4 0 0 0000000000000020 55555555 f 55555555 0 00 55555555
0000000000000020 0013180000000000 1 18 00000000 4 0 0 0000000000000021 55555555 f 55555555 0 00 55555555
0000000000000021 0102001e18000000 0 00 00000000 5 1 0 0000000000000022 55555555 f 55555555 0 00 55555555
0000000000000022 0215fffffb040000 0 00 00000000 5 1 0 0000000000000023 55555555 f 55555555 0 00 55555555
0000000000000023 7cf5000000000000 0 00 00000000 5 1 0 0000000000000024 55555555 f 55555555 0 00 55555555
DONE retired=46 fault=00 pc=0000000000000023
