0000000000000000 00131d0000000000 1 1d 00000000 0 0 0 0000000000000001
0000000000000001 8506000000000000 0 00 00000000 0 0 0 0000000000000002
0000000000000002 0062010b0f000000 1 01 00000000 0 0 0 0000000000000003
0000000000000003 0072040514000000 1 04 00000000 0 0 0 0000000000000004
0000000000000004 00a30b0e00000a00 1 0b 00000000 0 0 0 0000000000000005
0000000000000005 00130b00595ae200 1 0b 00595ae2 0 0 0 0000000000000006
0000000000000006 0063070800000f00 1 07 00000000 0 0 0 0000000000000007
0000000000000007 8506000000000000 0 00 00000000 0 0 0 0000000000000008
0000000000000008 0013100051375b00 1 10 0051375b 0 0 0 0000000000000009
0000000000000009 0013050000000000 1 05 00000000 0 0 0 000000000000000a
000000000000000a 8506000000000000 0 00 00000000 0 0 0 000000000000000b
000000000000000b 00a2030d0a000000 1 03 00000000 0 0 0 000000000000000c
000000000000000c 0102000c11000000 0 00 00000000 5 1 0 000000000000000d
000000000000000d 02150000030e0000 0 00 00000000 5 1 1 0000000000000011
0000000000000011 00730b14ffffff00 1 0b 00000001 5 1 0 0000000000000012
0000000000000012 011200130b000000 0 00 00000000 2 1 0 0000000000000013
0000000000000013 02150000010e0000 0 00 00000000 2 1 0 0000000000000014
0000000000000014 8506000000000000 0 00 00000000 2 1 0 0000000000000015
0000000000000015 011200080e000000 0 00 00000000 5 0 0 0000000000000016
0000000000000016 0215000001010000 0 00 00000000 5 0 0 0000000000000017
0000000000000017 8506000000000000 0 00 00000000 5 0 0 0000000000000018
0000000000000018 003208110f000000 1 08 00000000 5 0 0 0000000000000019
0000000000000019 0306000000000a00 1 0a 00000000 5 0 0 000000000000001a
000000000000001a 00130a004f470e00 1 0a 004f470e 5 0 0 000000000000001b
000000000000001b 005208010e000000 1 08 00000000 5 0 0 000000000000001c
000000000000001c 8506000000000000 0 00 00000000 5 0 0 000000000000001d
000000000000001d 012200100a000000 0 00 00000000 4 1 0 000000000000001e
000000000000001e 02150000010b0000 0 00 00000000 4 1 0 000000000000001f
000000000000001f 8506000000000000 0 00 00000000 4 1 0 0000000000000020
0000000000000020 8506000000000000 0 00 00000000 4 1 0 0000000000000021
0000000000000021 8506000000000000 0 00 00000000 4 1 0 0000000000000022
0000000000000022 00130b009e74d700 1 0b ff9e74d7 4 1 0 0000000000000023
0000000000000023 0092061000000000 1 06 ffaec8a4 4 1 0 0000000000000024
0000000000000024 0306000000001300 1 13 00000000 4 1 0 0000000000000025
0000000000000025 0112000a0c000000 0 00 00000000 4 0 0 0000000000000026
0000000000000026 02150000020d0000 0 00 00000000 4 0 0 0000000000000027
0000000000000027 8506000000000000 0 00 00000000 4 0 0 0000000000000028
0000000000000028 8506000000000000 0 00 00000000 4 0 0 0000000000000029
0000000000000029 00730d0dbdfba500 1 0d 0042045b 4 0 0 000000000000002a
000000000000002a 00520c060a000000 1 0c ffefcfae 4 0 0 000000000000002b
000000000000002b 007211130e000000 1 11 00000000 4 0 0 000000000000002c
000000000000002c 00130b0000000000 1 0b 00000000 4 0 0 000000000000002d
000000000000002d 00131e0000000400 1 1e 00000004 4 0 0 000000000000002e
000000000000002e 0023151500000100 1 15 00000001 4 0 0 000000000000002f
000000000000002f 00731e1e00000100 1 1e 00000003 4 0 0 0000000000000030
0000000000000030 0102001e1d000000 0 00 00000000 4 0 0 0000000000000031
0000000000000031 0215fffffc040000 0 00 00000000 4 0 1 000000000000002e
000000000000002e 0023151500000100 1 15 00000002 4 0 0 000000000000002f
000000000000002f 00731e1e00000100 1 1e 00000002 4 0 0 0000000000000030
0000000000000030 0102001e1d000000 0 00 00000000 4 0 0 0000000000000031
0000000000000031 0215fffffc040000 0 00 00000000 4 0 1 000000000000002e
000000000000002e 0023151500000100 1 15 00000003 4 0 0 000000000000002f
000000000000002f 00731e1e00000100 1 1e 00000001 4 0 0 0000000000000030
0000000000000030 0102001e1d000000 0 00 00000000 4 0 0 0000000000000031
0000000000000031 0215fffffc040000 0 00 00000000 4 0 1 000000000000002e
000000000000002e 0023151500000100 1 15 00000004 4 0 0 000000000000002f
000000000000002f 00731e1e00000100 1 1e 00000000 4 0 0 0000000000000030
0000000000000030 0102001e1d000000 0 00 00000000 5 1 0 0000000000000031
0000000000000031 0215fffffc040000 0 00 00000000 5 1 0 0000000000000032
0000000000000032 7cf5000000000000 0 00 00000000 5 1 0 0000000000000033
DONE retired=60 fault=00 pc=0000000000000032
