0000000000000000 00131d0000000000 1 1d 00000000 0 0 0 0000000000000001
0000000000000001 0122000c01000000 0 00 00000000 5 0 0 0000000000000002
0000000000000002 02150000010c0000 0 00 00000000 5 0 1 0000000000000004
0000000000000004 00720d0612000000 1 0d 00000000 5 0 0 0000000000000005
0000000000000005 0306000000000600 1 06 00000000 5 0 0 0000000000000006
0000000000000006 0063110900000b00 1 11 00000000 5 0 0 0000000000000007
0000000000000007 00630a1200000400 1 0a 00000000 5 0 0 0000000000000008
0000000000000008 0042070a05000000 1 07 00000000 5 0 0 0000000000000009
0000000000000009 00820a0201000000 1 0a 00000000 5 0 0 000000000000000a
000000000000000a 00130e0000000000 1 0e 00000000 5 0 0 000000000000000b
000000000000000b 011200010a000000 0 00 00000000 5 0 0 000000000000000c
000000000000000c 0215000001010000 0 00 00000000 5 0 0 000000000000000d
000000000000000d 8506000000000000 0 00 00000000 5 0 0 000000000000000e
000000000000000e 0306000000000600 1 06 00000000 5 0 0 000000000000000f
000000000000000f 0112000a0b000000 0 00 00000000 5 0 0 0000000000000010
0000000000000010 0215000001020000 0 00 00000000 5 0 1 0000000000000012
0000000000000012 0032041210000000 1 04 00000000 5 0 0 0000000000000013
0000000000000013 8506000000000000 0 00 00000000 5 0 0 0000000000000014
0000000000000014 00520f0206000000 1 0f 00000000 5 0 0 0000000000000015
0000000000000015 8506000000000000 0 00 00000000 5 0 0 0000000000000016
0000000000000016 0062020513000000 1 02 00000000 5 0 0 0000000000000017
0000000000000017 0092020c00000000 1 02 ffffffff 5 0 0 0000000000000018
0000000000000018 00130a007b5b7c00 1 0a 007b5b7c 5 0 0 0000000000000019
0000000000000019 8506000000000000 0 00 00000000 5 0 0 000000000000001a
000000000000001a 0122000d02000000 0 00 00000000 0 1 0 000000000000001b
000000000000001b 0215000002010000 0 00 00000000 0 1 1 000000000000001e
000000000000001e 0306000000000700 1 07 00000000 0 1 0 000000000000001f
000000000000001f 8506000000000000 0 00 00000000 0 1 0 0000000000000020
0000000000000020 00131200657bb600 1 12 00657bb6 0 1 0 0000000000000021
0000000000000021 00620b0408000000 1 0b 00000000 0 1 0 0000000000000022
0000000000000022 00730907c1264100 1 09 003ed9bf 0 1 0 0000000000000023
0000000000000023 00920c0e00000000 1 0c ffffffff 0 1 0 0000000000000024
0000000000000024 8506000000000000 0 00 00000000 0 1 0 0000000000000025
0000000000000025 0062120612000000 1 12 00000000 0 1 0 0000000000000026
0000000000000026 00420e120b000000 1 0e 00000000 0 1 0 0000000000000027
0000000000000027 8506000000000000 0 00 00000000 0 1 0 0000000000000028
0000000000000028 8506000000000000 0 00 00000000 0 1 0 0000000000000029
0000000000000029 00131e0000000100 1 1e 00000001 0 1 0 000000000000002a
000000000000002a 0023151500000100 1 15 00000001 0 1 0 000000000000002b
000000000000002b 00731e1e00000100 1 1e 00000000 0 1 0 000000000000002c
000000000000002c 0102001e1d000000 0 00 00000000 5 1 0 000000000000002d
000000000000002d 0215fffffc040000 0 00 00000000 5 1 0 000000000000002e
000000000000002e 7cf5000000000000 0 00 00000000 5 1 0 000000000000002f
DONE retired=43 fault=00 pc=000000000000002e
