0000000000000000 343001000000f000 0 00 00000000 0 0 0 0 0 0 0000000000000001 ffffffff f ffffffff 1 01
0000000000000001 341107000001f000 0 00 00000000 0 0 0 0 0 0 0000000000000002 ffffffff f ffffffff 1 07
0000000000000002 34110c000003f000 0 00 00000000 0 0 0 0 0 0 0000000000000003 ffffffff f ffffffff 1 0c
0000000000000003 34110d000000f000 0 00 00000000 0 0 0 0 0 0 0000000000000004 ffffffff f ffffffff 1 0d
0000000000000004 10300c010d00f000 0 00 00000000 0 0 0 0 0 0 0000000000000005 ffffffff f ffffffff 1 0c
0000000000000005 10000c0c0700f000 0 00 00000000 0 0 0 0 0 0 0000000000000006 ffffffff f ffffffff 1 0c
0000000000000006 34110a000000f000 0 00 00000000 0 0 0 0 0 0 0000000000000007 ffffffff f ffffffff 1 0a
0000000000000007 7c85000007000000 0 00 00000000 0 0 0 0 0 0 0000000000000008 ffffffff f ffffffff 0 00
0000000000000008 3059e0a0c0000000 0 00 00000000 0 0 0 0 0 0 0000000000000009 ffffffff f ffffffff 0 00
0000000000000009 3029d0a0c0000000 0 00 00000000 0 0 0 0 0 0 000000000000000a ffffffff f ffffffff 0 00
000000000000000a 302980b070000000 0 00 00000000 0 0 0 0 0 0 000000000000000b ffffffff f ffffffff 0 00
000000000000000b 7c15000000800001 0 00 00000000 0 0 0 0 0 0 000000000000000c ffffffff f ffffffff 0 00
000000000000000c 111004030700f000 0 00 00000000 0 0 0 0 0 0 000000000000000d ffffffff f ffffffff 1 04
000000000000000d 7c25000000000000 0 00 00000000 0 0 0 0 0 0 000000000000000e ffffffff f ffffffff 0 00
000000000000000e 10000a0a0700f000 0 00 00000000 0 0 0 0 0 0 000000000000000f ffffffff f ffffffff 1 0a
000000000000000f 7c95fffff8d00000 0 00 00000000 0 0 0 0 0 0 0000000000000008 ffffffff f ffffffff 0 00
0000000000000008 3059e0a0c0000000 0 00 00000000 0 0 0 0 0 0 0000000000000009 ffffffff f ffffffff 0 00
0000000000000009 3029d0a0c0000000 0 00 00000000 0 0 0 0 0 0 000000000000000a ffffffff f ffffffff 0 00
000000000000000a 302980b070000000 0 00 00000000 0 0 0 0 0 0 000000000000000b ffffffff f ffffffff 0 00
000000000000000b 7c15000000800001 0 00 00000000 0 0 0 0 0 0 000000000000000c ffffffff f ffffffff 0 00
000000000000000c 111004030700f000 0 00 00000000 0 0 0 0 0 0 000000000000000d ffffffff f ffffffff 1 04
000000000000000d 7c25000000000000 0 00 00000000 0 0 0 0 0 0 000000000000000e ffffffff f ffffffff 0 00
000000000000000e 10000a0a0700f000 0 00 00000000 0 0 0 0 0 0 000000000000000f ffffffff f ffffffff 1 0a
000000000000000f 7c95fffff8d00000 0 00 00000000 0 0 0 0 0 0 0000000000000010 ffffffff f ffffffff 0 00
0000000000000010 30096010c0000000 0 00 00000000 0 0 0 0 0 0 0000000000000011 ffffffff f ffffffff 0 00
0000000000000011 7c15000010600011 0 00 00000000 0 0 0 0 0 0 0000000000000012 00000002 f 00000002 0 00
0000000000000012 0023060600000200 1 06 00000002 0 0 0 0 0 0 0000000000000013 00000002 f 00000002 0 00
0000000000000013 34110d000001f000 0 00 00000000 0 0 0 0 0 0 0000000000000014 00000002 f 00000002 1 0d
0000000000000014 10300c010d00f000 0 00 00000000 0 0 0 0 0 0 0000000000000015 00000002 f 00000002 1 0c
0000000000000015 10000c0c0700f000 0 00 00000000 0 0 0 0 0 0 0000000000000016 00000002 f 00000002 1 0c
0000000000000016 34110a000000f000 0 00 00000000 0 0 0 0 0 0 0000000000000017 00000002 f 00000002 1 0a
0000000000000017 7c85000008000000 0 00 00000000 0 0 0 0 0 0 0000000000000018 00000002 f 00000002 0 00
0000000000000018 3059e0a0c0000000 0 00 00000000 0 0 0 0 0 0 0000000000000019 00000002 f 00000002 0 00
0000000000000019 3029d0a0c0000000 0 00 00000000 0 0 0 0 0 0 000000000000001a 00000002 f 00000002 0 00
000000000000001a 305910b070000000 0 00 00000000 0 0 0 0 0 0 000000000000001b 00000002 f 00000002 0 00
000000000000001b 7c15000000100001 0 00 00000000 0 0 0 0 0 0 000000000000001c 00000002 f 00000002 0 00
000000000000001c 103004010500f000 0 00 00000000 0 0 0 0 0 0 000000000000001d 00000002 f 00000002 1 04
000000000000001d 7c25000000000000 0 00 00000000 0 0 0 0 0 0 000000000000001e 00000002 f 00000002 0 00
000000000000001e 7cb5000000e00000 0 00 00000000 0 0 0 0 0 0 000000000000001f 00000002 f 00000002 0 00
000000000000001f 10000a0a0700f000 0 00 00000000 0 0 0 0 0 0 0000000000000020 00000002 f 00000002 1 0a
0000000000000020 7c95fffff7d00000 0 00 00000000 0 0 0 0 0 0 0000000000000018 00000002 f 00000002 0 00
0000000000000018 3059e0a0c0000000 0 00 00000000 0 0 0 0 0 0 0000000000000019 00000002 f 00000002 0 00
0000000000000019 3029d0a0c0000000 0 00 00000000 0 0 0 0 0 0 000000000000001a 00000002 f 00000002 0 00
000000000000001a 305910b070000000 0 00 00000000 0 0 0 0 0 0 000000000000001b 00000002 f 00000002 0 00
000000000000001b 7c15000000100001 0 00 00000000 0 0 0 0 0 0 000000000000001c 00000002 f 00000002 0 00
000000000000001c 103004010500f000 0 00 00000000 0 0 0 0 0 0 000000000000001d 00000002 f 00000002 1 04
000000000000001d 7c25000000000000 0 00 00000000 0 0 0 0 0 0 000000000000001e 00000002 f 00000002 0 00
000000000000001e 7cb5000000e00000 0 00 00000000 0 0 0 0 0 0 000000000000001f 00000002 f 00000002 0 00
000000000000001f 10000a0a0700f000 0 00 00000000 0 0 0 0 0 0 0000000000000020 00000002 f 00000002 1 0a
0000000000000020 7c95fffff7d00000 0 00 00000000 0 0 0 0 0 0 0000000000000018 00000002 f 00000002 0 00
0000000000000018 3059e0a0c0000000 0 00 00000000 0 0 0 0 0 0 0000000000000019 00000002 f 00000002 0 00
0000000000000019 3029d0a0c0000000 0 00 00000000 0 0 0 0 0 0 000000000000001a 00000002 f 00000002 0 00
000000000000001a 305910b070000000 0 00 00000000 0 0 0 0 0 0 000000000000001b 00000002 f 00000002 0 00
000000000000001b 7c15000000100001 0 00 00000000 0 0 0 0 0 0 000000000000001c 00000002 f 00000002 0 00
000000000000001c 103004010500f000 0 00 00000000 0 0 0 0 0 0 000000000000001d 00000002 f 00000002 1 04
000000000000001d 7c25000000000000 0 00 00000000 0 0 0 0 0 0 000000000000001e 00000002 f 00000002 0 00
0000000000000020 7cb5000000e00000 0 00 00000000 0 0 0 0 0 0 000000000000001f 00000000 f 00000000 0 00
0000000000000020 7c95fffff7d00000 0 00 00000000 0 0 0 0 0 0 0000000000000021 00000002 f 00000002 0 00
0000000000000021 0205000001000000 0 00 00000000 0 0 0 0 0 1 0000000000000023 00000002 f 00000002 0 00
0000000000000023 7c25000000000000 0 00 00000000 0 0 0 0 0 0 0000000000000022 fffffffd f fffffffd 0 00
0000000000000022 101004050300f000 0 00 00000000 0 0 0 0 0 0 0000000000000023 fffffffd f fffffffd 1 04
0000000000000023 7c25000000000000 0 00 00000000 0 0 0 0 0 0 0000000000000024 ffffffff f ffffffff 0 00
0000000000000024 302960b0c0000000 0 00 00000000 0 0 0 0 0 0 0000000000000025 ffffffff f ffffffff 0 00
0000000000000025 7c15000003600005 0 00 00000000 0 0 0 0 0 0 0000000000000026 ffffffff f ffffffff 0 00
0000000000000026 100005010500f000 0 00 00000000 0 0 0 0 0 0 0000000000000027 ffffffff f ffffffff 1 05
0000000000000027 103004040c00f000 0 00 00000000 0 0 0 0 0 0 0000000000000028 ffffffff f ffffffff 1 04
0000000000000028 0205000002000000 0 00 00000000 0 0 0 0 0 1 000000000000002b ffffffff f ffffffff 0 00
000000000000002b 7c25000000000000 0 00 00000000 0 0 0 0 0 0 000000000000002c ffffffff f ffffffff 0 00
000000000000002c 7cf5000000000000 0 00 00000000 0 0 0 0 0 0 000000000000002d ffffffff f ffffffff 0 00
