0000000000000000 00131d0000000000 1 1d 00000000 0 0 0 0000000000000001
0000000000000001 0013030000000000 1 03 00000000 0 0 0 0000000000000002
0000000000000002 0092090800000000 1 09 ffffffff 0 0 0 0000000000000003
0000000000000003 00320b1210000000 1 0b 00000000 0 0 0 0000000000000004
0000000000000004 8506000000000000 0 00 00000000 0 0 0 0000000000000005
0000000000000005 0092090600000000 1 09 ffffffff 0 0 0 0000000000000006
0000000000000006 00520a0102000000 1 0a 00000000 0 0 0 0000000000000007
0000000000000007 0013020081d55400 1 02 ff81d554 0 0 0 0000000000000008
0000000000000008 8506000000000000 0 00 00000000 0 0 0 0000000000000009
0000000000000009 00b2010311000000 1 01 00000000 0 0 0 000000000000000a
000000000000000a 00320b0805000000 1 0b 00000000 0 0 0 000000000000000b
000000000000000b 00131100851e8200 1 11 ff851e82 0 0 0 000000000000000c
000000000000000c 8506000000000000 0 00 00000000 0 0 0 000000000000000d
000000000000000d 00920f1000000000 1 0f ffffffff 0 0 0 000000000000000e
000000000000000e 0306000000000400 1 04 00000000 0 0 0 000000000000000f
000000000000000f 002304031d8d2600 1 04 001d8d26 0 0 0 0000000000000010
0000000000000010 0013030055555500 1 03 00555555 0 0 0 0000000000000011
0000000000000011 0042130a14000000 1 13 00000000 0 0 0 0000000000000012
0000000000000012 0306000000000600 1 06 00000000 0 0 0 0000000000000013
0000000000000013 00131e0000000200 1 1e 00000002 0 0 0 0000000000000014
0000000000000014 0023151500000100 1 15 00000001 0 0 0 0000000000000015
0000000000000015 00731e1e00000100 1 1e 00000001 0 0 0 0000000000000016
0000000000000016 0102001e1d000000 0 00 00000000 4 0 0 0000000000000017
0000000000000017 0215fffffc040000 0 00 00000000 4 0 1 0000000000000014
0000000000000014 0023151500000100 1 15 00000002 4 0 0 0000000000000015
0000000000000015 00731e1e00000100 1 1e 00000000 4 0 0 0000000000000016
0000000000000016 0102001e1d000000 0 00 00000000 5 1 0 0000000000000017
0000000000000017 0215fffffc040000 0 00 00000000 5 1 0 0000000000000018
0000000000000018 7cf5000000000000 0 00 00000000 5 1 0 0000000000000019
DONE retired=29 fault=00 pc=0000000000000018
