0000000000000000 0013140000004d00 1 14 0000004d 0 0 0 0000000000000001 845c7c87 f 845c7c87 0 00 845c7c87
0000000000000001 100003040400f000 0 00 00000000 0 0 0 0000000000000002 845c7c87 f 845c7c87 1 03 845c7c87
0000000000000002 3430030000003000 0 00 00000000 0 0 0 0000000000000003 845c7c87 3 04545405 1 03 04545405
0000000000000003 1020030403008000 0 00 00000000 0 0 0 0000000000000004 845c7c87 8 845c7c87 1 03 845c7c87
0000000000000004 100005030500c000 0 00 00000000 0 0 0 0000000000000005 845c7c87 c 04142406 1 05 04142406
0000000000000005 340002060000f000 0 00 00000000 0 0 0 0000000000000006 845c7c87 f 845c7c87 1 02 845c7c87
0000000000000006 1010020403008000 0 00 00000000 0 0 0 0000000000000007 845c7c87 8 845c7c87 1 02 845c7c87
0000000000000007 3400020500004000 0 00 00000000 0 0 0 0000000000000008 845c7c87 4 00000001 1 02 00000001
0000000000000008 104005020200f000 0 00 00000000 0 0 0 0000000000000009 845c7c87 f 845c7c87 1 05 845c7c87
0000000000000009 00131600aaaaaa00 1 16 ffaaaaaa 0 0 0 000000000000000a 845c7c87 f 845c7c87 0 00 845c7c87
000000000000000a 342003160000f000 0 00 00000000 0 0 0 000000000000000b 845c7c87 f 845c7c87 1 03 845c7c87
000000000000000b 108104030001f000 0 00 00000000 0 0 0 000000000000000c 845c7c87 f 845c7c87 1 04 845c7c87
000000000000000c 104004020600f000 0 00 00000000 0 0 0 000000000000000d 845c7c87 f 845c7c87 1 04 845c7c87
000000000000000d 340002040000f000 0 00 00000000 0 0 0 000000000000000e 845c7c87 f 845c7c87 1 02 845c7c87
000000000000000e 3400040500002000 0 00 00000000 0 0 0 000000000000000f 845c7c87 2 80403c81 1 04 80403c81
000000000000000f 340005040000f000 0 00 00000000 0 0 0 0000000000000010 845c7c87 f 845c7c87 1 05 845c7c87
0000000000000010 101005050500f000 0 00 00000000 0 0 0 0000000000000011 845c7c87 f 845c7c87 1 05 845c7c87
0000000000000011 100102037ffff000 0 00 00000000 0 0 0 0000000000000012 845c7c87 f 845c7c87 1 02 845c7c87
0000000000000012 102002020500f000 0 00 00000000 0 0 0 0000000000000013 845c7c87 f 845c7c87 1 02 845c7c87
0000000000000013 104104028000f000 0 00 00000000 0 0 0 0000000000000014 845c7c87 f 845c7c87 1 04 845c7c87
0000000000000014 00131e0000000200 1 1e 00000002 0 0 0 0000000000000015 845c7c87 f 845c7c87 0 00 845c7c87
0000000000000015 0023171700000100 1 17 00000001 0 0 0 0000000000000016 845c7c87 f 845c7c87 0 00 845c7c87
0000000000000016 00731e1e00000100 1 1e 00000001 0 0 0 0000000000000017 845c7c87 f 845c7c87 0 00 845c7c87
0000000000000017 0013180000000000 1 18 00000000 0 0 0 0000000000000018 845c7c87 f 845c7c87 0 00 845c7c87
0000000000000018 0102001e18000000 0 00 00000000 4 0 0 0000000000000019 845c7c87 f 845c7c87 0 00 845c7c87
0000000000000019 0215fffffb040000 0 00 00000000 4 0 1 0000000000000015 845c7c87 f 845c7c87 0 00 845c7c87
0000000000000015 0023171700000100 1 17 00000002 4 0 0 0000000000000016 845c7c87 f 845c7c87 0 00 845c7c87
0000000000000016 00731e1e00000100 1 1e 00000000 4 0 0 0000000000000017 845c7c87 f 845c7c87 0 00 845c7c87
0000000000000017 0013180000000000 1 18 00000000 4 0 0 0000000000000018 845c7c87 f 845c7c87 0 00 845c7c87
0000000000000018 0102001e18000000 0 00 00000000 5 1 0 0000000000000019 845c7c87 f 845c7c87 0 00 845c7c87
0000000000000019 0215fffffb040000 0 00 00000000 5 1 0 000000000000001a 845c7c87 f 845c7c87 0 00 845c7c87
000000000000001a 7cf5000000000000 0 00 00000000 5 1 0 000000000000001b 845c7c87 f 845c7c87 0 00 845c7c87
DONE retired=32 fault=00 pc=000000000000001a
