0000000000000000 00131d0000000000 1 1d 00000000 0 0 0 0000000000000001
0000000000000001 0306000000000a00 1 0a 00000000 0 0 0 0000000000000002
0000000000000002 0023061200000000 1 06 00000000 0 0 0 0000000000000003
0000000000000003 0122001112000000 0 00 00000000 5 0 0 0000000000000004
0000000000000004 02150000020e0000 0 00 00000000 5 0 1 0000000000000007
0000000000000007 00130200dd46a600 1 02 ffdd46a6 5 0 0 0000000000000008
0000000000000008 00320f1209000000 1 0f 00000000 5 0 0 0000000000000009
0000000000000009 0013020074dba600 1 02 0074dba6 5 0 0 000000000000000a
000000000000000a 0306000000000600 1 06 00000000 5 0 0 000000000000000b
000000000000000b 0122000b0b000000 0 00 00000000 5 0 0 000000000000000c
000000000000000c 02150000010e0000 0 00 00000000 5 0 1 000000000000000e
000000000000000e 00130300eb8ed000 1 03 ffeb8ed0 5 0 0 000000000000000f
000000000000000f 00131400446e7200 1 14 00446e72 5 0 0 0000000000000010
0000000000000010 8506000000000000 0 00 00000000 5 0 0 0000000000000011
0000000000000011 8506000000000000 0 00 00000000 5 0 0 0000000000000012
0000000000000012 00720b0502000000 1 0b ff8b245a 5 0 0 0000000000000013
0000000000000013 0062010714000000 1 01 00000000 5 0 0 0000000000000014
0000000000000014 0013140052321d00 1 14 0052321d 5 0 0 0000000000000015
0000000000000015 00230f098ebec600 1 0f ff8ebec6 5 0 0 0000000000000016
0000000000000016 00230f02aa471f00 1 0f 001f22c5 5 0 0 0000000000000017
0000000000000017 00731008daf68a00 1 10 00250976 5 0 0 0000000000000018
0000000000000018 0013130000000000 1 13 00000000 5 0 0 0000000000000019
0000000000000019 00130b00ffffff00 1 0b ffffffff 5 0 0 000000000000001a
000000000000001a 0023111200000000 1 11 00000000 5 0 0 000000000000001b
000000000000001b 00820a0611000000 1 0a 00000000 5 0 0 000000000000001c
000000000000001c 00720e0509000000 1 0e 00000000 5 0 0 000000000000001d
000000000000001d 8506000000000000 0 00 00000000 5 0 0 000000000000001e
000000000000001e 0092130e00000000 1 13 ffffffff 5 0 0 000000000000001f
000000000000001f 00a2100f0a000000 1 10 001f22c5 5 0 0 0000000000000020
0000000000000020 00130e0082ff9e00 1 0e ff82ff9e 5 0 0 0000000000000021
0000000000000021 00b2030c10000000 1 03 00000000 5 0 0 0000000000000022
0000000000000022 0042100502000000 1 10 00000000 5 0 0 0000000000000023
0000000000000023 0042050611000000 1 05 00000000 5 0 0 0000000000000024
0000000000000024 0306000000000400 1 04 00000000 5 0 0 0000000000000025
0000000000000025 00130d006ad44100 1 0d 006ad441 5 0 0 0000000000000026
0000000000000026 007310146f724c00 1 10 ffe2bfd1 5 0 0 0000000000000027
0000000000000027 00820b0105000000 1 0b 00000000 5 0 0 0000000000000028
0000000000000028 00630f0500000100 1 0f 00000000 5 0 0 0000000000000029
0000000000000029 00130e00fdd9f800 1 0e fffdd9f8 5 0 0 000000000000002a
000000000000002a 0112000412000000 0 00 00000000 5 0 0 000000000000002b
000000000000002b 0215000003030000 0 00 00000000 5 0 1 000000000000002f
000000000000002f 8506000000000000 0 00 00000000 5 0 0 0000000000000030
0000000000000030 00130800ffffff00 1 08 ffffffff 5 0 0 0000000000000031
0000000000000031 00131e0000000400 1 1e 00000004 5 0 0 0000000000000032
0000000000000032 0023151500000100 1 15 00000001 5 0 0 0000000000000033
0000000000000033 00731e1e00000100 1 1e 00000003 5 0 0 0000000000000034
0000000000000034 0102001e1d000000 0 00 00000000 4 0 0 0000000000000035
0000000000000035 0215fffffc040000 0 00 00000000 4 0 1 0000000000000032
0000000000000032 0023151500000100 1 15 00000002 4 0 0 0000000000000033
0000000000000033 00731e1e00000100 1 1e 00000002 4 0 0 0000000000000034
0000000000000034 0102001e1d000000 0 00 00000000 4 0 0 0000000000000035
0000000000000035 0215fffffc040000 0 00 00000000 4 0 1 0000000000000032
0000000000000032 0023151500000100 1 15 00000003 4 0 0 0000000000000033
0000000000000033 00731e1e00000100 1 1e 00000001 4 0 0 0000000000000034
0000000000000034 0102001e1d000000 0 00 00000000 4 0 0 0000000000000035
0000000000000035 0215fffffc040000 0 00 00000000 4 0 1 0000000000000032
0000000000000032 0023151500000100 1 15 00000004 4 0 0 0000000000000033
0000000000000033 00731e1e00000100 1 1e 00000000 4 0 0 0000000000000034
0000000000000034 0102001e1d000000 0 00 00000000 5 1 0 0000000000000035
0000000000000035 0215fffffc040000 0 00 00000000 5 1 0 0000000000000036
0000000000000036 7cf5000000000000 0 00 00000000 5 1 0 0000000000000037
DONE retired=61 fault=00 pc=0000000000000036
