0000000000000000 00131d0000000000 1 1d 00000000 0 0 0 0000000000000001
0000000000000001 0063050d00001f00 1 05 00000000 0 0 0 0000000000000002
0000000000000002 8506000000000000 0 00 00000000 0 0 0 0000000000000003
0000000000000003 0122000203000000 0 00 00000000 5 0 0 0000000000000004
0000000000000004 02150000010c0000 0 00 00000000 5 0 1 0000000000000006
0000000000000006 0112000401000000 0 00 00000000 5 0 0 0000000000000007
0000000000000007 02150000010b0000 0 00 00000000 5 0 0 0000000000000008
0000000000000008 8506000000000000 0 00 00000000 5 0 0 0000000000000009
0000000000000009 001307003aca2500 1 07 003aca25 5 0 0 000000000000000a
000000000000000a 0102000207000000 0 00 00000000 2 0 0 000000000000000b
000000000000000b 0215000002040000 0 00 00000000 2 0 1 000000000000000e
000000000000000e 00a20a0e0e000000 1 0a 00000000 2 0 0 000000000000000f
000000000000000f 0092080300000000 1 08 ffffffff 2 0 0 0000000000000010
0000000000000010 012200100f000000 0 00 00000000 5 0 0 0000000000000011
0000000000000011 02150000020d0000 0 00 00000000 5 0 0 0000000000000012
0000000000000012 8506000000000000 0 00 00000000 5 0 0 0000000000000013
0000000000000013 8506000000000000 0 00 00000000 5 0 0 0000000000000014
0000000000000014 8506000000000000 0 00 00000000 5 0 0 0000000000000015
0000000000000015 0023140e5b80bb00 1 14 005b80bb 5 0 0 0000000000000016
0000000000000016 0082080b09000000 1 08 00000000 5 0 0 0000000000000017
0000000000000017 00131e0000000200 1 1e 00000002 5 0 0 0000000000000018
0000000000000018 0023151500000100 1 15 00000001 5 0 0 0000000000000019
0000000000000019 00731e1e00000100 1 1e 00000001 5 0 0 000000000000001a
000000000000001a 0102001e1d000000 0 00 00000000 4 0 0 000000000000001b
000000000000001b 0215fffffc040000 0 00 00000000 4 0 1 0000000000000018
0000000000000018 0023151500000100 1 15 00000002 4 0 0 0000000000000019
0000000000000019 00731e1e00000100 1 1e 00000000 4 0 0 000000000000001a
000000000000001a 0102001e1d000000 0 00 00000000 5 1 0 000000000000001b
000000000000001b 0215fffffc040000 0 00 00000000 5 1 0 000000000000001c
000000000000001c 7cf5000000000000 0 00 00000000 5 1 0 000000000000001d
DONE retired=30 fault=00 pc=000000000000001c
