0000000000000000 00131d0000000000 1 1d 00000000 0 0 0 0000000000000001
0000000000000001 003207110d000000 1 07 00000000 0 0 0 0000000000000002
0000000000000002 8506000000000000 0 00 00000000 0 0 0 0000000000000003
0000000000000003 0092140b00000000 1 14 ffffffff 0 0 0 0000000000000004
0000000000000004 0306000000001100 1 11 00000000 0 0 0 0000000000000005
0000000000000005 8506000000000000 0 00 00000000 0 0 0 0000000000000006
0000000000000006 002203040b000000 1 03 00000000 0 0 0 0000000000000007
0000000000000007 001314003f8a8900 1 14 003f8a89 0 0 0 0000000000000008
0000000000000008 00b30f0900001400 1 0f 00000000 0 0 0 0000000000000009
0000000000000009 00130400ffffff00 1 04 ffffffff 0 0 0 000000000000000a
000000000000000a 0306000000000f00 1 0f 00000000 0 0 0 000000000000000b
000000000000000b 8506000000000000 0 00 00000000 0 0 0 000000000000000c
000000000000000c 8506000000000000 0 00 00000000 0 0 0 000000000000000d
000000000000000d 00b3140f00000500 1 14 00000000 0 0 0 000000000000000e
000000000000000e 00b30f1300001600 1 0f 00000000 0 0 0 000000000000000f
000000000000000f 001313004f1ce600 1 13 004f1ce6 0 0 0 0000000000000010
0000000000000010 005205080f000000 1 05 00000000 0 0 0 0000000000000011
0000000000000011 006205100b000000 1 05 00000000 0 0 0 0000000000000012
0000000000000012 012200060b000000 0 00 00000000 5 0 0 0000000000000013
0000000000000013 02150000020d0000 0 00 00000000 5 0 0 0000000000000014
0000000000000014 8506000000000000 0 00 00000000 5 0 0 0000000000000015
0000000000000015 8506000000000000 0 00 00000000 5 0 0 0000000000000016
0000000000000016 00130200d4fdad00 1 02 ffd4fdad 5 0 0 0000000000000017
0000000000000017 0102001301000000 0 00 00000000 4 0 0 0000000000000018
0000000000000018 0215000001020000 0 00 00000000 4 0 1 000000000000001a
000000000000001a 8506000000000000 0 00 00000000 4 0 0 000000000000001b
000000000000001b 8506000000000000 0 00 00000000 4 0 0 000000000000001c
000000000000001c 0092010800000000 1 01 ffffffff 4 0 0 000000000000001d
000000000000001d 0073090d63a0a400 1 09 ff9c5f5c 4 0 0 000000000000001e
000000000000001e 8506000000000000 0 00 00000000 4 0 0 000000000000001f
000000000000001f 0072110313000000 1 11 ffb0e31a 4 0 0 0000000000000020
0000000000000020 010200020b000000 0 00 00000000 6 0 0 0000000000000021
0000000000000021 02150000020e0000 0 00 00000000 6 0 1 0000000000000024
0000000000000024 00620a0207000000 1 0a ffd4fdad 6 0 0 0000000000000025
0000000000000025 00a2070c13000000 1 07 00000000 6 0 0 0000000000000026
0000000000000026 011200110c000000 0 00 00000000 6 1 0 0000000000000027
0000000000000027 02150000030d0000 0 00 00000000 6 1 0 0000000000000028
0000000000000028 8506000000000000 0 00 00000000 6 1 0 0000000000000029
0000000000000029 8506000000000000 0 00 00000000 6 1 0 000000000000002a
000000000000002a 8506000000000000 0 00 00000000 6 1 0 000000000000002b
000000000000002b 00131e0000000300 1 1e 00000003 6 1 0 000000000000002c
000000000000002c 0023151500000100 1 15 00000001 6 1 0 000000000000002d
000000000000002d 00731e1e00000100 1 1e 00000002 6 1 0 000000000000002e
000000000000002e 0102001e1d000000 0 00 00000000 4 0 0 000000000000002f
000000000000002f 0215fffffc040000 0 00 00000000 4 0 1 000000000000002c
000000000000002c 0023151500000100 1 15 00000002 4 0 0 000000000000002d
000000000000002d 00731e1e00000100 1 1e 00000001 4 0 0 000000000000002e
000000000000002e 0102001e1d000000 0 00 00000000 4 0 0 000000000000002f
000000000000002f 0215fffffc040000 0 00 00000000 4 0 1 000000000000002c
000000000000002c 0023151500000100 1 15 00000003 4 0 0 000000000000002d
000000000000002d 00731e1e00000100 1 1e 00000000 4 0 0 000000000000002e
000000000000002e 0102001e1d000000 0 00 00000000 5 1 0 000000000000002f
000000000000002f 0215fffffc040000 0 00 00000000 5 1 0 0000000000000030
0000000000000030 7cf5000000000000 0 00 00000000 5 1 0 0000000000000031
DONE retired=54 fault=00 pc=0000000000000030
