0000000000000000 00131d0000000000 1 1d 00000000 0 0 0 0000000000000001
0000000000000001 00130b00ca162300 1 0b ffca1623 0 0 0 0000000000000002
0000000000000002 010200020c000000 0 00 00000000 5 1 0 0000000000000003
0000000000000003 0215000001040000 0 00 00000000 5 1 0 0000000000000004
0000000000000004 8506000000000000 0 00 00000000 5 1 0 0000000000000005
0000000000000005 0306000000000f00 1 0f 00000000 5 1 0 0000000000000006
0000000000000006 8506000000000000 0 00 00000000 5 1 0 0000000000000007
0000000000000007 008212010d000000 1 12 00000000 5 1 0 0000000000000008
0000000000000008 0112001403000000 0 00 00000000 5 0 0 0000000000000009
0000000000000009 02150000010b0000 0 00 00000000 5 0 0 000000000000000a
000000000000000a 8506000000000000 0 00 00000000 5 0 0 000000000000000b
000000000000000b 00130b0000000000 1 0b 00000000 5 0 0 000000000000000c
000000000000000c 8506000000000000 0 00 00000000 5 0 0 000000000000000d
000000000000000d 8506000000000000 0 00 00000000 5 0 0 000000000000000e
000000000000000e 00131e0000000100 1 1e 00000001 5 0 0 000000000000000f
000000000000000f 0023151500000100 1 15 00000001 5 0 0 0000000000000010
0000000000000010 00731e1e00000100 1 1e 00000000 5 0 0 0000000000000011
0000000000000011 0102001e1d000000 0 00 00000000 5 1 0 0000000000000012
0000000000000012 0215fffffc040000 0 00 00000000 5 1 0 0000000000000013
0000000000000013 7cf5000000000000 0 00 00000000 5 1 0 0000000000000014
DONE retired=20 fault=00 pc=0000000000000013
