0000000000000000 00131d0000000000 1 1d 00000000 0 0 0 0000000000000001
0000000000000001 00420f0f05000000 1 0f 00000000 0 0 0 0000000000000002
0000000000000002 8506000000000000 0 00 00000000 0 0 0 0000000000000003
0000000000000003 0112000d08000000 0 00 00000000 5 0 0 0000000000000004
0000000000000004 0215000003020000 0 00 00000000 5 0 1 0000000000000008
0000000000000008 0022090d0f000000 1 09 00000000 5 0 0 0000000000000009
0000000000000009 001310008273ca00 1 10 ff8273ca 5 0 0 000000000000000a
000000000000000a 0072041003000000 1 04 ff8273ca 5 0 0 000000000000000b
000000000000000b 00231208eaec0a00 1 12 ffeaec0a 5 0 0 000000000000000c
000000000000000c 0073020a57d5c700 1 02 ffa82a39 5 0 0 000000000000000d
000000000000000d 8506000000000000 0 00 00000000 5 0 0 000000000000000e
000000000000000e 0112000405000000 0 00 00000000 6 1 0 000000000000000f
000000000000000f 02150000020d0000 0 00 00000000 6 1 0 0000000000000010
0000000000000010 8506000000000000 0 00 00000000 6 1 0 0000000000000011
0000000000000011 8506000000000000 0 00 00000000 6 1 0 0000000000000012
0000000000000012 00a2110504000000 1 11 00000000 6 1 0 0000000000000013
0000000000000013 0306000000000c00 1 0c 00000000 6 1 0 0000000000000014
0000000000000014 0092030f00000000 1 03 ffffffff 6 1 0 0000000000000015
0000000000000015 00131e0000000100 1 1e 00000001 6 1 0 0000000000000016
0000000000000016 0023151500000100 1 15 00000001 6 1 0 0000000000000017
0000000000000017 00731e1e00000100 1 1e 00000000 6 1 0 0000000000000018
0000000000000018 0102001e1d000000 0 00 00000000 5 1 0 0000000000000019
0000000000000019 0215fffffc040000 0 00 00000000 5 1 0 000000000000001a
000000000000001a 7cf5000000000000 0 00 00000000 5 1 0 000000000000001b
DONE retired=24 fault=00 pc=000000000000001a
