0000000000000000 00131d0000000000 1 1d 00000000 0 0 0 0000000000000001
0000000000000001 0306000000000b00 1 0b 00000000 0 0 0 0000000000000002
0000000000000002 00b3101000001f00 1 10 00000000 0 0 0 0000000000000003
0000000000000003 00130100aaaaaa00 1 01 ffaaaaaa 0 0 0 0000000000000004
0000000000000004 00130f0055555500 1 0f 00555555 0 0 0 0000000000000005
0000000000000005 8506000000000000 0 00 00000000 0 0 0 0000000000000006
0000000000000006 0072080c0e000000 1 08 00000000 0 0 0 0000000000000007
0000000000000007 0042060201000000 1 06 00000000 0 0 0 0000000000000008
0000000000000008 8506000000000000 0 00 00000000 0 0 0 0000000000000009
0000000000000009 010200100f000000 0 00 00000000 2 0 0 000000000000000a
000000000000000a 0215000002040000 0 00 00000000 2 0 1 000000000000000d
000000000000000d 8506000000000000 0 00 00000000 2 0 0 000000000000000e
000000000000000e 8506000000000000 0 00 00000000 2 0 0 000000000000000f
000000000000000f 0102000f0e000000 0 00 00000000 4 0 0 0000000000000010
0000000000000010 0215000001010000 0 00 00000000 4 0 0 0000000000000011
0000000000000011 8506000000000000 0 00 00000000 4 0 0 0000000000000012
0000000000000012 0306000000000b00 1 0b 00000000 4 0 0 0000000000000013
0000000000000013 00130700414a1500 1 07 00414a15 4 0 0 0000000000000014
0000000000000014 8506000000000000 0 00 00000000 4 0 0 0000000000000015
0000000000000015 00131400716d8f00 1 14 00716d8f 4 0 0 0000000000000016
0000000000000016 0102000a13000000 0 00 00000000 5 1 0 0000000000000017
0000000000000017 0215000002040000 0 00 00000000 5 1 0 0000000000000018
0000000000000018 8506000000000000 0 00 00000000 5 1 0 0000000000000019
0000000000000019 8506000000000000 0 00 00000000 5 1 0 000000000000001a
000000000000001a 8506000000000000 0 00 00000000 5 1 0 000000000000001b
000000000000001b 00b2090c09000000 1 09 00000000 5 1 0 000000000000001c
000000000000001c 00b3031300001d00 1 03 00000000 5 1 0 000000000000001d
000000000000001d 8506000000000000 0 00 00000000 5 1 0 000000000000001e
000000000000001e 0042020110000000 1 02 00000000 5 1 0 000000000000001f
000000000000001f 0092021300000000 1 02 ffffffff 5 1 0 0000000000000020
0000000000000020 0013030047022600 1 03 00470226 5 1 0 0000000000000021
0000000000000021 0082060712000000 1 06 00414a15 5 1 0 0000000000000022
0000000000000022 0062080213000000 1 08 ffffffff 5 1 0 0000000000000023
0000000000000023 00131e0000000400 1 1e 00000004 5 1 0 0000000000000024
0000000000000024 0023151500000100 1 15 00000001 5 1 0 0000000000000025
0000000000000025 00731e1e00000100 1 1e 00000003 5 1 0 0000000000000026
0000000000000026 0102001e1d000000 0 00 00000000 4 0 0 0000000000000027
0000000000000027 0215fffffc040000 0 00 00000000 4 0 1 0000000000000024
0000000000000024 0023151500000100 1 15 00000002 4 0 0 0000000000000025
0000000000000025 00731e1e00000100 1 1e 00000002 4 0 0 0000000000000026
0000000000000026 0102001e1d000000 0 00 00000000 4 0 0 0000000000000027
0000000000000027 0215fffffc040000 0 00 00000000 4 0 1 0000000000000024
0000000000000024 0023151500000100 1 15 00000003 4 0 0 0000000000000025
0000000000000025 00731e1e00000100 1 1e 00000001 4 0 0 0000000000000026
0000000000000026 0102001e1d000000 0 00 00000000 4 0 0 0000000000000027
0000000000000027 0215fffffc040000 0 00 00000000 4 0 1 0000000000000024
0000000000000024 0023151500000100 1 15 00000004 4 0 0 0000000000000025
0000000000000025 00731e1e00000100 1 1e 00000000 4 0 0 0000000000000026
0000000000000026 0102001e1d000000 0 00 00000000 5 1 0 0000000000000027
0000000000000027 0215fffffc040000 0 00 00000000 5 1 0 0000000000000028
0000000000000028 7cf5000000000000 0 00 00000000 5 1 0 0000000000000029
DONE retired=51 fault=00 pc=0000000000000028
