0000000000000000 0013140000004d00 1 14 0000004d 0 0 0 0000000000000001 b9636511 f b9636511 0 00 b9636511
0000000000000001 106103030021f000 0 00 00000000 0 0 0 0000000000000002 b9636511 f b9636511 1 03 b9636511
0000000000000002 10410604fffff000 0 00 00000000 0 0 0 0000000000000003 b9636511 f b9636511 1 06 b9636511
0000000000000003 340006030000f000 0 00 00000000 0 0 0 0000000000000004 b9636511 f b9636511 1 06 b9636511
0000000000000004 341106009215f000 0 00 00000000 0 0 0 0000000000000005 b9636511 f b9636511 1 06 b9636511
0000000000000005 107102060021f000 0 00 00000000 0 0 0 0000000000000006 b9636511 f b9636511 1 02 b9636511
0000000000000006 00131500ffffff00 1 15 ffffffff 0 0 0 0000000000000007 b9636511 f b9636511 0 00 b9636511
0000000000000007 342002150000f000 0 00 00000000 0 0 0 0000000000000008 b9636511 f b9636511 1 02 b9636511
0000000000000008 106103050020f000 0 00 00000000 0 0 0 0000000000000009 b9636511 f b9636511 1 03 b9636511
0000000000000009 103006030300f000 0 00 00000000 0 0 0 000000000000000a b9636511 f b9636511 1 06 b9636511
000000000000000a 10710505000ff000 0 00 00000000 0 0 0 000000000000000b b9636511 f b9636511 1 05 b9636511
000000000000000b 340005060000f000 0 00 00000000 0 0 0 000000000000000c b9636511 f b9636511 1 05 b9636511
000000000000000c 100106050001f000 0 00 00000000 0 0 0 000000000000000d b9636511 f b9636511 1 06 b9636511
000000000000000d 341104006142c000 0 00 00000000 0 0 0 000000000000000e b9636511 c a8222000 1 04 a8222000
000000000000000e 3400020500008000 0 00 00000000 0 0 0 000000000000000f b9636511 8 80000000 1 02 80000000
000000000000000f 10510202fffff000 0 00 00000000 0 0 0 0000000000000010 b9636511 f b9636511 1 02 b9636511
0000000000000010 3400020300009000 0 00 00000000 0 0 0 0000000000000011 b9636511 9 80000000 1 02 80000000
0000000000000011 00131600ffffff00 1 16 ffffffff 0 0 0 0000000000000012 b9636511 f b9636511 0 00 b9636511
0000000000000012 342006160000f000 0 00 00000000 0 0 0 0000000000000013 b9636511 f b9636511 1 06 b9636511
0000000000000013 108102060010f000 0 00 00000000 0 0 0 0000000000000014 b9636511 f b9636511 1 02 b9636511
0000000000000014 107102040000f000 0 00 00000000 0 0 0 0000000000000015 b9636511 f b9636511 1 02 b9636511
0000000000000015 1020030202006000 0 00 00000000 0 0 0 0000000000000016 b9636511 6 80000000 1 03 80000000
0000000000000016 101002050400f000 0 00 00000000 0 0 0 0000000000000017 b9636511 f b9636511 1 02 b9636511
0000000000000017 00131500aaaaaa00 1 15 ffaaaaaa 0 0 0 0000000000000018 b9636511 f b9636511 0 00 b9636511
0000000000000018 342005150000f000 0 00 00000000 0 0 0 0000000000000019 b9636511 f b9636511 1 05 b9636511
0000000000000019 340003060000f000 0 00 00000000 0 0 0 000000000000001a b9636511 f b9636511 1 03 b9636511
000000000000001a 340004060000d000 0 00 00000000 0 0 0 000000000000001b b9636511 d 99210100 1 04 99210100
000000000000001b 34110500fffff000 0 00 00000000 0 0 0 000000000000001c b9636511 f b9636511 1 05 b9636511
000000000000001c 100106060000f000 0 00 00000000 0 0 0 000000000000001d b9636511 f b9636511 1 06 b9636511
000000000000001d 00131600aaaaaa00 1 16 ffaaaaaa 0 0 0 000000000000001e b9636511 f b9636511 0 00 b9636511
000000000000001e 342004160000f000 0 00 00000000 0 0 0 000000000000001f b9636511 f b9636511 1 04 b9636511
000000000000001f 10810404003ff000 0 00 00000000 0 0 0 0000000000000020 b9636511 f b9636511 1 04 b9636511
0000000000000020 00131600ffffff00 1 16 ffffffff 0 0 0 0000000000000021 b9636511 f b9636511 0 00 b9636511
0000000000000021 342002160000f000 0 00 00000000 0 0 0 0000000000000022 b9636511 f b9636511 1 02 b9636511
0000000000000022 108105020020f000 0 00 00000000 0 0 0 0000000000000023 b9636511 f b9636511 1 05 b9636511
0000000000000023 00131e0000000200 1 1e 00000002 0 0 0 0000000000000024 b9636511 f b9636511 0 00 b9636511
0000000000000024 0023171700000100 1 17 00000001 0 0 0 0000000000000025 b9636511 f b9636511 0 00 b9636511
0000000000000025 00731e1e00000100 1 1e 00000001 0 0 0 0000000000000026 b9636511 f b9636511 0 00 b9636511
0000000000000026 0013180000000000 1 18 00000000 0 0 0 0000000000000027 b9636511 f b9636511 0 00 b9636511
0000000000000027 0102001e18000000 0 00 00000000 4 0 0 0000000000000028 b9636511 f b9636511 0 00 b9636511
0000000000000028 0215fffffb040000 0 00 00000000 4 0 1 0000000000000024 b9636511 f b9636511 0 00 b9636511
0000000000000024 0023171700000100 1 17 00000002 4 0 0 0000000000000025 b9636511 f b9636511 0 00 b9636511
0000000000000025 00731e1e00000100 1 1e 00000000 4 0 0 0000000000000026 b9636511 f b9636511 0 00 b9636511
0000000000000026 0013180000000000 1 18 00000000 4 0 0 0000000000000027 b9636511 f b9636511 0 00 b9636511
0000000000000027 0102001e18000000 0 00 00000000 5 1 0 0000000000000028 b9636511 f b9636511 0 00 b9636511
0000000000000028 0215fffffb040000 0 00 00000000 5 1 0 0000000000000029 b9636511 f b9636511 0 00 b9636511
0000000000000029 7cf5000000000000 0 00 00000000 5 1 0 000000000000002a b9636511 f b9636511 0 00 b9636511
DONE retired=47 fault=00 pc=0000000000000029
