0000000000000000 00131d0000000000 1 1d 00000000 0 0 0 0000000000000001
0000000000000001 00a20d0e14000000 1 0d 00000000 0 0 0 0000000000000002
0000000000000002 0306000000000b00 1 0b 00000000 0 0 0 0000000000000003
0000000000000003 8506000000000000 0 00 00000000 0 0 0 0000000000000004
0000000000000004 8506000000000000 0 00 00000000 0 0 0 0000000000000005
0000000000000005 0092081400000000 1 08 ffffffff 0 0 0 0000000000000006
0000000000000006 0063071400000600 1 07 00000000 0 0 0 0000000000000007
0000000000000007 00231204a5318100 1 12 ffa53181 0 0 0 0000000000000008
0000000000000008 006214060a000000 1 14 00000000 0 0 0 0000000000000009
0000000000000009 001311003b201600 1 11 003b2016 0 0 0 000000000000000a
000000000000000a 00131100e87daf00 1 11 ffe87daf 0 0 0 000000000000000b
000000000000000b 0306000000001000 1 10 00000000 0 0 0 000000000000000c
000000000000000c 0052070303000000 1 07 00000000 0 0 0 000000000000000d
000000000000000d 00131100aaaaaa00 1 11 ffaaaaaa 0 0 0 000000000000000e
000000000000000e 00130b007a088100 1 0b 007a0881 0 0 0 000000000000000f
000000000000000f 00320e0a03000000 1 0e 00000000 0 0 0 0000000000000010
0000000000000010 8506000000000000 0 00 00000000 0 0 0 0000000000000011
0000000000000011 0112000408000000 0 00 00000000 0 0 0 0000000000000012
0000000000000012 02150000020d0000 0 00 00000000 0 0 1 0000000000000015
0000000000000015 0032051202000000 1 05 00000000 0 0 0 0000000000000016
0000000000000016 8506000000000000 0 00 00000000 0 0 0 0000000000000017
0000000000000017 0022030c0d000000 1 03 00000000 0 0 0 0000000000000018
0000000000000018 8506000000000000 0 00 00000000 0 0 0 0000000000000019
0000000000000019 011200060c000000 0 00 00000000 5 0 0 000000000000001a
000000000000001a 0215000002040000 0 00 00000000 5 0 0 000000000000001b
000000000000001b 8506000000000000 0 00 00000000 5 0 0 000000000000001c
000000000000001c 8506000000000000 0 00 00000000 5 0 0 000000000000001d
000000000000001d 00131100240cc300 1 11 00240cc3 5 0 0 000000000000001e
000000000000001e 00b2121402000000 1 12 00000000 5 0 0 000000000000001f
000000000000001f 0052130b04000000 1 13 007a0881 5 0 0 0000000000000020
0000000000000020 00231412168c7100 1 14 00168c71 5 0 0 0000000000000021
0000000000000021 0073100f00000000 1 10 00000000 5 0 0 0000000000000022
0000000000000022 00b2140e04000000 1 14 00000000 5 0 0 0000000000000023
0000000000000023 00131e0000000300 1 1e 00000003 5 0 0 0000000000000024
0000000000000024 0023151500000100 1 15 00000001 5 0 0 0000000000000025
0000000000000025 00731e1e00000100 1 1e 00000002 5 0 0 0000000000000026
0000000000000026 0102001e1d000000 0 00 00000000 4 0 0 0000000000000027
0000000000000027 0215fffffc040000 0 00 00000000 4 0 1 0000000000000024
0000000000000024 0023151500000100 1 15 00000002 4 0 0 0000000000000025
0000000000000025 00731e1e00000100 1 1e 00000001 4 0 0 0000000000000026
0000000000000026 0102001e1d000000 0 00 00000000 4 0 0 0000000000000027
0000000000000027 0215fffffc040000 0 00 00000000 4 0 1 0000000000000024
0000000000000024 0023151500000100 1 15 00000003 4 0 0 0000000000000025
0000000000000025 00731e1e00000100 1 1e 00000000 4 0 0 0000000000000026
0000000000000026 0102001e1d000000 0 00 00000000 5 1 0 0000000000000027
0000000000000027 0215fffffc040000 0 00 00000000 5 1 0 0000000000000028
0000000000000028 7cf5000000000000 0 00 00000000 5 1 0 0000000000000029
DONE retired=47 fault=00 pc=0000000000000028
