0000000000000000 343001000000f000 0 00 00000000 0 0 0 0 0 0 0000000000000001 ffffffff f ffffffff 1 01
0000000000000001 341107000001f000 0 00 00000000 0 0 0 0 0 0 0000000000000002 ffffffff f ffffffff 1 07
0000000000000002 34110c000003f000 0 00 00000000 0 0 0 0 0 0 0000000000000003 ffffffff f ffffffff 1 0c
0000000000000003 101003040c00f000 0 00 00000000 0 0 0 0 0 0 0000000000000004 ffffffff f ffffffff 1 03
0000000000000004 34110d000000f000 0 00 00000000 0 0 0 0 0 0 0000000000000005 ffffffff f ffffffff 1 0d
0000000000000005 10300c010d00f000 0 00 00000000 0 0 0 0 0 0 0000000000000006 ffffffff f ffffffff 1 0c
0000000000000006 10000c0c0700f000 0 00 00000000 0 0 0 0 0 0 0000000000000007 ffffffff f ffffffff 1 0c
0000000000000007 34110a000000f000 0 00 00000000 0 0 0 0 0 0 0000000000000008 ffffffff f ffffffff 1 0a
0000000000000008 7c85000007000000 0 00 00000000 0 0 0 0 0 0 0000000000000009 ffffffff f ffffffff 0 00
0000000000000009 3059e0a0c0000000 0 00 00000000 0 0 0 0 0 0 000000000000000a ffffffff f ffffffff 0 00
000000000000000a 3029d0a0c0000000 0 00 00000000 0 0 0 0 0 0 000000000000000b ffffffff f ffffffff 0 00
000000000000000b 3019401070000000 0 00 00000000 0 0 0 0 0 0 000000000000000c ffffffff f ffffffff 0 00
000000000000000c 7c15000000400001 0 00 00000000 0 0 0 0 0 0 000000000000000d fffffffd f fffffffd 0 00
000000000000000d 110004030700f000 0 00 00000000 0 0 0 0 0 0 000000000000000e fffffffd f fffffffd 1 04
000000000000000e 7c25000000000000 0 00 00000000 0 0 0 0 0 0 000000000000000d 00000002 f 00000002 0 00
000000000000000d 110004030700f000 0 00 00000000 0 0 0 0 0 0 000000000000000e 00000002 f 00000002 1 04
000000000000000e 7c25000000000000 0 00 00000000 0 0 0 0 0 0 000000000000000f ffffffff f ffffffff 0 00
000000000000000f 10000a0a0700f000 0 00 00000000 0 0 0 0 0 0 0000000000000010 ffffffff f ffffffff 1 0a
0000000000000010 7c95fffff8d00000 0 00 00000000 0 0 0 0 0 0 0000000000000009 ffffffff f ffffffff 0 00
0000000000000009 3059e0a0c0000000 0 00 00000000 0 0 0 0 0 0 000000000000000a ffffffff f ffffffff 0 00
000000000000000a 3029d0a0c0000000 0 00 00000000 0 0 0 0 0 0 000000000000000b ffffffff f ffffffff 0 00
000000000000000b 3019401070000000 0 00 00000000 0 0 0 0 0 0 000000000000000c ffffffff f ffffffff 0 00
000000000000000c 7c15000000400001 0 00 00000000 0 0 0 0 0 0 000000000000000d fffffffd f fffffffd 0 00
000000000000000d 110004030700f000 0 00 00000000 0 0 0 0 0 0 000000000000000e fffffffd f fffffffd 1 04
000000000000000e 7c25000000000000 0 00 00000000 0 0 0 0 0 0 000000000000000d 00000002 f 00000002 0 00
000000000000000d 110004030700f000 0 00 00000000 0 0 0 0 0 0 000000000000000e 00000002 f 00000002 1 04
000000000000000e 7c25000000000000 0 00 00000000 0 0 0 0 0 0 000000000000000f ffffffff f ffffffff 0 00
000000000000000f 10000a0a0700f000 0 00 00000000 0 0 0 0 0 0 0000000000000010 ffffffff f ffffffff 1 0a
0000000000000010 7c95fffff8d00000 0 00 00000000 0 0 0 0 0 0 0000000000000011 ffffffff f ffffffff 0 00
0000000000000011 0023060600000400 1 06 00000004 0 0 0 0 0 0 0000000000000012 ffffffff f ffffffff 0 00
0000000000000012 7cf5000000000000 0 00 00000000 0 0 0 0 0 0 0000000000000013 ffffffff f ffffffff 0 00
