0000000000000000 00131d0000000000 1 1d 00000000 0 0 0 0000000000000001
0000000000000001 0306000000000200 1 02 00000000 0 0 0 0000000000000002
0000000000000002 8506000000000000 0 00 00000000 0 0 0 0000000000000003
0000000000000003 00131100c2b31100 1 11 ffc2b311 0 0 0 0000000000000004
0000000000000004 8506000000000000 0 00 00000000 0 0 0 0000000000000005
0000000000000005 0112000803000000 0 00 00000000 5 0 0 0000000000000006
0000000000000006 0215000002030000 0 00 00000000 5 0 1 0000000000000009
0000000000000009 0306000000000b00 1 0b 00000000 5 0 0 000000000000000a
000000000000000a 0013120073310200 1 12 00733102 5 0 0 000000000000000b
000000000000000b 00130f004cf0ad00 1 0f 004cf0ad 5 0 0 000000000000000c
000000000000000c 002204120f000000 1 04 00c021af 5 0 0 000000000000000d
000000000000000d 8506000000000000 0 00 00000000 5 0 0 000000000000000e
000000000000000e 00a206050e000000 1 06 00000000 5 0 0 000000000000000f
000000000000000f 0122000d0d000000 0 00 00000000 5 0 0 0000000000000010
0000000000000010 02150000010c0000 0 00 00000000 5 0 1 0000000000000012
0000000000000012 0306000000000700 1 07 00000000 5 0 0 0000000000000013
0000000000000013 0013130063981e00 1 13 0063981e 5 0 0 0000000000000014
0000000000000014 00130f007a4bba00 1 0f 007a4bba 5 0 0 0000000000000015
0000000000000015 0023030500000100 1 03 00000001 5 0 0 0000000000000016
0000000000000016 00b2091208000000 1 09 00733102 5 0 0 0000000000000017
0000000000000017 0023080d00000100 1 08 00000001 5 0 0 0000000000000018
0000000000000018 0102000714000000 0 00 00000000 5 1 0 0000000000000019
0000000000000019 0215000001040000 0 00 00000000 5 1 0 000000000000001a
000000000000001a 8506000000000000 0 00 00000000 5 1 0 000000000000001b
000000000000001b 00130b00ed043300 1 0b ffed0433 5 1 0 000000000000001c
000000000000001c 8506000000000000 0 00 00000000 5 1 0 000000000000001d
000000000000001d 00130400dd4fbc00 1 04 ffdd4fbc 5 1 0 000000000000001e
000000000000001e 0112001106000000 0 00 00000000 6 1 0 000000000000001f
000000000000001f 0215000002020000 0 00 00000000 6 1 0 0000000000000020
0000000000000020 8506000000000000 0 00 00000000 6 1 0 0000000000000021
0000000000000021 8506000000000000 0 00 00000000 6 1 0 0000000000000022
0000000000000022 00130d0042530b00 1 0d 0042530b 6 1 0 0000000000000023
0000000000000023 0013130000000000 1 13 00000000 6 1 0 0000000000000024
0000000000000024 00730c0b10756300 1 0c ffdc8ed0 6 1 0 0000000000000025
0000000000000025 00820c0d07000000 1 0c 0042530b 6 1 0 0000000000000026
0000000000000026 00130d0059eefc00 1 0d 0059eefc 6 1 0 0000000000000027
0000000000000027 0112001106000000 0 00 00000000 6 1 0 0000000000000028
0000000000000028 0215000003010000 0 00 00000000 6 1 1 000000000000002c
000000000000002c 0042111112000000 1 11 00423100 6 1 0 000000000000002d
000000000000002d 001313000d632f00 1 13 000d632f 6 1 0 000000000000002e
000000000000002e 00131e0000000100 1 1e 00000001 6 1 0 000000000000002f
000000000000002f 0023151500000100 1 15 00000001 6 1 0 0000000000000030
0000000000000030 00731e1e00000100 1 1e 00000000 6 1 0 0000000000000031
0000000000000031 0102001e1d000000 0 00 00000000 5 1 0 0000000000000032
0000000000000032 0215fffffc040000 0 00 00000000 5 1 0 0000000000000033
0000000000000033 7cf5000000000000 0 00 00000000 5 1 0 0000000000000034
DONE retired=46 fault=00 pc=0000000000000033
