0000000000000000 00131d0000000000 1 1d 00000000 0 0 0 0000000000000001
0000000000000001 0092121300000000 1 12 ffffffff 0 0 0 0000000000000002
0000000000000002 0122001207000000 0 00 00000000 6 0 0 0000000000000003
0000000000000003 02150000020c0000 0 00 00000000 6 0 0 0000000000000004
0000000000000004 8506000000000000 0 00 00000000 6 0 0 0000000000000005
0000000000000005 8506000000000000 0 00 00000000 6 0 0 0000000000000006
0000000000000006 8506000000000000 0 00 00000000 6 0 0 0000000000000007
0000000000000007 0102000307000000 0 00 00000000 5 1 0 0000000000000008
0000000000000008 0215000003030000 0 00 00000000 5 1 1 000000000000000c
000000000000000c 0082100807000000 1 10 00000000 5 1 0 000000000000000d
000000000000000d 0122000e0e000000 0 00 00000000 5 0 0 000000000000000e
000000000000000e 0215000001010000 0 00 00000000 5 0 0 000000000000000f
000000000000000f 8506000000000000 0 00 00000000 5 0 0 0000000000000010
0000000000000010 8506000000000000 0 00 00000000 5 0 0 0000000000000011
0000000000000011 00131400ffffff00 1 14 ffffffff 5 0 0 0000000000000012
0000000000000012 8506000000000000 0 00 00000000 5 0 0 0000000000000013
0000000000000013 0013140044e46400 1 14 0044e464 5 0 0 0000000000000014
0000000000000014 0306000000000b00 1 0b 00000000 5 0 0 0000000000000015
0000000000000015 0122001201000000 0 00 00000000 6 0 0 0000000000000016
0000000000000016 02150000010b0000 0 00 00000000 6 0 1 0000000000000018
0000000000000018 00130600858aec00 1 06 ff858aec 6 0 0 0000000000000019
0000000000000019 0092100c00000000 1 10 ffffffff 6 0 0 000000000000001a
000000000000001a 00920f0100000000 1 0f ffffffff 6 0 0 000000000000001b
000000000000001b 0306000000000200 1 02 00000000 6 0 0 000000000000001c
000000000000001c 0306000000000c00 1 0c 00000000 6 0 0 000000000000001d
000000000000001d 011200030c000000 0 00 00000000 5 0 0 000000000000001e
000000000000001e 0215000003010000 0 00 00000000 5 0 0 000000000000001f
000000000000001f 8506000000000000 0 00 00000000 5 0 0 0000000000000020
0000000000000020 8506000000000000 0 00 00000000 5 0 0 0000000000000021
0000000000000021 8506000000000000 0 00 00000000 5 0 0 0000000000000022
0000000000000022 00b3100700002000 1 10 00000000 5 0 0 0000000000000023
0000000000000023 0013140000000000 1 14 00000000 5 0 0 0000000000000024
0000000000000024 00b2050a0d000000 1 05 00000000 5 0 0 0000000000000025
0000000000000025 00130d00424a6400 1 0d 00424a64 5 0 0 0000000000000026
0000000000000026 0112001202000000 0 00 00000000 6 1 0 0000000000000027
0000000000000027 02150000030b0000 0 00 00000000 6 1 1 000000000000002b
000000000000002b 00230a0355555500 1 0a 00555555 6 1 0 000000000000002c
000000000000002c 0122000a07000000 0 00 00000000 4 1 0 000000000000002d
000000000000002d 0215000002010000 0 00 00000000 4 1 1 0000000000000030
0000000000000030 00131e0000000300 1 1e 00000003 4 1 0 0000000000000031
0000000000000031 0023151500000100 1 15 00000001 4 1 0 0000000000000032
0000000000000032 00731e1e00000100 1 1e 00000002 4 1 0 0000000000000033
0000000000000033 0102001e1d000000 0 00 00000000 4 0 0 0000000000000034
0000000000000034 0215fffffc040000 0 00 00000000 4 0 1 0000000000000031
0000000000000031 0023151500000100 1 15 00000002 4 0 0 0000000000000032
0000000000000032 00731e1e00000100 1 1e 00000001 4 0 0 0000000000000033
0000000000000033 0102001e1d000000 0 00 00000000 4 0 0 0000000000000034
0000000000000034 0215fffffc040000 0 00 00000000 4 0 1 0000000000000031
0000000000000031 0023151500000100 1 15 00000003 4 0 0 0000000000000032
0000000000000032 00731e1e00000100 1 1e 00000000 4 0 0 0000000000000033
0000000000000033 0102001e1d000000 0 00 00000000 5 1 0 0000000000000034
0000000000000034 0215fffffc040000 0 00 00000000 5 1 0 0000000000000035
0000000000000035 7cf5000000000000 0 00 00000000 5 1 0 0000000000000036
DONE retired=53 fault=00 pc=0000000000000035
