0000000000000000 00131d0000000000 1 1d 00000000 0 0 0 0000000000000001
0000000000000001 00420b0201000000 1 0b 00000000 0 0 0 0000000000000002
0000000000000002 0042130808000000 1 13 00000000 0 0 0 0000000000000003
0000000000000003 0073010d00000000 1 01 00000000 0 0 0 0000000000000004
0000000000000004 0102000b11000000 0 00 00000000 5 1 0 0000000000000005
0000000000000005 02150000030d0000 0 00 00000000 5 1 0 0000000000000006
0000000000000006 8506000000000000 0 00 00000000 5 1 0 0000000000000007
0000000000000007 8506000000000000 0 00 00000000 5 1 0 0000000000000008
0000000000000008 8506000000000000 0 00 00000000 5 1 0 0000000000000009
0000000000000009 00b2091301000000 1 09 00000000 5 1 0 000000000000000a
000000000000000a 00a30c0800001b00 1 0c 00000000 5 1 0 000000000000000b
000000000000000b 00420d1206000000 1 0d 00000000 5 1 0 000000000000000c
000000000000000c 8506000000000000 0 00 00000000 5 1 0 000000000000000d
000000000000000d 8506000000000000 0 00 00000000 5 1 0 000000000000000e
000000000000000e 00b214140b000000 1 14 00000000 5 1 0 000000000000000f
000000000000000f 00131e0000000100 1 1e 00000001 5 1 0 0000000000000010
0000000000000010 0023151500000100 1 15 00000001 5 1 0 0000000000000011
0000000000000011 00731e1e00000100 1 1e 00000000 5 1 0 0000000000000012
0000000000000012 0102001e1d000000 0 00 00000000 5 1 0 0000000000000013
0000000000000013 0215fffffc040000 0 00 00000000 5 1 0 0000000000000014
0000000000000014 7cf5000000000000 0 00 00000000 5 1 0 0000000000000015
DONE retired=21 fault=00 pc=0000000000000014
