0000000000000000 00131d0000000000 1 1d 00000000 0 0 0 0000000000000001
0000000000000001 00a20a030d000000 1 0a 00000000 0 0 0 0000000000000002
0000000000000002 8506000000000000 0 00 00000000 0 0 0 0000000000000003
0000000000000003 0092111100000000 1 11 ffffffff 0 0 0 0000000000000004
0000000000000004 002209110b000000 1 09 ffffffff 0 0 0 0000000000000005
0000000000000005 0052120c03000000 1 12 00000000 0 0 0 0000000000000006
0000000000000006 8506000000000000 0 00 00000000 0 0 0 0000000000000007
0000000000000007 001303004ca35700 1 03 004ca357 0 0 0 0000000000000008
0000000000000008 00130900bce3eb00 1 09 ffbce3eb 0 0 0 0000000000000009
0000000000000009 010200140e000000 0 00 00000000 5 1 0 000000000000000a
000000000000000a 02150000020b0000 0 00 00000000 5 1 0 000000000000000b
000000000000000b 8506000000000000 0 00 00000000 5 1 0 000000000000000c
000000000000000c 8506000000000000 0 00 00000000 5 1 0 000000000000000d
000000000000000d 00231203f054b800 1 12 003cf80f 5 1 0 000000000000000e
000000000000000e 0112000904000000 0 00 00000000 6 1 0 000000000000000f
000000000000000f 02150000010c0000 0 00 00000000 6 1 0 0000000000000010
0000000000000010 8506000000000000 0 00 00000000 6 1 0 0000000000000011
0000000000000011 00b3050100000600 1 05 00000000 6 1 0 0000000000000012
0000000000000012 00130800ffffff00 1 08 ffffffff 6 1 0 0000000000000013
0000000000000013 0052010411000000 1 01 ffffffff 6 1 0 0000000000000014
0000000000000014 0092031200000000 1 03 ffc307f0 6 1 0 0000000000000015
0000000000000015 00720c120b000000 1 0c 003cf80f 6 1 0 0000000000000016
0000000000000016 00130a00e0fc3d00 1 0a ffe0fc3d 6 1 0 0000000000000017
0000000000000017 0023130363ab7a00 1 13 0026b36a 6 1 0 0000000000000018
0000000000000018 0306000000000400 1 04 00000000 6 1 0 0000000000000019
0000000000000019 00230b0e78c76900 1 0b 0078c769 6 1 0 000000000000001a
000000000000001a 0023060eaaaaaa00 1 06 ffaaaaaa 6 1 0 000000000000001b
000000000000001b 00220e140c000000 1 0e 003cf80f 6 1 0 000000000000001c
000000000000001c 8506000000000000 0 00 00000000 6 1 0 000000000000001d
000000000000001d 007209120b000000 1 09 ffc430a6 6 1 0 000000000000001e
000000000000001e 00630f1200000200 1 0f 00f3e03c 6 1 0 000000000000001f
000000000000001f 0072020e0b000000 1 02 ffc430a6 6 1 0 0000000000000020
0000000000000020 0102000214000000 0 00 00000000 6 0 0 0000000000000021
0000000000000021 0215000001020000 0 00 00000000 6 0 1 0000000000000023
0000000000000023 0042040e08000000 1 04 003cf80f 6 0 0 0000000000000024
0000000000000024 0072021308000000 1 02 0026b36b 6 0 0 0000000000000025
0000000000000025 0102000e0a000000 0 00 00000000 0 0 0 0000000000000026
0000000000000026 0215000002020000 0 00 00000000 0 0 1 0000000000000029
0000000000000029 8506000000000000 0 00 00000000 0 0 0 000000000000002a
000000000000002a 8506000000000000 0 00 00000000 0 0 0 000000000000002b
000000000000002b 00130600a5116c00 1 06 ffa5116c 0 0 0 000000000000002c
000000000000002c 8506000000000000 0 00 00000000 0 0 0 000000000000002d
000000000000002d 00b3080700000c00 1 08 00000000 0 0 0 000000000000002e
000000000000002e 00b2050d0b000000 1 05 00000000 0 0 0 000000000000002f
000000000000002f 001304005861a500 1 04 005861a5 0 0 0 0000000000000030
0000000000000030 0092050300000000 1 05 003cf80f 0 0 0 0000000000000031
0000000000000031 8506000000000000 0 00 00000000 0 0 0 0000000000000032
0000000000000032 00131e0000000400 1 1e 00000004 0 0 0 0000000000000033
0000000000000033 0023151500000100 1 15 00000001 0 0 0 0000000000000034
0000000000000034 00731e1e00000100 1 1e 00000003 0 0 0 0000000000000035
0000000000000035 0102001e1d000000 0 00 00000000 4 0 0 0000000000000036
0000000000000036 0215fffffc040000 0 00 00000000 4 0 1 0000000000000033
0000000000000033 0023151500000100 1 15 00000002 4 0 0 0000000000000034
0000000000000034 00731e1e00000100 1 1e 00000002 4 0 0 0000000000000035
0000000000000035 0102001e1d000000 0 00 00000000 4 0 0 0000000000000036
0000000000000036 0215fffffc040000 0 00 00000000 4 0 1 0000000000000033
0000000000000033 0023151500000100 1 15 00000003 4 0 0 0000000000000034
0000000000000034 00731e1e00000100 1 1e 00000001 4 0 0 0000000000000035
0000000000000035 0102001e1d000000 0 00 00000000 4 0 0 0000000000000036
0000000000000036 0215fffffc040000 0 00 00000000 4 0 1 0000000000000033
0000000000000033 0023151500000100 1 15 00000004 4 0 0 0000000000000034
0000000000000034 00731e1e00000100 1 1e 00000000 4 0 0 0000000000000035
0000000000000035 0102001e1d000000 0 00 00000000 5 1 0 0000000000000036
0000000000000036 0215fffffc040000 0 00 00000000 5 1 0 0000000000000037
0000000000000037 7cf5000000000000 0 00 00000000 5 1 0 0000000000000038
DONE retired=65 fault=00 pc=0000000000000037
