0000000000000000 343001000000f000 0 00 00000000 0 0 0 0 0 0 0000000000000001 ffffffff f ffffffff 1 01
0000000000000001 341107000001f000 0 00 00000000 0 0 0 0 0 0 0000000000000002 ffffffff f ffffffff 1 07
0000000000000002 34110c000003f000 0 00 00000000 0 0 0 0 0 0 0000000000000003 ffffffff f ffffffff 1 0c
0000000000000003 105003040700f000 0 00 00000000 0 0 0 0 0 0 0000000000000004 ffffffff f ffffffff 1 03
0000000000000004 303920b0c0000000 0 00 00000000 0 0 0 0 0 0 0000000000000005 ffffffff f ffffffff 0 00
0000000000000005 7c1500009420009a 0 00 00000000 0 0 0 0 0 0 0000000000000006 ffffffff f ffffffff 0 00
0000000000000006 300920b0c0000000 0 00 00000000 0 0 0 0 0 0 0000000000000007 ffffffff f ffffffff 0 00
0000000000000007 7c15000058200083 0 00 00000000 0 0 0 0 0 0 0000000000000060 ffffffff f ffffffff 0 00
0000000000000060 10100c070300f000 0 00 00000000 0 0 0 0 0 0 0000000000000061 ffffffff f ffffffff 1 0c
0000000000000061 3029401070000000 0 00 00000000 0 0 0 0 0 0 0000000000000062 ffffffff f ffffffff 0 00
0000000000000062 7c1500000f400027 0 00 00000000 0 0 0 0 0 0 0000000000000063 00000001 f 00000001 0 00
0000000000000063 34110d000003f000 0 00 00000000 0 0 0 0 0 0 0000000000000064 00000001 f 00000001 1 0d
0000000000000064 10300c010d00f000 0 00 00000000 0 0 0 0 0 0 0000000000000065 00000001 f 00000001 1 0c
0000000000000065 10000c0c0700f000 0 00 00000000 0 0 0 0 0 0 0000000000000066 00000001 f 00000001 1 0c
0000000000000066 34110a000000f000 0 00 00000000 0 0 0 0 0 0 0000000000000067 00000001 f 00000001 1 0a
0000000000000067 7c85000008000000 0 00 00000000 0 0 0 0 0 0 0000000000000068 00000001 f 00000001 0 00
0000000000000068 3059e0a0c0000000 0 00 00000000 0 0 0 0 0 0 0000000000000069 00000001 f 00000001 0 00
0000000000000069 3029d0a0c0000000 0 00 00000000 0 0 0 0 0 0 000000000000006a 00000001 f 00000001 0 00
000000000000006a 303990b070000000 0 00 00000000 0 0 0 0 0 0 000000000000006b 00000001 f 00000001 0 00
000000000000006b 7c15000000900001 0 00 00000000 0 0 0 0 0 0 000000000000006c 00000001 f 00000001 0 00
000000000000006c 0023060600000200 1 06 00000002 0 0 0 0 0 0 000000000000006d 00000001 f 00000001 0 00
000000000000006d 7c25000000000000 0 00 00000000 0 0 0 0 0 0 000000000000006e 00000001 f 00000001 0 00
000000000000006e 7cb5000000e00000 0 00 00000000 0 0 0 0 0 0 000000000000006f 00000001 f 00000001 0 00
000000000000006f 10000a0a0700f000 0 00 00000000 0 0 0 0 0 0 0000000000000070 00000001 f 00000001 1 0a
0000000000000070 7c95fffff7d00000 0 00 00000000 0 0 0 0 0 0 0000000000000068 00000001 f 00000001 0 00
0000000000000068 3059e0a0c0000000 0 00 00000000 0 0 0 0 0 0 0000000000000069 00000001 f 00000001 0 00
0000000000000069 3029d0a0c0000000 0 00 00000000 0 0 0 0 0 0 000000000000006a 00000001 f 00000001 0 00
000000000000006a 303990b070000000 0 00 00000000 0 0 0 0 0 0 000000000000006b 00000001 f 00000001 0 00
000000000000006b 7c15000000900001 0 00 00000000 0 0 0 0 0 0 000000000000006c 00000001 f 00000001 0 00
000000000000006c 0023060600000200 1 06 00000004 0 0 0 0 0 0 000000000000006d 00000001 f 00000001 0 00
000000000000006d 7c25000000000000 0 00 00000000 0 0 0 0 0 0 000000000000006e 00000001 f 00000001 0 00
0000000000000070 7cb5000000e00000 0 00 00000000 0 0 0 0 0 0 000000000000006f 00000000 f 00000000 0 00
0000000000000070 7c95fffff7d00000 0 00 00000000 0 0 0 0 0 0 0000000000000071 00000001 f 00000001 0 00
0000000000000071 0205000018000000 0 00 00000000 0 0 0 0 0 1 000000000000008a 00000001 f 00000001 0 00
000000000000008a 7c25000000000000 0 00 00000000 0 0 0 0 0 0 0000000000000072 fffffffe f fffffffe 0 00
0000000000000072 34110d000001f000 0 00 00000000 0 0 0 0 0 0 0000000000000073 fffffffe f fffffffe 1 0d
0000000000000073 10300c010d00f000 0 00 00000000 0 0 0 0 0 0 0000000000000074 fffffffe f fffffffe 1 0c
0000000000000074 10000c0c0700f000 0 00 00000000 0 0 0 0 0 0 0000000000000075 fffffffe f fffffffe 1 0c
0000000000000075 34110a000000f000 0 00 00000000 0 0 0 0 0 0 0000000000000076 fffffffe f fffffffe 1 0a
0000000000000076 7c85000005000000 0 00 00000000 0 0 0 0 0 0 0000000000000077 fffffffe f fffffffe 0 00
0000000000000077 3059e0a0c0000000 0 00 00000000 0 0 0 0 0 0 0000000000000078 fffffffe f fffffffe 0 00
0000000000000078 3029d0a0c0000000 0 00 00000000 0 0 0 0 0 0 0000000000000079 fffffffe f fffffffe 0 00
0000000000000079 0023060600000100 1 06 00000005 0 0 0 0 0 0 000000000000007a fffffffe f fffffffe 0 00
000000000000007a 7cb5000000e00000 0 00 00000000 0 0 0 0 0 0 000000000000007b fffffffe f fffffffe 0 00
000000000000007b 10000a0a0700f000 0 00 00000000 0 0 0 0 0 0 000000000000007c fffffffe f fffffffe 1 0a
000000000000007c 7c95fffffad00000 0 00 00000000 0 0 0 0 0 0 0000000000000077 fffffffe f fffffffe 0 00
0000000000000077 3059e0a0c0000000 0 00 00000000 0 0 0 0 0 0 0000000000000078 fffffffe f fffffffe 0 00
0000000000000078 3029d0a0c0000000 0 00 00000000 0 0 0 0 0 0 0000000000000079 fffffffe f fffffffe 0 00
0000000000000079 0023060600000100 1 06 00000006 0 0 0 0 0 0 000000000000007a fffffffe f fffffffe 0 00
000000000000007a 7cb5000000e00000 0 00 00000000 0 0 0 0 0 0 000000000000007b aaaaaaaa f aaaaaaaa 0 00
000000000000007b 10000a0a0700f000 0 00 00000000 0 0 0 0 0 0 000000000000007c aaaaaaaa f aaaaaaaa 1 0a
000000000000007c 7c95fffffad00000 0 00 00000000 0 0 0 0 0 0 0000000000000077 aaaaaaaa f aaaaaaaa 0 00
0000000000000077 3059e0a0c0000000 0 00 00000000 0 0 0 0 0 0 0000000000000078 aaaaaaaa f aaaaaaaa 0 00
0000000000000078 3029d0a0c0000000 0 00 00000000 0 0 0 0 0 0 0000000000000079 aaaaaaaa f aaaaaaaa 0 00
0000000000000079 0023060600000100 1 06 00000007 0 0 0 0 0 0 000000000000007a aaaaaaaa f aaaaaaaa 0 00
000000000000007c 7cb5000000e00000 0 00 00000000 0 0 0 0 0 0 000000000000007b 00000000 f 00000000 0 00
000000000000007c 7c95fffffad00000 0 00 00000000 0 0 0 0 0 0 000000000000007d fffffffe f fffffffe 0 00
000000000000007d 34110d000003f000 0 00 00000000 0 0 0 0 0 0 000000000000007e fffffffe f fffffffe 1 0d
000000000000007e 10300c010d00f000 0 00 00000000 0 0 0 0 0 0 000000000000007f fffffffe f fffffffe 1 0c
000000000000007f 10000c0c0700f000 0 00 00000000 0 0 0 0 0 0 0000000000000080 fffffffe f fffffffe 1 0c
0000000000000080 34110a000000f000 0 00 00000000 0 0 0 0 0 0 0000000000000081 fffffffe f fffffffe 1 0a
0000000000000081 7c85000007000000 0 00 00000000 0 0 0 0 0 0 0000000000000082 fffffffe f fffffffe 0 00
0000000000000082 3059e0a0c0000000 0 00 00000000 0 0 0 0 0 0 0000000000000083 fffffffe f fffffffe 0 00
0000000000000083 3029d0a0c0000000 0 00 00000000 0 0 0 0 0 0 0000000000000084 fffffffe f fffffffe 0 00
0000000000000084 3029a0a070000000 0 00 00000000 0 0 0 0 0 0 0000000000000085 fffffffe f fffffffe 0 00
0000000000000085 7c15000000a00001 0 00 00000000 0 0 0 0 0 0 0000000000000086 fffffffe f fffffffe 0 00
0000000000000086 103005040500f000 0 00 00000000 0 0 0 0 0 0 0000000000000087 fffffffe f fffffffe 1 05
0000000000000087 7c25000000000000 0 00 00000000 0 0 0 0 0 0 0000000000000088 fffffffe f fffffffe 0 00
0000000000000088 10000a0a0700f000 0 00 00000000 0 0 0 0 0 0 0000000000000089 fffffffe f fffffffe 1 0a
0000000000000089 7c95fffff8d00000 0 00 00000000 0 0 0 0 0 0 0000000000000082 fffffffe f fffffffe 0 00
0000000000000082 3059e0a0c0000000 0 00 00000000 0 0 0 0 0 0 0000000000000083 fffffffe f fffffffe 0 00
0000000000000083 3029d0a0c0000000 0 00 00000000 0 0 0 0 0 0 0000000000000084 fffffffe f fffffffe 0 00
0000000000000084 3029a0a070000000 0 00 00000000 0 0 0 0 0 0 0000000000000085 fffffffe f fffffffe 0 00
0000000000000085 7c15000000a00001 0 00 00000000 0 0 0 0 0 0 0000000000000086 fffffffe f fffffffe 0 00
0000000000000086 103005040500f000 0 00 00000000 0 0 0 0 0 0 0000000000000087 fffffffe f fffffffe 1 05
0000000000000087 7c25000000000000 0 00 00000000 0 0 0 0 0 0 0000000000000088 fffffffe f fffffffe 0 00
0000000000000088 10000a0a0700f000 0 00 00000000 0 0 0 0 0 0 0000000000000089 fffffffe f fffffffe 1 0a
0000000000000089 7c95fffff8d00000 0 00 00000000 0 0 0 0 0 0 0000000000000082 eeeeeeee f eeeeeeee 0 00
0000000000000082 3059e0a0c0000000 0 00 00000000 0 0 0 0 0 0 0000000000000083 eeeeeeee f eeeeeeee 0 00
0000000000000083 3029d0a0c0000000 0 00 00000000 0 0 0 0 0 0 0000000000000084 eeeeeeee f eeeeeeee 0 00
0000000000000084 3029a0a070000000 0 00 00000000 0 0 0 0 0 0 0000000000000085 eeeeeeee f eeeeeeee 0 00
0000000000000085 7c15000000a00001 0 00 00000000 0 0 0 0 0 0 0000000000000086 eeeeeeee f eeeeeeee 0 00
0000000000000086 103005040500f000 0 00 00000000 0 0 0 0 0 0 0000000000000087 eeeeeeee f eeeeeeee 1 05
0000000000000087 7c25000000000000 0 00 00000000 0 0 0 0 0 0 0000000000000088 eeeeeeee f eeeeeeee 0 00
0000000000000088 10000a0a0700f000 0 00 00000000 0 0 0 0 0 0 0000000000000089 eeeeeeee f eeeeeeee 1 0a
0000000000000089 7c95fffff8d00000 0 00 00000000 0 0 0 0 0 0 0000000000000082 cccccccc f cccccccc 0 00
0000000000000082 3059e0a0c0000000 0 00 00000000 0 0 0 0 0 0 0000000000000083 cccccccc f cccccccc 0 00
0000000000000083 3029d0a0c0000000 0 00 00000000 0 0 0 0 0 0 0000000000000084 cccccccc f cccccccc 0 00
0000000000000084 3029a0a070000000 0 00 00000000 0 0 0 0 0 0 0000000000000085 cccccccc f cccccccc 0 00
0000000000000085 7c15000000a00001 0 00 00000000 0 0 0 0 0 0 0000000000000086 cccccccc f cccccccc 0 00
0000000000000086 103005040500f000 0 00 00000000 0 0 0 0 0 0 0000000000000087 cccccccc f cccccccc 1 05
0000000000000087 7c25000000000000 0 00 00000000 0 0 0 0 0 0 0000000000000088 cccccccc f cccccccc 0 00
0000000000000088 10000a0a0700f000 0 00 00000000 0 0 0 0 0 0 0000000000000089 cccccccc f cccccccc 1 0a
0000000000000089 7c95fffff8d00000 0 00 00000000 0 0 0 0 0 0 0000000000000082 88888888 f 88888888 0 00
0000000000000082 3059e0a0c0000000 0 00 00000000 0 0 0 0 0 0 0000000000000083 88888888 f 88888888 0 00
0000000000000083 3029d0a0c0000000 0 00 00000000 0 0 0 0 0 0 0000000000000084 88888888 f 88888888 0 00
0000000000000084 3029a0a070000000 0 00 00000000 0 0 0 0 0 0 0000000000000085 88888888 f 88888888 0 00
0000000000000085 7c15000000a00001 0 00 00000000 0 0 0 0 0 0 0000000000000086 88888888 f 88888888 0 00
0000000000000086 103005040500f000 0 00 00000000 0 0 0 0 0 0 0000000000000087 88888888 f 88888888 1 05
0000000000000087 7c25000000000000 0 00 00000000 0 0 0 0 0 0 0000000000000088 88888888 f 88888888 0 00
0000000000000088 10000a0a0700f000 0 00 00000000 0 0 0 0 0 0 0000000000000089 88888888 f 88888888 1 0a
0000000000000089 7c95fffff8d00000 0 00 00000000 0 0 0 0 0 0 000000000000008a fffffffe f fffffffe 0 00
000000000000008a 7c25000000000000 0 00 00000000 0 0 0 0 0 0 000000000000008b ffffffff f ffffffff 0 00
000000000000008b 7c25000000000000 0 00 00000000 0 0 0 0 0 0 000000000000008c ffffffff f ffffffff 0 00
000000000000008c 3019c01070000000 0 00 00000000 0 0 0 0 0 0 000000000000008d ffffffff f ffffffff 0 00
000000000000008d 7c15000003c0000a 0 00 00000000 0 0 0 0 0 0 000000000000008e fffffffd f fffffffd 0 00
000000000000008e 101005050300f000 0 00 00000000 0 0 0 0 0 0 000000000000008f fffffffd f fffffffd 1 05
000000000000008f 10100c050300f000 0 00 00000000 0 0 0 0 0 0 0000000000000090 fffffffd f fffffffd 1 0c
0000000000000090 0205000007000000 0 00 00000000 0 0 0 0 0 1 0000000000000098 fffffffd f fffffffd 0 00
0000000000000098 7c25000000000000 0 00 00000000 0 0 0 0 0 0 0000000000000091 00000002 f 00000002 0 00
0000000000000091 3029a0b0c0000000 0 00 00000000 0 0 0 0 0 0 0000000000000092 00000002 f 00000002 0 00
0000000000000092 7c15000002a00004 0 00 00000000 0 0 0 0 0 0 0000000000000093 00000002 f 00000002 0 00
0000000000000093 110005030500f000 0 00 00000000 0 0 0 0 0 0 0000000000000094 00000002 f 00000002 1 05
0000000000000094 0205000002000000 0 00 00000000 0 0 0 0 0 1 0000000000000097 00000002 f 00000002 0 00
0000000000000097 7c25000000000000 0 00 00000000 0 0 0 0 0 0 0000000000000098 00000002 f 00000002 0 00
0000000000000098 7c25000000000000 0 00 00000000 0 0 0 0 0 0 0000000000000099 ffffffff f ffffffff 0 00
0000000000000099 0205000006000000 0 00 00000000 0 0 0 0 0 1 00000000000000a0 ffffffff f ffffffff 0 00
00000000000000a0 7c25000000000000 0 00 00000000 0 0 0 0 0 0 00000000000000a1 ffffffff f ffffffff 0 00
00000000000000a1 7cf5000000000000 0 00 00000000 0 0 0 0 0 0 00000000000000a2 ffffffff f ffffffff 0 00
