0000000000000000 0013140000004d00 1 14 0000004d 0 0 0 0000000000000001 00008000 f 00008000 0 00 00008000
0000000000000001 1030040305002000 0 00 00000000 0 0 0 0000000000000002 00008000 2 00008000 1 04 00008000
0000000000000002 341103002823f000 0 00 00000000 0 0 0 0000000000000003 00008000 f 00008000 1 03 00008000
0000000000000003 0013160000000100 1 16 00000001 0 0 0 0000000000000004 00008000 f 00008000 0 00 00008000
0000000000000004 342002160000f000 0 00 00000000 0 0 0 0000000000000005 00008000 f 00008000 1 02 00008000
0000000000000005 108105020010f000 0 00 00000000 0 0 0 0000000000000006 00008000 f 00008000 1 05 00008000
0000000000000006 106102060000f000 0 00 00000000 0 0 0 0000000000000007 00008000 f 00008000 1 02 00008000
0000000000000007 105003040200f000 0 00 00000000 0 0 0 0000000000000008 00008000 f 00008000 1 03 00008000
0000000000000008 103002040200f000 0 00 00000000 0 0 0 0000000000000009 00008000 f 00008000 1 02 00008000
0000000000000009 00131e0000000300 1 1e 00000003 0 0 0 000000000000000a 00008000 f 00008000 0 00 00008000
000000000000000a 0023171700000100 1 17 00000001 0 0 0 000000000000000b 00008000 f 00008000 0 00 00008000
000000000000000b 00731e1e00000100 1 1e 00000002 0 0 0 000000000000000c 00008000 f 00008000 0 00 00008000
000000000000000c 0013180000000000 1 18 00000000 0 0 0 000000000000000d 00008000 f 00008000 0 00 00008000
000000000000000d 0102001e18000000 0 00 00000000 4 0 0 000000000000000e 00008000 f 00008000 0 00 00008000
000000000000000e 0215fffffb040000 0 00 00000000 4 0 1 000000000000000a 00008000 f 00008000 0 00 00008000
000000000000000a 0023171700000100 1 17 00000002 4 0 0 000000000000000b 00008000 f 00008000 0 00 00008000
000000000000000b 00731e1e00000100 1 1e 00000001 4 0 0 000000000000000c 00008000 f 00008000 0 00 00008000
000000000000000c 0013180000000000 1 18 00000000 4 0 0 000000000000000d 00008000 f 00008000 0 00 00008000
000000000000000d 0102001e18000000 0 00 00000000 4 0 0 000000000000000e 00008000 f 00008000 0 00 00008000
000000000000000e 0215fffffb040000 0 00 00000000 4 0 1 000000000000000a 00008000 f 00008000 0 00 00008000
000000000000000a 0023171700000100 1 17 00000003 4 0 0 000000000000000b 00008000 f 00008000 0 00 00008000
000000000000000b 00731e1e00000100 1 1e 00000000 4 0 0 000000000000000c 00008000 f 00008000 0 00 00008000
000000000000000c 0013180000000000 1 18 00000000 4 0 0 000000000000000d 00008000 f 00008000 0 00 00008000
000000000000000d 0102001e18000000 0 00 00000000 5 1 0 000000000000000e 00008000 f 00008000 0 00 00008000
000000000000000e 0215fffffb040000 0 00 00000000 5 1 0 000000000000000f 00008000 f 00008000 0 00 00008000
000000000000000f 7cf5000000000000 0 00 00000000 5 1 0 0000000000000010 00008000 f 00008000 0 00 00008000
DONE retired=26 fault=00 pc=000000000000000f
