0000000000000000 00131d0000000000 1 1d 00000000 0 0 0 0000000000000001
0000000000000001 8506000000000000 0 00 00000000 0 0 0 0000000000000002
0000000000000002 012200080f000000 0 00 00000000 5 0 0 0000000000000003
0000000000000003 0215000002010000 0 00 00000000 5 0 0 0000000000000004
0000000000000004 8506000000000000 0 00 00000000 5 0 0 0000000000000005
0000000000000005 8506000000000000 0 00 00000000 5 0 0 0000000000000006
0000000000000006 00130100ffffff00 1 01 ffffffff 5 0 0 0000000000000007
0000000000000007 00130b00ca10e700 1 0b ffca10e7 5 0 0 0000000000000008
0000000000000008 0092140600000000 1 14 ffffffff 5 0 0 0000000000000009
0000000000000009 0112000c11000000 0 00 00000000 5 0 0 000000000000000a
000000000000000a 02150000030b0000 0 00 00000000 5 0 0 000000000000000b
000000000000000b 8506000000000000 0 00 00000000 5 0 0 000000000000000c
000000000000000c 8506000000000000 0 00 00000000 5 0 0 000000000000000d
000000000000000d 8506000000000000 0 00 00000000 5 0 0 000000000000000e
000000000000000e 8506000000000000 0 00 00000000 5 0 0 000000000000000f
000000000000000f 00130700c5de9e00 1 07 ffc5de9e 5 0 0 0000000000000010
0000000000000010 00730b051ac26400 1 0b ffe53d9c 5 0 0 0000000000000011
0000000000000011 00131e0000000200 1 1e 00000002 5 0 0 0000000000000012
0000000000000012 0023151500000100 1 15 00000001 5 0 0 0000000000000013
0000000000000013 00731e1e00000100 1 1e 00000001 5 0 0 0000000000000014
0000000000000014 0102001e1d000000 0 00 00000000 4 0 0 0000000000000015
0000000000000015 0215fffffc040000 0 00 00000000 4 0 1 0000000000000012
0000000000000012 0023151500000100 1 15 00000002 4 0 0 0000000000000013
0000000000000013 00731e1e00000100 1 1e 00000000 4 0 0 0000000000000014
0000000000000014 0102001e1d000000 0 00 00000000 5 1 0 0000000000000015
0000000000000015 0215fffffc040000 0 00 00000000 5 1 0 0000000000000016
0000000000000016 7cf5000000000000 0 00 00000000 5 1 0 0000000000000017
DONE retired=27 fault=00 pc=0000000000000016
