0000000000000000 0013140000004d00 1 14 0000004d 0 0 0 0000000000000001 ffffffff f ffffffff 0 00 ffffffff
0000000000000001 101105050001f000 0 00 00000000 0 0 0 0000000000000002 ffffffff f ffffffff 1 05 ffffffff
0000000000000002 10710303001ff000 0 00 00000000 0 0 0 0000000000000003 ffffffff f ffffffff 1 03 ffffffff
0000000000000003 1000050202003000 0 00 00000000 0 0 0 0000000000000004 ffffffff 3 a52e7111 1 05 a52e7111
0000000000000004 103106027ffff000 0 00 00000000 0 0 0 0000000000000005 ffffffff f ffffffff 1 06 ffffffff
0000000000000005 341105006cd3f000 0 00 00000000 0 0 0 0000000000000006 ffffffff f ffffffff 1 05 ffffffff
0000000000000006 104105058000f000 0 00 00000000 0 0 0 0000000000000007 ffffffff f ffffffff 1 05 ffffffff
0000000000000007 0013150055555500 1 15 00555555 0 0 0 0000000000000008 ffffffff f ffffffff 0 00 ffffffff
0000000000000008 3420031500002000 0 00 00000000 0 0 0 0000000000000009 ffffffff 2 00000000 1 03 00000000
0000000000000009 104102060001f000 0 00 00000000 0 0 0 000000000000000a ffffffff f ffffffff 1 02 ffffffff
000000000000000a 103002030300f000 0 00 00000000 0 0 0 000000000000000b ffffffff f ffffffff 1 02 ffffffff
000000000000000b 106106050020f000 0 00 00000000 0 0 0 000000000000000c ffffffff f ffffffff 1 06 ffffffff
000000000000000c 0013160055555500 1 16 00555555 0 0 0 000000000000000d ffffffff f ffffffff 0 00 ffffffff
000000000000000d 342005160000f000 0 00 00000000 0 0 0 000000000000000e ffffffff f ffffffff 1 05 ffffffff
000000000000000e 10810505001ff000 0 00 00000000 0 0 0 000000000000000f ffffffff f ffffffff 1 05 ffffffff
000000000000000f 104106048000f000 0 00 00000000 0 0 0 0000000000000010 ffffffff f ffffffff 1 06 ffffffff
0000000000000010 103106028000f000 0 00 00000000 0 0 0 0000000000000011 ffffffff f ffffffff 1 06 ffffffff
0000000000000011 10710305000ff000 0 00 00000000 0 0 0 0000000000000012 ffffffff f ffffffff 1 03 ffffffff
0000000000000012 343005000000f000 0 00 00000000 0 0 0 0000000000000013 ffffffff f ffffffff 1 05 ffffffff
0000000000000013 00131500ffffff00 1 15 ffffffff 0 0 0 0000000000000014 ffffffff f ffffffff 0 00 ffffffff
0000000000000014 342003150000f000 0 00 00000000 0 0 0 0000000000000015 ffffffff f ffffffff 1 03 ffffffff
0000000000000015 0013160000000000 1 16 00000000 0 0 0 0000000000000016 ffffffff f ffffffff 0 00 ffffffff
0000000000000016 342005160000f000 0 00 00000000 0 0 0 0000000000000017 ffffffff f ffffffff 1 05 ffffffff
0000000000000017 108104050020f000 0 00 00000000 0 0 0 0000000000000018 ffffffff f ffffffff 1 04 ffffffff
0000000000000018 105106027ffff000 0 00 00000000 0 0 0 0000000000000019 ffffffff f ffffffff 1 06 ffffffff
0000000000000019 340006040000f000 0 00 00000000 0 0 0 000000000000001a ffffffff f ffffffff 1 06 ffffffff
000000000000001a 107102050000f000 0 00 00000000 0 0 0 000000000000001b ffffffff f ffffffff 1 02 ffffffff
000000000000001b 1040040403009000 0 00 00000000 0 0 0 000000000000001c ffffffff 9 aaaaaaaa 1 04 aaaaaaaa
000000000000001c 102002060300c000 0 00 00000000 0 0 0 000000000000001d ffffffff c 7fffffff 1 02 7fffffff
000000000000001d 10710205001ff000 0 00 00000000 0 0 0 000000000000001e ffffffff f ffffffff 1 02 ffffffff
000000000000001e 101106027ffff000 0 00 00000000 0 0 0 000000000000001f ffffffff f ffffffff 1 06 ffffffff
000000000000001f 00131e0000000300 1 1e 00000003 0 0 0 0000000000000020 ffffffff f ffffffff 0 00 ffffffff
0000000000000020 0023171700000100 1 17 00000001 0 0 0 0000000000000021 ffffffff f ffffffff 0 00 ffffffff
0000000000000021 00731e1e00000100 1 1e 00000002 0 0 0 0000000000000022 ffffffff f ffffffff 0 00 ffffffff
0000000000000022 0013180000000000 1 18 00000000 0 0 0 0000000000000023 ffffffff f ffffffff 0 00 ffffffff
0000000000000023 0102001e18000000 0 00 00000000 4 0 0 0000000000000024 ffffffff f ffffffff 0 00 ffffffff
0000000000000024 0215fffffb040000 0 00 00000000 4 0 1 0000000000000020 ffffffff f ffffffff 0 00 ffffffff
0000000000000020 0023171700000100 1 17 00000002 4 0 0 0000000000000021 ffffffff f ffffffff 0 00 ffffffff
0000000000000021 00731e1e00000100 1 1e 00000001 4 0 0 0000000000000022 ffffffff f ffffffff 0 00 ffffffff
0000000000000022 0013180000000000 1 18 00000000 4 0 0 0000000000000023 ffffffff f ffffffff 0 00 ffffffff
0000000000000023 0102001e18000000 0 00 00000000 4 0 0 0000000000000024 ffffffff f ffffffff 0 00 ffffffff
0000000000000024 0215fffffb040000 0 00 00000000 4 0 1 0000000000000020 ffffffff f ffffffff 0 00 ffffffff
0000000000000020 0023171700000100 1 17 00000003 4 0 0 0000000000000021 ffffffff f ffffffff 0 00 ffffffff
0000000000000021 00731e1e00000100 1 1e 00000000 4 0 0 0000000000000022 ffffffff f ffffffff 0 00 ffffffff
0000000000000022 0013180000000000 1 18 00000000 4 0 0 0000000000000023 ffffffff f ffffffff 0 00 ffffffff
0000000000000023 0102001e18000000 0 00 00000000 5 1 0 0000000000000024 ffffffff f ffffffff 0 00 ffffffff
0000000000000024 0215fffffb040000 0 00 00000000 5 1 0 0000000000000025 ffffffff f ffffffff 0 00 ffffffff
0000000000000025 7cf5000000000000 0 00 00000000 5 1 0 0000000000000026 ffffffff f ffffffff 0 00 ffffffff
DONE retired=48 fault=00 pc=0000000000000025
