0000000000000000 00131d0000000000 1 1d 00000000 0 0 0 0000000000000001
0000000000000001 8506000000000000 0 00 00000000 0 0 0 0000000000000002
0000000000000002 00720f0e14000000 1 0f 00000000 0 0 0 0000000000000003
0000000000000003 0073040a9f230300 1 04 0060dcfd 0 0 0 0000000000000004
0000000000000004 005210110e000000 1 10 00000000 0 0 0 0000000000000005
0000000000000005 8506000000000000 0 00 00000000 0 0 0 0000000000000006
0000000000000006 0022110707000000 1 11 00000000 0 0 0 0000000000000007
0000000000000007 00a2031206000000 1 03 00000000 0 0 0 0000000000000008
0000000000000008 00230510af6a2a00 1 05 ffaf6a2a 0 0 0 0000000000000009
0000000000000009 0102001312000000 0 00 00000000 5 1 0 000000000000000a
000000000000000a 02150000020c0000 0 00 00000000 5 1 1 000000000000000d
000000000000000d 0022070606000000 1 07 00000000 5 1 0 000000000000000e
000000000000000e 0052061303000000 1 06 00000000 5 1 0 000000000000000f
000000000000000f 00a204120b000000 1 04 00000000 5 1 0 0000000000000010
0000000000000010 00130e00556a7400 1 0e 00556a74 5 1 0 0000000000000011
0000000000000011 001301000aa49100 1 01 000aa491 5 1 0 0000000000000012
0000000000000012 00320e0601000000 1 0e 00000000 5 1 0 0000000000000013
0000000000000013 00a2070906000000 1 07 00000000 5 1 0 0000000000000014
0000000000000014 0013070000000100 1 07 00000001 5 1 0 0000000000000015
0000000000000015 8506000000000000 0 00 00000000 5 1 0 0000000000000016
0000000000000016 00130a001bab2b00 1 0a 001bab2b 5 1 0 0000000000000017
0000000000000017 8506000000000000 0 00 00000000 5 1 0 0000000000000018
0000000000000018 0112000a06000000 0 00 00000000 4 0 0 0000000000000019
0000000000000019 0215000001030000 0 00 00000000 4 0 0 000000000000001a
000000000000001a 8506000000000000 0 00 00000000 4 0 0 000000000000001b
000000000000001b 00420f100c000000 1 0f 00000000 4 0 0 000000000000001c
000000000000001c 00131e0000000100 1 1e 00000001 4 0 0 000000000000001d
000000000000001d 0023151500000100 1 15 00000001 4 0 0 000000000000001e
000000000000001e 00731e1e00000100 1 1e 00000000 4 0 0 000000000000001f
000000000000001f 0102001e1d000000 0 00 00000000 5 1 0 0000000000000020
0000000000000020 0215fffffc040000 0 00 00000000 5 1 0 0000000000000021
0000000000000021 7cf5000000000000 0 00 00000000 5 1 0 0000000000000022
DONE retired=32 fault=00 pc=0000000000000021
