0000000000000000 0013140000004d00 1 14 0000004d 0 0 0 0000000000000001 27a4164a f 27a4164a 0 00 27a4164a
0000000000000001 105003040300f000 0 00 00000000 0 0 0 0000000000000002 27a4164a f 27a4164a 1 03 27a4164a
0000000000000002 10610604003ff000 0 00 00000000 0 0 0 0000000000000003 27a4164a f 27a4164a 1 06 27a4164a
0000000000000003 1020040206009000 0 00 00000000 0 0 0 0000000000000004 27a4164a 9 00000000 1 04 00000000
0000000000000004 0013150000000000 1 15 00000000 0 0 0 0000000000000005 27a4164a f 27a4164a 0 00 27a4164a
0000000000000005 342004150000f000 0 00 00000000 0 0 0 0000000000000006 27a4164a f 27a4164a 1 04 27a4164a
0000000000000006 103003050400f000 0 00 00000000 0 0 0 0000000000000007 27a4164a f 27a4164a 1 03 27a4164a
0000000000000007 340002020000f000 0 00 00000000 0 0 0 0000000000000008 27a4164a f 27a4164a 1 02 27a4164a
0000000000000008 34110600ffff3000 0 00 00000000 0 0 0 0000000000000009 27a4164a 3 00000000 1 06 00000000
0000000000000009 1000030405001000 0 00 00000000 0 0 0 000000000000000a 27a4164a 1 00000000 1 03 00000000
000000000000000a 00131500ffffff00 1 15 ffffffff 0 0 0 000000000000000b 27a4164a f 27a4164a 0 00 27a4164a
000000000000000b 3420041500008000 0 00 00000000 0 0 0 000000000000000c 27a4164a 8 22a0020a 1 04 22a0020a
000000000000000c 340003040000f000 0 00 00000000 0 0 0 000000000000000d 27a4164a f 27a4164a 1 03 27a4164a
000000000000000d 1040030503001000 0 00 00000000 0 0 0 000000000000000e 27a4164a 1 00000000 1 03 00000000
000000000000000e 00131e0000000300 1 1e 00000003 0 0 0 000000000000000f 27a4164a f 27a4164a 0 00 27a4164a
000000000000000f 0023171700000100 1 17 00000001 0 0 0 0000000000000010 27a4164a f 27a4164a 0 00 27a4164a
0000000000000010 00731e1e00000100 1 1e 00000002 0 0 0 0000000000000011 27a4164a f 27a4164a 0 00 27a4164a
0000000000000011 0013180000000000 1 18 00000000 0 0 0 0000000000000012 27a4164a f 27a4164a 0 00 27a4164a
0000000000000012 0102001e18000000 0 00 00000000 4 0 0 0000000000000013 27a4164a f 27a4164a 0 00 27a4164a
0000000000000013 0215fffffb040000 0 00 00000000 4 0 1 000000000000000f 27a4164a f 27a4164a 0 00 27a4164a
000000000000000f 0023171700000100 1 17 00000002 4 0 0 0000000000000010 27a4164a f 27a4164a 0 00 27a4164a
0000000000000010 00731e1e00000100 1 1e 00000001 4 0 0 0000000000000011 27a4164a f 27a4164a 0 00 27a4164a
0000000000000011 0013180000000000 1 18 00000000 4 0 0 0000000000000012 27a4164a f 27a4164a 0 00 27a4164a
0000000000000012 0102001e18000000 0 00 00000000 4 0 0 0000000000000013 27a4164a f 27a4164a 0 00 27a4164a
0000000000000013 0215fffffb040000 0 00 00000000 4 0 1 000000000000000f 27a4164a f 27a4164a 0 00 27a4164a
000000000000000f 0023171700000100 1 17 00000003 4 0 0 0000000000000010 27a4164a f 27a4164a 0 00 27a4164a
0000000000000010 00731e1e00000100 1 1e 00000000 4 0 0 0000000000000011 27a4164a f 27a4164a 0 00 27a4164a
0000000000000011 0013180000000000 1 18 00000000 4 0 0 0000000000000012 27a4164a f 27a4164a 0 00 27a4164a
0000000000000012 0102001e18000000 0 00 00000000 5 1 0 0000000000000013 27a4164a f 27a4164a 0 00 27a4164a
0000000000000013 0215fffffb040000 0 00 00000000 5 1 0 0000000000000014 27a4164a f 27a4164a 0 00 27a4164a
0000000000000014 7cf5000000000000 0 00 00000000 5 1 0 0000000000000015 27a4164a f 27a4164a 0 00 27a4164a
DONE retired=31 fault=00 pc=0000000000000014
