0000000000000000 00131d0000000000 1 1d 00000000 0 0 0 0000000000000001
0000000000000001 0082090b0a000000 1 09 00000000 0 0 0 0000000000000002
0000000000000002 0063080d00001100 1 08 00000000 0 0 0 0000000000000003
0000000000000003 0112000c12000000 0 00 00000000 5 0 0 0000000000000004
0000000000000004 0215000003020000 0 00 00000000 5 0 1 0000000000000008
0000000000000008 00130e004fb3c900 1 0e 004fb3c9 5 0 0 0000000000000009
0000000000000009 00130b00ba866f00 1 0b ffba866f 5 0 0 000000000000000a
000000000000000a 8506000000000000 0 00 00000000 5 0 0 000000000000000b
000000000000000b 00220c1106000000 1 0c 00000000 5 0 0 000000000000000c
000000000000000c 0022140505000000 1 14 00000000 5 0 0 000000000000000d
000000000000000d 0013120091bb2000 1 12 ff91bb20 5 0 0 000000000000000e
000000000000000e 8506000000000000 0 00 00000000 5 0 0 000000000000000f
000000000000000f 0102000a11000000 0 00 00000000 5 1 0 0000000000000010
0000000000000010 02150000030d0000 0 00 00000000 5 1 0 0000000000000011
0000000000000011 8506000000000000 0 00 00000000 5 1 0 0000000000000012
0000000000000012 8506000000000000 0 00 00000000 5 1 0 0000000000000013
0000000000000013 8506000000000000 0 00 00000000 5 1 0 0000000000000014
0000000000000014 8506000000000000 0 00 00000000 5 1 0 0000000000000015
0000000000000015 8506000000000000 0 00 00000000 5 1 0 0000000000000016
0000000000000016 0102000b0a000000 0 00 00000000 6 0 0 0000000000000017
0000000000000017 02150000020d0000 0 00 00000000 6 0 0 0000000000000018
0000000000000018 8506000000000000 0 00 00000000 6 0 0 0000000000000019
0000000000000019 8506000000000000 0 00 00000000 6 0 0 000000000000001a
000000000000001a 8506000000000000 0 00 00000000 6 0 0 000000000000001b
000000000000001b 00a2140802000000 1 14 00000000 6 0 0 000000000000001c
000000000000001c 8506000000000000 0 00 00000000 6 0 0 000000000000001d
000000000000001d 0042131308000000 1 13 00000000 6 0 0 000000000000001e
000000000000001e 00220f0711000000 1 0f 00000000 6 0 0 000000000000001f
000000000000001f 0092120e00000000 1 12 ffb04c36 6 0 0 0000000000000020
0000000000000020 00720d0605000000 1 0d 00000000 6 0 0 0000000000000021
0000000000000021 00730e06ffffff00 1 0e 00000001 6 0 0 0000000000000022
0000000000000022 00b3031300001c00 1 03 00000000 6 0 0 0000000000000023
0000000000000023 0072030c03000000 1 03 00000000 6 0 0 0000000000000024
0000000000000024 004205050a000000 1 05 00000000 6 0 0 0000000000000025
0000000000000025 0306000000000600 1 06 00000000 6 0 0 0000000000000026
0000000000000026 0052040e14000000 1 04 00000001 6 0 0 0000000000000027
0000000000000027 8506000000000000 0 00 00000000 6 0 0 0000000000000028
0000000000000028 00131e0000000200 1 1e 00000002 6 0 0 0000000000000029
0000000000000029 0023151500000100 1 15 00000001 6 0 0 000000000000002a
000000000000002a 00731e1e00000100 1 1e 00000001 6 0 0 000000000000002b
000000000000002b 0102001e1d000000 0 00 00000000 4 0 0 000000000000002c
000000000000002c 0215fffffc040000 0 00 00000000 4 0 1 0000000000000029
0000000000000029 0023151500000100 1 15 00000002 4 0 0 000000000000002a
000000000000002a 00731e1e00000100 1 1e 00000000 4 0 0 000000000000002b
000000000000002b 0102001e1d000000 0 00 00000000 5 1 0 000000000000002c
000000000000002c 0215fffffc040000 0 00 00000000 5 1 0 000000000000002d
000000000000002d 7cf5000000000000 0 00 00000000 5 1 0 000000000000002e
DONE retired=47 fault=00 pc=000000000000002d
