0000000000000000 00131d0000000000 1 1d 00000000 0 0 0 0000000000000001
0000000000000001 0013100000000000 1 10 00000000 0 0 0 0000000000000002
0000000000000002 8506000000000000 0 00 00000000 0 0 0 0000000000000003
0000000000000003 8506000000000000 0 00 00000000 0 0 0 0000000000000004
0000000000000004 0122000f0d000000 0 00 00000000 5 0 0 0000000000000005
0000000000000005 0215000002010000 0 00 00000000 5 0 0 0000000000000006
0000000000000006 8506000000000000 0 00 00000000 5 0 0 0000000000000007
0000000000000007 8506000000000000 0 00 00000000 5 0 0 0000000000000008
0000000000000008 0122000b13000000 0 00 00000000 5 0 0 0000000000000009
0000000000000009 02150000010d0000 0 00 00000000 5 0 0 000000000000000a
000000000000000a 8506000000000000 0 00 00000000 5 0 0 000000000000000b
000000000000000b 00220c0412000000 1 0c 00000000 5 0 0 000000000000000c
000000000000000c 00a2050411000000 1 05 00000000 5 0 0 000000000000000d
000000000000000d 8506000000000000 0 00 00000000 5 0 0 000000000000000e
000000000000000e 00131000c0978a00 1 10 ffc0978a 5 0 0 000000000000000f
000000000000000f 8506000000000000 0 00 00000000 5 0 0 0000000000000010
0000000000000010 0122000109000000 0 00 00000000 5 0 0 0000000000000011
0000000000000011 02150000030b0000 0 00 00000000 5 0 0 0000000000000012
0000000000000012 8506000000000000 0 00 00000000 5 0 0 0000000000000013
0000000000000013 8506000000000000 0 00 00000000 5 0 0 0000000000000014
0000000000000014 8506000000000000 0 00 00000000 5 0 0 0000000000000015
0000000000000015 00130600f6e14100 1 06 fff6e141 5 0 0 0000000000000016
0000000000000016 0306000000000c00 1 0c 00000000 5 0 0 0000000000000017
0000000000000017 8506000000000000 0 00 00000000 5 0 0 0000000000000018
0000000000000018 0112000603000000 0 00 00000000 6 1 0 0000000000000019
0000000000000019 0215000003040000 0 00 00000000 6 1 1 000000000000001d
000000000000001d 0022060411000000 1 06 00000000 6 1 0 000000000000001e
000000000000001e 0122000305000000 0 00 00000000 5 0 0 000000000000001f
000000000000001f 0215000002040000 0 00 00000000 5 0 0 0000000000000020
0000000000000020 8506000000000000 0 00 00000000 5 0 0 0000000000000021
0000000000000021 8506000000000000 0 00 00000000 5 0 0 0000000000000022
0000000000000022 00130d00ccad2200 1 0d ffccad22 5 0 0 0000000000000023
0000000000000023 00130700ffffff00 1 07 ffffffff 5 0 0 0000000000000024
0000000000000024 00320c0203000000 1 0c 00000000 5 0 0 0000000000000025
0000000000000025 0122000a12000000 0 00 00000000 5 0 0 0000000000000026
0000000000000026 0215000003040000 0 00 00000000 5 0 0 0000000000000027
0000000000000027 8506000000000000 0 00 00000000 5 0 0 0000000000000028
0000000000000028 8506000000000000 0 00 00000000 5 0 0 0000000000000029
0000000000000029 8506000000000000 0 00 00000000 5 0 0 000000000000002a
000000000000002a 0112000f13000000 0 00 00000000 5 0 0 000000000000002b
000000000000002b 02150000010e0000 0 00 00000000 5 0 1 000000000000002d
000000000000002d 00131e0000000200 1 1e 00000002 5 0 0 000000000000002e
000000000000002e 0023151500000100 1 15 00000001 5 0 0 000000000000002f
000000000000002f 00731e1e00000100 1 1e 00000001 5 0 0 0000000000000030
0000000000000030 0102001e1d000000 0 00 00000000 4 0 0 0000000000000031
0000000000000031 0215fffffc040000 0 00 00000000 4 0 1 000000000000002e
000000000000002e 0023151500000100 1 15 00000002 4 0 0 000000000000002f
000000000000002f 00731e1e00000100 1 1e 00000000 4 0 0 0000000000000030
0000000000000030 0102001e1d000000 0 00 00000000 5 1 0 0000000000000031
0000000000000031 0215fffffc040000 0 00 00000000 5 1 0 0000000000000032
0000000000000032 7cf5000000000000 0 00 00000000 5 1 0 0000000000000033
DONE retired=51 fault=00 pc=0000000000000032
