0000000000000000 00131d0000000000 1 1d 00000000 0 0 0 0000000000000001
0000000000000001 00130e003214a100 1 0e 003214a1 0 0 0 0000000000000002
0000000000000002 0013090055555500 1 09 00555555 0 0 0 0000000000000003
0000000000000003 00130800a475a800 1 08 ffa475a8 0 0 0 0000000000000004
0000000000000004 8506000000000000 0 00 00000000 0 0 0 0000000000000005
0000000000000005 0122000e0d000000 0 00 00000000 4 1 0 0000000000000006
0000000000000006 02150000030c0000 0 00 00000000 4 1 1 000000000000000a
000000000000000a 00230c01aaaaaa00 1 0c ffaaaaaa 4 1 0 000000000000000b
000000000000000b 0052050209000000 1 05 00555555 4 1 0 000000000000000c
000000000000000c 00a213010d000000 1 13 00000000 4 1 0 000000000000000d
000000000000000d 0122001404000000 0 00 00000000 5 0 0 000000000000000e
000000000000000e 02150000010c0000 0 00 00000000 5 0 1 0000000000000010
0000000000000010 8506000000000000 0 00 00000000 5 0 0 0000000000000011
0000000000000011 001301001b950d00 1 01 001b950d 5 0 0 0000000000000012
0000000000000012 8506000000000000 0 00 00000000 5 0 0 0000000000000013
0000000000000013 0102000505000000 0 00 00000000 5 1 0 0000000000000014
0000000000000014 0215000003020000 0 00 00000000 5 1 0 0000000000000015
0000000000000015 8506000000000000 0 00 00000000 5 1 0 0000000000000016
0000000000000016 8506000000000000 0 00 00000000 5 1 0 0000000000000017
0000000000000017 8506000000000000 0 00 00000000 5 1 0 0000000000000018
0000000000000018 008209130e000000 1 09 003214a1 5 1 0 0000000000000019
0000000000000019 002207110a000000 1 07 00000000 5 1 0 000000000000001a
000000000000001a 0063081300000d00 1 08 00000000 5 1 0 000000000000001b
000000000000001b 001306000d607a00 1 06 000d607a 5 1 0 000000000000001c
000000000000001c 0092050a00000000 1 05 ffffffff 5 1 0 000000000000001d
000000000000001d 8506000000000000 0 00 00000000 5 1 0 000000000000001e
000000000000001e 00131e0000000200 1 1e 00000002 5 1 0 000000000000001f
000000000000001f 0023151500000100 1 15 00000001 5 1 0 0000000000000020
0000000000000020 00731e1e00000100 1 1e 00000001 5 1 0 0000000000000021
0000000000000021 0102001e1d000000 0 00 00000000 4 0 0 0000000000000022
0000000000000022 0215fffffc040000 0 00 00000000 4 0 1 000000000000001f
000000000000001f 0023151500000100 1 15 00000002 4 0 0 0000000000000020
0000000000000020 00731e1e00000100 1 1e 00000000 4 0 0 0000000000000021
0000000000000021 0102001e1d000000 0 00 00000000 5 1 0 0000000000000022
0000000000000022 0215fffffc040000 0 00 00000000 5 1 0 0000000000000023
0000000000000023 7cf5000000000000 0 00 00000000 5 1 0 0000000000000024
DONE retired=36 fault=00 pc=0000000000000023
