0000000000000000 0013140000004d00 1 14 0000004d 0 0 0 0000000000000001 fff00000 f fff00000 0 00 fff00000
0000000000000001 0013160000000100 1 16 00000001 0 0 0 0000000000000002 fff00000 f fff00000 0 00 fff00000
0000000000000002 342003160000f000 0 00 00000000 0 0 0 0000000000000003 fff00000 f fff00000 1 03 fff00000
0000000000000003 108106030021f000 0 00 00000000 0 0 0 0000000000000004 fff00000 f fff00000 1 06 fff00000
0000000000000004 107103020021f000 0 00 00000000 0 0 0 0000000000000005 fff00000 f fff00000 1 03 fff00000
0000000000000005 103003030600f000 0 00 00000000 0 0 0 0000000000000006 fff00000 f fff00000 1 03 fff00000
0000000000000006 0013150000000100 1 15 00000001 0 0 0 0000000000000007 fff00000 f fff00000 0 00 fff00000
0000000000000007 342006150000f000 0 00 00000000 0 0 0 0000000000000008 fff00000 f fff00000 1 06 fff00000
0000000000000008 106105040001f000 0 00 00000000 0 0 0 0000000000000009 fff00000 f fff00000 1 05 fff00000
0000000000000009 103105020000f000 0 00 00000000 0 0 0 000000000000000a fff00000 f fff00000 1 05 fff00000
000000000000000a 100006050300f000 0 00 00000000 0 0 0 000000000000000b fff00000 f fff00000 1 06 fff00000
000000000000000b 0013150000000000 1 15 00000000 0 0 0 000000000000000c fff00000 f fff00000 0 00 fff00000
000000000000000c 342005150000f000 0 00 00000000 0 0 0 000000000000000d fff00000 f fff00000 1 05 fff00000
000000000000000d 105006030300f000 0 00 00000000 0 0 0 000000000000000e fff00000 f fff00000 1 06 fff00000
000000000000000e 107104060000f000 0 00 00000000 0 0 0 000000000000000f fff00000 f fff00000 1 04 fff00000
000000000000000f 343003000000f000 0 00 00000000 0 0 0 0000000000000010 fff00000 f fff00000 1 03 fff00000
0000000000000010 00131e0000000200 1 1e 00000002 0 0 0 0000000000000011 fff00000 f fff00000 0 00 fff00000
0000000000000011 0023171700000100 1 17 00000001 0 0 0 0000000000000012 fff00000 f fff00000 0 00 fff00000
0000000000000012 00731e1e00000100 1 1e 00000001 0 0 0 0000000000000013 fff00000 f fff00000 0 00 fff00000
0000000000000013 0013180000000000 1 18 00000000 0 0 0 0000000000000014 fff00000 f fff00000 0 00 fff00000
0000000000000014 0102001e18000000 0 00 00000000 4 0 0 0000000000000015 fff00000 f fff00000 0 00 fff00000
0000000000000015 0215fffffb040000 0 00 00000000 4 0 1 0000000000000011 fff00000 f fff00000 0 00 fff00000
0000000000000011 0023171700000100 1 17 00000002 4 0 0 0000000000000012 fff00000 f fff00000 0 00 fff00000
0000000000000012 00731e1e00000100 1 1e 00000000 4 0 0 0000000000000013 fff00000 f fff00000 0 00 fff00000
0000000000000013 0013180000000000 1 18 00000000 4 0 0 0000000000000014 fff00000 f fff00000 0 00 fff00000
0000000000000014 0102001e18000000 0 00 00000000 5 1 0 0000000000000015 fff00000 f fff00000 0 00 fff00000
0000000000000015 0215fffffb040000 0 00 00000000 5 1 0 0000000000000016 fff00000 f fff00000 0 00 fff00000
0000000000000016 7cf5000000000000 0 00 00000000 5 1 0 0000000000000017 fff00000 f fff00000 0 00 fff00000
DONE retired=28 fault=00 pc=0000000000000016
