0000000000000000 00131d0000000000 1 1d 00000000 0 0 0 0000000000000001
0000000000000001 0306000000000900 1 09 00000000 0 0 0 0000000000000002
0000000000000002 0102000902000000 0 00 00000000 5 1 0 0000000000000003
0000000000000003 0215000001040000 0 00 00000000 5 1 0 0000000000000004
0000000000000004 8506000000000000 0 00 00000000 5 1 0 0000000000000005
0000000000000005 001307004b466100 1 07 004b4661 5 1 0 0000000000000006
0000000000000006 0112000b0c000000 0 00 00000000 5 0 0 0000000000000007
0000000000000007 0215000002020000 0 00 00000000 5 0 1 000000000000000a
000000000000000a 8506000000000000 0 00 00000000 5 0 0 000000000000000b
000000000000000b 8506000000000000 0 00 00000000 5 0 0 000000000000000c
000000000000000c 001310004e7bba00 1 10 004e7bba 5 0 0 000000000000000d
000000000000000d 00a30b0100001600 1 0b 00000000 5 0 0 000000000000000e
000000000000000e 0013090000000000 1 09 00000000 5 0 0 000000000000000f
000000000000000f 0032041411000000 1 04 00000000 5 0 0 0000000000000010
0000000000000010 007310119aa60900 1 10 006559f7 5 0 0 0000000000000011
0000000000000011 0063020100001d00 1 02 00000000 5 0 0 0000000000000012
0000000000000012 0092090300000000 1 09 ffffffff 5 0 0 0000000000000013
0000000000000013 0013040074c20500 1 04 0074c205 5 0 0 0000000000000014
0000000000000014 0073031346be2f00 1 03 ffb941d1 5 0 0 0000000000000015
0000000000000015 00730305654bcb00 1 03 ff9ab435 5 0 0 0000000000000016
0000000000000016 8506000000000000 0 00 00000000 5 0 0 0000000000000017
0000000000000017 8506000000000000 0 00 00000000 5 0 0 0000000000000018
0000000000000018 0022110e13000000 1 11 00000000 5 0 0 0000000000000019
0000000000000019 00b3120f00001900 1 12 00000000 5 0 0 000000000000001a
000000000000001a 00220a0c09000000 1 0a ffffffff 5 0 0 000000000000001b
000000000000001b 0072030d09000000 1 03 00000001 5 0 0 000000000000001c
000000000000001c 00131e0000000200 1 1e 00000002 5 0 0 000000000000001d
000000000000001d 0023151500000100 1 15 00000001 5 0 0 000000000000001e
000000000000001e 00731e1e00000100 1 1e 00000001 5 0 0 000000000000001f
000000000000001f 0102001e1d000000 0 00 00000000 4 0 0 0000000000000020
0000000000000020 0215fffffc040000 0 00 00000000 4 0 1 000000000000001d
000000000000001d 0023151500000100 1 15 00000002 4 0 0 000000000000001e
000000000000001e 00731e1e00000100 1 1e 00000000 4 0 0 000000000000001f
000000000000001f 0102001e1d000000 0 00 00000000 5 1 0 0000000000000020
0000000000000020 0215fffffc040000 0 00 00000000 5 1 0 0000000000000021
0000000000000021 7cf5000000000000 0 00 00000000 5 1 0 0000000000000022
DONE retired=36 fault=00 pc=0000000000000021
