0000000000000000 00131d0000000000 1 1d 00000000 0 0 0 0000000000000001
0000000000000001 8506000000000000 0 00 00000000 0 0 0 0000000000000002
0000000000000002 0092080c00000000 1 08 ffffffff 0 0 0 0000000000000003
0000000000000003 0042140e08000000 1 14 00000000 0 0 0 0000000000000004
0000000000000004 0072020202000000 1 02 00000000 0 0 0 0000000000000005
0000000000000005 00b20d1301000000 1 0d 00000000 0 0 0 0000000000000006
0000000000000006 0092131400000000 1 13 ffffffff 0 0 0 0000000000000007
0000000000000007 0122000702000000 0 00 00000000 5 0 0 0000000000000008
0000000000000008 02150000030b0000 0 00 00000000 5 0 0 0000000000000009
0000000000000009 8506000000000000 0 00 00000000 5 0 0 000000000000000a
000000000000000a 8506000000000000 0 00 00000000 5 0 0 000000000000000b
000000000000000b 8506000000000000 0 00 00000000 5 0 0 000000000000000c
000000000000000c 00920d0100000000 1 0d ffffffff 5 0 0 000000000000000d
000000000000000d 0306000000000c00 1 0c 00000000 5 0 0 000000000000000e
000000000000000e 00131e0000000200 1 1e 00000002 5 0 0 000000000000000f
000000000000000f 0023151500000100 1 15 00000001 5 0 0 0000000000000010
0000000000000010 00731e1e00000100 1 1e 00000001 5 0 0 0000000000000011
0000000000000011 0102001e1d000000 0 00 00000000 4 0 0 0000000000000012
0000000000000012 0215fffffc040000 0 00 00000000 4 0 1 000000000000000f
000000000000000f 0023151500000100 1 15 00000002 4 0 0 0000000000000010
0000000000000010 00731e1e00000100 1 1e 00000000 4 0 0 0000000000000011
0000000000000011 0102001e1d000000 0 00 00000000 5 1 0 0000000000000012
0000000000000012 0215fffffc040000 0 00 00000000 5 1 0 0000000000000013
0000000000000013 7cf5000000000000 0 00 00000000 5 1 0 0000000000000014
DONE retired=24 fault=00 pc=0000000000000013
