0000000000000000 0013140000004d00 1 14 0000004d 0 0 0 0000000000000001 ffffff80 f ffffff80 0 00 ffffff80
0000000000000001 1050060305008000 0 00 00000000 0 0 0 0000000000000002 ffffff80 8 483b1800 1 06 483b1800
0000000000000002 106103020000f000 0 00 00000000 0 0 0 0000000000000003 ffffff80 f ffffff80 1 03 ffffff80
0000000000000003 1020030505002000 0 00 00000000 0 0 0 0000000000000004 ffffff80 2 00000000 1 03 00000000
0000000000000004 34110300dad3f000 0 00 00000000 0 0 0 0000000000000005 ffffff80 f ffffff80 1 03 ffffff80
0000000000000005 105006050400f000 0 00 00000000 0 0 0 0000000000000006 ffffff80 f ffffff80 1 06 ffffff80
0000000000000006 107102050010f000 0 00 00000000 0 0 0 0000000000000007 ffffff80 f ffffff80 1 02 ffffff80
0000000000000007 105002030400f000 0 00 00000000 0 0 0 0000000000000008 ffffff80 f ffffff80 1 02 ffffff80
0000000000000008 105003030600f000 0 00 00000000 0 0 0 0000000000000009 ffffff80 f ffffff80 1 03 ffffff80
0000000000000009 103004020300f000 0 00 00000000 0 0 0 000000000000000a ffffff80 f ffffff80 1 04 ffffff80
000000000000000a 107104040001f000 0 00 00000000 0 0 0 000000000000000b ffffff80 f ffffff80 1 04 ffffff80
000000000000000b 343002000000f000 0 00 00000000 0 0 0 000000000000000c ffffff80 f ffffff80 1 02 ffffff80
000000000000000c 104006020300f000 0 00 00000000 0 0 0 000000000000000d ffffff80 f ffffff80 1 06 ffffff80
000000000000000d 103006020600f000 0 00 00000000 0 0 0 000000000000000e ffffff80 f ffffff80 1 06 ffffff80
000000000000000e 341104008000f000 0 00 00000000 0 0 0 000000000000000f ffffff80 f ffffff80 1 04 ffffff80
000000000000000f 104105040000f000 0 00 00000000 0 0 0 0000000000000010 ffffff80 f ffffff80 1 05 ffffff80
0000000000000010 343006000000f000 0 00 00000000 0 0 0 0000000000000011 ffffff80 f ffffff80 1 06 ffffff80
0000000000000011 00131e0000000200 1 1e 00000002 0 0 0 0000000000000012 ffffff80 f ffffff80 0 00 ffffff80
0000000000000012 0023171700000100 1 17 00000001 0 0 0 0000000000000013 ffffff80 f ffffff80 0 00 ffffff80
0000000000000013 00731e1e00000100 1 1e 00000001 0 0 0 0000000000000014 ffffff80 f ffffff80 0 00 ffffff80
0000000000000014 0013180000000000 1 18 00000000 0 0 0 0000000000000015 ffffff80 f ffffff80 0 00 ffffff80
0000000000000015 0102001e18000000 0 00 00000000 4 0 0 0000000000000016 ffffff80 f ffffff80 0 00 ffffff80
0000000000000016 0215fffffb040000 0 00 00000000 4 0 1 0000000000000012 ffffff80 f ffffff80 0 00 ffffff80
0000000000000012 0023171700000100 1 17 00000002 4 0 0 0000000000000013 ffffff80 f ffffff80 0 00 ffffff80
0000000000000013 00731e1e00000100 1 1e 00000000 4 0 0 0000000000000014 ffffff80 f ffffff80 0 00 ffffff80
0000000000000014 0013180000000000 1 18 00000000 4 0 0 0000000000000015 ffffff80 f ffffff80 0 00 ffffff80
0000000000000015 0102001e18000000 0 00 00000000 5 1 0 0000000000000016 ffffff80 f ffffff80 0 00 ffffff80
0000000000000016 0215fffffb040000 0 00 00000000 5 1 0 0000000000000017 ffffff80 f ffffff80 0 00 ffffff80
0000000000000017 7cf5000000000000 0 00 00000000 5 1 0 0000000000000018 ffffff80 f ffffff80 0 00 ffffff80
DONE retired=29 fault=00 pc=0000000000000017
