0000000000000000 00131d0000000000 1 1d 00000000 0 0 0 0000000000000001
0000000000000001 00130800a98e8200 1 08 ffa98e82 0 0 0 0000000000000002
0000000000000002 0122000e11000000 0 00 00000000 5 0 0 0000000000000003
0000000000000003 0215000003040000 0 00 00000000 5 0 0 0000000000000004
0000000000000004 8506000000000000 0 00 00000000 5 0 0 0000000000000005
0000000000000005 8506000000000000 0 00 00000000 5 0 0 0000000000000006
0000000000000006 8506000000000000 0 00 00000000 5 0 0 0000000000000007
0000000000000007 0063120b00000200 1 12 00000000 5 0 0 0000000000000008
0000000000000008 8506000000000000 0 00 00000000 5 0 0 0000000000000009
0000000000000009 8506000000000000 0 00 00000000 5 0 0 000000000000000a
000000000000000a 00b2090502000000 1 09 00000000 5 0 0 000000000000000b
000000000000000b 00a30a0f00001300 1 0a 00000000 5 0 0 000000000000000c
000000000000000c 0013070000000000 1 07 00000000 5 0 0 000000000000000d
000000000000000d 0013050065e13b00 1 05 0065e13b 5 0 0 000000000000000e
000000000000000e 002305052ec9b000 1 05 0094aaeb 5 0 0 000000000000000f
000000000000000f 8506000000000000 0 00 00000000 5 0 0 0000000000000010
0000000000000010 0032080f11000000 1 08 00000000 5 0 0 0000000000000011
0000000000000011 0102000d06000000 0 00 00000000 5 1 0 0000000000000012
0000000000000012 0215000002020000 0 00 00000000 5 1 0 0000000000000013
0000000000000013 8506000000000000 0 00 00000000 5 1 0 0000000000000014
0000000000000014 8506000000000000 0 00 00000000 5 1 0 0000000000000015
0000000000000015 00130d00ffffff00 1 0d ffffffff 5 1 0 0000000000000016
0000000000000016 0052121103000000 1 12 00000000 5 1 0 0000000000000017
0000000000000017 0306000000000600 1 06 00000000 5 1 0 0000000000000018
0000000000000018 00920e0500000000 1 0e ff6b5514 5 1 0 0000000000000019
0000000000000019 00630a0b00000d00 1 0a 00000000 5 1 0 000000000000001a
000000000000001a 00b3130800001500 1 13 00000000 5 1 0 000000000000001b
000000000000001b 8506000000000000 0 00 00000000 5 1 0 000000000000001c
000000000000001c 0112000902000000 0 00 00000000 5 0 0 000000000000001d
000000000000001d 0215000002010000 0 00 00000000 5 0 0 000000000000001e
000000000000001e 8506000000000000 0 00 00000000 5 0 0 000000000000001f
000000000000001f 8506000000000000 0 00 00000000 5 0 0 0000000000000020
0000000000000020 0112001013000000 0 00 00000000 5 0 0 0000000000000021
0000000000000021 0215000002020000 0 00 00000000 5 0 1 0000000000000024
0000000000000024 0052011005000000 1 01 0094aaeb 5 0 0 0000000000000025
0000000000000025 0013020039439100 1 02 00394391 5 0 0 0000000000000026
0000000000000026 0306000000000f00 1 0f 00000000 5 0 0 0000000000000027
0000000000000027 0042100201000000 1 10 00100281 5 0 0 0000000000000028
0000000000000028 001311000a1aff00 1 11 000a1aff 5 0 0 0000000000000029
0000000000000029 00230e1429dc3900 1 0e 0029dc39 5 0 0 000000000000002a
000000000000002a 00b3010600001100 1 01 00000000 5 0 0 000000000000002b
000000000000002b 0306000000000e00 1 0e 00000000 5 0 0 000000000000002c
000000000000002c 0102000d0a000000 0 00 00000000 6 0 0 000000000000002d
000000000000002d 02150000030e0000 0 00 00000000 6 0 1 0000000000000031
0000000000000031 00420d0802000000 1 0d 00000000 6 0 0 0000000000000032
0000000000000032 0306000000000100 1 01 00000000 6 0 0 0000000000000033
0000000000000033 012200060d000000 0 00 00000000 5 0 0 0000000000000034
0000000000000034 02150000030c0000 0 00 00000000 5 0 1 0000000000000038
0000000000000038 00130e000146e500 1 0e 000146e5 5 0 0 0000000000000039
0000000000000039 00920c0600000000 1 0c ffffffff 5 0 0 000000000000003a
000000000000003a 010200070b000000 0 00 00000000 5 1 0 000000000000003b
000000000000003b 0215000001010000 0 00 00000000 5 1 1 000000000000003d
000000000000003d 010200060d000000 0 00 00000000 5 1 0 000000000000003e
000000000000003e 0215000001030000 0 00 00000000 5 1 1 0000000000000040
0000000000000040 00131e0000000300 1 1e 00000003 5 1 0 0000000000000041
0000000000000041 0023151500000100 1 15 00000001 5 1 0 0000000000000042
0000000000000042 00731e1e00000100 1 1e 00000002 5 1 0 0000000000000043
0000000000000043 0102001e1d000000 0 00 00000000 4 0 0 0000000000000044
0000000000000044 0215fffffc040000 0 00 00000000 4 0 1 0000000000000041
0000000000000041 0023151500000100 1 15 00000002 4 0 0 0000000000000042
0000000000000042 00731e1e00000100 1 1e 00000001 4 0 0 0000000000000043
0000000000000043 0102001e1d000000 0 00 00000000 4 0 0 0000000000000044
0000000000000044 0215fffffc040000 0 00 00000000 4 0 1 0000000000000041
0000000000000041 0023151500000100 1 15 00000003 4 0 0 0000000000000042
0000000000000042 00731e1e00000100 1 1e 00000000 4 0 0 0000000000000043
0000000000000043 0102001e1d000000 0 00 00000000 5 1 0 0000000000000044
0000000000000044 0215fffffc040000 0 00 00000000 5 1 0 0000000000000045
0000000000000045 7cf5000000000000 0 00 00000000 5 1 0 0000000000000046
DONE retired=68 fault=00 pc=0000000000000045
