0000000000000000 00131d0000000000 1 1d 00000000 0 0 0 0000000000000001
0000000000000001 0306000000000a00 1 0a 00000000 0 0 0 0000000000000002
0000000000000002 0032020b12000000 1 02 00000000 0 0 0 0000000000000003
0000000000000003 0092140d00000000 1 14 ffffffff 0 0 0 0000000000000004
0000000000000004 00520d0103000000 1 0d 00000000 0 0 0 0000000000000005
0000000000000005 0072040f0a000000 1 04 00000000 0 0 0 0000000000000006
0000000000000006 0073120c6f46a200 1 12 ff90b95e 0 0 0 0000000000000007
0000000000000007 8506000000000000 0 00 00000000 0 0 0 0000000000000008
0000000000000008 00230e04f69b0f00 1 0e fff69b0f 0 0 0 0000000000000009
0000000000000009 0102000101000000 0 00 00000000 5 1 0 000000000000000a
000000000000000a 0215000001010000 0 00 00000000 5 1 1 000000000000000c
000000000000000c 00220b1305000000 1 0b 00000000 5 1 0 000000000000000d
000000000000000d 00b3090800000b00 1 09 00000000 5 1 0 000000000000000e
000000000000000e 0112000308000000 0 00 00000000 5 0 0 000000000000000f
000000000000000f 0215000001010000 0 00 00000000 5 0 0 0000000000000010
0000000000000010 8506000000000000 0 00 00000000 5 0 0 0000000000000011
0000000000000011 8506000000000000 0 00 00000000 5 0 0 0000000000000012
0000000000000012 00131e0000000100 1 1e 00000001 5 0 0 0000000000000013
0000000000000013 0023151500000100 1 15 00000001 5 0 0 0000000000000014
0000000000000014 00731e1e00000100 1 1e 00000000 5 0 0 0000000000000015
0000000000000015 0102001e1d000000 0 00 00000000 5 1 0 0000000000000016
0000000000000016 0215fffffc040000 0 00 00000000 5 1 0 0000000000000017
0000000000000017 7cf5000000000000 0 00 00000000 5 1 0 0000000000000018
DONE retired=23 fault=00 pc=0000000000000017
