0000000000000000 343001000000f000 0 00 00000000 0 0 0 0 0 0 0000000000000001 ffffffff f ffffffff 1 01
0000000000000001 341107000001f000 0 00 00000000 0 0 0 0 0 0 0000000000000002 ffffffff f ffffffff 1 07
0000000000000002 34110c000003f000 0 00 00000000 0 0 0 0 0 0 0000000000000003 ffffffff f ffffffff 1 0c
0000000000000003 3049a0a070000000 0 00 00000000 0 0 0 0 0 0 0000000000000004 ffffffff f ffffffff 0 00
0000000000000004 7c15000002a0000d 0 00 00000000 0 0 0 0 0 0 0000000000000007 ffffffff f ffffffff 0 00
0000000000000007 34110d000001f000 0 00 00000000 0 0 0 0 0 0 0000000000000008 ffffffff f ffffffff 1 0d
0000000000000008 10300c010d00f000 0 00 00000000 0 0 0 0 0 0 0000000000000009 ffffffff f ffffffff 1 0c
0000000000000009 10000c0c0700f000 0 00 00000000 0 0 0 0 0 0 000000000000000a ffffffff f ffffffff 1 0c
000000000000000a 34110a000000f000 0 00 00000000 0 0 0 0 0 0 000000000000000b ffffffff f ffffffff 1 0a
000000000000000b 7c85000005000000 0 00 00000000 0 0 0 0 0 0 000000000000000c ffffffff f ffffffff 0 00
000000000000000c 3059e0a0c0000000 0 00 00000000 0 0 0 0 0 0 000000000000000d ffffffff f ffffffff 0 00
000000000000000d 3029d0a0c0000000 0 00 00000000 0 0 0 0 0 0 000000000000000e ffffffff f ffffffff 0 00
000000000000000e 11000c030c00f000 0 00 00000000 0 0 0 0 0 0 000000000000000f ffffffff f ffffffff 1 0c
000000000000000f 7cb5000000e00000 0 00 00000000 0 0 0 0 0 0 0000000000000010 ffffffff f ffffffff 0 00
0000000000000010 10000a0a0700f000 0 00 00000000 0 0 0 0 0 0 0000000000000011 ffffffff f ffffffff 1 0a
0000000000000011 7c95fffffad00000 0 00 00000000 0 0 0 0 0 0 000000000000000c ffffffff f ffffffff 0 00
000000000000000c 3059e0a0c0000000 0 00 00000000 0 0 0 0 0 0 000000000000000d ffffffff f ffffffff 0 00
000000000000000d 3029d0a0c0000000 0 00 00000000 0 0 0 0 0 0 000000000000000e ffffffff f ffffffff 0 00
000000000000000e 11000c030c00f000 0 00 00000000 0 0 0 0 0 0 000000000000000f ffffffff f ffffffff 1 0c
0000000000000011 7cb5000000e00000 0 00 00000000 0 0 0 0 0 0 0000000000000010 00000000 f 00000000 0 00
0000000000000011 7c95fffffad00000 0 00 00000000 0 0 0 0 0 0 0000000000000012 ffffffff f ffffffff 0 00
0000000000000012 7c25000000000000 0 00 00000000 0 0 0 0 0 0 0000000000000013 ffffffff f ffffffff 0 00
0000000000000013 34110d000000f000 0 00 00000000 0 0 0 0 0 0 0000000000000014 ffffffff f ffffffff 1 0d
0000000000000014 10300c010d00f000 0 00 00000000 0 0 0 0 0 0 0000000000000015 ffffffff f ffffffff 1 0c
0000000000000015 10000c0c0700f000 0 00 00000000 0 0 0 0 0 0 0000000000000016 ffffffff f ffffffff 1 0c
0000000000000016 34110a000000f000 0 00 00000000 0 0 0 0 0 0 0000000000000017 ffffffff f ffffffff 1 0a
0000000000000017 7c85000008000000 0 00 00000000 0 0 0 0 0 0 0000000000000018 ffffffff f ffffffff 0 00
0000000000000018 3059e0a0c0000000 0 00 00000000 0 0 0 0 0 0 0000000000000019 ffffffff f ffffffff 0 00
0000000000000019 3029d0a0c0000000 0 00 00000000 0 0 0 0 0 0 000000000000001a ffffffff f ffffffff 0 00
000000000000001a 303980b070000000 0 00 00000000 0 0 0 0 0 0 000000000000001b ffffffff f ffffffff 0 00
000000000000001b 7c15000000800001 0 00 00000000 0 0 0 0 0 0 000000000000001c ffffffff f ffffffff 0 00
000000000000001c 11100c010c00f000 0 00 00000000 0 0 0 0 0 0 000000000000001d ffffffff f ffffffff 1 0c
000000000000001d 7c25000000000000 0 00 00000000 0 0 0 0 0 0 000000000000001e ffffffff f ffffffff 0 00
000000000000001e 7cb5000000e00000 0 00 00000000 0 0 0 0 0 0 000000000000001f ffffffff f ffffffff 0 00
000000000000001f 10000a0a0700f000 0 00 00000000 0 0 0 0 0 0 0000000000000020 ffffffff f ffffffff 1 0a
0000000000000020 7c95fffff7d00000 0 00 00000000 0 0 0 0 0 0 0000000000000018 ffffffff f ffffffff 0 00
0000000000000018 3059e0a0c0000000 0 00 00000000 0 0 0 0 0 0 0000000000000019 ffffffff f ffffffff 0 00
0000000000000019 3029d0a0c0000000 0 00 00000000 0 0 0 0 0 0 000000000000001a ffffffff f ffffffff 0 00
000000000000001a 303980b070000000 0 00 00000000 0 0 0 0 0 0 000000000000001b ffffffff f ffffffff 0 00
000000000000001b 7c15000000800001 0 00 00000000 0 0 0 0 0 0 000000000000001c ffffffff f ffffffff 0 00
000000000000001c 11100c010c00f000 0 00 00000000 0 0 0 0 0 0 000000000000001d ffffffff f ffffffff 1 0c
000000000000001d 7c25000000000000 0 00 00000000 0 0 0 0 0 0 000000000000001e ffffffff f ffffffff 0 00
000000000000001e 7cb5000000e00000 0 00 00000000 0 0 0 0 0 0 000000000000001f fffffffc f fffffffc 0 00
000000000000001f 10000a0a0700f000 0 00 00000000 0 0 0 0 0 0 0000000000000020 fffffffc f fffffffc 1 0a
0000000000000020 7c95fffff7d00000 0 00 00000000 0 0 0 0 0 0 0000000000000018 fffffffc f fffffffc 0 00
0000000000000018 3059e0a0c0000000 0 00 00000000 0 0 0 0 0 0 0000000000000019 fffffffc f fffffffc 0 00
0000000000000019 3029d0a0c0000000 0 00 00000000 0 0 0 0 0 0 000000000000001a fffffffc f fffffffc 0 00
000000000000001a 303980b070000000 0 00 00000000 0 0 0 0 0 0 000000000000001b fffffffc f fffffffc 0 00
000000000000001b 7c15000000800001 0 00 00000000 0 0 0 0 0 0 000000000000001c fffffffc f fffffffc 0 00
000000000000001c 11100c010c00f000 0 00 00000000 0 0 0 0 0 0 000000000000001d fffffffc f fffffffc 1 0c
000000000000001d 7c25000000000000 0 00 00000000 0 0 0 0 0 0 000000000000001e fffffffc f fffffffc 0 00
000000000000001e 7cb5000000e00000 0 00 00000000 0 0 0 0 0 0 000000000000001f fffffff8 f fffffff8 0 00
000000000000001f 10000a0a0700f000 0 00 00000000 0 0 0 0 0 0 0000000000000020 fffffff8 f fffffff8 1 0a
0000000000000020 7c95fffff7d00000 0 00 00000000 0 0 0 0 0 0 0000000000000018 fffffff8 f fffffff8 0 00
0000000000000018 3059e0a0c0000000 0 00 00000000 0 0 0 0 0 0 0000000000000019 fffffff8 f fffffff8 0 00
0000000000000019 3029d0a0c0000000 0 00 00000000 0 0 0 0 0 0 000000000000001a fffffff8 f fffffff8 0 00
000000000000001a 303980b070000000 0 00 00000000 0 0 0 0 0 0 000000000000001b fffffff8 f fffffff8 0 00
000000000000001b 7c15000000800001 0 00 00000000 0 0 0 0 0 0 000000000000001c fffffff8 f fffffff8 0 00
000000000000001c 11100c010c00f000 0 00 00000000 0 0 0 0 0 0 000000000000001d fffffff8 f fffffff8 1 0c
000000000000001d 7c25000000000000 0 00 00000000 0 0 0 0 0 0 000000000000001e fffffff8 f fffffff8 0 00
000000000000001e 7cb5000000e00000 0 00 00000000 0 0 0 0 0 0 000000000000001f fffffff0 f fffffff0 0 00
000000000000001f 10000a0a0700f000 0 00 00000000 0 0 0 0 0 0 0000000000000020 fffffff0 f fffffff0 1 0a
0000000000000020 7c95fffff7d00000 0 00 00000000 0 0 0 0 0 0 0000000000000018 fffffff0 f fffffff0 0 00
0000000000000018 3059e0a0c0000000 0 00 00000000 0 0 0 0 0 0 0000000000000019 fffffff0 f fffffff0 0 00
0000000000000019 3029d0a0c0000000 0 00 00000000 0 0 0 0 0 0 000000000000001a fffffff0 f fffffff0 0 00
000000000000001a 303980b070000000 0 00 00000000 0 0 0 0 0 0 000000000000001b fffffff0 f fffffff0 0 00
000000000000001b 7c15000000800001 0 00 00000000 0 0 0 0 0 0 000000000000001c fffffff0 f fffffff0 0 00
000000000000001c 11100c010c00f000 0 00 00000000 0 0 0 0 0 0 000000000000001d fffffff0 f fffffff0 1 0c
000000000000001d 7c25000000000000 0 00 00000000 0 0 0 0 0 0 000000000000001e fffffff0 f fffffff0 0 00
000000000000001e 7cb5000000e00000 0 00 00000000 0 0 0 0 0 0 000000000000001f ffffffe0 f ffffffe0 0 00
000000000000001f 10000a0a0700f000 0 00 00000000 0 0 0 0 0 0 0000000000000020 ffffffe0 f ffffffe0 1 0a
0000000000000020 7c95fffff7d00000 0 00 00000000 0 0 0 0 0 0 0000000000000018 ffffffe0 f ffffffe0 0 00
0000000000000018 3059e0a0c0000000 0 00 00000000 0 0 0 0 0 0 0000000000000019 ffffffe0 f ffffffe0 0 00
0000000000000019 3029d0a0c0000000 0 00 00000000 0 0 0 0 0 0 000000000000001a ffffffe0 f ffffffe0 0 00
000000000000001a 303980b070000000 0 00 00000000 0 0 0 0 0 0 000000000000001b ffffffe0 f ffffffe0 0 00
000000000000001b 7c15000000800001 0 00 00000000 0 0 0 0 0 0 000000000000001c ffffffe0 f ffffffe0 0 00
000000000000001c 11100c010c00f000 0 00 00000000 0 0 0 0 0 0 000000000000001d ffffffe0 f ffffffe0 1 0c
000000000000001d 7c25000000000000 0 00 00000000 0 0 0 0 0 0 000000000000001e ffffffe0 f ffffffe0 0 00
000000000000001e 7cb5000000e00000 0 00 00000000 0 0 0 0 0 0 000000000000001f ffffffc0 f ffffffc0 0 00
000000000000001f 10000a0a0700f000 0 00 00000000 0 0 0 0 0 0 0000000000000020 ffffffc0 f ffffffc0 1 0a
0000000000000020 7c95fffff7d00000 0 00 00000000 0 0 0 0 0 0 0000000000000018 ffffffc0 f ffffffc0 0 00
0000000000000018 3059e0a0c0000000 0 00 00000000 0 0 0 0 0 0 0000000000000019 ffffffc0 f ffffffc0 0 00
0000000000000019 3029d0a0c0000000 0 00 00000000 0 0 0 0 0 0 000000000000001a ffffffc0 f ffffffc0 0 00
000000000000001a 303980b070000000 0 00 00000000 0 0 0 0 0 0 000000000000001b ffffffc0 f ffffffc0 0 00
000000000000001b 7c15000000800001 0 00 00000000 0 0 0 0 0 0 000000000000001c ffffffc0 f ffffffc0 0 00
000000000000001c 11100c010c00f000 0 00 00000000 0 0 0 0 0 0 000000000000001d ffffffc0 f ffffffc0 1 0c
000000000000001d 7c25000000000000 0 00 00000000 0 0 0 0 0 0 000000000000001e ffffffc0 f ffffffc0 0 00
000000000000001e 7cb5000000e00000 0 00 00000000 0 0 0 0 0 0 000000000000001f ffffff80 f ffffff80 0 00
000000000000001f 10000a0a0700f000 0 00 00000000 0 0 0 0 0 0 0000000000000020 ffffff80 f ffffff80 1 0a
0000000000000020 7c95fffff7d00000 0 00 00000000 0 0 0 0 0 0 0000000000000018 ffffff80 f ffffff80 0 00
0000000000000018 3059e0a0c0000000 0 00 00000000 0 0 0 0 0 0 0000000000000019 ffffff80 f ffffff80 0 00
0000000000000019 3029d0a0c0000000 0 00 00000000 0 0 0 0 0 0 000000000000001a ffffff80 f ffffff80 0 00
000000000000001a 303980b070000000 0 00 00000000 0 0 0 0 0 0 000000000000001b ffffff80 f ffffff80 0 00
000000000000001b 7c15000000800001 0 00 00000000 0 0 0 0 0 0 000000000000001c ffffff80 f ffffff80 0 00
000000000000001c 11100c010c00f000 0 00 00000000 0 0 0 0 0 0 000000000000001d ffffff80 f ffffff80 1 0c
000000000000001d 7c25000000000000 0 00 00000000 0 0 0 0 0 0 000000000000001e ffffff80 f ffffff80 0 00
000000000000001e 7cb5000000e00000 0 00 00000000 0 0 0 0 0 0 000000000000001f ffffff00 f ffffff00 0 00
000000000000001f 10000a0a0700f000 0 00 00000000 0 0 0 0 0 0 0000000000000020 ffffff00 f ffffff00 1 0a
0000000000000020 7c95fffff7d00000 0 00 00000000 0 0 0 0 0 0 0000000000000018 ffffff00 f ffffff00 0 00
0000000000000018 3059e0a0c0000000 0 00 00000000 0 0 0 0 0 0 0000000000000019 ffffff00 f ffffff00 0 00
0000000000000019 3029d0a0c0000000 0 00 00000000 0 0 0 0 0 0 000000000000001a ffffff00 f ffffff00 0 00
000000000000001a 303980b070000000 0 00 00000000 0 0 0 0 0 0 000000000000001b ffffff00 f ffffff00 0 00
000000000000001b 7c15000000800001 0 00 00000000 0 0 0 0 0 0 000000000000001c ffffff00 f ffffff00 0 00
000000000000001c 11100c010c00f000 0 00 00000000 0 0 0 0 0 0 000000000000001d ffffff00 f ffffff00 1 0c
000000000000001d 7c25000000000000 0 00 00000000 0 0 0 0 0 0 000000000000001e ffffff00 f ffffff00 0 00
000000000000001e 7cb5000000e00000 0 00 00000000 0 0 0 0 0 0 000000000000001f fffffe00 f fffffe00 0 00
000000000000001f 10000a0a0700f000 0 00 00000000 0 0 0 0 0 0 0000000000000020 fffffe00 f fffffe00 1 0a
0000000000000020 7c95fffff7d00000 0 00 00000000 0 0 0 0 0 0 0000000000000018 fffffe00 f fffffe00 0 00
0000000000000018 3059e0a0c0000000 0 00 00000000 0 0 0 0 0 0 0000000000000019 fffffe00 f fffffe00 0 00
0000000000000019 3029d0a0c0000000 0 00 00000000 0 0 0 0 0 0 000000000000001a fffffe00 f fffffe00 0 00
000000000000001a 303980b070000000 0 00 00000000 0 0 0 0 0 0 000000000000001b fffffe00 f fffffe00 0 00
000000000000001b 7c15000000800001 0 00 00000000 0 0 0 0 0 0 000000000000001c fffffe00 f fffffe00 0 00
000000000000001c 11100c010c00f000 0 00 00000000 0 0 0 0 0 0 000000000000001d fffffe00 f fffffe00 1 0c
000000000000001d 7c25000000000000 0 00 00000000 0 0 0 0 0 0 000000000000001e fffffe00 f fffffe00 0 00
000000000000001e 7cb5000000e00000 0 00 00000000 0 0 0 0 0 0 000000000000001f fffffc00 f fffffc00 0 00
000000000000001f 10000a0a0700f000 0 00 00000000 0 0 0 0 0 0 0000000000000020 fffffc00 f fffffc00 1 0a
0000000000000020 7c95fffff7d00000 0 00 00000000 0 0 0 0 0 0 0000000000000018 fffffc00 f fffffc00 0 00
0000000000000018 3059e0a0c0000000 0 00 00000000 0 0 0 0 0 0 0000000000000019 fffffc00 f fffffc00 0 00
0000000000000019 3029d0a0c0000000 0 00 00000000 0 0 0 0 0 0 000000000000001a fffffc00 f fffffc00 0 00
000000000000001a 303980b070000000 0 00 00000000 0 0 0 0 0 0 000000000000001b fffffc00 f fffffc00 0 00
000000000000001b 7c15000000800001 0 00 00000000 0 0 0 0 0 0 000000000000001c fffffc00 f fffffc00 0 00
000000000000001c 11100c010c00f000 0 00 00000000 0 0 0 0 0 0 000000000000001d fffffc00 f fffffc00 1 0c
000000000000001d 7c25000000000000 0 00 00000000 0 0 0 0 0 0 000000000000001e fffffc00 f fffffc00 0 00
000000000000001e 7cb5000000e00000 0 00 00000000 0 0 0 0 0 0 000000000000001f fffff800 f fffff800 0 00
000000000000001f 10000a0a0700f000 0 00 00000000 0 0 0 0 0 0 0000000000000020 fffff800 f fffff800 1 0a
0000000000000020 7c95fffff7d00000 0 00 00000000 0 0 0 0 0 0 0000000000000018 fffff800 f fffff800 0 00
0000000000000018 3059e0a0c0000000 0 00 00000000 0 0 0 0 0 0 0000000000000019 fffff800 f fffff800 0 00
0000000000000019 3029d0a0c0000000 0 00 00000000 0 0 0 0 0 0 000000000000001a fffff800 f fffff800 0 00
000000000000001a 303980b070000000 0 00 00000000 0 0 0 0 0 0 000000000000001b fffff800 f fffff800 0 00
000000000000001b 7c15000000800001 0 00 00000000 0 0 0 0 0 0 000000000000001c fffff800 f fffff800 0 00
000000000000001c 11100c010c00f000 0 00 00000000 0 0 0 0 0 0 000000000000001d fffff800 f fffff800 1 0c
000000000000001d 7c25000000000000 0 00 00000000 0 0 0 0 0 0 000000000000001e fffff800 f fffff800 0 00
000000000000001e 7cb5000000e00000 0 00 00000000 0 0 0 0 0 0 000000000000001f fffff000 f fffff000 0 00
000000000000001f 10000a0a0700f000 0 00 00000000 0 0 0 0 0 0 0000000000000020 fffff000 f fffff000 1 0a
0000000000000020 7c95fffff7d00000 0 00 00000000 0 0 0 0 0 0 0000000000000018 fffff000 f fffff000 0 00
0000000000000018 3059e0a0c0000000 0 00 00000000 0 0 0 0 0 0 0000000000000019 fffff000 f fffff000 0 00
0000000000000019 3029d0a0c0000000 0 00 00000000 0 0 0 0 0 0 000000000000001a fffff000 f fffff000 0 00
000000000000001a 303980b070000000 0 00 00000000 0 0 0 0 0 0 000000000000001b fffff000 f fffff000 0 00
000000000000001b 7c15000000800001 0 00 00000000 0 0 0 0 0 0 000000000000001c fffff000 f fffff000 0 00
000000000000001c 11100c010c00f000 0 00 00000000 0 0 0 0 0 0 000000000000001d fffff000 f fffff000 1 0c
000000000000001d 7c25000000000000 0 00 00000000 0 0 0 0 0 0 000000000000001e fffff000 f fffff000 0 00
000000000000001e 7cb5000000e00000 0 00 00000000 0 0 0 0 0 0 000000000000001f ffffe000 f ffffe000 0 00
000000000000001f 10000a0a0700f000 0 00 00000000 0 0 0 0 0 0 0000000000000020 ffffe000 f ffffe000 1 0a
0000000000000020 7c95fffff7d00000 0 00 00000000 0 0 0 0 0 0 0000000000000018 ffffe000 f ffffe000 0 00
0000000000000018 3059e0a0c0000000 0 00 00000000 0 0 0 0 0 0 0000000000000019 ffffe000 f ffffe000 0 00
0000000000000019 3029d0a0c0000000 0 00 00000000 0 0 0 0 0 0 000000000000001a ffffe000 f ffffe000 0 00
000000000000001a 303980b070000000 0 00 00000000 0 0 0 0 0 0 000000000000001b ffffe000 f ffffe000 0 00
000000000000001b 7c15000000800001 0 00 00000000 0 0 0 0 0 0 000000000000001c ffffe000 f ffffe000 0 00
000000000000001c 11100c010c00f000 0 00 00000000 0 0 0 0 0 0 000000000000001d ffffe000 f ffffe000 1 0c
000000000000001d 7c25000000000000 0 00 00000000 0 0 0 0 0 0 000000000000001e ffffe000 f ffffe000 0 00
000000000000001e 7cb5000000e00000 0 00 00000000 0 0 0 0 0 0 000000000000001f ffffc000 f ffffc000 0 00
000000000000001f 10000a0a0700f000 0 00 00000000 0 0 0 0 0 0 0000000000000020 ffffc000 f ffffc000 1 0a
0000000000000020 7c95fffff7d00000 0 00 00000000 0 0 0 0 0 0 0000000000000018 ffffc000 f ffffc000 0 00
0000000000000018 3059e0a0c0000000 0 00 00000000 0 0 0 0 0 0 0000000000000019 ffffc000 f ffffc000 0 00
0000000000000019 3029d0a0c0000000 0 00 00000000 0 0 0 0 0 0 000000000000001a ffffc000 f ffffc000 0 00
000000000000001a 303980b070000000 0 00 00000000 0 0 0 0 0 0 000000000000001b ffffc000 f ffffc000 0 00
000000000000001b 7c15000000800001 0 00 00000000 0 0 0 0 0 0 000000000000001c ffffc000 f ffffc000 0 00
000000000000001c 11100c010c00f000 0 00 00000000 0 0 0 0 0 0 000000000000001d ffffc000 f ffffc000 1 0c
000000000000001d 7c25000000000000 0 00 00000000 0 0 0 0 0 0 000000000000001e ffffc000 f ffffc000 0 00
000000000000001e 7cb5000000e00000 0 00 00000000 0 0 0 0 0 0 000000000000001f ffff8000 f ffff8000 0 00
000000000000001f 10000a0a0700f000 0 00 00000000 0 0 0 0 0 0 0000000000000020 ffff8000 f ffff8000 1 0a
0000000000000020 7c95fffff7d00000 0 00 00000000 0 0 0 0 0 0 0000000000000018 ffff8000 f ffff8000 0 00
0000000000000018 3059e0a0c0000000 0 00 00000000 0 0 0 0 0 0 0000000000000019 ffff8000 f ffff8000 0 00
0000000000000019 3029d0a0c0000000 0 00 00000000 0 0 0 0 0 0 000000000000001a ffff8000 f ffff8000 0 00
000000000000001a 303980b070000000 0 00 00000000 0 0 0 0 0 0 000000000000001b ffff8000 f ffff8000 0 00
000000000000001b 7c15000000800001 0 00 00000000 0 0 0 0 0 0 000000000000001c ffff8000 f ffff8000 0 00
000000000000001c 11100c010c00f000 0 00 00000000 0 0 0 0 0 0 000000000000001d ffff8000 f ffff8000 1 0c
000000000000001d 7c25000000000000 0 00 00000000 0 0 0 0 0 0 000000000000001e ffff8000 f ffff8000 0 00
000000000000001e 7cb5000000e00000 0 00 00000000 0 0 0 0 0 0 000000000000001f ffff0000 f ffff0000 0 00
000000000000001f 10000a0a0700f000 0 00 00000000 0 0 0 0 0 0 0000000000000020 ffff0000 f ffff0000 1 0a
0000000000000020 7c95fffff7d00000 0 00 00000000 0 0 0 0 0 0 0000000000000018 ffff0000 f ffff0000 0 00
0000000000000018 3059e0a0c0000000 0 00 00000000 0 0 0 0 0 0 0000000000000019 ffff0000 f ffff0000 0 00
0000000000000019 3029d0a0c0000000 0 00 00000000 0 0 0 0 0 0 000000000000001a ffff0000 f ffff0000 0 00
000000000000001a 303980b070000000 0 00 00000000 0 0 0 0 0 0 000000000000001b ffff0000 f ffff0000 0 00
000000000000001b 7c15000000800001 0 00 00000000 0 0 0 0 0 0 000000000000001c ffff0000 f ffff0000 0 00
000000000000001c 11100c010c00f000 0 00 00000000 0 0 0 0 0 0 000000000000001d ffff0000 f ffff0000 1 0c
000000000000001d 7c25000000000000 0 00 00000000 0 0 0 0 0 0 000000000000001e ffff0000 f ffff0000 0 00
000000000000001e 7cb5000000e00000 0 00 00000000 0 0 0 0 0 0 000000000000001f fffe0000 f fffe0000 0 00
000000000000001f 10000a0a0700f000 0 00 00000000 0 0 0 0 0 0 0000000000000020 fffe0000 f fffe0000 1 0a
0000000000000020 7c95fffff7d00000 0 00 00000000 0 0 0 0 0 0 0000000000000018 fffe0000 f fffe0000 0 00
0000000000000018 3059e0a0c0000000 0 00 00000000 0 0 0 0 0 0 0000000000000019 fffe0000 f fffe0000 0 00
0000000000000019 3029d0a0c0000000 0 00 00000000 0 0 0 0 0 0 000000000000001a fffe0000 f fffe0000 0 00
000000000000001a 303980b070000000 0 00 00000000 0 0 0 0 0 0 000000000000001b fffe0000 f fffe0000 0 00
000000000000001b 7c15000000800001 0 00 00000000 0 0 0 0 0 0 000000000000001c fffe0000 f fffe0000 0 00
000000000000001c 11100c010c00f000 0 00 00000000 0 0 0 0 0 0 000000000000001d fffe0000 f fffe0000 1 0c
000000000000001d 7c25000000000000 0 00 00000000 0 0 0 0 0 0 000000000000001e fffe0000 f fffe0000 0 00
000000000000001e 7cb5000000e00000 0 00 00000000 0 0 0 0 0 0 000000000000001f fffc0000 f fffc0000 0 00
000000000000001f 10000a0a0700f000 0 00 00000000 0 0 0 0 0 0 0000000000000020 fffc0000 f fffc0000 1 0a
0000000000000020 7c95fffff7d00000 0 00 00000000 0 0 0 0 0 0 0000000000000018 fffc0000 f fffc0000 0 00
0000000000000018 3059e0a0c0000000 0 00 00000000 0 0 0 0 0 0 0000000000000019 fffc0000 f fffc0000 0 00
0000000000000019 3029d0a0c0000000 0 00 00000000 0 0 0 0 0 0 000000000000001a fffc0000 f fffc0000 0 00
000000000000001a 303980b070000000 0 00 00000000 0 0 0 0 0 0 000000000000001b fffc0000 f fffc0000 0 00
000000000000001b 7c15000000800001 0 00 00000000 0 0 0 0 0 0 000000000000001c fffc0000 f fffc0000 0 00
000000000000001c 11100c010c00f000 0 00 00000000 0 0 0 0 0 0 000000000000001d fffc0000 f fffc0000 1 0c
000000000000001d 7c25000000000000 0 00 00000000 0 0 0 0 0 0 000000000000001e fffc0000 f fffc0000 0 00
000000000000001e 7cb5000000e00000 0 00 00000000 0 0 0 0 0 0 000000000000001f fff80000 f fff80000 0 00
000000000000001f 10000a0a0700f000 0 00 00000000 0 0 0 0 0 0 0000000000000020 fff80000 f fff80000 1 0a
0000000000000020 7c95fffff7d00000 0 00 00000000 0 0 0 0 0 0 0000000000000018 fff80000 f fff80000 0 00
0000000000000018 3059e0a0c0000000 0 00 00000000 0 0 0 0 0 0 0000000000000019 fff80000 f fff80000 0 00
0000000000000019 3029d0a0c0000000 0 00 00000000 0 0 0 0 0 0 000000000000001a fff80000 f fff80000 0 00
000000000000001a 303980b070000000 0 00 00000000 0 0 0 0 0 0 000000000000001b fff80000 f fff80000 0 00
000000000000001b 7c15000000800001 0 00 00000000 0 0 0 0 0 0 000000000000001c fff80000 f fff80000 0 00
000000000000001c 11100c010c00f000 0 00 00000000 0 0 0 0 0 0 000000000000001d fff80000 f fff80000 1 0c
000000000000001d 7c25000000000000 0 00 00000000 0 0 0 0 0 0 000000000000001e fff80000 f fff80000 0 00
000000000000001e 7cb5000000e00000 0 00 00000000 0 0 0 0 0 0 000000000000001f fff00000 f fff00000 0 00
000000000000001f 10000a0a0700f000 0 00 00000000 0 0 0 0 0 0 0000000000000020 fff00000 f fff00000 1 0a
0000000000000020 7c95fffff7d00000 0 00 00000000 0 0 0 0 0 0 0000000000000018 fff00000 f fff00000 0 00
0000000000000018 3059e0a0c0000000 0 00 00000000 0 0 0 0 0 0 0000000000000019 fff00000 f fff00000 0 00
0000000000000019 3029d0a0c0000000 0 00 00000000 0 0 0 0 0 0 000000000000001a fff00000 f fff00000 0 00
000000000000001a 303980b070000000 0 00 00000000 0 0 0 0 0 0 000000000000001b fff00000 f fff00000 0 00
000000000000001b 7c15000000800001 0 00 00000000 0 0 0 0 0 0 000000000000001c fff00000 f fff00000 0 00
000000000000001c 11100c010c00f000 0 00 00000000 0 0 0 0 0 0 000000000000001d fff00000 f fff00000 1 0c
000000000000001d 7c25000000000000 0 00 00000000 0 0 0 0 0 0 000000000000001e fff00000 f fff00000 0 00
000000000000001e 7cb5000000e00000 0 00 00000000 0 0 0 0 0 0 000000000000001f ffe00000 f ffe00000 0 00
000000000000001f 10000a0a0700f000 0 00 00000000 0 0 0 0 0 0 0000000000000020 ffe00000 f ffe00000 1 0a
0000000000000020 7c95fffff7d00000 0 00 00000000 0 0 0 0 0 0 0000000000000018 ffe00000 f ffe00000 0 00
0000000000000018 3059e0a0c0000000 0 00 00000000 0 0 0 0 0 0 0000000000000019 ffe00000 f ffe00000 0 00
0000000000000019 3029d0a0c0000000 0 00 00000000 0 0 0 0 0 0 000000000000001a ffe00000 f ffe00000 0 00
000000000000001a 303980b070000000 0 00 00000000 0 0 0 0 0 0 000000000000001b ffe00000 f ffe00000 0 00
000000000000001b 7c15000000800001 0 00 00000000 0 0 0 0 0 0 000000000000001c ffe00000 f ffe00000 0 00
000000000000001c 11100c010c00f000 0 00 00000000 0 0 0 0 0 0 000000000000001d ffe00000 f ffe00000 1 0c
000000000000001d 7c25000000000000 0 00 00000000 0 0 0 0 0 0 000000000000001e ffe00000 f ffe00000 0 00
000000000000001e 7cb5000000e00000 0 00 00000000 0 0 0 0 0 0 000000000000001f ffc00000 f ffc00000 0 00
000000000000001f 10000a0a0700f000 0 00 00000000 0 0 0 0 0 0 0000000000000020 ffc00000 f ffc00000 1 0a
0000000000000020 7c95fffff7d00000 0 00 00000000 0 0 0 0 0 0 0000000000000018 ffc00000 f ffc00000 0 00
0000000000000018 3059e0a0c0000000 0 00 00000000 0 0 0 0 0 0 0000000000000019 ffc00000 f ffc00000 0 00
0000000000000019 3029d0a0c0000000 0 00 00000000 0 0 0 0 0 0 000000000000001a ffc00000 f ffc00000 0 00
000000000000001a 303980b070000000 0 00 00000000 0 0 0 0 0 0 000000000000001b ffc00000 f ffc00000 0 00
000000000000001b 7c15000000800001 0 00 00000000 0 0 0 0 0 0 000000000000001c ffc00000 f ffc00000 0 00
000000000000001c 11100c010c00f000 0 00 00000000 0 0 0 0 0 0 000000000000001d ffc00000 f ffc00000 1 0c
000000000000001d 7c25000000000000 0 00 00000000 0 0 0 0 0 0 000000000000001e ffc00000 f ffc00000 0 00
000000000000001e 7cb5000000e00000 0 00 00000000 0 0 0 0 0 0 000000000000001f ff800000 f ff800000 0 00
000000000000001f 10000a0a0700f000 0 00 00000000 0 0 0 0 0 0 0000000000000020 ff800000 f ff800000 1 0a
0000000000000020 7c95fffff7d00000 0 00 00000000 0 0 0 0 0 0 0000000000000018 ff800000 f ff800000 0 00
0000000000000018 3059e0a0c0000000 0 00 00000000 0 0 0 0 0 0 0000000000000019 ff800000 f ff800000 0 00
0000000000000019 3029d0a0c0000000 0 00 00000000 0 0 0 0 0 0 000000000000001a ff800000 f ff800000 0 00
000000000000001a 303980b070000000 0 00 00000000 0 0 0 0 0 0 000000000000001b ff800000 f ff800000 0 00
000000000000001b 7c15000000800001 0 00 00000000 0 0 0 0 0 0 000000000000001c ff800000 f ff800000 0 00
000000000000001c 11100c010c00f000 0 00 00000000 0 0 0 0 0 0 000000000000001d ff800000 f ff800000 1 0c
000000000000001d 7c25000000000000 0 00 00000000 0 0 0 0 0 0 000000000000001e ff800000 f ff800000 0 00
000000000000001e 7cb5000000e00000 0 00 00000000 0 0 0 0 0 0 000000000000001f ff000000 f ff000000 0 00
000000000000001f 10000a0a0700f000 0 00 00000000 0 0 0 0 0 0 0000000000000020 ff000000 f ff000000 1 0a
0000000000000020 7c95fffff7d00000 0 00 00000000 0 0 0 0 0 0 0000000000000018 ff000000 f ff000000 0 00
0000000000000018 3059e0a0c0000000 0 00 00000000 0 0 0 0 0 0 0000000000000019 ff000000 f ff000000 0 00
0000000000000019 3029d0a0c0000000 0 00 00000000 0 0 0 0 0 0 000000000000001a ff000000 f ff000000 0 00
000000000000001a 303980b070000000 0 00 00000000 0 0 0 0 0 0 000000000000001b ff000000 f ff000000 0 00
000000000000001b 7c15000000800001 0 00 00000000 0 0 0 0 0 0 000000000000001c ff000000 f ff000000 0 00
000000000000001c 11100c010c00f000 0 00 00000000 0 0 0 0 0 0 000000000000001d ff000000 f ff000000 1 0c
000000000000001d 7c25000000000000 0 00 00000000 0 0 0 0 0 0 000000000000001e ff000000 f ff000000 0 00
000000000000001e 7cb5000000e00000 0 00 00000000 0 0 0 0 0 0 000000000000001f fe000000 f fe000000 0 00
000000000000001f 10000a0a0700f000 0 00 00000000 0 0 0 0 0 0 0000000000000020 fe000000 f fe000000 1 0a
0000000000000020 7c95fffff7d00000 0 00 00000000 0 0 0 0 0 0 0000000000000018 fe000000 f fe000000 0 00
0000000000000018 3059e0a0c0000000 0 00 00000000 0 0 0 0 0 0 0000000000000019 fe000000 f fe000000 0 00
0000000000000019 3029d0a0c0000000 0 00 00000000 0 0 0 0 0 0 000000000000001a fe000000 f fe000000 0 00
000000000000001a 303980b070000000 0 00 00000000 0 0 0 0 0 0 000000000000001b fe000000 f fe000000 0 00
000000000000001b 7c15000000800001 0 00 00000000 0 0 0 0 0 0 000000000000001c fe000000 f fe000000 0 00
000000000000001c 11100c010c00f000 0 00 00000000 0 0 0 0 0 0 000000000000001d fe000000 f fe000000 1 0c
000000000000001d 7c25000000000000 0 00 00000000 0 0 0 0 0 0 000000000000001e fe000000 f fe000000 0 00
000000000000001e 7cb5000000e00000 0 00 00000000 0 0 0 0 0 0 000000000000001f fc000000 f fc000000 0 00
000000000000001f 10000a0a0700f000 0 00 00000000 0 0 0 0 0 0 0000000000000020 fc000000 f fc000000 1 0a
0000000000000020 7c95fffff7d00000 0 00 00000000 0 0 0 0 0 0 0000000000000018 fc000000 f fc000000 0 00
0000000000000018 3059e0a0c0000000 0 00 00000000 0 0 0 0 0 0 0000000000000019 fc000000 f fc000000 0 00
0000000000000019 3029d0a0c0000000 0 00 00000000 0 0 0 0 0 0 000000000000001a fc000000 f fc000000 0 00
000000000000001a 303980b070000000 0 00 00000000 0 0 0 0 0 0 000000000000001b fc000000 f fc000000 0 00
000000000000001b 7c15000000800001 0 00 00000000 0 0 0 0 0 0 000000000000001c fc000000 f fc000000 0 00
000000000000001c 11100c010c00f000 0 00 00000000 0 0 0 0 0 0 000000000000001d fc000000 f fc000000 1 0c
000000000000001d 7c25000000000000 0 00 00000000 0 0 0 0 0 0 000000000000001e fc000000 f fc000000 0 00
000000000000001e 7cb5000000e00000 0 00 00000000 0 0 0 0 0 0 000000000000001f f8000000 f f8000000 0 00
000000000000001f 10000a0a0700f000 0 00 00000000 0 0 0 0 0 0 0000000000000020 f8000000 f f8000000 1 0a
0000000000000020 7c95fffff7d00000 0 00 00000000 0 0 0 0 0 0 0000000000000018 f8000000 f f8000000 0 00
0000000000000018 3059e0a0c0000000 0 00 00000000 0 0 0 0 0 0 0000000000000019 f8000000 f f8000000 0 00
0000000000000019 3029d0a0c0000000 0 00 00000000 0 0 0 0 0 0 000000000000001a f8000000 f f8000000 0 00
000000000000001a 303980b070000000 0 00 00000000 0 0 0 0 0 0 000000000000001b f8000000 f f8000000 0 00
000000000000001b 7c15000000800001 0 00 00000000 0 0 0 0 0 0 000000000000001c f8000000 f f8000000 0 00
000000000000001c 11100c010c00f000 0 00 00000000 0 0 0 0 0 0 000000000000001d f8000000 f f8000000 1 0c
000000000000001d 7c25000000000000 0 00 00000000 0 0 0 0 0 0 000000000000001e f8000000 f f8000000 0 00
000000000000001e 7cb5000000e00000 0 00 00000000 0 0 0 0 0 0 000000000000001f f0000000 f f0000000 0 00
000000000000001f 10000a0a0700f000 0 00 00000000 0 0 0 0 0 0 0000000000000020 f0000000 f f0000000 1 0a
0000000000000020 7c95fffff7d00000 0 00 00000000 0 0 0 0 0 0 0000000000000018 f0000000 f f0000000 0 00
0000000000000018 3059e0a0c0000000 0 00 00000000 0 0 0 0 0 0 0000000000000019 f0000000 f f0000000 0 00
0000000000000019 3029d0a0c0000000 0 00 00000000 0 0 0 0 0 0 000000000000001a f0000000 f f0000000 0 00
000000000000001a 303980b070000000 0 00 00000000 0 0 0 0 0 0 000000000000001b f0000000 f f0000000 0 00
000000000000001b 7c15000000800001 0 00 00000000 0 0 0 0 0 0 000000000000001c f0000000 f f0000000 0 00
000000000000001c 11100c010c00f000 0 00 00000000 0 0 0 0 0 0 000000000000001d f0000000 f f0000000 1 0c
000000000000001d 7c25000000000000 0 00 00000000 0 0 0 0 0 0 000000000000001e f0000000 f f0000000 0 00
000000000000001e 7cb5000000e00000 0 00 00000000 0 0 0 0 0 0 000000000000001f e0000000 f e0000000 0 00
000000000000001f 10000a0a0700f000 0 00 00000000 0 0 0 0 0 0 0000000000000020 e0000000 f e0000000 1 0a
0000000000000020 7c95fffff7d00000 0 00 00000000 0 0 0 0 0 0 0000000000000018 e0000000 f e0000000 0 00
0000000000000018 3059e0a0c0000000 0 00 00000000 0 0 0 0 0 0 0000000000000019 e0000000 f e0000000 0 00
0000000000000019 3029d0a0c0000000 0 00 00000000 0 0 0 0 0 0 000000000000001a e0000000 f e0000000 0 00
000000000000001a 303980b070000000 0 00 00000000 0 0 0 0 0 0 000000000000001b e0000000 f e0000000 0 00
000000000000001b 7c15000000800001 0 00 00000000 0 0 0 0 0 0 000000000000001c e0000000 f e0000000 0 00
000000000000001c 11100c010c00f000 0 00 00000000 0 0 0 0 0 0 000000000000001d e0000000 f e0000000 1 0c
000000000000001d 7c25000000000000 0 00 00000000 0 0 0 0 0 0 000000000000001e e0000000 f e0000000 0 00
000000000000001e 7cb5000000e00000 0 00 00000000 0 0 0 0 0 0 000000000000001f c0000000 f c0000000 0 00
000000000000001f 10000a0a0700f000 0 00 00000000 0 0 0 0 0 0 0000000000000020 c0000000 f c0000000 1 0a
0000000000000020 7c95fffff7d00000 0 00 00000000 0 0 0 0 0 0 0000000000000018 c0000000 f c0000000 0 00
0000000000000018 3059e0a0c0000000 0 00 00000000 0 0 0 0 0 0 0000000000000019 c0000000 f c0000000 0 00
0000000000000019 3029d0a0c0000000 0 00 00000000 0 0 0 0 0 0 000000000000001a c0000000 f c0000000 0 00
000000000000001a 303980b070000000 0 00 00000000 0 0 0 0 0 0 000000000000001b c0000000 f c0000000 0 00
000000000000001b 7c15000000800001 0 00 00000000 0 0 0 0 0 0 000000000000001c c0000000 f c0000000 0 00
000000000000001c 11100c010c00f000 0 00 00000000 0 0 0 0 0 0 000000000000001d c0000000 f c0000000 1 0c
000000000000001d 7c25000000000000 0 00 00000000 0 0 0 0 0 0 000000000000001e c0000000 f c0000000 0 00
000000000000001e 7cb5000000e00000 0 00 00000000 0 0 0 0 0 0 000000000000001f 80000000 f 80000000 0 00
000000000000001f 10000a0a0700f000 0 00 00000000 0 0 0 0 0 0 0000000000000020 80000000 f 80000000 1 0a
0000000000000020 7c95fffff7d00000 0 00 00000000 0 0 0 0 0 0 0000000000000018 80000000 f 80000000 0 00
0000000000000018 3059e0a0c0000000 0 00 00000000 0 0 0 0 0 0 0000000000000019 80000000 f 80000000 0 00
0000000000000019 3029d0a0c0000000 0 00 00000000 0 0 0 0 0 0 000000000000001a 80000000 f 80000000 0 00
000000000000001a 303980b070000000 0 00 00000000 0 0 0 0 0 0 000000000000001b 80000000 f 80000000 0 00
000000000000001b 7c15000000800001 0 00 00000000 0 0 0 0 0 0 000000000000001c 80000000 f 80000000 0 00
000000000000001c 11100c010c00f000 0 00 00000000 0 0 0 0 0 0 000000000000001d 80000000 f 80000000 1 0c
000000000000001d 7c25000000000000 0 00 00000000 0 0 0 0 0 0 000000000000001e 80000000 f 80000000 0 00
0000000000000020 7cb5000000e00000 0 00 00000000 0 0 0 0 0 0 000000000000001f 00000000 f 00000000 0 00
0000000000000020 7c95fffff7d00000 0 00 00000000 0 0 0 0 0 0 0000000000000021 ffffffff f ffffffff 0 00
0000000000000021 7cf5000000000000 0 00 00000000 0 0 0 0 0 0 0000000000000022 ffffffff f ffffffff 0 00
