0000000000000000 0013140000004d00 1 14 0000004d 0 0 0 0000000000000001 1894f5b6 f 1894f5b6 0 00 1894f5b6
0000000000000001 340006040000f000 0 00 00000000 0 0 0 0000000000000002 1894f5b6 f 1894f5b6 1 06 1894f5b6
0000000000000002 0013150055555500 1 15 00555555 0 0 0 0000000000000003 1894f5b6 f 1894f5b6 0 00 1894f5b6
0000000000000003 342002150000f000 0 00 00000000 0 0 0 0000000000000004 1894f5b6 f 1894f5b6 1 02 1894f5b6
0000000000000004 102004050500f000 0 00 00000000 0 0 0 0000000000000005 1894f5b6 f 1894f5b6 1 04 1894f5b6
0000000000000005 104002060300f000 0 00 00000000 0 0 0 0000000000000006 1894f5b6 f 1894f5b6 1 02 1894f5b6
0000000000000006 343004000000f000 0 00 00000000 0 0 0 0000000000000007 1894f5b6 f 1894f5b6 1 04 1894f5b6
0000000000000007 100002030500f000 0 00 00000000 0 0 0 0000000000000008 1894f5b6 f 1894f5b6 1 02 1894f5b6
0000000000000008 00131600ffffff00 1 16 ffffffff 0 0 0 0000000000000009 1894f5b6 f 1894f5b6 0 00 1894f5b6
0000000000000009 342004160000f000 0 00 00000000 0 0 0 000000000000000a 1894f5b6 f 1894f5b6 1 04 1894f5b6
000000000000000a 108103040020f000 0 00 00000000 0 0 0 000000000000000b 1894f5b6 f 1894f5b6 1 03 1894f5b6
000000000000000b 101005050400f000 0 00 00000000 0 0 0 000000000000000c 1894f5b6 f 1894f5b6 1 05 1894f5b6
000000000000000c 340006020000f000 0 00 00000000 0 0 0 000000000000000d 1894f5b6 f 1894f5b6 1 06 1894f5b6
000000000000000d 101105057ffff000 0 00 00000000 0 0 0 000000000000000e 1894f5b6 f 1894f5b6 1 05 1894f5b6
000000000000000e 106103050020f000 0 00 00000000 0 0 0 000000000000000f 1894f5b6 f 1894f5b6 1 03 1894f5b6
000000000000000f 34110600a2e06000 0 00 00000000 0 0 0 0000000000000010 1894f5b6 6 1894f5b6 1 06 1894f5b6
0000000000000010 105004050600f000 0 00 00000000 0 0 0 0000000000000011 1894f5b6 f 1894f5b6 1 04 1894f5b6
0000000000000011 0013160000000100 1 16 00000001 0 0 0 0000000000000012 1894f5b6 f 1894f5b6 0 00 1894f5b6
0000000000000012 342005160000f000 0 00 00000000 0 0 0 0000000000000013 1894f5b6 f 1894f5b6 1 05 1894f5b6
0000000000000013 10810305000ff000 0 00 00000000 0 0 0 0000000000000014 1894f5b6 f 1894f5b6 1 03 1894f5b6
0000000000000014 10710503001ff000 0 00 00000000 0 0 0 0000000000000015 1894f5b6 f 1894f5b6 1 05 1894f5b6
0000000000000015 34110500fffff000 0 00 00000000 0 0 0 0000000000000016 1894f5b6 f 1894f5b6 1 05 1894f5b6
0000000000000016 105006050500f000 0 00 00000000 0 0 0 0000000000000017 1894f5b6 f 1894f5b6 1 06 1894f5b6
0000000000000017 102006030400c000 0 00 00000000 0 0 0 0000000000000018 1894f5b6 c 0004d590 1 06 0004d590
0000000000000018 104004050200f000 0 00 00000000 0 0 0 0000000000000019 1894f5b6 f 1894f5b6 1 04 1894f5b6
0000000000000019 106102060001f000 0 00 00000000 0 0 0 000000000000001a 1894f5b6 f 1894f5b6 1 02 1894f5b6
000000000000001a 101105020000f000 0 00 00000000 0 0 0 000000000000001b 1894f5b6 f 1894f5b6 1 05 1894f5b6
000000000000001b 340002050000f000 0 00 00000000 0 0 0 000000000000001c 1894f5b6 f 1894f5b6 1 02 1894f5b6
000000000000001c 103002060600f000 0 00 00000000 0 0 0 000000000000001d 1894f5b6 f 1894f5b6 1 02 1894f5b6
000000000000001d 102006050500f000 0 00 00000000 0 0 0 000000000000001e 1894f5b6 f 1894f5b6 1 06 1894f5b6
000000000000001e 00131e0000000200 1 1e 00000002 0 0 0 000000000000001f 1894f5b6 f 1894f5b6 0 00 1894f5b6
000000000000001f 0023171700000100 1 17 00000001 0 0 0 0000000000000020 1894f5b6 f 1894f5b6 0 00 1894f5b6
0000000000000020 00731e1e00000100 1 1e 00000001 0 0 0 0000000000000021 1894f5b6 f 1894f5b6 0 00 1894f5b6
0000000000000021 0013180000000000 1 18 00000000 0 0 0 0000000000000022 1894f5b6 f 1894f5b6 0 00 1894f5b6
0000000000000022 0102001e18000000 0 00 00000000 4 0 0 0000000000000023 1894f5b6 f 1894f5b6 0 00 1894f5b6
0000000000000023 0215fffffb040000 0 00 00000000 4 0 1 000000000000001f 1894f5b6 f 1894f5b6 0 00 1894f5b6
000000000000001f 0023171700000100 1 17 00000002 4 0 0 0000000000000020 1894f5b6 f 1894f5b6 0 00 1894f5b6
0000000000000020 00731e1e00000100 1 1e 00000000 4 0 0 0000000000000021 1894f5b6 f 1894f5b6 0 00 1894f5b6
0000000000000021 0013180000000000 1 18 00000000 4 0 0 0000000000000022 1894f5b6 f 1894f5b6 0 00 1894f5b6
0000000000000022 0102001e18000000 0 00 00000000 5 1 0 0000000000000023 1894f5b6 f 1894f5b6 0 00 1894f5b6
0000000000000023 0215fffffb040000 0 00 00000000 5 1 0 0000000000000024 1894f5b6 f 1894f5b6 0 00 1894f5b6
0000000000000024 7cf5000000000000 0 00 00000000 5 1 0 0000000000000025 1894f5b6 f 1894f5b6 0 00 1894f5b6
DONE retired=42 fault=00 pc=0000000000000024
