0000000000000000 00131d0000000000 1 1d 00000000 0 0 0 0000000000000001
0000000000000001 0073031073b61500 1 03 ff8c49eb 0 0 0 0000000000000002
0000000000000002 0013050055555500 1 05 00555555 0 0 0 0000000000000003
0000000000000003 00220e1304000000 1 0e 00000000 0 0 0 0000000000000004
0000000000000004 8506000000000000 0 00 00000000 0 0 0 0000000000000005
0000000000000005 002302022221d900 1 02 002221d9 0 0 0 0000000000000006
0000000000000006 00130e0055555500 1 0e 00555555 0 0 0 0000000000000007
0000000000000007 00130c0055555500 1 0c 00555555 0 0 0 0000000000000008
0000000000000008 0042060105000000 1 06 00000000 0 0 0 0000000000000009
0000000000000009 0306000000000d00 1 0d 00000000 0 0 0 000000000000000a
000000000000000a 0306000000000b00 1 0b 00000000 0 0 0 000000000000000b
000000000000000b 0032020111000000 1 02 00000000 0 0 0 000000000000000c
000000000000000c 00a20d040b000000 1 0d 00000000 0 0 0 000000000000000d
000000000000000d 8506000000000000 0 00 00000000 0 0 0 000000000000000e
000000000000000e 8506000000000000 0 00 00000000 0 0 0 000000000000000f
000000000000000f 00b3100c00001c00 1 10 00000000 0 0 0 0000000000000010
0000000000000010 0062040e12000000 1 04 00555555 0 0 0 0000000000000011
0000000000000011 8506000000000000 0 00 00000000 0 0 0 0000000000000012
0000000000000012 005204050b000000 1 04 00555555 0 0 0 0000000000000013
0000000000000013 0052041314000000 1 04 00000000 0 0 0 0000000000000014
0000000000000014 00130300ffffff00 1 03 ffffffff 0 0 0 0000000000000015
0000000000000015 0022111311000000 1 11 00000000 0 0 0 0000000000000016
0000000000000016 0073131100000100 1 13 ffffffff 0 0 0 0000000000000017
0000000000000017 8506000000000000 0 00 00000000 0 0 0 0000000000000018
0000000000000018 8506000000000000 0 00 00000000 0 0 0 0000000000000019
0000000000000019 0013030000000100 1 03 00000001 0 0 0 000000000000001a
000000000000001a 8506000000000000 0 00 00000000 0 0 0 000000000000001b
000000000000001b 00131e0000000400 1 1e 00000004 0 0 0 000000000000001c
000000000000001c 0023151500000100 1 15 00000001 0 0 0 000000000000001d
000000000000001d 00731e1e00000100 1 1e 00000003 0 0 0 000000000000001e
000000000000001e 0102001e1d000000 0 00 00000000 4 0 0 000000000000001f
000000000000001f 0215fffffc040000 0 00 00000000 4 0 1 000000000000001c
000000000000001c 0023151500000100 1 15 00000002 4 0 0 000000000000001d
000000000000001d 00731e1e00000100 1 1e 00000002 4 0 0 000000000000001e
000000000000001e 0102001e1d000000 0 00 00000000 4 0 0 000000000000001f
000000000000001f 0215fffffc040000 0 00 00000000 4 0 1 000000000000001c
000000000000001c 0023151500000100 1 15 00000003 4 0 0 000000000000001d
000000000000001d 00731e1e00000100 1 1e 00000001 4 0 0 000000000000001e
000000000000001e 0102001e1d000000 0 00 00000000 4 0 0 000000000000001f
000000000000001f 0215fffffc040000 0 00 00000000 4 0 1 000000000000001c
000000000000001c 0023151500000100 1 15 00000004 4 0 0 000000000000001d
000000000000001d 00731e1e00000100 1 1e 00000000 4 0 0 000000000000001e
000000000000001e 0102001e1d000000 0 00 00000000 5 1 0 000000000000001f
000000000000001f 0215fffffc040000 0 00 00000000 5 1 0 0000000000000020
0000000000000020 7cf5000000000000 0 00 00000000 5 1 0 0000000000000021
DONE retired=45 fault=00 pc=0000000000000020
