0000000000000000 00131d0000000000 1 1d 00000000 0 0 0 0000000000000001
0000000000000001 00220c050c000000 1 0c 00000000 0 0 0 0000000000000002
0000000000000002 0032020301000000 1 02 00000000 0 0 0 0000000000000003
0000000000000003 0063091200001a00 1 09 00000000 0 0 0 0000000000000004
0000000000000004 0122000c09000000 0 00 00000000 5 0 0 0000000000000005
0000000000000005 02150000010d0000 0 00 00000000 5 0 0 0000000000000006
0000000000000006 8506000000000000 0 00 00000000 5 0 0 0000000000000007
0000000000000007 0122000910000000 0 00 00000000 5 0 0 0000000000000008
0000000000000008 0215000001030000 0 00 00000000 5 0 1 000000000000000a
000000000000000a 002314143331de00 1 14 003331de 5 0 0 000000000000000b
000000000000000b 0306000000000a00 1 0a 00000000 5 0 0 000000000000000c
000000000000000c 0306000000001300 1 13 00000000 5 0 0 000000000000000d
000000000000000d 8506000000000000 0 00 00000000 5 0 0 000000000000000e
000000000000000e 8506000000000000 0 00 00000000 5 0 0 000000000000000f
000000000000000f 0092090900000000 1 09 ffffffff 5 0 0 0000000000000010
0000000000000010 0112000f0d000000 0 00 00000000 5 0 0 0000000000000011
0000000000000011 0215000002010000 0 00 00000000 5 0 0 0000000000000012
0000000000000012 8506000000000000 0 00 00000000 5 0 0 0000000000000013
0000000000000013 8506000000000000 0 00 00000000 5 0 0 0000000000000014
0000000000000014 0306000000000d00 1 0d 00000000 5 0 0 0000000000000015
0000000000000015 00520f1311000000 1 0f 00000000 5 0 0 0000000000000016
0000000000000016 8506000000000000 0 00 00000000 5 0 0 0000000000000017
0000000000000017 00730b01aaaaaa00 1 0b 00555556 5 0 0 0000000000000018
0000000000000018 00730307e9a62400 1 03 001659dc 5 0 0 0000000000000019
0000000000000019 8506000000000000 0 00 00000000 5 0 0 000000000000001a
000000000000001a 8506000000000000 0 00 00000000 5 0 0 000000000000001b
000000000000001b 8506000000000000 0 00 00000000 5 0 0 000000000000001c
000000000000001c 0306000000000a00 1 0a 00000000 5 0 0 000000000000001d
000000000000001d 00b3110300000c00 1 11 00000165 5 0 0 000000000000001e
000000000000001e 0013120053d35600 1 12 0053d356 5 0 0 000000000000001f
000000000000001f 0063041000001f00 1 04 00000000 5 0 0 0000000000000020
0000000000000020 0112000409000000 0 00 00000000 0 0 0 0000000000000021
0000000000000021 0215000003020000 0 00 00000000 0 0 1 0000000000000025
0000000000000025 8506000000000000 0 00 00000000 0 0 0 0000000000000026
0000000000000026 00230c0c00000000 1 0c 00000000 0 0 0 0000000000000027
0000000000000027 0062130102000000 1 13 00000000 0 0 0 0000000000000028
0000000000000028 00920d0d00000000 1 0d ffffffff 0 0 0 0000000000000029
0000000000000029 00130d0000000000 1 0d 00000000 0 0 0 000000000000002a
000000000000002a 001311007dd9ad00 1 11 007dd9ad 0 0 0 000000000000002b
000000000000002b 0072100112000000 1 10 ffac2caa 0 0 0 000000000000002c
000000000000002c 0013090000000100 1 09 00000001 0 0 0 000000000000002d
000000000000002d 0092070e00000000 1 07 ffffffff 0 0 0 000000000000002e
000000000000002e 00730a0cc84c7b00 1 0a 0037b385 0 0 0 000000000000002f
000000000000002f 00130a0081b1be00 1 0a ff81b1be 0 0 0 0000000000000030
0000000000000030 00131e0000000200 1 1e 00000002 0 0 0 0000000000000031
0000000000000031 0023151500000100 1 15 00000001 0 0 0 0000000000000032
0000000000000032 00731e1e00000100 1 1e 00000001 0 0 0 0000000000000033
0000000000000033 0102001e1d000000 0 00 00000000 4 0 0 0000000000000034
0000000000000034 0215fffffc040000 0 00 00000000 4 0 1 0000000000000031
0000000000000031 0023151500000100 1 15 00000002 4 0 0 0000000000000032
0000000000000032 00731e1e00000100 1 1e 00000000 4 0 0 0000000000000033
0000000000000033 0102001e1d000000 0 00 00000000 5 1 0 0000000000000034
0000000000000034 0215fffffc040000 0 00 00000000 5 1 0 0000000000000035
0000000000000035 7cf5000000000000 0 00 00000000 5 1 0 0000000000000036
DONE retired=54 fault=00 pc=0000000000000035
