0000000000000000 00131d0000000000 1 1d 00000000 0 0 0 0000000000000001
0000000000000001 00131000aaaaaa00 1 10 ffaaaaaa 0 0 0 0000000000000002
0000000000000002 00130b00526c8c00 1 0b 00526c8c 0 0 0 0000000000000003
0000000000000003 0013020000000000 1 02 00000000 0 0 0 0000000000000004
0000000000000004 00130b00b7739900 1 0b ffb77399 0 0 0 0000000000000005
0000000000000005 00131200993f7300 1 12 ff993f73 0 0 0 0000000000000006
0000000000000006 00a3010200001c00 1 01 00000000 0 0 0 0000000000000007
0000000000000007 0112000804000000 0 00 00000000 5 0 0 0000000000000008
0000000000000008 0215000002030000 0 00 00000000 5 0 1 000000000000000b
000000000000000b 0052070503000000 1 07 00000000 5 0 0 000000000000000c
000000000000000c 00620d0806000000 1 0d 00000000 5 0 0 000000000000000d
000000000000000d 0306000000000b00 1 0b 00000000 5 0 0 000000000000000e
000000000000000e 8506000000000000 0 00 00000000 5 0 0 000000000000000f
000000000000000f 011200060d000000 0 00 00000000 5 0 0 0000000000000010
0000000000000010 0215000003040000 0 00 00000000 5 0 0 0000000000000011
0000000000000011 8506000000000000 0 00 00000000 5 0 0 0000000000000012
0000000000000012 8506000000000000 0 00 00000000 5 0 0 0000000000000013
0000000000000013 8506000000000000 0 00 00000000 5 0 0 0000000000000014
0000000000000014 00131e0000000200 1 1e 00000002 5 0 0 0000000000000015
0000000000000015 0023151500000100 1 15 00000001 5 0 0 0000000000000016
0000000000000016 00731e1e00000100 1 1e 00000001 5 0 0 0000000000000017
0000000000000017 0102001e1d000000 0 00 00000000 4 0 0 0000000000000018
0000000000000018 0215fffffc040000 0 00 00000000 4 0 1 0000000000000015
0000000000000015 0023151500000100 1 15 00000002 4 0 0 0000000000000016
0000000000000016 00731e1e00000100 1 1e 00000000 4 0 0 0000000000000017
0000000000000017 0102001e1d000000 0 00 00000000 5 1 0 0000000000000018
0000000000000018 0215fffffc040000 0 00 00000000 5 1 0 0000000000000019
0000000000000019 7cf5000000000000 0 00 00000000 5 1 0 000000000000001a
DONE retired=28 fault=00 pc=0000000000000019
