0000000000000000 00131d0000000000 1 1d 00000000 0 0 0 0000000000000001
0000000000000001 8506000000000000 0 00 00000000 0 0 0 0000000000000002
0000000000000002 00731406ed738a00 1 14 00128c76 0 0 0 0000000000000003
0000000000000003 0112000d09000000 0 00 00000000 5 0 0 0000000000000004
0000000000000004 0215000003040000 0 00 00000000 5 0 0 0000000000000005
0000000000000005 8506000000000000 0 00 00000000 5 0 0 0000000000000006
0000000000000006 8506000000000000 0 00 00000000 5 0 0 0000000000000007
0000000000000007 8506000000000000 0 00 00000000 5 0 0 0000000000000008
0000000000000008 0112001002000000 0 00 00000000 5 0 0 0000000000000009
0000000000000009 0215000003040000 0 00 00000000 5 0 0 000000000000000a
000000000000000a 8506000000000000 0 00 00000000 5 0 0 000000000000000b
000000000000000b 8506000000000000 0 00 00000000 5 0 0 000000000000000c
000000000000000c 8506000000000000 0 00 00000000 5 0 0 000000000000000d
000000000000000d 0063030e00001200 1 03 00000000 5 0 0 000000000000000e
000000000000000e 00130f00ffffff00 1 0f ffffffff 5 0 0 000000000000000f
000000000000000f 8506000000000000 0 00 00000000 5 0 0 0000000000000010
0000000000000010 0112001010000000 0 00 00000000 5 0 0 0000000000000011
0000000000000011 0215000003020000 0 00 00000000 5 0 1 0000000000000015
0000000000000015 0102000501000000 0 00 00000000 5 1 0 0000000000000016
0000000000000016 02150000030e0000 0 00 00000000 5 1 1 000000000000001a
000000000000001a 0306000000000f00 1 0f 00000000 5 1 0 000000000000001b
000000000000001b 8506000000000000 0 00 00000000 5 1 0 000000000000001c
000000000000001c 00b3050500001800 1 05 00000000 5 1 0 000000000000001d
000000000000001d 0092131000000000 1 13 ffffffff 5 1 0 000000000000001e
000000000000001e 8506000000000000 0 00 00000000 5 1 0 000000000000001f
000000000000001f 0013050046c5fc00 1 05 0046c5fc 5 1 0 0000000000000020
0000000000000020 001302007e591300 1 02 007e5913 5 1 0 0000000000000021
0000000000000021 8506000000000000 0 00 00000000 5 1 0 0000000000000022
0000000000000022 0092100400000000 1 10 ffffffff 5 1 0 0000000000000023
0000000000000023 0073070491274f00 1 07 006ed8b1 5 1 0 0000000000000024
0000000000000024 00131e0000000200 1 1e 00000002 5 1 0 0000000000000025
0000000000000025 0023151500000100 1 15 00000001 5 1 0 0000000000000026
0000000000000026 00731e1e00000100 1 1e 00000001 5 1 0 0000000000000027
0000000000000027 0102001e1d000000 0 00 00000000 4 0 0 0000000000000028
0000000000000028 0215fffffc040000 0 00 00000000 4 0 1 0000000000000025
0000000000000025 0023151500000100 1 15 00000002 4 0 0 0000000000000026
0000000000000026 00731e1e00000100 1 1e 00000000 4 0 0 0000000000000027
0000000000000027 0102001e1d000000 0 00 00000000 5 1 0 0000000000000028
0000000000000028 0215fffffc040000 0 00 00000000 5 1 0 0000000000000029
0000000000000029 7cf5000000000000 0 00 00000000 5 1 0 000000000000002a
DONE retired=40 fault=00 pc=0000000000000029
