0000000000000000 00131d0000000000 1 1d 00000000 0 0 0 0000000000000001
0000000000000001 0112001104000000 0 00 00000000 5 0 0 0000000000000002
0000000000000002 02150000020c0000 0 00 00000000 5 0 1 0000000000000005
0000000000000005 8506000000000000 0 00 00000000 5 0 0 0000000000000006
0000000000000006 8506000000000000 0 00 00000000 5 0 0 0000000000000007
0000000000000007 8506000000000000 0 00 00000000 5 0 0 0000000000000008
0000000000000008 00b3100b00000600 1 10 00000000 5 0 0 0000000000000009
0000000000000009 00320d0403000000 1 0d 00000000 5 0 0 000000000000000a
000000000000000a 8506000000000000 0 00 00000000 5 0 0 000000000000000b
000000000000000b 00220a0505000000 1 0a 00000000 5 0 0 000000000000000c
000000000000000c 0013070099b3fd00 1 07 ff99b3fd 5 0 0 000000000000000d
000000000000000d 0042031005000000 1 03 00000000 5 0 0 000000000000000e
000000000000000e 0306000000000300 1 03 00000000 5 0 0 000000000000000f
000000000000000f 0112000302000000 0 00 00000000 5 0 0 0000000000000010
0000000000000010 02150000030c0000 0 00 00000000 5 0 1 0000000000000014
0000000000000014 00131e0000000200 1 1e 00000002 5 0 0 0000000000000015
0000000000000015 0023151500000100 1 15 00000001 5 0 0 0000000000000016
0000000000000016 00731e1e00000100 1 1e 00000001 5 0 0 0000000000000017
0000000000000017 0102001e1d000000 0 00 00000000 4 0 0 0000000000000018
0000000000000018 0215fffffc040000 0 00 00000000 4 0 1 0000000000000015
0000000000000015 0023151500000100 1 15 00000002 4 0 0 0000000000000016
0000000000000016 00731e1e00000100 1 1e 00000000 4 0 0 0000000000000017
0000000000000017 0102001e1d000000 0 00 00000000 5 1 0 0000000000000018
0000000000000018 0215fffffc040000 0 00 00000000 5 1 0 0000000000000019
0000000000000019 7cf5000000000000 0 00 00000000 5 1 0 000000000000001a
DONE retired=25 fault=00 pc=0000000000000019
