0000000000000000 0013140000004d00 1 14 0000004d 0 0 0 0000000000000001 bca60400 f bca60400 0 00 bca60400
0000000000000001 3411040016c0f000 0 00 00000000 0 0 0 0000000000000002 bca60400 f bca60400 1 04 bca60400
0000000000000002 104102020000f000 0 00 00000000 0 0 0 0000000000000003 bca60400 f bca60400 1 02 bca60400
0000000000000003 10610206001ff000 0 00 00000000 0 0 0 0000000000000004 bca60400 f bca60400 1 02 bca60400
0000000000000004 10110604234af000 0 00 00000000 0 0 0 0000000000000005 bca60400 f bca60400 1 06 bca60400
0000000000000005 0013150000000100 1 15 00000001 0 0 0 0000000000000006 bca60400 f bca60400 0 00 bca60400
0000000000000006 342004150000f000 0 00 00000000 0 0 0 0000000000000007 bca60400 f bca60400 1 04 bca60400
0000000000000007 0013160000000100 1 16 00000001 0 0 0 0000000000000008 bca60400 f bca60400 0 00 bca60400
0000000000000008 342006160000f000 0 00 00000000 0 0 0 0000000000000009 bca60400 f bca60400 1 06 bca60400
0000000000000009 10810606000ff000 0 00 00000000 0 0 0 000000000000000a bca60400 f bca60400 1 06 bca60400
000000000000000a 106103050020f000 0 00 00000000 0 0 0 000000000000000b bca60400 f bca60400 1 03 bca60400
000000000000000b 10710605001ff000 0 00 00000000 0 0 0 000000000000000c bca60400 f bca60400 1 06 bca60400
000000000000000c 1010040602003000 0 00 00000000 0 0 0 000000000000000d bca60400 3 80000000 1 04 80000000
000000000000000d 101006030300f000 0 00 00000000 0 0 0 000000000000000e bca60400 f bca60400 1 06 bca60400
000000000000000e 103006060300f000 0 00 00000000 0 0 0 000000000000000f bca60400 f bca60400 1 06 bca60400
000000000000000f 00131e0000000100 1 1e 00000001 0 0 0 0000000000000010 bca60400 f bca60400 0 00 bca60400
0000000000000010 0023171700000100 1 17 00000001 0 0 0 0000000000000011 bca60400 f bca60400 0 00 bca60400
0000000000000011 00731e1e00000100 1 1e 00000000 0 0 0 0000000000000012 bca60400 f bca60400 0 00 bca60400
0000000000000012 0013180000000000 1 18 00000000 0 0 0 0000000000000013 bca60400 f bca60400 0 00 bca60400
0000000000000013 0102001e18000000 0 00 00000000 5 1 0 0000000000000014 bca60400 f bca60400 0 00 bca60400
0000000000000014 0215fffffb040000 0 00 00000000 5 1 0 0000000000000015 bca60400 f bca60400 0 00 bca60400
0000000000000015 7cf5000000000000 0 00 00000000 5 1 0 0000000000000016 bca60400 f bca60400 0 00 bca60400
DONE retired=22 fault=00 pc=0000000000000015
