0000000000000000 00131d0000000000 1 1d 00000000 0 0 0 0000000000000001
0000000000000001 0042020609000000 1 02 00000000 0 0 0 0000000000000002
0000000000000002 00a20f0b10000000 1 0f 00000000 0 0 0 0000000000000003
0000000000000003 0072070309000000 1 07 00000000 0 0 0 0000000000000004
0000000000000004 001308005f790e00 1 08 005f790e 0 0 0 0000000000000005
0000000000000005 0072120301000000 1 12 00000000 0 0 0 0000000000000006
0000000000000006 00a3140100001f00 1 14 00000000 0 0 0 0000000000000007
0000000000000007 001301007e4fa300 1 01 007e4fa3 0 0 0 0000000000000008
0000000000000008 012200080d000000 0 00 00000000 4 1 0 0000000000000009
0000000000000009 02150000030d0000 0 00 00000000 4 1 0 000000000000000a
000000000000000a 8506000000000000 0 00 00000000 4 1 0 000000000000000b
000000000000000b 8506000000000000 0 00 00000000 4 1 0 000000000000000c
000000000000000c 8506000000000000 0 00 00000000 4 1 0 000000000000000d
000000000000000d 00b3020c00002100 1 02 00000000 4 1 0 000000000000000e
000000000000000e 0072020912000000 1 02 00000000 4 1 0 000000000000000f
000000000000000f 00730801cc088f00 1 08 00b24714 4 1 0 0000000000000010
0000000000000010 0082120c06000000 1 12 00000000 4 1 0 0000000000000011
0000000000000011 0013090020ae5e00 1 09 0020ae5e 4 1 0 0000000000000012
0000000000000012 00131000998ac100 1 10 ff998ac1 4 1 0 0000000000000013
0000000000000013 8506000000000000 0 00 00000000 4 1 0 0000000000000014
0000000000000014 00220e0114000000 1 0e 007e4fa3 4 1 0 0000000000000015
0000000000000015 8506000000000000 0 00 00000000 4 1 0 0000000000000016
0000000000000016 0013020000000000 1 02 00000000 4 1 0 0000000000000017
0000000000000017 0102000410000000 0 00 00000000 0 0 0 0000000000000018
0000000000000018 0215000001020000 0 00 00000000 0 0 1 000000000000001a
000000000000001a 00b30a1200001e00 1 0a 00000000 0 0 0 000000000000001b
000000000000001b 00130e0000000000 1 0e 00000000 0 0 0 000000000000001c
000000000000001c 00b2030704000000 1 03 00000000 0 0 0 000000000000001d
000000000000001d 0122001103000000 0 00 00000000 5 0 0 000000000000001e
000000000000001e 02150000010e0000 0 00 00000000 5 0 1 0000000000000020
0000000000000020 00b3120700001100 1 12 00000000 5 0 0 0000000000000021
0000000000000021 8506000000000000 0 00 00000000 5 0 0 0000000000000022
0000000000000022 00a30a0b00001700 1 0a 00000000 5 0 0 0000000000000023
0000000000000023 0122000402000000 0 00 00000000 5 0 0 0000000000000024
0000000000000024 02150000010c0000 0 00 00000000 5 0 1 0000000000000026
0000000000000026 8506000000000000 0 00 00000000 5 0 0 0000000000000027
0000000000000027 0122000902000000 0 00 00000000 4 1 0 0000000000000028
0000000000000028 02150000010e0000 0 00 00000000 4 1 1 000000000000002a
000000000000002a 00131e0000000300 1 1e 00000003 4 1 0 000000000000002b
000000000000002b 0023151500000100 1 15 00000001 4 1 0 000000000000002c
000000000000002c 00731e1e00000100 1 1e 00000002 4 1 0 000000000000002d
000000000000002d 0102001e1d000000 0 00 00000000 4 0 0 000000000000002e
000000000000002e 0215fffffc040000 0 00 00000000 4 0 1 000000000000002b
000000000000002b 0023151500000100 1 15 00000002 4 0 0 000000000000002c
000000000000002c 00731e1e00000100 1 1e 00000001 4 0 0 000000000000002d
000000000000002d 0102001e1d000000 0 00 00000000 4 0 0 000000000000002e
000000000000002e 0215fffffc040000 0 00 00000000 4 0 1 000000000000002b
000000000000002b 0023151500000100 1 15 00000003 4 0 0 000000000000002c
000000000000002c 00731e1e00000100 1 1e 00000000 4 0 0 000000000000002d
000000000000002d 0102001e1d000000 0 00 00000000 5 1 0 000000000000002e
000000000000002e 0215fffffc040000 0 00 00000000 5 1 0 000000000000002f
000000000000002f 7cf5000000000000 0 00 00000000 5 1 0 0000000000000030
DONE retired=52 fault=00 pc=000000000000002f
