0000000000000000 0013140000004d00 1 14 0000004d 0 0 0 0000000000000001 fffffc00 f fffffc00 0 00 fffffc00
0000000000000001 102002050500f000 0 00 00000000 0 0 0 0000000000000002 fffffc00 f fffffc00 1 02 fffffc00
0000000000000002 103004050200d000 0 00 00000000 0 0 0 0000000000000003 fffffc00 d ce27c400 1 04 ce27c400
0000000000000003 343002000000f000 0 00 00000000 0 0 0 0000000000000004 fffffc00 f fffffc00 1 02 fffffc00
0000000000000004 00131600ffffff00 1 16 ffffffff 0 0 0 0000000000000005 fffffc00 f fffffc00 0 00 fffffc00
0000000000000005 342003160000f000 0 00 00000000 0 0 0 0000000000000006 fffffc00 f fffffc00 1 03 fffffc00
0000000000000006 108105030010f000 0 00 00000000 0 0 0 0000000000000007 fffffc00 f fffffc00 1 05 fffffc00
0000000000000007 340004020000f000 0 00 00000000 0 0 0 0000000000000008 fffffc00 f fffffc00 1 04 fffffc00
0000000000000008 101102060001f000 0 00 00000000 0 0 0 0000000000000009 fffffc00 f fffffc00 1 02 fffffc00
0000000000000009 100106038000f000 0 00 00000000 0 0 0 000000000000000a fffffc00 f fffffc00 1 06 fffffc00
000000000000000a 343002000000f000 0 00 00000000 0 0 0 000000000000000b fffffc00 f fffffc00 1 02 fffffc00
000000000000000b 00131e0000000200 1 1e 00000002 0 0 0 000000000000000c fffffc00 f fffffc00 0 00 fffffc00
000000000000000c 0023171700000100 1 17 00000001 0 0 0 000000000000000d fffffc00 f fffffc00 0 00 fffffc00
000000000000000d 00731e1e00000100 1 1e 00000001 0 0 0 000000000000000e fffffc00 f fffffc00 0 00 fffffc00
000000000000000e 0013180000000000 1 18 00000000 0 0 0 000000000000000f fffffc00 f fffffc00 0 00 fffffc00
000000000000000f 0102001e18000000 0 00 00000000 4 0 0 0000000000000010 fffffc00 f fffffc00 0 00 fffffc00
0000000000000010 0215fffffb040000 0 00 00000000 4 0 1 000000000000000c fffffc00 f fffffc00 0 00 fffffc00
000000000000000c 0023171700000100 1 17 00000002 4 0 0 000000000000000d fffffc00 f fffffc00 0 00 fffffc00
000000000000000d 00731e1e00000100 1 1e 00000000 4 0 0 000000000000000e fffffc00 f fffffc00 0 00 fffffc00
000000000000000e 0013180000000000 1 18 00000000 4 0 0 000000000000000f fffffc00 f fffffc00 0 00 fffffc00
000000000000000f 0102001e18000000 0 00 00000000 5 1 0 0000000000000010 fffffc00 f fffffc00 0 00 fffffc00
0000000000000010 0215fffffb040000 0 00 00000000 5 1 0 0000000000000011 fffffc00 f fffffc00 0 00 fffffc00
0000000000000011 7cf5000000000000 0 00 00000000 5 1 0 0000000000000012 fffffc00 f fffffc00 0 00 fffffc00
DONE retired=23 fault=00 pc=0000000000000011
