0000000000000000 00131d0000000000 1 1d 00000000 0 0 0 0000000000000001
0000000000000001 0092110200000000 1 11 ffffffff 0 0 0 0000000000000002
0000000000000002 004207050c000000 1 07 00000000 0 0 0 0000000000000003
0000000000000003 8506000000000000 0 00 00000000 0 0 0 0000000000000004
0000000000000004 8506000000000000 0 00 00000000 0 0 0 0000000000000005
0000000000000005 00920f0200000000 1 0f ffffffff 0 0 0 0000000000000006
0000000000000006 0306000000000b00 1 0b 00000000 0 0 0 0000000000000007
0000000000000007 8506000000000000 0 00 00000000 0 0 0 0000000000000008
0000000000000008 8506000000000000 0 00 00000000 0 0 0 0000000000000009
0000000000000009 8506000000000000 0 00 00000000 0 0 0 000000000000000a
000000000000000a 0112000611000000 0 00 00000000 0 0 0 000000000000000b
000000000000000b 02150000020b0000 0 00 00000000 0 0 0 000000000000000c
000000000000000c 8506000000000000 0 00 00000000 0 0 0 000000000000000d
000000000000000d 8506000000000000 0 00 00000000 0 0 0 000000000000000e
000000000000000e 0306000000000600 1 06 00000000 0 0 0 000000000000000f
000000000000000f 00b3110300000d00 1 11 00000000 0 0 0 0000000000000010
0000000000000010 0092130100000000 1 13 ffffffff 0 0 0 0000000000000011
0000000000000011 00630a0400001d00 1 0a 00000000 0 0 0 0000000000000012
0000000000000012 00a3100b00001200 1 10 00000000 0 0 0 0000000000000013
0000000000000013 8506000000000000 0 00 00000000 0 0 0 0000000000000014
0000000000000014 8506000000000000 0 00 00000000 0 0 0 0000000000000015
0000000000000015 00720f040e000000 1 0f 00000000 0 0 0 0000000000000016
0000000000000016 00920e1000000000 1 0e ffffffff 0 0 0 0000000000000017
0000000000000017 8506000000000000 0 00 00000000 0 0 0 0000000000000018
0000000000000018 00130a00ffffff00 1 0a ffffffff 0 0 0 0000000000000019
0000000000000019 0013080055555500 1 08 00555555 0 0 0 000000000000001a
000000000000001a 00a2070e0e000000 1 07 00000001 0 0 0 000000000000001b
000000000000001b 0032110802000000 1 11 00000000 0 0 0 000000000000001c
000000000000001c 0306000000000200 1 02 00000000 0 0 0 000000000000001d
000000000000001d 0052010a0c000000 1 01 ffffffff 0 0 0 000000000000001e
000000000000001e 0122000b11000000 0 00 00000000 5 0 0 000000000000001f
000000000000001f 0215000003010000 0 00 00000000 5 0 0 0000000000000020
0000000000000020 8506000000000000 0 00 00000000 5 0 0 0000000000000021
0000000000000021 8506000000000000 0 00 00000000 5 0 0 0000000000000022
0000000000000022 8506000000000000 0 00 00000000 5 0 0 0000000000000023
0000000000000023 8506000000000000 0 00 00000000 5 0 0 0000000000000024
0000000000000024 0092091200000000 1 09 ffffffff 5 0 0 0000000000000025
0000000000000025 00b2071302000000 1 07 ffffffff 5 0 0 0000000000000026
0000000000000026 00230402ffffff00 1 04 ffffffff 5 0 0 0000000000000027
0000000000000027 8506000000000000 0 00 00000000 5 0 0 0000000000000028
0000000000000028 0092010c00000000 1 01 ffffffff 5 0 0 0000000000000029
0000000000000029 0022140e10000000 1 14 ffffffff 5 0 0 000000000000002a
000000000000002a 0112000a01000000 0 00 00000000 5 0 0 000000000000002b
000000000000002b 0215000001020000 0 00 00000000 5 0 1 000000000000002d
000000000000002d 00131e0000000400 1 1e 00000004 5 0 0 000000000000002e
000000000000002e 0023151500000100 1 15 00000001 5 0 0 000000000000002f
000000000000002f 00731e1e00000100 1 1e 00000003 5 0 0 0000000000000030
0000000000000030 0102001e1d000000 0 00 00000000 4 0 0 0000000000000031
0000000000000031 0215fffffc040000 0 00 00000000 4 0 1 000000000000002e
000000000000002e 0023151500000100 1 15 00000002 4 0 0 000000000000002f
000000000000002f 00731e1e00000100 1 1e 00000002 4 0 0 0000000000000030
0000000000000030 0102001e1d000000 0 00 00000000 4 0 0 0000000000000031
0000000000000031 0215fffffc040000 0 00 00000000 4 0 1 000000000000002e
000000000000002e 0023151500000100 1 15 00000003 4 0 0 000000000000002f
000000000000002f 00731e1e00000100 1 1e 00000001 4 0 0 0000000000000030
0000000000000030 0102001e1d000000 0 00 00000000 4 0 0 0000000000000031
0000000000000031 0215fffffc040000 0 00 00000000 4 0 1 000000000000002e
000000000000002e 0023151500000100 1 15 00000004 4 0 0 000000000000002f
000000000000002f 00731e1e00000100 1 1e 00000000 4 0 0 0000000000000030
0000000000000030 0102001e1d000000 0 00 00000000 5 1 0 0000000000000031
0000000000000031 0215fffffc040000 0 00 00000000 5 1 0 0000000000000032
0000000000000032 7cf5000000000000 0 00 00000000 5 1 0 0000000000000033
DONE retired=62 fault=00 pc=0000000000000032
