0000000000000000 0013140000004d00 1 14 0000004d 0 0 0 0000000000000001 c8eff346 f c8eff346 0 00 c8eff346
0000000000000001 10710502003ff000 0 00 00000000 0 0 0 0000000000000002 c8eff346 f c8eff346 1 05 c8eff346
0000000000000002 0013160000000000 1 16 00000000 0 0 0 0000000000000003 c8eff346 f c8eff346 0 00 c8eff346
0000000000000003 342004160000f000 0 00 00000000 0 0 0 0000000000000004 c8eff346 f c8eff346 1 04 c8eff346
0000000000000004 108106040000f000 0 00 00000000 0 0 0 0000000000000005 c8eff346 f c8eff346 1 06 c8eff346
0000000000000005 340002020000f000 0 00 00000000 0 0 0 0000000000000006 c8eff346 f c8eff346 1 02 c8eff346
0000000000000006 343002000000f000 0 00 00000000 0 0 0 0000000000000007 c8eff346 f c8eff346 1 02 c8eff346
0000000000000007 3400040400009000 0 00 00000000 0 0 0 0000000000000008 c8eff346 9 00000000 1 04 00000000
0000000000000008 102004030200f000 0 00 00000000 0 0 0 0000000000000009 c8eff346 f c8eff346 1 04 c8eff346
0000000000000009 10610502000ff000 0 00 00000000 0 0 0 000000000000000a c8eff346 f c8eff346 1 05 c8eff346
000000000000000a 341104000000f000 0 00 00000000 0 0 0 000000000000000b c8eff346 f c8eff346 1 04 c8eff346
000000000000000b 106102050021f000 0 00 00000000 0 0 0 000000000000000c c8eff346 f c8eff346 1 02 c8eff346
000000000000000c 341103007ffff000 0 00 00000000 0 0 0 000000000000000d c8eff346 f c8eff346 1 03 c8eff346
000000000000000d 00131600ffffff00 1 16 ffffffff 0 0 0 000000000000000e c8eff346 f c8eff346 0 00 c8eff346
000000000000000e 342006160000f000 0 00 00000000 0 0 0 000000000000000f c8eff346 f c8eff346 1 06 c8eff346
000000000000000f 108106060020f000 0 00 00000000 0 0 0 0000000000000010 c8eff346 f c8eff346 1 06 c8eff346
0000000000000010 101003040600a000 0 00 00000000 0 0 0 0000000000000011 c8eff346 a 00000000 1 03 00000000
0000000000000011 10710202000ff000 0 00 00000000 0 0 0 0000000000000012 c8eff346 f c8eff346 1 02 c8eff346
0000000000000012 340006020000f000 0 00 00000000 0 0 0 0000000000000013 c8eff346 f c8eff346 1 06 c8eff346
0000000000000013 105006060500f000 0 00 00000000 0 0 0 0000000000000014 c8eff346 f c8eff346 1 06 c8eff346
0000000000000014 104006040500f000 0 00 00000000 0 0 0 0000000000000015 c8eff346 f c8eff346 1 06 c8eff346
0000000000000015 104004020500d000 0 00 00000000 0 0 0 0000000000000016 c8eff346 d 0826b006 1 04 0826b006
0000000000000016 101005030200f000 0 00 00000000 0 0 0 0000000000000017 c8eff346 f c8eff346 1 05 c8eff346
0000000000000017 10410302fffff000 0 00 00000000 0 0 0 0000000000000018 c8eff346 f c8eff346 1 03 c8eff346
0000000000000018 101002060600f000 0 00 00000000 0 0 0 0000000000000019 c8eff346 f c8eff346 1 02 c8eff346
0000000000000019 00131e0000000300 1 1e 00000003 0 0 0 000000000000001a c8eff346 f c8eff346 0 00 c8eff346
000000000000001a 0023171700000100 1 17 00000001 0 0 0 000000000000001b c8eff346 f c8eff346 0 00 c8eff346
000000000000001b 00731e1e00000100 1 1e 00000002 0 0 0 000000000000001c c8eff346 f c8eff346 0 00 c8eff346
000000000000001c 0013180000000000 1 18 00000000 0 0 0 000000000000001d c8eff346 f c8eff346 0 00 c8eff346
000000000000001d 0102001e18000000 0 00 00000000 4 0 0 000000000000001e c8eff346 f c8eff346 0 00 c8eff346
000000000000001e 0215fffffb040000 0 00 00000000 4 0 1 000000000000001a c8eff346 f c8eff346 0 00 c8eff346
000000000000001a 0023171700000100 1 17 00000002 4 0 0 000000000000001b c8eff346 f c8eff346 0 00 c8eff346
000000000000001b 00731e1e00000100 1 1e 00000001 4 0 0 000000000000001c c8eff346 f c8eff346 0 00 c8eff346
000000000000001c 0013180000000000 1 18 00000000 4 0 0 000000000000001d c8eff346 f c8eff346 0 00 c8eff346
000000000000001d 0102001e18000000 0 00 00000000 4 0 0 000000000000001e c8eff346 f c8eff346 0 00 c8eff346
000000000000001e 0215fffffb040000 0 00 00000000 4 0 1 000000000000001a c8eff346 f c8eff346 0 00 c8eff346
000000000000001a 0023171700000100 1 17 00000003 4 0 0 000000000000001b c8eff346 f c8eff346 0 00 c8eff346
000000000000001b 00731e1e00000100 1 1e 00000000 4 0 0 000000000000001c c8eff346 f c8eff346 0 00 c8eff346
000000000000001c 0013180000000000 1 18 00000000 4 0 0 000000000000001d c8eff346 f c8eff346 0 00 c8eff346
000000000000001d 0102001e18000000 0 00 00000000 5 1 0 000000000000001e c8eff346 f c8eff346 0 00 c8eff346
000000000000001e 0215fffffb040000 0 00 00000000 5 1 0 000000000000001f c8eff346 f c8eff346 0 00 c8eff346
000000000000001f 7cf5000000000000 0 00 00000000 5 1 0 0000000000000020 c8eff346 f c8eff346 0 00 c8eff346
DONE retired=42 fault=00 pc=000000000000001f
