0000000000000000 0013140000004d00 1 14 0000004d 0 0 0 0000000000000001 595fd6ff f 595fd6ff 0 00 595fd6ff
0000000000000001 10710205001ff000 0 00 00000000 0 0 0 0000000000000002 595fd6ff f 595fd6ff 1 02 595fd6ff
0000000000000002 107104050021f000 0 00 00000000 0 0 0 0000000000000003 595fd6ff f 595fd6ff 1 04 595fd6ff
0000000000000003 341106000000f000 0 00 00000000 0 0 0 0000000000000004 595fd6ff f 595fd6ff 1 06 595fd6ff
0000000000000004 343002000000f000 0 00 00000000 0 0 0 0000000000000005 595fd6ff f 595fd6ff 1 02 595fd6ff
0000000000000005 3411050069482000 0 00 00000000 0 0 0 0000000000000006 595fd6ff 2 595fd6ff 1 05 595fd6ff
0000000000000006 00131600ffffff00 1 16 ffffffff 0 0 0 0000000000000007 595fd6ff f 595fd6ff 0 00 595fd6ff
0000000000000007 342004160000f000 0 00 00000000 0 0 0 0000000000000008 595fd6ff f 595fd6ff 1 04 595fd6ff
0000000000000008 10810504001ff000 0 00 00000000 0 0 0 0000000000000009 595fd6ff f 595fd6ff 1 05 595fd6ff
0000000000000009 343005000000f000 0 00 00000000 0 0 0 000000000000000a 595fd6ff f 595fd6ff 1 05 595fd6ff
000000000000000a 107104060001f000 0 00 00000000 0 0 0 000000000000000b 595fd6ff f 595fd6ff 1 04 595fd6ff
000000000000000b 101005040500f000 0 00 00000000 0 0 0 000000000000000c 595fd6ff f 595fd6ff 1 05 595fd6ff
000000000000000c 340003040000f000 0 00 00000000 0 0 0 000000000000000d 595fd6ff f 595fd6ff 1 03 595fd6ff
000000000000000d 0013150000000100 1 15 00000001 0 0 0 000000000000000e 595fd6ff f 595fd6ff 0 00 595fd6ff
000000000000000e 342005150000f000 0 00 00000000 0 0 0 000000000000000f 595fd6ff f 595fd6ff 1 05 595fd6ff
000000000000000f 106106020025f000 0 00 00000000 0 0 0 0000000000000010 595fd6ff f 595fd6ff 1 06 595fd6ff
0000000000000010 341102008000f000 0 00 00000000 0 0 0 0000000000000011 595fd6ff f 595fd6ff 1 02 595fd6ff
0000000000000011 1000060206003000 0 00 00000000 0 0 0 0000000000000012 595fd6ff 3 094e02d0 1 06 094e02d0
0000000000000012 340003060000f000 0 00 00000000 0 0 0 0000000000000013 595fd6ff f 595fd6ff 1 03 595fd6ff
0000000000000013 1020060506008000 0 00 00000000 0 0 0 0000000000000014 595fd6ff 8 595fd6ff 1 06 595fd6ff
0000000000000014 0013150000000000 1 15 00000000 0 0 0 0000000000000015 595fd6ff f 595fd6ff 0 00 595fd6ff
0000000000000015 3420021500003000 0 00 00000000 0 0 0 0000000000000016 595fd6ff 3 094e02d0 1 02 094e02d0
0000000000000016 101003050500f000 0 00 00000000 0 0 0 0000000000000017 595fd6ff f 595fd6ff 1 03 595fd6ff
0000000000000017 102003040600f000 0 00 00000000 0 0 0 0000000000000018 595fd6ff f 595fd6ff 1 03 595fd6ff
0000000000000018 104002020600f000 0 00 00000000 0 0 0 0000000000000019 595fd6ff f 595fd6ff 1 02 595fd6ff
0000000000000019 340002050000d000 0 00 00000000 0 0 0 000000000000001a 595fd6ff d 51555455 1 02 51555455
000000000000001a 00131e0000000200 1 1e 00000002 0 0 0 000000000000001b 595fd6ff f 595fd6ff 0 00 595fd6ff
000000000000001b 0023171700000100 1 17 00000001 0 0 0 000000000000001c 595fd6ff f 595fd6ff 0 00 595fd6ff
000000000000001c 00731e1e00000100 1 1e 00000001 0 0 0 000000000000001d 595fd6ff f 595fd6ff 0 00 595fd6ff
000000000000001d 0013180000000000 1 18 00000000 0 0 0 000000000000001e 595fd6ff f 595fd6ff 0 00 595fd6ff
000000000000001e 0102001e18000000 0 00 00000000 4 0 0 000000000000001f 595fd6ff f 595fd6ff 0 00 595fd6ff
000000000000001f 0215fffffb040000 0 00 00000000 4 0 1 000000000000001b 595fd6ff f 595fd6ff 0 00 595fd6ff
000000000000001b 0023171700000100 1 17 00000002 4 0 0 000000000000001c 595fd6ff f 595fd6ff 0 00 595fd6ff
000000000000001c 00731e1e00000100 1 1e 00000000 4 0 0 000000000000001d 595fd6ff f 595fd6ff 0 00 595fd6ff
000000000000001d 0013180000000000 1 18 00000000 4 0 0 000000000000001e 595fd6ff f 595fd6ff 0 00 595fd6ff
000000000000001e 0102001e18000000 0 00 00000000 5 1 0 000000000000001f 595fd6ff f 595fd6ff 0 00 595fd6ff
000000000000001f 0215fffffb040000 0 00 00000000 5 1 0 0000000000000020 595fd6ff f 595fd6ff 0 00 595fd6ff
0000000000000020 7cf5000000000000 0 00 00000000 5 1 0 0000000000000021 595fd6ff f 595fd6ff 0 00 595fd6ff
DONE retired=38 fault=00 pc=0000000000000020
