0000000000000000 0013140000004d00 1 14 0000004d 0 0 0 0000000000000001 04000000 f 04000000 0 00 04000000
0000000000000001 343006000000f000 0 00 00000000 0 0 0 0000000000000002 04000000 f 04000000 1 06 04000000
0000000000000002 10610506001ff000 0 00 00000000 0 0 0 0000000000000003 04000000 f 04000000 1 05 04000000
0000000000000003 102003060200f000 0 00 00000000 0 0 0 0000000000000004 04000000 f 04000000 1 03 04000000
0000000000000004 101002020200f000 0 00 00000000 0 0 0 0000000000000005 04000000 f 04000000 1 02 04000000
0000000000000005 0013150055555500 1 15 00555555 0 0 0 0000000000000006 04000000 f 04000000 0 00 04000000
0000000000000006 342003150000d000 0 00 00000000 0 0 0 0000000000000007 04000000 d 00000000 1 03 00000000
0000000000000007 10610406003ff000 0 00 00000000 0 0 0 0000000000000008 04000000 f 04000000 1 04 04000000
0000000000000008 106104050010f000 0 00 00000000 0 0 0 0000000000000009 04000000 f 04000000 1 04 04000000
0000000000000009 104004050200f000 0 00 00000000 0 0 0 000000000000000a 04000000 f 04000000 1 04 04000000
000000000000000a 107105020000f000 0 00 00000000 0 0 0 000000000000000b 04000000 f 04000000 1 05 04000000
000000000000000b 00131600ffffff00 1 16 ffffffff 0 0 0 000000000000000c 04000000 f 04000000 0 00 04000000
000000000000000c 342006160000f000 0 00 00000000 0 0 0 000000000000000d 04000000 f 04000000 1 06 04000000
000000000000000d 10810206001ff000 0 00 00000000 0 0 0 000000000000000e 04000000 f 04000000 1 02 04000000
000000000000000e 00131600ffffff00 1 16 ffffffff 0 0 0 000000000000000f 04000000 f 04000000 0 00 04000000
000000000000000f 342006160000f000 0 00 00000000 0 0 0 0000000000000010 04000000 f 04000000 1 06 04000000
0000000000000010 108105060000f000 0 00 00000000 0 0 0 0000000000000011 04000000 f 04000000 1 05 04000000
0000000000000011 343004000000f000 0 00 00000000 0 0 0 0000000000000012 04000000 f 04000000 1 04 04000000
0000000000000012 101002040200f000 0 00 00000000 0 0 0 0000000000000013 04000000 f 04000000 1 02 04000000
0000000000000013 102004060200f000 0 00 00000000 0 0 0 0000000000000014 04000000 f 04000000 1 04 04000000
0000000000000014 343005000000f000 0 00 00000000 0 0 0 0000000000000015 04000000 f 04000000 1 05 04000000
0000000000000015 343006000000f000 0 00 00000000 0 0 0 0000000000000016 04000000 f 04000000 1 06 04000000
0000000000000016 10610306000cf000 0 00 00000000 0 0 0 0000000000000017 04000000 f 04000000 1 03 04000000
0000000000000017 0013150000000000 1 15 00000000 0 0 0 0000000000000018 04000000 f 04000000 0 00 04000000
0000000000000018 342006150000f000 0 00 00000000 0 0 0 0000000000000019 04000000 f 04000000 1 06 04000000
0000000000000019 0013160000000000 1 16 00000000 0 0 0 000000000000001a 04000000 f 04000000 0 00 04000000
000000000000001a 342005160000f000 0 00 00000000 0 0 0 000000000000001b 04000000 f 04000000 1 05 04000000
000000000000001b 108102050020f000 0 00 00000000 0 0 0 000000000000001c 04000000 f 04000000 1 02 04000000
000000000000001c 107104050000f000 0 00 00000000 0 0 0 000000000000001d 04000000 f 04000000 1 04 04000000
000000000000001d 101006030200f000 0 00 00000000 0 0 0 000000000000001e 04000000 f 04000000 1 06 04000000
000000000000001e 107105030001f000 0 00 00000000 0 0 0 000000000000001f 04000000 f 04000000 1 05 04000000
000000000000001f 340004060000f000 0 00 00000000 0 0 0 0000000000000020 04000000 f 04000000 1 04 04000000
0000000000000020 0013150000000000 1 15 00000000 0 0 0 0000000000000021 04000000 f 04000000 0 00 04000000
0000000000000021 342002150000f000 0 00 00000000 0 0 0 0000000000000022 04000000 f 04000000 1 02 04000000
0000000000000022 341104004e56f000 0 00 00000000 0 0 0 0000000000000023 04000000 f 04000000 1 04 04000000
0000000000000023 3411020027dcf000 0 00 00000000 0 0 0 0000000000000024 04000000 f 04000000 1 02 04000000
0000000000000024 00131e0000000200 1 1e 00000002 0 0 0 0000000000000025 04000000 f 04000000 0 00 04000000
0000000000000025 0023171700000100 1 17 00000001 0 0 0 0000000000000026 04000000 f 04000000 0 00 04000000
0000000000000026 00731e1e00000100 1 1e 00000001 0 0 0 0000000000000027 04000000 f 04000000 0 00 04000000
0000000000000027 0013180000000000 1 18 00000000 0 0 0 0000000000000028 04000000 f 04000000 0 00 04000000
0000000000000028 0102001e18000000 0 00 00000000 4 0 0 0000000000000029 04000000 f 04000000 0 00 04000000
0000000000000029 0215fffffb040000 0 00 00000000 4 0 1 0000000000000025 04000000 f 04000000 0 00 04000000
0000000000000025 0023171700000100 1 17 00000002 4 0 0 0000000000000026 04000000 f 04000000 0 00 04000000
0000000000000026 00731e1e00000100 1 1e 00000000 4 0 0 0000000000000027 04000000 f 04000000 0 00 04000000
0000000000000027 0013180000000000 1 18 00000000 4 0 0 0000000000000028 04000000 f 04000000 0 00 04000000
0000000000000028 0102001e18000000 0 00 00000000 5 1 0 0000000000000029 04000000 f 04000000 0 00 04000000
0000000000000029 0215fffffb040000 0 00 00000000 5 1 0 000000000000002a 04000000 f 04000000 0 00 04000000
000000000000002a 7cf5000000000000 0 00 00000000 5 1 0 000000000000002b 04000000 f 04000000 0 00 04000000
DONE retired=48 fault=00 pc=000000000000002a
