0000000000000000 0013140000004d00 1 14 0000004d 0 0 0 0000000000000001 e8516c78 f e8516c78 0 00 e8516c78
0000000000000001 102006060300f000 0 00 00000000 0 0 0 0000000000000002 e8516c78 f e8516c78 1 06 e8516c78
0000000000000002 107103040000f000 0 00 00000000 0 0 0 0000000000000003 e8516c78 f e8516c78 1 03 e8516c78
0000000000000003 107105020020f000 0 00 00000000 0 0 0 0000000000000004 e8516c78 f e8516c78 1 05 e8516c78
0000000000000004 107105060020f000 0 00 00000000 0 0 0 0000000000000005 e8516c78 f e8516c78 1 05 e8516c78
0000000000000005 10710205000af000 0 00 00000000 0 0 0 0000000000000006 e8516c78 f e8516c78 1 02 e8516c78
0000000000000006 340005020000f000 0 00 00000000 0 0 0 0000000000000007 e8516c78 f e8516c78 1 05 e8516c78
0000000000000007 103104046cb9f000 0 00 00000000 0 0 0 0000000000000008 e8516c78 f e8516c78 1 04 e8516c78
0000000000000008 3411030000019000 0 00 00000000 0 0 0 0000000000000009 e8516c78 9 a8516438 1 03 a8516438
0000000000000009 10710603000ff000 0 00 00000000 0 0 0 000000000000000a e8516c78 f e8516c78 1 06 e8516c78
000000000000000a 0013160000000100 1 16 00000001 0 0 0 000000000000000b e8516c78 f e8516c78 0 00 e8516c78
000000000000000b 342003160000f000 0 00 00000000 0 0 0 000000000000000c e8516c78 f e8516c78 1 03 e8516c78
000000000000000c 10810503000ff000 0 00 00000000 0 0 0 000000000000000d e8516c78 f e8516c78 1 05 e8516c78
000000000000000d 00131e0000000300 1 1e 00000003 0 0 0 000000000000000e e8516c78 f e8516c78 0 00 e8516c78
000000000000000e 0023171700000100 1 17 00000001 0 0 0 000000000000000f e8516c78 f e8516c78 0 00 e8516c78
000000000000000f 00731e1e00000100 1 1e 00000002 0 0 0 0000000000000010 e8516c78 f e8516c78 0 00 e8516c78
0000000000000010 0013180000000000 1 18 00000000 0 0 0 0000000000000011 e8516c78 f e8516c78 0 00 e8516c78
0000000000000011 0102001e18000000 0 00 00000000 4 0 0 0000000000000012 e8516c78 f e8516c78 0 00 e8516c78
0000000000000012 0215fffffb040000 0 00 00000000 4 0 1 000000000000000e e8516c78 f e8516c78 0 00 e8516c78
000000000000000e 0023171700000100 1 17 00000002 4 0 0 000000000000000f e8516c78 f e8516c78 0 00 e8516c78
000000000000000f 00731e1e00000100 1 1e 00000001 4 0 0 0000000000000010 e8516c78 f e8516c78 0 00 e8516c78
0000000000000010 0013180000000000 1 18 00000000 4 0 0 0000000000000011 e8516c78 f e8516c78 0 00 e8516c78
0000000000000011 0102001e18000000 0 00 00000000 4 0 0 0000000000000012 e8516c78 f e8516c78 0 00 e8516c78
0000000000000012 0215fffffb040000 0 00 00000000 4 0 1 000000000000000e e8516c78 f e8516c78 0 00 e8516c78
000000000000000e 0023171700000100 1 17 00000003 4 0 0 000000000000000f e8516c78 f e8516c78 0 00 e8516c78
000000000000000f 00731e1e00000100 1 1e 00000000 4 0 0 0000000000000010 e8516c78 f e8516c78 0 00 e8516c78
0000000000000010 0013180000000000 1 18 00000000 4 0 0 0000000000000011 e8516c78 f e8516c78 0 00 e8516c78
0000000000000011 0102001e18000000 0 00 00000000 5 1 0 0000000000000012 e8516c78 f e8516c78 0 00 e8516c78
0000000000000012 0215fffffb040000 0 00 00000000 5 1 0 0000000000000013 e8516c78 f e8516c78 0 00 e8516c78
0000000000000013 7cf5000000000000 0 00 00000000 5 1 0 0000000000000014 e8516c78 f e8516c78 0 00 e8516c78
DONE retired=30 fault=00 pc=0000000000000013
