0000000000000000 0013140000004d00 1 14 0000004d 0 0 0 0000000000000001 00100000 f 00100000 0 00 00100000
0000000000000001 340006040000f000 0 00 00000000 0 0 0 0000000000000002 00100000 f 00100000 1 06 00100000
0000000000000002 100005040300f000 0 00 00000000 0 0 0 0000000000000003 00100000 f 00100000 1 05 00100000
0000000000000003 107103050001f000 0 00 00000000 0 0 0 0000000000000004 00100000 f 00100000 1 03 00100000
0000000000000004 0013150000000100 1 15 00000001 0 0 0 0000000000000005 00100000 f 00100000 0 00 00100000
0000000000000005 342006150000f000 0 00 00000000 0 0 0 0000000000000006 00100000 f 00100000 1 06 00100000
0000000000000006 340003050000e000 0 00 00000000 0 0 0 0000000000000007 00100000 e 00000000 1 03 00000000
0000000000000007 343003000000f000 0 00 00000000 0 0 0 0000000000000008 00100000 f 00100000 1 03 00100000
0000000000000008 10610404001ff000 0 00 00000000 0 0 0 0000000000000009 00100000 f 00100000 1 04 00100000
0000000000000009 107104060021f000 0 00 00000000 0 0 0 000000000000000a 00100000 f 00100000 1 04 00100000
000000000000000a 103005040600f000 0 00 00000000 0 0 0 000000000000000b 00100000 f 00100000 1 05 00100000
000000000000000b 00131600aaaaaa00 1 16 ffaaaaaa 0 0 0 000000000000000c 00100000 f 00100000 0 00 00100000
000000000000000c 342004160000f000 0 00 00000000 0 0 0 000000000000000d 00100000 f 00100000 1 04 00100000
000000000000000d 108102040021f000 0 00 00000000 0 0 0 000000000000000e 00100000 f 00100000 1 02 00100000
000000000000000e 105104048000f000 0 00 00000000 0 0 0 000000000000000f 00100000 f 00100000 1 04 00100000
000000000000000f 104005050400f000 0 00 00000000 0 0 0 0000000000000010 00100000 f 00100000 1 05 00100000
0000000000000010 102005040200f000 0 00 00000000 0 0 0 0000000000000011 00100000 f 00100000 1 05 00100000
0000000000000011 106106020010f000 0 00 00000000 0 0 0 0000000000000012 00100000 f 00100000 1 06 00100000
0000000000000012 101003040400a000 0 00 00000000 0 0 0 0000000000000013 00100000 a 00000000 1 03 00000000
0000000000000013 104002030600f000 0 00 00000000 0 0 0 0000000000000014 00100000 f 00100000 1 02 00100000
0000000000000014 10710602003ff000 0 00 00000000 0 0 0 0000000000000015 00100000 f 00100000 1 06 00100000
0000000000000015 100102041a58f000 0 00 00000000 0 0 0 0000000000000016 00100000 f 00100000 1 02 00100000
0000000000000016 3400040200008000 0 00 00000000 0 0 0 0000000000000017 00100000 8 00100000 1 04 00100000
0000000000000017 340005030000f000 0 00 00000000 0 0 0 0000000000000018 00100000 f 00100000 1 05 00100000
0000000000000018 102006030300a000 0 00 00000000 0 0 0 0000000000000019 00100000 a 00000000 1 06 00000000
0000000000000019 105104068000f000 0 00 00000000 0 0 0 000000000000001a 00100000 f 00100000 1 04 00100000
000000000000001a 3400060600003000 0 00 00000000 0 0 0 000000000000001b 00100000 3 00100000 1 06 00100000
000000000000001b 0013160055555500 1 16 00555555 0 0 0 000000000000001c 00100000 f 00100000 0 00 00100000
000000000000001c 342005160000f000 0 00 00000000 0 0 0 000000000000001d 00100000 f 00100000 1 05 00100000
000000000000001d 108104050000f000 0 00 00000000 0 0 0 000000000000001e 00100000 f 00100000 1 04 00100000
000000000000001e 34110200c800f000 0 00 00000000 0 0 0 000000000000001f 00100000 f 00100000 1 02 00100000
000000000000001f 00131500ffffff00 1 15 ffffffff 0 0 0 0000000000000020 00100000 f 00100000 0 00 00100000
0000000000000020 342006150000f000 0 00 00000000 0 0 0 0000000000000021 00100000 f 00100000 1 06 00100000
0000000000000021 00131e0000000200 1 1e 00000002 0 0 0 0000000000000022 00100000 f 00100000 0 00 00100000
0000000000000022 0023171700000100 1 17 00000001 0 0 0 0000000000000023 00100000 f 00100000 0 00 00100000
0000000000000023 00731e1e00000100 1 1e 00000001 0 0 0 0000000000000024 00100000 f 00100000 0 00 00100000
0000000000000024 0013180000000000 1 18 00000000 0 0 0 0000000000000025 00100000 f 00100000 0 00 00100000
0000000000000025 0102001e18000000 0 00 00000000 4 0 0 0000000000000026 00100000 f 00100000 0 00 00100000
0000000000000026 0215fffffb040000 0 00 00000000 4 0 1 0000000000000022 00100000 f 00100000 0 00 00100000
0000000000000022 0023171700000100 1 17 00000002 4 0 0 0000000000000023 00100000 f 00100000 0 00 00100000
0000000000000023 00731e1e00000100 1 1e 00000000 4 0 0 0000000000000024 00100000 f 00100000 0 00 00100000
0000000000000024 0013180000000000 1 18 00000000 4 0 0 0000000000000025 00100000 f 00100000 0 00 00100000
0000000000000025 0102001e18000000 0 00 00000000 5 1 0 0000000000000026 00100000 f 00100000 0 00 00100000
0000000000000026 0215fffffb040000 0 00 00000000 5 1 0 0000000000000027 00100000 f 00100000 0 00 00100000
0000000000000027 7cf5000000000000 0 00 00000000 5 1 0 0000000000000028 00100000 f 00100000 0 00 00100000
DONE retired=45 fault=00 pc=0000000000000027
