0000000000000000 0013140000004d00 1 14 0000004d 0 0 0 0000000000000001 ba1db11e f ba1db11e 0 00 ba1db11e
0000000000000001 340004020000f000 0 00 00000000 0 0 0 0000000000000002 ba1db11e f ba1db11e 1 04 ba1db11e
0000000000000002 340006050000f000 0 00 00000000 0 0 0 0000000000000003 ba1db11e f ba1db11e 1 06 ba1db11e
0000000000000003 340006030000f000 0 00 00000000 0 0 0 0000000000000004 ba1db11e f ba1db11e 1 06 ba1db11e
0000000000000004 343006000000f000 0 00 00000000 0 0 0 0000000000000005 ba1db11e f ba1db11e 1 06 ba1db11e
0000000000000005 0013150000000100 1 15 00000001 0 0 0 0000000000000006 ba1db11e f ba1db11e 0 00 ba1db11e
0000000000000006 342005150000f000 0 00 00000000 0 0 0 0000000000000007 ba1db11e f ba1db11e 1 05 ba1db11e
0000000000000007 1030050404007000 0 00 00000000 0 0 0 0000000000000008 ba1db11e 7 3a1db11e 1 05 3a1db11e
0000000000000008 343004000000f000 0 00 00000000 0 0 0 0000000000000009 ba1db11e f ba1db11e 1 04 ba1db11e
0000000000000009 0013150000000100 1 15 00000001 0 0 0 000000000000000a ba1db11e f ba1db11e 0 00 ba1db11e
000000000000000a 342005150000f000 0 00 00000000 0 0 0 000000000000000b ba1db11e f ba1db11e 1 05 ba1db11e
000000000000000b 104004020600a000 0 00 00000000 0 0 0 000000000000000c ba1db11e a 9a11b118 1 04 9a11b118
000000000000000c 105005020400c000 0 00 00000000 0 0 0 000000000000000d ba1db11e c 901d8102 1 05 901d8102
000000000000000d 3400040400001000 0 00 00000000 0 0 0 000000000000000e ba1db11e 1 8010200c 1 04 8010200c
000000000000000e 10610202003ff000 0 00 00000000 0 0 0 000000000000000f ba1db11e f ba1db11e 1 02 ba1db11e
000000000000000f 104005020200f000 0 00 00000000 0 0 0 0000000000000010 ba1db11e f ba1db11e 1 05 ba1db11e
0000000000000010 0013160000000100 1 16 00000001 0 0 0 0000000000000011 ba1db11e f ba1db11e 0 00 ba1db11e
0000000000000011 342004160000f000 0 00 00000000 0 0 0 0000000000000012 ba1db11e f ba1db11e 1 04 ba1db11e
0000000000000012 10810504003ff000 0 00 00000000 0 0 0 0000000000000013 ba1db11e f ba1db11e 1 05 ba1db11e
0000000000000013 103102020001f000 0 00 00000000 0 0 0 0000000000000014 ba1db11e f ba1db11e 1 02 ba1db11e
0000000000000014 106103060020f000 0 00 00000000 0 0 0 0000000000000015 ba1db11e f ba1db11e 1 03 ba1db11e
0000000000000015 107102040000f000 0 00 00000000 0 0 0 0000000000000016 ba1db11e f ba1db11e 1 02 ba1db11e
0000000000000016 103006040200f000 0 00 00000000 0 0 0 0000000000000017 ba1db11e f ba1db11e 1 06 ba1db11e
0000000000000017 101006060500a000 0 00 00000000 0 0 0 0000000000000018 ba1db11e a 9a11b118 1 06 9a11b118
0000000000000018 10710302001ff000 0 00 00000000 0 0 0 0000000000000019 ba1db11e f ba1db11e 1 03 ba1db11e
0000000000000019 103104030000f000 0 00 00000000 0 0 0 000000000000001a ba1db11e f ba1db11e 1 04 ba1db11e
000000000000001a 100006030200f000 0 00 00000000 0 0 0 000000000000001b ba1db11e f ba1db11e 1 06 ba1db11e
000000000000001b 10710405001ff000 0 00 00000000 0 0 0 000000000000001c ba1db11e f ba1db11e 1 04 ba1db11e
000000000000001c 107104040000f000 0 00 00000000 0 0 0 000000000000001d ba1db11e f ba1db11e 1 04 ba1db11e
000000000000001d 340005020000f000 0 00 00000000 0 0 0 000000000000001e ba1db11e f ba1db11e 1 05 ba1db11e
000000000000001e 105005040600f000 0 00 00000000 0 0 0 000000000000001f ba1db11e f ba1db11e 1 05 ba1db11e
000000000000001f 00131e0000000300 1 1e 00000003 0 0 0 0000000000000020 ba1db11e f ba1db11e 0 00 ba1db11e
0000000000000020 0023171700000100 1 17 00000001 0 0 0 0000000000000021 ba1db11e f ba1db11e 0 00 ba1db11e
0000000000000021 00731e1e00000100 1 1e 00000002 0 0 0 0000000000000022 ba1db11e f ba1db11e 0 00 ba1db11e
0000000000000022 0013180000000000 1 18 00000000 0 0 0 0000000000000023 ba1db11e f ba1db11e 0 00 ba1db11e
0000000000000023 0102001e18000000 0 00 00000000 4 0 0 0000000000000024 ba1db11e f ba1db11e 0 00 ba1db11e
0000000000000024 0215fffffb040000 0 00 00000000 4 0 1 0000000000000020 ba1db11e f ba1db11e 0 00 ba1db11e
0000000000000020 0023171700000100 1 17 00000002 4 0 0 0000000000000021 ba1db11e f ba1db11e 0 00 ba1db11e
0000000000000021 00731e1e00000100 1 1e 00000001 4 0 0 0000000000000022 ba1db11e f ba1db11e 0 00 ba1db11e
0000000000000022 0013180000000000 1 18 00000000 4 0 0 0000000000000023 ba1db11e f ba1db11e 0 00 ba1db11e
0000000000000023 0102001e18000000 0 00 00000000 4 0 0 0000000000000024 ba1db11e f ba1db11e 0 00 ba1db11e
0000000000000024 0215fffffb040000 0 00 00000000 4 0 1 0000000000000020 ba1db11e f ba1db11e 0 00 ba1db11e
0000000000000020 0023171700000100 1 17 00000003 4 0 0 0000000000000021 ba1db11e f ba1db11e 0 00 ba1db11e
0000000000000021 00731e1e00000100 1 1e 00000000 4 0 0 0000000000000022 ba1db11e f ba1db11e 0 00 ba1db11e
0000000000000022 0013180000000000 1 18 00000000 4 0 0 0000000000000023 ba1db11e f ba1db11e 0 00 ba1db11e
0000000000000023 0102001e18000000 0 00 00000000 5 1 0 0000000000000024 ba1db11e f ba1db11e 0 00 ba1db11e
0000000000000024 0215fffffb040000 0 00 00000000 5 1 0 0000000000000025 ba1db11e f ba1db11e 0 00 ba1db11e
0000000000000025 7cf5000000000000 0 00 00000000 5 1 0 0000000000000026 ba1db11e f ba1db11e 0 00 ba1db11e
DONE retired=48 fault=00 pc=0000000000000025
