0000000000000000 0013140000004d00 1 14 0000004d 0 0 0 0000000000000001 07f1d3b6 f 07f1d3b6 0 00 07f1d3b6
0000000000000001 107105020001f000 0 00 00000000 0 0 0 0000000000000002 07f1d3b6 f 07f1d3b6 1 05 07f1d3b6
0000000000000002 107106050001f000 0 00 00000000 0 0 0 0000000000000003 07f1d3b6 f 07f1d3b6 1 06 07f1d3b6
0000000000000003 103102027ffff000 0 00 00000000 0 0 0 0000000000000004 07f1d3b6 f 07f1d3b6 1 02 07f1d3b6
0000000000000004 100004060300d000 0 00 00000000 0 0 0 0000000000000005 07f1d3b6 d 00000000 1 04 00000000
0000000000000005 10010606fffff000 0 00 00000000 0 0 0 0000000000000006 07f1d3b6 f 07f1d3b6 1 06 07f1d3b6
0000000000000006 103105037ffff000 0 00 00000000 0 0 0 0000000000000007 07f1d3b6 f 07f1d3b6 1 05 07f1d3b6
0000000000000007 106103050010f000 0 00 00000000 0 0 0 0000000000000008 07f1d3b6 f 07f1d3b6 1 03 07f1d3b6
0000000000000008 100003060500f000 0 00 00000000 0 0 0 0000000000000009 07f1d3b6 f 07f1d3b6 1 03 07f1d3b6
0000000000000009 0013160000000000 1 16 00000000 0 0 0 000000000000000a 07f1d3b6 f 07f1d3b6 0 00 07f1d3b6
000000000000000a 342006160000f000 0 00 00000000 0 0 0 000000000000000b 07f1d3b6 f 07f1d3b6 1 06 07f1d3b6
000000000000000b 108106060021f000 0 00 00000000 0 0 0 000000000000000c 07f1d3b6 f 07f1d3b6 1 06 07f1d3b6
000000000000000c 00131e0000000200 1 1e 00000002 0 0 0 000000000000000d 07f1d3b6 f 07f1d3b6 0 00 07f1d3b6
000000000000000d 0023171700000100 1 17 00000001 0 0 0 000000000000000e 07f1d3b6 f 07f1d3b6 0 00 07f1d3b6
000000000000000e 00731e1e00000100 1 1e 00000001 0 0 0 000000000000000f 07f1d3b6 f 07f1d3b6 0 00 07f1d3b6
000000000000000f 0013180000000000 1 18 00000000 0 0 0 0000000000000010 07f1d3b6 f 07f1d3b6 0 00 07f1d3b6
0000000000000010 0102001e18000000 0 00 00000000 4 0 0 0000000000000011 07f1d3b6 f 07f1d3b6 0 00 07f1d3b6
0000000000000011 0215fffffb040000 0 00 00000000 4 0 1 000000000000000d 07f1d3b6 f 07f1d3b6 0 00 07f1d3b6
000000000000000d 0023171700000100 1 17 00000002 4 0 0 000000000000000e 07f1d3b6 f 07f1d3b6 0 00 07f1d3b6
000000000000000e 00731e1e00000100 1 1e 00000000 4 0 0 000000000000000f 07f1d3b6 f 07f1d3b6 0 00 07f1d3b6
000000000000000f 0013180000000000 1 18 00000000 4 0 0 0000000000000010 07f1d3b6 f 07f1d3b6 0 00 07f1d3b6
0000000000000010 0102001e18000000 0 00 00000000 5 1 0 0000000000000011 07f1d3b6 f 07f1d3b6 0 00 07f1d3b6
0000000000000011 0215fffffb040000 0 00 00000000 5 1 0 0000000000000012 07f1d3b6 f 07f1d3b6 0 00 07f1d3b6
0000000000000012 7cf5000000000000 0 00 00000000 5 1 0 0000000000000013 07f1d3b6 f 07f1d3b6 0 00 07f1d3b6
DONE retired=24 fault=00 pc=0000000000000012
