0000000000000000 0013140000004d00 1 14 0000004d 0 0 0 0000000000000001 11e8f419 f 11e8f419 0 00 11e8f419
0000000000000001 10610605000ff000 0 00 00000000 0 0 0 0000000000000002 11e8f419 f 11e8f419 1 06 11e8f419
0000000000000002 34110400d134f000 0 00 00000000 0 0 0 0000000000000003 11e8f419 f 11e8f419 1 04 11e8f419
0000000000000003 106104050001f000 0 00 00000000 0 0 0 0000000000000004 11e8f419 f 11e8f419 1 04 11e8f419
0000000000000004 00131500ffffff00 1 15 ffffffff 0 0 0 0000000000000005 11e8f419 f 11e8f419 0 00 11e8f419
0000000000000005 342002150000f000 0 00 00000000 0 0 0 0000000000000006 11e8f419 f 11e8f419 1 02 11e8f419
0000000000000006 341106007fff6000 0 00 00000000 0 0 0 0000000000000007 11e8f419 6 11e03400 1 06 11e03400
0000000000000007 101005050300f000 0 00 00000000 0 0 0 0000000000000008 11e8f419 f 11e8f419 1 05 11e8f419
0000000000000008 340005040000f000 0 00 00000000 0 0 0 0000000000000009 11e8f419 f 11e8f419 1 05 11e8f419
0000000000000009 10410403fffff000 0 00 00000000 0 0 0 000000000000000a 11e8f419 f 11e8f419 1 04 11e8f419
000000000000000a 1000040202003000 0 00 00000000 0 0 0 000000000000000b 11e8f419 3 11e8f419 1 04 11e8f419
000000000000000b 105003020600f000 0 00 00000000 0 0 0 000000000000000c 11e8f419 f 11e8f419 1 03 11e8f419
000000000000000c 100105020000f000 0 00 00000000 0 0 0 000000000000000d 11e8f419 f 11e8f419 1 05 11e8f419
000000000000000d 00131e0000000100 1 1e 00000001 0 0 0 000000000000000e 11e8f419 f 11e8f419 0 00 11e8f419
000000000000000e 0023171700000100 1 17 00000001 0 0 0 000000000000000f 11e8f419 f 11e8f419 0 00 11e8f419
000000000000000f 00731e1e00000100 1 1e 00000000 0 0 0 0000000000000010 11e8f419 f 11e8f419 0 00 11e8f419
0000000000000010 0013180000000000 1 18 00000000 0 0 0 0000000000000011 11e8f419 f 11e8f419 0 00 11e8f419
0000000000000011 0102001e18000000 0 00 00000000 5 1 0 0000000000000012 11e8f419 f 11e8f419 0 00 11e8f419
0000000000000012 0215fffffb040000 0 00 00000000 5 1 0 0000000000000013 11e8f419 f 11e8f419 0 00 11e8f419
0000000000000013 7cf5000000000000 0 00 00000000 5 1 0 0000000000000014 11e8f419 f 11e8f419 0 00 11e8f419
DONE retired=20 fault=00 pc=0000000000000013
