0000000000000000 00131d0000000000 1 1d 00000000 0 0 0 0000000000000001
0000000000000001 8506000000000000 0 00 00000000 0 0 0 0000000000000002
0000000000000002 8506000000000000 0 00 00000000 0 0 0 0000000000000003
0000000000000003 00130f00ffffff00 1 0f ffffffff 0 0 0 0000000000000004
0000000000000004 00a3061100001d00 1 06 00000000 0 0 0 0000000000000005
0000000000000005 00130600aaaaaa00 1 06 ffaaaaaa 0 0 0 0000000000000006
0000000000000006 001313000842a800 1 13 000842a8 0 0 0 0000000000000007
0000000000000007 8506000000000000 0 00 00000000 0 0 0 0000000000000008
0000000000000008 8506000000000000 0 00 00000000 0 0 0 0000000000000009
0000000000000009 0306000000001200 1 12 00000000 0 0 0 000000000000000a
000000000000000a 8506000000000000 0 00 00000000 0 0 0 000000000000000b
000000000000000b 0092131200000000 1 13 ffffffff 0 0 0 000000000000000c
000000000000000c 0082060d06000000 1 06 ffaaaaaa 0 0 0 000000000000000d
000000000000000d 00a3090800001b00 1 09 00000000 0 0 0 000000000000000e
000000000000000e 00131e0000000100 1 1e 00000001 0 0 0 000000000000000f
000000000000000f 0023151500000100 1 15 00000001 0 0 0 0000000000000010
0000000000000010 00731e1e00000100 1 1e 00000000 0 0 0 0000000000000011
0000000000000011 0102001e1d000000 0 00 00000000 5 1 0 0000000000000012
0000000000000012 0215fffffc040000 0 00 00000000 5 1 0 0000000000000013
0000000000000013 7cf5000000000000 0 00 00000000 5 1 0 0000000000000014
DONE retired=20 fault=00 pc=0000000000000013
