0000000000000000 00131d0000000000 1 1d 00000000 0 0 0 0000000000000001
0000000000000001 00b3100500000500 1 10 00000000 0 0 0 0000000000000002
0000000000000002 0052100608000000 1 10 00000000 0 0 0 0000000000000003
0000000000000003 0092010d00000000 1 01 ffffffff 0 0 0 0000000000000004
0000000000000004 0092030f00000000 1 03 ffffffff 0 0 0 0000000000000005
0000000000000005 8506000000000000 0 00 00000000 0 0 0 0000000000000006
0000000000000006 00230a03fc15ab00 1 0a fffc15aa 0 0 0 0000000000000007
0000000000000007 00a2020613000000 1 02 00000000 0 0 0 0000000000000008
0000000000000008 8506000000000000 0 00 00000000 0 0 0 0000000000000009
0000000000000009 0102000708000000 0 00 00000000 5 1 0 000000000000000a
000000000000000a 0215000002010000 0 00 00000000 5 1 1 000000000000000d
000000000000000d 00420a0409000000 1 0a 00000000 5 1 0 000000000000000e
000000000000000e 8506000000000000 0 00 00000000 5 1 0 000000000000000f
000000000000000f 0013100055555500 1 10 00555555 5 1 0 0000000000000010
0000000000000010 8506000000000000 0 00 00000000 5 1 0 0000000000000011
0000000000000011 012200110a000000 0 00 00000000 5 0 0 0000000000000012
0000000000000012 02150000030e0000 0 00 00000000 5 0 1 0000000000000016
0000000000000016 00920f1100000000 1 0f ffffffff 5 0 0 0000000000000017
0000000000000017 011200110f000000 0 00 00000000 0 0 0 0000000000000018
0000000000000018 02150000020c0000 0 00 00000000 0 0 1 000000000000001b
000000000000001b 00920b1000000000 1 0b ffaaaaaa 0 0 0 000000000000001c
000000000000001c 8506000000000000 0 00 00000000 0 0 0 000000000000001d
000000000000001d 00520a030d000000 1 0a ffffffff 0 0 0 000000000000001e
000000000000001e 8506000000000000 0 00 00000000 0 0 0 000000000000001f
000000000000001f 0013120010300200 1 12 00103002 0 0 0 0000000000000020
0000000000000020 0072140f05000000 1 14 ffffffff 0 0 0 0000000000000021
0000000000000021 0112000f04000000 0 00 00000000 6 1 0 0000000000000022
0000000000000022 02150000020d0000 0 00 00000000 6 1 0 0000000000000023
0000000000000023 8506000000000000 0 00 00000000 6 1 0 0000000000000024
0000000000000024 8506000000000000 0 00 00000000 6 1 0 0000000000000025
0000000000000025 0013100055555500 1 10 00555555 6 1 0 0000000000000026
0000000000000026 0013100055635c00 1 10 0055635c 6 1 0 0000000000000027
0000000000000027 00131e0000000100 1 1e 00000001 6 1 0 0000000000000028
0000000000000028 0023151500000100 1 15 00000001 6 1 0 0000000000000029
0000000000000029 00731e1e00000100 1 1e 00000000 6 1 0 000000000000002a
000000000000002a 0102001e1d000000 0 00 00000000 5 1 0 000000000000002b
000000000000002b 0215fffffc040000 0 00 00000000 5 1 0 000000000000002c
000000000000002c 7cf5000000000000 0 00 00000000 5 1 0 000000000000002d
DONE retired=38 fault=00 pc=000000000000002c
