0000000000000000 00131d0000000000 1 1d 00000000 0 0 0 0000000000000001
0000000000000001 0092111200000000 1 11 ffffffff 0 0 0 0000000000000002
0000000000000002 0092060b00000000 1 06 ffffffff 0 0 0 0000000000000003
0000000000000003 010200090a000000 0 00 00000000 5 1 0 0000000000000004
0000000000000004 02150000010e0000 0 00 00000000 5 1 1 0000000000000006
0000000000000006 0022120102000000 1 12 00000000 5 1 0 0000000000000007
0000000000000007 0013100000000100 1 10 00000001 5 1 0 0000000000000008
0000000000000008 00a30a0900000900 1 0a 00000000 5 1 0 0000000000000009
0000000000000009 8506000000000000 0 00 00000000 5 1 0 000000000000000a
000000000000000a 001308005e711600 1 08 005e7116 5 1 0 000000000000000b
000000000000000b 0013110000000000 1 11 00000000 5 1 0 000000000000000c
000000000000000c 8506000000000000 0 00 00000000 5 1 0 000000000000000d
000000000000000d 8506000000000000 0 00 00000000 5 1 0 000000000000000e
000000000000000e 8506000000000000 0 00 00000000 5 1 0 000000000000000f
000000000000000f 8506000000000000 0 00 00000000 5 1 0 0000000000000010
0000000000000010 0306000000000d00 1 0d 00000000 5 1 0 0000000000000011
0000000000000011 00130500e8ccf800 1 05 ffe8ccf8 5 1 0 0000000000000012
0000000000000012 0102001412000000 0 00 00000000 5 1 0 0000000000000013
0000000000000013 0215000002020000 0 00 00000000 5 1 0 0000000000000014
0000000000000014 8506000000000000 0 00 00000000 5 1 0 0000000000000015
0000000000000015 8506000000000000 0 00 00000000 5 1 0 0000000000000016
0000000000000016 8506000000000000 0 00 00000000 5 1 0 0000000000000017
0000000000000017 0073010214d86800 1 01 ffeb2798 5 1 0 0000000000000018
0000000000000018 0063040800001000 1 04 71160000 5 1 0 0000000000000019
0000000000000019 0092080500000000 1 08 00173307 5 1 0 000000000000001a
000000000000001a 0013060000000000 1 06 00000000 5 1 0 000000000000001b
000000000000001b 0102000810000000 0 00 00000000 4 0 0 000000000000001c
000000000000001c 02150000030c0000 0 00 00000000 4 0 1 0000000000000020
0000000000000020 8506000000000000 0 00 00000000 4 0 0 0000000000000021
0000000000000021 8506000000000000 0 00 00000000 4 0 0 0000000000000022
0000000000000022 0062030f09000000 1 03 00000000 4 0 0 0000000000000023
0000000000000023 8506000000000000 0 00 00000000 4 0 0 0000000000000024
0000000000000024 0092131300000000 1 13 ffffffff 4 0 0 0000000000000025
0000000000000025 0102000d0f000000 0 00 00000000 5 1 0 0000000000000026
0000000000000026 02150000010b0000 0 00 00000000 5 1 0 0000000000000027
0000000000000027 8506000000000000 0 00 00000000 5 1 0 0000000000000028
0000000000000028 00a3011000000200 1 01 00000000 5 1 0 0000000000000029
0000000000000029 001302002392cc00 1 02 002392cc 5 1 0 000000000000002a
000000000000002a 00130100755bd500 1 01 00755bd5 5 1 0 000000000000002b
000000000000002b 00131e0000000100 1 1e 00000001 5 1 0 000000000000002c
000000000000002c 0023151500000100 1 15 00000001 5 1 0 000000000000002d
000000000000002d 00731e1e00000100 1 1e 00000000 5 1 0 000000000000002e
000000000000002e 0102001e1d000000 0 00 00000000 5 1 0 000000000000002f
000000000000002f 0215fffffc040000 0 00 00000000 5 1 0 0000000000000030
0000000000000030 7cf5000000000000 0 00 00000000 5 1 0 0000000000000031
DONE retired=45 fault=00 pc=0000000000000030
