0000000000000000 0013140000004d00 1 14 0000004d 0 0 0 0000000000000001 ffffffff f ffffffff 0 00 ffffffff
0000000000000001 343004000000f000 0 00 00000000 0 0 0 0000000000000002 ffffffff f ffffffff 1 04 ffffffff
0000000000000002 1040030304005000 0 00 00000000 0 0 0 0000000000000003 ffffffff 5 7fffffff 1 03 7fffffff
0000000000000003 104003050300f000 0 00 00000000 0 0 0 0000000000000004 ffffffff f ffffffff 1 03 ffffffff
0000000000000004 343003000000f000 0 00 00000000 0 0 0 0000000000000005 ffffffff f ffffffff 1 03 ffffffff
0000000000000005 340003060000a000 0 00 00000000 0 0 0 0000000000000006 ffffffff a 00000000 1 03 00000000
0000000000000006 106103050010f000 0 00 00000000 0 0 0 0000000000000007 ffffffff f ffffffff 1 03 ffffffff
0000000000000007 101106068000f000 0 00 00000000 0 0 0 0000000000000008 ffffffff f ffffffff 1 06 ffffffff
0000000000000008 10610406000ff000 0 00 00000000 0 0 0 0000000000000009 ffffffff f ffffffff 1 04 ffffffff
0000000000000009 340004060000f000 0 00 00000000 0 0 0 000000000000000a ffffffff f ffffffff 1 04 ffffffff
000000000000000a 107103020001f000 0 00 00000000 0 0 0 000000000000000b ffffffff f ffffffff 1 03 ffffffff
000000000000000b 340006060000f000 0 00 00000000 0 0 0 000000000000000c ffffffff f ffffffff 1 06 ffffffff
000000000000000c 103102020000f000 0 00 00000000 0 0 0 000000000000000d ffffffff f ffffffff 1 02 ffffffff
000000000000000d 00131500ffffff00 1 15 ffffffff 0 0 0 000000000000000e ffffffff f ffffffff 0 00 ffffffff
000000000000000e 342002150000f000 0 00 00000000 0 0 0 000000000000000f ffffffff f ffffffff 1 02 ffffffff
000000000000000f 10610205001ff000 0 00 00000000 0 0 0 0000000000000010 ffffffff f ffffffff 1 02 ffffffff
0000000000000010 105103038000f000 0 00 00000000 0 0 0 0000000000000011 ffffffff f ffffffff 1 03 ffffffff
0000000000000011 340002050000f000 0 00 00000000 0 0 0 0000000000000012 ffffffff f ffffffff 1 02 ffffffff
0000000000000012 340004050000f000 0 00 00000000 0 0 0 0000000000000013 ffffffff f ffffffff 1 04 ffffffff
0000000000000013 340003050000f000 0 00 00000000 0 0 0 0000000000000014 ffffffff f ffffffff 1 03 ffffffff
0000000000000014 10710606003ff000 0 00 00000000 0 0 0 0000000000000015 ffffffff f ffffffff 1 06 ffffffff
0000000000000015 340002060000f000 0 00 00000000 0 0 0 0000000000000016 ffffffff f ffffffff 1 02 ffffffff
0000000000000016 341103002904b000 0 00 00000000 0 0 0 0000000000000017 ffffffff b 3d57bf50 1 03 3d57bf50
0000000000000017 340005030000f000 0 00 00000000 0 0 0 0000000000000018 ffffffff f ffffffff 1 05 ffffffff
0000000000000018 10710306003ff000 0 00 00000000 0 0 0 0000000000000019 ffffffff f ffffffff 1 03 ffffffff
0000000000000019 100006040300f000 0 00 00000000 0 0 0 000000000000001a ffffffff f ffffffff 1 06 ffffffff
000000000000001a 100002020300f000 0 00 00000000 0 0 0 000000000000001b ffffffff f ffffffff 1 02 ffffffff
000000000000001b 101103040001f000 0 00 00000000 0 0 0 000000000000001c ffffffff f ffffffff 1 03 ffffffff
000000000000001c 103005040200f000 0 00 00000000 0 0 0 000000000000001d ffffffff f ffffffff 1 05 ffffffff
000000000000001d 00131e0000000100 1 1e 00000001 0 0 0 000000000000001e ffffffff f ffffffff 0 00 ffffffff
000000000000001e 0023171700000100 1 17 00000001 0 0 0 000000000000001f ffffffff f ffffffff 0 00 ffffffff
000000000000001f 00731e1e00000100 1 1e 00000000 0 0 0 0000000000000020 ffffffff f ffffffff 0 00 ffffffff
0000000000000020 0013180000000000 1 18 00000000 0 0 0 0000000000000021 ffffffff f ffffffff 0 00 ffffffff
0000000000000021 0102001e18000000 0 00 00000000 5 1 0 0000000000000022 ffffffff f ffffffff 0 00 ffffffff
0000000000000022 0215fffffb040000 0 00 00000000 5 1 0 0000000000000023 ffffffff f ffffffff 0 00 ffffffff
0000000000000023 7cf5000000000000 0 00 00000000 5 1 0 0000000000000024 ffffffff f ffffffff 0 00 ffffffff
DONE retired=36 fault=00 pc=0000000000000023
