0000000000000000 00131d0000000000 1 1d 00000000 0 0 0 0000000000000001
0000000000000001 00b20d0608000000 1 0d 00000000 0 0 0 0000000000000002
0000000000000002 0082121110000000 1 12 00000000 0 0 0 0000000000000003
0000000000000003 0022140d04000000 1 14 00000000 0 0 0 0000000000000004
0000000000000004 00230c0c1a2b4f00 1 0c 001a2b4f 0 0 0 0000000000000005
0000000000000005 0062090f01000000 1 09 00000000 0 0 0 0000000000000006
0000000000000006 005207050e000000 1 07 00000000 0 0 0 0000000000000007
0000000000000007 0306000000000100 1 01 00000000 0 0 0 0000000000000008
0000000000000008 0022050e0e000000 1 05 00000000 0 0 0 0000000000000009
0000000000000009 0062120802000000 1 12 00000000 0 0 0 000000000000000a
000000000000000a 00720e0f03000000 1 0e 00000000 0 0 0 000000000000000b
000000000000000b 8506000000000000 0 00 00000000 0 0 0 000000000000000c
000000000000000c 0013060000000100 1 06 00000001 0 0 0 000000000000000d
000000000000000d 0092070700000000 1 07 ffffffff 0 0 0 000000000000000e
000000000000000e 00131e0000000400 1 1e 00000004 0 0 0 000000000000000f
000000000000000f 0023151500000100 1 15 00000001 0 0 0 0000000000000010
0000000000000010 00731e1e00000100 1 1e 00000003 0 0 0 0000000000000011
0000000000000011 0102001e1d000000 0 00 00000000 4 0 0 0000000000000012
0000000000000012 0215fffffc040000 0 00 00000000 4 0 1 000000000000000f
000000000000000f 0023151500000100 1 15 00000002 4 0 0 0000000000000010
0000000000000010 00731e1e00000100 1 1e 00000002 4 0 0 0000000000000011
0000000000000011 0102001e1d000000 0 00 00000000 4 0 0 0000000000000012
0000000000000012 0215fffffc040000 0 00 00000000 4 0 1 000000000000000f
000000000000000f 0023151500000100 1 15 00000003 4 0 0 0000000000000010
0000000000000010 00731e1e00000100 1 1e 00000001 4 0 0 0000000000000011
0000000000000011 0102001e1d000000 0 00 00000000 4 0 0 0000000000000012
0000000000000012 0215fffffc040000 0 00 00000000 4 0 1 000000000000000f
000000000000000f 0023151500000100 1 15 00000004 4 0 0 0000000000000010
0000000000000010 00731e1e00000100 1 1e 00000000 4 0 0 0000000000000011
0000000000000011 0102001e1d000000 0 00 00000000 5 1 0 0000000000000012
0000000000000012 0215fffffc040000 0 00 00000000 5 1 0 0000000000000013
0000000000000013 7cf5000000000000 0 00 00000000 5 1 0 0000000000000014
DONE retired=32 fault=00 pc=0000000000000013
