0000000000000000 00131d0000000000 1 1d 00000000 0 0 0 0000000000000001
0000000000000001 00a3120600001c00 1 12 00000000 0 0 0 0000000000000002
0000000000000002 00131200b99f7800 1 12 ffb99f78 0 0 0 0000000000000003
0000000000000003 011200020f000000 0 00 00000000 5 0 0 0000000000000004
0000000000000004 0215000003030000 0 00 00000000 5 0 1 0000000000000008
0000000000000008 00131200ffffff00 1 12 ffffffff 5 0 0 0000000000000009
0000000000000009 8506000000000000 0 00 00000000 5 0 0 000000000000000a
000000000000000a 00b20f1409000000 1 0f 00000000 5 0 0 000000000000000b
000000000000000b 8506000000000000 0 00 00000000 5 0 0 000000000000000c
000000000000000c 0013010055555500 1 01 00555555 5 0 0 000000000000000d
000000000000000d 00630d0c00000000 1 0d 00000000 5 0 0 000000000000000e
000000000000000e 0122000213000000 0 00 00000000 5 0 0 000000000000000f
000000000000000f 02150000010b0000 0 00 00000000 5 0 0 0000000000000010
0000000000000010 8506000000000000 0 00 00000000 5 0 0 0000000000000011
0000000000000011 00730e03a8042d00 1 0e 0057fbd3 5 0 0 0000000000000012
0000000000000012 0306000000001400 1 14 00000000 5 0 0 0000000000000013
0000000000000013 00620e0409000000 1 0e 00000000 5 0 0 0000000000000014
0000000000000014 012200080a000000 0 00 00000000 5 0 0 0000000000000015
0000000000000015 0215000003040000 0 00 00000000 5 0 0 0000000000000016
0000000000000016 8506000000000000 0 00 00000000 5 0 0 0000000000000017
0000000000000017 8506000000000000 0 00 00000000 5 0 0 0000000000000018
0000000000000018 8506000000000000 0 00 00000000 5 0 0 0000000000000019
0000000000000019 00b30a1400001f00 1 0a 00000000 5 0 0 000000000000001a
000000000000001a 0092040900000000 1 04 ffffffff 5 0 0 000000000000001b
000000000000001b 00130b002268d200 1 0b 002268d2 5 0 0 000000000000001c
000000000000001c 00130900e90d6d00 1 09 ffe90d6d 5 0 0 000000000000001d
000000000000001d 8506000000000000 0 00 00000000 5 0 0 000000000000001e
000000000000001e 00b3100d00001d00 1 10 00000000 5 0 0 000000000000001f
000000000000001f 0013120000000000 1 12 00000000 5 0 0 0000000000000020
0000000000000020 0073130c9a44e900 1 13 0065bb17 5 0 0 0000000000000021
0000000000000021 0013130006312f00 1 13 0006312f 5 0 0 0000000000000022
0000000000000022 8506000000000000 0 00 00000000 5 0 0 0000000000000023
0000000000000023 0042060812000000 1 06 00000000 5 0 0 0000000000000024
0000000000000024 00320f1102000000 1 0f 00000000 5 0 0 0000000000000025
0000000000000025 00130e00906ab800 1 0e ff906ab8 5 0 0 0000000000000026
0000000000000026 0112000c09000000 0 00 00000000 0 0 0 0000000000000027
0000000000000027 02150000010c0000 0 00 00000000 0 0 1 0000000000000029
0000000000000029 00130d0000000000 1 0d 00000000 0 0 0 000000000000002a
000000000000002a 008212120f000000 1 12 00000000 0 0 0 000000000000002b
000000000000002b 008210020e000000 1 10 ff906ab8 0 0 0 000000000000002c
000000000000002c 0092020200000000 1 02 ffffffff 0 0 0 000000000000002d
000000000000002d 0306000000000300 1 03 00000000 0 0 0 000000000000002e
000000000000002e 8506000000000000 0 00 00000000 0 0 0 000000000000002f
000000000000002f 00131e0000000100 1 1e 00000001 0 0 0 0000000000000030
0000000000000030 0023151500000100 1 15 00000001 0 0 0 0000000000000031
0000000000000031 00731e1e00000100 1 1e 00000000 0 0 0 0000000000000032
0000000000000032 0102001e1d000000 0 00 00000000 5 1 0 0000000000000033
0000000000000033 0215fffffc040000 0 00 00000000 5 1 0 0000000000000034
0000000000000034 7cf5000000000000 0 00 00000000 5 1 0 0000000000000035
DONE retired=49 fault=00 pc=0000000000000034
