0000000000000000 00131d0000000000 1 1d 00000000 0 0 0 0000000000000001
0000000000000001 8506000000000000 0 00 00000000 0 0 0 0000000000000002
0000000000000002 00b30d1400000c00 1 0d 00000000 0 0 0 0000000000000003
0000000000000003 0102000f10000000 0 00 00000000 5 1 0 0000000000000004
0000000000000004 0215000001010000 0 00 00000000 5 1 1 0000000000000006
0000000000000006 00a30f0b00000e00 1 0f 00000000 5 1 0 0000000000000007
0000000000000007 0073010a1d15c800 1 01 ffe2ea38 5 1 0 0000000000000008
0000000000000008 00620c0c06000000 1 0c 00000000 5 1 0 0000000000000009
0000000000000009 0063060b00001300 1 06 00000000 5 1 0 000000000000000a
000000000000000a 00620d070a000000 1 0d 00000000 5 1 0 000000000000000b
000000000000000b 012200050e000000 0 00 00000000 5 0 0 000000000000000c
000000000000000c 0215000003030000 0 00 00000000 5 0 1 0000000000000010
0000000000000010 8506000000000000 0 00 00000000 5 0 0 0000000000000011
0000000000000011 00131400d7424500 1 14 ffd74245 5 0 0 0000000000000012
0000000000000012 8506000000000000 0 00 00000000 5 0 0 0000000000000013
0000000000000013 00520d1210000000 1 0d 00000000 5 0 0 0000000000000014
0000000000000014 00b2140210000000 1 14 00000000 5 0 0 0000000000000015
0000000000000015 00b3110300000b00 1 11 00000000 5 0 0 0000000000000016
0000000000000016 00130a00ffffff00 1 0a ffffffff 5 0 0 0000000000000017
0000000000000017 002311106f941100 1 11 006f9411 5 0 0 0000000000000018
0000000000000018 8506000000000000 0 00 00000000 5 0 0 0000000000000019
0000000000000019 0102000111000000 0 00 00000000 6 0 0 000000000000001a
000000000000001a 0215000001020000 0 00 00000000 6 0 1 000000000000001c
000000000000001c 005206060f000000 1 06 00000000 6 0 0 000000000000001d
000000000000001d 00131300f7adaf00 1 13 fff7adaf 6 0 0 000000000000001e
000000000000001e 8506000000000000 0 00 00000000 6 0 0 000000000000001f
000000000000001f 8506000000000000 0 00 00000000 6 0 0 0000000000000020
0000000000000020 00a2061007000000 1 06 00000000 6 0 0 0000000000000021
0000000000000021 0122001412000000 0 00 00000000 5 0 0 0000000000000022
0000000000000022 0215000001020000 0 00 00000000 5 0 1 0000000000000024
0000000000000024 0102000e08000000 0 00 00000000 5 1 0 0000000000000025
0000000000000025 02150000010d0000 0 00 00000000 5 1 0 0000000000000026
0000000000000026 8506000000000000 0 00 00000000 5 1 0 0000000000000027
0000000000000027 00131e0000000200 1 1e 00000002 5 1 0 0000000000000028
0000000000000028 0023151500000100 1 15 00000001 5 1 0 0000000000000029
0000000000000029 00731e1e00000100 1 1e 00000001 5 1 0 000000000000002a
000000000000002a 0102001e1d000000 0 00 00000000 4 0 0 000000000000002b
000000000000002b 0215fffffc040000 0 00 00000000 4 0 1 0000000000000028
0000000000000028 0023151500000100 1 15 00000002 4 0 0 0000000000000029
0000000000000029 00731e1e00000100 1 1e 00000000 4 0 0 000000000000002a
000000000000002a 0102001e1d000000 0 00 00000000 5 1 0 000000000000002b
000000000000002b 0215fffffc040000 0 00 00000000 5 1 0 000000000000002c
000000000000002c 7cf5000000000000 0 00 00000000 5 1 0 000000000000002d
DONE retired=43 fault=00 pc=000000000000002c
