0000000000000000 0013140000004d00 1 14 0000004d 0 0 0 0000000000000001 fffffe00 f fffffe00 0 00 fffffe00
0000000000000001 102004030600f000 0 00 00000000 0 0 0 0000000000000002 fffffe00 f fffffe00 1 04 fffffe00
0000000000000002 00131500ffffff00 1 15 ffffffff 0 0 0 0000000000000003 fffffe00 f fffffe00 0 00 fffffe00
0000000000000003 342004150000f000 0 00 00000000 0 0 0 0000000000000004 fffffe00 f fffffe00 1 04 fffffe00
0000000000000004 340005040000f000 0 00 00000000 0 0 0 0000000000000005 fffffe00 f fffffe00 1 05 fffffe00
0000000000000005 00131600ffffff00 1 16 ffffffff 0 0 0 0000000000000006 fffffe00 f fffffe00 0 00 fffffe00
0000000000000006 342003160000f000 0 00 00000000 0 0 0 0000000000000007 fffffe00 f fffffe00 1 03 fffffe00
0000000000000007 10810303001ff000 0 00 00000000 0 0 0 0000000000000008 fffffe00 f fffffe00 1 03 fffffe00
0000000000000008 340006030000f000 0 00 00000000 0 0 0 0000000000000009 fffffe00 f fffffe00 1 06 fffffe00
0000000000000009 100005020400f000 0 00 00000000 0 0 0 000000000000000a fffffe00 f fffffe00 1 05 fffffe00
000000000000000a 0013160000000000 1 16 00000000 0 0 0 000000000000000b fffffe00 f fffffe00 0 00 fffffe00
000000000000000b 342002160000f000 0 00 00000000 0 0 0 000000000000000c fffffe00 f fffffe00 1 02 fffffe00
000000000000000c 10810202000ff000 0 00 00000000 0 0 0 000000000000000d fffffe00 f fffffe00 1 02 fffffe00
000000000000000d 34110400fffff000 0 00 00000000 0 0 0 000000000000000e fffffe00 f fffffe00 1 04 fffffe00
000000000000000e 1050050503006000 0 00 00000000 0 0 0 000000000000000f fffffe00 6 bd813c00 1 05 bd813c00
000000000000000f 3411050000002000 0 00 00000000 0 0 0 0000000000000010 fffffe00 2 aaaaaa00 1 05 aaaaaa00
0000000000000010 0013160000000000 1 16 00000000 0 0 0 0000000000000011 fffffe00 f fffffe00 0 00 fffffe00
0000000000000011 342002160000f000 0 00 00000000 0 0 0 0000000000000012 fffffe00 f fffffe00 1 02 fffffe00
0000000000000012 108106020020f000 0 00 00000000 0 0 0 0000000000000013 fffffe00 f fffffe00 1 06 fffffe00
0000000000000013 00131500ffffff00 1 15 ffffffff 0 0 0 0000000000000014 fffffe00 f fffffe00 0 00 fffffe00
0000000000000014 342006150000f000 0 00 00000000 0 0 0 0000000000000015 fffffe00 f fffffe00 1 06 fffffe00
0000000000000015 00131500ffffff00 1 15 ffffffff 0 0 0 0000000000000016 fffffe00 f fffffe00 0 00 fffffe00
0000000000000016 342002150000f000 0 00 00000000 0 0 0 0000000000000017 fffffe00 f fffffe00 1 02 fffffe00
0000000000000017 340005040000f000 0 00 00000000 0 0 0 0000000000000018 fffffe00 f fffffe00 1 05 fffffe00
0000000000000018 107103050001f000 0 00 00000000 0 0 0 0000000000000019 fffffe00 f fffffe00 1 03 fffffe00
0000000000000019 106105060001f000 0 00 00000000 0 0 0 000000000000001a fffffe00 f fffffe00 1 05 fffffe00
000000000000001a 10110503e122f000 0 00 00000000 0 0 0 000000000000001b fffffe00 f fffffe00 1 05 fffffe00
000000000000001b 00131500ffffff00 1 15 ffffffff 0 0 0 000000000000001c fffffe00 f fffffe00 0 00 fffffe00
000000000000001c 342005150000f000 0 00 00000000 0 0 0 000000000000001d fffffe00 f fffffe00 1 05 fffffe00
000000000000001d 00131e0000000300 1 1e 00000003 0 0 0 000000000000001e fffffe00 f fffffe00 0 00 fffffe00
000000000000001e 0023171700000100 1 17 00000001 0 0 0 000000000000001f fffffe00 f fffffe00 0 00 fffffe00
000000000000001f 00731e1e00000100 1 1e 00000002 0 0 0 0000000000000020 fffffe00 f fffffe00 0 00 fffffe00
0000000000000020 0013180000000000 1 18 00000000 0 0 0 0000000000000021 fffffe00 f fffffe00 0 00 fffffe00
0000000000000021 0102001e18000000 0 00 00000000 4 0 0 0000000000000022 fffffe00 f fffffe00 0 00 fffffe00
0000000000000022 0215fffffb040000 0 00 00000000 4 0 1 000000000000001e fffffe00 f fffffe00 0 00 fffffe00
000000000000001e 0023171700000100 1 17 00000002 4 0 0 000000000000001f fffffe00 f fffffe00 0 00 fffffe00
000000000000001f 00731e1e00000100 1 1e 00000001 4 0 0 0000000000000020 fffffe00 f fffffe00 0 00 fffffe00
0000000000000020 0013180000000000 1 18 00000000 4 0 0 0000000000000021 fffffe00 f fffffe00 0 00 fffffe00
0000000000000021 0102001e18000000 0 00 00000000 4 0 0 0000000000000022 fffffe00 f fffffe00 0 00 fffffe00
0000000000000022 0215fffffb040000 0 00 00000000 4 0 1 000000000000001e fffffe00 f fffffe00 0 00 fffffe00
000000000000001e 0023171700000100 1 17 00000003 4 0 0 000000000000001f fffffe00 f fffffe00 0 00 fffffe00
000000000000001f 00731e1e00000100 1 1e 00000000 4 0 0 0000000000000020 fffffe00 f fffffe00 0 00 fffffe00
0000000000000020 0013180000000000 1 18 00000000 4 0 0 0000000000000021 fffffe00 f fffffe00 0 00 fffffe00
0000000000000021 0102001e18000000 0 00 00000000 5 1 0 0000000000000022 fffffe00 f fffffe00 0 00 fffffe00
0000000000000022 0215fffffb040000 0 00 00000000 5 1 0 0000000000000023 fffffe00 f fffffe00 0 00 fffffe00
0000000000000023 7cf5000000000000 0 00 00000000 5 1 0 0000000000000024 fffffe00 f fffffe00 0 00 fffffe00
DONE retired=46 fault=00 pc=0000000000000023
