0000000000000000 0013140000004d00 1 14 0000004d 0 0 0 0000000000000001 aaaaaaaa f aaaaaaaa 0 00 aaaaaaaa
0000000000000001 341102000260f000 0 00 00000000 0 0 0 0000000000000002 aaaaaaaa f aaaaaaaa 1 02 aaaaaaaa
0000000000000002 10710303001ff000 0 00 00000000 0 0 0 0000000000000003 aaaaaaaa f aaaaaaaa 1 03 aaaaaaaa
0000000000000003 34110500804a1000 0 00 00000000 0 0 0 0000000000000004 aaaaaaaa 1 82a2aaaa 1 05 82a2aaaa
0000000000000004 102002020200f000 0 00 00000000 0 0 0 0000000000000005 aaaaaaaa f aaaaaaaa 1 02 aaaaaaaa
0000000000000005 3411040000017000 0 00 00000000 0 0 0 0000000000000006 aaaaaaaa 7 2aa820a8 1 04 2aa820a8
0000000000000006 103105048000f000 0 00 00000000 0 0 0 0000000000000007 aaaaaaaa f aaaaaaaa 1 05 aaaaaaaa
0000000000000007 0013150000000000 1 15 00000000 0 0 0 0000000000000008 aaaaaaaa f aaaaaaaa 0 00 aaaaaaaa
0000000000000008 342002150000f000 0 00 00000000 0 0 0 0000000000000009 aaaaaaaa f aaaaaaaa 1 02 aaaaaaaa
0000000000000009 0013160000000000 1 16 00000000 0 0 0 000000000000000a aaaaaaaa f aaaaaaaa 0 00 aaaaaaaa
000000000000000a 342006160000f000 0 00 00000000 0 0 0 000000000000000b aaaaaaaa f aaaaaaaa 1 06 aaaaaaaa
000000000000000b 108105060020f000 0 00 00000000 0 0 0 000000000000000c aaaaaaaa f aaaaaaaa 1 05 aaaaaaaa
000000000000000c 00131600ffffff00 1 16 ffffffff 0 0 0 000000000000000d aaaaaaaa f aaaaaaaa 0 00 aaaaaaaa
000000000000000d 342006160000f000 0 00 00000000 0 0 0 000000000000000e aaaaaaaa f aaaaaaaa 1 06 aaaaaaaa
000000000000000e 108102060000f000 0 00 00000000 0 0 0 000000000000000f aaaaaaaa f aaaaaaaa 1 02 aaaaaaaa
000000000000000f 3400060300009000 0 00 00000000 0 0 0 0000000000000010 aaaaaaaa 9 828aa000 1 06 828aa000
0000000000000010 106103020021f000 0 00 00000000 0 0 0 0000000000000011 aaaaaaaa f aaaaaaaa 1 03 aaaaaaaa
0000000000000011 10610304001ff000 0 00 00000000 0 0 0 0000000000000012 aaaaaaaa f aaaaaaaa 1 03 aaaaaaaa
0000000000000012 0013150000000000 1 15 00000000 0 0 0 0000000000000013 aaaaaaaa f aaaaaaaa 0 00 aaaaaaaa
0000000000000013 342005150000f000 0 00 00000000 0 0 0 0000000000000014 aaaaaaaa f aaaaaaaa 1 05 aaaaaaaa
0000000000000014 341104000001a000 0 00 00000000 0 0 0 0000000000000015 aaaaaaaa a aaaaaaaa 1 04 aaaaaaaa
0000000000000015 10710404001ff000 0 00 00000000 0 0 0 0000000000000016 aaaaaaaa f aaaaaaaa 1 04 aaaaaaaa
0000000000000016 00131e0000000300 1 1e 00000003 0 0 0 0000000000000017 aaaaaaaa f aaaaaaaa 0 00 aaaaaaaa
0000000000000017 0023171700000100 1 17 00000001 0 0 0 0000000000000018 aaaaaaaa f aaaaaaaa 0 00 aaaaaaaa
0000000000000018 00731e1e00000100 1 1e 00000002 0 0 0 0000000000000019 aaaaaaaa f aaaaaaaa 0 00 aaaaaaaa
0000000000000019 0013180000000000 1 18 00000000 0 0 0 000000000000001a aaaaaaaa f aaaaaaaa 0 00 aaaaaaaa
000000000000001a 0102001e18000000 0 00 00000000 4 0 0 000000000000001b aaaaaaaa f aaaaaaaa 0 00 aaaaaaaa
000000000000001b 0215fffffb040000 0 00 00000000 4 0 1 0000000000000017 aaaaaaaa f aaaaaaaa 0 00 aaaaaaaa
0000000000000017 0023171700000100 1 17 00000002 4 0 0 0000000000000018 aaaaaaaa f aaaaaaaa 0 00 aaaaaaaa
0000000000000018 00731e1e00000100 1 1e 00000001 4 0 0 0000000000000019 aaaaaaaa f aaaaaaaa 0 00 aaaaaaaa
0000000000000019 0013180000000000 1 18 00000000 4 0 0 000000000000001a aaaaaaaa f aaaaaaaa 0 00 aaaaaaaa
000000000000001a 0102001e18000000 0 00 00000000 4 0 0 000000000000001b aaaaaaaa f aaaaaaaa 0 00 aaaaaaaa
000000000000001b 0215fffffb040000 0 00 00000000 4 0 1 0000000000000017 aaaaaaaa f aaaaaaaa 0 00 aaaaaaaa
0000000000000017 0023171700000100 1 17 00000003 4 0 0 0000000000000018 aaaaaaaa f aaaaaaaa 0 00 aaaaaaaa
0000000000000018 00731e1e00000100 1 1e 00000000 4 0 0 0000000000000019 aaaaaaaa f aaaaaaaa 0 00 aaaaaaaa
0000000000000019 0013180000000000 1 18 00000000 4 0 0 000000000000001a aaaaaaaa f aaaaaaaa 0 00 aaaaaaaa
000000000000001a 0102001e18000000 0 00 00000000 5 1 0 000000000000001b aaaaaaaa f aaaaaaaa 0 00 aaaaaaaa
000000000000001b 0215fffffb040000 0 00 00000000 5 1 0 000000000000001c aaaaaaaa f aaaaaaaa 0 00 aaaaaaaa
000000000000001c 7cf5000000000000 0 00 00000000 5 1 0 000000000000001d aaaaaaaa f aaaaaaaa 0 00 aaaaaaaa
DONE retired=39 fault=00 pc=000000000000001c
