0000000000000000 343001000000f000 0 00 00000000 0 0 0 0 0 0 0000000000000001 ffffffff f ffffffff 1 01
0000000000000001 341107000001f000 0 00 00000000 0 0 0 0 0 0 0000000000000002 ffffffff f ffffffff 1 07
0000000000000002 34110c000003f000 0 00 00000000 0 0 0 0 0 0 0000000000000003 ffffffff f ffffffff 1 0c
0000000000000003 30291030c0000000 0 00 00000000 0 0 0 0 0 0 0000000000000004 ffffffff f ffffffff 0 00
0000000000000004 7c15000002100011 0 00 00000000 0 0 0 0 0 0 0000000000000005 ffffffff f ffffffff 0 00
0000000000000005 103003040c00f000 0 00 00000000 0 0 0 0 0 0 0000000000000006 ffffffff f ffffffff 1 03
0000000000000006 020500000f000000 0 00 00000000 0 0 0 0 0 1 0000000000000016 ffffffff f ffffffff 0 00
0000000000000016 7c25000000000000 0 00 00000000 0 0 0 0 0 0 0000000000000017 ffffffff f ffffffff 0 00
0000000000000017 34110d000001f000 0 00 00000000 0 0 0 0 0 0 0000000000000018 ffffffff f ffffffff 1 0d
0000000000000018 10300c010d00f000 0 00 00000000 0 0 0 0 0 0 0000000000000019 ffffffff f ffffffff 1 0c
0000000000000019 10000c0c0700f000 0 00 00000000 0 0 0 0 0 0 000000000000001a ffffffff f ffffffff 1 0c
000000000000001a 34110a000000f000 0 00 00000000 0 0 0 0 0 0 000000000000001b ffffffff f ffffffff 1 0a
000000000000001b 7c85000004000000 0 00 00000000 0 0 0 0 0 0 000000000000001c ffffffff f ffffffff 0 00
000000000000001c 3059e0a0c0000000 0 00 00000000 0 0 0 0 0 0 000000000000001d ffffffff f ffffffff 0 00
000000000000001d 3029d0a0c0000000 0 00 00000000 0 0 0 0 0 0 000000000000001e ffffffff f ffffffff 0 00
000000000000001e 105005010500f000 0 00 00000000 0 0 0 0 0 0 000000000000001f ffffffff f ffffffff 1 05
000000000000001f 10000a0a0700f000 0 00 00000000 0 0 0 0 0 0 0000000000000020 ffffffff f ffffffff 1 0a
0000000000000020 7c95fffffbd00000 0 00 00000000 0 0 0 0 0 0 000000000000001c ffffffff f ffffffff 0 00
000000000000001c 3059e0a0c0000000 0 00 00000000 0 0 0 0 0 0 000000000000001d ffffffff f ffffffff 0 00
000000000000001d 3029d0a0c0000000 0 00 00000000 0 0 0 0 0 0 000000000000001e ffffffff f ffffffff 0 00
000000000000001e 105005010500f000 0 00 00000000 0 0 0 0 0 0 000000000000001f ffffffff f ffffffff 1 05
000000000000001f 10000a0a0700f000 0 00 00000000 0 0 0 0 0 0 0000000000000020 ffffffff f ffffffff 1 0a
0000000000000020 7c95fffffbd00000 0 00 00000000 0 0 0 0 0 0 000000000000001c aaaaaaaa f aaaaaaaa 0 00
000000000000001c 3059e0a0c0000000 0 00 00000000 0 0 0 0 0 0 000000000000001d aaaaaaaa f aaaaaaaa 0 00
000000000000001d 3029d0a0c0000000 0 00 00000000 0 0 0 0 0 0 000000000000001e aaaaaaaa f aaaaaaaa 0 00
000000000000001e 105005010500f000 0 00 00000000 0 0 0 0 0 0 000000000000001f aaaaaaaa f aaaaaaaa 1 05
000000000000001f 10000a0a0700f000 0 00 00000000 0 0 0 0 0 0 0000000000000020 aaaaaaaa f aaaaaaaa 1 0a
0000000000000020 7c95fffffbd00000 0 00 00000000 0 0 0 0 0 0 0000000000000021 ffffffff f ffffffff 0 00
0000000000000021 3009903070000000 0 00 00000000 0 0 0 0 0 0 0000000000000022 ffffffff f ffffffff 0 00
0000000000000022 7c15000081900088 0 00 00000000 0 0 0 0 0 0 00000000000000a4 ffffffff f ffffffff 0 00
00000000000000a4 3019901070000000 0 00 00000000 0 0 0 0 0 0 00000000000000a5 ffffffff f ffffffff 0 00
00000000000000a5 7c15000002900004 0 00 00000000 0 0 0 0 0 0 00000000000000a6 fffffffd f fffffffd 0 00
00000000000000a6 10100c0c0300f000 0 00 00000000 0 0 0 0 0 0 00000000000000a7 fffffffd f fffffffd 1 0c
00000000000000a7 0205000002000000 0 00 00000000 0 0 0 0 0 1 00000000000000aa fffffffd f fffffffd 0 00
00000000000000aa 7c25000000000000 0 00 00000000 0 0 0 0 0 0 00000000000000a8 00000002 f 00000002 0 00
00000000000000a8 105005010700f000 0 00 00000000 0 0 0 0 0 0 00000000000000a9 00000002 f 00000002 1 05
00000000000000a9 110004040700f000 0 00 00000000 0 0 0 0 0 0 00000000000000aa 00000002 f 00000002 1 04
00000000000000aa 7c25000000000000 0 00 00000000 0 0 0 0 0 0 00000000000000ab ffffffff f ffffffff 0 00
00000000000000ab 7c25000000000000 0 00 00000000 0 0 0 0 0 0 00000000000000ac ffffffff f ffffffff 0 00
00000000000000ac 7cf5000000000000 0 00 00000000 0 0 0 0 0 0 00000000000000ad ffffffff f ffffffff 0 00
