0000000000000000 00131d0000000000 1 1d 00000000 0 0 0 0000000000000001
0000000000000001 00a3071000000c00 1 07 00000000 0 0 0 0000000000000002
0000000000000002 00b20a070a000000 1 0a 00000000 0 0 0 0000000000000003
0000000000000003 8506000000000000 0 00 00000000 0 0 0 0000000000000004
0000000000000004 0013040000000000 1 04 00000000 0 0 0 0000000000000005
0000000000000005 0102000105000000 0 00 00000000 5 1 0 0000000000000006
0000000000000006 02150000010d0000 0 00 00000000 5 1 0 0000000000000007
0000000000000007 8506000000000000 0 00 00000000 5 1 0 0000000000000008
0000000000000008 0032070208000000 1 07 00000000 5 1 0 0000000000000009
0000000000000009 004204040a000000 1 04 00000000 5 1 0 000000000000000a
000000000000000a 00130800f1346400 1 08 fff13464 5 1 0 000000000000000b
000000000000000b 0306000000000600 1 06 00000000 5 1 0 000000000000000c
000000000000000c 0013030055555500 1 03 00555555 5 1 0 000000000000000d
000000000000000d 8506000000000000 0 00 00000000 5 1 0 000000000000000e
000000000000000e 00731109c65bbb00 1 11 0039a445 5 1 0 000000000000000f
000000000000000f 0073070fb0687400 1 07 004f978c 5 1 0 0000000000000010
0000000000000010 0022060b09000000 1 06 00000000 5 1 0 0000000000000011
0000000000000011 0042090a09000000 1 09 00000000 5 1 0 0000000000000012
0000000000000012 00130800c8cb3300 1 08 ffc8cb33 5 1 0 0000000000000013
0000000000000013 0092060a00000000 1 06 ffffffff 5 1 0 0000000000000014
0000000000000014 0082010a0c000000 1 01 00000000 5 1 0 0000000000000015
0000000000000015 00a30a1200002100 1 0a 00000000 5 1 0 0000000000000016
0000000000000016 00230408a18a5b00 1 04 ff6a558e 5 1 0 0000000000000017
0000000000000017 8506000000000000 0 00 00000000 5 1 0 0000000000000018
0000000000000018 8506000000000000 0 00 00000000 5 1 0 0000000000000019
0000000000000019 0092071100000000 1 07 ffc65bba 5 1 0 000000000000001a
000000000000001a 8506000000000000 0 00 00000000 5 1 0 000000000000001b
000000000000001b 0122001014000000 0 00 00000000 5 0 0 000000000000001c
000000000000001c 02150000030d0000 0 00 00000000 5 0 0 000000000000001d
000000000000001d 8506000000000000 0 00 00000000 5 0 0 000000000000001e
000000000000001e 8506000000000000 0 00 00000000 5 0 0 000000000000001f
000000000000001f 8506000000000000 0 00 00000000 5 0 0 0000000000000020
0000000000000020 8506000000000000 0 00 00000000 5 0 0 0000000000000021
0000000000000021 001311009b35a200 1 11 ff9b35a2 5 0 0 0000000000000022
0000000000000022 8506000000000000 0 00 00000000 5 0 0 0000000000000023
0000000000000023 8506000000000000 0 00 00000000 5 0 0 0000000000000024
0000000000000024 0042071104000000 1 07 ff0a1582 5 0 0 0000000000000025
0000000000000025 00130a0003331200 1 0a 00033312 5 0 0 0000000000000026
0000000000000026 002201070d000000 1 01 ff0a1582 5 0 0 0000000000000027
0000000000000027 8506000000000000 0 00 00000000 5 0 0 0000000000000028
0000000000000028 0102001314000000 0 00 00000000 5 1 0 0000000000000029
0000000000000029 02150000030e0000 0 00 00000000 5 1 1 000000000000002d
000000000000002d 00130900ffffff00 1 09 ffffffff 5 1 0 000000000000002e
000000000000002e 00131e0000000400 1 1e 00000004 5 1 0 000000000000002f
000000000000002f 0023151500000100 1 15 00000001 5 1 0 0000000000000030
0000000000000030 00731e1e00000100 1 1e 00000003 5 1 0 0000000000000031
0000000000000031 0102001e1d000000 0 00 00000000 4 0 0 0000000000000032
0000000000000032 0215fffffc040000 0 00 00000000 4 0 1 000000000000002f
000000000000002f 0023151500000100 1 15 00000002 4 0 0 0000000000000030
0000000000000030 00731e1e00000100 1 1e 00000002 4 0 0 0000000000000031
0000000000000031 0102001e1d000000 0 00 00000000 4 0 0 0000000000000032
0000000000000032 0215fffffc040000 0 00 00000000 4 0 1 000000000000002f
000000000000002f 0023151500000100 1 15 00000003 4 0 0 0000000000000030
0000000000000030 00731e1e00000100 1 1e 00000001 4 0 0 0000000000000031
0000000000000031 0102001e1d000000 0 00 00000000 4 0 0 0000000000000032
0000000000000032 0215fffffc040000 0 00 00000000 4 0 1 000000000000002f
000000000000002f 0023151500000100 1 15 00000004 4 0 0 0000000000000030
0000000000000030 00731e1e00000100 1 1e 00000000 4 0 0 0000000000000031
0000000000000031 0102001e1d000000 0 00 00000000 5 1 0 0000000000000032
0000000000000032 0215fffffc040000 0 00 00000000 5 1 0 0000000000000033
0000000000000033 7cf5000000000000 0 00 00000000 5 1 0 0000000000000034
DONE retired=61 fault=00 pc=0000000000000033
