0000000000000000 0013140000004d00 1 14 0000004d 0 0 0 0000000000000001 24b0b592 f 24b0b592 0 00 24b0b592
0000000000000001 00131600aaaaaa00 1 16 ffaaaaaa 0 0 0 0000000000000002 24b0b592 f 24b0b592 0 00 24b0b592
0000000000000002 342002160000f000 0 00 00000000 0 0 0 0000000000000003 24b0b592 f 24b0b592 1 02 24b0b592
0000000000000003 108104020020f000 0 00 00000000 0 0 0 0000000000000004 24b0b592 f 24b0b592 1 04 24b0b592
0000000000000004 0013160000000000 1 16 00000000 0 0 0 0000000000000005 24b0b592 f 24b0b592 0 00 24b0b592
0000000000000005 342004160000f000 0 00 00000000 0 0 0 0000000000000006 24b0b592 f 24b0b592 1 04 24b0b592
0000000000000006 108104040010f000 0 00 00000000 0 0 0 0000000000000007 24b0b592 f 24b0b592 1 04 24b0b592
0000000000000007 10010402fffff000 0 00 00000000 0 0 0 0000000000000008 24b0b592 f 24b0b592 1 04 24b0b592
0000000000000008 101002050200f000 0 00 00000000 0 0 0 0000000000000009 24b0b592 f 24b0b592 1 02 24b0b592
0000000000000009 106105040001f000 0 00 00000000 0 0 0 000000000000000a 24b0b592 f 24b0b592 1 05 24b0b592
000000000000000a 102006030200f000 0 00 00000000 0 0 0 000000000000000b 24b0b592 f 24b0b592 1 06 24b0b592
000000000000000b 0013150000000100 1 15 00000001 0 0 0 000000000000000c 24b0b592 f 24b0b592 0 00 24b0b592
000000000000000c 342002150000f000 0 00 00000000 0 0 0 000000000000000d 24b0b592 f 24b0b592 1 02 24b0b592
000000000000000d 10710302000ff000 0 00 00000000 0 0 0 000000000000000e 24b0b592 f 24b0b592 1 03 24b0b592
000000000000000e 341105009c07f000 0 00 00000000 0 0 0 000000000000000f 24b0b592 f 24b0b592 1 05 24b0b592
000000000000000f 00131500aaaaaa00 1 15 ffaaaaaa 0 0 0 0000000000000010 24b0b592 f 24b0b592 0 00 24b0b592
0000000000000010 342005150000f000 0 00 00000000 0 0 0 0000000000000011 24b0b592 f 24b0b592 1 05 24b0b592
0000000000000011 00131e0000000200 1 1e 00000002 0 0 0 0000000000000012 24b0b592 f 24b0b592 0 00 24b0b592
0000000000000012 0023171700000100 1 17 00000001 0 0 0 0000000000000013 24b0b592 f 24b0b592 0 00 24b0b592
0000000000000013 00731e1e00000100 1 1e 00000001 0 0 0 0000000000000014 24b0b592 f 24b0b592 0 00 24b0b592
0000000000000014 0013180000000000 1 18 00000000 0 0 0 0000000000000015 24b0b592 f 24b0b592 0 00 24b0b592
0000000000000015 0102001e18000000 0 00 00000000 4 0 0 0000000000000016 24b0b592 f 24b0b592 0 00 24b0b592
0000000000000016 0215fffffb040000 0 00 00000000 4 0 1 0000000000000012 24b0b592 f 24b0b592 0 00 24b0b592
0000000000000012 0023171700000100 1 17 00000002 4 0 0 0000000000000013 24b0b592 f 24b0b592 0 00 24b0b592
0000000000000013 00731e1e00000100 1 1e 00000000 4 0 0 0000000000000014 24b0b592 f 24b0b592 0 00 24b0b592
0000000000000014 0013180000000000 1 18 00000000 4 0 0 0000000000000015 24b0b592 f 24b0b592 0 00 24b0b592
0000000000000015 0102001e18000000 0 00 00000000 5 1 0 0000000000000016 24b0b592 f 24b0b592 0 00 24b0b592
0000000000000016 0215fffffb040000 0 00 00000000 5 1 0 0000000000000017 24b0b592 f 24b0b592 0 00 24b0b592
0000000000000017 7cf5000000000000 0 00 00000000 5 1 0 0000000000000018 24b0b592 f 24b0b592 0 00 24b0b592
DONE retired=29 fault=00 pc=0000000000000017
