0000000000000000 00131d0000000000 1 1d 00000000 0 0 0 0000000000000001
0000000000000001 008202130e000000 1 02 00000000 0 0 0 0000000000000002
0000000000000002 011200090c000000 0 00 00000000 5 0 0 0000000000000003
0000000000000003 02150000030e0000 0 00 00000000 5 0 1 0000000000000007
0000000000000007 8506000000000000 0 00 00000000 5 0 0 0000000000000008
0000000000000008 0092010d00000000 1 01 ffffffff 5 0 0 0000000000000009
0000000000000009 011200010d000000 0 00 00000000 6 1 0 000000000000000a
000000000000000a 0215000001020000 0 00 00000000 6 1 0 000000000000000b
000000000000000b 8506000000000000 0 00 00000000 6 1 0 000000000000000c
000000000000000c 0112000a08000000 0 00 00000000 5 0 0 000000000000000d
000000000000000d 0215000002040000 0 00 00000000 5 0 0 000000000000000e
000000000000000e 8506000000000000 0 00 00000000 5 0 0 000000000000000f
000000000000000f 8506000000000000 0 00 00000000 5 0 0 0000000000000010
0000000000000010 8506000000000000 0 00 00000000 5 0 0 0000000000000011
0000000000000011 003208130c000000 1 08 00000000 5 0 0 0000000000000012
0000000000000012 0112001407000000 0 00 00000000 5 0 0 0000000000000013
0000000000000013 0215000002010000 0 00 00000000 5 0 0 0000000000000014
0000000000000014 8506000000000000 0 00 00000000 5 0 0 0000000000000015
0000000000000015 8506000000000000 0 00 00000000 5 0 0 0000000000000016
0000000000000016 8506000000000000 0 00 00000000 5 0 0 0000000000000017
0000000000000017 0112000502000000 0 00 00000000 5 0 0 0000000000000018
0000000000000018 0215000002020000 0 00 00000000 5 0 1 000000000000001b
000000000000001b 0102000306000000 0 00 00000000 5 1 0 000000000000001c
000000000000001c 0215000001010000 0 00 00000000 5 1 1 000000000000001e
000000000000001e 0073030da300a000 1 03 005cff60 5 1 0 000000000000001f
000000000000001f 0082120101000000 1 12 00000000 5 1 0 0000000000000020
0000000000000020 8506000000000000 0 00 00000000 5 1 0 0000000000000021
0000000000000021 012200140c000000 0 00 00000000 5 0 0 0000000000000022
0000000000000022 0215000001020000 0 00 00000000 5 0 1 0000000000000024
0000000000000024 00130500a1d3cf00 1 05 ffa1d3cf 5 0 0 0000000000000025
0000000000000025 0122000e0b000000 0 00 00000000 5 0 0 0000000000000026
0000000000000026 0215000001040000 0 00 00000000 5 0 0 0000000000000027
0000000000000027 8506000000000000 0 00 00000000 5 0 0 0000000000000028
0000000000000028 8506000000000000 0 00 00000000 5 0 0 0000000000000029
0000000000000029 0023141000000000 1 14 00000000 5 0 0 000000000000002a
000000000000002a 0072010513000000 1 01 ffa1d3cf 5 0 0 000000000000002b
000000000000002b 0112000411000000 0 00 00000000 5 0 0 000000000000002c
000000000000002c 0215000002030000 0 00 00000000 5 0 1 000000000000002f
000000000000002f 00b3050e00002000 1 05 00000000 5 0 0 0000000000000030
0000000000000030 003207100e000000 1 07 00000000 5 0 0 0000000000000031
0000000000000031 0306000000001000 1 10 00000000 5 0 0 0000000000000032
0000000000000032 0306000000000400 1 04 00000000 5 0 0 0000000000000033
0000000000000033 00130e0000000000 1 0e 00000000 5 0 0 0000000000000034
0000000000000034 00131e0000000100 1 1e 00000001 5 0 0 0000000000000035
0000000000000035 0023151500000100 1 15 00000001 5 0 0 0000000000000036
0000000000000036 00731e1e00000100 1 1e 00000000 5 0 0 0000000000000037
0000000000000037 0102001e1d000000 0 00 00000000 5 1 0 0000000000000038
0000000000000038 0215fffffc040000 0 00 00000000 5 1 0 0000000000000039
0000000000000039 7cf5000000000000 0 00 00000000 5 1 0 000000000000003a
DONE retired=49 fault=00 pc=0000000000000039
