0000000000000000 0013140000004d00 1 14 0000004d 0 0 0 0000000000000001 80808080 f 80808080 0 00 80808080
0000000000000001 100004040200f000 0 00 00000000 0 0 0 0000000000000002 80808080 f 80808080 1 04 80808080
0000000000000002 340003040000f000 0 00 00000000 0 0 0 0000000000000003 80808080 f 80808080 1 03 80808080
0000000000000003 0013150000000100 1 15 00000001 0 0 0 0000000000000004 80808080 f 80808080 0 00 80808080
0000000000000004 3420061500008000 0 00 00000000 0 0 0 0000000000000005 80808080 8 00008000 1 06 00008000
0000000000000005 1000020305001000 0 00 00000000 0 0 0 0000000000000006 80808080 1 00800000 1 02 00800000
0000000000000006 0013150000000000 1 15 00000000 0 0 0 0000000000000007 80808080 f 80808080 0 00 80808080
0000000000000007 342004150000f000 0 00 00000000 0 0 0 0000000000000008 80808080 f 80808080 1 04 80808080
0000000000000008 10710403001ff000 0 00 00000000 0 0 0 0000000000000009 80808080 f 80808080 1 04 80808080
0000000000000009 1010020206007000 0 00 00000000 0 0 0 000000000000000a 80808080 7 00008080 1 02 00008080
000000000000000a 10610205001ff000 0 00 00000000 0 0 0 000000000000000b 80808080 f 80808080 1 02 80808080
000000000000000b 0013160000000100 1 16 00000001 0 0 0 000000000000000c 80808080 f 80808080 0 00 80808080
000000000000000c 342005160000f000 0 00 00000000 0 0 0 000000000000000d 80808080 f 80808080 1 05 80808080
000000000000000d 108103050010f000 0 00 00000000 0 0 0 000000000000000e 80808080 f 80808080 1 03 80808080
000000000000000e 106104040000f000 0 00 00000000 0 0 0 000000000000000f 80808080 f 80808080 1 04 80808080
000000000000000f 341105008000f000 0 00 00000000 0 0 0 0000000000000010 80808080 f 80808080 1 05 80808080
0000000000000010 3430050000008000 0 00 00000000 0 0 0 0000000000000011 80808080 8 00008000 1 05 00008000
0000000000000011 343005000000f000 0 00 00000000 0 0 0 0000000000000012 80808080 f 80808080 1 05 80808080
0000000000000012 343006000000f000 0 00 00000000 0 0 0 0000000000000013 80808080 f 80808080 1 06 80808080
0000000000000013 103005050600f000 0 00 00000000 0 0 0 0000000000000014 80808080 f 80808080 1 05 80808080
0000000000000014 34110400002df000 0 00 00000000 0 0 0 0000000000000015 80808080 f 80808080 1 04 80808080
0000000000000015 106102030010f000 0 00 00000000 0 0 0 0000000000000016 80808080 f 80808080 1 02 80808080
0000000000000016 3411050080005000 0 00 00000000 0 0 0 0000000000000017 80808080 5 00808080 1 05 00808080
0000000000000017 00131e0000000100 1 1e 00000001 0 0 0 0000000000000018 80808080 f 80808080 0 00 80808080
0000000000000018 0023171700000100 1 17 00000001 0 0 0 0000000000000019 80808080 f 80808080 0 00 80808080
0000000000000019 00731e1e00000100 1 1e 00000000 0 0 0 000000000000001a 80808080 f 80808080 0 00 80808080
000000000000001a 0013180000000000 1 18 00000000 0 0 0 000000000000001b 80808080 f 80808080 0 00 80808080
000000000000001b 0102001e18000000 0 00 00000000 5 1 0 000000000000001c 80808080 f 80808080 0 00 80808080
000000000000001c 0215fffffb040000 0 00 00000000 5 1 0 000000000000001d 80808080 f 80808080 0 00 80808080
000000000000001d 7cf5000000000000 0 00 00000000 5 1 0 000000000000001e 80808080 f 80808080 0 00 80808080
DONE retired=30 fault=00 pc=000000000000001d
