0000000000000000 00131d0000000000 1 1d 00000000 0 0 0 0000000000000001
0000000000000001 00130f0092807500 1 0f ff928075 0 0 0 0000000000000002
0000000000000002 0042100d02000000 1 10 00000000 0 0 0 0000000000000003
0000000000000003 012200100e000000 0 00 00000000 5 0 0 0000000000000004
0000000000000004 02150000020b0000 0 00 00000000 5 0 0 0000000000000005
0000000000000005 8506000000000000 0 00 00000000 5 0 0 0000000000000006
0000000000000006 8506000000000000 0 00 00000000 5 0 0 0000000000000007
0000000000000007 0122000801000000 0 00 00000000 5 0 0 0000000000000008
0000000000000008 0215000002040000 0 00 00000000 5 0 0 0000000000000009
0000000000000009 8506000000000000 0 00 00000000 5 0 0 000000000000000a
000000000000000a 8506000000000000 0 00 00000000 5 0 0 000000000000000b
000000000000000b 00a3020300001f00 1 02 00000000 5 0 0 000000000000000c
000000000000000c 0062080711000000 1 08 00000000 5 0 0 000000000000000d
000000000000000d 0013090000000000 1 09 00000000 5 0 0 000000000000000e
000000000000000e 00131200624a0f00 1 12 00624a0f 5 0 0 000000000000000f
000000000000000f 0073030b00000000 1 03 00000000 5 0 0 0000000000000010
0000000000000010 8506000000000000 0 00 00000000 5 0 0 0000000000000011
0000000000000011 00a3070300001000 1 07 00000000 5 0 0 0000000000000012
0000000000000012 004209140a000000 1 09 00000000 5 0 0 0000000000000013
0000000000000013 8506000000000000 0 00 00000000 5 0 0 0000000000000014
0000000000000014 8506000000000000 0 00 00000000 5 0 0 0000000000000015
0000000000000015 0023040855555500 1 04 00555555 5 0 0 0000000000000016
0000000000000016 8506000000000000 0 00 00000000 5 0 0 0000000000000017
0000000000000017 002307118ab37a00 1 07 ff8ab37a 5 0 0 0000000000000018
0000000000000018 00730b13db35bc00 1 0b 0024ca44 5 0 0 0000000000000019
0000000000000019 0022020b0d000000 1 02 0024ca44 5 0 0 000000000000001a
000000000000001a 00130c00c3282400 1 0c ffc32824 5 0 0 000000000000001b
000000000000001b 0063050c00000e00 1 05 ca090000 5 0 0 000000000000001c
000000000000001c 00620c0c0f000000 1 0c 04800000 5 0 0 000000000000001d
000000000000001d 00a20c0f03000000 1 0c ff928075 5 0 0 000000000000001e
000000000000001e 8506000000000000 0 00 00000000 5 0 0 000000000000001f
000000000000001f 0013030016cdca00 1 03 0016cdca 5 0 0 0000000000000020
0000000000000020 00130d00aaaaaa00 1 0d ffaaaaaa 5 0 0 0000000000000021
0000000000000021 8506000000000000 0 00 00000000 5 0 0 0000000000000022
0000000000000022 001307003bb62c00 1 07 003bb62c 5 0 0 0000000000000023
0000000000000023 0092021300000000 1 02 ffffffff 5 0 0 0000000000000024
0000000000000024 00b20d0303000000 1 0d 000005b3 5 0 0 0000000000000025
0000000000000025 0122001002000000 0 00 00000000 0 1 0 0000000000000026
0000000000000026 02150000030b0000 0 00 00000000 0 1 0 0000000000000027
0000000000000027 8506000000000000 0 00 00000000 0 1 0 0000000000000028
0000000000000028 8506000000000000 0 00 00000000 0 1 0 0000000000000029
0000000000000029 8506000000000000 0 00 00000000 0 1 0 000000000000002a
000000000000002a 00131e0000000400 1 1e 00000004 0 1 0 000000000000002b
000000000000002b 0023151500000100 1 15 00000001 0 1 0 000000000000002c
000000000000002c 00731e1e00000100 1 1e 00000003 0 1 0 000000000000002d
000000000000002d 0102001e1d000000 0 00 00000000 4 0 0 000000000000002e
000000000000002e 0215fffffc040000 0 00 00000000 4 0 1 000000000000002b
000000000000002b 0023151500000100 1 15 00000002 4 0 0 000000000000002c
000000000000002c 00731e1e00000100 1 1e 00000002 4 0 0 000000000000002d
000000000000002d 0102001e1d000000 0 00 00000000 4 0 0 000000000000002e
000000000000002e 0215fffffc040000 0 00 00000000 4 0 1 000000000000002b
000000000000002b 0023151500000100 1 15 00000003 4 0 0 000000000000002c
000000000000002c 00731e1e00000100 1 1e 00000001 4 0 0 000000000000002d
000000000000002d 0102001e1d000000 0 00 00000000 4 0 0 000000000000002e
000000000000002e 0215fffffc040000 0 00 00000000 4 0 1 000000000000002b
000000000000002b 0023151500000100 1 15 00000004 4 0 0 000000000000002c
000000000000002c 00731e1e00000100 1 1e 00000000 4 0 0 000000000000002d
000000000000002d 0102001e1d000000 0 00 00000000 5 1 0 000000000000002e
000000000000002e 0215fffffc040000 0 00 00000000 5 1 0 000000000000002f
000000000000002f 7cf5000000000000 0 00 00000000 5 1 0 0000000000000030
DONE retired=60 fault=00 pc=000000000000002f
