0000000000000000 00131d0000000000 1 1d 00000000 0 0 0 0000000000000001
0000000000000001 8506000000000000 0 00 00000000 0 0 0 0000000000000002
0000000000000002 0013030000000100 1 03 00000001 0 0 0 0000000000000003
0000000000000003 0306000000001300 1 13 00000000 0 0 0 0000000000000004
0000000000000004 00131400093d1f00 1 14 00093d1f 0 0 0 0000000000000005
0000000000000005 0112000a0c000000 0 00 00000000 5 0 0 0000000000000006
0000000000000006 0215000002030000 0 00 00000000 5 0 1 0000000000000009
0000000000000009 003208140b000000 1 08 00000000 5 0 0 000000000000000a
000000000000000a 0032100714000000 1 10 00000000 5 0 0 000000000000000b
000000000000000b 0306000000000200 1 02 00000000 5 0 0 000000000000000c
000000000000000c 8506000000000000 0 00 00000000 5 0 0 000000000000000d
000000000000000d 0082130d0c000000 1 13 00000000 5 0 0 000000000000000e
000000000000000e 0013110021b6ab00 1 11 0021b6ab 5 0 0 000000000000000f
000000000000000f 0063010500001700 1 01 00000000 5 0 0 0000000000000010
0000000000000010 8506000000000000 0 00 00000000 5 0 0 0000000000000011
0000000000000011 005202010f000000 1 02 00000000 5 0 0 0000000000000012
0000000000000012 00130f0000000000 1 0f 00000000 5 0 0 0000000000000013
0000000000000013 0306000000001200 1 12 00000000 5 0 0 0000000000000014
0000000000000014 8506000000000000 0 00 00000000 5 0 0 0000000000000015
0000000000000015 00131e0000000200 1 1e 00000002 5 0 0 0000000000000016
0000000000000016 0023151500000100 1 15 00000001 5 0 0 0000000000000017
0000000000000017 00731e1e00000100 1 1e 00000001 5 0 0 0000000000000018
0000000000000018 0102001e1d000000 0 00 00000000 4 0 0 0000000000000019
0000000000000019 0215fffffc040000 0 00 00000000 4 0 1 0000000000000016
0000000000000016 0023151500000100 1 15 00000002 4 0 0 0000000000000017
0000000000000017 00731e1e00000100 1 1e 00000000 4 0 0 0000000000000018
0000000000000018 0102001e1d000000 0 00 00000000 5 1 0 0000000000000019
0000000000000019 0215fffffc040000 0 00 00000000 5 1 0 000000000000001a
000000000000001a 7cf5000000000000 0 00 00000000 5 1 0 000000000000001b
DONE retired=29 fault=00 pc=000000000000001a
