0000000000000000 00131d0000000000 1 1d 00000000 0 0 0 0000000000000001
0000000000000001 00130e008fa7e400 1 0e ff8fa7e4 0 0 0 0000000000000002
0000000000000002 0306000000000200 1 02 00000000 0 0 0 0000000000000003
0000000000000003 8506000000000000 0 00 00000000 0 0 0 0000000000000004
0000000000000004 8506000000000000 0 00 00000000 0 0 0 0000000000000005
0000000000000005 00130400aa725100 1 04 ffaa7251 0 0 0 0000000000000006
0000000000000006 8506000000000000 0 00 00000000 0 0 0 0000000000000007
0000000000000007 8506000000000000 0 00 00000000 0 0 0 0000000000000008
0000000000000008 0306000000000800 1 08 00000000 0 0 0 0000000000000009
0000000000000009 8506000000000000 0 00 00000000 0 0 0 000000000000000a
000000000000000a 00a3030b00002000 1 03 00000000 0 0 0 000000000000000b
000000000000000b 0122000c12000000 0 00 00000000 5 0 0 000000000000000c
000000000000000c 0215000002010000 0 00 00000000 5 0 0 000000000000000d
000000000000000d 8506000000000000 0 00 00000000 5 0 0 000000000000000e
000000000000000e 8506000000000000 0 00 00000000 5 0 0 000000000000000f
000000000000000f 8506000000000000 0 00 00000000 5 0 0 0000000000000010
0000000000000010 001305001ec8ac00 1 05 001ec8ac 5 0 0 0000000000000011
0000000000000011 00130d00182d2d00 1 0d 00182d2d 5 0 0 0000000000000012
0000000000000012 8506000000000000 0 00 00000000 5 0 0 0000000000000013
0000000000000013 8506000000000000 0 00 00000000 5 0 0 0000000000000014
0000000000000014 00131e0000000100 1 1e 00000001 5 0 0 0000000000000015
0000000000000015 0023151500000100 1 15 00000001 5 0 0 0000000000000016
0000000000000016 00731e1e00000100 1 1e 00000000 5 0 0 0000000000000017
0000000000000017 0102001e1d000000 0 00 00000000 5 1 0 0000000000000018
0000000000000018 0215fffffc040000 0 00 00000000 5 1 0 0000000000000019
0000000000000019 7cf5000000000000 0 00 00000000 5 1 0 000000000000001a
DONE retired=26 fault=00 pc=0000000000000019
