0000000000000000 0013140000004d00 1 14 0000004d 0 0 0 0000000000000001 08000000 f 08000000 0 00 08000000
0000000000000001 104003040500f000 0 00 00000000 0 0 0 0000000000000002 08000000 f 08000000 1 03 08000000
0000000000000002 10610502000ff000 0 00 00000000 0 0 0 0000000000000003 08000000 f 08000000 1 05 08000000
0000000000000003 104004040400f000 0 00 00000000 0 0 0 0000000000000004 08000000 f 08000000 1 04 08000000
0000000000000004 10410604fffff000 0 00 00000000 0 0 0 0000000000000005 08000000 f 08000000 1 06 08000000
0000000000000005 103106050001f000 0 00 00000000 0 0 0 0000000000000006 08000000 f 08000000 1 06 08000000
0000000000000006 341105000000f000 0 00 00000000 0 0 0 0000000000000007 08000000 f 08000000 1 05 08000000
0000000000000007 00131600ffffff00 1 16 ffffffff 0 0 0 0000000000000008 08000000 f 08000000 0 00 08000000
0000000000000008 342003160000f000 0 00 00000000 0 0 0 0000000000000009 08000000 f 08000000 1 03 08000000
0000000000000009 10810603001ff000 0 00 00000000 0 0 0 000000000000000a 08000000 f 08000000 1 06 08000000
000000000000000a 341102000000f000 0 00 00000000 0 0 0 000000000000000b 08000000 f 08000000 1 02 08000000
000000000000000b 00131500ffffff00 1 15 ffffffff 0 0 0 000000000000000c 08000000 f 08000000 0 00 08000000
000000000000000c 342006150000a000 0 00 00000000 0 0 0 000000000000000d 08000000 a 08000000 1 06 08000000
000000000000000d 104002030300f000 0 00 00000000 0 0 0 000000000000000e 08000000 f 08000000 1 02 08000000
000000000000000e 0013150055555500 1 15 00555555 0 0 0 000000000000000f 08000000 f 08000000 0 00 08000000
000000000000000f 342003150000f000 0 00 00000000 0 0 0 0000000000000010 08000000 f 08000000 1 03 08000000
0000000000000010 101003050600f000 0 00 00000000 0 0 0 0000000000000011 08000000 f 08000000 1 03 08000000
0000000000000011 103005060300f000 0 00 00000000 0 0 0 0000000000000012 08000000 f 08000000 1 05 08000000
0000000000000012 104004050300f000 0 00 00000000 0 0 0 0000000000000013 08000000 f 08000000 1 04 08000000
0000000000000013 341102008000f000 0 00 00000000 0 0 0 0000000000000014 08000000 f 08000000 1 02 08000000
0000000000000014 105104040000f000 0 00 00000000 0 0 0 0000000000000015 08000000 f 08000000 1 04 08000000
0000000000000015 104103038000f000 0 00 00000000 0 0 0 0000000000000016 08000000 f 08000000 1 03 08000000
0000000000000016 107103020001f000 0 00 00000000 0 0 0 0000000000000017 08000000 f 08000000 1 03 08000000
0000000000000017 104004060300f000 0 00 00000000 0 0 0 0000000000000018 08000000 f 08000000 1 04 08000000
0000000000000018 340002050000f000 0 00 00000000 0 0 0 0000000000000019 08000000 f 08000000 1 02 08000000
0000000000000019 10610303003ff000 0 00 00000000 0 0 0 000000000000001a 08000000 f 08000000 1 03 08000000
000000000000001a 00131500ffffff00 1 15 ffffffff 0 0 0 000000000000001b 08000000 f 08000000 0 00 08000000
000000000000001b 342006150000f000 0 00 00000000 0 0 0 000000000000001c 08000000 f 08000000 1 06 08000000
000000000000001c 341102008000f000 0 00 00000000 0 0 0 000000000000001d 08000000 f 08000000 1 02 08000000
000000000000001d 34110200b87bf000 0 00 00000000 0 0 0 000000000000001e 08000000 f 08000000 1 02 08000000
000000000000001e 1010060205002000 0 00 00000000 0 0 0 000000000000001f 08000000 2 00000000 1 06 00000000
000000000000001f 0013150000000000 1 15 00000000 0 0 0 0000000000000020 08000000 f 08000000 0 00 08000000
0000000000000020 342002150000f000 0 00 00000000 0 0 0 0000000000000021 08000000 f 08000000 1 02 08000000
0000000000000021 107103040010f000 0 00 00000000 0 0 0 0000000000000022 08000000 f 08000000 1 03 08000000
0000000000000022 00131e0000000200 1 1e 00000002 0 0 0 0000000000000023 08000000 f 08000000 0 00 08000000
0000000000000023 0023171700000100 1 17 00000001 0 0 0 0000000000000024 08000000 f 08000000 0 00 08000000
0000000000000024 00731e1e00000100 1 1e 00000001 0 0 0 0000000000000025 08000000 f 08000000 0 00 08000000
0000000000000025 0013180000000000 1 18 00000000 0 0 0 0000000000000026 08000000 f 08000000 0 00 08000000
0000000000000026 0102001e18000000 0 00 00000000 4 0 0 0000000000000027 08000000 f 08000000 0 00 08000000
0000000000000027 0215fffffb040000 0 00 00000000 4 0 1 0000000000000023 08000000 f 08000000 0 00 08000000
0000000000000023 0023171700000100 1 17 00000002 4 0 0 0000000000000024 08000000 f 08000000 0 00 08000000
0000000000000024 00731e1e00000100 1 1e 00000000 4 0 0 0000000000000025 08000000 f 08000000 0 00 08000000
0000000000000025 0013180000000000 1 18 00000000 4 0 0 0000000000000026 08000000 f 08000000 0 00 08000000
0000000000000026 0102001e18000000 0 00 00000000 5 1 0 0000000000000027 08000000 f 08000000 0 00 08000000
0000000000000027 0215fffffb040000 0 00 00000000 5 1 0 0000000000000028 08000000 f 08000000 0 00 08000000
0000000000000028 7cf5000000000000 0 00 00000000 5 1 0 0000000000000029 08000000 f 08000000 0 00 08000000
DONE retired=46 fault=00 pc=0000000000000028
