0000000000000000 00131d0000000000 1 1d 00000000 0 0 0 0000000000000001
0000000000000001 001302002e7b3f00 1 02 002e7b3f 0 0 0 0000000000000002
0000000000000002 00131100d11c4900 1 11 ffd11c49 0 0 0 0000000000000003
0000000000000003 0082020f04000000 1 02 00000000 0 0 0 0000000000000004
0000000000000004 0013090058135500 1 09 00581355 0 0 0 0000000000000005
0000000000000005 001308005a7e7300 1 08 005a7e73 0 0 0 0000000000000006
0000000000000006 8506000000000000 0 00 00000000 0 0 0 0000000000000007
0000000000000007 010200010a000000 0 00 00000000 5 1 0 0000000000000008
0000000000000008 0215000002010000 0 00 00000000 5 1 1 000000000000000b
000000000000000b 0032130906000000 1 13 00000000 5 1 0 000000000000000c
000000000000000c 8506000000000000 0 00 00000000 5 1 0 000000000000000d
000000000000000d 8506000000000000 0 00 00000000 5 1 0 000000000000000e
000000000000000e 0092140b00000000 1 14 ffffffff 5 1 0 000000000000000f
000000000000000f 8506000000000000 0 00 00000000 5 1 0 0000000000000010
0000000000000010 0042110904000000 1 11 00000000 5 1 0 0000000000000011
0000000000000011 00230e0800000000 1 0e 005a7e73 5 1 0 0000000000000012
0000000000000012 0073110e25a0eb00 1 11 0034dd88 5 1 0 0000000000000013
0000000000000013 00131400b0df2500 1 14 ffb0df25 5 1 0 0000000000000014
0000000000000014 0112000f0d000000 0 00 00000000 5 0 0 0000000000000015
0000000000000015 0215000001040000 0 00 00000000 5 0 0 0000000000000016
0000000000000016 8506000000000000 0 00 00000000 5 0 0 0000000000000017
0000000000000017 00730408e3d03b00 1 04 0076ae38 5 0 0 0000000000000018
0000000000000018 0063141100000100 1 14 0069bb10 5 0 0 0000000000000019
0000000000000019 00b3100b00000300 1 10 00000000 5 0 0 000000000000001a
000000000000001a 00130c0084396100 1 0c ff843961 5 0 0 000000000000001b
000000000000001b 8506000000000000 0 00 00000000 5 0 0 000000000000001c
000000000000001c 00131e0000000200 1 1e 00000002 5 0 0 000000000000001d
000000000000001d 0023151500000100 1 15 00000001 5 0 0 000000000000001e
000000000000001e 00731e1e00000100 1 1e 00000001 5 0 0 000000000000001f
000000000000001f 0102001e1d000000 0 00 00000000 4 0 0 0000000000000020
0000000000000020 0215fffffc040000 0 00 00000000 4 0 1 000000000000001d
000000000000001d 0023151500000100 1 15 00000002 4 0 0 000000000000001e
000000000000001e 00731e1e00000100 1 1e 00000000 4 0 0 000000000000001f
000000000000001f 0102001e1d000000 0 00 00000000 5 1 0 0000000000000020
0000000000000020 0215fffffc040000 0 00 00000000 5 1 0 0000000000000021
0000000000000021 7cf5000000000000 0 00 00000000 5 1 0 0000000000000022
DONE retired=36 fault=00 pc=0000000000000021
