0000000000000000 00131d0000000000 1 1d 00000000 0 0 0 0000000000000001
0000000000000001 0032130f11000000 1 13 00000000 0 0 0 0000000000000002
0000000000000002 0072010d14000000 1 01 00000000 0 0 0 0000000000000003
0000000000000003 0062060311000000 1 06 00000000 0 0 0 0000000000000004
0000000000000004 0072020406000000 1 02 00000000 0 0 0 0000000000000005
0000000000000005 0052050e14000000 1 05 00000000 0 0 0 0000000000000006
0000000000000006 00a3030200001f00 1 03 00000000 0 0 0 0000000000000007
0000000000000007 00a3101300001600 1 10 00000000 0 0 0 0000000000000008
0000000000000008 8506000000000000 0 00 00000000 0 0 0 0000000000000009
0000000000000009 0052090308000000 1 09 00000000 0 0 0 000000000000000a
000000000000000a 8506000000000000 0 00 00000000 0 0 0 000000000000000b
000000000000000b 8506000000000000 0 00 00000000 0 0 0 000000000000000c
000000000000000c 00b205060d000000 1 05 00000000 0 0 0 000000000000000d
000000000000000d 00420f0709000000 1 0f 00000000 0 0 0 000000000000000e
000000000000000e 0022071405000000 1 07 00000000 0 0 0 000000000000000f
000000000000000f 00131200ffffff00 1 12 ffffffff 0 0 0 0000000000000010
0000000000000010 00130300a08c3900 1 03 ffa08c39 0 0 0 0000000000000011
0000000000000011 00620f0413000000 1 0f 00000000 0 0 0 0000000000000012
0000000000000012 00730708e4880d00 1 07 001b77f3 0 0 0 0000000000000013
0000000000000013 0013020000000000 1 02 00000000 0 0 0 0000000000000014
0000000000000014 0032101309000000 1 10 00000000 0 0 0 0000000000000015
0000000000000015 0073070800000100 1 07 ffffffff 0 0 0 0000000000000016
0000000000000016 8506000000000000 0 00 00000000 0 0 0 0000000000000017
0000000000000017 0062110b0c000000 1 11 00000000 0 0 0 0000000000000018
0000000000000018 0022130a0d000000 1 13 00000000 0 0 0 0000000000000019
0000000000000019 8506000000000000 0 00 00000000 0 0 0 000000000000001a
000000000000001a 0112001014000000 0 00 00000000 5 0 0 000000000000001b
000000000000001b 0215000003020000 0 00 00000000 5 0 1 000000000000001f
000000000000001f 001312006c4aa400 1 12 006c4aa4 5 0 0 0000000000000020
0000000000000020 001309002b48eb00 1 09 002b48eb 5 0 0 0000000000000021
0000000000000021 0052090608000000 1 09 00000000 5 0 0 0000000000000022
0000000000000022 0063131100000400 1 13 00000000 5 0 0 0000000000000023
0000000000000023 8506000000000000 0 00 00000000 5 0 0 0000000000000024
0000000000000024 00130400ffffff00 1 04 ffffffff 5 0 0 0000000000000025
0000000000000025 00230a0479068100 1 0a 00790680 5 0 0 0000000000000026
0000000000000026 00a20d0b06000000 1 0d 00000000 5 0 0 0000000000000027
0000000000000027 8506000000000000 0 00 00000000 5 0 0 0000000000000028
0000000000000028 0032100402000000 1 10 00000000 5 0 0 0000000000000029
0000000000000029 00131e0000000300 1 1e 00000003 5 0 0 000000000000002a
000000000000002a 0023151500000100 1 15 00000001 5 0 0 000000000000002b
000000000000002b 00731e1e00000100 1 1e 00000002 5 0 0 000000000000002c
000000000000002c 0102001e1d000000 0 00 00000000 4 0 0 000000000000002d
000000000000002d 0215fffffc040000 0 00 00000000 4 0 1 000000000000002a
000000000000002a 0023151500000100 1 15 00000002 4 0 0 000000000000002b
000000000000002b 00731e1e00000100 1 1e 00000001 4 0 0 000000000000002c
000000000000002c 0102001e1d000000 0 00 00000000 4 0 0 000000000000002d
000000000000002d 0215fffffc040000 0 00 00000000 4 0 1 000000000000002a
000000000000002a 0023151500000100 1 15 00000003 4 0 0 000000000000002b
000000000000002b 00731e1e00000100 1 1e 00000000 4 0 0 000000000000002c
000000000000002c 0102001e1d000000 0 00 00000000 5 1 0 000000000000002d
000000000000002d 0215fffffc040000 0 00 00000000 5 1 0 000000000000002e
000000000000002e 7cf5000000000000 0 00 00000000 5 1 0 000000000000002f
DONE retired=52 fault=00 pc=000000000000002e
