0000000000000000 0013140000004d00 1 14 0000004d 0 0 0 0000000000000001 fffffff0 f fffffff0 0 00 fffffff0
0000000000000001 103003020300f000 0 00 00000000 0 0 0 0000000000000002 fffffff0 f fffffff0 1 03 fffffff0
0000000000000002 107105030026f000 0 00 00000000 0 0 0 0000000000000003 fffffff0 f fffffff0 1 05 fffffff0
0000000000000003 103106047ffff000 0 00 00000000 0 0 0 0000000000000004 fffffff0 f fffffff0 1 06 fffffff0
0000000000000004 100004020300f000 0 00 00000000 0 0 0 0000000000000005 fffffff0 f fffffff0 1 04 fffffff0
0000000000000005 340002040000f000 0 00 00000000 0 0 0 0000000000000006 fffffff0 f fffffff0 1 02 fffffff0
0000000000000006 0013160000000000 1 16 00000000 0 0 0 0000000000000007 fffffff0 f fffffff0 0 00 fffffff0
0000000000000007 342005160000f000 0 00 00000000 0 0 0 0000000000000008 fffffff0 f fffffff0 1 05 fffffff0
0000000000000008 108106050010f000 0 00 00000000 0 0 0 0000000000000009 fffffff0 f fffffff0 1 06 fffffff0
0000000000000009 106106040021f000 0 00 00000000 0 0 0 000000000000000a fffffff0 f fffffff0 1 06 fffffff0
000000000000000a 0013150055555500 1 15 00555555 0 0 0 000000000000000b fffffff0 f fffffff0 0 00 fffffff0
000000000000000b 342006150000c000 0 00 00000000 0 0 0 000000000000000c fffffff0 c 179d87a0 1 06 179d87a0
000000000000000c 00131500ffffff00 1 15 ffffffff 0 0 0 000000000000000d fffffff0 f fffffff0 0 00 fffffff0
000000000000000d 342003150000f000 0 00 00000000 0 0 0 000000000000000e fffffff0 f fffffff0 1 03 fffffff0
000000000000000e 00131600ffffff00 1 16 ffffffff 0 0 0 000000000000000f fffffff0 f fffffff0 0 00 fffffff0
000000000000000f 342003160000f000 0 00 00000000 0 0 0 0000000000000010 fffffff0 f fffffff0 1 03 fffffff0
0000000000000010 108105030010f000 0 00 00000000 0 0 0 0000000000000011 fffffff0 f fffffff0 1 05 fffffff0
0000000000000011 1050050206001000 0 00 00000000 0 0 0 0000000000000012 fffffff0 1 00000000 1 05 00000000
0000000000000012 10710602003ff000 0 00 00000000 0 0 0 0000000000000013 fffffff0 f fffffff0 1 06 fffffff0
0000000000000013 0013150055555500 1 15 00555555 0 0 0 0000000000000014 fffffff0 f fffffff0 0 00 fffffff0
0000000000000014 342004150000f000 0 00 00000000 0 0 0 0000000000000015 fffffff0 f fffffff0 1 04 fffffff0
0000000000000015 343002000000f000 0 00 00000000 0 0 0 0000000000000016 fffffff0 f fffffff0 1 02 fffffff0
0000000000000016 340003020000f000 0 00 00000000 0 0 0 0000000000000017 fffffff0 f fffffff0 1 03 fffffff0
0000000000000017 105003060200f000 0 00 00000000 0 0 0 0000000000000018 fffffff0 f fffffff0 1 03 fffffff0
0000000000000018 10710602003ff000 0 00 00000000 0 0 0 0000000000000019 fffffff0 f fffffff0 1 06 fffffff0
0000000000000019 0013150000000000 1 15 00000000 0 0 0 000000000000001a fffffff0 f fffffff0 0 00 fffffff0
000000000000001a 342002150000f000 0 00 00000000 0 0 0 000000000000001b fffffff0 f fffffff0 1 02 fffffff0
000000000000001b 3411020022d08000 0 00 00000000 0 0 0 000000000000001c fffffff0 8 36b8df00 1 02 36b8df00
000000000000001c 1010050205004000 0 00 00000000 0 0 0 000000000000001d fffffff0 4 fffffff0 1 05 fffffff0
000000000000001d 104003030200c000 0 00 00000000 0 0 0 000000000000001e fffffff0 c 179d87a0 1 03 179d87a0
000000000000001e 0013150000000100 1 15 00000001 0 0 0 000000000000001f fffffff0 f fffffff0 0 00 fffffff0
000000000000001f 342004150000f000 0 00 00000000 0 0 0 0000000000000020 fffffff0 f fffffff0 1 04 fffffff0
0000000000000020 00131600ffffff00 1 16 ffffffff 0 0 0 0000000000000021 fffffff0 f fffffff0 0 00 fffffff0
0000000000000021 342005160000f000 0 00 00000000 0 0 0 0000000000000022 fffffff0 f fffffff0 1 05 fffffff0
0000000000000022 108104050020f000 0 00 00000000 0 0 0 0000000000000023 fffffff0 f fffffff0 1 04 fffffff0
0000000000000023 10710406001df000 0 00 00000000 0 0 0 0000000000000024 fffffff0 f fffffff0 1 04 fffffff0
0000000000000024 106106040010f000 0 00 00000000 0 0 0 0000000000000025 fffffff0 f fffffff0 1 06 fffffff0
0000000000000025 00131e0000000200 1 1e 00000002 0 0 0 0000000000000026 fffffff0 f fffffff0 0 00 fffffff0
0000000000000026 0023171700000100 1 17 00000001 0 0 0 0000000000000027 fffffff0 f fffffff0 0 00 fffffff0
0000000000000027 00731e1e00000100 1 1e 00000001 0 0 0 0000000000000028 fffffff0 f fffffff0 0 00 fffffff0
0000000000000028 0013180000000000 1 18 00000000 0 0 0 0000000000000029 fffffff0 f fffffff0 0 00 fffffff0
0000000000000029 0102001e18000000 0 00 00000000 4 0 0 000000000000002a fffffff0 f fffffff0 0 00 fffffff0
000000000000002a 0215fffffb040000 0 00 00000000 4 0 1 0000000000000026 fffffff0 f fffffff0 0 00 fffffff0
0000000000000026 0023171700000100 1 17 00000002 4 0 0 0000000000000027 fffffff0 f fffffff0 0 00 fffffff0
0000000000000027 00731e1e00000100 1 1e 00000000 4 0 0 0000000000000028 fffffff0 f fffffff0 0 00 fffffff0
0000000000000028 0013180000000000 1 18 00000000 4 0 0 0000000000000029 fffffff0 f fffffff0 0 00 fffffff0
0000000000000029 0102001e18000000 0 00 00000000 5 1 0 000000000000002a fffffff0 f fffffff0 0 00 fffffff0
000000000000002a 0215fffffb040000 0 00 00000000 5 1 0 000000000000002b fffffff0 f fffffff0 0 00 fffffff0
000000000000002b 7cf5000000000000 0 00 00000000 5 1 0 000000000000002c fffffff0 f fffffff0 0 00 fffffff0
DONE retired=49 fault=00 pc=000000000000002b
