0000000000000000 0013140000004d00 1 14 0000004d 0 0 0 0000000000000001 e748284b f e748284b 0 00 e748284b
0000000000000001 101003040200f000 0 00 00000000 0 0 0 0000000000000002 e748284b f e748284b 1 03 e748284b
0000000000000002 00131500ffffff00 1 15 ffffffff 0 0 0 0000000000000003 e748284b f e748284b 0 00 e748284b
0000000000000003 342006150000f000 0 00 00000000 0 0 0 0000000000000004 e748284b f e748284b 1 06 e748284b
0000000000000004 101103058000f000 0 00 00000000 0 0 0 0000000000000005 e748284b f e748284b 1 03 e748284b
0000000000000005 340006030000f000 0 00 00000000 0 0 0 0000000000000006 e748284b f e748284b 1 06 e748284b
0000000000000006 104002050400f000 0 00 00000000 0 0 0 0000000000000007 e748284b f e748284b 1 02 e748284b
0000000000000007 0013160055555500 1 16 00555555 0 0 0 0000000000000008 e748284b f e748284b 0 00 e748284b
0000000000000008 342006160000f000 0 00 00000000 0 0 0 0000000000000009 e748284b f e748284b 1 06 e748284b
0000000000000009 108103060000f000 0 00 00000000 0 0 0 000000000000000a e748284b f e748284b 1 03 e748284b
000000000000000a 102005020200f000 0 00 00000000 0 0 0 000000000000000b e748284b f e748284b 1 05 e748284b
000000000000000b 340003060000f000 0 00 00000000 0 0 0 000000000000000c e748284b f e748284b 1 03 e748284b
000000000000000c 00131e0000000200 1 1e 00000002 0 0 0 000000000000000d e748284b f e748284b 0 00 e748284b
000000000000000d 0023171700000100 1 17 00000001 0 0 0 000000000000000e e748284b f e748284b 0 00 e748284b
000000000000000e 00731e1e00000100 1 1e 00000001 0 0 0 000000000000000f e748284b f e748284b 0 00 e748284b
000000000000000f 0013180000000000 1 18 00000000 0 0 0 0000000000000010 e748284b f e748284b 0 00 e748284b
0000000000000010 0102001e18000000 0 00 00000000 4 0 0 0000000000000011 e748284b f e748284b 0 00 e748284b
0000000000000011 0215fffffb040000 0 00 00000000 4 0 1 000000000000000d e748284b f e748284b 0 00 e748284b
000000000000000d 0023171700000100 1 17 00000002 4 0 0 000000000000000e e748284b f e748284b 0 00 e748284b
000000000000000e 00731e1e00000100 1 1e 00000000 4 0 0 000000000000000f e748284b f e748284b 0 00 e748284b
000000000000000f 0013180000000000 1 18 00000000 4 0 0 0000000000000010 e748284b f e748284b 0 00 e748284b
0000000000000010 0102001e18000000 0 00 00000000 5 1 0 0000000000000011 e748284b f e748284b 0 00 e748284b
0000000000000011 0215fffffb040000 0 00 00000000 5 1 0 0000000000000012 e748284b f e748284b 0 00 e748284b
0000000000000012 7cf5000000000000 0 00 00000000 5 1 0 0000000000000013 e748284b f e748284b 0 00 e748284b
DONE retired=24 fault=00 pc=0000000000000012
