0000000000000000 343001000000f000 0 00 00000000 0 0 0 0 0 0 0000000000000001 ffffffff f ffffffff 1 01
0000000000000001 341107000001f000 0 00 00000000 0 0 0 0 0 0 0000000000000002 ffffffff f ffffffff 1 07
0000000000000002 34110c000003f000 0 00 00000000 0 0 0 0 0 0 0000000000000003 ffffffff f ffffffff 1 0c
0000000000000003 10300c040700f000 0 00 00000000 0 0 0 0 0 0 0000000000000004 ffffffff f ffffffff 1 0c
0000000000000004 0023060600000200 1 06 00000002 0 0 0 0 0 0 0000000000000005 ffffffff f ffffffff 0 00
0000000000000005 3009b01070000000 0 00 00000000 0 0 0 0 0 0 0000000000000006 ffffffff f ffffffff 0 00
0000000000000006 7c15000016b00052 0 00 00000000 0 0 0 0 0 0 0000000000000007 00000002 f 00000002 0 00
0000000000000007 301930a070000000 0 00 00000000 0 0 0 0 0 0 0000000000000008 00000002 f 00000002 0 00
0000000000000008 7c15000003300011 0 00 00000000 0 0 0 0 0 0 0000000000000009 00000002 f 00000002 0 00
0000000000000009 34110500000cf000 0 00 00000000 0 0 0 0 0 0 000000000000000a 00000002 f 00000002 1 05
000000000000000a 111005010500f000 0 00 00000000 0 0 0 0 0 0 000000000000000b 00000002 f 00000002 1 05
000000000000000b 020500000e000000 0 00 00000000 0 0 0 0 0 1 000000000000001a 00000002 f 00000002 0 00
000000000000001a 7c25000000000000 0 00 00000000 0 0 0 0 0 0 000000000000001b 00000002 f 00000002 0 00
000000000000001b 1010030c0300f000 0 00 00000000 0 0 0 0 0 0 000000000000001c 00000002 f 00000002 1 03
000000000000001c 020500003c000000 0 00 00000000 0 0 0 0 0 1 0000000000000059 00000002 f 00000002 0 00
0000000000000059 7c25000000000000 0 00 00000000 0 0 0 0 0 0 000000000000001d fffffffd f fffffffd 0 00
000000000000001d 30190030c0000000 0 00 00000000 0 0 0 0 0 0 000000000000001e fffffffd f fffffffd 0 00
000000000000001e 7c15000019000032 0 00 00000000 0 0 0 0 0 0 0000000000000038 fffffffd f fffffffd 0 00
0000000000000038 101003070100f000 0 00 00000000 0 0 0 0 0 0 0000000000000039 fffffffd f fffffffd 1 03
0000000000000039 3029a030c0000000 0 00 00000000 0 0 0 0 0 0 000000000000003a fffffffd f fffffffd 0 00
000000000000003a 7c15000002a00015 0 00 00000000 0 0 0 0 0 0 000000000000003b fffffffc f fffffffc 0 00
000000000000003b 10500c040c00f000 0 00 00000000 0 0 0 0 0 0 000000000000003c fffffffc f fffffffc 1 0c
000000000000003c 0205000013000000 0 00 00000000 0 0 0 0 0 1 0000000000000050 fffffffc f fffffffc 0 00
0000000000000050 7c25000000000000 0 00 00000000 0 0 0 0 0 0 000000000000003d 00000001 f 00000001 0 00
000000000000003d 300980b070000000 0 00 00000000 0 0 0 0 0 0 000000000000003e 00000001 f 00000001 0 00
000000000000003e 7c1500000f800010 0 00 00000000 0 0 0 0 0 0 000000000000004e 00000001 f 00000001 0 00
000000000000004e 1010030c0300f000 0 00 00000000 0 0 0 0 0 0 000000000000004f 00000001 f 00000001 1 03
000000000000004f 7c25000000000000 0 00 00000000 0 0 0 0 0 0 0000000000000050 00000001 f 00000001 0 00
0000000000000050 7c25000000000000 0 00 00000000 0 0 0 0 0 0 0000000000000051 fffffffd f fffffffd 0 00
0000000000000051 7c25000000000000 0 00 00000000 0 0 0 0 0 0 0000000000000052 fffffffd f fffffffd 0 00
0000000000000052 3009601070000000 0 00 00000000 0 0 0 0 0 0 0000000000000053 fffffffd f fffffffd 0 00
0000000000000053 7c15000003600004 0 00 00000000 0 0 0 0 0 0 0000000000000057 fffffffd f fffffffd 0 00
0000000000000057 34110300000df000 0 00 00000000 0 0 0 0 0 0 0000000000000058 fffffffd f fffffffd 1 03
0000000000000058 7c25000000000000 0 00 00000000 0 0 0 0 0 0 0000000000000059 fffffffd f fffffffd 0 00
0000000000000059 7c25000000000000 0 00 00000000 0 0 0 0 0 0 000000000000005a ffffffff f ffffffff 0 00
000000000000005a 7cf5000000000000 0 00 00000000 0 0 0 0 0 0 000000000000005b ffffffff f ffffffff 0 00
