0000000000000000 0013140000004d00 1 14 0000004d 0 0 0 0000000000000001 a51059fa f a51059fa 0 00 a51059fa
0000000000000001 341104007ffff000 0 00 00000000 0 0 0 0000000000000002 a51059fa f a51059fa 1 04 a51059fa
0000000000000002 101004050500f000 0 00 00000000 0 0 0 0000000000000003 a51059fa f a51059fa 1 04 a51059fa
0000000000000003 106102020000f000 0 00 00000000 0 0 0 0000000000000004 a51059fa f a51059fa 1 02 a51059fa
0000000000000004 0013150000000000 1 15 00000000 0 0 0 0000000000000005 a51059fa f a51059fa 0 00 a51059fa
0000000000000005 342003150000f000 0 00 00000000 0 0 0 0000000000000006 a51059fa f a51059fa 1 03 a51059fa
0000000000000006 00131600ffffff00 1 16 ffffffff 0 0 0 0000000000000007 a51059fa f a51059fa 0 00 a51059fa
0000000000000007 342005160000f000 0 00 00000000 0 0 0 0000000000000008 a51059fa f a51059fa 1 05 a51059fa
0000000000000008 108102050021f000 0 00 00000000 0 0 0 0000000000000009 a51059fa f a51059fa 1 02 a51059fa
0000000000000009 0013160000000000 1 16 00000000 0 0 0 000000000000000a a51059fa f a51059fa 0 00 a51059fa
000000000000000a 342004160000f000 0 00 00000000 0 0 0 000000000000000b a51059fa f a51059fa 1 04 a51059fa
000000000000000b 108106040010f000 0 00 00000000 0 0 0 000000000000000c a51059fa f a51059fa 1 06 a51059fa
000000000000000c 104003040600f000 0 00 00000000 0 0 0 000000000000000d a51059fa f a51059fa 1 03 a51059fa
000000000000000d 107104030001f000 0 00 00000000 0 0 0 000000000000000e a51059fa f a51059fa 1 04 a51059fa
000000000000000e 0013150000000000 1 15 00000000 0 0 0 000000000000000f a51059fa f a51059fa 0 00 a51059fa
000000000000000f 342003150000d000 0 00 00000000 0 0 0 0000000000000010 a51059fa d 05105150 1 03 05105150
0000000000000010 10310506fffff000 0 00 00000000 0 0 0 0000000000000011 a51059fa f a51059fa 1 05 a51059fa
0000000000000011 0013160000000000 1 16 00000000 0 0 0 0000000000000012 a51059fa f a51059fa 0 00 a51059fa
0000000000000012 342002160000f000 0 00 00000000 0 0 0 0000000000000013 a51059fa f a51059fa 1 02 a51059fa
0000000000000013 108103020020f000 0 00 00000000 0 0 0 0000000000000014 a51059fa f a51059fa 1 03 a51059fa
0000000000000014 0013160000000000 1 16 00000000 0 0 0 0000000000000015 a51059fa f a51059fa 0 00 a51059fa
0000000000000015 342005160000f000 0 00 00000000 0 0 0 0000000000000016 a51059fa f a51059fa 1 05 a51059fa
0000000000000016 10810205003ff000 0 00 00000000 0 0 0 0000000000000017 a51059fa f a51059fa 1 02 a51059fa
0000000000000017 00131500ffffff00 1 15 ffffffff 0 0 0 0000000000000018 a51059fa f a51059fa 0 00 a51059fa
0000000000000018 342003150000f000 0 00 00000000 0 0 0 0000000000000019 a51059fa f a51059fa 1 03 a51059fa
0000000000000019 103104020001f000 0 00 00000000 0 0 0 000000000000001a a51059fa f a51059fa 1 04 a51059fa
000000000000001a 343003000000e000 0 00 00000000 0 0 0 000000000000001b a51059fa e 2010502a 1 03 2010502a
000000000000001b 103106028000f000 0 00 00000000 0 0 0 000000000000001c a51059fa f a51059fa 1 06 a51059fa
000000000000001c 00131e0000000100 1 1e 00000001 0 0 0 000000000000001d a51059fa f a51059fa 0 00 a51059fa
000000000000001d 0023171700000100 1 17 00000001 0 0 0 000000000000001e a51059fa f a51059fa 0 00 a51059fa
000000000000001e 00731e1e00000100 1 1e 00000000 0 0 0 000000000000001f a51059fa f a51059fa 0 00 a51059fa
000000000000001f 0013180000000000 1 18 00000000 0 0 0 0000000000000020 a51059fa f a51059fa 0 00 a51059fa
0000000000000020 0102001e18000000 0 00 00000000 5 1 0 0000000000000021 a51059fa f a51059fa 0 00 a51059fa
0000000000000021 0215fffffb040000 0 00 00000000 5 1 0 0000000000000022 a51059fa f a51059fa 0 00 a51059fa
0000000000000022 7cf5000000000000 0 00 00000000 5 1 0 0000000000000023 a51059fa f a51059fa 0 00 a51059fa
DONE retired=35 fault=00 pc=0000000000000022
