0000000000000000 0013140000004d00 1 14 0000004d 0 0 0 0000000000000001 3d59b442 f 3d59b442 0 00 3d59b442
0000000000000001 10610403000ff000 0 00 00000000 0 0 0 0000000000000002 3d59b442 f 3d59b442 1 04 3d59b442
0000000000000002 0013150055555500 1 15 00555555 0 0 0 0000000000000003 3d59b442 f 3d59b442 0 00 3d59b442
0000000000000003 342002150000f000 0 00 00000000 0 0 0 0000000000000004 3d59b442 f 3d59b442 1 02 3d59b442
0000000000000004 101104060001f000 0 00 00000000 0 0 0 0000000000000005 3d59b442 f 3d59b442 1 04 3d59b442
0000000000000005 103002060600f000 0 00 00000000 0 0 0 0000000000000006 3d59b442 f 3d59b442 1 02 3d59b442
0000000000000006 341104008000f000 0 00 00000000 0 0 0 0000000000000007 3d59b442 f 3d59b442 1 04 3d59b442
0000000000000007 106104030021f000 0 00 00000000 0 0 0 0000000000000008 3d59b442 f 3d59b442 1 04 3d59b442
0000000000000008 340004030000f000 0 00 00000000 0 0 0 0000000000000009 3d59b442 f 3d59b442 1 04 3d59b442
0000000000000009 103002040200f000 0 00 00000000 0 0 0 000000000000000a 3d59b442 f 3d59b442 1 02 3d59b442
000000000000000a 340006040000f000 0 00 00000000 0 0 0 000000000000000b 3d59b442 f 3d59b442 1 06 3d59b442
000000000000000b 101003060200f000 0 00 00000000 0 0 0 000000000000000c 3d59b442 f 3d59b442 1 03 3d59b442
000000000000000c 340002040000f000 0 00 00000000 0 0 0 000000000000000d 3d59b442 f 3d59b442 1 02 3d59b442
000000000000000d 0013150000000100 1 15 00000001 0 0 0 000000000000000e 3d59b442 f 3d59b442 0 00 3d59b442
000000000000000e 3420041500002000 0 00 00000000 0 0 0 000000000000000f 3d59b442 2 11513440 1 04 11513440
000000000000000f 106103060000f000 0 00 00000000 0 0 0 0000000000000010 3d59b442 f 3d59b442 1 03 3d59b442
0000000000000010 102006040500f000 0 00 00000000 0 0 0 0000000000000011 3d59b442 f 3d59b442 1 06 3d59b442
0000000000000011 00131600ffffff00 1 16 ffffffff 0 0 0 0000000000000012 3d59b442 f 3d59b442 0 00 3d59b442
0000000000000012 342003160000f000 0 00 00000000 0 0 0 0000000000000013 3d59b442 f 3d59b442 1 03 3d59b442
0000000000000013 10810403000ff000 0 00 00000000 0 0 0 0000000000000014 3d59b442 f 3d59b442 1 04 3d59b442
0000000000000014 105105051eaef000 0 00 00000000 0 0 0 0000000000000015 3d59b442 f 3d59b442 1 05 3d59b442
0000000000000015 340002060000f000 0 00 00000000 0 0 0 0000000000000016 3d59b442 f 3d59b442 1 02 3d59b442
0000000000000016 340006040000e000 0 00 00000000 0 0 0 0000000000000017 3d59b442 e 3d59b442 1 06 3d59b442
0000000000000017 340002020000f000 0 00 00000000 0 0 0 0000000000000018 3d59b442 f 3d59b442 1 02 3d59b442
0000000000000018 10010305fffff000 0 00 00000000 0 0 0 0000000000000019 3d59b442 f 3d59b442 1 03 3d59b442
0000000000000019 107105060010f000 0 00 00000000 0 0 0 000000000000001a 3d59b442 f 3d59b442 1 05 3d59b442
000000000000001a 107103030001f000 0 00 00000000 0 0 0 000000000000001b 3d59b442 f 3d59b442 1 03 3d59b442
000000000000001b 10710605001ff000 0 00 00000000 0 0 0 000000000000001c 3d59b442 f 3d59b442 1 06 3d59b442
000000000000001c 0013150000000000 1 15 00000000 0 0 0 000000000000001d 3d59b442 f 3d59b442 0 00 3d59b442
000000000000001d 342004150000f000 0 00 00000000 0 0 0 000000000000001e 3d59b442 f 3d59b442 1 04 3d59b442
000000000000001e 10510605545cf000 0 00 00000000 0 0 0 000000000000001f 3d59b442 f 3d59b442 1 06 3d59b442
000000000000001f 340004050000d000 0 00 00000000 0 0 0 0000000000000020 3d59b442 d 00000000 1 04 00000000
0000000000000020 34110500d2bef000 0 00 00000000 0 0 0 0000000000000021 3d59b442 f 3d59b442 1 05 3d59b442
0000000000000021 104004040200f000 0 00 00000000 0 0 0 0000000000000022 3d59b442 f 3d59b442 1 04 3d59b442
0000000000000022 340005060000f000 0 00 00000000 0 0 0 0000000000000023 3d59b442 f 3d59b442 1 05 3d59b442
0000000000000023 100002060500f000 0 00 00000000 0 0 0 0000000000000024 3d59b442 f 3d59b442 1 02 3d59b442
0000000000000024 00131e0000000300 1 1e 00000003 0 0 0 0000000000000025 3d59b442 f 3d59b442 0 00 3d59b442
0000000000000025 0023171700000100 1 17 00000001 0 0 0 0000000000000026 3d59b442 f 3d59b442 0 00 3d59b442
0000000000000026 00731e1e00000100 1 1e 00000002 0 0 0 0000000000000027 3d59b442 f 3d59b442 0 00 3d59b442
0000000000000027 0013180000000000 1 18 00000000 0 0 0 0000000000000028 3d59b442 f 3d59b442 0 00 3d59b442
0000000000000028 0102001e18000000 0 00 00000000 4 0 0 0000000000000029 3d59b442 f 3d59b442 0 00 3d59b442
0000000000000029 0215fffffb040000 0 00 00000000 4 0 1 0000000000000025 3d59b442 f 3d59b442 0 00 3d59b442
0000000000000025 0023171700000100 1 17 00000002 4 0 0 0000000000000026 3d59b442 f 3d59b442 0 00 3d59b442
0000000000000026 00731e1e00000100 1 1e 00000001 4 0 0 0000000000000027 3d59b442 f 3d59b442 0 00 3d59b442
0000000000000027 0013180000000000 1 18 00000000 4 0 0 0000000000000028 3d59b442 f 3d59b442 0 00 3d59b442
0000000000000028 0102001e18000000 0 00 00000000 4 0 0 0000000000000029 3d59b442 f 3d59b442 0 00 3d59b442
0000000000000029 0215fffffb040000 0 00 00000000 4 0 1 0000000000000025 3d59b442 f 3d59b442 0 00 3d59b442
0000000000000025 0023171700000100 1 17 00000003 4 0 0 0000000000000026 3d59b442 f 3d59b442 0 00 3d59b442
0000000000000026 00731e1e00000100 1 1e 00000000 4 0 0 0000000000000027 3d59b442 f 3d59b442 0 00 3d59b442
0000000000000027 0013180000000000 1 18 00000000 4 0 0 0000000000000028 3d59b442 f 3d59b442 0 00 3d59b442
0000000000000028 0102001e18000000 0 00 00000000 5 1 0 0000000000000029 3d59b442 f 3d59b442 0 00 3d59b442
0000000000000029 0215fffffb040000 0 00 00000000 5 1 0 000000000000002a 3d59b442 f 3d59b442 0 00 3d59b442
000000000000002a 7cf5000000000000 0 00 00000000 5 1 0 000000000000002b 3d59b442 f 3d59b442 0 00 3d59b442
DONE retired=53 fault=00 pc=000000000000002a
