0000000000000000 00131d0000000000 1 1d 00000000 0 0 0 0000000000000001
0000000000000001 0042060707000000 1 06 00000000 0 0 0 0000000000000002
0000000000000002 0022041408000000 1 04 00000000 0 0 0 0000000000000003
0000000000000003 0013110000000100 1 11 00000001 0 0 0 0000000000000004
0000000000000004 0122000510000000 0 00 00000000 5 0 0 0000000000000005
0000000000000005 0215000002010000 0 00 00000000 5 0 0 0000000000000006
0000000000000006 8506000000000000 0 00 00000000 5 0 0 0000000000000007
0000000000000007 8506000000000000 0 00 00000000 5 0 0 0000000000000008
0000000000000008 001308003c1ad400 1 08 003c1ad4 5 0 0 0000000000000009
0000000000000009 0013050000000000 1 05 00000000 5 0 0 000000000000000a
000000000000000a 0042131409000000 1 13 00000000 5 0 0 000000000000000b
000000000000000b 011200130d000000 0 00 00000000 5 0 0 000000000000000c
000000000000000c 0215000001010000 0 00 00000000 5 0 0 000000000000000d
000000000000000d 8506000000000000 0 00 00000000 5 0 0 000000000000000e
000000000000000e 0306000000000400 1 04 00000000 5 0 0 000000000000000f
000000000000000f 002203120e000000 1 03 00000000 5 0 0 0000000000000010
0000000000000010 00130900a5b9fc00 1 09 ffa5b9fc 5 0 0 0000000000000011
0000000000000011 0306000000000e00 1 0e 00000000 5 0 0 0000000000000012
0000000000000012 8506000000000000 0 00 00000000 5 0 0 0000000000000013
0000000000000013 0082090213000000 1 09 00000000 5 0 0 0000000000000014
0000000000000014 00730b138ae55b00 1 0b 00751aa5 5 0 0 0000000000000015
0000000000000015 00420d0207000000 1 0d 00000000 5 0 0 0000000000000016
0000000000000016 8506000000000000 0 00 00000000 5 0 0 0000000000000017
0000000000000017 00731201916ded00 1 12 006e9213 5 0 0 0000000000000018
0000000000000018 8506000000000000 0 00 00000000 5 0 0 0000000000000019
0000000000000019 0092020b00000000 1 02 ff8ae55a 5 0 0 000000000000001a
000000000000001a 00130400e2e89a00 1 04 ffe2e89a 5 0 0 000000000000001b
000000000000001b 8506000000000000 0 00 00000000 5 0 0 000000000000001c
000000000000001c 00130500b0c2a300 1 05 ffb0c2a3 5 0 0 000000000000001d
000000000000001d 00220b0d0e000000 1 0b 00000000 5 0 0 000000000000001e
000000000000001e 012200090d000000 0 00 00000000 5 0 0 000000000000001f
000000000000001f 0215000003030000 0 00 00000000 5 0 1 0000000000000023
0000000000000023 0306000000000200 1 02 00000000 5 0 0 0000000000000024
0000000000000024 00130200aaaaaa00 1 02 ffaaaaaa 5 0 0 0000000000000025
0000000000000025 8506000000000000 0 00 00000000 5 0 0 0000000000000026
0000000000000026 0092010d00000000 1 01 ffffffff 5 0 0 0000000000000027
0000000000000027 0306000000000e00 1 0e 00000000 5 0 0 0000000000000028
0000000000000028 8506000000000000 0 00 00000000 5 0 0 0000000000000029
0000000000000029 0306000000001100 1 11 00000000 5 0 0 000000000000002a
000000000000002a 0013140000000000 1 14 00000000 5 0 0 000000000000002b
000000000000002b 0306000000001000 1 10 00000000 5 0 0 000000000000002c
000000000000002c 00131e0000000200 1 1e 00000002 5 0 0 000000000000002d
000000000000002d 0023151500000100 1 15 00000001 5 0 0 000000000000002e
000000000000002e 00731e1e00000100 1 1e 00000001 5 0 0 000000000000002f
000000000000002f 0102001e1d000000 0 00 00000000 4 0 0 0000000000000030
0000000000000030 0215fffffc040000 0 00 00000000 4 0 1 000000000000002d
000000000000002d 0023151500000100 1 15 00000002 4 0 0 000000000000002e
000000000000002e 00731e1e00000100 1 1e 00000000 4 0 0 000000000000002f
000000000000002f 0102001e1d000000 0 00 00000000 5 1 0 0000000000000030
0000000000000030 0215fffffc040000 0 00 00000000 5 1 0 0000000000000031
0000000000000031 7cf5000000000000 0 00 00000000 5 1 0 0000000000000032
DONE retired=51 fault=00 pc=0000000000000031
