0000000000000000 343001000000f000 0 00 00000000 0 0 0 0 0 0 0000000000000001 ffffffff f ffffffff 1 01
0000000000000001 341107000001f000 0 00 00000000 0 0 0 0 0 0 0000000000000002 ffffffff f ffffffff 1 07
0000000000000002 34110c000003f000 0 00 00000000 0 0 0 0 0 0 0000000000000003 ffffffff f ffffffff 1 0c
0000000000000003 34110d000000f000 0 00 00000000 0 0 0 0 0 0 0000000000000004 ffffffff f ffffffff 1 0d
0000000000000004 10300c010d00f000 0 00 00000000 0 0 0 0 0 0 0000000000000005 ffffffff f ffffffff 1 0c
0000000000000005 10000c0c0700f000 0 00 00000000 0 0 0 0 0 0 0000000000000006 ffffffff f ffffffff 1 0c
0000000000000006 34110a000000f000 0 00 00000000 0 0 0 0 0 0 0000000000000007 ffffffff f ffffffff 1 0a
0000000000000007 7c85000008000000 0 00 00000000 0 0 0 0 0 0 0000000000000008 ffffffff f ffffffff 0 00
0000000000000008 3059e0a0c0000000 0 00 00000000 0 0 0 0 0 0 0000000000000009 ffffffff f ffffffff 0 00
0000000000000009 3029d0a0c0000000 0 00 00000000 0 0 0 0 0 0 000000000000000a ffffffff f ffffffff 0 00
000000000000000a 3009401070000000 0 00 00000000 0 0 0 0 0 0 000000000000000b ffffffff f ffffffff 0 00
000000000000000b 7c15000000400001 0 00 00000000 0 0 0 0 0 0 000000000000000c 00000002 f 00000002 0 00
000000000000000c 111005040700f000 0 00 00000000 0 0 0 0 0 0 000000000000000d 00000002 f 00000002 1 05
000000000000000d 7c25000000000000 0 00 00000000 0 0 0 0 0 0 000000000000000c fffffffd f fffffffd 0 00
000000000000000c 111005040700f000 0 00 00000000 0 0 0 0 0 0 000000000000000d fffffffd f fffffffd 1 05
000000000000000d 7c25000000000000 0 00 00000000 0 0 0 0 0 0 000000000000000e ffffffff f ffffffff 0 00
000000000000000e 7cb5000000e00000 0 00 00000000 0 0 0 0 0 0 000000000000000f ffffffff f ffffffff 0 00
000000000000000f 10000a0a0700f000 0 00 00000000 0 0 0 0 0 0 0000000000000010 ffffffff f ffffffff 1 0a
0000000000000010 7c95fffff7d00000 0 00 00000000 0 0 0 0 0 0 0000000000000008 ffffffff f ffffffff 0 00
0000000000000008 3059e0a0c0000000 0 00 00000000 0 0 0 0 0 0 0000000000000009 ffffffff f ffffffff 0 00
0000000000000009 3029d0a0c0000000 0 00 00000000 0 0 0 0 0 0 000000000000000a ffffffff f ffffffff 0 00
000000000000000a 3009401070000000 0 00 00000000 0 0 0 0 0 0 000000000000000b ffffffff f ffffffff 0 00
000000000000000b 7c15000000400001 0 00 00000000 0 0 0 0 0 0 000000000000000c 00000002 f 00000002 0 00
000000000000000c 111005040700f000 0 00 00000000 0 0 0 0 0 0 000000000000000d 00000002 f 00000002 1 05
000000000000000d 7c25000000000000 0 00 00000000 0 0 0 0 0 0 000000000000000c fffffffd f fffffffd 0 00
000000000000000c 111005040700f000 0 00 00000000 0 0 0 0 0 0 000000000000000d fffffffd f fffffffd 1 05
000000000000000d 7c25000000000000 0 00 00000000 0 0 0 0 0 0 000000000000000e ffffffff f ffffffff 0 00
0000000000000010 7cb5000000e00000 0 00 00000000 0 0 0 0 0 0 000000000000000f 00000000 f 00000000 0 00
0000000000000010 7c95fffff7d00000 0 00 00000000 0 0 0 0 0 0 0000000000000011 ffffffff f ffffffff 0 00
0000000000000011 3049b01070000000 0 00 00000000 0 0 0 0 0 0 0000000000000012 ffffffff f ffffffff 0 00
0000000000000012 7c15000002b0000d 0 00 00000000 0 0 0 0 0 0 0000000000000013 fffffffc f fffffffc 0 00
0000000000000013 341103000007f000 0 00 00000000 0 0 0 0 0 0 0000000000000014 fffffffc f fffffffc 1 03
0000000000000014 020500000b000000 0 00 00000000 0 0 0 0 0 1 0000000000000020 fffffffc f fffffffc 0 00
0000000000000020 7c25000000000000 0 00 00000000 0 0 0 0 0 0 0000000000000015 00000003 f 00000003 0 00
0000000000000015 34110d000003f000 0 00 00000000 0 0 0 0 0 0 0000000000000016 00000003 f 00000003 1 0d
0000000000000016 10300c010d00f000 0 00 00000000 0 0 0 0 0 0 0000000000000017 00000003 f 00000003 1 0c
0000000000000017 10000c0c0700f000 0 00 00000000 0 0 0 0 0 0 0000000000000018 00000003 f 00000003 1 0c
0000000000000018 34110a000000f000 0 00 00000000 0 0 0 0 0 0 0000000000000019 00000003 f 00000003 1 0a
0000000000000019 7c85000005000000 0 00 00000000 0 0 0 0 0 0 000000000000001a 00000003 f 00000003 0 00
000000000000001a 3059e0a0c0000000 0 00 00000000 0 0 0 0 0 0 000000000000001b 00000003 f 00000003 0 00
000000000000001b 3029d0a0c0000000 0 00 00000000 0 0 0 0 0 0 000000000000001c 00000003 f 00000003 0 00
000000000000001c 105004010700f000 0 00 00000000 0 0 0 0 0 0 000000000000001d 00000003 f 00000003 1 04
000000000000001d 7cb5000000e00000 0 00 00000000 0 0 0 0 0 0 000000000000001e 00000003 f 00000003 0 00
000000000000001e 10000a0a0700f000 0 00 00000000 0 0 0 0 0 0 000000000000001f 00000003 f 00000003 1 0a
000000000000001f 7c95fffffad00000 0 00 00000000 0 0 0 0 0 0 000000000000001a 00000003 f 00000003 0 00
000000000000001a 3059e0a0c0000000 0 00 00000000 0 0 0 0 0 0 000000000000001b 00000003 f 00000003 0 00
000000000000001b 3029d0a0c0000000 0 00 00000000 0 0 0 0 0 0 000000000000001c 00000003 f 00000003 0 00
000000000000001c 105004010700f000 0 00 00000000 0 0 0 0 0 0 000000000000001d 00000003 f 00000003 1 04
000000000000001d 7cb5000000e00000 0 00 00000000 0 0 0 0 0 0 000000000000001e 00000002 f 00000002 0 00
000000000000001e 10000a0a0700f000 0 00 00000000 0 0 0 0 0 0 000000000000001f 00000002 f 00000002 1 0a
000000000000001f 7c95fffffad00000 0 00 00000000 0 0 0 0 0 0 000000000000001a 00000002 f 00000002 0 00
000000000000001a 3059e0a0c0000000 0 00 00000000 0 0 0 0 0 0 000000000000001b 00000002 f 00000002 0 00
000000000000001b 3029d0a0c0000000 0 00 00000000 0 0 0 0 0 0 000000000000001c 00000002 f 00000002 0 00
000000000000001c 105004010700f000 0 00 00000000 0 0 0 0 0 0 000000000000001d 00000002 f 00000002 1 04
000000000000001f 7cb5000000e00000 0 00 00000000 0 0 0 0 0 0 000000000000001e 00000000 f 00000000 0 00
000000000000001f 7c95fffffad00000 0 00 00000000 0 0 0 0 0 0 0000000000000020 00000003 f 00000003 0 00
0000000000000020 7c25000000000000 0 00 00000000 0 0 0 0 0 0 0000000000000021 ffffffff f ffffffff 0 00
0000000000000021 305920b0c0000000 0 00 00000000 0 0 0 0 0 0 0000000000000022 ffffffff f ffffffff 0 00
0000000000000022 7c1500002e200049 0 00 00000000 0 0 0 0 0 0 0000000000000051 ffffffff f ffffffff 0 00
0000000000000051 34110d000001f000 0 00 00000000 0 0 0 0 0 0 0000000000000052 ffffffff f ffffffff 1 0d
0000000000000052 10300c010d00f000 0 00 00000000 0 0 0 0 0 0 0000000000000053 ffffffff f ffffffff 1 0c
0000000000000053 10000c0c0700f000 0 00 00000000 0 0 0 0 0 0 0000000000000054 ffffffff f ffffffff 1 0c
0000000000000054 34110a000000f000 0 00 00000000 0 0 0 0 0 0 0000000000000055 ffffffff f ffffffff 1 0a
0000000000000055 7c85000007000000 0 00 00000000 0 0 0 0 0 0 0000000000000056 ffffffff f ffffffff 0 00
0000000000000056 3059e0a0c0000000 0 00 00000000 0 0 0 0 0 0 0000000000000057 ffffffff f ffffffff 0 00
0000000000000057 3029d0a0c0000000 0 00 00000000 0 0 0 0 0 0 0000000000000058 ffffffff f ffffffff 0 00
0000000000000058 3039901070000000 0 00 00000000 0 0 0 0 0 0 0000000000000059 ffffffff f ffffffff 0 00
0000000000000059 7c15000000900001 0 00 00000000 0 0 0 0 0 0 000000000000005a 00000003 f 00000003 0 00
000000000000005a 101004070300f000 0 00 00000000 0 0 0 0 0 0 000000000000005b 00000003 f 00000003 1 04
000000000000005b 7c25000000000000 0 00 00000000 0 0 0 0 0 0 000000000000005a fffffffc f fffffffc 0 00
000000000000005a 101004070300f000 0 00 00000000 0 0 0 0 0 0 000000000000005b fffffffc f fffffffc 1 04
000000000000005b 7c25000000000000 0 00 00000000 0 0 0 0 0 0 000000000000005c ffffffff f ffffffff 0 00
000000000000005c 10000a0a0700f000 0 00 00000000 0 0 0 0 0 0 000000000000005d ffffffff f ffffffff 1 0a
000000000000005d 7c95fffff8d00000 0 00 00000000 0 0 0 0 0 0 0000000000000056 ffffffff f ffffffff 0 00
0000000000000056 3059e0a0c0000000 0 00 00000000 0 0 0 0 0 0 0000000000000057 ffffffff f ffffffff 0 00
0000000000000057 3029d0a0c0000000 0 00 00000000 0 0 0 0 0 0 0000000000000058 ffffffff f ffffffff 0 00
0000000000000058 3039901070000000 0 00 00000000 0 0 0 0 0 0 0000000000000059 ffffffff f ffffffff 0 00
0000000000000059 7c15000000900001 0 00 00000000 0 0 0 0 0 0 000000000000005a 00000003 f 00000003 0 00
000000000000005a 101004070300f000 0 00 00000000 0 0 0 0 0 0 000000000000005b 00000003 f 00000003 1 04
000000000000005b 7c25000000000000 0 00 00000000 0 0 0 0 0 0 000000000000005a fffffffc f fffffffc 0 00
000000000000005a 101004070300f000 0 00 00000000 0 0 0 0 0 0 000000000000005b fffffffc f fffffffc 1 04
000000000000005b 7c25000000000000 0 00 00000000 0 0 0 0 0 0 000000000000005c ffffffff f ffffffff 0 00
000000000000005c 10000a0a0700f000 0 00 00000000 0 0 0 0 0 0 000000000000005d ffffffff f ffffffff 1 0a
000000000000005d 7c95fffff8d00000 0 00 00000000 0 0 0 0 0 0 0000000000000056 aaaaaaaa f aaaaaaaa 0 00
0000000000000056 3059e0a0c0000000 0 00 00000000 0 0 0 0 0 0 0000000000000057 aaaaaaaa f aaaaaaaa 0 00
0000000000000057 3029d0a0c0000000 0 00 00000000 0 0 0 0 0 0 0000000000000058 aaaaaaaa f aaaaaaaa 0 00
0000000000000058 3039901070000000 0 00 00000000 0 0 0 0 0 0 0000000000000059 aaaaaaaa f aaaaaaaa 0 00
0000000000000059 7c15000000900001 0 00 00000000 0 0 0 0 0 0 000000000000005a 00000002 f 00000002 0 00
000000000000005a 101004070300f000 0 00 00000000 0 0 0 0 0 0 000000000000005b 00000002 f 00000002 1 04
000000000000005b 7c25000000000000 0 00 00000000 0 0 0 0 0 0 000000000000005a aaaaaaa8 f aaaaaaa8 0 00
000000000000005a 101004070300f000 0 00 00000000 0 0 0 0 0 0 000000000000005b aaaaaaa8 f aaaaaaa8 1 04
000000000000005b 7c25000000000000 0 00 00000000 0 0 0 0 0 0 000000000000005c aaaaaaaa f aaaaaaaa 0 00
000000000000005c 10000a0a0700f000 0 00 00000000 0 0 0 0 0 0 000000000000005d aaaaaaaa f aaaaaaaa 1 0a
000000000000005d 7c95fffff8d00000 0 00 00000000 0 0 0 0 0 0 000000000000005e ffffffff f ffffffff 0 00
000000000000005e 34110d000003f000 0 00 00000000 0 0 0 0 0 0 000000000000005f ffffffff f ffffffff 1 0d
000000000000005f 10300c010d00f000 0 00 00000000 0 0 0 0 0 0 0000000000000060 ffffffff f ffffffff 1 0c
0000000000000060 10000c0c0700f000 0 00 00000000 0 0 0 0 0 0 0000000000000061 ffffffff f ffffffff 1 0c
0000000000000061 34110a000000f000 0 00 00000000 0 0 0 0 0 0 0000000000000062 ffffffff f ffffffff 1 0a
0000000000000062 7c85000008000000 0 00 00000000 0 0 0 0 0 0 0000000000000063 ffffffff f ffffffff 0 00
0000000000000063 3059e0a0c0000000 0 00 00000000 0 0 0 0 0 0 0000000000000064 ffffffff f ffffffff 0 00
0000000000000064 3029d0a0c0000000 0 00 00000000 0 0 0 0 0 0 0000000000000065 ffffffff f ffffffff 0 00
0000000000000065 3039a01070000000 0 00 00000000 0 0 0 0 0 0 0000000000000066 ffffffff f ffffffff 0 00
0000000000000066 7c15000000a00001 0 00 00000000 0 0 0 0 0 0 0000000000000067 00000003 f 00000003 0 00
0000000000000067 104005030700f000 0 00 00000000 0 0 0 0 0 0 0000000000000068 00000003 f 00000003 1 05
0000000000000068 7c25000000000000 0 00 00000000 0 0 0 0 0 0 0000000000000067 fffffffc f fffffffc 0 00
0000000000000067 104005030700f000 0 00 00000000 0 0 0 0 0 0 0000000000000068 fffffffc f fffffffc 1 05
0000000000000068 7c25000000000000 0 00 00000000 0 0 0 0 0 0 0000000000000069 ffffffff f ffffffff 0 00
0000000000000069 7cb5000000e00000 0 00 00000000 0 0 0 0 0 0 000000000000006a ffffffff f ffffffff 0 00
000000000000006a 10000a0a0700f000 0 00 00000000 0 0 0 0 0 0 000000000000006b ffffffff f ffffffff 1 0a
000000000000006b 7c95fffff7d00000 0 00 00000000 0 0 0 0 0 0 0000000000000063 ffffffff f ffffffff 0 00
0000000000000063 3059e0a0c0000000 0 00 00000000 0 0 0 0 0 0 0000000000000064 ffffffff f ffffffff 0 00
0000000000000064 3029d0a0c0000000 0 00 00000000 0 0 0 0 0 0 0000000000000065 ffffffff f ffffffff 0 00
0000000000000065 3039a01070000000 0 00 00000000 0 0 0 0 0 0 0000000000000066 ffffffff f ffffffff 0 00
0000000000000066 7c15000000a00001 0 00 00000000 0 0 0 0 0 0 0000000000000067 00000003 f 00000003 0 00
0000000000000067 104005030700f000 0 00 00000000 0 0 0 0 0 0 0000000000000068 00000003 f 00000003 1 05
0000000000000068 7c25000000000000 0 00 00000000 0 0 0 0 0 0 0000000000000067 fffffffc f fffffffc 0 00
0000000000000067 104005030700f000 0 00 00000000 0 0 0 0 0 0 0000000000000068 fffffffc f fffffffc 1 05
0000000000000068 7c25000000000000 0 00 00000000 0 0 0 0 0 0 0000000000000069 ffffffff f ffffffff 0 00
0000000000000069 7cb5000000e00000 0 00 00000000 0 0 0 0 0 0 000000000000006a eeeeeeee f eeeeeeee 0 00
000000000000006a 10000a0a0700f000 0 00 00000000 0 0 0 0 0 0 000000000000006b eeeeeeee f eeeeeeee 1 0a
000000000000006b 7c95fffff7d00000 0 00 00000000 0 0 0 0 0 0 0000000000000063 eeeeeeee f eeeeeeee 0 00
0000000000000063 3059e0a0c0000000 0 00 00000000 0 0 0 0 0 0 0000000000000064 eeeeeeee f eeeeeeee 0 00
0000000000000064 3029d0a0c0000000 0 00 00000000 0 0 0 0 0 0 0000000000000065 eeeeeeee f eeeeeeee 0 00
0000000000000065 3039a01070000000 0 00 00000000 0 0 0 0 0 0 0000000000000066 eeeeeeee f eeeeeeee 0 00
0000000000000066 7c15000000a00001 0 00 00000000 0 0 0 0 0 0 0000000000000067 00000002 f 00000002 0 00
0000000000000067 104005030700f000 0 00 00000000 0 0 0 0 0 0 0000000000000068 00000002 f 00000002 1 05
0000000000000068 7c25000000000000 0 00 00000000 0 0 0 0 0 0 0000000000000067 eeeeeeec f eeeeeeec 0 00
0000000000000067 104005030700f000 0 00 00000000 0 0 0 0 0 0 0000000000000068 eeeeeeec f eeeeeeec 1 05
0000000000000068 7c25000000000000 0 00 00000000 0 0 0 0 0 0 0000000000000069 eeeeeeee f eeeeeeee 0 00
0000000000000069 7cb5000000e00000 0 00 00000000 0 0 0 0 0 0 000000000000006a cccccccc f cccccccc 0 00
000000000000006a 10000a0a0700f000 0 00 00000000 0 0 0 0 0 0 000000000000006b cccccccc f cccccccc 1 0a
000000000000006b 7c95fffff7d00000 0 00 00000000 0 0 0 0 0 0 0000000000000063 cccccccc f cccccccc 0 00
0000000000000063 3059e0a0c0000000 0 00 00000000 0 0 0 0 0 0 0000000000000064 cccccccc f cccccccc 0 00
0000000000000064 3029d0a0c0000000 0 00 00000000 0 0 0 0 0 0 0000000000000065 cccccccc f cccccccc 0 00
0000000000000065 3039a01070000000 0 00 00000000 0 0 0 0 0 0 0000000000000066 cccccccc f cccccccc 0 00
0000000000000066 7c15000000a00001 0 00 00000000 0 0 0 0 0 0 0000000000000067 cccccccc f cccccccc 0 00
0000000000000067 104005030700f000 0 00 00000000 0 0 0 0 0 0 0000000000000068 cccccccc f cccccccc 1 05
0000000000000068 7c25000000000000 0 00 00000000 0 0 0 0 0 0 0000000000000069 cccccccc f cccccccc 0 00
0000000000000069 7cb5000000e00000 0 00 00000000 0 0 0 0 0 0 000000000000006a 88888888 f 88888888 0 00
000000000000006a 10000a0a0700f000 0 00 00000000 0 0 0 0 0 0 000000000000006b 88888888 f 88888888 1 0a
000000000000006b 7c95fffff7d00000 0 00 00000000 0 0 0 0 0 0 0000000000000063 88888888 f 88888888 0 00
0000000000000063 3059e0a0c0000000 0 00 00000000 0 0 0 0 0 0 0000000000000064 88888888 f 88888888 0 00
0000000000000064 3029d0a0c0000000 0 00 00000000 0 0 0 0 0 0 0000000000000065 88888888 f 88888888 0 00
0000000000000065 3039a01070000000 0 00 00000000 0 0 0 0 0 0 0000000000000066 88888888 f 88888888 0 00
0000000000000066 7c15000000a00001 0 00 00000000 0 0 0 0 0 0 0000000000000067 88888888 f 88888888 0 00
0000000000000067 104005030700f000 0 00 00000000 0 0 0 0 0 0 0000000000000068 88888888 f 88888888 1 05
0000000000000068 7c25000000000000 0 00 00000000 0 0 0 0 0 0 0000000000000069 88888888 f 88888888 0 00
000000000000006b 7cb5000000e00000 0 00 00000000 0 0 0 0 0 0 000000000000006a 00000000 f 00000000 0 00
000000000000006b 7c95fffff7d00000 0 00 00000000 0 0 0 0 0 0 000000000000006c ffffffff f ffffffff 0 00
000000000000006c 7c25000000000000 0 00 00000000 0 0 0 0 0 0 000000000000006d ffffffff f ffffffff 0 00
000000000000006d 7cf5000000000000 0 00 00000000 0 0 0 0 0 0 000000000000006e ffffffff f ffffffff 0 00
