0000000000000000 0013140000004d00 1 14 0000004d 0 0 0 0000000000000001 0000001f f 0000001f 0 00 0000001f
0000000000000001 100002040300f000 0 00 00000000 0 0 0 0000000000000002 0000001f f 0000001f 1 02 0000001f
0000000000000002 10510404fffff000 0 00 00000000 0 0 0 0000000000000003 0000001f f 0000001f 1 04 0000001f
0000000000000003 105004050400d000 0 00 00000000 0 0 0 0000000000000004 0000001f d 0000001f 1 04 0000001f
0000000000000004 105106060001f000 0 00 00000000 0 0 0 0000000000000005 0000001f f 0000001f 1 06 0000001f
0000000000000005 340004060000f000 0 00 00000000 0 0 0 0000000000000006 0000001f f 0000001f 1 04 0000001f
0000000000000006 341104000000f000 0 00 00000000 0 0 0 0000000000000007 0000001f f 0000001f 1 04 0000001f
0000000000000007 3430020000006000 0 00 00000000 0 0 0 0000000000000008 0000001f 6 00000019 1 02 00000019
0000000000000008 103002020500f000 0 00 00000000 0 0 0 0000000000000009 0000001f f 0000001f 1 02 0000001f
0000000000000009 10610405003ff000 0 00 00000000 0 0 0 000000000000000a 0000001f f 0000001f 1 04 0000001f
000000000000000a 0013160000000000 1 16 00000000 0 0 0 000000000000000b 0000001f f 0000001f 0 00 0000001f
000000000000000b 342004160000f000 0 00 00000000 0 0 0 000000000000000c 0000001f f 0000001f 1 04 0000001f
000000000000000c 10810404001ff000 0 00 00000000 0 0 0 000000000000000d 0000001f f 0000001f 1 04 0000001f
000000000000000d 104002020300f000 0 00 00000000 0 0 0 000000000000000e 0000001f f 0000001f 1 02 0000001f
000000000000000e 0013150000000000 1 15 00000000 0 0 0 000000000000000f 0000001f f 0000001f 0 00 0000001f
000000000000000f 3420061500001000 0 00 00000000 0 0 0 0000000000000010 0000001f 1 00000001 1 06 00000001
0000000000000010 0013150000000000 1 15 00000000 0 0 0 0000000000000011 0000001f f 0000001f 0 00 0000001f
0000000000000011 342003150000f000 0 00 00000000 0 0 0 0000000000000012 0000001f f 0000001f 1 03 0000001f
0000000000000012 0013160000000000 1 16 00000000 0 0 0 0000000000000013 0000001f f 0000001f 0 00 0000001f
0000000000000013 342006160000f000 0 00 00000000 0 0 0 0000000000000014 0000001f f 0000001f 1 06 0000001f
0000000000000014 10810406003ff000 0 00 00000000 0 0 0 0000000000000015 0000001f f 0000001f 1 04 0000001f
0000000000000015 101004050400f000 0 00 00000000 0 0 0 0000000000000016 0000001f f 0000001f 1 04 0000001f
0000000000000016 340003040000f000 0 00 00000000 0 0 0 0000000000000017 0000001f f 0000001f 1 03 0000001f
0000000000000017 105006030600f000 0 00 00000000 0 0 0 0000000000000018 0000001f f 0000001f 1 06 0000001f
0000000000000018 106106040010f000 0 00 00000000 0 0 0 0000000000000019 0000001f f 0000001f 1 06 0000001f
0000000000000019 102003040200f000 0 00 00000000 0 0 0 000000000000001a 0000001f f 0000001f 1 03 0000001f
000000000000001a 341102001a3af000 0 00 00000000 0 0 0 000000000000001b 0000001f f 0000001f 1 02 0000001f
000000000000001b 106104020010f000 0 00 00000000 0 0 0 000000000000001c 0000001f f 0000001f 1 04 0000001f
000000000000001c 0013150000000000 1 15 00000000 0 0 0 000000000000001d 0000001f f 0000001f 0 00 0000001f
000000000000001d 342006150000f000 0 00 00000000 0 0 0 000000000000001e 0000001f f 0000001f 1 06 0000001f
000000000000001e 00131e0000000300 1 1e 00000003 0 0 0 000000000000001f 0000001f f 0000001f 0 00 0000001f
000000000000001f 0023171700000100 1 17 00000001 0 0 0 0000000000000020 0000001f f 0000001f 0 00 0000001f
0000000000000020 00731e1e00000100 1 1e 00000002 0 0 0 0000000000000021 0000001f f 0000001f 0 00 0000001f
0000000000000021 0013180000000000 1 18 00000000 0 0 0 0000000000000022 0000001f f 0000001f 0 00 0000001f
0000000000000022 0102001e18000000 0 00 00000000 4 0 0 0000000000000023 0000001f f 0000001f 0 00 0000001f
0000000000000023 0215fffffb040000 0 00 00000000 4 0 1 000000000000001f 0000001f f 0000001f 0 00 0000001f
000000000000001f 0023171700000100 1 17 00000002 4 0 0 0000000000000020 0000001f f 0000001f 0 00 0000001f
0000000000000020 00731e1e00000100 1 1e 00000001 4 0 0 0000000000000021 0000001f f 0000001f 0 00 0000001f
0000000000000021 0013180000000000 1 18 00000000 4 0 0 0000000000000022 0000001f f 0000001f 0 00 0000001f
0000000000000022 0102001e18000000 0 00 00000000 4 0 0 0000000000000023 0000001f f 0000001f 0 00 0000001f
0000000000000023 0215fffffb040000 0 00 00000000 4 0 1 000000000000001f 0000001f f 0000001f 0 00 0000001f
000000000000001f 0023171700000100 1 17 00000003 4 0 0 0000000000000020 0000001f f 0000001f 0 00 0000001f
0000000000000020 00731e1e00000100 1 1e 00000000 4 0 0 0000000000000021 0000001f f 0000001f 0 00 0000001f
0000000000000021 0013180000000000 1 18 00000000 4 0 0 0000000000000022 0000001f f 0000001f 0 00 0000001f
0000000000000022 0102001e18000000 0 00 00000000 5 1 0 0000000000000023 0000001f f 0000001f 0 00 0000001f
0000000000000023 0215fffffb040000 0 00 00000000 5 1 0 0000000000000024 0000001f f 0000001f 0 00 0000001f
0000000000000024 7cf5000000000000 0 00 00000000 5 1 0 0000000000000025 0000001f f 0000001f 0 00 0000001f
DONE retired=47 fault=00 pc=0000000000000024
