0000000000000000 343001000000f000 0 00 00000000 0 0 0 0 0 0 0000000000000001 ffffffff f ffffffff 1 01
0000000000000001 341107000001f000 0 00 00000000 0 0 0 0 0 0 0000000000000002 ffffffff f ffffffff 1 07
0000000000000002 34110c000003f000 0 00 00000000 0 0 0 0 0 0 0000000000000003 ffffffff f ffffffff 1 0c
0000000000000003 341103000001f000 0 00 00000000 0 0 0 0 0 0 0000000000000004 ffffffff f ffffffff 1 03
0000000000000004 3029d0a0c0000000 0 00 00000000 0 0 0 0 0 0 0000000000000005 ffffffff f ffffffff 0 00
0000000000000005 7c1500000dd0011c 0 00 00000000 0 0 0 0 0 0 0000000000000006 ffffffff f ffffffff 0 00
0000000000000006 34110d000001f000 0 00 00000000 0 0 0 0 0 0 0000000000000007 ffffffff f ffffffff 1 0d
0000000000000007 10300c010d00f000 0 00 00000000 0 0 0 0 0 0 0000000000000008 ffffffff f ffffffff 1 0c
0000000000000008 10000c0c0700f000 0 00 00000000 0 0 0 0 0 0 0000000000000009 ffffffff f ffffffff 1 0c
0000000000000009 34110a000000f000 0 00 00000000 0 0 0 0 0 0 000000000000000a ffffffff f ffffffff 1 0a
000000000000000a 7c85000005000000 0 00 00000000 0 0 0 0 0 0 000000000000000b ffffffff f ffffffff 0 00
000000000000000b 3059e0a0c0000000 0 00 00000000 0 0 0 0 0 0 000000000000000c ffffffff f ffffffff 0 00
000000000000000c 3029d0a0c0000000 0 00 00000000 0 0 0 0 0 0 000000000000000d ffffffff f ffffffff 0 00
000000000000000d 103003040c00f000 0 00 00000000 0 0 0 0 0 0 000000000000000e ffffffff f ffffffff 1 03
000000000000000e 7cb5000000e00000 0 00 00000000 0 0 0 0 0 0 000000000000000f ffffffff f ffffffff 0 00
000000000000000f 10000a0a0700f000 0 00 00000000 0 0 0 0 0 0 0000000000000010 ffffffff f ffffffff 1 0a
0000000000000010 7c95fffffad00000 0 00 00000000 0 0 0 0 0 0 000000000000000b ffffffff f ffffffff 0 00
000000000000000b 3059e0a0c0000000 0 00 00000000 0 0 0 0 0 0 000000000000000c ffffffff f ffffffff 0 00
000000000000000c 3029d0a0c0000000 0 00 00000000 0 0 0 0 0 0 000000000000000d ffffffff f ffffffff 0 00
000000000000000d 103003040c00f000 0 00 00000000 0 0 0 0 0 0 000000000000000e ffffffff f ffffffff 1 03
000000000000000e 7cb5000000e00000 0 00 00000000 0 0 0 0 0 0 000000000000000f aaaaaaaa f aaaaaaaa 0 00
000000000000000f 10000a0a0700f000 0 00 00000000 0 0 0 0 0 0 0000000000000010 aaaaaaaa f aaaaaaaa 1 0a
0000000000000010 7c95fffffad00000 0 00 00000000 0 0 0 0 0 0 000000000000000b aaaaaaaa f aaaaaaaa 0 00
000000000000000b 3059e0a0c0000000 0 00 00000000 0 0 0 0 0 0 000000000000000c aaaaaaaa f aaaaaaaa 0 00
000000000000000c 3029d0a0c0000000 0 00 00000000 0 0 0 0 0 0 000000000000000d aaaaaaaa f aaaaaaaa 0 00
000000000000000d 103003040c00f000 0 00 00000000 0 0 0 0 0 0 000000000000000e aaaaaaaa f aaaaaaaa 1 03
0000000000000010 7cb5000000e00000 0 00 00000000 0 0 0 0 0 0 000000000000000f 00000000 f 00000000 0 00
0000000000000010 7c95fffffad00000 0 00 00000000 0 0 0 0 0 0 0000000000000011 ffffffff f ffffffff 0 00
0000000000000011 111003040c00f000 0 00 00000000 0 0 0 0 0 0 0000000000000012 ffffffff f ffffffff 1 03
0000000000000012 020500010f000000 0 00 00000000 0 0 0 0 0 1 0000000000000122 ffffffff f ffffffff 0 00
0000000000000122 7c25000000000000 0 00 00000000 0 0 0 0 0 0 0000000000000123 ffffffff f ffffffff 0 00
0000000000000123 301950b070000000 0 00 00000000 0 0 0 0 0 0 0000000000000124 ffffffff f ffffffff 0 00
0000000000000124 7c1500000d50000e 0 00 00000000 0 0 0 0 0 0 0000000000000125 ffffffff f ffffffff 0 00
0000000000000125 105003010700f000 0 00 00000000 0 0 0 0 0 0 0000000000000126 ffffffff f ffffffff 1 03
0000000000000126 34110d000000f000 0 00 00000000 0 0 0 0 0 0 0000000000000127 ffffffff f ffffffff 1 0d
0000000000000127 10300c010d00f000 0 00 00000000 0 0 0 0 0 0 0000000000000128 ffffffff f ffffffff 1 0c
0000000000000128 10000c0c0700f000 0 00 00000000 0 0 0 0 0 0 0000000000000129 ffffffff f ffffffff 1 0c
0000000000000129 34110a000000f000 0 00 00000000 0 0 0 0 0 0 000000000000012a ffffffff f ffffffff 1 0a
000000000000012a 7c85000005000000 0 00 00000000 0 0 0 0 0 0 000000000000012b ffffffff f ffffffff 0 00
000000000000012b 3059e0a0c0000000 0 00 00000000 0 0 0 0 0 0 000000000000012c ffffffff f ffffffff 0 00
000000000000012c 3029d0a0c0000000 0 00 00000000 0 0 0 0 0 0 000000000000012d ffffffff f ffffffff 0 00
000000000000012d 110003040c00f000 0 00 00000000 0 0 0 0 0 0 000000000000012e ffffffff f ffffffff 1 03
000000000000012e 7cb5000000e00000 0 00 00000000 0 0 0 0 0 0 000000000000012f ffffffff f ffffffff 0 00
000000000000012f 10000a0a0700f000 0 00 00000000 0 0 0 0 0 0 0000000000000130 ffffffff f ffffffff 1 0a
0000000000000130 7c95fffffad00000 0 00 00000000 0 0 0 0 0 0 000000000000012b ffffffff f ffffffff 0 00
000000000000012b 3059e0a0c0000000 0 00 00000000 0 0 0 0 0 0 000000000000012c ffffffff f ffffffff 0 00
000000000000012c 3029d0a0c0000000 0 00 00000000 0 0 0 0 0 0 000000000000012d ffffffff f ffffffff 0 00
000000000000012d 110003040c00f000 0 00 00000000 0 0 0 0 0 0 000000000000012e ffffffff f ffffffff 1 03
0000000000000130 7cb5000000e00000 0 00 00000000 0 0 0 0 0 0 000000000000012f 00000000 f 00000000 0 00
0000000000000130 7c95fffffad00000 0 00 00000000 0 0 0 0 0 0 0000000000000131 ffffffff f ffffffff 0 00
0000000000000131 0205000001000000 0 00 00000000 0 0 0 0 0 1 0000000000000133 ffffffff f ffffffff 0 00
0000000000000133 7c25000000000000 0 00 00000000 0 0 0 0 0 0 0000000000000134 ffffffff f ffffffff 0 00
0000000000000134 7cf5000000000000 0 00 00000000 0 0 0 0 0 0 0000000000000135 ffffffff f ffffffff 0 00
