0000000000000000 00131d0000000000 1 1d 00000000 0 0 0 0000000000000001
0000000000000001 00b2020a11000000 1 02 00000000 0 0 0 0000000000000002
0000000000000002 00730a1055555500 1 0a ffaaaaab 0 0 0 0000000000000003
0000000000000003 001309004c8c1a00 1 09 004c8c1a 0 0 0 0000000000000004
0000000000000004 0023100700000100 1 10 00000001 0 0 0 0000000000000005
0000000000000005 0022100a13000000 1 10 ffaaaaab 0 0 0 0000000000000006
0000000000000006 00b2040607000000 1 04 00000000 0 0 0 0000000000000007
0000000000000007 0032100b11000000 1 10 00000000 0 0 0 0000000000000008
0000000000000008 00731407ffffff00 1 14 00000001 0 0 0 0000000000000009
0000000000000009 0013080000000000 1 08 00000000 0 0 0 000000000000000a
000000000000000a 012200120f000000 0 00 00000000 5 0 0 000000000000000b
000000000000000b 0215000002030000 0 00 00000000 5 0 1 000000000000000e
000000000000000e 00920b0d00000000 1 0b ffffffff 5 0 0 000000000000000f
000000000000000f 001311007653d000 1 11 007653d0 5 0 0 0000000000000010
0000000000000010 011200090d000000 0 00 00000000 4 0 0 0000000000000011
0000000000000011 0215000003040000 0 00 00000000 4 0 1 0000000000000015
0000000000000015 003205100b000000 1 05 00000000 4 0 0 0000000000000016
0000000000000016 0013020000000100 1 02 00000001 4 0 0 0000000000000017
0000000000000017 00a20d020d000000 1 0d 00000001 4 0 0 0000000000000018
0000000000000018 0072140c03000000 1 14 00000000 4 0 0 0000000000000019
0000000000000019 00130800e24f1300 1 08 ffe24f13 4 0 0 000000000000001a
000000000000001a 00130700ffffff00 1 07 ffffffff 4 0 0 000000000000001b
000000000000001b 00b3010700001900 1 01 ffffffff 4 0 0 000000000000001c
000000000000001c 8506000000000000 0 00 00000000 4 0 0 000000000000001d
000000000000001d 0013080005745e00 1 08 0005745e 4 0 0 000000000000001e
000000000000001e 00320d0a0b000000 1 0d 00555555 4 0 0 000000000000001f
000000000000001f 004209090a000000 1 09 0008880a 4 0 0 0000000000000020
0000000000000020 0013100000000000 1 10 00000000 4 0 0 0000000000000021
0000000000000021 00220b0b0e000000 1 0b ffffffff 4 0 0 0000000000000022
0000000000000022 0013140054a91600 1 14 0054a916 4 0 0 0000000000000023
0000000000000023 00b207120d000000 1 07 00000000 4 0 0 0000000000000024
0000000000000024 0102000105000000 0 00 00000000 6 0 0 0000000000000025
0000000000000025 02150000030e0000 0 00 00000000 6 0 1 0000000000000029
0000000000000029 0306000000000d00 1 0d 00000000 6 0 0 000000000000002a
000000000000002a 00131e0000000300 1 1e 00000003 6 0 0 000000000000002b
000000000000002b 0023151500000100 1 15 00000001 6 0 0 000000000000002c
000000000000002c 00731e1e00000100 1 1e 00000002 6 0 0 000000000000002d
000000000000002d 0102001e1d000000 0 00 00000000 4 0 0 000000000000002e
000000000000002e 0215fffffc040000 0 00 00000000 4 0 1 000000000000002b
000000000000002b 0023151500000100 1 15 00000002 4 0 0 000000000000002c
000000000000002c 00731e1e00000100 1 1e 00000001 4 0 0 000000000000002d
000000000000002d 0102001e1d000000 0 00 00000000 4 0 0 000000000000002e
000000000000002e 0215fffffc040000 0 00 00000000 4 0 1 000000000000002b
000000000000002b 0023151500000100 1 15 00000003 4 0 0 000000000000002c
000000000000002c 00731e1e00000100 1 1e 00000000 4 0 0 000000000000002d
000000000000002d 0102001e1d000000 0 00 00000000 5 1 0 000000000000002e
000000000000002e 0215fffffc040000 0 00 00000000 5 1 0 000000000000002f
000000000000002f 7cf5000000000000 0 00 00000000 5 1 0 0000000000000030
DONE retired=48 fault=00 pc=000000000000002f
