0000000000000000 00131d0000000000 1 1d 00000000 0 0 0 0000000000000001
0000000000000001 8506000000000000 0 00 00000000 0 0 0 0000000000000002
0000000000000002 8506000000000000 0 00 00000000 0 0 0 0000000000000003
0000000000000003 8506000000000000 0 00 00000000 0 0 0 0000000000000004
0000000000000004 0013110055555500 1 11 00555555 0 0 0 0000000000000005
0000000000000005 00920d0700000000 1 0d ffffffff 0 0 0 0000000000000006
0000000000000006 006207110d000000 1 07 80000000 0 0 0 0000000000000007
0000000000000007 0112000b0d000000 0 00 00000000 0 0 0 0000000000000008
0000000000000008 02150000030c0000 0 00 00000000 0 0 1 000000000000000c
000000000000000c 0032030901000000 1 03 00000000 0 0 0 000000000000000d
000000000000000d 0306000000001200 1 12 00000000 0 0 0 000000000000000e
000000000000000e 0306000000000800 1 08 00000000 0 0 0 000000000000000f
000000000000000f 0306000000000800 1 08 00000000 0 0 0 0000000000000010
0000000000000010 00b20d0c07000000 1 0d 00000000 0 0 0 0000000000000011
0000000000000011 011200080c000000 0 00 00000000 5 0 0 0000000000000012
0000000000000012 02150000030b0000 0 00 00000000 5 0 0 0000000000000013
0000000000000013 8506000000000000 0 00 00000000 5 0 0 0000000000000014
0000000000000014 8506000000000000 0 00 00000000 5 0 0 0000000000000015
0000000000000015 8506000000000000 0 00 00000000 5 0 0 0000000000000016
0000000000000016 8506000000000000 0 00 00000000 5 0 0 0000000000000017
0000000000000017 00a2110712000000 1 11 80000000 5 0 0 0000000000000018
0000000000000018 0073051087d1f900 1 05 00782e07 5 0 0 0000000000000019
0000000000000019 00920f0a00000000 1 0f ffffffff 5 0 0 000000000000001a
000000000000001a 8506000000000000 0 00 00000000 5 0 0 000000000000001b
000000000000001b 8506000000000000 0 00 00000000 5 0 0 000000000000001c
000000000000001c 00130500e0b05100 1 05 ffe0b051 5 0 0 000000000000001d
000000000000001d 0022120e10000000 1 12 00000000 5 0 0 000000000000001e
000000000000001e 0306000000000400 1 04 00000000 5 0 0 000000000000001f
000000000000001f 0112001113000000 0 00 00000000 6 1 0 0000000000000020
0000000000000020 02150000010b0000 0 00 00000000 6 1 1 0000000000000022
0000000000000022 0112000312000000 0 00 00000000 5 0 0 0000000000000023
0000000000000023 02150000010d0000 0 00 00000000 5 0 0 0000000000000024
0000000000000024 8506000000000000 0 00 00000000 5 0 0 0000000000000025
0000000000000025 8506000000000000 0 00 00000000 5 0 0 0000000000000026
0000000000000026 8506000000000000 0 00 00000000 5 0 0 0000000000000027
0000000000000027 8506000000000000 0 00 00000000 5 0 0 0000000000000028
0000000000000028 0082030c0b000000 1 03 00000000 5 0 0 0000000000000029
0000000000000029 00130b00fbd23800 1 0b fffbd238 5 0 0 000000000000002a
000000000000002a 011200140b000000 0 00 00000000 0 0 0 000000000000002b
000000000000002b 0215000002010000 0 00 00000000 0 0 0 000000000000002c
000000000000002c 8506000000000000 0 00 00000000 0 0 0 000000000000002d
000000000000002d 8506000000000000 0 00 00000000 0 0 0 000000000000002e
000000000000002e 8506000000000000 0 00 00000000 0 0 0 000000000000002f
000000000000002f 00420a1407000000 1 0a 00000000 0 0 0 0000000000000030
0000000000000030 8506000000000000 0 00 00000000 0 0 0 0000000000000031
0000000000000031 0112000e12000000 0 00 00000000 5 0 0 0000000000000032
0000000000000032 0215000002010000 0 00 00000000 5 0 0 0000000000000033
0000000000000033 8506000000000000 0 00 00000000 5 0 0 0000000000000034
0000000000000034 8506000000000000 0 00 00000000 5 0 0 0000000000000035
0000000000000035 0032140110000000 1 14 00000000 5 0 0 0000000000000036
0000000000000036 00131100b7662900 1 11 ffb76629 5 0 0 0000000000000037
0000000000000037 012200070c000000 0 00 00000000 6 0 0 0000000000000038
0000000000000038 0215000003030000 0 00 00000000 6 0 0 0000000000000039
0000000000000039 8506000000000000 0 00 00000000 6 0 0 000000000000003a
000000000000003a 8506000000000000 0 00 00000000 6 0 0 000000000000003b
000000000000003b 8506000000000000 0 00 00000000 6 0 0 000000000000003c
000000000000003c 00131e0000000100 1 1e 00000001 6 0 0 000000000000003d
000000000000003d 0023151500000100 1 15 00000001 6 0 0 000000000000003e
000000000000003e 00731e1e00000100 1 1e 00000000 6 0 0 000000000000003f
000000000000003f 0102001e1d000000 0 00 00000000 5 1 0 0000000000000040
0000000000000040 0215fffffc040000 0 00 00000000 5 1 0 0000000000000041
0000000000000041 7cf5000000000000 0 00 00000000 5 1 0 0000000000000042
DONE retired=62 fault=00 pc=0000000000000041
