0000000000000000 0013140000004d00 1 14 0000004d 0 0 0 0000000000000001 c290492f f c290492f 0 00 c290492f
0000000000000001 101002040500f000 0 00 00000000 0 0 0 0000000000000002 c290492f f c290492f 1 02 c290492f
0000000000000002 107105060000f000 0 00 00000000 0 0 0 0000000000000003 c290492f f c290492f 1 05 c290492f
0000000000000003 0013160055555500 1 16 00555555 0 0 0 0000000000000004 c290492f f c290492f 0 00 c290492f
0000000000000004 342005160000f000 0 00 00000000 0 0 0 0000000000000005 c290492f f c290492f 1 05 c290492f
0000000000000005 108102050000f000 0 00 00000000 0 0 0 0000000000000006 c290492f f c290492f 1 02 c290492f
0000000000000006 340005030000f000 0 00 00000000 0 0 0 0000000000000007 c290492f f c290492f 1 05 c290492f
0000000000000007 105005020200f000 0 00 00000000 0 0 0 0000000000000008 c290492f f c290492f 1 05 c290492f
0000000000000008 100103037ffff000 0 00 00000000 0 0 0 0000000000000009 c290492f f c290492f 1 03 c290492f
0000000000000009 10610602003ff000 0 00 00000000 0 0 0 000000000000000a c290492f f c290492f 1 06 c290492f
000000000000000a 10310504fffff000 0 00 00000000 0 0 0 000000000000000b c290492f f c290492f 1 05 c290492f
000000000000000b 3430050000001000 0 00 00000000 0 0 0 000000000000000c c290492f 1 8280082a 1 05 8280082a
000000000000000c 00131e0000000100 1 1e 00000001 0 0 0 000000000000000d c290492f f c290492f 0 00 c290492f
000000000000000d 0023171700000100 1 17 00000001 0 0 0 000000000000000e c290492f f c290492f 0 00 c290492f
000000000000000e 00731e1e00000100 1 1e 00000000 0 0 0 000000000000000f c290492f f c290492f 0 00 c290492f
000000000000000f 0013180000000000 1 18 00000000 0 0 0 0000000000000010 c290492f f c290492f 0 00 c290492f
0000000000000010 0102001e18000000 0 00 00000000 5 1 0 0000000000000011 c290492f f c290492f 0 00 c290492f
0000000000000011 0215fffffb040000 0 00 00000000 5 1 0 0000000000000012 c290492f f c290492f 0 00 c290492f
0000000000000012 7cf5000000000000 0 00 00000000 5 1 0 0000000000000013 c290492f f c290492f 0 00 c290492f
DONE retired=19 fault=00 pc=0000000000000012
