0000000000000000 00131d0000000000 1 1d 00000000 0 0 0 0000000000000001
0000000000000001 8506000000000000 0 00 00000000 0 0 0 0000000000000002
0000000000000002 8506000000000000 0 00 00000000 0 0 0 0000000000000003
0000000000000003 0112000605000000 0 00 00000000 5 0 0 0000000000000004
0000000000000004 0215000003030000 0 00 00000000 5 0 1 0000000000000008
0000000000000008 00130f00ffffff00 1 0f ffffffff 5 0 0 0000000000000009
0000000000000009 00a30d0800002000 1 0d 00000000 5 0 0 000000000000000a
000000000000000a 0032080906000000 1 08 00000000 5 0 0 000000000000000b
000000000000000b 0023080d31e98c00 1 08 0031e98c 5 0 0 000000000000000c
000000000000000c 0032111105000000 1 11 00000000 5 0 0 000000000000000d
000000000000000d 00320c1213000000 1 0c 00000000 5 0 0 000000000000000e
000000000000000e 8506000000000000 0 00 00000000 5 0 0 000000000000000f
000000000000000f 00920f1100000000 1 0f ffffffff 5 0 0 0000000000000010
0000000000000010 0082110704000000 1 11 00000000 5 0 0 0000000000000011
0000000000000011 00130e0000000100 1 0e 00000001 5 0 0 0000000000000012
0000000000000012 8506000000000000 0 00 00000000 5 0 0 0000000000000013
0000000000000013 8506000000000000 0 00 00000000 5 0 0 0000000000000014
0000000000000014 8506000000000000 0 00 00000000 5 0 0 0000000000000015
0000000000000015 00220b0314000000 1 0b 00000000 5 0 0 0000000000000016
0000000000000016 00b30a0e00000800 1 0a 00000000 5 0 0 0000000000000017
0000000000000017 0092061100000000 1 06 ffffffff 5 0 0 0000000000000018
0000000000000018 00b30e0300001400 1 0e 00000000 5 0 0 0000000000000019
0000000000000019 00b3080600001c00 1 08 ffffffff 5 0 0 000000000000001a
000000000000001a 00b30c0f00001300 1 0c ffffffff 5 0 0 000000000000001b
000000000000001b 010200070e000000 0 00 00000000 5 1 0 000000000000001c
000000000000001c 02150000020b0000 0 00 00000000 5 1 0 000000000000001d
000000000000001d 8506000000000000 0 00 00000000 5 1 0 000000000000001e
000000000000001e 8506000000000000 0 00 00000000 5 1 0 000000000000001f
000000000000001f 00920e0d00000000 1 0e ffffffff 5 1 0 0000000000000020
0000000000000020 001306003bd0e000 1 06 003bd0e0 5 1 0 0000000000000021
0000000000000021 0306000000001100 1 11 00000000 5 1 0 0000000000000022
0000000000000022 8506000000000000 0 00 00000000 5 1 0 0000000000000023
0000000000000023 00131100ec65e000 1 11 ffec65e0 5 1 0 0000000000000024
0000000000000024 0092091000000000 1 09 ffffffff 5 1 0 0000000000000025
0000000000000025 00131e0000000300 1 1e 00000003 5 1 0 0000000000000026
0000000000000026 0023151500000100 1 15 00000001 5 1 0 0000000000000027
0000000000000027 00731e1e00000100 1 1e 00000002 5 1 0 0000000000000028
0000000000000028 0102001e1d000000 0 00 00000000 4 0 0 0000000000000029
0000000000000029 0215fffffc040000 0 00 00000000 4 0 1 0000000000000026
0000000000000026 0023151500000100 1 15 00000002 4 0 0 0000000000000027
0000000000000027 00731e1e00000100 1 1e 00000001 4 0 0 0000000000000028
0000000000000028 0102001e1d000000 0 00 00000000 4 0 0 0000000000000029
0000000000000029 0215fffffc040000 0 00 00000000 4 0 1 0000000000000026
0000000000000026 0023151500000100 1 15 00000003 4 0 0 0000000000000027
0000000000000027 00731e1e00000100 1 1e 00000000 4 0 0 0000000000000028
0000000000000028 0102001e1d000000 0 00 00000000 5 1 0 0000000000000029
0000000000000029 0215fffffc040000 0 00 00000000 5 1 0 000000000000002a
000000000000002a 7cf5000000000000 0 00 00000000 5 1 0 000000000000002b
DONE retired=48 fault=00 pc=000000000000002a
