0000000000000000 0013140000004d00 1 14 0000004d 0 0 0 0000000000000001 579bb78b f 579bb78b 0 00 579bb78b
0000000000000001 106102050008f000 0 00 00000000 0 0 0 0000000000000002 579bb78b f 579bb78b 1 02 579bb78b
0000000000000002 10710402001ff000 0 00 00000000 0 0 0 0000000000000003 579bb78b f 579bb78b 1 04 579bb78b
0000000000000003 3411060080009000 0 00 00000000 0 0 0 0000000000000004 579bb78b 9 00000000 1 06 00000000
0000000000000004 10710405001ff000 0 00 00000000 0 0 0 0000000000000005 579bb78b f 579bb78b 1 04 579bb78b
0000000000000005 104005050200f000 0 00 00000000 0 0 0 0000000000000006 579bb78b f 579bb78b 1 05 579bb78b
0000000000000006 34110400962f6000 0 00 00000000 0 0 0 0000000000000007 579bb78b 6 5211270a 1 04 5211270a
0000000000000007 107102060028f000 0 00 00000000 0 0 0 0000000000000008 579bb78b f 579bb78b 1 02 579bb78b
0000000000000008 105002020300f000 0 00 00000000 0 0 0 0000000000000009 579bb78b f 579bb78b 1 02 579bb78b
0000000000000009 343003000000f000 0 00 00000000 0 0 0 000000000000000a 579bb78b f 579bb78b 1 03 579bb78b
000000000000000a 00131e0000000300 1 1e 00000003 0 0 0 000000000000000b 579bb78b f 579bb78b 0 00 579bb78b
000000000000000b 0023171700000100 1 17 00000001 0 0 0 000000000000000c 579bb78b f 579bb78b 0 00 579bb78b
000000000000000c 00731e1e00000100 1 1e 00000002 0 0 0 000000000000000d 579bb78b f 579bb78b 0 00 579bb78b
000000000000000d 0013180000000000 1 18 00000000 0 0 0 000000000000000e 579bb78b f 579bb78b 0 00 579bb78b
000000000000000e 0102001e18000000 0 00 00000000 4 0 0 000000000000000f 579bb78b f 579bb78b 0 00 579bb78b
000000000000000f 0215fffffb040000 0 00 00000000 4 0 1 000000000000000b 579bb78b f 579bb78b 0 00 579bb78b
000000000000000b 0023171700000100 1 17 00000002 4 0 0 000000000000000c 579bb78b f 579bb78b 0 00 579bb78b
000000000000000c 00731e1e00000100 1 1e 00000001 4 0 0 000000000000000d 579bb78b f 579bb78b 0 00 579bb78b
000000000000000d 0013180000000000 1 18 00000000 4 0 0 000000000000000e 579bb78b f 579bb78b 0 00 579bb78b
000000000000000e 0102001e18000000 0 00 00000000 4 0 0 000000000000000f 579bb78b f 579bb78b 0 00 579bb78b
000000000000000f 0215fffffb040000 0 00 00000000 4 0 1 000000000000000b 579bb78b f 579bb78b 0 00 579bb78b
000000000000000b 0023171700000100 1 17 00000003 4 0 0 000000000000000c 579bb78b f 579bb78b 0 00 579bb78b
000000000000000c 00731e1e00000100 1 1e 00000000 4 0 0 000000000000000d 579bb78b f 579bb78b 0 00 579bb78b
000000000000000d 0013180000000000 1 18 00000000 4 0 0 000000000000000e 579bb78b f 579bb78b 0 00 579bb78b
000000000000000e 0102001e18000000 0 00 00000000 5 1 0 000000000000000f 579bb78b f 579bb78b 0 00 579bb78b
000000000000000f 0215fffffb040000 0 00 00000000 5 1 0 0000000000000010 579bb78b f 579bb78b 0 00 579bb78b
0000000000000010 7cf5000000000000 0 00 00000000 5 1 0 0000000000000011 579bb78b f 579bb78b 0 00 579bb78b
DONE retired=27 fault=00 pc=0000000000000010
