0000000000000000 00131d0000000000 1 1d 00000000 0 0 0 0000000000000001
0000000000000001 00220a0c0b000000 1 0a 00000000 0 0 0 0000000000000002
0000000000000002 0306000000000600 1 06 00000000 0 0 0 0000000000000003
0000000000000003 8506000000000000 0 00 00000000 0 0 0 0000000000000004
0000000000000004 8506000000000000 0 00 00000000 0 0 0 0000000000000005
0000000000000005 0122000a04000000 0 00 00000000 5 0 0 0000000000000006
0000000000000006 0215000003030000 0 00 00000000 5 0 1 000000000000000a
000000000000000a 00230509ffffff00 1 05 ffffffff 5 0 0 000000000000000b
000000000000000b 0102001411000000 0 00 00000000 5 1 0 000000000000000c
000000000000000c 0215000003020000 0 00 00000000 5 1 0 000000000000000d
000000000000000d 8506000000000000 0 00 00000000 5 1 0 000000000000000e
000000000000000e 8506000000000000 0 00 00000000 5 1 0 000000000000000f
000000000000000f 8506000000000000 0 00 00000000 5 1 0 0000000000000010
0000000000000010 001307003b651400 1 07 003b6514 5 1 0 0000000000000011
0000000000000011 0122000c01000000 0 00 00000000 5 0 0 0000000000000012
0000000000000012 02150000030e0000 0 00 00000000 5 0 1 0000000000000016
0000000000000016 0122000105000000 0 00 00000000 0 1 0 0000000000000017
0000000000000017 0215000001030000 0 00 00000000 0 1 0 0000000000000018
0000000000000018 8506000000000000 0 00 00000000 0 1 0 0000000000000019
0000000000000019 0306000000000a00 1 0a 00000000 0 1 0 000000000000001a
000000000000001a 8506000000000000 0 00 00000000 0 1 0 000000000000001b
000000000000001b 0092020800000000 1 02 ffffffff 0 1 0 000000000000001c
000000000000001c 00130400ffffff00 1 04 ffffffff 0 1 0 000000000000001d
000000000000001d 0102000708000000 0 00 00000000 4 0 0 000000000000001e
000000000000001e 0215000001020000 0 00 00000000 4 0 1 0000000000000020
0000000000000020 00b2121208000000 1 12 00000000 4 0 0 0000000000000021
0000000000000021 0122000313000000 0 00 00000000 5 0 0 0000000000000022
0000000000000022 0215000003010000 0 00 00000000 5 0 0 0000000000000023
0000000000000023 8506000000000000 0 00 00000000 5 0 0 0000000000000024
0000000000000024 8506000000000000 0 00 00000000 5 0 0 0000000000000025
0000000000000025 8506000000000000 0 00 00000000 5 0 0 0000000000000026
0000000000000026 8506000000000000 0 00 00000000 5 0 0 0000000000000027
0000000000000027 0122000b13000000 0 00 00000000 5 0 0 0000000000000028
0000000000000028 02150000010b0000 0 00 00000000 5 0 0 0000000000000029
0000000000000029 8506000000000000 0 00 00000000 5 0 0 000000000000002a
000000000000002a 0032130905000000 1 13 00000000 5 0 0 000000000000002b
000000000000002b 0022130f08000000 1 13 00000000 5 0 0 000000000000002c
000000000000002c 0306000000000900 1 09 00000000 5 0 0 000000000000002d
000000000000002d 00730202ffffff00 1 02 00000000 5 0 0 000000000000002e
000000000000002e 0306000000001100 1 11 00000000 5 0 0 000000000000002f
000000000000002f 00a3050300001000 1 05 00000000 5 0 0 0000000000000030
0000000000000030 8506000000000000 0 00 00000000 5 0 0 0000000000000031
0000000000000031 001306003f1e0c00 1 06 003f1e0c 5 0 0 0000000000000032
0000000000000032 8506000000000000 0 00 00000000 5 0 0 0000000000000033
0000000000000033 0052140510000000 1 14 00000000 5 0 0 0000000000000034
0000000000000034 010200130e000000 0 00 00000000 5 1 0 0000000000000035
0000000000000035 0215000003030000 0 00 00000000 5 1 1 0000000000000039
0000000000000039 00820f090a000000 1 0f 00000000 5 1 0 000000000000003a
000000000000003a 00131e0000000200 1 1e 00000002 5 1 0 000000000000003b
000000000000003b 0023151500000100 1 15 00000001 5 1 0 000000000000003c
000000000000003c 00731e1e00000100 1 1e 00000001 5 1 0 000000000000003d
000000000000003d 0102001e1d000000 0 00 00000000 4 0 0 000000000000003e
000000000000003e 0215fffffc040000 0 00 00000000 4 0 1 000000000000003b
000000000000003b 0023151500000100 1 15 00000002 4 0 0 000000000000003c
000000000000003c 00731e1e00000100 1 1e 00000000 4 0 0 000000000000003d
000000000000003d 0102001e1d000000 0 00 00000000 5 1 0 000000000000003e
000000000000003e 0215fffffc040000 0 00 00000000 5 1 0 000000000000003f
000000000000003f 7cf5000000000000 0 00 00000000 5 1 0 0000000000000040
DONE retired=58 fault=00 pc=000000000000003f
