0000000000000000 00131d0000000000 1 1d 00000000 0 0 0 0000000000000001
0000000000000001 00731303ffffff00 1 13 00000001 0 0 0 0000000000000002
0000000000000002 00b30e0a00001200 1 0e 00000000 0 0 0 0000000000000003
0000000000000003 0052040f07000000 1 04 00000000 0 0 0 0000000000000004
0000000000000004 00130b0055555500 1 0b 00555555 0 0 0 0000000000000005
0000000000000005 0042080a04000000 1 08 00000000 0 0 0 0000000000000006
0000000000000006 0072120a0f000000 1 12 00000000 0 0 0 0000000000000007
0000000000000007 8506000000000000 0 00 00000000 0 0 0 0000000000000008
0000000000000008 0013140055555500 1 14 00555555 0 0 0 0000000000000009
0000000000000009 001310008986e600 1 10 ff8986e6 0 0 0 000000000000000a
000000000000000a 0073090e34607800 1 09 ffcb9f88 0 0 0 000000000000000b
000000000000000b 00b3130300000400 1 13 00000000 0 0 0 000000000000000c
000000000000000c 001309004e333100 1 09 004e3331 0 0 0 000000000000000d
000000000000000d 00130d00f7a38500 1 0d fff7a385 0 0 0 000000000000000e
000000000000000e 0092031400000000 1 03 ffaaaaaa 0 0 0 000000000000000f
000000000000000f 8506000000000000 0 00 00000000 0 0 0 0000000000000010
0000000000000010 8506000000000000 0 00 00000000 0 0 0 0000000000000011
0000000000000011 00130b00e3e71500 1 0b ffe3e715 0 0 0 0000000000000012
0000000000000012 0306000000001200 1 12 00000000 0 0 0 0000000000000013
0000000000000013 0082121305000000 1 12 00000000 0 0 0 0000000000000014
0000000000000014 00131e0000000100 1 1e 00000001 0 0 0 0000000000000015
0000000000000015 0023151500000100 1 15 00000001 0 0 0 0000000000000016
0000000000000016 00731e1e00000100 1 1e 00000000 0 0 0 0000000000000017
0000000000000017 0102001e1d000000 0 00 00000000 5 1 0 0000000000000018
0000000000000018 0215fffffc040000 0 00 00000000 5 1 0 0000000000000019
0000000000000019 7cf5000000000000 0 00 00000000 5 1 0 000000000000001a
DONE retired=26 fault=00 pc=0000000000000019
