0000000000000000 00131d0000000000 1 1d 00000000 0 0 0 0000000000000001
0000000000000001 007306046662f500 1 06 ff999d0b 0 0 0 0000000000000002
0000000000000002 001310008ad10a00 1 10 ff8ad10a 0 0 0 0000000000000003
0000000000000003 8506000000000000 0 00 00000000 0 0 0 0000000000000004
0000000000000004 0092131200000000 1 13 ffffffff 0 0 0 0000000000000005
0000000000000005 8506000000000000 0 00 00000000 0 0 0 0000000000000006
0000000000000006 8506000000000000 0 00 00000000 0 0 0 0000000000000007
0000000000000007 8506000000000000 0 00 00000000 0 0 0 0000000000000008
0000000000000008 00a3020200000f00 1 02 00000000 0 0 0 0000000000000009
0000000000000009 00b2080106000000 1 08 00000000 0 0 0 000000000000000a
000000000000000a 8506000000000000 0 00 00000000 0 0 0 000000000000000b
000000000000000b 0073120dffffff00 1 12 00000001 0 0 0 000000000000000c
000000000000000c 8506000000000000 0 00 00000000 0 0 0 000000000000000d
000000000000000d 0022140413000000 1 14 ffffffff 0 0 0 000000000000000e
000000000000000e 0023030ef1a49100 1 03 fff1a491 0 0 0 000000000000000f
000000000000000f 8506000000000000 0 00 00000000 0 0 0 0000000000000010
0000000000000010 00131000e3b2c200 1 10 ffe3b2c2 0 0 0 0000000000000011
0000000000000011 00820c0810000000 1 0c ffe3b2c2 0 0 0 0000000000000012
0000000000000012 8506000000000000 0 00 00000000 0 0 0 0000000000000013
0000000000000013 00a3110c00000a00 1 11 003ff8ec 0 0 0 0000000000000014
0000000000000014 00130d0052a2c700 1 0d 0052a2c7 0 0 0 0000000000000015
0000000000000015 0306000000000700 1 07 00000000 0 0 0 0000000000000016
0000000000000016 00130700b9015c00 1 07 ffb9015c 0 0 0 0000000000000017
0000000000000017 8506000000000000 0 00 00000000 0 0 0 0000000000000018
0000000000000018 00130b00cc5f4800 1 0b ffcc5f48 0 0 0 0000000000000019
0000000000000019 00131e0000000300 1 1e 00000003 0 0 0 000000000000001a
000000000000001a 0023151500000100 1 15 00000001 0 0 0 000000000000001b
000000000000001b 00731e1e00000100 1 1e 00000002 0 0 0 000000000000001c
000000000000001c 0102001e1d000000 0 00 00000000 4 0 0 000000000000001d
000000000000001d 0215fffffc040000 0 00 00000000 4 0 1 000000000000001a
000000000000001a 0023151500000100 1 15 00000002 4 0 0 000000000000001b
000000000000001b 00731e1e00000100 1 1e 00000001 4 0 0 000000000000001c
000000000000001c 0102001e1d000000 0 00 00000000 4 0 0 000000000000001d
000000000000001d 0215fffffc040000 0 00 00000000 4 0 1 000000000000001a
000000000000001a 0023151500000100 1 15 00000003 4 0 0 000000000000001b
000000000000001b 00731e1e00000100 1 1e 00000000 4 0 0 000000000000001c
000000000000001c 0102001e1d000000 0 00 00000000 5 1 0 000000000000001d
000000000000001d 0215fffffc040000 0 00 00000000 5 1 0 000000000000001e
000000000000001e 7cf5000000000000 0 00 00000000 5 1 0 000000000000001f
DONE retired=39 fault=00 pc=000000000000001e
