0000000000000000 00131d0000000000 1 1d 00000000 0 0 0 0000000000000001
0000000000000001 0306000000001300 1 13 00000000 0 0 0 0000000000000002
0000000000000002 00920f0100000000 1 0f ffffffff 0 0 0 0000000000000003
0000000000000003 0102000b0e000000 0 00 00000000 5 1 0 0000000000000004
0000000000000004 02150000030b0000 0 00 00000000 5 1 0 0000000000000005
0000000000000005 8506000000000000 0 00 00000000 5 1 0 0000000000000006
0000000000000006 8506000000000000 0 00 00000000 5 1 0 0000000000000007
0000000000000007 8506000000000000 0 00 00000000 5 1 0 0000000000000008
0000000000000008 0023101217164d00 1 10 0017164d 5 1 0 0000000000000009
0000000000000009 0092141200000000 1 14 ffffffff 5 1 0 000000000000000a
000000000000000a 00a3100900001a00 1 10 00000000 5 1 0 000000000000000b
000000000000000b 001308005ff55000 1 08 005ff550 5 1 0 000000000000000c
000000000000000c 0063130f00000100 1 13 fffffffe 5 1 0 000000000000000d
000000000000000d 00820b1312000000 1 0b fffffffe 5 1 0 000000000000000e
000000000000000e 00630d0d00001d00 1 0d 00000000 5 1 0 000000000000000f
000000000000000f 0102000709000000 0 00 00000000 5 1 0 0000000000000010
0000000000000010 02150000010e0000 0 00 00000000 5 1 1 0000000000000012
0000000000000012 00230301ffffff00 1 03 ffffffff 5 1 0 0000000000000013
0000000000000013 0082010102000000 1 01 00000000 5 1 0 0000000000000014
0000000000000014 012200040e000000 0 00 00000000 5 0 0 0000000000000015
0000000000000015 0215000002030000 0 00 00000000 5 0 1 0000000000000018
0000000000000018 00b2050a06000000 1 05 00000000 5 0 0 0000000000000019
0000000000000019 8506000000000000 0 00 00000000 5 0 0 000000000000001a
000000000000001a 00730a0c55555500 1 0a ffaaaaab 5 0 0 000000000000001b
000000000000001b 0072061413000000 1 06 00000001 5 0 0 000000000000001c
000000000000001c 00130a00ffffff00 1 0a ffffffff 5 0 0 000000000000001d
000000000000001d 0112000207000000 0 00 00000000 5 0 0 000000000000001e
000000000000001e 02150000020e0000 0 00 00000000 5 0 1 0000000000000021
0000000000000021 00130100ffffff00 1 01 ffffffff 5 0 0 0000000000000022
0000000000000022 00130a00bc8ff100 1 0a ffbc8ff1 5 0 0 0000000000000023
0000000000000023 00a3070a00001b00 1 07 0000001f 5 0 0 0000000000000024
0000000000000024 0063120800000a00 1 12 7fd54000 5 0 0 0000000000000025
0000000000000025 0063030900000300 1 03 00000000 5 0 0 0000000000000026
0000000000000026 00a30a0a00001000 1 0a 0000ffbc 5 0 0 0000000000000027
0000000000000027 8506000000000000 0 00 00000000 5 0 0 0000000000000028
0000000000000028 00130d001a552500 1 0d 001a5525 5 0 0 0000000000000029
0000000000000029 0092030b00000000 1 03 00000001 5 0 0 000000000000002a
000000000000002a 00131400aaaaaa00 1 14 ffaaaaaa 5 0 0 000000000000002b
000000000000002b 0306000000000600 1 06 00000000 5 0 0 000000000000002c
000000000000002c 002203060e000000 1 03 00000000 5 0 0 000000000000002d
000000000000002d 8506000000000000 0 00 00000000 5 0 0 000000000000002e
000000000000002e 00130e0033d73300 1 0e 0033d733 5 0 0 000000000000002f
000000000000002f 00130300a85b5c00 1 03 ffa85b5c 5 0 0 0000000000000030
0000000000000030 001304004bbfc500 1 04 004bbfc5 5 0 0 0000000000000031
0000000000000031 00b3090100000c00 1 09 ffffffff 5 0 0 0000000000000032
0000000000000032 00820f0e0c000000 1 0f 0033d733 5 0 0 0000000000000033
0000000000000033 0306000000000300 1 03 00000000 5 0 0 0000000000000034
0000000000000034 00131e0000000400 1 1e 00000004 5 0 0 0000000000000035
0000000000000035 0023151500000100 1 15 00000001 5 0 0 0000000000000036
0000000000000036 00731e1e00000100 1 1e 00000003 5 0 0 0000000000000037
0000000000000037 0102001e1d000000 0 00 00000000 4 0 0 0000000000000038
0000000000000038 0215fffffc040000 0 00 00000000 4 0 1 0000000000000035
0000000000000035 0023151500000100 1 15 00000002 4 0 0 0000000000000036
0000000000000036 00731e1e00000100 1 1e 00000002 4 0 0 0000000000000037
0000000000000037 0102001e1d000000 0 00 00000000 4 0 0 0000000000000038
0000000000000038 0215fffffc040000 0 00 00000000 4 0 1 0000000000000035
0000000000000035 0023151500000100 1 15 00000003 4 0 0 0000000000000036
0000000000000036 00731e1e00000100 1 1e 00000001 4 0 0 0000000000000037
0000000000000037 0102001e1d000000 0 00 00000000 4 0 0 0000000000000038
0000000000000038 0215fffffc040000 0 00 00000000 4 0 1 0000000000000035
0000000000000035 0023151500000100 1 15 00000004 4 0 0 0000000000000036
0000000000000036 00731e1e00000100 1 1e 00000000 4 0 0 0000000000000037
0000000000000037 0102001e1d000000 0 00 00000000 5 1 0 0000000000000038
0000000000000038 0215fffffc040000 0 00 00000000 5 1 0 0000000000000039
0000000000000039 7cf5000000000000 0 00 00000000 5 1 0 000000000000003a
DONE retired=65 fault=00 pc=0000000000000039
