0000000000000000 00131d0000000000 1 1d 00000000 0 0 0 0000000000000001
0000000000000001 8506000000000000 0 00 00000000 0 0 0 0000000000000002
0000000000000002 0092030a00000000 1 03 ffffffff 0 0 0 0000000000000003
0000000000000003 00730a0ea35aae00 1 0a 005ca552 0 0 0 0000000000000004
0000000000000004 8506000000000000 0 00 00000000 0 0 0 0000000000000005
0000000000000005 008214130b000000 1 14 00000000 0 0 0 0000000000000006
0000000000000006 0042010c07000000 1 01 00000000 0 0 0 0000000000000007
0000000000000007 0306000000000700 1 07 00000000 0 0 0 0000000000000008
0000000000000008 0013140000000000 1 14 00000000 0 0 0 0000000000000009
0000000000000009 8506000000000000 0 00 00000000 0 0 0 000000000000000a
000000000000000a 0032131209000000 1 13 00000000 0 0 0 000000000000000b
000000000000000b 00130b00ffffff00 1 0b ffffffff 0 0 0 000000000000000c
000000000000000c 0073060ff57cc000 1 06 000a8340 0 0 0 000000000000000d
000000000000000d 8506000000000000 0 00 00000000 0 0 0 000000000000000e
000000000000000e 8506000000000000 0 00 00000000 0 0 0 000000000000000f
000000000000000f 0013140059459b00 1 14 0059459b 0 0 0 0000000000000010
0000000000000010 0306000000000900 1 09 00000000 0 0 0 0000000000000011
0000000000000011 0013050036950600 1 05 00369506 0 0 0 0000000000000012
0000000000000012 0073011309d4e400 1 01 fff62b1c 0 0 0 0000000000000013
0000000000000013 8506000000000000 0 00 00000000 0 0 0 0000000000000014
0000000000000014 00730d1400000000 1 0d 0059459b 0 0 0 0000000000000015
0000000000000015 00130200a9008700 1 02 ffa90087 0 0 0 0000000000000016
0000000000000016 00920d0100000000 1 0d 0009d4e3 0 0 0 0000000000000017
0000000000000017 0112001411000000 0 00 00000000 4 0 0 0000000000000018
0000000000000018 0215000002020000 0 00 00000000 4 0 1 000000000000001b
000000000000001b 0092040200000000 1 04 0056ff78 4 0 0 000000000000001c
000000000000001c 0063010b00001c00 1 01 f0000000 4 0 0 000000000000001d
000000000000001d 0042030908000000 1 03 00000000 4 0 0 000000000000001e
000000000000001e 0063070f00000900 1 07 00000000 4 0 0 000000000000001f
000000000000001f 0092141000000000 1 14 ffffffff 4 0 0 0000000000000020
0000000000000020 00131e0000000400 1 1e 00000004 4 0 0 0000000000000021
0000000000000021 0023151500000100 1 15 00000001 4 0 0 0000000000000022
0000000000000022 00731e1e00000100 1 1e 00000003 4 0 0 0000000000000023
0000000000000023 0102001e1d000000 0 00 00000000 4 0 0 0000000000000024
0000000000000024 0215fffffc040000 0 00 00000000 4 0 1 0000000000000021
0000000000000021 0023151500000100 1 15 00000002 4 0 0 0000000000000022
0000000000000022 00731e1e00000100 1 1e 00000002 4 0 0 0000000000000023
0000000000000023 0102001e1d000000 0 00 00000000 4 0 0 0000000000000024
0000000000000024 0215fffffc040000 0 00 00000000 4 0 1 0000000000000021
0000000000000021 0023151500000100 1 15 00000003 4 0 0 0000000000000022
0000000000000022 00731e1e00000100 1 1e 00000001 4 0 0 0000000000000023
0000000000000023 0102001e1d000000 0 00 00000000 4 0 0 0000000000000024
0000000000000024 0215fffffc040000 0 00 00000000 4 0 1 0000000000000021
0000000000000021 0023151500000100 1 15 00000004 4 0 0 0000000000000022
0000000000000022 00731e1e00000100 1 1e 00000000 4 0 0 0000000000000023
0000000000000023 0102001e1d000000 0 00 00000000 5 1 0 0000000000000024
0000000000000024 0215fffffc040000 0 00 00000000 5 1 0 0000000000000025
0000000000000025 7cf5000000000000 0 00 00000000 5 1 0 0000000000000026
DONE retired=48 fault=00 pc=0000000000000025
