0000000000000000 00131d0000000000 1 1d 00000000 0 0 0 0000000000000001
0000000000000001 00130b008d5abc00 1 0b ff8d5abc 0 0 0 0000000000000002
0000000000000002 008211020d000000 1 11 00000000 0 0 0 0000000000000003
0000000000000003 0013080086681e00 1 08 ff86681e 0 0 0 0000000000000004
0000000000000004 00130d0036fd4e00 1 0d 0036fd4e 0 0 0 0000000000000005
0000000000000005 010200040b000000 0 00 00000000 0 0 0 0000000000000006
0000000000000006 02150000030e0000 0 00 00000000 0 0 0 0000000000000007
0000000000000007 8506000000000000 0 00 00000000 0 0 0 0000000000000008
0000000000000008 8506000000000000 0 00 00000000 0 0 0 0000000000000009
0000000000000009 8506000000000000 0 00 00000000 0 0 0 000000000000000a
000000000000000a 001309008fcc0a00 1 09 ff8fcc0a 0 0 0 000000000000000b
000000000000000b 0072081012000000 1 08 00000000 0 0 0 000000000000000c
000000000000000c 00a3081100001300 1 08 00000000 0 0 0 000000000000000d
000000000000000d 00b20c1309000000 1 0c 00000000 0 0 0 000000000000000e
000000000000000e 001302003dba4600 1 02 003dba46 0 0 0 000000000000000f
000000000000000f 0306000000000c00 1 0c 00000000 0 0 0 0000000000000010
0000000000000010 8506000000000000 0 00 00000000 0 0 0 0000000000000011
0000000000000011 0092070800000000 1 07 ffffffff 0 0 0 0000000000000012
0000000000000012 0052110f09000000 1 11 ff8fcc0a 0 0 0 0000000000000013
0000000000000013 005214060c000000 1 14 00000000 0 0 0 0000000000000014
0000000000000014 0032010809000000 1 01 00000000 0 0 0 0000000000000015
0000000000000015 0063070c00000200 1 07 00000000 0 0 0 0000000000000016
0000000000000016 0092050100000000 1 05 ffffffff 0 0 0 0000000000000017
0000000000000017 00a30e0a00000600 1 0e 00000000 0 0 0 0000000000000018
0000000000000018 00130f0010f88500 1 0f 0010f885 0 0 0 0000000000000019
0000000000000019 0052110e01000000 1 11 00000000 0 0 0 000000000000001a
000000000000001a 00b2140b0c000000 1 14 ff8d5abc 0 0 0 000000000000001b
000000000000001b 8506000000000000 0 00 00000000 0 0 0 000000000000001c
000000000000001c 8506000000000000 0 00 00000000 0 0 0 000000000000001d
000000000000001d 010200120c000000 0 00 00000000 5 1 0 000000000000001e
000000000000001e 0215000002040000 0 00 00000000 5 1 0 000000000000001f
000000000000001f 8506000000000000 0 00 00000000 5 1 0 0000000000000020
0000000000000020 8506000000000000 0 00 00000000 5 1 0 0000000000000021
0000000000000021 0063061400000500 1 06 f1ab5780 5 1 0 0000000000000022
0000000000000022 00130f00ffffff00 1 0f ffffffff 5 1 0 0000000000000023
0000000000000023 010200010f000000 0 00 00000000 0 0 0 0000000000000024
0000000000000024 0215000003040000 0 00 00000000 0 0 1 0000000000000028
0000000000000028 00131400d67fa200 1 14 ffd67fa2 0 0 0 0000000000000029
0000000000000029 00131e0000000200 1 1e 00000002 0 0 0 000000000000002a
000000000000002a 0023151500000100 1 15 00000001 0 0 0 000000000000002b
000000000000002b 00731e1e00000100 1 1e 00000001 0 0 0 000000000000002c
000000000000002c 0102001e1d000000 0 00 00000000 4 0 0 000000000000002d
000000000000002d 0215fffffc040000 0 00 00000000 4 0 1 000000000000002a
000000000000002a 0023151500000100 1 15 00000002 4 0 0 000000000000002b
000000000000002b 00731e1e00000100 1 1e 00000000 4 0 0 000000000000002c
000000000000002c 0102001e1d000000 0 00 00000000 5 1 0 000000000000002d
000000000000002d 0215fffffc040000 0 00 00000000 5 1 0 000000000000002e
000000000000002e 7cf5000000000000 0 00 00000000 5 1 0 000000000000002f
DONE retired=48 fault=00 pc=000000000000002e
