0000000000000000 0013140000004d00 1 14 0000004d 0 0 0 0000000000000001 55555555 f 55555555 0 00 55555555
0000000000000001 00131500aaaaaa00 1 15 ffaaaaaa 0 0 0 0000000000000002 55555555 f 55555555 0 00 55555555
0000000000000002 342002150000f000 0 00 00000000 0 0 0 0000000000000003 55555555 f 55555555 1 02 55555555
0000000000000003 343004000000f000 0 00 00000000 0 0 0 0000000000000004 55555555 f 55555555 1 04 55555555
0000000000000004 106104030020f000 0 00 00000000 0 0 0 0000000000000005 55555555 f 55555555 1 04 55555555
0000000000000005 105102020000f000 0 00 00000000 0 0 0 0000000000000006 55555555 f 55555555 1 02 55555555
0000000000000006 343002000000f000 0 00 00000000 0 0 0 0000000000000007 55555555 f 55555555 1 02 55555555
0000000000000007 00131500ffffff00 1 15 ffffffff 0 0 0 0000000000000008 55555555 f 55555555 0 00 55555555
0000000000000008 3420021500009000 0 00 00000000 0 0 0 0000000000000009 55555555 9 00000000 1 02 00000000
0000000000000009 340003060000f000 0 00 00000000 0 0 0 000000000000000a 55555555 f 55555555 1 03 55555555
000000000000000a 101002050200f000 0 00 00000000 0 0 0 000000000000000b 55555555 f 55555555 1 02 55555555
000000000000000b 0013150000000000 1 15 00000000 0 0 0 000000000000000c 55555555 f 55555555 0 00 55555555
000000000000000c 342003150000f000 0 00 00000000 0 0 0 000000000000000d 55555555 f 55555555 1 03 55555555
000000000000000d 100003020500f000 0 00 00000000 0 0 0 000000000000000e 55555555 f 55555555 1 03 55555555
000000000000000e 106102020001f000 0 00 00000000 0 0 0 000000000000000f 55555555 f 55555555 1 02 55555555
000000000000000f 340002040000a000 0 00 00000000 0 0 0 0000000000000010 55555555 a 55555555 1 02 55555555
0000000000000010 341103007cb2f000 0 00 00000000 0 0 0 0000000000000011 55555555 f 55555555 1 03 55555555
0000000000000011 100102037ffff000 0 00 00000000 0 0 0 0000000000000012 55555555 f 55555555 1 02 55555555
0000000000000012 100102048000f000 0 00 00000000 0 0 0 0000000000000013 55555555 f 55555555 1 02 55555555
0000000000000013 106105040021f000 0 00 00000000 0 0 0 0000000000000014 55555555 f 55555555 1 05 55555555
0000000000000014 341103008000f000 0 00 00000000 0 0 0 0000000000000015 55555555 f 55555555 1 03 55555555
0000000000000015 0013150055555500 1 15 00555555 0 0 0 0000000000000016 55555555 f 55555555 0 00 55555555
0000000000000016 342004150000f000 0 00 00000000 0 0 0 0000000000000017 55555555 f 55555555 1 04 55555555
0000000000000017 340004030000f000 0 00 00000000 0 0 0 0000000000000018 55555555 f 55555555 1 04 55555555
0000000000000018 00131600ffffff00 1 16 ffffffff 0 0 0 0000000000000019 55555555 f 55555555 0 00 55555555
0000000000000019 342004160000f000 0 00 00000000 0 0 0 000000000000001a 55555555 f 55555555 1 04 55555555
000000000000001a 108105040021f000 0 00 00000000 0 0 0 000000000000001b 55555555 f 55555555 1 05 55555555
000000000000001b 0013160000000100 1 16 00000001 0 0 0 000000000000001c 55555555 f 55555555 0 00 55555555
000000000000001c 342002160000f000 0 00 00000000 0 0 0 000000000000001d 55555555 f 55555555 1 02 55555555
000000000000001d 108106020001f000 0 00 00000000 0 0 0 000000000000001e 55555555 f 55555555 1 06 55555555
000000000000001e 100104058000f000 0 00 00000000 0 0 0 000000000000001f 55555555 f 55555555 1 04 55555555
000000000000001f 1010040202002000 0 00 00000000 0 0 0 0000000000000020 55555555 2 54105055 1 04 54105055
0000000000000020 3400060400006000 0 00 00000000 0 0 0 0000000000000021 55555555 6 10001400 1 06 10001400
0000000000000021 1030020605007000 0 00 00000000 0 0 0 0000000000000022 55555555 7 11514510 1 02 11514510
0000000000000022 101006050300f000 0 00 00000000 0 0 0 0000000000000023 55555555 f 55555555 1 06 55555555
0000000000000023 00131600ffffff00 1 16 ffffffff 0 0 0 0000000000000024 55555555 f 55555555 0 00 55555555
0000000000000024 342003160000f000 0 00 00000000 0 0 0 0000000000000025 55555555 f 55555555 1 03 55555555
0000000000000025 10810303000ff000 0 00 00000000 0 0 0 0000000000000026 55555555 f 55555555 1 03 55555555
0000000000000026 105104030000f000 0 00 00000000 0 0 0 0000000000000027 55555555 f 55555555 1 04 55555555
0000000000000027 340002020000f000 0 00 00000000 0 0 0 0000000000000028 55555555 f 55555555 1 02 55555555
0000000000000028 00131e0000000200 1 1e 00000002 0 0 0 0000000000000029 55555555 f 55555555 0 00 55555555
0000000000000029 0023171700000100 1 17 00000001 0 0 0 000000000000002a 55555555 f 55555555 0 00 55555555
000000000000002a 00731e1e00000100 1 1e 00000001 0 0 0 000000000000002b 55555555 f 55555555 0 00 55555555
000000000000002b 0013180000000000 1 18 00000000 0 0 0 000000000000002c 55555555 f 55555555 0 00 55555555
000000000000002c 0102001e18000000 0 00 00000000 4 0 0 000000000000002d 55555555 f 55555555 0 00 55555555
000000000000002d 0215fffffb040000 0 00 00000000 4 0 1 0000000000000029 55555555 f 55555555 0 00 55555555
0000000000000029 0023171700000100 1 17 00000002 4 0 0 000000000000002a 55555555 f 55555555 0 00 55555555
000000000000002a 00731e1e00000100 1 1e 00000000 4 0 0 000000000000002b 55555555 f 55555555 0 00 55555555
000000000000002b 0013180000000000 1 18 00000000 4 0 0 000000000000002c 55555555 f 55555555 0 00 55555555
000000000000002c 0102001e18000000 0 00 00000000 5 1 0 000000000000002d 55555555 f 55555555 0 00 55555555
000000000000002d 0215fffffb040000 0 00 00000000 5 1 0 000000000000002e 55555555 f 55555555 0 00 55555555
000000000000002e 7cf5000000000000 0 00 00000000 5 1 0 000000000000002f 55555555 f 55555555 0 00 55555555
DONE retired=52 fault=00 pc=000000000000002e
