0000000000000000 0013140000004d00 1 14 0000004d 0 0 0 0000000000000001 d3fea716 f d3fea716 0 00 d3fea716
0000000000000001 00131600ffffff00 1 16 ffffffff 0 0 0 0000000000000002 d3fea716 f d3fea716 0 00 d3fea716
0000000000000002 342005160000f000 0 00 00000000 0 0 0 0000000000000003 d3fea716 f d3fea716 1 05 d3fea716
0000000000000003 10810305003ff000 0 00 00000000 0 0 0 0000000000000004 d3fea716 f d3fea716 1 03 d3fea716
0000000000000004 107105030021f000 0 00 00000000 0 0 0 0000000000000005 d3fea716 f d3fea716 1 05 d3fea716
0000000000000005 0013150000000000 1 15 00000000 0 0 0 0000000000000006 d3fea716 f d3fea716 0 00 d3fea716
0000000000000006 342006150000f000 0 00 00000000 0 0 0 0000000000000007 d3fea716 f d3fea716 1 06 d3fea716
0000000000000007 106102050020f000 0 00 00000000 0 0 0 0000000000000008 d3fea716 f d3fea716 1 02 d3fea716
0000000000000008 1030050402000000 0 00 00000000 0 0 0 0000000000000009 d3fea716 0 53fea716 1 05 53fea716
0000000000000009 1040020204005000 0 00 00000000 0 0 0 000000000000000a d3fea716 5 11a40314 1 02 11a40314
000000000000000a 0013160055555500 1 16 00555555 0 0 0 000000000000000b d3fea716 f d3fea716 0 00 d3fea716
000000000000000b 342005160000f000 0 00 00000000 0 0 0 000000000000000c d3fea716 f d3fea716 1 05 d3fea716
000000000000000c 108104050010f000 0 00 00000000 0 0 0 000000000000000d d3fea716 f d3fea716 1 04 d3fea716
000000000000000d 102005060500f000 0 00 00000000 0 0 0 000000000000000e d3fea716 f d3fea716 1 05 d3fea716
000000000000000e 103105050000f000 0 00 00000000 0 0 0 000000000000000f d3fea716 f d3fea716 1 05 d3fea716
000000000000000f 103104060001f000 0 00 00000000 0 0 0 0000000000000010 d3fea716 f d3fea716 1 04 d3fea716
0000000000000010 0013160055555500 1 16 00555555 0 0 0 0000000000000011 d3fea716 f d3fea716 0 00 d3fea716
0000000000000011 342006160000f000 0 00 00000000 0 0 0 0000000000000012 d3fea716 f d3fea716 1 06 d3fea716
0000000000000012 108104060010f000 0 00 00000000 0 0 0 0000000000000013 d3fea716 f d3fea716 1 04 d3fea716
0000000000000013 101105060001f000 0 00 00000000 0 0 0 0000000000000014 d3fea716 f d3fea716 1 05 d3fea716
0000000000000014 104003040600f000 0 00 00000000 0 0 0 0000000000000015 d3fea716 f d3fea716 1 03 d3fea716
0000000000000015 0013160055555500 1 16 00555555 0 0 0 0000000000000016 d3fea716 f d3fea716 0 00 d3fea716
0000000000000016 342003160000f000 0 00 00000000 0 0 0 0000000000000017 d3fea716 f d3fea716 1 03 d3fea716
0000000000000017 108105030000f000 0 00 00000000 0 0 0 0000000000000018 d3fea716 f d3fea716 1 05 d3fea716
0000000000000018 1040040404007000 0 00 00000000 0 0 0 0000000000000019 d3fea716 7 00000000 1 04 00000000
0000000000000019 103002050500f000 0 00 00000000 0 0 0 000000000000001a d3fea716 f d3fea716 1 02 d3fea716
000000000000001a 105002030600f000 0 00 00000000 0 0 0 000000000000001b d3fea716 f d3fea716 1 02 d3fea716
000000000000001b 101006050500f000 0 00 00000000 0 0 0 000000000000001c d3fea716 f d3fea716 1 06 d3fea716
000000000000001c 3430020000008000 0 00 00000000 0 0 0 000000000000001d d3fea716 8 12ce2406 1 02 12ce2406
000000000000001d 106106030021f000 0 00 00000000 0 0 0 000000000000001e d3fea716 f d3fea716 1 06 d3fea716
000000000000001e 3411020000001000 0 00 00000000 0 0 0 000000000000001f d3fea716 1 c094a312 1 02 c094a312
000000000000001f 103104045009f000 0 00 00000000 0 0 0 0000000000000020 d3fea716 f d3fea716 1 04 d3fea716
0000000000000020 00131500ffffff00 1 15 ffffffff 0 0 0 0000000000000021 d3fea716 f d3fea716 0 00 d3fea716
0000000000000021 3420021500002000 0 00 00000000 0 0 0 0000000000000022 d3fea716 2 92822204 1 02 92822204
0000000000000022 3430050000003000 0 00 00000000 0 0 0 0000000000000023 d3fea716 3 c0422514 1 05 c0422514
0000000000000023 341104000001f000 0 00 00000000 0 0 0 0000000000000024 d3fea716 f d3fea716 1 04 d3fea716
0000000000000024 101006060600f000 0 00 00000000 0 0 0 0000000000000025 d3fea716 f d3fea716 1 06 d3fea716
0000000000000025 104002040500f000 0 00 00000000 0 0 0 0000000000000026 d3fea716 f d3fea716 1 02 d3fea716
0000000000000026 00131e0000000200 1 1e 00000002 0 0 0 0000000000000027 d3fea716 f d3fea716 0 00 d3fea716
0000000000000027 0023171700000100 1 17 00000001 0 0 0 0000000000000028 d3fea716 f d3fea716 0 00 d3fea716
0000000000000028 00731e1e00000100 1 1e 00000001 0 0 0 0000000000000029 d3fea716 f d3fea716 0 00 d3fea716
0000000000000029 0013180000000000 1 18 00000000 0 0 0 000000000000002a d3fea716 f d3fea716 0 00 d3fea716
000000000000002a 0102001e18000000 0 00 00000000 4 0 0 000000000000002b d3fea716 f d3fea716 0 00 d3fea716
000000000000002b 0215fffffb040000 0 00 00000000 4 0 1 0000000000000027 d3fea716 f d3fea716 0 00 d3fea716
0000000000000027 0023171700000100 1 17 00000002 4 0 0 0000000000000028 d3fea716 f d3fea716 0 00 d3fea716
0000000000000028 00731e1e00000100 1 1e 00000000 4 0 0 0000000000000029 d3fea716 f d3fea716 0 00 d3fea716
0000000000000029 0013180000000000 1 18 00000000 4 0 0 000000000000002a d3fea716 f d3fea716 0 00 d3fea716
000000000000002a 0102001e18000000 0 00 00000000 5 1 0 000000000000002b d3fea716 f d3fea716 0 00 d3fea716
000000000000002b 0215fffffb040000 0 00 00000000 5 1 0 000000000000002c d3fea716 f d3fea716 0 00 d3fea716
000000000000002c 7cf5000000000000 0 00 00000000 5 1 0 000000000000002d d3fea716 f d3fea716 0 00 d3fea716
DONE retired=50 fault=00 pc=000000000000002c
