0000000000000000 0013140000004d00 1 14 0000004d 0 0 0 0000000000000001 01010101 f 01010101 0 00 01010101
0000000000000001 106106060020f000 0 00 00000000 0 0 0 0000000000000002 01010101 f 01010101 1 06 01010101
0000000000000002 340003050000f000 0 00 00000000 0 0 0 0000000000000003 01010101 f 01010101 1 03 01010101
0000000000000003 1030050404009000 0 00 00000000 0 0 0 0000000000000004 01010101 9 01000001 1 05 01000001
0000000000000004 3400020400003000 0 00 00000000 0 0 0 0000000000000005 01010101 3 01010101 1 02 01010101
0000000000000005 343003000000f000 0 00 00000000 0 0 0 0000000000000006 01010101 f 01010101 1 03 01010101
0000000000000006 00131600aaaaaa00 1 16 ffaaaaaa 0 0 0 0000000000000007 01010101 f 01010101 0 00 01010101
0000000000000007 342006160000f000 0 00 00000000 0 0 0 0000000000000008 01010101 f 01010101 1 06 01010101
0000000000000008 108103060000f000 0 00 00000000 0 0 0 0000000000000009 01010101 f 01010101 1 03 01010101
0000000000000009 102004020200f000 0 00 00000000 0 0 0 000000000000000a 01010101 f 01010101 1 04 01010101
000000000000000a 343006000000a000 0 00 00000000 0 0 0 000000000000000b 01010101 a 00000000 1 06 00000000
000000000000000b 1000030405004000 0 00 00000000 0 0 0 000000000000000c 01010101 4 01010101 1 03 01010101
000000000000000c 343004000000f000 0 00 00000000 0 0 0 000000000000000d 01010101 f 01010101 1 04 01010101
000000000000000d 100006050200f000 0 00 00000000 0 0 0 000000000000000e 01010101 f 01010101 1 06 01010101
000000000000000e 340003020000f000 0 00 00000000 0 0 0 000000000000000f 01010101 f 01010101 1 03 01010101
000000000000000f 102004060300f000 0 00 00000000 0 0 0 0000000000000010 01010101 f 01010101 1 04 01010101
0000000000000010 10610304003ff000 0 00 00000000 0 0 0 0000000000000011 01010101 f 01010101 1 03 01010101
0000000000000011 340003020000f000 0 00 00000000 0 0 0 0000000000000012 01010101 f 01010101 1 03 01010101
0000000000000012 3400030200008000 0 00 00000000 0 0 0 0000000000000013 01010101 8 00000000 1 03 00000000
0000000000000013 00131e0000000300 1 1e 00000003 0 0 0 0000000000000014 01010101 f 01010101 0 00 01010101
0000000000000014 0023171700000100 1 17 00000001 0 0 0 0000000000000015 01010101 f 01010101 0 00 01010101
0000000000000015 00731e1e00000100 1 1e 00000002 0 0 0 0000000000000016 01010101 f 01010101 0 00 01010101
0000000000000016 0013180000000000 1 18 00000000 0 0 0 0000000000000017 01010101 f 01010101 0 00 01010101
0000000000000017 0102001e18000000 0 00 00000000 4 0 0 0000000000000018 01010101 f 01010101 0 00 01010101
0000000000000018 0215fffffb040000 0 00 00000000 4 0 1 0000000000000014 01010101 f 01010101 0 00 01010101
0000000000000014 0023171700000100 1 17 00000002 4 0 0 0000000000000015 01010101 f 01010101 0 00 01010101
0000000000000015 00731e1e00000100 1 1e 00000001 4 0 0 0000000000000016 01010101 f 01010101 0 00 01010101
0000000000000016 0013180000000000 1 18 00000000 4 0 0 0000000000000017 01010101 f 01010101 0 00 01010101
0000000000000017 0102001e18000000 0 00 00000000 4 0 0 0000000000000018 01010101 f 01010101 0 00 01010101
0000000000000018 0215fffffb040000 0 00 00000000 4 0 1 0000000000000014 01010101 f 01010101 0 00 01010101
0000000000000014 0023171700000100 1 17 00000003 4 0 0 0000000000000015 01010101 f 01010101 0 00 01010101
0000000000000015 00731e1e00000100 1 1e 00000000 4 0 0 0000000000000016 01010101 f 01010101 0 00 01010101
0000000000000016 0013180000000000 1 18 00000000 4 0 0 0000000000000017 01010101 f 01010101 0 00 01010101
0000000000000017 0102001e18000000 0 00 00000000 5 1 0 0000000000000018 01010101 f 01010101 0 00 01010101
0000000000000018 0215fffffb040000 0 00 00000000 5 1 0 0000000000000019 01010101 f 01010101 0 00 01010101
0000000000000019 7cf5000000000000 0 00 00000000 5 1 0 000000000000001a 01010101 f 01010101 0 00 01010101
DONE retired=36 fault=00 pc=0000000000000019
