0000000000000000 00131d0000000000 1 1d 00000000 0 0 0 0000000000000001
0000000000000001 00a30f0f00000f00 1 0f 00000000 0 0 0 0000000000000002
0000000000000002 0092080b00000000 1 08 ffffffff 0 0 0 0000000000000003
0000000000000003 8506000000000000 0 00 00000000 0 0 0 0000000000000004
0000000000000004 8506000000000000 0 00 00000000 0 0 0 0000000000000005
0000000000000005 8506000000000000 0 00 00000000 0 0 0 0000000000000006
0000000000000006 0112000e0b000000 0 00 00000000 5 0 0 0000000000000007
0000000000000007 02150000020d0000 0 00 00000000 5 0 0 0000000000000008
0000000000000008 8506000000000000 0 00 00000000 5 0 0 0000000000000009
0000000000000009 8506000000000000 0 00 00000000 5 0 0 000000000000000a
000000000000000a 00130200eef70000 1 02 ffeef700 5 0 0 000000000000000b
000000000000000b 8506000000000000 0 00 00000000 5 0 0 000000000000000c
000000000000000c 8506000000000000 0 00 00000000 5 0 0 000000000000000d
000000000000000d 0306000000000f00 1 0f 00000000 5 0 0 000000000000000e
000000000000000e 00820e030c000000 1 0e 00000000 5 0 0 000000000000000f
000000000000000f 0306000000000500 1 05 00000000 5 0 0 0000000000000010
0000000000000010 007212140d000000 1 12 00000000 5 0 0 0000000000000011
0000000000000011 0102000e08000000 0 00 00000000 0 0 0 0000000000000012
0000000000000012 0215000001030000 0 00 00000000 0 0 0 0000000000000013
0000000000000013 8506000000000000 0 00 00000000 0 0 0 0000000000000014
0000000000000014 00b2120f14000000 1 12 00000000 0 0 0 0000000000000015
0000000000000015 0042110513000000 1 11 00000000 0 0 0 0000000000000016
0000000000000016 00130c00ffffff00 1 0c ffffffff 0 0 0 0000000000000017
0000000000000017 0063100f00000700 1 10 00000000 0 0 0 0000000000000018
0000000000000018 0042020c0f000000 1 02 00000000 0 0 0 0000000000000019
0000000000000019 0013100000000100 1 10 00000001 0 0 0 000000000000001a
000000000000001a 8506000000000000 0 00 00000000 0 0 0 000000000000001b
000000000000001b 00130d00ffffff00 1 0d ffffffff 0 0 0 000000000000001c
000000000000001c 8506000000000000 0 00 00000000 0 0 0 000000000000001d
000000000000001d 00220e0a0e000000 1 0e 00000000 0 0 0 000000000000001e
000000000000001e 0063090600000000 1 09 00000000 0 0 0 000000000000001f
000000000000001f 0306000000000100 1 01 00000000 0 0 0 0000000000000020
0000000000000020 00720f0d13000000 1 0f ffffffff 0 0 0 0000000000000021
0000000000000021 0102000707000000 0 00 00000000 5 1 0 0000000000000022
0000000000000022 0215000003040000 0 00 00000000 5 1 0 0000000000000023
0000000000000023 8506000000000000 0 00 00000000 5 1 0 0000000000000024
0000000000000024 8506000000000000 0 00 00000000 5 1 0 0000000000000025
0000000000000025 8506000000000000 0 00 00000000 5 1 0 0000000000000026
0000000000000026 8506000000000000 0 00 00000000 5 1 0 0000000000000027
0000000000000027 0072120202000000 1 12 00000000 5 1 0 0000000000000028
0000000000000028 00a3080900000800 1 08 00000000 5 1 0 0000000000000029
0000000000000029 00920a0c00000000 1 0a 00000000 5 1 0 000000000000002a
000000000000002a 8506000000000000 0 00 00000000 5 1 0 000000000000002b
000000000000002b 8506000000000000 0 00 00000000 5 1 0 000000000000002c
000000000000002c 0112000c10000000 0 00 00000000 6 1 0 000000000000002d
000000000000002d 02150000010d0000 0 00 00000000 6 1 0 000000000000002e
000000000000002e 8506000000000000 0 00 00000000 6 1 0 000000000000002f
000000000000002f 8506000000000000 0 00 00000000 6 1 0 0000000000000030
0000000000000030 0013030000000100 1 03 00000001 6 1 0 0000000000000031
0000000000000031 00131100088a8c00 1 11 00088a8c 6 1 0 0000000000000032
0000000000000032 8506000000000000 0 00 00000000 6 1 0 0000000000000033
0000000000000033 00131e0000000400 1 1e 00000004 6 1 0 0000000000000034
0000000000000034 0023151500000100 1 15 00000001 6 1 0 0000000000000035
0000000000000035 00731e1e00000100 1 1e 00000003 6 1 0 0000000000000036
0000000000000036 0102001e1d000000 0 00 00000000 4 0 0 0000000000000037
0000000000000037 0215fffffc040000 0 00 00000000 4 0 1 0000000000000034
0000000000000034 0023151500000100 1 15 00000002 4 0 0 0000000000000035
0000000000000035 00731e1e00000100 1 1e 00000002 4 0 0 0000000000000036
0000000000000036 0102001e1d000000 0 00 00000000 4 0 0 0000000000000037
0000000000000037 0215fffffc040000 0 00 00000000 4 0 1 0000000000000034
0000000000000034 0023151500000100 1 15 00000003 4 0 0 0000000000000035
0000000000000035 00731e1e00000100 1 1e 00000001 4 0 0 0000000000000036
0000000000000036 0102001e1d000000 0 00 00000000 4 0 0 0000000000000037
0000000000000037 0215fffffc040000 0 00 00000000 4 0 1 0000000000000034
0000000000000034 0023151500000100 1 15 00000004 4 0 0 0000000000000035
0000000000000035 00731e1e00000100 1 1e 00000000 4 0 0 0000000000000036
0000000000000036 0102001e1d000000 0 00 00000000 5 1 0 0000000000000037
0000000000000037 0215fffffc040000 0 00 00000000 5 1 0 0000000000000038
0000000000000038 7cf5000000000000 0 00 00000000 5 1 0 0000000000000039
DONE retired=69 fault=00 pc=0000000000000038
