0000000000000000 00131d0000000000 1 1d 00000000 0 0 0 0000000000000001
0000000000000001 00a3080400002100 1 08 00000000 0 0 0 0000000000000002
0000000000000002 00130c0055555500 1 0c 00555555 0 0 0 0000000000000003
0000000000000003 0042140c12000000 1 14 00000000 0 0 0 0000000000000004
0000000000000004 0092130600000000 1 13 ffffffff 0 0 0 0000000000000005
0000000000000005 00131200f6f4eb00 1 12 fff6f4eb 0 0 0 0000000000000006
0000000000000006 0092140900000000 1 14 ffffffff 0 0 0 0000000000000007
0000000000000007 8506000000000000 0 00 00000000 0 0 0 0000000000000008
0000000000000008 0092011300000000 1 01 00000000 0 0 0 0000000000000009
0000000000000009 00220f1113000000 1 0f ffffffff 0 0 0 000000000000000a
000000000000000a 8506000000000000 0 00 00000000 0 0 0 000000000000000b
000000000000000b 0306000000000400 1 04 00000000 0 0 0 000000000000000c
000000000000000c 8506000000000000 0 00 00000000 0 0 0 000000000000000d
000000000000000d 00a2040e0c000000 1 04 00000000 0 0 0 000000000000000e
000000000000000e 00130e00ffffff00 1 0e ffffffff 0 0 0 000000000000000f
000000000000000f 00730b09776ecb00 1 0b ff889135 0 0 0 0000000000000010
0000000000000010 00130d00aaaaaa00 1 0d ffaaaaaa 0 0 0 0000000000000011
0000000000000011 00a2010e08000000 1 01 ffffffff 0 0 0 0000000000000012
0000000000000012 00b20b0e14000000 1 0b ffffffff 0 0 0 0000000000000013
0000000000000013 00b3070900001800 1 07 00000000 0 0 0 0000000000000014
0000000000000014 00920e0900000000 1 0e ffffffff 0 0 0 0000000000000015
0000000000000015 8506000000000000 0 00 00000000 0 0 0 0000000000000016
0000000000000016 0062041212000000 1 04 b7a75800 0 0 0 0000000000000017
0000000000000017 0063140200000c00 1 14 00000000 0 0 0 0000000000000018
0000000000000018 001304009b085400 1 04 ff9b0854 0 0 0 0000000000000019
0000000000000019 00a3140200001500 1 14 00000000 0 0 0 000000000000001a
000000000000001a 0092101000000000 1 10 ffffffff 0 0 0 000000000000001b
000000000000001b 0082090f0b000000 1 09 00000000 0 0 0 000000000000001c
000000000000001c 0112000e0a000000 0 00 00000000 6 1 0 000000000000001d
000000000000001d 02150000010d0000 0 00 00000000 6 1 0 000000000000001e
000000000000001e 8506000000000000 0 00 00000000 6 1 0 000000000000001f
000000000000001f 8506000000000000 0 00 00000000 6 1 0 0000000000000020
0000000000000020 00920f0600000000 1 0f ffffffff 6 1 0 0000000000000021
0000000000000021 0112000804000000 0 00 00000000 0 0 0 0000000000000022
0000000000000022 02150000020e0000 0 00 00000000 0 0 0 0000000000000023
0000000000000023 8506000000000000 0 00 00000000 0 0 0 0000000000000024
0000000000000024 8506000000000000 0 00 00000000 0 0 0 0000000000000025
0000000000000025 8506000000000000 0 00 00000000 0 0 0 0000000000000026
0000000000000026 8506000000000000 0 00 00000000 0 0 0 0000000000000027
0000000000000027 8506000000000000 0 00 00000000 0 0 0 0000000000000028
0000000000000028 00131e0000000300 1 1e 00000003 0 0 0 0000000000000029
0000000000000029 0023151500000100 1 15 00000001 0 0 0 000000000000002a
000000000000002a 00731e1e00000100 1 1e 00000002 0 0 0 000000000000002b
000000000000002b 0102001e1d000000 0 00 00000000 4 0 0 000000000000002c
000000000000002c 0215fffffc040000 0 00 00000000 4 0 1 0000000000000029
0000000000000029 0023151500000100 1 15 00000002 4 0 0 000000000000002a
000000000000002a 00731e1e00000100 1 1e 00000001 4 0 0 000000000000002b
000000000000002b 0102001e1d000000 0 00 00000000 4 0 0 000000000000002c
000000000000002c 0215fffffc040000 0 00 00000000 4 0 1 0000000000000029
0000000000000029 0023151500000100 1 15 00000003 4 0 0 000000000000002a
000000000000002a 00731e1e00000100 1 1e 00000000 4 0 0 000000000000002b
000000000000002b 0102001e1d000000 0 00 00000000 5 1 0 000000000000002c
000000000000002c 0215fffffc040000 0 00 00000000 5 1 0 000000000000002d
000000000000002d 7cf5000000000000 0 00 00000000 5 1 0 000000000000002e
DONE retired=54 fault=00 pc=000000000000002d
