0000000000000000 0013140000004d00 1 14 0000004d 0 0 0 0000000000000001 74cff6a6 f 74cff6a6 0 00 74cff6a6
0000000000000001 340004050000f000 0 00 00000000 0 0 0 0000000000000002 74cff6a6 f 74cff6a6 1 04 74cff6a6
0000000000000002 00131600ffffff00 1 16 ffffffff 0 0 0 0000000000000003 74cff6a6 f 74cff6a6 0 00 74cff6a6
0000000000000003 342006160000f000 0 00 00000000 0 0 0 0000000000000004 74cff6a6 f 74cff6a6 1 06 74cff6a6
0000000000000004 108104060020f000 0 00 00000000 0 0 0 0000000000000005 74cff6a6 f 74cff6a6 1 04 74cff6a6
0000000000000005 00131600aaaaaa00 1 16 ffaaaaaa 0 0 0 0000000000000006 74cff6a6 f 74cff6a6 0 00 74cff6a6
0000000000000006 342004160000f000 0 00 00000000 0 0 0 0000000000000007 74cff6a6 f 74cff6a6 1 04 74cff6a6
0000000000000007 108102040020f000 0 00 00000000 0 0 0 0000000000000008 74cff6a6 f 74cff6a6 1 02 74cff6a6
0000000000000008 106103030010f000 0 00 00000000 0 0 0 0000000000000009 74cff6a6 f 74cff6a6 1 03 74cff6a6
0000000000000009 107106050010f000 0 00 00000000 0 0 0 000000000000000a 74cff6a6 f 74cff6a6 1 06 74cff6a6
000000000000000a 0013160055555500 1 16 00555555 0 0 0 000000000000000b 74cff6a6 f 74cff6a6 0 00 74cff6a6
000000000000000b 342006160000f000 0 00 00000000 0 0 0 000000000000000c 74cff6a6 f 74cff6a6 1 06 74cff6a6
000000000000000c 10810406001ff000 0 00 00000000 0 0 0 000000000000000d 74cff6a6 f 74cff6a6 1 04 74cff6a6
000000000000000d 105103048000f000 0 00 00000000 0 0 0 000000000000000e 74cff6a6 f 74cff6a6 1 03 74cff6a6
000000000000000e 341106000001b000 0 00 00000000 0 0 0 000000000000000f 74cff6a6 b 74cff6a6 1 06 74cff6a6
000000000000000f 0013160000000100 1 16 00000001 0 0 0 0000000000000010 74cff6a6 f 74cff6a6 0 00 74cff6a6
0000000000000010 342003160000f000 0 00 00000000 0 0 0 0000000000000011 74cff6a6 f 74cff6a6 1 03 74cff6a6
0000000000000011 108105030000f000 0 00 00000000 0 0 0 0000000000000012 74cff6a6 f 74cff6a6 1 05 74cff6a6
0000000000000012 3400030200003000 0 00 00000000 0 0 0 0000000000000013 74cff6a6 3 208aa2a2 1 03 208aa2a2
0000000000000013 104006050400f000 0 00 00000000 0 0 0 0000000000000014 74cff6a6 f 74cff6a6 1 06 74cff6a6
0000000000000014 105102057ffff000 0 00 00000000 0 0 0 0000000000000015 74cff6a6 f 74cff6a6 1 02 74cff6a6
0000000000000015 103005040300f000 0 00 00000000 0 0 0 0000000000000016 74cff6a6 f 74cff6a6 1 05 74cff6a6
0000000000000016 100104030001f000 0 00 00000000 0 0 0 0000000000000017 74cff6a6 f 74cff6a6 1 04 74cff6a6
0000000000000017 104106020000f000 0 00 00000000 0 0 0 0000000000000018 74cff6a6 f 74cff6a6 1 06 74cff6a6
0000000000000018 103006060400b000 0 00 00000000 0 0 0 0000000000000019 74cff6a6 b 74cff6a6 1 06 74cff6a6
0000000000000019 10610402003ff000 0 00 00000000 0 0 0 000000000000001a 74cff6a6 f 74cff6a6 1 04 74cff6a6
000000000000001a 340003060000f000 0 00 00000000 0 0 0 000000000000001b 74cff6a6 f 74cff6a6 1 03 74cff6a6
000000000000001b 103005030300f000 0 00 00000000 0 0 0 000000000000001c 74cff6a6 f 74cff6a6 1 05 74cff6a6
000000000000001c 106102040021f000 0 00 00000000 0 0 0 000000000000001d 74cff6a6 f 74cff6a6 1 02 74cff6a6
000000000000001d 104005050300d000 0 00 00000000 0 0 0 000000000000001e 74cff6a6 d 74cff6a6 1 05 74cff6a6
000000000000001e 105004020600f000 0 00 00000000 0 0 0 000000000000001f 74cff6a6 f 74cff6a6 1 04 74cff6a6
000000000000001f 103003040200f000 0 00 00000000 0 0 0 0000000000000020 74cff6a6 f 74cff6a6 1 03 74cff6a6
0000000000000020 103106038000f000 0 00 00000000 0 0 0 0000000000000021 74cff6a6 f 74cff6a6 1 06 74cff6a6
0000000000000021 107104060028f000 0 00 00000000 0 0 0 0000000000000022 74cff6a6 f 74cff6a6 1 04 74cff6a6
0000000000000022 0013150000000000 1 15 00000000 0 0 0 0000000000000023 74cff6a6 f 74cff6a6 0 00 74cff6a6
0000000000000023 3420041500000000 0 00 00000000 0 0 0 0000000000000024 74cff6a6 0 208aa2a2 1 04 208aa2a2
0000000000000024 1010060502002000 0 00 00000000 0 0 0 0000000000000025 74cff6a6 2 74cff6a6 1 06 74cff6a6
0000000000000025 00131e0000000100 1 1e 00000001 0 0 0 0000000000000026 74cff6a6 f 74cff6a6 0 00 74cff6a6
0000000000000026 0023171700000100 1 17 00000001 0 0 0 0000000000000027 74cff6a6 f 74cff6a6 0 00 74cff6a6
0000000000000027 00731e1e00000100 1 1e 00000000 0 0 0 0000000000000028 74cff6a6 f 74cff6a6 0 00 74cff6a6
0000000000000028 0013180000000000 1 18 00000000 0 0 0 0000000000000029 74cff6a6 f 74cff6a6 0 00 74cff6a6
0000000000000029 0102001e18000000 0 00 00000000 5 1 0 000000000000002a 74cff6a6 f 74cff6a6 0 00 74cff6a6
000000000000002a 0215fffffb040000 0 00 00000000 5 1 0 000000000000002b 74cff6a6 f 74cff6a6 0 00 74cff6a6
000000000000002b 7cf5000000000000 0 00 00000000 5 1 0 000000000000002c 74cff6a6 f 74cff6a6 0 00 74cff6a6
DONE retired=44 fault=00 pc=000000000000002b
