0000000000000000 0013140000004d00 1 14 0000004d 0 0 0 0000000000000001 ffff0000 f ffff0000 0 00 ffff0000
0000000000000001 103002060400f000 0 00 00000000 0 0 0 0000000000000002 ffff0000 f ffff0000 1 02 ffff0000
0000000000000002 340003050000f000 0 00 00000000 0 0 0 0000000000000003 ffff0000 f ffff0000 1 03 ffff0000
0000000000000003 100104048000f000 0 00 00000000 0 0 0 0000000000000004 ffff0000 f ffff0000 1 04 ffff0000
0000000000000004 104104060000f000 0 00 00000000 0 0 0 0000000000000005 ffff0000 f ffff0000 1 04 ffff0000
0000000000000005 0013160000000100 1 16 00000001 0 0 0 0000000000000006 ffff0000 f ffff0000 0 00 ffff0000
0000000000000006 342002160000f000 0 00 00000000 0 0 0 0000000000000007 ffff0000 f ffff0000 1 02 ffff0000
0000000000000007 108102020010f000 0 00 00000000 0 0 0 0000000000000008 ffff0000 f ffff0000 1 02 ffff0000
0000000000000008 105102050000f000 0 00 00000000 0 0 0 0000000000000009 ffff0000 f ffff0000 1 02 ffff0000
0000000000000009 3430030000005000 0 00 00000000 0 0 0 000000000000000a ffff0000 5 b4f50000 1 03 b4f50000
000000000000000a 10710605001ff000 0 00 00000000 0 0 0 000000000000000b ffff0000 f ffff0000 1 06 ffff0000
000000000000000b 101105068000f000 0 00 00000000 0 0 0 000000000000000c ffff0000 f ffff0000 1 05 ffff0000
000000000000000c 0013150055555500 1 15 00555555 0 0 0 000000000000000d ffff0000 f ffff0000 0 00 ffff0000
000000000000000d 3420021500006000 0 00 00000000 0 0 0 000000000000000e ffff0000 6 552f0000 1 02 552f0000
000000000000000e 340006050000f000 0 00 00000000 0 0 0 000000000000000f ffff0000 f ffff0000 1 06 ffff0000
000000000000000f 340006030000f000 0 00 00000000 0 0 0 0000000000000010 ffff0000 f ffff0000 1 06 ffff0000
0000000000000010 100102028000f000 0 00 00000000 0 0 0 0000000000000011 ffff0000 f ffff0000 1 02 ffff0000
0000000000000011 340002040000f000 0 00 00000000 0 0 0 0000000000000012 ffff0000 f ffff0000 1 02 ffff0000
0000000000000012 0013150000000000 1 15 00000000 0 0 0 0000000000000013 ffff0000 f ffff0000 0 00 ffff0000
0000000000000013 342005150000f000 0 00 00000000 0 0 0 0000000000000014 ffff0000 f ffff0000 1 05 ffff0000
0000000000000014 340002030000f000 0 00 00000000 0 0 0 0000000000000015 ffff0000 f ffff0000 1 02 ffff0000
0000000000000015 107106020018f000 0 00 00000000 0 0 0 0000000000000016 ffff0000 f ffff0000 1 06 ffff0000
0000000000000016 343005000000f000 0 00 00000000 0 0 0 0000000000000017 ffff0000 f ffff0000 1 05 ffff0000
0000000000000017 103005030200f000 0 00 00000000 0 0 0 0000000000000018 ffff0000 f ffff0000 1 05 ffff0000
0000000000000018 103002030300f000 0 00 00000000 0 0 0 0000000000000019 ffff0000 f ffff0000 1 02 ffff0000
0000000000000019 341103007ffff000 0 00 00000000 0 0 0 000000000000001a ffff0000 f ffff0000 1 03 ffff0000
000000000000001a 105005050600f000 0 00 00000000 0 0 0 000000000000001b ffff0000 f ffff0000 1 05 ffff0000
000000000000001b 101003050300f000 0 00 00000000 0 0 0 000000000000001c ffff0000 f ffff0000 1 03 ffff0000
000000000000001c 00131500aaaaaa00 1 15 ffaaaaaa 0 0 0 000000000000001d ffff0000 f ffff0000 0 00 ffff0000
000000000000001d 342004150000f000 0 00 00000000 0 0 0 000000000000001e ffff0000 f ffff0000 1 04 ffff0000
000000000000001e 105002030300f000 0 00 00000000 0 0 0 000000000000001f ffff0000 f ffff0000 1 02 ffff0000
000000000000001f 00131600ffffff00 1 16 ffffffff 0 0 0 0000000000000020 ffff0000 f ffff0000 0 00 ffff0000
0000000000000020 342006160000f000 0 00 00000000 0 0 0 0000000000000021 ffff0000 f ffff0000 1 06 ffff0000
0000000000000021 108106060000f000 0 00 00000000 0 0 0 0000000000000022 ffff0000 f ffff0000 1 06 ffff0000
0000000000000022 10610306000ff000 0 00 00000000 0 0 0 0000000000000023 ffff0000 f ffff0000 1 03 ffff0000
0000000000000023 105005050200f000 0 00 00000000 0 0 0 0000000000000024 ffff0000 f ffff0000 1 05 ffff0000
0000000000000024 00131e0000000100 1 1e 00000001 0 0 0 0000000000000025 ffff0000 f ffff0000 0 00 ffff0000
0000000000000025 0023171700000100 1 17 00000001 0 0 0 0000000000000026 ffff0000 f ffff0000 0 00 ffff0000
0000000000000026 00731e1e00000100 1 1e 00000000 0 0 0 0000000000000027 ffff0000 f ffff0000 0 00 ffff0000
0000000000000027 0013180000000000 1 18 00000000 0 0 0 0000000000000028 ffff0000 f ffff0000 0 00 ffff0000
0000000000000028 0102001e18000000 0 00 00000000 5 1 0 0000000000000029 ffff0000 f ffff0000 0 00 ffff0000
0000000000000029 0215fffffb040000 0 00 00000000 5 1 0 000000000000002a ffff0000 f ffff0000 0 00 ffff0000
000000000000002a 7cf5000000000000 0 00 00000000 5 1 0 000000000000002b ffff0000 f ffff0000 0 00 ffff0000
DONE retired=43 fault=00 pc=000000000000002a
