0000000000000000 343001000000f000 0 00 00000000 0 0 0 0 0 0 0000000000000001 ffffffff f ffffffff 1 01
0000000000000001 341107000001f000 0 00 00000000 0 0 0 0 0 0 0000000000000002 ffffffff f ffffffff 1 07
0000000000000002 34110c000003f000 0 00 00000000 0 0 0 0 0 0 0000000000000003 ffffffff f ffffffff 1 0c
0000000000000003 101003010500f000 0 00 00000000 0 0 0 0 0 0 0000000000000004 ffffffff f ffffffff 1 03
0000000000000004 110004040700f000 0 00 00000000 0 0 0 0 0 0 0000000000000005 ffffffff f ffffffff 1 04
0000000000000005 34110d000003f000 0 00 00000000 0 0 0 0 0 0 0000000000000006 ffffffff f ffffffff 1 0d
0000000000000006 10300c010d00f000 0 00 00000000 0 0 0 0 0 0 0000000000000007 ffffffff f ffffffff 1 0c
0000000000000007 10000c0c0700f000 0 00 00000000 0 0 0 0 0 0 0000000000000008 ffffffff f ffffffff 1 0c
0000000000000008 34110a000000f000 0 00 00000000 0 0 0 0 0 0 0000000000000009 ffffffff f ffffffff 1 0a
0000000000000009 7c85000008000000 0 00 00000000 0 0 0 0 0 0 000000000000000a ffffffff f ffffffff 0 00
000000000000000a 3059e0a0c0000000 0 00 00000000 0 0 0 0 0 0 000000000000000b ffffffff f ffffffff 0 00
000000000000000b 3029d0a0c0000000 0 00 00000000 0 0 0 0 0 0 000000000000000c ffffffff f ffffffff 0 00
000000000000000c 3029901070000000 0 00 00000000 0 0 0 0 0 0 000000000000000d ffffffff f ffffffff 0 00
000000000000000d 7c15000000900001 0 00 00000000 0 0 0 0 0 0 000000000000000e 00000001 f 00000001 0 00
000000000000000e 10100c050100f000 0 00 00000000 0 0 0 0 0 0 000000000000000f 00000001 f 00000001 1 0c
000000000000000f 7c25000000000000 0 00 00000000 0 0 0 0 0 0 000000000000000e fffffffe f fffffffe 0 00
000000000000000e 10100c050100f000 0 00 00000000 0 0 0 0 0 0 000000000000000f fffffffe f fffffffe 1 0c
000000000000000f 7c25000000000000 0 00 00000000 0 0 0 0 0 0 0000000000000010 ffffffff f ffffffff 0 00
0000000000000010 7cb5000000e00000 0 00 00000000 0 0 0 0 0 0 0000000000000011 ffffffff f ffffffff 0 00
0000000000000011 10000a0a0700f000 0 00 00000000 0 0 0 0 0 0 0000000000000012 ffffffff f ffffffff 1 0a
0000000000000012 7c95fffff7d00000 0 00 00000000 0 0 0 0 0 0 000000000000000a ffffffff f ffffffff 0 00
000000000000000a 3059e0a0c0000000 0 00 00000000 0 0 0 0 0 0 000000000000000b ffffffff f ffffffff 0 00
000000000000000b 3029d0a0c0000000 0 00 00000000 0 0 0 0 0 0 000000000000000c ffffffff f ffffffff 0 00
000000000000000c 3029901070000000 0 00 00000000 0 0 0 0 0 0 000000000000000d ffffffff f ffffffff 0 00
000000000000000d 7c15000000900001 0 00 00000000 0 0 0 0 0 0 000000000000000e 00000001 f 00000001 0 00
000000000000000e 10100c050100f000 0 00 00000000 0 0 0 0 0 0 000000000000000f 00000001 f 00000001 1 0c
000000000000000f 7c25000000000000 0 00 00000000 0 0 0 0 0 0 000000000000000e fffffffe f fffffffe 0 00
000000000000000e 10100c050100f000 0 00 00000000 0 0 0 0 0 0 000000000000000f fffffffe f fffffffe 1 0c
000000000000000f 7c25000000000000 0 00 00000000 0 0 0 0 0 0 0000000000000010 ffffffff f ffffffff 0 00
0000000000000012 7cb5000000e00000 0 00 00000000 0 0 0 0 0 0 0000000000000011 00000000 f 00000000 0 00
0000000000000012 7c95fffff7d00000 0 00 00000000 0 0 0 0 0 0 0000000000000013 ffffffff f ffffffff 0 00
0000000000000013 7cf5000000000000 0 00 00000000 0 0 0 0 0 0 0000000000000014 ffffffff f ffffffff 0 00
