0000000000000000 0013140000004d00 1 14 0000004d 0 0 0 0000000000000001 7fffffff f 7fffffff 0 00 7fffffff
0000000000000001 00131600ffffff00 1 16 ffffffff 0 0 0 0000000000000002 7fffffff f 7fffffff 0 00 7fffffff
0000000000000002 342004160000f000 0 00 00000000 0 0 0 0000000000000003 7fffffff f 7fffffff 1 04 7fffffff
0000000000000003 10810604003ff000 0 00 00000000 0 0 0 0000000000000004 7fffffff f 7fffffff 1 06 7fffffff
0000000000000004 3411030008e4f000 0 00 00000000 0 0 0 0000000000000005 7fffffff f 7fffffff 1 03 7fffffff
0000000000000005 101002050600f000 0 00 00000000 0 0 0 0000000000000006 7fffffff f 7fffffff 1 02 7fffffff
0000000000000006 00131500ffffff00 1 15 ffffffff 0 0 0 0000000000000007 7fffffff f 7fffffff 0 00 7fffffff
0000000000000007 342002150000f000 0 00 00000000 0 0 0 0000000000000008 7fffffff f 7fffffff 1 02 7fffffff
0000000000000008 107104040020f000 0 00 00000000 0 0 0 0000000000000009 7fffffff f 7fffffff 1 04 7fffffff
0000000000000009 107104030020f000 0 00 00000000 0 0 0 000000000000000a 7fffffff f 7fffffff 1 04 7fffffff
000000000000000a 107106020020f000 0 00 00000000 0 0 0 000000000000000b 7fffffff f 7fffffff 1 06 7fffffff
000000000000000b 3430050000002000 0 00 00000000 0 0 0 000000000000000c 7fffffff 2 7c02e1f1 1 05 7c02e1f1
000000000000000c 00131500ffffff00 1 15 ffffffff 0 0 0 000000000000000d 7fffffff f 7fffffff 0 00 7fffffff
000000000000000d 342006150000f000 0 00 00000000 0 0 0 000000000000000e 7fffffff f 7fffffff 1 06 7fffffff
000000000000000e 102005050200f000 0 00 00000000 0 0 0 000000000000000f 7fffffff f 7fffffff 1 05 7fffffff
000000000000000f 105003020200f000 0 00 00000000 0 0 0 0000000000000010 7fffffff f 7fffffff 1 03 7fffffff
0000000000000010 105004060300f000 0 00 00000000 0 0 0 0000000000000011 7fffffff f 7fffffff 1 04 7fffffff
0000000000000011 341105008000f000 0 00 00000000 0 0 0 0000000000000012 7fffffff f 7fffffff 1 05 7fffffff
0000000000000012 1020060505005000 0 00 00000000 0 0 0 0000000000000013 7fffffff 5 00000001 1 06 00000001
0000000000000013 00131e0000000300 1 1e 00000003 0 0 0 0000000000000014 7fffffff f 7fffffff 0 00 7fffffff
0000000000000014 0023171700000100 1 17 00000001 0 0 0 0000000000000015 7fffffff f 7fffffff 0 00 7fffffff
0000000000000015 00731e1e00000100 1 1e 00000002 0 0 0 0000000000000016 7fffffff f 7fffffff 0 00 7fffffff
0000000000000016 0013180000000000 1 18 00000000 0 0 0 0000000000000017 7fffffff f 7fffffff 0 00 7fffffff
0000000000000017 0102001e18000000 0 00 00000000 4 0 0 0000000000000018 7fffffff f 7fffffff 0 00 7fffffff
0000000000000018 0215fffffb040000 0 00 00000000 4 0 1 0000000000000014 7fffffff f 7fffffff 0 00 7fffffff
0000000000000014 0023171700000100 1 17 00000002 4 0 0 0000000000000015 7fffffff f 7fffffff 0 00 7fffffff
0000000000000015 00731e1e00000100 1 1e 00000001 4 0 0 0000000000000016 7fffffff f 7fffffff 0 00 7fffffff
0000000000000016 0013180000000000 1 18 00000000 4 0 0 0000000000000017 7fffffff f 7fffffff 0 00 7fffffff
0000000000000017 0102001e18000000 0 00 00000000 4 0 0 0000000000000018 7fffffff f 7fffffff 0 00 7fffffff
0000000000000018 0215fffffb040000 0 00 00000000 4 0 1 0000000000000014 7fffffff f 7fffffff 0 00 7fffffff
0000000000000014 0023171700000100 1 17 00000003 4 0 0 0000000000000015 7fffffff f 7fffffff 0 00 7fffffff
0000000000000015 00731e1e00000100 1 1e 00000000 4 0 0 0000000000000016 7fffffff f 7fffffff 0 00 7fffffff
0000000000000016 0013180000000000 1 18 00000000 4 0 0 0000000000000017 7fffffff f 7fffffff 0 00 7fffffff
0000000000000017 0102001e18000000 0 00 00000000 5 1 0 0000000000000018 7fffffff f 7fffffff 0 00 7fffffff
0000000000000018 0215fffffb040000 0 00 00000000 5 1 0 0000000000000019 7fffffff f 7fffffff 0 00 7fffffff
0000000000000019 7cf5000000000000 0 00 00000000 5 1 0 000000000000001a 7fffffff f 7fffffff 0 00 7fffffff
DONE retired=36 fault=00 pc=0000000000000019
