0000000000000000 00131d0000000000 1 1d 00000000 0 0 0 0000000000000001
0000000000000001 0052071409000000 1 07 00000000 0 0 0 0000000000000002
0000000000000002 0092101100000000 1 10 ffffffff 0 0 0 0000000000000003
0000000000000003 00a2120d11000000 1 12 00000000 0 0 0 0000000000000004
0000000000000004 8506000000000000 0 00 00000000 0 0 0 0000000000000005
0000000000000005 0306000000000d00 1 0d 00000000 0 0 0 0000000000000006
0000000000000006 011200110b000000 0 00 00000000 5 0 0 0000000000000007
0000000000000007 0215000001010000 0 00 00000000 5 0 0 0000000000000008
0000000000000008 8506000000000000 0 00 00000000 5 0 0 0000000000000009
0000000000000009 00130500ba067400 1 05 ffba0674 5 0 0 000000000000000a
000000000000000a 0023121055555500 1 12 00555554 5 0 0 000000000000000b
000000000000000b 00131100ffffff00 1 11 ffffffff 5 0 0 000000000000000c
000000000000000c 0306000000000d00 1 0d 00000000 5 0 0 000000000000000d
000000000000000d 8506000000000000 0 00 00000000 5 0 0 000000000000000e
000000000000000e 00a30d0f00001000 1 0d 00000000 5 0 0 000000000000000f
000000000000000f 003209050a000000 1 09 00000000 5 0 0 0000000000000010
0000000000000010 8506000000000000 0 00 00000000 5 0 0 0000000000000011
0000000000000011 0112000c0e000000 0 00 00000000 5 0 0 0000000000000012
0000000000000012 02150000010b0000 0 00 00000000 5 0 0 0000000000000013
0000000000000013 8506000000000000 0 00 00000000 5 0 0 0000000000000014
0000000000000014 0013030065b48500 1 03 0065b485 5 0 0 0000000000000015
0000000000000015 0092080800000000 1 08 ffffffff 5 0 0 0000000000000016
0000000000000016 00b30e1000000600 1 0e ffffffff 5 0 0 0000000000000017
0000000000000017 010200110f000000 0 00 00000000 6 0 0 0000000000000018
0000000000000018 02150000020e0000 0 00 00000000 6 0 1 000000000000001b
000000000000001b 0042050c05000000 1 05 00000000 6 0 0 000000000000001c
000000000000001c 006212090a000000 1 12 00000000 6 0 0 000000000000001d
000000000000001d 0032040b09000000 1 04 00000000 6 0 0 000000000000001e
000000000000001e 8506000000000000 0 00 00000000 6 0 0 000000000000001f
000000000000001f 8506000000000000 0 00 00000000 6 0 0 0000000000000020
0000000000000020 0023060e1aa1d600 1 06 001aa1d5 6 0 0 0000000000000021
0000000000000021 0306000000000c00 1 0c 00000000 6 0 0 0000000000000022
0000000000000022 007302028e000300 1 02 0071fffd 6 0 0 0000000000000023
0000000000000023 00b213060b000000 1 13 001aa1d5 6 0 0 0000000000000024
0000000000000024 004203100f000000 1 03 00000000 6 0 0 0000000000000025
0000000000000025 00130e00dfdd7500 1 0e ffdfdd75 6 0 0 0000000000000026
0000000000000026 012200070a000000 0 00 00000000 5 0 0 0000000000000027
0000000000000027 0215000003040000 0 00 00000000 5 0 0 0000000000000028
0000000000000028 8506000000000000 0 00 00000000 5 0 0 0000000000000029
0000000000000029 8506000000000000 0 00 00000000 5 0 0 000000000000002a
000000000000002a 8506000000000000 0 00 00000000 5 0 0 000000000000002b
000000000000002b 00131e0000000200 1 1e 00000002 5 0 0 000000000000002c
000000000000002c 0023151500000100 1 15 00000001 5 0 0 000000000000002d
000000000000002d 00731e1e00000100 1 1e 00000001 5 0 0 000000000000002e
000000000000002e 0102001e1d000000 0 00 00000000 4 0 0 000000000000002f
000000000000002f 0215fffffc040000 0 00 00000000 4 0 1 000000000000002c
000000000000002c 0023151500000100 1 15 00000002 4 0 0 000000000000002d
000000000000002d 00731e1e00000100 1 1e 00000000 4 0 0 000000000000002e
000000000000002e 0102001e1d000000 0 00 00000000 5 1 0 000000000000002f
000000000000002f 0215fffffc040000 0 00 00000000 5 1 0 0000000000000030
0000000000000030 7cf5000000000000 0 00 00000000 5 1 0 0000000000000031
DONE retired=51 fault=00 pc=0000000000000030
