0000000000000000 0013140000004d00 1 14 0000004d 0 0 0 0000000000000001 fabcc168 f fabcc168 0 00 fabcc168
0000000000000001 340004050000f000 0 00 00000000 0 0 0 0000000000000002 fabcc168 f fabcc168 1 04 fabcc168
0000000000000002 0013160000000100 1 16 00000001 0 0 0 0000000000000003 fabcc168 f fabcc168 0 00 fabcc168
0000000000000003 342005160000f000 0 00 00000000 0 0 0 0000000000000004 fabcc168 f fabcc168 1 05 fabcc168
0000000000000004 10810205001ff000 0 00 00000000 0 0 0 0000000000000005 fabcc168 f fabcc168 1 02 fabcc168
0000000000000005 100104040000f000 0 00 00000000 0 0 0 0000000000000006 fabcc168 f fabcc168 1 04 fabcc168
0000000000000006 101005040300f000 0 00 00000000 0 0 0 0000000000000007 fabcc168 f fabcc168 1 05 fabcc168
0000000000000007 101003040600f000 0 00 00000000 0 0 0 0000000000000008 fabcc168 f fabcc168 1 03 fabcc168
0000000000000008 101002030500f000 0 00 00000000 0 0 0 0000000000000009 fabcc168 f fabcc168 1 02 fabcc168
0000000000000009 343005000000f000 0 00 00000000 0 0 0 000000000000000a fabcc168 f fabcc168 1 05 fabcc168
000000000000000a 343004000000f000 0 00 00000000 0 0 0 000000000000000b fabcc168 f fabcc168 1 04 fabcc168
000000000000000b 106103030000f000 0 00 00000000 0 0 0 000000000000000c fabcc168 f fabcc168 1 03 fabcc168
000000000000000c 340003060000f000 0 00 00000000 0 0 0 000000000000000d fabcc168 f fabcc168 1 03 fabcc168
000000000000000d 107106050021f000 0 00 00000000 0 0 0 000000000000000e fabcc168 f fabcc168 1 06 fabcc168
000000000000000e 0013150000000000 1 15 00000000 0 0 0 000000000000000f fabcc168 f fabcc168 0 00 fabcc168
000000000000000f 342002150000b000 0 00 00000000 0 0 0 0000000000000010 fabcc168 b a0b04048 1 02 a0b04048
0000000000000010 10610202000df000 0 00 00000000 0 0 0 0000000000000011 fabcc168 f fabcc168 1 02 fabcc168
0000000000000011 103002030400f000 0 00 00000000 0 0 0 0000000000000012 fabcc168 f fabcc168 1 02 fabcc168
0000000000000012 107103020017f000 0 00 00000000 0 0 0 0000000000000013 fabcc168 f fabcc168 1 03 fabcc168
0000000000000013 0013160000000000 1 16 00000000 0 0 0 0000000000000014 fabcc168 f fabcc168 0 00 fabcc168
0000000000000014 342003160000f000 0 00 00000000 0 0 0 0000000000000015 fabcc168 f fabcc168 1 03 fabcc168
0000000000000015 108102030015f000 0 00 00000000 0 0 0 0000000000000016 fabcc168 f fabcc168 1 02 fabcc168
0000000000000016 107106020020f000 0 00 00000000 0 0 0 0000000000000017 fabcc168 f fabcc168 1 06 fabcc168
0000000000000017 343005000000a000 0 00 00000000 0 0 0 0000000000000018 fabcc168 a c8200008 1 05 c8200008
0000000000000018 00131e0000000300 1 1e 00000003 0 0 0 0000000000000019 fabcc168 f fabcc168 0 00 fabcc168
0000000000000019 0023171700000100 1 17 00000001 0 0 0 000000000000001a fabcc168 f fabcc168 0 00 fabcc168
000000000000001a 00731e1e00000100 1 1e 00000002 0 0 0 000000000000001b fabcc168 f fabcc168 0 00 fabcc168
000000000000001b 0013180000000000 1 18 00000000 0 0 0 000000000000001c fabcc168 f fabcc168 0 00 fabcc168
000000000000001c 0102001e18000000 0 00 00000000 4 0 0 000000000000001d fabcc168 f fabcc168 0 00 fabcc168
000000000000001d 0215fffffb040000 0 00 00000000 4 0 1 0000000000000019 fabcc168 f fabcc168 0 00 fabcc168
0000000000000019 0023171700000100 1 17 00000002 4 0 0 000000000000001a fabcc168 f fabcc168 0 00 fabcc168
000000000000001a 00731e1e00000100 1 1e 00000001 4 0 0 000000000000001b fabcc168 f fabcc168 0 00 fabcc168
000000000000001b 0013180000000000 1 18 00000000 4 0 0 000000000000001c fabcc168 f fabcc168 0 00 fabcc168
000000000000001c 0102001e18000000 0 00 00000000 4 0 0 000000000000001d fabcc168 f fabcc168 0 00 fabcc168
000000000000001d 0215fffffb040000 0 00 00000000 4 0 1 0000000000000019 fabcc168 f fabcc168 0 00 fabcc168
0000000000000019 0023171700000100 1 17 00000003 4 0 0 000000000000001a fabcc168 f fabcc168 0 00 fabcc168
000000000000001a 00731e1e00000100 1 1e 00000000 4 0 0 000000000000001b fabcc168 f fabcc168 0 00 fabcc168
000000000000001b 0013180000000000 1 18 00000000 4 0 0 000000000000001c fabcc168 f fabcc168 0 00 fabcc168
000000000000001c 0102001e18000000 0 00 00000000 5 1 0 000000000000001d fabcc168 f fabcc168 0 00 fabcc168
000000000000001d 0215fffffb040000 0 00 00000000 5 1 0 000000000000001e fabcc168 f fabcc168 0 00 fabcc168
000000000000001e 7cf5000000000000 0 00 00000000 5 1 0 000000000000001f fabcc168 f fabcc168 0 00 fabcc168
DONE retired=41 fault=00 pc=000000000000001e
