0000000000000000 00131d0000000000 1 1d 00000000 0 0 0 0000000000000001
0000000000000001 8506000000000000 0 00 00000000 0 0 0 0000000000000002
0000000000000002 8506000000000000 0 00 00000000 0 0 0 0000000000000003
0000000000000003 0112000413000000 0 00 00000000 5 0 0 0000000000000004
0000000000000004 0215000003020000 0 00 00000000 5 0 1 0000000000000008
0000000000000008 00131100f032cf00 1 11 fff032cf 5 0 0 0000000000000009
0000000000000009 00730208ffffff00 1 02 00000001 5 0 0 000000000000000a
000000000000000a 0112000209000000 0 00 00000000 4 0 0 000000000000000b
000000000000000b 0215000002020000 0 00 00000000 4 0 1 000000000000000e
000000000000000e 0052090d11000000 1 09 fff032cf 4 0 0 000000000000000f
000000000000000f 8506000000000000 0 00 00000000 4 0 0 0000000000000010
0000000000000010 0022140f0f000000 1 14 00000000 4 0 0 0000000000000011
0000000000000011 0042011214000000 1 01 00000000 4 0 0 0000000000000012
0000000000000012 0092050800000000 1 05 ffffffff 4 0 0 0000000000000013
0000000000000013 0023120bc3086400 1 12 ffc30864 4 0 0 0000000000000014
0000000000000014 0092030e00000000 1 03 ffffffff 4 0 0 0000000000000015
0000000000000015 0023030ad356b600 1 03 ffd356b6 4 0 0 0000000000000016
0000000000000016 00b3030800001e00 1 03 00000000 4 0 0 0000000000000017
0000000000000017 0112000c02000000 0 00 00000000 2 1 0 0000000000000018
0000000000000018 02150000010b0000 0 00 00000000 2 1 1 000000000000001a
000000000000001a 0306000000000c00 1 0c 00000000 2 1 0 000000000000001b
000000000000001b 0063081000000300 1 08 00000000 2 1 0 000000000000001c
000000000000001c 0042070711000000 1 07 00000000 2 1 0 000000000000001d
000000000000001d 012200040e000000 0 00 00000000 5 0 0 000000000000001e
000000000000001e 0215000001020000 0 00 00000000 5 0 1 0000000000000020
0000000000000020 00130a0000000000 1 0a 00000000 5 0 0 0000000000000021
0000000000000021 00820a1005000000 1 0a ffffffff 5 0 0 0000000000000022
0000000000000022 8506000000000000 0 00 00000000 5 0 0 0000000000000023
0000000000000023 00730404c4105900 1 04 003befa7 5 0 0 0000000000000024
0000000000000024 8506000000000000 0 00 00000000 5 0 0 0000000000000025
0000000000000025 0032130f06000000 1 13 00000000 5 0 0 0000000000000026
0000000000000026 00131300ffffff00 1 13 ffffffff 5 0 0 0000000000000027
0000000000000027 00130d00529a0600 1 0d 00529a06 5 0 0 0000000000000028
0000000000000028 00131e0000000300 1 1e 00000003 5 0 0 0000000000000029
0000000000000029 0023151500000100 1 15 00000001 5 0 0 000000000000002a
000000000000002a 00731e1e00000100 1 1e 00000002 5 0 0 000000000000002b
000000000000002b 0102001e1d000000 0 00 00000000 4 0 0 000000000000002c
000000000000002c 0215fffffc040000 0 00 00000000 4 0 1 0000000000000029
0000000000000029 0023151500000100 1 15 00000002 4 0 0 000000000000002a
000000000000002a 00731e1e00000100 1 1e 00000001 4 0 0 000000000000002b
000000000000002b 0102001e1d000000 0 00 00000000 4 0 0 000000000000002c
000000000000002c 0215fffffc040000 0 00 00000000 4 0 1 0000000000000029
0000000000000029 0023151500000100 1 15 00000003 4 0 0 000000000000002a
000000000000002a 00731e1e00000100 1 1e 00000000 4 0 0 000000000000002b
000000000000002b 0102001e1d000000 0 00 00000000 5 1 0 000000000000002c
000000000000002c 0215fffffc040000 0 00 00000000 5 1 0 000000000000002d
000000000000002d 7cf5000000000000 0 00 00000000 5 1 0 000000000000002e
DONE retired=47 fault=00 pc=000000000000002d
