0000000000000000 00131d0000000000 1 1d 00000000 0 0 0 0000000000000001
0000000000000001 00131300bab11000 1 13 ffbab110 0 0 0 0000000000000002
0000000000000002 0013060000000100 1 06 00000001 0 0 0 0000000000000003
0000000000000003 00220e100b000000 1 0e 00000000 0 0 0 0000000000000004
0000000000000004 001305005c6b8300 1 05 005c6b83 0 0 0 0000000000000005
0000000000000005 0122000514000000 0 00 00000000 4 1 0 0000000000000006
0000000000000006 0215000002010000 0 00 00000000 4 1 1 0000000000000009
0000000000000009 00130500a674f000 1 05 ffa674f0 4 1 0 000000000000000a
000000000000000a 00130d0049cf9d00 1 0d 0049cf9d 4 1 0 000000000000000b
000000000000000b 00131e0000000400 1 1e 00000004 4 1 0 000000000000000c
000000000000000c 0023151500000100 1 15 00000001 4 1 0 000000000000000d
000000000000000d 00731e1e00000100 1 1e 00000003 4 1 0 000000000000000e
000000000000000e 0102001e1d000000 0 00 00000000 4 0 0 000000000000000f
000000000000000f 0215fffffc040000 0 00 00000000 4 0 1 000000000000000c
000000000000000c 0023151500000100 1 15 00000002 4 0 0 000000000000000d
000000000000000d 00731e1e00000100 1 1e 00000002 4 0 0 000000000000000e
000000000000000e 0102001e1d000000 0 00 00000000 4 0 0 000000000000000f
000000000000000f 0215fffffc040000 0 00 00000000 4 0 1 000000000000000c
000000000000000c 0023151500000100 1 15 00000003 4 0 0 000000000000000d
000000000000000d 00731e1e00000100 1 1e 00000001 4 0 0 000000000000000e
000000000000000e 0102001e1d000000 0 00 00000000 4 0 0 000000000000000f
000000000000000f 0215fffffc040000 0 00 00000000 4 0 1 000000000000000c
000000000000000c 0023151500000100 1 15 00000004 4 0 0 000000000000000d
000000000000000d 00731e1e00000100 1 1e 00000000 4 0 0 000000000000000e
000000000000000e 0102001e1d000000 0 00 00000000 5 1 0 000000000000000f
000000000000000f 0215fffffc040000 0 00 00000000 5 1 0 0000000000000010
0000000000000010 7cf5000000000000 0 00 00000000 5 1 0 0000000000000011
DONE retired=27 fault=00 pc=0000000000000010
