0000000000000000 0013140000004d00 1 14 0000004d 0 0 0 0000000000000001 007fffff f 007fffff 0 00 007fffff
0000000000000001 343006000000f000 0 00 00000000 0 0 0 0000000000000002 007fffff f 007fffff 1 06 007fffff
0000000000000002 101004030200f000 0 00 00000000 0 0 0 0000000000000003 007fffff f 007fffff 1 04 007fffff
0000000000000003 341106007fffc000 0 00 00000000 0 0 0 0000000000000004 007fffff c 0002b854 1 06 0002b854
0000000000000004 102002040500f000 0 00 00000000 0 0 0 0000000000000005 007fffff f 007fffff 1 02 007fffff
0000000000000005 340006040000f000 0 00 00000000 0 0 0 0000000000000006 007fffff f 007fffff 1 06 007fffff
0000000000000006 0013160055555500 1 16 00555555 0 0 0 0000000000000007 007fffff f 007fffff 0 00 007fffff
0000000000000007 342005160000f000 0 00 00000000 0 0 0 0000000000000008 007fffff f 007fffff 1 05 007fffff
0000000000000008 10810405000ff000 0 00 00000000 0 0 0 0000000000000009 007fffff f 007fffff 1 04 007fffff
0000000000000009 0013160000000000 1 16 00000000 0 0 0 000000000000000a 007fffff f 007fffff 0 00 007fffff
000000000000000a 342005160000f000 0 00 00000000 0 0 0 000000000000000b 007fffff f 007fffff 1 05 007fffff
000000000000000b 108105050020f000 0 00 00000000 0 0 0 000000000000000c 007fffff f 007fffff 1 05 007fffff
000000000000000c 101006050200a000 0 00 00000000 0 0 0 000000000000000d 007fffff a 0070627f 1 06 0070627f
000000000000000d 00131600aaaaaa00 1 16 ffaaaaaa 0 0 0 000000000000000e 007fffff f 007fffff 0 00 007fffff
000000000000000e 342002160000f000 0 00 00000000 0 0 0 000000000000000f 007fffff f 007fffff 1 02 007fffff
000000000000000f 10810202001ff000 0 00 00000000 0 0 0 0000000000000010 007fffff f 007fffff 1 02 007fffff
0000000000000010 10710303000ff000 0 00 00000000 0 0 0 0000000000000011 007fffff f 007fffff 1 03 007fffff
0000000000000011 341106008000f000 0 00 00000000 0 0 0 0000000000000012 007fffff f 007fffff 1 06 007fffff
0000000000000012 1000030603000000 0 00 00000000 0 0 0 0000000000000013 007fffff 0 00000000 1 03 00000000
0000000000000013 1040040604002000 0 00 00000000 0 0 0 0000000000000014 007fffff 2 00000000 1 04 00000000
0000000000000014 104106040000f000 0 00 00000000 0 0 0 0000000000000015 007fffff f 007fffff 1 06 007fffff
0000000000000015 3411030018942000 0 00 00000000 0 0 0 0000000000000016 007fffff 2 00000000 1 03 00000000
0000000000000016 00131500ffffff00 1 15 ffffffff 0 0 0 0000000000000017 007fffff f 007fffff 0 00 007fffff
0000000000000017 3420031500003000 0 00 00000000 0 0 0 0000000000000018 007fffff 3 007fffff 1 03 007fffff
0000000000000018 10710603001cf000 0 00 00000000 0 0 0 0000000000000019 007fffff f 007fffff 1 06 007fffff
0000000000000019 00131500ffffff00 1 15 ffffffff 0 0 0 000000000000001a 007fffff f 007fffff 0 00 007fffff
000000000000001a 342004150000f000 0 00 00000000 0 0 0 000000000000001b 007fffff f 007fffff 1 04 007fffff
000000000000001b 1020030302009000 0 00 00000000 0 0 0 000000000000001c 007fffff 9 007fffff 1 03 007fffff
000000000000001c 0013150000000100 1 15 00000001 0 0 0 000000000000001d 007fffff f 007fffff 0 00 007fffff
000000000000001d 342006150000f000 0 00 00000000 0 0 0 000000000000001e 007fffff f 007fffff 1 06 007fffff
000000000000001e 0013150055555500 1 15 00555555 0 0 0 000000000000001f 007fffff f 007fffff 0 00 007fffff
000000000000001f 342004150000f000 0 00 00000000 0 0 0 0000000000000020 007fffff f 007fffff 1 04 007fffff
0000000000000020 0013160055555500 1 16 00555555 0 0 0 0000000000000021 007fffff f 007fffff 0 00 007fffff
0000000000000021 342005160000f000 0 00 00000000 0 0 0 0000000000000022 007fffff f 007fffff 1 05 007fffff
0000000000000022 108106050000f000 0 00 00000000 0 0 0 0000000000000023 007fffff f 007fffff 1 06 007fffff
0000000000000023 105104052769f000 0 00 00000000 0 0 0 0000000000000024 007fffff f 007fffff 1 04 007fffff
0000000000000024 100006020600f000 0 00 00000000 0 0 0 0000000000000025 007fffff f 007fffff 1 06 007fffff
0000000000000025 107103020010f000 0 00 00000000 0 0 0 0000000000000026 007fffff f 007fffff 1 03 007fffff
0000000000000026 34110200fa8fd000 0 00 00000000 0 0 0 0000000000000027 007fffff d 00555555 1 02 00555555
0000000000000027 3400030500001000 0 00 00000000 0 0 0 0000000000000028 007fffff 1 000ed97f 1 03 000ed97f
0000000000000028 101103068000f000 0 00 00000000 0 0 0 0000000000000029 007fffff f 007fffff 1 03 007fffff
0000000000000029 103006040400f000 0 00 00000000 0 0 0 000000000000002a 007fffff f 007fffff 1 06 007fffff
000000000000002a 340004060000f000 0 00 00000000 0 0 0 000000000000002b 007fffff f 007fffff 1 04 007fffff
000000000000002b 00131e0000000300 1 1e 00000003 0 0 0 000000000000002c 007fffff f 007fffff 0 00 007fffff
000000000000002c 0023171700000100 1 17 00000001 0 0 0 000000000000002d 007fffff f 007fffff 0 00 007fffff
000000000000002d 00731e1e00000100 1 1e 00000002 0 0 0 000000000000002e 007fffff f 007fffff 0 00 007fffff
000000000000002e 0013180000000000 1 18 00000000 0 0 0 000000000000002f 007fffff f 007fffff 0 00 007fffff
000000000000002f 0102001e18000000 0 00 00000000 4 0 0 0000000000000030 007fffff f 007fffff 0 00 007fffff
0000000000000030 0215fffffb040000 0 00 00000000 4 0 1 000000000000002c 007fffff f 007fffff 0 00 007fffff
000000000000002c 0023171700000100 1 17 00000002 4 0 0 000000000000002d 007fffff f 007fffff 0 00 007fffff
000000000000002d 00731e1e00000100 1 1e 00000001 4 0 0 000000000000002e 007fffff f 007fffff 0 00 007fffff
000000000000002e 0013180000000000 1 18 00000000 4 0 0 000000000000002f 007fffff f 007fffff 0 00 007fffff
000000000000002f 0102001e18000000 0 00 00000000 4 0 0 0000000000000030 007fffff f 007fffff 0 00 007fffff
0000000000000030 0215fffffb040000 0 00 00000000 4 0 1 000000000000002c 007fffff f 007fffff 0 00 007fffff
000000000000002c 0023171700000100 1 17 00000003 4 0 0 000000000000002d 007fffff f 007fffff 0 00 007fffff
000000000000002d 00731e1e00000100 1 1e 00000000 4 0 0 000000000000002e 007fffff f 007fffff 0 00 007fffff
000000000000002e 0013180000000000 1 18 00000000 4 0 0 000000000000002f 007fffff f 007fffff 0 00 007fffff
000000000000002f 0102001e18000000 0 00 00000000 5 1 0 0000000000000030 007fffff f 007fffff 0 00 007fffff
0000000000000030 0215fffffb040000 0 00 00000000 5 1 0 0000000000000031 007fffff f 007fffff 0 00 007fffff
0000000000000031 7cf5000000000000 0 00 00000000 5 1 0 0000000000000032 007fffff f 007fffff 0 00 007fffff
DONE retired=60 fault=00 pc=0000000000000031
