0000000000000000 343001000000f000 0 00 00000000 0 0 0 0 0 0 0000000000000001 ffffffff f ffffffff 1 01
0000000000000001 341107000001f000 0 00 00000000 0 0 0 0 0 0 0000000000000002 ffffffff f ffffffff 1 07
0000000000000002 34110c000003f000 0 00 00000000 0 0 0 0 0 0 0000000000000003 ffffffff f ffffffff 1 0c
0000000000000003 110004030c00f000 0 00 00000000 0 0 0 0 0 0 0000000000000004 ffffffff f ffffffff 1 04
0000000000000004 304930b0c0000000 0 00 00000000 0 0 0 0 0 0 0000000000000005 ffffffff f ffffffff 0 00
0000000000000005 7c15000011300051 0 00 00000000 0 0 0 0 0 0 0000000000000017 ffffffff f ffffffff 0 00
0000000000000017 3019c010c0000000 0 00 00000000 0 0 0 0 0 0 0000000000000018 ffffffff f ffffffff 0 00
0000000000000018 7c15000007c0003c 0 00 00000000 0 0 0 0 0 0 0000000000000019 fffffff7 f fffffff7 0 00
0000000000000019 3039b0b070000000 0 00 00000000 0 0 0 0 0 0 000000000000001a fffffff7 f fffffff7 0 00
000000000000001a 7c15000002b00003 0 00 00000000 0 0 0 0 0 0 000000000000001b fffffff7 f fffffff7 0 00
000000000000001b 34110500000df000 0 00 00000000 0 0 0 0 0 0 000000000000001c fffffff7 f fffffff7 1 05
000000000000001c 0205000001000000 0 00 00000000 0 0 0 0 0 1 000000000000001e fffffff7 f fffffff7 0 00
000000000000001e 7c25000000000000 0 00 00000000 0 0 0 0 0 0 000000000000001f fffffff7 f fffffff7 0 00
000000000000001f 0205000035000000 0 00 00000000 0 0 0 0 0 1 0000000000000055 fffffff7 f fffffff7 0 00
0000000000000055 7c25000000000000 0 00 00000000 0 0 0 0 0 0 0000000000000020 00000008 f 00000008 0 00
0000000000000020 3059903070000000 0 00 00000000 0 0 0 0 0 0 0000000000000021 00000008 f 00000008 0 00
0000000000000021 7c1500000e900031 0 00 00000000 0 0 0 0 0 0 0000000000000030 00000008 f 00000008 0 00
0000000000000030 300930a0c0000000 0 00 00000000 0 0 0 0 0 0 0000000000000031 00000008 f 00000008 0 00
0000000000000031 7c1500001f300020 0 00 00000000 0 0 0 0 0 0 0000000000000051 00000008 f 00000008 0 00
0000000000000051 11000c010700f000 0 00 00000000 0 0 0 0 0 0 0000000000000052 00000008 f 00000008 1 0c
0000000000000052 7c25000000000000 0 00 00000000 0 0 0 0 0 0 0000000000000053 00000008 f 00000008 0 00
0000000000000053 7c25000000000000 0 00 00000000 0 0 0 0 0 0 0000000000000054 00000008 f 00000008 0 00
0000000000000054 11100c010700f000 0 00 00000000 0 0 0 0 0 0 0000000000000055 00000008 f 00000008 1 0c
0000000000000055 7c25000000000000 0 00 00000000 0 0 0 0 0 0 0000000000000056 ffffffff f ffffffff 0 00
0000000000000056 0023060600000100 1 06 00000001 0 0 0 0 0 0 0000000000000057 ffffffff f ffffffff 0 00
0000000000000057 7c25000000000000 0 00 00000000 0 0 0 0 0 0 0000000000000058 ffffffff f ffffffff 0 00
0000000000000058 7cf5000000000000 0 00 00000000 0 0 0 0 0 0 0000000000000059 ffffffff f ffffffff 0 00
