0000000000000000 00131d0000000000 1 1d 00000000 0 0 0 0000000000000001
0000000000000001 00420d0206000000 1 0d 00000000 0 0 0 0000000000000002
0000000000000002 0052040605000000 1 04 00000000 0 0 0 0000000000000003
0000000000000003 0306000000001200 1 12 00000000 0 0 0 0000000000000004
0000000000000004 0073130ade96da00 1 13 00216926 0 0 0 0000000000000005
0000000000000005 8506000000000000 0 00 00000000 0 0 0 0000000000000006
0000000000000006 0042040605000000 1 04 00000000 0 0 0 0000000000000007
0000000000000007 8506000000000000 0 00 00000000 0 0 0 0000000000000008
0000000000000008 007305030ef20900 1 05 fff10df7 0 0 0 0000000000000009
0000000000000009 0042030307000000 1 03 00000000 0 0 0 000000000000000a
000000000000000a 00320d0614000000 1 0d 00000000 0 0 0 000000000000000b
000000000000000b 0013120030615c00 1 12 0030615c 0 0 0 000000000000000c
000000000000000c 0092070d00000000 1 07 ffffffff 0 0 0 000000000000000d
000000000000000d 0092080300000000 1 08 ffffffff 0 0 0 000000000000000e
000000000000000e 00820b100e000000 1 0b 00000000 0 0 0 000000000000000f
000000000000000f 8506000000000000 0 00 00000000 0 0 0 0000000000000010
0000000000000010 8506000000000000 0 00 00000000 0 0 0 0000000000000011
0000000000000011 00130c00aaaaaa00 1 0c ffaaaaaa 0 0 0 0000000000000012
0000000000000012 0092010e00000000 1 01 ffffffff 0 0 0 0000000000000013
0000000000000013 0092070500000000 1 07 000ef208 0 0 0 0000000000000014
0000000000000014 0072040701000000 1 04 000ef209 0 0 0 0000000000000015
0000000000000015 8506000000000000 0 00 00000000 0 0 0 0000000000000016
0000000000000016 8506000000000000 0 00 00000000 0 0 0 0000000000000017
0000000000000017 0032140f05000000 1 14 00000000 0 0 0 0000000000000018
0000000000000018 00131e0000000400 1 1e 00000004 0 0 0 0000000000000019
0000000000000019 0023151500000100 1 15 00000001 0 0 0 000000000000001a
000000000000001a 00731e1e00000100 1 1e 00000003 0 0 0 000000000000001b
000000000000001b 0102001e1d000000 0 00 00000000 4 0 0 000000000000001c
000000000000001c 0215fffffc040000 0 00 00000000 4 0 1 0000000000000019
0000000000000019 0023151500000100 1 15 00000002 4 0 0 000000000000001a
000000000000001a 00731e1e00000100 1 1e 00000002 4 0 0 000000000000001b
000000000000001b 0102001e1d000000 0 00 00000000 4 0 0 000000000000001c
000000000000001c 0215fffffc040000 0 00 00000000 4 0 1 0000000000000019
0000000000000019 0023151500000100 1 15 00000003 4 0 0 000000000000001a
000000000000001a 00731e1e00000100 1 1e 00000001 4 0 0 000000000000001b
000000000000001b 0102001e1d000000 0 00 00000000 4 0 0 000000000000001c
000000000000001c 0215fffffc040000 0 00 00000000 4 0 1 0000000000000019
0000000000000019 0023151500000100 1 15 00000004 4 0 0 000000000000001a
000000000000001a 00731e1e00000100 1 1e 00000000 4 0 0 000000000000001b
000000000000001b 0102001e1d000000 0 00 00000000 5 1 0 000000000000001c
000000000000001c 0215fffffc040000 0 00 00000000 5 1 0 000000000000001d
000000000000001d 7cf5000000000000 0 00 00000000 5 1 0 000000000000001e
DONE retired=42 fault=00 pc=000000000000001d
