0000000000000000 00131d0000000000 1 1d 00000000 0 0 0 0000000000000001
0000000000000001 00131200448e2d00 1 12 00448e2d 0 0 0 0000000000000002
0000000000000002 0073060284297a00 1 06 007bd686 0 0 0 0000000000000003
0000000000000003 00220c0101000000 1 0c 00000000 0 0 0 0000000000000004
0000000000000004 0022060e04000000 1 06 00000000 0 0 0 0000000000000005
0000000000000005 8506000000000000 0 00 00000000 0 0 0 0000000000000006
0000000000000006 0072091401000000 1 09 00000000 0 0 0 0000000000000007
0000000000000007 8506000000000000 0 00 00000000 0 0 0 0000000000000008
0000000000000008 8506000000000000 0 00 00000000 0 0 0 0000000000000009
0000000000000009 8506000000000000 0 00 00000000 0 0 0 000000000000000a
000000000000000a 0122000a0b000000 0 00 00000000 5 0 0 000000000000000b
000000000000000b 02150000020d0000 0 00 00000000 5 0 0 000000000000000c
000000000000000c 8506000000000000 0 00 00000000 5 0 0 000000000000000d
000000000000000d 8506000000000000 0 00 00000000 5 0 0 000000000000000e
000000000000000e 0092040200000000 1 04 ffffffff 5 0 0 000000000000000f
000000000000000f 0102000f05000000 0 00 00000000 5 1 0 0000000000000010
0000000000000010 0215000003030000 0 00 00000000 5 1 1 0000000000000014
0000000000000014 8506000000000000 0 00 00000000 5 1 0 0000000000000015
0000000000000015 8506000000000000 0 00 00000000 5 1 0 0000000000000016
0000000000000016 0306000000000d00 1 0d 00000000 5 1 0 0000000000000017
0000000000000017 00130f0055555500 1 0f 00555555 5 1 0 0000000000000018
0000000000000018 0023060da0d0d900 1 06 ffa0d0d9 5 1 0 0000000000000019
0000000000000019 0063070b00001a00 1 07 00000000 5 1 0 000000000000001a
000000000000001a 00420c1210000000 1 0c 00000000 5 1 0 000000000000001b
000000000000001b 8506000000000000 0 00 00000000 5 1 0 000000000000001c
000000000000001c 00130c00ff51fc00 1 0c ffff51fc 5 1 0 000000000000001d
000000000000001d 0073120a79b56200 1 12 ff864a9e 5 1 0 000000000000001e
000000000000001e 00130e00e3a8f200 1 0e ffe3a8f2 5 1 0 000000000000001f
000000000000001f 0082101404000000 1 10 ffffffff 5 1 0 0000000000000020
0000000000000020 0082100c0a000000 1 10 ffff51fc 5 1 0 0000000000000021
0000000000000021 0122001012000000 0 00 00000000 4 1 0 0000000000000022
0000000000000022 0215000003020000 0 00 00000000 4 1 0 0000000000000023
0000000000000023 8506000000000000 0 00 00000000 4 1 0 0000000000000024
0000000000000024 8506000000000000 0 00 00000000 4 1 0 0000000000000025
0000000000000025 8506000000000000 0 00 00000000 4 1 0 0000000000000026
0000000000000026 8506000000000000 0 00 00000000 4 1 0 0000000000000027
0000000000000027 00131e0000000200 1 1e 00000002 4 1 0 0000000000000028
0000000000000028 0023151500000100 1 15 00000001 4 1 0 0000000000000029
0000000000000029 00731e1e00000100 1 1e 00000001 4 1 0 000000000000002a
000000000000002a 0102001e1d000000 0 00 00000000 4 0 0 000000000000002b
000000000000002b 0215fffffc040000 0 00 00000000 4 0 1 0000000000000028
0000000000000028 0023151500000100 1 15 00000002 4 0 0 0000000000000029
0000000000000029 00731e1e00000100 1 1e 00000000 4 0 0 000000000000002a
000000000000002a 0102001e1d000000 0 00 00000000 5 1 0 000000000000002b
000000000000002b 0215fffffc040000 0 00 00000000 5 1 0 000000000000002c
000000000000002c 7cf5000000000000 0 00 00000000 5 1 0 000000000000002d
DONE retired=46 fault=00 pc=000000000000002c
