0000000000000000 0013140000004d00 1 14 0000004d 0 0 0 0000000000000001 01010101 f 01010101 0 00 01010101
0000000000000001 0013150000000100 1 15 00000001 0 0 0 0000000000000002 01010101 f 01010101 0 00 01010101
0000000000000002 342005150000f000 0 00 00000000 0 0 0 0000000000000003 01010101 f 01010101 1 05 01010101
0000000000000003 107105060021f000 0 00 00000000 0 0 0 0000000000000004 01010101 f 01010101 1 05 01010101
0000000000000004 340003030000f000 0 00 00000000 0 0 0 0000000000000005 01010101 f 01010101 1 03 01010101
0000000000000005 3411040000003000 0 00 00000000 0 0 0 0000000000000006 01010101 3 00000000 1 04 00000000
0000000000000006 107104050010f000 0 00 00000000 0 0 0 0000000000000007 01010101 f 01010101 1 04 01010101
0000000000000007 3430030000001000 0 00 00000000 0 0 0 0000000000000008 01010101 1 00000000 1 03 00000000
0000000000000008 104004040200f000 0 00 00000000 0 0 0 0000000000000009 01010101 f 01010101 1 04 01010101
0000000000000009 100102050000f000 0 00 00000000 0 0 0 000000000000000a 01010101 f 01010101 1 02 01010101
000000000000000a 3430030000009000 0 00 00000000 0 0 0 000000000000000b 01010101 9 01000100 1 03 01000100
000000000000000b 340004040000f000 0 00 00000000 0 0 0 000000000000000c 01010101 f 01010101 1 04 01010101
000000000000000c 105103058000f000 0 00 00000000 0 0 0 000000000000000d 01010101 f 01010101 1 03 01010101
000000000000000d 10710604003ff000 0 00 00000000 0 0 0 000000000000000e 01010101 f 01010101 1 06 01010101
000000000000000e 101003060600f000 0 00 00000000 0 0 0 000000000000000f 01010101 f 01010101 1 03 01010101
000000000000000f 1050030505001000 0 00 00000000 0 0 0 0000000000000010 01010101 1 00000000 1 03 00000000
0000000000000010 1000040204001000 0 00 00000000 0 0 0 0000000000000011 01010101 1 00000000 1 04 00000000
0000000000000011 00131e0000000300 1 1e 00000003 0 0 0 0000000000000012 01010101 f 01010101 0 00 01010101
0000000000000012 0023171700000100 1 17 00000001 0 0 0 0000000000000013 01010101 f 01010101 0 00 01010101
0000000000000013 00731e1e00000100 1 1e 00000002 0 0 0 0000000000000014 01010101 f 01010101 0 00 01010101
0000000000000014 0013180000000000 1 18 00000000 0 0 0 0000000000000015 01010101 f 01010101 0 00 01010101
0000000000000015 0102001e18000000 0 00 00000000 4 0 0 0000000000000016 01010101 f 01010101 0 00 01010101
0000000000000016 0215fffffb040000 0 00 00000000 4 0 1 0000000000000012 01010101 f 01010101 0 00 01010101
0000000000000012 0023171700000100 1 17 00000002 4 0 0 0000000000000013 01010101 f 01010101 0 00 01010101
0000000000000013 00731e1e00000100 1 1e 00000001 4 0 0 0000000000000014 01010101 f 01010101 0 00 01010101
0000000000000014 0013180000000000 1 18 00000000 4 0 0 0000000000000015 01010101 f 01010101 0 00 01010101
0000000000000015 0102001e18000000 0 00 00000000 4 0 0 0000000000000016 01010101 f 01010101 0 00 01010101
0000000000000016 0215fffffb040000 0 00 00000000 4 0 1 0000000000000012 01010101 f 01010101 0 00 01010101
0000000000000012 0023171700000100 1 17 00000003 4 0 0 0000000000000013 01010101 f 01010101 0 00 01010101
0000000000000013 00731e1e00000100 1 1e 00000000 4 0 0 0000000000000014 01010101 f 01010101 0 00 01010101
0000000000000014 0013180000000000 1 18 00000000 4 0 0 0000000000000015 01010101 f 01010101 0 00 01010101
0000000000000015 0102001e18000000 0 00 00000000 5 1 0 0000000000000016 01010101 f 01010101 0 00 01010101
0000000000000016 0215fffffb040000 0 00 00000000 5 1 0 0000000000000017 01010101 f 01010101 0 00 01010101
0000000000000017 7cf5000000000000 0 00 00000000 5 1 0 0000000000000018 01010101 f 01010101 0 00 01010101
DONE retired=34 fault=00 pc=0000000000000017
