0000000000000000 0013140000004d00 1 14 0000004d 0 0 0 0000000000000001 001fffff f 001fffff 0 00 001fffff
0000000000000001 10410204fffff000 0 00 00000000 0 0 0 0000000000000002 001fffff f 001fffff 1 02 001fffff
0000000000000002 340002060000f000 0 00 00000000 0 0 0 0000000000000003 001fffff f 001fffff 1 02 001fffff
0000000000000003 10610204003ff000 0 00 00000000 0 0 0 0000000000000004 001fffff f 001fffff 1 02 001fffff
0000000000000004 105105038000f000 0 00 00000000 0 0 0 0000000000000005 001fffff f 001fffff 1 05 001fffff
0000000000000005 1000040405007000 0 00 00000000 0 0 0 0000000000000006 001fffff 7 00000001 1 04 00000001
0000000000000006 34110400fffff000 0 00 00000000 0 0 0 0000000000000007 001fffff f 001fffff 1 04 001fffff
0000000000000007 105006060200f000 0 00 00000000 0 0 0 0000000000000008 001fffff f 001fffff 1 06 001fffff
0000000000000008 104104020000f000 0 00 00000000 0 0 0 0000000000000009 001fffff f 001fffff 1 04 001fffff
0000000000000009 0013160000000100 1 16 00000001 0 0 0 000000000000000a 001fffff f 001fffff 0 00 001fffff
000000000000000a 342002160000f000 0 00 00000000 0 0 0 000000000000000b 001fffff f 001fffff 1 02 001fffff
000000000000000b 108105020010f000 0 00 00000000 0 0 0 000000000000000c 001fffff f 001fffff 1 05 001fffff
000000000000000c 00131e0000000100 1 1e 00000001 0 0 0 000000000000000d 001fffff f 001fffff 0 00 001fffff
000000000000000d 0023171700000100 1 17 00000001 0 0 0 000000000000000e 001fffff f 001fffff 0 00 001fffff
000000000000000e 00731e1e00000100 1 1e 00000000 0 0 0 000000000000000f 001fffff f 001fffff 0 00 001fffff
000000000000000f 0013180000000000 1 18 00000000 0 0 0 0000000000000010 001fffff f 001fffff 0 00 001fffff
0000000000000010 0102001e18000000 0 00 00000000 5 1 0 0000000000000011 001fffff f 001fffff 0 00 001fffff
0000000000000011 0215fffffb040000 0 00 00000000 5 1 0 0000000000000012 001fffff f 001fffff 0 00 001fffff
0000000000000012 7cf5000000000000 0 00 00000000 5 1 0 0000000000000013 001fffff f 001fffff 0 00 001fffff
DONE retired=19 fault=00 pc=0000000000000012
