0000000000000000 00131d0000000000 1 1d 00000000 0 0 0 0000000000000001
0000000000000001 00730b06311c2f00 1 0b ffcee3d1 0 0 0 0000000000000002
0000000000000002 8506000000000000 0 00 00000000 0 0 0 0000000000000003
0000000000000003 0063140700000900 1 14 00000000 0 0 0 0000000000000004
0000000000000004 0112000412000000 0 00 00000000 5 0 0 0000000000000005
0000000000000005 02150000020e0000 0 00 00000000 5 0 1 0000000000000008
0000000000000008 8506000000000000 0 00 00000000 5 0 0 0000000000000009
0000000000000009 00130e00ffffff00 1 0e ffffffff 5 0 0 000000000000000a
000000000000000a 8506000000000000 0 00 00000000 5 0 0 000000000000000b
000000000000000b 0072111008000000 1 11 00000000 5 0 0 000000000000000c
000000000000000c 8506000000000000 0 00 00000000 5 0 0 000000000000000d
000000000000000d 00230f10aaaaaa00 1 0f ffaaaaaa 5 0 0 000000000000000e
000000000000000e 8506000000000000 0 00 00000000 5 0 0 000000000000000f
000000000000000f 0122000610000000 0 00 00000000 5 0 0 0000000000000010
0000000000000010 02150000030d0000 0 00 00000000 5 0 0 0000000000000011
0000000000000011 8506000000000000 0 00 00000000 5 0 0 0000000000000012
0000000000000012 8506000000000000 0 00 00000000 5 0 0 0000000000000013
0000000000000013 8506000000000000 0 00 00000000 5 0 0 0000000000000014
0000000000000014 011200030e000000 0 00 00000000 0 0 0 0000000000000015
0000000000000015 02150000020b0000 0 00 00000000 0 0 0 0000000000000016
0000000000000016 8506000000000000 0 00 00000000 0 0 0 0000000000000017
0000000000000017 8506000000000000 0 00 00000000 0 0 0 0000000000000018
0000000000000018 004209130e000000 1 09 00000000 0 0 0 0000000000000019
0000000000000019 0122000909000000 0 00 00000000 5 0 0 000000000000001a
000000000000001a 0215000003030000 0 00 00000000 5 0 1 000000000000001e
000000000000001e 0306000000000600 1 06 00000000 5 0 0 000000000000001f
000000000000001f 0306000000000200 1 02 00000000 5 0 0 0000000000000020
0000000000000020 00730f02cf8e7800 1 0f 00307188 5 0 0 0000000000000021
0000000000000021 8506000000000000 0 00 00000000 5 0 0 0000000000000022
0000000000000022 8506000000000000 0 00 00000000 5 0 0 0000000000000023
0000000000000023 0023110f00000100 1 11 00307189 5 0 0 0000000000000024
0000000000000024 00130500e3ae2900 1 05 ffe3ae29 5 0 0 0000000000000025
0000000000000025 0122000e05000000 0 00 00000000 4 1 0 0000000000000026
0000000000000026 0215000001040000 0 00 00000000 4 1 1 0000000000000028
0000000000000028 0013040055555500 1 04 00555555 4 1 0 0000000000000029
0000000000000029 012200020c000000 0 00 00000000 5 0 0 000000000000002a
000000000000002a 02150000020b0000 0 00 00000000 5 0 0 000000000000002b
000000000000002b 8506000000000000 0 00 00000000 5 0 0 000000000000002c
000000000000002c 8506000000000000 0 00 00000000 5 0 0 000000000000002d
000000000000002d 0102000b14000000 0 00 00000000 6 0 0 000000000000002e
000000000000002e 0215000002040000 0 00 00000000 6 0 1 0000000000000031
0000000000000031 0122001208000000 0 00 00000000 5 0 0 0000000000000032
0000000000000032 0215000001040000 0 00 00000000 5 0 0 0000000000000033
0000000000000033 8506000000000000 0 00 00000000 5 0 0 0000000000000034
0000000000000034 8506000000000000 0 00 00000000 5 0 0 0000000000000035
0000000000000035 8506000000000000 0 00 00000000 5 0 0 0000000000000036
0000000000000036 00130b0000000000 1 0b 00000000 5 0 0 0000000000000037
0000000000000037 00130a008271e800 1 0a ff8271e8 5 0 0 0000000000000038
0000000000000038 0013070037a1b400 1 07 0037a1b4 5 0 0 0000000000000039
0000000000000039 00b3140600000800 1 14 00000000 5 0 0 000000000000003a
000000000000003a 0073101025ffd200 1 10 ffda002e 5 0 0 000000000000003b
000000000000003b 8506000000000000 0 00 00000000 5 0 0 000000000000003c
000000000000003c 00131e0000000100 1 1e 00000001 5 0 0 000000000000003d
000000000000003d 0023151500000100 1 15 00000001 5 0 0 000000000000003e
000000000000003e 00731e1e00000100 1 1e 00000000 5 0 0 000000000000003f
000000000000003f 0102001e1d000000 0 00 00000000 5 1 0 0000000000000040
0000000000000040 0215fffffc040000 0 00 00000000 5 1 0 0000000000000041
0000000000000041 7cf5000000000000 0 00 00000000 5 1 0 0000000000000042
DONE retired=58 fault=00 pc=0000000000000041
