0000000000000000 00131d0000000000 1 1d 00000000 0 0 0 0000000000000001
0000000000000001 00230f059680d200 1 0f ff9680d2 0 0 0 0000000000000002
0000000000000002 00b3020300000000 1 02 00000000 0 0 0 0000000000000003
0000000000000003 0102000c0b000000 0 00 00000000 5 1 0 0000000000000004
0000000000000004 0215000001030000 0 00 00000000 5 1 1 0000000000000006
0000000000000006 001305003d1a0300 1 05 003d1a03 5 1 0 0000000000000007
0000000000000007 8506000000000000 0 00 00000000 5 1 0 0000000000000008
0000000000000008 00630e1200001400 1 0e 00000000 5 1 0 0000000000000009
0000000000000009 0013010055555500 1 01 00555555 5 1 0 000000000000000a
000000000000000a 8506000000000000 0 00 00000000 5 1 0 000000000000000b
000000000000000b 011200100c000000 0 00 00000000 5 0 0 000000000000000c
000000000000000c 0215000001030000 0 00 00000000 5 0 1 000000000000000e
000000000000000e 00130800e233ed00 1 08 ffe233ed 5 0 0 000000000000000f
000000000000000f 00b20b0614000000 1 0b 00000000 5 0 0 0000000000000010
0000000000000010 0063050200001100 1 05 00000000 5 0 0 0000000000000011
0000000000000011 8506000000000000 0 00 00000000 5 0 0 0000000000000012
0000000000000012 00131200e3daf900 1 12 ffe3daf9 5 0 0 0000000000000013
0000000000000013 0082011105000000 1 01 00000000 5 0 0 0000000000000014
0000000000000014 8506000000000000 0 00 00000000 5 0 0 0000000000000015
0000000000000015 0042020909000000 1 02 00000000 5 0 0 0000000000000016
0000000000000016 8506000000000000 0 00 00000000 5 0 0 0000000000000017
0000000000000017 0092100c00000000 1 10 ffffffff 5 0 0 0000000000000018
0000000000000018 0013130011350b00 1 13 0011350b 5 0 0 0000000000000019
0000000000000019 0122000d13000000 0 00 00000000 2 0 0 000000000000001a
000000000000001a 02150000030e0000 0 00 00000000 2 0 0 000000000000001b
000000000000001b 8506000000000000 0 00 00000000 2 0 0 000000000000001c
000000000000001c 8506000000000000 0 00 00000000 2 0 0 000000000000001d
000000000000001d 8506000000000000 0 00 00000000 2 0 0 000000000000001e
000000000000001e 0013100000000000 1 10 00000000 2 0 0 000000000000001f
000000000000001f 00131e0000000200 1 1e 00000002 2 0 0 0000000000000020
0000000000000020 0023151500000100 1 15 00000001 2 0 0 0000000000000021
0000000000000021 00731e1e00000100 1 1e 00000001 2 0 0 0000000000000022
0000000000000022 0102001e1d000000 0 00 00000000 4 0 0 0000000000000023
0000000000000023 0215fffffc040000 0 00 00000000 4 0 1 0000000000000020
0000000000000020 0023151500000100 1 15 00000002 4 0 0 0000000000000021
0000000000000021 00731e1e00000100 1 1e 00000000 4 0 0 0000000000000022
0000000000000022 0102001e1d000000 0 00 00000000 5 1 0 0000000000000023
0000000000000023 0215fffffc040000 0 00 00000000 5 1 0 0000000000000024
0000000000000024 7cf5000000000000 0 00 00000000 5 1 0 0000000000000025
DONE retired=39 fault=00 pc=0000000000000024
