0000000000000000 00131d0000000000 1 1d 00000000 0 0 0 0000000000000001
0000000000000001 00130a00ffffff00 1 0a ffffffff 0 0 0 0000000000000002
0000000000000002 0102000e04000000 0 00 00000000 5 1 0 0000000000000003
0000000000000003 02150000020e0000 0 00 00000000 5 1 1 0000000000000006
0000000000000006 0082120d12000000 1 12 00000000 5 1 0 0000000000000007
0000000000000007 8506000000000000 0 00 00000000 5 1 0 0000000000000008
0000000000000008 00730e0946728e00 1 0e ffb98d72 5 1 0 0000000000000009
0000000000000009 0062061410000000 1 06 00000000 5 1 0 000000000000000a
000000000000000a 00130f00a20a6b00 1 0f ffa20a6b 5 1 0 000000000000000b
000000000000000b 8506000000000000 0 00 00000000 5 1 0 000000000000000c
000000000000000c 00720a0505000000 1 0a 00000000 5 1 0 000000000000000d
000000000000000d 00920c1300000000 1 0c ffffffff 5 1 0 000000000000000e
000000000000000e 0032010502000000 1 01 00000000 5 1 0 000000000000000f
000000000000000f 0082070102000000 1 07 00000000 5 1 0 0000000000000010
0000000000000010 8506000000000000 0 00 00000000 5 1 0 0000000000000011
0000000000000011 0306000000000f00 1 0f 00000000 5 1 0 0000000000000012
0000000000000012 00a3021200001400 1 02 00000000 5 1 0 0000000000000013
0000000000000013 00920c1000000000 1 0c ffffffff 5 1 0 0000000000000014
0000000000000014 00b20c0303000000 1 0c 00000000 5 1 0 0000000000000015
0000000000000015 0073140b07a63d00 1 14 fff859c3 5 1 0 0000000000000016
0000000000000016 00b3101200000300 1 10 00000000 5 1 0 0000000000000017
0000000000000017 8506000000000000 0 00 00000000 5 1 0 0000000000000018
0000000000000018 0092130400000000 1 13 ffffffff 5 1 0 0000000000000019
0000000000000019 8506000000000000 0 00 00000000 5 1 0 000000000000001a
000000000000001a 00131e0000000300 1 1e 00000003 5 1 0 000000000000001b
000000000000001b 0023151500000100 1 15 00000001 5 1 0 000000000000001c
000000000000001c 00731e1e00000100 1 1e 00000002 5 1 0 000000000000001d
000000000000001d 0102001e1d000000 0 00 00000000 4 0 0 000000000000001e
000000000000001e 0215fffffc040000 0 00 00000000 4 0 1 000000000000001b
000000000000001b 0023151500000100 1 15 00000002 4 0 0 000000000000001c
000000000000001c 00731e1e00000100 1 1e 00000001 4 0 0 000000000000001d
000000000000001d 0102001e1d000000 0 00 00000000 4 0 0 000000000000001e
000000000000001e 0215fffffc040000 0 00 00000000 4 0 1 000000000000001b
000000000000001b 0023151500000100 1 15 00000003 4 0 0 000000000000001c
000000000000001c 00731e1e00000100 1 1e 00000000 4 0 0 000000000000001d
000000000000001d 0102001e1d000000 0 00 00000000 5 1 0 000000000000001e
000000000000001e 0215fffffc040000 0 00 00000000 5 1 0 000000000000001f
000000000000001f 7cf5000000000000 0 00 00000000 5 1 0 0000000000000020
DONE retired=38 fault=00 pc=000000000000001f
