0000000000000000 00131d0000000000 1 1d 00000000 0 0 0 0000000000000001
0000000000000001 00220d1005000000 1 0d 00000000 0 0 0 0000000000000002
0000000000000002 00130d00e1b25800 1 0d ffe1b258 0 0 0 0000000000000003
0000000000000003 0013110000000100 1 11 00000001 0 0 0 0000000000000004
0000000000000004 8506000000000000 0 00 00000000 0 0 0 0000000000000005
0000000000000005 8506000000000000 0 00 00000000 0 0 0 0000000000000006
0000000000000006 00130a0060022400 1 0a 00600224 0 0 0 0000000000000007
0000000000000007 0102000806000000 0 00 00000000 5 1 0 0000000000000008
0000000000000008 02150000020e0000 0 00 00000000 5 1 1 000000000000000b
000000000000000b 0013120086a17500 1 12 ff86a175 5 1 0 000000000000000c
000000000000000c 0112001107000000 0 00 00000000 4 0 0 000000000000000d
000000000000000d 02150000030d0000 0 00 00000000 4 0 0 000000000000000e
000000000000000e 8506000000000000 0 00 00000000 4 0 0 000000000000000f
000000000000000f 8506000000000000 0 00 00000000 4 0 0 0000000000000010
0000000000000010 8506000000000000 0 00 00000000 4 0 0 0000000000000011
0000000000000011 00420f0608000000 1 0f 00000000 4 0 0 0000000000000012
0000000000000012 0052020302000000 1 02 00000000 4 0 0 0000000000000013
0000000000000013 0122001112000000 0 00 00000000 0 1 0 0000000000000014
0000000000000014 02150000030e0000 0 00 00000000 0 1 0 0000000000000015
0000000000000015 8506000000000000 0 00 00000000 0 1 0 0000000000000016
0000000000000016 8506000000000000 0 00 00000000 0 1 0 0000000000000017
0000000000000017 8506000000000000 0 00 00000000 0 1 0 0000000000000018
0000000000000018 00230703ef55b100 1 07 ffef55b1 0 1 0 0000000000000019
0000000000000019 00420c0e13000000 1 0c 00000000 0 1 0 000000000000001a
000000000000001a 0102000b04000000 0 00 00000000 5 1 0 000000000000001b
000000000000001b 0215000002040000 0 00 00000000 5 1 0 000000000000001c
000000000000001c 8506000000000000 0 00 00000000 5 1 0 000000000000001d
000000000000001d 8506000000000000 0 00 00000000 5 1 0 000000000000001e
000000000000001e 0306000000001400 1 14 00000000 5 1 0 000000000000001f
000000000000001f 0022060a0f000000 1 06 00600224 5 1 0 0000000000000020
0000000000000020 00130300ffffff00 1 03 ffffffff 5 1 0 0000000000000021
0000000000000021 0032050e14000000 1 05 00000000 5 1 0 0000000000000022
0000000000000022 8506000000000000 0 00 00000000 5 1 0 0000000000000023
0000000000000023 8506000000000000 0 00 00000000 5 1 0 0000000000000024
0000000000000024 00131e0000000400 1 1e 00000004 5 1 0 0000000000000025
0000000000000025 0023151500000100 1 15 00000001 5 1 0 0000000000000026
0000000000000026 00731e1e00000100 1 1e 00000003 5 1 0 0000000000000027
0000000000000027 0102001e1d000000 0 00 00000000 4 0 0 0000000000000028
0000000000000028 0215fffffc040000 0 00 00000000 4 0 1 0000000000000025
0000000000000025 0023151500000100 1 15 00000002 4 0 0 0000000000000026
0000000000000026 00731e1e00000100 1 1e 00000002 4 0 0 0000000000000027
0000000000000027 0102001e1d000000 0 00 00000000 4 0 0 0000000000000028
0000000000000028 0215fffffc040000 0 00 00000000 4 0 1 0000000000000025
0000000000000025 0023151500000100 1 15 00000003 4 0 0 0000000000000026
0000000000000026 00731e1e00000100 1 1e 00000001 4 0 0 0000000000000027
0000000000000027 0102001e1d000000 0 00 00000000 4 0 0 0000000000000028
0000000000000028 0215fffffc040000 0 00 00000000 4 0 1 0000000000000025
0000000000000025 0023151500000100 1 15 00000004 4 0 0 0000000000000026
0000000000000026 00731e1e00000100 1 1e 00000000 4 0 0 0000000000000027
0000000000000027 0102001e1d000000 0 00 00000000 5 1 0 0000000000000028
0000000000000028 0215fffffc040000 0 00 00000000 5 1 0 0000000000000029
0000000000000029 7cf5000000000000 0 00 00000000 5 1 0 000000000000002a
DONE retired=52 fault=00 pc=0000000000000029
