0000000000000000 00131d0000000000 1 1d 00000000 0 0 0 0000000000000001
0000000000000001 00130b0000000000 1 0b 00000000 0 0 0 0000000000000002
0000000000000002 8506000000000000 0 00 00000000 0 0 0 0000000000000003
0000000000000003 001312009eddc700 1 12 ff9eddc7 0 0 0 0000000000000004
0000000000000004 0052020b07000000 1 02 00000000 0 0 0 0000000000000005
0000000000000005 0112001013000000 0 00 00000000 5 0 0 0000000000000006
0000000000000006 0215000003020000 0 00 00000000 5 0 1 000000000000000a
000000000000000a 0013070061cb4a00 1 07 0061cb4a 5 0 0 000000000000000b
000000000000000b 0073100dc4b63300 1 10 003b49cd 5 0 0 000000000000000c
000000000000000c 0072090609000000 1 09 00000000 5 0 0 000000000000000d
000000000000000d 0022030f04000000 1 03 00000000 5 0 0 000000000000000e
000000000000000e 011200120b000000 0 00 00000000 6 1 0 000000000000000f
000000000000000f 02150000020c0000 0 00 00000000 6 1 0 0000000000000010
0000000000000010 8506000000000000 0 00 00000000 6 1 0 0000000000000011
0000000000000011 8506000000000000 0 00 00000000 6 1 0 0000000000000012
0000000000000012 00131e0000000200 1 1e 00000002 6 1 0 0000000000000013
0000000000000013 0023151500000100 1 15 00000001 6 1 0 0000000000000014
0000000000000014 00731e1e00000100 1 1e 00000001 6 1 0 0000000000000015
0000000000000015 0102001e1d000000 0 00 00000000 4 0 0 0000000000000016
0000000000000016 0215fffffc040000 0 00 00000000 4 0 1 0000000000000013
0000000000000013 0023151500000100 1 15 00000002 4 0 0 0000000000000014
0000000000000014 00731e1e00000100 1 1e 00000000 4 0 0 0000000000000015
0000000000000015 0102001e1d000000 0 00 00000000 5 1 0 0000000000000016
0000000000000016 0215fffffc040000 0 00 00000000 5 1 0 0000000000000017
0000000000000017 7cf5000000000000 0 00 00000000 5 1 0 0000000000000018
DONE retired=25 fault=00 pc=0000000000000017
