0000000000000000 00131d0000000000 1 1d 00000000 0 0 0 0000000000000001
0000000000000001 0013120000000100 1 12 00000001 0 0 0 0000000000000002
0000000000000002 00131200128a2900 1 12 00128a29 0 0 0 0000000000000003
0000000000000003 00130f0020ddf200 1 0f 0020ddf2 0 0 0 0000000000000004
0000000000000004 0112000e0d000000 0 00 00000000 5 0 0 0000000000000005
0000000000000005 02150000020e0000 0 00 00000000 5 0 1 0000000000000008
0000000000000008 8506000000000000 0 00 00000000 5 0 0 0000000000000009
0000000000000009 0052070a06000000 1 07 00000000 5 0 0 000000000000000a
000000000000000a 8506000000000000 0 00 00000000 5 0 0 000000000000000b
000000000000000b 00420f0d13000000 1 0f 00000000 5 0 0 000000000000000c
000000000000000c 0082020a14000000 1 02 00000000 5 0 0 000000000000000d
000000000000000d 010200090b000000 0 00 00000000 5 1 0 000000000000000e
000000000000000e 0215000001040000 0 00 00000000 5 1 0 000000000000000f
000000000000000f 8506000000000000 0 00 00000000 5 1 0 0000000000000010
0000000000000010 010200110e000000 0 00 00000000 5 1 0 0000000000000011
0000000000000011 0215000003010000 0 00 00000000 5 1 1 0000000000000015
0000000000000015 8506000000000000 0 00 00000000 5 1 0 0000000000000016
0000000000000016 0072090c0c000000 1 09 00000000 5 1 0 0000000000000017
0000000000000017 00a3070800000000 1 07 00000000 5 1 0 0000000000000018
0000000000000018 0102001211000000 0 00 00000000 4 0 0 0000000000000019
0000000000000019 0215000003040000 0 00 00000000 4 0 1 000000000000001d
000000000000001d 001308008d437300 1 08 ff8d4373 4 0 0 000000000000001e
000000000000001e 00131200206ffd00 1 12 00206ffd 4 0 0 000000000000001f
000000000000001f 0072030902000000 1 03 00000000 4 0 0 0000000000000020
0000000000000020 00a20a1104000000 1 0a 00000000 4 0 0 0000000000000021
0000000000000021 8506000000000000 0 00 00000000 4 0 0 0000000000000022
0000000000000022 008213130d000000 1 13 00000000 4 0 0 0000000000000023
0000000000000023 8506000000000000 0 00 00000000 4 0 0 0000000000000024
0000000000000024 002314109a882400 1 14 ff9a8824 4 0 0 0000000000000025
0000000000000025 0102000b04000000 0 00 00000000 5 1 0 0000000000000026
0000000000000026 02150000010e0000 0 00 00000000 5 1 1 0000000000000028
0000000000000028 8506000000000000 0 00 00000000 5 1 0 0000000000000029
0000000000000029 0112000e0e000000 0 00 00000000 5 0 0 000000000000002a
000000000000002a 02150000010e0000 0 00 00000000 5 0 1 000000000000002c
000000000000002c 0122001105000000 0 00 00000000 5 0 0 000000000000002d
000000000000002d 02150000030b0000 0 00 00000000 5 0 0 000000000000002e
000000000000002e 8506000000000000 0 00 00000000 5 0 0 000000000000002f
000000000000002f 8506000000000000 0 00 00000000 5 0 0 0000000000000030
0000000000000030 8506000000000000 0 00 00000000 5 0 0 0000000000000031
0000000000000031 0306000000001400 1 14 00000000 5 0 0 0000000000000032
0000000000000032 8506000000000000 0 00 00000000 5 0 0 0000000000000033
0000000000000033 00130900a8cce100 1 09 ffa8cce1 5 0 0 0000000000000034
0000000000000034 00131e0000000400 1 1e 00000004 5 0 0 0000000000000035
0000000000000035 0023151500000100 1 15 00000001 5 0 0 0000000000000036
0000000000000036 00731e1e00000100 1 1e 00000003 5 0 0 0000000000000037
0000000000000037 0102001e1d000000 0 00 00000000 4 0 0 0000000000000038
0000000000000038 0215fffffc040000 0 00 00000000 4 0 1 0000000000000035
0000000000000035 0023151500000100 1 15 00000002 4 0 0 0000000000000036
0000000000000036 00731e1e00000100 1 1e 00000002 4 0 0 0000000000000037
0000000000000037 0102001e1d000000 0 00 00000000 4 0 0 0000000000000038
0000000000000038 0215fffffc040000 0 00 00000000 4 0 1 0000000000000035
0000000000000035 0023151500000100 1 15 00000003 4 0 0 0000000000000036
0000000000000036 00731e1e00000100 1 1e 00000001 4 0 0 0000000000000037
0000000000000037 0102001e1d000000 0 00 00000000 4 0 0 0000000000000038
0000000000000038 0215fffffc040000 0 00 00000000 4 0 1 0000000000000035
0000000000000035 0023151500000100 1 15 00000004 4 0 0 0000000000000036
0000000000000036 00731e1e00000100 1 1e 00000000 4 0 0 0000000000000037
0000000000000037 0102001e1d000000 0 00 00000000 5 1 0 0000000000000038
0000000000000038 0215fffffc040000 0 00 00000000 5 1 0 0000000000000039
0000000000000039 7cf5000000000000 0 00 00000000 5 1 0 000000000000003a
DONE retired=60 fault=00 pc=0000000000000039
