0000000000000000 0013140000004d00 1 14 0000004d 0 0 0 0000000000000001 966d604e f 966d604e 0 00 966d604e
0000000000000001 1040020402006000 0 00 00000000 0 0 0 0000000000000002 966d604e 6 966d604e 1 02 966d604e
0000000000000002 341106007ffff000 0 00 00000000 0 0 0 0000000000000003 966d604e f 966d604e 1 06 966d604e
0000000000000003 34110200b477f000 0 00 00000000 0 0 0 0000000000000004 966d604e f 966d604e 1 02 966d604e
0000000000000004 341106008000f000 0 00 00000000 0 0 0 0000000000000005 966d604e f 966d604e 1 06 966d604e
0000000000000005 106104050000f000 0 00 00000000 0 0 0 0000000000000006 966d604e f 966d604e 1 04 966d604e
0000000000000006 103002050600f000 0 00 00000000 0 0 0 0000000000000007 966d604e f 966d604e 1 02 966d604e
0000000000000007 10310406fffff000 0 00 00000000 0 0 0 0000000000000008 966d604e f 966d604e 1 04 966d604e
0000000000000008 340005030000f000 0 00 00000000 0 0 0 0000000000000009 966d604e f 966d604e 1 05 966d604e
0000000000000009 00131500ffffff00 1 15 ffffffff 0 0 0 000000000000000a 966d604e f 966d604e 0 00 966d604e
000000000000000a 342003150000f000 0 00 00000000 0 0 0 000000000000000b 966d604e f 966d604e 1 03 966d604e
000000000000000b 343005000000f000 0 00 00000000 0 0 0 000000000000000c 966d604e f 966d604e 1 05 966d604e
000000000000000c 341103007ffff000 0 00 00000000 0 0 0 000000000000000d 966d604e f 966d604e 1 03 966d604e
000000000000000d 34110500885ef000 0 00 00000000 0 0 0 000000000000000e 966d604e f 966d604e 1 05 966d604e
000000000000000e 10710506003ff000 0 00 00000000 0 0 0 000000000000000f 966d604e f 966d604e 1 05 966d604e
000000000000000f 102003020600f000 0 00 00000000 0 0 0 0000000000000010 966d604e f 966d604e 1 03 966d604e
0000000000000010 34110400bd184000 0 00 00000000 0 0 0 0000000000000011 966d604e 4 8228200a 1 04 8228200a
0000000000000011 340003060000f000 0 00 00000000 0 0 0 0000000000000012 966d604e f 966d604e 1 03 966d604e
0000000000000012 341106008f814000 0 00 00000000 0 0 0 0000000000000013 966d604e 4 8228200a 1 06 8228200a
0000000000000013 0013150000000000 1 15 00000000 0 0 0 0000000000000014 966d604e f 966d604e 0 00 966d604e
0000000000000014 342005150000f000 0 00 00000000 0 0 0 0000000000000015 966d604e f 966d604e 1 05 966d604e
0000000000000015 107104050001f000 0 00 00000000 0 0 0 0000000000000016 966d604e f 966d604e 1 04 966d604e
0000000000000016 343005000000f000 0 00 00000000 0 0 0 0000000000000017 966d604e f 966d604e 1 05 966d604e
0000000000000017 102005030600f000 0 00 00000000 0 0 0 0000000000000018 966d604e f 966d604e 1 05 966d604e
0000000000000018 106104030021f000 0 00 00000000 0 0 0 0000000000000019 966d604e f 966d604e 1 04 966d604e
0000000000000019 340002050000f000 0 00 00000000 0 0 0 000000000000001a 966d604e f 966d604e 1 02 966d604e
000000000000001a 34110400fffff000 0 00 00000000 0 0 0 000000000000001b 966d604e f 966d604e 1 04 966d604e
000000000000001b 1030020202000000 0 00 00000000 0 0 0 000000000000001c 966d604e 0 00000000 1 02 00000000
000000000000001c 0013150055555500 1 15 00555555 0 0 0 000000000000001d 966d604e f 966d604e 0 00 966d604e
000000000000001d 342006150000f000 0 00 00000000 0 0 0 000000000000001e 966d604e f 966d604e 1 06 966d604e
000000000000001e 340002060000f000 0 00 00000000 0 0 0 000000000000001f 966d604e f 966d604e 1 02 966d604e
000000000000001f 0013160000000000 1 16 00000000 0 0 0 0000000000000020 966d604e f 966d604e 0 00 966d604e
0000000000000020 342004160000f000 0 00 00000000 0 0 0 0000000000000021 966d604e f 966d604e 1 04 966d604e
0000000000000021 108102040001f000 0 00 00000000 0 0 0 0000000000000022 966d604e f 966d604e 1 02 966d604e
0000000000000022 00131e0000000200 1 1e 00000002 0 0 0 0000000000000023 966d604e f 966d604e 0 00 966d604e
0000000000000023 0023171700000100 1 17 00000001 0 0 0 0000000000000024 966d604e f 966d604e 0 00 966d604e
0000000000000024 00731e1e00000100 1 1e 00000001 0 0 0 0000000000000025 966d604e f 966d604e 0 00 966d604e
0000000000000025 0013180000000000 1 18 00000000 0 0 0 0000000000000026 966d604e f 966d604e 0 00 966d604e
0000000000000026 0102001e18000000 0 00 00000000 4 0 0 0000000000000027 966d604e f 966d604e 0 00 966d604e
0000000000000027 0215fffffb040000 0 00 00000000 4 0 1 0000000000000023 966d604e f 966d604e 0 00 966d604e
0000000000000023 0023171700000100 1 17 00000002 4 0 0 0000000000000024 966d604e f 966d604e 0 00 966d604e
0000000000000024 00731e1e00000100 1 1e 00000000 4 0 0 0000000000000025 966d604e f 966d604e 0 00 966d604e
0000000000000025 0013180000000000 1 18 00000000 4 0 0 0000000000000026 966d604e f 966d604e 0 00 966d604e
0000000000000026 0102001e18000000 0 00 00000000 5 1 0 0000000000000027 966d604e f 966d604e 0 00 966d604e
0000000000000027 0215fffffb040000 0 00 00000000 5 1 0 0000000000000028 966d604e f 966d604e 0 00 966d604e
0000000000000028 7cf5000000000000 0 00 00000000 5 1 0 0000000000000029 966d604e f 966d604e 0 00 966d604e
DONE retired=46 fault=00 pc=0000000000000028
