0000000000000000 343001000000f000 0 00 00000000 0 0 0 0 0 0 0000000000000001 ffffffff f ffffffff 1 01
0000000000000001 341107000001f000 0 00 00000000 0 0 0 0 0 0 0000000000000002 ffffffff f ffffffff 1 07
0000000000000002 34110c000003f000 0 00 00000000 0 0 0 0 0 0 0000000000000003 ffffffff f ffffffff 1 0c
0000000000000003 34110d000000f000 0 00 00000000 0 0 0 0 0 0 0000000000000004 ffffffff f ffffffff 1 0d
0000000000000004 10300c010d00f000 0 00 00000000 0 0 0 0 0 0 0000000000000005 ffffffff f ffffffff 1 0c
0000000000000005 10000c0c0700f000 0 00 00000000 0 0 0 0 0 0 0000000000000006 ffffffff f ffffffff 1 0c
0000000000000006 34110a000000f000 0 00 00000000 0 0 0 0 0 0 0000000000000007 ffffffff f ffffffff 1 0a
0000000000000007 7c85000007000000 0 00 00000000 0 0 0 0 0 0 0000000000000008 ffffffff f ffffffff 0 00
0000000000000008 3059e0a0c0000000 0 00 00000000 0 0 0 0 0 0 0000000000000009 ffffffff f ffffffff 0 00
0000000000000009 3029d0a0c0000000 0 00 00000000 0 0 0 0 0 0 000000000000000a ffffffff f ffffffff 0 00
000000000000000a 303990b070000000 0 00 00000000 0 0 0 0 0 0 000000000000000b ffffffff f ffffffff 0 00
000000000000000b 7c15000000900001 0 00 00000000 0 0 0 0 0 0 000000000000000c ffffffff f ffffffff 0 00
000000000000000c 101004030700f000 0 00 00000000 0 0 0 0 0 0 000000000000000d ffffffff f ffffffff 1 04
000000000000000d 7c25000000000000 0 00 00000000 0 0 0 0 0 0 000000000000000e ffffffff f ffffffff 0 00
000000000000000e 10000a0a0700f000 0 00 00000000 0 0 0 0 0 0 000000000000000f ffffffff f ffffffff 1 0a
000000000000000f 7c95fffff8d00000 0 00 00000000 0 0 0 0 0 0 0000000000000008 ffffffff f ffffffff 0 00
0000000000000008 3059e0a0c0000000 0 00 00000000 0 0 0 0 0 0 0000000000000009 ffffffff f ffffffff 0 00
0000000000000009 3029d0a0c0000000 0 00 00000000 0 0 0 0 0 0 000000000000000a ffffffff f ffffffff 0 00
000000000000000a 303990b070000000 0 00 00000000 0 0 0 0 0 0 000000000000000b ffffffff f ffffffff 0 00
000000000000000b 7c15000000900001 0 00 00000000 0 0 0 0 0 0 000000000000000c ffffffff f ffffffff 0 00
000000000000000c 101004030700f000 0 00 00000000 0 0 0 0 0 0 000000000000000d ffffffff f ffffffff 1 04
000000000000000d 7c25000000000000 0 00 00000000 0 0 0 0 0 0 000000000000000e ffffffff f ffffffff 0 00
000000000000000e 10000a0a0700f000 0 00 00000000 0 0 0 0 0 0 000000000000000f ffffffff f ffffffff 1 0a
000000000000000f 7c95fffff8d00000 0 00 00000000 0 0 0 0 0 0 0000000000000010 ffffffff f ffffffff 0 00
0000000000000010 103003030700f000 0 00 00000000 0 0 0 0 0 0 0000000000000011 ffffffff f ffffffff 1 03
0000000000000011 34110d000003f000 0 00 00000000 0 0 0 0 0 0 0000000000000012 ffffffff f ffffffff 1 0d
0000000000000012 10300c010d00f000 0 00 00000000 0 0 0 0 0 0 0000000000000013 ffffffff f ffffffff 1 0c
0000000000000013 10000c0c0700f000 0 00 00000000 0 0 0 0 0 0 0000000000000014 ffffffff f ffffffff 1 0c
0000000000000014 34110a000000f000 0 00 00000000 0 0 0 0 0 0 0000000000000015 ffffffff f ffffffff 1 0a
0000000000000015 7c85000004000000 0 00 00000000 0 0 0 0 0 0 0000000000000016 ffffffff f ffffffff 0 00
0000000000000016 3059e0a0c0000000 0 00 00000000 0 0 0 0 0 0 0000000000000017 ffffffff f ffffffff 0 00
0000000000000017 3029d0a0c0000000 0 00 00000000 0 0 0 0 0 0 0000000000000018 ffffffff f ffffffff 0 00
0000000000000018 110004010500f000 0 00 00000000 0 0 0 0 0 0 0000000000000019 ffffffff f ffffffff 1 04
0000000000000019 10000a0a0700f000 0 00 00000000 0 0 0 0 0 0 000000000000001a ffffffff f ffffffff 1 0a
000000000000001a 7c95fffffbd00000 0 00 00000000 0 0 0 0 0 0 0000000000000016 ffffffff f ffffffff 0 00
0000000000000016 3059e0a0c0000000 0 00 00000000 0 0 0 0 0 0 0000000000000017 ffffffff f ffffffff 0 00
0000000000000017 3029d0a0c0000000 0 00 00000000 0 0 0 0 0 0 0000000000000018 ffffffff f ffffffff 0 00
0000000000000018 110004010500f000 0 00 00000000 0 0 0 0 0 0 0000000000000019 ffffffff f ffffffff 1 04
0000000000000019 10000a0a0700f000 0 00 00000000 0 0 0 0 0 0 000000000000001a ffffffff f ffffffff 1 0a
000000000000001a 7c95fffffbd00000 0 00 00000000 0 0 0 0 0 0 0000000000000016 eeeeeeee f eeeeeeee 0 00
0000000000000016 3059e0a0c0000000 0 00 00000000 0 0 0 0 0 0 0000000000000017 eeeeeeee f eeeeeeee 0 00
0000000000000017 3029d0a0c0000000 0 00 00000000 0 0 0 0 0 0 0000000000000018 eeeeeeee f eeeeeeee 0 00
0000000000000018 110004010500f000 0 00 00000000 0 0 0 0 0 0 0000000000000019 eeeeeeee f eeeeeeee 1 04
0000000000000019 10000a0a0700f000 0 00 00000000 0 0 0 0 0 0 000000000000001a eeeeeeee f eeeeeeee 1 0a
000000000000001a 7c95fffffbd00000 0 00 00000000 0 0 0 0 0 0 0000000000000016 cccccccc f cccccccc 0 00
0000000000000016 3059e0a0c0000000 0 00 00000000 0 0 0 0 0 0 0000000000000017 cccccccc f cccccccc 0 00
0000000000000017 3029d0a0c0000000 0 00 00000000 0 0 0 0 0 0 0000000000000018 cccccccc f cccccccc 0 00
0000000000000018 110004010500f000 0 00 00000000 0 0 0 0 0 0 0000000000000019 cccccccc f cccccccc 1 04
0000000000000019 10000a0a0700f000 0 00 00000000 0 0 0 0 0 0 000000000000001a cccccccc f cccccccc 1 0a
000000000000001a 7c95fffffbd00000 0 00 00000000 0 0 0 0 0 0 0000000000000016 88888888 f 88888888 0 00
0000000000000016 3059e0a0c0000000 0 00 00000000 0 0 0 0 0 0 0000000000000017 88888888 f 88888888 0 00
0000000000000017 3029d0a0c0000000 0 00 00000000 0 0 0 0 0 0 0000000000000018 88888888 f 88888888 0 00
0000000000000018 110004010500f000 0 00 00000000 0 0 0 0 0 0 0000000000000019 88888888 f 88888888 1 04
0000000000000019 10000a0a0700f000 0 00 00000000 0 0 0 0 0 0 000000000000001a 88888888 f 88888888 1 0a
000000000000001a 7c95fffffbd00000 0 00 00000000 0 0 0 0 0 0 000000000000001b ffffffff f ffffffff 0 00
000000000000001b 7cf5000000000000 0 00 00000000 0 0 0 0 0 0 000000000000001c ffffffff f ffffffff 0 00
