0000000000000000 00131d0000000000 1 1d 00000000 0 0 0 0000000000000001
0000000000000001 0306000000000900 1 09 00000000 0 0 0 0000000000000002
0000000000000002 0063110c00001500 1 11 00000000 0 0 0 0000000000000003
0000000000000003 0306000000000d00 1 0d 00000000 0 0 0 0000000000000004
0000000000000004 00920d1000000000 1 0d ffffffff 0 0 0 0000000000000005
0000000000000005 0032100514000000 1 10 00000000 0 0 0 0000000000000006
0000000000000006 8506000000000000 0 00 00000000 0 0 0 0000000000000007
0000000000000007 00a3010d00001100 1 01 00007fff 0 0 0 0000000000000008
0000000000000008 0032020112000000 1 02 00000000 0 0 0 0000000000000009
0000000000000009 0306000000001200 1 12 00000000 0 0 0 000000000000000a
000000000000000a 8506000000000000 0 00 00000000 0 0 0 000000000000000b
000000000000000b 8506000000000000 0 00 00000000 0 0 0 000000000000000c
000000000000000c 0092030100000000 1 03 ffff8000 0 0 0 000000000000000d
000000000000000d 0013130000000000 1 13 00000000 0 0 0 000000000000000e
000000000000000e 0122001411000000 0 00 00000000 5 0 0 000000000000000f
000000000000000f 02150000020d0000 0 00 00000000 5 0 0 0000000000000010
0000000000000010 8506000000000000 0 00 00000000 5 0 0 0000000000000011
0000000000000011 8506000000000000 0 00 00000000 5 0 0 0000000000000012
0000000000000012 00130d002a14f800 1 0d 002a14f8 5 0 0 0000000000000013
0000000000000013 001302009bf39600 1 02 ff9bf396 5 0 0 0000000000000014
0000000000000014 00420a0712000000 1 0a 00000000 5 0 0 0000000000000015
0000000000000015 8506000000000000 0 00 00000000 5 0 0 0000000000000016
0000000000000016 0052080a09000000 1 08 00000000 5 0 0 0000000000000017
0000000000000017 0072010d04000000 1 01 002a14f8 5 0 0 0000000000000018
0000000000000018 8506000000000000 0 00 00000000 5 0 0 0000000000000019
0000000000000019 0122001102000000 0 00 00000000 0 1 0 000000000000001a
000000000000001a 02150000010d0000 0 00 00000000 0 1 1 000000000000001c
000000000000001c 8506000000000000 0 00 00000000 0 1 0 000000000000001d
000000000000001d 8506000000000000 0 00 00000000 0 1 0 000000000000001e
000000000000001e 0082120506000000 1 12 00000000 0 1 0 000000000000001f
000000000000001f 0112001001000000 0 00 00000000 2 1 0 0000000000000020
0000000000000020 02150000010b0000 0 00 00000000 2 1 1 0000000000000022
0000000000000022 8506000000000000 0 00 00000000 2 1 0 0000000000000023
0000000000000023 0082130e0a000000 1 13 00000000 2 1 0 0000000000000024
0000000000000024 00131e0000000400 1 1e 00000004 2 1 0 0000000000000025
0000000000000025 0023151500000100 1 15 00000001 2 1 0 0000000000000026
0000000000000026 00731e1e00000100 1 1e 00000003 2 1 0 0000000000000027
0000000000000027 0102001e1d000000 0 00 00000000 4 0 0 0000000000000028
0000000000000028 0215fffffc040000 0 00 00000000 4 0 1 0000000000000025
0000000000000025 0023151500000100 1 15 00000002 4 0 0 0000000000000026
0000000000000026 00731e1e00000100 1 1e 00000002 4 0 0 0000000000000027
0000000000000027 0102001e1d000000 0 00 00000000 4 0 0 0000000000000028
0000000000000028 0215fffffc040000 0 00 00000000 4 0 1 0000000000000025
0000000000000025 0023151500000100 1 15 00000003 4 0 0 0000000000000026
0000000000000026 00731e1e00000100 1 1e 00000001 4 0 0 0000000000000027
0000000000000027 0102001e1d000000 0 00 00000000 4 0 0 0000000000000028
0000000000000028 0215fffffc040000 0 00 00000000 4 0 1 0000000000000025
0000000000000025 0023151500000100 1 15 00000004 4 0 0 0000000000000026
0000000000000026 00731e1e00000100 1 1e 00000000 4 0 0 0000000000000027
0000000000000027 0102001e1d000000 0 00 00000000 5 1 0 0000000000000028
0000000000000028 0215fffffc040000 0 00 00000000 5 1 0 0000000000000029
0000000000000029 7cf5000000000000 0 00 00000000 5 1 0 000000000000002a
DONE retired=52 fault=00 pc=0000000000000029
