0000000000000000 343001000000f000 0 00 00000000 0 0 0 0 0 0 0000000000000001 ffffffff f ffffffff 1 01
0000000000000001 341107000001f000 0 00 00000000 0 0 0 0 0 0 0000000000000002 ffffffff f ffffffff 1 07
0000000000000002 34110c000003f000 0 00 00000000 0 0 0 0 0 0 0000000000000003 ffffffff f ffffffff 1 0c
0000000000000003 3019503070000000 0 00 00000000 0 0 0 0 0 0 0000000000000004 ffffffff f ffffffff 0 00
0000000000000004 7c15000043500053 0 00 00000000 0 0 0 0 0 0 0000000000000005 ffffffff f ffffffff 0 00
0000000000000005 3049803070000000 0 00 00000000 0 0 0 0 0 0 0000000000000006 ffffffff f ffffffff 0 00
0000000000000006 7c1500003080003f 0 00 00000000 0 0 0 0 0 0 0000000000000037 ffffffff f ffffffff 0 00
0000000000000037 34110d000001f000 0 00 00000000 0 0 0 0 0 0 0000000000000038 ffffffff f ffffffff 1 0d
0000000000000038 10300c010d00f000 0 00 00000000 0 0 0 0 0 0 0000000000000039 ffffffff f ffffffff 1 0c
0000000000000039 10000c0c0700f000 0 00 00000000 0 0 0 0 0 0 000000000000003a ffffffff f ffffffff 1 0c
000000000000003a 34110a000000f000 0 00 00000000 0 0 0 0 0 0 000000000000003b ffffffff f ffffffff 1 0a
000000000000003b 7c85000008000000 0 00 00000000 0 0 0 0 0 0 000000000000003c ffffffff f ffffffff 0 00
000000000000003c 3059e0a0c0000000 0 00 00000000 0 0 0 0 0 0 000000000000003d ffffffff f ffffffff 0 00
000000000000003d 3029d0a0c0000000 0 00 00000000 0 0 0 0 0 0 000000000000003e ffffffff f ffffffff 0 00
000000000000003e 3019401070000000 0 00 00000000 0 0 0 0 0 0 000000000000003f ffffffff f ffffffff 0 00
000000000000003f 7c15000000400001 0 00 00000000 0 0 0 0 0 0 0000000000000040 fffffffd f fffffffd 0 00
0000000000000040 111005040500f000 0 00 00000000 0 0 0 0 0 0 0000000000000041 fffffffd f fffffffd 1 05
0000000000000041 7c25000000000000 0 00 00000000 0 0 0 0 0 0 0000000000000040 00000002 f 00000002 0 00
0000000000000040 111005040500f000 0 00 00000000 0 0 0 0 0 0 0000000000000041 00000002 f 00000002 1 05
0000000000000041 7c25000000000000 0 00 00000000 0 0 0 0 0 0 0000000000000042 ffffffff f ffffffff 0 00
0000000000000042 7cb5000000e00000 0 00 00000000 0 0 0 0 0 0 0000000000000043 ffffffff f ffffffff 0 00
0000000000000043 10000a0a0700f000 0 00 00000000 0 0 0 0 0 0 0000000000000044 ffffffff f ffffffff 1 0a
0000000000000044 7c95fffff7d00000 0 00 00000000 0 0 0 0 0 0 000000000000003c ffffffff f ffffffff 0 00
000000000000003c 3059e0a0c0000000 0 00 00000000 0 0 0 0 0 0 000000000000003d ffffffff f ffffffff 0 00
000000000000003d 3029d0a0c0000000 0 00 00000000 0 0 0 0 0 0 000000000000003e ffffffff f ffffffff 0 00
000000000000003e 3019401070000000 0 00 00000000 0 0 0 0 0 0 000000000000003f ffffffff f ffffffff 0 00
000000000000003f 7c15000000400001 0 00 00000000 0 0 0 0 0 0 0000000000000040 fffffffd f fffffffd 0 00
0000000000000040 111005040500f000 0 00 00000000 0 0 0 0 0 0 0000000000000041 fffffffd f fffffffd 1 05
0000000000000041 7c25000000000000 0 00 00000000 0 0 0 0 0 0 0000000000000040 00000002 f 00000002 0 00
0000000000000040 111005040500f000 0 00 00000000 0 0 0 0 0 0 0000000000000041 00000002 f 00000002 1 05
0000000000000041 7c25000000000000 0 00 00000000 0 0 0 0 0 0 0000000000000042 ffffffff f ffffffff 0 00
0000000000000042 7cb5000000e00000 0 00 00000000 0 0 0 0 0 0 0000000000000043 aaaaaaaa f aaaaaaaa 0 00
0000000000000043 10000a0a0700f000 0 00 00000000 0 0 0 0 0 0 0000000000000044 aaaaaaaa f aaaaaaaa 1 0a
0000000000000044 7c95fffff7d00000 0 00 00000000 0 0 0 0 0 0 000000000000003c aaaaaaaa f aaaaaaaa 0 00
000000000000003c 3059e0a0c0000000 0 00 00000000 0 0 0 0 0 0 000000000000003d aaaaaaaa f aaaaaaaa 0 00
000000000000003d 3029d0a0c0000000 0 00 00000000 0 0 0 0 0 0 000000000000003e aaaaaaaa f aaaaaaaa 0 00
000000000000003e 3019401070000000 0 00 00000000 0 0 0 0 0 0 000000000000003f aaaaaaaa f aaaaaaaa 0 00
000000000000003f 7c15000000400001 0 00 00000000 0 0 0 0 0 0 0000000000000040 aaaaaaa8 f aaaaaaa8 0 00
0000000000000040 111005040500f000 0 00 00000000 0 0 0 0 0 0 0000000000000041 aaaaaaa8 f aaaaaaa8 1 05
0000000000000041 7c25000000000000 0 00 00000000 0 0 0 0 0 0 0000000000000040 00000002 f 00000002 0 00
0000000000000040 111005040500f000 0 00 00000000 0 0 0 0 0 0 0000000000000041 00000002 f 00000002 1 05
0000000000000041 7c25000000000000 0 00 00000000 0 0 0 0 0 0 0000000000000042 aaaaaaaa f aaaaaaaa 0 00
0000000000000044 7cb5000000e00000 0 00 00000000 0 0 0 0 0 0 0000000000000043 00000000 f 00000000 0 00
0000000000000044 7c95fffff7d00000 0 00 00000000 0 0 0 0 0 0 0000000000000045 ffffffff f ffffffff 0 00
0000000000000045 10000c040500f000 0 00 00000000 0 0 0 0 0 0 0000000000000046 ffffffff f ffffffff 1 0c
0000000000000046 7c25000000000000 0 00 00000000 0 0 0 0 0 0 0000000000000047 ffffffff f ffffffff 0 00
0000000000000047 0205000010000000 0 00 00000000 0 0 0 0 0 1 0000000000000058 ffffffff f ffffffff 0 00
0000000000000058 7c25000000000000 0 00 00000000 0 0 0 0 0 0 0000000000000059 ffffffff f ffffffff 0 00
0000000000000059 30298030c0000000 0 00 00000000 0 0 0 0 0 0 000000000000005a ffffffff f ffffffff 0 00
000000000000005a 7c15000002800004 0 00 00000000 0 0 0 0 0 0 000000000000005d ffffffff f ffffffff 0 00
000000000000005d 0023060600000100 1 06 00000001 0 0 0 0 0 0 000000000000005e ffffffff f ffffffff 0 00
000000000000005e 101003070400f000 0 00 00000000 0 0 0 0 0 0 000000000000005f ffffffff f ffffffff 1 03
000000000000005f 7c25000000000000 0 00 00000000 0 0 0 0 0 0 0000000000000060 ffffffff f ffffffff 0 00
0000000000000060 30190030c0000000 0 00 00000000 0 0 0 0 0 0 0000000000000061 ffffffff f ffffffff 0 00
0000000000000061 7c1500000c000110 0 00 00000000 0 0 0 0 0 0 0000000000000062 ffffffff f ffffffff 0 00
0000000000000062 34110d000000f000 0 00 00000000 0 0 0 0 0 0 0000000000000063 ffffffff f ffffffff 1 0d
0000000000000063 10300c010d00f000 0 00 00000000 0 0 0 0 0 0 0000000000000064 ffffffff f ffffffff 1 0c
0000000000000064 10000c0c0700f000 0 00 00000000 0 0 0 0 0 0 0000000000000065 ffffffff f ffffffff 1 0c
0000000000000065 34110a000000f000 0 00 00000000 0 0 0 0 0 0 0000000000000066 ffffffff f ffffffff 1 0a
0000000000000066 7c85000005000000 0 00 00000000 0 0 0 0 0 0 0000000000000067 ffffffff f ffffffff 0 00
0000000000000067 3059e0a0c0000000 0 00 00000000 0 0 0 0 0 0 0000000000000068 ffffffff f ffffffff 0 00
0000000000000068 3029d0a0c0000000 0 00 00000000 0 0 0 0 0 0 0000000000000069 ffffffff f ffffffff 0 00
0000000000000069 10100c0c0400f000 0 00 00000000 0 0 0 0 0 0 000000000000006a ffffffff f ffffffff 1 0c
000000000000006a 7cb5000000e00000 0 00 00000000 0 0 0 0 0 0 000000000000006b ffffffff f ffffffff 0 00
000000000000006b 10000a0a0700f000 0 00 00000000 0 0 0 0 0 0 000000000000006c ffffffff f ffffffff 1 0a
000000000000006c 7c95fffffad00000 0 00 00000000 0 0 0 0 0 0 0000000000000067 ffffffff f ffffffff 0 00
0000000000000067 3059e0a0c0000000 0 00 00000000 0 0 0 0 0 0 0000000000000068 ffffffff f ffffffff 0 00
0000000000000068 3029d0a0c0000000 0 00 00000000 0 0 0 0 0 0 0000000000000069 ffffffff f ffffffff 0 00
0000000000000069 10100c0c0400f000 0 00 00000000 0 0 0 0 0 0 000000000000006a ffffffff f ffffffff 1 0c
000000000000006c 7cb5000000e00000 0 00 00000000 0 0 0 0 0 0 000000000000006b 00000000 f 00000000 0 00
000000000000006c 7c95fffffad00000 0 00 00000000 0 0 0 0 0 0 000000000000006d ffffffff f ffffffff 0 00
000000000000006d 0205000104000000 0 00 00000000 0 0 0 0 0 1 0000000000000172 ffffffff f ffffffff 0 00
0000000000000172 7c25000000000000 0 00 00000000 0 0 0 0 0 0 0000000000000173 ffffffff f ffffffff 0 00
0000000000000173 7cf5000000000000 0 00 00000000 0 0 0 0 0 0 0000000000000174 ffffffff f ffffffff 0 00
