0000000000000000 00131d0000000000 1 1d 00000000 0 0 0 0000000000000001
0000000000000001 8506000000000000 0 00 00000000 0 0 0 0000000000000002
0000000000000002 00130200efbacc00 1 02 ffefbacc 0 0 0 0000000000000003
0000000000000003 00a3110d00000800 1 11 00000000 0 0 0 0000000000000004
0000000000000004 0032070107000000 1 07 00000000 0 0 0 0000000000000005
0000000000000005 001302002c4c9a00 1 02 002c4c9a 0 0 0 0000000000000006
0000000000000006 0042080708000000 1 08 00000000 0 0 0 0000000000000007
0000000000000007 8506000000000000 0 00 00000000 0 0 0 0000000000000008
0000000000000008 0306000000001400 1 14 00000000 0 0 0 0000000000000009
0000000000000009 0102000103000000 0 00 00000000 5 1 0 000000000000000a
000000000000000a 02150000030b0000 0 00 00000000 5 1 0 000000000000000b
000000000000000b 8506000000000000 0 00 00000000 5 1 0 000000000000000c
000000000000000c 8506000000000000 0 00 00000000 5 1 0 000000000000000d
000000000000000d 8506000000000000 0 00 00000000 5 1 0 000000000000000e
000000000000000e 00130b00c0d0f900 1 0b ffc0d0f9 5 1 0 000000000000000f
000000000000000f 0092110e00000000 1 11 ffffffff 5 1 0 0000000000000010
0000000000000010 8506000000000000 0 00 00000000 5 1 0 0000000000000011
0000000000000011 00b2110802000000 1 11 00000000 5 1 0 0000000000000012
0000000000000012 00131e0000000400 1 1e 00000004 5 1 0 0000000000000013
0000000000000013 0023151500000100 1 15 00000001 5 1 0 0000000000000014
0000000000000014 00731e1e00000100 1 1e 00000003 5 1 0 0000000000000015
0000000000000015 0102001e1d000000 0 00 00000000 4 0 0 0000000000000016
0000000000000016 0215fffffc040000 0 00 00000000 4 0 1 0000000000000013
0000000000000013 0023151500000100 1 15 00000002 4 0 0 0000000000000014
0000000000000014 00731e1e00000100 1 1e 00000002 4 0 0 0000000000000015
0000000000000015 0102001e1d000000 0 00 00000000 4 0 0 0000000000000016
0000000000000016 0215fffffc040000 0 00 00000000 4 0 1 0000000000000013
0000000000000013 0023151500000100 1 15 00000003 4 0 0 0000000000000014
0000000000000014 00731e1e00000100 1 1e 00000001 4 0 0 0000000000000015
0000000000000015 0102001e1d000000 0 00 00000000 4 0 0 0000000000000016
0000000000000016 0215fffffc040000 0 00 00000000 4 0 1 0000000000000013
0000000000000013 0023151500000100 1 15 00000004 4 0 0 0000000000000014
0000000000000014 00731e1e00000100 1 1e 00000000 4 0 0 0000000000000015
0000000000000015 0102001e1d000000 0 00 00000000 5 1 0 0000000000000016
0000000000000016 0215fffffc040000 0 00 00000000 5 1 0 0000000000000017
0000000000000017 7cf5000000000000 0 00 00000000 5 1 0 0000000000000018
DONE retired=36 fault=00 pc=0000000000000017
