0000000000000000 343001000000f000 0 00 00000000 0 0 0 0 0 0 0000000000000001 ffffffff f ffffffff 1 01
0000000000000001 341107000001f000 0 00 00000000 0 0 0 0 0 0 0000000000000002 ffffffff f ffffffff 1 07
0000000000000002 34110c000003f000 0 00 00000000 0 0 0 0 0 0 0000000000000003 ffffffff f ffffffff 1 0c
0000000000000003 302960a070000000 0 00 00000000 0 0 0 0 0 0 0000000000000004 ffffffff f ffffffff 0 00
0000000000000004 7c15000141600142 0 00 00000000 0 0 0 0 0 0 0000000000000005 ffffffff f ffffffff 0 00
0000000000000005 3039701070000000 0 00 00000000 0 0 0 0 0 0 0000000000000006 ffffffff f ffffffff 0 00
0000000000000006 7c1500004170013d 0 00 00000000 0 0 0 0 0 0 0000000000000007 00000003 f 00000003 0 00
0000000000000007 34110d000001f000 0 00 00000000 0 0 0 0 0 0 0000000000000008 00000003 f 00000003 1 0d
0000000000000008 10300c010d00f000 0 00 00000000 0 0 0 0 0 0 0000000000000009 00000003 f 00000003 1 0c
0000000000000009 10000c0c0700f000 0 00 00000000 0 0 0 0 0 0 000000000000000a 00000003 f 00000003 1 0c
000000000000000a 34110a000000f000 0 00 00000000 0 0 0 0 0 0 000000000000000b 00000003 f 00000003 1 0a
000000000000000b 7c85000008000000 0 00 00000000 0 0 0 0 0 0 000000000000000c 00000003 f 00000003 0 00
000000000000000c 3059e0a0c0000000 0 00 00000000 0 0 0 0 0 0 000000000000000d 00000003 f 00000003 0 00
000000000000000d 3029d0a0c0000000 0 00 00000000 0 0 0 0 0 0 000000000000000e 00000003 f 00000003 0 00
000000000000000e 302950b070000000 0 00 00000000 0 0 0 0 0 0 000000000000000f 00000003 f 00000003 0 00
000000000000000f 7c15000000500001 0 00 00000000 0 0 0 0 0 0 0000000000000010 00000003 f 00000003 0 00
0000000000000010 0023060600000200 1 06 00000002 0 0 0 0 0 0 0000000000000011 00000003 f 00000003 0 00
0000000000000011 7c25000000000000 0 00 00000000 0 0 0 0 0 0 0000000000000012 00000003 f 00000003 0 00
0000000000000012 7cb5000000e00000 0 00 00000000 0 0 0 0 0 0 0000000000000013 00000003 f 00000003 0 00
0000000000000013 10000a0a0700f000 0 00 00000000 0 0 0 0 0 0 0000000000000014 00000003 f 00000003 1 0a
0000000000000014 7c95fffff7d00000 0 00 00000000 0 0 0 0 0 0 000000000000000c 00000003 f 00000003 0 00
000000000000000c 3059e0a0c0000000 0 00 00000000 0 0 0 0 0 0 000000000000000d 00000003 f 00000003 0 00
000000000000000d 3029d0a0c0000000 0 00 00000000 0 0 0 0 0 0 000000000000000e 00000003 f 00000003 0 00
000000000000000e 302950b070000000 0 00 00000000 0 0 0 0 0 0 000000000000000f 00000003 f 00000003 0 00
000000000000000f 7c15000000500001 0 00 00000000 0 0 0 0 0 0 0000000000000010 00000003 f 00000003 0 00
0000000000000010 0023060600000200 1 06 00000004 0 0 0 0 0 0 0000000000000011 00000003 f 00000003 0 00
0000000000000011 7c25000000000000 0 00 00000000 0 0 0 0 0 0 0000000000000012 00000003 f 00000003 0 00
0000000000000012 7cb5000000e00000 0 00 00000000 0 0 0 0 0 0 0000000000000013 00000002 f 00000002 0 00
0000000000000013 10000a0a0700f000 0 00 00000000 0 0 0 0 0 0 0000000000000014 00000002 f 00000002 1 0a
0000000000000014 7c95fffff7d00000 0 00 00000000 0 0 0 0 0 0 000000000000000c 00000002 f 00000002 0 00
000000000000000c 3059e0a0c0000000 0 00 00000000 0 0 0 0 0 0 000000000000000d 00000002 f 00000002 0 00
000000000000000d 3029d0a0c0000000 0 00 00000000 0 0 0 0 0 0 000000000000000e 00000002 f 00000002 0 00
000000000000000e 302950b070000000 0 00 00000000 0 0 0 0 0 0 000000000000000f 00000002 f 00000002 0 00
000000000000000f 7c15000000500001 0 00 00000000 0 0 0 0 0 0 0000000000000010 00000002 f 00000002 0 00
0000000000000010 0023060600000200 1 06 00000006 0 0 0 0 0 0 0000000000000011 00000002 f 00000002 0 00
0000000000000011 7c25000000000000 0 00 00000000 0 0 0 0 0 0 0000000000000012 00000002 f 00000002 0 00
0000000000000014 7cb5000000e00000 0 00 00000000 0 0 0 0 0 0 0000000000000013 00000000 f 00000000 0 00
0000000000000014 7c95fffff7d00000 0 00 00000000 0 0 0 0 0 0 0000000000000015 00000003 f 00000003 0 00
0000000000000015 302930a0c0000000 0 00 00000000 0 0 0 0 0 0 0000000000000016 00000003 f 00000003 0 00
0000000000000016 7c1500000230002f 0 00 00000000 0 0 0 0 0 0 0000000000000019 00000003 f 00000003 0 00
0000000000000019 34110c00000ef000 0 00 00000000 0 0 0 0 0 0 000000000000001a 00000003 f 00000003 1 0c
000000000000001a 301980b0c0000000 0 00 00000000 0 0 0 0 0 0 000000000000001b 00000003 f 00000003 0 00
000000000000001b 7c15000010800029 0 00 00000000 0 0 0 0 0 0 000000000000001c 00000003 f 00000003 0 00
000000000000001c 101003070400f000 0 00 00000000 0 0 0 0 0 0 000000000000001d 00000003 f 00000003 1 03
000000000000001d 34110d000000f000 0 00 00000000 0 0 0 0 0 0 000000000000001e 00000003 f 00000003 1 0d
000000000000001e 10300c010d00f000 0 00 00000000 0 0 0 0 0 0 000000000000001f 00000003 f 00000003 1 0c
000000000000001f 10000c0c0700f000 0 00 00000000 0 0 0 0 0 0 0000000000000020 00000003 f 00000003 1 0c
0000000000000020 34110a000000f000 0 00 00000000 0 0 0 0 0 0 0000000000000021 00000003 f 00000003 1 0a
0000000000000021 7c85000008000000 0 00 00000000 0 0 0 0 0 0 0000000000000022 00000003 f 00000003 0 00
0000000000000022 3059e0a0c0000000 0 00 00000000 0 0 0 0 0 0 0000000000000023 00000003 f 00000003 0 00
0000000000000023 3029d0a0c0000000 0 00 00000000 0 0 0 0 0 0 0000000000000024 00000003 f 00000003 0 00
0000000000000024 302960a070000000 0 00 00000000 0 0 0 0 0 0 0000000000000025 00000003 f 00000003 0 00
0000000000000025 7c15000000600001 0 00 00000000 0 0 0 0 0 0 0000000000000026 00000003 f 00000003 0 00
0000000000000026 0023060600000100 1 06 00000007 0 0 0 0 0 0 0000000000000027 00000003 f 00000003 0 00
0000000000000027 7c25000000000000 0 00 00000000 0 0 0 0 0 0 0000000000000028 00000003 f 00000003 0 00
0000000000000028 7cb5000000e00000 0 00 00000000 0 0 0 0 0 0 0000000000000029 00000003 f 00000003 0 00
0000000000000029 10000a0a0700f000 0 00 00000000 0 0 0 0 0 0 000000000000002a 00000003 f 00000003 1 0a
000000000000002a 7c95fffff7d00000 0 00 00000000 0 0 0 0 0 0 0000000000000022 00000003 f 00000003 0 00
0000000000000022 3059e0a0c0000000 0 00 00000000 0 0 0 0 0 0 0000000000000023 00000003 f 00000003 0 00
0000000000000023 3029d0a0c0000000 0 00 00000000 0 0 0 0 0 0 0000000000000024 00000003 f 00000003 0 00
0000000000000024 302960a070000000 0 00 00000000 0 0 0 0 0 0 0000000000000025 00000003 f 00000003 0 00
0000000000000025 7c15000000600001 0 00 00000000 0 0 0 0 0 0 0000000000000026 00000003 f 00000003 0 00
0000000000000026 0023060600000100 1 06 00000008 0 0 0 0 0 0 0000000000000027 00000003 f 00000003 0 00
0000000000000027 7c25000000000000 0 00 00000000 0 0 0 0 0 0 0000000000000028 00000003 f 00000003 0 00
000000000000002a 7cb5000000e00000 0 00 00000000 0 0 0 0 0 0 0000000000000029 00000000 f 00000000 0 00
000000000000002a 7c95fffff7d00000 0 00 00000000 0 0 0 0 0 0 000000000000002b 00000003 f 00000003 0 00
000000000000002b 0205000019000000 0 00 00000000 0 0 0 0 0 1 0000000000000045 00000003 f 00000003 0 00
0000000000000045 7c25000000000000 0 00 00000000 0 0 0 0 0 0 0000000000000046 00000003 f 00000003 0 00
0000000000000046 7c25000000000000 0 00 00000000 0 0 0 0 0 0 0000000000000047 00000003 f 00000003 0 00
0000000000000047 02050000fc000000 0 00 00000000 0 0 0 0 0 1 0000000000000144 00000003 f 00000003 0 00
0000000000000144 7c25000000000000 0 00 00000000 0 0 0 0 0 0 0000000000000048 fffffffc f fffffffc 0 00
0000000000000048 34110d000001f000 0 00 00000000 0 0 0 0 0 0 0000000000000049 fffffffc f fffffffc 1 0d
0000000000000049 10300c010d00f000 0 00 00000000 0 0 0 0 0 0 000000000000004a fffffffc f fffffffc 1 0c
000000000000004a 10000c0c0700f000 0 00 00000000 0 0 0 0 0 0 000000000000004b fffffffc f fffffffc 1 0c
000000000000004b 34110a000000f000 0 00 00000000 0 0 0 0 0 0 000000000000004c fffffffc f fffffffc 1 0a
000000000000004c 7c85000008000000 0 00 00000000 0 0 0 0 0 0 000000000000004d fffffffc f fffffffc 0 00
000000000000004d 3059e0a0c0000000 0 00 00000000 0 0 0 0 0 0 000000000000004e fffffffc f fffffffc 0 00
000000000000004e 3029d0a0c0000000 0 00 00000000 0 0 0 0 0 0 000000000000004f fffffffc f fffffffc 0 00
000000000000004f 305960b070000000 0 00 00000000 0 0 0 0 0 0 0000000000000050 fffffffc f fffffffc 0 00
0000000000000050 7c15000000600001 0 00 00000000 0 0 0 0 0 0 0000000000000051 fffffffc f fffffffc 0 00
0000000000000051 103004010700f000 0 00 00000000 0 0 0 0 0 0 0000000000000052 fffffffc f fffffffc 1 04
0000000000000052 7c25000000000000 0 00 00000000 0 0 0 0 0 0 0000000000000053 fffffffc f fffffffc 0 00
0000000000000053 7cb5000000e00000 0 00 00000000 0 0 0 0 0 0 0000000000000054 fffffffc f fffffffc 0 00
0000000000000054 10000a0a0700f000 0 00 00000000 0 0 0 0 0 0 0000000000000055 fffffffc f fffffffc 1 0a
0000000000000055 7c95fffff7d00000 0 00 00000000 0 0 0 0 0 0 000000000000004d fffffffc f fffffffc 0 00
000000000000004d 3059e0a0c0000000 0 00 00000000 0 0 0 0 0 0 000000000000004e fffffffc f fffffffc 0 00
000000000000004e 3029d0a0c0000000 0 00 00000000 0 0 0 0 0 0 000000000000004f fffffffc f fffffffc 0 00
000000000000004f 305960b070000000 0 00 00000000 0 0 0 0 0 0 0000000000000050 fffffffc f fffffffc 0 00
0000000000000050 7c15000000600001 0 00 00000000 0 0 0 0 0 0 0000000000000051 fffffffc f fffffffc 0 00
0000000000000051 103004010700f000 0 00 00000000 0 0 0 0 0 0 0000000000000052 fffffffc f fffffffc 1 04
0000000000000052 7c25000000000000 0 00 00000000 0 0 0 0 0 0 0000000000000053 fffffffc f fffffffc 0 00
0000000000000053 7cb5000000e00000 0 00 00000000 0 0 0 0 0 0 0000000000000054 aaaaaaa8 f aaaaaaa8 0 00
0000000000000054 10000a0a0700f000 0 00 00000000 0 0 0 0 0 0 0000000000000055 aaaaaaa8 f aaaaaaa8 1 0a
0000000000000055 7c95fffff7d00000 0 00 00000000 0 0 0 0 0 0 000000000000004d aaaaaaa8 f aaaaaaa8 0 00
000000000000004d 3059e0a0c0000000 0 00 00000000 0 0 0 0 0 0 000000000000004e aaaaaaa8 f aaaaaaa8 0 00
000000000000004e 3029d0a0c0000000 0 00 00000000 0 0 0 0 0 0 000000000000004f aaaaaaa8 f aaaaaaa8 0 00
000000000000004f 305960b070000000 0 00 00000000 0 0 0 0 0 0 0000000000000050 aaaaaaa8 f aaaaaaa8 0 00
0000000000000050 7c15000000600001 0 00 00000000 0 0 0 0 0 0 0000000000000051 aaaaaaa8 f aaaaaaa8 0 00
0000000000000051 103004010700f000 0 00 00000000 0 0 0 0 0 0 0000000000000052 aaaaaaa8 f aaaaaaa8 1 04
0000000000000052 7c25000000000000 0 00 00000000 0 0 0 0 0 0 0000000000000053 aaaaaaa8 f aaaaaaa8 0 00
0000000000000055 7cb5000000e00000 0 00 00000000 0 0 0 0 0 0 0000000000000054 00000000 f 00000000 0 00
0000000000000055 7c95fffff7d00000 0 00 00000000 0 0 0 0 0 0 0000000000000056 fffffffc f fffffffc 0 00
0000000000000056 302980b070000000 0 00 00000000 0 0 0 0 0 0 0000000000000057 fffffffc f fffffffc 0 00
0000000000000057 7c150000108000eb 0 00 00000000 0 0 0 0 0 0 0000000000000058 fffffffc f fffffffc 0 00
0000000000000058 34110d000001f000 0 00 00000000 0 0 0 0 0 0 0000000000000059 fffffffc f fffffffc 1 0d
0000000000000059 10300c010d00f000 0 00 00000000 0 0 0 0 0 0 000000000000005a fffffffc f fffffffc 1 0c
000000000000005a 10000c0c0700f000 0 00 00000000 0 0 0 0 0 0 000000000000005b fffffffc f fffffffc 1 0c
000000000000005b 34110a000000f000 0 00 00000000 0 0 0 0 0 0 000000000000005c fffffffc f fffffffc 1 0a
000000000000005c 7c85000008000000 0 00 00000000 0 0 0 0 0 0 000000000000005d fffffffc f fffffffc 0 00
000000000000005d 3059e0a0c0000000 0 00 00000000 0 0 0 0 0 0 000000000000005e fffffffc f fffffffc 0 00
000000000000005e 3029d0a0c0000000 0 00 00000000 0 0 0 0 0 0 000000000000005f fffffffc f fffffffc 0 00
000000000000005f 305970b070000000 0 00 00000000 0 0 0 0 0 0 0000000000000060 fffffffc f fffffffc 0 00
0000000000000060 7c15000000700001 0 00 00000000 0 0 0 0 0 0 0000000000000061 fffffffc f fffffffc 0 00
0000000000000061 1010050c0300f000 0 00 00000000 0 0 0 0 0 0 0000000000000062 fffffffc f fffffffc 1 05
0000000000000062 7c25000000000000 0 00 00000000 0 0 0 0 0 0 0000000000000063 fffffffc f fffffffc 0 00
0000000000000063 7cb5000000e00000 0 00 00000000 0 0 0 0 0 0 0000000000000064 fffffffc f fffffffc 0 00
0000000000000064 10000a0a0700f000 0 00 00000000 0 0 0 0 0 0 0000000000000065 fffffffc f fffffffc 1 0a
0000000000000065 7c95fffff7d00000 0 00 00000000 0 0 0 0 0 0 000000000000005d fffffffc f fffffffc 0 00
000000000000005d 3059e0a0c0000000 0 00 00000000 0 0 0 0 0 0 000000000000005e fffffffc f fffffffc 0 00
000000000000005e 3029d0a0c0000000 0 00 00000000 0 0 0 0 0 0 000000000000005f fffffffc f fffffffc 0 00
000000000000005f 305970b070000000 0 00 00000000 0 0 0 0 0 0 0000000000000060 fffffffc f fffffffc 0 00
0000000000000060 7c15000000700001 0 00 00000000 0 0 0 0 0 0 0000000000000061 fffffffc f fffffffc 0 00
0000000000000061 1010050c0300f000 0 00 00000000 0 0 0 0 0 0 0000000000000062 fffffffc f fffffffc 1 05
0000000000000062 7c25000000000000 0 00 00000000 0 0 0 0 0 0 0000000000000063 fffffffc f fffffffc 0 00
0000000000000063 7cb5000000e00000 0 00 00000000 0 0 0 0 0 0 0000000000000064 aaaaaaa8 f aaaaaaa8 0 00
0000000000000064 10000a0a0700f000 0 00 00000000 0 0 0 0 0 0 0000000000000065 aaaaaaa8 f aaaaaaa8 1 0a
0000000000000065 7c95fffff7d00000 0 00 00000000 0 0 0 0 0 0 000000000000005d aaaaaaa8 f aaaaaaa8 0 00
000000000000005d 3059e0a0c0000000 0 00 00000000 0 0 0 0 0 0 000000000000005e aaaaaaa8 f aaaaaaa8 0 00
000000000000005e 3029d0a0c0000000 0 00 00000000 0 0 0 0 0 0 000000000000005f aaaaaaa8 f aaaaaaa8 0 00
000000000000005f 305970b070000000 0 00 00000000 0 0 0 0 0 0 0000000000000060 aaaaaaa8 f aaaaaaa8 0 00
0000000000000060 7c15000000700001 0 00 00000000 0 0 0 0 0 0 0000000000000061 aaaaaaa8 f aaaaaaa8 0 00
0000000000000061 1010050c0300f000 0 00 00000000 0 0 0 0 0 0 0000000000000062 aaaaaaa8 f aaaaaaa8 1 05
0000000000000062 7c25000000000000 0 00 00000000 0 0 0 0 0 0 0000000000000063 aaaaaaa8 f aaaaaaa8 0 00
0000000000000065 7cb5000000e00000 0 00 00000000 0 0 0 0 0 0 0000000000000064 00000000 f 00000000 0 00
0000000000000065 7c95fffff7d00000 0 00 00000000 0 0 0 0 0 0 0000000000000066 fffffffc f fffffffc 0 00
0000000000000066 10100c050400f000 0 00 00000000 0 0 0 0 0 0 0000000000000067 fffffffc f fffffffc 1 0c
0000000000000067 02050000db000000 0 00 00000000 0 0 0 0 0 1 0000000000000143 fffffffc f fffffffc 0 00
0000000000000143 7c25000000000000 0 00 00000000 0 0 0 0 0 0 0000000000000144 fffffffc f fffffffc 0 00
0000000000000144 7c25000000000000 0 00 00000000 0 0 0 0 0 0 0000000000000145 ffffffff f ffffffff 0 00
0000000000000145 0205000001000000 0 00 00000000 0 0 0 0 0 1 0000000000000147 ffffffff f ffffffff 0 00
0000000000000147 7c25000000000000 0 00 00000000 0 0 0 0 0 0 0000000000000148 ffffffff f ffffffff 0 00
0000000000000148 300960a070000000 0 00 00000000 0 0 0 0 0 0 0000000000000149 ffffffff f ffffffff 0 00
0000000000000149 7c15000002600004 0 00 00000000 0 0 0 0 0 0 000000000000014a 55555557 f 55555557 0 00
000000000000014a 111005010700f000 0 00 00000000 0 0 0 0 0 0 000000000000014b 55555557 f 55555557 1 05
000000000000014b 0205000002000000 0 00 00000000 0 0 0 0 0 1 000000000000014e 55555557 f 55555557 0 00
000000000000014e 7c25000000000000 0 00 00000000 0 0 0 0 0 0 000000000000014c aaaaaaa8 f aaaaaaa8 0 00
000000000000014c 105005010c00f000 0 00 00000000 0 0 0 0 0 0 000000000000014d aaaaaaa8 f aaaaaaa8 1 05
000000000000014d 34110300000bf000 0 00 00000000 0 0 0 0 0 0 000000000000014e aaaaaaa8 f aaaaaaa8 1 03
000000000000014e 7c25000000000000 0 00 00000000 0 0 0 0 0 0 000000000000014f ffffffff f ffffffff 0 00
000000000000014f 34110d000000f000 0 00 00000000 0 0 0 0 0 0 0000000000000150 ffffffff f ffffffff 1 0d
0000000000000150 10300c010d00f000 0 00 00000000 0 0 0 0 0 0 0000000000000151 ffffffff f ffffffff 1 0c
0000000000000151 10000c0c0700f000 0 00 00000000 0 0 0 0 0 0 0000000000000152 ffffffff f ffffffff 1 0c
0000000000000152 34110a000000f000 0 00 00000000 0 0 0 0 0 0 0000000000000153 ffffffff f ffffffff 1 0a
0000000000000153 7c85000005000000 0 00 00000000 0 0 0 0 0 0 0000000000000154 ffffffff f ffffffff 0 00
0000000000000154 3059e0a0c0000000 0 00 00000000 0 0 0 0 0 0 0000000000000155 ffffffff f ffffffff 0 00
0000000000000155 3029d0a0c0000000 0 00 00000000 0 0 0 0 0 0 0000000000000156 ffffffff f ffffffff 0 00
0000000000000156 10100c0c0100f000 0 00 00000000 0 0 0 0 0 0 0000000000000157 ffffffff f ffffffff 1 0c
0000000000000157 7cb5000000e00000 0 00 00000000 0 0 0 0 0 0 0000000000000158 ffffffff f ffffffff 0 00
0000000000000158 10000a0a0700f000 0 00 00000000 0 0 0 0 0 0 0000000000000159 ffffffff f ffffffff 1 0a
0000000000000159 7c95fffffad00000 0 00 00000000 0 0 0 0 0 0 0000000000000154 ffffffff f ffffffff 0 00
0000000000000154 3059e0a0c0000000 0 00 00000000 0 0 0 0 0 0 0000000000000155 ffffffff f ffffffff 0 00
0000000000000155 3029d0a0c0000000 0 00 00000000 0 0 0 0 0 0 0000000000000156 ffffffff f ffffffff 0 00
0000000000000156 10100c0c0100f000 0 00 00000000 0 0 0 0 0 0 0000000000000157 ffffffff f ffffffff 1 0c
0000000000000159 7cb5000000e00000 0 00 00000000 0 0 0 0 0 0 0000000000000158 00000000 f 00000000 0 00
0000000000000159 7c95fffffad00000 0 00 00000000 0 0 0 0 0 0 000000000000015a ffffffff f ffffffff 0 00
000000000000015a 7cf5000000000000 0 00 00000000 0 0 0 0 0 0 000000000000015b ffffffff f ffffffff 0 00
