0000000000000000 343001000000f000 0 00 00000000 0 0 0 0 0 0 0000000000000001 ffffffff f ffffffff 1 01
0000000000000001 341107000001f000 0 00 00000000 0 0 0 0 0 0 0000000000000002 ffffffff f ffffffff 1 07
0000000000000002 34110c000003f000 0 00 00000000 0 0 0 0 0 0 0000000000000003 ffffffff f ffffffff 1 0c
0000000000000003 3029a030c0000000 0 00 00000000 0 0 0 0 0 0 0000000000000004 ffffffff f ffffffff 0 00
0000000000000004 7c15000012a00013 0 00 00000000 0 0 0 0 0 0 0000000000000005 ffffffff f ffffffff 0 00
0000000000000005 34110d000001f000 0 00 00000000 0 0 0 0 0 0 0000000000000006 ffffffff f ffffffff 1 0d
0000000000000006 10300c010d00f000 0 00 00000000 0 0 0 0 0 0 0000000000000007 ffffffff f ffffffff 1 0c
0000000000000007 10000c0c0700f000 0 00 00000000 0 0 0 0 0 0 0000000000000008 ffffffff f ffffffff 1 0c
0000000000000008 34110a000000f000 0 00 00000000 0 0 0 0 0 0 0000000000000009 ffffffff f ffffffff 1 0a
0000000000000009 7c85000004000000 0 00 00000000 0 0 0 0 0 0 000000000000000a ffffffff f ffffffff 0 00
000000000000000a 3059e0a0c0000000 0 00 00000000 0 0 0 0 0 0 000000000000000b ffffffff f ffffffff 0 00
000000000000000b 3029d0a0c0000000 0 00 00000000 0 0 0 0 0 0 000000000000000c ffffffff f ffffffff 0 00
000000000000000c 0023060600000400 1 06 00000004 0 0 0 0 0 0 000000000000000d ffffffff f ffffffff 0 00
000000000000000d 10000a0a0700f000 0 00 00000000 0 0 0 0 0 0 000000000000000e ffffffff f ffffffff 1 0a
000000000000000e 7c95fffffbd00000 0 00 00000000 0 0 0 0 0 0 000000000000000a ffffffff f ffffffff 0 00
000000000000000a 3059e0a0c0000000 0 00 00000000 0 0 0 0 0 0 000000000000000b ffffffff f ffffffff 0 00
000000000000000b 3029d0a0c0000000 0 00 00000000 0 0 0 0 0 0 000000000000000c ffffffff f ffffffff 0 00
000000000000000c 0023060600000400 1 06 00000008 0 0 0 0 0 0 000000000000000d ffffffff f ffffffff 0 00
000000000000000d 10000a0a0700f000 0 00 00000000 0 0 0 0 0 0 000000000000000e ffffffff f ffffffff 1 0a
000000000000000e 7c95fffffbd00000 0 00 00000000 0 0 0 0 0 0 000000000000000a aaaaaaaa f aaaaaaaa 0 00
000000000000000a 3059e0a0c0000000 0 00 00000000 0 0 0 0 0 0 000000000000000b aaaaaaaa f aaaaaaaa 0 00
000000000000000b 3029d0a0c0000000 0 00 00000000 0 0 0 0 0 0 000000000000000c aaaaaaaa f aaaaaaaa 0 00
000000000000000c 0023060600000400 1 06 0000000c 0 0 0 0 0 0 000000000000000d aaaaaaaa f aaaaaaaa 0 00
000000000000000d 10000a0a0700f000 0 00 00000000 0 0 0 0 0 0 000000000000000e aaaaaaaa f aaaaaaaa 1 0a
000000000000000e 7c95fffffbd00000 0 00 00000000 0 0 0 0 0 0 000000000000000f ffffffff f ffffffff 0 00
000000000000000f 300920b0c0000000 0 00 00000000 0 0 0 0 0 0 0000000000000010 ffffffff f ffffffff 0 00
0000000000000010 7c15000002200004 0 00 00000000 0 0 0 0 0 0 0000000000000013 ffffffff f ffffffff 0 00
0000000000000013 341103000000f000 0 00 00000000 0 0 0 0 0 0 0000000000000014 ffffffff f ffffffff 1 03
0000000000000014 103005040500f000 0 00 00000000 0 0 0 0 0 0 0000000000000015 ffffffff f ffffffff 1 05
0000000000000015 7c25000000000000 0 00 00000000 0 0 0 0 0 0 0000000000000016 ffffffff f ffffffff 0 00
0000000000000016 0205000001000000 0 00 00000000 0 0 0 0 0 1 0000000000000018 ffffffff f ffffffff 0 00
0000000000000018 7c25000000000000 0 00 00000000 0 0 0 0 0 0 0000000000000019 ffffffff f ffffffff 0 00
0000000000000019 34110d000000f000 0 00 00000000 0 0 0 0 0 0 000000000000001a ffffffff f ffffffff 1 0d
000000000000001a 10300c010d00f000 0 00 00000000 0 0 0 0 0 0 000000000000001b ffffffff f ffffffff 1 0c
000000000000001b 10000c0c0700f000 0 00 00000000 0 0 0 0 0 0 000000000000001c ffffffff f ffffffff 1 0c
000000000000001c 34110a000000f000 0 00 00000000 0 0 0 0 0 0 000000000000001d ffffffff f ffffffff 1 0a
000000000000001d 7c85000008000000 0 00 00000000 0 0 0 0 0 0 000000000000001e ffffffff f ffffffff 0 00
000000000000001e 3059e0a0c0000000 0 00 00000000 0 0 0 0 0 0 000000000000001f ffffffff f ffffffff 0 00
000000000000001f 3029d0a0c0000000 0 00 00000000 0 0 0 0 0 0 0000000000000020 ffffffff f ffffffff 0 00
0000000000000020 3049a0b070000000 0 00 00000000 0 0 0 0 0 0 0000000000000021 ffffffff f ffffffff 0 00
0000000000000021 7c15000000a00001 0 00 00000000 0 0 0 0 0 0 0000000000000022 ffffffff f ffffffff 0 00
0000000000000022 111005040500f000 0 00 00000000 0 0 0 0 0 0 0000000000000023 ffffffff f ffffffff 1 05
0000000000000023 7c25000000000000 0 00 00000000 0 0 0 0 0 0 0000000000000024 ffffffff f ffffffff 0 00
0000000000000024 7cb5000000e00000 0 00 00000000 0 0 0 0 0 0 0000000000000025 ffffffff f ffffffff 0 00
0000000000000025 10000a0a0700f000 0 00 00000000 0 0 0 0 0 0 0000000000000026 ffffffff f ffffffff 1 0a
0000000000000026 7c95fffff7d00000 0 00 00000000 0 0 0 0 0 0 000000000000001e ffffffff f ffffffff 0 00
000000000000001e 3059e0a0c0000000 0 00 00000000 0 0 0 0 0 0 000000000000001f ffffffff f ffffffff 0 00
000000000000001f 3029d0a0c0000000 0 00 00000000 0 0 0 0 0 0 0000000000000020 ffffffff f ffffffff 0 00
0000000000000020 3049a0b070000000 0 00 00000000 0 0 0 0 0 0 0000000000000021 ffffffff f ffffffff 0 00
0000000000000021 7c15000000a00001 0 00 00000000 0 0 0 0 0 0 0000000000000022 ffffffff f ffffffff 0 00
0000000000000022 111005040500f000 0 00 00000000 0 0 0 0 0 0 0000000000000023 ffffffff f ffffffff 1 05
0000000000000023 7c25000000000000 0 00 00000000 0 0 0 0 0 0 0000000000000024 ffffffff f ffffffff 0 00
0000000000000026 7cb5000000e00000 0 00 00000000 0 0 0 0 0 0 0000000000000025 00000000 f 00000000 0 00
0000000000000026 7c95fffff7d00000 0 00 00000000 0 0 0 0 0 0 0000000000000027 ffffffff f ffffffff 0 00
0000000000000027 7cf5000000000000 0 00 00000000 0 0 0 0 0 0 0000000000000028 ffffffff f ffffffff 0 00
