0000000000000000 0013140000004d00 1 14 0000004d 0 0 0 0000000000000001 38f7e030 f 38f7e030 0 00 38f7e030
0000000000000001 1011040492f4f000 0 00 00000000 0 0 0 0000000000000002 38f7e030 f 38f7e030 1 04 38f7e030
0000000000000002 3400020200000000 0 00 00000000 0 0 0 0000000000000003 38f7e030 0 38f7e030 1 02 38f7e030
0000000000000003 103003040400f000 0 00 00000000 0 0 0 0000000000000004 38f7e030 f 38f7e030 1 03 38f7e030
0000000000000004 106105050000f000 0 00 00000000 0 0 0 0000000000000005 38f7e030 f 38f7e030 1 05 38f7e030
0000000000000005 10610205000ff000 0 00 00000000 0 0 0 0000000000000006 38f7e030 f 38f7e030 1 02 38f7e030
0000000000000006 105002020200f000 0 00 00000000 0 0 0 0000000000000007 38f7e030 f 38f7e030 1 02 38f7e030
0000000000000007 1000020402008000 0 00 00000000 0 0 0 0000000000000008 38f7e030 8 00e46010 1 02 00e46010
0000000000000008 105003050600f000 0 00 00000000 0 0 0 0000000000000009 38f7e030 f 38f7e030 1 03 38f7e030
0000000000000009 34110200a293f000 0 00 00000000 0 0 0 000000000000000a 38f7e030 f 38f7e030 1 02 38f7e030
000000000000000a 104102021db6f000 0 00 00000000 0 0 0 000000000000000b 38f7e030 f 38f7e030 1 02 38f7e030
000000000000000b 10610302001ff000 0 00 00000000 0 0 0 000000000000000c 38f7e030 f 38f7e030 1 03 38f7e030
000000000000000c 00131500ffffff00 1 15 ffffffff 0 0 0 000000000000000d 38f7e030 f 38f7e030 0 00 38f7e030
000000000000000d 342002150000f000 0 00 00000000 0 0 0 000000000000000e 38f7e030 f 38f7e030 1 02 38f7e030
000000000000000e 105003050200f000 0 00 00000000 0 0 0 000000000000000f 38f7e030 f 38f7e030 1 03 38f7e030
000000000000000f 341104000000c000 0 00 00000000 0 0 0 0000000000000010 38f7e030 c 00000000 1 04 00000000
0000000000000010 103005060500f000 0 00 00000000 0 0 0 0000000000000011 38f7e030 f 38f7e030 1 05 38f7e030
0000000000000011 104004060500f000 0 00 00000000 0 0 0 0000000000000012 38f7e030 f 38f7e030 1 04 38f7e030
0000000000000012 00131e0000000100 1 1e 00000001 0 0 0 0000000000000013 38f7e030 f 38f7e030 0 00 38f7e030
0000000000000013 0023171700000100 1 17 00000001 0 0 0 0000000000000014 38f7e030 f 38f7e030 0 00 38f7e030
0000000000000014 00731e1e00000100 1 1e 00000000 0 0 0 0000000000000015 38f7e030 f 38f7e030 0 00 38f7e030
0000000000000015 0013180000000000 1 18 00000000 0 0 0 0000000000000016 38f7e030 f 38f7e030 0 00 38f7e030
0000000000000016 0102001e18000000 0 00 00000000 5 1 0 0000000000000017 38f7e030 f 38f7e030 0 00 38f7e030
0000000000000017 0215fffffb040000 0 00 00000000 5 1 0 0000000000000018 38f7e030 f 38f7e030 0 00 38f7e030
0000000000000018 7cf5000000000000 0 00 00000000 5 1 0 0000000000000019 38f7e030 f 38f7e030 0 00 38f7e030
DONE retired=25 fault=00 pc=0000000000000018
