0000000000000000 00131d0000000000 1 1d 00000000 0 0 0 0000000000000001
0000000000000001 00130b0000000100 1 0b 00000001 0 0 0 0000000000000002
0000000000000002 00b213030a000000 1 13 00000000 0 0 0 0000000000000003
0000000000000003 8506000000000000 0 00 00000000 0 0 0 0000000000000004
0000000000000004 8506000000000000 0 00 00000000 0 0 0 0000000000000005
0000000000000005 001308007c9f5400 1 08 007c9f54 0 0 0 0000000000000006
0000000000000006 8506000000000000 0 00 00000000 0 0 0 0000000000000007
0000000000000007 00b3090e00000e00 1 09 00000000 0 0 0 0000000000000008
0000000000000008 00130300a6345000 1 03 ffa63450 0 0 0 0000000000000009
0000000000000009 0022110b09000000 1 11 00000001 0 0 0 000000000000000a
000000000000000a 00b212090a000000 1 12 00000000 0 0 0 000000000000000b
000000000000000b 00a20c0e04000000 1 0c 00000000 0 0 0 000000000000000c
000000000000000c 0023080700000100 1 08 00000001 0 0 0 000000000000000d
000000000000000d 00231413ffffff00 1 14 ffffffff 0 0 0 000000000000000e
000000000000000e 0072080a0f000000 1 08 00000000 0 0 0 000000000000000f
000000000000000f 00a30c1200000000 1 0c 00000000 0 0 0 0000000000000010
0000000000000010 00131100ffffff00 1 11 ffffffff 0 0 0 0000000000000011
0000000000000011 8506000000000000 0 00 00000000 0 0 0 0000000000000012
0000000000000012 0023060f579f6200 1 06 00579f62 0 0 0 0000000000000013
0000000000000013 001309002aba9700 1 09 002aba97 0 0 0 0000000000000014
0000000000000014 8506000000000000 0 00 00000000 0 0 0 0000000000000015
0000000000000015 0013100000000000 1 10 00000000 0 0 0 0000000000000016
0000000000000016 8506000000000000 0 00 00000000 0 0 0 0000000000000017
0000000000000017 00130900d7259600 1 09 ffd72596 0 0 0 0000000000000018
0000000000000018 00130c0055555500 1 0c 00555555 0 0 0 0000000000000019
0000000000000019 00130800ddf7a400 1 08 ffddf7a4 0 0 0 000000000000001a
000000000000001a 8506000000000000 0 00 00000000 0 0 0 000000000000001b
000000000000001b 8506000000000000 0 00 00000000 0 0 0 000000000000001c
000000000000001c 00a2111104000000 1 11 ffffffff 0 0 0 000000000000001d
000000000000001d 0022030905000000 1 03 ffd72596 0 0 0 000000000000001e
000000000000001e 8506000000000000 0 00 00000000 0 0 0 000000000000001f
000000000000001f 8506000000000000 0 00 00000000 0 0 0 0000000000000020
0000000000000020 006213050d000000 1 13 00000000 0 0 0 0000000000000021
0000000000000021 00131e0000000200 1 1e 00000002 0 0 0 0000000000000022
0000000000000022 0023151500000100 1 15 00000001 0 0 0 0000000000000023
0000000000000023 00731e1e00000100 1 1e 00000001 0 0 0 0000000000000024
0000000000000024 0102001e1d000000 0 00 00000000 4 0 0 0000000000000025
0000000000000025 0215fffffc040000 0 00 00000000 4 0 1 0000000000000022
0000000000000022 0023151500000100 1 15 00000002 4 0 0 0000000000000023
0000000000000023 00731e1e00000100 1 1e 00000000 4 0 0 0000000000000024
0000000000000024 0102001e1d000000 0 00 00000000 5 1 0 0000000000000025
0000000000000025 0215fffffc040000 0 00 00000000 5 1 0 0000000000000026
0000000000000026 7cf5000000000000 0 00 00000000 5 1 0 0000000000000027
DONE retired=43 fault=00 pc=0000000000000026
