0000000000000000 0013140000004d00 1 14 0000004d 0 0 0 0000000000000001 af8e1757 f af8e1757 0 00 af8e1757
0000000000000001 10610403003ff000 0 00 00000000 0 0 0 0000000000000002 af8e1757 f af8e1757 1 04 af8e1757
0000000000000002 10710402000ff000 0 00 00000000 0 0 0 0000000000000003 af8e1757 f af8e1757 1 04 af8e1757
0000000000000003 107106040010f000 0 00 00000000 0 0 0 0000000000000004 af8e1757 f af8e1757 1 06 af8e1757
0000000000000004 00131600aaaaaa00 1 16 ffaaaaaa 0 0 0 0000000000000005 af8e1757 f af8e1757 0 00 af8e1757
0000000000000005 342003160000f000 0 00 00000000 0 0 0 0000000000000006 af8e1757 f af8e1757 1 03 af8e1757
0000000000000006 108105030000f000 0 00 00000000 0 0 0 0000000000000007 af8e1757 f af8e1757 1 05 af8e1757
0000000000000007 104003050500f000 0 00 00000000 0 0 0 0000000000000008 af8e1757 f af8e1757 1 03 af8e1757
0000000000000008 107105020010f000 0 00 00000000 0 0 0 0000000000000009 af8e1757 f af8e1757 1 05 af8e1757
0000000000000009 107106020000f000 0 00 00000000 0 0 0 000000000000000a af8e1757 f af8e1757 1 06 af8e1757
000000000000000a 100004050200f000 0 00 00000000 0 0 0 000000000000000b af8e1757 f af8e1757 1 04 af8e1757
000000000000000b 0013160000000000 1 16 00000000 0 0 0 000000000000000c af8e1757 f af8e1757 0 00 af8e1757
000000000000000c 342006160000f000 0 00 00000000 0 0 0 000000000000000d af8e1757 f af8e1757 1 06 af8e1757
000000000000000d 108103060010f000 0 00 00000000 0 0 0 000000000000000e af8e1757 f af8e1757 1 03 af8e1757
000000000000000e 103005040300f000 0 00 00000000 0 0 0 000000000000000f af8e1757 f af8e1757 1 05 af8e1757
000000000000000f 1020060303005000 0 00 00000000 0 0 0 0000000000000010 af8e1757 5 05041555 1 06 05041555
0000000000000010 101106030000f000 0 00 00000000 0 0 0 0000000000000011 af8e1757 f af8e1757 1 06 af8e1757
0000000000000011 102006020500f000 0 00 00000000 0 0 0 0000000000000012 af8e1757 f af8e1757 1 06 af8e1757
0000000000000012 1010020602001000 0 00 00000000 0 0 0 0000000000000013 af8e1757 1 280c0003 1 02 280c0003
0000000000000013 101103068000f000 0 00 00000000 0 0 0 0000000000000014 af8e1757 f af8e1757 1 03 af8e1757
0000000000000014 34110300183ef000 0 00 00000000 0 0 0 0000000000000015 af8e1757 f af8e1757 1 03 af8e1757
0000000000000015 341104000000a000 0 00 00000000 0 0 0 0000000000000016 af8e1757 a 00000001 1 04 00000001
0000000000000016 103002060200f000 0 00 00000000 0 0 0 0000000000000017 af8e1757 f af8e1757 1 02 af8e1757
0000000000000017 106106030010f000 0 00 00000000 0 0 0 0000000000000018 af8e1757 f af8e1757 1 06 af8e1757
0000000000000018 00131e0000000200 1 1e 00000002 0 0 0 0000000000000019 af8e1757 f af8e1757 0 00 af8e1757
0000000000000019 0023171700000100 1 17 00000001 0 0 0 000000000000001a af8e1757 f af8e1757 0 00 af8e1757
000000000000001a 00731e1e00000100 1 1e 00000001 0 0 0 000000000000001b af8e1757 f af8e1757 0 00 af8e1757
000000000000001b 0013180000000000 1 18 00000000 0 0 0 000000000000001c af8e1757 f af8e1757 0 00 af8e1757
000000000000001c 0102001e18000000 0 00 00000000 4 0 0 000000000000001d af8e1757 f af8e1757 0 00 af8e1757
000000000000001d 0215fffffb040000 0 00 00000000 4 0 1 0000000000000019 af8e1757 f af8e1757 0 00 af8e1757
0000000000000019 0023171700000100 1 17 00000002 4 0 0 000000000000001a af8e1757 f af8e1757 0 00 af8e1757
000000000000001a 00731e1e00000100 1 1e 00000000 4 0 0 000000000000001b af8e1757 f af8e1757 0 00 af8e1757
000000000000001b 0013180000000000 1 18 00000000 4 0 0 000000000000001c af8e1757 f af8e1757 0 00 af8e1757
000000000000001c 0102001e18000000 0 00 00000000 5 1 0 000000000000001d af8e1757 f af8e1757 0 00 af8e1757
000000000000001d 0215fffffb040000 0 00 00000000 5 1 0 000000000000001e af8e1757 f af8e1757 0 00 af8e1757
000000000000001e 7cf5000000000000 0 00 00000000 5 1 0 000000000000001f af8e1757 f af8e1757 0 00 af8e1757
DONE retired=36 fault=00 pc=000000000000001e
