0000000000000000 0013140000004d00 1 14 0000004d 0 0 0 0000000000000001 0000003f f 0000003f 0 00 0000003f
0000000000000001 00131600ffffff00 1 16 ffffffff 0 0 0 0000000000000002 0000003f f 0000003f 0 00 0000003f
0000000000000002 342003160000f000 0 00 00000000 0 0 0 0000000000000003 0000003f f 0000003f 1 03 0000003f
0000000000000003 10810403001ff000 0 00 00000000 0 0 0 0000000000000004 0000003f f 0000003f 1 04 0000003f
0000000000000004 101002020400f000 0 00 00000000 0 0 0 0000000000000005 0000003f f 0000003f 1 02 0000003f
0000000000000005 3411060000004000 0 00 00000000 0 0 0 0000000000000006 0000003f 4 0000002a 1 06 0000002a
0000000000000006 1000020605000000 0 00 00000000 0 0 0 0000000000000007 0000003f 0 00000015 1 02 00000015
0000000000000007 104003030500f000 0 00 00000000 0 0 0 0000000000000008 0000003f f 0000003f 1 03 0000003f
0000000000000008 100102020001f000 0 00 00000000 0 0 0 0000000000000009 0000003f f 0000003f 1 02 0000003f
0000000000000009 105102048000f000 0 00 00000000 0 0 0 000000000000000a 0000003f f 0000003f 1 02 0000003f
000000000000000a 00131600ffffff00 1 16 ffffffff 0 0 0 000000000000000b 0000003f f 0000003f 0 00 0000003f
000000000000000b 342005160000f000 0 00 00000000 0 0 0 000000000000000c 0000003f f 0000003f 1 05 0000003f
000000000000000c 108102050020f000 0 00 00000000 0 0 0 000000000000000d 0000003f f 0000003f 1 02 0000003f
000000000000000d 106105040000f000 0 00 00000000 0 0 0 000000000000000e 0000003f f 0000003f 1 05 0000003f
000000000000000e 0013150000000000 1 15 00000000 0 0 0 000000000000000f 0000003f f 0000003f 0 00 0000003f
000000000000000f 342003150000d000 0 00 00000000 0 0 0 0000000000000010 0000003f d 00000015 1 03 00000015
0000000000000010 104103030001f000 0 00 00000000 0 0 0 0000000000000011 0000003f f 0000003f 1 03 0000003f
0000000000000011 343005000000f000 0 00 00000000 0 0 0 0000000000000012 0000003f f 0000003f 1 05 0000003f
0000000000000012 106106040021f000 0 00 00000000 0 0 0 0000000000000013 0000003f f 0000003f 1 06 0000003f
0000000000000013 101006040200f000 0 00 00000000 0 0 0 0000000000000014 0000003f f 0000003f 1 06 0000003f
0000000000000014 3411060049ec8000 0 00 00000000 0 0 0 0000000000000015 0000003f 8 0000002a 1 06 0000002a
0000000000000015 107103060000f000 0 00 00000000 0 0 0 0000000000000016 0000003f f 0000003f 1 03 0000003f
0000000000000016 10310406fffff000 0 00 00000000 0 0 0 0000000000000017 0000003f f 0000003f 1 04 0000003f
0000000000000017 00131e0000000100 1 1e 00000001 0 0 0 0000000000000018 0000003f f 0000003f 0 00 0000003f
0000000000000018 0023171700000100 1 17 00000001 0 0 0 0000000000000019 0000003f f 0000003f 0 00 0000003f
0000000000000019 00731e1e00000100 1 1e 00000000 0 0 0 000000000000001a 0000003f f 0000003f 0 00 0000003f
000000000000001a 0013180000000000 1 18 00000000 0 0 0 000000000000001b 0000003f f 0000003f 0 00 0000003f
000000000000001b 0102001e18000000 0 00 00000000 5 1 0 000000000000001c 0000003f f 0000003f 0 00 0000003f
000000000000001c 0215fffffb040000 0 00 00000000 5 1 0 000000000000001d 0000003f f 0000003f 0 00 0000003f
000000000000001d 7cf5000000000000 0 00 00000000 5 1 0 000000000000001e 0000003f f 0000003f 0 00 0000003f
DONE retired=30 fault=00 pc=000000000000001d
