0000000000000000 00131d0000000000 1 1d 00000000 0 0 0 0000000000000001
0000000000000001 00620f0503000000 1 0f 00000000 0 0 0 0000000000000002
0000000000000002 0082070213000000 1 07 00000000 0 0 0 0000000000000003
0000000000000003 8506000000000000 0 00 00000000 0 0 0 0000000000000004
0000000000000004 8506000000000000 0 00 00000000 0 0 0 0000000000000005
0000000000000005 8506000000000000 0 00 00000000 0 0 0 0000000000000006
0000000000000006 0112000214000000 0 00 00000000 5 0 0 0000000000000007
0000000000000007 0215000001030000 0 00 00000000 5 0 1 0000000000000009
0000000000000009 8506000000000000 0 00 00000000 5 0 0 000000000000000a
000000000000000a 0112000d12000000 0 00 00000000 5 0 0 000000000000000b
000000000000000b 02150000010e0000 0 00 00000000 5 0 1 000000000000000d
000000000000000d 0072111110000000 1 11 00000000 5 0 0 000000000000000e
000000000000000e 0102001212000000 0 00 00000000 5 1 0 000000000000000f
000000000000000f 02150000020c0000 0 00 00000000 5 1 1 0000000000000012
0000000000000012 00a2010814000000 1 01 00000000 5 1 0 0000000000000013
0000000000000013 00130d002994dd00 1 0d 002994dd 5 1 0 0000000000000014
0000000000000014 8506000000000000 0 00 00000000 5 1 0 0000000000000015
0000000000000015 00920c0a00000000 1 0c ffffffff 5 1 0 0000000000000016
0000000000000016 0112000406000000 0 00 00000000 5 0 0 0000000000000017
0000000000000017 02150000020b0000 0 00 00000000 5 0 0 0000000000000018
0000000000000018 8506000000000000 0 00 00000000 5 0 0 0000000000000019
0000000000000019 8506000000000000 0 00 00000000 5 0 0 000000000000001a
000000000000001a 0122000e0b000000 0 00 00000000 5 0 0 000000000000001b
000000000000001b 02150000030d0000 0 00 00000000 5 0 0 000000000000001c
000000000000001c 8506000000000000 0 00 00000000 5 0 0 000000000000001d
000000000000001d 8506000000000000 0 00 00000000 5 0 0 000000000000001e
000000000000001e 8506000000000000 0 00 00000000 5 0 0 000000000000001f
000000000000001f 0306000000000a00 1 0a 00000000 5 0 0 0000000000000020
0000000000000020 001314007b3f5000 1 14 007b3f50 5 0 0 0000000000000021
0000000000000021 8506000000000000 0 00 00000000 5 0 0 0000000000000022
0000000000000022 8506000000000000 0 00 00000000 5 0 0 0000000000000023
0000000000000023 8506000000000000 0 00 00000000 5 0 0 0000000000000024
0000000000000024 8506000000000000 0 00 00000000 5 0 0 0000000000000025
0000000000000025 8506000000000000 0 00 00000000 5 0 0 0000000000000026
0000000000000026 0122000a0a000000 0 00 00000000 5 0 0 0000000000000027
0000000000000027 0215000003040000 0 00 00000000 5 0 0 0000000000000028
0000000000000028 8506000000000000 0 00 00000000 5 0 0 0000000000000029
0000000000000029 8506000000000000 0 00 00000000 5 0 0 000000000000002a
000000000000002a 8506000000000000 0 00 00000000 5 0 0 000000000000002b
000000000000002b 002212050a000000 1 12 00000000 5 0 0 000000000000002c
000000000000002c 8506000000000000 0 00 00000000 5 0 0 000000000000002d
000000000000002d 00630e0400000400 1 0e 00000000 5 0 0 000000000000002e
000000000000002e 00420c1314000000 1 0c 00000000 5 0 0 000000000000002f
000000000000002f 00a3040800001400 1 04 00000000 5 0 0 0000000000000030
0000000000000030 00920a0e00000000 1 0a ffffffff 5 0 0 0000000000000031
0000000000000031 00131e0000000300 1 1e 00000003 5 0 0 0000000000000032
0000000000000032 0023151500000100 1 15 00000001 5 0 0 0000000000000033
0000000000000033 00731e1e00000100 1 1e 00000002 5 0 0 0000000000000034
0000000000000034 0102001e1d000000 0 00 00000000 4 0 0 0000000000000035
0000000000000035 0215fffffc040000 0 00 00000000 4 0 1 0000000000000032
0000000000000032 0023151500000100 1 15 00000002 4 0 0 0000000000000033
0000000000000033 00731e1e00000100 1 1e 00000001 4 0 0 0000000000000034
0000000000000034 0102001e1d000000 0 00 00000000 4 0 0 0000000000000035
0000000000000035 0215fffffc040000 0 00 00000000 4 0 1 0000000000000032
0000000000000032 0023151500000100 1 15 00000003 4 0 0 0000000000000033
0000000000000033 00731e1e00000100 1 1e 00000000 4 0 0 0000000000000034
0000000000000034 0102001e1d000000 0 00 00000000 5 1 0 0000000000000035
0000000000000035 0215fffffc040000 0 00 00000000 5 1 0 0000000000000036
0000000000000036 7cf5000000000000 0 00 00000000 5 1 0 0000000000000037
DONE retired=59 fault=00 pc=0000000000000036
