0000000000000000 0013140000004d00 1 14 0000004d 0 0 0 0000000000000001 aaaaaaaa f aaaaaaaa 0 00 aaaaaaaa
0000000000000001 106106060000f000 0 00 00000000 0 0 0 0000000000000002 aaaaaaaa f aaaaaaaa 1 06 aaaaaaaa
0000000000000002 00131500ffffff00 1 15 ffffffff 0 0 0 0000000000000003 aaaaaaaa f aaaaaaaa 0 00 aaaaaaaa
0000000000000003 342006150000e000 0 00 00000000 0 0 0 0000000000000004 aaaaaaaa e a0808a00 1 06 a0808a00
0000000000000004 104005020300f000 0 00 00000000 0 0 0 0000000000000005 aaaaaaaa f aaaaaaaa 1 05 aaaaaaaa
0000000000000005 102002040300f000 0 00 00000000 0 0 0 0000000000000006 aaaaaaaa f aaaaaaaa 1 02 aaaaaaaa
0000000000000006 0013150055555500 1 15 00555555 0 0 0 0000000000000007 aaaaaaaa f aaaaaaaa 0 00 aaaaaaaa
0000000000000007 342006150000a000 0 00 00000000 0 0 0 0000000000000008 aaaaaaaa a a0a82882 1 06 a0a82882
0000000000000008 340004020000f000 0 00 00000000 0 0 0 0000000000000009 aaaaaaaa f aaaaaaaa 1 04 aaaaaaaa
0000000000000009 100005030200f000 0 00 00000000 0 0 0 000000000000000a aaaaaaaa f aaaaaaaa 1 05 aaaaaaaa
000000000000000a 104006060300e000 0 00 00000000 0 0 0 000000000000000b aaaaaaaa e a0808a00 1 06 a0808a00
000000000000000b 341104007ffff000 0 00 00000000 0 0 0 000000000000000c aaaaaaaa f aaaaaaaa 1 04 aaaaaaaa
000000000000000c 106102020001f000 0 00 00000000 0 0 0 000000000000000d aaaaaaaa f aaaaaaaa 1 02 aaaaaaaa
000000000000000d 0013150000000100 1 15 00000001 0 0 0 000000000000000e aaaaaaaa f aaaaaaaa 0 00 aaaaaaaa
000000000000000e 342006150000f000 0 00 00000000 0 0 0 000000000000000f aaaaaaaa f aaaaaaaa 1 06 aaaaaaaa
000000000000000f 00131e0000000200 1 1e 00000002 0 0 0 0000000000000010 aaaaaaaa f aaaaaaaa 0 00 aaaaaaaa
0000000000000010 0023171700000100 1 17 00000001 0 0 0 0000000000000011 aaaaaaaa f aaaaaaaa 0 00 aaaaaaaa
0000000000000011 00731e1e00000100 1 1e 00000001 0 0 0 0000000000000012 aaaaaaaa f aaaaaaaa 0 00 aaaaaaaa
0000000000000012 0013180000000000 1 18 00000000 0 0 0 0000000000000013 aaaaaaaa f aaaaaaaa 0 00 aaaaaaaa
0000000000000013 0102001e18000000 0 00 00000000 4 0 0 0000000000000014 aaaaaaaa f aaaaaaaa 0 00 aaaaaaaa
0000000000000014 0215fffffb040000 0 00 00000000 4 0 1 0000000000000010 aaaaaaaa f aaaaaaaa 0 00 aaaaaaaa
0000000000000010 0023171700000100 1 17 00000002 4 0 0 0000000000000011 aaaaaaaa f aaaaaaaa 0 00 aaaaaaaa
0000000000000011 00731e1e00000100 1 1e 00000000 4 0 0 0000000000000012 aaaaaaaa f aaaaaaaa 0 00 aaaaaaaa
0000000000000012 0013180000000000 1 18 00000000 4 0 0 0000000000000013 aaaaaaaa f aaaaaaaa 0 00 aaaaaaaa
0000000000000013 0102001e18000000 0 00 00000000 5 1 0 0000000000000014 aaaaaaaa f aaaaaaaa 0 00 aaaaaaaa
0000000000000014 0215fffffb040000 0 00 00000000 5 1 0 0000000000000015 aaaaaaaa f aaaaaaaa 0 00 aaaaaaaa
0000000000000015 7cf5000000000000 0 00 00000000 5 1 0 0000000000000016 aaaaaaaa f aaaaaaaa 0 00 aaaaaaaa
DONE retired=27 fault=00 pc=0000000000000015
