0000000000000000 00131d0000000000 1 1d 00000000 0 0 0 0000000000000001
0000000000000001 007309095e845000 1 09 ffa17bb0 0 0 0 0000000000000002
0000000000000002 0306000000000500 1 05 00000000 0 0 0 0000000000000003
0000000000000003 00130d0005cff400 1 0d 0005cff4 0 0 0 0000000000000004
0000000000000004 0022131105000000 1 13 00000000 0 0 0 0000000000000005
0000000000000005 00230a0813398800 1 0a 00133988 0 0 0 0000000000000006
0000000000000006 00130b00848f6d00 1 0b ff848f6d 0 0 0 0000000000000007
0000000000000007 8506000000000000 0 00 00000000 0 0 0 0000000000000008
0000000000000008 00730e0400000000 1 0e 00000000 0 0 0 0000000000000009
0000000000000009 00131400ffffff00 1 14 ffffffff 0 0 0 000000000000000a
000000000000000a 8506000000000000 0 00 00000000 0 0 0 000000000000000b
000000000000000b 8506000000000000 0 00 00000000 0 0 0 000000000000000c
000000000000000c 0013070000000100 1 07 00000001 0 0 0 000000000000000d
000000000000000d 0022021109000000 1 02 ffa17bb0 0 0 0 000000000000000e
000000000000000e 8506000000000000 0 00 00000000 0 0 0 000000000000000f
000000000000000f 8506000000000000 0 00 00000000 0 0 0 0000000000000010
0000000000000010 8506000000000000 0 00 00000000 0 0 0 0000000000000011
0000000000000011 8506000000000000 0 00 00000000 0 0 0 0000000000000012
0000000000000012 0042111110000000 1 11 00000000 0 0 0 0000000000000013
0000000000000013 0122000507000000 0 00 00000000 2 0 0 0000000000000014
0000000000000014 0215000001030000 0 00 00000000 2 0 0 0000000000000015
0000000000000015 8506000000000000 0 00 00000000 2 0 0 0000000000000016
0000000000000016 00131e0000000300 1 1e 00000003 2 0 0 0000000000000017
0000000000000017 0023151500000100 1 15 00000001 2 0 0 0000000000000018
0000000000000018 00731e1e00000100 1 1e 00000002 2 0 0 0000000000000019
0000000000000019 0102001e1d000000 0 00 00000000 4 0 0 000000000000001a
000000000000001a 0215fffffc040000 0 00 00000000 4 0 1 0000000000000017
0000000000000017 0023151500000100 1 15 00000002 4 0 0 0000000000000018
0000000000000018 00731e1e00000100 1 1e 00000001 4 0 0 0000000000000019
0000000000000019 0102001e1d000000 0 00 00000000 4 0 0 000000000000001a
000000000000001a 0215fffffc040000 0 00 00000000 4 0 1 0000000000000017
0000000000000017 0023151500000100 1 15 00000003 4 0 0 0000000000000018
0000000000000018 00731e1e00000100 1 1e 00000000 4 0 0 0000000000000019
0000000000000019 0102001e1d000000 0 00 00000000 5 1 0 000000000000001a
000000000000001a 0215fffffc040000 0 00 00000000 5 1 0 000000000000001b
000000000000001b 7cf5000000000000 0 00 00000000 5 1 0 000000000000001c
DONE retired=36 fault=00 pc=000000000000001b
