0000000000000000 00131d0000000000 1 1d 00000000 0 0 0 0000000000000001
0000000000000001 0063041200000e00 1 04 00000000 0 0 0 0000000000000002
0000000000000002 8506000000000000 0 00 00000000 0 0 0 0000000000000003
0000000000000003 0082140405000000 1 14 00000000 0 0 0 0000000000000004
0000000000000004 0073020bffffff00 1 02 00000001 0 0 0 0000000000000005
0000000000000005 8506000000000000 0 00 00000000 0 0 0 0000000000000006
0000000000000006 00b2111203000000 1 11 00000000 0 0 0 0000000000000007
0000000000000007 012200080d000000 0 00 00000000 5 0 0 0000000000000008
0000000000000008 0215000002040000 0 00 00000000 5 0 0 0000000000000009
0000000000000009 8506000000000000 0 00 00000000 5 0 0 000000000000000a
000000000000000a 8506000000000000 0 00 00000000 5 0 0 000000000000000b
000000000000000b 0032010102000000 1 01 00000000 5 0 0 000000000000000c
000000000000000c 0112000811000000 0 00 00000000 5 0 0 000000000000000d
000000000000000d 02150000030e0000 0 00 00000000 5 0 1 0000000000000011
0000000000000011 0013100050e5b500 1 10 0050e5b5 5 0 0 0000000000000012
0000000000000012 8506000000000000 0 00 00000000 5 0 0 0000000000000013
0000000000000013 00a2070c11000000 1 07 00000000 5 0 0 0000000000000014
0000000000000014 8506000000000000 0 00 00000000 5 0 0 0000000000000015
0000000000000015 00b30d1000000f00 1 0d 000000a1 5 0 0 0000000000000016
0000000000000016 0306000000000900 1 09 00000000 5 0 0 0000000000000017
0000000000000017 0306000000000200 1 02 00000000 5 0 0 0000000000000018
0000000000000018 0082110c09000000 1 11 00000000 5 0 0 0000000000000019
0000000000000019 8506000000000000 0 00 00000000 5 0 0 000000000000001a
000000000000001a 00a2030d05000000 1 03 000000a1 5 0 0 000000000000001b
000000000000001b 0032061107000000 1 06 00000000 5 0 0 000000000000001c
000000000000001c 0013140055555500 1 14 00555555 5 0 0 000000000000001d
000000000000001d 0112000b06000000 0 00 00000000 5 0 0 000000000000001e
000000000000001e 0215000003010000 0 00 00000000 5 0 0 000000000000001f
000000000000001f 8506000000000000 0 00 00000000 5 0 0 0000000000000020
0000000000000020 8506000000000000 0 00 00000000 5 0 0 0000000000000021
0000000000000021 8506000000000000 0 00 00000000 5 0 0 0000000000000022
0000000000000022 0092050e00000000 1 05 ffffffff 5 0 0 0000000000000023
0000000000000023 00131e0000000200 1 1e 00000002 5 0 0 0000000000000024
0000000000000024 0023151500000100 1 15 00000001 5 0 0 0000000000000025
0000000000000025 00731e1e00000100 1 1e 00000001 5 0 0 0000000000000026
0000000000000026 0102001e1d000000 0 00 00000000 4 0 0 0000000000000027
0000000000000027 0215fffffc040000 0 00 00000000 4 0 1 0000000000000024
0000000000000024 0023151500000100 1 15 00000002 4 0 0 0000000000000025
0000000000000025 00731e1e00000100 1 1e 00000000 4 0 0 0000000000000026
0000000000000026 0102001e1d000000 0 00 00000000 5 1 0 0000000000000027
0000000000000027 0215fffffc040000 0 00 00000000 5 1 0 0000000000000028
0000000000000028 7cf5000000000000 0 00 00000000 5 1 0 0000000000000029
DONE retired=42 fault=00 pc=0000000000000028
