0000000000000000 00131d0000000000 1 1d 00000000 0 0 0 0000000000000001
0000000000000001 0112000409000000 0 00 00000000 5 0 0 0000000000000002
0000000000000002 02150000030c0000 0 00 00000000 5 0 1 0000000000000006
0000000000000006 8506000000000000 0 00 00000000 5 0 0 0000000000000007
0000000000000007 00230310711d8f00 1 03 00711d8f 5 0 0 0000000000000008
0000000000000008 0042061203000000 1 06 00000000 5 0 0 0000000000000009
0000000000000009 00130900cee1eb00 1 09 ffcee1eb 5 0 0 000000000000000a
000000000000000a 8506000000000000 0 00 00000000 5 0 0 000000000000000b
000000000000000b 0122001410000000 0 00 00000000 5 0 0 000000000000000c
000000000000000c 02150000010b0000 0 00 00000000 5 0 0 000000000000000d
000000000000000d 8506000000000000 0 00 00000000 5 0 0 000000000000000e
000000000000000e 8506000000000000 0 00 00000000 5 0 0 000000000000000f
000000000000000f 0306000000001300 1 13 00000000 5 0 0 0000000000000010
0000000000000010 0092020200000000 1 02 ffffffff 5 0 0 0000000000000011
0000000000000011 8506000000000000 0 00 00000000 5 0 0 0000000000000012
0000000000000012 00820e0901000000 1 0e ffcee1eb 5 0 0 0000000000000013
0000000000000013 0042050d0a000000 1 05 00000000 5 0 0 0000000000000014
0000000000000014 00730813ffffff00 1 08 00000001 5 0 0 0000000000000015
0000000000000015 0042040209000000 1 04 ffcee1eb 5 0 0 0000000000000016
0000000000000016 00131e0000000300 1 1e 00000003 5 0 0 0000000000000017
0000000000000017 0023151500000100 1 15 00000001 5 0 0 0000000000000018
0000000000000018 00731e1e00000100 1 1e 00000002 5 0 0 0000000000000019
0000000000000019 0102001e1d000000 0 00 00000000 4 0 0 000000000000001a
000000000000001a 0215fffffc040000 0 00 00000000 4 0 1 0000000000000017
0000000000000017 0023151500000100 1 15 00000002 4 0 0 0000000000000018
0000000000000018 00731e1e00000100 1 1e 00000001 4 0 0 0000000000000019
0000000000000019 0102001e1d000000 0 00 00000000 4 0 0 000000000000001a
000000000000001a 0215fffffc040000 0 00 00000000 4 0 1 0000000000000017
0000000000000017 0023151500000100 1 15 00000003 4 0 0 0000000000000018
0000000000000018 00731e1e00000100 1 1e 00000000 4 0 0 0000000000000019
0000000000000019 0102001e1d000000 0 00 00000000 5 1 0 000000000000001a
000000000000001a 0215fffffc040000 0 00 00000000 5 1 0 000000000000001b
000000000000001b 7cf5000000000000 0 00 00000000 5 1 0 000000000000001c
DONE retired=33 fault=00 pc=000000000000001b
