0000000000000000 00131d0000000000 1 1d 00000000 0 0 0 0000000000000001
0000000000000001 00130b004259bd00 1 0b 004259bd 0 0 0 0000000000000002
0000000000000002 0063080300000300 1 08 00000000 0 0 0 0000000000000003
0000000000000003 8506000000000000 0 00 00000000 0 0 0 0000000000000004
0000000000000004 0052140d0c000000 1 14 00000000 0 0 0 0000000000000005
0000000000000005 8506000000000000 0 00 00000000 0 0 0 0000000000000006
0000000000000006 00b3120d00001b00 1 12 00000000 0 0 0 0000000000000007
0000000000000007 003207050f000000 1 07 00000000 0 0 0 0000000000000008
0000000000000008 0013020016ea7f00 1 02 0016ea7f 0 0 0 0000000000000009
0000000000000009 00b203090b000000 1 03 00000000 0 0 0 000000000000000a
000000000000000a 00730914a072ae00 1 09 005f8d52 0 0 0 000000000000000b
000000000000000b 0013130064c59100 1 13 0064c591 0 0 0 000000000000000c
000000000000000c 00131000ffffff00 1 10 ffffffff 0 0 0 000000000000000d
000000000000000d 00131e0000000100 1 1e 00000001 0 0 0 000000000000000e
000000000000000e 0023151500000100 1 15 00000001 0 0 0 000000000000000f
000000000000000f 00731e1e00000100 1 1e 00000000 0 0 0 0000000000000010
0000000000000010 0102001e1d000000 0 00 00000000 5 1 0 0000000000000011
0000000000000011 0215fffffc040000 0 00 00000000 5 1 0 0000000000000012
0000000000000012 7cf5000000000000 0 00 00000000 5 1 0 0000000000000013
DONE retired=19 fault=00 pc=0000000000000012
