0000000000000000 00131d0000000000 1 1d 00000000 0 0 0 0000000000000001
0000000000000001 00130f00ffffff00 1 0f ffffffff 0 0 0 0000000000000002
0000000000000002 00130c0000c18e00 1 0c 0000c18e 0 0 0 0000000000000003
0000000000000003 0112000310000000 0 00 00000000 5 0 0 0000000000000004
0000000000000004 02150000020b0000 0 00 00000000 5 0 0 0000000000000005
0000000000000005 8506000000000000 0 00 00000000 5 0 0 0000000000000006
0000000000000006 8506000000000000 0 00 00000000 5 0 0 0000000000000007
0000000000000007 00130d000ad2df00 1 0d 000ad2df 5 0 0 0000000000000008
0000000000000008 00520e0b02000000 1 0e 00000000 5 0 0 0000000000000009
0000000000000009 00730d1000000000 1 0d 00000000 5 0 0 000000000000000a
000000000000000a 00130c00664ddd00 1 0c 00664ddd 5 0 0 000000000000000b
000000000000000b 0013130039efff00 1 13 0039efff 5 0 0 000000000000000c
000000000000000c 8506000000000000 0 00 00000000 5 0 0 000000000000000d
000000000000000d 005212050c000000 1 12 00664ddd 5 0 0 000000000000000e
000000000000000e 0072040d0d000000 1 04 00000000 5 0 0 000000000000000f
000000000000000f 0063070200001d00 1 07 00000000 5 0 0 0000000000000010
0000000000000010 00230e0800000100 1 0e 00000001 5 0 0 0000000000000011
0000000000000011 00131300ef2c7700 1 13 ffef2c77 5 0 0 0000000000000012
0000000000000012 00720b0213000000 1 0b 0010d389 5 0 0 0000000000000013
0000000000000013 0013140000000000 1 14 00000000 5 0 0 0000000000000014
0000000000000014 0122001209000000 0 00 00000000 4 1 0 0000000000000015
0000000000000015 0215000003040000 0 00 00000000 4 1 1 0000000000000019
0000000000000019 8506000000000000 0 00 00000000 4 1 0 000000000000001a
000000000000001a 0122001205000000 0 00 00000000 4 1 0 000000000000001b
000000000000001b 02150000010d0000 0 00 00000000 4 1 0 000000000000001c
000000000000001c 8506000000000000 0 00 00000000 4 1 0 000000000000001d
000000000000001d 001306002d62a400 1 06 002d62a4 4 1 0 000000000000001e
000000000000001e 0013030055555500 1 03 00555555 4 1 0 000000000000001f
000000000000001f 00620b1004000000 1 0b 00000000 4 1 0 0000000000000020
0000000000000020 8506000000000000 0 00 00000000 4 1 0 0000000000000021
0000000000000021 8506000000000000 0 00 00000000 4 1 0 0000000000000022
0000000000000022 0306000000000100 1 01 00000000 4 1 0 0000000000000023
0000000000000023 00130c000511c300 1 0c 000511c3 4 1 0 0000000000000024
0000000000000024 00730701488e5e00 1 07 ffb771a2 4 1 0 0000000000000025
0000000000000025 00130400aaaaaa00 1 04 ffaaaaaa 4 1 0 0000000000000026
0000000000000026 0102000704000000 0 00 00000000 4 0 0 0000000000000027
0000000000000027 0215000002020000 0 00 00000000 4 0 1 000000000000002a
000000000000002a 0112000d05000000 0 00 00000000 5 0 0 000000000000002b
000000000000002b 0215000002040000 0 00 00000000 5 0 0 000000000000002c
000000000000002c 8506000000000000 0 00 00000000 5 0 0 000000000000002d
000000000000002d 8506000000000000 0 00 00000000 5 0 0 000000000000002e
000000000000002e 00131e0000000400 1 1e 00000004 5 0 0 000000000000002f
000000000000002f 0023151500000100 1 15 00000001 5 0 0 0000000000000030
0000000000000030 00731e1e00000100 1 1e 00000003 5 0 0 0000000000000031
0000000000000031 0102001e1d000000 0 00 00000000 4 0 0 0000000000000032
0000000000000032 0215fffffc040000 0 00 00000000 4 0 1 000000000000002f
000000000000002f 0023151500000100 1 15 00000002 4 0 0 0000000000000030
0000000000000030 00731e1e00000100 1 1e 00000002 4 0 0 0000000000000031
0000000000000031 0102001e1d000000 0 00 00000000 4 0 0 0000000000000032
0000000000000032 0215fffffc040000 0 00 00000000 4 0 1 000000000000002f
000000000000002f 0023151500000100 1 15 00000003 4 0 0 0000000000000030
0000000000000030 00731e1e00000100 1 1e 00000001 4 0 0 0000000000000031
0000000000000031 0102001e1d000000 0 00 00000000 4 0 0 0000000000000032
0000000000000032 0215fffffc040000 0 00 00000000 4 0 1 000000000000002f
000000000000002f 0023151500000100 1 15 00000004 4 0 0 0000000000000030
0000000000000030 00731e1e00000100 1 1e 00000000 4 0 0 0000000000000031
0000000000000031 0102001e1d000000 0 00 00000000 5 1 0 0000000000000032
0000000000000032 0215fffffc040000 0 00 00000000 5 1 0 0000000000000033
0000000000000033 7cf5000000000000 0 00 00000000 5 1 0 0000000000000034
DONE retired=59 fault=00 pc=0000000000000033
