0000000000000000 00131d0000000000 1 1d 00000000 0 0 0 0000000000000001
0000000000000001 00130b0055555500 1 0b 00555555 0 0 0 0000000000000002
0000000000000002 0092140200000000 1 14 ffffffff 0 0 0 0000000000000003
0000000000000003 00730705df7f9d00 1 07 00208063 0 0 0 0000000000000004
0000000000000004 8506000000000000 0 00 00000000 0 0 0 0000000000000005
0000000000000005 0082130307000000 1 13 00208063 0 0 0 0000000000000006
0000000000000006 00130d00ffffff00 1 0d ffffffff 0 0 0 0000000000000007
0000000000000007 00730a0dffffff00 1 0a 00000000 0 0 0 0000000000000008
0000000000000008 00420a040e000000 1 0a 00000000 0 0 0 0000000000000009
0000000000000009 0306000000000d00 1 0d 00000000 0 0 0 000000000000000a
000000000000000a 0306000000000500 1 05 00000000 0 0 0 000000000000000b
000000000000000b 0122000f10000000 0 00 00000000 5 0 0 000000000000000c
000000000000000c 02150000030b0000 0 00 00000000 5 0 0 000000000000000d
000000000000000d 8506000000000000 0 00 00000000 5 0 0 000000000000000e
000000000000000e 8506000000000000 0 00 00000000 5 0 0 000000000000000f
000000000000000f 8506000000000000 0 00 00000000 5 0 0 0000000000000010
0000000000000010 8506000000000000 0 00 00000000 5 0 0 0000000000000011
0000000000000011 0032081307000000 1 08 59232649 5 0 0 0000000000000012
0000000000000012 00620a0b0c000000 1 0a 00555555 5 0 0 0000000000000013
0000000000000013 0102001208000000 0 00 00000000 2 0 0 0000000000000014
0000000000000014 02150000010c0000 0 00 00000000 2 0 0 0000000000000015
0000000000000015 8506000000000000 0 00 00000000 2 0 0 0000000000000016
0000000000000016 0306000000000d00 1 0d 00000000 2 0 0 0000000000000017
0000000000000017 00920a0500000000 1 0a ffffffff 2 0 0 0000000000000018
0000000000000018 8506000000000000 0 00 00000000 2 0 0 0000000000000019
0000000000000019 00730e0f00000000 1 0e 00000000 2 0 0 000000000000001a
000000000000001a 00130a0000000100 1 0a 00000001 2 0 0 000000000000001b
000000000000001b 0032011011000000 1 01 00000000 2 0 0 000000000000001c
000000000000001c 0023100fffffff00 1 10 ffffffff 2 0 0 000000000000001d
000000000000001d 00b20c0510000000 1 0c 00000000 2 0 0 000000000000001e
000000000000001e 8506000000000000 0 00 00000000 2 0 0 000000000000001f
000000000000001f 0073030400000100 1 03 ffffffff 2 0 0 0000000000000020
0000000000000020 00b20a0a04000000 1 0a 00000001 2 0 0 0000000000000021
0000000000000021 00130a00beeb4000 1 0a ffbeeb40 2 0 0 0000000000000022
0000000000000022 8506000000000000 0 00 00000000 2 0 0 0000000000000023
0000000000000023 00131200ffffff00 1 12 ffffffff 2 0 0 0000000000000024
0000000000000024 0122000607000000 0 00 00000000 2 0 0 0000000000000025
0000000000000025 0215000002020000 0 00 00000000 2 0 1 0000000000000028
0000000000000028 0022080907000000 1 08 00208063 2 0 0 0000000000000029
0000000000000029 00420e0d10000000 1 0e 00000000 2 0 0 000000000000002a
000000000000002a 0306000000000b00 1 0b 00000000 2 0 0 000000000000002b
000000000000002b 00a3131000000b00 1 13 001fffff 2 0 0 000000000000002c
000000000000002c 00131e0000000400 1 1e 00000004 2 0 0 000000000000002d
000000000000002d 0023151500000100 1 15 00000001 2 0 0 000000000000002e
000000000000002e 00731e1e00000100 1 1e 00000003 2 0 0 000000000000002f
000000000000002f 0102001e1d000000 0 00 00000000 4 0 0 0000000000000030
0000000000000030 0215fffffc040000 0 00 00000000 4 0 1 000000000000002d
000000000000002d 0023151500000100 1 15 00000002 4 0 0 000000000000002e
000000000000002e 00731e1e00000100 1 1e 00000002 4 0 0 000000000000002f
000000000000002f 0102001e1d000000 0 00 00000000 4 0 0 0000000000000030
0000000000000030 0215fffffc040000 0 00 00000000 4 0 1 000000000000002d
000000000000002d 0023151500000100 1 15 00000003 4 0 0 000000000000002e
000000000000002e 00731e1e00000100 1 1e 00000001 4 0 0 000000000000002f
000000000000002f 0102001e1d000000 0 00 00000000 4 0 0 0000000000000030
0000000000000030 0215fffffc040000 0 00 00000000 4 0 1 000000000000002d
000000000000002d 0023151500000100 1 15 00000004 4 0 0 000000000000002e
000000000000002e 00731e1e00000100 1 1e 00000000 4 0 0 000000000000002f
000000000000002f 0102001e1d000000 0 00 00000000 5 1 0 0000000000000030
0000000000000030 0215fffffc040000 0 00 00000000 5 1 0 0000000000000031
0000000000000031 7cf5000000000000 0 00 00000000 5 1 0 0000000000000032
DONE retired=60 fault=00 pc=0000000000000031
