0000000000000000 00131d0000000000 1 1d 00000000 0 0 0 0000000000000001
0000000000000001 00720d080b000000 1 0d 00000000 0 0 0 0000000000000002
0000000000000002 00131200718b2500 1 12 00718b25 0 0 0 0000000000000003
0000000000000003 0092051000000000 1 05 ffffffff 0 0 0 0000000000000004
0000000000000004 0306000000000500 1 05 00000000 0 0 0 0000000000000005
0000000000000005 00130900ffffff00 1 09 ffffffff 0 0 0 0000000000000006
0000000000000006 00130400acbba800 1 04 ffacbba8 0 0 0 0000000000000007
0000000000000007 00920b0500000000 1 0b ffffffff 0 0 0 0000000000000008
0000000000000008 00b3140400000900 1 14 ffffd65d 0 0 0 0000000000000009
0000000000000009 007206110f000000 1 06 00000000 0 0 0 000000000000000a
000000000000000a 0122000b0a000000 0 00 00000000 6 0 0 000000000000000b
000000000000000b 02150000030c0000 0 00 00000000 6 0 0 000000000000000c
000000000000000c 8506000000000000 0 00 00000000 6 0 0 000000000000000d
000000000000000d 8506000000000000 0 00 00000000 6 0 0 000000000000000e
000000000000000e 8506000000000000 0 00 00000000 6 0 0 000000000000000f
000000000000000f 8506000000000000 0 00 00000000 6 0 0 0000000000000010
0000000000000010 012200060d000000 0 00 00000000 5 0 0 0000000000000011
0000000000000011 0215000001040000 0 00 00000000 5 0 0 0000000000000012
0000000000000012 8506000000000000 0 00 00000000 5 0 0 0000000000000013
0000000000000013 0082070908000000 1 07 ffffffff 5 0 0 0000000000000014
0000000000000014 00b2140e06000000 1 14 00000000 5 0 0 0000000000000015
0000000000000015 0072020c0d000000 1 02 00000000 5 0 0 0000000000000016
0000000000000016 00131100aaaaaa00 1 11 ffaaaaaa 5 0 0 0000000000000017
0000000000000017 00820d0d0a000000 1 0d 00000000 5 0 0 0000000000000018
0000000000000018 0082071001000000 1 07 00000000 5 0 0 0000000000000019
0000000000000019 0073131184fa4600 1 13 0025b064 5 0 0 000000000000001a
000000000000001a 00b3070a00001a00 1 07 00000000 5 0 0 000000000000001b
000000000000001b 0122001004000000 0 00 00000000 0 1 0 000000000000001c
000000000000001c 02150000030e0000 0 00 00000000 0 1 0 000000000000001d
000000000000001d 8506000000000000 0 00 00000000 0 1 0 000000000000001e
000000000000001e 8506000000000000 0 00 00000000 0 1 0 000000000000001f
000000000000001f 8506000000000000 0 00 00000000 0 1 0 0000000000000020
0000000000000020 8506000000000000 0 00 00000000 0 1 0 0000000000000021
0000000000000021 0306000000000800 1 08 00000000 0 1 0 0000000000000022
0000000000000022 00730b122c15bf00 1 0b 00457566 0 1 0 0000000000000023
0000000000000023 0122000c09000000 0 00 00000000 0 1 0 0000000000000024
0000000000000024 0215000003030000 0 00 00000000 0 1 0 0000000000000025
0000000000000025 8506000000000000 0 00 00000000 0 1 0 0000000000000026
0000000000000026 8506000000000000 0 00 00000000 0 1 0 0000000000000027
0000000000000027 8506000000000000 0 00 00000000 0 1 0 0000000000000028
0000000000000028 00a3010b00000d00 1 01 0000022b 0 1 0 0000000000000029
0000000000000029 00130100ed393f00 1 01 ffed393f 0 1 0 000000000000002a
000000000000002a 001310009eecc000 1 10 ff9eecc0 0 1 0 000000000000002b
000000000000002b 8506000000000000 0 00 00000000 0 1 0 000000000000002c
000000000000002c 8506000000000000 0 00 00000000 0 1 0 000000000000002d
000000000000002d 0112000b13000000 0 00 00000000 4 0 0 000000000000002e
000000000000002e 0215000003020000 0 00 00000000 4 0 1 0000000000000032
0000000000000032 00a3040300001900 1 04 00000000 4 0 0 0000000000000033
0000000000000033 004206130b000000 1 06 00053064 4 0 0 0000000000000034
0000000000000034 8506000000000000 0 00 00000000 4 0 0 0000000000000035
0000000000000035 00730a0100000100 1 0a ffed393e 4 0 0 0000000000000036
0000000000000036 0092061200000000 1 06 ff8e74da 4 0 0 0000000000000037
0000000000000037 0306000000001400 1 14 00000000 4 0 0 0000000000000038
0000000000000038 0013080051c17a00 1 08 0051c17a 4 0 0 0000000000000039
0000000000000039 00230b091d731400 1 0b 001d7313 4 0 0 000000000000003a
000000000000003a 00131e0000000400 1 1e 00000004 4 0 0 000000000000003b
000000000000003b 0023151500000100 1 15 00000001 4 0 0 000000000000003c
000000000000003c 00731e1e00000100 1 1e 00000003 4 0 0 000000000000003d
000000000000003d 0102001e1d000000 0 00 00000000 4 0 0 000000000000003e
000000000000003e 0215fffffc040000 0 00 00000000 4 0 1 000000000000003b
000000000000003b 0023151500000100 1 15 00000002 4 0 0 000000000000003c
000000000000003c 00731e1e00000100 1 1e 00000002 4 0 0 000000000000003d
000000000000003d 0102001e1d000000 0 00 00000000 4 0 0 000000000000003e
000000000000003e 0215fffffc040000 0 00 00000000 4 0 1 000000000000003b
000000000000003b 0023151500000100 1 15 00000003 4 0 0 000000000000003c
000000000000003c 00731e1e00000100 1 1e 00000001 4 0 0 000000000000003d
000000000000003d 0102001e1d000000 0 00 00000000 4 0 0 000000000000003e
000000000000003e 0215fffffc040000 0 00 00000000 4 0 1 000000000000003b
000000000000003b 0023151500000100 1 15 00000004 4 0 0 000000000000003c
000000000000003c 00731e1e00000100 1 1e 00000000 4 0 0 000000000000003d
000000000000003d 0102001e1d000000 0 00 00000000 5 1 0 000000000000003e
000000000000003e 0215fffffc040000 0 00 00000000 5 1 0 000000000000003f
000000000000003f 7cf5000000000000 0 00 00000000 5 1 0 0000000000000040
DONE retired=73 fault=00 pc=000000000000003f
