0000000000000000 00131d0000000000 1 1d 00000000 0 0 0 0000000000000001
0000000000000001 8506000000000000 0 00 00000000 0 0 0 0000000000000002
0000000000000002 00130100ffffff00 1 01 ffffffff 0 0 0 0000000000000003
0000000000000003 0013070055555500 1 07 00555555 0 0 0 0000000000000004
0000000000000004 8506000000000000 0 00 00000000 0 0 0 0000000000000005
0000000000000005 007308132105f800 1 08 ffdefa08 0 0 0 0000000000000006
0000000000000006 00920d0c00000000 1 0d ffffffff 0 0 0 0000000000000007
0000000000000007 002210010a000000 1 10 ffffffff 0 0 0 0000000000000008
0000000000000008 8506000000000000 0 00 00000000 0 0 0 0000000000000009
0000000000000009 00b3110400001200 1 11 00000000 0 0 0 000000000000000a
000000000000000a 00a201090c000000 1 01 00000000 0 0 0 000000000000000b
000000000000000b 0122000f10000000 0 00 00000000 0 1 0 000000000000000c
000000000000000c 0215000003010000 0 00 00000000 0 1 1 0000000000000010
0000000000000010 8506000000000000 0 00 00000000 0 1 0 0000000000000011
0000000000000011 0092020100000000 1 02 ffffffff 0 1 0 0000000000000012
0000000000000012 8506000000000000 0 00 00000000 0 1 0 0000000000000013
0000000000000013 0073090aa37dec00 1 09 005c8214 0 1 0 0000000000000014
0000000000000014 0022100e0d000000 1 10 ffffffff 0 1 0 0000000000000015
0000000000000015 0112000e01000000 0 00 00000000 5 0 0 0000000000000016
0000000000000016 02150000020c0000 0 00 00000000 5 0 1 0000000000000019
0000000000000019 8506000000000000 0 00 00000000 5 0 0 000000000000001a
000000000000001a 00a20a0214000000 1 0a ffffffff 5 0 0 000000000000001b
000000000000001b 0013080000000000 1 08 00000000 5 0 0 000000000000001c
000000000000001c 0062030514000000 1 03 00000000 5 0 0 000000000000001d
000000000000001d 00220f070b000000 1 0f 00555555 5 0 0 000000000000001e
000000000000001e 0042120104000000 1 12 00000000 5 0 0 000000000000001f
000000000000001f 8506000000000000 0 00 00000000 5 0 0 0000000000000020
0000000000000020 0013040000000000 1 04 00000000 5 0 0 0000000000000021
0000000000000021 0092060f00000000 1 06 ffaaaaaa 5 0 0 0000000000000022
0000000000000022 0092140700000000 1 14 ffaaaaaa 5 0 0 0000000000000023
0000000000000023 0013100000000000 1 10 00000000 5 0 0 0000000000000024
0000000000000024 0306000000001000 1 10 00000000 5 0 0 0000000000000025
0000000000000025 8506000000000000 0 00 00000000 5 0 0 0000000000000026
0000000000000026 0042140b07000000 1 14 00000000 5 0 0 0000000000000027
0000000000000027 0063020d00000e00 1 02 ffffc000 5 0 0 0000000000000028
0000000000000028 0013070078ad2a00 1 07 0078ad2a 5 0 0 0000000000000029
0000000000000029 8506000000000000 0 00 00000000 5 0 0 000000000000002a
000000000000002a 0013040000000100 1 04 00000001 5 0 0 000000000000002b
000000000000002b 0306000000001200 1 12 00000000 5 0 0 000000000000002c
000000000000002c 001302009c7dec00 1 02 ff9c7dec 5 0 0 000000000000002d
000000000000002d 00730a08eb35e800 1 0a 0014ca18 5 0 0 000000000000002e
000000000000002e 0073051286257100 1 05 0079da8f 5 0 0 000000000000002f
000000000000002f 00131e0000000200 1 1e 00000002 5 0 0 0000000000000030
0000000000000030 0023151500000100 1 15 00000001 5 0 0 0000000000000031
0000000000000031 00731e1e00000100 1 1e 00000001 5 0 0 0000000000000032
0000000000000032 0102001e1d000000 0 00 00000000 4 0 0 0000000000000033
0000000000000033 0215fffffc040000 0 00 00000000 4 0 1 0000000000000030
0000000000000030 0023151500000100 1 15 00000002 4 0 0 0000000000000031
0000000000000031 00731e1e00000100 1 1e 00000000 4 0 0 0000000000000032
0000000000000032 0102001e1d000000 0 00 00000000 5 1 0 0000000000000033
0000000000000033 0215fffffc040000 0 00 00000000 5 1 0 0000000000000034
0000000000000034 7cf5000000000000 0 00 00000000 5 1 0 0000000000000035
DONE retired=52 fault=00 pc=0000000000000034
