0000000000000000 00131d0000000000 1 1d 00000000 0 0 0 0000000000000001
0000000000000001 010200080a000000 0 00 00000000 5 1 0 0000000000000002
0000000000000002 0215000003030000 0 00 00000000 5 1 1 0000000000000006
0000000000000006 8506000000000000 0 00 00000000 5 1 0 0000000000000007
0000000000000007 0092050f00000000 1 05 ffffffff 5 1 0 0000000000000008
0000000000000008 0062120b08000000 1 12 00000000 5 1 0 0000000000000009
0000000000000009 0112000d01000000 0 00 00000000 5 0 0 000000000000000a
000000000000000a 0215000002040000 0 00 00000000 5 0 0 000000000000000b
000000000000000b 8506000000000000 0 00 00000000 5 0 0 000000000000000c
000000000000000c 8506000000000000 0 00 00000000 5 0 0 000000000000000d
000000000000000d 8506000000000000 0 00 00000000 5 0 0 000000000000000e
000000000000000e 00730d14ae864b00 1 0d 005179b5 5 0 0 000000000000000f
000000000000000f 00130b0092c30d00 1 0b ff92c30d 5 0 0 0000000000000010
0000000000000010 0032130f08000000 1 13 00000000 5 0 0 0000000000000011
0000000000000011 00a30c0200001e00 1 0c 00000000 5 0 0 0000000000000012
0000000000000012 00130f0037fbac00 1 0f 0037fbac 5 0 0 0000000000000013
0000000000000013 00320c0412000000 1 0c 00000000 5 0 0 0000000000000014
0000000000000014 005211090c000000 1 11 00000000 5 0 0 0000000000000015
0000000000000015 8506000000000000 0 00 00000000 5 0 0 0000000000000016
0000000000000016 00b30b0900001100 1 0b 00000000 5 0 0 0000000000000017
0000000000000017 0306000000000400 1 04 00000000 5 0 0 0000000000000018
0000000000000018 0092010c00000000 1 01 ffffffff 5 0 0 0000000000000019
0000000000000019 00131200aaaaaa00 1 12 ffaaaaaa 5 0 0 000000000000001a
000000000000001a 0092040b00000000 1 04 ffffffff 5 0 0 000000000000001b
000000000000001b 0306000000000d00 1 0d 00000000 5 0 0 000000000000001c
000000000000001c 8506000000000000 0 00 00000000 5 0 0 000000000000001d
000000000000001d 0013120052713600 1 12 00527136 5 0 0 000000000000001e
000000000000001e 0306000000000900 1 09 00000000 5 0 0 000000000000001f
000000000000001f 8506000000000000 0 00 00000000 5 0 0 0000000000000020
0000000000000020 0122000d12000000 0 00 00000000 2 0 0 0000000000000021
0000000000000021 02150000020b0000 0 00 00000000 2 0 1 0000000000000024
0000000000000024 8506000000000000 0 00 00000000 2 0 0 0000000000000025
0000000000000025 0042040701000000 1 04 00000000 2 0 0 0000000000000026
0000000000000026 0032071209000000 1 07 00000000 2 0 0 0000000000000027
0000000000000027 001313009de2f900 1 13 ff9de2f9 2 0 0 0000000000000028
0000000000000028 00131e0000000100 1 1e 00000001 2 0 0 0000000000000029
0000000000000029 0023151500000100 1 15 00000001 2 0 0 000000000000002a
000000000000002a 00731e1e00000100 1 1e 00000000 2 0 0 000000000000002b
000000000000002b 0102001e1d000000 0 00 00000000 5 1 0 000000000000002c
000000000000002c 0215fffffc040000 0 00 00000000 5 1 0 000000000000002d
000000000000002d 7cf5000000000000 0 00 00000000 5 1 0 000000000000002e
DONE retired=41 fault=00 pc=000000000000002d
