0000000000000000 0013140000004d00 1 14 0000004d 0 0 0 0000000000000001 f5d0cdbf f f5d0cdbf 0 00 f5d0cdbf
0000000000000001 0013150000000000 1 15 00000000 0 0 0 0000000000000002 f5d0cdbf f f5d0cdbf 0 00 f5d0cdbf
0000000000000002 3420041500006000 0 00 00000000 0 0 0 0000000000000003 f5d0cdbf 6 15c08d18 1 04 15c08d18
0000000000000003 340004020000f000 0 00 00000000 0 0 0 0000000000000004 f5d0cdbf f f5d0cdbf 1 04 f5d0cdbf
0000000000000004 3400030400008000 0 00 00000000 0 0 0 0000000000000005 f5d0cdbf 8 75d0cdbf 1 03 75d0cdbf
0000000000000005 1020030505009000 0 00 00000000 0 0 0 0000000000000006 f5d0cdbf 9 f5d0cdbf 1 03 f5d0cdbf
0000000000000006 340003020000c000 0 00 00000000 0 0 0 0000000000000007 f5d0cdbf c 00000000 1 03 00000000
0000000000000007 101105055c93f000 0 00 00000000 0 0 0 0000000000000008 f5d0cdbf f f5d0cdbf 1 05 f5d0cdbf
0000000000000008 340005030000d000 0 00 00000000 0 0 0 0000000000000009 f5d0cdbf d a08088aa 1 05 a08088aa
0000000000000009 103004030600f000 0 00 00000000 0 0 0 000000000000000a f5d0cdbf f f5d0cdbf 1 04 f5d0cdbf
000000000000000a 107103030020f000 0 00 00000000 0 0 0 000000000000000b f5d0cdbf f f5d0cdbf 1 03 f5d0cdbf
000000000000000b 10710503001ff000 0 00 00000000 0 0 0 000000000000000c f5d0cdbf f f5d0cdbf 1 05 f5d0cdbf
000000000000000c 10710505000ff000 0 00 00000000 0 0 0 000000000000000d f5d0cdbf f f5d0cdbf 1 05 f5d0cdbf
000000000000000d 101103048000f000 0 00 00000000 0 0 0 000000000000000e f5d0cdbf f f5d0cdbf 1 03 f5d0cdbf
000000000000000e 105005060300f000 0 00 00000000 0 0 0 000000000000000f f5d0cdbf f f5d0cdbf 1 05 f5d0cdbf
000000000000000f 10710202003ff000 0 00 00000000 0 0 0 0000000000000010 f5d0cdbf f f5d0cdbf 1 02 f5d0cdbf
0000000000000010 106106060010f000 0 00 00000000 0 0 0 0000000000000011 f5d0cdbf f f5d0cdbf 1 06 f5d0cdbf
0000000000000011 00131600aaaaaa00 1 16 ffaaaaaa 0 0 0 0000000000000012 f5d0cdbf f f5d0cdbf 0 00 f5d0cdbf
0000000000000012 342002160000f000 0 00 00000000 0 0 0 0000000000000013 f5d0cdbf f f5d0cdbf 1 02 f5d0cdbf
0000000000000013 10810202003ff000 0 00 00000000 0 0 0 0000000000000014 f5d0cdbf f f5d0cdbf 1 02 f5d0cdbf
0000000000000014 340003060000f000 0 00 00000000 0 0 0 0000000000000015 f5d0cdbf f f5d0cdbf 1 03 f5d0cdbf
0000000000000015 00131e0000000300 1 1e 00000003 0 0 0 0000000000000016 f5d0cdbf f f5d0cdbf 0 00 f5d0cdbf
0000000000000016 0023171700000100 1 17 00000001 0 0 0 0000000000000017 f5d0cdbf f f5d0cdbf 0 00 f5d0cdbf
0000000000000017 00731e1e00000100 1 1e 00000002 0 0 0 0000000000000018 f5d0cdbf f f5d0cdbf 0 00 f5d0cdbf
0000000000000018 0013180000000000 1 18 00000000 0 0 0 0000000000000019 f5d0cdbf f f5d0cdbf 0 00 f5d0cdbf
0000000000000019 0102001e18000000 0 00 00000000 4 0 0 000000000000001a f5d0cdbf f f5d0cdbf 0 00 f5d0cdbf
000000000000001a 0215fffffb040000 0 00 00000000 4 0 1 0000000000000016 f5d0cdbf f f5d0cdbf 0 00 f5d0cdbf
0000000000000016 0023171700000100 1 17 00000002 4 0 0 0000000000000017 f5d0cdbf f f5d0cdbf 0 00 f5d0cdbf
0000000000000017 00731e1e00000100 1 1e 00000001 4 0 0 0000000000000018 f5d0cdbf f f5d0cdbf 0 00 f5d0cdbf
0000000000000018 0013180000000000 1 18 00000000 4 0 0 0000000000000019 f5d0cdbf f f5d0cdbf 0 00 f5d0cdbf
0000000000000019 0102001e18000000 0 00 00000000 4 0 0 000000000000001a f5d0cdbf f f5d0cdbf 0 00 f5d0cdbf
000000000000001a 0215fffffb040000 0 00 00000000 4 0 1 0000000000000016 f5d0cdbf f f5d0cdbf 0 00 f5d0cdbf
0000000000000016 0023171700000100 1 17 00000003 4 0 0 0000000000000017 f5d0cdbf f f5d0cdbf 0 00 f5d0cdbf
0000000000000017 00731e1e00000100 1 1e 00000000 4 0 0 0000000000000018 f5d0cdbf f f5d0cdbf 0 00 f5d0cdbf
0000000000000018 0013180000000000 1 18 00000000 4 0 0 0000000000000019 f5d0cdbf f f5d0cdbf 0 00 f5d0cdbf
0000000000000019 0102001e18000000 0 00 00000000 5 1 0 000000000000001a f5d0cdbf f f5d0cdbf 0 00 f5d0cdbf
000000000000001a 0215fffffb040000 0 00 00000000 5 1 0 000000000000001b f5d0cdbf f f5d0cdbf 0 00 f5d0cdbf
000000000000001b 7cf5000000000000 0 00 00000000 5 1 0 000000000000001c f5d0cdbf f f5d0cdbf 0 00 f5d0cdbf
DONE retired=38 fault=00 pc=000000000000001b
