0000000000000000 0013140000004d00 1 14 0000004d 0 0 0 0000000000000001 10000000 f 10000000 0 00 10000000
0000000000000001 0013150000000000 1 15 00000000 0 0 0 0000000000000002 10000000 f 10000000 0 00 10000000
0000000000000002 342002150000f000 0 00 00000000 0 0 0 0000000000000003 10000000 f 10000000 1 02 10000000
0000000000000003 10410206aad6f000 0 00 00000000 0 0 0 0000000000000004 10000000 f 10000000 1 02 10000000
0000000000000004 3430050000007000 0 00 00000000 0 0 0 0000000000000005 10000000 7 00000000 1 05 00000000
0000000000000005 107104050023f000 0 00 00000000 0 0 0 0000000000000006 10000000 f 10000000 1 04 10000000
0000000000000006 0013160000000000 1 16 00000000 0 0 0 0000000000000007 10000000 f 10000000 0 00 10000000
0000000000000007 342004160000f000 0 00 00000000 0 0 0 0000000000000008 10000000 f 10000000 1 04 10000000
0000000000000008 108104040021f000 0 00 00000000 0 0 0 0000000000000009 10000000 f 10000000 1 04 10000000
0000000000000009 341102000000f000 0 00 00000000 0 0 0 000000000000000a 10000000 f 10000000 1 02 10000000
000000000000000a 101004030400f000 0 00 00000000 0 0 0 000000000000000b 10000000 f 10000000 1 04 10000000
000000000000000b 0013160055555500 1 16 00555555 0 0 0 000000000000000c 10000000 f 10000000 0 00 10000000
000000000000000c 342004160000f000 0 00 00000000 0 0 0 000000000000000d 10000000 f 10000000 1 04 10000000
000000000000000d 108102040020f000 0 00 00000000 0 0 0 000000000000000e 10000000 f 10000000 1 02 10000000
000000000000000e 107103020000f000 0 00 00000000 0 0 0 000000000000000f 10000000 f 10000000 1 03 10000000
000000000000000f 104003030400f000 0 00 00000000 0 0 0 0000000000000010 10000000 f 10000000 1 03 10000000
0000000000000010 00131500ffffff00 1 15 ffffffff 0 0 0 0000000000000011 10000000 f 10000000 0 00 10000000
0000000000000011 342004150000f000 0 00 00000000 0 0 0 0000000000000012 10000000 f 10000000 1 04 10000000
0000000000000012 104003050400f000 0 00 00000000 0 0 0 0000000000000013 10000000 f 10000000 1 03 10000000
0000000000000013 00131e0000000100 1 1e 00000001 0 0 0 0000000000000014 10000000 f 10000000 0 00 10000000
0000000000000014 0023171700000100 1 17 00000001 0 0 0 0000000000000015 10000000 f 10000000 0 00 10000000
0000000000000015 00731e1e00000100 1 1e 00000000 0 0 0 0000000000000016 10000000 f 10000000 0 00 10000000
0000000000000016 0013180000000000 1 18 00000000 0 0 0 0000000000000017 10000000 f 10000000 0 00 10000000
0000000000000017 0102001e18000000 0 00 00000000 5 1 0 0000000000000018 10000000 f 10000000 0 00 10000000
0000000000000018 0215fffffb040000 0 00 00000000 5 1 0 0000000000000019 10000000 f 10000000 0 00 10000000
0000000000000019 7cf5000000000000 0 00 00000000 5 1 0 000000000000001a 10000000 f 10000000 0 00 10000000
DONE retired=26 fault=00 pc=0000000000000019
