0000000000000000 0013140000004d00 1 14 0000004d 0 0 0 0000000000000001 00000020 f 00000020 0 00 00000020
0000000000000001 106102050001f000 0 00 00000000 0 0 0 0000000000000002 00000020 f 00000020 1 02 00000020
0000000000000002 107105040021f000 0 00 00000000 0 0 0 0000000000000003 00000020 f 00000020 1 05 00000020
0000000000000003 1030040503007000 0 00 00000000 0 0 0 0000000000000004 00000020 7 00000000 1 04 00000000
0000000000000004 100104050c4ef000 0 00 00000000 0 0 0 0000000000000005 00000020 f 00000020 1 04 00000020
0000000000000005 107105020021f000 0 00 00000000 0 0 0 0000000000000006 00000020 f 00000020 1 05 00000020
0000000000000006 100005020500f000 0 00 00000000 0 0 0 0000000000000007 00000020 f 00000020 1 05 00000020
0000000000000007 3430060000005000 0 00 00000000 0 0 0 0000000000000008 00000020 5 00000000 1 06 00000000
0000000000000008 340005020000f000 0 00 00000000 0 0 0 0000000000000009 00000020 f 00000020 1 05 00000020
0000000000000009 0013160000000000 1 16 00000000 0 0 0 000000000000000a 00000020 f 00000020 0 00 00000020
000000000000000a 342006160000f000 0 00 00000000 0 0 0 000000000000000b 00000020 f 00000020 1 06 00000020
000000000000000b 108102060000f000 0 00 00000000 0 0 0 000000000000000c 00000020 f 00000020 1 02 00000020
000000000000000c 00131500ffffff00 1 15 ffffffff 0 0 0 000000000000000d 00000020 f 00000020 0 00 00000020
000000000000000d 342003150000f000 0 00 00000000 0 0 0 000000000000000e 00000020 f 00000020 1 03 00000020
000000000000000e 105002040400f000 0 00 00000000 0 0 0 000000000000000f 00000020 f 00000020 1 02 00000020
000000000000000f 0013150000000100 1 15 00000001 0 0 0 0000000000000010 00000020 f 00000020 0 00 00000020
0000000000000010 342002150000f000 0 00 00000000 0 0 0 0000000000000011 00000020 f 00000020 1 02 00000020
0000000000000011 0013150000000000 1 15 00000000 0 0 0 0000000000000012 00000020 f 00000020 0 00 00000020
0000000000000012 342002150000f000 0 00 00000000 0 0 0 0000000000000013 00000020 f 00000020 1 02 00000020
0000000000000013 00131e0000000100 1 1e 00000001 0 0 0 0000000000000014 00000020 f 00000020 0 00 00000020
0000000000000014 0023171700000100 1 17 00000001 0 0 0 0000000000000015 00000020 f 00000020 0 00 00000020
0000000000000015 00731e1e00000100 1 1e 00000000 0 0 0 0000000000000016 00000020 f 00000020 0 00 00000020
0000000000000016 0013180000000000 1 18 00000000 0 0 0 0000000000000017 00000020 f 00000020 0 00 00000020
0000000000000017 0102001e18000000 0 00 00000000 5 1 0 0000000000000018 00000020 f 00000020 0 00 00000020
0000000000000018 0215fffffb040000 0 00 00000000 5 1 0 0000000000000019 00000020 f 00000020 0 00 00000020
0000000000000019 7cf5000000000000 0 00 00000000 5 1 0 000000000000001a 00000020 f 00000020 0 00 00000020
DONE retired=26 fault=00 pc=0000000000000019
