0000000000000000 00131d0000000000 1 1d 00000000 0 0 0 0000000000000001
0000000000000001 010200020c000000 0 00 00000000 5 1 0 0000000000000002
0000000000000002 0215000002040000 0 00 00000000 5 1 0 0000000000000003
0000000000000003 8506000000000000 0 00 00000000 5 1 0 0000000000000004
0000000000000004 8506000000000000 0 00 00000000 5 1 0 0000000000000005
0000000000000005 00630d0900001300 1 0d 00000000 5 1 0 0000000000000006
0000000000000006 8506000000000000 0 00 00000000 5 1 0 0000000000000007
0000000000000007 0102000c06000000 0 00 00000000 5 1 0 0000000000000008
0000000000000008 02150000010e0000 0 00 00000000 5 1 1 000000000000000a
000000000000000a 0013140082b42100 1 14 ff82b421 5 1 0 000000000000000b
000000000000000b 00b2010405000000 1 01 00000000 5 1 0 000000000000000c
000000000000000c 8506000000000000 0 00 00000000 5 1 0 000000000000000d
000000000000000d 00131e0000000400 1 1e 00000004 5 1 0 000000000000000e
000000000000000e 0023151500000100 1 15 00000001 5 1 0 000000000000000f
000000000000000f 00731e1e00000100 1 1e 00000003 5 1 0 0000000000000010
0000000000000010 0102001e1d000000 0 00 00000000 4 0 0 0000000000000011
0000000000000011 0215fffffc040000 0 00 00000000 4 0 1 000000000000000e
000000000000000e 0023151500000100 1 15 00000002 4 0 0 000000000000000f
000000000000000f 00731e1e00000100 1 1e 00000002 4 0 0 0000000000000010
0000000000000010 0102001e1d000000 0 00 00000000 4 0 0 0000000000000011
0000000000000011 0215fffffc040000 0 00 00000000 4 0 1 000000000000000e
000000000000000e 0023151500000100 1 15 00000003 4 0 0 000000000000000f
000000000000000f 00731e1e00000100 1 1e 00000001 4 0 0 0000000000000010
0000000000000010 0102001e1d000000 0 00 00000000 4 0 0 0000000000000011
0000000000000011 0215fffffc040000 0 00 00000000 4 0 1 000000000000000e
000000000000000e 0023151500000100 1 15 00000004 4 0 0 000000000000000f
000000000000000f 00731e1e00000100 1 1e 00000000 4 0 0 0000000000000010
0000000000000010 0102001e1d000000 0 00 00000000 5 1 0 0000000000000011
0000000000000011 0215fffffc040000 0 00 00000000 5 1 0 0000000000000012
0000000000000012 7cf5000000000000 0 00 00000000 5 1 0 0000000000000013
DONE retired=30 fault=00 pc=0000000000000012
