0000000000000000 00131d0000000000 1 1d 00000000 0 0 0 0000000000000001
0000000000000001 00b2121003000000 1 12 00000000 0 0 0 0000000000000002
0000000000000002 8506000000000000 0 00 00000000 0 0 0 0000000000000003
0000000000000003 0073060155555500 1 06 ffaaaaab 0 0 0 0000000000000004
0000000000000004 002304099da94600 1 04 ff9da946 0 0 0 0000000000000005
0000000000000005 8506000000000000 0 00 00000000 0 0 0 0000000000000006
0000000000000006 001307009a078800 1 07 ff9a0788 0 0 0 0000000000000007
0000000000000007 8506000000000000 0 00 00000000 0 0 0 0000000000000008
0000000000000008 8506000000000000 0 00 00000000 0 0 0 0000000000000009
0000000000000009 00230304ff773500 1 03 ff9d207b 0 0 0 000000000000000a
000000000000000a 8506000000000000 0 00 00000000 0 0 0 000000000000000b
000000000000000b 012200090e000000 0 00 00000000 5 0 0 000000000000000c
000000000000000c 0215000001040000 0 00 00000000 5 0 0 000000000000000d
000000000000000d 8506000000000000 0 00 00000000 5 0 0 000000000000000e
000000000000000e 00220d0502000000 1 0d 00000000 5 0 0 000000000000000f
000000000000000f 00b2060b10000000 1 06 00000000 5 0 0 0000000000000010
0000000000000010 0072080108000000 1 08 00000000 5 0 0 0000000000000011
0000000000000011 00130e00bd51d000 1 0e ffbd51d0 5 0 0 0000000000000012
0000000000000012 00a3050b00001900 1 05 00000000 5 0 0 0000000000000013
0000000000000013 8506000000000000 0 00 00000000 5 0 0 0000000000000014
0000000000000014 00130e0045cef500 1 0e 0045cef5 5 0 0 0000000000000015
0000000000000015 0082091010000000 1 09 00000000 5 0 0 0000000000000016
0000000000000016 8506000000000000 0 00 00000000 5 0 0 0000000000000017
0000000000000017 00220b060d000000 1 0b 00000000 5 0 0 0000000000000018
0000000000000018 007304081053f000 1 04 ffefac10 5 0 0 0000000000000019
0000000000000019 00b3020200002000 1 02 00000000 5 0 0 000000000000001a
000000000000001a 0013110061244b00 1 11 0061244b 5 0 0 000000000000001b
000000000000001b 00130c00ffffff00 1 0c ffffffff 5 0 0 000000000000001c
000000000000001c 0112001008000000 0 00 00000000 5 0 0 000000000000001d
000000000000001d 0215000003020000 0 00 00000000 5 0 1 0000000000000021
0000000000000021 00b30d0300000200 1 0d ffe7481e 5 0 0 0000000000000022
0000000000000022 0122001402000000 0 00 00000000 5 0 0 0000000000000023
0000000000000023 02150000010c0000 0 00 00000000 5 0 1 0000000000000025
0000000000000025 8506000000000000 0 00 00000000 5 0 0 0000000000000026
0000000000000026 00131000a2dc9200 1 10 ffa2dc92 5 0 0 0000000000000027
0000000000000027 0072051202000000 1 05 00000000 5 0 0 0000000000000028
0000000000000028 00730805fa3bae00 1 08 0005c452 5 0 0 0000000000000029
0000000000000029 00131300d68dcb00 1 13 ffd68dcb 5 0 0 000000000000002a
000000000000002a 0112000608000000 0 00 00000000 2 1 0 000000000000002b
000000000000002b 0215000003020000 0 00 00000000 2 1 0 000000000000002c
000000000000002c 8506000000000000 0 00 00000000 2 1 0 000000000000002d
000000000000002d 8506000000000000 0 00 00000000 2 1 0 000000000000002e
000000000000002e 8506000000000000 0 00 00000000 2 1 0 000000000000002f
000000000000002f 0092130600000000 1 13 ffffffff 2 1 0 0000000000000030
0000000000000030 0052050801000000 1 05 0005c452 2 1 0 0000000000000031
0000000000000031 00131e0000000400 1 1e 00000004 2 1 0 0000000000000032
0000000000000032 0023151500000100 1 15 00000001 2 1 0 0000000000000033
0000000000000033 00731e1e00000100 1 1e 00000003 2 1 0 0000000000000034
0000000000000034 0102001e1d000000 0 00 00000000 4 0 0 0000000000000035
0000000000000035 0215fffffc040000 0 00 00000000 4 0 1 0000000000000032
0000000000000032 0023151500000100 1 15 00000002 4 0 0 0000000000000033
0000000000000033 00731e1e00000100 1 1e 00000002 4 0 0 0000000000000034
0000000000000034 0102001e1d000000 0 00 00000000 4 0 0 0000000000000035
0000000000000035 0215fffffc040000 0 00 00000000 4 0 1 0000000000000032
0000000000000032 0023151500000100 1 15 00000003 4 0 0 0000000000000033
0000000000000033 00731e1e00000100 1 1e 00000001 4 0 0 0000000000000034
0000000000000034 0102001e1d000000 0 00 00000000 4 0 0 0000000000000035
0000000000000035 0215fffffc040000 0 00 00000000 4 0 1 0000000000000032
0000000000000032 0023151500000100 1 15 00000004 4 0 0 0000000000000033
0000000000000033 00731e1e00000100 1 1e 00000000 4 0 0 0000000000000034
0000000000000034 0102001e1d000000 0 00 00000000 5 1 0 0000000000000035
0000000000000035 0215fffffc040000 0 00 00000000 5 1 0 0000000000000036
0000000000000036 7cf5000000000000 0 00 00000000 5 1 0 0000000000000037
DONE retired=63 fault=00 pc=0000000000000036
