0000000000000000 0013140000004d00 1 14 0000004d 0 0 0 0000000000000001 01010101 f 01010101 0 00 01010101
0000000000000001 34110600e7785000 0 00 00000000 0 0 0 0000000000000002 01010101 5 00000101 1 06 00000101
0000000000000002 100006060300e000 0 00 00000000 0 0 0 0000000000000003 01010101 e 01000001 1 06 01000001
0000000000000003 105005020600f000 0 00 00000000 0 0 0 0000000000000004 01010101 f 01010101 1 05 01010101
0000000000000004 00131500aaaaaa00 1 15 ffaaaaaa 0 0 0 0000000000000005 01010101 f 01010101 0 00 01010101
0000000000000005 342003150000f000 0 00 00000000 0 0 0 0000000000000006 01010101 f 01010101 1 03 01010101
0000000000000006 101102050000f000 0 00 00000000 0 0 0 0000000000000007 01010101 f 01010101 1 02 01010101
0000000000000007 101005040500f000 0 00 00000000 0 0 0 0000000000000008 01010101 f 01010101 1 05 01010101
0000000000000008 1000040603002000 0 00 00000000 0 0 0 0000000000000009 01010101 2 01010101 1 04 01010101
0000000000000009 103003020200f000 0 00 00000000 0 0 0 000000000000000a 01010101 f 01010101 1 03 01010101
000000000000000a 34110500b042f000 0 00 00000000 0 0 0 000000000000000b 01010101 f 01010101 1 05 01010101
000000000000000b 1010040303000000 0 00 00000000 0 0 0 000000000000000c 01010101 0 00000000 1 04 00000000
000000000000000c 0013160000000000 1 16 00000000 0 0 0 000000000000000d 01010101 f 01010101 0 00 01010101
000000000000000d 342002160000f000 0 00 00000000 0 0 0 000000000000000e 01010101 f 01010101 1 02 01010101
000000000000000e 108102020021f000 0 00 00000000 0 0 0 000000000000000f 01010101 f 01010101 1 02 01010101
000000000000000f 00131600aaaaaa00 1 16 ffaaaaaa 0 0 0 0000000000000010 01010101 f 01010101 0 00 01010101
0000000000000010 342006160000f000 0 00 00000000 0 0 0 0000000000000011 01010101 f 01010101 1 06 01010101
0000000000000011 108106060003f000 0 00 00000000 0 0 0 0000000000000012 01010101 f 01010101 1 06 01010101
0000000000000012 10610404001ff000 0 00 00000000 0 0 0 0000000000000013 01010101 f 01010101 1 04 01010101
0000000000000013 1040030405002000 0 00 00000000 0 0 0 0000000000000014 01010101 2 01010101 1 03 01010101
0000000000000014 3400060500009000 0 00 00000000 0 0 0 0000000000000015 01010101 9 00000000 1 06 00000000
0000000000000015 3400020300000000 0 00 00000000 0 0 0 0000000000000016 01010101 0 00000000 1 02 00000000
0000000000000016 10710606001ff000 0 00 00000000 0 0 0 0000000000000017 01010101 f 01010101 1 06 01010101
0000000000000017 104103048000f000 0 00 00000000 0 0 0 0000000000000018 01010101 f 01010101 1 03 01010101
0000000000000018 102006030200f000 0 00 00000000 0 0 0 0000000000000019 01010101 f 01010101 1 06 01010101
0000000000000019 104103064c35f000 0 00 00000000 0 0 0 000000000000001a 01010101 f 01010101 1 03 01010101
000000000000001a 103004060200f000 0 00 00000000 0 0 0 000000000000001b 01010101 f 01010101 1 04 01010101
000000000000001b 107105030020f000 0 00 00000000 0 0 0 000000000000001c 01010101 f 01010101 1 05 01010101
000000000000001c 102005040300f000 0 00 00000000 0 0 0 000000000000001d 01010101 f 01010101 1 05 01010101
000000000000001d 340005050000f000 0 00 00000000 0 0 0 000000000000001e 01010101 f 01010101 1 05 01010101
000000000000001e 102003050200f000 0 00 00000000 0 0 0 000000000000001f 01010101 f 01010101 1 03 01010101
000000000000001f 103003030200a000 0 00 00000000 0 0 0 0000000000000020 01010101 a 00000000 1 03 00000000
0000000000000020 104103028000f000 0 00 00000000 0 0 0 0000000000000021 01010101 f 01010101 1 03 01010101
0000000000000021 341104000000f000 0 00 00000000 0 0 0 0000000000000022 01010101 f 01010101 1 04 01010101
0000000000000022 340003060000f000 0 00 00000000 0 0 0 0000000000000023 01010101 f 01010101 1 03 01010101
0000000000000023 100004050500f000 0 00 00000000 0 0 0 0000000000000024 01010101 f 01010101 1 04 01010101
0000000000000024 00131e0000000200 1 1e 00000002 0 0 0 0000000000000025 01010101 f 01010101 0 00 01010101
0000000000000025 0023171700000100 1 17 00000001 0 0 0 0000000000000026 01010101 f 01010101 0 00 01010101
0000000000000026 00731e1e00000100 1 1e 00000001 0 0 0 0000000000000027 01010101 f 01010101 0 00 01010101
0000000000000027 0013180000000000 1 18 00000000 0 0 0 0000000000000028 01010101 f 01010101 0 00 01010101
0000000000000028 0102001e18000000 0 00 00000000 4 0 0 0000000000000029 01010101 f 01010101 0 00 01010101
0000000000000029 0215fffffb040000 0 00 00000000 4 0 1 0000000000000025 01010101 f 01010101 0 00 01010101
0000000000000025 0023171700000100 1 17 00000002 4 0 0 0000000000000026 01010101 f 01010101 0 00 01010101
0000000000000026 00731e1e00000100 1 1e 00000000 4 0 0 0000000000000027 01010101 f 01010101 0 00 01010101
0000000000000027 0013180000000000 1 18 00000000 4 0 0 0000000000000028 01010101 f 01010101 0 00 01010101
0000000000000028 0102001e18000000 0 00 00000000 5 1 0 0000000000000029 01010101 f 01010101 0 00 01010101
0000000000000029 0215fffffb040000 0 00 00000000 5 1 0 000000000000002a 01010101 f 01010101 0 00 01010101
000000000000002a 7cf5000000000000 0 00 00000000 5 1 0 000000000000002b 01010101 f 01010101 0 00 01010101
DONE retired=48 fault=00 pc=000000000000002a
