0000000000000000 0013140000004d00 1 14 0000004d 0 0 0 0000000000000001 03ffffff f 03ffffff 0 00 03ffffff
0000000000000001 100002060200f000 0 00 00000000 0 0 0 0000000000000002 03ffffff f 03ffffff 1 02 03ffffff
0000000000000002 10110605afa9f000 0 00 00000000 0 0 0 0000000000000003 03ffffff f 03ffffff 1 06 03ffffff
0000000000000003 340003060000f000 0 00 00000000 0 0 0 0000000000000004 03ffffff f 03ffffff 1 03 03ffffff
0000000000000004 104002020400f000 0 00 00000000 0 0 0 0000000000000005 03ffffff f 03ffffff 1 02 03ffffff
0000000000000005 106105030010f000 0 00 00000000 0 0 0 0000000000000006 03ffffff f 03ffffff 1 05 03ffffff
0000000000000006 340005050000f000 0 00 00000000 0 0 0 0000000000000007 03ffffff f 03ffffff 1 05 03ffffff
0000000000000007 0013150000000000 1 15 00000000 0 0 0 0000000000000008 03ffffff f 03ffffff 0 00 03ffffff
0000000000000008 342003150000a000 0 00 00000000 0 0 0 0000000000000009 03ffffff a 03ffffff 1 03 03ffffff
0000000000000009 106105040001f000 0 00 00000000 0 0 0 000000000000000a 03ffffff f 03ffffff 1 05 03ffffff
000000000000000a 00131600ffffff00 1 16 ffffffff 0 0 0 000000000000000b 03ffffff f 03ffffff 0 00 03ffffff
000000000000000b 342006160000f000 0 00 00000000 0 0 0 000000000000000c 03ffffff f 03ffffff 1 06 03ffffff
000000000000000c 10810306003ff000 0 00 00000000 0 0 0 000000000000000d 03ffffff f 03ffffff 1 03 03ffffff
000000000000000d 343005000000f000 0 00 00000000 0 0 0 000000000000000e 03ffffff f 03ffffff 1 05 03ffffff
000000000000000e 101005030300f000 0 00 00000000 0 0 0 000000000000000f 03ffffff f 03ffffff 1 05 03ffffff
000000000000000f 104006030500f000 0 00 00000000 0 0 0 0000000000000010 03ffffff f 03ffffff 1 06 03ffffff
0000000000000010 00131e0000000100 1 1e 00000001 0 0 0 0000000000000011 03ffffff f 03ffffff 0 00 03ffffff
0000000000000011 0023171700000100 1 17 00000001 0 0 0 0000000000000012 03ffffff f 03ffffff 0 00 03ffffff
0000000000000012 00731e1e00000100 1 1e 00000000 0 0 0 0000000000000013 03ffffff f 03ffffff 0 00 03ffffff
0000000000000013 0013180000000000 1 18 00000000 0 0 0 0000000000000014 03ffffff f 03ffffff 0 00 03ffffff
0000000000000014 0102001e18000000 0 00 00000000 5 1 0 0000000000000015 03ffffff f 03ffffff 0 00 03ffffff
0000000000000015 0215fffffb040000 0 00 00000000 5 1 0 0000000000000016 03ffffff f 03ffffff 0 00 03ffffff
0000000000000016 7cf5000000000000 0 00 00000000 5 1 0 0000000000000017 03ffffff f 03ffffff 0 00 03ffffff
DONE retired=23 fault=00 pc=0000000000000016
