0000000000000000 343001000000f000 0 00 00000000 0 0 0 0 0 0 0000000000000001 ffffffff f ffffffff 1 01
0000000000000001 341107000001f000 0 00 00000000 0 0 0 0 0 0 0000000000000002 ffffffff f ffffffff 1 07
0000000000000002 34110c000003f000 0 00 00000000 0 0 0 0 0 0 0000000000000003 ffffffff f ffffffff 1 0c
0000000000000003 110005010700f000 0 00 00000000 0 0 0 0 0 0 0000000000000004 ffffffff f ffffffff 1 05
0000000000000004 303950a070000000 0 00 00000000 0 0 0 0 0 0 0000000000000005 ffffffff f ffffffff 0 00
0000000000000005 7c150001165001a3 0 00 00000000 0 0 0 0 0 0 0000000000000006 ffffffff f ffffffff 0 00
0000000000000006 30394010c0000000 0 00 00000000 0 0 0 0 0 0 0000000000000007 ffffffff f ffffffff 0 00
0000000000000007 7c1500007e40007f 0 00 00000000 0 0 0 0 0 0 0000000000000008 0000000f f 0000000f 0 00
0000000000000008 3049d0a070000000 0 00 00000000 0 0 0 0 0 0 0000000000000009 0000000f f 0000000f 0 00
0000000000000009 7c1500006ed00079 0 00 00000000 0 0 0 0 0 0 0000000000000078 0000000f f 0000000f 0 00
0000000000000078 34110d000001f000 0 00 00000000 0 0 0 0 0 0 0000000000000079 0000000f f 0000000f 1 0d
0000000000000079 10300c010d00f000 0 00 00000000 0 0 0 0 0 0 000000000000007a 0000000f f 0000000f 1 0c
000000000000007a 10000c0c0700f000 0 00 00000000 0 0 0 0 0 0 000000000000007b 0000000f f 0000000f 1 0c
000000000000007b 34110a000000f000 0 00 00000000 0 0 0 0 0 0 000000000000007c 0000000f f 0000000f 1 0a
000000000000007c 7c85000005000000 0 00 00000000 0 0 0 0 0 0 000000000000007d 0000000f f 0000000f 0 00
000000000000007d 3059e0a0c0000000 0 00 00000000 0 0 0 0 0 0 000000000000007e 0000000f f 0000000f 0 00
000000000000007e 3029d0a0c0000000 0 00 00000000 0 0 0 0 0 0 000000000000007f 0000000f f 0000000f 0 00
000000000000007f 101003050400f000 0 00 00000000 0 0 0 0 0 0 0000000000000080 0000000f f 0000000f 1 03
0000000000000080 7cb5000000e00000 0 00 00000000 0 0 0 0 0 0 0000000000000081 0000000f f 0000000f 0 00
0000000000000081 10000a0a0700f000 0 00 00000000 0 0 0 0 0 0 0000000000000082 0000000f f 0000000f 1 0a
0000000000000082 7c95fffffad00000 0 00 00000000 0 0 0 0 0 0 000000000000007d 0000000f f 0000000f 0 00
000000000000007d 3059e0a0c0000000 0 00 00000000 0 0 0 0 0 0 000000000000007e 0000000f f 0000000f 0 00
000000000000007e 3029d0a0c0000000 0 00 00000000 0 0 0 0 0 0 000000000000007f 0000000f f 0000000f 0 00
000000000000007f 101003050400f000 0 00 00000000 0 0 0 0 0 0 0000000000000080 0000000f f 0000000f 1 03
0000000000000080 7cb5000000e00000 0 00 00000000 0 0 0 0 0 0 0000000000000081 0000000a f 0000000a 0 00
0000000000000081 10000a0a0700f000 0 00 00000000 0 0 0 0 0 0 0000000000000082 0000000a f 0000000a 1 0a
0000000000000082 7c95fffffad00000 0 00 00000000 0 0 0 0 0 0 000000000000007d 0000000a f 0000000a 0 00
000000000000007d 3059e0a0c0000000 0 00 00000000 0 0 0 0 0 0 000000000000007e 0000000a f 0000000a 0 00
000000000000007e 3029d0a0c0000000 0 00 00000000 0 0 0 0 0 0 000000000000007f 0000000a f 0000000a 0 00
000000000000007f 101003050400f000 0 00 00000000 0 0 0 0 0 0 0000000000000080 0000000a f 0000000a 1 03
0000000000000082 7cb5000000e00000 0 00 00000000 0 0 0 0 0 0 0000000000000081 00000000 f 00000000 0 00
0000000000000082 7c95fffffad00000 0 00 00000000 0 0 0 0 0 0 0000000000000083 0000000f f 0000000f 0 00
0000000000000083 7c25000000000000 0 00 00000000 0 0 0 0 0 0 0000000000000084 0000000f f 0000000f 0 00
0000000000000084 111003030700f000 0 00 00000000 0 0 0 0 0 0 0000000000000085 0000000f f 0000000f 1 03
0000000000000085 0205000001000000 0 00 00000000 0 0 0 0 0 1 0000000000000087 0000000f f 0000000f 0 00
0000000000000087 7c25000000000000 0 00 00000000 0 0 0 0 0 0 0000000000000086 fffffff0 f fffffff0 0 00
0000000000000086 0023060600000100 1 06 00000001 0 0 0 0 0 0 0000000000000087 fffffff0 f fffffff0 0 00
0000000000000087 7c25000000000000 0 00 00000000 0 0 0 0 0 0 0000000000000088 ffffffff f ffffffff 0 00
0000000000000088 304940a070000000 0 00 00000000 0 0 0 0 0 0 0000000000000089 ffffffff f ffffffff 0 00
0000000000000089 7c15000002400090 0 00 00000000 0 0 0 0 0 0 000000000000008a 0000000a f 0000000a 0 00
000000000000008a 100005010c00f000 0 00 00000000 0 0 0 0 0 0 000000000000008b 0000000a f 0000000a 1 05
000000000000008b 020500008e000000 0 00 00000000 0 0 0 0 0 1 000000000000011a 0000000a f 0000000a 0 00
000000000000011a 7c25000000000000 0 00 00000000 0 0 0 0 0 0 000000000000008c fffffff5 f fffffff5 0 00
000000000000008c 304950b0c0000000 0 00 00000000 0 0 0 0 0 0 000000000000008d fffffff5 f fffffff5 0 00
000000000000008d 7c1500000c50007e 0 00 00000000 0 0 0 0 0 0 000000000000009a fffffff5 f fffffff5 0 00
000000000000009a 3049601070000000 0 00 00000000 0 0 0 0 0 0 000000000000009b fffffff5 f fffffff5 0 00
000000000000009b 7c15000002600010 0 00 00000000 0 0 0 0 0 0 000000000000009c fffffff4 f fffffff4 0 00
000000000000009c 105004040500f000 0 00 00000000 0 0 0 0 0 0 000000000000009d fffffff4 f fffffff4 1 04
000000000000009d 020500000e000000 0 00 00000000 0 0 0 0 0 1 00000000000000ac fffffff4 f fffffff4 0 00
00000000000000ac 7c25000000000000 0 00 00000000 0 0 0 0 0 0 000000000000009e 00000001 f 00000001 0 00
000000000000009e 111004030c00f000 0 00 00000000 0 0 0 0 0 0 000000000000009f 00000001 f 00000001 1 04
000000000000009f 34110d000001f000 0 00 00000000 0 0 0 0 0 0 00000000000000a0 00000001 f 00000001 1 0d
00000000000000a0 10300c010d00f000 0 00 00000000 0 0 0 0 0 0 00000000000000a1 00000001 f 00000001 1 0c
00000000000000a1 10000c0c0700f000 0 00 00000000 0 0 0 0 0 0 00000000000000a2 00000001 f 00000001 1 0c
00000000000000a2 34110a000000f000 0 00 00000000 0 0 0 0 0 0 00000000000000a3 00000001 f 00000001 1 0a
00000000000000a3 7c85000007000000 0 00 00000000 0 0 0 0 0 0 00000000000000a4 00000001 f 00000001 0 00
00000000000000a4 3059e0a0c0000000 0 00 00000000 0 0 0 0 0 0 00000000000000a5 00000001 f 00000001 0 00
00000000000000a5 3029d0a0c0000000 0 00 00000000 0 0 0 0 0 0 00000000000000a6 00000001 f 00000001 0 00
00000000000000a6 303970b070000000 0 00 00000000 0 0 0 0 0 0 00000000000000a7 00000001 f 00000001 0 00
00000000000000a7 7c15000000700001 0 00 00000000 0 0 0 0 0 0 00000000000000a8 00000001 f 00000001 0 00
00000000000000a8 101003050400f000 0 00 00000000 0 0 0 0 0 0 00000000000000a9 00000001 f 00000001 1 03
00000000000000a9 7c25000000000000 0 00 00000000 0 0 0 0 0 0 00000000000000aa 00000001 f 00000001 0 00
00000000000000aa 10000a0a0700f000 0 00 00000000 0 0 0 0 0 0 00000000000000ab 00000001 f 00000001 1 0a
00000000000000ab 7c95fffff8d00000 0 00 00000000 0 0 0 0 0 0 00000000000000a4 00000001 f 00000001 0 00
00000000000000a4 3059e0a0c0000000 0 00 00000000 0 0 0 0 0 0 00000000000000a5 00000001 f 00000001 0 00
00000000000000a5 3029d0a0c0000000 0 00 00000000 0 0 0 0 0 0 00000000000000a6 00000001 f 00000001 0 00
00000000000000a6 303970b070000000 0 00 00000000 0 0 0 0 0 0 00000000000000a7 00000001 f 00000001 0 00
00000000000000a7 7c15000000700001 0 00 00000000 0 0 0 0 0 0 00000000000000a8 00000001 f 00000001 0 00
00000000000000a8 101003050400f000 0 00 00000000 0 0 0 0 0 0 00000000000000a9 00000001 f 00000001 1 03
00000000000000a9 7c25000000000000 0 00 00000000 0 0 0 0 0 0 00000000000000aa 00000001 f 00000001 0 00
00000000000000aa 10000a0a0700f000 0 00 00000000 0 0 0 0 0 0 00000000000000ab 00000001 f 00000001 1 0a
00000000000000ab 7c95fffff8d00000 0 00 00000000 0 0 0 0 0 0 00000000000000ac 00000001 f 00000001 0 00
00000000000000ac 7c25000000000000 0 00 00000000 0 0 0 0 0 0 00000000000000ad fffffff5 f fffffff5 0 00
00000000000000ad 300930b070000000 0 00 00000000 0 0 0 0 0 0 00000000000000ae fffffff5 f fffffff5 0 00
00000000000000ae 7c1500005b30005c 0 00 00000000 0 0 0 0 0 0 000000000000010a fffffff5 f fffffff5 0 00
000000000000010a 1010030c0100f000 0 00 00000000 0 0 0 0 0 0 000000000000010b fffffff5 f fffffff5 1 03
000000000000010b 7c25000000000000 0 00 00000000 0 0 0 0 0 0 000000000000010c fffffff5 f fffffff5 0 00
000000000000010c 7c25000000000000 0 00 00000000 0 0 0 0 0 0 000000000000010d fffffff5 f fffffff5 0 00
000000000000010d 34110d000003f000 0 00 00000000 0 0 0 0 0 0 000000000000010e fffffff5 f fffffff5 1 0d
000000000000010e 10300c010d00f000 0 00 00000000 0 0 0 0 0 0 000000000000010f fffffff5 f fffffff5 1 0c
000000000000010f 10000c0c0700f000 0 00 00000000 0 0 0 0 0 0 0000000000000110 fffffff5 f fffffff5 1 0c
0000000000000110 34110a000000f000 0 00 00000000 0 0 0 0 0 0 0000000000000111 fffffff5 f fffffff5 1 0a
0000000000000111 7c85000007000000 0 00 00000000 0 0 0 0 0 0 0000000000000112 fffffff5 f fffffff5 0 00
0000000000000112 3059e0a0c0000000 0 00 00000000 0 0 0 0 0 0 0000000000000113 fffffff5 f fffffff5 0 00
0000000000000113 3029d0a0c0000000 0 00 00000000 0 0 0 0 0 0 0000000000000114 fffffff5 f fffffff5 0 00
0000000000000114 3029301070000000 0 00 00000000 0 0 0 0 0 0 0000000000000115 fffffff5 f fffffff5 0 00
0000000000000115 7c15000000300001 0 00 00000000 0 0 0 0 0 0 0000000000000116 00000001 f 00000001 0 00
0000000000000116 341104000001f000 0 00 00000000 0 0 0 0 0 0 0000000000000117 00000001 f 00000001 1 04
0000000000000117 7c25000000000000 0 00 00000000 0 0 0 0 0 0 0000000000000116 fffffff4 f fffffff4 0 00
0000000000000116 341104000001f000 0 00 00000000 0 0 0 0 0 0 0000000000000117 fffffff4 f fffffff4 1 04
0000000000000117 7c25000000000000 0 00 00000000 0 0 0 0 0 0 0000000000000118 fffffff5 f fffffff5 0 00
0000000000000118 10000a0a0700f000 0 00 00000000 0 0 0 0 0 0 0000000000000119 fffffff5 f fffffff5 1 0a
0000000000000119 7c95fffff8d00000 0 00 00000000 0 0 0 0 0 0 0000000000000112 fffffff5 f fffffff5 0 00
0000000000000112 3059e0a0c0000000 0 00 00000000 0 0 0 0 0 0 0000000000000113 fffffff5 f fffffff5 0 00
0000000000000113 3029d0a0c0000000 0 00 00000000 0 0 0 0 0 0 0000000000000114 fffffff5 f fffffff5 0 00
0000000000000114 3029301070000000 0 00 00000000 0 0 0 0 0 0 0000000000000115 fffffff5 f fffffff5 0 00
0000000000000115 7c15000000300001 0 00 00000000 0 0 0 0 0 0 0000000000000116 00000001 f 00000001 0 00
0000000000000116 341104000001f000 0 00 00000000 0 0 0 0 0 0 0000000000000117 00000001 f 00000001 1 04
0000000000000117 7c25000000000000 0 00 00000000 0 0 0 0 0 0 0000000000000116 fffffff4 f fffffff4 0 00
0000000000000116 341104000001f000 0 00 00000000 0 0 0 0 0 0 0000000000000117 fffffff4 f fffffff4 1 04
0000000000000117 7c25000000000000 0 00 00000000 0 0 0 0 0 0 0000000000000118 fffffff5 f fffffff5 0 00
0000000000000118 10000a0a0700f000 0 00 00000000 0 0 0 0 0 0 0000000000000119 fffffff5 f fffffff5 1 0a
0000000000000119 7c95fffff8d00000 0 00 00000000 0 0 0 0 0 0 0000000000000112 eeeeeee4 f eeeeeee4 0 00
0000000000000112 3059e0a0c0000000 0 00 00000000 0 0 0 0 0 0 0000000000000113 eeeeeee4 f eeeeeee4 0 00
0000000000000113 3029d0a0c0000000 0 00 00000000 0 0 0 0 0 0 0000000000000114 eeeeeee4 f eeeeeee4 0 00
0000000000000114 3029301070000000 0 00 00000000 0 0 0 0 0 0 0000000000000115 eeeeeee4 f eeeeeee4 0 00
0000000000000115 7c15000000300001 0 00 00000000 0 0 0 0 0 0 0000000000000116 eeeeeee4 f eeeeeee4 0 00
0000000000000116 341104000001f000 0 00 00000000 0 0 0 0 0 0 0000000000000117 eeeeeee4 f eeeeeee4 1 04
0000000000000117 7c25000000000000 0 00 00000000 0 0 0 0 0 0 0000000000000118 eeeeeee4 f eeeeeee4 0 00
0000000000000118 10000a0a0700f000 0 00 00000000 0 0 0 0 0 0 0000000000000119 eeeeeee4 f eeeeeee4 1 0a
0000000000000119 7c95fffff8d00000 0 00 00000000 0 0 0 0 0 0 0000000000000112 ccccccc4 f ccccccc4 0 00
0000000000000112 3059e0a0c0000000 0 00 00000000 0 0 0 0 0 0 0000000000000113 ccccccc4 f ccccccc4 0 00
0000000000000113 3029d0a0c0000000 0 00 00000000 0 0 0 0 0 0 0000000000000114 ccccccc4 f ccccccc4 0 00
0000000000000114 3029301070000000 0 00 00000000 0 0 0 0 0 0 0000000000000115 ccccccc4 f ccccccc4 0 00
0000000000000115 7c15000000300001 0 00 00000000 0 0 0 0 0 0 0000000000000116 ccccccc4 f ccccccc4 0 00
0000000000000116 341104000001f000 0 00 00000000 0 0 0 0 0 0 0000000000000117 ccccccc4 f ccccccc4 1 04
0000000000000117 7c25000000000000 0 00 00000000 0 0 0 0 0 0 0000000000000118 ccccccc4 f ccccccc4 0 00
0000000000000118 10000a0a0700f000 0 00 00000000 0 0 0 0 0 0 0000000000000119 ccccccc4 f ccccccc4 1 0a
0000000000000119 7c95fffff8d00000 0 00 00000000 0 0 0 0 0 0 0000000000000112 88888880 f 88888880 0 00
0000000000000112 3059e0a0c0000000 0 00 00000000 0 0 0 0 0 0 0000000000000113 88888880 f 88888880 0 00
0000000000000113 3029d0a0c0000000 0 00 00000000 0 0 0 0 0 0 0000000000000114 88888880 f 88888880 0 00
0000000000000114 3029301070000000 0 00 00000000 0 0 0 0 0 0 0000000000000115 88888880 f 88888880 0 00
0000000000000115 7c15000000300001 0 00 00000000 0 0 0 0 0 0 0000000000000116 88888880 f 88888880 0 00
0000000000000116 341104000001f000 0 00 00000000 0 0 0 0 0 0 0000000000000117 88888880 f 88888880 1 04
0000000000000117 7c25000000000000 0 00 00000000 0 0 0 0 0 0 0000000000000118 88888880 f 88888880 0 00
0000000000000118 10000a0a0700f000 0 00 00000000 0 0 0 0 0 0 0000000000000119 88888880 f 88888880 1 0a
0000000000000119 7c95fffff8d00000 0 00 00000000 0 0 0 0 0 0 000000000000011a fffffff5 f fffffff5 0 00
000000000000011a 7c25000000000000 0 00 00000000 0 0 0 0 0 0 000000000000011b ffffffff f ffffffff 0 00
000000000000011b 020500008d000000 0 00 00000000 0 0 0 0 0 1 00000000000001a9 ffffffff f ffffffff 0 00
00000000000001a9 7c25000000000000 0 00 00000000 0 0 0 0 0 0 00000000000001aa ffffffff f ffffffff 0 00
00000000000001aa 0023060600000300 1 06 00000004 0 0 0 0 0 0 00000000000001ab ffffffff f ffffffff 0 00
00000000000001ab 7cf5000000000000 0 00 00000000 0 0 0 0 0 0 00000000000001ac ffffffff f ffffffff 0 00
