0000000000000000 0013140000004d00 1 14 0000004d 0 0 0 0000000000000001 d13b12d5 f d13b12d5 0 00 d13b12d5
0000000000000001 102006040400f000 0 00 00000000 0 0 0 0000000000000002 d13b12d5 f d13b12d5 1 06 d13b12d5
0000000000000002 102006030500f000 0 00 00000000 0 0 0 0000000000000003 d13b12d5 f d13b12d5 1 06 d13b12d5
0000000000000003 105006040300f000 0 00 00000000 0 0 0 0000000000000004 d13b12d5 f d13b12d5 1 06 d13b12d5
0000000000000004 34110600d8abf000 0 00 00000000 0 0 0 0000000000000005 d13b12d5 f d13b12d5 1 06 d13b12d5
0000000000000005 103006030400f000 0 00 00000000 0 0 0 0000000000000006 d13b12d5 f d13b12d5 1 06 d13b12d5
0000000000000006 10010505fffff000 0 00 00000000 0 0 0 0000000000000007 d13b12d5 f d13b12d5 1 05 d13b12d5
0000000000000007 0013160000000000 1 16 00000000 0 0 0 0000000000000008 d13b12d5 f d13b12d5 0 00 d13b12d5
0000000000000008 342003160000f000 0 00 00000000 0 0 0 0000000000000009 d13b12d5 f d13b12d5 1 03 d13b12d5
0000000000000009 108102030000f000 0 00 00000000 0 0 0 000000000000000a d13b12d5 f d13b12d5 1 02 d13b12d5
000000000000000a 0013150000000000 1 15 00000000 0 0 0 000000000000000b d13b12d5 f d13b12d5 0 00 d13b12d5
000000000000000b 342003150000f000 0 00 00000000 0 0 0 000000000000000c d13b12d5 f d13b12d5 1 03 d13b12d5
000000000000000c 340005020000f000 0 00 00000000 0 0 0 000000000000000d d13b12d5 f d13b12d5 1 05 d13b12d5
000000000000000d 341105000b8a1000 0 00 00000000 0 0 0 000000000000000e d13b12d5 1 500b0281 1 05 500b0281
000000000000000e 103002050300f000 0 00 00000000 0 0 0 000000000000000f d13b12d5 f d13b12d5 1 02 d13b12d5
000000000000000f 106106030008f000 0 00 00000000 0 0 0 0000000000000010 d13b12d5 f d13b12d5 1 06 d13b12d5
0000000000000010 00131500ffffff00 1 15 ffffffff 0 0 0 0000000000000011 d13b12d5 f d13b12d5 0 00 d13b12d5
0000000000000011 342002150000f000 0 00 00000000 0 0 0 0000000000000012 d13b12d5 f d13b12d5 1 02 d13b12d5
0000000000000012 340004030000a000 0 00 00000000 0 0 0 0000000000000013 d13b12d5 a 812000c5 1 04 812000c5
0000000000000013 340006030000f000 0 00 00000000 0 0 0 0000000000000014 d13b12d5 f d13b12d5 1 06 d13b12d5
0000000000000014 0013160000000100 1 16 00000001 0 0 0 0000000000000015 d13b12d5 f d13b12d5 0 00 d13b12d5
0000000000000015 342002160000f000 0 00 00000000 0 0 0 0000000000000016 d13b12d5 f d13b12d5 1 02 d13b12d5
0000000000000016 10810402000ff000 0 00 00000000 0 0 0 0000000000000017 d13b12d5 f d13b12d5 1 04 d13b12d5
0000000000000017 3411060056eab000 0 00 00000000 0 0 0 0000000000000018 d13b12d5 b 51111055 1 06 51111055
0000000000000018 101004050600e000 0 00 00000000 0 0 0 0000000000000019 d13b12d5 e 51111055 1 04 51111055
0000000000000019 00131e0000000300 1 1e 00000003 0 0 0 000000000000001a d13b12d5 f d13b12d5 0 00 d13b12d5
000000000000001a 0023171700000100 1 17 00000001 0 0 0 000000000000001b d13b12d5 f d13b12d5 0 00 d13b12d5
000000000000001b 00731e1e00000100 1 1e 00000002 0 0 0 000000000000001c d13b12d5 f d13b12d5 0 00 d13b12d5
000000000000001c 0013180000000000 1 18 00000000 0 0 0 000000000000001d d13b12d5 f d13b12d5 0 00 d13b12d5
000000000000001d 0102001e18000000 0 00 00000000 4 0 0 000000000000001e d13b12d5 f d13b12d5 0 00 d13b12d5
000000000000001e 0215fffffb040000 0 00 00000000 4 0 1 000000000000001a d13b12d5 f d13b12d5 0 00 d13b12d5
000000000000001a 0023171700000100 1 17 00000002 4 0 0 000000000000001b d13b12d5 f d13b12d5 0 00 d13b12d5
000000000000001b 00731e1e00000100 1 1e 00000001 4 0 0 000000000000001c d13b12d5 f d13b12d5 0 00 d13b12d5
000000000000001c 0013180000000000 1 18 00000000 4 0 0 000000000000001d d13b12d5 f d13b12d5 0 00 d13b12d5
000000000000001d 0102001e18000000 0 00 00000000 4 0 0 000000000000001e d13b12d5 f d13b12d5 0 00 d13b12d5
000000000000001e 0215fffffb040000 0 00 00000000 4 0 1 000000000000001a d13b12d5 f d13b12d5 0 00 d13b12d5
000000000000001a 0023171700000100 1 17 00000003 4 0 0 000000000000001b d13b12d5 f d13b12d5 0 00 d13b12d5
000000000000001b 00731e1e00000100 1 1e 00000000 4 0 0 000000000000001c d13b12d5 f d13b12d5 0 00 d13b12d5
000000000000001c 0013180000000000 1 18 00000000 4 0 0 000000000000001d d13b12d5 f d13b12d5 0 00 d13b12d5
000000000000001d 0102001e18000000 0 00 00000000 5 1 0 000000000000001e d13b12d5 f d13b12d5 0 00 d13b12d5
000000000000001e 0215fffffb040000 0 00 00000000 5 1 0 000000000000001f d13b12d5 f d13b12d5 0 00 d13b12d5
000000000000001f 7cf5000000000000 0 00 00000000 5 1 0 0000000000000020 d13b12d5 f d13b12d5 0 00 d13b12d5
DONE retired=42 fault=00 pc=000000000000001f
