0000000000000000 00131d0000000000 1 1d 00000000 0 0 0 0000000000000001
0000000000000001 8506000000000000 0 00 00000000 0 0 0 0000000000000002
0000000000000002 8506000000000000 0 00 00000000 0 0 0 0000000000000003
0000000000000003 0073101277e90700 1 10 ff8816f9 0 0 0 0000000000000004
0000000000000004 0122001202000000 0 00 00000000 5 0 0 0000000000000005
0000000000000005 02150000010b0000 0 00 00000000 5 0 0 0000000000000006
0000000000000006 8506000000000000 0 00 00000000 5 0 0 0000000000000007
0000000000000007 8506000000000000 0 00 00000000 5 0 0 0000000000000008
0000000000000008 0063080200000500 1 08 00000000 5 0 0 0000000000000009
0000000000000009 00620e0708000000 1 0e 00000000 5 0 0 000000000000000a
000000000000000a 00230a0b0078eb00 1 0a 000078eb 5 0 0 000000000000000b
000000000000000b 00720c1407000000 1 0c 00000000 5 0 0 000000000000000c
000000000000000c 00b3060800000a00 1 06 00000000 5 0 0 000000000000000d
000000000000000d 00a30a0500000600 1 0a 00000000 5 0 0 000000000000000e
000000000000000e 00131e0000000400 1 1e 00000004 5 0 0 000000000000000f
000000000000000f 0023151500000100 1 15 00000001 5 0 0 0000000000000010
0000000000000010 00731e1e00000100 1 1e 00000003 5 0 0 0000000000000011
0000000000000011 0102001e1d000000 0 00 00000000 4 0 0 0000000000000012
0000000000000012 0215fffffc040000 0 00 00000000 4 0 1 000000000000000f
000000000000000f 0023151500000100 1 15 00000002 4 0 0 0000000000000010
0000000000000010 00731e1e00000100 1 1e 00000002 4 0 0 0000000000000011
0000000000000011 0102001e1d000000 0 00 00000000 4 0 0 0000000000000012
0000000000000012 0215fffffc040000 0 00 00000000 4 0 1 000000000000000f
000000000000000f 0023151500000100 1 15 00000003 4 0 0 0000000000000010
0000000000000010 00731e1e00000100 1 1e 00000001 4 0 0 0000000000000011
0000000000000011 0102001e1d000000 0 00 00000000 4 0 0 0000000000000012
0000000000000012 0215fffffc040000 0 00 00000000 4 0 1 000000000000000f
000000000000000f 0023151500000100 1 15 00000004 4 0 0 0000000000000010
0000000000000010 00731e1e00000100 1 1e 00000000 4 0 0 0000000000000011
0000000000000011 0102001e1d000000 0 00 00000000 5 1 0 0000000000000012
0000000000000012 0215fffffc040000 0 00 00000000 5 1 0 0000000000000013
0000000000000013 7cf5000000000000 0 00 00000000 5 1 0 0000000000000014
DONE retired=32 fault=00 pc=0000000000000013
