0000000000000000 0013140000004d00 1 14 0000004d 0 0 0 0000000000000001 55555555 f 55555555 0 00 55555555
0000000000000001 10610602001ff000 0 00 00000000 0 0 0 0000000000000002 55555555 f 55555555 1 06 55555555
0000000000000002 105105060000f000 0 00 00000000 0 0 0 0000000000000003 55555555 f 55555555 1 05 55555555
0000000000000003 0013150000000000 1 15 00000000 0 0 0 0000000000000004 55555555 f 55555555 0 00 55555555
0000000000000004 342006150000f000 0 00 00000000 0 0 0 0000000000000005 55555555 f 55555555 1 06 55555555
0000000000000005 101106020001f000 0 00 00000000 0 0 0 0000000000000006 55555555 f 55555555 1 06 55555555
0000000000000006 103003050500f000 0 00 00000000 0 0 0 0000000000000007 55555555 f 55555555 1 03 55555555
0000000000000007 343005000000f000 0 00 00000000 0 0 0 0000000000000008 55555555 f 55555555 1 05 55555555
0000000000000008 343002000000f000 0 00 00000000 0 0 0 0000000000000009 55555555 f 55555555 1 02 55555555
0000000000000009 100103047ffff000 0 00 00000000 0 0 0 000000000000000a 55555555 f 55555555 1 03 55555555
000000000000000a 00131600ffffff00 1 16 ffffffff 0 0 0 000000000000000b 55555555 f 55555555 0 00 55555555
000000000000000b 342004160000f000 0 00 00000000 0 0 0 000000000000000c 55555555 f 55555555 1 04 55555555
000000000000000c 108103040010f000 0 00 00000000 0 0 0 000000000000000d 55555555 f 55555555 1 03 55555555
000000000000000d 104002020600f000 0 00 00000000 0 0 0 000000000000000e 55555555 f 55555555 1 02 55555555
000000000000000e 341106009c83f000 0 00 00000000 0 0 0 000000000000000f 55555555 f 55555555 1 06 55555555
000000000000000f 0013150000000000 1 15 00000000 0 0 0 0000000000000010 55555555 f 55555555 0 00 55555555
0000000000000010 342003150000f000 0 00 00000000 0 0 0 0000000000000011 55555555 f 55555555 1 03 55555555
0000000000000011 10710302003ff000 0 00 00000000 0 0 0 0000000000000012 55555555 f 55555555 1 03 55555555
0000000000000012 1030060205004000 0 00 00000000 0 0 0 0000000000000013 55555555 4 55555555 1 06 55555555
0000000000000013 100006060300f000 0 00 00000000 0 0 0 0000000000000014 55555555 f 55555555 1 06 55555555
0000000000000014 1040030302005000 0 00 00000000 0 0 0 0000000000000015 55555555 5 55555555 1 03 55555555
0000000000000015 106103030021f000 0 00 00000000 0 0 0 0000000000000016 55555555 f 55555555 1 03 55555555
0000000000000016 341106000001f000 0 00 00000000 0 0 0 0000000000000017 55555555 f 55555555 1 06 55555555
0000000000000017 341103007ffff000 0 00 00000000 0 0 0 0000000000000018 55555555 f 55555555 1 03 55555555
0000000000000018 0013150055555500 1 15 00555555 0 0 0 0000000000000019 55555555 f 55555555 0 00 55555555
0000000000000019 3420051500001000 0 00 00000000 0 0 0 000000000000001a 55555555 1 51511155 1 05 51511155
000000000000001a 10610303000ff000 0 00 00000000 0 0 0 000000000000001b 55555555 f 55555555 1 03 55555555
000000000000001b 1040040504005000 0 00 00000000 0 0 0 000000000000001c 55555555 5 55555555 1 04 55555555
000000000000001c 107106050010f000 0 00 00000000 0 0 0 000000000000001d 55555555 f 55555555 1 06 55555555
000000000000001d 341105008000b000 0 00 00000000 0 0 0 000000000000001e 55555555 b 55555555 1 05 55555555
000000000000001e 3400030400009000 0 00 00000000 0 0 0 000000000000001f 55555555 9 14415540 1 03 14415540
000000000000001f 10710402001ff000 0 00 00000000 0 0 0 0000000000000020 55555555 f 55555555 1 04 55555555
0000000000000020 105006060500f000 0 00 00000000 0 0 0 0000000000000021 55555555 f 55555555 1 06 55555555
0000000000000021 104003030500f000 0 00 00000000 0 0 0 0000000000000022 55555555 f 55555555 1 03 55555555
0000000000000022 10510303438ef000 0 00 00000000 0 0 0 0000000000000023 55555555 f 55555555 1 03 55555555
0000000000000023 106104060000f000 0 00 00000000 0 0 0 0000000000000024 55555555 f 55555555 1 04 55555555
0000000000000024 00131e0000000200 1 1e 00000002 0 0 0 0000000000000025 55555555 f 55555555 0 00 55555555
0000000000000025 0023171700000100 1 17 00000001 0 0 0 0000000000000026 55555555 f 55555555 0 00 55555555
0000000000000026 00731e1e00000100 1 1e 00000001 0 0 0 0000000000000027 55555555 f 55555555 0 00 55555555
0000000000000027 0013180000000000 1 18 00000000 0 0 0 0000000000000028 55555555 f 55555555 0 00 55555555
0000000000000028 0102001e18000000 0 00 00000000 4 0 0 0000000000000029 55555555 f 55555555 0 00 55555555
0000000000000029 0215fffffb040000 0 00 00000000 4 0 1 0000000000000025 55555555 f 55555555 0 00 55555555
0000000000000025 0023171700000100 1 17 00000002 4 0 0 0000000000000026 55555555 f 55555555 0 00 55555555
0000000000000026 00731e1e00000100 1 1e 00000000 4 0 0 0000000000000027 55555555 f 55555555 0 00 55555555
0000000000000027 0013180000000000 1 18 00000000 4 0 0 0000000000000028 55555555 f 55555555 0 00 55555555
0000000000000028 0102001e18000000 0 00 00000000 5 1 0 0000000000000029 55555555 f 55555555 0 00 55555555
0000000000000029 0215fffffb040000 0 00 00000000 5 1 0 000000000000002a 55555555 f 55555555 0 00 55555555
000000000000002a 7cf5000000000000 0 00 00000000 5 1 0 000000000000002b 55555555 f 55555555 0 00 55555555
DONE retired=48 fault=00 pc=000000000000002a
