0000000000000000 0013140000004d00 1 14 0000004d 0 0 0 0000000000000001 571a31b0 f 571a31b0 0 00 571a31b0
0000000000000001 00131500ffffff00 1 15 ffffffff 0 0 0 0000000000000002 571a31b0 f 571a31b0 0 00 571a31b0
0000000000000002 342004150000f000 0 00 00000000 0 0 0 0000000000000003 571a31b0 f 571a31b0 1 04 571a31b0
0000000000000003 0013160000000100 1 16 00000001 0 0 0 0000000000000004 571a31b0 f 571a31b0 0 00 571a31b0
0000000000000004 342005160000f000 0 00 00000000 0 0 0 0000000000000005 571a31b0 f 571a31b0 1 05 571a31b0
0000000000000005 10810305001ff000 0 00 00000000 0 0 0 0000000000000006 571a31b0 f 571a31b0 1 03 571a31b0
0000000000000006 103103059493f000 0 00 00000000 0 0 0 0000000000000007 571a31b0 f 571a31b0 1 03 571a31b0
0000000000000007 341105008000f000 0 00 00000000 0 0 0 0000000000000008 571a31b0 f 571a31b0 1 05 571a31b0
0000000000000008 340005050000f000 0 00 00000000 0 0 0 0000000000000009 571a31b0 f 571a31b0 1 05 571a31b0
0000000000000009 0013160000000100 1 16 00000001 0 0 0 000000000000000a 571a31b0 f 571a31b0 0 00 571a31b0
000000000000000a 342004160000f000 0 00 00000000 0 0 0 000000000000000b 571a31b0 f 571a31b0 1 04 571a31b0
000000000000000b 10810204003ff000 0 00 00000000 0 0 0 000000000000000c 571a31b0 f 571a31b0 1 02 571a31b0
000000000000000c 101005060200e000 0 00 00000000 0 0 0 000000000000000d 571a31b0 e 55101110 1 05 55101110
000000000000000d 34110500ffff9000 0 00 00000000 0 0 0 000000000000000e 571a31b0 9 440831a0 1 05 440831a0
000000000000000e 00131e0000000100 1 1e 00000001 0 0 0 000000000000000f 571a31b0 f 571a31b0 0 00 571a31b0
000000000000000f 0023171700000100 1 17 00000001 0 0 0 0000000000000010 571a31b0 f 571a31b0 0 00 571a31b0
0000000000000010 00731e1e00000100 1 1e 00000000 0 0 0 0000000000000011 571a31b0 f 571a31b0 0 00 571a31b0
0000000000000011 0013180000000000 1 18 00000000 0 0 0 0000000000000012 571a31b0 f 571a31b0 0 00 571a31b0
0000000000000012 0102001e18000000 0 00 00000000 5 1 0 0000000000000013 571a31b0 f 571a31b0 0 00 571a31b0
0000000000000013 0215fffffb040000 0 00 00000000 5 1 0 0000000000000014 571a31b0 f 571a31b0 0 00 571a31b0
0000000000000014 7cf5000000000000 0 00 00000000 5 1 0 0000000000000015 571a31b0 f 571a31b0 0 00 571a31b0
DONE retired=21 fault=00 pc=0000000000000014
