0000000000000000 343001000000f000 0 00 00000000 0 0 0 0 0 0 0000000000000001 ffffffff f ffffffff 1 01
0000000000000001 341107000001f000 0 00 00000000 0 0 0 0 0 0 0000000000000002 ffffffff f ffffffff 1 07
0000000000000002 34110c000003f000 0 00 00000000 0 0 0 0 0 0 0000000000000003 ffffffff f ffffffff 1 0c
0000000000000003 3019c03070000000 0 00 00000000 0 0 0 0 0 0 0000000000000004 ffffffff f ffffffff 0 00
0000000000000004 7c150000d6c00168 0 00 00000000 0 0 0 0 0 0 0000000000000005 ffffffff f ffffffff 0 00
0000000000000005 34110d000000f000 0 00 00000000 0 0 0 0 0 0 0000000000000006 ffffffff f ffffffff 1 0d
0000000000000006 10300c010d00f000 0 00 00000000 0 0 0 0 0 0 0000000000000007 ffffffff f ffffffff 1 0c
0000000000000007 10000c0c0700f000 0 00 00000000 0 0 0 0 0 0 0000000000000008 ffffffff f ffffffff 1 0c
0000000000000008 34110a000000f000 0 00 00000000 0 0 0 0 0 0 0000000000000009 ffffffff f ffffffff 1 0a
0000000000000009 7c85000004000000 0 00 00000000 0 0 0 0 0 0 000000000000000a ffffffff f ffffffff 0 00
000000000000000a 3059e0a0c0000000 0 00 00000000 0 0 0 0 0 0 000000000000000b ffffffff f ffffffff 0 00
000000000000000b 3029d0a0c0000000 0 00 00000000 0 0 0 0 0 0 000000000000000c ffffffff f ffffffff 0 00
000000000000000c 101004070300f000 0 00 00000000 0 0 0 0 0 0 000000000000000d ffffffff f ffffffff 1 04
000000000000000d 10000a0a0700f000 0 00 00000000 0 0 0 0 0 0 000000000000000e ffffffff f ffffffff 1 0a
000000000000000e 7c95fffffbd00000 0 00 00000000 0 0 0 0 0 0 000000000000000a ffffffff f ffffffff 0 00
000000000000000a 3059e0a0c0000000 0 00 00000000 0 0 0 0 0 0 000000000000000b ffffffff f ffffffff 0 00
000000000000000b 3029d0a0c0000000 0 00 00000000 0 0 0 0 0 0 000000000000000c ffffffff f ffffffff 0 00
000000000000000c 101004070300f000 0 00 00000000 0 0 0 0 0 0 000000000000000d ffffffff f ffffffff 1 04
000000000000000d 10000a0a0700f000 0 00 00000000 0 0 0 0 0 0 000000000000000e ffffffff f ffffffff 1 0a
000000000000000e 7c95fffffbd00000 0 00 00000000 0 0 0 0 0 0 000000000000000f ffffffff f ffffffff 0 00
000000000000000f 30197030c0000000 0 00 00000000 0 0 0 0 0 0 0000000000000010 ffffffff f ffffffff 0 00
0000000000000010 7c1500000d7000c8 0 00 00000000 0 0 0 0 0 0 0000000000000011 ffffffff f ffffffff 0 00
0000000000000011 34110d000001f000 0 00 00000000 0 0 0 0 0 0 0000000000000012 ffffffff f ffffffff 1 0d
0000000000000012 10300c010d00f000 0 00 00000000 0 0 0 0 0 0 0000000000000013 ffffffff f ffffffff 1 0c
0000000000000013 10000c0c0700f000 0 00 00000000 0 0 0 0 0 0 0000000000000014 ffffffff f ffffffff 1 0c
0000000000000014 34110a000000f000 0 00 00000000 0 0 0 0 0 0 0000000000000015 ffffffff f ffffffff 1 0a
0000000000000015 7c85000005000000 0 00 00000000 0 0 0 0 0 0 0000000000000016 ffffffff f ffffffff 0 00
0000000000000016 3059e0a0c0000000 0 00 00000000 0 0 0 0 0 0 0000000000000017 ffffffff f ffffffff 0 00
0000000000000017 3029d0a0c0000000 0 00 00000000 0 0 0 0 0 0 0000000000000018 ffffffff f ffffffff 0 00
0000000000000018 111004030700f000 0 00 00000000 0 0 0 0 0 0 0000000000000019 ffffffff f ffffffff 1 04
0000000000000019 7cb5000000e00000 0 00 00000000 0 0 0 0 0 0 000000000000001a ffffffff f ffffffff 0 00
000000000000001a 10000a0a0700f000 0 00 00000000 0 0 0 0 0 0 000000000000001b ffffffff f ffffffff 1 0a
000000000000001b 7c95fffffad00000 0 00 00000000 0 0 0 0 0 0 0000000000000016 ffffffff f ffffffff 0 00
0000000000000016 3059e0a0c0000000 0 00 00000000 0 0 0 0 0 0 0000000000000017 ffffffff f ffffffff 0 00
0000000000000017 3029d0a0c0000000 0 00 00000000 0 0 0 0 0 0 0000000000000018 ffffffff f ffffffff 0 00
0000000000000018 111004030700f000 0 00 00000000 0 0 0 0 0 0 0000000000000019 ffffffff f ffffffff 1 04
0000000000000019 7cb5000000e00000 0 00 00000000 0 0 0 0 0 0 000000000000001a aaaaaaaa f aaaaaaaa 0 00
000000000000001a 10000a0a0700f000 0 00 00000000 0 0 0 0 0 0 000000000000001b aaaaaaaa f aaaaaaaa 1 0a
000000000000001b 7c95fffffad00000 0 00 00000000 0 0 0 0 0 0 0000000000000016 aaaaaaaa f aaaaaaaa 0 00
0000000000000016 3059e0a0c0000000 0 00 00000000 0 0 0 0 0 0 0000000000000017 aaaaaaaa f aaaaaaaa 0 00
0000000000000017 3029d0a0c0000000 0 00 00000000 0 0 0 0 0 0 0000000000000018 aaaaaaaa f aaaaaaaa 0 00
0000000000000018 111004030700f000 0 00 00000000 0 0 0 0 0 0 0000000000000019 aaaaaaaa f aaaaaaaa 1 04
000000000000001b 7cb5000000e00000 0 00 00000000 0 0 0 0 0 0 000000000000001a 00000000 f 00000000 0 00
000000000000001b 7c95fffffad00000 0 00 00000000 0 0 0 0 0 0 000000000000001c ffffffff f ffffffff 0 00
000000000000001c 103005030c00f000 0 00 00000000 0 0 0 0 0 0 000000000000001d ffffffff f ffffffff 1 05
000000000000001d 02050000bb000000 0 00 00000000 0 0 0 0 0 1 00000000000000d9 ffffffff f ffffffff 0 00
00000000000000d9 7c25000000000000 0 00 00000000 0 0 0 0 0 0 00000000000000da ffffffff f ffffffff 0 00
00000000000000da 0205000092000000 0 00 00000000 0 0 0 0 0 1 000000000000016d ffffffff f ffffffff 0 00
000000000000016d 7c25000000000000 0 00 00000000 0 0 0 0 0 0 000000000000016e ffffffff f ffffffff 0 00
000000000000016e 101004050400f000 0 00 00000000 0 0 0 0 0 0 000000000000016f ffffffff f ffffffff 1 04
000000000000016f 7cf5000000000000 0 00 00000000 0 0 0 0 0 0 0000000000000170 ffffffff f ffffffff 0 00
