0000000000000000 343001000000f000 0 00 00000000 0 0 0 0 0 0 0000000000000001 ffffffff f ffffffff 1 01
0000000000000001 341107000001f000 0 00 00000000 0 0 0 0 0 0 0000000000000002 ffffffff f ffffffff 1 07
0000000000000002 34110c000003f000 0 00 00000000 0 0 0 0 0 0 0000000000000003 ffffffff f ffffffff 1 0c
0000000000000003 301910b0c0000000 0 00 00000000 0 0 0 0 0 0 0000000000000004 ffffffff f ffffffff 0 00
0000000000000004 7c15000010100012 0 00 00000000 0 0 0 0 0 0 0000000000000005 ffffffff f ffffffff 0 00
0000000000000005 34110d000000f000 0 00 00000000 0 0 0 0 0 0 0000000000000006 ffffffff f ffffffff 1 0d
0000000000000006 10300c010d00f000 0 00 00000000 0 0 0 0 0 0 0000000000000007 ffffffff f ffffffff 1 0c
0000000000000007 10000c0c0700f000 0 00 00000000 0 0 0 0 0 0 0000000000000008 ffffffff f ffffffff 1 0c
0000000000000008 34110a000000f000 0 00 00000000 0 0 0 0 0 0 0000000000000009 ffffffff f ffffffff 1 0a
0000000000000009 7c85000008000000 0 00 00000000 0 0 0 0 0 0 000000000000000a ffffffff f ffffffff 0 00
000000000000000a 3059e0a0c0000000 0 00 00000000 0 0 0 0 0 0 000000000000000b ffffffff f ffffffff 0 00
000000000000000b 3029d0a0c0000000 0 00 00000000 0 0 0 0 0 0 000000000000000c ffffffff f ffffffff 0 00
000000000000000c 305930b070000000 0 00 00000000 0 0 0 0 0 0 000000000000000d ffffffff f ffffffff 0 00
000000000000000d 7c15000000300001 0 00 00000000 0 0 0 0 0 0 000000000000000e ffffffff f ffffffff 0 00
000000000000000e 34110c00000bf000 0 00 00000000 0 0 0 0 0 0 000000000000000f ffffffff f ffffffff 1 0c
000000000000000f 7c25000000000000 0 00 00000000 0 0 0 0 0 0 0000000000000010 ffffffff f ffffffff 0 00
0000000000000010 7cb5000000e00000 0 00 00000000 0 0 0 0 0 0 0000000000000011 ffffffff f ffffffff 0 00
0000000000000011 10000a0a0700f000 0 00 00000000 0 0 0 0 0 0 0000000000000012 ffffffff f ffffffff 1 0a
0000000000000012 7c95fffff7d00000 0 00 00000000 0 0 0 0 0 0 000000000000000a ffffffff f ffffffff 0 00
000000000000000a 3059e0a0c0000000 0 00 00000000 0 0 0 0 0 0 000000000000000b ffffffff f ffffffff 0 00
000000000000000b 3029d0a0c0000000 0 00 00000000 0 0 0 0 0 0 000000000000000c ffffffff f ffffffff 0 00
000000000000000c 305930b070000000 0 00 00000000 0 0 0 0 0 0 000000000000000d ffffffff f ffffffff 0 00
000000000000000d 7c15000000300001 0 00 00000000 0 0 0 0 0 0 000000000000000e ffffffff f ffffffff 0 00
000000000000000e 34110c00000bf000 0 00 00000000 0 0 0 0 0 0 000000000000000f ffffffff f ffffffff 1 0c
000000000000000f 7c25000000000000 0 00 00000000 0 0 0 0 0 0 0000000000000010 ffffffff f ffffffff 0 00
0000000000000010 7cb5000000e00000 0 00 00000000 0 0 0 0 0 0 0000000000000011 ffffffff f ffffffff 0 00
0000000000000011 10000a0a0700f000 0 00 00000000 0 0 0 0 0 0 0000000000000012 ffffffff f ffffffff 1 0a
0000000000000012 7c95fffff7d00000 0 00 00000000 0 0 0 0 0 0 000000000000000a ffffffff f ffffffff 0 00
000000000000000a 3059e0a0c0000000 0 00 00000000 0 0 0 0 0 0 000000000000000b ffffffff f ffffffff 0 00
000000000000000b 3029d0a0c0000000 0 00 00000000 0 0 0 0 0 0 000000000000000c ffffffff f ffffffff 0 00
000000000000000c 305930b070000000 0 00 00000000 0 0 0 0 0 0 000000000000000d ffffffff f ffffffff 0 00
000000000000000d 7c15000000300001 0 00 00000000 0 0 0 0 0 0 000000000000000e ffffffff f ffffffff 0 00
000000000000000e 34110c00000bf000 0 00 00000000 0 0 0 0 0 0 000000000000000f ffffffff f ffffffff 1 0c
000000000000000f 7c25000000000000 0 00 00000000 0 0 0 0 0 0 0000000000000010 ffffffff f ffffffff 0 00
0000000000000010 7cb5000000e00000 0 00 00000000 0 0 0 0 0 0 0000000000000011 ffffffff f ffffffff 0 00
0000000000000011 10000a0a0700f000 0 00 00000000 0 0 0 0 0 0 0000000000000012 ffffffff f ffffffff 1 0a
0000000000000012 7c95fffff7d00000 0 00 00000000 0 0 0 0 0 0 000000000000000a ffffffff f ffffffff 0 00
000000000000000a 3059e0a0c0000000 0 00 00000000 0 0 0 0 0 0 000000000000000b ffffffff f ffffffff 0 00
000000000000000b 3029d0a0c0000000 0 00 00000000 0 0 0 0 0 0 000000000000000c ffffffff f ffffffff 0 00
000000000000000c 305930b070000000 0 00 00000000 0 0 0 0 0 0 000000000000000d ffffffff f ffffffff 0 00
000000000000000d 7c15000000300001 0 00 00000000 0 0 0 0 0 0 000000000000000e ffffffff f ffffffff 0 00
000000000000000e 34110c00000bf000 0 00 00000000 0 0 0 0 0 0 000000000000000f ffffffff f ffffffff 1 0c
000000000000000f 7c25000000000000 0 00 00000000 0 0 0 0 0 0 0000000000000010 ffffffff f ffffffff 0 00
0000000000000010 7cb5000000e00000 0 00 00000000 0 0 0 0 0 0 0000000000000011 ffffffff f ffffffff 0 00
0000000000000011 10000a0a0700f000 0 00 00000000 0 0 0 0 0 0 0000000000000012 ffffffff f ffffffff 1 0a
0000000000000012 7c95fffff7d00000 0 00 00000000 0 0 0 0 0 0 000000000000000a ffffffff f ffffffff 0 00
000000000000000a 3059e0a0c0000000 0 00 00000000 0 0 0 0 0 0 000000000000000b ffffffff f ffffffff 0 00
000000000000000b 3029d0a0c0000000 0 00 00000000 0 0 0 0 0 0 000000000000000c ffffffff f ffffffff 0 00
000000000000000c 305930b070000000 0 00 00000000 0 0 0 0 0 0 000000000000000d ffffffff f ffffffff 0 00
000000000000000d 7c15000000300001 0 00 00000000 0 0 0 0 0 0 000000000000000e ffffffff f ffffffff 0 00
000000000000000e 34110c00000bf000 0 00 00000000 0 0 0 0 0 0 000000000000000f ffffffff f ffffffff 1 0c
000000000000000f 7c25000000000000 0 00 00000000 0 0 0 0 0 0 0000000000000010 ffffffff f ffffffff 0 00
0000000000000010 7cb5000000e00000 0 00 00000000 0 0 0 0 0 0 0000000000000011 ffffffff f ffffffff 0 00
0000000000000011 10000a0a0700f000 0 00 00000000 0 0 0 0 0 0 0000000000000012 ffffffff f ffffffff 1 0a
0000000000000012 7c95fffff7d00000 0 00 00000000 0 0 0 0 0 0 000000000000000a ffffffff f ffffffff 0 00
000000000000000a 3059e0a0c0000000 0 00 00000000 0 0 0 0 0 0 000000000000000b ffffffff f ffffffff 0 00
000000000000000b 3029d0a0c0000000 0 00 00000000 0 0 0 0 0 0 000000000000000c ffffffff f ffffffff 0 00
000000000000000c 305930b070000000 0 00 00000000 0 0 0 0 0 0 000000000000000d ffffffff f ffffffff 0 00
000000000000000d 7c15000000300001 0 00 00000000 0 0 0 0 0 0 000000000000000e ffffffff f ffffffff 0 00
000000000000000e 34110c00000bf000 0 00 00000000 0 0 0 0 0 0 000000000000000f ffffffff f ffffffff 1 0c
000000000000000f 7c25000000000000 0 00 00000000 0 0 0 0 0 0 0000000000000010 ffffffff f ffffffff 0 00
0000000000000010 7cb5000000e00000 0 00 00000000 0 0 0 0 0 0 0000000000000011 ffffffff f ffffffff 0 00
0000000000000011 10000a0a0700f000 0 00 00000000 0 0 0 0 0 0 0000000000000012 ffffffff f ffffffff 1 0a
0000000000000012 7c95fffff7d00000 0 00 00000000 0 0 0 0 0 0 000000000000000a ffffffff f ffffffff 0 00
000000000000000a 3059e0a0c0000000 0 00 00000000 0 0 0 0 0 0 000000000000000b ffffffff f ffffffff 0 00
000000000000000b 3029d0a0c0000000 0 00 00000000 0 0 0 0 0 0 000000000000000c ffffffff f ffffffff 0 00
000000000000000c 305930b070000000 0 00 00000000 0 0 0 0 0 0 000000000000000d ffffffff f ffffffff 0 00
000000000000000d 7c15000000300001 0 00 00000000 0 0 0 0 0 0 000000000000000e ffffffff f ffffffff 0 00
000000000000000e 34110c00000bf000 0 00 00000000 0 0 0 0 0 0 000000000000000f ffffffff f ffffffff 1 0c
000000000000000f 7c25000000000000 0 00 00000000 0 0 0 0 0 0 0000000000000010 ffffffff f ffffffff 0 00
0000000000000010 7cb5000000e00000 0 00 00000000 0 0 0 0 0 0 0000000000000011 ffffffff f ffffffff 0 00
0000000000000011 10000a0a0700f000 0 00 00000000 0 0 0 0 0 0 0000000000000012 ffffffff f ffffffff 1 0a
0000000000000012 7c95fffff7d00000 0 00 00000000 0 0 0 0 0 0 000000000000000a ffffffff f ffffffff 0 00
000000000000000a 3059e0a0c0000000 0 00 00000000 0 0 0 0 0 0 000000000000000b ffffffff f ffffffff 0 00
000000000000000b 3029d0a0c0000000 0 00 00000000 0 0 0 0 0 0 000000000000000c ffffffff f ffffffff 0 00
000000000000000c 305930b070000000 0 00 00000000 0 0 0 0 0 0 000000000000000d ffffffff f ffffffff 0 00
000000000000000d 7c15000000300001 0 00 00000000 0 0 0 0 0 0 000000000000000e ffffffff f ffffffff 0 00
000000000000000e 34110c00000bf000 0 00 00000000 0 0 0 0 0 0 000000000000000f ffffffff f ffffffff 1 0c
000000000000000f 7c25000000000000 0 00 00000000 0 0 0 0 0 0 0000000000000010 ffffffff f ffffffff 0 00
0000000000000010 7cb5000000e00000 0 00 00000000 0 0 0 0 0 0 0000000000000011 ffffffff f ffffffff 0 00
0000000000000011 10000a0a0700f000 0 00 00000000 0 0 0 0 0 0 0000000000000012 ffffffff f ffffffff 1 0a
0000000000000012 7c95fffff7d00000 0 00 00000000 0 0 0 0 0 0 000000000000000a ffffffff f ffffffff 0 00
000000000000000a 3059e0a0c0000000 0 00 00000000 0 0 0 0 0 0 000000000000000b ffffffff f ffffffff 0 00
000000000000000b 3029d0a0c0000000 0 00 00000000 0 0 0 0 0 0 000000000000000c ffffffff f ffffffff 0 00
000000000000000c 305930b070000000 0 00 00000000 0 0 0 0 0 0 000000000000000d ffffffff f ffffffff 0 00
000000000000000d 7c15000000300001 0 00 00000000 0 0 0 0 0 0 000000000000000e ffffffff f ffffffff 0 00
000000000000000e 34110c00000bf000 0 00 00000000 0 0 0 0 0 0 000000000000000f ffffffff f ffffffff 1 0c
000000000000000f 7c25000000000000 0 00 00000000 0 0 0 0 0 0 0000000000000010 ffffffff f ffffffff 0 00
0000000000000010 7cb5000000e00000 0 00 00000000 0 0 0 0 0 0 0000000000000011 ffffffff f ffffffff 0 00
0000000000000011 10000a0a0700f000 0 00 00000000 0 0 0 0 0 0 0000000000000012 ffffffff f ffffffff 1 0a
0000000000000012 7c95fffff7d00000 0 00 00000000 0 0 0 0 0 0 000000000000000a ffffffff f ffffffff 0 00
000000000000000a 3059e0a0c0000000 0 00 00000000 0 0 0 0 0 0 000000000000000b ffffffff f ffffffff 0 00
000000000000000b 3029d0a0c0000000 0 00 00000000 0 0 0 0 0 0 000000000000000c ffffffff f ffffffff 0 00
000000000000000c 305930b070000000 0 00 00000000 0 0 0 0 0 0 000000000000000d ffffffff f ffffffff 0 00
000000000000000d 7c15000000300001 0 00 00000000 0 0 0 0 0 0 000000000000000e ffffffff f ffffffff 0 00
000000000000000e 34110c00000bf000 0 00 00000000 0 0 0 0 0 0 000000000000000f ffffffff f ffffffff 1 0c
000000000000000f 7c25000000000000 0 00 00000000 0 0 0 0 0 0 0000000000000010 ffffffff f ffffffff 0 00
0000000000000010 7cb5000000e00000 0 00 00000000 0 0 0 0 0 0 0000000000000011 ffffffff f ffffffff 0 00
0000000000000011 10000a0a0700f000 0 00 00000000 0 0 0 0 0 0 0000000000000012 ffffffff f ffffffff 1 0a
0000000000000012 7c95fffff7d00000 0 00 00000000 0 0 0 0 0 0 000000000000000a ffffffff f ffffffff 0 00
000000000000000a 3059e0a0c0000000 0 00 00000000 0 0 0 0 0 0 000000000000000b ffffffff f ffffffff 0 00
000000000000000b 3029d0a0c0000000 0 00 00000000 0 0 0 0 0 0 000000000000000c ffffffff f ffffffff 0 00
000000000000000c 305930b070000000 0 00 00000000 0 0 0 0 0 0 000000000000000d ffffffff f ffffffff 0 00
000000000000000d 7c15000000300001 0 00 00000000 0 0 0 0 0 0 000000000000000e ffffffff f ffffffff 0 00
000000000000000e 34110c00000bf000 0 00 00000000 0 0 0 0 0 0 000000000000000f ffffffff f ffffffff 1 0c
000000000000000f 7c25000000000000 0 00 00000000 0 0 0 0 0 0 0000000000000010 ffffffff f ffffffff 0 00
0000000000000010 7cb5000000e00000 0 00 00000000 0 0 0 0 0 0 0000000000000011 ffffffff f ffffffff 0 00
0000000000000011 10000a0a0700f000 0 00 00000000 0 0 0 0 0 0 0000000000000012 ffffffff f ffffffff 1 0a
0000000000000012 7c95fffff7d00000 0 00 00000000 0 0 0 0 0 0 000000000000000a ffffffff f ffffffff 0 00
000000000000000a 3059e0a0c0000000 0 00 00000000 0 0 0 0 0 0 000000000000000b ffffffff f ffffffff 0 00
000000000000000b 3029d0a0c0000000 0 00 00000000 0 0 0 0 0 0 000000000000000c ffffffff f ffffffff 0 00
000000000000000c 305930b070000000 0 00 00000000 0 0 0 0 0 0 000000000000000d ffffffff f ffffffff 0 00
000000000000000d 7c15000000300001 0 00 00000000 0 0 0 0 0 0 000000000000000e ffffffff f ffffffff 0 00
000000000000000e 34110c00000bf000 0 00 00000000 0 0 0 0 0 0 000000000000000f ffffffff f ffffffff 1 0c
000000000000000f 7c25000000000000 0 00 00000000 0 0 0 0 0 0 0000000000000010 ffffffff f ffffffff 0 00
0000000000000012 7cb5000000e00000 0 00 00000000 0 0 0 0 0 0 0000000000000011 00000000 f 00000000 0 00
0000000000000012 7c95fffff7d00000 0 00 00000000 0 0 0 0 0 0 0000000000000013 ffffffff f ffffffff 0 00
0000000000000013 11000c030500f000 0 00 00000000 0 0 0 0 0 0 0000000000000014 ffffffff f ffffffff 1 0c
0000000000000014 0205000002000000 0 00 00000000 0 0 0 0 0 1 0000000000000017 ffffffff f ffffffff 0 00
0000000000000017 7c25000000000000 0 00 00000000 0 0 0 0 0 0 0000000000000018 ffffffff f ffffffff 0 00
0000000000000018 3039d03070000000 0 00 00000000 0 0 0 0 0 0 0000000000000019 ffffffff f ffffffff 0 00
0000000000000019 7c15000003d00010 0 00 00000000 0 0 0 0 0 0 000000000000001a ffffffff f ffffffff 0 00
000000000000001a 1010040c0400f000 0 00 00000000 0 0 0 0 0 0 000000000000001b ffffffff f ffffffff 1 04
000000000000001b 101003050100f000 0 00 00000000 0 0 0 0 0 0 000000000000001c ffffffff f ffffffff 1 03
000000000000001c 020500000d000000 0 00 00000000 0 0 0 0 0 1 000000000000002a ffffffff f ffffffff 0 00
000000000000002a 7c25000000000000 0 00 00000000 0 0 0 0 0 0 000000000000002b ffffffff f ffffffff 0 00
000000000000002b 3059a03070000000 0 00 00000000 0 0 0 0 0 0 000000000000002c ffffffff f ffffffff 0 00
000000000000002c 7c15000002a00003 0 00 00000000 0 0 0 0 0 0 000000000000002f ffffffff f ffffffff 0 00
000000000000002f 10300c040700f000 0 00 00000000 0 0 0 0 0 0 0000000000000030 ffffffff f ffffffff 1 0c
0000000000000030 7c25000000000000 0 00 00000000 0 0 0 0 0 0 0000000000000031 ffffffff f ffffffff 0 00
0000000000000031 7cf5000000000000 0 00 00000000 0 0 0 0 0 0 0000000000000032 ffffffff f ffffffff 0 00
