0000000000000000 0013140000004d00 1 14 0000004d 0 0 0 0000000000000001 80000001 f 80000001 0 00 80000001
0000000000000001 100005020600f000 0 00 00000000 0 0 0 0000000000000002 80000001 f 80000001 1 05 80000001
0000000000000002 106103020021f000 0 00 00000000 0 0 0 0000000000000003 80000001 f 80000001 1 03 80000001
0000000000000003 00131500aaaaaa00 1 15 ffaaaaaa 0 0 0 0000000000000004 80000001 f 80000001 0 00 80000001
0000000000000004 342004150000f000 0 00 00000000 0 0 0 0000000000000005 80000001 f 80000001 1 04 80000001
0000000000000005 106103040010f000 0 00 00000000 0 0 0 0000000000000006 80000001 f 80000001 1 03 80000001
0000000000000006 102005030300b000 0 00 00000000 0 0 0 0000000000000007 80000001 b 80000000 1 05 80000000
0000000000000007 0013160000000000 1 16 00000000 0 0 0 0000000000000008 80000001 f 80000001 0 00 80000001
0000000000000008 342003160000f000 0 00 00000000 0 0 0 0000000000000009 80000001 f 80000001 1 03 80000001
0000000000000009 108106030020f000 0 00 00000000 0 0 0 000000000000000a 80000001 f 80000001 1 06 80000001
000000000000000a 106106060021f000 0 00 00000000 0 0 0 000000000000000b 80000001 f 80000001 1 06 80000001
000000000000000b 10610504001ff000 0 00 00000000 0 0 0 000000000000000c 80000001 f 80000001 1 05 80000001
000000000000000c 10710206003ff000 0 00 00000000 0 0 0 000000000000000d 80000001 f 80000001 1 02 80000001
000000000000000d 341105000000f000 0 00 00000000 0 0 0 000000000000000e 80000001 f 80000001 1 05 80000001
000000000000000e 340006050000f000 0 00 00000000 0 0 0 000000000000000f 80000001 f 80000001 1 06 80000001
000000000000000f 34110200702df000 0 00 00000000 0 0 0 0000000000000010 80000001 f 80000001 1 02 80000001
0000000000000010 340004050000f000 0 00 00000000 0 0 0 0000000000000011 80000001 f 80000001 1 04 80000001
0000000000000011 106106030022f000 0 00 00000000 0 0 0 0000000000000012 80000001 f 80000001 1 06 80000001
0000000000000012 00131500ffffff00 1 15 ffffffff 0 0 0 0000000000000013 80000001 f 80000001 0 00 80000001
0000000000000013 3420061500003000 0 00 00000000 0 0 0 0000000000000014 80000001 3 00000001 1 06 00000001
0000000000000014 103005030500f000 0 00 00000000 0 0 0 0000000000000015 80000001 f 80000001 1 05 80000001
0000000000000015 105102030000f000 0 00 00000000 0 0 0 0000000000000016 80000001 f 80000001 1 02 80000001
0000000000000016 10610203001ff000 0 00 00000000 0 0 0 0000000000000017 80000001 f 80000001 1 02 80000001
0000000000000017 10310602fffff000 0 00 00000000 0 0 0 0000000000000018 80000001 f 80000001 1 06 80000001
0000000000000018 105005050600f000 0 00 00000000 0 0 0 0000000000000019 80000001 f 80000001 1 05 80000001
0000000000000019 3411050080002000 0 00 00000000 0 0 0 000000000000001a 80000001 2 00000001 1 05 00000001
000000000000001a 0013160055555500 1 16 00555555 0 0 0 000000000000001b 80000001 f 80000001 0 00 80000001
000000000000001b 342002160000f000 0 00 00000000 0 0 0 000000000000001c 80000001 f 80000001 1 02 80000001
000000000000001c 10810602000ff000 0 00 00000000 0 0 0 000000000000001d 80000001 f 80000001 1 06 80000001
000000000000001d 106106060005f000 0 00 00000000 0 0 0 000000000000001e 80000001 f 80000001 1 06 80000001
000000000000001e 105004020300f000 0 00 00000000 0 0 0 000000000000001f 80000001 f 80000001 1 04 80000001
000000000000001f 100002040200f000 0 00 00000000 0 0 0 0000000000000020 80000001 f 80000001 1 02 80000001
0000000000000020 104004030200f000 0 00 00000000 0 0 0 0000000000000021 80000001 f 80000001 1 04 80000001
0000000000000021 3411030057fef000 0 00 00000000 0 0 0 0000000000000022 80000001 f 80000001 1 03 80000001
0000000000000022 00131600ffffff00 1 16 ffffffff 0 0 0 0000000000000023 80000001 f 80000001 0 00 80000001
0000000000000023 342006160000f000 0 00 00000000 0 0 0 0000000000000024 80000001 f 80000001 1 06 80000001
0000000000000024 10810206000ff000 0 00 00000000 0 0 0 0000000000000025 80000001 f 80000001 1 02 80000001
0000000000000025 00131e0000000300 1 1e 00000003 0 0 0 0000000000000026 80000001 f 80000001 0 00 80000001
0000000000000026 0023171700000100 1 17 00000001 0 0 0 0000000000000027 80000001 f 80000001 0 00 80000001
0000000000000027 00731e1e00000100 1 1e 00000002 0 0 0 0000000000000028 80000001 f 80000001 0 00 80000001
0000000000000028 0013180000000000 1 18 00000000 0 0 0 0000000000000029 80000001 f 80000001 0 00 80000001
0000000000000029 0102001e18000000 0 00 00000000 4 0 0 000000000000002a 80000001 f 80000001 0 00 80000001
000000000000002a 0215fffffb040000 0 00 00000000 4 0 1 0000000000000026 80000001 f 80000001 0 00 80000001
0000000000000026 0023171700000100 1 17 00000002 4 0 0 0000000000000027 80000001 f 80000001 0 00 80000001
0000000000000027 00731e1e00000100 1 1e 00000001 4 0 0 0000000000000028 80000001 f 80000001 0 00 80000001
0000000000000028 0013180000000000 1 18 00000000 4 0 0 0000000000000029 80000001 f 80000001 0 00 80000001
0000000000000029 0102001e18000000 0 00 00000000 4 0 0 000000000000002a 80000001 f 80000001 0 00 80000001
000000000000002a 0215fffffb040000 0 00 00000000 4 0 1 0000000000000026 80000001 f 80000001 0 00 80000001
0000000000000026 0023171700000100 1 17 00000003 4 0 0 0000000000000027 80000001 f 80000001 0 00 80000001
0000000000000027 00731e1e00000100 1 1e 00000000 4 0 0 0000000000000028 80000001 f 80000001 0 00 80000001
0000000000000028 0013180000000000 1 18 00000000 4 0 0 0000000000000029 80000001 f 80000001 0 00 80000001
0000000000000029 0102001e18000000 0 00 00000000 5 1 0 000000000000002a 80000001 f 80000001 0 00 80000001
000000000000002a 0215fffffb040000 0 00 00000000 5 1 0 000000000000002b 80000001 f 80000001 0 00 80000001
000000000000002b 7cf5000000000000 0 00 00000000 5 1 0 000000000000002c 80000001 f 80000001 0 00 80000001
DONE retired=54 fault=00 pc=000000000000002b
