0000000000000000 343001000000f000 0 00 00000000 0 0 0 0 0 0 0000000000000001 ffffffff f ffffffff 1 01
0000000000000001 341107000001f000 0 00 00000000 0 0 0 0 0 0 0000000000000002 ffffffff f ffffffff 1 07
0000000000000002 34110c000003f000 0 00 00000000 0 0 0 0 0 0 0000000000000003 ffffffff f ffffffff 1 0c
0000000000000003 103005010500f000 0 00 00000000 0 0 0 0 0 0 0000000000000004 ffffffff f ffffffff 1 05
0000000000000004 34110d000001f000 0 00 00000000 0 0 0 0 0 0 0000000000000005 ffffffff f ffffffff 1 0d
0000000000000005 10300c010d00f000 0 00 00000000 0 0 0 0 0 0 0000000000000006 ffffffff f ffffffff 1 0c
0000000000000006 10000c0c0700f000 0 00 00000000 0 0 0 0 0 0 0000000000000007 ffffffff f ffffffff 1 0c
0000000000000007 34110a000000f000 0 00 00000000 0 0 0 0 0 0 0000000000000008 ffffffff f ffffffff 1 0a
0000000000000008 7c85000007000000 0 00 00000000 0 0 0 0 0 0 0000000000000009 ffffffff f ffffffff 0 00
0000000000000009 3059e0a0c0000000 0 00 00000000 0 0 0 0 0 0 000000000000000a ffffffff f ffffffff 0 00
000000000000000a 3029d0a0c0000000 0 00 00000000 0 0 0 0 0 0 000000000000000b ffffffff f ffffffff 0 00
000000000000000b 300960a070000000 0 00 00000000 0 0 0 0 0 0 000000000000000c ffffffff f ffffffff 0 00
000000000000000c 7c15000000600001 0 00 00000000 0 0 0 0 0 0 000000000000000d ffffffff f ffffffff 0 00
000000000000000d 103005010500f000 0 00 00000000 0 0 0 0 0 0 000000000000000e ffffffff f ffffffff 1 05
000000000000000e 7c25000000000000 0 00 00000000 0 0 0 0 0 0 000000000000000f ffffffff f ffffffff 0 00
000000000000000f 10000a0a0700f000 0 00 00000000 0 0 0 0 0 0 0000000000000010 ffffffff f ffffffff 1 0a
0000000000000010 7c95fffff8d00000 0 00 00000000 0 0 0 0 0 0 0000000000000009 ffffffff f ffffffff 0 00
0000000000000009 3059e0a0c0000000 0 00 00000000 0 0 0 0 0 0 000000000000000a ffffffff f ffffffff 0 00
000000000000000a 3029d0a0c0000000 0 00 00000000 0 0 0 0 0 0 000000000000000b ffffffff f ffffffff 0 00
000000000000000b 300960a070000000 0 00 00000000 0 0 0 0 0 0 000000000000000c ffffffff f ffffffff 0 00
000000000000000c 7c15000000600001 0 00 00000000 0 0 0 0 0 0 000000000000000d ffffffff f ffffffff 0 00
000000000000000d 103005010500f000 0 00 00000000 0 0 0 0 0 0 000000000000000e ffffffff f ffffffff 1 05
000000000000000e 7c25000000000000 0 00 00000000 0 0 0 0 0 0 000000000000000f ffffffff f ffffffff 0 00
000000000000000f 10000a0a0700f000 0 00 00000000 0 0 0 0 0 0 0000000000000010 ffffffff f ffffffff 1 0a
0000000000000010 7c95fffff8d00000 0 00 00000000 0 0 0 0 0 0 0000000000000009 aaaaaaaa f aaaaaaaa 0 00
0000000000000009 3059e0a0c0000000 0 00 00000000 0 0 0 0 0 0 000000000000000a aaaaaaaa f aaaaaaaa 0 00
000000000000000a 3029d0a0c0000000 0 00 00000000 0 0 0 0 0 0 000000000000000b aaaaaaaa f aaaaaaaa 0 00
000000000000000b 300960a070000000 0 00 00000000 0 0 0 0 0 0 000000000000000c aaaaaaaa f aaaaaaaa 0 00
000000000000000c 7c15000000600001 0 00 00000000 0 0 0 0 0 0 000000000000000d aaaaaaaa f aaaaaaaa 0 00
000000000000000d 103005010500f000 0 00 00000000 0 0 0 0 0 0 000000000000000e aaaaaaaa f aaaaaaaa 1 05
000000000000000e 7c25000000000000 0 00 00000000 0 0 0 0 0 0 000000000000000f aaaaaaaa f aaaaaaaa 0 00
000000000000000f 10000a0a0700f000 0 00 00000000 0 0 0 0 0 0 0000000000000010 aaaaaaaa f aaaaaaaa 1 0a
0000000000000010 7c95fffff8d00000 0 00 00000000 0 0 0 0 0 0 0000000000000011 ffffffff f ffffffff 0 00
0000000000000011 303900b0c0000000 0 00 00000000 0 0 0 0 0 0 0000000000000012 ffffffff f ffffffff 0 00
0000000000000012 7c15000002000004 0 00 00000000 0 0 0 0 0 0 0000000000000013 ffffffff f ffffffff 0 00
0000000000000013 341104000008f000 0 00 00000000 0 0 0 0 0 0 0000000000000014 ffffffff f ffffffff 1 04
0000000000000014 0205000002000000 0 00 00000000 0 0 0 0 0 1 0000000000000017 ffffffff f ffffffff 0 00
0000000000000017 7c25000000000000 0 00 00000000 0 0 0 0 0 0 0000000000000018 ffffffff f ffffffff 0 00
0000000000000018 7cf5000000000000 0 00 00000000 0 0 0 0 0 0 0000000000000019 ffffffff f ffffffff 0 00
