0000000000000000 00131d0000000000 1 1d 00000000 0 0 0 0000000000000001
0000000000000001 0063130700001b00 1 13 00000000 0 0 0 0000000000000002
0000000000000002 8506000000000000 0 00 00000000 0 0 0 0000000000000003
0000000000000003 8506000000000000 0 00 00000000 0 0 0 0000000000000004
0000000000000004 0122000e0c000000 0 00 00000000 5 0 0 0000000000000005
0000000000000005 02150000020e0000 0 00 00000000 5 0 1 0000000000000008
0000000000000008 8506000000000000 0 00 00000000 5 0 0 0000000000000009
0000000000000009 0306000000000a00 1 0a 00000000 5 0 0 000000000000000a
000000000000000a 0306000000000700 1 07 00000000 5 0 0 000000000000000b
000000000000000b 00130e00ab145f00 1 0e ffab145f 5 0 0 000000000000000c
000000000000000c 0112000112000000 0 00 00000000 5 0 0 000000000000000d
000000000000000d 0215000003040000 0 00 00000000 5 0 0 000000000000000e
000000000000000e 8506000000000000 0 00 00000000 5 0 0 000000000000000f
000000000000000f 8506000000000000 0 00 00000000 5 0 0 0000000000000010
0000000000000010 8506000000000000 0 00 00000000 5 0 0 0000000000000011
0000000000000011 007207020e000000 1 07 0054eba1 5 0 0 0000000000000012
0000000000000012 0023130bcf225200 1 13 ffcf2252 5 0 0 0000000000000013
0000000000000013 00131000bf3c3100 1 10 ffbf3c31 5 0 0 0000000000000014
0000000000000014 0306000000001300 1 13 00000000 5 0 0 0000000000000015
0000000000000015 00130b005685a200 1 0b 005685a2 5 0 0 0000000000000016
0000000000000016 00a2060310000000 1 06 00000000 5 0 0 0000000000000017
0000000000000017 00731009ffffff00 1 10 00000001 5 0 0 0000000000000018
0000000000000018 0306000000001400 1 14 00000000 5 0 0 0000000000000019
0000000000000019 0072101001000000 1 10 00000001 5 0 0 000000000000001a
000000000000001a 0306000000000c00 1 0c 00000000 5 0 0 000000000000001b
000000000000001b 00131e0000000300 1 1e 00000003 5 0 0 000000000000001c
000000000000001c 0023151500000100 1 15 00000001 5 0 0 000000000000001d
000000000000001d 00731e1e00000100 1 1e 00000002 5 0 0 000000000000001e
000000000000001e 0102001e1d000000 0 00 00000000 4 0 0 000000000000001f
000000000000001f 0215fffffc040000 0 00 00000000 4 0 1 000000000000001c
000000000000001c 0023151500000100 1 15 00000002 4 0 0 000000000000001d
000000000000001d 00731e1e00000100 1 1e 00000001 4 0 0 000000000000001e
000000000000001e 0102001e1d000000 0 00 00000000 4 0 0 000000000000001f
000000000000001f 0215fffffc040000 0 00 00000000 4 0 1 000000000000001c
000000000000001c 0023151500000100 1 15 00000003 4 0 0 000000000000001d
000000000000001d 00731e1e00000100 1 1e 00000000 4 0 0 000000000000001e
000000000000001e 0102001e1d000000 0 00 00000000 5 1 0 000000000000001f
000000000000001f 0215fffffc040000 0 00 00000000 5 1 0 0000000000000020
0000000000000020 7cf5000000000000 0 00 00000000 5 1 0 0000000000000021
DONE retired=39 fault=00 pc=0000000000000020
