0000000000000000 00131d0000000000 1 1d 00000000 0 0 0 0000000000000001
0000000000000001 8506000000000000 0 00 00000000 0 0 0 0000000000000002
0000000000000002 8506000000000000 0 00 00000000 0 0 0 0000000000000003
0000000000000003 00920a0a00000000 1 0a ffffffff 0 0 0 0000000000000004
0000000000000004 00630b0600000c00 1 0b 00000000 0 0 0 0000000000000005
0000000000000005 0122001012000000 0 00 00000000 5 0 0 0000000000000006
0000000000000006 02150000020d0000 0 00 00000000 5 0 0 0000000000000007
0000000000000007 8506000000000000 0 00 00000000 5 0 0 0000000000000008
0000000000000008 8506000000000000 0 00 00000000 5 0 0 0000000000000009
0000000000000009 0092120b00000000 1 12 ffffffff 5 0 0 000000000000000a
000000000000000a 00131100ab158800 1 11 ffab1588 5 0 0 000000000000000b
000000000000000b 001301001ea53500 1 01 001ea535 5 0 0 000000000000000c
000000000000000c 00620a0a13000000 1 0a ffffffff 5 0 0 000000000000000d
000000000000000d 8506000000000000 0 00 00000000 5 0 0 000000000000000e
000000000000000e 007212120b000000 1 12 ffffffff 5 0 0 000000000000000f
000000000000000f 00231114d65cdd00 1 11 ffd65cdd 5 0 0 0000000000000010
0000000000000010 003203030e000000 1 03 00000000 5 0 0 0000000000000011
0000000000000011 00b20f020a000000 1 0f 00000000 5 0 0 0000000000000012
0000000000000012 0112000a05000000 0 00 00000000 6 1 0 0000000000000013
0000000000000013 02150000030e0000 0 00 00000000 6 1 1 0000000000000017
0000000000000017 00820f0712000000 1 0f ffffffff 6 1 0 0000000000000018
0000000000000018 0102000b14000000 0 00 00000000 5 1 0 0000000000000019
0000000000000019 0215000001020000 0 00 00000000 5 1 0 000000000000001a
000000000000001a 8506000000000000 0 00 00000000 5 1 0 000000000000001b
000000000000001b 00920c0900000000 1 0c ffffffff 5 1 0 000000000000001c
000000000000001c 0082050605000000 1 05 00000000 5 1 0 000000000000001d
000000000000001d 00730f06e674ac00 1 0f 00198b54 5 1 0 000000000000001e
000000000000001e 0306000000001100 1 11 00000000 5 1 0 000000000000001f
000000000000001f 00b2090f02000000 1 09 00198b54 5 1 0 0000000000000020
0000000000000020 8506000000000000 0 00 00000000 5 1 0 0000000000000021
0000000000000021 0052040707000000 1 04 00000000 5 1 0 0000000000000022
0000000000000022 8506000000000000 0 00 00000000 5 1 0 0000000000000023
0000000000000023 00b3010a00001b00 1 01 ffffffff 5 1 0 0000000000000024
0000000000000024 0032090b0a000000 1 09 00000000 5 1 0 0000000000000025
0000000000000025 00130a0055555500 1 0a 00555555 5 1 0 0000000000000026
0000000000000026 00520c0604000000 1 0c 00000000 5 1 0 0000000000000027
0000000000000027 0112000213000000 0 00 00000000 5 0 0 0000000000000028
0000000000000028 0215000003010000 0 00 00000000 5 0 0 0000000000000029
0000000000000029 8506000000000000 0 00 00000000 5 0 0 000000000000002a
000000000000002a 8506000000000000 0 00 00000000 5 0 0 000000000000002b
000000000000002b 8506000000000000 0 00 00000000 5 0 0 000000000000002c
000000000000002c 0082130c01000000 1 13 ffffffff 5 0 0 000000000000002d
000000000000002d 0082080d02000000 1 08 00000000 5 0 0 000000000000002e
000000000000002e 0122000a0d000000 0 00 00000000 4 1 0 000000000000002f
000000000000002f 02150000030d0000 0 00 00000000 4 1 0 0000000000000030
0000000000000030 8506000000000000 0 00 00000000 4 1 0 0000000000000031
0000000000000031 8506000000000000 0 00 00000000 4 1 0 0000000000000032
0000000000000032 8506000000000000 0 00 00000000 4 1 0 0000000000000033
0000000000000033 0102000208000000 0 00 00000000 5 1 0 0000000000000034
0000000000000034 02150000030c0000 0 00 00000000 5 1 1 0000000000000038
0000000000000038 0306000000000c00 1 0c 00000000 5 1 0 0000000000000039
0000000000000039 8506000000000000 0 00 00000000 5 1 0 000000000000003a
000000000000003a 0013050000000000 1 05 00000000 5 1 0 000000000000003b
000000000000003b 8506000000000000 0 00 00000000 5 1 0 000000000000003c
000000000000003c 00a2050a02000000 1 05 00555555 5 1 0 000000000000003d
000000000000003d 0063080f00001c00 1 08 40000000 5 1 0 000000000000003e
000000000000003e 00131e0000000300 1 1e 00000003 5 1 0 000000000000003f
000000000000003f 0023151500000100 1 15 00000001 5 1 0 0000000000000040
0000000000000040 00731e1e00000100 1 1e 00000002 5 1 0 0000000000000041
0000000000000041 0102001e1d000000 0 00 00000000 4 0 0 0000000000000042
0000000000000042 0215fffffc040000 0 00 00000000 4 0 1 000000000000003f
000000000000003f 0023151500000100 1 15 00000002 4 0 0 0000000000000040
0000000000000040 00731e1e00000100 1 1e 00000001 4 0 0 0000000000000041
0000000000000041 0102001e1d000000 0 00 00000000 4 0 0 0000000000000042
0000000000000042 0215fffffc040000 0 00 00000000 4 0 1 000000000000003f
000000000000003f 0023151500000100 1 15 00000003 4 0 0 0000000000000040
0000000000000040 00731e1e00000100 1 1e 00000000 4 0 0 0000000000000041
0000000000000041 0102001e1d000000 0 00 00000000 5 1 0 0000000000000042
0000000000000042 0215fffffc040000 0 00 00000000 5 1 0 0000000000000043
0000000000000043 7cf5000000000000 0 00 00000000 5 1 0 0000000000000044
DONE retired=70 fault=00 pc=0000000000000043
