0000000000000000 0013140000004d00 1 14 0000004d 0 0 0 0000000000000001 00000020 f 00000020 0 00 00000020
0000000000000001 3430020000009000 0 00 00000000 0 0 0 0000000000000002 00000020 9 00000000 1 02 00000000
0000000000000002 0013150000000100 1 15 00000001 0 0 0 0000000000000003 00000020 f 00000020 0 00 00000020
0000000000000003 342002150000f000 0 00 00000000 0 0 0 0000000000000004 00000020 f 00000020 1 02 00000020
0000000000000004 103104050000f000 0 00 00000000 0 0 0 0000000000000005 00000020 f 00000020 1 04 00000020
0000000000000005 1030050305007000 0 00 00000000 0 0 0 0000000000000006 00000020 7 00000020 1 05 00000020
0000000000000006 0013160000000000 1 16 00000000 0 0 0 0000000000000007 00000020 f 00000020 0 00 00000020
0000000000000007 342002160000f000 0 00 00000000 0 0 0 0000000000000008 00000020 f 00000020 1 02 00000020
0000000000000008 10810602001cf000 0 00 00000000 0 0 0 0000000000000009 00000020 f 00000020 1 06 00000020
0000000000000009 10610304001ff000 0 00 00000000 0 0 0 000000000000000a 00000020 f 00000020 1 03 00000020
000000000000000a 104005020600f000 0 00 00000000 0 0 0 000000000000000b 00000020 f 00000020 1 05 00000020
000000000000000b 101102050000f000 0 00 00000000 0 0 0 000000000000000c 00000020 f 00000020 1 02 00000020
000000000000000c 00131600ffffff00 1 16 ffffffff 0 0 0 000000000000000d 00000020 f 00000020 0 00 00000020
000000000000000d 342002160000f000 0 00 00000000 0 0 0 000000000000000e 00000020 f 00000020 1 02 00000020
000000000000000e 108105020020f000 0 00 00000000 0 0 0 000000000000000f 00000020 f 00000020 1 05 00000020
000000000000000f 100102030001f000 0 00 00000000 0 0 0 0000000000000010 00000020 f 00000020 1 02 00000020
0000000000000010 103004050400f000 0 00 00000000 0 0 0 0000000000000011 00000020 f 00000020 1 04 00000020
0000000000000011 100004020400f000 0 00 00000000 0 0 0 0000000000000012 00000020 f 00000020 1 04 00000020
0000000000000012 00131600ffffff00 1 16 ffffffff 0 0 0 0000000000000013 00000020 f 00000020 0 00 00000020
0000000000000013 342003160000f000 0 00 00000000 0 0 0 0000000000000014 00000020 f 00000020 1 03 00000020
0000000000000014 10810203003ff000 0 00 00000000 0 0 0 0000000000000015 00000020 f 00000020 1 02 00000020
0000000000000015 00131600ffffff00 1 16 ffffffff 0 0 0 0000000000000016 00000020 f 00000020 0 00 00000020
0000000000000016 342005160000f000 0 00 00000000 0 0 0 0000000000000017 00000020 f 00000020 1 05 00000020
0000000000000017 10810205000ff000 0 00 00000000 0 0 0 0000000000000018 00000020 f 00000020 1 02 00000020
0000000000000018 107106050015f000 0 00 00000000 0 0 0 0000000000000019 00000020 f 00000020 1 06 00000020
0000000000000019 00131e0000000200 1 1e 00000002 0 0 0 000000000000001a 00000020 f 00000020 0 00 00000020
000000000000001a 0023171700000100 1 17 00000001 0 0 0 000000000000001b 00000020 f 00000020 0 00 00000020
000000000000001b 00731e1e00000100 1 1e 00000001 0 0 0 000000000000001c 00000020 f 00000020 0 00 00000020
000000000000001c 0013180000000000 1 18 00000000 0 0 0 000000000000001d 00000020 f 00000020 0 00 00000020
000000000000001d 0102001e18000000 0 00 00000000 4 0 0 000000000000001e 00000020 f 00000020 0 00 00000020
000000000000001e 0215fffffb040000 0 00 00000000 4 0 1 000000000000001a 00000020 f 00000020 0 00 00000020
000000000000001a 0023171700000100 1 17 00000002 4 0 0 000000000000001b 00000020 f 00000020 0 00 00000020
000000000000001b 00731e1e00000100 1 1e 00000000 4 0 0 000000000000001c 00000020 f 00000020 0 00 00000020
000000000000001c 0013180000000000 1 18 00000000 4 0 0 000000000000001d 00000020 f 00000020 0 00 00000020
000000000000001d 0102001e18000000 0 00 00000000 5 1 0 000000000000001e 00000020 f 00000020 0 00 00000020
000000000000001e 0215fffffb040000 0 00 00000000 5 1 0 000000000000001f 00000020 f 00000020 0 00 00000020
000000000000001f 7cf5000000000000 0 00 00000000 5 1 0 0000000000000020 00000020 f 00000020 0 00 00000020
DONE retired=37 fault=00 pc=000000000000001f
