0000000000000000 00131d0000000000 1 1d 00000000 0 0 0 0000000000000001
0000000000000001 0072030e10000000 1 03 00000000 0 0 0 0000000000000002
0000000000000002 007202120e000000 1 02 00000000 0 0 0 0000000000000003
0000000000000003 0122000405000000 0 00 00000000 5 0 0 0000000000000004
0000000000000004 02150000030b0000 0 00 00000000 5 0 0 0000000000000005
0000000000000005 8506000000000000 0 00 00000000 5 0 0 0000000000000006
0000000000000006 8506000000000000 0 00 00000000 5 0 0 0000000000000007
0000000000000007 8506000000000000 0 00 00000000 5 0 0 0000000000000008
0000000000000008 8506000000000000 0 00 00000000 5 0 0 0000000000000009
0000000000000009 0052090c0a000000 1 09 00000000 5 0 0 000000000000000a
000000000000000a 8506000000000000 0 00 00000000 5 0 0 000000000000000b
000000000000000b 0306000000000100 1 01 00000000 5 0 0 000000000000000c
000000000000000c 0092040f00000000 1 04 ffffffff 5 0 0 000000000000000d
000000000000000d 001302008f57c900 1 02 ff8f57c9 5 0 0 000000000000000e
000000000000000e 8506000000000000 0 00 00000000 5 0 0 000000000000000f
000000000000000f 0092071100000000 1 07 ffffffff 5 0 0 0000000000000010
0000000000000010 0112000a04000000 0 00 00000000 0 0 0 0000000000000011
0000000000000011 0215000003010000 0 00 00000000 0 0 0 0000000000000012
0000000000000012 8506000000000000 0 00 00000000 0 0 0 0000000000000013
0000000000000013 8506000000000000 0 00 00000000 0 0 0 0000000000000014
0000000000000014 8506000000000000 0 00 00000000 0 0 0 0000000000000015
0000000000000015 00230a05097f5e00 1 0a 00097f5e 0 0 0 0000000000000016
0000000000000016 0092061300000000 1 06 ffffffff 0 0 0 0000000000000017
0000000000000017 00130a00b11ff100 1 0a ffb11ff1 0 0 0 0000000000000018
0000000000000018 0122000814000000 0 00 00000000 5 0 0 0000000000000019
0000000000000019 02150000020c0000 0 00 00000000 5 0 1 000000000000001c
000000000000001c 0092130700000000 1 13 00000000 5 0 0 000000000000001d
000000000000001d 8506000000000000 0 00 00000000 5 0 0 000000000000001e
000000000000001e 00b20d0209000000 1 0d ff8f57c9 5 0 0 000000000000001f
000000000000001f 0063081400000200 1 08 00000000 5 0 0 0000000000000020
0000000000000020 0112000b0e000000 0 00 00000000 5 0 0 0000000000000021
0000000000000021 0215000003010000 0 00 00000000 5 0 0 0000000000000022
0000000000000022 8506000000000000 0 00 00000000 5 0 0 0000000000000023
0000000000000023 8506000000000000 0 00 00000000 5 0 0 0000000000000024
0000000000000024 8506000000000000 0 00 00000000 5 0 0 0000000000000025
0000000000000025 0306000000000f00 1 0f 00000000 5 0 0 0000000000000026
0000000000000026 00131e0000000400 1 1e 00000004 5 0 0 0000000000000027
0000000000000027 0023151500000100 1 15 00000001 5 0 0 0000000000000028
0000000000000028 00731e1e00000100 1 1e 00000003 5 0 0 0000000000000029
0000000000000029 0102001e1d000000 0 00 00000000 4 0 0 000000000000002a
000000000000002a 0215fffffc040000 0 00 00000000 4 0 1 0000000000000027
0000000000000027 0023151500000100 1 15 00000002 4 0 0 0000000000000028
0000000000000028 00731e1e00000100 1 1e 00000002 4 0 0 0000000000000029
0000000000000029 0102001e1d000000 0 00 00000000 4 0 0 000000000000002a
000000000000002a 0215fffffc040000 0 00 00000000 4 0 1 0000000000000027
0000000000000027 0023151500000100 1 15 00000003 4 0 0 0000000000000028
0000000000000028 00731e1e00000100 1 1e 00000001 4 0 0 0000000000000029
0000000000000029 0102001e1d000000 0 00 00000000 4 0 0 000000000000002a
000000000000002a 0215fffffc040000 0 00 00000000 4 0 1 0000000000000027
0000000000000027 0023151500000100 1 15 00000004 4 0 0 0000000000000028
0000000000000028 00731e1e00000100 1 1e 00000000 4 0 0 0000000000000029
0000000000000029 0102001e1d000000 0 00 00000000 5 1 0 000000000000002a
000000000000002a 0215fffffc040000 0 00 00000000 5 1 0 000000000000002b
000000000000002b 7cf5000000000000 0 00 00000000 5 1 0 000000000000002c
DONE retired=54 fault=00 pc=000000000000002b
