0000000000000000 0013140000004d00 1 14 0000004d 0 0 0 0000000000000001 55555555 f 55555555 0 00 55555555
0000000000000001 00131600aaaaaa00 1 16 ffaaaaaa 0 0 0 0000000000000002 55555555 f 55555555 0 00 55555555
0000000000000002 342006160000f000 0 00 00000000 0 0 0 0000000000000003 55555555 f 55555555 1 06 55555555
0000000000000003 108106060021f000 0 00 00000000 0 0 0 0000000000000004 55555555 f 55555555 1 06 55555555
0000000000000004 340004050000f000 0 00 00000000 0 0 0 0000000000000005 55555555 f 55555555 1 04 55555555
0000000000000005 341106004babf000 0 00 00000000 0 0 0 0000000000000006 55555555 f 55555555 1 06 55555555
0000000000000006 103006040400f000 0 00 00000000 0 0 0 0000000000000007 55555555 f 55555555 1 06 55555555
0000000000000007 100004040500f000 0 00 00000000 0 0 0 0000000000000008 55555555 f 55555555 1 04 55555555
0000000000000008 103003050600f000 0 00 00000000 0 0 0 0000000000000009 55555555 f 55555555 1 03 55555555
0000000000000009 0013150000000000 1 15 00000000 0 0 0 000000000000000a 55555555 f 55555555 0 00 55555555
000000000000000a 342004150000f000 0 00 00000000 0 0 0 000000000000000b 55555555 f 55555555 1 04 55555555
000000000000000b 106104030011f000 0 00 00000000 0 0 0 000000000000000c 55555555 f 55555555 1 04 55555555
000000000000000c 103002020600f000 0 00 00000000 0 0 0 000000000000000d 55555555 f 55555555 1 02 55555555
000000000000000d 102006040500f000 0 00 00000000 0 0 0 000000000000000e 55555555 f 55555555 1 06 55555555
000000000000000e 0013150000000000 1 15 00000000 0 0 0 000000000000000f 55555555 f 55555555 0 00 55555555
000000000000000f 342004150000f000 0 00 00000000 0 0 0 0000000000000010 55555555 f 55555555 1 04 55555555
0000000000000010 341104000000f000 0 00 00000000 0 0 0 0000000000000011 55555555 f 55555555 1 04 55555555
0000000000000011 102005030600a000 0 00 00000000 0 0 0 0000000000000012 55555555 a 55555555 1 05 55555555
0000000000000012 341106005c32f000 0 00 00000000 0 0 0 0000000000000013 55555555 f 55555555 1 06 55555555
0000000000000013 341102000001f000 0 00 00000000 0 0 0 0000000000000014 55555555 f 55555555 1 02 55555555
0000000000000014 0013160055555500 1 16 00555555 0 0 0 0000000000000015 55555555 f 55555555 0 00 55555555
0000000000000015 342004160000f000 0 00 00000000 0 0 0 0000000000000016 55555555 f 55555555 1 04 55555555
0000000000000016 108106040010f000 0 00 00000000 0 0 0 0000000000000017 55555555 f 55555555 1 06 55555555
0000000000000017 00131e0000000200 1 1e 00000002 0 0 0 0000000000000018 55555555 f 55555555 0 00 55555555
0000000000000018 0023171700000100 1 17 00000001 0 0 0 0000000000000019 55555555 f 55555555 0 00 55555555
0000000000000019 00731e1e00000100 1 1e 00000001 0 0 0 000000000000001a 55555555 f 55555555 0 00 55555555
000000000000001a 0013180000000000 1 18 00000000 0 0 0 000000000000001b 55555555 f 55555555 0 00 55555555
000000000000001b 0102001e18000000 0 00 00000000 4 0 0 000000000000001c 55555555 f 55555555 0 00 55555555
000000000000001c 0215fffffb040000 0 00 00000000 4 0 1 0000000000000018 55555555 f 55555555 0 00 55555555
0000000000000018 0023171700000100 1 17 00000002 4 0 0 0000000000000019 55555555 f 55555555 0 00 55555555
0000000000000019 00731e1e00000100 1 1e 00000000 4 0 0 000000000000001a 55555555 f 55555555 0 00 55555555
000000000000001a 0013180000000000 1 18 00000000 4 0 0 000000000000001b 55555555 f 55555555 0 00 55555555
000000000000001b 0102001e18000000 0 00 00000000 5 1 0 000000000000001c 55555555 f 55555555 0 00 55555555
000000000000001c 0215fffffb040000 0 00 00000000 5 1 0 000000000000001d 55555555 f 55555555 0 00 55555555
000000000000001d 7cf5000000000000 0 00 00000000 5 1 0 000000000000001e 55555555 f 55555555 0 00 55555555
DONE retired=35 fault=00 pc=000000000000001d
