0000000000000000 0013140000004d00 1 14 0000004d 0 0 0 0000000000000001 e9e1c3b9 f e9e1c3b9 0 00 e9e1c3b9
0000000000000001 1000020504005000 0 00 00000000 0 0 0 0000000000000002 e9e1c3b9 5 e9e0c101 1 02 e9e0c101
0000000000000002 10610404003ff000 0 00 00000000 0 0 0 0000000000000003 e9e1c3b9 f e9e1c3b9 1 04 e9e1c3b9
0000000000000003 103102030001f000 0 00 00000000 0 0 0 0000000000000004 e9e1c3b9 f e9e1c3b9 1 02 e9e1c3b9
0000000000000004 104005040600f000 0 00 00000000 0 0 0 0000000000000005 e9e1c3b9 f e9e1c3b9 1 05 e9e1c3b9
0000000000000005 107106040000f000 0 00 00000000 0 0 0 0000000000000006 e9e1c3b9 f e9e1c3b9 1 06 e9e1c3b9
0000000000000006 340006040000f000 0 00 00000000 0 0 0 0000000000000007 e9e1c3b9 f e9e1c3b9 1 06 e9e1c3b9
0000000000000007 340002050000f000 0 00 00000000 0 0 0 0000000000000008 e9e1c3b9 f e9e1c3b9 1 02 e9e1c3b9
0000000000000008 103005060200f000 0 00 00000000 0 0 0 0000000000000009 e9e1c3b9 f e9e1c3b9 1 05 e9e1c3b9
0000000000000009 00131600ffffff00 1 16 ffffffff 0 0 0 000000000000000a e9e1c3b9 f e9e1c3b9 0 00 e9e1c3b9
000000000000000a 342004160000f000 0 00 00000000 0 0 0 000000000000000b e9e1c3b9 f e9e1c3b9 1 04 e9e1c3b9
000000000000000b 108105040001f000 0 00 00000000 0 0 0 000000000000000c e9e1c3b9 f e9e1c3b9 1 05 e9e1c3b9
000000000000000c 10710504000ff000 0 00 00000000 0 0 0 000000000000000d e9e1c3b9 f e9e1c3b9 1 05 e9e1c3b9
000000000000000d 3411020010135000 0 00 00000000 0 0 0 000000000000000e e9e1c3b9 5 e9e0c101 1 02 e9e0c101
000000000000000e 101003060500f000 0 00 00000000 0 0 0 000000000000000f e9e1c3b9 f e9e1c3b9 1 03 e9e1c3b9
000000000000000f 0013150000000000 1 15 00000000 0 0 0 0000000000000010 e9e1c3b9 f e9e1c3b9 0 00 e9e1c3b9
0000000000000010 342004150000f000 0 00 00000000 0 0 0 0000000000000011 e9e1c3b9 f e9e1c3b9 1 04 e9e1c3b9
0000000000000011 0013160055555500 1 16 00555555 0 0 0 0000000000000012 e9e1c3b9 f e9e1c3b9 0 00 e9e1c3b9
0000000000000012 342006160000f000 0 00 00000000 0 0 0 0000000000000013 e9e1c3b9 f e9e1c3b9 1 06 e9e1c3b9
0000000000000013 108105060000f000 0 00 00000000 0 0 0 0000000000000014 e9e1c3b9 f e9e1c3b9 1 05 e9e1c3b9
0000000000000014 105106050000f000 0 00 00000000 0 0 0 0000000000000015 e9e1c3b9 f e9e1c3b9 1 06 e9e1c3b9
0000000000000015 106102050001f000 0 00 00000000 0 0 0 0000000000000016 e9e1c3b9 f e9e1c3b9 1 02 e9e1c3b9
0000000000000016 105004020200f000 0 00 00000000 0 0 0 0000000000000017 e9e1c3b9 f e9e1c3b9 1 04 e9e1c3b9
0000000000000017 104003050300f000 0 00 00000000 0 0 0 0000000000000018 e9e1c3b9 f e9e1c3b9 1 03 e9e1c3b9
0000000000000018 0013150055555500 1 15 00555555 0 0 0 0000000000000019 e9e1c3b9 f e9e1c3b9 0 00 e9e1c3b9
0000000000000019 342005150000f000 0 00 00000000 0 0 0 000000000000001a e9e1c3b9 f e9e1c3b9 1 05 e9e1c3b9
000000000000001a 00131e0000000300 1 1e 00000003 0 0 0 000000000000001b e9e1c3b9 f e9e1c3b9 0 00 e9e1c3b9
000000000000001b 0023171700000100 1 17 00000001 0 0 0 000000000000001c e9e1c3b9 f e9e1c3b9 0 00 e9e1c3b9
000000000000001c 00731e1e00000100 1 1e 00000002 0 0 0 000000000000001d e9e1c3b9 f e9e1c3b9 0 00 e9e1c3b9
000000000000001d 0013180000000000 1 18 00000000 0 0 0 000000000000001e e9e1c3b9 f e9e1c3b9 0 00 e9e1c3b9
000000000000001e 0102001e18000000 0 00 00000000 4 0 0 000000000000001f e9e1c3b9 f e9e1c3b9 0 00 e9e1c3b9
000000000000001f 0215fffffb040000 0 00 00000000 4 0 1 000000000000001b e9e1c3b9 f e9e1c3b9 0 00 e9e1c3b9
000000000000001b 0023171700000100 1 17 00000002 4 0 0 000000000000001c e9e1c3b9 f e9e1c3b9 0 00 e9e1c3b9
000000000000001c 00731e1e00000100 1 1e 00000001 4 0 0 000000000000001d e9e1c3b9 f e9e1c3b9 0 00 e9e1c3b9
000000000000001d 0013180000000000 1 18 00000000 4 0 0 000000000000001e e9e1c3b9 f e9e1c3b9 0 00 e9e1c3b9
000000000000001e 0102001e18000000 0 00 00000000 4 0 0 000000000000001f e9e1c3b9 f e9e1c3b9 0 00 e9e1c3b9
000000000000001f 0215fffffb040000 0 00 00000000 4 0 1 000000000000001b e9e1c3b9 f e9e1c3b9 0 00 e9e1c3b9
000000000000001b 0023171700000100 1 17 00000003 4 0 0 000000000000001c e9e1c3b9 f e9e1c3b9 0 00 e9e1c3b9
000000000000001c 00731e1e00000100 1 1e 00000000 4 0 0 000000000000001d e9e1c3b9 f e9e1c3b9 0 00 e9e1c3b9
000000000000001d 0013180000000000 1 18 00000000 4 0 0 000000000000001e e9e1c3b9 f e9e1c3b9 0 00 e9e1c3b9
000000000000001e 0102001e18000000 0 00 00000000 5 1 0 000000000000001f e9e1c3b9 f e9e1c3b9 0 00 e9e1c3b9
000000000000001f 0215fffffb040000 0 00 00000000 5 1 0 0000000000000020 e9e1c3b9 f e9e1c3b9 0 00 e9e1c3b9
0000000000000020 7cf5000000000000 0 00 00000000 5 1 0 0000000000000021 e9e1c3b9 f e9e1c3b9 0 00 e9e1c3b9
DONE retired=43 fault=00 pc=0000000000000020
