0000000000000000 343001000000f000 0 00 00000000 0 0 0 0 0 0 0000000000000001 ffffffff f ffffffff 1 01
0000000000000001 341107000001f000 0 00 00000000 0 0 0 0 0 0 0000000000000002 ffffffff f ffffffff 1 07
0000000000000002 34110c000003f000 0 00 00000000 0 0 0 0 0 0 0000000000000003 ffffffff f ffffffff 1 0c
0000000000000003 303980a0c0000000 0 00 00000000 0 0 0 0 0 0 0000000000000004 ffffffff f ffffffff 0 00
0000000000000004 7c1500000c80000d 0 00 00000000 0 0 0 0 0 0 0000000000000005 ffffffff f ffffffff 0 00
0000000000000005 10500c010500f000 0 00 00000000 0 0 0 0 0 0 0000000000000006 ffffffff f ffffffff 1 0c
0000000000000006 34110d000000f000 0 00 00000000 0 0 0 0 0 0 0000000000000007 ffffffff f ffffffff 1 0d
0000000000000007 10300c010d00f000 0 00 00000000 0 0 0 0 0 0 0000000000000008 ffffffff f ffffffff 1 0c
0000000000000008 10000c0c0700f000 0 00 00000000 0 0 0 0 0 0 0000000000000009 ffffffff f ffffffff 1 0c
0000000000000009 34110a000000f000 0 00 00000000 0 0 0 0 0 0 000000000000000a ffffffff f ffffffff 1 0a
000000000000000a 7c85000004000000 0 00 00000000 0 0 0 0 0 0 000000000000000b ffffffff f ffffffff 0 00
000000000000000b 3059e0a0c0000000 0 00 00000000 0 0 0 0 0 0 000000000000000c ffffffff f ffffffff 0 00
000000000000000c 3029d0a0c0000000 0 00 00000000 0 0 0 0 0 0 000000000000000d ffffffff f ffffffff 0 00
000000000000000d 110003010700f000 0 00 00000000 0 0 0 0 0 0 000000000000000e ffffffff f ffffffff 1 03
000000000000000e 10000a0a0700f000 0 00 00000000 0 0 0 0 0 0 000000000000000f ffffffff f ffffffff 1 0a
000000000000000f 7c95fffffbd00000 0 00 00000000 0 0 0 0 0 0 000000000000000b ffffffff f ffffffff 0 00
000000000000000b 3059e0a0c0000000 0 00 00000000 0 0 0 0 0 0 000000000000000c ffffffff f ffffffff 0 00
000000000000000c 3029d0a0c0000000 0 00 00000000 0 0 0 0 0 0 000000000000000d ffffffff f ffffffff 0 00
000000000000000d 110003010700f000 0 00 00000000 0 0 0 0 0 0 000000000000000e ffffffff f ffffffff 1 03
000000000000000e 10000a0a0700f000 0 00 00000000 0 0 0 0 0 0 000000000000000f ffffffff f ffffffff 1 0a
000000000000000f 7c95fffffbd00000 0 00 00000000 0 0 0 0 0 0 0000000000000010 ffffffff f ffffffff 0 00
0000000000000010 0205000001000000 0 00 00000000 0 0 0 0 0 1 0000000000000012 ffffffff f ffffffff 0 00
0000000000000012 7c25000000000000 0 00 00000000 0 0 0 0 0 0 0000000000000013 ffffffff f ffffffff 0 00
0000000000000013 34110d000003f000 0 00 00000000 0 0 0 0 0 0 0000000000000014 ffffffff f ffffffff 1 0d
0000000000000014 10300c010d00f000 0 00 00000000 0 0 0 0 0 0 0000000000000015 ffffffff f ffffffff 1 0c
0000000000000015 10000c0c0700f000 0 00 00000000 0 0 0 0 0 0 0000000000000016 ffffffff f ffffffff 1 0c
0000000000000016 34110a000000f000 0 00 00000000 0 0 0 0 0 0 0000000000000017 ffffffff f ffffffff 1 0a
0000000000000017 7c85000008000000 0 00 00000000 0 0 0 0 0 0 0000000000000018 ffffffff f ffffffff 0 00
0000000000000018 3059e0a0c0000000 0 00 00000000 0 0 0 0 0 0 0000000000000019 ffffffff f ffffffff 0 00
0000000000000019 3029d0a0c0000000 0 00 00000000 0 0 0 0 0 0 000000000000001a ffffffff f ffffffff 0 00
000000000000001a 3039a01070000000 0 00 00000000 0 0 0 0 0 0 000000000000001b ffffffff f ffffffff 0 00
000000000000001b 7c15000000a00001 0 00 00000000 0 0 0 0 0 0 000000000000001c 00000003 f 00000003 0 00
000000000000001c 111003040500f000 0 00 00000000 0 0 0 0 0 0 000000000000001d 00000003 f 00000003 1 03
000000000000001d 7c25000000000000 0 00 00000000 0 0 0 0 0 0 000000000000001c fffffffc f fffffffc 0 00
000000000000001c 111003040500f000 0 00 00000000 0 0 0 0 0 0 000000000000001d fffffffc f fffffffc 1 03
000000000000001d 7c25000000000000 0 00 00000000 0 0 0 0 0 0 000000000000001e ffffffff f ffffffff 0 00
000000000000001e 7cb5000000e00000 0 00 00000000 0 0 0 0 0 0 000000000000001f ffffffff f ffffffff 0 00
000000000000001f 10000a0a0700f000 0 00 00000000 0 0 0 0 0 0 0000000000000020 ffffffff f ffffffff 1 0a
0000000000000020 7c95fffff7d00000 0 00 00000000 0 0 0 0 0 0 0000000000000018 ffffffff f ffffffff 0 00
0000000000000018 3059e0a0c0000000 0 00 00000000 0 0 0 0 0 0 0000000000000019 ffffffff f ffffffff 0 00
0000000000000019 3029d0a0c0000000 0 00 00000000 0 0 0 0 0 0 000000000000001a ffffffff f ffffffff 0 00
000000000000001a 3039a01070000000 0 00 00000000 0 0 0 0 0 0 000000000000001b ffffffff f ffffffff 0 00
000000000000001b 7c15000000a00001 0 00 00000000 0 0 0 0 0 0 000000000000001c 00000003 f 00000003 0 00
000000000000001c 111003040500f000 0 00 00000000 0 0 0 0 0 0 000000000000001d 00000003 f 00000003 1 03
000000000000001d 7c25000000000000 0 00 00000000 0 0 0 0 0 0 000000000000001c fffffffc f fffffffc 0 00
000000000000001c 111003040500f000 0 00 00000000 0 0 0 0 0 0 000000000000001d fffffffc f fffffffc 1 03
000000000000001d 7c25000000000000 0 00 00000000 0 0 0 0 0 0 000000000000001e ffffffff f ffffffff 0 00
000000000000001e 7cb5000000e00000 0 00 00000000 0 0 0 0 0 0 000000000000001f eeeeeeee f eeeeeeee 0 00
000000000000001f 10000a0a0700f000 0 00 00000000 0 0 0 0 0 0 0000000000000020 eeeeeeee f eeeeeeee 1 0a
0000000000000020 7c95fffff7d00000 0 00 00000000 0 0 0 0 0 0 0000000000000018 eeeeeeee f eeeeeeee 0 00
0000000000000018 3059e0a0c0000000 0 00 00000000 0 0 0 0 0 0 0000000000000019 eeeeeeee f eeeeeeee 0 00
0000000000000019 3029d0a0c0000000 0 00 00000000 0 0 0 0 0 0 000000000000001a eeeeeeee f eeeeeeee 0 00
000000000000001a 3039a01070000000 0 00 00000000 0 0 0 0 0 0 000000000000001b eeeeeeee f eeeeeeee 0 00
000000000000001b 7c15000000a00001 0 00 00000000 0 0 0 0 0 0 000000000000001c 00000002 f 00000002 0 00
000000000000001c 111003040500f000 0 00 00000000 0 0 0 0 0 0 000000000000001d 00000002 f 00000002 1 03
000000000000001d 7c25000000000000 0 00 00000000 0 0 0 0 0 0 000000000000001c eeeeeeec f eeeeeeec 0 00
000000000000001c 111003040500f000 0 00 00000000 0 0 0 0 0 0 000000000000001d eeeeeeec f eeeeeeec 1 03
000000000000001d 7c25000000000000 0 00 00000000 0 0 0 0 0 0 000000000000001e eeeeeeee f eeeeeeee 0 00
000000000000001e 7cb5000000e00000 0 00 00000000 0 0 0 0 0 0 000000000000001f cccccccc f cccccccc 0 00
000000000000001f 10000a0a0700f000 0 00 00000000 0 0 0 0 0 0 0000000000000020 cccccccc f cccccccc 1 0a
0000000000000020 7c95fffff7d00000 0 00 00000000 0 0 0 0 0 0 0000000000000018 cccccccc f cccccccc 0 00
0000000000000018 3059e0a0c0000000 0 00 00000000 0 0 0 0 0 0 0000000000000019 cccccccc f cccccccc 0 00
0000000000000019 3029d0a0c0000000 0 00 00000000 0 0 0 0 0 0 000000000000001a cccccccc f cccccccc 0 00
000000000000001a 3039a01070000000 0 00 00000000 0 0 0 0 0 0 000000000000001b cccccccc f cccccccc 0 00
000000000000001b 7c15000000a00001 0 00 00000000 0 0 0 0 0 0 000000000000001c cccccccc f cccccccc 0 00
000000000000001c 111003040500f000 0 00 00000000 0 0 0 0 0 0 000000000000001d cccccccc f cccccccc 1 03
000000000000001d 7c25000000000000 0 00 00000000 0 0 0 0 0 0 000000000000001e cccccccc f cccccccc 0 00
000000000000001e 7cb5000000e00000 0 00 00000000 0 0 0 0 0 0 000000000000001f 88888888 f 88888888 0 00
000000000000001f 10000a0a0700f000 0 00 00000000 0 0 0 0 0 0 0000000000000020 88888888 f 88888888 1 0a
0000000000000020 7c95fffff7d00000 0 00 00000000 0 0 0 0 0 0 0000000000000018 88888888 f 88888888 0 00
0000000000000018 3059e0a0c0000000 0 00 00000000 0 0 0 0 0 0 0000000000000019 88888888 f 88888888 0 00
0000000000000019 3029d0a0c0000000 0 00 00000000 0 0 0 0 0 0 000000000000001a 88888888 f 88888888 0 00
000000000000001a 3039a01070000000 0 00 00000000 0 0 0 0 0 0 000000000000001b 88888888 f 88888888 0 00
000000000000001b 7c15000000a00001 0 00 00000000 0 0 0 0 0 0 000000000000001c 88888888 f 88888888 0 00
000000000000001c 111003040500f000 0 00 00000000 0 0 0 0 0 0 000000000000001d 88888888 f 88888888 1 03
000000000000001d 7c25000000000000 0 00 00000000 0 0 0 0 0 0 000000000000001e 88888888 f 88888888 0 00
0000000000000020 7cb5000000e00000 0 00 00000000 0 0 0 0 0 0 000000000000001f 00000000 f 00000000 0 00
0000000000000020 7c95fffff7d00000 0 00 00000000 0 0 0 0 0 0 0000000000000021 ffffffff f ffffffff 0 00
0000000000000021 7cf5000000000000 0 00 00000000 0 0 0 0 0 0 0000000000000022 ffffffff f ffffffff 0 00
