0000000000000000 00131d0000000000 1 1d 00000000 0 0 0 0000000000000001
0000000000000001 00130b0000000000 1 0b 00000000 0 0 0 0000000000000002
0000000000000002 0013100000000000 1 10 00000000 0 0 0 0000000000000003
0000000000000003 00130b009d230200 1 0b ff9d2302 0 0 0 0000000000000004
0000000000000004 0013070024254800 1 07 00242548 0 0 0 0000000000000005
0000000000000005 8506000000000000 0 00 00000000 0 0 0 0000000000000006
0000000000000006 8506000000000000 0 00 00000000 0 0 0 0000000000000007
0000000000000007 0092131400000000 1 13 ffffffff 0 0 0 0000000000000008
0000000000000008 0122000d0a000000 0 00 00000000 5 0 0 0000000000000009
0000000000000009 0215000002020000 0 00 00000000 5 0 1 000000000000000c
000000000000000c 8506000000000000 0 00 00000000 5 0 0 000000000000000d
000000000000000d 8506000000000000 0 00 00000000 5 0 0 000000000000000e
000000000000000e 0062090410000000 1 09 00000000 5 0 0 000000000000000f
000000000000000f 00a3100800002000 1 10 00000000 5 0 0 0000000000000010
0000000000000010 0013100000000100 1 10 00000001 5 0 0 0000000000000011
0000000000000011 00130d00ffffff00 1 0d ffffffff 5 0 0 0000000000000012
0000000000000012 00130f0071d45700 1 0f 0071d457 5 0 0 0000000000000013
0000000000000013 8506000000000000 0 00 00000000 5 0 0 0000000000000014
0000000000000014 0013130000000000 1 13 00000000 5 0 0 0000000000000015
0000000000000015 0306000000001100 1 11 00000000 5 0 0 0000000000000016
0000000000000016 010200110f000000 0 00 00000000 2 0 0 0000000000000017
0000000000000017 0215000002020000 0 00 00000000 2 0 1 000000000000001a
000000000000001a 0092130c00000000 1 13 ffffffff 2 0 0 000000000000001b
000000000000001b 0306000000000500 1 05 00000000 2 0 0 000000000000001c
000000000000001c 00130c0067e22700 1 0c 0067e227 2 0 0 000000000000001d
000000000000001d 0306000000000d00 1 0d 00000000 2 0 0 000000000000001e
000000000000001e 0023060e00000100 1 06 00000001 2 0 0 000000000000001f
000000000000001f 00a3111200000c00 1 11 00000000 2 0 0 0000000000000020
0000000000000020 0112001304000000 0 00 00000000 6 1 0 0000000000000021
0000000000000021 02150000030d0000 0 00 00000000 6 1 0 0000000000000022
0000000000000022 8506000000000000 0 00 00000000 6 1 0 0000000000000023
0000000000000023 8506000000000000 0 00 00000000 6 1 0 0000000000000024
0000000000000024 8506000000000000 0 00 00000000 6 1 0 0000000000000025
0000000000000025 0102000503000000 0 00 00000000 5 1 0 0000000000000026
0000000000000026 02150000020b0000 0 00 00000000 5 1 0 0000000000000027
0000000000000027 8506000000000000 0 00 00000000 5 1 0 0000000000000028
0000000000000028 8506000000000000 0 00 00000000 5 1 0 0000000000000029
0000000000000029 8506000000000000 0 00 00000000 5 1 0 000000000000002a
000000000000002a 00220f0c12000000 1 0f 0067e227 5 1 0 000000000000002b
000000000000002b 00131e0000000300 1 1e 00000003 5 1 0 000000000000002c
000000000000002c 0023151500000100 1 15 00000001 5 1 0 000000000000002d
000000000000002d 00731e1e00000100 1 1e 00000002 5 1 0 000000000000002e
000000000000002e 0102001e1d000000 0 00 00000000 4 0 0 000000000000002f
000000000000002f 0215fffffc040000 0 00 00000000 4 0 1 000000000000002c
000000000000002c 0023151500000100 1 15 00000002 4 0 0 000000000000002d
000000000000002d 00731e1e00000100 1 1e 00000001 4 0 0 000000000000002e
000000000000002e 0102001e1d000000 0 00 00000000 4 0 0 000000000000002f
000000000000002f 0215fffffc040000 0 00 00000000 4 0 1 000000000000002c
000000000000002c 0023151500000100 1 15 00000003 4 0 0 000000000000002d
000000000000002d 00731e1e00000100 1 1e 00000000 4 0 0 000000000000002e
000000000000002e 0102001e1d000000 0 00 00000000 5 1 0 000000000000002f
000000000000002f 0215fffffc040000 0 00 00000000 5 1 0 0000000000000030
0000000000000030 7cf5000000000000 0 00 00000000 5 1 0 0000000000000031
DONE retired=53 fault=00 pc=0000000000000030
