0000000000000000 0013140000004d00 1 14 0000004d 0 0 0 0000000000000001 d78eeae6 f d78eeae6 0 00 d78eeae6
0000000000000001 34110600793df000 0 00 00000000 0 0 0 0000000000000002 d78eeae6 f d78eeae6 1 06 d78eeae6
0000000000000002 1020020205001000 0 00 00000000 0 0 0 0000000000000003 d78eeae6 1 c7088060 1 02 c7088060
0000000000000003 107104030010f000 0 00 00000000 0 0 0 0000000000000004 d78eeae6 f d78eeae6 1 04 d78eeae6
0000000000000004 341106007381f000 0 00 00000000 0 0 0 0000000000000005 d78eeae6 f d78eeae6 1 06 d78eeae6
0000000000000005 343006000000f000 0 00 00000000 0 0 0 0000000000000006 d78eeae6 f d78eeae6 1 06 d78eeae6
0000000000000006 101103030a39f000 0 00 00000000 0 0 0 0000000000000007 d78eeae6 f d78eeae6 1 03 d78eeae6
0000000000000007 341106009187f000 0 00 00000000 0 0 0 0000000000000008 d78eeae6 f d78eeae6 1 06 d78eeae6
0000000000000008 10610202001bf000 0 00 00000000 0 0 0 0000000000000009 d78eeae6 f d78eeae6 1 02 d78eeae6
0000000000000009 106103030021f000 0 00 00000000 0 0 0 000000000000000a d78eeae6 f d78eeae6 1 03 d78eeae6
000000000000000a 340006060000f000 0 00 00000000 0 0 0 000000000000000b d78eeae6 f d78eeae6 1 06 d78eeae6
000000000000000b 101103067ffff000 0 00 00000000 0 0 0 000000000000000c d78eeae6 f d78eeae6 1 03 d78eeae6
000000000000000c 341106008b92f000 0 00 00000000 0 0 0 000000000000000d d78eeae6 f d78eeae6 1 06 d78eeae6
000000000000000d 104005040300f000 0 00 00000000 0 0 0 000000000000000e d78eeae6 f d78eeae6 1 05 d78eeae6
000000000000000e 107105040000f000 0 00 00000000 0 0 0 000000000000000f d78eeae6 f d78eeae6 1 05 d78eeae6
000000000000000f 343006000000f000 0 00 00000000 0 0 0 0000000000000010 d78eeae6 f d78eeae6 1 06 d78eeae6
0000000000000010 101102027ffff000 0 00 00000000 0 0 0 0000000000000011 d78eeae6 f d78eeae6 1 02 d78eeae6
0000000000000011 101105038000f000 0 00 00000000 0 0 0 0000000000000012 d78eeae6 f d78eeae6 1 05 d78eeae6
0000000000000012 101005060400f000 0 00 00000000 0 0 0 0000000000000013 d78eeae6 f d78eeae6 1 05 d78eeae6
0000000000000013 104006020300f000 0 00 00000000 0 0 0 0000000000000014 d78eeae6 f d78eeae6 1 06 d78eeae6
0000000000000014 104006030300f000 0 00 00000000 0 0 0 0000000000000015 d78eeae6 f d78eeae6 1 06 d78eeae6
0000000000000015 101002030300f000 0 00 00000000 0 0 0 0000000000000016 d78eeae6 f d78eeae6 1 02 d78eeae6
0000000000000016 105104060001f000 0 00 00000000 0 0 0 0000000000000017 d78eeae6 f d78eeae6 1 04 d78eeae6
0000000000000017 340002040000f000 0 00 00000000 0 0 0 0000000000000018 d78eeae6 f d78eeae6 1 02 d78eeae6
0000000000000018 103104060000f000 0 00 00000000 0 0 0 0000000000000019 d78eeae6 f d78eeae6 1 04 d78eeae6
0000000000000019 107104020001f000 0 00 00000000 0 0 0 000000000000001a d78eeae6 f d78eeae6 1 04 d78eeae6
000000000000001a 103102037ffff000 0 00 00000000 0 0 0 000000000000001b d78eeae6 f d78eeae6 1 02 d78eeae6
000000000000001b 104004030500a000 0 00 00000000 0 0 0 000000000000001c d78eeae6 a 00000000 1 04 00000000
000000000000001c 343006000000f000 0 00 00000000 0 0 0 000000000000001d d78eeae6 f d78eeae6 1 06 d78eeae6
000000000000001d 107103050010f000 0 00 00000000 0 0 0 000000000000001e d78eeae6 f d78eeae6 1 03 d78eeae6
000000000000001e 00131e0000000300 1 1e 00000003 0 0 0 000000000000001f d78eeae6 f d78eeae6 0 00 d78eeae6
000000000000001f 0023171700000100 1 17 00000001 0 0 0 0000000000000020 d78eeae6 f d78eeae6 0 00 d78eeae6
0000000000000020 00731e1e00000100 1 1e 00000002 0 0 0 0000000000000021 d78eeae6 f d78eeae6 0 00 d78eeae6
0000000000000021 0013180000000000 1 18 00000000 0 0 0 0000000000000022 d78eeae6 f d78eeae6 0 00 d78eeae6
0000000000000022 0102001e18000000 0 00 00000000 4 0 0 0000000000000023 d78eeae6 f d78eeae6 0 00 d78eeae6
0000000000000023 0215fffffb040000 0 00 00000000 4 0 1 000000000000001f d78eeae6 f d78eeae6 0 00 d78eeae6
000000000000001f 0023171700000100 1 17 00000002 4 0 0 0000000000000020 d78eeae6 f d78eeae6 0 00 d78eeae6
0000000000000020 00731e1e00000100 1 1e 00000001 4 0 0 0000000000000021 d78eeae6 f d78eeae6 0 00 d78eeae6
0000000000000021 0013180000000000 1 18 00000000 4 0 0 0000000000000022 d78eeae6 f d78eeae6 0 00 d78eeae6
0000000000000022 0102001e18000000 0 00 00000000 4 0 0 0000000000000023 d78eeae6 f d78eeae6 0 00 d78eeae6
0000000000000023 0215fffffb040000 0 00 00000000 4 0 1 000000000000001f d78eeae6 f d78eeae6 0 00 d78eeae6
000000000000001f 0023171700000100 1 17 00000003 4 0 0 0000000000000020 d78eeae6 f d78eeae6 0 00 d78eeae6
0000000000000020 00731e1e00000100 1 1e 00000000 4 0 0 0000000000000021 d78eeae6 f d78eeae6 0 00 d78eeae6
0000000000000021 0013180000000000 1 18 00000000 4 0 0 0000000000000022 d78eeae6 f d78eeae6 0 00 d78eeae6
0000000000000022 0102001e18000000 0 00 00000000 5 1 0 0000000000000023 d78eeae6 f d78eeae6 0 00 d78eeae6
0000000000000023 0215fffffb040000 0 00 00000000 5 1 0 0000000000000024 d78eeae6 f d78eeae6 0 00 d78eeae6
0000000000000024 7cf5000000000000 0 00 00000000 5 1 0 0000000000000025 d78eeae6 f d78eeae6 0 00 d78eeae6
DONE retired=47 fault=00 pc=0000000000000024
