0000000000000000 00131d0000000000 1 1d 00000000 0 0 0 0000000000000001
0000000000000001 00820a0601000000 1 0a 00000000 0 0 0 0000000000000002
0000000000000002 00620e0414000000 1 0e 00000000 0 0 0 0000000000000003
0000000000000003 0306000000001100 1 11 00000000 0 0 0 0000000000000004
0000000000000004 012200100a000000 0 00 00000000 5 0 0 0000000000000005
0000000000000005 0215000002040000 0 00 00000000 5 0 0 0000000000000006
0000000000000006 8506000000000000 0 00 00000000 5 0 0 0000000000000007
0000000000000007 8506000000000000 0 00 00000000 5 0 0 0000000000000008
0000000000000008 00230c047b1d3100 1 0c 007b1d31 5 0 0 0000000000000009
0000000000000009 0306000000000a00 1 0a 00000000 5 0 0 000000000000000a
000000000000000a 0092110100000000 1 11 ffffffff 5 0 0 000000000000000b
000000000000000b 8506000000000000 0 00 00000000 5 0 0 000000000000000c
000000000000000c 00520e0e0e000000 1 0e 00000000 5 0 0 000000000000000d
000000000000000d 0306000000000d00 1 0d 00000000 5 0 0 000000000000000e
000000000000000e 00130100aaaaaa00 1 01 ffaaaaaa 5 0 0 000000000000000f
000000000000000f 00130d008370e200 1 0d ff8370e2 5 0 0 0000000000000010
0000000000000010 0092070a00000000 1 07 ffffffff 5 0 0 0000000000000011
0000000000000011 0062011111000000 1 01 80000000 5 0 0 0000000000000012
0000000000000012 010200100b000000 0 00 00000000 5 1 0 0000000000000013
0000000000000013 02150000010c0000 0 00 00000000 5 1 1 0000000000000015
0000000000000015 0023140900000000 1 14 00000000 5 1 0 0000000000000016
0000000000000016 0013130000000000 1 13 00000000 5 1 0 0000000000000017
0000000000000017 0122000405000000 0 00 00000000 5 0 0 0000000000000018
0000000000000018 0215000002040000 0 00 00000000 5 0 0 0000000000000019
0000000000000019 8506000000000000 0 00 00000000 5 0 0 000000000000001a
000000000000001a 8506000000000000 0 00 00000000 5 0 0 000000000000001b
000000000000001b 00b20d0107000000 1 0d ffffffff 5 0 0 000000000000001c
000000000000001c 0306000000000700 1 07 00000000 5 0 0 000000000000001d
000000000000001d 00130e008b702000 1 0e ff8b7020 5 0 0 000000000000001e
000000000000001e 00b2010611000000 1 01 00000000 5 0 0 000000000000001f
000000000000001f 8506000000000000 0 00 00000000 5 0 0 0000000000000020
0000000000000020 00131e0000000300 1 1e 00000003 5 0 0 0000000000000021
0000000000000021 0023151500000100 1 15 00000001 5 0 0 0000000000000022
0000000000000022 00731e1e00000100 1 1e 00000002 5 0 0 0000000000000023
0000000000000023 0102001e1d000000 0 00 00000000 4 0 0 0000000000000024
0000000000000024 0215fffffc040000 0 00 00000000 4 0 1 0000000000000021
0000000000000021 0023151500000100 1 15 00000002 4 0 0 0000000000000022
0000000000000022 00731e1e00000100 1 1e 00000001 4 0 0 0000000000000023
0000000000000023 0102001e1d000000 0 00 00000000 4 0 0 0000000000000024
0000000000000024 0215fffffc040000 0 00 00000000 4 0 1 0000000000000021
0000000000000021 0023151500000100 1 15 00000003 4 0 0 0000000000000022
0000000000000022 00731e1e00000100 1 1e 00000000 4 0 0 0000000000000023
0000000000000023 0102001e1d000000 0 00 00000000 5 1 0 0000000000000024
0000000000000024 0215fffffc040000 0 00 00000000 5 1 0 0000000000000025
0000000000000025 7cf5000000000000 0 00 00000000 5 1 0 0000000000000026
DONE retired=45 fault=00 pc=0000000000000025
