0000000000000000 343001000000f000 0 00 00000000 0 0 0 0 0 0 0000000000000001 ffffffff f ffffffff 1 01
0000000000000001 341107000001f000 0 00 00000000 0 0 0 0 0 0 0000000000000002 ffffffff f ffffffff 1 07
0000000000000002 34110c000003f000 0 00 00000000 0 0 0 0 0 0 0000000000000003 ffffffff f ffffffff 1 0c
0000000000000003 101004040700f000 0 00 00000000 0 0 0 0 0 0 0000000000000004 ffffffff f ffffffff 1 04
0000000000000004 3029701070000000 0 00 00000000 0 0 0 0 0 0 0000000000000005 ffffffff f ffffffff 0 00
0000000000000005 7c1500000f70009a 0 00 00000000 0 0 0 0 0 0 0000000000000006 00000001 f 00000001 0 00
0000000000000006 34110d000003f000 0 00 00000000 0 0 0 0 0 0 0000000000000007 00000001 f 00000001 1 0d
0000000000000007 10300c010d00f000 0 00 00000000 0 0 0 0 0 0 0000000000000008 00000001 f 00000001 1 0c
0000000000000008 10000c0c0700f000 0 00 00000000 0 0 0 0 0 0 0000000000000009 00000001 f 00000001 1 0c
0000000000000009 34110a000000f000 0 00 00000000 0 0 0 0 0 0 000000000000000a 00000001 f 00000001 1 0a
000000000000000a 7c85000007000000 0 00 00000000 0 0 0 0 0 0 000000000000000b 00000001 f 00000001 0 00
000000000000000b 3059e0a0c0000000 0 00 00000000 0 0 0 0 0 0 000000000000000c 00000001 f 00000001 0 00
000000000000000c 3029d0a0c0000000 0 00 00000000 0 0 0 0 0 0 000000000000000d 00000001 f 00000001 0 00
000000000000000d 3039301070000000 0 00 00000000 0 0 0 0 0 0 000000000000000e 00000001 f 00000001 0 00
000000000000000e 7c15000000300001 0 00 00000000 0 0 0 0 0 0 000000000000000f 00000001 f 00000001 0 00
000000000000000f 0023060600000100 1 06 00000001 0 0 0 0 0 0 0000000000000010 00000001 f 00000001 0 00
0000000000000010 7c25000000000000 0 00 00000000 0 0 0 0 0 0 0000000000000011 00000001 f 00000001 0 00
0000000000000011 10000a0a0700f000 0 00 00000000 0 0 0 0 0 0 0000000000000012 00000001 f 00000001 1 0a
0000000000000012 7c95fffff8d00000 0 00 00000000 0 0 0 0 0 0 000000000000000b 00000001 f 00000001 0 00
000000000000000b 3059e0a0c0000000 0 00 00000000 0 0 0 0 0 0 000000000000000c 00000001 f 00000001 0 00
000000000000000c 3029d0a0c0000000 0 00 00000000 0 0 0 0 0 0 000000000000000d 00000001 f 00000001 0 00
000000000000000d 3039301070000000 0 00 00000000 0 0 0 0 0 0 000000000000000e 00000001 f 00000001 0 00
000000000000000e 7c15000000300001 0 00 00000000 0 0 0 0 0 0 000000000000000f 00000001 f 00000001 0 00
000000000000000f 0023060600000100 1 06 00000002 0 0 0 0 0 0 0000000000000010 00000001 f 00000001 0 00
0000000000000010 7c25000000000000 0 00 00000000 0 0 0 0 0 0 0000000000000011 00000001 f 00000001 0 00
0000000000000011 10000a0a0700f000 0 00 00000000 0 0 0 0 0 0 0000000000000012 00000001 f 00000001 1 0a
0000000000000012 7c95fffff8d00000 0 00 00000000 0 0 0 0 0 0 0000000000000013 00000001 f 00000001 0 00
0000000000000013 104005040500f000 0 00 00000000 0 0 0 0 0 0 0000000000000014 00000001 f 00000001 1 05
0000000000000014 020500008b000000 0 00 00000000 0 0 0 0 0 1 00000000000000a0 00000001 f 00000001 0 00
00000000000000a0 7c25000000000000 0 00 00000000 0 0 0 0 0 0 0000000000000015 fffffffe f fffffffe 0 00
0000000000000015 300940b070000000 0 00 00000000 0 0 0 0 0 0 0000000000000016 fffffffe f fffffffe 0 00
0000000000000016 7c15000037400088 0 00 00000000 0 0 0 0 0 0 000000000000004e fffffffe f fffffffe 0 00
000000000000004e 3009403070000000 0 00 00000000 0 0 0 0 0 0 000000000000004f fffffffe f fffffffe 0 00
000000000000004f 7c1500003f40004e 0 00 00000000 0 0 0 0 0 0 000000000000008f fffffffe f fffffffe 0 00
000000000000008f 34110d000001f000 0 00 00000000 0 0 0 0 0 0 0000000000000090 fffffffe f fffffffe 1 0d
0000000000000090 10300c010d00f000 0 00 00000000 0 0 0 0 0 0 0000000000000091 fffffffe f fffffffe 1 0c
0000000000000091 10000c0c0700f000 0 00 00000000 0 0 0 0 0 0 0000000000000092 fffffffe f fffffffe 1 0c
0000000000000092 34110a000000f000 0 00 00000000 0 0 0 0 0 0 0000000000000093 fffffffe f fffffffe 1 0a
0000000000000093 7c85000008000000 0 00 00000000 0 0 0 0 0 0 0000000000000094 fffffffe f fffffffe 0 00
0000000000000094 3059e0a0c0000000 0 00 00000000 0 0 0 0 0 0 0000000000000095 fffffffe f fffffffe 0 00
0000000000000095 3029d0a0c0000000 0 00 00000000 0 0 0 0 0 0 0000000000000096 fffffffe f fffffffe 0 00
0000000000000096 3059b01070000000 0 00 00000000 0 0 0 0 0 0 0000000000000097 fffffffe f fffffffe 0 00
0000000000000097 7c15000000b00001 0 00 00000000 0 0 0 0 0 0 0000000000000098 fffffffe f fffffffe 0 00
0000000000000098 101003050100f000 0 00 00000000 0 0 0 0 0 0 0000000000000099 fffffffe f fffffffe 1 03
0000000000000099 7c25000000000000 0 00 00000000 0 0 0 0 0 0 000000000000009a fffffffe f fffffffe 0 00
000000000000009a 7cb5000000e00000 0 00 00000000 0 0 0 0 0 0 000000000000009b fffffffe f fffffffe 0 00
000000000000009b 10000a0a0700f000 0 00 00000000 0 0 0 0 0 0 000000000000009c fffffffe f fffffffe 1 0a
000000000000009c 7c95fffff7d00000 0 00 00000000 0 0 0 0 0 0 0000000000000094 fffffffe f fffffffe 0 00
0000000000000094 3059e0a0c0000000 0 00 00000000 0 0 0 0 0 0 0000000000000095 fffffffe f fffffffe 0 00
0000000000000095 3029d0a0c0000000 0 00 00000000 0 0 0 0 0 0 0000000000000096 fffffffe f fffffffe 0 00
0000000000000096 3059b01070000000 0 00 00000000 0 0 0 0 0 0 0000000000000097 fffffffe f fffffffe 0 00
0000000000000097 7c15000000b00001 0 00 00000000 0 0 0 0 0 0 0000000000000098 fffffffe f fffffffe 0 00
0000000000000098 101003050100f000 0 00 00000000 0 0 0 0 0 0 0000000000000099 fffffffe f fffffffe 1 03
0000000000000099 7c25000000000000 0 00 00000000 0 0 0 0 0 0 000000000000009a fffffffe f fffffffe 0 00
000000000000009a 7cb5000000e00000 0 00 00000000 0 0 0 0 0 0 000000000000009b aaaaaaaa f aaaaaaaa 0 00
000000000000009b 10000a0a0700f000 0 00 00000000 0 0 0 0 0 0 000000000000009c aaaaaaaa f aaaaaaaa 1 0a
000000000000009c 7c95fffff7d00000 0 00 00000000 0 0 0 0 0 0 0000000000000094 aaaaaaaa f aaaaaaaa 0 00
0000000000000094 3059e0a0c0000000 0 00 00000000 0 0 0 0 0 0 0000000000000095 aaaaaaaa f aaaaaaaa 0 00
0000000000000095 3029d0a0c0000000 0 00 00000000 0 0 0 0 0 0 0000000000000096 aaaaaaaa f aaaaaaaa 0 00
0000000000000096 3059b01070000000 0 00 00000000 0 0 0 0 0 0 0000000000000097 aaaaaaaa f aaaaaaaa 0 00
0000000000000097 7c15000000b00001 0 00 00000000 0 0 0 0 0 0 0000000000000098 aaaaaaaa f aaaaaaaa 0 00
0000000000000098 101003050100f000 0 00 00000000 0 0 0 0 0 0 0000000000000099 aaaaaaaa f aaaaaaaa 1 03
0000000000000099 7c25000000000000 0 00 00000000 0 0 0 0 0 0 000000000000009a aaaaaaaa f aaaaaaaa 0 00
000000000000009c 7cb5000000e00000 0 00 00000000 0 0 0 0 0 0 000000000000009b 00000000 f 00000000 0 00
000000000000009c 7c95fffff7d00000 0 00 00000000 0 0 0 0 0 0 000000000000009d fffffffe f fffffffe 0 00
000000000000009d 101005070300f000 0 00 00000000 0 0 0 0 0 0 000000000000009e fffffffe f fffffffe 1 05
000000000000009e 7c25000000000000 0 00 00000000 0 0 0 0 0 0 000000000000009f fffffffe f fffffffe 0 00
000000000000009f 7c25000000000000 0 00 00000000 0 0 0 0 0 0 00000000000000a0 fffffffe f fffffffe 0 00
00000000000000a0 7c25000000000000 0 00 00000000 0 0 0 0 0 0 00000000000000a1 ffffffff f ffffffff 0 00
00000000000000a1 34110d000000f000 0 00 00000000 0 0 0 0 0 0 00000000000000a2 ffffffff f ffffffff 1 0d
00000000000000a2 10300c010d00f000 0 00 00000000 0 0 0 0 0 0 00000000000000a3 ffffffff f ffffffff 1 0c
00000000000000a3 10000c0c0700f000 0 00 00000000 0 0 0 0 0 0 00000000000000a4 ffffffff f ffffffff 1 0c
00000000000000a4 34110a000000f000 0 00 00000000 0 0 0 0 0 0 00000000000000a5 ffffffff f ffffffff 1 0a
00000000000000a5 7c85000005000000 0 00 00000000 0 0 0 0 0 0 00000000000000a6 ffffffff f ffffffff 0 00
00000000000000a6 3059e0a0c0000000 0 00 00000000 0 0 0 0 0 0 00000000000000a7 ffffffff f ffffffff 0 00
00000000000000a7 3029d0a0c0000000 0 00 00000000 0 0 0 0 0 0 00000000000000a8 ffffffff f ffffffff 0 00
00000000000000a8 111005040500f000 0 00 00000000 0 0 0 0 0 0 00000000000000a9 ffffffff f ffffffff 1 05
00000000000000a9 7cb5000000e00000 0 00 00000000 0 0 0 0 0 0 00000000000000aa ffffffff f ffffffff 0 00
00000000000000aa 10000a0a0700f000 0 00 00000000 0 0 0 0 0 0 00000000000000ab ffffffff f ffffffff 1 0a
00000000000000ab 7c95fffffad00000 0 00 00000000 0 0 0 0 0 0 00000000000000a6 ffffffff f ffffffff 0 00
00000000000000a6 3059e0a0c0000000 0 00 00000000 0 0 0 0 0 0 00000000000000a7 ffffffff f ffffffff 0 00
00000000000000a7 3029d0a0c0000000 0 00 00000000 0 0 0 0 0 0 00000000000000a8 ffffffff f ffffffff 0 00
00000000000000a8 111005040500f000 0 00 00000000 0 0 0 0 0 0 00000000000000a9 ffffffff f ffffffff 1 05
00000000000000ab 7cb5000000e00000 0 00 00000000 0 0 0 0 0 0 00000000000000aa 00000000 f 00000000 0 00
00000000000000ab 7c95fffffad00000 0 00 00000000 0 0 0 0 0 0 00000000000000ac ffffffff f ffffffff 0 00
00000000000000ac 7cf5000000000000 0 00 00000000 0 0 0 0 0 0 00000000000000ad ffffffff f ffffffff 0 00
