0000000000000000 00131d0000000000 1 1d 00000000 0 0 0 0000000000000001
0000000000000001 8506000000000000 0 00 00000000 0 0 0 0000000000000002
0000000000000002 0032070108000000 1 07 00000000 0 0 0 0000000000000003
0000000000000003 0013060086cf8300 1 06 ff86cf83 0 0 0 0000000000000004
0000000000000004 00130c009b61e100 1 0c ff9b61e1 0 0 0 0000000000000005
0000000000000005 00130f0082b4ae00 1 0f ff82b4ae 0 0 0 0000000000000006
0000000000000006 0122000213000000 0 00 00000000 5 0 0 0000000000000007
0000000000000007 02150000010e0000 0 00 00000000 5 0 1 0000000000000009
0000000000000009 0306000000000100 1 01 00000000 5 0 0 000000000000000a
000000000000000a 8506000000000000 0 00 00000000 5 0 0 000000000000000b
000000000000000b 0063121200000500 1 12 00000000 5 0 0 000000000000000c
000000000000000c 8506000000000000 0 00 00000000 5 0 0 000000000000000d
000000000000000d 0063030800002100 1 03 00000000 5 0 0 000000000000000e
000000000000000e 0122000305000000 0 00 00000000 5 0 0 000000000000000f
000000000000000f 0215000001010000 0 00 00000000 5 0 0 0000000000000010
0000000000000010 8506000000000000 0 00 00000000 5 0 0 0000000000000011
0000000000000011 8506000000000000 0 00 00000000 5 0 0 0000000000000012
0000000000000012 00a20e1210000000 1 0e 00000000 5 0 0 0000000000000013
0000000000000013 0063090200000500 1 09 00000000 5 0 0 0000000000000014
0000000000000014 0102000701000000 0 00 00000000 5 1 0 0000000000000015
0000000000000015 0215000003040000 0 00 00000000 5 1 0 0000000000000016
0000000000000016 8506000000000000 0 00 00000000 5 1 0 0000000000000017
0000000000000017 8506000000000000 0 00 00000000 5 1 0 0000000000000018
0000000000000018 8506000000000000 0 00 00000000 5 1 0 0000000000000019
0000000000000019 8506000000000000 0 00 00000000 5 1 0 000000000000001a
000000000000001a 0073020c7bca1100 1 02 ff1f97d0 5 1 0 000000000000001b
000000000000001b 0092120b00000000 1 12 ffffffff 5 1 0 000000000000001c
000000000000001c 00a2070309000000 1 07 00000000 5 1 0 000000000000001d
000000000000001d 0306000000001000 1 10 00000000 5 1 0 000000000000001e
000000000000001e 0072021203000000 1 02 ffffffff 5 1 0 000000000000001f
000000000000001f 0092111400000000 1 11 ffffffff 5 1 0 0000000000000020
0000000000000020 00130c00380aba00 1 0c 00380aba 5 1 0 0000000000000021
0000000000000021 00130b0000000000 1 0b 00000000 5 1 0 0000000000000022
0000000000000022 00220f0910000000 1 0f 00000000 5 1 0 0000000000000023
0000000000000023 0102001208000000 0 00 00000000 6 0 0 0000000000000024
0000000000000024 02150000030b0000 0 00 00000000 6 0 1 0000000000000028
0000000000000028 00a30e0c00000200 1 0e 000e02ae 6 0 0 0000000000000029
0000000000000029 0062060709000000 1 06 00000000 6 0 0 000000000000002a
000000000000002a 00131e0000000200 1 1e 00000002 6 0 0 000000000000002b
000000000000002b 0023151500000100 1 15 00000001 6 0 0 000000000000002c
000000000000002c 00731e1e00000100 1 1e 00000001 6 0 0 000000000000002d
000000000000002d 0102001e1d000000 0 00 00000000 4 0 0 000000000000002e
000000000000002e 0215fffffc040000 0 00 00000000 4 0 1 000000000000002b
000000000000002b 0023151500000100 1 15 00000002 4 0 0 000000000000002c
000000000000002c 00731e1e00000100 1 1e 00000000 4 0 0 000000000000002d
000000000000002d 0102001e1d000000 0 00 00000000 5 1 0 000000000000002e
000000000000002e 0215fffffc040000 0 00 00000000 5 1 0 000000000000002f
000000000000002f 7cf5000000000000 0 00 00000000 5 1 0 0000000000000030
DONE retired=48 fault=00 pc=000000000000002f
