0000000000000000 0013140000004d00 1 14 0000004d 0 0 0 0000000000000001 ff000000 f ff000000 0 00 ff000000
0000000000000001 0013160000000000 1 16 00000000 0 0 0 0000000000000002 ff000000 f ff000000 0 00 ff000000
0000000000000002 342006160000f000 0 00 00000000 0 0 0 0000000000000003 ff000000 f ff000000 1 06 ff000000
0000000000000003 108106060000f000 0 00 00000000 0 0 0 0000000000000004 ff000000 f ff000000 1 06 ff000000
0000000000000004 3411040000004000 0 00 00000000 0 0 0 0000000000000005 ff000000 4 14000000 1 04 14000000
0000000000000005 10710305003ff000 0 00 00000000 0 0 0 0000000000000006 ff000000 f ff000000 1 03 ff000000
0000000000000006 340004050000f000 0 00 00000000 0 0 0 0000000000000007 ff000000 f ff000000 1 04 ff000000
0000000000000007 105006060600f000 0 00 00000000 0 0 0 0000000000000008 ff000000 f ff000000 1 06 ff000000
0000000000000008 00131600ffffff00 1 16 ffffffff 0 0 0 0000000000000009 ff000000 f ff000000 0 00 ff000000
0000000000000009 342006160000f000 0 00 00000000 0 0 0 000000000000000a ff000000 f ff000000 1 06 ff000000
000000000000000a 108102060010f000 0 00 00000000 0 0 0 000000000000000b ff000000 f ff000000 1 02 ff000000
000000000000000b 340002030000f000 0 00 00000000 0 0 0 000000000000000c ff000000 f ff000000 1 02 ff000000
000000000000000c 104005030600f000 0 00 00000000 0 0 0 000000000000000d ff000000 f ff000000 1 05 ff000000
000000000000000d 107102050020f000 0 00 00000000 0 0 0 000000000000000e ff000000 f ff000000 1 02 ff000000
000000000000000e 0013160000000100 1 16 00000001 0 0 0 000000000000000f ff000000 f ff000000 0 00 ff000000
000000000000000f 342005160000f000 0 00 00000000 0 0 0 0000000000000010 ff000000 f ff000000 1 05 ff000000
0000000000000010 108106050020f000 0 00 00000000 0 0 0 0000000000000011 ff000000 f ff000000 1 06 ff000000
0000000000000011 340004060000f000 0 00 00000000 0 0 0 0000000000000012 ff000000 f ff000000 1 04 ff000000
0000000000000012 105102057ffff000 0 00 00000000 0 0 0 0000000000000013 ff000000 f ff000000 1 02 ff000000
0000000000000013 340003020000c000 0 00 00000000 0 0 0 0000000000000014 ff000000 c 80000000 1 03 80000000
0000000000000014 1000030605000000 0 00 00000000 0 0 0 0000000000000015 ff000000 0 e9000000 1 03 e9000000
0000000000000015 343003000000d000 0 00 00000000 0 0 0 0000000000000016 ff000000 d 00000000 1 03 00000000
0000000000000016 10610203000df000 0 00 00000000 0 0 0 0000000000000017 ff000000 f ff000000 1 02 ff000000
0000000000000017 106105060000f000 0 00 00000000 0 0 0 0000000000000018 ff000000 f ff000000 1 05 ff000000
0000000000000018 340004030000f000 0 00 00000000 0 0 0 0000000000000019 ff000000 f ff000000 1 04 ff000000
0000000000000019 107103040000f000 0 00 00000000 0 0 0 000000000000001a ff000000 f ff000000 1 03 ff000000
000000000000001a 105003030600f000 0 00 00000000 0 0 0 000000000000001b ff000000 f ff000000 1 03 ff000000
000000000000001b 00131e0000000200 1 1e 00000002 0 0 0 000000000000001c ff000000 f ff000000 0 00 ff000000
000000000000001c 0023171700000100 1 17 00000001 0 0 0 000000000000001d ff000000 f ff000000 0 00 ff000000
000000000000001d 00731e1e00000100 1 1e 00000001 0 0 0 000000000000001e ff000000 f ff000000 0 00 ff000000
000000000000001e 0013180000000000 1 18 00000000 0 0 0 000000000000001f ff000000 f ff000000 0 00 ff000000
000000000000001f 0102001e18000000 0 00 00000000 4 0 0 0000000000000020 ff000000 f ff000000 0 00 ff000000
0000000000000020 0215fffffb040000 0 00 00000000 4 0 1 000000000000001c ff000000 f ff000000 0 00 ff000000
000000000000001c 0023171700000100 1 17 00000002 4 0 0 000000000000001d ff000000 f ff000000 0 00 ff000000
000000000000001d 00731e1e00000100 1 1e 00000000 4 0 0 000000000000001e ff000000 f ff000000 0 00 ff000000
000000000000001e 0013180000000000 1 18 00000000 4 0 0 000000000000001f ff000000 f ff000000 0 00 ff000000
000000000000001f 0102001e18000000 0 00 00000000 5 1 0 0000000000000020 ff000000 f ff000000 0 00 ff000000
0000000000000020 0215fffffb040000 0 00 00000000 5 1 0 0000000000000021 ff000000 f ff000000 0 00 ff000000
0000000000000021 7cf5000000000000 0 00 00000000 5 1 0 0000000000000022 ff000000 f ff000000 0 00 ff000000
DONE retired=39 fault=00 pc=0000000000000021
