0000000000000000 343001000000f000 0 00 00000000 0 0 0 0 0 0 0000000000000001 ffffffff f ffffffff 1 01
0000000000000001 341107000001f000 0 00 00000000 0 0 0 0 0 0 0000000000000002 ffffffff f ffffffff 1 07
0000000000000002 34110c000003f000 0 00 00000000 0 0 0 0 0 0 0000000000000003 ffffffff f ffffffff 1 0c
0000000000000003 3029701070000000 0 00 00000000 0 0 0 0 0 0 0000000000000004 ffffffff f ffffffff 0 00
0000000000000004 7c15000003700049 0 00 00000000 0 0 0 0 0 0 0000000000000005 00000001 f 00000001 0 00
0000000000000005 11000c040c00f000 0 00 00000000 0 0 0 0 0 0 0000000000000006 00000001 f 00000001 1 0c
0000000000000006 110005030c00f000 0 00 00000000 0 0 0 0 0 0 0000000000000007 00000001 f 00000001 1 05
0000000000000007 0205000046000000 0 00 00000000 0 0 0 0 0 1 000000000000004e 00000001 f 00000001 0 00
000000000000004e 7c25000000000000 0 00 00000000 0 0 0 0 0 0 0000000000000008 fffffffe f fffffffe 0 00
0000000000000008 3019901070000000 0 00 00000000 0 0 0 0 0 0 0000000000000009 fffffffe f fffffffe 0 00
0000000000000009 7c15000037900038 0 00 00000000 0 0 0 0 0 0 000000000000000a fffffffc f fffffffc 0 00
000000000000000a 300920a070000000 0 00 00000000 0 0 0 0 0 0 000000000000000b fffffffc f fffffffc 0 00
000000000000000b 7c15000031200033 0 00 00000000 0 0 0 0 0 0 000000000000003d fffffffc f fffffffc 0 00
000000000000003d 10100c030700f000 0 00 00000000 0 0 0 0 0 0 000000000000003e fffffffc f fffffffc 1 0c
000000000000003e 34110400000bf000 0 00 00000000 0 0 0 0 0 0 000000000000003f fffffffc f fffffffc 1 04
000000000000003f 7c25000000000000 0 00 00000000 0 0 0 0 0 0 0000000000000040 fffffffc f fffffffc 0 00
0000000000000040 0205000001000000 0 00 00000000 0 0 0 0 0 1 0000000000000042 fffffffc f fffffffc 0 00
0000000000000042 7c25000000000000 0 00 00000000 0 0 0 0 0 0 0000000000000041 00000002 f 00000002 0 00
0000000000000041 105003010c00f000 0 00 00000000 0 0 0 0 0 0 0000000000000042 00000002 f 00000002 1 03
0000000000000042 7c25000000000000 0 00 00000000 0 0 0 0 0 0 0000000000000043 fffffffe f fffffffe 0 00
0000000000000043 34110d000000f000 0 00 00000000 0 0 0 0 0 0 0000000000000044 fffffffe f fffffffe 1 0d
0000000000000044 10300c010d00f000 0 00 00000000 0 0 0 0 0 0 0000000000000045 fffffffe f fffffffe 1 0c
0000000000000045 10000c0c0700f000 0 00 00000000 0 0 0 0 0 0 0000000000000046 fffffffe f fffffffe 1 0c
0000000000000046 34110a000000f000 0 00 00000000 0 0 0 0 0 0 0000000000000047 fffffffe f fffffffe 1 0a
0000000000000047 7c85000005000000 0 00 00000000 0 0 0 0 0 0 0000000000000048 fffffffe f fffffffe 0 00
0000000000000048 3059e0a0c0000000 0 00 00000000 0 0 0 0 0 0 0000000000000049 fffffffe f fffffffe 0 00
0000000000000049 3029d0a0c0000000 0 00 00000000 0 0 0 0 0 0 000000000000004a fffffffe f fffffffe 0 00
000000000000004a 11000c010700f000 0 00 00000000 0 0 0 0 0 0 000000000000004b fffffffe f fffffffe 1 0c
000000000000004b 7cb5000000e00000 0 00 00000000 0 0 0 0 0 0 000000000000004c fffffffe f fffffffe 0 00
000000000000004c 10000a0a0700f000 0 00 00000000 0 0 0 0 0 0 000000000000004d fffffffe f fffffffe 1 0a
000000000000004d 7c95fffffad00000 0 00 00000000 0 0 0 0 0 0 0000000000000048 fffffffe f fffffffe 0 00
0000000000000048 3059e0a0c0000000 0 00 00000000 0 0 0 0 0 0 0000000000000049 fffffffe f fffffffe 0 00
0000000000000049 3029d0a0c0000000 0 00 00000000 0 0 0 0 0 0 000000000000004a fffffffe f fffffffe 0 00
000000000000004a 11000c010700f000 0 00 00000000 0 0 0 0 0 0 000000000000004b fffffffe f fffffffe 1 0c
000000000000004d 7cb5000000e00000 0 00 00000000 0 0 0 0 0 0 000000000000004c 00000000 f 00000000 0 00
000000000000004d 7c95fffffad00000 0 00 00000000 0 0 0 0 0 0 000000000000004e fffffffe f fffffffe 0 00
000000000000004e 7c25000000000000 0 00 00000000 0 0 0 0 0 0 000000000000004f ffffffff f ffffffff 0 00
000000000000004f 7cf5000000000000 0 00 00000000 0 0 0 0 0 0 0000000000000050 ffffffff f ffffffff 0 00
