0000000000000000 00131d0000000000 1 1d 00000000 0 0 0 0000000000000001
0000000000000001 00a2070d0e000000 1 07 00000000 0 0 0 0000000000000002
0000000000000002 00920b1300000000 1 0b ffffffff 0 0 0 0000000000000003
0000000000000003 0013040056ada600 1 04 0056ada6 0 0 0 0000000000000004
0000000000000004 0122000108000000 0 00 00000000 5 0 0 0000000000000005
0000000000000005 0215000002020000 0 00 00000000 5 0 1 0000000000000008
0000000000000008 00730f08aaaaaa00 1 0f 00555556 5 0 0 0000000000000009
0000000000000009 0013050048e48a00 1 05 0048e48a 5 0 0 000000000000000a
000000000000000a 00630f0e00002100 1 0f 00000000 5 0 0 000000000000000b
000000000000000b 8506000000000000 0 00 00000000 5 0 0 000000000000000c
000000000000000c 00b3070400001d00 1 07 00000000 5 0 0 000000000000000d
000000000000000d 0063081200002100 1 08 00000000 5 0 0 000000000000000e
000000000000000e 00130c00aaaaaa00 1 0c ffaaaaaa 5 0 0 000000000000000f
000000000000000f 00920d0700000000 1 0d ffffffff 5 0 0 0000000000000010
0000000000000010 0112000a09000000 0 00 00000000 5 0 0 0000000000000011
0000000000000011 02150000010e0000 0 00 00000000 5 0 1 0000000000000013
0000000000000013 00131e0000000300 1 1e 00000003 5 0 0 0000000000000014
0000000000000014 0023151500000100 1 15 00000001 5 0 0 0000000000000015
0000000000000015 00731e1e00000100 1 1e 00000002 5 0 0 0000000000000016
0000000000000016 0102001e1d000000 0 00 00000000 4 0 0 0000000000000017
0000000000000017 0215fffffc040000 0 00 00000000 4 0 1 0000000000000014
0000000000000014 0023151500000100 1 15 00000002 4 0 0 0000000000000015
0000000000000015 00731e1e00000100 1 1e 00000001 4 0 0 0000000000000016
0000000000000016 0102001e1d000000 0 00 00000000 4 0 0 0000000000000017
0000000000000017 0215fffffc040000 0 00 00000000 4 0 1 0000000000000014
0000000000000014 0023151500000100 1 15 00000003 4 0 0 0000000000000015
0000000000000015 00731e1e00000100 1 1e 00000000 4 0 0 0000000000000016
0000000000000016 0102001e1d000000 0 00 00000000 5 1 0 0000000000000017
0000000000000017 0215fffffc040000 0 00 00000000 5 1 0 0000000000000018
0000000000000018 7cf5000000000000 0 00 00000000 5 1 0 0000000000000019
DONE retired=30 fault=00 pc=0000000000000018
