0000000000000000 0013140000004d00 1 14 0000004d 0 0 0 0000000000000001 3f0e50df f 3f0e50df 0 00 3f0e50df
0000000000000001 340002050000f000 0 00 00000000 0 0 0 0000000000000002 3f0e50df f 3f0e50df 1 02 3f0e50df
0000000000000002 0013160000000000 1 16 00000000 0 0 0 0000000000000003 3f0e50df f 3f0e50df 0 00 3f0e50df
0000000000000003 342006160000f000 0 00 00000000 0 0 0 0000000000000004 3f0e50df f 3f0e50df 1 06 3f0e50df
0000000000000004 10810206001ff000 0 00 00000000 0 0 0 0000000000000005 3f0e50df f 3f0e50df 1 02 3f0e50df
0000000000000005 102003030500c000 0 00 00000000 0 0 0 0000000000000006 3f0e50df c 3d0e504e 1 03 3d0e504e
0000000000000006 34110500fffff000 0 00 00000000 0 0 0 0000000000000007 3f0e50df f 3f0e50df 1 05 3f0e50df
0000000000000007 10710502000ff000 0 00 00000000 0 0 0 0000000000000008 3f0e50df f 3f0e50df 1 05 3f0e50df
0000000000000008 00131600ffffff00 1 16 ffffffff 0 0 0 0000000000000009 3f0e50df f 3f0e50df 0 00 3f0e50df
0000000000000009 342003160000f000 0 00 00000000 0 0 0 000000000000000a 3f0e50df f 3f0e50df 1 03 3f0e50df
000000000000000a 108104030008f000 0 00 00000000 0 0 0 000000000000000b 3f0e50df f 3f0e50df 1 04 3f0e50df
000000000000000b 1020060204002000 0 00 00000000 0 0 0 000000000000000c 3f0e50df 2 2e085015 1 06 2e085015
000000000000000c 10710203001cf000 0 00 00000000 0 0 0 000000000000000d 3f0e50df f 3f0e50df 1 02 3f0e50df
000000000000000d 104106068000f000 0 00 00000000 0 0 0 000000000000000e 3f0e50df f 3f0e50df 1 06 3f0e50df
000000000000000e 107104030020f000 0 00 00000000 0 0 0 000000000000000f 3f0e50df f 3f0e50df 1 04 3f0e50df
000000000000000f 103006050200f000 0 00 00000000 0 0 0 0000000000000010 3f0e50df f 3f0e50df 1 06 3f0e50df
0000000000000010 100004030500f000 0 00 00000000 0 0 0 0000000000000011 3f0e50df f 3f0e50df 1 04 3f0e50df
0000000000000011 3411030000004000 0 00 00000000 0 0 0 0000000000000012 3f0e50df 4 2a0a008a 1 03 2a0a008a
0000000000000012 340005030000f000 0 00 00000000 0 0 0 0000000000000013 3f0e50df f 3f0e50df 1 05 3f0e50df
0000000000000013 1000040204001000 0 00 00000000 0 0 0 0000000000000014 3f0e50df 1 3f0e50df 1 04 3f0e50df
0000000000000014 340006040000d000 0 00 00000000 0 0 0 0000000000000015 3f0e50df d 3f0e50df 1 06 3f0e50df
0000000000000015 106105040010f000 0 00 00000000 0 0 0 0000000000000016 3f0e50df f 3f0e50df 1 05 3f0e50df
0000000000000016 100102047ffff000 0 00 00000000 0 0 0 0000000000000017 3f0e50df f 3f0e50df 1 02 3f0e50df
0000000000000017 105004030300f000 0 00 00000000 0 0 0 0000000000000018 3f0e50df f 3f0e50df 1 04 3f0e50df
0000000000000018 00131600ffffff00 1 16 ffffffff 0 0 0 0000000000000019 3f0e50df f 3f0e50df 0 00 3f0e50df
0000000000000019 342002160000f000 0 00 00000000 0 0 0 000000000000001a 3f0e50df f 3f0e50df 1 02 3f0e50df
000000000000001a 108105020003f000 0 00 00000000 0 0 0 000000000000001b 3f0e50df f 3f0e50df 1 05 3f0e50df
000000000000001b 34110300690f0000 0 00 00000000 0 0 0 000000000000001c 3f0e50df 0 370a00d2 1 03 370a00d2
000000000000001c 341105002f62b000 0 00 00000000 0 0 0 000000000000001d 3f0e50df b 3f0e50df 1 05 3f0e50df
000000000000001d 107102060020f000 0 00 00000000 0 0 0 000000000000001e 3f0e50df f 3f0e50df 1 02 3f0e50df
000000000000001e 107104040000f000 0 00 00000000 0 0 0 000000000000001f 3f0e50df f 3f0e50df 1 04 3f0e50df
000000000000001f 100102027ffff000 0 00 00000000 0 0 0 0000000000000020 3f0e50df f 3f0e50df 1 02 3f0e50df
0000000000000020 101003020200f000 0 00 00000000 0 0 0 0000000000000021 3f0e50df f 3f0e50df 1 03 3f0e50df
0000000000000021 00131e0000000300 1 1e 00000003 0 0 0 0000000000000022 3f0e50df f 3f0e50df 0 00 3f0e50df
0000000000000022 0023171700000100 1 17 00000001 0 0 0 0000000000000023 3f0e50df f 3f0e50df 0 00 3f0e50df
0000000000000023 00731e1e00000100 1 1e 00000002 0 0 0 0000000000000024 3f0e50df f 3f0e50df 0 00 3f0e50df
0000000000000024 0013180000000000 1 18 00000000 0 0 0 0000000000000025 3f0e50df f 3f0e50df 0 00 3f0e50df
0000000000000025 0102001e18000000 0 00 00000000 4 0 0 0000000000000026 3f0e50df f 3f0e50df 0 00 3f0e50df
0000000000000026 0215fffffb040000 0 00 00000000 4 0 1 0000000000000022 3f0e50df f 3f0e50df 0 00 3f0e50df
0000000000000022 0023171700000100 1 17 00000002 4 0 0 0000000000000023 3f0e50df f 3f0e50df 0 00 3f0e50df
0000000000000023 00731e1e00000100 1 1e 00000001 4 0 0 0000000000000024 3f0e50df f 3f0e50df 0 00 3f0e50df
0000000000000024 0013180000000000 1 18 00000000 4 0 0 0000000000000025 3f0e50df f 3f0e50df 0 00 3f0e50df
0000000000000025 0102001e18000000 0 00 00000000 4 0 0 0000000000000026 3f0e50df f 3f0e50df 0 00 3f0e50df
0000000000000026 0215fffffb040000 0 00 00000000 4 0 1 0000000000000022 3f0e50df f 3f0e50df 0 00 3f0e50df
0000000000000022 0023171700000100 1 17 00000003 4 0 0 0000000000000023 3f0e50df f 3f0e50df 0 00 3f0e50df
0000000000000023 00731e1e00000100 1 1e 00000000 4 0 0 0000000000000024 3f0e50df f 3f0e50df 0 00 3f0e50df
0000000000000024 0013180000000000 1 18 00000000 4 0 0 0000000000000025 3f0e50df f 3f0e50df 0 00 3f0e50df
0000000000000025 0102001e18000000 0 00 00000000 5 1 0 0000000000000026 3f0e50df f 3f0e50df 0 00 3f0e50df
0000000000000026 0215fffffb040000 0 00 00000000 5 1 0 0000000000000027 3f0e50df f 3f0e50df 0 00 3f0e50df
0000000000000027 7cf5000000000000 0 00 00000000 5 1 0 0000000000000028 3f0e50df f 3f0e50df 0 00 3f0e50df
DONE retired=50 fault=00 pc=0000000000000027
