0000000000000000 0013140000004d00 1 14 0000004d 0 0 0 0000000000000001 ffffff80 f ffffff80 0 00 ffffff80
0000000000000001 103104038000f000 0 00 00000000 0 0 0 0000000000000002 ffffff80 f ffffff80 1 04 ffffff80
0000000000000002 0013150000000100 1 15 00000001 0 0 0 0000000000000003 ffffff80 f ffffff80 0 00 ffffff80
0000000000000003 342002150000f000 0 00 00000000 0 0 0 0000000000000004 ffffff80 f ffffff80 1 02 ffffff80
0000000000000004 00131600aaaaaa00 1 16 ffaaaaaa 0 0 0 0000000000000005 ffffff80 f ffffff80 0 00 ffffff80
0000000000000005 342005160000f000 0 00 00000000 0 0 0 0000000000000006 ffffff80 f ffffff80 1 05 ffffff80
0000000000000006 10810505003ff000 0 00 00000000 0 0 0 0000000000000007 ffffff80 f ffffff80 1 05 ffffff80
0000000000000007 100006030600e000 0 00 00000000 0 0 0 0000000000000008 ffffff80 e 5adcb880 1 06 5adcb880
0000000000000008 00131600ffffff00 1 16 ffffffff 0 0 0 0000000000000009 ffffff80 f ffffff80 0 00 ffffff80
0000000000000009 342003160000f000 0 00 00000000 0 0 0 000000000000000a ffffff80 f ffffff80 1 03 ffffff80
000000000000000a 10810403000ff000 0 00 00000000 0 0 0 000000000000000b ffffff80 f ffffff80 1 04 ffffff80
000000000000000b 0013150000000000 1 15 00000000 0 0 0 000000000000000c ffffff80 f ffffff80 0 00 ffffff80
000000000000000c 342003150000f000 0 00 00000000 0 0 0 000000000000000d ffffff80 f ffffff80 1 03 ffffff80
000000000000000d 106103020000f000 0 00 00000000 0 0 0 000000000000000e ffffff80 f ffffff80 1 03 ffffff80
000000000000000e 106102040020f000 0 00 00000000 0 0 0 000000000000000f ffffff80 f ffffff80 1 02 ffffff80
000000000000000f 103002060300f000 0 00 00000000 0 0 0 0000000000000010 ffffff80 f ffffff80 1 02 ffffff80
0000000000000010 103006040200f000 0 00 00000000 0 0 0 0000000000000011 ffffff80 f ffffff80 1 06 ffffff80
0000000000000011 0013160055555500 1 16 00555555 0 0 0 0000000000000012 ffffff80 f ffffff80 0 00 ffffff80
0000000000000012 342005160000f000 0 00 00000000 0 0 0 0000000000000013 ffffff80 f ffffff80 1 05 ffffff80
0000000000000013 108102050010f000 0 00 00000000 0 0 0 0000000000000014 ffffff80 f ffffff80 1 02 ffffff80
0000000000000014 343003000000f000 0 00 00000000 0 0 0 0000000000000015 ffffff80 f ffffff80 1 03 ffffff80
0000000000000015 107103030003f000 0 00 00000000 0 0 0 0000000000000016 ffffff80 f ffffff80 1 03 ffffff80
0000000000000016 107106060000f000 0 00 00000000 0 0 0 0000000000000017 ffffff80 f ffffff80 1 06 ffffff80
0000000000000017 00131500aaaaaa00 1 15 ffaaaaaa 0 0 0 0000000000000018 ffffff80 f ffffff80 0 00 ffffff80
0000000000000018 3420061500009000 0 00 00000000 0 0 0 0000000000000019 ffffff80 9 aaaaaa80 1 06 aaaaaa80
0000000000000019 00131600aaaaaa00 1 16 ffaaaaaa 0 0 0 000000000000001a ffffff80 f ffffff80 0 00 ffffff80
000000000000001a 342004160000f000 0 00 00000000 0 0 0 000000000000001b ffffff80 f ffffff80 1 04 ffffff80
000000000000001b 108102040010f000 0 00 00000000 0 0 0 000000000000001c ffffff80 f ffffff80 1 02 ffffff80
000000000000001c 340002030000f000 0 00 00000000 0 0 0 000000000000001d ffffff80 f ffffff80 1 02 ffffff80
000000000000001d 341104004f67f000 0 00 00000000 0 0 0 000000000000001e ffffff80 f ffffff80 1 04 ffffff80
000000000000001e 0013150000000100 1 15 00000001 0 0 0 000000000000001f ffffff80 f ffffff80 0 00 ffffff80
000000000000001f 342002150000d000 0 00 00000000 0 0 0 0000000000000020 ffffff80 d f18d8800 1 02 f18d8800
0000000000000020 340003030000f000 0 00 00000000 0 0 0 0000000000000021 ffffff80 f ffffff80 1 03 ffffff80
0000000000000021 101004040400f000 0 00 00000000 0 0 0 0000000000000022 ffffff80 f ffffff80 1 04 ffffff80
0000000000000022 101005060300f000 0 00 00000000 0 0 0 0000000000000023 ffffff80 f ffffff80 1 05 ffffff80
0000000000000023 0013160000000000 1 16 00000000 0 0 0 0000000000000024 ffffff80 f ffffff80 0 00 ffffff80
0000000000000024 342006160000f000 0 00 00000000 0 0 0 0000000000000025 ffffff80 f ffffff80 1 06 ffffff80
0000000000000025 108103060026f000 0 00 00000000 0 0 0 0000000000000026 ffffff80 f ffffff80 1 03 ffffff80
0000000000000026 00131e0000000300 1 1e 00000003 0 0 0 0000000000000027 ffffff80 f ffffff80 0 00 ffffff80
0000000000000027 0023171700000100 1 17 00000001 0 0 0 0000000000000028 ffffff80 f ffffff80 0 00 ffffff80
0000000000000028 00731e1e00000100 1 1e 00000002 0 0 0 0000000000000029 ffffff80 f ffffff80 0 00 ffffff80
0000000000000029 0013180000000000 1 18 00000000 0 0 0 000000000000002a ffffff80 f ffffff80 0 00 ffffff80
000000000000002a 0102001e18000000 0 00 00000000 4 0 0 000000000000002b ffffff80 f ffffff80 0 00 ffffff80
000000000000002b 0215fffffb040000 0 00 00000000 4 0 1 0000000000000027 ffffff80 f ffffff80 0 00 ffffff80
0000000000000027 0023171700000100 1 17 00000002 4 0 0 0000000000000028 ffffff80 f ffffff80 0 00 ffffff80
0000000000000028 00731e1e00000100 1 1e 00000001 4 0 0 0000000000000029 ffffff80 f ffffff80 0 00 ffffff80
0000000000000029 0013180000000000 1 18 00000000 4 0 0 000000000000002a ffffff80 f ffffff80 0 00 ffffff80
000000000000002a 0102001e18000000 0 00 00000000 4 0 0 000000000000002b ffffff80 f ffffff80 0 00 ffffff80
000000000000002b 0215fffffb040000 0 00 00000000 4 0 1 0000000000000027 ffffff80 f ffffff80 0 00 ffffff80
0000000000000027 0023171700000100 1 17 00000003 4 0 0 0000000000000028 ffffff80 f ffffff80 0 00 ffffff80
0000000000000028 00731e1e00000100 1 1e 00000000 4 0 0 0000000000000029 ffffff80 f ffffff80 0 00 ffffff80
0000000000000029 0013180000000000 1 18 00000000 4 0 0 000000000000002a ffffff80 f ffffff80 0 00 ffffff80
000000000000002a 0102001e18000000 0 00 00000000 5 1 0 000000000000002b ffffff80 f ffffff80 0 00 ffffff80
000000000000002b 0215fffffb040000 0 00 00000000 5 1 0 000000000000002c ffffff80 f ffffff80 0 00 ffffff80
000000000000002c 7cf5000000000000 0 00 00000000 5 1 0 000000000000002d ffffff80 f ffffff80 0 00 ffffff80
DONE retired=55 fault=00 pc=000000000000002c
