0000000000000000 00131d0000000000 1 1d 00000000 0 0 0 0000000000000001
0000000000000001 0092110f00000000 1 11 ffffffff 0 0 0 0000000000000002
0000000000000002 003209030e000000 1 09 00000000 0 0 0 0000000000000003
0000000000000003 8506000000000000 0 00 00000000 0 0 0 0000000000000004
0000000000000004 001305003b7a0600 1 05 003b7a06 0 0 0 0000000000000005
0000000000000005 00b3100a00000a00 1 10 00000000 0 0 0 0000000000000006
0000000000000006 012200060f000000 0 00 00000000 5 0 0 0000000000000007
0000000000000007 0215000001010000 0 00 00000000 5 0 0 0000000000000008
0000000000000008 8506000000000000 0 00 00000000 5 0 0 0000000000000009
0000000000000009 0023140878e13300 1 14 0078e133 5 0 0 000000000000000a
000000000000000a 0072040e05000000 1 04 ffc485fa 5 0 0 000000000000000b
000000000000000b 8506000000000000 0 00 00000000 5 0 0 000000000000000c
000000000000000c 0022111413000000 1 11 0078e133 5 0 0 000000000000000d
000000000000000d 0023010755555500 1 01 00555555 5 0 0 000000000000000e
000000000000000e 00731008ffffff00 1 10 00000001 5 0 0 000000000000000f
000000000000000f 00730905ffffff00 1 09 003b7a07 5 0 0 0000000000000010
0000000000000010 00131400e5302a00 1 14 ffe5302a 5 0 0 0000000000000011
0000000000000011 00b20b0106000000 1 0b 00555555 5 0 0 0000000000000012
0000000000000012 0112000a02000000 0 00 00000000 5 0 0 0000000000000013
0000000000000013 02150000030d0000 0 00 00000000 5 0 0 0000000000000014
0000000000000014 8506000000000000 0 00 00000000 5 0 0 0000000000000015
0000000000000015 8506000000000000 0 00 00000000 5 0 0 0000000000000016
0000000000000016 8506000000000000 0 00 00000000 5 0 0 0000000000000017
0000000000000017 00130200c3fa3a00 1 02 ffc3fa3a 5 0 0 0000000000000018
0000000000000018 012200020f000000 0 00 00000000 6 0 0 0000000000000019
0000000000000019 02150000030e0000 0 00 00000000 6 0 1 000000000000001d
000000000000001d 0013060073de6b00 1 06 0073de6b 6 0 0 000000000000001e
000000000000001e 0112000705000000 0 00 00000000 2 1 0 000000000000001f
000000000000001f 02150000020e0000 0 00 00000000 2 1 0 0000000000000020
0000000000000020 8506000000000000 0 00 00000000 2 1 0 0000000000000021
0000000000000021 8506000000000000 0 00 00000000 2 1 0 0000000000000022
0000000000000022 00b30b0700000a00 1 0b 00000000 2 1 0 0000000000000023
0000000000000023 00230a06aaaaaa00 1 0a 001e8915 2 1 0 0000000000000024
0000000000000024 0072130910000000 1 13 003b7a06 2 1 0 0000000000000025
0000000000000025 00a20e020c000000 1 0e ffc3fa3a 2 1 0 0000000000000026
0000000000000026 00130100cc737c00 1 01 ffcc737c 2 1 0 0000000000000027
0000000000000027 005203040c000000 1 03 ffc485fa 2 1 0 0000000000000028
0000000000000028 0013060055555500 1 06 00555555 2 1 0 0000000000000029
0000000000000029 0052141109000000 1 14 007bfb37 2 1 0 000000000000002a
000000000000002a 00130b00e31d5d00 1 0b ffe31d5d 2 1 0 000000000000002b
000000000000002b 00b2140d01000000 1 14 00000000 2 1 0 000000000000002c
000000000000002c 011200130f000000 0 00 00000000 4 0 0 000000000000002d
000000000000002d 02150000030b0000 0 00 00000000 4 0 0 000000000000002e
000000000000002e 8506000000000000 0 00 00000000 4 0 0 000000000000002f
000000000000002f 8506000000000000 0 00 00000000 4 0 0 0000000000000030
0000000000000030 8506000000000000 0 00 00000000 4 0 0 0000000000000031
0000000000000031 0022080507000000 1 08 003b7a06 4 0 0 0000000000000032
0000000000000032 00220c0a0c000000 1 0c 001e8915 4 0 0 0000000000000033
0000000000000033 0073110400000100 1 11 ffc485f9 4 0 0 0000000000000034
0000000000000034 8506000000000000 0 00 00000000 4 0 0 0000000000000035
0000000000000035 011200140d000000 0 00 00000000 5 0 0 0000000000000036
0000000000000036 0215000003040000 0 00 00000000 5 0 0 0000000000000037
0000000000000037 8506000000000000 0 00 00000000 5 0 0 0000000000000038
0000000000000038 8506000000000000 0 00 00000000 5 0 0 0000000000000039
0000000000000039 8506000000000000 0 00 00000000 5 0 0 000000000000003a
000000000000003a 0306000000000d00 1 0d 00000000 5 0 0 000000000000003b
000000000000003b 8506000000000000 0 00 00000000 5 0 0 000000000000003c
000000000000003c 0102001304000000 0 00 00000000 0 0 0 000000000000003d
000000000000003d 02150000030e0000 0 00 00000000 0 0 0 000000000000003e
000000000000003e 8506000000000000 0 00 00000000 0 0 0 000000000000003f
000000000000003f 8506000000000000 0 00 00000000 0 0 0 0000000000000040
0000000000000040 8506000000000000 0 00 00000000 0 0 0 0000000000000041
0000000000000041 00131e0000000300 1 1e 00000003 0 0 0 0000000000000042
0000000000000042 0023151500000100 1 15 00000001 0 0 0 0000000000000043
0000000000000043 00731e1e00000100 1 1e 00000002 0 0 0 0000000000000044
0000000000000044 0102001e1d000000 0 00 00000000 4 0 0 0000000000000045
0000000000000045 0215fffffc040000 0 00 00000000 4 0 1 0000000000000042
0000000000000042 0023151500000100 1 15 00000002 4 0 0 0000000000000043
0000000000000043 00731e1e00000100 1 1e 00000001 4 0 0 0000000000000044
0000000000000044 0102001e1d000000 0 00 00000000 4 0 0 0000000000000045
0000000000000045 0215fffffc040000 0 00 00000000 4 0 1 0000000000000042
0000000000000042 0023151500000100 1 15 00000003 4 0 0 0000000000000043
0000000000000043 00731e1e00000100 1 1e 00000000 4 0 0 0000000000000044
0000000000000044 0102001e1d000000 0 00 00000000 5 1 0 0000000000000045
0000000000000045 0215fffffc040000 0 00 00000000 5 1 0 0000000000000046
0000000000000046 7cf5000000000000 0 00 00000000 5 1 0 0000000000000047
DONE retired=76 fault=00 pc=0000000000000046
