0000000000000000 00131d0000000000 1 1d 00000000 0 0 0 0000000000000001
0000000000000001 00420d0704000000 1 0d 00000000 0 0 0 0000000000000002
0000000000000002 0306000000000100 1 01 00000000 0 0 0 0000000000000003
0000000000000003 011200090b000000 0 00 00000000 5 0 0 0000000000000004
0000000000000004 02150000010b0000 0 00 00000000 5 0 0 0000000000000005
0000000000000005 8506000000000000 0 00 00000000 5 0 0 0000000000000006
0000000000000006 00b2011310000000 1 01 00000000 5 0 0 0000000000000007
0000000000000007 00b30b0800002000 1 0b 00000000 5 0 0 0000000000000008
0000000000000008 0052060204000000 1 06 00000000 5 0 0 0000000000000009
0000000000000009 0062070c03000000 1 07 00000000 5 0 0 000000000000000a
000000000000000a 0092041200000000 1 04 ffffffff 5 0 0 000000000000000b
000000000000000b 8506000000000000 0 00 00000000 5 0 0 000000000000000c
000000000000000c 0122000e0e000000 0 00 00000000 5 0 0 000000000000000d
000000000000000d 0215000002010000 0 00 00000000 5 0 0 000000000000000e
000000000000000e 8506000000000000 0 00 00000000 5 0 0 000000000000000f
000000000000000f 8506000000000000 0 00 00000000 5 0 0 0000000000000010
0000000000000010 8506000000000000 0 00 00000000 5 0 0 0000000000000011
0000000000000011 8506000000000000 0 00 00000000 5 0 0 0000000000000012
0000000000000012 0092070f00000000 1 07 ffffffff 5 0 0 0000000000000013
0000000000000013 0072130a05000000 1 13 00000000 5 0 0 0000000000000014
0000000000000014 00920a0e00000000 1 0a ffffffff 5 0 0 0000000000000015
0000000000000015 00a3060300001100 1 06 00000000 5 0 0 0000000000000016
0000000000000016 010200020c000000 0 00 00000000 5 1 0 0000000000000017
0000000000000017 0215000003020000 0 00 00000000 5 1 0 0000000000000018
0000000000000018 8506000000000000 0 00 00000000 5 1 0 0000000000000019
0000000000000019 8506000000000000 0 00 00000000 5 1 0 000000000000001a
000000000000001a 8506000000000000 0 00 00000000 5 1 0 000000000000001b
000000000000001b 0022070506000000 1 07 00000000 5 1 0 000000000000001c
000000000000001c 00130b00f8a89800 1 0b fff8a898 5 1 0 000000000000001d
000000000000001d 0082030814000000 1 03 00000000 5 1 0 000000000000001e
000000000000001e 00130a007b440f00 1 0a 007b440f 5 1 0 000000000000001f
000000000000001f 0306000000000400 1 04 00000000 5 1 0 0000000000000020
0000000000000020 0022050207000000 1 05 00000000 5 1 0 0000000000000021
0000000000000021 00a3030a00000000 1 03 007b440f 5 1 0 0000000000000022
0000000000000022 0102000514000000 0 00 00000000 5 1 0 0000000000000023
0000000000000023 02150000030d0000 0 00 00000000 5 1 0 0000000000000024
0000000000000024 8506000000000000 0 00 00000000 5 1 0 0000000000000025
0000000000000025 8506000000000000 0 00 00000000 5 1 0 0000000000000026
0000000000000026 8506000000000000 0 00 00000000 5 1 0 0000000000000027
0000000000000027 8506000000000000 0 00 00000000 5 1 0 0000000000000028
0000000000000028 00730712715bae00 1 07 ff8ea452 5 1 0 0000000000000029
0000000000000029 00131100420e1d00 1 11 00420e1d 5 1 0 000000000000002a
000000000000002a 00131000aaaaaa00 1 10 ffaaaaaa 5 1 0 000000000000002b
000000000000002b 00131e0000000200 1 1e 00000002 5 1 0 000000000000002c
000000000000002c 0023151500000100 1 15 00000001 5 1 0 000000000000002d
000000000000002d 00731e1e00000100 1 1e 00000001 5 1 0 000000000000002e
000000000000002e 0102001e1d000000 0 00 00000000 4 0 0 000000000000002f
000000000000002f 0215fffffc040000 0 00 00000000 4 0 1 000000000000002c
000000000000002c 0023151500000100 1 15 00000002 4 0 0 000000000000002d
000000000000002d 00731e1e00000100 1 1e 00000000 4 0 0 000000000000002e
000000000000002e 0102001e1d000000 0 00 00000000 5 1 0 000000000000002f
000000000000002f 0215fffffc040000 0 00 00000000 5 1 0 0000000000000030
0000000000000030 7cf5000000000000 0 00 00000000 5 1 0 0000000000000031
DONE retired=53 fault=00 pc=0000000000000030
