0000000000000000 0013140000004d00 1 14 0000004d 0 0 0 0000000000000001 66ded2cc f 66ded2cc 0 00 66ded2cc
0000000000000001 0013160000000000 1 16 00000000 0 0 0 0000000000000002 66ded2cc f 66ded2cc 0 00 66ded2cc
0000000000000002 342004160000f000 0 00 00000000 0 0 0 0000000000000003 66ded2cc f 66ded2cc 1 04 66ded2cc
0000000000000003 108105040022f000 0 00 00000000 0 0 0 0000000000000004 66ded2cc f 66ded2cc 1 05 66ded2cc
0000000000000004 10610404003ff000 0 00 00000000 0 0 0 0000000000000005 66ded2cc f 66ded2cc 1 04 66ded2cc
0000000000000005 102005020600f000 0 00 00000000 0 0 0 0000000000000006 66ded2cc f 66ded2cc 1 05 66ded2cc
0000000000000006 34110400fffff000 0 00 00000000 0 0 0 0000000000000007 66ded2cc f 66ded2cc 1 04 66ded2cc
0000000000000007 00131500aaaaaa00 1 15 ffaaaaaa 0 0 0 0000000000000008 66ded2cc f 66ded2cc 0 00 66ded2cc
0000000000000008 342006150000f000 0 00 00000000 0 0 0 0000000000000009 66ded2cc f 66ded2cc 1 06 66ded2cc
0000000000000009 106102030010f000 0 00 00000000 0 0 0 000000000000000a 66ded2cc f 66ded2cc 1 02 66ded2cc
000000000000000a 1030060506002000 0 00 00000000 0 0 0 000000000000000b 66ded2cc 2 00000000 1 06 00000000
000000000000000b 341106007ffff000 0 00 00000000 0 0 0 000000000000000c 66ded2cc f 66ded2cc 1 06 66ded2cc
000000000000000c 00131600ffffff00 1 16 ffffffff 0 0 0 000000000000000d 66ded2cc f 66ded2cc 0 00 66ded2cc
000000000000000d 342002160000f000 0 00 00000000 0 0 0 000000000000000e 66ded2cc f 66ded2cc 1 02 66ded2cc
000000000000000e 108102020010f000 0 00 00000000 0 0 0 000000000000000f 66ded2cc f 66ded2cc 1 02 66ded2cc
000000000000000f 106104060010f000 0 00 00000000 0 0 0 0000000000000010 66ded2cc f 66ded2cc 1 04 66ded2cc
0000000000000010 105003020300f000 0 00 00000000 0 0 0 0000000000000011 66ded2cc f 66ded2cc 1 03 66ded2cc
0000000000000011 340006050000f000 0 00 00000000 0 0 0 0000000000000012 66ded2cc f 66ded2cc 1 06 66ded2cc
0000000000000012 341102008000f000 0 00 00000000 0 0 0 0000000000000013 66ded2cc f 66ded2cc 1 02 66ded2cc
0000000000000013 1000050305002000 0 00 00000000 0 0 0 0000000000000014 66ded2cc 2 00000000 1 05 00000000
0000000000000014 0013160000000000 1 16 00000000 0 0 0 0000000000000015 66ded2cc f 66ded2cc 0 00 66ded2cc
0000000000000015 342004160000f000 0 00 00000000 0 0 0 0000000000000016 66ded2cc f 66ded2cc 1 04 66ded2cc
0000000000000016 10810604003ff000 0 00 00000000 0 0 0 0000000000000017 66ded2cc f 66ded2cc 1 06 66ded2cc
0000000000000017 104104035489f000 0 00 00000000 0 0 0 0000000000000018 66ded2cc f 66ded2cc 1 04 66ded2cc
0000000000000018 0013150000000000 1 15 00000000 0 0 0 0000000000000019 66ded2cc f 66ded2cc 0 00 66ded2cc
0000000000000019 342002150000f000 0 00 00000000 0 0 0 000000000000001a 66ded2cc f 66ded2cc 1 02 66ded2cc
000000000000001a 10610504000ff000 0 00 00000000 0 0 0 000000000000001b 66ded2cc f 66ded2cc 1 05 66ded2cc
000000000000001b 107103040021f000 0 00 00000000 0 0 0 000000000000001c 66ded2cc f 66ded2cc 1 03 66ded2cc
000000000000001c 105004050500f000 0 00 00000000 0 0 0 000000000000001d 66ded2cc f 66ded2cc 1 04 66ded2cc
000000000000001d 340005040000f000 0 00 00000000 0 0 0 000000000000001e 66ded2cc f 66ded2cc 1 05 66ded2cc
000000000000001e 00131e0000000200 1 1e 00000002 0 0 0 000000000000001f 66ded2cc f 66ded2cc 0 00 66ded2cc
000000000000001f 0023171700000100 1 17 00000001 0 0 0 0000000000000020 66ded2cc f 66ded2cc 0 00 66ded2cc
0000000000000020 00731e1e00000100 1 1e 00000001 0 0 0 0000000000000021 66ded2cc f 66ded2cc 0 00 66ded2cc
0000000000000021 0013180000000000 1 18 00000000 0 0 0 0000000000000022 66ded2cc f 66ded2cc 0 00 66ded2cc
0000000000000022 0102001e18000000 0 00 00000000 4 0 0 0000000000000023 66ded2cc f 66ded2cc 0 00 66ded2cc
0000000000000023 0215fffffb040000 0 00 00000000 4 0 1 000000000000001f 66ded2cc f 66ded2cc 0 00 66ded2cc
000000000000001f 0023171700000100 1 17 00000002 4 0 0 0000000000000020 66ded2cc f 66ded2cc 0 00 66ded2cc
0000000000000020 00731e1e00000100 1 1e 00000000 4 0 0 0000000000000021 66ded2cc f 66ded2cc 0 00 66ded2cc
0000000000000021 0013180000000000 1 18 00000000 4 0 0 0000000000000022 66ded2cc f 66ded2cc 0 00 66ded2cc
0000000000000022 0102001e18000000 0 00 00000000 5 1 0 0000000000000023 66ded2cc f 66ded2cc 0 00 66ded2cc
0000000000000023 0215fffffb040000 0 00 00000000 5 1 0 0000000000000024 66ded2cc f 66ded2cc 0 00 66ded2cc
0000000000000024 7cf5000000000000 0 00 00000000 5 1 0 0000000000000025 66ded2cc f 66ded2cc 0 00 66ded2cc
DONE retired=42 fault=00 pc=0000000000000024
