0000000000000000 343001000000f000 0 00 00000000 0 0 0 0 0 0 0000000000000001 ffffffff f ffffffff 1 01
0000000000000001 341107000001f000 0 00 00000000 0 0 0 0 0 0 0000000000000002 ffffffff f ffffffff 1 07
0000000000000002 34110c000003f000 0 00 00000000 0 0 0 0 0 0 0000000000000003 ffffffff f ffffffff 1 0c
0000000000000003 34110d000001f000 0 00 00000000 0 0 0 0 0 0 0000000000000004 ffffffff f ffffffff 1 0d
0000000000000004 10300c010d00f000 0 00 00000000 0 0 0 0 0 0 0000000000000005 ffffffff f ffffffff 1 0c
0000000000000005 10000c0c0700f000 0 00 00000000 0 0 0 0 0 0 0000000000000006 ffffffff f ffffffff 1 0c
0000000000000006 34110a000000f000 0 00 00000000 0 0 0 0 0 0 0000000000000007 ffffffff f ffffffff 1 0a
0000000000000007 7c85000008000000 0 00 00000000 0 0 0 0 0 0 0000000000000008 ffffffff f ffffffff 0 00
0000000000000008 3059e0a0c0000000 0 00 00000000 0 0 0 0 0 0 0000000000000009 ffffffff f ffffffff 0 00
0000000000000009 3029d0a0c0000000 0 00 00000000 0 0 0 0 0 0 000000000000000a ffffffff f ffffffff 0 00
000000000000000a 3009901070000000 0 00 00000000 0 0 0 0 0 0 000000000000000b ffffffff f ffffffff 0 00
000000000000000b 7c15000000900001 0 00 00000000 0 0 0 0 0 0 000000000000000c 00000002 f 00000002 0 00
000000000000000c 0023060600000100 1 06 00000001 0 0 0 0 0 0 000000000000000d 00000002 f 00000002 0 00
000000000000000d 7c25000000000000 0 00 00000000 0 0 0 0 0 0 000000000000000c fffffffd f fffffffd 0 00
000000000000000c 0023060600000100 1 06 00000002 0 0 0 0 0 0 000000000000000d fffffffd f fffffffd 0 00
000000000000000d 7c25000000000000 0 00 00000000 0 0 0 0 0 0 000000000000000e ffffffff f ffffffff 0 00
000000000000000e 7cb5000000e00000 0 00 00000000 0 0 0 0 0 0 000000000000000f ffffffff f ffffffff 0 00
000000000000000f 10000a0a0700f000 0 00 00000000 0 0 0 0 0 0 0000000000000010 ffffffff f ffffffff 1 0a
0000000000000010 7c95fffff7d00000 0 00 00000000 0 0 0 0 0 0 0000000000000008 ffffffff f ffffffff 0 00
0000000000000008 3059e0a0c0000000 0 00 00000000 0 0 0 0 0 0 0000000000000009 ffffffff f ffffffff 0 00
0000000000000009 3029d0a0c0000000 0 00 00000000 0 0 0 0 0 0 000000000000000a ffffffff f ffffffff 0 00
000000000000000a 3009901070000000 0 00 00000000 0 0 0 0 0 0 000000000000000b ffffffff f ffffffff 0 00
000000000000000b 7c15000000900001 0 00 00000000 0 0 0 0 0 0 000000000000000c 00000002 f 00000002 0 00
000000000000000c 0023060600000100 1 06 00000003 0 0 0 0 0 0 000000000000000d 00000002 f 00000002 0 00
000000000000000d 7c25000000000000 0 00 00000000 0 0 0 0 0 0 000000000000000c fffffffd f fffffffd 0 00
000000000000000c 0023060600000100 1 06 00000004 0 0 0 0 0 0 000000000000000d fffffffd f fffffffd 0 00
000000000000000d 7c25000000000000 0 00 00000000 0 0 0 0 0 0 000000000000000e ffffffff f ffffffff 0 00
000000000000000e 7cb5000000e00000 0 00 00000000 0 0 0 0 0 0 000000000000000f aaaaaaaa f aaaaaaaa 0 00
000000000000000f 10000a0a0700f000 0 00 00000000 0 0 0 0 0 0 0000000000000010 aaaaaaaa f aaaaaaaa 1 0a
0000000000000010 7c95fffff7d00000 0 00 00000000 0 0 0 0 0 0 0000000000000008 aaaaaaaa f aaaaaaaa 0 00
0000000000000008 3059e0a0c0000000 0 00 00000000 0 0 0 0 0 0 0000000000000009 aaaaaaaa f aaaaaaaa 0 00
0000000000000009 3029d0a0c0000000 0 00 00000000 0 0 0 0 0 0 000000000000000a aaaaaaaa f aaaaaaaa 0 00
000000000000000a 3009901070000000 0 00 00000000 0 0 0 0 0 0 000000000000000b aaaaaaaa f aaaaaaaa 0 00
000000000000000b 7c15000000900001 0 00 00000000 0 0 0 0 0 0 000000000000000c 00000002 f 00000002 0 00
000000000000000c 0023060600000100 1 06 00000005 0 0 0 0 0 0 000000000000000d 00000002 f 00000002 0 00
000000000000000d 7c25000000000000 0 00 00000000 0 0 0 0 0 0 000000000000000c aaaaaaa8 f aaaaaaa8 0 00
000000000000000c 0023060600000100 1 06 00000006 0 0 0 0 0 0 000000000000000d aaaaaaa8 f aaaaaaa8 0 00
000000000000000d 7c25000000000000 0 00 00000000 0 0 0 0 0 0 000000000000000e aaaaaaaa f aaaaaaaa 0 00
0000000000000010 7cb5000000e00000 0 00 00000000 0 0 0 0 0 0 000000000000000f 00000000 f 00000000 0 00
0000000000000010 7c95fffff7d00000 0 00 00000000 0 0 0 0 0 0 0000000000000011 ffffffff f ffffffff 0 00
0000000000000011 7cf5000000000000 0 00 00000000 0 0 0 0 0 0 0000000000000012 ffffffff f ffffffff 0 00
