0000000000000000 0013140000004d00 1 14 0000004d 0 0 0 0000000000000001 3c508499 f 3c508499 0 00 3c508499
0000000000000001 103104030001f000 0 00 00000000 0 0 0 0000000000000002 3c508499 f 3c508499 1 04 3c508499
0000000000000002 00131600ffffff00 1 16 ffffffff 0 0 0 0000000000000003 3c508499 f 3c508499 0 00 3c508499
0000000000000003 342003160000f000 0 00 00000000 0 0 0 0000000000000004 3c508499 f 3c508499 1 03 3c508499
0000000000000004 108106030000f000 0 00 00000000 0 0 0 0000000000000005 3c508499 f 3c508499 1 06 3c508499
0000000000000005 340006050000f000 0 00 00000000 0 0 0 0000000000000006 3c508499 f 3c508499 1 06 3c508499
0000000000000006 340004030000f000 0 00 00000000 0 0 0 0000000000000007 3c508499 f 3c508499 1 04 3c508499
0000000000000007 341102003950d000 0 00 00000000 0 0 0 0000000000000008 3c508499 d 00000001 1 02 00000001
0000000000000008 00131500aaaaaa00 1 15 ffaaaaaa 0 0 0 0000000000000009 3c508499 f 3c508499 0 00 3c508499
0000000000000009 342002150000f000 0 00 00000000 0 0 0 000000000000000a 3c508499 f 3c508499 1 02 3c508499
000000000000000a 104004040500f000 0 00 00000000 0 0 0 000000000000000b 3c508499 f 3c508499 1 04 3c508499
000000000000000b 00131600aaaaaa00 1 16 ffaaaaaa 0 0 0 000000000000000c 3c508499 f 3c508499 0 00 3c508499
000000000000000c 342002160000f000 0 00 00000000 0 0 0 000000000000000d 3c508499 f 3c508499 1 02 3c508499
000000000000000d 10810602003ff000 0 00 00000000 0 0 0 000000000000000e 3c508499 f 3c508499 1 06 3c508499
000000000000000e 104003060400f000 0 00 00000000 0 0 0 000000000000000f 3c508499 f 3c508499 1 03 3c508499
000000000000000f 00131600ffffff00 1 16 ffffffff 0 0 0 0000000000000010 3c508499 f 3c508499 0 00 3c508499
0000000000000010 342002160000f000 0 00 00000000 0 0 0 0000000000000011 3c508499 f 3c508499 1 02 3c508499
0000000000000011 10810502003ff000 0 00 00000000 0 0 0 0000000000000012 3c508499 f 3c508499 1 05 3c508499
0000000000000012 10610605001ff000 0 00 00000000 0 0 0 0000000000000013 3c508499 f 3c508499 1 06 3c508499
0000000000000013 340004020000f000 0 00 00000000 0 0 0 0000000000000014 3c508499 f 3c508499 1 04 3c508499
0000000000000014 340002050000f000 0 00 00000000 0 0 0 0000000000000015 3c508499 f 3c508499 1 02 3c508499
0000000000000015 340002030000f000 0 00 00000000 0 0 0 0000000000000016 3c508499 f 3c508499 1 02 3c508499
0000000000000016 340005060000d000 0 00 00000000 0 0 0 0000000000000017 3c508499 d 00000001 1 05 00000001
0000000000000017 343004000000f000 0 00 00000000 0 0 0 0000000000000018 3c508499 f 3c508499 1 04 3c508499
0000000000000018 0013160000000000 1 16 00000000 0 0 0 0000000000000019 3c508499 f 3c508499 0 00 3c508499
0000000000000019 342003160000f000 0 00 00000000 0 0 0 000000000000001a 3c508499 f 3c508499 1 03 3c508499
000000000000001a 108106030001f000 0 00 00000000 0 0 0 000000000000001b 3c508499 f 3c508499 1 06 3c508499
000000000000001b 105006030300f000 0 00 00000000 0 0 0 000000000000001c 3c508499 f 3c508499 1 06 3c508499
000000000000001c 340005060000f000 0 00 00000000 0 0 0 000000000000001d 3c508499 f 3c508499 1 05 3c508499
000000000000001d 103005030200f000 0 00 00000000 0 0 0 000000000000001e 3c508499 f 3c508499 1 05 3c508499
000000000000001e 102002050500f000 0 00 00000000 0 0 0 000000000000001f 3c508499 f 3c508499 1 02 3c508499
000000000000001f 107102050009f000 0 00 00000000 0 0 0 0000000000000020 3c508499 f 3c508499 1 02 3c508499
0000000000000020 105003030500f000 0 00 00000000 0 0 0 0000000000000021 3c508499 f 3c508499 1 03 3c508499
0000000000000021 100006060200f000 0 00 00000000 0 0 0 0000000000000022 3c508499 f 3c508499 1 06 3c508499
0000000000000022 107104050020f000 0 00 00000000 0 0 0 0000000000000023 3c508499 f 3c508499 1 04 3c508499
0000000000000023 00131e0000000200 1 1e 00000002 0 0 0 0000000000000024 3c508499 f 3c508499 0 00 3c508499
0000000000000024 0023171700000100 1 17 00000001 0 0 0 0000000000000025 3c508499 f 3c508499 0 00 3c508499
0000000000000025 00731e1e00000100 1 1e 00000001 0 0 0 0000000000000026 3c508499 f 3c508499 0 00 3c508499
0000000000000026 0013180000000000 1 18 00000000 0 0 0 0000000000000027 3c508499 f 3c508499 0 00 3c508499
0000000000000027 0102001e18000000 0 00 00000000 4 0 0 0000000000000028 3c508499 f 3c508499 0 00 3c508499
0000000000000028 0215fffffb040000 0 00 00000000 4 0 1 0000000000000024 3c508499 f 3c508499 0 00 3c508499
0000000000000024 0023171700000100 1 17 00000002 4 0 0 0000000000000025 3c508499 f 3c508499 0 00 3c508499
0000000000000025 00731e1e00000100 1 1e 00000000 4 0 0 0000000000000026 3c508499 f 3c508499 0 00 3c508499
0000000000000026 0013180000000000 1 18 00000000 4 0 0 0000000000000027 3c508499 f 3c508499 0 00 3c508499
0000000000000027 0102001e18000000 0 00 00000000 5 1 0 0000000000000028 3c508499 f 3c508499 0 00 3c508499
0000000000000028 0215fffffb040000 0 00 00000000 5 1 0 0000000000000029 3c508499 f 3c508499 0 00 3c508499
0000000000000029 7cf5000000000000 0 00 00000000 5 1 0 000000000000002a 3c508499 f 3c508499 0 00 3c508499
DONE retired=47 fault=00 pc=0000000000000029
