0000000000000000 0013140000004d00 1 14 0000004d 0 0 0 0000000000000001 aaaaaaaa f aaaaaaaa 0 00 aaaaaaaa
0000000000000001 10610203001ff000 0 00 00000000 0 0 0 0000000000000002 aaaaaaaa f aaaaaaaa 1 02 aaaaaaaa
0000000000000002 343004000000f000 0 00 00000000 0 0 0 0000000000000003 aaaaaaaa f aaaaaaaa 1 04 aaaaaaaa
0000000000000003 00131600aaaaaa00 1 16 ffaaaaaa 0 0 0 0000000000000004 aaaaaaaa f aaaaaaaa 0 00 aaaaaaaa
0000000000000004 342003160000f000 0 00 00000000 0 0 0 0000000000000005 aaaaaaaa f aaaaaaaa 1 03 aaaaaaaa
0000000000000005 108102030020f000 0 00 00000000 0 0 0 0000000000000006 aaaaaaaa f aaaaaaaa 1 02 aaaaaaaa
0000000000000006 10610503001ff000 0 00 00000000 0 0 0 0000000000000007 aaaaaaaa f aaaaaaaa 1 05 aaaaaaaa
0000000000000007 00131600ffffff00 1 16 ffffffff 0 0 0 0000000000000008 aaaaaaaa f aaaaaaaa 0 00 aaaaaaaa
0000000000000008 342005160000f000 0 00 00000000 0 0 0 0000000000000009 aaaaaaaa f aaaaaaaa 1 05 aaaaaaaa
0000000000000009 10810205000ff000 0 00 00000000 0 0 0 000000000000000a aaaaaaaa f aaaaaaaa 1 02 aaaaaaaa
000000000000000a 3400050400000000 0 00 00000000 0 0 0 000000000000000b aaaaaaaa 0 aaaaaaaa 1 05 aaaaaaaa
000000000000000b 102004050600f000 0 00 00000000 0 0 0 000000000000000c aaaaaaaa f aaaaaaaa 1 04 aaaaaaaa
000000000000000c 343002000000f000 0 00 00000000 0 0 0 000000000000000d aaaaaaaa f aaaaaaaa 1 02 aaaaaaaa
000000000000000d 100003030300e000 0 00 00000000 0 0 0 000000000000000e aaaaaaaa e aaaaaaaa 1 03 aaaaaaaa
000000000000000e 102006030200f000 0 00 00000000 0 0 0 000000000000000f aaaaaaaa f aaaaaaaa 1 06 aaaaaaaa
000000000000000f 1020050304001000 0 00 00000000 0 0 0 0000000000000010 aaaaaaaa 1 80000000 1 05 80000000
0000000000000010 10610504003ff000 0 00 00000000 0 0 0 0000000000000011 aaaaaaaa f aaaaaaaa 1 05 aaaaaaaa
0000000000000011 102005050400f000 0 00 00000000 0 0 0 0000000000000012 aaaaaaaa f aaaaaaaa 1 05 aaaaaaaa
0000000000000012 00131500ffffff00 1 15 ffffffff 0 0 0 0000000000000013 aaaaaaaa f aaaaaaaa 0 00 aaaaaaaa
0000000000000013 342005150000f000 0 00 00000000 0 0 0 0000000000000014 aaaaaaaa f aaaaaaaa 1 05 aaaaaaaa
0000000000000014 0013160000000000 1 16 00000000 0 0 0 0000000000000015 aaaaaaaa f aaaaaaaa 0 00 aaaaaaaa
0000000000000015 342003160000f000 0 00 00000000 0 0 0 0000000000000016 aaaaaaaa f aaaaaaaa 1 03 aaaaaaaa
0000000000000016 108102030010f000 0 00 00000000 0 0 0 0000000000000017 aaaaaaaa f aaaaaaaa 1 02 aaaaaaaa
0000000000000017 0013160000000000 1 16 00000000 0 0 0 0000000000000018 aaaaaaaa f aaaaaaaa 0 00 aaaaaaaa
0000000000000018 342003160000f000 0 00 00000000 0 0 0 0000000000000019 aaaaaaaa f aaaaaaaa 1 03 aaaaaaaa
0000000000000019 108105030000f000 0 00 00000000 0 0 0 000000000000001a aaaaaaaa f aaaaaaaa 1 05 aaaaaaaa
000000000000001a 10710505000ff000 0 00 00000000 0 0 0 000000000000001b aaaaaaaa f aaaaaaaa 1 05 aaaaaaaa
000000000000001b 3430040000009000 0 00 00000000 0 0 0 000000000000001c aaaaaaaa 9 00000000 1 04 00000000
000000000000001c 341106001ebe2000 0 00 00000000 0 0 0 000000000000001d aaaaaaaa 2 882002a2 1 06 882002a2
000000000000001d 102003050600f000 0 00 00000000 0 0 0 000000000000001e aaaaaaaa f aaaaaaaa 1 03 aaaaaaaa
000000000000001e 00131500aaaaaa00 1 15 ffaaaaaa 0 0 0 000000000000001f aaaaaaaa f aaaaaaaa 0 00 aaaaaaaa
000000000000001f 342004150000f000 0 00 00000000 0 0 0 0000000000000020 aaaaaaaa f aaaaaaaa 1 04 aaaaaaaa
0000000000000020 343004000000f000 0 00 00000000 0 0 0 0000000000000021 aaaaaaaa f aaaaaaaa 1 04 aaaaaaaa
0000000000000021 1001020677d7f000 0 00 00000000 0 0 0 0000000000000022 aaaaaaaa f aaaaaaaa 1 02 aaaaaaaa
0000000000000022 100003050200f000 0 00 00000000 0 0 0 0000000000000023 aaaaaaaa f aaaaaaaa 1 03 aaaaaaaa
0000000000000023 107105020021f000 0 00 00000000 0 0 0 0000000000000024 aaaaaaaa f aaaaaaaa 1 05 aaaaaaaa
0000000000000024 00131e0000000100 1 1e 00000001 0 0 0 0000000000000025 aaaaaaaa f aaaaaaaa 0 00 aaaaaaaa
0000000000000025 0023171700000100 1 17 00000001 0 0 0 0000000000000026 aaaaaaaa f aaaaaaaa 0 00 aaaaaaaa
0000000000000026 00731e1e00000100 1 1e 00000000 0 0 0 0000000000000027 aaaaaaaa f aaaaaaaa 0 00 aaaaaaaa
0000000000000027 0013180000000000 1 18 00000000 0 0 0 0000000000000028 aaaaaaaa f aaaaaaaa 0 00 aaaaaaaa
0000000000000028 0102001e18000000 0 00 00000000 5 1 0 0000000000000029 aaaaaaaa f aaaaaaaa 0 00 aaaaaaaa
0000000000000029 0215fffffb040000 0 00 00000000 5 1 0 000000000000002a aaaaaaaa f aaaaaaaa 0 00 aaaaaaaa
000000000000002a 7cf5000000000000 0 00 00000000 5 1 0 000000000000002b aaaaaaaa f aaaaaaaa 0 00 aaaaaaaa
DONE retired=43 fault=00 pc=000000000000002a
