0000000000000000 0013140000004d00 1 14 0000004d 0 0 0 0000000000000001 55555555 f 55555555 0 00 55555555
0000000000000001 102005060200f000 0 00 00000000 0 0 0 0000000000000002 55555555 f 55555555 1 05 55555555
0000000000000002 107106020010f000 0 00 00000000 0 0 0 0000000000000003 55555555 f 55555555 1 06 55555555
0000000000000003 10010603ba76f000 0 00 00000000 0 0 0 0000000000000004 55555555 f 55555555 1 06 55555555
0000000000000004 00131500aaaaaa00 1 15 ffaaaaaa 0 0 0 0000000000000005 55555555 f 55555555 0 00 55555555
0000000000000005 342003150000f000 0 00 00000000 0 0 0 0000000000000006 55555555 f 55555555 1 03 55555555
0000000000000006 00131600aaaaaa00 1 16 ffaaaaaa 0 0 0 0000000000000007 55555555 f 55555555 0 00 55555555
0000000000000007 342005160000f000 0 00 00000000 0 0 0 0000000000000008 55555555 f 55555555 1 05 55555555
0000000000000008 10810405000ff000 0 00 00000000 0 0 0 0000000000000009 55555555 f 55555555 1 04 55555555
0000000000000009 101004040300f000 0 00 00000000 0 0 0 000000000000000a 55555555 f 55555555 1 04 55555555
000000000000000a 340005050000f000 0 00 00000000 0 0 0 000000000000000b 55555555 f 55555555 1 05 55555555
000000000000000b 341102000000f000 0 00 00000000 0 0 0 000000000000000c 55555555 f 55555555 1 02 55555555
000000000000000c 10010305fffff000 0 00 00000000 0 0 0 000000000000000d 55555555 f 55555555 1 03 55555555
000000000000000d 341104008000f000 0 00 00000000 0 0 0 000000000000000e 55555555 f 55555555 1 04 55555555
000000000000000e 103002060500f000 0 00 00000000 0 0 0 000000000000000f 55555555 f 55555555 1 02 55555555
000000000000000f 00131e0000000200 1 1e 00000002 0 0 0 0000000000000010 55555555 f 55555555 0 00 55555555
0000000000000010 0023171700000100 1 17 00000001 0 0 0 0000000000000011 55555555 f 55555555 0 00 55555555
0000000000000011 00731e1e00000100 1 1e 00000001 0 0 0 0000000000000012 55555555 f 55555555 0 00 55555555
0000000000000012 0013180000000000 1 18 00000000 0 0 0 0000000000000013 55555555 f 55555555 0 00 55555555
0000000000000013 0102001e18000000 0 00 00000000 4 0 0 0000000000000014 55555555 f 55555555 0 00 55555555
0000000000000014 0215fffffb040000 0 00 00000000 4 0 1 0000000000000010 55555555 f 55555555 0 00 55555555
0000000000000010 0023171700000100 1 17 00000002 4 0 0 0000000000000011 55555555 f 55555555 0 00 55555555
0000000000000011 00731e1e00000100 1 1e 00000000 4 0 0 0000000000000012 55555555 f 55555555 0 00 55555555
0000000000000012 0013180000000000 1 18 00000000 4 0 0 0000000000000013 55555555 f 55555555 0 00 55555555
0000000000000013 0102001e18000000 0 00 00000000 5 1 0 0000000000000014 55555555 f 55555555 0 00 55555555
0000000000000014 0215fffffb040000 0 00 00000000 5 1 0 0000000000000015 55555555 f 55555555 0 00 55555555
0000000000000015 7cf5000000000000 0 00 00000000 5 1 0 0000000000000016 55555555 f 55555555 0 00 55555555
DONE retired=27 fault=00 pc=0000000000000015
