0000000000000000 0013140000004d00 1 14 0000004d 0 0 0 0000000000000001 2e089d5a f 2e089d5a 0 00 2e089d5a
0000000000000001 00131600ffffff00 1 16 ffffffff 0 0 0 0000000000000002 2e089d5a f 2e089d5a 0 00 2e089d5a
0000000000000002 342005160000f000 0 00 00000000 0 0 0 0000000000000003 2e089d5a f 2e089d5a 1 05 2e089d5a
0000000000000003 10810505003ff000 0 00 00000000 0 0 0 0000000000000004 2e089d5a f 2e089d5a 1 05 2e089d5a
0000000000000004 104003030400f000 0 00 00000000 0 0 0 0000000000000005 2e089d5a f 2e089d5a 1 03 2e089d5a
0000000000000005 341104001e6ef000 0 00 00000000 0 0 0 0000000000000006 2e089d5a f 2e089d5a 1 04 2e089d5a
0000000000000006 107103060010f000 0 00 00000000 0 0 0 0000000000000007 2e089d5a f 2e089d5a 1 03 2e089d5a
0000000000000007 00131600ffffff00 1 16 ffffffff 0 0 0 0000000000000008 2e089d5a f 2e089d5a 0 00 2e089d5a
0000000000000008 342002160000f000 0 00 00000000 0 0 0 0000000000000009 2e089d5a f 2e089d5a 1 02 2e089d5a
0000000000000009 10810202001ff000 0 00 00000000 0 0 0 000000000000000a 2e089d5a f 2e089d5a 1 02 2e089d5a
000000000000000a 106104020020f000 0 00 00000000 0 0 0 000000000000000b 2e089d5a f 2e089d5a 1 04 2e089d5a
000000000000000b 10110206fffff000 0 00 00000000 0 0 0 000000000000000c 2e089d5a f 2e089d5a 1 02 2e089d5a
000000000000000c 0013160055555500 1 16 00555555 0 0 0 000000000000000d 2e089d5a f 2e089d5a 0 00 2e089d5a
000000000000000d 342002160000f000 0 00 00000000 0 0 0 000000000000000e 2e089d5a f 2e089d5a 1 02 2e089d5a
000000000000000e 10810602003ff000 0 00 00000000 0 0 0 000000000000000f 2e089d5a f 2e089d5a 1 06 2e089d5a
000000000000000f 103003030400f000 0 00 00000000 0 0 0 0000000000000010 2e089d5a f 2e089d5a 1 03 2e089d5a
0000000000000010 00131e0000000100 1 1e 00000001 0 0 0 0000000000000011 2e089d5a f 2e089d5a 0 00 2e089d5a
0000000000000011 0023171700000100 1 17 00000001 0 0 0 0000000000000012 2e089d5a f 2e089d5a 0 00 2e089d5a
0000000000000012 00731e1e00000100 1 1e 00000000 0 0 0 0000000000000013 2e089d5a f 2e089d5a 0 00 2e089d5a
0000000000000013 0013180000000000 1 18 00000000 0 0 0 0000000000000014 2e089d5a f 2e089d5a 0 00 2e089d5a
0000000000000014 0102001e18000000 0 00 00000000 5 1 0 0000000000000015 2e089d5a f 2e089d5a 0 00 2e089d5a
0000000000000015 0215fffffb040000 0 00 00000000 5 1 0 0000000000000016 2e089d5a f 2e089d5a 0 00 2e089d5a
0000000000000016 7cf5000000000000 0 00 00000000 5 1 0 0000000000000017 2e089d5a f 2e089d5a 0 00 2e089d5a
DONE retired=23 fault=00 pc=0000000000000016
