0000000000000000 0013140000004d00 1 14 0000004d 0 0 0 0000000000000001 003fffff f 003fffff 0 00 003fffff
0000000000000001 343006000000f000 0 00 00000000 0 0 0 0000000000000002 003fffff f 003fffff 1 06 003fffff
0000000000000002 00131600ffffff00 1 16 ffffffff 0 0 0 0000000000000003 003fffff f 003fffff 0 00 003fffff
0000000000000003 342006160000f000 0 00 00000000 0 0 0 0000000000000004 003fffff f 003fffff 1 06 003fffff
0000000000000004 10810406001ff000 0 00 00000000 0 0 0 0000000000000005 003fffff f 003fffff 1 04 003fffff
0000000000000005 101003030300f000 0 00 00000000 0 0 0 0000000000000006 003fffff f 003fffff 1 03 003fffff
0000000000000006 106102050000f000 0 00 00000000 0 0 0 0000000000000007 003fffff f 003fffff 1 02 003fffff
0000000000000007 107104060000f000 0 00 00000000 0 0 0 0000000000000008 003fffff f 003fffff 1 04 003fffff
0000000000000008 340002050000f000 0 00 00000000 0 0 0 0000000000000009 003fffff f 003fffff 1 02 003fffff
0000000000000009 104004040400f000 0 00 00000000 0 0 0 000000000000000a 003fffff f 003fffff 1 04 003fffff
000000000000000a 0013160000000100 1 16 00000001 0 0 0 000000000000000b 003fffff f 003fffff 0 00 003fffff
000000000000000b 342005160000f000 0 00 00000000 0 0 0 000000000000000c 003fffff f 003fffff 1 05 003fffff
000000000000000c 108106050000f000 0 00 00000000 0 0 0 000000000000000d 003fffff f 003fffff 1 06 003fffff
000000000000000d 341102002652f000 0 00 00000000 0 0 0 000000000000000e 003fffff f 003fffff 1 02 003fffff
000000000000000e 102006060600f000 0 00 00000000 0 0 0 000000000000000f 003fffff f 003fffff 1 06 003fffff
000000000000000f 10310402fffff000 0 00 00000000 0 0 0 0000000000000010 003fffff f 003fffff 1 04 003fffff
0000000000000010 107105020010f000 0 00 00000000 0 0 0 0000000000000011 003fffff f 003fffff 1 05 003fffff
0000000000000011 10110603fffff000 0 00 00000000 0 0 0 0000000000000012 003fffff f 003fffff 1 06 003fffff
0000000000000012 107102020014f000 0 00 00000000 0 0 0 0000000000000013 003fffff f 003fffff 1 02 003fffff
0000000000000013 10710306000ff000 0 00 00000000 0 0 0 0000000000000014 003fffff f 003fffff 1 03 003fffff
0000000000000014 105103050000f000 0 00 00000000 0 0 0 0000000000000015 003fffff f 003fffff 1 03 003fffff
0000000000000015 106105030020f000 0 00 00000000 0 0 0 0000000000000016 003fffff f 003fffff 1 05 003fffff
0000000000000016 107102050001f000 0 00 00000000 0 0 0 0000000000000017 003fffff f 003fffff 1 02 003fffff
0000000000000017 340006020000f000 0 00 00000000 0 0 0 0000000000000018 003fffff f 003fffff 1 06 003fffff
0000000000000018 0013150000000000 1 15 00000000 0 0 0 0000000000000019 003fffff f 003fffff 0 00 003fffff
0000000000000019 342002150000d000 0 00 00000000 0 0 0 000000000000001a 003fffff d 000694b1 1 02 000694b1
000000000000001a 00131500aaaaaa00 1 15 ffaaaaaa 0 0 0 000000000000001b 003fffff f 003fffff 0 00 003fffff
000000000000001b 342004150000f000 0 00 00000000 0 0 0 000000000000001c 003fffff f 003fffff 1 04 003fffff
000000000000001c 101104047ffff000 0 00 00000000 0 0 0 000000000000001d 003fffff f 003fffff 1 04 003fffff
000000000000001d 105006030500f000 0 00 00000000 0 0 0 000000000000001e 003fffff f 003fffff 1 06 003fffff
000000000000001e 10710303003ff000 0 00 00000000 0 0 0 000000000000001f 003fffff f 003fffff 1 03 003fffff
000000000000001f 0013150000000100 1 15 00000001 0 0 0 0000000000000020 003fffff f 003fffff 0 00 003fffff
0000000000000020 3420021500004000 0 00 00000000 0 0 0 0000000000000021 003fffff 4 00000000 1 02 00000000
0000000000000021 00131e0000000300 1 1e 00000003 0 0 0 0000000000000022 003fffff f 003fffff 0 00 003fffff
0000000000000022 0023171700000100 1 17 00000001 0 0 0 0000000000000023 003fffff f 003fffff 0 00 003fffff
0000000000000023 00731e1e00000100 1 1e 00000002 0 0 0 0000000000000024 003fffff f 003fffff 0 00 003fffff
0000000000000024 0013180000000000 1 18 00000000 0 0 0 0000000000000025 003fffff f 003fffff 0 00 003fffff
0000000000000025 0102001e18000000 0 00 00000000 4 0 0 0000000000000026 003fffff f 003fffff 0 00 003fffff
0000000000000026 0215fffffb040000 0 00 00000000 4 0 1 0000000000000022 003fffff f 003fffff 0 00 003fffff
0000000000000022 0023171700000100 1 17 00000002 4 0 0 0000000000000023 003fffff f 003fffff 0 00 003fffff
0000000000000023 00731e1e00000100 1 1e 00000001 4 0 0 0000000000000024 003fffff f 003fffff 0 00 003fffff
0000000000000024 0013180000000000 1 18 00000000 4 0 0 0000000000000025 003fffff f 003fffff 0 00 003fffff
0000000000000025 0102001e18000000 0 00 00000000 4 0 0 0000000000000026 003fffff f 003fffff 0 00 003fffff
0000000000000026 0215fffffb040000 0 00 00000000 4 0 1 0000000000000022 003fffff f 003fffff 0 00 003fffff
0000000000000022 0023171700000100 1 17 00000003 4 0 0 0000000000000023 003fffff f 003fffff 0 00 003fffff
0000000000000023 00731e1e00000100 1 1e 00000000 4 0 0 0000000000000024 003fffff f 003fffff 0 00 003fffff
0000000000000024 0013180000000000 1 18 00000000 4 0 0 0000000000000025 003fffff f 003fffff 0 00 003fffff
0000000000000025 0102001e18000000 0 00 00000000 5 1 0 0000000000000026 003fffff f 003fffff 0 00 003fffff
0000000000000026 0215fffffb040000 0 00 00000000 5 1 0 0000000000000027 003fffff f 003fffff 0 00 003fffff
0000000000000027 7cf5000000000000 0 00 00000000 5 1 0 0000000000000028 003fffff f 003fffff 0 00 003fffff
DONE retired=50 fault=00 pc=0000000000000027
