0000000000000000 0013140000004d00 1 14 0000004d 0 0 0 0000000000000001 55555555 f 55555555 0 00 55555555
0000000000000001 343005000000f000 0 00 00000000 0 0 0 0000000000000002 55555555 f 55555555 1 05 55555555
0000000000000002 101006040600f000 0 00 00000000 0 0 0 0000000000000003 55555555 f 55555555 1 06 55555555
0000000000000003 102005040300f000 0 00 00000000 0 0 0 0000000000000004 55555555 f 55555555 1 05 55555555
0000000000000004 102006040600c000 0 00 00000000 0 0 0 0000000000000005 55555555 c 00000000 1 06 00000000
0000000000000005 0013160055555500 1 16 00555555 0 0 0 0000000000000006 55555555 f 55555555 0 00 55555555
0000000000000006 342004160000f000 0 00 00000000 0 0 0 0000000000000007 55555555 f 55555555 1 04 55555555
0000000000000007 10810404003ff000 0 00 00000000 0 0 0 0000000000000008 55555555 f 55555555 1 04 55555555
0000000000000008 101005040200f000 0 00 00000000 0 0 0 0000000000000009 55555555 f 55555555 1 05 55555555
0000000000000009 10610603003ff000 0 00 00000000 0 0 0 000000000000000a 55555555 f 55555555 1 06 55555555
000000000000000a 105003050300b000 0 00 00000000 0 0 0 000000000000000b 55555555 b 55555555 1 03 55555555
000000000000000b 102004060300b000 0 00 00000000 0 0 0 000000000000000c 55555555 b 55555555 1 04 55555555
000000000000000c 101003050400f000 0 00 00000000 0 0 0 000000000000000d 55555555 f 55555555 1 03 55555555
000000000000000d 341106000001f000 0 00 00000000 0 0 0 000000000000000e 55555555 f 55555555 1 06 55555555
000000000000000e 10610603003ff000 0 00 00000000 0 0 0 000000000000000f 55555555 f 55555555 1 06 55555555
000000000000000f 340006060000f000 0 00 00000000 0 0 0 0000000000000010 55555555 f 55555555 1 06 55555555
0000000000000010 343002000000f000 0 00 00000000 0 0 0 0000000000000011 55555555 f 55555555 1 02 55555555
0000000000000011 343003000000f000 0 00 00000000 0 0 0 0000000000000012 55555555 f 55555555 1 03 55555555
0000000000000012 105103020001f000 0 00 00000000 0 0 0 0000000000000013 55555555 f 55555555 1 03 55555555
0000000000000013 101004040500f000 0 00 00000000 0 0 0 0000000000000014 55555555 f 55555555 1 04 55555555
0000000000000014 107105040028f000 0 00 00000000 0 0 0 0000000000000015 55555555 f 55555555 1 05 55555555
0000000000000015 340002060000f000 0 00 00000000 0 0 0 0000000000000016 55555555 f 55555555 1 02 55555555
0000000000000016 0013160000000100 1 16 00000001 0 0 0 0000000000000017 55555555 f 55555555 0 00 55555555
0000000000000017 342006160000f000 0 00 00000000 0 0 0 0000000000000018 55555555 f 55555555 1 06 55555555
0000000000000018 108104060010f000 0 00 00000000 0 0 0 0000000000000019 55555555 f 55555555 1 04 55555555
0000000000000019 101003050600f000 0 00 00000000 0 0 0 000000000000001a 55555555 f 55555555 1 03 55555555
000000000000001a 341102008000f000 0 00 00000000 0 0 0 000000000000001b 55555555 f 55555555 1 02 55555555
000000000000001b 340006050000f000 0 00 00000000 0 0 0 000000000000001c 55555555 f 55555555 1 06 55555555
000000000000001c 00131e0000000300 1 1e 00000003 0 0 0 000000000000001d 55555555 f 55555555 0 00 55555555
000000000000001d 0023171700000100 1 17 00000001 0 0 0 000000000000001e 55555555 f 55555555 0 00 55555555
000000000000001e 00731e1e00000100 1 1e 00000002 0 0 0 000000000000001f 55555555 f 55555555 0 00 55555555
000000000000001f 0013180000000000 1 18 00000000 0 0 0 0000000000000020 55555555 f 55555555 0 00 55555555
0000000000000020 0102001e18000000 0 00 00000000 4 0 0 0000000000000021 55555555 f 55555555 0 00 55555555
0000000000000021 0215fffffb040000 0 00 00000000 4 0 1 000000000000001d 55555555 f 55555555 0 00 55555555
000000000000001d 0023171700000100 1 17 00000002 4 0 0 000000000000001e 55555555 f 55555555 0 00 55555555
000000000000001e 00731e1e00000100 1 1e 00000001 4 0 0 000000000000001f 55555555 f 55555555 0 00 55555555
000000000000001f 0013180000000000 1 18 00000000 4 0 0 0000000000000020 55555555 f 55555555 0 00 55555555
0000000000000020 0102001e18000000 0 00 00000000 4 0 0 0000000000000021 55555555 f 55555555 0 00 55555555
0000000000000021 0215fffffb040000 0 00 00000000 4 0 1 000000000000001d 55555555 f 55555555 0 00 55555555
000000000000001d 0023171700000100 1 17 00000003 4 0 0 000000000000001e 55555555 f 55555555 0 00 55555555
000000000000001e 00731e1e00000100 1 1e 00000000 4 0 0 000000000000001f 55555555 f 55555555 0 00 55555555
000000000000001f 0013180000000000 1 18 00000000 4 0 0 0000000000000020 55555555 f 55555555 0 00 55555555
0000000000000020 0102001e18000000 0 00 00000000 5 1 0 0000000000000021 55555555 f 55555555 0 00 55555555
0000000000000021 0215fffffb040000 0 00 00000000 5 1 0 0000000000000022 55555555 f 55555555 0 00 55555555
0000000000000022 7cf5000000000000 0 00 00000000 5 1 0 0000000000000023 55555555 f 55555555 0 00 55555555
DONE retired=45 fault=00 pc=0000000000000022
