0000000000000000 00131d0000000000 1 1d 00000000 0 0 0 0000000000000001
0000000000000001 0092100700000000 1 10 ffffffff 0 0 0 0000000000000002
0000000000000002 0052061213000000 1 06 00000000 0 0 0 0000000000000003
0000000000000003 8506000000000000 0 00 00000000 0 0 0 0000000000000004
0000000000000004 00a2110e03000000 1 11 00000000 0 0 0 0000000000000005
0000000000000005 00131100ffffff00 1 11 ffffffff 0 0 0 0000000000000006
0000000000000006 00730e0500000100 1 0e ffffffff 0 0 0 0000000000000007
0000000000000007 8506000000000000 0 00 00000000 0 0 0 0000000000000008
0000000000000008 0112001001000000 0 00 00000000 6 1 0 0000000000000009
0000000000000009 0215000002040000 0 00 00000000 6 1 1 000000000000000c
000000000000000c 0013080019d4c900 1 08 0019d4c9 6 1 0 000000000000000d
000000000000000d 8506000000000000 0 00 00000000 6 1 0 000000000000000e
000000000000000e 00a3020b00001300 1 02 00000000 6 1 0 000000000000000f
000000000000000f 00b3030900001400 1 03 00000000 6 1 0 0000000000000010
0000000000000010 00130e00841fcf00 1 0e ff841fcf 6 1 0 0000000000000011
0000000000000011 0073011100000100 1 01 fffffffe 6 1 0 0000000000000012
0000000000000012 0112000713000000 0 00 00000000 5 0 0 0000000000000013
0000000000000013 0215000002010000 0 00 00000000 5 0 0 0000000000000014
0000000000000014 8506000000000000 0 00 00000000 5 0 0 0000000000000015
0000000000000015 8506000000000000 0 00 00000000 5 0 0 0000000000000016
0000000000000016 00130400ffffff00 1 04 ffffffff 5 0 0 0000000000000017
0000000000000017 0013110076e84300 1 11 0076e843 5 0 0 0000000000000018
0000000000000018 0102000308000000 0 00 00000000 2 0 0 0000000000000019
0000000000000019 02150000010b0000 0 00 00000000 2 0 1 000000000000001b
000000000000001b 0306000000000c00 1 0c 00000000 2 0 0 000000000000001c
000000000000001c 008202010e000000 1 02 007be031 2 0 0 000000000000001d
000000000000001d 8506000000000000 0 00 00000000 2 0 0 000000000000001e
000000000000001e 00230b0400000000 1 0b ffffffff 2 0 0 000000000000001f
000000000000001f 00b30b1200001900 1 0b 00000000 2 0 0 0000000000000020
0000000000000020 0306000000000e00 1 0e 00000000 2 0 0 0000000000000021
0000000000000021 0013030000000100 1 03 00000001 2 0 0 0000000000000022
0000000000000022 00131e0000000300 1 1e 00000003 2 0 0 0000000000000023
0000000000000023 0023151500000100 1 15 00000001 2 0 0 0000000000000024
0000000000000024 00731e1e00000100 1 1e 00000002 2 0 0 0000000000000025
0000000000000025 0102001e1d000000 0 00 00000000 4 0 0 0000000000000026
0000000000000026 0215fffffc040000 0 00 00000000 4 0 1 0000000000000023
0000000000000023 0023151500000100 1 15 00000002 4 0 0 0000000000000024
0000000000000024 00731e1e00000100 1 1e 00000001 4 0 0 0000000000000025
0000000000000025 0102001e1d000000 0 00 00000000 4 0 0 0000000000000026
0000000000000026 0215fffffc040000 0 00 00000000 4 0 1 0000000000000023
0000000000000023 0023151500000100 1 15 00000003 4 0 0 0000000000000024
0000000000000024 00731e1e00000100 1 1e 00000000 4 0 0 0000000000000025
0000000000000025 0102001e1d000000 0 00 00000000 5 1 0 0000000000000026
0000000000000026 0215fffffc040000 0 00 00000000 5 1 0 0000000000000027
0000000000000027 7cf5000000000000 0 00 00000000 5 1 0 0000000000000028
DONE retired=45 fault=00 pc=0000000000000027
