0000000000000000 00131d0000000000 1 1d 00000000 0 0 0 0000000000000001
0000000000000001 0013070045203e00 1 07 0045203e 0 0 0 0000000000000002
0000000000000002 00130e00beead800 1 0e ffbeead8 0 0 0 0000000000000003
0000000000000003 0306000000000200 1 02 00000000 0 0 0 0000000000000004
0000000000000004 001306007e941b00 1 06 007e941b 0 0 0 0000000000000005
0000000000000005 8506000000000000 0 00 00000000 0 0 0 0000000000000006
0000000000000006 0052091403000000 1 09 00000000 0 0 0 0000000000000007
0000000000000007 0042081102000000 1 08 00000000 0 0 0 0000000000000008
0000000000000008 0102001010000000 0 00 00000000 5 1 0 0000000000000009
0000000000000009 02150000020e0000 0 00 00000000 5 1 1 000000000000000c
000000000000000c 0112000209000000 0 00 00000000 5 0 0 000000000000000d
000000000000000d 02150000010b0000 0 00 00000000 5 0 0 000000000000000e
000000000000000e 8506000000000000 0 00 00000000 5 0 0 000000000000000f
000000000000000f 00b2140d0d000000 1 14 00000000 5 0 0 0000000000000010
0000000000000010 8506000000000000 0 00 00000000 5 0 0 0000000000000011
0000000000000011 0082071310000000 1 07 00000000 5 0 0 0000000000000012
0000000000000012 00820f1202000000 1 0f 00000000 5 0 0 0000000000000013
0000000000000013 8506000000000000 0 00 00000000 5 0 0 0000000000000014
0000000000000014 0112000113000000 0 00 00000000 5 0 0 0000000000000015
0000000000000015 0215000001040000 0 00 00000000 5 0 0 0000000000000016
0000000000000016 8506000000000000 0 00 00000000 5 0 0 0000000000000017
0000000000000017 00b2020708000000 1 02 00000000 5 0 0 0000000000000018
0000000000000018 0013010055555500 1 01 00555555 5 0 0 0000000000000019
0000000000000019 0063051100000a00 1 05 00000000 5 0 0 000000000000001a
000000000000001a 8506000000000000 0 00 00000000 5 0 0 000000000000001b
000000000000001b 0032050f0b000000 1 05 00000000 5 0 0 000000000000001c
000000000000001c 8506000000000000 0 00 00000000 5 0 0 000000000000001d
000000000000001d 0122000202000000 0 00 00000000 5 0 0 000000000000001e
000000000000001e 0215000002040000 0 00 00000000 5 0 0 000000000000001f
000000000000001f 8506000000000000 0 00 00000000 5 0 0 0000000000000020
0000000000000020 8506000000000000 0 00 00000000 5 0 0 0000000000000021
0000000000000021 8506000000000000 0 00 00000000 5 0 0 0000000000000022
0000000000000022 0092030700000000 1 03 ffffffff 5 0 0 0000000000000023
0000000000000023 008201070c000000 1 01 00000000 5 0 0 0000000000000024
0000000000000024 00b3050c00000c00 1 05 00000000 5 0 0 0000000000000025
0000000000000025 8506000000000000 0 00 00000000 5 0 0 0000000000000026
0000000000000026 8506000000000000 0 00 00000000 5 0 0 0000000000000027
0000000000000027 00a3081300001e00 1 08 00000000 5 0 0 0000000000000028
0000000000000028 00131e0000000200 1 1e 00000002 5 0 0 0000000000000029
0000000000000029 0023151500000100 1 15 00000001 5 0 0 000000000000002a
000000000000002a 00731e1e00000100 1 1e 00000001 5 0 0 000000000000002b
000000000000002b 0102001e1d000000 0 00 00000000 4 0 0 000000000000002c
000000000000002c 0215fffffc040000 0 00 00000000 4 0 1 0000000000000029
0000000000000029 0023151500000100 1 15 00000002 4 0 0 000000000000002a
000000000000002a 00731e1e00000100 1 1e 00000000 4 0 0 000000000000002b
000000000000002b 0102001e1d000000 0 00 00000000 5 1 0 000000000000002c
000000000000002c 0215fffffc040000 0 00 00000000 5 1 0 000000000000002d
000000000000002d 7cf5000000000000 0 00 00000000 5 1 0 000000000000002e
DONE retired=48 fault=00 pc=000000000000002d
