0000000000000000 0013140000004d00 1 14 0000004d 0 0 0 0000000000000001 8c20ecc0 f 8c20ecc0 0 00 8c20ecc0
0000000000000001 0013150055555500 1 15 00555555 0 0 0 0000000000000002 8c20ecc0 f 8c20ecc0 0 00 8c20ecc0
0000000000000002 3420041500000000 0 00 00000000 0 0 0 0000000000000003 8c20ecc0 0 0c20ecc0 1 04 0c20ecc0
0000000000000003 100005050500f000 0 00 00000000 0 0 0 0000000000000004 8c20ecc0 f 8c20ecc0 1 05 8c20ecc0
0000000000000004 107104050010f000 0 00 00000000 0 0 0 0000000000000005 8c20ecc0 f 8c20ecc0 1 04 8c20ecc0
0000000000000005 0013150000000000 1 15 00000000 0 0 0 0000000000000006 8c20ecc0 f 8c20ecc0 0 00 8c20ecc0
0000000000000006 342004150000f000 0 00 00000000 0 0 0 0000000000000007 8c20ecc0 f 8c20ecc0 1 04 8c20ecc0
0000000000000007 340005030000f000 0 00 00000000 0 0 0 0000000000000008 8c20ecc0 f 8c20ecc0 1 05 8c20ecc0
0000000000000008 105104038000f000 0 00 00000000 0 0 0 0000000000000009 8c20ecc0 f 8c20ecc0 1 04 8c20ecc0
0000000000000009 10710304003ff000 0 00 00000000 0 0 0 000000000000000a 8c20ecc0 f 8c20ecc0 1 03 8c20ecc0
000000000000000a 105004060200f000 0 00 00000000 0 0 0 000000000000000b 8c20ecc0 f 8c20ecc0 1 04 8c20ecc0
000000000000000b 101006020400f000 0 00 00000000 0 0 0 000000000000000c 8c20ecc0 f 8c20ecc0 1 06 8c20ecc0
000000000000000c 341102002266f000 0 00 00000000 0 0 0 000000000000000d 8c20ecc0 f 8c20ecc0 1 02 8c20ecc0
000000000000000d 0013150000000100 1 15 00000001 0 0 0 000000000000000e 8c20ecc0 f 8c20ecc0 0 00 8c20ecc0
000000000000000e 342004150000f000 0 00 00000000 0 0 0 000000000000000f 8c20ecc0 f 8c20ecc0 1 04 8c20ecc0
000000000000000f 106106050000f000 0 00 00000000 0 0 0 0000000000000010 8c20ecc0 f 8c20ecc0 1 06 8c20ecc0
0000000000000010 102002050400a000 0 00 00000000 0 0 0 0000000000000011 8c20ecc0 a 800020c0 1 02 800020c0
0000000000000011 106102020021f000 0 00 00000000 0 0 0 0000000000000012 8c20ecc0 f 8c20ecc0 1 02 8c20ecc0
0000000000000012 1040060302005000 0 00 00000000 0 0 0 0000000000000013 8c20ecc0 5 0020e440 1 06 0020e440
0000000000000013 0013150000000100 1 15 00000001 0 0 0 0000000000000014 8c20ecc0 f 8c20ecc0 0 00 8c20ecc0
0000000000000014 3420051500005000 0 00 00000000 0 0 0 0000000000000015 8c20ecc0 5 0020e440 1 05 0020e440
0000000000000015 34110500b671f000 0 00 00000000 0 0 0 0000000000000016 8c20ecc0 f 8c20ecc0 1 05 8c20ecc0
0000000000000016 341102000000d000 0 00 00000000 0 0 0 0000000000000017 8c20ecc0 d 8c20ecc0 1 02 8c20ecc0
0000000000000017 340006060000f000 0 00 00000000 0 0 0 0000000000000018 8c20ecc0 f 8c20ecc0 1 06 8c20ecc0
0000000000000018 105005050200f000 0 00 00000000 0 0 0 0000000000000019 8c20ecc0 f 8c20ecc0 1 05 8c20ecc0
0000000000000019 102004020400f000 0 00 00000000 0 0 0 000000000000001a 8c20ecc0 f 8c20ecc0 1 04 8c20ecc0
000000000000001a 107106050001f000 0 00 00000000 0 0 0 000000000000001b 8c20ecc0 f 8c20ecc0 1 06 8c20ecc0
000000000000001b 102002040600f000 0 00 00000000 0 0 0 000000000000001c 8c20ecc0 f 8c20ecc0 1 02 8c20ecc0
000000000000001c 3400020400003000 0 00 00000000 0 0 0 000000000000001d 8c20ecc0 3 04004440 1 02 04004440
000000000000001d 00131600ffffff00 1 16 ffffffff 0 0 0 000000000000001e 8c20ecc0 f 8c20ecc0 0 00 8c20ecc0
000000000000001e 342002160000f000 0 00 00000000 0 0 0 000000000000001f 8c20ecc0 f 8c20ecc0 1 02 8c20ecc0
000000000000001f 108102020000f000 0 00 00000000 0 0 0 0000000000000020 8c20ecc0 f 8c20ecc0 1 02 8c20ecc0
0000000000000020 341102007fff6000 0 00 00000000 0 0 0 0000000000000021 8c20ecc0 6 0020c4c0 1 02 0020c4c0
0000000000000021 00131e0000000300 1 1e 00000003 0 0 0 0000000000000022 8c20ecc0 f 8c20ecc0 0 00 8c20ecc0
0000000000000022 0023171700000100 1 17 00000001 0 0 0 0000000000000023 8c20ecc0 f 8c20ecc0 0 00 8c20ecc0
0000000000000023 00731e1e00000100 1 1e 00000002 0 0 0 0000000000000024 8c20ecc0 f 8c20ecc0 0 00 8c20ecc0
0000000000000024 0013180000000000 1 18 00000000 0 0 0 0000000000000025 8c20ecc0 f 8c20ecc0 0 00 8c20ecc0
0000000000000025 0102001e18000000 0 00 00000000 4 0 0 0000000000000026 8c20ecc0 f 8c20ecc0 0 00 8c20ecc0
0000000000000026 0215fffffb040000 0 00 00000000 4 0 1 0000000000000022 8c20ecc0 f 8c20ecc0 0 00 8c20ecc0
0000000000000022 0023171700000100 1 17 00000002 4 0 0 0000000000000023 8c20ecc0 f 8c20ecc0 0 00 8c20ecc0
0000000000000023 00731e1e00000100 1 1e 00000001 4 0 0 0000000000000024 8c20ecc0 f 8c20ecc0 0 00 8c20ecc0
0000000000000024 0013180000000000 1 18 00000000 4 0 0 0000000000000025 8c20ecc0 f 8c20ecc0 0 00 8c20ecc0
0000000000000025 0102001e18000000 0 00 00000000 4 0 0 0000000000000026 8c20ecc0 f 8c20ecc0 0 00 8c20ecc0
0000000000000026 0215fffffb040000 0 00 00000000 4 0 1 0000000000000022 8c20ecc0 f 8c20ecc0 0 00 8c20ecc0
0000000000000022 0023171700000100 1 17 00000003 4 0 0 0000000000000023 8c20ecc0 f 8c20ecc0 0 00 8c20ecc0
0000000000000023 00731e1e00000100 1 1e 00000000 4 0 0 0000000000000024 8c20ecc0 f 8c20ecc0 0 00 8c20ecc0
0000000000000024 0013180000000000 1 18 00000000 4 0 0 0000000000000025 8c20ecc0 f 8c20ecc0 0 00 8c20ecc0
0000000000000025 0102001e18000000 0 00 00000000 5 1 0 0000000000000026 8c20ecc0 f 8c20ecc0 0 00 8c20ecc0
0000000000000026 0215fffffb040000 0 00 00000000 5 1 0 0000000000000027 8c20ecc0 f 8c20ecc0 0 00 8c20ecc0
0000000000000027 7cf5000000000000 0 00 00000000 5 1 0 0000000000000028 8c20ecc0 f 8c20ecc0 0 00 8c20ecc0
DONE retired=50 fault=00 pc=0000000000000027
