0000000000000000 0013140000004d00 1 14 0000004d 0 0 0 0000000000000001 ffffffc0 f ffffffc0 0 00 ffffffc0
0000000000000001 340005040000f000 0 00 00000000 0 0 0 0000000000000002 ffffffc0 f ffffffc0 1 05 ffffffc0
0000000000000002 102006040400f000 0 00 00000000 0 0 0 0000000000000003 ffffffc0 f ffffffc0 1 06 ffffffc0
0000000000000003 0013150000000000 1 15 00000000 0 0 0 0000000000000004 ffffffc0 f ffffffc0 0 00 ffffffc0
0000000000000004 342003150000f000 0 00 00000000 0 0 0 0000000000000005 ffffffc0 f ffffffc0 1 03 ffffffc0
0000000000000005 103003030200f000 0 00 00000000 0 0 0 0000000000000006 ffffffc0 f ffffffc0 1 03 ffffffc0
0000000000000006 103006040200f000 0 00 00000000 0 0 0 0000000000000007 ffffffc0 f ffffffc0 1 06 ffffffc0
0000000000000007 1010050406006000 0 00 00000000 0 0 0 0000000000000008 ffffffc0 6 32717300 1 05 32717300
0000000000000008 10610402001ff000 0 00 00000000 0 0 0 0000000000000009 ffffffc0 f ffffffc0 1 04 ffffffc0
0000000000000009 105005050200b000 0 00 00000000 0 0 0 000000000000000a ffffffc0 b aaaaaa80 1 05 aaaaaa80
000000000000000a 10510605fffff000 0 00 00000000 0 0 0 000000000000000b ffffffc0 f ffffffc0 1 06 ffffffc0
000000000000000b 343002000000f000 0 00 00000000 0 0 0 000000000000000c ffffffc0 f ffffffc0 1 02 ffffffc0
000000000000000c 340002020000f000 0 00 00000000 0 0 0 000000000000000d ffffffc0 f ffffffc0 1 02 ffffffc0
000000000000000d 100102050001f000 0 00 00000000 0 0 0 000000000000000e ffffffc0 f ffffffc0 1 02 ffffffc0
000000000000000e 10110405fffff000 0 00 00000000 0 0 0 000000000000000f ffffffc0 f ffffffc0 1 04 ffffffc0
000000000000000f 106102050020f000 0 00 00000000 0 0 0 0000000000000010 ffffffc0 f ffffffc0 1 02 ffffffc0
0000000000000010 105005020200f000 0 00 00000000 0 0 0 0000000000000011 ffffffc0 f ffffffc0 1 05 ffffffc0
0000000000000011 00131e0000000300 1 1e 00000003 0 0 0 0000000000000012 ffffffc0 f ffffffc0 0 00 ffffffc0
0000000000000012 0023171700000100 1 17 00000001 0 0 0 0000000000000013 ffffffc0 f ffffffc0 0 00 ffffffc0
0000000000000013 00731e1e00000100 1 1e 00000002 0 0 0 0000000000000014 ffffffc0 f ffffffc0 0 00 ffffffc0
0000000000000014 0013180000000000 1 18 00000000 0 0 0 0000000000000015 ffffffc0 f ffffffc0 0 00 ffffffc0
0000000000000015 0102001e18000000 0 00 00000000 4 0 0 0000000000000016 ffffffc0 f ffffffc0 0 00 ffffffc0
0000000000000016 0215fffffb040000 0 00 00000000 4 0 1 0000000000000012 ffffffc0 f ffffffc0 0 00 ffffffc0
0000000000000012 0023171700000100 1 17 00000002 4 0 0 0000000000000013 ffffffc0 f ffffffc0 0 00 ffffffc0
0000000000000013 00731e1e00000100 1 1e 00000001 4 0 0 0000000000000014 ffffffc0 f ffffffc0 0 00 ffffffc0
0000000000000014 0013180000000000 1 18 00000000 4 0 0 0000000000000015 ffffffc0 f ffffffc0 0 00 ffffffc0
0000000000000015 0102001e18000000 0 00 00000000 4 0 0 0000000000000016 ffffffc0 f ffffffc0 0 00 ffffffc0
0000000000000016 0215fffffb040000 0 00 00000000 4 0 1 0000000000000012 ffffffc0 f ffffffc0 0 00 ffffffc0
0000000000000012 0023171700000100 1 17 00000003 4 0 0 0000000000000013 ffffffc0 f ffffffc0 0 00 ffffffc0
0000000000000013 00731e1e00000100 1 1e 00000000 4 0 0 0000000000000014 ffffffc0 f ffffffc0 0 00 ffffffc0
0000000000000014 0013180000000000 1 18 00000000 4 0 0 0000000000000015 ffffffc0 f ffffffc0 0 00 ffffffc0
0000000000000015 0102001e18000000 0 00 00000000 5 1 0 0000000000000016 ffffffc0 f ffffffc0 0 00 ffffffc0
0000000000000016 0215fffffb040000 0 00 00000000 5 1 0 0000000000000017 ffffffc0 f ffffffc0 0 00 ffffffc0
0000000000000017 7cf5000000000000 0 00 00000000 5 1 0 0000000000000018 ffffffc0 f ffffffc0 0 00 ffffffc0
DONE retired=34 fault=00 pc=0000000000000017
