0000000000000000 00131d0000000000 1 1d 00000000 0 0 0 0000000000000001
0000000000000001 8506000000000000 0 00 00000000 0 0 0 0000000000000002
0000000000000002 00130e00ffffff00 1 0e ffffffff 0 0 0 0000000000000003
0000000000000003 8506000000000000 0 00 00000000 0 0 0 0000000000000004
0000000000000004 0023060b15706d00 1 06 0015706d 0 0 0 0000000000000005
0000000000000005 0122001202000000 0 00 00000000 5 0 0 0000000000000006
0000000000000006 02150000010e0000 0 00 00000000 5 0 1 0000000000000008
0000000000000008 8506000000000000 0 00 00000000 5 0 0 0000000000000009
0000000000000009 00720d100f000000 1 0d 00000000 5 0 0 000000000000000a
000000000000000a 00730909d9cbe000 1 09 00263420 5 0 0 000000000000000b
000000000000000b 8506000000000000 0 00 00000000 5 0 0 000000000000000c
000000000000000c 0306000000000c00 1 0c 00000000 5 0 0 000000000000000d
000000000000000d 0092040200000000 1 04 ffffffff 5 0 0 000000000000000e
000000000000000e 00130900a6fae200 1 09 ffa6fae2 5 0 0 000000000000000f
000000000000000f 0013040036503100 1 04 00365031 5 0 0 0000000000000010
0000000000000010 00230a0affffff00 1 0a ffffffff 5 0 0 0000000000000011
0000000000000011 011200100e000000 0 00 00000000 0 0 0 0000000000000012
0000000000000012 02150000020d0000 0 00 00000000 0 0 1 0000000000000015
0000000000000015 8506000000000000 0 00 00000000 0 0 0 0000000000000016
0000000000000016 0023040656690600 1 04 006bd973 0 0 0 0000000000000017
0000000000000017 0112000810000000 0 00 00000000 5 0 0 0000000000000018
0000000000000018 02150000030e0000 0 00 00000000 5 0 1 000000000000001c
000000000000001c 0023081200000100 1 08 00000001 5 0 0 000000000000001d
000000000000001d 00320b0d05000000 1 0b 00000000 5 0 0 000000000000001e
000000000000001e 00730f12ffffff00 1 0f 00000001 5 0 0 000000000000001f
000000000000001f 8506000000000000 0 00 00000000 5 0 0 0000000000000020
0000000000000020 0013020011b30d00 1 02 0011b30d 5 0 0 0000000000000021
0000000000000021 00920d1200000000 1 0d ffffffff 5 0 0 0000000000000022
0000000000000022 0063080e00000e00 1 08 ffffc000 5 0 0 0000000000000023
0000000000000023 0082141214000000 1 14 00000000 5 0 0 0000000000000024
0000000000000024 8506000000000000 0 00 00000000 5 0 0 0000000000000025
0000000000000025 8506000000000000 0 00 00000000 5 0 0 0000000000000026
0000000000000026 8506000000000000 0 00 00000000 5 0 0 0000000000000027
0000000000000027 00131e0000000400 1 1e 00000004 5 0 0 0000000000000028
0000000000000028 0023151500000100 1 15 00000001 5 0 0 0000000000000029
0000000000000029 00731e1e00000100 1 1e 00000003 5 0 0 000000000000002a
000000000000002a 0102001e1d000000 0 00 00000000 4 0 0 000000000000002b
000000000000002b 0215fffffc040000 0 00 00000000 4 0 1 0000000000000028
0000000000000028 0023151500000100 1 15 00000002 4 0 0 0000000000000029
0000000000000029 00731e1e00000100 1 1e 00000002 4 0 0 000000000000002a
000000000000002a 0102001e1d000000 0 00 00000000 4 0 0 000000000000002b
000000000000002b 0215fffffc040000 0 00 00000000 4 0 1 0000000000000028
0000000000000028 0023151500000100 1 15 00000003 4 0 0 0000000000000029
0000000000000029 00731e1e00000100 1 1e 00000001 4 0 0 000000000000002a
000000000000002a 0102001e1d000000 0 00 00000000 4 0 0 000000000000002b
000000000000002b 0215fffffc040000 0 00 00000000 4 0 1 0000000000000028
0000000000000028 0023151500000100 1 15 00000004 4 0 0 0000000000000029
0000000000000029 00731e1e00000100 1 1e 00000000 4 0 0 000000000000002a
000000000000002a 0102001e1d000000 0 00 00000000 5 1 0 000000000000002b
000000000000002b 0215fffffc040000 0 00 00000000 5 1 0 000000000000002c
000000000000002c 7cf5000000000000 0 00 00000000 5 1 0 000000000000002d
DONE retired=51 fault=00 pc=000000000000002c
