0000000000000000 0013140000004d00 1 14 0000004d 0 0 0 0000000000000001 81269cbd f 81269cbd 0 00 81269cbd
0000000000000001 0013150000000000 1 15 00000000 0 0 0 0000000000000002 81269cbd f 81269cbd 0 00 81269cbd
0000000000000002 342002150000f000 0 00 00000000 0 0 0 0000000000000003 81269cbd f 81269cbd 1 02 81269cbd
0000000000000003 0013160000000100 1 16 00000001 0 0 0 0000000000000004 81269cbd f 81269cbd 0 00 81269cbd
0000000000000004 342004160000f000 0 00 00000000 0 0 0 0000000000000005 81269cbd f 81269cbd 1 04 81269cbd
0000000000000005 108104040001f000 0 00 00000000 0 0 0 0000000000000006 81269cbd f 81269cbd 1 04 81269cbd
0000000000000006 107106060020f000 0 00 00000000 0 0 0 0000000000000007 81269cbd f 81269cbd 1 06 81269cbd
0000000000000007 100105040000f000 0 00 00000000 0 0 0 0000000000000008 81269cbd f 81269cbd 1 05 81269cbd
0000000000000008 10410506c5e9f000 0 00 00000000 0 0 0 0000000000000009 81269cbd f 81269cbd 1 05 81269cbd
0000000000000009 101004020600f000 0 00 00000000 0 0 0 000000000000000a 81269cbd f 81269cbd 1 04 81269cbd
000000000000000a 104004020300f000 0 00 00000000 0 0 0 000000000000000b 81269cbd f 81269cbd 1 04 81269cbd
000000000000000b 3411020008b0c000 0 00 00000000 0 0 0 000000000000000c 81269cbd c 00000000 1 02 00000000
000000000000000c 10710306001ff000 0 00 00000000 0 0 0 000000000000000d 81269cbd f 81269cbd 1 03 81269cbd
000000000000000d 10710506003ff000 0 00 00000000 0 0 0 000000000000000e 81269cbd f 81269cbd 1 05 81269cbd
000000000000000e 341105000000d000 0 00 00000000 0 0 0 000000000000000f 81269cbd d 01041415 1 05 01041415
000000000000000f 10710202003ff000 0 00 00000000 0 0 0 0000000000000010 81269cbd f 81269cbd 1 02 81269cbd
0000000000000010 00131500aaaaaa00 1 15 ffaaaaaa 0 0 0 0000000000000011 81269cbd f 81269cbd 0 00 81269cbd
0000000000000011 342005150000f000 0 00 00000000 0 0 0 0000000000000012 81269cbd f 81269cbd 1 05 81269cbd
0000000000000012 107103040021f000 0 00 00000000 0 0 0 0000000000000013 81269cbd f 81269cbd 1 03 81269cbd
0000000000000013 106104050001f000 0 00 00000000 0 0 0 0000000000000014 81269cbd f 81269cbd 1 04 81269cbd
0000000000000014 102003050500f000 0 00 00000000 0 0 0 0000000000000015 81269cbd f 81269cbd 1 03 81269cbd
0000000000000015 341102000000f000 0 00 00000000 0 0 0 0000000000000016 81269cbd f 81269cbd 1 02 81269cbd
0000000000000016 34110500fe95f000 0 00 00000000 0 0 0 0000000000000017 81269cbd f 81269cbd 1 05 81269cbd
0000000000000017 100003040500f000 0 00 00000000 0 0 0 0000000000000018 81269cbd f 81269cbd 1 03 81269cbd
0000000000000018 1040060205001000 0 00 00000000 0 0 0 0000000000000019 81269cbd 1 00000001 1 06 00000001
0000000000000019 3400040400001000 0 00 00000000 0 0 0 000000000000001a 81269cbd 1 00000001 1 04 00000001
000000000000001a 0013150000000000 1 15 00000000 0 0 0 000000000000001b 81269cbd f 81269cbd 0 00 81269cbd
000000000000001b 342005150000f000 0 00 00000000 0 0 0 000000000000001c 81269cbd f 81269cbd 1 05 81269cbd
000000000000001c 0013150055555500 1 15 00555555 0 0 0 000000000000001d 81269cbd f 81269cbd 0 00 81269cbd
000000000000001d 342003150000f000 0 00 00000000 0 0 0 000000000000001e 81269cbd f 81269cbd 1 03 81269cbd
000000000000001e 104003040300f000 0 00 00000000 0 0 0 000000000000001f 81269cbd f 81269cbd 1 03 81269cbd
000000000000001f 10110205fffff000 0 00 00000000 0 0 0 0000000000000020 81269cbd f 81269cbd 1 02 81269cbd
0000000000000020 340003020000f000 0 00 00000000 0 0 0 0000000000000021 81269cbd f 81269cbd 1 03 81269cbd
0000000000000021 10610304003ff000 0 00 00000000 0 0 0 0000000000000022 81269cbd f 81269cbd 1 03 81269cbd
0000000000000022 340002060000f000 0 00 00000000 0 0 0 0000000000000023 81269cbd f 81269cbd 1 02 81269cbd
0000000000000023 1050050603003000 0 00 00000000 0 0 0 0000000000000024 81269cbd 3 802288a8 1 05 802288a8
0000000000000024 106102040021f000 0 00 00000000 0 0 0 0000000000000025 81269cbd f 81269cbd 1 02 81269cbd
0000000000000025 00131e0000000300 1 1e 00000003 0 0 0 0000000000000026 81269cbd f 81269cbd 0 00 81269cbd
0000000000000026 0023171700000100 1 17 00000001 0 0 0 0000000000000027 81269cbd f 81269cbd 0 00 81269cbd
0000000000000027 00731e1e00000100 1 1e 00000002 0 0 0 0000000000000028 81269cbd f 81269cbd 0 00 81269cbd
0000000000000028 0013180000000000 1 18 00000000 0 0 0 0000000000000029 81269cbd f 81269cbd 0 00 81269cbd
0000000000000029 0102001e18000000 0 00 00000000 4 0 0 000000000000002a 81269cbd f 81269cbd 0 00 81269cbd
000000000000002a 0215fffffb040000 0 00 00000000 4 0 1 0000000000000026 81269cbd f 81269cbd 0 00 81269cbd
0000000000000026 0023171700000100 1 17 00000002 4 0 0 0000000000000027 81269cbd f 81269cbd 0 00 81269cbd
0000000000000027 00731e1e00000100 1 1e 00000001 4 0 0 0000000000000028 81269cbd f 81269cbd 0 00 81269cbd
0000000000000028 0013180000000000 1 18 00000000 4 0 0 0000000000000029 81269cbd f 81269cbd 0 00 81269cbd
0000000000000029 0102001e18000000 0 00 00000000 4 0 0 000000000000002a 81269cbd f 81269cbd 0 00 81269cbd
000000000000002a 0215fffffb040000 0 00 00000000 4 0 1 0000000000000026 81269cbd f 81269cbd 0 00 81269cbd
0000000000000026 0023171700000100 1 17 00000003 4 0 0 0000000000000027 81269cbd f 81269cbd 0 00 81269cbd
0000000000000027 00731e1e00000100 1 1e 00000000 4 0 0 0000000000000028 81269cbd f 81269cbd 0 00 81269cbd
0000000000000028 0013180000000000 1 18 00000000 4 0 0 0000000000000029 81269cbd f 81269cbd 0 00 81269cbd
0000000000000029 0102001e18000000 0 00 00000000 5 1 0 000000000000002a 81269cbd f 81269cbd 0 00 81269cbd
000000000000002a 0215fffffb040000 0 00 00000000 5 1 0 000000000000002b 81269cbd f 81269cbd 0 00 81269cbd
000000000000002b 7cf5000000000000 0 00 00000000 5 1 0 000000000000002c 81269cbd f 81269cbd 0 00 81269cbd
DONE retired=54 fault=00 pc=000000000000002b
