0000000000000000 0013140000004d00 1 14 0000004d 0 0 0 0000000000000001 ffffffff f ffffffff 0 00 ffffffff
0000000000000001 340004030000f000 0 00 00000000 0 0 0 0000000000000002 ffffffff f ffffffff 1 04 ffffffff
0000000000000002 34110300339bf000 0 00 00000000 0 0 0 0000000000000003 ffffffff f ffffffff 1 03 ffffffff
0000000000000003 107104050020f000 0 00 00000000 0 0 0 0000000000000004 ffffffff f ffffffff 1 04 ffffffff
0000000000000004 00131500aaaaaa00 1 15 ffaaaaaa 0 0 0 0000000000000005 ffffffff f ffffffff 0 00 ffffffff
0000000000000005 342002150000f000 0 00 00000000 0 0 0 0000000000000006 ffffffff f ffffffff 1 02 ffffffff
0000000000000006 104005030600f000 0 00 00000000 0 0 0 0000000000000007 ffffffff f ffffffff 1 05 ffffffff
0000000000000007 100003040500f000 0 00 00000000 0 0 0 0000000000000008 ffffffff f ffffffff 1 03 ffffffff
0000000000000008 102003040200f000 0 00 00000000 0 0 0 0000000000000009 ffffffff f ffffffff 1 03 ffffffff
0000000000000009 107106060021f000 0 00 00000000 0 0 0 000000000000000a ffffffff f ffffffff 1 06 ffffffff
000000000000000a 10610603000ff000 0 00 00000000 0 0 0 000000000000000b ffffffff f ffffffff 1 06 ffffffff
000000000000000b 343002000000f000 0 00 00000000 0 0 0 000000000000000c ffffffff f ffffffff 1 02 ffffffff
000000000000000c 106106030010f000 0 00 00000000 0 0 0 000000000000000d ffffffff f ffffffff 1 06 ffffffff
000000000000000d 104005030200f000 0 00 00000000 0 0 0 000000000000000e ffffffff f ffffffff 1 05 ffffffff
000000000000000e 0013150055555500 1 15 00555555 0 0 0 000000000000000f ffffffff f ffffffff 0 00 ffffffff
000000000000000f 342005150000f000 0 00 00000000 0 0 0 0000000000000010 ffffffff f ffffffff 1 05 ffffffff
0000000000000010 1040030302009000 0 00 00000000 0 0 0 0000000000000011 ffffffff 9 d7935ad0 1 03 d7935ad0
0000000000000011 10110404a5c3f000 0 00 00000000 0 0 0 0000000000000012 ffffffff f ffffffff 1 04 ffffffff
0000000000000012 103005060500f000 0 00 00000000 0 0 0 0000000000000013 ffffffff f ffffffff 1 05 ffffffff
0000000000000013 3400040600005000 0 00 00000000 0 0 0 0000000000000014 ffffffff 5 d252209d 1 04 d252209d
0000000000000014 343005000000f000 0 00 00000000 0 0 0 0000000000000015 ffffffff f ffffffff 1 05 ffffffff
0000000000000015 10710502003ff000 0 00 00000000 0 0 0 0000000000000016 ffffffff f ffffffff 1 05 ffffffff
0000000000000016 106106050020f000 0 00 00000000 0 0 0 0000000000000017 ffffffff f ffffffff 1 06 ffffffff
0000000000000017 0013150000000000 1 15 00000000 0 0 0 0000000000000018 ffffffff f ffffffff 0 00 ffffffff
0000000000000018 342002150000f000 0 00 00000000 0 0 0 0000000000000019 ffffffff f ffffffff 1 02 ffffffff
0000000000000019 104003020300f000 0 00 00000000 0 0 0 000000000000001a ffffffff f ffffffff 1 03 ffffffff
000000000000001a 00131600aaaaaa00 1 16 ffaaaaaa 0 0 0 000000000000001b ffffffff f ffffffff 0 00 ffffffff
000000000000001b 342005160000f000 0 00 00000000 0 0 0 000000000000001c ffffffff f ffffffff 1 05 ffffffff
000000000000001c 108106050021f000 0 00 00000000 0 0 0 000000000000001d ffffffff f ffffffff 1 06 ffffffff
000000000000001d 104005020300f000 0 00 00000000 0 0 0 000000000000001e ffffffff f ffffffff 1 05 ffffffff
000000000000001e 00131e0000000100 1 1e 00000001 0 0 0 000000000000001f ffffffff f ffffffff 0 00 ffffffff
000000000000001f 0023171700000100 1 17 00000001 0 0 0 0000000000000020 ffffffff f ffffffff 0 00 ffffffff
0000000000000020 00731e1e00000100 1 1e 00000000 0 0 0 0000000000000021 ffffffff f ffffffff 0 00 ffffffff
0000000000000021 0013180000000000 1 18 00000000 0 0 0 0000000000000022 ffffffff f ffffffff 0 00 ffffffff
0000000000000022 0102001e18000000 0 00 00000000 5 1 0 0000000000000023 ffffffff f ffffffff 0 00 ffffffff
0000000000000023 0215fffffb040000 0 00 00000000 5 1 0 0000000000000024 ffffffff f ffffffff 0 00 ffffffff
0000000000000024 7cf5000000000000 0 00 00000000 5 1 0 0000000000000025 ffffffff f ffffffff 0 00 ffffffff
DONE retired=37 fault=00 pc=0000000000000024
