0000000000000000 0013140000004d00 1 14 0000004d 0 0 0 0000000000000001 00010008 f 00010008 0 00 00010008
0000000000000001 34110500427ff000 0 00 00000000 0 0 0 0000000000000002 00010008 f 00010008 1 05 00010008
0000000000000002 0013150000000000 1 15 00000000 0 0 0 0000000000000003 00010008 f 00010008 0 00 00010008
0000000000000003 342002150000f000 0 00 00000000 0 0 0 0000000000000004 00010008 f 00010008 1 02 00010008
0000000000000004 105002050200f000 0 00 00000000 0 0 0 0000000000000005 00010008 f 00010008 1 02 00010008
0000000000000005 343006000000f000 0 00 00000000 0 0 0 0000000000000006 00010008 f 00010008 1 06 00010008
0000000000000006 343005000000f000 0 00 00000000 0 0 0 0000000000000007 00010008 f 00010008 1 05 00010008
0000000000000007 10610305000ff000 0 00 00000000 0 0 0 0000000000000008 00010008 f 00010008 1 03 00010008
0000000000000008 340002050000a000 0 00 00000000 0 0 0 0000000000000009 00010008 a 00000008 1 02 00000008
0000000000000009 0013160000000000 1 16 00000000 0 0 0 000000000000000a 00010008 f 00010008 0 00 00010008
000000000000000a 342005160000f000 0 00 00000000 0 0 0 000000000000000b 00010008 f 00010008 1 05 00010008
000000000000000b 108103050021f000 0 00 00000000 0 0 0 000000000000000c 00010008 f 00010008 1 03 00010008
000000000000000c 34110600f331f000 0 00 00000000 0 0 0 000000000000000d 00010008 f 00010008 1 06 00010008
000000000000000d 104005060600f000 0 00 00000000 0 0 0 000000000000000e 00010008 f 00010008 1 05 00010008
000000000000000e 3400030200005000 0 00 00000000 0 0 0 000000000000000f 00010008 5 00010000 1 03 00010000
000000000000000f 102006040600f000 0 00 00000000 0 0 0 0000000000000010 00010008 f 00010008 1 06 00010008
0000000000000010 100005060600f000 0 00 00000000 0 0 0 0000000000000011 00010008 f 00010008 1 05 00010008
0000000000000011 10310403fffff000 0 00 00000000 0 0 0 0000000000000012 00010008 f 00010008 1 04 00010008
0000000000000012 340006060000f000 0 00 00000000 0 0 0 0000000000000013 00010008 f 00010008 1 06 00010008
0000000000000013 343006000000f000 0 00 00000000 0 0 0 0000000000000014 00010008 f 00010008 1 06 00010008
0000000000000014 10010402978ef000 0 00 00000000 0 0 0 0000000000000015 00010008 f 00010008 1 04 00010008
0000000000000015 103102068000f000 0 00 00000000 0 0 0 0000000000000016 00010008 f 00010008 1 02 00010008
0000000000000016 00131500aaaaaa00 1 15 ffaaaaaa 0 0 0 0000000000000017 00010008 f 00010008 0 00 00010008
0000000000000017 342006150000f000 0 00 00000000 0 0 0 0000000000000018 00010008 f 00010008 1 06 00010008
0000000000000018 1000060404006000 0 00 00000000 0 0 0 0000000000000019 00010008 6 00010008 1 06 00010008
0000000000000019 1000030502000000 0 00 00000000 0 0 0 000000000000001a 00010008 0 00000008 1 03 00000008
000000000000001a 340006020000f000 0 00 00000000 0 0 0 000000000000001b 00010008 f 00010008 1 06 00010008
000000000000001b 340003040000f000 0 00 00000000 0 0 0 000000000000001c 00010008 f 00010008 1 03 00010008
000000000000001c 340004050000f000 0 00 00000000 0 0 0 000000000000001d 00010008 f 00010008 1 04 00010008
000000000000001d 340003030000f000 0 00 00000000 0 0 0 000000000000001e 00010008 f 00010008 1 03 00010008
000000000000001e 3400030300001000 0 00 00000000 0 0 0 000000000000001f 00010008 1 00000000 1 03 00000000
000000000000001f 106103020000f000 0 00 00000000 0 0 0 0000000000000020 00010008 f 00010008 1 03 00010008
0000000000000020 3430060000002000 0 00 00000000 0 0 0 0000000000000021 00010008 2 00010008 1 06 00010008
0000000000000021 343006000000c000 0 00 00000000 0 0 0 0000000000000022 00010008 c 00010000 1 06 00010000
0000000000000022 00131e0000000200 1 1e 00000002 0 0 0 0000000000000023 00010008 f 00010008 0 00 00010008
0000000000000023 0023171700000100 1 17 00000001 0 0 0 0000000000000024 00010008 f 00010008 0 00 00010008
0000000000000024 00731e1e00000100 1 1e 00000001 0 0 0 0000000000000025 00010008 f 00010008 0 00 00010008
0000000000000025 0013180000000000 1 18 00000000 0 0 0 0000000000000026 00010008 f 00010008 0 00 00010008
0000000000000026 0102001e18000000 0 00 00000000 4 0 0 0000000000000027 00010008 f 00010008 0 00 00010008
0000000000000027 0215fffffb040000 0 00 00000000 4 0 1 0000000000000023 00010008 f 00010008 0 00 00010008
0000000000000023 0023171700000100 1 17 00000002 4 0 0 0000000000000024 00010008 f 00010008 0 00 00010008
0000000000000024 00731e1e00000100 1 1e 00000000 4 0 0 0000000000000025 00010008 f 00010008 0 00 00010008
0000000000000025 0013180000000000 1 18 00000000 4 0 0 0000000000000026 00010008 f 00010008 0 00 00010008
0000000000000026 0102001e18000000 0 00 00000000 5 1 0 0000000000000027 00010008 f 00010008 0 00 00010008
0000000000000027 0215fffffb040000 0 00 00000000 5 1 0 0000000000000028 00010008 f 00010008 0 00 00010008
0000000000000028 7cf5000000000000 0 00 00000000 5 1 0 0000000000000029 00010008 f 00010008 0 00 00010008
DONE retired=46 fault=00 pc=0000000000000028
