0000000000000000 0013140000004d00 1 14 0000004d 0 0 0 0000000000000001 3fffffff f 3fffffff 0 00 3fffffff
0000000000000001 0013160000000000 1 16 00000000 0 0 0 0000000000000002 3fffffff f 3fffffff 0 00 3fffffff
0000000000000002 342005160000f000 0 00 00000000 0 0 0 0000000000000003 3fffffff f 3fffffff 1 05 3fffffff
0000000000000003 10810205001ff000 0 00 00000000 0 0 0 0000000000000004 3fffffff f 3fffffff 1 02 3fffffff
0000000000000004 34110500a7d7f000 0 00 00000000 0 0 0 0000000000000005 3fffffff f 3fffffff 1 05 3fffffff
0000000000000005 107105060010f000 0 00 00000000 0 0 0 0000000000000006 3fffffff f 3fffffff 1 05 3fffffff
0000000000000006 104006030200f000 0 00 00000000 0 0 0 0000000000000007 3fffffff f 3fffffff 1 06 3fffffff
0000000000000007 104005030400f000 0 00 00000000 0 0 0 0000000000000008 3fffffff f 3fffffff 1 05 3fffffff
0000000000000008 340002060000f000 0 00 00000000 0 0 0 0000000000000009 3fffffff f 3fffffff 1 02 3fffffff
0000000000000009 3411030000019000 0 00 00000000 0 0 0 000000000000000a 3fffffff 9 15555555 1 03 15555555
000000000000000a 107103040010f000 0 00 00000000 0 0 0 000000000000000b 3fffffff f 3fffffff 1 03 3fffffff
000000000000000b 0013160000000000 1 16 00000000 0 0 0 000000000000000c 3fffffff f 3fffffff 0 00 3fffffff
000000000000000c 342002160000f000 0 00 00000000 0 0 0 000000000000000d 3fffffff f 3fffffff 1 02 3fffffff
000000000000000d 10810302000ff000 0 00 00000000 0 0 0 000000000000000e 3fffffff f 3fffffff 1 03 3fffffff
000000000000000e 101005020600f000 0 00 00000000 0 0 0 000000000000000f 3fffffff f 3fffffff 1 05 3fffffff
000000000000000f 0013160000000000 1 16 00000000 0 0 0 0000000000000010 3fffffff f 3fffffff 0 00 3fffffff
0000000000000010 342002160000f000 0 00 00000000 0 0 0 0000000000000011 3fffffff f 3fffffff 1 02 3fffffff
0000000000000011 108104020010f000 0 00 00000000 0 0 0 0000000000000012 3fffffff f 3fffffff 1 04 3fffffff
0000000000000012 0013150055555500 1 15 00555555 0 0 0 0000000000000013 3fffffff f 3fffffff 0 00 3fffffff
0000000000000013 342004150000f000 0 00 00000000 0 0 0 0000000000000014 3fffffff f 3fffffff 1 04 3fffffff
0000000000000014 104003040200f000 0 00 00000000 0 0 0 0000000000000015 3fffffff f 3fffffff 1 03 3fffffff
0000000000000015 340006050000f000 0 00 00000000 0 0 0 0000000000000016 3fffffff f 3fffffff 1 06 3fffffff
0000000000000016 101104040000f000 0 00 00000000 0 0 0 0000000000000017 3fffffff f 3fffffff 1 04 3fffffff
0000000000000017 103005050400d000 0 00 00000000 0 0 0 0000000000000018 3fffffff d 3c4b332e 1 05 3c4b332e
0000000000000018 102006050200f000 0 00 00000000 0 0 0 0000000000000019 3fffffff f 3fffffff 1 06 3fffffff
0000000000000019 101103060001f000 0 00 00000000 0 0 0 000000000000001a 3fffffff f 3fffffff 1 03 3fffffff
000000000000001a 340005020000f000 0 00 00000000 0 0 0 000000000000001b 3fffffff f 3fffffff 1 05 3fffffff
000000000000001b 00131600ffffff00 1 16 ffffffff 0 0 0 000000000000001c 3fffffff f 3fffffff 0 00 3fffffff
000000000000001c 342004160000f000 0 00 00000000 0 0 0 000000000000001d 3fffffff f 3fffffff 1 04 3fffffff
000000000000001d 10810204001ff000 0 00 00000000 0 0 0 000000000000001e 3fffffff f 3fffffff 1 02 3fffffff
000000000000001e 104003050400c000 0 00 00000000 0 0 0 000000000000001f 3fffffff c 00000001 1 03 00000001
000000000000001f 3411020054875000 0 00 00000000 0 0 0 0000000000000020 3fffffff 5 00000000 1 02 00000000
0000000000000020 3400040600000000 0 00 00000000 0 0 0 0000000000000021 3fffffff 0 3fffffff 1 04 3fffffff
0000000000000021 0013160000000000 1 16 00000000 0 0 0 0000000000000022 3fffffff f 3fffffff 0 00 3fffffff
0000000000000022 342004160000f000 0 00 00000000 0 0 0 0000000000000023 3fffffff f 3fffffff 1 04 3fffffff
0000000000000023 108103040021f000 0 00 00000000 0 0 0 0000000000000024 3fffffff f 3fffffff 1 03 3fffffff
0000000000000024 10710602001ff000 0 00 00000000 0 0 0 0000000000000025 3fffffff f 3fffffff 1 06 3fffffff
0000000000000025 00131e0000000100 1 1e 00000001 0 0 0 0000000000000026 3fffffff f 3fffffff 0 00 3fffffff
0000000000000026 0023171700000100 1 17 00000001 0 0 0 0000000000000027 3fffffff f 3fffffff 0 00 3fffffff
0000000000000027 00731e1e00000100 1 1e 00000000 0 0 0 0000000000000028 3fffffff f 3fffffff 0 00 3fffffff
0000000000000028 0013180000000000 1 18 00000000 0 0 0 0000000000000029 3fffffff f 3fffffff 0 00 3fffffff
0000000000000029 0102001e18000000 0 00 00000000 5 1 0 000000000000002a 3fffffff f 3fffffff 0 00 3fffffff
000000000000002a 0215fffffb040000 0 00 00000000 5 1 0 000000000000002b 3fffffff f 3fffffff 0 00 3fffffff
000000000000002b 7cf5000000000000 0 00 00000000 5 1 0 000000000000002c 3fffffff f 3fffffff 0 00 3fffffff
DONE retired=44 fault=00 pc=000000000000002b
