0000000000000000 00131d0000000000 1 1d 00000000 0 0 0 0000000000000001
0000000000000001 00a3110a00000e00 1 11 00000000 0 0 0 0000000000000002
0000000000000002 001314001ad57b00 1 14 001ad57b 0 0 0 0000000000000003
0000000000000003 0092011300000000 1 01 ffffffff 0 0 0 0000000000000004
0000000000000004 00131300c4b9bc00 1 13 ffc4b9bc 0 0 0 0000000000000005
0000000000000005 8506000000000000 0 00 00000000 0 0 0 0000000000000006
0000000000000006 00130700abf75d00 1 07 ffabf75d 0 0 0 0000000000000007
0000000000000007 00131e0000000400 1 1e 00000004 0 0 0 0000000000000008
0000000000000008 0023151500000100 1 15 00000001 0 0 0 0000000000000009
0000000000000009 00731e1e00000100 1 1e 00000003 0 0 0 000000000000000a
000000000000000a 0102001e1d000000 0 00 00000000 4 0 0 000000000000000b
000000000000000b 0215fffffc040000 0 00 00000000 4 0 1 0000000000000008
0000000000000008 0023151500000100 1 15 00000002 4 0 0 0000000000000009
0000000000000009 00731e1e00000100 1 1e 00000002 4 0 0 000000000000000a
000000000000000a 0102001e1d000000 0 00 00000000 4 0 0 000000000000000b
000000000000000b 0215fffffc040000 0 00 00000000 4 0 1 0000000000000008
0000000000000008 0023151500000100 1 15 00000003 4 0 0 0000000000000009
0000000000000009 00731e1e00000100 1 1e 00000001 4 0 0 000000000000000a
000000000000000a 0102001e1d000000 0 00 00000000 4 0 0 000000000000000b
000000000000000b 0215fffffc040000 0 00 00000000 4 0 1 0000000000000008
0000000000000008 0023151500000100 1 15 00000004 4 0 0 0000000000000009
0000000000000009 00731e1e00000100 1 1e 00000000 4 0 0 000000000000000a
000000000000000a 0102001e1d000000 0 00 00000000 5 1 0 000000000000000b
000000000000000b 0215fffffc040000 0 00 00000000 5 1 0 000000000000000c
000000000000000c 7cf5000000000000 0 00 00000000 5 1 0 000000000000000d
DONE retired=25 fault=00 pc=000000000000000c
