0000000000000000 343001000000f000 0 00 00000000 0 0 0 0 0 0 0000000000000001 ffffffff f ffffffff 1 01
0000000000000001 341107000001f000 0 00 00000000 0 0 0 0 0 0 0000000000000002 ffffffff f ffffffff 1 07
0000000000000002 34110c000003f000 0 00 00000000 0 0 0 0 0 0 0000000000000003 ffffffff f ffffffff 1 0c
0000000000000003 304910a0c0000000 0 00 00000000 0 0 0 0 0 0 0000000000000004 ffffffff f ffffffff 0 00
0000000000000004 7c1500013c10013d 0 00 00000000 0 0 0 0 0 0 0000000000000141 ffffffff f ffffffff 0 00
0000000000000141 104005010c00f000 0 00 00000000 0 0 0 0 0 0 0000000000000142 ffffffff f ffffffff 1 05
0000000000000142 7c25000000000000 0 00 00000000 0 0 0 0 0 0 0000000000000143 ffffffff f ffffffff 0 00
0000000000000143 305990a070000000 0 00 00000000 0 0 0 0 0 0 0000000000000144 ffffffff f ffffffff 0 00
0000000000000144 7c1500000c90000d 0 00 00000000 0 0 0 0 0 0 0000000000000151 ffffffff f ffffffff 0 00
0000000000000151 110003040500f000 0 00 00000000 0 0 0 0 0 0 0000000000000152 ffffffff f ffffffff 1 03
0000000000000152 7c25000000000000 0 00 00000000 0 0 0 0 0 0 0000000000000153 ffffffff f ffffffff 0 00
0000000000000153 34110d000000f000 0 00 00000000 0 0 0 0 0 0 0000000000000154 ffffffff f ffffffff 1 0d
0000000000000154 10300c010d00f000 0 00 00000000 0 0 0 0 0 0 0000000000000155 ffffffff f ffffffff 1 0c
0000000000000155 10000c0c0700f000 0 00 00000000 0 0 0 0 0 0 0000000000000156 ffffffff f ffffffff 1 0c
0000000000000156 34110a000000f000 0 00 00000000 0 0 0 0 0 0 0000000000000157 ffffffff f ffffffff 1 0a
0000000000000157 7c85000007000000 0 00 00000000 0 0 0 0 0 0 0000000000000158 ffffffff f ffffffff 0 00
0000000000000158 3059e0a0c0000000 0 00 00000000 0 0 0 0 0 0 0000000000000159 ffffffff f ffffffff 0 00
0000000000000159 3029d0a0c0000000 0 00 00000000 0 0 0 0 0 0 000000000000015a ffffffff f ffffffff 0 00
000000000000015a 3049a0a070000000 0 00 00000000 0 0 0 0 0 0 000000000000015b ffffffff f ffffffff 0 00
000000000000015b 7c15000000a00001 0 00 00000000 0 0 0 0 0 0 000000000000015c ffffffff f ffffffff 0 00
000000000000015c 101005070100f000 0 00 00000000 0 0 0 0 0 0 000000000000015d ffffffff f ffffffff 1 05
000000000000015d 7c25000000000000 0 00 00000000 0 0 0 0 0 0 000000000000015e ffffffff f ffffffff 0 00
000000000000015e 10000a0a0700f000 0 00 00000000 0 0 0 0 0 0 000000000000015f ffffffff f ffffffff 1 0a
000000000000015f 7c95fffff8d00000 0 00 00000000 0 0 0 0 0 0 0000000000000158 ffffffff f ffffffff 0 00
0000000000000158 3059e0a0c0000000 0 00 00000000 0 0 0 0 0 0 0000000000000159 ffffffff f ffffffff 0 00
0000000000000159 3029d0a0c0000000 0 00 00000000 0 0 0 0 0 0 000000000000015a ffffffff f ffffffff 0 00
000000000000015a 3049a0a070000000 0 00 00000000 0 0 0 0 0 0 000000000000015b ffffffff f ffffffff 0 00
000000000000015b 7c15000000a00001 0 00 00000000 0 0 0 0 0 0 000000000000015c ffffffff f ffffffff 0 00
000000000000015c 101005070100f000 0 00 00000000 0 0 0 0 0 0 000000000000015d ffffffff f ffffffff 1 05
000000000000015d 7c25000000000000 0 00 00000000 0 0 0 0 0 0 000000000000015e ffffffff f ffffffff 0 00
000000000000015e 10000a0a0700f000 0 00 00000000 0 0 0 0 0 0 000000000000015f ffffffff f ffffffff 1 0a
000000000000015f 7c95fffff8d00000 0 00 00000000 0 0 0 0 0 0 0000000000000160 ffffffff f ffffffff 0 00
0000000000000160 7cf5000000000000 0 00 00000000 0 0 0 0 0 0 0000000000000161 ffffffff f ffffffff 0 00
