0000000000000000 0013140000004d00 1 14 0000004d 0 0 0 0000000000000001 ffffffff f ffffffff 0 00 ffffffff
0000000000000001 106104060000f000 0 00 00000000 0 0 0 0000000000000002 ffffffff f ffffffff 1 04 ffffffff
0000000000000002 10610504003ff000 0 00 00000000 0 0 0 0000000000000003 ffffffff f ffffffff 1 05 ffffffff
0000000000000003 107102030010f000 0 00 00000000 0 0 0 0000000000000004 ffffffff f ffffffff 1 02 ffffffff
0000000000000004 0013150055555500 1 15 00555555 0 0 0 0000000000000005 ffffffff f ffffffff 0 00 ffffffff
0000000000000005 3420051500002000 0 00 00000000 0 0 0 0000000000000006 ffffffff 2 55555555 1 05 55555555
0000000000000006 105106040001f000 0 00 00000000 0 0 0 0000000000000007 ffffffff f ffffffff 1 06 ffffffff
0000000000000007 343005000000a000 0 00 00000000 0 0 0 0000000000000008 ffffffff a ffffffff 1 05 ffffffff
0000000000000008 105002020300f000 0 00 00000000 0 0 0 0000000000000009 ffffffff f ffffffff 1 02 ffffffff
0000000000000009 10710406000cf000 0 00 00000000 0 0 0 000000000000000a ffffffff f ffffffff 1 04 ffffffff
000000000000000a 10710406003ff000 0 00 00000000 0 0 0 000000000000000b ffffffff f ffffffff 1 04 ffffffff
000000000000000b 106103050020f000 0 00 00000000 0 0 0 000000000000000c ffffffff f ffffffff 1 03 ffffffff
000000000000000c 1000030504001000 0 00 00000000 0 0 0 000000000000000d ffffffff 1 aaaaaaaa 1 03 aaaaaaaa
000000000000000d 10610604001af000 0 00 00000000 0 0 0 000000000000000e ffffffff f ffffffff 1 06 ffffffff
000000000000000e 1030050204004000 0 00 00000000 0 0 0 000000000000000f ffffffff 4 d20a7c18 1 05 d20a7c18
000000000000000f 10610305003ff000 0 00 00000000 0 0 0 0000000000000010 ffffffff f ffffffff 1 03 ffffffff
0000000000000010 00131e0000000300 1 1e 00000003 0 0 0 0000000000000011 ffffffff f ffffffff 0 00 ffffffff
0000000000000011 0023171700000100 1 17 00000001 0 0 0 0000000000000012 ffffffff f ffffffff 0 00 ffffffff
0000000000000012 00731e1e00000100 1 1e 00000002 0 0 0 0000000000000013 ffffffff f ffffffff 0 00 ffffffff
0000000000000013 0013180000000000 1 18 00000000 0 0 0 0000000000000014 ffffffff f ffffffff 0 00 ffffffff
0000000000000014 0102001e18000000 0 00 00000000 4 0 0 0000000000000015 ffffffff f ffffffff 0 00 ffffffff
0000000000000015 0215fffffb040000 0 00 00000000 4 0 1 0000000000000011 ffffffff f ffffffff 0 00 ffffffff
0000000000000011 0023171700000100 1 17 00000002 4 0 0 0000000000000012 ffffffff f ffffffff 0 00 ffffffff
0000000000000012 00731e1e00000100 1 1e 00000001 4 0 0 0000000000000013 ffffffff f ffffffff 0 00 ffffffff
0000000000000013 0013180000000000 1 18 00000000 4 0 0 0000000000000014 ffffffff f ffffffff 0 00 ffffffff
0000000000000014 0102001e18000000 0 00 00000000 4 0 0 0000000000000015 ffffffff f ffffffff 0 00 ffffffff
0000000000000015 0215fffffb040000 0 00 00000000 4 0 1 0000000000000011 ffffffff f ffffffff 0 00 ffffffff
0000000000000011 0023171700000100 1 17 00000003 4 0 0 0000000000000012 ffffffff f ffffffff 0 00 ffffffff
0000000000000012 00731e1e00000100 1 1e 00000000 4 0 0 0000000000000013 ffffffff f ffffffff 0 00 ffffffff
0000000000000013 0013180000000000 1 18 00000000 4 0 0 0000000000000014 ffffffff f ffffffff 0 00 ffffffff
0000000000000014 0102001e18000000 0 00 00000000 5 1 0 0000000000000015 ffffffff f ffffffff 0 00 ffffffff
0000000000000015 0215fffffb040000 0 00 00000000 5 1 0 0000000000000016 ffffffff f ffffffff 0 00 ffffffff
0000000000000016 7cf5000000000000 0 00 00000000 5 1 0 0000000000000017 ffffffff f ffffffff 0 00 ffffffff
DONE retired=33 fault=00 pc=0000000000000016
