0000000000000000 0013140000004d00 1 14 0000004d 0 0 0 0000000000000001 8fd3d50d f 8fd3d50d 0 00 8fd3d50d
0000000000000001 101104060001f000 0 00 00000000 0 0 0 0000000000000002 8fd3d50d f 8fd3d50d 1 04 8fd3d50d
0000000000000002 340006030000f000 0 00 00000000 0 0 0 0000000000000003 8fd3d50d f 8fd3d50d 1 06 8fd3d50d
0000000000000003 340003030000f000 0 00 00000000 0 0 0 0000000000000004 8fd3d50d f 8fd3d50d 1 03 8fd3d50d
0000000000000004 00131500ffffff00 1 15 ffffffff 0 0 0 0000000000000005 8fd3d50d f 8fd3d50d 0 00 8fd3d50d
0000000000000005 342004150000f000 0 00 00000000 0 0 0 0000000000000006 8fd3d50d f 8fd3d50d 1 04 8fd3d50d
0000000000000006 00131600ffffff00 1 16 ffffffff 0 0 0 0000000000000007 8fd3d50d f 8fd3d50d 0 00 8fd3d50d
0000000000000007 342002160000f000 0 00 00000000 0 0 0 0000000000000008 8fd3d50d f 8fd3d50d 1 02 8fd3d50d
0000000000000008 108103020003f000 0 00 00000000 0 0 0 0000000000000009 8fd3d50d f 8fd3d50d 1 03 8fd3d50d
0000000000000009 103003020400f000 0 00 00000000 0 0 0 000000000000000a 8fd3d50d f 8fd3d50d 1 03 8fd3d50d
000000000000000a 101005020400f000 0 00 00000000 0 0 0 000000000000000b 8fd3d50d f 8fd3d50d 1 05 8fd3d50d
000000000000000b 341104009738f000 0 00 00000000 0 0 0 000000000000000c 8fd3d50d f 8fd3d50d 1 04 8fd3d50d
000000000000000c 104004030200f000 0 00 00000000 0 0 0 000000000000000d 8fd3d50d f 8fd3d50d 1 04 8fd3d50d
000000000000000d 343002000000f000 0 00 00000000 0 0 0 000000000000000e 8fd3d50d f 8fd3d50d 1 02 8fd3d50d
000000000000000e 104003020600f000 0 00 00000000 0 0 0 000000000000000f 8fd3d50d f 8fd3d50d 1 03 8fd3d50d
000000000000000f 343002000000f000 0 00 00000000 0 0 0 0000000000000010 8fd3d50d f 8fd3d50d 1 02 8fd3d50d
0000000000000010 107106060021f000 0 00 00000000 0 0 0 0000000000000011 8fd3d50d f 8fd3d50d 1 06 8fd3d50d
0000000000000011 104002040600f000 0 00 00000000 0 0 0 0000000000000012 8fd3d50d f 8fd3d50d 1 02 8fd3d50d
0000000000000012 00131600ffffff00 1 16 ffffffff 0 0 0 0000000000000013 8fd3d50d f 8fd3d50d 0 00 8fd3d50d
0000000000000013 342004160000f000 0 00 00000000 0 0 0 0000000000000014 8fd3d50d f 8fd3d50d 1 04 8fd3d50d
0000000000000014 108106040000f000 0 00 00000000 0 0 0 0000000000000015 8fd3d50d f 8fd3d50d 1 06 8fd3d50d
0000000000000015 1001040649d7f000 0 00 00000000 0 0 0 0000000000000016 8fd3d50d f 8fd3d50d 1 04 8fd3d50d
0000000000000016 107105030001f000 0 00 00000000 0 0 0 0000000000000017 8fd3d50d f 8fd3d50d 1 05 8fd3d50d
0000000000000017 343004000000f000 0 00 00000000 0 0 0 0000000000000018 8fd3d50d f 8fd3d50d 1 04 8fd3d50d
0000000000000018 340006040000f000 0 00 00000000 0 0 0 0000000000000019 8fd3d50d f 8fd3d50d 1 06 8fd3d50d
0000000000000019 0013160000000100 1 16 00000001 0 0 0 000000000000001a 8fd3d50d f 8fd3d50d 0 00 8fd3d50d
000000000000001a 342003160000f000 0 00 00000000 0 0 0 000000000000001b 8fd3d50d f 8fd3d50d 1 03 8fd3d50d
000000000000001b 108102030021f000 0 00 00000000 0 0 0 000000000000001c 8fd3d50d f 8fd3d50d 1 02 8fd3d50d
000000000000001c 00131e0000000100 1 1e 00000001 0 0 0 000000000000001d 8fd3d50d f 8fd3d50d 0 00 8fd3d50d
000000000000001d 0023171700000100 1 17 00000001 0 0 0 000000000000001e 8fd3d50d f 8fd3d50d 0 00 8fd3d50d
000000000000001e 00731e1e00000100 1 1e 00000000 0 0 0 000000000000001f 8fd3d50d f 8fd3d50d 0 00 8fd3d50d
000000000000001f 0013180000000000 1 18 00000000 0 0 0 0000000000000020 8fd3d50d f 8fd3d50d 0 00 8fd3d50d
0000000000000020 0102001e18000000 0 00 00000000 5 1 0 0000000000000021 8fd3d50d f 8fd3d50d 0 00 8fd3d50d
0000000000000021 0215fffffb040000 0 00 00000000 5 1 0 0000000000000022 8fd3d50d f 8fd3d50d 0 00 8fd3d50d
0000000000000022 7cf5000000000000 0 00 00000000 5 1 0 0000000000000023 8fd3d50d f 8fd3d50d 0 00 8fd3d50d
DONE retired=35 fault=00 pc=0000000000000022
