0000000000000000 00131d0000000000 1 1d 00000000 0 0 0 0000000000000001
0000000000000001 8506000000000000 0 00 00000000 0 0 0 0000000000000002
0000000000000002 0013030000000100 1 03 00000001 0 0 0 0000000000000003
0000000000000003 00b30c0a00000500 1 0c 00000000 0 0 0 0000000000000004
0000000000000004 0122000c05000000 0 00 00000000 5 0 0 0000000000000005
0000000000000005 02150000010e0000 0 00 00000000 5 0 1 0000000000000007
0000000000000007 0042100e14000000 1 10 00000000 5 0 0 0000000000000008
0000000000000008 00130a00a68ad500 1 0a ffa68ad5 5 0 0 0000000000000009
0000000000000009 007205050e000000 1 05 00000000 5 0 0 000000000000000a
000000000000000a 0092120a00000000 1 12 0059752a 5 0 0 000000000000000b
000000000000000b 0022050312000000 1 05 0059752b 5 0 0 000000000000000c
000000000000000c 8506000000000000 0 00 00000000 5 0 0 000000000000000d
000000000000000d 8506000000000000 0 00 00000000 5 0 0 000000000000000e
000000000000000e 006201010b000000 1 01 00000000 5 0 0 000000000000000f
000000000000000f 00920d0100000000 1 0d ffffffff 5 0 0 0000000000000010
0000000000000010 0023080d94bfa100 1 08 ff94bfa0 5 0 0 0000000000000011
0000000000000011 0306000000001300 1 13 00000000 5 0 0 0000000000000012
0000000000000012 00a207140f000000 1 07 00000000 5 0 0 0000000000000013
0000000000000013 0013090055555500 1 09 00555555 5 0 0 0000000000000014
0000000000000014 00730b0e00000000 1 0b 00000000 5 0 0 0000000000000015
0000000000000015 00a30b0600001100 1 0b 00000000 5 0 0 0000000000000016
0000000000000016 007202030c000000 1 02 00000001 5 0 0 0000000000000017
0000000000000017 8506000000000000 0 00 00000000 5 0 0 0000000000000018
0000000000000018 0013130000000100 1 13 00000001 5 0 0 0000000000000019
0000000000000019 8506000000000000 0 00 00000000 5 0 0 000000000000001a
000000000000001a 0306000000001400 1 14 00000000 5 0 0 000000000000001b
000000000000001b 0082111213000000 1 11 0059752b 5 0 0 000000000000001c
000000000000001c 8506000000000000 0 00 00000000 5 0 0 000000000000001d
000000000000001d 00820f0104000000 1 0f 00000000 5 0 0 000000000000001e
000000000000001e 0112000b06000000 0 00 00000000 5 0 0 000000000000001f
000000000000001f 0215000002030000 0 00 00000000 5 0 1 0000000000000022
0000000000000022 0112001107000000 0 00 00000000 4 0 0 0000000000000023
0000000000000023 02150000020c0000 0 00 00000000 4 0 1 0000000000000026
0000000000000026 0112000f13000000 0 00 00000000 2 1 0 0000000000000027
0000000000000027 0215000001020000 0 00 00000000 2 1 0 0000000000000028
0000000000000028 8506000000000000 0 00 00000000 2 1 0 0000000000000029
0000000000000029 0306000000001000 1 10 00000000 2 1 0 000000000000002a
000000000000002a 00a2040a0d000000 1 04 00000001 2 1 0 000000000000002b
000000000000002b 8506000000000000 0 00 00000000 2 1 0 000000000000002c
000000000000002c 0013120030117700 1 12 00301177 2 1 0 000000000000002d
000000000000002d 00a30d0f00000900 1 0d 00000000 2 1 0 000000000000002e
000000000000002e 8506000000000000 0 00 00000000 2 1 0 000000000000002f
000000000000002f 00130c005e8a9f00 1 0c 005e8a9f 2 1 0 0000000000000030
0000000000000030 00131e0000000100 1 1e 00000001 2 1 0 0000000000000031
0000000000000031 0023151500000100 1 15 00000001 2 1 0 0000000000000032
0000000000000032 00731e1e00000100 1 1e 00000000 2 1 0 0000000000000033
0000000000000033 0102001e1d000000 0 00 00000000 5 1 0 0000000000000034
0000000000000034 0215fffffc040000 0 00 00000000 5 1 0 0000000000000035
0000000000000035 7cf5000000000000 0 00 00000000 5 1 0 0000000000000036
DONE retired=49 fault=00 pc=0000000000000035
