0000000000000000 00131d0000000000 1 1d 00000000 0 0 0 0000000000000001
0000000000000001 0032140a13000000 1 14 00000000 0 0 0 0000000000000002
0000000000000002 008205140a000000 1 05 00000000 0 0 0 0000000000000003
0000000000000003 0122000510000000 0 00 00000000 5 0 0 0000000000000004
0000000000000004 02150000030d0000 0 00 00000000 5 0 0 0000000000000005
0000000000000005 8506000000000000 0 00 00000000 5 0 0 0000000000000006
0000000000000006 8506000000000000 0 00 00000000 5 0 0 0000000000000007
0000000000000007 8506000000000000 0 00 00000000 5 0 0 0000000000000008
0000000000000008 00130900d2a92900 1 09 ffd2a929 5 0 0 0000000000000009
0000000000000009 8506000000000000 0 00 00000000 5 0 0 000000000000000a
000000000000000a 0122000e01000000 0 00 00000000 5 0 0 000000000000000b
000000000000000b 0215000001030000 0 00 00000000 5 0 1 000000000000000d
000000000000000d 00130e005c93b400 1 0e 005c93b4 5 0 0 000000000000000e
000000000000000e 0062100714000000 1 10 00000000 5 0 0 000000000000000f
000000000000000f 8506000000000000 0 00 00000000 5 0 0 0000000000000010
0000000000000010 0306000000000100 1 01 00000000 5 0 0 0000000000000011
0000000000000011 00720b1013000000 1 0b 00000000 5 0 0 0000000000000012
0000000000000012 0073110964791100 1 11 ff6e3018 5 0 0 0000000000000013
0000000000000013 00130e00fa1acf00 1 0e fffa1acf 5 0 0 0000000000000014
0000000000000014 00130c00a1e05b00 1 0c ffa1e05b 5 0 0 0000000000000015
0000000000000015 001308001d6e7700 1 08 001d6e77 5 0 0 0000000000000016
0000000000000016 8506000000000000 0 00 00000000 5 0 0 0000000000000017
0000000000000017 0052060703000000 1 06 00000000 5 0 0 0000000000000018
0000000000000018 0092070900000000 1 07 002d56d6 5 0 0 0000000000000019
0000000000000019 012200120b000000 0 00 00000000 5 0 0 000000000000001a
000000000000001a 02150000020e0000 0 00 00000000 5 0 1 000000000000001d
000000000000001d 8506000000000000 0 00 00000000 5 0 0 000000000000001e
000000000000001e 00920f0f00000000 1 0f ffffffff 5 0 0 000000000000001f
000000000000001f 00131e0000000300 1 1e 00000003 5 0 0 0000000000000020
0000000000000020 0023151500000100 1 15 00000001 5 0 0 0000000000000021
0000000000000021 00731e1e00000100 1 1e 00000002 5 0 0 0000000000000022
0000000000000022 0102001e1d000000 0 00 00000000 4 0 0 0000000000000023
0000000000000023 0215fffffc040000 0 00 00000000 4 0 1 0000000000000020
0000000000000020 0023151500000100 1 15 00000002 4 0 0 0000000000000021
0000000000000021 00731e1e00000100 1 1e 00000001 4 0 0 0000000000000022
0000000000000022 0102001e1d000000 0 00 00000000 4 0 0 0000000000000023
0000000000000023 0215fffffc040000 0 00 00000000 4 0 1 0000000000000020
0000000000000020 0023151500000100 1 15 00000003 4 0 0 0000000000000021
0000000000000021 00731e1e00000100 1 1e 00000000 4 0 0 0000000000000022
0000000000000022 0102001e1d000000 0 00 00000000 5 1 0 0000000000000023
0000000000000023 0215fffffc040000 0 00 00000000 5 1 0 0000000000000024
0000000000000024 7cf5000000000000 0 00 00000000 5 1 0 0000000000000025
DONE retired=42 fault=00 pc=0000000000000024
