0000000000000000 0013140000004d00 1 14 0000004d 0 0 0 0000000000000001 ffffffff f ffffffff 0 00 ffffffff
0000000000000001 107102060001f000 0 00 00000000 0 0 0 0000000000000002 ffffffff f ffffffff 1 02 ffffffff
0000000000000002 0013150000000000 1 15 00000000 0 0 0 0000000000000003 ffffffff f ffffffff 0 00 ffffffff
0000000000000003 3420021500009000 0 00 00000000 0 0 0 0000000000000004 ffffffff 9 ffffffff 1 02 ffffffff
0000000000000004 104003020600f000 0 00 00000000 0 0 0 0000000000000005 ffffffff f ffffffff 1 03 ffffffff
0000000000000005 00131500ffffff00 1 15 ffffffff 0 0 0 0000000000000006 ffffffff f ffffffff 0 00 ffffffff
0000000000000006 342002150000f000 0 00 00000000 0 0 0 0000000000000007 ffffffff f ffffffff 1 02 ffffffff
0000000000000007 104003060300f000 0 00 00000000 0 0 0 0000000000000008 ffffffff f ffffffff 1 03 ffffffff
0000000000000008 102003030500f000 0 00 00000000 0 0 0 0000000000000009 ffffffff f ffffffff 1 03 ffffffff
0000000000000009 341105000001f000 0 00 00000000 0 0 0 000000000000000a ffffffff f ffffffff 1 05 ffffffff
000000000000000a 0013150000000000 1 15 00000000 0 0 0 000000000000000b ffffffff f ffffffff 0 00 ffffffff
000000000000000b 342002150000f000 0 00 00000000 0 0 0 000000000000000c ffffffff f ffffffff 1 02 ffffffff
000000000000000c 00131600aaaaaa00 1 16 ffaaaaaa 0 0 0 000000000000000d ffffffff f ffffffff 0 00 ffffffff
000000000000000d 342002160000f000 0 00 00000000 0 0 0 000000000000000e ffffffff f ffffffff 1 02 ffffffff
000000000000000e 10810602003ff000 0 00 00000000 0 0 0 000000000000000f ffffffff f ffffffff 1 06 ffffffff
000000000000000f 10010202609ff000 0 00 00000000 0 0 0 0000000000000010 ffffffff f ffffffff 1 02 ffffffff
0000000000000010 0013160000000100 1 16 00000001 0 0 0 0000000000000011 ffffffff f ffffffff 0 00 ffffffff
0000000000000011 342004160000f000 0 00 00000000 0 0 0 0000000000000012 ffffffff f ffffffff 1 04 ffffffff
0000000000000012 10810504003ff000 0 00 00000000 0 0 0 0000000000000013 ffffffff f ffffffff 1 05 ffffffff
0000000000000013 340002050000f000 0 00 00000000 0 0 0 0000000000000014 ffffffff f ffffffff 1 02 ffffffff
0000000000000014 107106020001f000 0 00 00000000 0 0 0 0000000000000015 ffffffff f ffffffff 1 06 ffffffff
0000000000000015 104005060600f000 0 00 00000000 0 0 0 0000000000000016 ffffffff f ffffffff 1 05 ffffffff
0000000000000016 00131600ffffff00 1 16 ffffffff 0 0 0 0000000000000017 ffffffff f ffffffff 0 00 ffffffff
0000000000000017 342002160000f000 0 00 00000000 0 0 0 0000000000000018 ffffffff f ffffffff 1 02 ffffffff
0000000000000018 108104020010f000 0 00 00000000 0 0 0 0000000000000019 ffffffff f ffffffff 1 04 ffffffff
0000000000000019 340005020000f000 0 00 00000000 0 0 0 000000000000001a ffffffff f ffffffff 1 05 ffffffff
000000000000001a 1030040306004000 0 00 00000000 0 0 0 000000000000001b ffffffff 4 80000000 1 04 80000000
000000000000001b 0013150000000100 1 15 00000001 0 0 0 000000000000001c ffffffff f ffffffff 0 00 ffffffff
000000000000001c 3420041500006000 0 00 00000000 0 0 0 000000000000001d ffffffff 6 7fffffff 1 04 7fffffff
000000000000001d 00131500ffffff00 1 15 ffffffff 0 0 0 000000000000001e ffffffff f ffffffff 0 00 ffffffff
000000000000001e 342005150000f000 0 00 00000000 0 0 0 000000000000001f ffffffff f ffffffff 1 05 ffffffff
000000000000001f 0013160000000000 1 16 00000000 0 0 0 0000000000000020 ffffffff f ffffffff 0 00 ffffffff
0000000000000020 342002160000f000 0 00 00000000 0 0 0 0000000000000021 ffffffff f ffffffff 1 02 ffffffff
0000000000000021 10810302003ff000 0 00 00000000 0 0 0 0000000000000022 ffffffff f ffffffff 1 03 ffffffff
0000000000000022 00131e0000000200 1 1e 00000002 0 0 0 0000000000000023 ffffffff f ffffffff 0 00 ffffffff
0000000000000023 0023171700000100 1 17 00000001 0 0 0 0000000000000024 ffffffff f ffffffff 0 00 ffffffff
0000000000000024 00731e1e00000100 1 1e 00000001 0 0 0 0000000000000025 ffffffff f ffffffff 0 00 ffffffff
0000000000000025 0013180000000000 1 18 00000000 0 0 0 0000000000000026 ffffffff f ffffffff 0 00 ffffffff
0000000000000026 0102001e18000000 0 00 00000000 4 0 0 0000000000000027 ffffffff f ffffffff 0 00 ffffffff
0000000000000027 0215fffffb040000 0 00 00000000 4 0 1 0000000000000023 ffffffff f ffffffff 0 00 ffffffff
0000000000000023 0023171700000100 1 17 00000002 4 0 0 0000000000000024 ffffffff f ffffffff 0 00 ffffffff
0000000000000024 00731e1e00000100 1 1e 00000000 4 0 0 0000000000000025 ffffffff f ffffffff 0 00 ffffffff
0000000000000025 0013180000000000 1 18 00000000 4 0 0 0000000000000026 ffffffff f ffffffff 0 00 ffffffff
0000000000000026 0102001e18000000 0 00 00000000 5 1 0 0000000000000027 ffffffff f ffffffff 0 00 ffffffff
0000000000000027 0215fffffb040000 0 00 00000000 5 1 0 0000000000000028 ffffffff f ffffffff 0 00 ffffffff
0000000000000028 7cf5000000000000 0 00 00000000 5 1 0 0000000000000029 ffffffff f ffffffff 0 00 ffffffff
DONE retired=46 fault=00 pc=0000000000000028
