0000000000000000 0013140000004d00 1 14 0000004d 0 0 0 0000000000000001 00000040 f 00000040 0 00 00000040
0000000000000001 106105040010f000 0 00 00000000 0 0 0 0000000000000002 00000040 f 00000040 1 05 00000040
0000000000000002 10710604003ff000 0 00 00000000 0 0 0 0000000000000003 00000040 f 00000040 1 06 00000040
0000000000000003 3411030029e4f000 0 00 00000000 0 0 0 0000000000000004 00000040 f 00000040 1 03 00000040
0000000000000004 107103060021f000 0 00 00000000 0 0 0 0000000000000005 00000040 f 00000040 1 03 00000040
0000000000000005 0013160055555500 1 16 00555555 0 0 0 0000000000000006 00000040 f 00000040 0 00 00000040
0000000000000006 342005160000f000 0 00 00000000 0 0 0 0000000000000007 00000040 f 00000040 1 05 00000040
0000000000000007 10810505000ff000 0 00 00000000 0 0 0 0000000000000008 00000040 f 00000040 1 05 00000040
0000000000000008 0013160055555500 1 16 00555555 0 0 0 0000000000000009 00000040 f 00000040 0 00 00000040
0000000000000009 342005160000f000 0 00 00000000 0 0 0 000000000000000a 00000040 f 00000040 1 05 00000040
000000000000000a 10810305001ff000 0 00 00000000 0 0 0 000000000000000b 00000040 f 00000040 1 03 00000040
000000000000000b 0013160000000000 1 16 00000000 0 0 0 000000000000000c 00000040 f 00000040 0 00 00000040
000000000000000c 342005160000f000 0 00 00000000 0 0 0 000000000000000d 00000040 f 00000040 1 05 00000040
000000000000000d 10810605001ff000 0 00 00000000 0 0 0 000000000000000e 00000040 f 00000040 1 06 00000040
000000000000000e 105004040500f000 0 00 00000000 0 0 0 000000000000000f 00000040 f 00000040 1 04 00000040
000000000000000f 34110500f67cf000 0 00 00000000 0 0 0 0000000000000010 00000040 f 00000040 1 05 00000040
0000000000000010 101005040600f000 0 00 00000000 0 0 0 0000000000000011 00000040 f 00000040 1 05 00000040
0000000000000011 10610405003ff000 0 00 00000000 0 0 0 0000000000000012 00000040 f 00000040 1 04 00000040
0000000000000012 101006050500f000 0 00 00000000 0 0 0 0000000000000013 00000040 f 00000040 1 06 00000040
0000000000000013 103003060500f000 0 00 00000000 0 0 0 0000000000000014 00000040 f 00000040 1 03 00000040
0000000000000014 1050060605004000 0 00 00000000 0 0 0 0000000000000015 00000040 4 00000000 1 06 00000000
0000000000000015 10710402001ff000 0 00 00000000 0 0 0 0000000000000016 00000040 f 00000040 1 04 00000040
0000000000000016 100003060400f000 0 00 00000000 0 0 0 0000000000000017 00000040 f 00000040 1 03 00000040
0000000000000017 107105040020f000 0 00 00000000 0 0 0 0000000000000018 00000040 f 00000040 1 05 00000040
0000000000000018 340005050000f000 0 00 00000000 0 0 0 0000000000000019 00000040 f 00000040 1 05 00000040
0000000000000019 107106040020f000 0 00 00000000 0 0 0 000000000000001a 00000040 f 00000040 1 06 00000040
000000000000001a 34110300fffff000 0 00 00000000 0 0 0 000000000000001b 00000040 f 00000040 1 03 00000040
000000000000001b 340003020000f000 0 00 00000000 0 0 0 000000000000001c 00000040 f 00000040 1 03 00000040
000000000000001c 3430050000000000 0 00 00000000 0 0 0 000000000000001d 00000040 0 00000040 1 05 00000040
000000000000001d 0013150000000000 1 15 00000000 0 0 0 000000000000001e 00000040 f 00000040 0 00 00000040
000000000000001e 342005150000f000 0 00 00000000 0 0 0 000000000000001f 00000040 f 00000040 1 05 00000040
000000000000001f 00131e0000000300 1 1e 00000003 0 0 0 0000000000000020 00000040 f 00000040 0 00 00000040
0000000000000020 0023171700000100 1 17 00000001 0 0 0 0000000000000021 00000040 f 00000040 0 00 00000040
0000000000000021 00731e1e00000100 1 1e 00000002 0 0 0 0000000000000022 00000040 f 00000040 0 00 00000040
0000000000000022 0013180000000000 1 18 00000000 0 0 0 0000000000000023 00000040 f 00000040 0 00 00000040
0000000000000023 0102001e18000000 0 00 00000000 4 0 0 0000000000000024 00000040 f 00000040 0 00 00000040
0000000000000024 0215fffffb040000 0 00 00000000 4 0 1 0000000000000020 00000040 f 00000040 0 00 00000040
0000000000000020 0023171700000100 1 17 00000002 4 0 0 0000000000000021 00000040 f 00000040 0 00 00000040
0000000000000021 00731e1e00000100 1 1e 00000001 4 0 0 0000000000000022 00000040 f 00000040 0 00 00000040
0000000000000022 0013180000000000 1 18 00000000 4 0 0 0000000000000023 00000040 f 00000040 0 00 00000040
0000000000000023 0102001e18000000 0 00 00000000 4 0 0 0000000000000024 00000040 f 00000040 0 00 00000040
0000000000000024 0215fffffb040000 0 00 00000000 4 0 1 0000000000000020 00000040 f 00000040 0 00 00000040
0000000000000020 0023171700000100 1 17 00000003 4 0 0 0000000000000021 00000040 f 00000040 0 00 00000040
0000000000000021 00731e1e00000100 1 1e 00000000 4 0 0 0000000000000022 00000040 f 00000040 0 00 00000040
0000000000000022 0013180000000000 1 18 00000000 4 0 0 0000000000000023 00000040 f 00000040 0 00 00000040
0000000000000023 0102001e18000000 0 00 00000000 5 1 0 0000000000000024 00000040 f 00000040 0 00 00000040
0000000000000024 0215fffffb040000 0 00 00000000 5 1 0 0000000000000025 00000040 f 00000040 0 00 00000040
0000000000000025 7cf5000000000000 0 00 00000000 5 1 0 0000000000000026 00000040 f 00000040 0 00 00000040
DONE retired=48 fault=00 pc=0000000000000025
