0000000000000000 00131d0000000000 1 1d 00000000 0 0 0 0000000000000001
0000000000000001 00130d00ffffff00 1 0d ffffffff 0 0 0 0000000000000002
0000000000000002 00a2040507000000 1 04 00000000 0 0 0 0000000000000003
0000000000000003 8506000000000000 0 00 00000000 0 0 0 0000000000000004
0000000000000004 0063141400001f00 1 14 00000000 0 0 0 0000000000000005
0000000000000005 0023100b510cbe00 1 10 00510cbe 0 0 0 0000000000000006
0000000000000006 00130a00ec9f9a00 1 0a ffec9f9a 0 0 0 0000000000000007
0000000000000007 010200060a000000 0 00 00000000 0 0 0 0000000000000008
0000000000000008 02150000020e0000 0 00 00000000 0 0 0 0000000000000009
0000000000000009 8506000000000000 0 00 00000000 0 0 0 000000000000000a
000000000000000a 8506000000000000 0 00 00000000 0 0 0 000000000000000b
000000000000000b 0122000706000000 0 00 00000000 5 0 0 000000000000000c
000000000000000c 02150000010d0000 0 00 00000000 5 0 0 000000000000000d
000000000000000d 8506000000000000 0 00 00000000 5 0 0 000000000000000e
000000000000000e 0122000e0b000000 0 00 00000000 5 0 0 000000000000000f
000000000000000f 02150000030d0000 0 00 00000000 5 0 0 0000000000000010
0000000000000010 8506000000000000 0 00 00000000 5 0 0 0000000000000011
0000000000000011 8506000000000000 0 00 00000000 5 0 0 0000000000000012
0000000000000012 8506000000000000 0 00 00000000 5 0 0 0000000000000013
0000000000000013 00730b0c86046c00 1 0b 0079fb94 5 0 0 0000000000000014
0000000000000014 00130f001e323900 1 0f 001e3239 5 0 0 0000000000000015
0000000000000015 0112000607000000 0 00 00000000 5 0 0 0000000000000016
0000000000000016 0215000001020000 0 00 00000000 5 0 1 0000000000000018
0000000000000018 0013020001b9b500 1 02 0001b9b5 5 0 0 0000000000000019
0000000000000019 00131200ffffff00 1 12 ffffffff 5 0 0 000000000000001a
000000000000001a 8506000000000000 0 00 00000000 5 0 0 000000000000001b
000000000000001b 8506000000000000 0 00 00000000 5 0 0 000000000000001c
000000000000001c 00131e0000000200 1 1e 00000002 5 0 0 000000000000001d
000000000000001d 0023151500000100 1 15 00000001 5 0 0 000000000000001e
000000000000001e 00731e1e00000100 1 1e 00000001 5 0 0 000000000000001f
000000000000001f 0102001e1d000000 0 00 00000000 4 0 0 0000000000000020
0000000000000020 0215fffffc040000 0 00 00000000 4 0 1 000000000000001d
000000000000001d 0023151500000100 1 15 00000002 4 0 0 000000000000001e
000000000000001e 00731e1e00000100 1 1e 00000000 4 0 0 000000000000001f
000000000000001f 0102001e1d000000 0 00 00000000 5 1 0 0000000000000020
0000000000000020 0215fffffc040000 0 00 00000000 5 1 0 0000000000000021
0000000000000021 7cf5000000000000 0 00 00000000 5 1 0 0000000000000022
DONE retired=37 fault=00 pc=0000000000000021
