0000000000000000 00131d0000000000 1 1d 00000000 0 0 0 0000000000000001
0000000000000001 0013060000abf100 1 06 0000abf1 0 0 0 0000000000000002
0000000000000002 00920f0400000000 1 0f ffffffff 0 0 0 0000000000000003
0000000000000003 8506000000000000 0 00 00000000 0 0 0 0000000000000004
0000000000000004 0013130025d60700 1 13 0025d607 0 0 0 0000000000000005
0000000000000005 0072100a03000000 1 10 00000000 0 0 0 0000000000000006
0000000000000006 00231010ffffff00 1 10 ffffffff 0 0 0 0000000000000007
0000000000000007 00b20b090b000000 1 0b 00000000 0 0 0 0000000000000008
0000000000000008 8506000000000000 0 00 00000000 0 0 0 0000000000000009
0000000000000009 00730c0acf79d600 1 0c 0030862a 0 0 0 000000000000000a
000000000000000a 0122000306000000 0 00 00000000 2 0 0 000000000000000b
000000000000000b 02150000030c0000 0 00 00000000 2 0 0 000000000000000c
000000000000000c 8506000000000000 0 00 00000000 2 0 0 000000000000000d
000000000000000d 8506000000000000 0 00 00000000 2 0 0 000000000000000e
000000000000000e 8506000000000000 0 00 00000000 2 0 0 000000000000000f
000000000000000f 0306000000000600 1 06 00000000 2 0 0 0000000000000010
0000000000000010 8506000000000000 0 00 00000000 2 0 0 0000000000000011
0000000000000011 0013130055555500 1 13 00555555 2 0 0 0000000000000012
0000000000000012 8506000000000000 0 00 00000000 2 0 0 0000000000000013
0000000000000013 00a30b0d00000300 1 0b 00000000 2 0 0 0000000000000014
0000000000000014 0013050055555500 1 05 00555555 2 0 0 0000000000000015
0000000000000015 0062070b09000000 1 07 00000000 2 0 0 0000000000000016
0000000000000016 00b2140807000000 1 14 00000000 2 0 0 0000000000000017
0000000000000017 0072040b03000000 1 04 00000000 2 0 0 0000000000000018
0000000000000018 00131200aaaaaa00 1 12 ffaaaaaa 2 0 0 0000000000000019
0000000000000019 8506000000000000 0 00 00000000 2 0 0 000000000000001a
000000000000001a 8506000000000000 0 00 00000000 2 0 0 000000000000001b
000000000000001b 0092120500000000 1 12 ffaaaaaa 2 0 0 000000000000001c
000000000000001c 011200120e000000 0 00 00000000 6 1 0 000000000000001d
000000000000001d 02150000020b0000 0 00 00000000 6 1 1 0000000000000020
0000000000000020 0022131012000000 1 13 ffaaaaa9 6 1 0 0000000000000021
0000000000000021 8506000000000000 0 00 00000000 6 1 0 0000000000000022
0000000000000022 0082130604000000 1 13 00000000 6 1 0 0000000000000023
0000000000000023 8506000000000000 0 00 00000000 6 1 0 0000000000000024
0000000000000024 0112000a02000000 0 00 00000000 5 0 0 0000000000000025
0000000000000025 0215000002020000 0 00 00000000 5 0 1 0000000000000028
0000000000000028 0063081400001400 1 08 00000000 5 0 0 0000000000000029
0000000000000029 00130f0036f2ea00 1 0f 0036f2ea 5 0 0 000000000000002a
000000000000002a 00130e00aaaaaa00 1 0e ffaaaaaa 5 0 0 000000000000002b
000000000000002b 012200080d000000 0 00 00000000 5 0 0 000000000000002c
000000000000002c 0215000003010000 0 00 00000000 5 0 0 000000000000002d
000000000000002d 8506000000000000 0 00 00000000 5 0 0 000000000000002e
000000000000002e 8506000000000000 0 00 00000000 5 0 0 000000000000002f
000000000000002f 8506000000000000 0 00 00000000 5 0 0 0000000000000030
0000000000000030 0306000000000200 1 02 00000000 5 0 0 0000000000000031
0000000000000031 00230a0e2a757700 1 0a ffd52021 5 0 0 0000000000000032
0000000000000032 8506000000000000 0 00 00000000 5 0 0 0000000000000033
0000000000000033 8506000000000000 0 00 00000000 5 0 0 0000000000000034
0000000000000034 001303000ffa8800 1 03 000ffa88 5 0 0 0000000000000035
0000000000000035 00b3120900000000 1 12 00000000 5 0 0 0000000000000036
0000000000000036 8506000000000000 0 00 00000000 5 0 0 0000000000000037
0000000000000037 00131e0000000200 1 1e 00000002 5 0 0 0000000000000038
0000000000000038 0023151500000100 1 15 00000001 5 0 0 0000000000000039
0000000000000039 00731e1e00000100 1 1e 00000001 5 0 0 000000000000003a
000000000000003a 0102001e1d000000 0 00 00000000 4 0 0 000000000000003b
000000000000003b 0215fffffc040000 0 00 00000000 4 0 1 0000000000000038
0000000000000038 0023151500000100 1 15 00000002 4 0 0 0000000000000039
0000000000000039 00731e1e00000100 1 1e 00000000 4 0 0 000000000000003a
000000000000003a 0102001e1d000000 0 00 00000000 5 1 0 000000000000003b
000000000000003b 0215fffffc040000 0 00 00000000 5 1 0 000000000000003c
000000000000003c 7cf5000000000000 0 00 00000000 5 1 0 000000000000003d
DONE retired=61 fault=00 pc=000000000000003c
