0000000000000000 0013140000004d00 1 14 0000004d 0 0 0 0000000000000001 0c022488 f 0c022488 0 00 0c022488
0000000000000001 102006060600f000 0 00 00000000 0 0 0 0000000000000002 0c022488 f 0c022488 1 06 0c022488
0000000000000002 00131500aaaaaa00 1 15 ffaaaaaa 0 0 0 0000000000000003 0c022488 f 0c022488 0 00 0c022488
0000000000000003 342003150000e000 0 00 00000000 0 0 0 0000000000000004 0c022488 e 00002408 1 03 00002408
0000000000000004 106106050010f000 0 00 00000000 0 0 0 0000000000000005 0c022488 f 0c022488 1 06 0c022488
0000000000000005 0013160055555500 1 16 00555555 0 0 0 0000000000000006 0c022488 f 0c022488 0 00 0c022488
0000000000000006 342003160000f000 0 00 00000000 0 0 0 0000000000000007 0c022488 f 0c022488 1 03 0c022488
0000000000000007 10810303000ff000 0 00 00000000 0 0 0 0000000000000008 0c022488 f 0c022488 1 03 0c022488
0000000000000008 34110400dd5df000 0 00 00000000 0 0 0 0000000000000009 0c022488 f 0c022488 1 04 0c022488
0000000000000009 10610505003ff000 0 00 00000000 0 0 0 000000000000000a 0c022488 f 0c022488 1 05 0c022488
000000000000000a 10710602000ff000 0 00 00000000 0 0 0 000000000000000b 0c022488 f 0c022488 1 06 0c022488
000000000000000b 106103060000f000 0 00 00000000 0 0 0 000000000000000c 0c022488 f 0c022488 1 03 0c022488
000000000000000c 343005000000f000 0 00 00000000 0 0 0 000000000000000d 0c022488 f 0c022488 1 05 0c022488
000000000000000d 10510505532ff000 0 00 00000000 0 0 0 000000000000000e 0c022488 f 0c022488 1 05 0c022488
000000000000000e 101105060000f000 0 00 00000000 0 0 0 000000000000000f 0c022488 f 0c022488 1 05 0c022488
000000000000000f 106106030021f000 0 00 00000000 0 0 0 0000000000000010 0c022488 f 0c022488 1 06 0c022488
0000000000000010 00131500ffffff00 1 15 ffffffff 0 0 0 0000000000000011 0c022488 f 0c022488 0 00 0c022488
0000000000000011 342005150000f000 0 00 00000000 0 0 0 0000000000000012 0c022488 f 0c022488 1 05 0c022488
0000000000000012 00131500aaaaaa00 1 15 ffaaaaaa 0 0 0 0000000000000013 0c022488 f 0c022488 0 00 0c022488
0000000000000013 342002150000f000 0 00 00000000 0 0 0 0000000000000014 0c022488 f 0c022488 1 02 0c022488
0000000000000014 107105060001f000 0 00 00000000 0 0 0 0000000000000015 0c022488 f 0c022488 1 05 0c022488
0000000000000015 10610203000ff000 0 00 00000000 0 0 0 0000000000000016 0c022488 f 0c022488 1 02 0c022488
0000000000000016 103006040200f000 0 00 00000000 0 0 0 0000000000000017 0c022488 f 0c022488 1 06 0c022488
0000000000000017 00131600ffffff00 1 16 ffffffff 0 0 0 0000000000000018 0c022488 f 0c022488 0 00 0c022488
0000000000000018 342004160000f000 0 00 00000000 0 0 0 0000000000000019 0c022488 f 0c022488 1 04 0c022488
0000000000000019 108105040021f000 0 00 00000000 0 0 0 000000000000001a 0c022488 f 0c022488 1 05 0c022488
000000000000001a 340004050000f000 0 00 00000000 0 0 0 000000000000001b 0c022488 f 0c022488 1 04 0c022488
000000000000001b 10610205003ff000 0 00 00000000 0 0 0 000000000000001c 0c022488 f 0c022488 1 02 0c022488
000000000000001c 0013150000000000 1 15 00000000 0 0 0 000000000000001d 0c022488 f 0c022488 0 00 0c022488
000000000000001d 342004150000f000 0 00 00000000 0 0 0 000000000000001e 0c022488 f 0c022488 1 04 0c022488
000000000000001e 34110200fdf8f000 0 00 00000000 0 0 0 000000000000001f 0c022488 f 0c022488 1 02 0c022488
000000000000001f 106105030001f000 0 00 00000000 0 0 0 0000000000000020 0c022488 f 0c022488 1 05 0c022488
0000000000000020 102004020600f000 0 00 00000000 0 0 0 0000000000000021 0c022488 f 0c022488 1 04 0c022488
0000000000000021 106106030021f000 0 00 00000000 0 0 0 0000000000000022 0c022488 f 0c022488 1 06 0c022488
0000000000000022 0013150000000000 1 15 00000000 0 0 0 0000000000000023 0c022488 f 0c022488 0 00 0c022488
0000000000000023 342004150000f000 0 00 00000000 0 0 0 0000000000000024 0c022488 f 0c022488 1 04 0c022488
0000000000000024 00131e0000000200 1 1e 00000002 0 0 0 0000000000000025 0c022488 f 0c022488 0 00 0c022488
0000000000000025 0023171700000100 1 17 00000001 0 0 0 0000000000000026 0c022488 f 0c022488 0 00 0c022488
0000000000000026 00731e1e00000100 1 1e 00000001 0 0 0 0000000000000027 0c022488 f 0c022488 0 00 0c022488
0000000000000027 0013180000000000 1 18 00000000 0 0 0 0000000000000028 0c022488 f 0c022488 0 00 0c022488
0000000000000028 0102001e18000000 0 00 00000000 4 0 0 0000000000000029 0c022488 f 0c022488 0 00 0c022488
0000000000000029 0215fffffb040000 0 00 00000000 4 0 1 0000000000000025 0c022488 f 0c022488 0 00 0c022488
0000000000000025 0023171700000100 1 17 00000002 4 0 0 0000000000000026 0c022488 f 0c022488 0 00 0c022488
0000000000000026 00731e1e00000100 1 1e 00000000 4 0 0 0000000000000027 0c022488 f 0c022488 0 00 0c022488
0000000000000027 0013180000000000 1 18 00000000 4 0 0 0000000000000028 0c022488 f 0c022488 0 00 0c022488
0000000000000028 0102001e18000000 0 00 00000000 5 1 0 0000000000000029 0c022488 f 0c022488 0 00 0c022488
0000000000000029 0215fffffb040000 0 00 00000000 5 1 0 000000000000002a 0c022488 f 0c022488 0 00 0c022488
000000000000002a 7cf5000000000000 0 00 00000000 5 1 0 000000000000002b 0c022488 f 0c022488 0 00 0c022488
DONE retired=48 fault=00 pc=000000000000002a
