0000000000000000 0013140000004d00 1 14 0000004d 0 0 0 0000000000000001 a35c2a2d f a35c2a2d 0 00 a35c2a2d
0000000000000001 0013150055555500 1 15 00555555 0 0 0 0000000000000002 a35c2a2d f a35c2a2d 0 00 a35c2a2d
0000000000000002 342003150000f000 0 00 00000000 0 0 0 0000000000000003 a35c2a2d f a35c2a2d 1 03 a35c2a2d
0000000000000003 341106005b914000 0 00 00000000 0 0 0 0000000000000004 a35c2a2d 4 21502801 1 06 21502801
0000000000000004 100006030400f000 0 00 00000000 0 0 0 0000000000000005 a35c2a2d f a35c2a2d 1 06 a35c2a2d
0000000000000005 103006020200f000 0 00 00000000 0 0 0 0000000000000006 a35c2a2d f a35c2a2d 1 06 a35c2a2d
0000000000000006 0013160000000100 1 16 00000001 0 0 0 0000000000000007 a35c2a2d f a35c2a2d 0 00 a35c2a2d
0000000000000007 342005160000f000 0 00 00000000 0 0 0 0000000000000008 a35c2a2d f a35c2a2d 1 05 a35c2a2d
0000000000000008 10810405003ff000 0 00 00000000 0 0 0 0000000000000009 a35c2a2d f a35c2a2d 1 04 a35c2a2d
0000000000000009 104103028000f000 0 00 00000000 0 0 0 000000000000000a a35c2a2d f a35c2a2d 1 03 a35c2a2d
000000000000000a 00131600ffffff00 1 16 ffffffff 0 0 0 000000000000000b a35c2a2d f a35c2a2d 0 00 a35c2a2d
000000000000000b 342006160000f000 0 00 00000000 0 0 0 000000000000000c a35c2a2d f a35c2a2d 1 06 a35c2a2d
000000000000000c 10810506001ff000 0 00 00000000 0 0 0 000000000000000d a35c2a2d f a35c2a2d 1 05 a35c2a2d
000000000000000d 3430060000001000 0 00 00000000 0 0 0 000000000000000e a35c2a2d 1 a05c0a04 1 06 a05c0a04
000000000000000e 00131600aaaaaa00 1 16 ffaaaaaa 0 0 0 000000000000000f a35c2a2d f a35c2a2d 0 00 a35c2a2d
000000000000000f 342004160000f000 0 00 00000000 0 0 0 0000000000000010 a35c2a2d f a35c2a2d 1 04 a35c2a2d
0000000000000010 108106040020f000 0 00 00000000 0 0 0 0000000000000011 a35c2a2d f a35c2a2d 1 06 a35c2a2d
0000000000000011 00131e0000000300 1 1e 00000003 0 0 0 0000000000000012 a35c2a2d f a35c2a2d 0 00 a35c2a2d
0000000000000012 0023171700000100 1 17 00000001 0 0 0 0000000000000013 a35c2a2d f a35c2a2d 0 00 a35c2a2d
0000000000000013 00731e1e00000100 1 1e 00000002 0 0 0 0000000000000014 a35c2a2d f a35c2a2d 0 00 a35c2a2d
0000000000000014 0013180000000000 1 18 00000000 0 0 0 0000000000000015 a35c2a2d f a35c2a2d 0 00 a35c2a2d
0000000000000015 0102001e18000000 0 00 00000000 4 0 0 0000000000000016 a35c2a2d f a35c2a2d 0 00 a35c2a2d
0000000000000016 0215fffffb040000 0 00 00000000 4 0 1 0000000000000012 a35c2a2d f a35c2a2d 0 00 a35c2a2d
0000000000000012 0023171700000100 1 17 00000002 4 0 0 0000000000000013 a35c2a2d f a35c2a2d 0 00 a35c2a2d
0000000000000013 00731e1e00000100 1 1e 00000001 4 0 0 0000000000000014 a35c2a2d f a35c2a2d 0 00 a35c2a2d
0000000000000014 0013180000000000 1 18 00000000 4 0 0 0000000000000015 a35c2a2d f a35c2a2d 0 00 a35c2a2d
0000000000000015 0102001e18000000 0 00 00000000 4 0 0 0000000000000016 a35c2a2d f a35c2a2d 0 00 a35c2a2d
0000000000000016 0215fffffb040000 0 00 00000000 4 0 1 0000000000000012 a35c2a2d f a35c2a2d 0 00 a35c2a2d
0000000000000012 0023171700000100 1 17 00000003 4 0 0 0000000000000013 a35c2a2d f a35c2a2d 0 00 a35c2a2d
0000000000000013 00731e1e00000100 1 1e 00000000 4 0 0 0000000000000014 a35c2a2d f a35c2a2d 0 00 a35c2a2d
0000000000000014 0013180000000000 1 18 00000000 4 0 0 0000000000000015 a35c2a2d f a35c2a2d 0 00 a35c2a2d
0000000000000015 0102001e18000000 0 00 00000000 5 1 0 0000000000000016 a35c2a2d f a35c2a2d 0 00 a35c2a2d
0000000000000016 0215fffffb040000 0 00 00000000 5 1 0 0000000000000017 a35c2a2d f a35c2a2d 0 00 a35c2a2d
0000000000000017 7cf5000000000000 0 00 00000000 5 1 0 0000000000000018 a35c2a2d f a35c2a2d 0 00 a35c2a2d
DONE retired=34 fault=00 pc=0000000000000017
