0000000000000000 0013140000004d00 1 14 0000004d 0 0 0 0000000000000001 01000000 f 01000000 0 00 01000000
0000000000000001 340005040000e000 0 00 00000000 0 0 0 0000000000000002 01000000 e 00000000 1 05 00000000
0000000000000002 341105000000f000 0 00 00000000 0 0 0 0000000000000003 01000000 f 01000000 1 05 01000000
0000000000000003 00131500ffffff00 1 15 ffffffff 0 0 0 0000000000000004 01000000 f 01000000 0 00 01000000
0000000000000004 342006150000f000 0 00 00000000 0 0 0 0000000000000005 01000000 f 01000000 1 06 01000000
0000000000000005 343006000000f000 0 00 00000000 0 0 0 0000000000000006 01000000 f 01000000 1 06 01000000
0000000000000006 3400040600002000 0 00 00000000 0 0 0 0000000000000007 01000000 2 01000000 1 04 01000000
0000000000000007 104006060200f000 0 00 00000000 0 0 0 0000000000000008 01000000 f 01000000 1 06 01000000
0000000000000008 343003000000f000 0 00 00000000 0 0 0 0000000000000009 01000000 f 01000000 1 03 01000000
0000000000000009 00131600aaaaaa00 1 16 ffaaaaaa 0 0 0 000000000000000a 01000000 f 01000000 0 00 01000000
000000000000000a 342005160000f000 0 00 00000000 0 0 0 000000000000000b 01000000 f 01000000 1 05 01000000
000000000000000b 108106050001f000 0 00 00000000 0 0 0 000000000000000c 01000000 f 01000000 1 06 01000000
000000000000000c 10410502fffff000 0 00 00000000 0 0 0 000000000000000d 01000000 f 01000000 1 05 01000000
000000000000000d 10710502000ff000 0 00 00000000 0 0 0 000000000000000e 01000000 f 01000000 1 05 01000000
000000000000000e 104003060200f000 0 00 00000000 0 0 0 000000000000000f 01000000 f 01000000 1 03 01000000
000000000000000f 00131e0000000300 1 1e 00000003 0 0 0 0000000000000010 01000000 f 01000000 0 00 01000000
0000000000000010 0023171700000100 1 17 00000001 0 0 0 0000000000000011 01000000 f 01000000 0 00 01000000
0000000000000011 00731e1e00000100 1 1e 00000002 0 0 0 0000000000000012 01000000 f 01000000 0 00 01000000
0000000000000012 0013180000000000 1 18 00000000 0 0 0 0000000000000013 01000000 f 01000000 0 00 01000000
0000000000000013 0102001e18000000 0 00 00000000 4 0 0 0000000000000014 01000000 f 01000000 0 00 01000000
0000000000000014 0215fffffb040000 0 00 00000000 4 0 1 0000000000000010 01000000 f 01000000 0 00 01000000
0000000000000010 0023171700000100 1 17 00000002 4 0 0 0000000000000011 01000000 f 01000000 0 00 01000000
0000000000000011 00731e1e00000100 1 1e 00000001 4 0 0 0000000000000012 01000000 f 01000000 0 00 01000000
0000000000000012 0013180000000000 1 18 00000000 4 0 0 0000000000000013 01000000 f 01000000 0 00 01000000
0000000000000013 0102001e18000000 0 00 00000000 4 0 0 0000000000000014 01000000 f 01000000 0 00 01000000
0000000000000014 0215fffffb040000 0 00 00000000 4 0 1 0000000000000010 01000000 f 01000000 0 00 01000000
0000000000000010 0023171700000100 1 17 00000003 4 0 0 0000000000000011 01000000 f 01000000 0 00 01000000
0000000000000011 00731e1e00000100 1 1e 00000000 4 0 0 0000000000000012 01000000 f 01000000 0 00 01000000
0000000000000012 0013180000000000 1 18 00000000 4 0 0 0000000000000013 01000000 f 01000000 0 00 01000000
0000000000000013 0102001e18000000 0 00 00000000 5 1 0 0000000000000014 01000000 f 01000000 0 00 01000000
0000000000000014 0215fffffb040000 0 00 00000000 5 1 0 0000000000000015 01000000 f 01000000 0 00 01000000
0000000000000015 7cf5000000000000 0 00 00000000 5 1 0 0000000000000016 01000000 f 01000000 0 00 01000000
DONE retired=32 fault=00 pc=0000000000000015
