0000000000000000 0013140000004d00 1 14 0000004d 0 0 0 0000000000000001 55555555 f 55555555 0 00 55555555
0000000000000001 3411020013023000 0 00 00000000 0 0 0 0000000000000002 55555555 3 44051451 1 02 44051451
0000000000000002 0013150055555500 1 15 00555555 0 0 0 0000000000000003 55555555 f 55555555 0 00 55555555
0000000000000003 3420021500000000 0 00 00000000 0 0 0 0000000000000004 55555555 0 00000000 1 02 00000000
0000000000000004 100006060300f000 0 00 00000000 0 0 0 0000000000000005 55555555 f 55555555 1 06 55555555
0000000000000005 34110300e73ab000 0 00 00000000 0 0 0 0000000000000006 55555555 b 00000000 1 03 00000000
0000000000000006 105106048000f000 0 00 00000000 0 0 0 0000000000000007 55555555 f 55555555 1 06 55555555
0000000000000007 00131500ffffff00 1 15 ffffffff 0 0 0 0000000000000008 55555555 f 55555555 0 00 55555555
0000000000000008 342006150000f000 0 00 00000000 0 0 0 0000000000000009 55555555 f 55555555 1 06 55555555
0000000000000009 343004000000f000 0 00 00000000 0 0 0 000000000000000a 55555555 f 55555555 1 04 55555555
000000000000000a 106105030001f000 0 00 00000000 0 0 0 000000000000000b 55555555 f 55555555 1 05 55555555
000000000000000b 3411030055a3f000 0 00 00000000 0 0 0 000000000000000c 55555555 f 55555555 1 03 55555555
000000000000000c 103002030600f000 0 00 00000000 0 0 0 000000000000000d 55555555 f 55555555 1 02 55555555
000000000000000d 00131500ffffff00 1 15 ffffffff 0 0 0 000000000000000e 55555555 f 55555555 0 00 55555555
000000000000000e 3420021500000000 0 00 00000000 0 0 0 000000000000000f 55555555 0 00000000 1 02 00000000
000000000000000f 102003040500f000 0 00 00000000 0 0 0 0000000000000010 55555555 f 55555555 1 03 55555555
0000000000000010 343006000000f000 0 00 00000000 0 0 0 0000000000000011 55555555 f 55555555 1 06 55555555
0000000000000011 102005020500b000 0 00 00000000 0 0 0 0000000000000012 55555555 b 00000000 1 05 00000000
0000000000000012 0013160000000000 1 16 00000000 0 0 0 0000000000000013 55555555 f 55555555 0 00 55555555
0000000000000013 342006160000f000 0 00 00000000 0 0 0 0000000000000014 55555555 f 55555555 1 06 55555555
0000000000000014 10810506001ff000 0 00 00000000 0 0 0 0000000000000015 55555555 f 55555555 1 05 55555555
0000000000000015 100003050300f000 0 00 00000000 0 0 0 0000000000000016 55555555 f 55555555 1 03 55555555
0000000000000016 103106068000f000 0 00 00000000 0 0 0 0000000000000017 55555555 f 55555555 1 06 55555555
0000000000000017 105005020300f000 0 00 00000000 0 0 0 0000000000000018 55555555 f 55555555 1 05 55555555
0000000000000018 34110300c931d000 0 00 00000000 0 0 0 0000000000000019 55555555 d 55555555 1 03 55555555
0000000000000019 101006050600f000 0 00 00000000 0 0 0 000000000000001a 55555555 f 55555555 1 06 55555555
000000000000001a 101006040300f000 0 00 00000000 0 0 0 000000000000001b 55555555 f 55555555 1 06 55555555
000000000000001b 106102040020f000 0 00 00000000 0 0 0 000000000000001c 55555555 f 55555555 1 02 55555555
000000000000001c 3400030500007000 0 00 00000000 0 0 0 000000000000001d 55555555 7 00000000 1 03 00000000
000000000000001d 10610303001ff000 0 00 00000000 0 0 0 000000000000001e 55555555 f 55555555 1 03 55555555
000000000000001e 00131e0000000100 1 1e 00000001 0 0 0 000000000000001f 55555555 f 55555555 0 00 55555555
000000000000001f 0023171700000100 1 17 00000001 0 0 0 0000000000000020 55555555 f 55555555 0 00 55555555
0000000000000020 00731e1e00000100 1 1e 00000000 0 0 0 0000000000000021 55555555 f 55555555 0 00 55555555
0000000000000021 0013180000000000 1 18 00000000 0 0 0 0000000000000022 55555555 f 55555555 0 00 55555555
0000000000000022 0102001e18000000 0 00 00000000 5 1 0 0000000000000023 55555555 f 55555555 0 00 55555555
0000000000000023 0215fffffb040000 0 00 00000000 5 1 0 0000000000000024 55555555 f 55555555 0 00 55555555
0000000000000024 7cf5000000000000 0 00 00000000 5 1 0 0000000000000025 55555555 f 55555555 0 00 55555555
DONE retired=37 fault=00 pc=0000000000000024
