0000000000000000 0013140000004d00 1 14 0000004d 0 0 0 0000000000000001 36aedb9c f 36aedb9c 0 00 36aedb9c
0000000000000001 0013150000000000 1 15 00000000 0 0 0 0000000000000002 36aedb9c f 36aedb9c 0 00 36aedb9c
0000000000000002 342004150000f000 0 00 00000000 0 0 0 0000000000000003 36aedb9c f 36aedb9c 1 04 36aedb9c
0000000000000003 101002030600f000 0 00 00000000 0 0 0 0000000000000004 36aedb9c f 36aedb9c 1 02 36aedb9c
0000000000000004 105005020400f000 0 00 00000000 0 0 0 0000000000000005 36aedb9c f 36aedb9c 1 05 36aedb9c
0000000000000005 340006050000f000 0 00 00000000 0 0 0 0000000000000006 36aedb9c f 36aedb9c 1 06 36aedb9c
0000000000000006 0013160000000100 1 16 00000001 0 0 0 0000000000000007 36aedb9c f 36aedb9c 0 00 36aedb9c
0000000000000007 342005160000f000 0 00 00000000 0 0 0 0000000000000008 36aedb9c f 36aedb9c 1 05 36aedb9c
0000000000000008 108106050000f000 0 00 00000000 0 0 0 0000000000000009 36aedb9c f 36aedb9c 1 06 36aedb9c
0000000000000009 340002020000f000 0 00 00000000 0 0 0 000000000000000a 36aedb9c f 36aedb9c 1 02 36aedb9c
000000000000000a 10110603cd94f000 0 00 00000000 0 0 0 000000000000000b 36aedb9c f 36aedb9c 1 06 36aedb9c
000000000000000b 104006020600f000 0 00 00000000 0 0 0 000000000000000c 36aedb9c f 36aedb9c 1 06 36aedb9c
000000000000000c 0013160000000000 1 16 00000000 0 0 0 000000000000000d 36aedb9c f 36aedb9c 0 00 36aedb9c
000000000000000d 342006160000f000 0 00 00000000 0 0 0 000000000000000e 36aedb9c f 36aedb9c 1 06 36aedb9c
000000000000000e 108102060001f000 0 00 00000000 0 0 0 000000000000000f 36aedb9c f 36aedb9c 1 02 36aedb9c
000000000000000f 340005060000c000 0 00 00000000 0 0 0 0000000000000010 36aedb9c c 068a1888 1 05 068a1888
0000000000000010 00131e0000000200 1 1e 00000002 0 0 0 0000000000000011 36aedb9c f 36aedb9c 0 00 36aedb9c
0000000000000011 0023171700000100 1 17 00000001 0 0 0 0000000000000012 36aedb9c f 36aedb9c 0 00 36aedb9c
0000000000000012 00731e1e00000100 1 1e 00000001 0 0 0 0000000000000013 36aedb9c f 36aedb9c 0 00 36aedb9c
0000000000000013 0013180000000000 1 18 00000000 0 0 0 0000000000000014 36aedb9c f 36aedb9c 0 00 36aedb9c
0000000000000014 0102001e18000000 0 00 00000000 4 0 0 0000000000000015 36aedb9c f 36aedb9c 0 00 36aedb9c
0000000000000015 0215fffffb040000 0 00 00000000 4 0 1 0000000000000011 36aedb9c f 36aedb9c 0 00 36aedb9c
0000000000000011 0023171700000100 1 17 00000002 4 0 0 0000000000000012 36aedb9c f 36aedb9c 0 00 36aedb9c
0000000000000012 00731e1e00000100 1 1e 00000000 4 0 0 0000000000000013 36aedb9c f 36aedb9c 0 00 36aedb9c
0000000000000013 0013180000000000 1 18 00000000 4 0 0 0000000000000014 36aedb9c f 36aedb9c 0 00 36aedb9c
0000000000000014 0102001e18000000 0 00 00000000 5 1 0 0000000000000015 36aedb9c f 36aedb9c 0 00 36aedb9c
0000000000000015 0215fffffb040000 0 00 00000000 5 1 0 0000000000000016 36aedb9c f 36aedb9c 0 00 36aedb9c
0000000000000016 7cf5000000000000 0 00 00000000 5 1 0 0000000000000017 36aedb9c f 36aedb9c 0 00 36aedb9c
DONE retired=28 fault=00 pc=0000000000000016
