0000000000000000 00131d0000000000 1 1d 00000000 0 0 0 0000000000000001
0000000000000001 0306000000001100 1 11 00000000 0 0 0 0000000000000002
0000000000000002 0306000000001000 1 10 00000000 0 0 0 0000000000000003
0000000000000003 001302005cdd1c00 1 02 005cdd1c 0 0 0 0000000000000004
0000000000000004 00130300ffffff00 1 03 ffffffff 0 0 0 0000000000000005
0000000000000005 00a20c010a000000 1 0c 00000000 0 0 0 0000000000000006
0000000000000006 00230801ffffff00 1 08 ffffffff 0 0 0 0000000000000007
0000000000000007 8506000000000000 0 00 00000000 0 0 0 0000000000000008
0000000000000008 00a30f0e00001600 1 0f 00000000 0 0 0 0000000000000009
0000000000000009 8506000000000000 0 00 00000000 0 0 0 000000000000000a
000000000000000a 8506000000000000 0 00 00000000 0 0 0 000000000000000b
000000000000000b 0042060106000000 1 06 00000000 0 0 0 000000000000000c
000000000000000c 0112000903000000 0 00 00000000 0 0 0 000000000000000d
000000000000000d 02150000030c0000 0 00 00000000 0 0 1 0000000000000011
0000000000000011 00131200267e8800 1 12 00267e88 0 0 0 0000000000000012
0000000000000012 0013020078228200 1 02 00782282 0 0 0 0000000000000013
0000000000000013 8506000000000000 0 00 00000000 0 0 0 0000000000000014
0000000000000014 00720c0908000000 1 0c 00000001 0 0 0 0000000000000015
0000000000000015 00920e1400000000 1 0e ffffffff 0 0 0 0000000000000016
0000000000000016 0122000d0c000000 0 00 00000000 2 0 0 0000000000000017
0000000000000017 02150000030c0000 0 00 00000000 2 0 0 0000000000000018
0000000000000018 8506000000000000 0 00 00000000 2 0 0 0000000000000019
0000000000000019 8506000000000000 0 00 00000000 2 0 0 000000000000001a
000000000000001a 8506000000000000 0 00 00000000 2 0 0 000000000000001b
000000000000001b 00130f0029dd9700 1 0f 0029dd97 2 0 0 000000000000001c
000000000000001c 0112000714000000 0 00 00000000 5 0 0 000000000000001d
000000000000001d 02150000010c0000 0 00 00000000 5 0 1 000000000000001f
000000000000001f 0013090001c10000 1 09 0001c100 5 0 0 0000000000000020
0000000000000020 0122000c04000000 0 00 00000000 4 1 0 0000000000000021
0000000000000021 02150000010c0000 0 00 00000000 4 1 1 0000000000000023
0000000000000023 8506000000000000 0 00 00000000 4 1 0 0000000000000024
0000000000000024 00b3031200000300 1 03 0004cfd1 4 1 0 0000000000000025
0000000000000025 00a3081400000f00 1 08 00000000 4 1 0 0000000000000026
0000000000000026 8506000000000000 0 00 00000000 4 1 0 0000000000000027
0000000000000027 8506000000000000 0 00 00000000 4 1 0 0000000000000028
0000000000000028 00b20e0905000000 1 0e 0001c100 4 1 0 0000000000000029
0000000000000029 00720c060f000000 1 0c ffd62269 4 1 0 000000000000002a
000000000000002a 00920b1300000000 1 0b ffffffff 4 1 0 000000000000002b
000000000000002b 8506000000000000 0 00 00000000 4 1 0 000000000000002c
000000000000002c 00130c00ff6dcd00 1 0c ffff6dcd 4 1 0 000000000000002d
000000000000002d 0092090200000000 1 09 ff87dd7d 4 1 0 000000000000002e
000000000000002e 0073090dff65e700 1 09 00009a19 4 1 0 000000000000002f
000000000000002f 006205110d000000 1 05 00000000 4 1 0 0000000000000030
0000000000000030 00130b0000000000 1 0b 00000000 4 1 0 0000000000000031
0000000000000031 8506000000000000 0 00 00000000 4 1 0 0000000000000032
0000000000000032 0306000000000700 1 07 00000000 4 1 0 0000000000000033
0000000000000033 8506000000000000 0 00 00000000 4 1 0 0000000000000034
0000000000000034 00131e0000000300 1 1e 00000003 4 1 0 0000000000000035
0000000000000035 0023151500000100 1 15 00000001 4 1 0 0000000000000036
0000000000000036 00731e1e00000100 1 1e 00000002 4 1 0 0000000000000037
0000000000000037 0102001e1d000000 0 00 00000000 4 0 0 0000000000000038
0000000000000038 0215fffffc040000 0 00 00000000 4 0 1 0000000000000035
0000000000000035 0023151500000100 1 15 00000002 4 0 0 0000000000000036
0000000000000036 00731e1e00000100 1 1e 00000001 4 0 0 0000000000000037
0000000000000037 0102001e1d000000 0 00 00000000 4 0 0 0000000000000038
0000000000000038 0215fffffc040000 0 00 00000000 4 0 1 0000000000000035
0000000000000035 0023151500000100 1 15 00000003 4 0 0 0000000000000036
0000000000000036 00731e1e00000100 1 1e 00000000 4 0 0 0000000000000037
0000000000000037 0102001e1d000000 0 00 00000000 5 1 0 0000000000000038
0000000000000038 0215fffffc040000 0 00 00000000 5 1 0 0000000000000039
0000000000000039 7cf5000000000000 0 00 00000000 5 1 0 000000000000003a
DONE retired=61 fault=00 pc=0000000000000039
