0000000000000000 0013140000004d00 1 14 0000004d 0 0 0 0000000000000001 ffffffff f ffffffff 0 00 ffffffff
0000000000000001 340005060000f000 0 00 00000000 0 0 0 0000000000000002 ffffffff f ffffffff 1 05 ffffffff
0000000000000002 10310205fffff000 0 00 00000000 0 0 0 0000000000000003 ffffffff f ffffffff 1 02 ffffffff
0000000000000003 100003030400c000 0 00 00000000 0 0 0 0000000000000004 ffffffff c 9dced792 1 03 9dced792
0000000000000004 1030030406002000 0 00 00000000 0 0 0 0000000000000005 ffffffff 2 e2087057 1 03 e2087057
0000000000000005 10610404001ff000 0 00 00000000 0 0 0 0000000000000006 ffffffff f ffffffff 1 04 ffffffff
0000000000000006 340006060000b000 0 00 00000000 0 0 0 0000000000000007 ffffffff b 7fffffff 1 06 7fffffff
0000000000000007 00131600aaaaaa00 1 16 ffaaaaaa 0 0 0 0000000000000008 ffffffff f ffffffff 0 00 ffffffff
0000000000000008 342002160000f000 0 00 00000000 0 0 0 0000000000000009 ffffffff f ffffffff 1 02 ffffffff
0000000000000009 108103020000f000 0 00 00000000 0 0 0 000000000000000a ffffffff f ffffffff 1 03 ffffffff
000000000000000a 341103001050f000 0 00 00000000 0 0 0 000000000000000b ffffffff f ffffffff 1 03 ffffffff
000000000000000b 101005060400e000 0 00 00000000 0 0 0 000000000000000c ffffffff e c9873a23 1 05 c9873a23
000000000000000c 1030030605002000 0 00 00000000 0 0 0 000000000000000d ffffffff 2 e2087057 1 03 e2087057
000000000000000d 100003030600f000 0 00 00000000 0 0 0 000000000000000e ffffffff f ffffffff 1 03 ffffffff
000000000000000e 10610205001ff000 0 00 00000000 0 0 0 000000000000000f ffffffff f ffffffff 1 02 ffffffff
000000000000000f 0013150000000000 1 15 00000000 0 0 0 0000000000000010 ffffffff f ffffffff 0 00 ffffffff
0000000000000010 3420021500003000 0 00 00000000 0 0 0 0000000000000011 ffffffff 3 ffffffff 1 02 ffffffff
0000000000000011 106106040001f000 0 00 00000000 0 0 0 0000000000000012 ffffffff f ffffffff 1 06 ffffffff
0000000000000012 102004030400f000 0 00 00000000 0 0 0 0000000000000013 ffffffff f ffffffff 1 04 ffffffff
0000000000000013 341103007fff0000 0 00 00000000 0 0 0 0000000000000014 ffffffff 0 8ad078d5 1 03 8ad078d5
0000000000000014 0013150000000000 1 15 00000000 0 0 0 0000000000000015 ffffffff f ffffffff 0 00 ffffffff
0000000000000015 342003150000f000 0 00 00000000 0 0 0 0000000000000016 ffffffff f ffffffff 1 03 ffffffff
0000000000000016 00131e0000000100 1 1e 00000001 0 0 0 0000000000000017 ffffffff f ffffffff 0 00 ffffffff
0000000000000017 0023171700000100 1 17 00000001 0 0 0 0000000000000018 ffffffff f ffffffff 0 00 ffffffff
0000000000000018 00731e1e00000100 1 1e 00000000 0 0 0 0000000000000019 ffffffff f ffffffff 0 00 ffffffff
0000000000000019 0013180000000000 1 18 00000000 0 0 0 000000000000001a ffffffff f ffffffff 0 00 ffffffff
000000000000001a 0102001e18000000 0 00 00000000 5 1 0 000000000000001b ffffffff f ffffffff 0 00 ffffffff
000000000000001b 0215fffffb040000 0 00 00000000 5 1 0 000000000000001c ffffffff f ffffffff 0 00 ffffffff
000000000000001c 7cf5000000000000 0 00 00000000 5 1 0 000000000000001d ffffffff f ffffffff 0 00 ffffffff
DONE retired=29 fault=00 pc=000000000000001c
