0000000000000000 00131d0000000000 1 1d 00000000 0 0 0 0000000000000001
0000000000000001 0082120813000000 1 12 00000000 0 0 0 0000000000000002
0000000000000002 0013110040aec100 1 11 0040aec1 0 0 0 0000000000000003
0000000000000003 00a2130409000000 1 13 00000000 0 0 0 0000000000000004
0000000000000004 0102000502000000 0 00 00000000 5 1 0 0000000000000005
0000000000000005 0215000001030000 0 00 00000000 5 1 1 0000000000000007
0000000000000007 00130200cd835e00 1 02 ffcd835e 5 1 0 0000000000000008
0000000000000008 00630e1000000100 1 0e 00000000 5 1 0 0000000000000009
0000000000000009 005203010c000000 1 03 00000000 5 1 0 000000000000000a
000000000000000a 0022110801000000 1 11 00000000 5 1 0 000000000000000b
000000000000000b 0092120b00000000 1 12 ffffffff 5 1 0 000000000000000c
000000000000000c 0023120155555500 1 12 00555555 5 1 0 000000000000000d
000000000000000d 0013100055555500 1 10 00555555 5 1 0 000000000000000e
000000000000000e 0022020e0f000000 1 02 00000000 5 1 0 000000000000000f
000000000000000f 8506000000000000 0 00 00000000 5 1 0 0000000000000010
0000000000000010 0092051100000000 1 05 ffffffff 5 1 0 0000000000000011
0000000000000011 8506000000000000 0 00 00000000 5 1 0 0000000000000012
0000000000000012 001303006d1bcb00 1 03 006d1bcb 5 1 0 0000000000000013
0000000000000013 00820f090c000000 1 0f 00000000 5 1 0 0000000000000014
0000000000000014 0122000801000000 0 00 00000000 5 0 0 0000000000000015
0000000000000015 0215000003030000 0 00 00000000 5 0 1 0000000000000019
0000000000000019 0092041100000000 1 04 ffffffff 5 0 0 000000000000001a
000000000000001a 0052030605000000 1 03 ffffffff 5 0 0 000000000000001b
000000000000001b 00420e080f000000 1 0e 00000000 5 0 0 000000000000001c
000000000000001c 00130700331c4600 1 07 00331c46 5 0 0 000000000000001d
000000000000001d 00b3110a00000900 1 11 00000000 5 0 0 000000000000001e
000000000000001e 00520f0f12000000 1 0f 00555555 5 0 0 000000000000001f
000000000000001f 00630a0f00001500 1 0a aaa00000 5 0 0 0000000000000020
0000000000000020 8506000000000000 0 00 00000000 5 0 0 0000000000000021
0000000000000021 00130d002423c800 1 0d 002423c8 5 0 0 0000000000000022
0000000000000022 0072131407000000 1 13 ffcce3ba 5 0 0 0000000000000023
0000000000000023 0023111100000000 1 11 00000000 5 0 0 0000000000000024
0000000000000024 0013130000000000 1 13 00000000 5 0 0 0000000000000025
0000000000000025 0063020b00000f00 1 02 00000000 5 0 0 0000000000000026
0000000000000026 8506000000000000 0 00 00000000 5 0 0 0000000000000027
0000000000000027 8506000000000000 0 00 00000000 5 0 0 0000000000000028
0000000000000028 0063130400001a00 1 13 fc000000 5 0 0 0000000000000029
0000000000000029 00131e0000000400 1 1e 00000004 5 0 0 000000000000002a
000000000000002a 0023151500000100 1 15 00000001 5 0 0 000000000000002b
000000000000002b 00731e1e00000100 1 1e 00000003 5 0 0 000000000000002c
000000000000002c 0102001e1d000000 0 00 00000000 4 0 0 000000000000002d
000000000000002d 0215fffffc040000 0 00 00000000 4 0 1 000000000000002a
000000000000002a 0023151500000100 1 15 00000002 4 0 0 000000000000002b
000000000000002b 00731e1e00000100 1 1e 00000002 4 0 0 000000000000002c
000000000000002c 0102001e1d000000 0 00 00000000 4 0 0 000000000000002d
000000000000002d 0215fffffc040000 0 00 00000000 4 0 1 000000000000002a
000000000000002a 0023151500000100 1 15 00000003 4 0 0 000000000000002b
000000000000002b 00731e1e00000100 1 1e 00000001 4 0 0 000000000000002c
000000000000002c 0102001e1d000000 0 00 00000000 4 0 0 000000000000002d
000000000000002d 0215fffffc040000 0 00 00000000 4 0 1 000000000000002a
000000000000002a 0023151500000100 1 15 00000004 4 0 0 000000000000002b
000000000000002b 00731e1e00000100 1 1e 00000000 4 0 0 000000000000002c
000000000000002c 0102001e1d000000 0 00 00000000 5 1 0 000000000000002d
000000000000002d 0215fffffc040000 0 00 00000000 5 1 0 000000000000002e
000000000000002e 7cf5000000000000 0 00 00000000 5 1 0 000000000000002f
DONE retired=55 fault=00 pc=000000000000002e
