0000000000000000 0013140000004d00 1 14 0000004d 0 0 0 0000000000000001 9e0380ca f 9e0380ca 0 00 9e0380ca
0000000000000001 100003050400f000 0 00 00000000 0 0 0 0000000000000002 9e0380ca f 9e0380ca 1 03 9e0380ca
0000000000000002 00131500aaaaaa00 1 15 ffaaaaaa 0 0 0 0000000000000003 9e0380ca f 9e0380ca 0 00 9e0380ca
0000000000000003 342006150000f000 0 00 00000000 0 0 0 0000000000000004 9e0380ca f 9e0380ca 1 06 9e0380ca
0000000000000004 10710603001ff000 0 00 00000000 0 0 0 0000000000000005 9e0380ca f 9e0380ca 1 06 9e0380ca
0000000000000005 0013150055555500 1 15 00555555 0 0 0 0000000000000006 9e0380ca f 9e0380ca 0 00 9e0380ca
0000000000000006 342002150000f000 0 00 00000000 0 0 0 0000000000000007 9e0380ca f 9e0380ca 1 02 9e0380ca
0000000000000007 0013150000000000 1 15 00000000 0 0 0 0000000000000008 9e0380ca f 9e0380ca 0 00 9e0380ca
0000000000000008 342002150000f000 0 00 00000000 0 0 0 0000000000000009 9e0380ca f 9e0380ca 1 02 9e0380ca
0000000000000009 106105060000f000 0 00 00000000 0 0 0 000000000000000a 9e0380ca f 9e0380ca 1 05 9e0380ca
000000000000000a 340006050000f000 0 00 00000000 0 0 0 000000000000000b 9e0380ca f 9e0380ca 1 06 9e0380ca
000000000000000b 1001020263dff000 0 00 00000000 0 0 0 000000000000000c 9e0380ca f 9e0380ca 1 02 9e0380ca
000000000000000c 10610302001ff000 0 00 00000000 0 0 0 000000000000000d 9e0380ca f 9e0380ca 1 03 9e0380ca
000000000000000d 100004020500f000 0 00 00000000 0 0 0 000000000000000e 9e0380ca f 9e0380ca 1 04 9e0380ca
000000000000000e 340004050000f000 0 00 00000000 0 0 0 000000000000000f 9e0380ca f 9e0380ca 1 04 9e0380ca
000000000000000f 102003060600f000 0 00 00000000 0 0 0 0000000000000010 9e0380ca f 9e0380ca 1 03 9e0380ca
0000000000000010 10610205003ff000 0 00 00000000 0 0 0 0000000000000011 9e0380ca f 9e0380ca 1 02 9e0380ca
0000000000000011 0013160000000000 1 16 00000000 0 0 0 0000000000000012 9e0380ca f 9e0380ca 0 00 9e0380ca
0000000000000012 342002160000f000 0 00 00000000 0 0 0 0000000000000013 9e0380ca f 9e0380ca 1 02 9e0380ca
0000000000000013 108105020020f000 0 00 00000000 0 0 0 0000000000000014 9e0380ca f 9e0380ca 1 05 9e0380ca
0000000000000014 00131600aaaaaa00 1 16 ffaaaaaa 0 0 0 0000000000000015 9e0380ca f 9e0380ca 0 00 9e0380ca
0000000000000015 342002160000f000 0 00 00000000 0 0 0 0000000000000016 9e0380ca f 9e0380ca 1 02 9e0380ca
0000000000000016 10810302003ff000 0 00 00000000 0 0 0 0000000000000017 9e0380ca f 9e0380ca 1 03 9e0380ca
0000000000000017 340006020000f000 0 00 00000000 0 0 0 0000000000000018 9e0380ca f 9e0380ca 1 06 9e0380ca
0000000000000018 107104060000f000 0 00 00000000 0 0 0 0000000000000019 9e0380ca f 9e0380ca 1 04 9e0380ca
0000000000000019 00131600ffffff00 1 16 ffffffff 0 0 0 000000000000001a 9e0380ca f 9e0380ca 0 00 9e0380ca
000000000000001a 342003160000f000 0 00 00000000 0 0 0 000000000000001b 9e0380ca f 9e0380ca 1 03 9e0380ca
000000000000001b 10810303001ff000 0 00 00000000 0 0 0 000000000000001c 9e0380ca f 9e0380ca 1 03 9e0380ca
000000000000001c 101006060300f000 0 00 00000000 0 0 0 000000000000001d 9e0380ca f 9e0380ca 1 06 9e0380ca
000000000000001d 341106001db2f000 0 00 00000000 0 0 0 000000000000001e 9e0380ca f 9e0380ca 1 06 9e0380ca
000000000000001e 3430040000007000 0 00 00000000 0 0 0 000000000000001f 9e0380ca 7 00000000 1 04 00000000
000000000000001f 1030020504003000 0 00 00000000 0 0 0 0000000000000020 9e0380ca 3 82018002 1 02 82018002
0000000000000020 00131e0000000200 1 1e 00000002 0 0 0 0000000000000021 9e0380ca f 9e0380ca 0 00 9e0380ca
0000000000000021 0023171700000100 1 17 00000001 0 0 0 0000000000000022 9e0380ca f 9e0380ca 0 00 9e0380ca
0000000000000022 00731e1e00000100 1 1e 00000001 0 0 0 0000000000000023 9e0380ca f 9e0380ca 0 00 9e0380ca
0000000000000023 0013180000000000 1 18 00000000 0 0 0 0000000000000024 9e0380ca f 9e0380ca 0 00 9e0380ca
0000000000000024 0102001e18000000 0 00 00000000 4 0 0 0000000000000025 9e0380ca f 9e0380ca 0 00 9e0380ca
0000000000000025 0215fffffb040000 0 00 00000000 4 0 1 0000000000000021 9e0380ca f 9e0380ca 0 00 9e0380ca
0000000000000021 0023171700000100 1 17 00000002 4 0 0 0000000000000022 9e0380ca f 9e0380ca 0 00 9e0380ca
0000000000000022 00731e1e00000100 1 1e 00000000 4 0 0 0000000000000023 9e0380ca f 9e0380ca 0 00 9e0380ca
0000000000000023 0013180000000000 1 18 00000000 4 0 0 0000000000000024 9e0380ca f 9e0380ca 0 00 9e0380ca
0000000000000024 0102001e18000000 0 00 00000000 5 1 0 0000000000000025 9e0380ca f 9e0380ca 0 00 9e0380ca
0000000000000025 0215fffffb040000 0 00 00000000 5 1 0 0000000000000026 9e0380ca f 9e0380ca 0 00 9e0380ca
0000000000000026 7cf5000000000000 0 00 00000000 5 1 0 0000000000000027 9e0380ca f 9e0380ca 0 00 9e0380ca
DONE retired=44 fault=00 pc=0000000000000026
