0000000000000000 0013140000004d00 1 14 0000004d 0 0 0 0000000000000001 c0d3cac5 f c0d3cac5 0 00 c0d3cac5
0000000000000001 340006030000f000 0 00 00000000 0 0 0 0000000000000002 c0d3cac5 f c0d3cac5 1 06 c0d3cac5
0000000000000002 106102040020f000 0 00 00000000 0 0 0 0000000000000003 c0d3cac5 f c0d3cac5 1 02 c0d3cac5
0000000000000003 340003060000f000 0 00 00000000 0 0 0 0000000000000004 c0d3cac5 f c0d3cac5 1 03 c0d3cac5
0000000000000004 10010303a507f000 0 00 00000000 0 0 0 0000000000000005 c0d3cac5 f c0d3cac5 1 03 c0d3cac5
0000000000000005 100004040600f000 0 00 00000000 0 0 0 0000000000000006 c0d3cac5 f c0d3cac5 1 04 c0d3cac5
0000000000000006 0013160055555500 1 16 00555555 0 0 0 0000000000000007 c0d3cac5 f c0d3cac5 0 00 c0d3cac5
0000000000000007 342004160000f000 0 00 00000000 0 0 0 0000000000000008 c0d3cac5 f c0d3cac5 1 04 c0d3cac5
0000000000000008 108106040001f000 0 00 00000000 0 0 0 0000000000000009 c0d3cac5 f c0d3cac5 1 06 c0d3cac5
0000000000000009 10610602001ff000 0 00 00000000 0 0 0 000000000000000a c0d3cac5 f c0d3cac5 1 06 c0d3cac5
000000000000000a 00131e0000000200 1 1e 00000002 0 0 0 000000000000000b c0d3cac5 f c0d3cac5 0 00 c0d3cac5
000000000000000b 0023171700000100 1 17 00000001 0 0 0 000000000000000c c0d3cac5 f c0d3cac5 0 00 c0d3cac5
000000000000000c 00731e1e00000100 1 1e 00000001 0 0 0 000000000000000d c0d3cac5 f c0d3cac5 0 00 c0d3cac5
000000000000000d 0013180000000000 1 18 00000000 0 0 0 000000000000000e c0d3cac5 f c0d3cac5 0 00 c0d3cac5
000000000000000e 0102001e18000000 0 00 00000000 4 0 0 000000000000000f c0d3cac5 f c0d3cac5 0 00 c0d3cac5
000000000000000f 0215fffffb040000 0 00 00000000 4 0 1 000000000000000b c0d3cac5 f c0d3cac5 0 00 c0d3cac5
000000000000000b 0023171700000100 1 17 00000002 4 0 0 000000000000000c c0d3cac5 f c0d3cac5 0 00 c0d3cac5
000000000000000c 00731e1e00000100 1 1e 00000000 4 0 0 000000000000000d c0d3cac5 f c0d3cac5 0 00 c0d3cac5
000000000000000d 0013180000000000 1 18 00000000 4 0 0 000000000000000e c0d3cac5 f c0d3cac5 0 00 c0d3cac5
000000000000000e 0102001e18000000 0 00 00000000 5 1 0 000000000000000f c0d3cac5 f c0d3cac5 0 00 c0d3cac5
000000000000000f 0215fffffb040000 0 00 00000000 5 1 0 0000000000000010 c0d3cac5 f c0d3cac5 0 00 c0d3cac5
0000000000000010 7cf5000000000000 0 00 00000000 5 1 0 0000000000000011 c0d3cac5 f c0d3cac5 0 00 c0d3cac5
DONE retired=22 fault=00 pc=0000000000000010
