0000000000000000 00131d0000000000 1 1d 00000000 0 0 0 0000000000000001
0000000000000001 0022090603000000 1 09 00000000 0 0 0 0000000000000002
0000000000000002 001307008e6fa400 1 07 ff8e6fa4 0 0 0 0000000000000003
0000000000000003 8506000000000000 0 00 00000000 0 0 0 0000000000000004
0000000000000004 00a3041200000b00 1 04 00000000 0 0 0 0000000000000005
0000000000000005 8506000000000000 0 00 00000000 0 0 0 0000000000000006
0000000000000006 0092071100000000 1 07 ffffffff 0 0 0 0000000000000007
0000000000000007 0082031212000000 1 03 00000000 0 0 0 0000000000000008
0000000000000008 0023060f04404d00 1 06 0004404d 0 0 0 0000000000000009
0000000000000009 8506000000000000 0 00 00000000 0 0 0 000000000000000a
000000000000000a 8506000000000000 0 00 00000000 0 0 0 000000000000000b
000000000000000b 0073060ea640a600 1 06 0059bf5a 0 0 0 000000000000000c
000000000000000c 0112000d06000000 0 00 00000000 2 1 0 000000000000000d
000000000000000d 0215000002020000 0 00 00000000 2 1 0 000000000000000e
000000000000000e 8506000000000000 0 00 00000000 2 1 0 000000000000000f
000000000000000f 8506000000000000 0 00 00000000 2 1 0 0000000000000010
0000000000000010 0063090400001700 1 09 00000000 2 1 0 0000000000000011
0000000000000011 00b214020a000000 1 14 00000000 2 1 0 0000000000000012
0000000000000012 0073140effffff00 1 14 00000001 2 1 0 0000000000000013
0000000000000013 0112000703000000 0 00 00000000 6 1 0 0000000000000014
0000000000000014 0215000003010000 0 00 00000000 6 1 1 0000000000000018
0000000000000018 00620d0604000000 1 0d 0059bf5a 6 1 0 0000000000000019
0000000000000019 00630c1000001d00 1 0c 00000000 6 1 0 000000000000001a
000000000000001a 0092050c00000000 1 05 ffffffff 6 1 0 000000000000001b
000000000000001b 8506000000000000 0 00 00000000 6 1 0 000000000000001c
000000000000001c 8506000000000000 0 00 00000000 6 1 0 000000000000001d
000000000000001d 010200130c000000 0 00 00000000 5 1 0 000000000000001e
000000000000001e 0215000001010000 0 00 00000000 5 1 1 0000000000000020
0000000000000020 00131e0000000400 1 1e 00000004 5 1 0 0000000000000021
0000000000000021 0023151500000100 1 15 00000001 5 1 0 0000000000000022
0000000000000022 00731e1e00000100 1 1e 00000003 5 1 0 0000000000000023
0000000000000023 0102001e1d000000 0 00 00000000 4 0 0 0000000000000024
0000000000000024 0215fffffc040000 0 00 00000000 4 0 1 0000000000000021
0000000000000021 0023151500000100 1 15 00000002 4 0 0 0000000000000022
0000000000000022 00731e1e00000100 1 1e 00000002 4 0 0 0000000000000023
0000000000000023 0102001e1d000000 0 00 00000000 4 0 0 0000000000000024
0000000000000024 0215fffffc040000 0 00 00000000 4 0 1 0000000000000021
0000000000000021 0023151500000100 1 15 00000003 4 0 0 0000000000000022
0000000000000022 00731e1e00000100 1 1e 00000001 4 0 0 0000000000000023
0000000000000023 0102001e1d000000 0 00 00000000 4 0 0 0000000000000024
0000000000000024 0215fffffc040000 0 00 00000000 4 0 1 0000000000000021
0000000000000021 0023151500000100 1 15 00000004 4 0 0 0000000000000022
0000000000000022 00731e1e00000100 1 1e 00000000 4 0 0 0000000000000023
0000000000000023 0102001e1d000000 0 00 00000000 5 1 0 0000000000000024
0000000000000024 0215fffffc040000 0 00 00000000 5 1 0 0000000000000025
0000000000000025 7cf5000000000000 0 00 00000000 5 1 0 0000000000000026
DONE retired=46 fault=00 pc=0000000000000025
