0000000000000000 00131d0000000000 1 1d 00000000 0 0 0 0000000000000001
0000000000000001 0063130100001200 1 13 00000000 0 0 0 0000000000000002
0000000000000002 0122001413000000 0 00 00000000 5 0 0 0000000000000003
0000000000000003 02150000030b0000 0 00 00000000 5 0 0 0000000000000004
0000000000000004 8506000000000000 0 00 00000000 5 0 0 0000000000000005
0000000000000005 8506000000000000 0 00 00000000 5 0 0 0000000000000006
0000000000000006 8506000000000000 0 00 00000000 5 0 0 0000000000000007
0000000000000007 0022080f07000000 1 08 00000000 5 0 0 0000000000000008
0000000000000008 00130e00d8512700 1 0e ffd85127 5 0 0 0000000000000009
0000000000000009 0306000000000e00 1 0e 00000000 5 0 0 000000000000000a
000000000000000a 00b3120d00000300 1 12 00000000 5 0 0 000000000000000b
000000000000000b 0062070d02000000 1 07 00000000 5 0 0 000000000000000c
000000000000000c 0042111109000000 1 11 00000000 5 0 0 000000000000000d
000000000000000d 0063090f00001800 1 09 00000000 5 0 0 000000000000000e
000000000000000e 00a30f0b00001200 1 0f 00000000 5 0 0 000000000000000f
000000000000000f 0112000204000000 0 00 00000000 5 0 0 0000000000000010
0000000000000010 02150000010c0000 0 00 00000000 5 0 1 0000000000000012
0000000000000012 00a2051312000000 1 05 00000000 5 0 0 0000000000000013
0000000000000013 0013030000000000 1 03 00000000 5 0 0 0000000000000014
0000000000000014 0052111112000000 1 11 00000000 5 0 0 0000000000000015
0000000000000015 0122000312000000 0 00 00000000 5 0 0 0000000000000016
0000000000000016 02150000020c0000 0 00 00000000 5 0 1 0000000000000019
0000000000000019 8506000000000000 0 00 00000000 5 0 0 000000000000001a
000000000000001a 0073020655555500 1 02 ffaaaaab 5 0 0 000000000000001b
000000000000001b 00630c0c00000a00 1 0c 00000000 5 0 0 000000000000001c
000000000000001c 001302009618e200 1 02 ff9618e2 5 0 0 000000000000001d
000000000000001d 8506000000000000 0 00 00000000 5 0 0 000000000000001e
000000000000001e 00130f0055555500 1 0f 00555555 5 0 0 000000000000001f
000000000000001f 00130300d52f8e00 1 03 ffd52f8e 5 0 0 0000000000000020
0000000000000020 0022110905000000 1 11 00000000 5 0 0 0000000000000021
0000000000000021 0112000908000000 0 00 00000000 5 0 0 0000000000000022
0000000000000022 0215000003010000 0 00 00000000 5 0 0 0000000000000023
0000000000000023 8506000000000000 0 00 00000000 5 0 0 0000000000000024
0000000000000024 8506000000000000 0 00 00000000 5 0 0 0000000000000025
0000000000000025 8506000000000000 0 00 00000000 5 0 0 0000000000000026
0000000000000026 8506000000000000 0 00 00000000 5 0 0 0000000000000027
0000000000000027 8506000000000000 0 00 00000000 5 0 0 0000000000000028
0000000000000028 00920b0300000000 1 0b 002ad071 5 0 0 0000000000000029
0000000000000029 00130f00eb6b6600 1 0f ffeb6b66 5 0 0 000000000000002a
000000000000002a 001304008fea0500 1 04 ff8fea05 5 0 0 000000000000002b
000000000000002b 8506000000000000 0 00 00000000 5 0 0 000000000000002c
000000000000002c 8506000000000000 0 00 00000000 5 0 0 000000000000002d
000000000000002d 0092070900000000 1 07 ffffffff 5 0 0 000000000000002e
000000000000002e 0092040e00000000 1 04 ffffffff 5 0 0 000000000000002f
000000000000002f 001313000a495400 1 13 000a4954 5 0 0 0000000000000030
0000000000000030 8506000000000000 0 00 00000000 5 0 0 0000000000000031
0000000000000031 0062021408000000 1 02 00000000 5 0 0 0000000000000032
0000000000000032 00131e0000000200 1 1e 00000002 5 0 0 0000000000000033
0000000000000033 0023151500000100 1 15 00000001 5 0 0 0000000000000034
0000000000000034 00731e1e00000100 1 1e 00000001 5 0 0 0000000000000035
0000000000000035 0102001e1d000000 0 00 00000000 4 0 0 0000000000000036
0000000000000036 0215fffffc040000 0 00 00000000 4 0 1 0000000000000033
0000000000000033 0023151500000100 1 15 00000002 4 0 0 0000000000000034
0000000000000034 00731e1e00000100 1 1e 00000000 4 0 0 0000000000000035
0000000000000035 0102001e1d000000 0 00 00000000 5 1 0 0000000000000036
0000000000000036 0215fffffc040000 0 00 00000000 5 1 0 0000000000000037
0000000000000037 7cf5000000000000 0 00 00000000 5 1 0 0000000000000038
DONE retired=57 fault=00 pc=0000000000000037
