0000000000000000 0013140000004d00 1 14 0000004d 0 0 0 0000000000000001 aaaaaaaa f aaaaaaaa 0 00 aaaaaaaa
0000000000000001 00131500ffffff00 1 15 ffffffff 0 0 0 0000000000000002 aaaaaaaa f aaaaaaaa 0 00 aaaaaaaa
0000000000000002 3420041500007000 0 00 00000000 0 0 0 0000000000000003 aaaaaaaa 7 00000000 1 04 00000000
0000000000000003 107105040010f000 0 00 00000000 0 0 0 0000000000000004 aaaaaaaa f aaaaaaaa 1 05 aaaaaaaa
0000000000000004 34110600fffff000 0 00 00000000 0 0 0 0000000000000005 aaaaaaaa f aaaaaaaa 1 06 aaaaaaaa
0000000000000005 105104050001f000 0 00 00000000 0 0 0 0000000000000006 aaaaaaaa f aaaaaaaa 1 04 aaaaaaaa
0000000000000006 106104030001f000 0 00 00000000 0 0 0 0000000000000007 aaaaaaaa f aaaaaaaa 1 04 aaaaaaaa
0000000000000007 343002000000f000 0 00 00000000 0 0 0 0000000000000008 aaaaaaaa f aaaaaaaa 1 02 aaaaaaaa
0000000000000008 00131e0000000300 1 1e 00000003 0 0 0 0000000000000009 aaaaaaaa f aaaaaaaa 0 00 aaaaaaaa
0000000000000009 0023171700000100 1 17 00000001 0 0 0 000000000000000a aaaaaaaa f aaaaaaaa 0 00 aaaaaaaa
000000000000000a 00731e1e00000100 1 1e 00000002 0 0 0 000000000000000b aaaaaaaa f aaaaaaaa 0 00 aaaaaaaa
000000000000000b 0013180000000000 1 18 00000000 0 0 0 000000000000000c aaaaaaaa f aaaaaaaa 0 00 aaaaaaaa
000000000000000c 0102001e18000000 0 00 00000000 4 0 0 000000000000000d aaaaaaaa f aaaaaaaa 0 00 aaaaaaaa
000000000000000d 0215fffffb040000 0 00 00000000 4 0 1 0000000000000009 aaaaaaaa f aaaaaaaa 0 00 aaaaaaaa
0000000000000009 0023171700000100 1 17 00000002 4 0 0 000000000000000a aaaaaaaa f aaaaaaaa 0 00 aaaaaaaa
000000000000000a 00731e1e00000100 1 1e 00000001 4 0 0 000000000000000b aaaaaaaa f aaaaaaaa 0 00 aaaaaaaa
000000000000000b 0013180000000000 1 18 00000000 4 0 0 000000000000000c aaaaaaaa f aaaaaaaa 0 00 aaaaaaaa
000000000000000c 0102001e18000000 0 00 00000000 4 0 0 000000000000000d aaaaaaaa f aaaaaaaa 0 00 aaaaaaaa
000000000000000d 0215fffffb040000 0 00 00000000 4 0 1 0000000000000009 aaaaaaaa f aaaaaaaa 0 00 aaaaaaaa
0000000000000009 0023171700000100 1 17 00000003 4 0 0 000000000000000a aaaaaaaa f aaaaaaaa 0 00 aaaaaaaa
000000000000000a 00731e1e00000100 1 1e 00000000 4 0 0 000000000000000b aaaaaaaa f aaaaaaaa 0 00 aaaaaaaa
000000000000000b 0013180000000000 1 18 00000000 4 0 0 000000000000000c aaaaaaaa f aaaaaaaa 0 00 aaaaaaaa
000000000000000c 0102001e18000000 0 00 00000000 5 1 0 000000000000000d aaaaaaaa f aaaaaaaa 0 00 aaaaaaaa
000000000000000d 0215fffffb040000 0 00 00000000 5 1 0 000000000000000e aaaaaaaa f aaaaaaaa 0 00 aaaaaaaa
000000000000000e 7cf5000000000000 0 00 00000000 5 1 0 000000000000000f aaaaaaaa f aaaaaaaa 0 00 aaaaaaaa
DONE retired=25 fault=00 pc=000000000000000e
