0000000000000000 00131d0000000000 1 1d 00000000 0 0 0 0000000000000001
0000000000000001 00420a1009000000 1 0a 00000000 0 0 0 0000000000000002
0000000000000002 0306000000000f00 1 0f 00000000 0 0 0 0000000000000003
0000000000000003 00b30e1300001f00 1 0e 00000000 0 0 0 0000000000000004
0000000000000004 8506000000000000 0 00 00000000 0 0 0 0000000000000005
0000000000000005 0013130006128200 1 13 00061282 0 0 0 0000000000000006
0000000000000006 011200050c000000 0 00 00000000 5 0 0 0000000000000007
0000000000000007 0215000001010000 0 00 00000000 5 0 0 0000000000000008
0000000000000008 8506000000000000 0 00 00000000 5 0 0 0000000000000009
0000000000000009 0306000000000c00 1 0c 00000000 5 0 0 000000000000000a
000000000000000a 00730a12b243f400 1 0a 004dbc0c 5 0 0 000000000000000b
000000000000000b 007308065b8c3e00 1 08 ffa473c2 5 0 0 000000000000000c
000000000000000c 0072110f09000000 1 11 00000000 5 0 0 000000000000000d
000000000000000d 0072081303000000 1 08 00061282 5 0 0 000000000000000e
000000000000000e 00230a0a1ed38000 1 0a 006c8f8c 5 0 0 000000000000000f
000000000000000f 0032130d03000000 1 13 00000000 5 0 0 0000000000000010
0000000000000010 0023010cca2a9500 1 01 ffca2a95 5 0 0 0000000000000011
0000000000000011 0092061300000000 1 06 ffffffff 5 0 0 0000000000000012
0000000000000012 00131400e427c800 1 14 ffe427c8 5 0 0 0000000000000013
0000000000000013 8506000000000000 0 00 00000000 5 0 0 0000000000000014
0000000000000014 0112000b08000000 0 00 00000000 2 1 0 0000000000000015
0000000000000015 02150000020d0000 0 00 00000000 2 1 1 0000000000000018
0000000000000018 8506000000000000 0 00 00000000 2 1 0 0000000000000019
0000000000000019 0122000c07000000 0 00 00000000 5 0 0 000000000000001a
000000000000001a 02150000030d0000 0 00 00000000 5 0 0 000000000000001b
000000000000001b 8506000000000000 0 00 00000000 5 0 0 000000000000001c
000000000000001c 8506000000000000 0 00 00000000 5 0 0 000000000000001d
000000000000001d 8506000000000000 0 00 00000000 5 0 0 000000000000001e
000000000000001e 0022050907000000 1 05 00000000 5 0 0 000000000000001f
000000000000001f 8506000000000000 0 00 00000000 5 0 0 0000000000000020
0000000000000020 0013120055555500 1 12 00555555 5 0 0 0000000000000021
0000000000000021 00130200873a2e00 1 02 ff873a2e 5 0 0 0000000000000022
0000000000000022 00230d06b7efcd00 1 0d ffb7efcc 5 0 0 0000000000000023
0000000000000023 00131e0000000300 1 1e 00000003 5 0 0 0000000000000024
0000000000000024 0023151500000100 1 15 00000001 5 0 0 0000000000000025
0000000000000025 00731e1e00000100 1 1e 00000002 5 0 0 0000000000000026
0000000000000026 0102001e1d000000 0 00 00000000 4 0 0 0000000000000027
0000000000000027 0215fffffc040000 0 00 00000000 4 0 1 0000000000000024
0000000000000024 0023151500000100 1 15 00000002 4 0 0 0000000000000025
0000000000000025 00731e1e00000100 1 1e 00000001 4 0 0 0000000000000026
0000000000000026 0102001e1d000000 0 00 00000000 4 0 0 0000000000000027
0000000000000027 0215fffffc040000 0 00 00000000 4 0 1 0000000000000024
0000000000000024 0023151500000100 1 15 00000003 4 0 0 0000000000000025
0000000000000025 00731e1e00000100 1 1e 00000000 4 0 0 0000000000000026
0000000000000026 0102001e1d000000 0 00 00000000 5 1 0 0000000000000027
0000000000000027 0215fffffc040000 0 00 00000000 5 1 0 0000000000000028
0000000000000028 7cf5000000000000 0 00 00000000 5 1 0 0000000000000029
DONE retired=47 fault=00 pc=0000000000000028
