0000000000000000 0013140000004d00 1 14 0000004d 0 0 0 0000000000000001 40000000 f 40000000 0 00 40000000
0000000000000001 34110600a0db6000 0 00 00000000 0 0 0 0000000000000002 40000000 6 40000000 1 06 40000000
0000000000000002 343004000000f000 0 00 00000000 0 0 0 0000000000000003 40000000 f 40000000 1 04 40000000
0000000000000003 00131500ffffff00 1 15 ffffffff 0 0 0 0000000000000004 40000000 f 40000000 0 00 40000000
0000000000000004 342006150000f000 0 00 00000000 0 0 0 0000000000000005 40000000 f 40000000 1 06 40000000
0000000000000005 341104000000f000 0 00 00000000 0 0 0 0000000000000006 40000000 f 40000000 1 04 40000000
0000000000000006 104106020001f000 0 00 00000000 0 0 0 0000000000000007 40000000 f 40000000 1 06 40000000
0000000000000007 0013150000000000 1 15 00000000 0 0 0 0000000000000008 40000000 f 40000000 0 00 40000000
0000000000000008 342003150000f000 0 00 00000000 0 0 0 0000000000000009 40000000 f 40000000 1 03 40000000
0000000000000009 10310305fffff000 0 00 00000000 0 0 0 000000000000000a 40000000 f 40000000 1 03 40000000
000000000000000a 105105030fecf000 0 00 00000000 0 0 0 000000000000000b 40000000 f 40000000 1 05 40000000
000000000000000b 105003030200f000 0 00 00000000 0 0 0 000000000000000c 40000000 f 40000000 1 03 40000000
000000000000000c 105103038000f000 0 00 00000000 0 0 0 000000000000000d 40000000 f 40000000 1 03 40000000
000000000000000d 340006050000f000 0 00 00000000 0 0 0 000000000000000e 40000000 f 40000000 1 06 40000000
000000000000000e 10510403fffff000 0 00 00000000 0 0 0 000000000000000f 40000000 f 40000000 1 04 40000000
000000000000000f 0013160000000100 1 16 00000001 0 0 0 0000000000000010 40000000 f 40000000 0 00 40000000
0000000000000010 342004160000f000 0 00 00000000 0 0 0 0000000000000011 40000000 f 40000000 1 04 40000000
0000000000000011 10810304003ff000 0 00 00000000 0 0 0 0000000000000012 40000000 f 40000000 1 03 40000000
0000000000000012 340002050000f000 0 00 00000000 0 0 0 0000000000000013 40000000 f 40000000 1 02 40000000
0000000000000013 1010040402000000 0 00 00000000 0 0 0 0000000000000014 40000000 0 40000000 1 04 40000000
0000000000000014 34110200fffff000 0 00 00000000 0 0 0 0000000000000015 40000000 f 40000000 1 02 40000000
0000000000000015 3411050089a3f000 0 00 00000000 0 0 0 0000000000000016 40000000 f 40000000 1 05 40000000
0000000000000016 3430030000003000 0 00 00000000 0 0 0 0000000000000017 40000000 3 00000000 1 03 00000000
0000000000000017 00131500ffffff00 1 15 ffffffff 0 0 0 0000000000000018 40000000 f 40000000 0 00 40000000
0000000000000018 3420061500004000 0 00 00000000 0 0 0 0000000000000019 40000000 4 40000000 1 06 40000000
0000000000000019 100002020400f000 0 00 00000000 0 0 0 000000000000001a 40000000 f 40000000 1 02 40000000
000000000000001a 00131e0000000300 1 1e 00000003 0 0 0 000000000000001b 40000000 f 40000000 0 00 40000000
000000000000001b 0023171700000100 1 17 00000001 0 0 0 000000000000001c 40000000 f 40000000 0 00 40000000
000000000000001c 00731e1e00000100 1 1e 00000002 0 0 0 000000000000001d 40000000 f 40000000 0 00 40000000
000000000000001d 0013180000000000 1 18 00000000 0 0 0 000000000000001e 40000000 f 40000000 0 00 40000000
000000000000001e 0102001e18000000 0 00 00000000 4 0 0 000000000000001f 40000000 f 40000000 0 00 40000000
000000000000001f 0215fffffb040000 0 00 00000000 4 0 1 000000000000001b 40000000 f 40000000 0 00 40000000
000000000000001b 0023171700000100 1 17 00000002 4 0 0 000000000000001c 40000000 f 40000000 0 00 40000000
000000000000001c 00731e1e00000100 1 1e 00000001 4 0 0 000000000000001d 40000000 f 40000000 0 00 40000000
000000000000001d 0013180000000000 1 18 00000000 4 0 0 000000000000001e 40000000 f 40000000 0 00 40000000
000000000000001e 0102001e18000000 0 00 00000000 4 0 0 000000000000001f 40000000 f 40000000 0 00 40000000
000000000000001f 0215fffffb040000 0 00 00000000 4 0 1 000000000000001b 40000000 f 40000000 0 00 40000000
000000000000001b 0023171700000100 1 17 00000003 4 0 0 000000000000001c 40000000 f 40000000 0 00 40000000
000000000000001c 00731e1e00000100 1 1e 00000000 4 0 0 000000000000001d 40000000 f 40000000 0 00 40000000
000000000000001d 0013180000000000 1 18 00000000 4 0 0 000000000000001e 40000000 f 40000000 0 00 40000000
000000000000001e 0102001e18000000 0 00 00000000 5 1 0 000000000000001f 40000000 f 40000000 0 00 40000000
000000000000001f 0215fffffb040000 0 00 00000000 5 1 0 0000000000000020 40000000 f 40000000 0 00 40000000
0000000000000020 7cf5000000000000 0 00 00000000 5 1 0 0000000000000021 40000000 f 40000000 0 00 40000000
DONE retired=43 fault=00 pc=0000000000000020
