0000000000000000 0013140000004d00 1 14 0000004d 0 0 0 0000000000000001 304cf660 f 304cf660 0 00 304cf660
0000000000000001 343003000000f000 0 00 00000000 0 0 0 0000000000000002 304cf660 f 304cf660 1 03 304cf660
0000000000000002 1000020204004000 0 00 00000000 0 0 0 0000000000000003 304cf660 4 304cf660 1 02 304cf660
0000000000000003 0013150055555500 1 15 00555555 0 0 0 0000000000000004 304cf660 f 304cf660 0 00 304cf660
0000000000000004 342003150000f000 0 00 00000000 0 0 0 0000000000000005 304cf660 f 304cf660 1 03 304cf660
0000000000000005 101006040600f000 0 00 00000000 0 0 0 0000000000000006 304cf660 f 304cf660 1 06 304cf660
0000000000000006 00131600ffffff00 1 16 ffffffff 0 0 0 0000000000000007 304cf660 f 304cf660 0 00 304cf660
0000000000000007 342003160000f000 0 00 00000000 0 0 0 0000000000000008 304cf660 f 304cf660 1 03 304cf660
0000000000000008 108104030021f000 0 00 00000000 0 0 0 0000000000000009 304cf660 f 304cf660 1 04 304cf660
0000000000000009 0013150000000000 1 15 00000000 0 0 0 000000000000000a 304cf660 f 304cf660 0 00 304cf660
000000000000000a 3420031500004000 0 00 00000000 0 0 0 000000000000000b 304cf660 4 304cf660 1 03 304cf660
000000000000000b 104105058000f000 0 00 00000000 0 0 0 000000000000000c 304cf660 f 304cf660 1 05 304cf660
000000000000000c 3411020000000000 0 00 00000000 0 0 0 000000000000000d 304cf660 0 3040c620 1 02 3040c620
000000000000000d 341102007ffff000 0 00 00000000 0 0 0 000000000000000e 304cf660 f 304cf660 1 02 304cf660
000000000000000e 106103060021f000 0 00 00000000 0 0 0 000000000000000f 304cf660 f 304cf660 1 03 304cf660
000000000000000f 340006050000f000 0 00 00000000 0 0 0 0000000000000010 304cf660 f 304cf660 1 06 304cf660
0000000000000010 1000040306000000 0 00 00000000 0 0 0 0000000000000011 304cf660 0 3040c620 1 04 3040c620
0000000000000011 340006050000f000 0 00 00000000 0 0 0 0000000000000012 304cf660 f 304cf660 1 06 304cf660
0000000000000012 10610204000ff000 0 00 00000000 0 0 0 0000000000000013 304cf660 f 304cf660 1 02 304cf660
0000000000000013 1040030605004000 0 00 00000000 0 0 0 0000000000000014 304cf660 4 304cf660 1 03 304cf660
0000000000000014 104103029c9ef000 0 00 00000000 0 0 0 0000000000000015 304cf660 f 304cf660 1 03 304cf660
0000000000000015 340003060000f000 0 00 00000000 0 0 0 0000000000000016 304cf660 f 304cf660 1 03 304cf660
0000000000000016 341106009337f000 0 00 00000000 0 0 0 0000000000000017 304cf660 f 304cf660 1 06 304cf660
0000000000000017 105104038000f000 0 00 00000000 0 0 0 0000000000000018 304cf660 f 304cf660 1 04 304cf660
0000000000000018 101004020400f000 0 00 00000000 0 0 0 0000000000000019 304cf660 f 304cf660 1 04 304cf660
0000000000000019 10710402000ff000 0 00 00000000 0 0 0 000000000000001a 304cf660 f 304cf660 1 04 304cf660
000000000000001a 10610605001ff000 0 00 00000000 0 0 0 000000000000001b 304cf660 f 304cf660 1 06 304cf660
000000000000001b 105003020500f000 0 00 00000000 0 0 0 000000000000001c 304cf660 f 304cf660 1 03 304cf660
000000000000001c 101003030400f000 0 00 00000000 0 0 0 000000000000001d 304cf660 f 304cf660 1 03 304cf660
000000000000001d 103104027ffff000 0 00 00000000 0 0 0 000000000000001e 304cf660 f 304cf660 1 04 304cf660
000000000000001e 0013160000000100 1 16 00000001 0 0 0 000000000000001f 304cf660 f 304cf660 0 00 304cf660
000000000000001f 342005160000f000 0 00 00000000 0 0 0 0000000000000020 304cf660 f 304cf660 1 05 304cf660
0000000000000020 108104050000f000 0 00 00000000 0 0 0 0000000000000021 304cf660 f 304cf660 1 04 304cf660
0000000000000021 340005020000b000 0 00 00000000 0 0 0 0000000000000022 304cf660 b 304cf660 1 05 304cf660
0000000000000022 00131e0000000200 1 1e 00000002 0 0 0 0000000000000023 304cf660 f 304cf660 0 00 304cf660
0000000000000023 0023171700000100 1 17 00000001 0 0 0 0000000000000024 304cf660 f 304cf660 0 00 304cf660
0000000000000024 00731e1e00000100 1 1e 00000001 0 0 0 0000000000000025 304cf660 f 304cf660 0 00 304cf660
0000000000000025 0013180000000000 1 18 00000000 0 0 0 0000000000000026 304cf660 f 304cf660 0 00 304cf660
0000000000000026 0102001e18000000 0 00 00000000 4 0 0 0000000000000027 304cf660 f 304cf660 0 00 304cf660
0000000000000027 0215fffffb040000 0 00 00000000 4 0 1 0000000000000023 304cf660 f 304cf660 0 00 304cf660
0000000000000023 0023171700000100 1 17 00000002 4 0 0 0000000000000024 304cf660 f 304cf660 0 00 304cf660
0000000000000024 00731e1e00000100 1 1e 00000000 4 0 0 0000000000000025 304cf660 f 304cf660 0 00 304cf660
0000000000000025 0013180000000000 1 18 00000000 4 0 0 0000000000000026 304cf660 f 304cf660 0 00 304cf660
0000000000000026 0102001e18000000 0 00 00000000 5 1 0 0000000000000027 304cf660 f 304cf660 0 00 304cf660
0000000000000027 0215fffffb040000 0 00 00000000 5 1 0 0000000000000028 304cf660 f 304cf660 0 00 304cf660
0000000000000028 7cf5000000000000 0 00 00000000 5 1 0 0000000000000029 304cf660 f 304cf660 0 00 304cf660
DONE retired=46 fault=00 pc=0000000000000028
