0000000000000000 343001000000f000 0 00 00000000 0 0 0 0 0 0 0000000000000001 ffffffff f ffffffff 1 01
0000000000000001 341107000001f000 0 00 00000000 0 0 0 0 0 0 0000000000000002 ffffffff f ffffffff 1 07
0000000000000002 34110c000003f000 0 00 00000000 0 0 0 0 0 0 0000000000000003 ffffffff f ffffffff 1 0c
0000000000000003 100004030700f000 0 00 00000000 0 0 0 0 0 0 0000000000000004 ffffffff f ffffffff 1 04
0000000000000004 3009003070000000 0 00 00000000 0 0 0 0 0 0 0000000000000005 ffffffff f ffffffff 0 00
0000000000000005 7c1500001c000060 0 00 00000000 0 0 0 0 0 0 0000000000000022 ffffffff f ffffffff 0 00
0000000000000022 3049401070000000 0 00 00000000 0 0 0 0 0 0 0000000000000023 ffffffff f ffffffff 0 00
0000000000000023 7c15000032400040 0 00 00000000 0 0 0 0 0 0 0000000000000024 fffffffc f fffffffc 0 00
0000000000000024 341105000003f000 0 00 00000000 0 0 0 0 0 0 0000000000000025 fffffffc f fffffffc 1 05
0000000000000025 3059d0a070000000 0 00 00000000 0 0 0 0 0 0 0000000000000026 fffffffc f fffffffc 0 00
0000000000000026 7c15000019d0002d 0 00 00000000 0 0 0 0 0 0 0000000000000040 fffffffc f fffffffc 0 00
0000000000000040 3009d010c0000000 0 00 00000000 0 0 0 0 0 0 0000000000000041 fffffffc f fffffffc 0 00
0000000000000041 7c15000010d00011 0 00 00000000 0 0 0 0 0 0 0000000000000042 00000008 f 00000008 0 00
0000000000000042 34110d000003f000 0 00 00000000 0 0 0 0 0 0 0000000000000043 00000008 f 00000008 1 0d
0000000000000043 10300c010d00f000 0 00 00000000 0 0 0 0 0 0 0000000000000044 00000008 f 00000008 1 0c
0000000000000044 10000c0c0700f000 0 00 00000000 0 0 0 0 0 0 0000000000000045 00000008 f 00000008 1 0c
0000000000000045 34110a000000f000 0 00 00000000 0 0 0 0 0 0 0000000000000046 00000008 f 00000008 1 0a
0000000000000046 7c85000008000000 0 00 00000000 0 0 0 0 0 0 0000000000000047 00000008 f 00000008 0 00
0000000000000047 3059e0a0c0000000 0 00 00000000 0 0 0 0 0 0 0000000000000048 00000008 f 00000008 0 00
0000000000000048 3029d0a0c0000000 0 00 00000000 0 0 0 0 0 0 0000000000000049 00000008 f 00000008 0 00
0000000000000049 3059a0b070000000 0 00 00000000 0 0 0 0 0 0 000000000000004a 00000008 f 00000008 0 00
000000000000004a 7c15000000a00001 0 00 00000000 0 0 0 0 0 0 000000000000004b 00000008 f 00000008 0 00
000000000000004b 10100c010c00f000 0 00 00000000 0 0 0 0 0 0 000000000000004c 00000008 f 00000008 1 0c
000000000000004c 7c25000000000000 0 00 00000000 0 0 0 0 0 0 000000000000004d 00000008 f 00000008 0 00
000000000000004d 7cb5000000e00000 0 00 00000000 0 0 0 0 0 0 000000000000004e 00000008 f 00000008 0 00
000000000000004e 10000a0a0700f000 0 00 00000000 0 0 0 0 0 0 000000000000004f 00000008 f 00000008 1 0a
000000000000004f 7c95fffff7d00000 0 00 00000000 0 0 0 0 0 0 0000000000000047 00000008 f 00000008 0 00
0000000000000047 3059e0a0c0000000 0 00 00000000 0 0 0 0 0 0 0000000000000048 00000008 f 00000008 0 00
0000000000000048 3029d0a0c0000000 0 00 00000000 0 0 0 0 0 0 0000000000000049 00000008 f 00000008 0 00
0000000000000049 3059a0b070000000 0 00 00000000 0 0 0 0 0 0 000000000000004a 00000008 f 00000008 0 00
000000000000004a 7c15000000a00001 0 00 00000000 0 0 0 0 0 0 000000000000004b 00000008 f 00000008 0 00
000000000000004b 10100c010c00f000 0 00 00000000 0 0 0 0 0 0 000000000000004c 00000008 f 00000008 1 0c
000000000000004c 7c25000000000000 0 00 00000000 0 0 0 0 0 0 000000000000004d 00000008 f 00000008 0 00
000000000000004f 7cb5000000e00000 0 00 00000000 0 0 0 0 0 0 000000000000004e 00000000 f 00000000 0 00
000000000000004f 7c95fffff7d00000 0 00 00000000 0 0 0 0 0 0 0000000000000050 00000008 f 00000008 0 00
0000000000000050 101004070100f000 0 00 00000000 0 0 0 0 0 0 0000000000000051 00000008 f 00000008 1 04
0000000000000051 0205000001000000 0 00 00000000 0 0 0 0 0 1 0000000000000053 00000008 f 00000008 0 00
0000000000000053 7c25000000000000 0 00 00000000 0 0 0 0 0 0 0000000000000052 fffffff4 f fffffff4 0 00
0000000000000052 34110500000af000 0 00 00000000 0 0 0 0 0 0 0000000000000053 fffffff4 f fffffff4 1 05
0000000000000053 7c25000000000000 0 00 00000000 0 0 0 0 0 0 0000000000000054 fffffffc f fffffffc 0 00
0000000000000054 7c25000000000000 0 00 00000000 0 0 0 0 0 0 0000000000000055 fffffffc f fffffffc 0 00
0000000000000055 020500000e000000 0 00 00000000 0 0 0 0 0 1 0000000000000064 fffffffc f fffffffc 0 00
0000000000000064 7c25000000000000 0 00 00000000 0 0 0 0 0 0 0000000000000056 00000003 f 00000003 0 00
0000000000000056 34110d000000f000 0 00 00000000 0 0 0 0 0 0 0000000000000057 00000003 f 00000003 1 0d
0000000000000057 10300c010d00f000 0 00 00000000 0 0 0 0 0 0 0000000000000058 00000003 f 00000003 1 0c
0000000000000058 10000c0c0700f000 0 00 00000000 0 0 0 0 0 0 0000000000000059 00000003 f 00000003 1 0c
0000000000000059 34110a000000f000 0 00 00000000 0 0 0 0 0 0 000000000000005a 00000003 f 00000003 1 0a
000000000000005a 7c85000008000000 0 00 00000000 0 0 0 0 0 0 000000000000005b 00000003 f 00000003 0 00
000000000000005b 3059e0a0c0000000 0 00 00000000 0 0 0 0 0 0 000000000000005c 00000003 f 00000003 0 00
000000000000005c 3029d0a0c0000000 0 00 00000000 0 0 0 0 0 0 000000000000005d 00000003 f 00000003 0 00
000000000000005d 301920a070000000 0 00 00000000 0 0 0 0 0 0 000000000000005e 00000003 f 00000003 0 00
000000000000005e 7c15000000200001 0 00 00000000 0 0 0 0 0 0 000000000000005f 00000003 f 00000003 0 00
000000000000005f 11000c010500f000 0 00 00000000 0 0 0 0 0 0 0000000000000060 00000003 f 00000003 1 0c
0000000000000060 7c25000000000000 0 00 00000000 0 0 0 0 0 0 0000000000000061 00000003 f 00000003 0 00
0000000000000061 7cb5000000e00000 0 00 00000000 0 0 0 0 0 0 0000000000000062 00000003 f 00000003 0 00
0000000000000062 10000a0a0700f000 0 00 00000000 0 0 0 0 0 0 0000000000000063 00000003 f 00000003 1 0a
0000000000000063 7c95fffff7d00000 0 00 00000000 0 0 0 0 0 0 000000000000005b 00000003 f 00000003 0 00
000000000000005b 3059e0a0c0000000 0 00 00000000 0 0 0 0 0 0 000000000000005c 00000003 f 00000003 0 00
000000000000005c 3029d0a0c0000000 0 00 00000000 0 0 0 0 0 0 000000000000005d 00000003 f 00000003 0 00
000000000000005d 301920a070000000 0 00 00000000 0 0 0 0 0 0 000000000000005e 00000003 f 00000003 0 00
000000000000005e 7c15000000200001 0 00 00000000 0 0 0 0 0 0 000000000000005f 00000003 f 00000003 0 00
000000000000005f 11000c010500f000 0 00 00000000 0 0 0 0 0 0 0000000000000060 00000003 f 00000003 1 0c
0000000000000060 7c25000000000000 0 00 00000000 0 0 0 0 0 0 0000000000000061 00000003 f 00000003 0 00
0000000000000063 7cb5000000e00000 0 00 00000000 0 0 0 0 0 0 0000000000000062 00000000 f 00000000 0 00
0000000000000063 7c95fffff7d00000 0 00 00000000 0 0 0 0 0 0 0000000000000064 00000003 f 00000003 0 00
0000000000000064 7c25000000000000 0 00 00000000 0 0 0 0 0 0 0000000000000065 ffffffff f ffffffff 0 00
0000000000000065 103005030c00f000 0 00 00000000 0 0 0 0 0 0 0000000000000066 ffffffff f ffffffff 1 05
0000000000000066 7c25000000000000 0 00 00000000 0 0 0 0 0 0 0000000000000067 ffffffff f ffffffff 0 00
0000000000000067 7cf5000000000000 0 00 00000000 0 0 0 0 0 0 0000000000000068 ffffffff f ffffffff 0 00
