0000000000000000 343001000000f000 0 00 00000000 0 0 0 0 0 0 0000000000000001 ffffffff f ffffffff 1 01
0000000000000001 341107000001f000 0 00 00000000 0 0 0 0 0 0 0000000000000002 ffffffff f ffffffff 1 07
0000000000000002 34110c000003f000 0 00 00000000 0 0 0 0 0 0 0000000000000003 ffffffff f ffffffff 1 0c
0000000000000003 3009e0b070000000 0 00 00000000 0 0 0 0 0 0 0000000000000004 ffffffff f ffffffff 0 00
0000000000000004 7c1500000de00155 0 00 00000000 0 0 0 0 0 0 0000000000000012 ffffffff f ffffffff 0 00
0000000000000012 302960a0c0000000 0 00 00000000 0 0 0 0 0 0 0000000000000013 ffffffff f ffffffff 0 00
0000000000000013 7c1500013b600145 0 00 00000000 0 0 0 0 0 0 0000000000000014 ffffffff f ffffffff 0 00
0000000000000014 1010040c0400f000 0 00 00000000 0 0 0 0 0 0 0000000000000015 ffffffff f ffffffff 1 04
0000000000000015 305910b0c0000000 0 00 00000000 0 0 0 0 0 0 0000000000000016 ffffffff f ffffffff 0 00
0000000000000016 7c1500008b100136 0 00 00000000 0 0 0 0 0 0 00000000000000a2 ffffffff f ffffffff 0 00
00000000000000a2 3059a030c0000000 0 00 00000000 0 0 0 0 0 0 00000000000000a3 ffffffff f ffffffff 0 00
00000000000000a3 7c1500002fa000a8 0 00 00000000 0 0 0 0 0 0 00000000000000d3 ffffffff f ffffffff 0 00
00000000000000d3 0023060600000200 1 06 00000002 0 0 0 0 0 0 00000000000000d4 ffffffff f ffffffff 0 00
00000000000000d4 3039d0a070000000 0 00 00000000 0 0 0 0 0 0 00000000000000d5 ffffffff f ffffffff 0 00
00000000000000d5 7c1500001ed00075 0 00 00000000 0 0 0 0 0 0 00000000000000d6 ffffffff f ffffffff 0 00
00000000000000d6 34110c000004f000 0 00 00000000 0 0 0 0 0 0 00000000000000d7 ffffffff f ffffffff 1 0c
00000000000000d7 3009301070000000 0 00 00000000 0 0 0 0 0 0 00000000000000d8 ffffffff f ffffffff 0 00
00000000000000d8 7c15000017300019 0 00 00000000 0 0 0 0 0 0 00000000000000d9 00000002 f 00000002 0 00
00000000000000d9 301950b070000000 0 00 00000000 0 0 0 0 0 0 00000000000000da 00000002 f 00000002 0 00
00000000000000da 7c1500000d500013 0 00 00000000 0 0 0 0 0 0 00000000000000db 00000002 f 00000002 0 00
00000000000000db 34110d000003f000 0 00 00000000 0 0 0 0 0 0 00000000000000dc 00000002 f 00000002 1 0d
00000000000000dc 10300c010d00f000 0 00 00000000 0 0 0 0 0 0 00000000000000dd 00000002 f 00000002 1 0c
00000000000000dd 10000c0c0700f000 0 00 00000000 0 0 0 0 0 0 00000000000000de 00000002 f 00000002 1 0c
00000000000000de 34110a000000f000 0 00 00000000 0 0 0 0 0 0 00000000000000df 00000002 f 00000002 1 0a
00000000000000df 7c85000005000000 0 00 00000000 0 0 0 0 0 0 00000000000000e0 00000002 f 00000002 0 00
00000000000000e0 3059e0a0c0000000 0 00 00000000 0 0 0 0 0 0 00000000000000e1 00000002 f 00000002 0 00
00000000000000e1 3029d0a0c0000000 0 00 00000000 0 0 0 0 0 0 00000000000000e2 00000002 f 00000002 0 00
00000000000000e2 110003040c00f000 0 00 00000000 0 0 0 0 0 0 00000000000000e3 00000002 f 00000002 1 03
00000000000000e3 7cb5000000e00000 0 00 00000000 0 0 0 0 0 0 00000000000000e4 00000002 f 00000002 0 00
00000000000000e4 10000a0a0700f000 0 00 00000000 0 0 0 0 0 0 00000000000000e5 00000002 f 00000002 1 0a
00000000000000e5 7c95fffffad00000 0 00 00000000 0 0 0 0 0 0 00000000000000e0 00000002 f 00000002 0 00
00000000000000e0 3059e0a0c0000000 0 00 00000000 0 0 0 0 0 0 00000000000000e1 00000002 f 00000002 0 00
00000000000000e1 3029d0a0c0000000 0 00 00000000 0 0 0 0 0 0 00000000000000e2 00000002 f 00000002 0 00
00000000000000e2 110003040c00f000 0 00 00000000 0 0 0 0 0 0 00000000000000e3 00000002 f 00000002 1 03
00000000000000e3 7cb5000000e00000 0 00 00000000 0 0 0 0 0 0 00000000000000e4 00000002 f 00000002 0 00
00000000000000e4 10000a0a0700f000 0 00 00000000 0 0 0 0 0 0 00000000000000e5 00000002 f 00000002 1 0a
00000000000000e5 7c95fffffad00000 0 00 00000000 0 0 0 0 0 0 00000000000000e0 00000002 f 00000002 0 00
00000000000000e0 3059e0a0c0000000 0 00 00000000 0 0 0 0 0 0 00000000000000e1 00000002 f 00000002 0 00
00000000000000e1 3029d0a0c0000000 0 00 00000000 0 0 0 0 0 0 00000000000000e2 00000002 f 00000002 0 00
00000000000000e2 110003040c00f000 0 00 00000000 0 0 0 0 0 0 00000000000000e3 00000002 f 00000002 1 03
00000000000000e5 7cb5000000e00000 0 00 00000000 0 0 0 0 0 0 00000000000000e4 00000000 f 00000000 0 00
00000000000000e5 7c95fffffad00000 0 00 00000000 0 0 0 0 0 0 00000000000000e6 00000002 f 00000002 0 00
00000000000000e6 104005030700f000 0 00 00000000 0 0 0 0 0 0 00000000000000e7 00000002 f 00000002 1 05
00000000000000e7 0205000006000000 0 00 00000000 0 0 0 0 0 1 00000000000000ee 00000002 f 00000002 0 00
00000000000000ee 7c25000000000000 0 00 00000000 0 0 0 0 0 0 00000000000000ef 00000002 f 00000002 0 00
00000000000000ef 0205000002000000 0 00 00000000 0 0 0 0 0 1 00000000000000f2 00000002 f 00000002 0 00
00000000000000f2 7c25000000000000 0 00 00000000 0 0 0 0 0 0 00000000000000f0 fffffffd f fffffffd 0 00
00000000000000f0 10500c040c00f000 0 00 00000000 0 0 0 0 0 0 00000000000000f1 fffffffd f fffffffd 1 0c
00000000000000f1 110003010500f000 0 00 00000000 0 0 0 0 0 0 00000000000000f2 fffffffd f fffffffd 1 03
00000000000000f2 7c25000000000000 0 00 00000000 0 0 0 0 0 0 00000000000000f3 ffffffff f ffffffff 0 00
00000000000000f3 0205000057000000 0 00 00000000 0 0 0 0 0 1 000000000000014b ffffffff f ffffffff 0 00
000000000000014b 7c25000000000000 0 00 00000000 0 0 0 0 0 0 000000000000014c ffffffff f ffffffff 0 00
000000000000014c 7c25000000000000 0 00 00000000 0 0 0 0 0 0 000000000000014d ffffffff f ffffffff 0 00
000000000000014d 7c25000000000000 0 00 00000000 0 0 0 0 0 0 000000000000014e ffffffff f ffffffff 0 00
000000000000014e 020500000a000000 0 00 00000000 0 0 0 0 0 1 0000000000000159 ffffffff f ffffffff 0 00
0000000000000159 7c25000000000000 0 00 00000000 0 0 0 0 0 0 000000000000015a ffffffff f ffffffff 0 00
000000000000015a 7c25000000000000 0 00 00000000 0 0 0 0 0 0 000000000000015b ffffffff f ffffffff 0 00
000000000000015b 0023060600000100 1 06 00000003 0 0 0 0 0 0 000000000000015c ffffffff f ffffffff 0 00
000000000000015c 7cf5000000000000 0 00 00000000 0 0 0 0 0 0 000000000000015d ffffffff f ffffffff 0 00
