0000000000000000 00131d0000000000 1 1d 00000000 0 0 0 0000000000000001
0000000000000001 011200010a000000 0 00 00000000 5 0 0 0000000000000002
0000000000000002 02150000030e0000 0 00 00000000 5 0 1 0000000000000006
0000000000000006 0306000000000f00 1 0f 00000000 5 0 0 0000000000000007
0000000000000007 0092051300000000 1 05 ffffffff 5 0 0 0000000000000008
0000000000000008 0013080000000000 1 08 00000000 5 0 0 0000000000000009
0000000000000009 0032090610000000 1 09 00000000 5 0 0 000000000000000a
000000000000000a 012200030e000000 0 00 00000000 5 0 0 000000000000000b
000000000000000b 02150000020b0000 0 00 00000000 5 0 0 000000000000000c
000000000000000c 8506000000000000 0 00 00000000 5 0 0 000000000000000d
000000000000000d 8506000000000000 0 00 00000000 5 0 0 000000000000000e
000000000000000e 00131300ffffff00 1 13 ffffffff 5 0 0 000000000000000f
000000000000000f 8506000000000000 0 00 00000000 5 0 0 0000000000000010
0000000000000010 0063020e00000c00 1 02 00000000 5 0 0 0000000000000011
0000000000000011 00730811e5c39a00 1 08 001a3c66 5 0 0 0000000000000012
0000000000000012 00131e0000000300 1 1e 00000003 5 0 0 0000000000000013
0000000000000013 0023151500000100 1 15 00000001 5 0 0 0000000000000014
0000000000000014 00731e1e00000100 1 1e 00000002 5 0 0 0000000000000015
0000000000000015 0102001e1d000000 0 00 00000000 4 0 0 0000000000000016
0000000000000016 0215fffffc040000 0 00 00000000 4 0 1 0000000000000013
0000000000000013 0023151500000100 1 15 00000002 4 0 0 0000000000000014
0000000000000014 00731e1e00000100 1 1e 00000001 4 0 0 0000000000000015
0000000000000015 0102001e1d000000 0 00 00000000 4 0 0 0000000000000016
0000000000000016 0215fffffc040000 0 00 00000000 4 0 1 0000000000000013
0000000000000013 0023151500000100 1 15 00000003 4 0 0 0000000000000014
0000000000000014 00731e1e00000100 1 1e 00000000 4 0 0 0000000000000015
0000000000000015 0102001e1d000000 0 00 00000000 5 1 0 0000000000000016
0000000000000016 0215fffffc040000 0 00 00000000 5 1 0 0000000000000017
0000000000000017 7cf5000000000000 0 00 00000000 5 1 0 0000000000000018
DONE retired=29 fault=00 pc=0000000000000017
