0000000000000000 343001000000f000 0 00 00000000 0 0 0 0 0 0 0000000000000001 ffffffff f ffffffff 1 01
0000000000000001 341107000001f000 0 00 00000000 0 0 0 0 0 0 0000000000000002 ffffffff f ffffffff 1 07
0000000000000002 34110c000003f000 0 00 00000000 0 0 0 0 0 0 0000000000000003 ffffffff f ffffffff 1 0c
0000000000000003 101004050300f000 0 00 00000000 0 0 0 0 0 0 0000000000000004 ffffffff f ffffffff 1 04
0000000000000004 104004010700f000 0 00 00000000 0 0 0 0 0 0 0000000000000005 ffffffff f ffffffff 1 04
0000000000000005 301980a070000000 0 00 00000000 0 0 0 0 0 0 0000000000000006 ffffffff f ffffffff 0 00
0000000000000006 7c15000035800037 0 00 00000000 0 0 0 0 0 0 0000000000000007 ffffffff f ffffffff 0 00
0000000000000007 300940b0c0000000 0 00 00000000 0 0 0 0 0 0 0000000000000008 ffffffff f ffffffff 0 00
0000000000000008 7c1500000b400031 0 00 00000000 0 0 0 0 0 0 0000000000000014 ffffffff f ffffffff 0 00
0000000000000014 301920b070000000 0 00 00000000 0 0 0 0 0 0 0000000000000015 ffffffff f ffffffff 0 00
0000000000000015 7c15000015200023 0 00 00000000 0 0 0 0 0 0 0000000000000016 ffffffff f ffffffff 0 00
0000000000000016 3039d01070000000 0 00 00000000 0 0 0 0 0 0 0000000000000017 ffffffff f ffffffff 0 00
0000000000000017 7c1500000fd00010 0 00 00000000 0 0 0 0 0 0 0000000000000018 00000003 f 00000003 0 00
0000000000000018 34110d000000f000 0 00 00000000 0 0 0 0 0 0 0000000000000019 00000003 f 00000003 1 0d
0000000000000019 10300c010d00f000 0 00 00000000 0 0 0 0 0 0 000000000000001a 00000003 f 00000003 1 0c
000000000000001a 10000c0c0700f000 0 00 00000000 0 0 0 0 0 0 000000000000001b 00000003 f 00000003 1 0c
000000000000001b 34110a000000f000 0 00 00000000 0 0 0 0 0 0 000000000000001c 00000003 f 00000003 1 0a
000000000000001c 7c85000007000000 0 00 00000000 0 0 0 0 0 0 000000000000001d 00000003 f 00000003 0 00
000000000000001d 3059e0a0c0000000 0 00 00000000 0 0 0 0 0 0 000000000000001e 00000003 f 00000003 0 00
000000000000001e 3029d0a0c0000000 0 00 00000000 0 0 0 0 0 0 000000000000001f 00000003 f 00000003 0 00
000000000000001f 300940a070000000 0 00 00000000 0 0 0 0 0 0 0000000000000020 00000003 f 00000003 0 00
0000000000000020 7c15000000400001 0 00 00000000 0 0 0 0 0 0 0000000000000021 00000003 f 00000003 0 00
0000000000000021 110004040700f000 0 00 00000000 0 0 0 0 0 0 0000000000000022 00000003 f 00000003 1 04
0000000000000022 7c25000000000000 0 00 00000000 0 0 0 0 0 0 0000000000000023 00000003 f 00000003 0 00
0000000000000023 10000a0a0700f000 0 00 00000000 0 0 0 0 0 0 0000000000000024 00000003 f 00000003 1 0a
0000000000000024 7c95fffff8d00000 0 00 00000000 0 0 0 0 0 0 000000000000001d 00000003 f 00000003 0 00
000000000000001d 3059e0a0c0000000 0 00 00000000 0 0 0 0 0 0 000000000000001e 00000003 f 00000003 0 00
000000000000001e 3029d0a0c0000000 0 00 00000000 0 0 0 0 0 0 000000000000001f 00000003 f 00000003 0 00
000000000000001f 300940a070000000 0 00 00000000 0 0 0 0 0 0 0000000000000020 00000003 f 00000003 0 00
0000000000000020 7c15000000400001 0 00 00000000 0 0 0 0 0 0 0000000000000021 00000003 f 00000003 0 00
0000000000000021 110004040700f000 0 00 00000000 0 0 0 0 0 0 0000000000000022 00000003 f 00000003 1 04
0000000000000022 7c25000000000000 0 00 00000000 0 0 0 0 0 0 0000000000000023 00000003 f 00000003 0 00
0000000000000023 10000a0a0700f000 0 00 00000000 0 0 0 0 0 0 0000000000000024 00000003 f 00000003 1 0a
0000000000000024 7c95fffff8d00000 0 00 00000000 0 0 0 0 0 0 0000000000000025 00000003 f 00000003 0 00
0000000000000025 103005010500f000 0 00 00000000 0 0 0 0 0 0 0000000000000026 00000003 f 00000003 1 05
0000000000000026 0205000001000000 0 00 00000000 0 0 0 0 0 1 0000000000000028 00000003 f 00000003 0 00
0000000000000028 7c25000000000000 0 00 00000000 0 0 0 0 0 0 0000000000000027 fffffffc f fffffffc 0 00
0000000000000027 34110c000009f000 0 00 00000000 0 0 0 0 0 0 0000000000000028 fffffffc f fffffffc 1 0c
0000000000000028 7c25000000000000 0 00 00000000 0 0 0 0 0 0 0000000000000029 ffffffff f ffffffff 0 00
0000000000000029 0023060600000100 1 06 00000001 0 0 0 0 0 0 000000000000002a ffffffff f ffffffff 0 00
000000000000002a 020500000e000000 0 00 00000000 0 0 0 0 0 1 0000000000000039 ffffffff f ffffffff 0 00
0000000000000039 7c25000000000000 0 00 00000000 0 0 0 0 0 0 000000000000003a ffffffff f ffffffff 0 00
000000000000003a 7c25000000000000 0 00 00000000 0 0 0 0 0 0 000000000000003b ffffffff f ffffffff 0 00
000000000000003b 0205000002000000 0 00 00000000 0 0 0 0 0 1 000000000000003e ffffffff f ffffffff 0 00
000000000000003e 7c25000000000000 0 00 00000000 0 0 0 0 0 0 000000000000003f ffffffff f ffffffff 0 00
000000000000003f 7cf5000000000000 0 00 00000000 0 0 0 0 0 0 0000000000000040 ffffffff f ffffffff 0 00
