0000000000000000 343001000000f000 0 00 00000000 0 0 0 0 0 0 0000000000000001 ffffffff f ffffffff 1 01
0000000000000001 341107000001f000 0 00 00000000 0 0 0 0 0 0 0000000000000002 ffffffff f ffffffff 1 07
0000000000000002 34110c000003f000 0 00 00000000 0 0 0 0 0 0 0000000000000003 ffffffff f ffffffff 1 0c
0000000000000003 3019d0a070000000 0 00 00000000 0 0 0 0 0 0 0000000000000004 ffffffff f ffffffff 0 00
0000000000000004 7c1500000fd00058 0 00 00000000 0 0 0 0 0 0 0000000000000005 ffffffff f ffffffff 0 00
0000000000000005 34110d000000f000 0 00 00000000 0 0 0 0 0 0 0000000000000006 ffffffff f ffffffff 1 0d
0000000000000006 10300c010d00f000 0 00 00000000 0 0 0 0 0 0 0000000000000007 ffffffff f ffffffff 1 0c
0000000000000007 10000c0c0700f000 0 00 00000000 0 0 0 0 0 0 0000000000000008 ffffffff f ffffffff 1 0c
0000000000000008 34110a000000f000 0 00 00000000 0 0 0 0 0 0 0000000000000009 ffffffff f ffffffff 1 0a
0000000000000009 7c85000008000000 0 00 00000000 0 0 0 0 0 0 000000000000000a ffffffff f ffffffff 0 00
000000000000000a 3059e0a0c0000000 0 00 00000000 0 0 0 0 0 0 000000000000000b ffffffff f ffffffff 0 00
000000000000000b 3029d0a0c0000000 0 00 00000000 0 0 0 0 0 0 000000000000000c ffffffff f ffffffff 0 00
000000000000000c 3029b01070000000 0 00 00000000 0 0 0 0 0 0 000000000000000d ffffffff f ffffffff 0 00
000000000000000d 7c15000000b00001 0 00 00000000 0 0 0 0 0 0 000000000000000e 00000001 f 00000001 0 00
000000000000000e 10300c010700f000 0 00 00000000 0 0 0 0 0 0 000000000000000f 00000001 f 00000001 1 0c
000000000000000f 7c25000000000000 0 00 00000000 0 0 0 0 0 0 000000000000000e fffffffe f fffffffe 0 00
000000000000000e 10300c010700f000 0 00 00000000 0 0 0 0 0 0 000000000000000f fffffffe f fffffffe 1 0c
000000000000000f 7c25000000000000 0 00 00000000 0 0 0 0 0 0 0000000000000010 ffffffff f ffffffff 0 00
0000000000000010 7cb5000000e00000 0 00 00000000 0 0 0 0 0 0 0000000000000011 ffffffff f ffffffff 0 00
0000000000000011 10000a0a0700f000 0 00 00000000 0 0 0 0 0 0 0000000000000012 ffffffff f ffffffff 1 0a
0000000000000012 7c95fffff7d00000 0 00 00000000 0 0 0 0 0 0 000000000000000a ffffffff f ffffffff 0 00
000000000000000a 3059e0a0c0000000 0 00 00000000 0 0 0 0 0 0 000000000000000b ffffffff f ffffffff 0 00
000000000000000b 3029d0a0c0000000 0 00 00000000 0 0 0 0 0 0 000000000000000c ffffffff f ffffffff 0 00
000000000000000c 3029b01070000000 0 00 00000000 0 0 0 0 0 0 000000000000000d ffffffff f ffffffff 0 00
000000000000000d 7c15000000b00001 0 00 00000000 0 0 0 0 0 0 000000000000000e 00000001 f 00000001 0 00
000000000000000e 10300c010700f000 0 00 00000000 0 0 0 0 0 0 000000000000000f 00000001 f 00000001 1 0c
000000000000000f 7c25000000000000 0 00 00000000 0 0 0 0 0 0 000000000000000e fffffffe f fffffffe 0 00
000000000000000e 10300c010700f000 0 00 00000000 0 0 0 0 0 0 000000000000000f fffffffe f fffffffe 1 0c
000000000000000f 7c25000000000000 0 00 00000000 0 0 0 0 0 0 0000000000000010 ffffffff f ffffffff 0 00
0000000000000012 7cb5000000e00000 0 00 00000000 0 0 0 0 0 0 0000000000000011 00000000 f 00000000 0 00
0000000000000012 7c95fffff7d00000 0 00 00000000 0 0 0 0 0 0 0000000000000013 ffffffff f ffffffff 0 00
0000000000000013 0205000049000000 0 00 00000000 0 0 0 0 0 1 000000000000005d ffffffff f ffffffff 0 00
000000000000005d 7c25000000000000 0 00 00000000 0 0 0 0 0 0 000000000000005e ffffffff f ffffffff 0 00
000000000000005e 305900a0c0000000 0 00 00000000 0 0 0 0 0 0 000000000000005f ffffffff f ffffffff 0 00
000000000000005f 7c1500000200024d 0 00 00000000 0 0 0 0 0 0 0000000000000060 ffffffff f ffffffff 0 00
0000000000000060 104003040700f000 0 00 00000000 0 0 0 0 0 0 0000000000000061 ffffffff f ffffffff 1 03
0000000000000061 020500024b000000 0 00 00000000 0 0 0 0 0 1 00000000000002ad ffffffff f ffffffff 0 00
00000000000002ad 7c25000000000000 0 00 00000000 0 0 0 0 0 0 00000000000002ae ffffffff f ffffffff 0 00
00000000000002ae 3059701070000000 0 00 00000000 0 0 0 0 0 0 00000000000002af ffffffff f ffffffff 0 00
00000000000002af 7c1500012b70014e 0 00 00000000 0 0 0 0 0 0 00000000000002b0 fffffffe f fffffffe 0 00
00000000000002b0 304970b0c0000000 0 00 00000000 0 0 0 0 0 0 00000000000002b1 fffffffe f fffffffe 0 00
00000000000002b1 7c15000043700119 0 00 00000000 0 0 0 0 0 0 00000000000002f5 fffffffe f fffffffe 0 00
00000000000002f5 1010030c0100f000 0 00 00000000 0 0 0 0 0 0 00000000000002f6 fffffffe f fffffffe 1 03
00000000000002f6 3049001070000000 0 00 00000000 0 0 0 0 0 0 00000000000002f7 fffffffe f fffffffe 0 00
00000000000002f7 7c150000790000d2 0 00 00000000 0 0 0 0 0 0 00000000000002f8 fffffffc f fffffffc 0 00
00000000000002f8 303910b0c0000000 0 00 00000000 0 0 0 0 0 0 00000000000002f9 fffffffc f fffffffc 0 00
00000000000002f9 7c15000067100075 0 00 00000000 0 0 0 0 0 0 00000000000002fa fffffffc f fffffffc 0 00
00000000000002fa 105003040c00f000 0 00 00000000 0 0 0 0 0 0 00000000000002fb fffffffc f fffffffc 1 03
00000000000002fb 30597010c0000000 0 00 00000000 0 0 0 0 0 0 00000000000002fc fffffffc f fffffffc 0 00
00000000000002fc 7c15000052700062 0 00 00000000 0 0 0 0 0 0 00000000000002fd fffffffc f fffffffc 0 00
00000000000002fd 100004030700f000 0 00 00000000 0 0 0 0 0 0 00000000000002fe fffffffc f fffffffc 1 04
00000000000002fe 3049a0a070000000 0 00 00000000 0 0 0 0 0 0 00000000000002ff fffffffc f fffffffc 0 00
00000000000002ff 7c1500000fa0004d 0 00 00000000 0 0 0 0 0 0 000000000000030f fffffffc f fffffffc 0 00
000000000000030f 34110d000001f000 0 00 00000000 0 0 0 0 0 0 0000000000000310 fffffffc f fffffffc 1 0d
0000000000000310 10300c010d00f000 0 00 00000000 0 0 0 0 0 0 0000000000000311 fffffffc f fffffffc 1 0c
0000000000000311 10000c0c0700f000 0 00 00000000 0 0 0 0 0 0 0000000000000312 fffffffc f fffffffc 1 0c
0000000000000312 34110a000000f000 0 00 00000000 0 0 0 0 0 0 0000000000000313 fffffffc f fffffffc 1 0a
0000000000000313 7c85000004000000 0 00 00000000 0 0 0 0 0 0 0000000000000314 fffffffc f fffffffc 0 00
0000000000000314 3059e0a0c0000000 0 00 00000000 0 0 0 0 0 0 0000000000000315 fffffffc f fffffffc 0 00
0000000000000315 3029d0a0c0000000 0 00 00000000 0 0 0 0 0 0 0000000000000316 fffffffc f fffffffc 0 00
0000000000000316 0023060600000300 1 06 00000003 0 0 0 0 0 0 0000000000000317 fffffffc f fffffffc 0 00
0000000000000317 10000a0a0700f000 0 00 00000000 0 0 0 0 0 0 0000000000000318 fffffffc f fffffffc 1 0a
0000000000000318 7c95fffffbd00000 0 00 00000000 0 0 0 0 0 0 0000000000000314 fffffffc f fffffffc 0 00
0000000000000314 3059e0a0c0000000 0 00 00000000 0 0 0 0 0 0 0000000000000315 fffffffc f fffffffc 0 00
0000000000000315 3029d0a0c0000000 0 00 00000000 0 0 0 0 0 0 0000000000000316 fffffffc f fffffffc 0 00
0000000000000316 0023060600000300 1 06 00000006 0 0 0 0 0 0 0000000000000317 fffffffc f fffffffc 0 00
0000000000000317 10000a0a0700f000 0 00 00000000 0 0 0 0 0 0 0000000000000318 fffffffc f fffffffc 1 0a
0000000000000318 7c95fffffbd00000 0 00 00000000 0 0 0 0 0 0 0000000000000314 aaaaaaa8 f aaaaaaa8 0 00
0000000000000314 3059e0a0c0000000 0 00 00000000 0 0 0 0 0 0 0000000000000315 aaaaaaa8 f aaaaaaa8 0 00
0000000000000315 3029d0a0c0000000 0 00 00000000 0 0 0 0 0 0 0000000000000316 aaaaaaa8 f aaaaaaa8 0 00
0000000000000316 0023060600000300 1 06 00000009 0 0 0 0 0 0 0000000000000317 aaaaaaa8 f aaaaaaa8 0 00
0000000000000317 10000a0a0700f000 0 00 00000000 0 0 0 0 0 0 0000000000000318 aaaaaaa8 f aaaaaaa8 1 0a
0000000000000318 7c95fffffbd00000 0 00 00000000 0 0 0 0 0 0 0000000000000319 fffffffc f fffffffc 0 00
0000000000000319 3019701070000000 0 00 00000000 0 0 0 0 0 0 000000000000031a fffffffc f fffffffc 0 00
000000000000031a 7c15000026700031 0 00 00000000 0 0 0 0 0 0 000000000000031b fffffffc f fffffffc 0 00
000000000000031b 3019203070000000 0 00 00000000 0 0 0 0 0 0 000000000000031c fffffffc f fffffffc 0 00
000000000000031c 7c1500000b20000d 0 00 00000000 0 0 0 0 0 0 000000000000031d 55555554 f 55555554 0 00
000000000000031d 34110d000001f000 0 00 00000000 0 0 0 0 0 0 000000000000031e 55555554 f 55555554 1 0d
000000000000031e 10300c010d00f000 0 00 00000000 0 0 0 0 0 0 000000000000031f 55555554 f 55555554 1 0c
000000000000031f 10000c0c0700f000 0 00 00000000 0 0 0 0 0 0 0000000000000320 55555554 f 55555554 1 0c
0000000000000320 34110a000000f000 0 00 00000000 0 0 0 0 0 0 0000000000000321 55555554 f 55555554 1 0a
0000000000000321 7c85000004000000 0 00 00000000 0 0 0 0 0 0 0000000000000322 55555554 f 55555554 0 00
0000000000000322 3059e0a0c0000000 0 00 00000000 0 0 0 0 0 0 0000000000000323 55555554 f 55555554 0 00
0000000000000323 3029d0a0c0000000 0 00 00000000 0 0 0 0 0 0 0000000000000324 55555554 f 55555554 0 00
0000000000000324 34110300000af000 0 00 00000000 0 0 0 0 0 0 0000000000000325 55555554 f 55555554 1 03
0000000000000325 10000a0a0700f000 0 00 00000000 0 0 0 0 0 0 0000000000000326 55555554 f 55555554 1 0a
0000000000000326 7c95fffffbd00000 0 00 00000000 0 0 0 0 0 0 0000000000000322 55555554 f 55555554 0 00
0000000000000322 3059e0a0c0000000 0 00 00000000 0 0 0 0 0 0 0000000000000323 55555554 f 55555554 0 00
0000000000000323 3029d0a0c0000000 0 00 00000000 0 0 0 0 0 0 0000000000000324 55555554 f 55555554 0 00
0000000000000324 34110300000af000 0 00 00000000 0 0 0 0 0 0 0000000000000325 55555554 f 55555554 1 03
0000000000000325 10000a0a0700f000 0 00 00000000 0 0 0 0 0 0 0000000000000326 55555554 f 55555554 1 0a
0000000000000326 7c95fffffbd00000 0 00 00000000 0 0 0 0 0 0 0000000000000327 55555554 f 55555554 0 00
0000000000000327 0205000002000000 0 00 00000000 0 0 0 0 0 1 000000000000032a 55555554 f 55555554 0 00
000000000000032a 7c25000000000000 0 00 00000000 0 0 0 0 0 0 0000000000000328 aaaaaaa8 f aaaaaaa8 0 00
0000000000000328 100004040500f000 0 00 00000000 0 0 0 0 0 0 0000000000000329 aaaaaaa8 f aaaaaaa8 1 04
0000000000000329 1010040c0100f000 0 00 00000000 0 0 0 0 0 0 000000000000032a aaaaaaa8 f aaaaaaa8 1 04
000000000000032a 7c25000000000000 0 00 00000000 0 0 0 0 0 0 000000000000032b fffffffc f fffffffc 0 00
000000000000032b 305960a0c0000000 0 00 00000000 0 0 0 0 0 0 000000000000032c fffffffc f fffffffc 0 00
000000000000032c 7c15000003600012 0 00 00000000 0 0 0 0 0 0 000000000000032d fffffffc f fffffffc 0 00
000000000000032d 341104000009f000 0 00 00000000 0 0 0 0 0 0 000000000000032e fffffffc f fffffffc 1 04
000000000000032e 111005010c00f000 0 00 00000000 0 0 0 0 0 0 000000000000032f fffffffc f fffffffc 1 05
000000000000032f 020500000f000000 0 00 00000000 0 0 0 0 0 1 000000000000033f fffffffc f fffffffc 0 00
000000000000033f 7c25000000000000 0 00 00000000 0 0 0 0 0 0 0000000000000340 fffffffc f fffffffc 0 00
0000000000000340 020500000b000000 0 00 00000000 0 0 0 0 0 1 000000000000034c fffffffc f fffffffc 0 00
000000000000034c 7c25000000000000 0 00 00000000 0 0 0 0 0 0 000000000000034d fffffffc f fffffffc 0 00
000000000000034d 7c25000000000000 0 00 00000000 0 0 0 0 0 0 000000000000034e fffffffc f fffffffc 0 00
000000000000034e 0205000010000000 0 00 00000000 0 0 0 0 0 1 000000000000035f fffffffc f fffffffc 0 00
000000000000035f 7c25000000000000 0 00 00000000 0 0 0 0 0 0 0000000000000360 fffffffc f fffffffc 0 00
0000000000000360 020500000e000000 0 00 00000000 0 0 0 0 0 1 000000000000036f fffffffc f fffffffc 0 00
000000000000036f 7c25000000000000 0 00 00000000 0 0 0 0 0 0 0000000000000370 fffffffc f fffffffc 0 00
0000000000000370 0205000059000000 0 00 00000000 0 0 0 0 0 1 00000000000003ca fffffffc f fffffffc 0 00
00000000000003ca 7c25000000000000 0 00 00000000 0 0 0 0 0 0 0000000000000371 00000002 f 00000002 0 00
0000000000000371 34110d000000f000 0 00 00000000 0 0 0 0 0 0 0000000000000372 00000002 f 00000002 1 0d
0000000000000372 10300c010d00f000 0 00 00000000 0 0 0 0 0 0 0000000000000373 00000002 f 00000002 1 0c
0000000000000373 10000c0c0700f000 0 00 00000000 0 0 0 0 0 0 0000000000000374 00000002 f 00000002 1 0c
0000000000000374 34110a000000f000 0 00 00000000 0 0 0 0 0 0 0000000000000375 00000002 f 00000002 1 0a
0000000000000375 7c85000005000000 0 00 00000000 0 0 0 0 0 0 0000000000000376 00000002 f 00000002 0 00
0000000000000376 3059e0a0c0000000 0 00 00000000 0 0 0 0 0 0 0000000000000377 00000002 f 00000002 0 00
0000000000000377 3029d0a0c0000000 0 00 00000000 0 0 0 0 0 0 0000000000000378 00000002 f 00000002 0 00
0000000000000378 110004030700f000 0 00 00000000 0 0 0 0 0 0 0000000000000379 00000002 f 00000002 1 04
0000000000000379 7cb5000000e00000 0 00 00000000 0 0 0 0 0 0 000000000000037a 00000002 f 00000002 0 00
000000000000037a 10000a0a0700f000 0 00 00000000 0 0 0 0 0 0 000000000000037b 00000002 f 00000002 1 0a
000000000000037b 7c95fffffad00000 0 00 00000000 0 0 0 0 0 0 0000000000000376 00000002 f 00000002 0 00
0000000000000376 3059e0a0c0000000 0 00 00000000 0 0 0 0 0 0 0000000000000377 00000002 f 00000002 0 00
0000000000000377 3029d0a0c0000000 0 00 00000000 0 0 0 0 0 0 0000000000000378 00000002 f 00000002 0 00
0000000000000378 110004030700f000 0 00 00000000 0 0 0 0 0 0 0000000000000379 00000002 f 00000002 1 04
000000000000037b 7cb5000000e00000 0 00 00000000 0 0 0 0 0 0 000000000000037a 00000000 f 00000000 0 00
000000000000037b 7c95fffffad00000 0 00 00000000 0 0 0 0 0 0 000000000000037c 00000002 f 00000002 0 00
000000000000037c 302910b070000000 0 00 00000000 0 0 0 0 0 0 000000000000037d 00000002 f 00000002 0 00
000000000000037d 7c1500001e10004b 0 00 00000000 0 0 0 0 0 0 000000000000037e 00000002 f 00000002 0 00
000000000000037e 34110d000003f000 0 00 00000000 0 0 0 0 0 0 000000000000037f 00000002 f 00000002 1 0d
000000000000037f 10300c010d00f000 0 00 00000000 0 0 0 0 0 0 0000000000000380 00000002 f 00000002 1 0c
0000000000000380 10000c0c0700f000 0 00 00000000 0 0 0 0 0 0 0000000000000381 00000002 f 00000002 1 0c
0000000000000381 34110a000000f000 0 00 00000000 0 0 0 0 0 0 0000000000000382 00000002 f 00000002 1 0a
0000000000000382 7c85000007000000 0 00 00000000 0 0 0 0 0 0 0000000000000383 00000002 f 00000002 0 00
0000000000000383 3059e0a0c0000000 0 00 00000000 0 0 0 0 0 0 0000000000000384 00000002 f 00000002 0 00
0000000000000384 3029d0a0c0000000 0 00 00000000 0 0 0 0 0 0 0000000000000385 00000002 f 00000002 0 00
0000000000000385 301990a070000000 0 00 00000000 0 0 0 0 0 0 0000000000000386 00000002 f 00000002 0 00
0000000000000386 7c15000000900001 0 00 00000000 0 0 0 0 0 0 0000000000000387 00000002 f 00000002 0 00
0000000000000387 103004030700f000 0 00 00000000 0 0 0 0 0 0 0000000000000388 00000002 f 00000002 1 04
0000000000000388 7c25000000000000 0 00 00000000 0 0 0 0 0 0 0000000000000389 00000002 f 00000002 0 00
0000000000000389 10000a0a0700f000 0 00 00000000 0 0 0 0 0 0 000000000000038a 00000002 f 00000002 1 0a
000000000000038a 7c95fffff8d00000 0 00 00000000 0 0 0 0 0 0 0000000000000383 00000002 f 00000002 0 00
0000000000000383 3059e0a0c0000000 0 00 00000000 0 0 0 0 0 0 0000000000000384 00000002 f 00000002 0 00
0000000000000384 3029d0a0c0000000 0 00 00000000 0 0 0 0 0 0 0000000000000385 00000002 f 00000002 0 00
0000000000000385 301990a070000000 0 00 00000000 0 0 0 0 0 0 0000000000000386 00000002 f 00000002 0 00
0000000000000386 7c15000000900001 0 00 00000000 0 0 0 0 0 0 0000000000000387 00000002 f 00000002 0 00
0000000000000387 103004030700f000 0 00 00000000 0 0 0 0 0 0 0000000000000388 00000002 f 00000002 1 04
0000000000000388 7c25000000000000 0 00 00000000 0 0 0 0 0 0 0000000000000389 00000002 f 00000002 0 00
0000000000000389 10000a0a0700f000 0 00 00000000 0 0 0 0 0 0 000000000000038a 00000002 f 00000002 1 0a
000000000000038a 7c95fffff8d00000 0 00 00000000 0 0 0 0 0 0 0000000000000383 00000002 f 00000002 0 00
0000000000000383 3059e0a0c0000000 0 00 00000000 0 0 0 0 0 0 0000000000000384 00000002 f 00000002 0 00
0000000000000384 3029d0a0c0000000 0 00 00000000 0 0 0 0 0 0 0000000000000385 00000002 f 00000002 0 00
0000000000000385 301990a070000000 0 00 00000000 0 0 0 0 0 0 0000000000000386 00000002 f 00000002 0 00
0000000000000386 7c15000000900001 0 00 00000000 0 0 0 0 0 0 0000000000000387 00000002 f 00000002 0 00
0000000000000387 103004030700f000 0 00 00000000 0 0 0 0 0 0 0000000000000388 00000002 f 00000002 1 04
0000000000000388 7c25000000000000 0 00 00000000 0 0 0 0 0 0 0000000000000389 00000002 f 00000002 0 00
0000000000000389 10000a0a0700f000 0 00 00000000 0 0 0 0 0 0 000000000000038a 00000002 f 00000002 1 0a
000000000000038a 7c95fffff8d00000 0 00 00000000 0 0 0 0 0 0 000000000000038b 00000002 f 00000002 0 00
000000000000038b 305960a0c0000000 0 00 00000000 0 0 0 0 0 0 000000000000038c 00000002 f 00000002 0 00
000000000000038c 7c1500000260000d 0 00 00000000 0 0 0 0 0 0 000000000000038d 00000002 f 00000002 0 00
000000000000038d 105005030700f000 0 00 00000000 0 0 0 0 0 0 000000000000038e 00000002 f 00000002 1 05
000000000000038e 020500000b000000 0 00 00000000 0 0 0 0 0 1 000000000000039a 00000002 f 00000002 0 00
000000000000039a 7c25000000000000 0 00 00000000 0 0 0 0 0 0 000000000000039b 00000002 f 00000002 0 00
000000000000039b 020500002d000000 0 00 00000000 0 0 0 0 0 1 00000000000003c9 00000002 f 00000002 0 00
00000000000003c9 7c25000000000000 0 00 00000000 0 0 0 0 0 0 00000000000003ca 00000002 f 00000002 0 00
00000000000003ca 7c25000000000000 0 00 00000000 0 0 0 0 0 0 00000000000003cb fffffffe f fffffffe 0 00
00000000000003cb 7c25000000000000 0 00 00000000 0 0 0 0 0 0 00000000000003cc fffffffe f fffffffe 0 00
00000000000003cc 3039d0b0c0000000 0 00 00000000 0 0 0 0 0 0 00000000000003cd fffffffe f fffffffe 0 00
00000000000003cd 7c15000009d0000b 0 00 00000000 0 0 0 0 0 0 00000000000003ce fffffffe f fffffffe 0 00
00000000000003ce 103003030700f000 0 00 00000000 0 0 0 0 0 0 00000000000003cf fffffffe f fffffffe 1 03
00000000000003cf 3039703070000000 0 00 00000000 0 0 0 0 0 0 00000000000003d0 fffffffe f fffffffe 0 00
00000000000003d0 7c15000003700004 0 00 00000000 0 0 0 0 0 0 00000000000003d1 fffffffe f fffffffe 0 00
00000000000003d1 100004040c00f000 0 00 00000000 0 0 0 0 0 0 00000000000003d2 fffffffe f fffffffe 1 04
00000000000003d2 10100c040700f000 0 00 00000000 0 0 0 0 0 0 00000000000003d3 fffffffe f fffffffe 1 0c
00000000000003d3 0205000001000000 0 00 00000000 0 0 0 0 0 1 00000000000003d5 fffffffe f fffffffe 0 00
00000000000003d5 7c25000000000000 0 00 00000000 0 0 0 0 0 0 00000000000003d6 fffffffe f fffffffe 0 00
00000000000003d6 0205000002000000 0 00 00000000 0 0 0 0 0 1 00000000000003d9 fffffffe f fffffffe 0 00
00000000000003d9 7c25000000000000 0 00 00000000 0 0 0 0 0 0 00000000000003da fffffffe f fffffffe 0 00
00000000000003da 0205000023000000 0 00 00000000 0 0 0 0 0 1 00000000000003fe fffffffe f fffffffe 0 00
00000000000003fe 7c25000000000000 0 00 00000000 0 0 0 0 0 0 00000000000003db 00000001 f 00000001 0 00
00000000000003db 30592010c0000000 0 00 00000000 0 0 0 0 0 0 00000000000003dc 00000001 f 00000001 0 00
00000000000003dc 7c15000002200020 0 00 00000000 0 0 0 0 0 0 00000000000003dd 00000001 f 00000001 0 00
00000000000003dd 101005010700f000 0 00 00000000 0 0 0 0 0 0 00000000000003de 00000001 f 00000001 1 05
00000000000003de 020500001e000000 0 00 00000000 0 0 0 0 0 1 00000000000003fd 00000001 f 00000001 0 00
00000000000003fd 7c25000000000000 0 00 00000000 0 0 0 0 0 0 00000000000003fe 00000001 f 00000001 0 00
00000000000003fe 7c25000000000000 0 00 00000000 0 0 0 0 0 0 00000000000003ff ffffffff f ffffffff 0 00
00000000000003ff 7cf5000000000000 0 00 00000000 0 0 0 0 0 0 0000000000000400 ffffffff f ffffffff 0 00
