0000000000000000 00131d0000000000 1 1d 00000000 0 0 0 0000000000000001
0000000000000001 0073080baaaaaa00 1 08 00555556 0 0 0 0000000000000002
0000000000000002 0022110f09000000 1 11 00000000 0 0 0 0000000000000003
0000000000000003 00130c00aaaaaa00 1 0c ffaaaaaa 0 0 0 0000000000000004
0000000000000004 0122000812000000 0 00 00000000 4 1 0 0000000000000005
0000000000000005 0215000003010000 0 00 00000000 4 1 1 0000000000000009
0000000000000009 00820f0511000000 1 0f 00000000 4 1 0 000000000000000a
000000000000000a 005211060c000000 1 11 ffaaaaaa 4 1 0 000000000000000b
000000000000000b 0063070700001800 1 07 00000000 4 1 0 000000000000000c
000000000000000c 00a30e1000001700 1 0e 00000000 4 1 0 000000000000000d
000000000000000d 0023070887af5400 1 07 ffdd04aa 4 1 0 000000000000000e
000000000000000e 00a3080300000f00 1 08 00000000 4 1 0 000000000000000f
000000000000000f 0013130000000000 1 13 00000000 4 1 0 0000000000000010
0000000000000010 8506000000000000 0 00 00000000 4 1 0 0000000000000011
0000000000000011 0013110000000100 1 11 00000001 4 1 0 0000000000000012
0000000000000012 010200100d000000 0 00 00000000 5 1 0 0000000000000013
0000000000000013 02150000020c0000 0 00 00000000 5 1 1 0000000000000016
0000000000000016 010200010d000000 0 00 00000000 5 1 0 0000000000000017
0000000000000017 02150000010b0000 0 00 00000000 5 1 0 0000000000000018
0000000000000018 8506000000000000 0 00 00000000 5 1 0 0000000000000019
0000000000000019 8506000000000000 0 00 00000000 5 1 0 000000000000001a
000000000000001a 00620e070e000000 1 0e ffdd04aa 5 1 0 000000000000001b
000000000000001b 8506000000000000 0 00 00000000 5 1 0 000000000000001c
000000000000001c 0042031101000000 1 03 00000000 5 1 0 000000000000001d
000000000000001d 00130b002e8fd200 1 0b 002e8fd2 5 1 0 000000000000001e
000000000000001e 8506000000000000 0 00 00000000 5 1 0 000000000000001f
000000000000001f 8506000000000000 0 00 00000000 5 1 0 0000000000000020
0000000000000020 00b3060c00000700 1 06 ffff5555 5 1 0 0000000000000021
0000000000000021 0306000000000300 1 03 00000000 5 1 0 0000000000000022
0000000000000022 0052010312000000 1 01 00000000 5 1 0 0000000000000023
0000000000000023 0022081107000000 1 08 ffdd04ab 5 1 0 0000000000000024
0000000000000024 00130e00b8f2f600 1 0e ffb8f2f6 5 1 0 0000000000000025
0000000000000025 0023010539a03a00 1 01 0039a03a 5 1 0 0000000000000026
0000000000000026 011200090b000000 0 00 00000000 2 1 0 0000000000000027
0000000000000027 0215000002010000 0 00 00000000 2 1 1 000000000000002a
000000000000002a 00920f0600000000 1 0f 0000aaaa 2 1 0 000000000000002b
000000000000002b 8506000000000000 0 00 00000000 2 1 0 000000000000002c
000000000000002c 0092100d00000000 1 10 ffffffff 2 1 0 000000000000002d
000000000000002d 0306000000000900 1 09 00000000 2 1 0 000000000000002e
000000000000002e 0042070311000000 1 07 00000000 2 1 0 000000000000002f
000000000000002f 00131e0000000300 1 1e 00000003 2 1 0 0000000000000030
0000000000000030 0023151500000100 1 15 00000001 2 1 0 0000000000000031
0000000000000031 00731e1e00000100 1 1e 00000002 2 1 0 0000000000000032
0000000000000032 0102001e1d000000 0 00 00000000 4 0 0 0000000000000033
0000000000000033 0215fffffc040000 0 00 00000000 4 0 1 0000000000000030
0000000000000030 0023151500000100 1 15 00000002 4 0 0 0000000000000031
0000000000000031 00731e1e00000100 1 1e 00000001 4 0 0 0000000000000032
0000000000000032 0102001e1d000000 0 00 00000000 4 0 0 0000000000000033
0000000000000033 0215fffffc040000 0 00 00000000 4 0 1 0000000000000030
0000000000000030 0023151500000100 1 15 00000003 4 0 0 0000000000000031
0000000000000031 00731e1e00000100 1 1e 00000000 4 0 0 0000000000000032
0000000000000032 0102001e1d000000 0 00 00000000 5 1 0 0000000000000033
0000000000000033 0215fffffc040000 0 00 00000000 5 1 0 0000000000000034
0000000000000034 7cf5000000000000 0 00 00000000 5 1 0 0000000000000035
DONE retired=54 fault=00 pc=0000000000000034
