0000000000000000 0013140000004d00 1 14 0000004d 0 0 0 0000000000000001 ffffffff f ffffffff 0 00 ffffffff
0000000000000001 10010604fffff000 0 00 00000000 0 0 0 0000000000000002 ffffffff f ffffffff 1 06 ffffffff
0000000000000002 100004060600f000 0 00 00000000 0 0 0 0000000000000003 ffffffff f ffffffff 1 04 ffffffff
0000000000000003 105004020200f000 0 00 00000000 0 0 0 0000000000000004 ffffffff f ffffffff 1 04 ffffffff
0000000000000004 3411050022d9f000 0 00 00000000 0 0 0 0000000000000005 ffffffff f ffffffff 1 05 ffffffff
0000000000000005 341105008000f000 0 00 00000000 0 0 0 0000000000000006 ffffffff f ffffffff 1 05 ffffffff
0000000000000006 100105060001f000 0 00 00000000 0 0 0 0000000000000007 ffffffff f ffffffff 1 05 ffffffff
0000000000000007 10310202bbe7f000 0 00 00000000 0 0 0 0000000000000008 ffffffff f ffffffff 1 02 ffffffff
0000000000000008 00131e0000000300 1 1e 00000003 0 0 0 0000000000000009 ffffffff f ffffffff 0 00 ffffffff
0000000000000009 0023171700000100 1 17 00000001 0 0 0 000000000000000a ffffffff f ffffffff 0 00 ffffffff
000000000000000a 00731e1e00000100 1 1e 00000002 0 0 0 000000000000000b ffffffff f ffffffff 0 00 ffffffff
000000000000000b 0013180000000000 1 18 00000000 0 0 0 000000000000000c ffffffff f ffffffff 0 00 ffffffff
000000000000000c 0102001e18000000 0 00 00000000 4 0 0 000000000000000d ffffffff f ffffffff 0 00 ffffffff
000000000000000d 0215fffffb040000 0 00 00000000 4 0 1 0000000000000009 ffffffff f ffffffff 0 00 ffffffff
0000000000000009 0023171700000100 1 17 00000002 4 0 0 000000000000000a ffffffff f ffffffff 0 00 ffffffff
000000000000000a 00731e1e00000100 1 1e 00000001 4 0 0 000000000000000b ffffffff f ffffffff 0 00 ffffffff
000000000000000b 0013180000000000 1 18 00000000 4 0 0 000000000000000c ffffffff f ffffffff 0 00 ffffffff
000000000000000c 0102001e18000000 0 00 00000000 4 0 0 000000000000000d ffffffff f ffffffff 0 00 ffffffff
000000000000000d 0215fffffb040000 0 00 00000000 4 0 1 0000000000000009 ffffffff f ffffffff 0 00 ffffffff
0000000000000009 0023171700000100 1 17 00000003 4 0 0 000000000000000a ffffffff f ffffffff 0 00 ffffffff
000000000000000a 00731e1e00000100 1 1e 00000000 4 0 0 000000000000000b ffffffff f ffffffff 0 00 ffffffff
000000000000000b 0013180000000000 1 18 00000000 4 0 0 000000000000000c ffffffff f ffffffff 0 00 ffffffff
000000000000000c 0102001e18000000 0 00 00000000 5 1 0 000000000000000d ffffffff f ffffffff 0 00 ffffffff
000000000000000d 0215fffffb040000 0 00 00000000 5 1 0 000000000000000e ffffffff f ffffffff 0 00 ffffffff
000000000000000e 7cf5000000000000 0 00 00000000 5 1 0 000000000000000f ffffffff f ffffffff 0 00 ffffffff
DONE retired=25 fault=00 pc=000000000000000e
