0000000000000000 00131d0000000000 1 1d 00000000 0 0 0 0000000000000001
0000000000000001 00b2070213000000 1 07 00000000 0 0 0 0000000000000002
0000000000000002 004213140f000000 1 13 00000000 0 0 0 0000000000000003
0000000000000003 8506000000000000 0 00 00000000 0 0 0 0000000000000004
0000000000000004 0013080048f76000 1 08 0048f760 0 0 0 0000000000000005
0000000000000005 00230d09ffffff00 1 0d ffffffff 0 0 0 0000000000000006
0000000000000006 00130d004dc4c500 1 0d 004dc4c5 0 0 0 0000000000000007
0000000000000007 002308123a5a1800 1 08 003a5a18 0 0 0 0000000000000008
0000000000000008 0013010079979c00 1 01 0079979c 0 0 0 0000000000000009
0000000000000009 8506000000000000 0 00 00000000 0 0 0 000000000000000a
000000000000000a 00620c0c12000000 1 0c 00000000 0 0 0 000000000000000b
000000000000000b 011200060e000000 0 00 00000000 5 0 0 000000000000000c
000000000000000c 0215000002010000 0 00 00000000 5 0 0 000000000000000d
000000000000000d 8506000000000000 0 00 00000000 5 0 0 000000000000000e
000000000000000e 8506000000000000 0 00 00000000 5 0 0 000000000000000f
000000000000000f 0013120000000100 1 12 00000001 5 0 0 0000000000000010
0000000000000010 0063120c00001100 1 12 00000000 5 0 0 0000000000000011
0000000000000011 8506000000000000 0 00 00000000 5 0 0 0000000000000012
0000000000000012 0032010607000000 1 01 00000000 5 0 0 0000000000000013
0000000000000013 8506000000000000 0 00 00000000 5 0 0 0000000000000014
0000000000000014 00730405d1277900 1 04 002ed887 5 0 0 0000000000000015
0000000000000015 0102000a09000000 0 00 00000000 5 1 0 0000000000000016
0000000000000016 02150000010c0000 0 00 00000000 5 1 1 0000000000000018
0000000000000018 8506000000000000 0 00 00000000 5 1 0 0000000000000019
0000000000000019 0063061000000e00 1 06 00000000 5 1 0 000000000000001a
000000000000001a 0063100200002000 1 10 00000000 5 1 0 000000000000001b
000000000000001b 0072070e03000000 1 07 00000000 5 1 0 000000000000001c
000000000000001c 002202140a000000 1 02 00000000 5 1 0 000000000000001d
000000000000001d 00131e0000000200 1 1e 00000002 5 1 0 000000000000001e
000000000000001e 0023151500000100 1 15 00000001 5 1 0 000000000000001f
000000000000001f 00731e1e00000100 1 1e 00000001 5 1 0 0000000000000020
0000000000000020 0102001e1d000000 0 00 00000000 4 0 0 0000000000000021
0000000000000021 0215fffffc040000 0 00 00000000 4 0 1 000000000000001e
000000000000001e 0023151500000100 1 15 00000002 4 0 0 000000000000001f
000000000000001f 00731e1e00000100 1 1e 00000000 4 0 0 0000000000000020
0000000000000020 0102001e1d000000 0 00 00000000 5 1 0 0000000000000021
0000000000000021 0215fffffc040000 0 00 00000000 5 1 0 0000000000000022
0000000000000022 7cf5000000000000 0 00 00000000 5 1 0 0000000000000023
DONE retired=38 fault=00 pc=0000000000000022
