0000000000000000 0013140000004d00 1 14 0000004d 0 0 0 0000000000000001 ffffffff f ffffffff 0 00 ffffffff
0000000000000001 3411020000007000 0 00 00000000 0 0 0 0000000000000002 ffffffff 7 aaaaaaaa 1 02 aaaaaaaa
0000000000000002 105006060200f000 0 00 00000000 0 0 0 0000000000000003 ffffffff f ffffffff 1 06 ffffffff
0000000000000003 105104067609f000 0 00 00000000 0 0 0 0000000000000004 ffffffff f ffffffff 1 04 ffffffff
0000000000000004 10610304003ff000 0 00 00000000 0 0 0 0000000000000005 ffffffff f ffffffff 1 03 ffffffff
0000000000000005 3430040000007000 0 00 00000000 0 0 0 0000000000000006 ffffffff 7 aaaaaaaa 1 04 aaaaaaaa
0000000000000006 0013160000000100 1 16 00000001 0 0 0 0000000000000007 ffffffff f ffffffff 0 00 ffffffff
0000000000000007 342006160000f000 0 00 00000000 0 0 0 0000000000000008 ffffffff f ffffffff 1 06 ffffffff
0000000000000008 10810606001bf000 0 00 00000000 0 0 0 0000000000000009 ffffffff f ffffffff 1 06 ffffffff
0000000000000009 101004060200f000 0 00 00000000 0 0 0 000000000000000a ffffffff f ffffffff 1 04 ffffffff
000000000000000a 10610203003ff000 0 00 00000000 0 0 0 000000000000000b ffffffff f ffffffff 1 02 ffffffff
000000000000000b 104003020200f000 0 00 00000000 0 0 0 000000000000000c ffffffff f ffffffff 1 03 ffffffff
000000000000000c 103104037ffff000 0 00 00000000 0 0 0 000000000000000d ffffffff f ffffffff 1 04 ffffffff
000000000000000d 341104008000f000 0 00 00000000 0 0 0 000000000000000e ffffffff f ffffffff 1 04 ffffffff
000000000000000e 340002050000f000 0 00 00000000 0 0 0 000000000000000f ffffffff f ffffffff 1 02 ffffffff
000000000000000f 341103000000f000 0 00 00000000 0 0 0 0000000000000010 ffffffff f ffffffff 1 03 ffffffff
0000000000000010 100005050400f000 0 00 00000000 0 0 0 0000000000000011 ffffffff f ffffffff 1 05 ffffffff
0000000000000011 00131600ffffff00 1 16 ffffffff 0 0 0 0000000000000012 ffffffff f ffffffff 0 00 ffffffff
0000000000000012 342003160000f000 0 00 00000000 0 0 0 0000000000000013 ffffffff f ffffffff 1 03 ffffffff
0000000000000013 10810303000ff000 0 00 00000000 0 0 0 0000000000000014 ffffffff f ffffffff 1 03 ffffffff
0000000000000014 100003020200a000 0 00 00000000 0 0 0 0000000000000015 ffffffff a aaaaaaaa 1 03 aaaaaaaa
0000000000000015 105004050600f000 0 00 00000000 0 0 0 0000000000000016 ffffffff f ffffffff 1 04 ffffffff
0000000000000016 340005030000f000 0 00 00000000 0 0 0 0000000000000017 ffffffff f ffffffff 1 05 ffffffff
0000000000000017 0013160000000000 1 16 00000000 0 0 0 0000000000000018 ffffffff f ffffffff 0 00 ffffffff
0000000000000018 342003160000f000 0 00 00000000 0 0 0 0000000000000019 ffffffff f ffffffff 1 03 ffffffff
0000000000000019 108103030000f000 0 00 00000000 0 0 0 000000000000001a ffffffff f ffffffff 1 03 ffffffff
000000000000001a 0013160000000100 1 16 00000001 0 0 0 000000000000001b ffffffff f ffffffff 0 00 ffffffff
000000000000001b 342005160000f000 0 00 00000000 0 0 0 000000000000001c ffffffff f ffffffff 1 05 ffffffff
000000000000001c 10810305001ff000 0 00 00000000 0 0 0 000000000000001d ffffffff f ffffffff 1 03 ffffffff
000000000000001d 100004060600f000 0 00 00000000 0 0 0 000000000000001e ffffffff f ffffffff 1 04 ffffffff
000000000000001e 10710305003ff000 0 00 00000000 0 0 0 000000000000001f ffffffff f ffffffff 1 03 ffffffff
000000000000001f 101006050400f000 0 00 00000000 0 0 0 0000000000000020 ffffffff f ffffffff 1 06 ffffffff
0000000000000020 00131e0000000100 1 1e 00000001 0 0 0 0000000000000021 ffffffff f ffffffff 0 00 ffffffff
0000000000000021 0023171700000100 1 17 00000001 0 0 0 0000000000000022 ffffffff f ffffffff 0 00 ffffffff
0000000000000022 00731e1e00000100 1 1e 00000000 0 0 0 0000000000000023 ffffffff f ffffffff 0 00 ffffffff
0000000000000023 0013180000000000 1 18 00000000 0 0 0 0000000000000024 ffffffff f ffffffff 0 00 ffffffff
0000000000000024 0102001e18000000 0 00 00000000 5 1 0 0000000000000025 ffffffff f ffffffff 0 00 ffffffff
0000000000000025 0215fffffb040000 0 00 00000000 5 1 0 0000000000000026 ffffffff f ffffffff 0 00 ffffffff
0000000000000026 7cf5000000000000 0 00 00000000 5 1 0 0000000000000027 ffffffff f ffffffff 0 00 ffffffff
DONE retired=39 fault=00 pc=0000000000000026
