0000000000000000 0013140000004d00 1 14 0000004d 0 0 0 0000000000000001 f7724419 f f7724419 0 00 f7724419
0000000000000001 1000040502006000 0 00 00000000 0 0 0 0000000000000002 f7724419 6 00000000 1 04 00000000
0000000000000002 107106050021f000 0 00 00000000 0 0 0 0000000000000003 f7724419 f f7724419 1 06 f7724419
0000000000000003 343004000000f000 0 00 00000000 0 0 0 0000000000000004 f7724419 f f7724419 1 04 f7724419
0000000000000004 00131500ffffff00 1 15 ffffffff 0 0 0 0000000000000005 f7724419 f f7724419 0 00 f7724419
0000000000000005 3420031500008000 0 00 00000000 0 0 0 0000000000000006 f7724419 8 26404418 1 03 26404418
0000000000000006 00131600ffffff00 1 16 ffffffff 0 0 0 0000000000000007 f7724419 f f7724419 0 00 f7724419
0000000000000007 342005160000f000 0 00 00000000 0 0 0 0000000000000008 f7724419 f f7724419 1 05 f7724419
0000000000000008 108106050000f000 0 00 00000000 0 0 0 0000000000000009 f7724419 f f7724419 1 06 f7724419
0000000000000009 100103020000f000 0 00 00000000 0 0 0 000000000000000a f7724419 f f7724419 1 03 f7724419
000000000000000a 0013160000000000 1 16 00000000 0 0 0 000000000000000b f7724419 f f7724419 0 00 f7724419
000000000000000b 342002160000f000 0 00 00000000 0 0 0 000000000000000c f7724419 f f7724419 1 02 f7724419
000000000000000c 108102020020f000 0 00 00000000 0 0 0 000000000000000d f7724419 f f7724419 1 02 f7724419
000000000000000d 343006000000f000 0 00 00000000 0 0 0 000000000000000e f7724419 f f7724419 1 06 f7724419
000000000000000e 107105050015f000 0 00 00000000 0 0 0 000000000000000f f7724419 f f7724419 1 05 f7724419
000000000000000f 00131600ffffff00 1 16 ffffffff 0 0 0 0000000000000010 f7724419 f f7724419 0 00 f7724419
0000000000000010 342006160000f000 0 00 00000000 0 0 0 0000000000000011 f7724419 f f7724419 1 06 f7724419
0000000000000011 10810306003ff000 0 00 00000000 0 0 0 0000000000000012 f7724419 f f7724419 1 03 f7724419
0000000000000012 341102000001f000 0 00 00000000 0 0 0 0000000000000013 f7724419 f f7724419 1 02 f7724419
0000000000000013 00131e0000000300 1 1e 00000003 0 0 0 0000000000000014 f7724419 f f7724419 0 00 f7724419
0000000000000014 0023171700000100 1 17 00000001 0 0 0 0000000000000015 f7724419 f f7724419 0 00 f7724419
0000000000000015 00731e1e00000100 1 1e 00000002 0 0 0 0000000000000016 f7724419 f f7724419 0 00 f7724419
0000000000000016 0013180000000000 1 18 00000000 0 0 0 0000000000000017 f7724419 f f7724419 0 00 f7724419
0000000000000017 0102001e18000000 0 00 00000000 4 0 0 0000000000000018 f7724419 f f7724419 0 00 f7724419
0000000000000018 0215fffffb040000 0 00 00000000 4 0 1 0000000000000014 f7724419 f f7724419 0 00 f7724419
0000000000000014 0023171700000100 1 17 00000002 4 0 0 0000000000000015 f7724419 f f7724419 0 00 f7724419
0000000000000015 00731e1e00000100 1 1e 00000001 4 0 0 0000000000000016 f7724419 f f7724419 0 00 f7724419
0000000000000016 0013180000000000 1 18 00000000 4 0 0 0000000000000017 f7724419 f f7724419 0 00 f7724419
0000000000000017 0102001e18000000 0 00 00000000 4 0 0 0000000000000018 f7724419 f f7724419 0 00 f7724419
0000000000000018 0215fffffb040000 0 00 00000000 4 0 1 0000000000000014 f7724419 f f7724419 0 00 f7724419
0000000000000014 0023171700000100 1 17 00000003 4 0 0 0000000000000015 f7724419 f f7724419 0 00 f7724419
0000000000000015 00731e1e00000100 1 1e 00000000 4 0 0 0000000000000016 f7724419 f f7724419 0 00 f7724419
0000000000000016 0013180000000000 1 18 00000000 4 0 0 0000000000000017 f7724419 f f7724419 0 00 f7724419
0000000000000017 0102001e18000000 0 00 00000000 5 1 0 0000000000000018 f7724419 f f7724419 0 00 f7724419
0000000000000018 0215fffffb040000 0 00 00000000 5 1 0 0000000000000019 f7724419 f f7724419 0 00 f7724419
0000000000000019 7cf5000000000000 0 00 00000000 5 1 0 000000000000001a f7724419 f f7724419 0 00 f7724419
DONE retired=36 fault=00 pc=0000000000000019
