0000000000000000 00131d0000000000 1 1d 00000000 0 0 0 0000000000000001
0000000000000001 011200140f000000 0 00 00000000 5 0 0 0000000000000002
0000000000000002 02150000030b0000 0 00 00000000 5 0 0 0000000000000003
0000000000000003 8506000000000000 0 00 00000000 5 0 0 0000000000000004
0000000000000004 8506000000000000 0 00 00000000 5 0 0 0000000000000005
0000000000000005 8506000000000000 0 00 00000000 5 0 0 0000000000000006
0000000000000006 00130f0000000100 1 0f 00000001 5 0 0 0000000000000007
0000000000000007 8506000000000000 0 00 00000000 5 0 0 0000000000000008
0000000000000008 00130b0000000000 1 0b 00000000 5 0 0 0000000000000009
0000000000000009 00a3090d00001900 1 09 00000000 5 0 0 000000000000000a
000000000000000a 005205050f000000 1 05 00000001 5 0 0 000000000000000b
000000000000000b 0042140413000000 1 14 00000000 5 0 0 000000000000000c
000000000000000c 0042100307000000 1 10 00000000 5 0 0 000000000000000d
000000000000000d 00131000a08cc200 1 10 ffa08cc2 5 0 0 000000000000000e
000000000000000e 8506000000000000 0 00 00000000 5 0 0 000000000000000f
000000000000000f 00130900ddf59600 1 09 ffddf596 5 0 0 0000000000000010
0000000000000010 00730a0974698200 1 0a ff698c14 5 0 0 0000000000000011
0000000000000011 0052120210000000 1 12 ffa08cc2 5 0 0 0000000000000012
0000000000000012 0102000405000000 0 00 00000000 2 0 0 0000000000000013
0000000000000013 0215000003040000 0 00 00000000 2 0 1 0000000000000017
0000000000000017 0092110d00000000 1 11 ffffffff 2 0 0 0000000000000018
0000000000000018 0013030000000100 1 03 00000001 2 0 0 0000000000000019
0000000000000019 8506000000000000 0 00 00000000 2 0 0 000000000000001a
000000000000001a 00130d00aaaaaa00 1 0d ffaaaaaa 2 0 0 000000000000001b
000000000000001b 8506000000000000 0 00 00000000 2 0 0 000000000000001c
000000000000001c 8506000000000000 0 00 00000000 2 0 0 000000000000001d
000000000000001d 00130a0000000100 1 0a 00000001 2 0 0 000000000000001e
000000000000001e 0082110108000000 1 11 00000000 2 0 0 000000000000001f
000000000000001f 00620f0307000000 1 0f 00000001 2 0 0 0000000000000020
0000000000000020 8506000000000000 0 00 00000000 2 0 0 0000000000000021
0000000000000021 00130d0092510200 1 0d ff925102 2 0 0 0000000000000022
0000000000000022 8506000000000000 0 00 00000000 2 0 0 0000000000000023
0000000000000023 8506000000000000 0 00 00000000 2 0 0 0000000000000024
0000000000000024 00b3100c00000c00 1 10 00000000 2 0 0 0000000000000025
0000000000000025 005208140b000000 1 08 00000000 2 0 0 0000000000000026
0000000000000026 0092090500000000 1 09 fffffffe 2 0 0 0000000000000027
0000000000000027 00131e0000000400 1 1e 00000004 2 0 0 0000000000000028
0000000000000028 0023151500000100 1 15 00000001 2 0 0 0000000000000029
0000000000000029 00731e1e00000100 1 1e 00000003 2 0 0 000000000000002a
000000000000002a 0102001e1d000000 0 00 00000000 4 0 0 000000000000002b
000000000000002b 0215fffffc040000 0 00 00000000 4 0 1 0000000000000028
0000000000000028 0023151500000100 1 15 00000002 4 0 0 0000000000000029
0000000000000029 00731e1e00000100 1 1e 00000002 4 0 0 000000000000002a
000000000000002a 0102001e1d000000 0 00 00000000 4 0 0 000000000000002b
000000000000002b 0215fffffc040000 0 00 00000000 4 0 1 0000000000000028
0000000000000028 0023151500000100 1 15 00000003 4 0 0 0000000000000029
0000000000000029 00731e1e00000100 1 1e 00000001 4 0 0 000000000000002a
000000000000002a 0102001e1d000000 0 00 00000000 4 0 0 000000000000002b
000000000000002b 0215fffffc040000 0 00 00000000 4 0 1 0000000000000028
0000000000000028 0023151500000100 1 15 00000004 4 0 0 0000000000000029
0000000000000029 00731e1e00000100 1 1e 00000000 4 0 0 000000000000002a
000000000000002a 0102001e1d000000 0 00 00000000 5 1 0 000000000000002b
000000000000002b 0215fffffc040000 0 00 00000000 5 1 0 000000000000002c
000000000000002c 7cf5000000000000 0 00 00000000 5 1 0 000000000000002d
DONE retired=54 fault=00 pc=000000000000002c
