0000000000000000 00131d0000000000 1 1d 00000000 0 0 0 0000000000000001
0000000000000001 00a30b1000000d00 1 0b 00000000 0 0 0 0000000000000002
0000000000000002 0122000908000000 0 00 00000000 5 0 0 0000000000000003
0000000000000003 0215000002010000 0 00 00000000 5 0 0 0000000000000004
0000000000000004 8506000000000000 0 00 00000000 5 0 0 0000000000000005
0000000000000005 8506000000000000 0 00 00000000 5 0 0 0000000000000006
0000000000000006 8506000000000000 0 00 00000000 5 0 0 0000000000000007
0000000000000007 0042101114000000 1 10 00000000 5 0 0 0000000000000008
0000000000000008 0013130000000000 1 13 00000000 5 0 0 0000000000000009
0000000000000009 00a2010f03000000 1 01 00000000 5 0 0 000000000000000a
000000000000000a 00131300ffffff00 1 13 ffffffff 5 0 0 000000000000000b
000000000000000b 00230b1400000100 1 0b 00000001 5 0 0 000000000000000c
000000000000000c 00a2020910000000 1 02 00000000 5 0 0 000000000000000d
000000000000000d 0052010508000000 1 01 00000000 5 0 0 000000000000000e
000000000000000e 0102001001000000 0 00 00000000 5 1 0 000000000000000f
000000000000000f 02150000030c0000 0 00 00000000 5 1 1 0000000000000013
0000000000000013 0122000306000000 0 00 00000000 5 0 0 0000000000000014
0000000000000014 02150000010e0000 0 00 00000000 5 0 1 0000000000000016
0000000000000016 0306000000000b00 1 0b 00000000 5 0 0 0000000000000017
0000000000000017 0112000201000000 0 00 00000000 5 0 0 0000000000000018
0000000000000018 0215000003010000 0 00 00000000 5 0 0 0000000000000019
0000000000000019 8506000000000000 0 00 00000000 5 0 0 000000000000001a
000000000000001a 8506000000000000 0 00 00000000 5 0 0 000000000000001b
000000000000001b 8506000000000000 0 00 00000000 5 0 0 000000000000001c
000000000000001c 00620c0104000000 1 0c 00000000 5 0 0 000000000000001d
000000000000001d 00b3120500000f00 1 12 00000000 5 0 0 000000000000001e
000000000000001e 00720a080c000000 1 0a 00000000 5 0 0 000000000000001f
000000000000001f 0072040104000000 1 04 00000000 5 0 0 0000000000000020
0000000000000020 0063061200000700 1 06 00000000 5 0 0 0000000000000021
0000000000000021 8506000000000000 0 00 00000000 5 0 0 0000000000000022
0000000000000022 0102000c14000000 0 00 00000000 5 1 0 0000000000000023
0000000000000023 02150000020b0000 0 00 00000000 5 1 0 0000000000000024
0000000000000024 8506000000000000 0 00 00000000 5 1 0 0000000000000025
0000000000000025 8506000000000000 0 00 00000000 5 1 0 0000000000000026
0000000000000026 0013130067171300 1 13 00671713 5 1 0 0000000000000027
0000000000000027 0073070ee4d24600 1 07 001b2dba 5 1 0 0000000000000028
0000000000000028 0052040d10000000 1 04 00000000 5 1 0 0000000000000029
0000000000000029 8506000000000000 0 00 00000000 5 1 0 000000000000002a
000000000000002a 0063011100001700 1 01 00000000 5 1 0 000000000000002b
000000000000002b 00a3120f00001a00 1 12 00000000 5 1 0 000000000000002c
000000000000002c 0023110464c04700 1 11 0064c047 5 1 0 000000000000002d
000000000000002d 0082031107000000 1 03 007fedfd 5 1 0 000000000000002e
000000000000002e 00130d00dfe2d600 1 0d ffdfe2d6 5 1 0 000000000000002f
000000000000002f 00130900aaaaaa00 1 09 ffaaaaaa 5 1 0 0000000000000030
0000000000000030 00131e0000000100 1 1e 00000001 5 1 0 0000000000000031
0000000000000031 0023151500000100 1 15 00000001 5 1 0 0000000000000032
0000000000000032 00731e1e00000100 1 1e 00000000 5 1 0 0000000000000033
0000000000000033 0102001e1d000000 0 00 00000000 5 1 0 0000000000000034
0000000000000034 0215fffffc040000 0 00 00000000 5 1 0 0000000000000035
0000000000000035 7cf5000000000000 0 00 00000000 5 1 0 0000000000000036
DONE retired=50 fault=00 pc=0000000000000035
