0000000000000000 343001000000f000 0 00 00000000 0 0 0 0 0 0 0000000000000001 ffffffff f ffffffff 1 01
0000000000000001 341107000001f000 0 00 00000000 0 0 0 0 0 0 0000000000000002 ffffffff f ffffffff 1 07
0000000000000002 34110c000003f000 0 00 00000000 0 0 0 0 0 0 0000000000000003 ffffffff f ffffffff 1 0c
0000000000000003 304960b0c0000000 0 00 00000000 0 0 0 0 0 0 0000000000000004 ffffffff f ffffffff 0 00
0000000000000004 7c1500002b60003d 0 00 00000000 0 0 0 0 0 0 0000000000000030 ffffffff f ffffffff 0 00
0000000000000030 0023060600000300 1 06 00000003 0 0 0 0 0 0 0000000000000031 ffffffff f ffffffff 0 00
0000000000000031 30493030c0000000 0 00 00000000 0 0 0 0 0 0 0000000000000032 ffffffff f ffffffff 0 00
0000000000000032 7c1500000230000e 0 00 00000000 0 0 0 0 0 0 0000000000000035 ffffffff f ffffffff 0 00
0000000000000035 34110d000001f000 0 00 00000000 0 0 0 0 0 0 0000000000000036 ffffffff f ffffffff 1 0d
0000000000000036 10300c010d00f000 0 00 00000000 0 0 0 0 0 0 0000000000000037 ffffffff f ffffffff 1 0c
0000000000000037 10000c0c0700f000 0 00 00000000 0 0 0 0 0 0 0000000000000038 ffffffff f ffffffff 1 0c
0000000000000038 34110a000000f000 0 00 00000000 0 0 0 0 0 0 0000000000000039 ffffffff f ffffffff 1 0a
0000000000000039 7c85000005000000 0 00 00000000 0 0 0 0 0 0 000000000000003a ffffffff f ffffffff 0 00
000000000000003a 3059e0a0c0000000 0 00 00000000 0 0 0 0 0 0 000000000000003b ffffffff f ffffffff 0 00
000000000000003b 3029d0a0c0000000 0 00 00000000 0 0 0 0 0 0 000000000000003c ffffffff f ffffffff 0 00
000000000000003c 111004010700f000 0 00 00000000 0 0 0 0 0 0 000000000000003d ffffffff f ffffffff 1 04
000000000000003d 7cb5000000e00000 0 00 00000000 0 0 0 0 0 0 000000000000003e ffffffff f ffffffff 0 00
000000000000003e 10000a0a0700f000 0 00 00000000 0 0 0 0 0 0 000000000000003f ffffffff f ffffffff 1 0a
000000000000003f 7c95fffffad00000 0 00 00000000 0 0 0 0 0 0 000000000000003a ffffffff f ffffffff 0 00
000000000000003a 3059e0a0c0000000 0 00 00000000 0 0 0 0 0 0 000000000000003b ffffffff f ffffffff 0 00
000000000000003b 3029d0a0c0000000 0 00 00000000 0 0 0 0 0 0 000000000000003c ffffffff f ffffffff 0 00
000000000000003c 111004010700f000 0 00 00000000 0 0 0 0 0 0 000000000000003d ffffffff f ffffffff 1 04
000000000000003d 7cb5000000e00000 0 00 00000000 0 0 0 0 0 0 000000000000003e aaaaaaaa f aaaaaaaa 0 00
000000000000003e 10000a0a0700f000 0 00 00000000 0 0 0 0 0 0 000000000000003f aaaaaaaa f aaaaaaaa 1 0a
000000000000003f 7c95fffffad00000 0 00 00000000 0 0 0 0 0 0 000000000000003a aaaaaaaa f aaaaaaaa 0 00
000000000000003a 3059e0a0c0000000 0 00 00000000 0 0 0 0 0 0 000000000000003b aaaaaaaa f aaaaaaaa 0 00
000000000000003b 3029d0a0c0000000 0 00 00000000 0 0 0 0 0 0 000000000000003c aaaaaaaa f aaaaaaaa 0 00
000000000000003c 111004010700f000 0 00 00000000 0 0 0 0 0 0 000000000000003d aaaaaaaa f aaaaaaaa 1 04
000000000000003f 7cb5000000e00000 0 00 00000000 0 0 0 0 0 0 000000000000003e 00000000 f 00000000 0 00
000000000000003f 7c95fffffad00000 0 00 00000000 0 0 0 0 0 0 0000000000000040 ffffffff f ffffffff 0 00
0000000000000040 101004070300f000 0 00 00000000 0 0 0 0 0 0 0000000000000041 ffffffff f ffffffff 1 04
0000000000000041 7c25000000000000 0 00 00000000 0 0 0 0 0 0 0000000000000042 ffffffff f ffffffff 0 00
0000000000000042 7c25000000000000 0 00 00000000 0 0 0 0 0 0 0000000000000043 ffffffff f ffffffff 0 00
0000000000000043 7cf5000000000000 0 00 00000000 0 0 0 0 0 0 0000000000000044 ffffffff f ffffffff 0 00
