0000000000000000 0013140000004d00 1 14 0000004d 0 0 0 0000000000000001 2c4b7d89 f 2c4b7d89 0 00 2c4b7d89
0000000000000001 340004030000f000 0 00 00000000 0 0 0 0000000000000002 2c4b7d89 f 2c4b7d89 1 04 2c4b7d89
0000000000000002 1040030602007000 0 00 00000000 0 0 0 0000000000000003 2c4b7d89 7 28094588 1 03 28094588
0000000000000003 107105030010f000 0 00 00000000 0 0 0 0000000000000004 2c4b7d89 f 2c4b7d89 1 05 2c4b7d89
0000000000000004 340003030000b000 0 00 00000000 0 0 0 0000000000000005 2c4b7d89 b 040a6c00 1 03 040a6c00
0000000000000005 107105020001f000 0 00 00000000 0 0 0 0000000000000006 2c4b7d89 f 2c4b7d89 1 05 2c4b7d89
0000000000000006 00131600ffffff00 1 16 ffffffff 0 0 0 0000000000000007 2c4b7d89 f 2c4b7d89 0 00 2c4b7d89
0000000000000007 342002160000f000 0 00 00000000 0 0 0 0000000000000008 2c4b7d89 f 2c4b7d89 1 02 2c4b7d89
0000000000000008 108106020010f000 0 00 00000000 0 0 0 0000000000000009 2c4b7d89 f 2c4b7d89 1 06 2c4b7d89
0000000000000009 0013150000000000 1 15 00000000 0 0 0 000000000000000a 2c4b7d89 f 2c4b7d89 0 00 2c4b7d89
000000000000000a 342003150000f000 0 00 00000000 0 0 0 000000000000000b 2c4b7d89 f 2c4b7d89 1 03 2c4b7d89
000000000000000b 100002020500f000 0 00 00000000 0 0 0 000000000000000c 2c4b7d89 f 2c4b7d89 1 02 2c4b7d89
000000000000000c 107105020020f000 0 00 00000000 0 0 0 000000000000000d 2c4b7d89 f 2c4b7d89 1 05 2c4b7d89
000000000000000d 0013150000000000 1 15 00000000 0 0 0 000000000000000e 2c4b7d89 f 2c4b7d89 0 00 2c4b7d89
000000000000000e 342005150000f000 0 00 00000000 0 0 0 000000000000000f 2c4b7d89 f 2c4b7d89 1 05 2c4b7d89
000000000000000f 0013160000000100 1 16 00000001 0 0 0 0000000000000010 2c4b7d89 f 2c4b7d89 0 00 2c4b7d89
0000000000000010 342004160000f000 0 00 00000000 0 0 0 0000000000000011 2c4b7d89 f 2c4b7d89 1 04 2c4b7d89
0000000000000011 10810604003ff000 0 00 00000000 0 0 0 0000000000000012 2c4b7d89 f 2c4b7d89 1 06 2c4b7d89
0000000000000012 00131600ffffff00 1 16 ffffffff 0 0 0 0000000000000013 2c4b7d89 f 2c4b7d89 0 00 2c4b7d89
0000000000000013 342005160000f000 0 00 00000000 0 0 0 0000000000000014 2c4b7d89 f 2c4b7d89 1 05 2c4b7d89
0000000000000014 108104050001f000 0 00 00000000 0 0 0 0000000000000015 2c4b7d89 f 2c4b7d89 1 04 2c4b7d89
0000000000000015 10510606fffff000 0 00 00000000 0 0 0 0000000000000016 2c4b7d89 f 2c4b7d89 1 06 2c4b7d89
0000000000000016 105005060300f000 0 00 00000000 0 0 0 0000000000000017 2c4b7d89 f 2c4b7d89 1 05 2c4b7d89
0000000000000017 00131600ffffff00 1 16 ffffffff 0 0 0 0000000000000018 2c4b7d89 f 2c4b7d89 0 00 2c4b7d89
0000000000000018 342002160000f000 0 00 00000000 0 0 0 0000000000000019 2c4b7d89 f 2c4b7d89 1 02 2c4b7d89
0000000000000019 108105020020f000 0 00 00000000 0 0 0 000000000000001a 2c4b7d89 f 2c4b7d89 1 05 2c4b7d89
000000000000001a 00131e0000000200 1 1e 00000002 0 0 0 000000000000001b 2c4b7d89 f 2c4b7d89 0 00 2c4b7d89
000000000000001b 0023171700000100 1 17 00000001 0 0 0 000000000000001c 2c4b7d89 f 2c4b7d89 0 00 2c4b7d89
000000000000001c 00731e1e00000100 1 1e 00000001 0 0 0 000000000000001d 2c4b7d89 f 2c4b7d89 0 00 2c4b7d89
000000000000001d 0013180000000000 1 18 00000000 0 0 0 000000000000001e 2c4b7d89 f 2c4b7d89 0 00 2c4b7d89
000000000000001e 0102001e18000000 0 00 00000000 4 0 0 000000000000001f 2c4b7d89 f 2c4b7d89 0 00 2c4b7d89
000000000000001f 0215fffffb040000 0 00 00000000 4 0 1 000000000000001b 2c4b7d89 f 2c4b7d89 0 00 2c4b7d89
000000000000001b 0023171700000100 1 17 00000002 4 0 0 000000000000001c 2c4b7d89 f 2c4b7d89 0 00 2c4b7d89
000000000000001c 00731e1e00000100 1 1e 00000000 4 0 0 000000000000001d 2c4b7d89 f 2c4b7d89 0 00 2c4b7d89
000000000000001d 0013180000000000 1 18 00000000 4 0 0 000000000000001e 2c4b7d89 f 2c4b7d89 0 00 2c4b7d89
000000000000001e 0102001e18000000 0 00 00000000 5 1 0 000000000000001f 2c4b7d89 f 2c4b7d89 0 00 2c4b7d89
000000000000001f 0215fffffb040000 0 00 00000000 5 1 0 0000000000000020 2c4b7d89 f 2c4b7d89 0 00 2c4b7d89
0000000000000020 7cf5000000000000 0 00 00000000 5 1 0 0000000000000021 2c4b7d89 f 2c4b7d89 0 00 2c4b7d89
DONE retired=38 fault=00 pc=0000000000000020
