0000000000000000 0013140000004d00 1 14 0000004d 0 0 0 0000000000000001 32bbca61 f 32bbca61 0 00 32bbca61
0000000000000001 1040060203003000 0 00 00000000 0 0 0 0000000000000002 32bbca61 3 02398040 1 06 02398040
0000000000000002 3430030000001000 0 00 00000000 0 0 0 0000000000000003 32bbca61 1 00000060 1 03 00000060
0000000000000003 102005050200f000 0 00 00000000 0 0 0 0000000000000004 32bbca61 f 32bbca61 1 05 32bbca61
0000000000000004 10710606000cf000 0 00 00000000 0 0 0 0000000000000005 32bbca61 f 32bbca61 1 06 32bbca61
0000000000000005 0013150000000000 1 15 00000000 0 0 0 0000000000000006 32bbca61 f 32bbca61 0 00 32bbca61
0000000000000006 342005150000f000 0 00 00000000 0 0 0 0000000000000007 32bbca61 f 32bbca61 1 05 32bbca61
0000000000000007 34110200edb7f000 0 00 00000000 0 0 0 0000000000000008 32bbca61 f 32bbca61 1 02 32bbca61
0000000000000008 107102050001f000 0 00 00000000 0 0 0 0000000000000009 32bbca61 f 32bbca61 1 02 32bbca61
0000000000000009 0013160000000100 1 16 00000001 0 0 0 000000000000000a 32bbca61 f 32bbca61 0 00 32bbca61
000000000000000a 342005160000f000 0 00 00000000 0 0 0 000000000000000b 32bbca61 f 32bbca61 1 05 32bbca61
000000000000000b 108102050001f000 0 00 00000000 0 0 0 000000000000000c 32bbca61 f 32bbca61 1 02 32bbca61
000000000000000c 107102030000f000 0 00 00000000 0 0 0 000000000000000d 32bbca61 f 32bbca61 1 02 32bbca61
000000000000000d 107103060010f000 0 00 00000000 0 0 0 000000000000000e 32bbca61 f 32bbca61 1 03 32bbca61
000000000000000e 343002000000f000 0 00 00000000 0 0 0 000000000000000f 32bbca61 f 32bbca61 1 02 32bbca61
000000000000000f 106102050000f000 0 00 00000000 0 0 0 0000000000000010 32bbca61 f 32bbca61 1 02 32bbca61
0000000000000010 00131600ffffff00 1 16 ffffffff 0 0 0 0000000000000011 32bbca61 f 32bbca61 0 00 32bbca61
0000000000000011 342004160000f000 0 00 00000000 0 0 0 0000000000000012 32bbca61 f 32bbca61 1 04 32bbca61
0000000000000012 108102040021f000 0 00 00000000 0 0 0 0000000000000013 32bbca61 f 32bbca61 1 02 32bbca61
0000000000000013 10610304001ff000 0 00 00000000 0 0 0 0000000000000014 32bbca61 f 32bbca61 1 03 32bbca61
0000000000000014 10710605000ff000 0 00 00000000 0 0 0 0000000000000015 32bbca61 f 32bbca61 1 06 32bbca61
0000000000000015 1001050530d2f000 0 00 00000000 0 0 0 0000000000000016 32bbca61 f 32bbca61 1 05 32bbca61
0000000000000016 101002020600e000 0 00 00000000 0 0 0 0000000000000017 32bbca61 e 10114041 1 02 10114041
0000000000000017 340006050000f000 0 00 00000000 0 0 0 0000000000000018 32bbca61 f 32bbca61 1 06 32bbca61
0000000000000018 105006050500f000 0 00 00000000 0 0 0 0000000000000019 32bbca61 f 32bbca61 1 06 32bbca61
0000000000000019 0013150000000000 1 15 00000000 0 0 0 000000000000001a 32bbca61 f 32bbca61 0 00 32bbca61
000000000000001a 342003150000f000 0 00 00000000 0 0 0 000000000000001b 32bbca61 f 32bbca61 1 03 32bbca61
000000000000001b 341106007fff3000 0 00 00000000 0 0 0 000000000000001c 32bbca61 3 02398040 1 06 02398040
000000000000001c 340004050000f000 0 00 00000000 0 0 0 000000000000001d 32bbca61 f 32bbca61 1 04 32bbca61
000000000000001d 340004050000a000 0 00 00000000 0 0 0 000000000000001e 32bbca61 a 32bbca61 1 04 32bbca61
000000000000001e 00131e0000000100 1 1e 00000001 0 0 0 000000000000001f 32bbca61 f 32bbca61 0 00 32bbca61
000000000000001f 0023171700000100 1 17 00000001 0 0 0 0000000000000020 32bbca61 f 32bbca61 0 00 32bbca61
0000000000000020 00731e1e00000100 1 1e 00000000 0 0 0 0000000000000021 32bbca61 f 32bbca61 0 00 32bbca61
0000000000000021 0013180000000000 1 18 00000000 0 0 0 0000000000000022 32bbca61 f 32bbca61 0 00 32bbca61
0000000000000022 0102001e18000000 0 00 00000000 5 1 0 0000000000000023 32bbca61 f 32bbca61 0 00 32bbca61
0000000000000023 0215fffffb040000 0 00 00000000 5 1 0 0000000000000024 32bbca61 f 32bbca61 0 00 32bbca61
0000000000000024 7cf5000000000000 0 00 00000000 5 1 0 0000000000000025 32bbca61 f 32bbca61 0 00 32bbca61
DONE retired=37 fault=00 pc=0000000000000024
