0000000000000000 0013140000004d00 1 14 0000004d 0 0 0 0000000000000001 00000400 f 00000400 0 00 00000400
0000000000000001 102003060400f000 0 00 00000000 0 0 0 0000000000000002 00000400 f 00000400 1 03 00000400
0000000000000002 00131500ffffff00 1 15 ffffffff 0 0 0 0000000000000003 00000400 f 00000400 0 00 00000400
0000000000000003 342004150000f000 0 00 00000000 0 0 0 0000000000000004 00000400 f 00000400 1 04 00000400
0000000000000004 106106030001f000 0 00 00000000 0 0 0 0000000000000005 00000400 f 00000400 1 06 00000400
0000000000000005 104106038124f000 0 00 00000000 0 0 0 0000000000000006 00000400 f 00000400 1 06 00000400
0000000000000006 101005030200a000 0 00 00000000 0 0 0 0000000000000007 00000400 a 00000400 1 05 00000400
0000000000000007 34110200d531f000 0 00 00000000 0 0 0 0000000000000008 00000400 f 00000400 1 02 00000400
0000000000000008 101104059b94f000 0 00 00000000 0 0 0 0000000000000009 00000400 f 00000400 1 04 00000400
0000000000000009 00131500ffffff00 1 15 ffffffff 0 0 0 000000000000000a 00000400 f 00000400 0 00 00000400
000000000000000a 342003150000f000 0 00 00000000 0 0 0 000000000000000b 00000400 f 00000400 1 03 00000400
000000000000000b 107103030001f000 0 00 00000000 0 0 0 000000000000000c 00000400 f 00000400 1 03 00000400
000000000000000c 340003020000f000 0 00 00000000 0 0 0 000000000000000d 00000400 f 00000400 1 03 00000400
000000000000000d 10110306c64cf000 0 00 00000000 0 0 0 000000000000000e 00000400 f 00000400 1 03 00000400
000000000000000e 10610204001ff000 0 00 00000000 0 0 0 000000000000000f 00000400 f 00000400 1 02 00000400
000000000000000f 1051050445d6f000 0 00 00000000 0 0 0 0000000000000010 00000400 f 00000400 1 05 00000400
0000000000000010 104102040001f000 0 00 00000000 0 0 0 0000000000000011 00000400 f 00000400 1 02 00000400
0000000000000011 00131e0000000100 1 1e 00000001 0 0 0 0000000000000012 00000400 f 00000400 0 00 00000400
0000000000000012 0023171700000100 1 17 00000001 0 0 0 0000000000000013 00000400 f 00000400 0 00 00000400
0000000000000013 00731e1e00000100 1 1e 00000000 0 0 0 0000000000000014 00000400 f 00000400 0 00 00000400
0000000000000014 0013180000000000 1 18 00000000 0 0 0 0000000000000015 00000400 f 00000400 0 00 00000400
0000000000000015 0102001e18000000 0 00 00000000 5 1 0 0000000000000016 00000400 f 00000400 0 00 00000400
0000000000000016 0215fffffb040000 0 00 00000000 5 1 0 0000000000000017 00000400 f 00000400 0 00 00000400
0000000000000017 7cf5000000000000 0 00 00000000 5 1 0 0000000000000018 00000400 f 00000400 0 00 00000400
DONE retired=24 fault=00 pc=0000000000000017
