0000000000000000 0013140000004d00 1 14 0000004d 0 0 0 0000000000000001 0e704378 f 0e704378 0 00 0e704378
0000000000000001 341102008000f000 0 00 00000000 0 0 0 0000000000000002 0e704378 f 0e704378 1 02 0e704378
0000000000000002 101005060600f000 0 00 00000000 0 0 0 0000000000000003 0e704378 f 0e704378 1 05 0e704378
0000000000000003 0013150000000000 1 15 00000000 0 0 0 0000000000000004 0e704378 f 0e704378 0 00 0e704378
0000000000000004 3420051500001000 0 00 00000000 0 0 0 0000000000000005 0e704378 1 00000000 1 05 00000000
0000000000000005 1000050405004000 0 00 00000000 0 0 0 0000000000000006 0e704378 4 0c304010 1 05 0c304010
0000000000000006 105006050600f000 0 00 00000000 0 0 0 0000000000000007 0e704378 f 0e704378 1 06 0e704378
0000000000000007 341105000000f000 0 00 00000000 0 0 0 0000000000000008 0e704378 f 0e704378 1 05 0e704378
0000000000000008 107106030010f000 0 00 00000000 0 0 0 0000000000000009 0e704378 f 0e704378 1 06 0e704378
0000000000000009 3400020400008000 0 00 00000000 0 0 0 000000000000000a 0e704378 8 08504308 1 02 08504308
000000000000000a 102003020600f000 0 00 00000000 0 0 0 000000000000000b 0e704378 f 0e704378 1 03 0e704378
000000000000000b 0013150000000000 1 15 00000000 0 0 0 000000000000000c 0e704378 f 0e704378 0 00 0e704378
000000000000000c 342004150000f000 0 00 00000000 0 0 0 000000000000000d 0e704378 f 0e704378 1 04 0e704378
000000000000000d 00131e0000000300 1 1e 00000003 0 0 0 000000000000000e 0e704378 f 0e704378 0 00 0e704378
000000000000000e 0023171700000100 1 17 00000001 0 0 0 000000000000000f 0e704378 f 0e704378 0 00 0e704378
000000000000000f 00731e1e00000100 1 1e 00000002 0 0 0 0000000000000010 0e704378 f 0e704378 0 00 0e704378
0000000000000010 0013180000000000 1 18 00000000 0 0 0 0000000000000011 0e704378 f 0e704378 0 00 0e704378
0000000000000011 0102001e18000000 0 00 00000000 4 0 0 0000000000000012 0e704378 f 0e704378 0 00 0e704378
0000000000000012 0215fffffb040000 0 00 00000000 4 0 1 000000000000000e 0e704378 f 0e704378 0 00 0e704378
000000000000000e 0023171700000100 1 17 00000002 4 0 0 000000000000000f 0e704378 f 0e704378 0 00 0e704378
000000000000000f 00731e1e00000100 1 1e 00000001 4 0 0 0000000000000010 0e704378 f 0e704378 0 00 0e704378
0000000000000010 0013180000000000 1 18 00000000 4 0 0 0000000000000011 0e704378 f 0e704378 0 00 0e704378
0000000000000011 0102001e18000000 0 00 00000000 4 0 0 0000000000000012 0e704378 f 0e704378 0 00 0e704378
0000000000000012 0215fffffb040000 0 00 00000000 4 0 1 000000000000000e 0e704378 f 0e704378 0 00 0e704378
000000000000000e 0023171700000100 1 17 00000003 4 0 0 000000000000000f 0e704378 f 0e704378 0 00 0e704378
000000000000000f 00731e1e00000100 1 1e 00000000 4 0 0 0000000000000010 0e704378 f 0e704378 0 00 0e704378
0000000000000010 0013180000000000 1 18 00000000 4 0 0 0000000000000011 0e704378 f 0e704378 0 00 0e704378
0000000000000011 0102001e18000000 0 00 00000000 5 1 0 0000000000000012 0e704378 f 0e704378 0 00 0e704378
0000000000000012 0215fffffb040000 0 00 00000000 5 1 0 0000000000000013 0e704378 f 0e704378 0 00 0e704378
0000000000000013 7cf5000000000000 0 00 00000000 5 1 0 0000000000000014 0e704378 f 0e704378 0 00 0e704378
DONE retired=30 fault=00 pc=0000000000000013
