0000000000000000 0013140000004d00 1 14 0000004d 0 0 0 0000000000000001 326a54f5 f 326a54f5 0 00 326a54f5
0000000000000001 00131600ffffff00 1 16 ffffffff 0 0 0 0000000000000002 326a54f5 f 326a54f5 0 00 326a54f5
0000000000000002 342004160000f000 0 00 00000000 0 0 0 0000000000000003 326a54f5 f 326a54f5 1 04 326a54f5
0000000000000003 10810604003ff000 0 00 00000000 0 0 0 0000000000000004 326a54f5 f 326a54f5 1 06 326a54f5
0000000000000004 00131600ffffff00 1 16 ffffffff 0 0 0 0000000000000005 326a54f5 f 326a54f5 0 00 326a54f5
0000000000000005 342003160000f000 0 00 00000000 0 0 0 0000000000000006 326a54f5 f 326a54f5 1 03 326a54f5
0000000000000006 10810603003ff000 0 00 00000000 0 0 0 0000000000000007 326a54f5 f 326a54f5 1 06 326a54f5
0000000000000007 00131600ffffff00 1 16 ffffffff 0 0 0 0000000000000008 326a54f5 f 326a54f5 0 00 326a54f5
0000000000000008 342006160000f000 0 00 00000000 0 0 0 0000000000000009 326a54f5 f 326a54f5 1 06 326a54f5
0000000000000009 108106060001f000 0 00 00000000 0 0 0 000000000000000a 326a54f5 f 326a54f5 1 06 326a54f5
000000000000000a 343005000000f000 0 00 00000000 0 0 0 000000000000000b 326a54f5 f 326a54f5 1 05 326a54f5
000000000000000b 340006020000f000 0 00 00000000 0 0 0 000000000000000c 326a54f5 f 326a54f5 1 06 326a54f5
000000000000000c 104006020200a000 0 00 00000000 0 0 0 000000000000000d 326a54f5 a 326a54f5 1 06 326a54f5
000000000000000d 101103050000f000 0 00 00000000 0 0 0 000000000000000e 326a54f5 f 326a54f5 1 03 326a54f5
000000000000000e 10610206001ff000 0 00 00000000 0 0 0 000000000000000f 326a54f5 f 326a54f5 1 02 326a54f5
000000000000000f 343004000000b000 0 00 00000000 0 0 0 0000000000000010 326a54f5 b 226050b5 1 04 226050b5
0000000000000010 343004000000f000 0 00 00000000 0 0 0 0000000000000011 326a54f5 f 326a54f5 1 04 326a54f5
0000000000000011 340002020000d000 0 00 00000000 0 0 0 0000000000000012 326a54f5 d 32225401 1 02 32225401
0000000000000012 00131e0000000100 1 1e 00000001 0 0 0 0000000000000013 326a54f5 f 326a54f5 0 00 326a54f5
0000000000000013 0023171700000100 1 17 00000001 0 0 0 0000000000000014 326a54f5 f 326a54f5 0 00 326a54f5
0000000000000014 00731e1e00000100 1 1e 00000000 0 0 0 0000000000000015 326a54f5 f 326a54f5 0 00 326a54f5
0000000000000015 0013180000000000 1 18 00000000 0 0 0 0000000000000016 326a54f5 f 326a54f5 0 00 326a54f5
0000000000000016 0102001e18000000 0 00 00000000 5 1 0 0000000000000017 326a54f5 f 326a54f5 0 00 326a54f5
0000000000000017 0215fffffb040000 0 00 00000000 5 1 0 0000000000000018 326a54f5 f 326a54f5 0 00 326a54f5
0000000000000018 7cf5000000000000 0 00 00000000 5 1 0 0000000000000019 326a54f5 f 326a54f5 0 00 326a54f5
DONE retired=25 fault=00 pc=0000000000000018
