0000000000000000 00131d0000000000 1 1d 00000000 0 0 0 0000000000000001
0000000000000001 0062111112000000 1 11 00000000 0 0 0 0000000000000002
0000000000000002 0306000000001100 1 11 00000000 0 0 0 0000000000000003
0000000000000003 0013050096ae9c00 1 05 ff96ae9c 0 0 0 0000000000000004
0000000000000004 00130500a1786b00 1 05 ffa1786b 0 0 0 0000000000000005
0000000000000005 0032100b14000000 1 10 00000000 0 0 0 0000000000000006
0000000000000006 00620d1414000000 1 0d 00000000 0 0 0 0000000000000007
0000000000000007 8506000000000000 0 00 00000000 0 0 0 0000000000000008
0000000000000008 00130e0000000000 1 0e 00000000 0 0 0 0000000000000009
0000000000000009 0013140000000000 1 14 00000000 0 0 0 000000000000000a
000000000000000a 8506000000000000 0 00 00000000 0 0 0 000000000000000b
000000000000000b 004204040d000000 1 04 00000000 0 0 0 000000000000000c
000000000000000c 00a2121409000000 1 12 00000000 0 0 0 000000000000000d
000000000000000d 8506000000000000 0 00 00000000 0 0 0 000000000000000e
000000000000000e 0306000000001000 1 10 00000000 0 0 0 000000000000000f
000000000000000f 00420e1304000000 1 0e 00000000 0 0 0 0000000000000010
0000000000000010 0062140e14000000 1 14 00000000 0 0 0 0000000000000011
0000000000000011 00b3130e00001300 1 13 00000000 0 0 0 0000000000000012
0000000000000012 0122000312000000 0 00 00000000 5 0 0 0000000000000013
0000000000000013 02150000020d0000 0 00 00000000 5 0 0 0000000000000014
0000000000000014 8506000000000000 0 00 00000000 5 0 0 0000000000000015
0000000000000015 8506000000000000 0 00 00000000 5 0 0 0000000000000016
0000000000000016 8506000000000000 0 00 00000000 5 0 0 0000000000000017
0000000000000017 0022061402000000 1 06 00000000 5 0 0 0000000000000018
0000000000000018 8506000000000000 0 00 00000000 5 0 0 0000000000000019
0000000000000019 008211120d000000 1 11 00000000 5 0 0 000000000000001a
000000000000001a 00a3060900000e00 1 06 00000000 5 0 0 000000000000001b
000000000000001b 0306000000001200 1 12 00000000 5 0 0 000000000000001c
000000000000001c 0082010d11000000 1 01 00000000 5 0 0 000000000000001d
000000000000001d 00130700d7f8c000 1 07 ffd7f8c0 5 0 0 000000000000001e
000000000000001e 00130a00be39d100 1 0a ffbe39d1 5 0 0 000000000000001f
000000000000001f 0023050200000100 1 05 00000001 5 0 0 0000000000000020
0000000000000020 0052050208000000 1 05 00000000 5 0 0 0000000000000021
0000000000000021 8506000000000000 0 00 00000000 5 0 0 0000000000000022
0000000000000022 0306000000000400 1 04 00000000 5 0 0 0000000000000023
0000000000000023 0092110600000000 1 11 ffffffff 5 0 0 0000000000000024
0000000000000024 00131e0000000400 1 1e 00000004 5 0 0 0000000000000025
0000000000000025 0023151500000100 1 15 00000001 5 0 0 0000000000000026
0000000000000026 00731e1e00000100 1 1e 00000003 5 0 0 0000000000000027
0000000000000027 0102001e1d000000 0 00 00000000 4 0 0 0000000000000028
0000000000000028 0215fffffc040000 0 00 00000000 4 0 1 0000000000000025
0000000000000025 0023151500000100 1 15 00000002 4 0 0 0000000000000026
0000000000000026 00731e1e00000100 1 1e 00000002 4 0 0 0000000000000027
0000000000000027 0102001e1d000000 0 00 00000000 4 0 0 0000000000000028
0000000000000028 0215fffffc040000 0 00 00000000 4 0 1 0000000000000025
0000000000000025 0023151500000100 1 15 00000003 4 0 0 0000000000000026
0000000000000026 00731e1e00000100 1 1e 00000001 4 0 0 0000000000000027
0000000000000027 0102001e1d000000 0 00 00000000 4 0 0 0000000000000028
0000000000000028 0215fffffc040000 0 00 00000000 4 0 1 0000000000000025
0000000000000025 0023151500000100 1 15 00000004 4 0 0 0000000000000026
0000000000000026 00731e1e00000100 1 1e 00000000 4 0 0 0000000000000027
0000000000000027 0102001e1d000000 0 00 00000000 5 1 0 0000000000000028
0000000000000028 0215fffffc040000 0 00 00000000 5 1 0 0000000000000029
0000000000000029 7cf5000000000000 0 00 00000000 5 1 0 000000000000002a
DONE retired=54 fault=00 pc=0000000000000029
