0000000000000000 00131d0000000000 1 1d 00000000 0 0 0 0000000000000001
0000000000000001 00a20e1212000000 1 0e 00000000 0 0 0 0000000000000002
0000000000000002 00130a0000000100 1 0a 00000001 0 0 0 0000000000000003
0000000000000003 00130700ca1c7900 1 07 ffca1c79 0 0 0 0000000000000004
0000000000000004 00b3100f00001700 1 10 00000000 0 0 0 0000000000000005
0000000000000005 00a2030108000000 1 03 00000000 0 0 0 0000000000000006
0000000000000006 00130b00ec07bd00 1 0b ffec07bd 0 0 0 0000000000000007
0000000000000007 00231104ffffff00 1 11 ffffffff 0 0 0 0000000000000008
0000000000000008 00a2110f0e000000 1 11 00000000 0 0 0 0000000000000009
0000000000000009 007201050a000000 1 01 ffffffff 0 0 0 000000000000000a
000000000000000a 00130c00ffbb2b00 1 0c ffffbb2b 0 0 0 000000000000000b
000000000000000b 8506000000000000 0 00 00000000 0 0 0 000000000000000c
000000000000000c 0072030210000000 1 03 00000000 0 0 0 000000000000000d
000000000000000d 8506000000000000 0 00 00000000 0 0 0 000000000000000e
000000000000000e 00130300aaaaaa00 1 03 ffaaaaaa 0 0 0 000000000000000f
000000000000000f 0306000000000200 1 02 00000000 0 0 0 0000000000000010
0000000000000010 8506000000000000 0 00 00000000 0 0 0 0000000000000011
0000000000000011 0092090200000000 1 09 ffffffff 0 0 0 0000000000000012
0000000000000012 0013110000000000 1 11 00000000 0 0 0 0000000000000013
0000000000000013 0112000910000000 0 00 00000000 6 1 0 0000000000000014
0000000000000014 0215000003020000 0 00 00000000 6 1 0 0000000000000015
0000000000000015 8506000000000000 0 00 00000000 6 1 0 0000000000000016
0000000000000016 8506000000000000 0 00 00000000 6 1 0 0000000000000017
0000000000000017 8506000000000000 0 00 00000000 6 1 0 0000000000000018
0000000000000018 8506000000000000 0 00 00000000 6 1 0 0000000000000019
0000000000000019 0052141101000000 1 14 ffffffff 6 1 0 000000000000001a
000000000000001a 0306000000001300 1 13 00000000 6 1 0 000000000000001b
000000000000001b 00b20f0303000000 1 0f ffffeaaa 6 1 0 000000000000001c
000000000000001c 00131000aaaaaa00 1 10 ffaaaaaa 6 1 0 000000000000001d
000000000000001d 8506000000000000 0 00 00000000 6 1 0 000000000000001e
000000000000001e 00b20a1007000000 1 0a ffffffff 6 1 0 000000000000001f
000000000000001f 00b3010b00000a00 1 01 fffffb01 6 1 0 0000000000000020
0000000000000020 0032130a05000000 1 13 00000000 6 1 0 0000000000000021
0000000000000021 00130e00f84daa00 1 0e fff84daa 6 1 0 0000000000000022
0000000000000022 0306000000000900 1 09 00000000 6 1 0 0000000000000023
0000000000000023 8506000000000000 0 00 00000000 6 1 0 0000000000000024
0000000000000024 00520b1202000000 1 0b 00000000 6 1 0 0000000000000025
0000000000000025 8506000000000000 0 00 00000000 6 1 0 0000000000000026
0000000000000026 0112001003000000 0 00 00000000 5 0 0 0000000000000027
0000000000000027 0215000001040000 0 00 00000000 5 0 0 0000000000000028
0000000000000028 8506000000000000 0 00 00000000 5 0 0 0000000000000029
0000000000000029 0092140e00000000 1 14 0007b255 5 0 0 000000000000002a
000000000000002a 8506000000000000 0 00 00000000 5 0 0 000000000000002b
000000000000002b 0073060900000100 1 06 ffffffff 5 0 0 000000000000002c
000000000000002c 00920b0700000000 1 0b 0035e386 5 0 0 000000000000002d
000000000000002d 00131e0000000100 1 1e 00000001 5 0 0 000000000000002e
000000000000002e 0023151500000100 1 15 00000001 5 0 0 000000000000002f
000000000000002f 00731e1e00000100 1 1e 00000000 5 0 0 0000000000000030
0000000000000030 0102001e1d000000 0 00 00000000 5 1 0 0000000000000031
0000000000000031 0215fffffc040000 0 00 00000000 5 1 0 0000000000000032
0000000000000032 7cf5000000000000 0 00 00000000 5 1 0 0000000000000033
DONE retired=51 fault=00 pc=0000000000000032
