0000000000000000 0013140000004d00 1 14 0000004d 0 0 0 0000000000000001 e05296aa f e05296aa 0 00 e05296aa
0000000000000001 106105050000f000 0 00 00000000 0 0 0 0000000000000002 e05296aa f e05296aa 1 05 e05296aa
0000000000000002 102004040500f000 0 00 00000000 0 0 0 0000000000000003 e05296aa f e05296aa 1 04 e05296aa
0000000000000003 106104040021f000 0 00 00000000 0 0 0 0000000000000004 e05296aa f e05296aa 1 04 e05296aa
0000000000000004 104105058000f000 0 00 00000000 0 0 0 0000000000000005 e05296aa f e05296aa 1 05 e05296aa
0000000000000005 1000060605006000 0 00 00000000 0 0 0 0000000000000006 e05296aa 6 00000000 1 06 00000000
0000000000000006 0013150055555500 1 15 00555555 0 0 0 0000000000000007 e05296aa f e05296aa 0 00 e05296aa
0000000000000007 342002150000f000 0 00 00000000 0 0 0 0000000000000008 e05296aa f e05296aa 1 02 e05296aa
0000000000000008 3411050002b2f000 0 00 00000000 0 0 0 0000000000000009 e05296aa f e05296aa 1 05 e05296aa
0000000000000009 3411050080004000 0 00 00000000 0 0 0 000000000000000a e05296aa 4 40501400 1 05 40501400
000000000000000a 10710506000ff000 0 00 00000000 0 0 0 000000000000000b e05296aa f e05296aa 1 05 e05296aa
000000000000000b 00131e0000000300 1 1e 00000003 0 0 0 000000000000000c e05296aa f e05296aa 0 00 e05296aa
000000000000000c 0023171700000100 1 17 00000001 0 0 0 000000000000000d e05296aa f e05296aa 0 00 e05296aa
000000000000000d 00731e1e00000100 1 1e 00000002 0 0 0 000000000000000e e05296aa f e05296aa 0 00 e05296aa
000000000000000e 0013180000000000 1 18 00000000 0 0 0 000000000000000f e05296aa f e05296aa 0 00 e05296aa
000000000000000f 0102001e18000000 0 00 00000000 4 0 0 0000000000000010 e05296aa f e05296aa 0 00 e05296aa
0000000000000010 0215fffffb040000 0 00 00000000 4 0 1 000000000000000c e05296aa f e05296aa 0 00 e05296aa
000000000000000c 0023171700000100 1 17 00000002 4 0 0 000000000000000d e05296aa f e05296aa 0 00 e05296aa
000000000000000d 00731e1e00000100 1 1e 00000001 4 0 0 000000000000000e e05296aa f e05296aa 0 00 e05296aa
000000000000000e 0013180000000000 1 18 00000000 4 0 0 000000000000000f e05296aa f e05296aa 0 00 e05296aa
000000000000000f 0102001e18000000 0 00 00000000 4 0 0 0000000000000010 e05296aa f e05296aa 0 00 e05296aa
0000000000000010 0215fffffb040000 0 00 00000000 4 0 1 000000000000000c e05296aa f e05296aa 0 00 e05296aa
000000000000000c 0023171700000100 1 17 00000003 4 0 0 000000000000000d e05296aa f e05296aa 0 00 e05296aa
000000000000000d 00731e1e00000100 1 1e 00000000 4 0 0 000000000000000e e05296aa f e05296aa 0 00 e05296aa
000000000000000e 0013180000000000 1 18 00000000 4 0 0 000000000000000f e05296aa f e05296aa 0 00 e05296aa
000000000000000f 0102001e18000000 0 00 00000000 5 1 0 0000000000000010 e05296aa f e05296aa 0 00 e05296aa
0000000000000010 0215fffffb040000 0 00 00000000 5 1 0 0000000000000011 e05296aa f e05296aa 0 00 e05296aa
0000000000000011 7cf5000000000000 0 00 00000000 5 1 0 0000000000000012 e05296aa f e05296aa 0 00 e05296aa
DONE retired=28 fault=00 pc=0000000000000011
