0000000000000000 00131d0000000000 1 1d 00000000 0 0 0 0000000000000001
0000000000000001 8506000000000000 0 00 00000000 0 0 0 0000000000000002
0000000000000002 8506000000000000 0 00 00000000 0 0 0 0000000000000003
0000000000000003 0013100091fba600 1 10 ff91fba6 0 0 0 0000000000000004
0000000000000004 00130100819be200 1 01 ff819be2 0 0 0 0000000000000005
0000000000000005 0063120900001200 1 12 00000000 0 0 0 0000000000000006
0000000000000006 8506000000000000 0 00 00000000 0 0 0 0000000000000007
0000000000000007 0122001111000000 0 00 00000000 5 0 0 0000000000000008
0000000000000008 0215000003020000 0 00 00000000 5 0 1 000000000000000c
000000000000000c 003211120f000000 1 11 00000000 5 0 0 000000000000000d
000000000000000d 8506000000000000 0 00 00000000 5 0 0 000000000000000e
000000000000000e 00130d00e51c8f00 1 0d ffe51c8f 5 0 0 000000000000000f
000000000000000f 8506000000000000 0 00 00000000 5 0 0 0000000000000010
0000000000000010 8506000000000000 0 00 00000000 5 0 0 0000000000000011
0000000000000011 0306000000001300 1 13 00000000 5 0 0 0000000000000012
0000000000000012 8506000000000000 0 00 00000000 5 0 0 0000000000000013
0000000000000013 0102000c0e000000 0 00 00000000 5 1 0 0000000000000014
0000000000000014 0215000002020000 0 00 00000000 5 1 0 0000000000000015
0000000000000015 8506000000000000 0 00 00000000 5 1 0 0000000000000016
0000000000000016 8506000000000000 0 00 00000000 5 1 0 0000000000000017
0000000000000017 00730311ffa20000 1 03 00005e00 5 1 0 0000000000000018
0000000000000018 0072090d07000000 1 09 ffe51c8f 5 1 0 0000000000000019
0000000000000019 0122001406000000 0 00 00000000 5 0 0 000000000000001a
000000000000001a 0215000003040000 0 00 00000000 5 0 0 000000000000001b
000000000000001b 8506000000000000 0 00 00000000 5 0 0 000000000000001c
000000000000001c 8506000000000000 0 00 00000000 5 0 0 000000000000001d
000000000000001d 8506000000000000 0 00 00000000 5 0 0 000000000000001e
000000000000001e 0102000a0b000000 0 00 00000000 5 1 0 000000000000001f
000000000000001f 0215000002010000 0 00 00000000 5 1 1 0000000000000022
0000000000000022 012200070d000000 0 00 00000000 0 1 0 0000000000000023
0000000000000023 02150000020b0000 0 00 00000000 0 1 0 0000000000000024
0000000000000024 8506000000000000 0 00 00000000 0 1 0 0000000000000025
0000000000000025 8506000000000000 0 00 00000000 0 1 0 0000000000000026
0000000000000026 00a3040b00000300 1 04 00000000 0 1 0 0000000000000027
0000000000000027 0063110200000400 1 11 00000000 0 1 0 0000000000000028
0000000000000028 00131e0000000200 1 1e 00000002 0 1 0 0000000000000029
0000000000000029 0023151500000100 1 15 00000001 0 1 0 000000000000002a
000000000000002a 00731e1e00000100 1 1e 00000001 0 1 0 000000000000002b
000000000000002b 0102001e1d000000 0 00 00000000 4 0 0 000000000000002c
000000000000002c 0215fffffc040000 0 00 00000000 4 0 1 0000000000000029
0000000000000029 0023151500000100 1 15 00000002 4 0 0 000000000000002a
000000000000002a 00731e1e00000100 1 1e 00000000 4 0 0 000000000000002b
000000000000002b 0102001e1d000000 0 00 00000000 5 1 0 000000000000002c
000000000000002c 0215fffffc040000 0 00 00000000 5 1 0 000000000000002d
000000000000002d 7cf5000000000000 0 00 00000000 5 1 0 000000000000002e
DONE retired=45 fault=00 pc=000000000000002d
