0000000000000000 0013140000004d00 1 14 0000004d 0 0 0 0000000000000001 01010101 f 01010101 0 00 01010101
0000000000000001 343002000000f000 0 00 00000000 0 0 0 0000000000000002 01010101 f 01010101 1 02 01010101
0000000000000002 0013150000000100 1 15 00000001 0 0 0 0000000000000003 01010101 f 01010101 0 00 01010101
0000000000000003 342004150000d000 0 00 00000000 0 0 0 0000000000000004 01010101 d 00010000 1 04 00010000
0000000000000004 3411050048b5f000 0 00 00000000 0 0 0 0000000000000005 01010101 f 01010101 1 05 01010101
0000000000000005 0013150000000100 1 15 00000001 0 0 0 0000000000000006 01010101 f 01010101 0 00 01010101
0000000000000006 342004150000f000 0 00 00000000 0 0 0 0000000000000007 01010101 f 01010101 1 04 01010101
0000000000000007 0013160000000000 1 16 00000000 0 0 0 0000000000000008 01010101 f 01010101 0 00 01010101
0000000000000008 342004160000f000 0 00 00000000 0 0 0 0000000000000009 01010101 f 01010101 1 04 01010101
0000000000000009 108103040001f000 0 00 00000000 0 0 0 000000000000000a 01010101 f 01010101 1 03 01010101
000000000000000a 3430040000006000 0 00 00000000 0 0 0 000000000000000b 01010101 6 00000000 1 04 00000000
000000000000000b 34110500623df000 0 00 00000000 0 0 0 000000000000000c 01010101 f 01010101 1 05 01010101
000000000000000c 104003060300f000 0 00 00000000 0 0 0 000000000000000d 01010101 f 01010101 1 03 01010101
000000000000000d 105106048386f000 0 00 00000000 0 0 0 000000000000000e 01010101 f 01010101 1 06 01010101
000000000000000e 10710406000ff000 0 00 00000000 0 0 0 000000000000000f 01010101 f 01010101 1 04 01010101
000000000000000f 34110200ce4f3000 0 00 00000000 0 0 0 0000000000000010 01010101 3 01000101 1 02 01000101
0000000000000010 100006050300f000 0 00 00000000 0 0 0 0000000000000011 01010101 f 01010101 1 06 01010101
0000000000000011 10610305003ff000 0 00 00000000 0 0 0 0000000000000012 01010101 f 01010101 1 03 01010101
0000000000000012 103003020200f000 0 00 00000000 0 0 0 0000000000000013 01010101 f 01010101 1 03 01010101
0000000000000013 105002020600f000 0 00 00000000 0 0 0 0000000000000014 01010101 f 01010101 1 02 01010101
0000000000000014 341103008000d000 0 00 00000000 0 0 0 0000000000000015 01010101 d 00010000 1 03 00010000
0000000000000015 103102067ffff000 0 00 00000000 0 0 0 0000000000000016 01010101 f 01010101 1 02 01010101
0000000000000016 105004030200a000 0 00 00000000 0 0 0 0000000000000017 01010101 a 01010101 1 04 01010101
0000000000000017 106105040010f000 0 00 00000000 0 0 0 0000000000000018 01010101 f 01010101 1 05 01010101
0000000000000018 101003060600f000 0 00 00000000 0 0 0 0000000000000019 01010101 f 01010101 1 03 01010101
0000000000000019 106106050000f000 0 00 00000000 0 0 0 000000000000001a 01010101 f 01010101 1 06 01010101
000000000000001a 0013150000000000 1 15 00000000 0 0 0 000000000000001b 01010101 f 01010101 0 00 01010101
000000000000001b 3420051500001000 0 00 00000000 0 0 0 000000000000001c 01010101 1 01000100 1 05 01000100
000000000000001c 00131e0000000300 1 1e 00000003 0 0 0 000000000000001d 01010101 f 01010101 0 00 01010101
000000000000001d 0023171700000100 1 17 00000001 0 0 0 000000000000001e 01010101 f 01010101 0 00 01010101
000000000000001e 00731e1e00000100 1 1e 00000002 0 0 0 000000000000001f 01010101 f 01010101 0 00 01010101
000000000000001f 0013180000000000 1 18 00000000 0 0 0 0000000000000020 01010101 f 01010101 0 00 01010101
0000000000000020 0102001e18000000 0 00 00000000 4 0 0 0000000000000021 01010101 f 01010101 0 00 01010101
0000000000000021 0215fffffb040000 0 00 00000000 4 0 1 000000000000001d 01010101 f 01010101 0 00 01010101
000000000000001d 0023171700000100 1 17 00000002 4 0 0 000000000000001e 01010101 f 01010101 0 00 01010101
000000000000001e 00731e1e00000100 1 1e 00000001 4 0 0 000000000000001f 01010101 f 01010101 0 00 01010101
000000000000001f 0013180000000000 1 18 00000000 4 0 0 0000000000000020 01010101 f 01010101 0 00 01010101
0000000000000020 0102001e18000000 0 00 00000000 4 0 0 0000000000000021 01010101 f 01010101 0 00 01010101
0000000000000021 0215fffffb040000 0 00 00000000 4 0 1 000000000000001d 01010101 f 01010101 0 00 01010101
000000000000001d 0023171700000100 1 17 00000003 4 0 0 000000000000001e 01010101 f 01010101 0 00 01010101
000000000000001e 00731e1e00000100 1 1e 00000000 4 0 0 000000000000001f 01010101 f 01010101 0 00 01010101
000000000000001f 0013180000000000 1 18 00000000 4 0 0 0000000000000020 01010101 f 01010101 0 00 01010101
0000000000000020 0102001e18000000 0 00 00000000 5 1 0 0000000000000021 01010101 f 01010101 0 00 01010101
0000000000000021 0215fffffb040000 0 00 00000000 5 1 0 0000000000000022 01010101 f 01010101 0 00 01010101
0000000000000022 7cf5000000000000 0 00 00000000 5 1 0 0000000000000023 01010101 f 01010101 0 00 01010101
DONE retired=45 fault=00 pc=0000000000000022
