0000000000000000 00131d0000000000 1 1d 00000000 0 0 0 0000000000000001
0000000000000001 0013020055555500 1 02 00555555 0 0 0 0000000000000002
0000000000000002 0112000804000000 0 00 00000000 5 0 0 0000000000000003
0000000000000003 02150000030e0000 0 00 00000000 5 0 1 0000000000000007
0000000000000007 00230d09d474c000 1 0d ffd474c0 5 0 0 0000000000000008
0000000000000008 8506000000000000 0 00 00000000 5 0 0 0000000000000009
0000000000000009 8506000000000000 0 00 00000000 5 0 0 000000000000000a
000000000000000a 00920e1000000000 1 0e ffffffff 5 0 0 000000000000000b
000000000000000b 00a30c0f00001c00 1 0c 00000000 5 0 0 000000000000000c
000000000000000c 0023031000000100 1 03 00000001 5 0 0 000000000000000d
000000000000000d 0092010a00000000 1 01 ffffffff 5 0 0 000000000000000e
000000000000000e 0063040400000400 1 04 00000000 5 0 0 000000000000000f
000000000000000f 00b3120a00000e00 1 12 00000000 5 0 0 0000000000000010
0000000000000010 00131100ffffff00 1 11 ffffffff 5 0 0 0000000000000011
0000000000000011 00130b0000000000 1 0b 00000000 5 0 0 0000000000000012
0000000000000012 0306000000000900 1 09 00000000 5 0 0 0000000000000013
0000000000000013 00131000ffffff00 1 10 ffffffff 5 0 0 0000000000000014
0000000000000014 8506000000000000 0 00 00000000 5 0 0 0000000000000015
0000000000000015 00130200a4e30000 1 02 ffa4e300 5 0 0 0000000000000016
0000000000000016 0063100200001e00 1 10 00000000 5 0 0 0000000000000017
0000000000000017 8506000000000000 0 00 00000000 5 0 0 0000000000000018
0000000000000018 00131e0000000400 1 1e 00000004 5 0 0 0000000000000019
0000000000000019 0023151500000100 1 15 00000001 5 0 0 000000000000001a
000000000000001a 00731e1e00000100 1 1e 00000003 5 0 0 000000000000001b
000000000000001b 0102001e1d000000 0 00 00000000 4 0 0 000000000000001c
000000000000001c 0215fffffc040000 0 00 00000000 4 0 1 0000000000000019
0000000000000019 0023151500000100 1 15 00000002 4 0 0 000000000000001a
000000000000001a 00731e1e00000100 1 1e 00000002 4 0 0 000000000000001b
000000000000001b 0102001e1d000000 0 00 00000000 4 0 0 000000000000001c
000000000000001c 0215fffffc040000 0 00 00000000 4 0 1 0000000000000019
0000000000000019 0023151500000100 1 15 00000003 4 0 0 000000000000001a
000000000000001a 00731e1e00000100 1 1e 00000001 4 0 0 000000000000001b
000000000000001b 0102001e1d000000 0 00 00000000 4 0 0 000000000000001c
000000000000001c 0215fffffc040000 0 00 00000000 4 0 1 0000000000000019
0000000000000019 0023151500000100 1 15 00000004 4 0 0 000000000000001a
000000000000001a 00731e1e00000100 1 1e 00000000 4 0 0 000000000000001b
000000000000001b 0102001e1d000000 0 00 00000000 5 1 0 000000000000001c
000000000000001c 0215fffffc040000 0 00 00000000 5 1 0 000000000000001d
000000000000001d 7cf5000000000000 0 00 00000000 5 1 0 000000000000001e
DONE retired=39 fault=00 pc=000000000000001d
