0000000000000000 00131d0000000000 1 1d 00000000 0 0 0 0000000000000001
0000000000000001 0013110053825f00 1 11 0053825f 0 0 0 0000000000000002
0000000000000002 00130e004a1ede00 1 0e 004a1ede 0 0 0 0000000000000003
0000000000000003 00130d0000000100 1 0d 00000001 0 0 0 0000000000000004
0000000000000004 001308007f074800 1 08 007f0748 0 0 0 0000000000000005
0000000000000005 001302006bf8f400 1 02 006bf8f4 0 0 0 0000000000000006
0000000000000006 00230c127a0f1c00 1 0c 007a0f1c 0 0 0 0000000000000007
0000000000000007 00a2060903000000 1 06 00000000 0 0 0 0000000000000008
0000000000000008 00820e130e000000 1 0e 004a1ede 0 0 0 0000000000000009
0000000000000009 001301003df60500 1 01 003df605 0 0 0 000000000000000a
000000000000000a 00130400ffffff00 1 04 ffffffff 0 0 0 000000000000000b
000000000000000b 0052071213000000 1 07 00000000 0 0 0 000000000000000c
000000000000000c 00130600ff271400 1 06 ffff2714 0 0 0 000000000000000d
000000000000000d 8506000000000000 0 00 00000000 0 0 0 000000000000000e
000000000000000e 8506000000000000 0 00 00000000 0 0 0 000000000000000f
000000000000000f 0062070305000000 1 07 00000000 0 0 0 0000000000000010
0000000000000010 0102000c09000000 0 00 00000000 4 0 0 0000000000000011
0000000000000011 02150000010d0000 0 00 00000000 4 0 0 0000000000000012
0000000000000012 8506000000000000 0 00 00000000 4 0 0 0000000000000013
0000000000000013 0013050001b9b800 1 05 0001b9b8 4 0 0 0000000000000014
0000000000000014 0102000a0f000000 0 00 00000000 5 1 0 0000000000000015
0000000000000015 0215000003030000 0 00 00000000 5 1 1 0000000000000019
0000000000000019 001305007bb9e400 1 05 007bb9e4 5 1 0 000000000000001a
000000000000001a 0072070c09000000 1 07 007a0f1c 5 1 0 000000000000001b
000000000000001b 8506000000000000 0 00 00000000 5 1 0 000000000000001c
000000000000001c 0306000000000700 1 07 00000000 5 1 0 000000000000001d
000000000000001d 00220c0c0a000000 1 0c 007a0f1c 5 1 0 000000000000001e
000000000000001e 00131e0000000200 1 1e 00000002 5 1 0 000000000000001f
000000000000001f 0023151500000100 1 15 00000001 5 1 0 0000000000000020
0000000000000020 00731e1e00000100 1 1e 00000001 5 1 0 0000000000000021
0000000000000021 0102001e1d000000 0 00 00000000 4 0 0 0000000000000022
0000000000000022 0215fffffc040000 0 00 00000000 4 0 1 000000000000001f
000000000000001f 0023151500000100 1 15 00000002 4 0 0 0000000000000020
0000000000000020 00731e1e00000100 1 1e 00000000 4 0 0 0000000000000021
0000000000000021 0102001e1d000000 0 00 00000000 5 1 0 0000000000000022
0000000000000022 0215fffffc040000 0 00 00000000 5 1 0 0000000000000023
0000000000000023 7cf5000000000000 0 00 00000000 5 1 0 0000000000000024
DONE retired=37 fault=00 pc=0000000000000023
