0000000000000000 343001000000f000 0 00 00000000 0 0 0 0 0 0 0000000000000001 ffffffff f ffffffff 1 01
0000000000000001 341107000001f000 0 00 00000000 0 0 0 0 0 0 0000000000000002 ffffffff f ffffffff 1 07
0000000000000002 34110c000003f000 0 00 00000000 0 0 0 0 0 0 0000000000000003 ffffffff f ffffffff 1 0c
0000000000000003 30391030c0000000 0 00 00000000 0 0 0 0 0 0 0000000000000004 ffffffff f ffffffff 0 00
0000000000000004 7c15000021100033 0 00 00000000 0 0 0 0 0 0 0000000000000005 ffffffff f ffffffff 0 00
0000000000000005 0023060600000300 1 06 00000003 0 0 0 0 0 0 0000000000000006 ffffffff f ffffffff 0 00
0000000000000006 30595030c0000000 0 00 00000000 0 0 0 0 0 0 0000000000000007 ffffffff f ffffffff 0 00
0000000000000007 7c1500001250001c 0 00 00000000 0 0 0 0 0 0 000000000000001a ffffffff f ffffffff 0 00
000000000000001a 34110d000000f000 0 00 00000000 0 0 0 0 0 0 000000000000001b ffffffff f ffffffff 1 0d
000000000000001b 10300c010d00f000 0 00 00000000 0 0 0 0 0 0 000000000000001c ffffffff f ffffffff 1 0c
000000000000001c 10000c0c0700f000 0 00 00000000 0 0 0 0 0 0 000000000000001d ffffffff f ffffffff 1 0c
000000000000001d 34110a000000f000 0 00 00000000 0 0 0 0 0 0 000000000000001e ffffffff f ffffffff 1 0a
000000000000001e 7c85000004000000 0 00 00000000 0 0 0 0 0 0 000000000000001f ffffffff f ffffffff 0 00
000000000000001f 3059e0a0c0000000 0 00 00000000 0 0 0 0 0 0 0000000000000020 ffffffff f ffffffff 0 00
0000000000000020 3029d0a0c0000000 0 00 00000000 0 0 0 0 0 0 0000000000000021 ffffffff f ffffffff 0 00
0000000000000021 341104000002f000 0 00 00000000 0 0 0 0 0 0 0000000000000022 ffffffff f ffffffff 1 04
0000000000000022 10000a0a0700f000 0 00 00000000 0 0 0 0 0 0 0000000000000023 ffffffff f ffffffff 1 0a
0000000000000023 7c95fffffbd00000 0 00 00000000 0 0 0 0 0 0 000000000000001f ffffffff f ffffffff 0 00
000000000000001f 3059e0a0c0000000 0 00 00000000 0 0 0 0 0 0 0000000000000020 ffffffff f ffffffff 0 00
0000000000000020 3029d0a0c0000000 0 00 00000000 0 0 0 0 0 0 0000000000000021 ffffffff f ffffffff 0 00
0000000000000021 341104000002f000 0 00 00000000 0 0 0 0 0 0 0000000000000022 ffffffff f ffffffff 1 04
0000000000000022 10000a0a0700f000 0 00 00000000 0 0 0 0 0 0 0000000000000023 ffffffff f ffffffff 1 0a
0000000000000023 7c95fffffbd00000 0 00 00000000 0 0 0 0 0 0 0000000000000024 ffffffff f ffffffff 0 00
0000000000000024 7c25000000000000 0 00 00000000 0 0 0 0 0 0 0000000000000025 ffffffff f ffffffff 0 00
0000000000000025 0205000012000000 0 00 00000000 0 0 0 0 0 1 0000000000000038 ffffffff f ffffffff 0 00
0000000000000038 7c25000000000000 0 00 00000000 0 0 0 0 0 0 0000000000000039 ffffffff f ffffffff 0 00
0000000000000039 0023060600000400 1 06 00000007 0 0 0 0 0 0 000000000000003a ffffffff f ffffffff 0 00
000000000000003a 104005040c00f000 0 00 00000000 0 0 0 0 0 0 000000000000003b ffffffff f ffffffff 1 05
000000000000003b 7cf5000000000000 0 00 00000000 0 0 0 0 0 0 000000000000003c ffffffff f ffffffff 0 00
