0000000000000000 0013140000004d00 1 14 0000004d 0 0 0 0000000000000001 ffffffff f ffffffff 0 00 ffffffff
0000000000000001 101102060000f000 0 00 00000000 0 0 0 0000000000000002 ffffffff f ffffffff 1 02 ffffffff
0000000000000002 340005020000f000 0 00 00000000 0 0 0 0000000000000003 ffffffff f ffffffff 1 05 ffffffff
0000000000000003 10610606000ff000 0 00 00000000 0 0 0 0000000000000004 ffffffff f ffffffff 1 06 ffffffff
0000000000000004 343005000000f000 0 00 00000000 0 0 0 0000000000000005 ffffffff f ffffffff 1 05 ffffffff
0000000000000005 105002030600f000 0 00 00000000 0 0 0 0000000000000006 ffffffff f ffffffff 1 02 ffffffff
0000000000000006 106103060010f000 0 00 00000000 0 0 0 0000000000000007 ffffffff f ffffffff 1 03 ffffffff
0000000000000007 107105020000f000 0 00 00000000 0 0 0 0000000000000008 ffffffff f ffffffff 1 05 ffffffff
0000000000000008 00131500ffffff00 1 15 ffffffff 0 0 0 0000000000000009 ffffffff f ffffffff 0 00 ffffffff
0000000000000009 342006150000f000 0 00 00000000 0 0 0 000000000000000a ffffffff f ffffffff 1 06 ffffffff
000000000000000a 10710402003ff000 0 00 00000000 0 0 0 000000000000000b ffffffff f ffffffff 1 04 ffffffff
000000000000000b 10710603000ff000 0 00 00000000 0 0 0 000000000000000c ffffffff f ffffffff 1 06 ffffffff
000000000000000c 102006050300f000 0 00 00000000 0 0 0 000000000000000d ffffffff f ffffffff 1 06 ffffffff
000000000000000d 0013150000000000 1 15 00000000 0 0 0 000000000000000e ffffffff f ffffffff 0 00 ffffffff
000000000000000e 3420041500007000 0 00 00000000 0 0 0 000000000000000f ffffffff 7 00000001 1 04 00000001
000000000000000f 103002050600f000 0 00 00000000 0 0 0 0000000000000010 ffffffff f ffffffff 1 02 ffffffff
0000000000000010 3411020039c3f000 0 00 00000000 0 0 0 0000000000000011 ffffffff f ffffffff 1 02 ffffffff
0000000000000011 101003050200f000 0 00 00000000 0 0 0 0000000000000012 ffffffff f ffffffff 1 03 ffffffff
0000000000000012 103002020200f000 0 00 00000000 0 0 0 0000000000000013 ffffffff f ffffffff 1 02 ffffffff
0000000000000013 1030030303001000 0 00 00000000 0 0 0 0000000000000014 ffffffff 1 7fffffff 1 03 7fffffff
0000000000000014 103102030001f000 0 00 00000000 0 0 0 0000000000000015 ffffffff f ffffffff 1 02 ffffffff
0000000000000015 00131e0000000200 1 1e 00000002 0 0 0 0000000000000016 ffffffff f ffffffff 0 00 ffffffff
0000000000000016 0023171700000100 1 17 00000001 0 0 0 0000000000000017 ffffffff f ffffffff 0 00 ffffffff
0000000000000017 00731e1e00000100 1 1e 00000001 0 0 0 0000000000000018 ffffffff f ffffffff 0 00 ffffffff
0000000000000018 0013180000000000 1 18 00000000 0 0 0 0000000000000019 ffffffff f ffffffff 0 00 ffffffff
0000000000000019 0102001e18000000 0 00 00000000 4 0 0 000000000000001a ffffffff f ffffffff 0 00 ffffffff
000000000000001a 0215fffffb040000 0 00 00000000 4 0 1 0000000000000016 ffffffff f ffffffff 0 00 ffffffff
0000000000000016 0023171700000100 1 17 00000002 4 0 0 0000000000000017 ffffffff f ffffffff 0 00 ffffffff
0000000000000017 00731e1e00000100 1 1e 00000000 4 0 0 0000000000000018 ffffffff f ffffffff 0 00 ffffffff
0000000000000018 0013180000000000 1 18 00000000 4 0 0 0000000000000019 ffffffff f ffffffff 0 00 ffffffff
0000000000000019 0102001e18000000 0 00 00000000 5 1 0 000000000000001a ffffffff f ffffffff 0 00 ffffffff
000000000000001a 0215fffffb040000 0 00 00000000 5 1 0 000000000000001b ffffffff f ffffffff 0 00 ffffffff
000000000000001b 7cf5000000000000 0 00 00000000 5 1 0 000000000000001c ffffffff f ffffffff 0 00 ffffffff
DONE retired=33 fault=00 pc=000000000000001b
