0000000000000000 00131d0000000000 1 1d 00000000 0 0 0 0000000000000001
0000000000000001 8506000000000000 0 00 00000000 0 0 0 0000000000000002
0000000000000002 0102000e06000000 0 00 00000000 5 1 0 0000000000000003
0000000000000003 0215000002010000 0 00 00000000 5 1 1 0000000000000006
0000000000000006 0112000801000000 0 00 00000000 5 0 0 0000000000000007
0000000000000007 02150000010c0000 0 00 00000000 5 0 1 0000000000000009
0000000000000009 0306000000001400 1 14 00000000 5 0 0 000000000000000a
000000000000000a 0042140f0e000000 1 14 00000000 5 0 0 000000000000000b
000000000000000b 0306000000001200 1 12 00000000 5 0 0 000000000000000c
000000000000000c 00520a0313000000 1 0a 00000000 5 0 0 000000000000000d
000000000000000d 8506000000000000 0 00 00000000 5 0 0 000000000000000e
000000000000000e 0122000f12000000 0 00 00000000 5 0 0 000000000000000f
000000000000000f 02150000020c0000 0 00 00000000 5 0 1 0000000000000012
0000000000000012 008204060b000000 1 04 00000000 5 0 0 0000000000000013
0000000000000013 00131e0000000100 1 1e 00000001 5 0 0 0000000000000014
0000000000000014 0023151500000100 1 15 00000001 5 0 0 0000000000000015
0000000000000015 00731e1e00000100 1 1e 00000000 5 0 0 0000000000000016
0000000000000016 0102001e1d000000 0 00 00000000 5 1 0 0000000000000017
0000000000000017 0215fffffc040000 0 00 00000000 5 1 0 0000000000000018
0000000000000018 7cf5000000000000 0 00 00000000 5 1 0 0000000000000019
DONE retired=20 fault=00 pc=0000000000000018
