0000000000000000 00131d0000000000 1 1d 00000000 0 0 0 0000000000000001
0000000000000001 0072070614000000 1 07 00000000 0 0 0 0000000000000002
0000000000000002 8506000000000000 0 00 00000000 0 0 0 0000000000000003
0000000000000003 8506000000000000 0 00 00000000 0 0 0 0000000000000004
0000000000000004 0122000813000000 0 00 00000000 5 0 0 0000000000000005
0000000000000005 0215000003020000 0 00 00000000 5 0 1 0000000000000009
0000000000000009 8506000000000000 0 00 00000000 5 0 0 000000000000000a
000000000000000a 0062120105000000 1 12 00000000 5 0 0 000000000000000b
000000000000000b 00730203f478be00 1 02 000b8742 5 0 0 000000000000000c
000000000000000c 00131000d2892100 1 10 ffd28921 5 0 0 000000000000000d
000000000000000d 0082141405000000 1 14 00000000 5 0 0 000000000000000e
000000000000000e 8506000000000000 0 00 00000000 5 0 0 000000000000000f
000000000000000f 0063111100000700 1 11 00000000 5 0 0 0000000000000010
0000000000000010 8506000000000000 0 00 00000000 5 0 0 0000000000000011
0000000000000011 00220b1408000000 1 0b 00000000 5 0 0 0000000000000012
0000000000000012 00a2070e07000000 1 07 00000000 5 0 0 0000000000000013
0000000000000013 8506000000000000 0 00 00000000 5 0 0 0000000000000014
0000000000000014 8506000000000000 0 00 00000000 5 0 0 0000000000000015
0000000000000015 00130a009b4f4300 1 0a ff9b4f43 5 0 0 0000000000000016
0000000000000016 0062081308000000 1 08 00000000 5 0 0 0000000000000017
0000000000000017 00130c00f4396a00 1 0c fff4396a 5 0 0 0000000000000018
0000000000000018 00b2111206000000 1 11 00000000 5 0 0 0000000000000019
0000000000000019 0023091104cfa800 1 09 0004cfa8 5 0 0 000000000000001a
000000000000001a 011200120e000000 0 00 00000000 5 0 0 000000000000001b
000000000000001b 0215000002030000 0 00 00000000 5 0 1 000000000000001e
000000000000001e 0306000000001200 1 12 00000000 5 0 0 000000000000001f
000000000000001f 0092030600000000 1 03 ffffffff 5 0 0 0000000000000020
0000000000000020 00131e0000000300 1 1e 00000003 5 0 0 0000000000000021
0000000000000021 0023151500000100 1 15 00000001 5 0 0 0000000000000022
0000000000000022 00731e1e00000100 1 1e 00000002 5 0 0 0000000000000023
0000000000000023 0102001e1d000000 0 00 00000000 4 0 0 0000000000000024
0000000000000024 0215fffffc040000 0 00 00000000 4 0 1 0000000000000021
0000000000000021 0023151500000100 1 15 00000002 4 0 0 0000000000000022
0000000000000022 00731e1e00000100 1 1e 00000001 4 0 0 0000000000000023
0000000000000023 0102001e1d000000 0 00 00000000 4 0 0 0000000000000024
0000000000000024 0215fffffc040000 0 00 00000000 4 0 1 0000000000000021
0000000000000021 0023151500000100 1 15 00000003 4 0 0 0000000000000022
0000000000000022 00731e1e00000100 1 1e 00000000 4 0 0 0000000000000023
0000000000000023 0102001e1d000000 0 00 00000000 5 1 0 0000000000000024
0000000000000024 0215fffffc040000 0 00 00000000 5 1 0 0000000000000025
0000000000000025 7cf5000000000000 0 00 00000000 5 1 0 0000000000000026
DONE retired=41 fault=00 pc=0000000000000025
