0000000000000000 0013140000004d00 1 14 0000004d 0 0 0 0000000000000001 f3104e05 f f3104e05 0 00 f3104e05
0000000000000001 340003040000a000 0 00 00000000 0 0 0 0000000000000002 f3104e05 a f3104e05 1 03 f3104e05
0000000000000002 106102030010f000 0 00 00000000 0 0 0 0000000000000003 f3104e05 f f3104e05 1 02 f3104e05
0000000000000003 102003050400f000 0 00 00000000 0 0 0 0000000000000004 f3104e05 f f3104e05 1 03 f3104e05
0000000000000004 10710404001ff000 0 00 00000000 0 0 0 0000000000000005 f3104e05 f f3104e05 1 04 f3104e05
0000000000000005 343003000000f000 0 00 00000000 0 0 0 0000000000000006 f3104e05 f f3104e05 1 03 f3104e05
0000000000000006 341105008000f000 0 00 00000000 0 0 0 0000000000000007 f3104e05 f f3104e05 1 05 f3104e05
0000000000000007 10710503000ff000 0 00 00000000 0 0 0 0000000000000008 f3104e05 f f3104e05 1 05 f3104e05
0000000000000008 100104030000f000 0 00 00000000 0 0 0 0000000000000009 f3104e05 f f3104e05 1 04 f3104e05
0000000000000009 341106000000f000 0 00 00000000 0 0 0 000000000000000a f3104e05 f f3104e05 1 06 f3104e05
000000000000000a 100005060500f000 0 00 00000000 0 0 0 000000000000000b f3104e05 f f3104e05 1 05 f3104e05
000000000000000b 100103028000f000 0 00 00000000 0 0 0 000000000000000c f3104e05 f f3104e05 1 03 f3104e05
000000000000000c 1020030602001000 0 00 00000000 0 0 0 000000000000000d f3104e05 1 c1000c01 1 03 c1000c01
000000000000000d 105005020400f000 0 00 00000000 0 0 0 000000000000000e f3104e05 f f3104e05 1 05 f3104e05
000000000000000e 10610603000ff000 0 00 00000000 0 0 0 000000000000000f f3104e05 f f3104e05 1 06 f3104e05
000000000000000f 103006060200c000 0 00 00000000 0 0 0 0000000000000010 f3104e05 c 00000001 1 06 00000001
0000000000000010 100004060300f000 0 00 00000000 0 0 0 0000000000000011 f3104e05 f f3104e05 1 04 f3104e05
0000000000000011 341102009778f000 0 00 00000000 0 0 0 0000000000000012 f3104e05 f f3104e05 1 02 f3104e05
0000000000000012 105005050300f000 0 00 00000000 0 0 0 0000000000000013 f3104e05 f f3104e05 1 05 f3104e05
0000000000000013 340003060000f000 0 00 00000000 0 0 0 0000000000000014 f3104e05 f f3104e05 1 03 f3104e05
0000000000000014 105002030400f000 0 00 00000000 0 0 0 0000000000000015 f3104e05 f f3104e05 1 02 f3104e05
0000000000000015 1040030406007000 0 00 00000000 0 0 0 0000000000000016 f3104e05 7 43100c04 1 03 43100c04
0000000000000016 101105048000f000 0 00 00000000 0 0 0 0000000000000017 f3104e05 f f3104e05 1 05 f3104e05
0000000000000017 00131e0000000300 1 1e 00000003 0 0 0 0000000000000018 f3104e05 f f3104e05 0 00 f3104e05
0000000000000018 0023171700000100 1 17 00000001 0 0 0 0000000000000019 f3104e05 f f3104e05 0 00 f3104e05
0000000000000019 00731e1e00000100 1 1e 00000002 0 0 0 000000000000001a f3104e05 f f3104e05 0 00 f3104e05
000000000000001a 0013180000000000 1 18 00000000 0 0 0 000000000000001b f3104e05 f f3104e05 0 00 f3104e05
000000000000001b 0102001e18000000 0 00 00000000 4 0 0 000000000000001c f3104e05 f f3104e05 0 00 f3104e05
000000000000001c 0215fffffb040000 0 00 00000000 4 0 1 0000000000000018 f3104e05 f f3104e05 0 00 f3104e05
0000000000000018 0023171700000100 1 17 00000002 4 0 0 0000000000000019 f3104e05 f f3104e05 0 00 f3104e05
0000000000000019 00731e1e00000100 1 1e 00000001 4 0 0 000000000000001a f3104e05 f f3104e05 0 00 f3104e05
000000000000001a 0013180000000000 1 18 00000000 4 0 0 000000000000001b f3104e05 f f3104e05 0 00 f3104e05
000000000000001b 0102001e18000000 0 00 00000000 4 0 0 000000000000001c f3104e05 f f3104e05 0 00 f3104e05
000000000000001c 0215fffffb040000 0 00 00000000 4 0 1 0000000000000018 f3104e05 f f3104e05 0 00 f3104e05
0000000000000018 0023171700000100 1 17 00000003 4 0 0 0000000000000019 f3104e05 f f3104e05 0 00 f3104e05
0000000000000019 00731e1e00000100 1 1e 00000000 4 0 0 000000000000001a f3104e05 f f3104e05 0 00 f3104e05
000000000000001a 0013180000000000 1 18 00000000 4 0 0 000000000000001b f3104e05 f f3104e05 0 00 f3104e05
000000000000001b 0102001e18000000 0 00 00000000 5 1 0 000000000000001c f3104e05 f f3104e05 0 00 f3104e05
000000000000001c 0215fffffb040000 0 00 00000000 5 1 0 000000000000001d f3104e05 f f3104e05 0 00 f3104e05
000000000000001d 7cf5000000000000 0 00 00000000 5 1 0 000000000000001e f3104e05 f f3104e05 0 00 f3104e05
DONE retired=40 fault=00 pc=000000000000001d
