0000000000000000 343001000000f000 0 00 00000000 0 0 0 0 0 0 0000000000000001 ffffffff f ffffffff 1 01
0000000000000001 341107000001f000 0 00 00000000 0 0 0 0 0 0 0000000000000002 ffffffff f ffffffff 1 07
0000000000000002 34110c000003f000 0 00 00000000 0 0 0 0 0 0 0000000000000003 ffffffff f ffffffff 1 0c
0000000000000003 0023060600000100 1 06 00000001 0 0 0 0 0 0 0000000000000004 ffffffff f ffffffff 0 00
0000000000000004 3019d0a0c0000000 0 00 00000000 0 0 0 0 0 0 0000000000000005 ffffffff f ffffffff 0 00
0000000000000005 7c1500002bd00039 0 00 00000000 0 0 0 0 0 0 0000000000000006 ffffffff f ffffffff 0 00
0000000000000006 34110d000000f000 0 00 00000000 0 0 0 0 0 0 0000000000000007 ffffffff f ffffffff 1 0d
0000000000000007 10300c010d00f000 0 00 00000000 0 0 0 0 0 0 0000000000000008 ffffffff f ffffffff 1 0c
0000000000000008 10000c0c0700f000 0 00 00000000 0 0 0 0 0 0 0000000000000009 ffffffff f ffffffff 1 0c
0000000000000009 34110a000000f000 0 00 00000000 0 0 0 0 0 0 000000000000000a ffffffff f ffffffff 1 0a
000000000000000a 7c85000008000000 0 00 00000000 0 0 0 0 0 0 000000000000000b ffffffff f ffffffff 0 00
000000000000000b 3059e0a0c0000000 0 00 00000000 0 0 0 0 0 0 000000000000000c ffffffff f ffffffff 0 00
000000000000000c 3029d0a0c0000000 0 00 00000000 0 0 0 0 0 0 000000000000000d ffffffff f ffffffff 0 00
000000000000000d 303990b070000000 0 00 00000000 0 0 0 0 0 0 000000000000000e ffffffff f ffffffff 0 00
000000000000000e 7c15000000900001 0 00 00000000 0 0 0 0 0 0 000000000000000f ffffffff f ffffffff 0 00
000000000000000f 0023060600000100 1 06 00000002 0 0 0 0 0 0 0000000000000010 ffffffff f ffffffff 0 00
0000000000000010 7c25000000000000 0 00 00000000 0 0 0 0 0 0 0000000000000011 ffffffff f ffffffff 0 00
0000000000000011 7cb5000000e00000 0 00 00000000 0 0 0 0 0 0 0000000000000012 ffffffff f ffffffff 0 00
0000000000000012 10000a0a0700f000 0 00 00000000 0 0 0 0 0 0 0000000000000013 ffffffff f ffffffff 1 0a
0000000000000013 7c95fffff7d00000 0 00 00000000 0 0 0 0 0 0 000000000000000b ffffffff f ffffffff 0 00
000000000000000b 3059e0a0c0000000 0 00 00000000 0 0 0 0 0 0 000000000000000c ffffffff f ffffffff 0 00
000000000000000c 3029d0a0c0000000 0 00 00000000 0 0 0 0 0 0 000000000000000d ffffffff f ffffffff 0 00
000000000000000d 303990b070000000 0 00 00000000 0 0 0 0 0 0 000000000000000e ffffffff f ffffffff 0 00
000000000000000e 7c15000000900001 0 00 00000000 0 0 0 0 0 0 000000000000000f ffffffff f ffffffff 0 00
000000000000000f 0023060600000100 1 06 00000003 0 0 0 0 0 0 0000000000000010 ffffffff f ffffffff 0 00
0000000000000010 7c25000000000000 0 00 00000000 0 0 0 0 0 0 0000000000000011 ffffffff f ffffffff 0 00
0000000000000013 7cb5000000e00000 0 00 00000000 0 0 0 0 0 0 0000000000000012 00000000 f 00000000 0 00
0000000000000013 7c95fffff7d00000 0 00 00000000 0 0 0 0 0 0 0000000000000014 ffffffff f ffffffff 0 00
0000000000000014 3059701070000000 0 00 00000000 0 0 0 0 0 0 0000000000000015 ffffffff f ffffffff 0 00
0000000000000015 7c1500000b700019 0 00 00000000 0 0 0 0 0 0 0000000000000016 fffffffe f fffffffe 0 00
0000000000000016 34110d000001f000 0 00 00000000 0 0 0 0 0 0 0000000000000017 fffffffe f fffffffe 1 0d
0000000000000017 10300c010d00f000 0 00 00000000 0 0 0 0 0 0 0000000000000018 fffffffe f fffffffe 1 0c
0000000000000018 10000c0c0700f000 0 00 00000000 0 0 0 0 0 0 0000000000000019 fffffffe f fffffffe 1 0c
0000000000000019 34110a000000f000 0 00 00000000 0 0 0 0 0 0 000000000000001a fffffffe f fffffffe 1 0a
000000000000001a 7c85000004000000 0 00 00000000 0 0 0 0 0 0 000000000000001b fffffffe f fffffffe 0 00
000000000000001b 3059e0a0c0000000 0 00 00000000 0 0 0 0 0 0 000000000000001c fffffffe f fffffffe 0 00
000000000000001c 3029d0a0c0000000 0 00 00000000 0 0 0 0 0 0 000000000000001d fffffffe f fffffffe 0 00
000000000000001d 105003040c00f000 0 00 00000000 0 0 0 0 0 0 000000000000001e fffffffe f fffffffe 1 03
000000000000001e 10000a0a0700f000 0 00 00000000 0 0 0 0 0 0 000000000000001f fffffffe f fffffffe 1 0a
000000000000001f 7c95fffffbd00000 0 00 00000000 0 0 0 0 0 0 000000000000001b fffffffe f fffffffe 0 00
000000000000001b 3059e0a0c0000000 0 00 00000000 0 0 0 0 0 0 000000000000001c fffffffe f fffffffe 0 00
000000000000001c 3029d0a0c0000000 0 00 00000000 0 0 0 0 0 0 000000000000001d fffffffe f fffffffe 0 00
000000000000001d 105003040c00f000 0 00 00000000 0 0 0 0 0 0 000000000000001e fffffffe f fffffffe 1 03
000000000000001e 10000a0a0700f000 0 00 00000000 0 0 0 0 0 0 000000000000001f fffffffe f fffffffe 1 0a
000000000000001f 7c95fffffbd00000 0 00 00000000 0 0 0 0 0 0 000000000000001b aaaaaaaa f aaaaaaaa 0 00
000000000000001b 3059e0a0c0000000 0 00 00000000 0 0 0 0 0 0 000000000000001c aaaaaaaa f aaaaaaaa 0 00
000000000000001c 3029d0a0c0000000 0 00 00000000 0 0 0 0 0 0 000000000000001d aaaaaaaa f aaaaaaaa 0 00
000000000000001d 105003040c00f000 0 00 00000000 0 0 0 0 0 0 000000000000001e aaaaaaaa f aaaaaaaa 1 03
000000000000001e 10000a0a0700f000 0 00 00000000 0 0 0 0 0 0 000000000000001f aaaaaaaa f aaaaaaaa 1 0a
000000000000001f 7c95fffffbd00000 0 00 00000000 0 0 0 0 0 0 0000000000000020 fffffffe f fffffffe 0 00
0000000000000020 020500000e000000 0 00 00000000 0 0 0 0 0 1 000000000000002f fffffffe f fffffffe 0 00
000000000000002f 7c25000000000000 0 00 00000000 0 0 0 0 0 0 0000000000000021 00000001 f 00000001 0 00
0000000000000021 34110d000000f000 0 00 00000000 0 0 0 0 0 0 0000000000000022 00000001 f 00000001 1 0d
0000000000000022 10300c010d00f000 0 00 00000000 0 0 0 0 0 0 0000000000000023 00000001 f 00000001 1 0c
0000000000000023 10000c0c0700f000 0 00 00000000 0 0 0 0 0 0 0000000000000024 00000001 f 00000001 1 0c
0000000000000024 34110a000000f000 0 00 00000000 0 0 0 0 0 0 0000000000000025 00000001 f 00000001 1 0a
0000000000000025 7c85000008000000 0 00 00000000 0 0 0 0 0 0 0000000000000026 00000001 f 00000001 0 00
0000000000000026 3059e0a0c0000000 0 00 00000000 0 0 0 0 0 0 0000000000000027 00000001 f 00000001 0 00
0000000000000027 3029d0a0c0000000 0 00 00000000 0 0 0 0 0 0 0000000000000028 00000001 f 00000001 0 00
0000000000000028 3009a0b070000000 0 00 00000000 0 0 0 0 0 0 0000000000000029 00000001 f 00000001 0 00
0000000000000029 7c15000000a00001 0 00 00000000 0 0 0 0 0 0 000000000000002a 00000001 f 00000001 0 00
000000000000002a 34110c00000ff000 0 00 00000000 0 0 0 0 0 0 000000000000002b 00000001 f 00000001 1 0c
000000000000002b 7c25000000000000 0 00 00000000 0 0 0 0 0 0 000000000000002c 00000001 f 00000001 0 00
000000000000002c 7cb5000000e00000 0 00 00000000 0 0 0 0 0 0 000000000000002d 00000001 f 00000001 0 00
000000000000002d 10000a0a0700f000 0 00 00000000 0 0 0 0 0 0 000000000000002e 00000001 f 00000001 1 0a
000000000000002e 7c95fffff7d00000 0 00 00000000 0 0 0 0 0 0 0000000000000026 00000001 f 00000001 0 00
0000000000000026 3059e0a0c0000000 0 00 00000000 0 0 0 0 0 0 0000000000000027 00000001 f 00000001 0 00
0000000000000027 3029d0a0c0000000 0 00 00000000 0 0 0 0 0 0 0000000000000028 00000001 f 00000001 0 00
0000000000000028 3009a0b070000000 0 00 00000000 0 0 0 0 0 0 0000000000000029 00000001 f 00000001 0 00
0000000000000029 7c15000000a00001 0 00 00000000 0 0 0 0 0 0 000000000000002a 00000001 f 00000001 0 00
000000000000002a 34110c00000ff000 0 00 00000000 0 0 0 0 0 0 000000000000002b 00000001 f 00000001 1 0c
000000000000002b 7c25000000000000 0 00 00000000 0 0 0 0 0 0 000000000000002c 00000001 f 00000001 0 00
000000000000002c 7cb5000000e00000 0 00 00000000 0 0 0 0 0 0 000000000000002d 00000001 f 00000001 0 00
000000000000002d 10000a0a0700f000 0 00 00000000 0 0 0 0 0 0 000000000000002e 00000001 f 00000001 1 0a
000000000000002e 7c95fffff7d00000 0 00 00000000 0 0 0 0 0 0 0000000000000026 00000001 f 00000001 0 00
0000000000000026 3059e0a0c0000000 0 00 00000000 0 0 0 0 0 0 0000000000000027 00000001 f 00000001 0 00
0000000000000027 3029d0a0c0000000 0 00 00000000 0 0 0 0 0 0 0000000000000028 00000001 f 00000001 0 00
0000000000000028 3009a0b070000000 0 00 00000000 0 0 0 0 0 0 0000000000000029 00000001 f 00000001 0 00
0000000000000029 7c15000000a00001 0 00 00000000 0 0 0 0 0 0 000000000000002a 00000001 f 00000001 0 00
000000000000002a 34110c00000ff000 0 00 00000000 0 0 0 0 0 0 000000000000002b 00000001 f 00000001 1 0c
000000000000002b 7c25000000000000 0 00 00000000 0 0 0 0 0 0 000000000000002c 00000001 f 00000001 0 00
000000000000002c 7cb5000000e00000 0 00 00000000 0 0 0 0 0 0 000000000000002d 00000001 f 00000001 0 00
000000000000002d 10000a0a0700f000 0 00 00000000 0 0 0 0 0 0 000000000000002e 00000001 f 00000001 1 0a
000000000000002e 7c95fffff7d00000 0 00 00000000 0 0 0 0 0 0 0000000000000026 00000001 f 00000001 0 00
0000000000000026 3059e0a0c0000000 0 00 00000000 0 0 0 0 0 0 0000000000000027 00000001 f 00000001 0 00
0000000000000027 3029d0a0c0000000 0 00 00000000 0 0 0 0 0 0 0000000000000028 00000001 f 00000001 0 00
0000000000000028 3009a0b070000000 0 00 00000000 0 0 0 0 0 0 0000000000000029 00000001 f 00000001 0 00
0000000000000029 7c15000000a00001 0 00 00000000 0 0 0 0 0 0 000000000000002a 00000001 f 00000001 0 00
000000000000002a 34110c00000ff000 0 00 00000000 0 0 0 0 0 0 000000000000002b 00000001 f 00000001 1 0c
000000000000002b 7c25000000000000 0 00 00000000 0 0 0 0 0 0 000000000000002c 00000001 f 00000001 0 00
000000000000002c 7cb5000000e00000 0 00 00000000 0 0 0 0 0 0 000000000000002d 00000001 f 00000001 0 00
000000000000002d 10000a0a0700f000 0 00 00000000 0 0 0 0 0 0 000000000000002e 00000001 f 00000001 1 0a
000000000000002e 7c95fffff7d00000 0 00 00000000 0 0 0 0 0 0 0000000000000026 00000001 f 00000001 0 00
0000000000000026 3059e0a0c0000000 0 00 00000000 0 0 0 0 0 0 0000000000000027 00000001 f 00000001 0 00
0000000000000027 3029d0a0c0000000 0 00 00000000 0 0 0 0 0 0 0000000000000028 00000001 f 00000001 0 00
0000000000000028 3009a0b070000000 0 00 00000000 0 0 0 0 0 0 0000000000000029 00000001 f 00000001 0 00
0000000000000029 7c15000000a00001 0 00 00000000 0 0 0 0 0 0 000000000000002a 00000001 f 00000001 0 00
000000000000002a 34110c00000ff000 0 00 00000000 0 0 0 0 0 0 000000000000002b 00000001 f 00000001 1 0c
000000000000002b 7c25000000000000 0 00 00000000 0 0 0 0 0 0 000000000000002c 00000001 f 00000001 0 00
000000000000002c 7cb5000000e00000 0 00 00000000 0 0 0 0 0 0 000000000000002d 00000001 f 00000001 0 00
000000000000002d 10000a0a0700f000 0 00 00000000 0 0 0 0 0 0 000000000000002e 00000001 f 00000001 1 0a
000000000000002e 7c95fffff7d00000 0 00 00000000 0 0 0 0 0 0 0000000000000026 00000001 f 00000001 0 00
0000000000000026 3059e0a0c0000000 0 00 00000000 0 0 0 0 0 0 0000000000000027 00000001 f 00000001 0 00
0000000000000027 3029d0a0c0000000 0 00 00000000 0 0 0 0 0 0 0000000000000028 00000001 f 00000001 0 00
0000000000000028 3009a0b070000000 0 00 00000000 0 0 0 0 0 0 0000000000000029 00000001 f 00000001 0 00
0000000000000029 7c15000000a00001 0 00 00000000 0 0 0 0 0 0 000000000000002a 00000001 f 00000001 0 00
000000000000002a 34110c00000ff000 0 00 00000000 0 0 0 0 0 0 000000000000002b 00000001 f 00000001 1 0c
000000000000002b 7c25000000000000 0 00 00000000 0 0 0 0 0 0 000000000000002c 00000001 f 00000001 0 00
000000000000002c 7cb5000000e00000 0 00 00000000 0 0 0 0 0 0 000000000000002d 00000001 f 00000001 0 00
000000000000002d 10000a0a0700f000 0 00 00000000 0 0 0 0 0 0 000000000000002e 00000001 f 00000001 1 0a
000000000000002e 7c95fffff7d00000 0 00 00000000 0 0 0 0 0 0 0000000000000026 00000001 f 00000001 0 00
0000000000000026 3059e0a0c0000000 0 00 00000000 0 0 0 0 0 0 0000000000000027 00000001 f 00000001 0 00
0000000000000027 3029d0a0c0000000 0 00 00000000 0 0 0 0 0 0 0000000000000028 00000001 f 00000001 0 00
0000000000000028 3009a0b070000000 0 00 00000000 0 0 0 0 0 0 0000000000000029 00000001 f 00000001 0 00
0000000000000029 7c15000000a00001 0 00 00000000 0 0 0 0 0 0 000000000000002a 00000001 f 00000001 0 00
000000000000002a 34110c00000ff000 0 00 00000000 0 0 0 0 0 0 000000000000002b 00000001 f 00000001 1 0c
000000000000002b 7c25000000000000 0 00 00000000 0 0 0 0 0 0 000000000000002c 00000001 f 00000001 0 00
000000000000002c 7cb5000000e00000 0 00 00000000 0 0 0 0 0 0 000000000000002d 00000001 f 00000001 0 00
000000000000002d 10000a0a0700f000 0 00 00000000 0 0 0 0 0 0 000000000000002e 00000001 f 00000001 1 0a
000000000000002e 7c95fffff7d00000 0 00 00000000 0 0 0 0 0 0 0000000000000026 00000001 f 00000001 0 00
0000000000000026 3059e0a0c0000000 0 00 00000000 0 0 0 0 0 0 0000000000000027 00000001 f 00000001 0 00
0000000000000027 3029d0a0c0000000 0 00 00000000 0 0 0 0 0 0 0000000000000028 00000001 f 00000001 0 00
0000000000000028 3009a0b070000000 0 00 00000000 0 0 0 0 0 0 0000000000000029 00000001 f 00000001 0 00
0000000000000029 7c15000000a00001 0 00 00000000 0 0 0 0 0 0 000000000000002a 00000001 f 00000001 0 00
000000000000002a 34110c00000ff000 0 00 00000000 0 0 0 0 0 0 000000000000002b 00000001 f 00000001 1 0c
000000000000002b 7c25000000000000 0 00 00000000 0 0 0 0 0 0 000000000000002c 00000001 f 00000001 0 00
000000000000002c 7cb5000000e00000 0 00 00000000 0 0 0 0 0 0 000000000000002d 00000001 f 00000001 0 00
000000000000002d 10000a0a0700f000 0 00 00000000 0 0 0 0 0 0 000000000000002e 00000001 f 00000001 1 0a
000000000000002e 7c95fffff7d00000 0 00 00000000 0 0 0 0 0 0 0000000000000026 00000001 f 00000001 0 00
0000000000000026 3059e0a0c0000000 0 00 00000000 0 0 0 0 0 0 0000000000000027 00000001 f 00000001 0 00
0000000000000027 3029d0a0c0000000 0 00 00000000 0 0 0 0 0 0 0000000000000028 00000001 f 00000001 0 00
0000000000000028 3009a0b070000000 0 00 00000000 0 0 0 0 0 0 0000000000000029 00000001 f 00000001 0 00
0000000000000029 7c15000000a00001 0 00 00000000 0 0 0 0 0 0 000000000000002a 00000001 f 00000001 0 00
000000000000002a 34110c00000ff000 0 00 00000000 0 0 0 0 0 0 000000000000002b 00000001 f 00000001 1 0c
000000000000002b 7c25000000000000 0 00 00000000 0 0 0 0 0 0 000000000000002c 00000001 f 00000001 0 00
000000000000002c 7cb5000000e00000 0 00 00000000 0 0 0 0 0 0 000000000000002d 00000001 f 00000001 0 00
000000000000002d 10000a0a0700f000 0 00 00000000 0 0 0 0 0 0 000000000000002e 00000001 f 00000001 1 0a
000000000000002e 7c95fffff7d00000 0 00 00000000 0 0 0 0 0 0 0000000000000026 00000001 f 00000001 0 00
0000000000000026 3059e0a0c0000000 0 00 00000000 0 0 0 0 0 0 0000000000000027 00000001 f 00000001 0 00
0000000000000027 3029d0a0c0000000 0 00 00000000 0 0 0 0 0 0 0000000000000028 00000001 f 00000001 0 00
0000000000000028 3009a0b070000000 0 00 00000000 0 0 0 0 0 0 0000000000000029 00000001 f 00000001 0 00
0000000000000029 7c15000000a00001 0 00 00000000 0 0 0 0 0 0 000000000000002a 00000001 f 00000001 0 00
000000000000002a 34110c00000ff000 0 00 00000000 0 0 0 0 0 0 000000000000002b 00000001 f 00000001 1 0c
000000000000002b 7c25000000000000 0 00 00000000 0 0 0 0 0 0 000000000000002c 00000001 f 00000001 0 00
000000000000002c 7cb5000000e00000 0 00 00000000 0 0 0 0 0 0 000000000000002d 00000001 f 00000001 0 00
000000000000002d 10000a0a0700f000 0 00 00000000 0 0 0 0 0 0 000000000000002e 00000001 f 00000001 1 0a
000000000000002e 7c95fffff7d00000 0 00 00000000 0 0 0 0 0 0 0000000000000026 00000001 f 00000001 0 00
0000000000000026 3059e0a0c0000000 0 00 00000000 0 0 0 0 0 0 0000000000000027 00000001 f 00000001 0 00
0000000000000027 3029d0a0c0000000 0 00 00000000 0 0 0 0 0 0 0000000000000028 00000001 f 00000001 0 00
0000000000000028 3009a0b070000000 0 00 00000000 0 0 0 0 0 0 0000000000000029 00000001 f 00000001 0 00
0000000000000029 7c15000000a00001 0 00 00000000 0 0 0 0 0 0 000000000000002a 00000001 f 00000001 0 00
000000000000002a 34110c00000ff000 0 00 00000000 0 0 0 0 0 0 000000000000002b 00000001 f 00000001 1 0c
000000000000002b 7c25000000000000 0 00 00000000 0 0 0 0 0 0 000000000000002c 00000001 f 00000001 0 00
000000000000002c 7cb5000000e00000 0 00 00000000 0 0 0 0 0 0 000000000000002d 00000001 f 00000001 0 00
000000000000002d 10000a0a0700f000 0 00 00000000 0 0 0 0 0 0 000000000000002e 00000001 f 00000001 1 0a
000000000000002e 7c95fffff7d00000 0 00 00000000 0 0 0 0 0 0 0000000000000026 00000001 f 00000001 0 00
0000000000000026 3059e0a0c0000000 0 00 00000000 0 0 0 0 0 0 0000000000000027 00000001 f 00000001 0 00
0000000000000027 3029d0a0c0000000 0 00 00000000 0 0 0 0 0 0 0000000000000028 00000001 f 00000001 0 00
0000000000000028 3009a0b070000000 0 00 00000000 0 0 0 0 0 0 0000000000000029 00000001 f 00000001 0 00
0000000000000029 7c15000000a00001 0 00 00000000 0 0 0 0 0 0 000000000000002a 00000001 f 00000001 0 00
000000000000002a 34110c00000ff000 0 00 00000000 0 0 0 0 0 0 000000000000002b 00000001 f 00000001 1 0c
000000000000002b 7c25000000000000 0 00 00000000 0 0 0 0 0 0 000000000000002c 00000001 f 00000001 0 00
000000000000002c 7cb5000000e00000 0 00 00000000 0 0 0 0 0 0 000000000000002d 00000001 f 00000001 0 00
000000000000002d 10000a0a0700f000 0 00 00000000 0 0 0 0 0 0 000000000000002e 00000001 f 00000001 1 0a
000000000000002e 7c95fffff7d00000 0 00 00000000 0 0 0 0 0 0 0000000000000026 00000001 f 00000001 0 00
0000000000000026 3059e0a0c0000000 0 00 00000000 0 0 0 0 0 0 0000000000000027 00000001 f 00000001 0 00
0000000000000027 3029d0a0c0000000 0 00 00000000 0 0 0 0 0 0 0000000000000028 00000001 f 00000001 0 00
0000000000000028 3009a0b070000000 0 00 00000000 0 0 0 0 0 0 0000000000000029 00000001 f 00000001 0 00
0000000000000029 7c15000000a00001 0 00 00000000 0 0 0 0 0 0 000000000000002a 00000001 f 00000001 0 00
000000000000002a 34110c00000ff000 0 00 00000000 0 0 0 0 0 0 000000000000002b 00000001 f 00000001 1 0c
000000000000002b 7c25000000000000 0 00 00000000 0 0 0 0 0 0 000000000000002c 00000001 f 00000001 0 00
000000000000002c 7cb5000000e00000 0 00 00000000 0 0 0 0 0 0 000000000000002d 00000001 f 00000001 0 00
000000000000002d 10000a0a0700f000 0 00 00000000 0 0 0 0 0 0 000000000000002e 00000001 f 00000001 1 0a
000000000000002e 7c95fffff7d00000 0 00 00000000 0 0 0 0 0 0 0000000000000026 00000001 f 00000001 0 00
0000000000000026 3059e0a0c0000000 0 00 00000000 0 0 0 0 0 0 0000000000000027 00000001 f 00000001 0 00
0000000000000027 3029d0a0c0000000 0 00 00000000 0 0 0 0 0 0 0000000000000028 00000001 f 00000001 0 00
0000000000000028 3009a0b070000000 0 00 00000000 0 0 0 0 0 0 0000000000000029 00000001 f 00000001 0 00
0000000000000029 7c15000000a00001 0 00 00000000 0 0 0 0 0 0 000000000000002a 00000001 f 00000001 0 00
000000000000002a 34110c00000ff000 0 00 00000000 0 0 0 0 0 0 000000000000002b 00000001 f 00000001 1 0c
000000000000002b 7c25000000000000 0 00 00000000 0 0 0 0 0 0 000000000000002c 00000001 f 00000001 0 00
000000000000002c 7cb5000000e00000 0 00 00000000 0 0 0 0 0 0 000000000000002d 00000001 f 00000001 0 00
000000000000002d 10000a0a0700f000 0 00 00000000 0 0 0 0 0 0 000000000000002e 00000001 f 00000001 1 0a
000000000000002e 7c95fffff7d00000 0 00 00000000 0 0 0 0 0 0 0000000000000026 00000001 f 00000001 0 00
0000000000000026 3059e0a0c0000000 0 00 00000000 0 0 0 0 0 0 0000000000000027 00000001 f 00000001 0 00
0000000000000027 3029d0a0c0000000 0 00 00000000 0 0 0 0 0 0 0000000000000028 00000001 f 00000001 0 00
0000000000000028 3009a0b070000000 0 00 00000000 0 0 0 0 0 0 0000000000000029 00000001 f 00000001 0 00
0000000000000029 7c15000000a00001 0 00 00000000 0 0 0 0 0 0 000000000000002a 00000001 f 00000001 0 00
000000000000002a 34110c00000ff000 0 00 00000000 0 0 0 0 0 0 000000000000002b 00000001 f 00000001 1 0c
000000000000002b 7c25000000000000 0 00 00000000 0 0 0 0 0 0 000000000000002c 00000001 f 00000001 0 00
000000000000002c 7cb5000000e00000 0 00 00000000 0 0 0 0 0 0 000000000000002d 00000001 f 00000001 0 00
000000000000002d 10000a0a0700f000 0 00 00000000 0 0 0 0 0 0 000000000000002e 00000001 f 00000001 1 0a
000000000000002e 7c95fffff7d00000 0 00 00000000 0 0 0 0 0 0 0000000000000026 00000001 f 00000001 0 00
0000000000000026 3059e0a0c0000000 0 00 00000000 0 0 0 0 0 0 0000000000000027 00000001 f 00000001 0 00
0000000000000027 3029d0a0c0000000 0 00 00000000 0 0 0 0 0 0 0000000000000028 00000001 f 00000001 0 00
0000000000000028 3009a0b070000000 0 00 00000000 0 0 0 0 0 0 0000000000000029 00000001 f 00000001 0 00
0000000000000029 7c15000000a00001 0 00 00000000 0 0 0 0 0 0 000000000000002a 00000001 f 00000001 0 00
000000000000002a 34110c00000ff000 0 00 00000000 0 0 0 0 0 0 000000000000002b 00000001 f 00000001 1 0c
000000000000002b 7c25000000000000 0 00 00000000 0 0 0 0 0 0 000000000000002c 00000001 f 00000001 0 00
000000000000002e 7cb5000000e00000 0 00 00000000 0 0 0 0 0 0 000000000000002d 00000000 f 00000000 0 00
000000000000002e 7c95fffff7d00000 0 00 00000000 0 0 0 0 0 0 000000000000002f 00000001 f 00000001 0 00
000000000000002f 7c25000000000000 0 00 00000000 0 0 0 0 0 0 0000000000000030 ffffffff f ffffffff 0 00
0000000000000030 020500000e000000 0 00 00000000 0 0 0 0 0 1 000000000000003f ffffffff f ffffffff 0 00
000000000000003f 7c25000000000000 0 00 00000000 0 0 0 0 0 0 0000000000000040 ffffffff f ffffffff 0 00
0000000000000040 7cf5000000000000 0 00 00000000 0 0 0 0 0 0 0000000000000041 ffffffff f ffffffff 0 00
