0000000000000000 343001000000f000 0 00 00000000 0 0 0 0 0 0 0000000000000001 ffffffff f ffffffff 1 01
0000000000000001 341107000001f000 0 00 00000000 0 0 0 0 0 0 0000000000000002 ffffffff f ffffffff 1 07
0000000000000002 34110c000003f000 0 00 00000000 0 0 0 0 0 0 0000000000000003 ffffffff f ffffffff 1 0c
0000000000000003 3009e01070000000 0 00 00000000 0 0 0 0 0 0 0000000000000004 ffffffff f ffffffff 0 00
0000000000000004 7c15000002e0002e 0 00 00000000 0 0 0 0 0 0 0000000000000005 00000002 f 00000002 0 00
0000000000000005 101003030700f000 0 00 00000000 0 0 0 0 0 0 0000000000000006 00000002 f 00000002 1 03
0000000000000006 020500002c000000 0 00 00000000 0 0 0 0 0 1 0000000000000033 00000002 f 00000002 0 00
0000000000000033 7c25000000000000 0 00 00000000 0 0 0 0 0 0 0000000000000007 fffffffd f fffffffd 0 00
0000000000000007 30196010c0000000 0 00 00000000 0 0 0 0 0 0 0000000000000008 fffffffd f fffffffd 0 00
0000000000000008 7c1500001160001e 0 00 00000000 0 0 0 0 0 0 0000000000000009 fffffff5 f fffffff5 0 00
0000000000000009 3009c0a070000000 0 00 00000000 0 0 0 0 0 0 000000000000000a fffffff5 f fffffff5 0 00
000000000000000a 7c1500000cc0000d 0 00 00000000 0 0 0 0 0 0 0000000000000017 fffffff5 f fffffff5 0 00
0000000000000017 10100c070400f000 0 00 00000000 0 0 0 0 0 0 0000000000000018 fffffff5 f fffffff5 1 0c
0000000000000018 7c25000000000000 0 00 00000000 0 0 0 0 0 0 0000000000000019 fffffff5 f fffffff5 0 00
0000000000000019 020500000d000000 0 00 00000000 0 0 0 0 0 1 0000000000000027 fffffff5 f fffffff5 0 00
0000000000000027 7c25000000000000 0 00 00000000 0 0 0 0 0 0 000000000000001a 00000008 f 00000008 0 00
000000000000001a 34110d000003f000 0 00 00000000 0 0 0 0 0 0 000000000000001b 00000008 f 00000008 1 0d
000000000000001b 10300c010d00f000 0 00 00000000 0 0 0 0 0 0 000000000000001c 00000008 f 00000008 1 0c
000000000000001c 10000c0c0700f000 0 00 00000000 0 0 0 0 0 0 000000000000001d 00000008 f 00000008 1 0c
000000000000001d 34110a000000f000 0 00 00000000 0 0 0 0 0 0 000000000000001e 00000008 f 00000008 1 0a
000000000000001e 7c85000007000000 0 00 00000000 0 0 0 0 0 0 000000000000001f 00000008 f 00000008 0 00
000000000000001f 3059e0a0c0000000 0 00 00000000 0 0 0 0 0 0 0000000000000020 00000008 f 00000008 0 00
0000000000000020 3029d0a0c0000000 0 00 00000000 0 0 0 0 0 0 0000000000000021 00000008 f 00000008 0 00
0000000000000021 3059301070000000 0 00 00000000 0 0 0 0 0 0 0000000000000022 00000008 f 00000008 0 00
0000000000000022 7c15000000300001 0 00 00000000 0 0 0 0 0 0 0000000000000023 00000008 f 00000008 0 00
0000000000000023 104005030700f000 0 00 00000000 0 0 0 0 0 0 0000000000000024 00000008 f 00000008 1 05
0000000000000024 7c25000000000000 0 00 00000000 0 0 0 0 0 0 0000000000000025 00000008 f 00000008 0 00
0000000000000025 10000a0a0700f000 0 00 00000000 0 0 0 0 0 0 0000000000000026 00000008 f 00000008 1 0a
0000000000000026 7c95fffff8d00000 0 00 00000000 0 0 0 0 0 0 000000000000001f 00000008 f 00000008 0 00
000000000000001f 3059e0a0c0000000 0 00 00000000 0 0 0 0 0 0 0000000000000020 00000008 f 00000008 0 00
0000000000000020 3029d0a0c0000000 0 00 00000000 0 0 0 0 0 0 0000000000000021 00000008 f 00000008 0 00
0000000000000021 3059301070000000 0 00 00000000 0 0 0 0 0 0 0000000000000022 00000008 f 00000008 0 00
0000000000000022 7c15000000300001 0 00 00000000 0 0 0 0 0 0 0000000000000023 00000008 f 00000008 0 00
0000000000000023 104005030700f000 0 00 00000000 0 0 0 0 0 0 0000000000000024 00000008 f 00000008 1 05
0000000000000024 7c25000000000000 0 00 00000000 0 0 0 0 0 0 0000000000000025 00000008 f 00000008 0 00
0000000000000025 10000a0a0700f000 0 00 00000000 0 0 0 0 0 0 0000000000000026 00000008 f 00000008 1 0a
0000000000000026 7c95fffff8d00000 0 00 00000000 0 0 0 0 0 0 000000000000001f 00000008 f 00000008 0 00
000000000000001f 3059e0a0c0000000 0 00 00000000 0 0 0 0 0 0 0000000000000020 00000008 f 00000008 0 00
0000000000000020 3029d0a0c0000000 0 00 00000000 0 0 0 0 0 0 0000000000000021 00000008 f 00000008 0 00
0000000000000021 3059301070000000 0 00 00000000 0 0 0 0 0 0 0000000000000022 00000008 f 00000008 0 00
0000000000000022 7c15000000300001 0 00 00000000 0 0 0 0 0 0 0000000000000023 00000008 f 00000008 0 00
0000000000000023 104005030700f000 0 00 00000000 0 0 0 0 0 0 0000000000000024 00000008 f 00000008 1 05
0000000000000024 7c25000000000000 0 00 00000000 0 0 0 0 0 0 0000000000000025 00000008 f 00000008 0 00
0000000000000025 10000a0a0700f000 0 00 00000000 0 0 0 0 0 0 0000000000000026 00000008 f 00000008 1 0a
0000000000000026 7c95fffff8d00000 0 00 00000000 0 0 0 0 0 0 000000000000001f 00000008 f 00000008 0 00
000000000000001f 3059e0a0c0000000 0 00 00000000 0 0 0 0 0 0 0000000000000020 00000008 f 00000008 0 00
0000000000000020 3029d0a0c0000000 0 00 00000000 0 0 0 0 0 0 0000000000000021 00000008 f 00000008 0 00
0000000000000021 3059301070000000 0 00 00000000 0 0 0 0 0 0 0000000000000022 00000008 f 00000008 0 00
0000000000000022 7c15000000300001 0 00 00000000 0 0 0 0 0 0 0000000000000023 00000008 f 00000008 0 00
0000000000000023 104005030700f000 0 00 00000000 0 0 0 0 0 0 0000000000000024 00000008 f 00000008 1 05
0000000000000024 7c25000000000000 0 00 00000000 0 0 0 0 0 0 0000000000000025 00000008 f 00000008 0 00
0000000000000025 10000a0a0700f000 0 00 00000000 0 0 0 0 0 0 0000000000000026 00000008 f 00000008 1 0a
0000000000000026 7c95fffff8d00000 0 00 00000000 0 0 0 0 0 0 000000000000001f 00000008 f 00000008 0 00
000000000000001f 3059e0a0c0000000 0 00 00000000 0 0 0 0 0 0 0000000000000020 00000008 f 00000008 0 00
0000000000000020 3029d0a0c0000000 0 00 00000000 0 0 0 0 0 0 0000000000000021 00000008 f 00000008 0 00
0000000000000021 3059301070000000 0 00 00000000 0 0 0 0 0 0 0000000000000022 00000008 f 00000008 0 00
0000000000000022 7c15000000300001 0 00 00000000 0 0 0 0 0 0 0000000000000023 00000008 f 00000008 0 00
0000000000000023 104005030700f000 0 00 00000000 0 0 0 0 0 0 0000000000000024 00000008 f 00000008 1 05
0000000000000024 7c25000000000000 0 00 00000000 0 0 0 0 0 0 0000000000000025 00000008 f 00000008 0 00
0000000000000025 10000a0a0700f000 0 00 00000000 0 0 0 0 0 0 0000000000000026 00000008 f 00000008 1 0a
0000000000000026 7c95fffff8d00000 0 00 00000000 0 0 0 0 0 0 0000000000000027 00000008 f 00000008 0 00
0000000000000027 7c25000000000000 0 00 00000000 0 0 0 0 0 0 0000000000000028 fffffffd f fffffffd 0 00
0000000000000028 34110d000001f000 0 00 00000000 0 0 0 0 0 0 0000000000000029 fffffffd f fffffffd 1 0d
0000000000000029 10300c010d00f000 0 00 00000000 0 0 0 0 0 0 000000000000002a fffffffd f fffffffd 1 0c
000000000000002a 10000c0c0700f000 0 00 00000000 0 0 0 0 0 0 000000000000002b fffffffd f fffffffd 1 0c
000000000000002b 34110a000000f000 0 00 00000000 0 0 0 0 0 0 000000000000002c fffffffd f fffffffd 1 0a
000000000000002c 7c85000005000000 0 00 00000000 0 0 0 0 0 0 000000000000002d fffffffd f fffffffd 0 00
000000000000002d 3059e0a0c0000000 0 00 00000000 0 0 0 0 0 0 000000000000002e fffffffd f fffffffd 0 00
000000000000002e 3029d0a0c0000000 0 00 00000000 0 0 0 0 0 0 000000000000002f fffffffd f fffffffd 0 00
000000000000002f 10300c040700f000 0 00 00000000 0 0 0 0 0 0 0000000000000030 fffffffd f fffffffd 1 0c
0000000000000030 7cb5000000e00000 0 00 00000000 0 0 0 0 0 0 0000000000000031 fffffffd f fffffffd 0 00
0000000000000031 10000a0a0700f000 0 00 00000000 0 0 0 0 0 0 0000000000000032 fffffffd f fffffffd 1 0a
0000000000000032 7c95fffffad00000 0 00 00000000 0 0 0 0 0 0 000000000000002d fffffffd f fffffffd 0 00
000000000000002d 3059e0a0c0000000 0 00 00000000 0 0 0 0 0 0 000000000000002e fffffffd f fffffffd 0 00
000000000000002e 3029d0a0c0000000 0 00 00000000 0 0 0 0 0 0 000000000000002f fffffffd f fffffffd 0 00
000000000000002f 10300c040700f000 0 00 00000000 0 0 0 0 0 0 0000000000000030 fffffffd f fffffffd 1 0c
0000000000000032 7cb5000000e00000 0 00 00000000 0 0 0 0 0 0 0000000000000031 00000000 f 00000000 0 00
0000000000000032 7c95fffffad00000 0 00 00000000 0 0 0 0 0 0 0000000000000033 fffffffd f fffffffd 0 00
0000000000000033 7c25000000000000 0 00 00000000 0 0 0 0 0 0 0000000000000034 ffffffff f ffffffff 0 00
0000000000000034 7cf5000000000000 0 00 00000000 0 0 0 0 0 0 0000000000000035 ffffffff f ffffffff 0 00
