0000000000000000 00131d0000000000 1 1d 00000000 0 0 0 0000000000000001
0000000000000001 0102000703000000 0 00 00000000 5 1 0 0000000000000002
0000000000000002 02150000030b0000 0 00 00000000 5 1 0 0000000000000003
0000000000000003 8506000000000000 0 00 00000000 5 1 0 0000000000000004
0000000000000004 8506000000000000 0 00 00000000 5 1 0 0000000000000005
0000000000000005 8506000000000000 0 00 00000000 5 1 0 0000000000000006
0000000000000006 00720c0d06000000 1 0c 00000000 5 1 0 0000000000000007
0000000000000007 8506000000000000 0 00 00000000 5 1 0 0000000000000008
0000000000000008 0122000e0e000000 0 00 00000000 5 0 0 0000000000000009
0000000000000009 0215000003010000 0 00 00000000 5 0 0 000000000000000a
000000000000000a 8506000000000000 0 00 00000000 5 0 0 000000000000000b
000000000000000b 8506000000000000 0 00 00000000 5 0 0 000000000000000c
000000000000000c 8506000000000000 0 00 00000000 5 0 0 000000000000000d
000000000000000d 00a30c0100000800 1 0c 00000000 5 0 0 000000000000000e
000000000000000e 00920b1400000000 1 0b ffffffff 5 0 0 000000000000000f
000000000000000f 0112000504000000 0 00 00000000 5 0 0 0000000000000010
0000000000000010 02150000030b0000 0 00 00000000 5 0 0 0000000000000011
0000000000000011 8506000000000000 0 00 00000000 5 0 0 0000000000000012
0000000000000012 8506000000000000 0 00 00000000 5 0 0 0000000000000013
0000000000000013 8506000000000000 0 00 00000000 5 0 0 0000000000000014
0000000000000014 0306000000000200 1 02 00000000 5 0 0 0000000000000015
0000000000000015 0013050043c90500 1 05 0043c905 5 0 0 0000000000000016
0000000000000016 8506000000000000 0 00 00000000 5 0 0 0000000000000017
0000000000000017 0023131300000000 1 13 00000000 5 0 0 0000000000000018
0000000000000018 8506000000000000 0 00 00000000 5 0 0 0000000000000019
0000000000000019 00730906bd2da800 1 09 0042d258 5 0 0 000000000000001a
000000000000001a 00b2060710000000 1 06 00000000 5 0 0 000000000000001b
000000000000001b 00130b0000000000 1 0b 00000000 5 0 0 000000000000001c
000000000000001c 005212030a000000 1 12 00000000 5 0 0 000000000000001d
000000000000001d 0063110400001200 1 11 00000000 5 0 0 000000000000001e
000000000000001e 0032101212000000 1 10 00000000 5 0 0 000000000000001f
000000000000001f 00131300d12ff600 1 13 ffd12ff6 5 0 0 0000000000000020
0000000000000020 0112000212000000 0 00 00000000 5 0 0 0000000000000021
0000000000000021 02150000030d0000 0 00 00000000 5 0 0 0000000000000022
0000000000000022 8506000000000000 0 00 00000000 5 0 0 0000000000000023
0000000000000023 8506000000000000 0 00 00000000 5 0 0 0000000000000024
0000000000000024 8506000000000000 0 00 00000000 5 0 0 0000000000000025
0000000000000025 00b3010600000000 1 01 00000000 5 0 0 0000000000000026
0000000000000026 0122000d07000000 0 00 00000000 5 0 0 0000000000000027
0000000000000027 02150000020c0000 0 00 00000000 5 0 1 000000000000002a
000000000000002a 8506000000000000 0 00 00000000 5 0 0 000000000000002b
000000000000002b 0072030a08000000 1 03 00000000 5 0 0 000000000000002c
000000000000002c 8506000000000000 0 00 00000000 5 0 0 000000000000002d
000000000000002d 00320c0901000000 1 0c 00000000 5 0 0 000000000000002e
000000000000002e 00630a1200001b00 1 0a 00000000 5 0 0 000000000000002f
000000000000002f 8506000000000000 0 00 00000000 5 0 0 0000000000000030
0000000000000030 0102001302000000 0 00 00000000 6 0 0 0000000000000031
0000000000000031 0215000002020000 0 00 00000000 6 0 1 0000000000000034
0000000000000034 0092140300000000 1 14 ffffffff 6 0 0 0000000000000035
0000000000000035 00630a0200001900 1 0a 00000000 6 0 0 0000000000000036
0000000000000036 8506000000000000 0 00 00000000 6 0 0 0000000000000037
0000000000000037 0306000000000100 1 01 00000000 6 0 0 0000000000000038
0000000000000038 8506000000000000 0 00 00000000 6 0 0 0000000000000039
0000000000000039 8506000000000000 0 00 00000000 6 0 0 000000000000003a
000000000000003a 0082120704000000 1 12 00000000 6 0 0 000000000000003b
000000000000003b 00131e0000000400 1 1e 00000004 6 0 0 000000000000003c
000000000000003c 0023151500000100 1 15 00000001 6 0 0 000000000000003d
000000000000003d 00731e1e00000100 1 1e 00000003 6 0 0 000000000000003e
000000000000003e 0102001e1d000000 0 00 00000000 4 0 0 000000000000003f
000000000000003f 0215fffffc040000 0 00 00000000 4 0 1 000000000000003c
000000000000003c 0023151500000100 1 15 00000002 4 0 0 000000000000003d
000000000000003d 00731e1e00000100 1 1e 00000002 4 0 0 000000000000003e
000000000000003e 0102001e1d000000 0 00 00000000 4 0 0 000000000000003f
000000000000003f 0215fffffc040000 0 00 00000000 4 0 1 000000000000003c
000000000000003c 0023151500000100 1 15 00000003 4 0 0 000000000000003d
000000000000003d 00731e1e00000100 1 1e 00000001 4 0 0 000000000000003e
000000000000003e 0102001e1d000000 0 00 00000000 4 0 0 000000000000003f
000000000000003f 0215fffffc040000 0 00 00000000 4 0 1 000000000000003c
000000000000003c 0023151500000100 1 15 00000004 4 0 0 000000000000003d
000000000000003d 00731e1e00000100 1 1e 00000000 4 0 0 000000000000003e
000000000000003e 0102001e1d000000 0 00 00000000 5 1 0 000000000000003f
000000000000003f 0215fffffc040000 0 00 00000000 5 1 0 0000000000000040
0000000000000040 7cf5000000000000 0 00 00000000 5 1 0 0000000000000041
DONE retired=73 fault=00 pc=0000000000000040
