0000000000000000 0013140000004d00 1 14 0000004d 0 0 0 0000000000000001 00000080 f 00000080 0 00 00000080
0000000000000001 34110300502ff000 0 00 00000000 0 0 0 0000000000000002 00000080 f 00000080 1 03 00000080
0000000000000002 10610405000ff000 0 00 00000000 0 0 0 0000000000000003 00000080 f 00000080 1 04 00000080
0000000000000003 00131600ffffff00 1 16 ffffffff 0 0 0 0000000000000004 00000080 f 00000080 0 00 00000080
0000000000000004 342002160000f000 0 00 00000000 0 0 0 0000000000000005 00000080 f 00000080 1 02 00000080
0000000000000005 108102020021f000 0 00 00000000 0 0 0 0000000000000006 00000080 f 00000080 1 02 00000080
0000000000000006 0013160000000000 1 16 00000000 0 0 0 0000000000000007 00000080 f 00000080 0 00 00000080
0000000000000007 342006160000f000 0 00 00000000 0 0 0 0000000000000008 00000080 f 00000080 1 06 00000080
0000000000000008 10810406001ff000 0 00 00000000 0 0 0 0000000000000009 00000080 f 00000080 1 04 00000080
0000000000000009 104103047ffff000 0 00 00000000 0 0 0 000000000000000a 00000080 f 00000080 1 03 00000080
000000000000000a 0013150000000000 1 15 00000000 0 0 0 000000000000000b 00000080 f 00000080 0 00 00000080
000000000000000b 342002150000b000 0 00 00000000 0 0 0 000000000000000c 00000080 b 00000080 1 02 00000080
000000000000000c 107103030010f000 0 00 00000000 0 0 0 000000000000000d 00000080 f 00000080 1 03 00000080
000000000000000d 341102000001f000 0 00 00000000 0 0 0 000000000000000e 00000080 f 00000080 1 02 00000080
000000000000000e 102006040500f000 0 00 00000000 0 0 0 000000000000000f 00000080 f 00000080 1 06 00000080
000000000000000f 00131600ffffff00 1 16 ffffffff 0 0 0 0000000000000010 00000080 f 00000080 0 00 00000080
0000000000000010 342004160000f000 0 00 00000000 0 0 0 0000000000000011 00000080 f 00000080 1 04 00000080
0000000000000011 108105040010f000 0 00 00000000 0 0 0 0000000000000012 00000080 f 00000080 1 05 00000080
0000000000000012 106105020010f000 0 00 00000000 0 0 0 0000000000000013 00000080 f 00000080 1 05 00000080
0000000000000013 3400060400007000 0 00 00000000 0 0 0 0000000000000014 00000080 7 00000000 1 06 00000000
0000000000000014 103003030600f000 0 00 00000000 0 0 0 0000000000000015 00000080 f 00000080 1 03 00000080
0000000000000015 00131500ffffff00 1 15 ffffffff 0 0 0 0000000000000016 00000080 f 00000080 0 00 00000080
0000000000000016 342003150000f000 0 00 00000000 0 0 0 0000000000000017 00000080 f 00000080 1 03 00000080
0000000000000017 100005020600f000 0 00 00000000 0 0 0 0000000000000018 00000080 f 00000080 1 05 00000080
0000000000000018 1000020202007000 0 00 00000000 0 0 0 0000000000000019 00000080 7 00000000 1 02 00000000
0000000000000019 0013150000000000 1 15 00000000 0 0 0 000000000000001a 00000080 f 00000080 0 00 00000080
000000000000001a 3420031500003000 0 00 00000000 0 0 0 000000000000001b 00000080 3 00000080 1 03 00000080
000000000000001b 1010030206006000 0 00 00000000 0 0 0 000000000000001c 00000080 6 00000080 1 03 00000080
000000000000001c 0013160055555500 1 16 00555555 0 0 0 000000000000001d 00000080 f 00000080 0 00 00000080
000000000000001d 342002160000f000 0 00 00000000 0 0 0 000000000000001e 00000080 f 00000080 1 02 00000080
000000000000001e 10810302003ff000 0 00 00000000 0 0 0 000000000000001f 00000080 f 00000080 1 03 00000080
000000000000001f 10310502fffff000 0 00 00000000 0 0 0 0000000000000020 00000080 f 00000080 1 05 00000080
0000000000000020 107105030001f000 0 00 00000000 0 0 0 0000000000000021 00000080 f 00000080 1 05 00000080
0000000000000021 340003030000f000 0 00 00000000 0 0 0 0000000000000022 00000080 f 00000080 1 03 00000080
0000000000000022 3400040500004000 0 00 00000000 0 0 0 0000000000000023 00000080 4 00000000 1 04 00000000
0000000000000023 0013160000000100 1 16 00000001 0 0 0 0000000000000024 00000080 f 00000080 0 00 00000080
0000000000000024 342002160000f000 0 00 00000000 0 0 0 0000000000000025 00000080 f 00000080 1 02 00000080
0000000000000025 108106020010f000 0 00 00000000 0 0 0 0000000000000026 00000080 f 00000080 1 06 00000080
0000000000000026 00131500ffffff00 1 15 ffffffff 0 0 0 0000000000000027 00000080 f 00000080 0 00 00000080
0000000000000027 342005150000f000 0 00 00000000 0 0 0 0000000000000028 00000080 f 00000080 1 05 00000080
0000000000000028 3400020500009000 0 00 00000000 0 0 0 0000000000000029 00000080 9 00000080 1 02 00000080
0000000000000029 10710606003ff000 0 00 00000000 0 0 0 000000000000002a 00000080 f 00000080 1 06 00000080
000000000000002a 00131e0000000200 1 1e 00000002 0 0 0 000000000000002b 00000080 f 00000080 0 00 00000080
000000000000002b 0023171700000100 1 17 00000001 0 0 0 000000000000002c 00000080 f 00000080 0 00 00000080
000000000000002c 00731e1e00000100 1 1e 00000001 0 0 0 000000000000002d 00000080 f 00000080 0 00 00000080
000000000000002d 0013180000000000 1 18 00000000 0 0 0 000000000000002e 00000080 f 00000080 0 00 00000080
000000000000002e 0102001e18000000 0 00 00000000 4 0 0 000000000000002f 00000080 f 00000080 0 00 00000080
000000000000002f 0215fffffb040000 0 00 00000000 4 0 1 000000000000002b 00000080 f 00000080 0 00 00000080
000000000000002b 0023171700000100 1 17 00000002 4 0 0 000000000000002c 00000080 f 00000080 0 00 00000080
000000000000002c 00731e1e00000100 1 1e 00000000 4 0 0 000000000000002d 00000080 f 00000080 0 00 00000080
000000000000002d 0013180000000000 1 18 00000000 4 0 0 000000000000002e 00000080 f 00000080 0 00 00000080
000000000000002e 0102001e18000000 0 00 00000000 5 1 0 000000000000002f 00000080 f 00000080 0 00 00000080
000000000000002f 0215fffffb040000 0 00 00000000 5 1 0 0000000000000030 00000080 f 00000080 0 00 00000080
0000000000000030 7cf5000000000000 0 00 00000000 5 1 0 0000000000000031 00000080 f 00000080 0 00 00000080
DONE retired=54 fault=00 pc=0000000000000030
