0000000000000000 0013140000004d00 1 14 0000004d 0 0 0 0000000000000001 fff80000 f fff80000 0 00 fff80000
0000000000000001 107102030001f000 0 00 00000000 0 0 0 0000000000000002 fff80000 f fff80000 1 02 fff80000
0000000000000002 104005030400f000 0 00 00000000 0 0 0 0000000000000003 fff80000 f fff80000 1 05 fff80000
0000000000000003 0013160000000000 1 16 00000000 0 0 0 0000000000000004 fff80000 f fff80000 0 00 fff80000
0000000000000004 342004160000f000 0 00 00000000 0 0 0 0000000000000005 fff80000 f fff80000 1 04 fff80000
0000000000000005 108103040011f000 0 00 00000000 0 0 0 0000000000000006 fff80000 f fff80000 1 03 fff80000
0000000000000006 106102050001f000 0 00 00000000 0 0 0 0000000000000007 fff80000 f fff80000 1 02 fff80000
0000000000000007 10610406001ff000 0 00 00000000 0 0 0 0000000000000008 fff80000 f fff80000 1 04 fff80000
0000000000000008 00131600ffffff00 1 16 ffffffff 0 0 0 0000000000000009 fff80000 f fff80000 0 00 fff80000
0000000000000009 342002160000f000 0 00 00000000 0 0 0 000000000000000a fff80000 f fff80000 1 02 fff80000
000000000000000a 10810402000ff000 0 00 00000000 0 0 0 000000000000000b fff80000 f fff80000 1 04 fff80000
000000000000000b 343006000000f000 0 00 00000000 0 0 0 000000000000000c fff80000 f fff80000 1 06 fff80000
000000000000000c 107103040025f000 0 00 00000000 0 0 0 000000000000000d fff80000 f fff80000 1 03 fff80000
000000000000000d 341102008701f000 0 00 00000000 0 0 0 000000000000000e fff80000 f fff80000 1 02 fff80000
000000000000000e 106106020001f000 0 00 00000000 0 0 0 000000000000000f fff80000 f fff80000 1 06 fff80000
000000000000000f 103006020500f000 0 00 00000000 0 0 0 0000000000000010 fff80000 f fff80000 1 06 fff80000
0000000000000010 102002020200f000 0 00 00000000 0 0 0 0000000000000011 fff80000 f fff80000 1 02 fff80000
0000000000000011 00131500ffffff00 1 15 ffffffff 0 0 0 0000000000000012 fff80000 f fff80000 0 00 fff80000
0000000000000012 342006150000e000 0 00 00000000 0 0 0 0000000000000013 fff80000 e aaa80000 1 06 aaa80000
0000000000000013 0013160000000100 1 16 00000001 0 0 0 0000000000000014 fff80000 f fff80000 0 00 fff80000
0000000000000014 342005160000f000 0 00 00000000 0 0 0 0000000000000015 fff80000 f fff80000 1 05 fff80000
0000000000000015 10810305000ff000 0 00 00000000 0 0 0 0000000000000016 fff80000 f fff80000 1 03 fff80000
0000000000000016 0013160055555500 1 16 00555555 0 0 0 0000000000000017 fff80000 f fff80000 0 00 fff80000
0000000000000017 342006160000f000 0 00 00000000 0 0 0 0000000000000018 fff80000 f fff80000 1 06 fff80000
0000000000000018 108102060010f000 0 00 00000000 0 0 0 0000000000000019 fff80000 f fff80000 1 02 fff80000
0000000000000019 3400030500000000 0 00 00000000 0 0 0 000000000000001a fff80000 0 3ab00000 1 03 3ab00000
000000000000001a 343002000000f000 0 00 00000000 0 0 0 000000000000001b fff80000 f fff80000 1 02 fff80000
000000000000001b 0013160000000000 1 16 00000000 0 0 0 000000000000001c fff80000 f fff80000 0 00 fff80000
000000000000001c 342003160000f000 0 00 00000000 0 0 0 000000000000001d fff80000 f fff80000 1 03 fff80000
000000000000001d 108106030001f000 0 00 00000000 0 0 0 000000000000001e fff80000 f fff80000 1 06 fff80000
000000000000001e 10710505001ff000 0 00 00000000 0 0 0 000000000000001f fff80000 f fff80000 1 05 fff80000
000000000000001f 00131e0000000100 1 1e 00000001 0 0 0 0000000000000020 fff80000 f fff80000 0 00 fff80000
0000000000000020 0023171700000100 1 17 00000001 0 0 0 0000000000000021 fff80000 f fff80000 0 00 fff80000
0000000000000021 00731e1e00000100 1 1e 00000000 0 0 0 0000000000000022 fff80000 f fff80000 0 00 fff80000
0000000000000022 0013180000000000 1 18 00000000 0 0 0 0000000000000023 fff80000 f fff80000 0 00 fff80000
0000000000000023 0102001e18000000 0 00 00000000 5 1 0 0000000000000024 fff80000 f fff80000 0 00 fff80000
0000000000000024 0215fffffb040000 0 00 00000000 5 1 0 0000000000000025 fff80000 f fff80000 0 00 fff80000
0000000000000025 7cf5000000000000 0 00 00000000 5 1 0 0000000000000026 fff80000 f fff80000 0 00 fff80000
DONE retired=38 fault=00 pc=0000000000000025
