0000000000000000 00131d0000000000 1 1d 00000000 0 0 0 0000000000000001
0000000000000001 8506000000000000 0 00 00000000 0 0 0 0000000000000002
0000000000000002 00131400ffffff00 1 14 ffffffff 0 0 0 0000000000000003
0000000000000003 8506000000000000 0 00 00000000 0 0 0 0000000000000004
0000000000000004 8506000000000000 0 00 00000000 0 0 0 0000000000000005
0000000000000005 8506000000000000 0 00 00000000 0 0 0 0000000000000006
0000000000000006 8506000000000000 0 00 00000000 0 0 0 0000000000000007
0000000000000007 00520c0a09000000 1 0c 00000000 0 0 0 0000000000000008
0000000000000008 8506000000000000 0 00 00000000 0 0 0 0000000000000009
0000000000000009 0092010d00000000 1 01 ffffffff 0 0 0 000000000000000a
000000000000000a 0092050a00000000 1 05 ffffffff 0 0 0 000000000000000b
000000000000000b 0112001007000000 0 00 00000000 5 0 0 000000000000000c
000000000000000c 02150000030d0000 0 00 00000000 5 0 0 000000000000000d
000000000000000d 8506000000000000 0 00 00000000 5 0 0 000000000000000e
000000000000000e 8506000000000000 0 00 00000000 5 0 0 000000000000000f
000000000000000f 8506000000000000 0 00 00000000 5 0 0 0000000000000010
0000000000000010 0013030000000000 1 03 00000000 5 0 0 0000000000000011
0000000000000011 0062040a07000000 1 04 00000000 5 0 0 0000000000000012
0000000000000012 00920c0c00000000 1 0c ffffffff 5 0 0 0000000000000013
0000000000000013 0306000000001100 1 11 00000000 5 0 0 0000000000000014
0000000000000014 0082140b01000000 1 14 ffffffff 5 0 0 0000000000000015
0000000000000015 0062040e0e000000 1 04 00000000 5 0 0 0000000000000016
0000000000000016 00130300aaaaaa00 1 03 ffaaaaaa 5 0 0 0000000000000017
0000000000000017 00b2110906000000 1 11 00000000 5 0 0 0000000000000018
0000000000000018 00131300508f8b00 1 13 00508f8b 5 0 0 0000000000000019
0000000000000019 00b30f0a00001100 1 0f 00000000 5 0 0 000000000000001a
000000000000001a 0013130022a77900 1 13 0022a779 5 0 0 000000000000001b
000000000000001b 00a20d020f000000 1 0d 00000000 5 0 0 000000000000001c
000000000000001c 0102000413000000 0 00 00000000 2 0 0 000000000000001d
000000000000001d 02150000010c0000 0 00 00000000 2 0 0 000000000000001e
000000000000001e 8506000000000000 0 00 00000000 2 0 0 000000000000001f
000000000000001f 0063111300001000 1 11 a7790000 2 0 0 0000000000000020
0000000000000020 00320d0302000000 1 0d 00000000 2 0 0 0000000000000021
0000000000000021 0023100500000100 1 10 00000000 2 0 0 0000000000000022
0000000000000022 010200140e000000 0 00 00000000 6 0 0 0000000000000023
0000000000000023 02150000010e0000 0 00 00000000 6 0 1 0000000000000025
0000000000000025 011200080d000000 0 00 00000000 5 0 0 0000000000000026
0000000000000026 0215000002020000 0 00 00000000 5 0 1 0000000000000029
0000000000000029 00130700d0934700 1 07 ffd09347 5 0 0 000000000000002a
000000000000002a 8506000000000000 0 00 00000000 5 0 0 000000000000002b
000000000000002b 0013090099235900 1 09 ff992359 5 0 0 000000000000002c
000000000000002c 00b30c0d00001b00 1 0c 00000000 5 0 0 000000000000002d
000000000000002d 0062140414000000 1 14 00000000 5 0 0 000000000000002e
000000000000002e 0023041000000100 1 04 00000001 5 0 0 000000000000002f
000000000000002f 0306000000000a00 1 0a 00000000 5 0 0 0000000000000030
0000000000000030 00220b0d10000000 1 0b 00000000 5 0 0 0000000000000031
0000000000000031 0013040057366b00 1 04 0057366b 5 0 0 0000000000000032
0000000000000032 8506000000000000 0 00 00000000 5 0 0 0000000000000033
0000000000000033 00131e0000000300 1 1e 00000003 5 0 0 0000000000000034
0000000000000034 0023151500000100 1 15 00000001 5 0 0 0000000000000035
0000000000000035 00731e1e00000100 1 1e 00000002 5 0 0 0000000000000036
0000000000000036 0102001e1d000000 0 00 00000000 4 0 0 0000000000000037
0000000000000037 0215fffffc040000 0 00 00000000 4 0 1 0000000000000034
0000000000000034 0023151500000100 1 15 00000002 4 0 0 0000000000000035
0000000000000035 00731e1e00000100 1 1e 00000001 4 0 0 0000000000000036
0000000000000036 0102001e1d000000 0 00 00000000 4 0 0 0000000000000037
0000000000000037 0215fffffc040000 0 00 00000000 4 0 1 0000000000000034
0000000000000034 0023151500000100 1 15 00000003 4 0 0 0000000000000035
0000000000000035 00731e1e00000100 1 1e 00000000 4 0 0 0000000000000036
0000000000000036 0102001e1d000000 0 00 00000000 5 1 0 0000000000000037
0000000000000037 0215fffffc040000 0 00 00000000 5 1 0 0000000000000038
0000000000000038 7cf5000000000000 0 00 00000000 5 1 0 0000000000000039
DONE retired=62 fault=00 pc=0000000000000038
