0000000000000000 00131d0000000000 1 1d 00000000 0 0 0 0000000000000001
0000000000000001 0032050f0c000000 1 05 00000000 0 0 0 0000000000000002
0000000000000002 0112000f14000000 0 00 00000000 5 0 0 0000000000000003
0000000000000003 0215000003010000 0 00 00000000 5 0 0 0000000000000004
0000000000000004 8506000000000000 0 00 00000000 5 0 0 0000000000000005
0000000000000005 8506000000000000 0 00 00000000 5 0 0 0000000000000006
0000000000000006 8506000000000000 0 00 00000000 5 0 0 0000000000000007
0000000000000007 00a30c1400001900 1 0c 00000000 5 0 0 0000000000000008
0000000000000008 0013040000000100 1 04 00000001 5 0 0 0000000000000009
0000000000000009 00b210050d000000 1 10 00000000 5 0 0 000000000000000a
000000000000000a 8506000000000000 0 00 00000000 5 0 0 000000000000000b
000000000000000b 00230213cf23c000 1 02 ffcf23c0 5 0 0 000000000000000c
000000000000000c 00130900fcbc3600 1 09 fffcbc36 5 0 0 000000000000000d
000000000000000d 00131e0000000100 1 1e 00000001 5 0 0 000000000000000e
000000000000000e 0023151500000100 1 15 00000001 5 0 0 000000000000000f
000000000000000f 00731e1e00000100 1 1e 00000000 5 0 0 0000000000000010
0000000000000010 0102001e1d000000 0 00 00000000 5 1 0 0000000000000011
0000000000000011 0215fffffc040000 0 00 00000000 5 1 0 0000000000000012
0000000000000012 7cf5000000000000 0 00 00000000 5 1 0 0000000000000013
DONE retired=19 fault=00 pc=0000000000000012
