0000000000000000 00131d0000000000 1 1d 00000000 0 0 0 0000000000000001
0000000000000001 0102001412000000 0 00 00000000 5 1 0 0000000000000002
0000000000000002 0215000002030000 0 00 00000000 5 1 1 0000000000000005
0000000000000005 0013140027d2bb00 1 14 0027d2bb 5 1 0 0000000000000006
0000000000000006 00320e0701000000 1 0e 00000000 5 1 0 0000000000000007
0000000000000007 8506000000000000 0 00 00000000 5 1 0 0000000000000008
0000000000000008 0072100d0c000000 1 10 00000000 5 1 0 0000000000000009
0000000000000009 8506000000000000 0 00 00000000 5 1 0 000000000000000a
000000000000000a 8506000000000000 0 00 00000000 5 1 0 000000000000000b
000000000000000b 00130100491a5c00 1 01 00491a5c 5 1 0 000000000000000c
000000000000000c 8506000000000000 0 00 00000000 5 1 0 000000000000000d
000000000000000d 001309009588b900 1 09 ff9588b9 5 1 0 000000000000000e
000000000000000e 0092050200000000 1 05 ffffffff 5 1 0 000000000000000f
000000000000000f 0013120000000100 1 12 00000001 5 1 0 0000000000000010
0000000000000010 0023031286cadf00 1 03 ff86cae0 5 1 0 0000000000000011
0000000000000011 8506000000000000 0 00 00000000 5 1 0 0000000000000012
0000000000000012 00130400c0643c00 1 04 ffc0643c 5 1 0 0000000000000013
0000000000000013 8506000000000000 0 00 00000000 5 1 0 0000000000000014
0000000000000014 00231014e5597400 1 10 000d2c2f 5 1 0 0000000000000015
0000000000000015 0092110400000000 1 11 003f9bc3 5 1 0 0000000000000016
0000000000000016 00131e0000000400 1 1e 00000004 5 1 0 0000000000000017
0000000000000017 0023151500000100 1 15 00000001 5 1 0 0000000000000018
0000000000000018 00731e1e00000100 1 1e 00000003 5 1 0 0000000000000019
0000000000000019 0102001e1d000000 0 00 00000000 4 0 0 000000000000001a
000000000000001a 0215fffffc040000 0 00 00000000 4 0 1 0000000000000017
0000000000000017 0023151500000100 1 15 00000002 4 0 0 0000000000000018
0000000000000018 00731e1e00000100 1 1e 00000002 4 0 0 0000000000000019
0000000000000019 0102001e1d000000 0 00 00000000 4 0 0 000000000000001a
000000000000001a 0215fffffc040000 0 00 00000000 4 0 1 0000000000000017
0000000000000017 0023151500000100 1 15 00000003 4 0 0 0000000000000018
0000000000000018 00731e1e00000100 1 1e 00000001 4 0 0 0000000000000019
0000000000000019 0102001e1d000000 0 00 00000000 4 0 0 000000000000001a
000000000000001a 0215fffffc040000 0 00 00000000 4 0 1 0000000000000017
0000000000000017 0023151500000100 1 15 00000004 4 0 0 0000000000000018
0000000000000018 00731e1e00000100 1 1e 00000000 4 0 0 0000000000000019
0000000000000019 0102001e1d000000 0 00 00000000 5 1 0 000000000000001a
000000000000001a 0215fffffc040000 0 00 00000000 5 1 0 000000000000001b
000000000000001b 7cf5000000000000 0 00 00000000 5 1 0 000000000000001c
DONE retired=38 fault=00 pc=000000000000001b
