0000000000000000 00131d0000000000 1 1d 00000000 0 0 0 0000000000000001
0000000000000001 8506000000000000 0 00 00000000 0 0 0 0000000000000002
0000000000000002 0032140e0b000000 1 14 00000000 0 0 0 0000000000000003
0000000000000003 00b3121200001600 1 12 00000000 0 0 0 0000000000000004
0000000000000004 0092090800000000 1 09 ffffffff 0 0 0 0000000000000005
0000000000000005 0092010c00000000 1 01 ffffffff 0 0 0 0000000000000006
0000000000000006 008205100f000000 1 05 00000000 0 0 0 0000000000000007
0000000000000007 0013130055555500 1 13 00555555 0 0 0 0000000000000008
0000000000000008 00130e00198db700 1 0e 00198db7 0 0 0 0000000000000009
0000000000000009 0102001204000000 0 00 00000000 5 1 0 000000000000000a
000000000000000a 02150000030e0000 0 00 00000000 5 1 1 000000000000000e
000000000000000e 8506000000000000 0 00 00000000 5 1 0 000000000000000f
000000000000000f 8506000000000000 0 00 00000000 5 1 0 0000000000000010
0000000000000010 8506000000000000 0 00 00000000 5 1 0 0000000000000011
0000000000000011 0082060b06000000 1 06 00000000 5 1 0 0000000000000012
0000000000000012 0102000a01000000 0 00 00000000 0 0 0 0000000000000013
0000000000000013 0215000002010000 0 00 00000000 0 0 0 0000000000000014
0000000000000014 8506000000000000 0 00 00000000 0 0 0 0000000000000015
0000000000000015 8506000000000000 0 00 00000000 0 0 0 0000000000000016
0000000000000016 00130b0031ddb500 1 0b 0031ddb5 0 0 0 0000000000000017
0000000000000017 8506000000000000 0 00 00000000 0 0 0 0000000000000018
0000000000000018 00520f0805000000 1 0f 00000000 0 0 0 0000000000000019
0000000000000019 8506000000000000 0 00 00000000 0 0 0 000000000000001a
000000000000001a 8506000000000000 0 00 00000000 0 0 0 000000000000001b
000000000000001b 8506000000000000 0 00 00000000 0 0 0 000000000000001c
000000000000001c 00130d0000000000 1 0d 00000000 0 0 0 000000000000001d
000000000000001d 8506000000000000 0 00 00000000 0 0 0 000000000000001e
000000000000001e 8506000000000000 0 00 00000000 0 0 0 000000000000001f
000000000000001f 00131e0000000400 1 1e 00000004 0 0 0 0000000000000020
0000000000000020 0023151500000100 1 15 00000001 0 0 0 0000000000000021
0000000000000021 00731e1e00000100 1 1e 00000003 0 0 0 0000000000000022
0000000000000022 0102001e1d000000 0 00 00000000 4 0 0 0000000000000023
0000000000000023 0215fffffc040000 0 00 00000000 4 0 1 0000000000000020
0000000000000020 0023151500000100 1 15 00000002 4 0 0 0000000000000021
0000000000000021 00731e1e00000100 1 1e 00000002 4 0 0 0000000000000022
0000000000000022 0102001e1d000000 0 00 00000000 4 0 0 0000000000000023
0000000000000023 0215fffffc040000 0 00 00000000 4 0 1 0000000000000020
0000000000000020 0023151500000100 1 15 00000003 4 0 0 0000000000000021
0000000000000021 00731e1e00000100 1 1e 00000001 4 0 0 0000000000000022
0000000000000022 0102001e1d000000 0 00 00000000 4 0 0 0000000000000023
0000000000000023 0215fffffc040000 0 00 00000000 4 0 1 0000000000000020
0000000000000020 0023151500000100 1 15 00000004 4 0 0 0000000000000021
0000000000000021 00731e1e00000100 1 1e 00000000 4 0 0 0000000000000022
0000000000000022 0102001e1d000000 0 00 00000000 5 1 0 0000000000000023
0000000000000023 0215fffffc040000 0 00 00000000 5 1 0 0000000000000024
0000000000000024 7cf5000000000000 0 00 00000000 5 1 0 0000000000000025
DONE retired=46 fault=00 pc=0000000000000024
