0000000000000000 0013140000004d00 1 14 0000004d 0 0 0 0000000000000001 aaaaaaaa f aaaaaaaa 0 00 aaaaaaaa
0000000000000001 0013150000000000 1 15 00000000 0 0 0 0000000000000002 aaaaaaaa f aaaaaaaa 0 00 aaaaaaaa
0000000000000002 342005150000f000 0 00 00000000 0 0 0 0000000000000003 aaaaaaaa f aaaaaaaa 1 05 aaaaaaaa
0000000000000003 340006040000f000 0 00 00000000 0 0 0 0000000000000004 aaaaaaaa f aaaaaaaa 1 06 aaaaaaaa
0000000000000004 0013150000000000 1 15 00000000 0 0 0 0000000000000005 aaaaaaaa f aaaaaaaa 0 00 aaaaaaaa
0000000000000005 342006150000f000 0 00 00000000 0 0 0 0000000000000006 aaaaaaaa f aaaaaaaa 1 06 aaaaaaaa
0000000000000006 105003050600f000 0 00 00000000 0 0 0 0000000000000007 aaaaaaaa f aaaaaaaa 1 03 aaaaaaaa
0000000000000007 0013160000000000 1 16 00000000 0 0 0 0000000000000008 aaaaaaaa f aaaaaaaa 0 00 aaaaaaaa
0000000000000008 342006160000f000 0 00 00000000 0 0 0 0000000000000009 aaaaaaaa f aaaaaaaa 1 06 aaaaaaaa
0000000000000009 108104060001f000 0 00 00000000 0 0 0 000000000000000a aaaaaaaa f aaaaaaaa 1 04 aaaaaaaa
000000000000000a 3411050000004000 0 00 00000000 0 0 0 000000000000000b aaaaaaaa 4 aaaaaaaa 1 05 aaaaaaaa
000000000000000b 0013150000000100 1 15 00000001 0 0 0 000000000000000c aaaaaaaa f aaaaaaaa 0 00 aaaaaaaa
000000000000000c 3420041500005000 0 00 00000000 0 0 0 000000000000000d aaaaaaaa 5 808808a0 1 04 808808a0
000000000000000d 1030050402006000 0 00 00000000 0 0 0 000000000000000e aaaaaaaa 6 02880880 1 05 02880880
000000000000000e 00131600ffffff00 1 16 ffffffff 0 0 0 000000000000000f aaaaaaaa f aaaaaaaa 0 00 aaaaaaaa
000000000000000f 342004160000f000 0 00 00000000 0 0 0 0000000000000010 aaaaaaaa f aaaaaaaa 1 04 aaaaaaaa
0000000000000010 108103040021f000 0 00 00000000 0 0 0 0000000000000011 aaaaaaaa f aaaaaaaa 1 03 aaaaaaaa
0000000000000011 107104020021f000 0 00 00000000 0 0 0 0000000000000012 aaaaaaaa f aaaaaaaa 1 04 aaaaaaaa
0000000000000012 0013150055555500 1 15 00555555 0 0 0 0000000000000013 aaaaaaaa f aaaaaaaa 0 00 aaaaaaaa
0000000000000013 342003150000c000 0 00 00000000 0 0 0 0000000000000014 aaaaaaaa c aaaaaaaa 1 03 aaaaaaaa
0000000000000014 10710306003ff000 0 00 00000000 0 0 0 0000000000000015 aaaaaaaa f aaaaaaaa 1 03 aaaaaaaa
0000000000000015 102006040400f000 0 00 00000000 0 0 0 0000000000000016 aaaaaaaa f aaaaaaaa 1 06 aaaaaaaa
0000000000000016 340006030000f000 0 00 00000000 0 0 0 0000000000000017 aaaaaaaa f aaaaaaaa 1 06 aaaaaaaa
0000000000000017 107105040001f000 0 00 00000000 0 0 0 0000000000000018 aaaaaaaa f aaaaaaaa 1 05 aaaaaaaa
0000000000000018 103003030400f000 0 00 00000000 0 0 0 0000000000000019 aaaaaaaa f aaaaaaaa 1 03 aaaaaaaa
0000000000000019 105004060500f000 0 00 00000000 0 0 0 000000000000001a aaaaaaaa f aaaaaaaa 1 04 aaaaaaaa
000000000000001a 1030040202004000 0 00 00000000 0 0 0 000000000000001b aaaaaaaa 4 aaaaaaaa 1 04 aaaaaaaa
000000000000001b 107103030010f000 0 00 00000000 0 0 0 000000000000001c aaaaaaaa f aaaaaaaa 1 03 aaaaaaaa
000000000000001c 0013150000000100 1 15 00000001 0 0 0 000000000000001d aaaaaaaa f aaaaaaaa 0 00 aaaaaaaa
000000000000001d 342004150000c000 0 00 00000000 0 0 0 000000000000001e aaaaaaaa c aaaaaaaa 1 04 aaaaaaaa
000000000000001e 107102040021f000 0 00 00000000 0 0 0 000000000000001f aaaaaaaa f aaaaaaaa 1 02 aaaaaaaa
000000000000001f 0013150000000000 1 15 00000000 0 0 0 0000000000000020 aaaaaaaa f aaaaaaaa 0 00 aaaaaaaa
0000000000000020 342003150000f000 0 00 00000000 0 0 0 0000000000000021 aaaaaaaa f aaaaaaaa 1 03 aaaaaaaa
0000000000000021 102002060400f000 0 00 00000000 0 0 0 0000000000000022 aaaaaaaa f aaaaaaaa 1 02 aaaaaaaa
0000000000000022 00131600ffffff00 1 16 ffffffff 0 0 0 0000000000000023 aaaaaaaa f aaaaaaaa 0 00 aaaaaaaa
0000000000000023 342004160000f000 0 00 00000000 0 0 0 0000000000000024 aaaaaaaa f aaaaaaaa 1 04 aaaaaaaa
0000000000000024 108102040001f000 0 00 00000000 0 0 0 0000000000000025 aaaaaaaa f aaaaaaaa 1 02 aaaaaaaa
0000000000000025 1010040205007000 0 00 00000000 0 0 0 0000000000000026 aaaaaaaa 7 00000000 1 04 00000000
0000000000000026 340005040000f000 0 00 00000000 0 0 0 0000000000000027 aaaaaaaa f aaaaaaaa 1 05 aaaaaaaa
0000000000000027 101002020300f000 0 00 00000000 0 0 0 0000000000000028 aaaaaaaa f aaaaaaaa 1 02 aaaaaaaa
0000000000000028 340006030000f000 0 00 00000000 0 0 0 0000000000000029 aaaaaaaa f aaaaaaaa 1 06 aaaaaaaa
0000000000000029 10110306fffff000 0 00 00000000 0 0 0 000000000000002a aaaaaaaa f aaaaaaaa 1 03 aaaaaaaa
000000000000002a 104003060500e000 0 00 00000000 0 0 0 000000000000002b aaaaaaaa e 00000000 1 03 00000000
000000000000002b 00131e0000000200 1 1e 00000002 0 0 0 000000000000002c aaaaaaaa f aaaaaaaa 0 00 aaaaaaaa
000000000000002c 0023171700000100 1 17 00000001 0 0 0 000000000000002d aaaaaaaa f aaaaaaaa 0 00 aaaaaaaa
000000000000002d 00731e1e00000100 1 1e 00000001 0 0 0 000000000000002e aaaaaaaa f aaaaaaaa 0 00 aaaaaaaa
000000000000002e 0013180000000000 1 18 00000000 0 0 0 000000000000002f aaaaaaaa f aaaaaaaa 0 00 aaaaaaaa
000000000000002f 0102001e18000000 0 00 00000000 4 0 0 0000000000000030 aaaaaaaa f aaaaaaaa 0 00 aaaaaaaa
0000000000000030 0215fffffb040000 0 00 00000000 4 0 1 000000000000002c aaaaaaaa f aaaaaaaa 0 00 aaaaaaaa
000000000000002c 0023171700000100 1 17 00000002 4 0 0 000000000000002d aaaaaaaa f aaaaaaaa 0 00 aaaaaaaa
000000000000002d 00731e1e00000100 1 1e 00000000 4 0 0 000000000000002e aaaaaaaa f aaaaaaaa 0 00 aaaaaaaa
000000000000002e 0013180000000000 1 18 00000000 4 0 0 000000000000002f aaaaaaaa f aaaaaaaa 0 00 aaaaaaaa
000000000000002f 0102001e18000000 0 00 00000000 5 1 0 0000000000000030 aaaaaaaa f aaaaaaaa 0 00 aaaaaaaa
0000000000000030 0215fffffb040000 0 00 00000000 5 1 0 0000000000000031 aaaaaaaa f aaaaaaaa 0 00 aaaaaaaa
0000000000000031 7cf5000000000000 0 00 00000000 5 1 0 0000000000000032 aaaaaaaa f aaaaaaaa 0 00 aaaaaaaa
DONE retired=55 fault=00 pc=0000000000000031
