0000000000000000 00131d0000000000 1 1d 00000000 0 0 0 0000000000000001
0000000000000001 8506000000000000 0 00 00000000 0 0 0 0000000000000002
0000000000000002 00b209050f000000 1 09 00000000 0 0 0 0000000000000003
0000000000000003 0306000000000500 1 05 00000000 0 0 0 0000000000000004
0000000000000004 0082120c0b000000 1 12 00000000 0 0 0 0000000000000005
0000000000000005 00a2060f08000000 1 06 00000000 0 0 0 0000000000000006
0000000000000006 0112000411000000 0 00 00000000 5 0 0 0000000000000007
0000000000000007 0215000001030000 0 00 00000000 5 0 1 0000000000000009
0000000000000009 00130e00ffffff00 1 0e ffffffff 5 0 0 000000000000000a
000000000000000a 00520a1307000000 1 0a 00000000 5 0 0 000000000000000b
000000000000000b 0102001003000000 0 00 00000000 5 1 0 000000000000000c
000000000000000c 02150000030e0000 0 00 00000000 5 1 1 0000000000000010
0000000000000010 0306000000000500 1 05 00000000 5 1 0 0000000000000011
0000000000000011 0013100055555500 1 10 00555555 5 1 0 0000000000000012
0000000000000012 8506000000000000 0 00 00000000 5 1 0 0000000000000013
0000000000000013 0013100081e26000 1 10 ff81e260 5 1 0 0000000000000014
0000000000000014 00130f0007236800 1 0f 00072368 5 1 0 0000000000000015
0000000000000015 0052091109000000 1 09 00000000 5 1 0 0000000000000016
0000000000000016 0073090b59cc0500 1 09 ffa633fb 5 1 0 0000000000000017
0000000000000017 0306000000000b00 1 0b 00000000 5 1 0 0000000000000018
0000000000000018 00131200b4e90400 1 12 ffb4e904 5 1 0 0000000000000019
0000000000000019 8506000000000000 0 00 00000000 5 1 0 000000000000001a
000000000000001a 0013130000000000 1 13 00000000 5 1 0 000000000000001b
000000000000001b 8506000000000000 0 00 00000000 5 1 0 000000000000001c
000000000000001c 0013110058334700 1 11 00583347 5 1 0 000000000000001d
000000000000001d 00130b00623f1800 1 0b 00623f18 5 1 0 000000000000001e
000000000000001e 00131000ffffff00 1 10 ffffffff 5 1 0 000000000000001f
000000000000001f 0112000708000000 0 00 00000000 5 0 0 0000000000000020
0000000000000020 0215000002010000 0 00 00000000 5 0 0 0000000000000021
0000000000000021 8506000000000000 0 00 00000000 5 0 0 0000000000000022
0000000000000022 8506000000000000 0 00 00000000 5 0 0 0000000000000023
0000000000000023 001305002da3c900 1 05 002da3c9 5 0 0 0000000000000024
0000000000000024 8506000000000000 0 00 00000000 5 0 0 0000000000000025
0000000000000025 0092130800000000 1 13 ffffffff 5 0 0 0000000000000026
0000000000000026 0112001314000000 0 00 00000000 6 1 0 0000000000000027
0000000000000027 0215000003030000 0 00 00000000 6 1 0 0000000000000028
0000000000000028 8506000000000000 0 00 00000000 6 1 0 0000000000000029
0000000000000029 8506000000000000 0 00 00000000 6 1 0 000000000000002a
000000000000002a 8506000000000000 0 00 00000000 6 1 0 000000000000002b
000000000000002b 00131e0000000200 1 1e 00000002 6 1 0 000000000000002c
000000000000002c 0023151500000100 1 15 00000001 6 1 0 000000000000002d
000000000000002d 00731e1e00000100 1 1e 00000001 6 1 0 000000000000002e
000000000000002e 0102001e1d000000 0 00 00000000 4 0 0 000000000000002f
000000000000002f 0215fffffc040000 0 00 00000000 4 0 1 000000000000002c
000000000000002c 0023151500000100 1 15 00000002 4 0 0 000000000000002d
000000000000002d 00731e1e00000100 1 1e 00000000 4 0 0 000000000000002e
000000000000002e 0102001e1d000000 0 00 00000000 5 1 0 000000000000002f
000000000000002f 0215fffffc040000 0 00 00000000 5 1 0 0000000000000030
0000000000000030 7cf5000000000000 0 00 00000000 5 1 0 0000000000000031
DONE retired=49 fault=00 pc=0000000000000030
