0000000000000000 00131d0000000000 1 1d 00000000 0 0 0 0000000000000001
0000000000000001 00131e0000000500 1 1e 00000005 0 0 0 0000000000000002
0000000000000002 0013010000000000 1 01 00000000 0 0 0 0000000000000003
0000000000000003 0023010100000200 1 01 00000002 0 0 0 0000000000000004
0000000000000004 00731e1e00000100 1 1e 00000004 0 0 0 0000000000000005
0000000000000005 0102001e1d000000 0 00 00000000 4 0 0 0000000000000006
0000000000000006 0215fffffc040000 0 00 00000000 4 0 1 0000000000000003
0000000000000003 0023010100000200 1 01 00000004 4 0 0 0000000000000004
0000000000000004 00731e1e00000100 1 1e 00000003 4 0 0 0000000000000005
0000000000000005 0102001e1d000000 0 00 00000000 4 0 0 0000000000000006
0000000000000006 0215fffffc040000 0 00 00000000 4 0 1 0000000000000003
0000000000000003 0023010100000200 1 01 00000006 4 0 0 0000000000000004
0000000000000004 00731e1e00000100 1 1e 00000002 4 0 0 0000000000000005
0000000000000005 0102001e1d000000 0 00 00000000 4 0 0 0000000000000006
0000000000000006 0215fffffc040000 0 00 00000000 4 0 1 0000000000000003
0000000000000003 0023010100000200 1 01 00000008 4 0 0 0000000000000004
0000000000000004 00731e1e00000100 1 1e 00000001 4 0 0 0000000000000005
0000000000000005 0102001e1d000000 0 00 00000000 4 0 0 0000000000000006
0000000000000006 0215fffffc040000 0 00 00000000 4 0 1 0000000000000003
0000000000000003 0023010100000200 1 01 0000000a 4 0 0 0000000000000004
0000000000000004 00731e1e00000100 1 1e 00000000 4 0 0 0000000000000005
0000000000000005 0102001e1d000000 0 00 00000000 5 1 0 0000000000000006
0000000000000006 0215fffffc040000 0 00 00000000 5 1 0 0000000000000007
0000000000000007 7cf5000000000000 0 00 00000000 5 1 0 0000000000000008
DONE retired=24 fault=00 pc=0000000000000007
