0000000000000000 00131d0000000000 1 1d 00000000 0 0 0 0000000000000001
0000000000000001 0042131107000000 1 13 00000000 0 0 0 0000000000000002
0000000000000002 0092031000000000 1 03 ffffffff 0 0 0 0000000000000003
0000000000000003 8506000000000000 0 00 00000000 0 0 0 0000000000000004
0000000000000004 0306000000001400 1 14 00000000 0 0 0 0000000000000005
0000000000000005 0306000000000600 1 06 00000000 0 0 0 0000000000000006
0000000000000006 00a30c1400001600 1 0c 00000000 0 0 0 0000000000000007
0000000000000007 0092100400000000 1 10 ffffffff 0 0 0 0000000000000008
0000000000000008 0092020c00000000 1 02 ffffffff 0 0 0 0000000000000009
0000000000000009 00130700e5d0fa00 1 07 ffe5d0fa 0 0 0 000000000000000a
000000000000000a 0073090bffffff00 1 09 00000001 0 0 0 000000000000000b
000000000000000b 0306000000000f00 1 0f 00000000 0 0 0 000000000000000c
000000000000000c 00130b00b4828600 1 0b ffb48286 0 0 0 000000000000000d
000000000000000d 00920d0700000000 1 0d 001a2f05 0 0 0 000000000000000e
000000000000000e 0013140000000000 1 14 00000000 0 0 0 000000000000000f
000000000000000f 00231311aaaaaa00 1 13 ffaaaaaa 0 0 0 0000000000000010
0000000000000010 0062020609000000 1 02 00000000 0 0 0 0000000000000011
0000000000000011 0092120e00000000 1 12 ffffffff 0 0 0 0000000000000012
0000000000000012 0082140804000000 1 14 00000000 0 0 0 0000000000000013
0000000000000013 00920e1400000000 1 0e ffffffff 0 0 0 0000000000000014
0000000000000014 00130900d0d01400 1 09 ffd0d014 0 0 0 0000000000000015
0000000000000015 00730e0a8f9a1a00 1 0e 007065e6 0 0 0 0000000000000016
0000000000000016 003202090a000000 1 02 00000000 0 0 0 0000000000000017
0000000000000017 001303004554ed00 1 03 004554ed 0 0 0 0000000000000018
0000000000000018 00130900ffffff00 1 09 ffffffff 0 0 0 0000000000000019
0000000000000019 00131300c18dd900 1 13 ffc18dd9 0 0 0 000000000000001a
000000000000001a 00a30f0b00001d00 1 0f 00000007 0 0 0 000000000000001b
000000000000001b 8506000000000000 0 00 00000000 0 0 0 000000000000001c
000000000000001c 0306000000001200 1 12 00000000 0 0 0 000000000000001d
000000000000001d 00820c0a0b000000 1 0c ffb48286 0 0 0 000000000000001e
000000000000001e 0122000102000000 0 00 00000000 5 0 0 000000000000001f
000000000000001f 02150000010d0000 0 00 00000000 5 0 0 0000000000000020
0000000000000020 8506000000000000 0 00 00000000 5 0 0 0000000000000021
0000000000000021 0306000000000a00 1 0a 00000000 5 0 0 0000000000000022
0000000000000022 0073110745129100 1 11 ffa0be69 5 0 0 0000000000000023
0000000000000023 00320d040a000000 1 0d 00000000 5 0 0 0000000000000024
0000000000000024 0023050d1e9db700 1 05 001e9db7 5 0 0 0000000000000025
0000000000000025 00131e0000000400 1 1e 00000004 5 0 0 0000000000000026
0000000000000026 0023151500000100 1 15 00000001 5 0 0 0000000000000027
0000000000000027 00731e1e00000100 1 1e 00000003 5 0 0 0000000000000028
0000000000000028 0102001e1d000000 0 00 00000000 4 0 0 0000000000000029
0000000000000029 0215fffffc040000 0 00 00000000 4 0 1 0000000000000026
0000000000000026 0023151500000100 1 15 00000002 4 0 0 0000000000000027
0000000000000027 00731e1e00000100 1 1e 00000002 4 0 0 0000000000000028
0000000000000028 0102001e1d000000 0 00 00000000 4 0 0 0000000000000029
0000000000000029 0215fffffc040000 0 00 00000000 4 0 1 0000000000000026
0000000000000026 0023151500000100 1 15 00000003 4 0 0 0000000000000027
0000000000000027 00731e1e00000100 1 1e 00000001 4 0 0 0000000000000028
0000000000000028 0102001e1d000000 0 00 00000000 4 0 0 0000000000000029
0000000000000029 0215fffffc040000 0 00 00000000 4 0 1 0000000000000026
0000000000000026 0023151500000100 1 15 00000004 4 0 0 0000000000000027
0000000000000027 00731e1e00000100 1 1e 00000000 4 0 0 0000000000000028
0000000000000028 0102001e1d000000 0 00 00000000 5 1 0 0000000000000029
0000000000000029 0215fffffc040000 0 00 00000000 5 1 0 000000000000002a
000000000000002a 7cf5000000000000 0 00 00000000 5 1 0 000000000000002b
DONE retired=55 fault=00 pc=000000000000002a
