0000000000000000 0013140000004d00 1 14 0000004d 0 0 0 0000000000000001 0f045b42 f 0f045b42 0 00 0f045b42
0000000000000001 341106007fe7f000 0 00 00000000 0 0 0 0000000000000002 0f045b42 f 0f045b42 1 06 0f045b42
0000000000000002 00131500ffffff00 1 15 ffffffff 0 0 0 0000000000000003 0f045b42 f 0f045b42 0 00 0f045b42
0000000000000003 342006150000f000 0 00 00000000 0 0 0 0000000000000004 0f045b42 f 0f045b42 1 06 0f045b42
0000000000000004 34110400ffff3000 0 00 00000000 0 0 0 0000000000000005 0f045b42 3 00000000 1 04 00000000
0000000000000005 10710203003ff000 0 00 00000000 0 0 0 0000000000000006 0f045b42 f 0f045b42 1 02 0f045b42
0000000000000006 102006030600f000 0 00 00000000 0 0 0 0000000000000007 0f045b42 f 0f045b42 1 06 0f045b42
0000000000000007 10710302000ff000 0 00 00000000 0 0 0 0000000000000008 0f045b42 f 0f045b42 1 03 0f045b42
0000000000000008 343004000000f000 0 00 00000000 0 0 0 0000000000000009 0f045b42 f 0f045b42 1 04 0f045b42
0000000000000009 104002020300f000 0 00 00000000 0 0 0 000000000000000a 0f045b42 f 0f045b42 1 02 0f045b42
000000000000000a 100003020600f000 0 00 00000000 0 0 0 000000000000000b 0f045b42 f 0f045b42 1 03 0f045b42
000000000000000b 10610206001af000 0 00 00000000 0 0 0 000000000000000c 0f045b42 f 0f045b42 1 02 0f045b42
000000000000000c 100102038000f000 0 00 00000000 0 0 0 000000000000000d 0f045b42 f 0f045b42 1 02 0f045b42
000000000000000d 101005030600f000 0 00 00000000 0 0 0 000000000000000e 0f045b42 f 0f045b42 1 05 0f045b42
000000000000000e 107105030000f000 0 00 00000000 0 0 0 000000000000000f 0f045b42 f 0f045b42 1 05 0f045b42
000000000000000f 10610503000ff000 0 00 00000000 0 0 0 0000000000000010 0f045b42 f 0f045b42 1 05 0f045b42
0000000000000010 341105004eaaf000 0 00 00000000 0 0 0 0000000000000011 0f045b42 f 0f045b42 1 05 0f045b42
0000000000000011 10710306001ff000 0 00 00000000 0 0 0 0000000000000012 0f045b42 f 0f045b42 1 03 0f045b42
0000000000000012 0013160000000000 1 16 00000000 0 0 0 0000000000000013 0f045b42 f 0f045b42 0 00 0f045b42
0000000000000013 342006160000f000 0 00 00000000 0 0 0 0000000000000014 0f045b42 f 0f045b42 1 06 0f045b42
0000000000000014 108104060000f000 0 00 00000000 0 0 0 0000000000000015 0f045b42 f 0f045b42 1 04 0f045b42
0000000000000015 106105030010f000 0 00 00000000 0 0 0 0000000000000016 0f045b42 f 0f045b42 1 05 0f045b42
0000000000000016 3400060400002000 0 00 00000000 0 0 0 0000000000000017 0f045b42 2 0a000a02 1 06 0a000a02
0000000000000017 10610305001ff000 0 00 00000000 0 0 0 0000000000000018 0f045b42 f 0f045b42 1 03 0f045b42
0000000000000018 104006060200f000 0 00 00000000 0 0 0 0000000000000019 0f045b42 f 0f045b42 1 06 0f045b42
0000000000000019 104103041229f000 0 00 00000000 0 0 0 000000000000001a 0f045b42 f 0f045b42 1 03 0f045b42
000000000000001a 340005030000f000 0 00 00000000 0 0 0 000000000000001b 0f045b42 f 0f045b42 1 05 0f045b42
000000000000001b 100102037ffff000 0 00 00000000 0 0 0 000000000000001c 0f045b42 f 0f045b42 1 02 0f045b42
000000000000001c 00131e0000000200 1 1e 00000002 0 0 0 000000000000001d 0f045b42 f 0f045b42 0 00 0f045b42
000000000000001d 0023171700000100 1 17 00000001 0 0 0 000000000000001e 0f045b42 f 0f045b42 0 00 0f045b42
000000000000001e 00731e1e00000100 1 1e 00000001 0 0 0 000000000000001f 0f045b42 f 0f045b42 0 00 0f045b42
000000000000001f 0013180000000000 1 18 00000000 0 0 0 0000000000000020 0f045b42 f 0f045b42 0 00 0f045b42
0000000000000020 0102001e18000000 0 00 00000000 4 0 0 0000000000000021 0f045b42 f 0f045b42 0 00 0f045b42
0000000000000021 0215fffffb040000 0 00 00000000 4 0 1 000000000000001d 0f045b42 f 0f045b42 0 00 0f045b42
000000000000001d 0023171700000100 1 17 00000002 4 0 0 000000000000001e 0f045b42 f 0f045b42 0 00 0f045b42
000000000000001e 00731e1e00000100 1 1e 00000000 4 0 0 000000000000001f 0f045b42 f 0f045b42 0 00 0f045b42
000000000000001f 0013180000000000 1 18 00000000 4 0 0 0000000000000020 0f045b42 f 0f045b42 0 00 0f045b42
0000000000000020 0102001e18000000 0 00 00000000 5 1 0 0000000000000021 0f045b42 f 0f045b42 0 00 0f045b42
0000000000000021 0215fffffb040000 0 00 00000000 5 1 0 0000000000000022 0f045b42 f 0f045b42 0 00 0f045b42
0000000000000022 7cf5000000000000 0 00 00000000 5 1 0 0000000000000023 0f045b42 f 0f045b42 0 00 0f045b42
DONE retired=40 fault=00 pc=0000000000000022
