0000000000000000 00131d0000000000 1 1d 00000000 0 0 0 0000000000000001
0000000000000001 0013070000000000 1 07 00000000 0 0 0 0000000000000002
0000000000000002 0306000000000c00 1 0c 00000000 0 0 0 0000000000000003
0000000000000003 00a3040900001100 1 04 00000000 0 0 0 0000000000000004
0000000000000004 8506000000000000 0 00 00000000 0 0 0 0000000000000005
0000000000000005 0062021107000000 1 02 00000000 0 0 0 0000000000000006
0000000000000006 0022101114000000 1 10 00000000 0 0 0 0000000000000007
0000000000000007 0092101200000000 1 10 ffffffff 0 0 0 0000000000000008
0000000000000008 8506000000000000 0 00 00000000 0 0 0 0000000000000009
0000000000000009 0112000911000000 0 00 00000000 5 0 0 000000000000000a
000000000000000a 0215000001040000 0 00 00000000 5 0 0 000000000000000b
000000000000000b 8506000000000000 0 00 00000000 5 0 0 000000000000000c
000000000000000c 00131e0000000300 1 1e 00000003 5 0 0 000000000000000d
000000000000000d 0023151500000100 1 15 00000001 5 0 0 000000000000000e
000000000000000e 00731e1e00000100 1 1e 00000002 5 0 0 000000000000000f
000000000000000f 0102001e1d000000 0 00 00000000 4 0 0 0000000000000010
0000000000000010 0215fffffc040000 0 00 00000000 4 0 1 000000000000000d
000000000000000d 0023151500000100 1 15 00000002 4 0 0 000000000000000e
000000000000000e 00731e1e00000100 1 1e 00000001 4 0 0 000000000000000f
000000000000000f 0102001e1d000000 0 00 00000000 4 0 0 0000000000000010
0000000000000010 0215fffffc040000 0 00 00000000 4 0 1 000000000000000d
000000000000000d 0023151500000100 1 15 00000003 4 0 0 000000000000000e
000000000000000e 00731e1e00000100 1 1e 00000000 4 0 0 000000000000000f
000000000000000f 0102001e1d000000 0 00 00000000 5 1 0 0000000000000010
0000000000000010 0215fffffc040000 0 00 00000000 5 1 0 0000000000000011
0000000000000011 7cf5000000000000 0 00 00000000 5 1 0 0000000000000012
DONE retired=26 fault=00 pc=0000000000000011
