0000000000000000 00131d0000000000 1 1d 00000000 0 0 0 0000000000000001
0000000000000001 8506000000000000 0 00 00000000 0 0 0 0000000000000002
0000000000000002 0122001107000000 0 00 00000000 5 0 0 0000000000000003
0000000000000003 0215000002030000 0 00 00000000 5 0 1 0000000000000006
0000000000000006 0306000000000800 1 08 00000000 5 0 0 0000000000000007
0000000000000007 0063130300000200 1 13 00000000 5 0 0 0000000000000008
0000000000000008 0073021347f49b00 1 02 ffb80b65 5 0 0 0000000000000009
0000000000000009 8506000000000000 0 00 00000000 5 0 0 000000000000000a
000000000000000a 00a3030300001200 1 03 00000000 5 0 0 000000000000000b
000000000000000b 8506000000000000 0 00 00000000 5 0 0 000000000000000c
000000000000000c 0122000d07000000 0 00 00000000 5 0 0 000000000000000d
000000000000000d 0215000001030000 0 00 00000000 5 0 1 000000000000000f
000000000000000f 0032050112000000 1 05 00000000 5 0 0 0000000000000010
0000000000000010 8506000000000000 0 00 00000000 5 0 0 0000000000000011
0000000000000011 00a2060e0d000000 1 06 00000000 5 0 0 0000000000000012
0000000000000012 8506000000000000 0 00 00000000 5 0 0 0000000000000013
0000000000000013 0306000000000300 1 03 00000000 5 0 0 0000000000000014
0000000000000014 0042061104000000 1 06 00000000 5 0 0 0000000000000015
0000000000000015 00920a0e00000000 1 0a ffffffff 5 0 0 0000000000000016
0000000000000016 0092041300000000 1 04 ffffffff 5 0 0 0000000000000017
0000000000000017 008213060e000000 1 13 00000000 5 0 0 0000000000000018
0000000000000018 0112000811000000 0 00 00000000 5 0 0 0000000000000019
0000000000000019 02150000020d0000 0 00 00000000 5 0 0 000000000000001a
000000000000001a 8506000000000000 0 00 00000000 5 0 0 000000000000001b
000000000000001b 8506000000000000 0 00 00000000 5 0 0 000000000000001c
000000000000001c 0102001414000000 0 00 00000000 5 1 0 000000000000001d
000000000000001d 0215000002030000 0 00 00000000 5 1 1 0000000000000020
0000000000000020 007203070e000000 1 03 00000000 5 1 0 0000000000000021
0000000000000021 0073100d00000000 1 10 00000000 5 1 0 0000000000000022
0000000000000022 8506000000000000 0 00 00000000 5 1 0 0000000000000023
0000000000000023 0102001009000000 0 00 00000000 5 1 0 0000000000000024
0000000000000024 02150000030e0000 0 00 00000000 5 1 1 0000000000000028
0000000000000028 8506000000000000 0 00 00000000 5 1 0 0000000000000029
0000000000000029 8506000000000000 0 00 00000000 5 1 0 000000000000002a
000000000000002a 00b2010911000000 1 01 00000000 5 1 0 000000000000002b
000000000000002b 0092070300000000 1 07 ffffffff 5 1 0 000000000000002c
000000000000002c 0032040508000000 1 04 00000000 5 1 0 000000000000002d
000000000000002d 0063090500001a00 1 09 00000000 5 1 0 000000000000002e
000000000000002e 00b2010401000000 1 01 00000000 5 1 0 000000000000002f
000000000000002f 002201070e000000 1 01 ffffffff 5 1 0 0000000000000030
0000000000000030 0112000b08000000 0 00 00000000 5 0 0 0000000000000031
0000000000000031 02150000020c0000 0 00 00000000 5 0 1 0000000000000034
0000000000000034 8506000000000000 0 00 00000000 5 0 0 0000000000000035
0000000000000035 00130600786ecd00 1 06 00786ecd 5 0 0 0000000000000036
0000000000000036 00730411ffffff00 1 04 00000001 5 0 0 0000000000000037
0000000000000037 00131e0000000300 1 1e 00000003 5 0 0 0000000000000038
0000000000000038 0023151500000100 1 15 00000001 5 0 0 0000000000000039
0000000000000039 00731e1e00000100 1 1e 00000002 5 0 0 000000000000003a
000000000000003a 0102001e1d000000 0 00 00000000 4 0 0 000000000000003b
000000000000003b 0215fffffc040000 0 00 00000000 4 0 1 0000000000000038
0000000000000038 0023151500000100 1 15 00000002 4 0 0 0000000000000039
0000000000000039 00731e1e00000100 1 1e 00000001 4 0 0 000000000000003a
000000000000003a 0102001e1d000000 0 00 00000000 4 0 0 000000000000003b
000000000000003b 0215fffffc040000 0 00 00000000 4 0 1 0000000000000038
0000000000000038 0023151500000100 1 15 00000003 4 0 0 0000000000000039
0000000000000039 00731e1e00000100 1 1e 00000000 4 0 0 000000000000003a
000000000000003a 0102001e1d000000 0 00 00000000 5 1 0 000000000000003b
000000000000003b 0215fffffc040000 0 00 00000000 5 1 0 000000000000003c
000000000000003c 7cf5000000000000 0 00 00000000 5 1 0 000000000000003d
DONE retired=59 fault=00 pc=000000000000003c
