0000000000000000 00131d0000000000 1 1d 00000000 0 0 0 0000000000000001
0000000000000001 0032060d13000000 1 06 00000000 0 0 0 0000000000000002
0000000000000002 0022090d13000000 1 09 00000000 0 0 0 0000000000000003
0000000000000003 0306000000000100 1 01 00000000 0 0 0 0000000000000004
0000000000000004 8506000000000000 0 00 00000000 0 0 0 0000000000000005
0000000000000005 0102001302000000 0 00 00000000 5 1 0 0000000000000006
0000000000000006 0215000002010000 0 00 00000000 5 1 1 0000000000000009
0000000000000009 8506000000000000 0 00 00000000 5 1 0 000000000000000a
000000000000000a 0102001201000000 0 00 00000000 5 1 0 000000000000000b
000000000000000b 0215000001020000 0 00 00000000 5 1 0 000000000000000c
000000000000000c 8506000000000000 0 00 00000000 5 1 0 000000000000000d
000000000000000d 0112000209000000 0 00 00000000 5 0 0 000000000000000e
000000000000000e 0215000003040000 0 00 00000000 5 0 0 000000000000000f
000000000000000f 8506000000000000 0 00 00000000 5 0 0 0000000000000010
0000000000000010 8506000000000000 0 00 00000000 5 0 0 0000000000000011
0000000000000011 8506000000000000 0 00 00000000 5 0 0 0000000000000012
0000000000000012 00131300b6044100 1 13 ffb60441 5 0 0 0000000000000013
0000000000000013 00130d003dada300 1 0d 003dada3 5 0 0 0000000000000014
0000000000000014 0013100000000100 1 10 00000001 5 0 0 0000000000000015
0000000000000015 00130d002f7f4200 1 0d 002f7f42 5 0 0 0000000000000016
0000000000000016 0013010055555500 1 01 00555555 5 0 0 0000000000000017
0000000000000017 00130200cb455d00 1 02 ffcb455d 5 0 0 0000000000000018
0000000000000018 0112001411000000 0 00 00000000 5 0 0 0000000000000019
0000000000000019 0215000001020000 0 00 00000000 5 0 1 000000000000001b
000000000000001b 00520c0f0e000000 1 0c 00000000 5 0 0 000000000000001c
000000000000001c 00130900b4321200 1 09 ffb43212 5 0 0 000000000000001d
000000000000001d 00420b140d000000 1 0b 00000000 5 0 0 000000000000001e
000000000000001e 0306000000000300 1 03 00000000 5 0 0 000000000000001f
000000000000001f 00130100a45f5000 1 01 ffa45f50 5 0 0 0000000000000020
0000000000000020 001308002749dd00 1 08 002749dd 5 0 0 0000000000000021
0000000000000021 0052080d04000000 1 08 002f7f42 5 0 0 0000000000000022
0000000000000022 0092071200000000 1 07 ffffffff 5 0 0 0000000000000023
0000000000000023 00230c09aaaaaa00 1 0c ff5edcbc 5 0 0 0000000000000024
0000000000000024 8506000000000000 0 00 00000000 5 0 0 0000000000000025
0000000000000025 0102000e03000000 0 00 00000000 5 1 0 0000000000000026
0000000000000026 02150000010c0000 0 00 00000000 5 1 1 0000000000000028
0000000000000028 0112000a05000000 0 00 00000000 5 0 0 0000000000000029
0000000000000029 02150000030d0000 0 00 00000000 5 0 0 000000000000002a
000000000000002a 8506000000000000 0 00 00000000 5 0 0 000000000000002b
000000000000002b 8506000000000000 0 00 00000000 5 0 0 000000000000002c
000000000000002c 8506000000000000 0 00 00000000 5 0 0 000000000000002d
000000000000002d 0082040914000000 1 04 ffb43212 5 0 0 000000000000002e
000000000000002e 00230d1019ef0200 1 0d 0019ef03 5 0 0 000000000000002f
000000000000002f 00a3100600000400 1 10 00000000 5 0 0 0000000000000030
0000000000000030 00131e0000000200 1 1e 00000002 5 0 0 0000000000000031
0000000000000031 0023151500000100 1 15 00000001 5 0 0 0000000000000032
0000000000000032 00731e1e00000100 1 1e 00000001 5 0 0 0000000000000033
0000000000000033 0102001e1d000000 0 00 00000000 4 0 0 0000000000000034
0000000000000034 0215fffffc040000 0 00 00000000 4 0 1 0000000000000031
0000000000000031 0023151500000100 1 15 00000002 4 0 0 0000000000000032
0000000000000032 00731e1e00000100 1 1e 00000000 4 0 0 0000000000000033
0000000000000033 0102001e1d000000 0 00 00000000 5 1 0 0000000000000034
0000000000000034 0215fffffc040000 0 00 00000000 5 1 0 0000000000000035
0000000000000035 7cf5000000000000 0 00 00000000 5 1 0 0000000000000036
DONE retired=54 fault=00 pc=0000000000000035
