0000000000000000 00131d0000000000 1 1d 00000000 0 0 0 0000000000000001
0000000000000001 8506000000000000 0 00 00000000 0 0 0 0000000000000002
0000000000000002 00a203130c000000 1 03 00000000 0 0 0 0000000000000003
0000000000000003 8506000000000000 0 00 00000000 0 0 0 0000000000000004
0000000000000004 8506000000000000 0 00 00000000 0 0 0 0000000000000005
0000000000000005 0013130055555500 1 13 00555555 0 0 0 0000000000000006
0000000000000006 0023121179bf5a00 1 12 0079bf5a 0 0 0 0000000000000007
0000000000000007 012200080f000000 0 00 00000000 5 0 0 0000000000000008
0000000000000008 0215000003030000 0 00 00000000 5 0 1 000000000000000c
000000000000000c 8506000000000000 0 00 00000000 5 0 0 000000000000000d
000000000000000d 0306000000000700 1 07 00000000 5 0 0 000000000000000e
000000000000000e 0092090900000000 1 09 ffffffff 5 0 0 000000000000000f
000000000000000f 0022070805000000 1 07 00000000 5 0 0 0000000000000010
0000000000000010 007302109a8b3900 1 02 006574c7 5 0 0 0000000000000011
0000000000000011 0102001105000000 0 00 00000000 5 1 0 0000000000000012
0000000000000012 0215000002010000 0 00 00000000 5 1 1 0000000000000015
0000000000000015 0022030d14000000 1 03 00000000 5 1 0 0000000000000016
0000000000000016 00730911aaaaaa00 1 09 00555556 5 1 0 0000000000000017
0000000000000017 00131e0000000100 1 1e 00000001 5 1 0 0000000000000018
0000000000000018 0023151500000100 1 15 00000001 5 1 0 0000000000000019
0000000000000019 00731e1e00000100 1 1e 00000000 5 1 0 000000000000001a
000000000000001a 0102001e1d000000 0 00 00000000 5 1 0 000000000000001b
000000000000001b 0215fffffc040000 0 00 00000000 5 1 0 000000000000001c
000000000000001c 7cf5000000000000 0 00 00000000 5 1 0 000000000000001d
DONE retired=24 fault=00 pc=000000000000001c
