0000000000000000 343001000000f000 0 00 00000000 0 0 0 0 0 0 0000000000000001 ffffffff f ffffffff 1 01
0000000000000001 341107000001f000 0 00 00000000 0 0 0 0 0 0 0000000000000002 ffffffff f ffffffff 1 07
0000000000000002 34110c000003f000 0 00 00000000 0 0 0 0 0 0 0000000000000003 ffffffff f ffffffff 1 0c
0000000000000003 101005070100f000 0 00 00000000 0 0 0 0 0 0 0000000000000004 ffffffff f ffffffff 1 05
0000000000000004 302950a0c0000000 0 00 00000000 0 0 0 0 0 0 0000000000000005 ffffffff f ffffffff 0 00
0000000000000005 7c1500009c5000fa 0 00 00000000 0 0 0 0 0 0 0000000000000006 ffffffff f ffffffff 0 00
0000000000000006 302900b0c0000000 0 00 00000000 0 0 0 0 0 0 0000000000000007 ffffffff f ffffffff 0 00
0000000000000007 7c15000016000017 0 00 00000000 0 0 0 0 0 0 0000000000000008 ffffffff f ffffffff 0 00
0000000000000008 30596010c0000000 0 00 00000000 0 0 0 0 0 0 0000000000000009 ffffffff f ffffffff 0 00
0000000000000009 7c15000007600011 0 00 00000000 0 0 0 0 0 0 000000000000000a fffffff8 f fffffff8 0 00
000000000000000a 304960b0c0000000 0 00 00000000 0 0 0 0 0 0 000000000000000b fffffff8 f fffffff8 0 00
000000000000000b 7c15000002600003 0 00 00000000 0 0 0 0 0 0 000000000000000e fffffff8 f fffffff8 0 00
000000000000000e 10500c040c00f000 0 00 00000000 0 0 0 0 0 0 000000000000000f fffffff8 f fffffff8 1 0c
000000000000000f 7c25000000000000 0 00 00000000 0 0 0 0 0 0 0000000000000010 fffffff8 f fffffff8 0 00
0000000000000010 020500000a000000 0 00 00000000 0 0 0 0 0 1 000000000000001b fffffff8 f fffffff8 0 00
000000000000001b 7c25000000000000 0 00 00000000 0 0 0 0 0 0 0000000000000011 00000007 f 00000007 0 00
0000000000000011 34110d000000f000 0 00 00000000 0 0 0 0 0 0 0000000000000012 00000007 f 00000007 1 0d
0000000000000012 10300c010d00f000 0 00 00000000 0 0 0 0 0 0 0000000000000013 00000007 f 00000007 1 0c
0000000000000013 10000c0c0700f000 0 00 00000000 0 0 0 0 0 0 0000000000000014 00000007 f 00000007 1 0c
0000000000000014 34110a000000f000 0 00 00000000 0 0 0 0 0 0 0000000000000015 00000007 f 00000007 1 0a
0000000000000015 7c85000004000000 0 00 00000000 0 0 0 0 0 0 0000000000000016 00000007 f 00000007 0 00
0000000000000016 3059e0a0c0000000 0 00 00000000 0 0 0 0 0 0 0000000000000017 00000007 f 00000007 0 00
0000000000000017 3029d0a0c0000000 0 00 00000000 0 0 0 0 0 0 0000000000000018 00000007 f 00000007 0 00
0000000000000018 0023060600000200 1 06 00000002 0 0 0 0 0 0 0000000000000019 00000007 f 00000007 0 00
0000000000000019 10000a0a0700f000 0 00 00000000 0 0 0 0 0 0 000000000000001a 00000007 f 00000007 1 0a
000000000000001a 7c95fffffbd00000 0 00 00000000 0 0 0 0 0 0 0000000000000016 00000007 f 00000007 0 00
0000000000000016 3059e0a0c0000000 0 00 00000000 0 0 0 0 0 0 0000000000000017 00000007 f 00000007 0 00
0000000000000017 3029d0a0c0000000 0 00 00000000 0 0 0 0 0 0 0000000000000018 00000007 f 00000007 0 00
0000000000000018 0023060600000200 1 06 00000004 0 0 0 0 0 0 0000000000000019 00000007 f 00000007 0 00
0000000000000019 10000a0a0700f000 0 00 00000000 0 0 0 0 0 0 000000000000001a 00000007 f 00000007 1 0a
000000000000001a 7c95fffffbd00000 0 00 00000000 0 0 0 0 0 0 000000000000001b 00000007 f 00000007 0 00
000000000000001b 7c25000000000000 0 00 00000000 0 0 0 0 0 0 000000000000001c ffffffff f ffffffff 0 00
000000000000001c 10500c010c00f000 0 00 00000000 0 0 0 0 0 0 000000000000001d ffffffff f ffffffff 1 0c
000000000000001d 0205000001000000 0 00 00000000 0 0 0 0 0 1 000000000000001f ffffffff f ffffffff 0 00
000000000000001f 7c25000000000000 0 00 00000000 0 0 0 0 0 0 0000000000000020 ffffffff f ffffffff 0 00
0000000000000020 301940a070000000 0 00 00000000 0 0 0 0 0 0 0000000000000021 ffffffff f ffffffff 0 00
0000000000000021 7c1500005640007e 0 00 00000000 0 0 0 0 0 0 0000000000000022 ffffffff f ffffffff 0 00
0000000000000022 301940b070000000 0 00 00000000 0 0 0 0 0 0 0000000000000023 ffffffff f ffffffff 0 00
0000000000000023 7c15000027400035 0 00 00000000 0 0 0 0 0 0 0000000000000024 ffffffff f ffffffff 0 00
0000000000000024 34110d000001f000 0 00 00000000 0 0 0 0 0 0 0000000000000025 ffffffff f ffffffff 1 0d
0000000000000025 10300c010d00f000 0 00 00000000 0 0 0 0 0 0 0000000000000026 ffffffff f ffffffff 1 0c
0000000000000026 10000c0c0700f000 0 00 00000000 0 0 0 0 0 0 0000000000000027 ffffffff f ffffffff 1 0c
0000000000000027 34110a000000f000 0 00 00000000 0 0 0 0 0 0 0000000000000028 ffffffff f ffffffff 1 0a
0000000000000028 7c85000004000000 0 00 00000000 0 0 0 0 0 0 0000000000000029 ffffffff f ffffffff 0 00
0000000000000029 3059e0a0c0000000 0 00 00000000 0 0 0 0 0 0 000000000000002a ffffffff f ffffffff 0 00
000000000000002a 3029d0a0c0000000 0 00 00000000 0 0 0 0 0 0 000000000000002b ffffffff f ffffffff 0 00
000000000000002b 34110c000003f000 0 00 00000000 0 0 0 0 0 0 000000000000002c ffffffff f ffffffff 1 0c
000000000000002c 10000a0a0700f000 0 00 00000000 0 0 0 0 0 0 000000000000002d ffffffff f ffffffff 1 0a
000000000000002d 7c95fffffbd00000 0 00 00000000 0 0 0 0 0 0 0000000000000029 ffffffff f ffffffff 0 00
0000000000000029 3059e0a0c0000000 0 00 00000000 0 0 0 0 0 0 000000000000002a ffffffff f ffffffff 0 00
000000000000002a 3029d0a0c0000000 0 00 00000000 0 0 0 0 0 0 000000000000002b ffffffff f ffffffff 0 00
000000000000002b 34110c000003f000 0 00 00000000 0 0 0 0 0 0 000000000000002c ffffffff f ffffffff 1 0c
000000000000002c 10000a0a0700f000 0 00 00000000 0 0 0 0 0 0 000000000000002d ffffffff f ffffffff 1 0a
000000000000002d 7c95fffffbd00000 0 00 00000000 0 0 0 0 0 0 0000000000000029 ffffffff f ffffffff 0 00
0000000000000029 3059e0a0c0000000 0 00 00000000 0 0 0 0 0 0 000000000000002a ffffffff f ffffffff 0 00
000000000000002a 3029d0a0c0000000 0 00 00000000 0 0 0 0 0 0 000000000000002b ffffffff f ffffffff 0 00
000000000000002b 34110c000003f000 0 00 00000000 0 0 0 0 0 0 000000000000002c ffffffff f ffffffff 1 0c
000000000000002c 10000a0a0700f000 0 00 00000000 0 0 0 0 0 0 000000000000002d ffffffff f ffffffff 1 0a
000000000000002d 7c95fffffbd00000 0 00 00000000 0 0 0 0 0 0 0000000000000029 ffffffff f ffffffff 0 00
0000000000000029 3059e0a0c0000000 0 00 00000000 0 0 0 0 0 0 000000000000002a ffffffff f ffffffff 0 00
000000000000002a 3029d0a0c0000000 0 00 00000000 0 0 0 0 0 0 000000000000002b ffffffff f ffffffff 0 00
000000000000002b 34110c000003f000 0 00 00000000 0 0 0 0 0 0 000000000000002c ffffffff f ffffffff 1 0c
000000000000002c 10000a0a0700f000 0 00 00000000 0 0 0 0 0 0 000000000000002d ffffffff f ffffffff 1 0a
000000000000002d 7c95fffffbd00000 0 00 00000000 0 0 0 0 0 0 000000000000002e ffffffff f ffffffff 0 00
000000000000002e 30297010c0000000 0 00 00000000 0 0 0 0 0 0 000000000000002f ffffffff f ffffffff 0 00
000000000000002f 7c1500000d700019 0 00 00000000 0 0 0 0 0 0 0000000000000030 00000007 f 00000007 0 00
0000000000000030 34110d000003f000 0 00 00000000 0 0 0 0 0 0 0000000000000031 00000007 f 00000007 1 0d
0000000000000031 10300c010d00f000 0 00 00000000 0 0 0 0 0 0 0000000000000032 00000007 f 00000007 1 0c
0000000000000032 10000c0c0700f000 0 00 00000000 0 0 0 0 0 0 0000000000000033 00000007 f 00000007 1 0c
0000000000000033 34110a000000f000 0 00 00000000 0 0 0 0 0 0 0000000000000034 00000007 f 00000007 1 0a
0000000000000034 7c85000005000000 0 00 00000000 0 0 0 0 0 0 0000000000000035 00000007 f 00000007 0 00
0000000000000035 3059e0a0c0000000 0 00 00000000 0 0 0 0 0 0 0000000000000036 00000007 f 00000007 0 00
0000000000000036 3029d0a0c0000000 0 00 00000000 0 0 0 0 0 0 0000000000000037 00000007 f 00000007 0 00
0000000000000037 1010050c0100f000 0 00 00000000 0 0 0 0 0 0 0000000000000038 00000007 f 00000007 1 05
0000000000000038 7cb5000000e00000 0 00 00000000 0 0 0 0 0 0 0000000000000039 00000007 f 00000007 0 00
0000000000000039 10000a0a0700f000 0 00 00000000 0 0 0 0 0 0 000000000000003a 00000007 f 00000007 1 0a
000000000000003a 7c95fffffad00000 0 00 00000000 0 0 0 0 0 0 0000000000000035 00000007 f 00000007 0 00
0000000000000035 3059e0a0c0000000 0 00 00000000 0 0 0 0 0 0 0000000000000036 00000007 f 00000007 0 00
0000000000000036 3029d0a0c0000000 0 00 00000000 0 0 0 0 0 0 0000000000000037 00000007 f 00000007 0 00
0000000000000037 1010050c0100f000 0 00 00000000 0 0 0 0 0 0 0000000000000038 00000007 f 00000007 1 05
0000000000000038 7cb5000000e00000 0 00 00000000 0 0 0 0 0 0 0000000000000039 00000006 f 00000006 0 00
0000000000000039 10000a0a0700f000 0 00 00000000 0 0 0 0 0 0 000000000000003a 00000006 f 00000006 1 0a
000000000000003a 7c95fffffad00000 0 00 00000000 0 0 0 0 0 0 0000000000000035 00000006 f 00000006 0 00
0000000000000035 3059e0a0c0000000 0 00 00000000 0 0 0 0 0 0 0000000000000036 00000006 f 00000006 0 00
0000000000000036 3029d0a0c0000000 0 00 00000000 0 0 0 0 0 0 0000000000000037 00000006 f 00000006 0 00
0000000000000037 1010050c0100f000 0 00 00000000 0 0 0 0 0 0 0000000000000038 00000006 f 00000006 1 05
0000000000000038 7cb5000000e00000 0 00 00000000 0 0 0 0 0 0 0000000000000039 00000004 f 00000004 0 00
0000000000000039 10000a0a0700f000 0 00 00000000 0 0 0 0 0 0 000000000000003a 00000004 f 00000004 1 0a
000000000000003a 7c95fffffad00000 0 00 00000000 0 0 0 0 0 0 0000000000000035 00000004 f 00000004 0 00
0000000000000035 3059e0a0c0000000 0 00 00000000 0 0 0 0 0 0 0000000000000036 00000004 f 00000004 0 00
0000000000000036 3029d0a0c0000000 0 00 00000000 0 0 0 0 0 0 0000000000000037 00000004 f 00000004 0 00
0000000000000037 1010050c0100f000 0 00 00000000 0 0 0 0 0 0 0000000000000038 00000004 f 00000004 1 05
000000000000003a 7cb5000000e00000 0 00 00000000 0 0 0 0 0 0 0000000000000039 00000000 f 00000000 0 00
000000000000003a 7c95fffffad00000 0 00 00000000 0 0 0 0 0 0 000000000000003b 00000007 f 00000007 0 00
000000000000003b 34110c000007f000 0 00 00000000 0 0 0 0 0 0 000000000000003c 00000007 f 00000007 1 0c
000000000000003c 020500000c000000 0 00 00000000 0 0 0 0 0 1 0000000000000049 00000007 f 00000007 0 00
0000000000000049 7c25000000000000 0 00 00000000 0 0 0 0 0 0 000000000000003d fffffff8 f fffffff8 0 00
000000000000003d 10100c040700f000 0 00 00000000 0 0 0 0 0 0 000000000000003e fffffff8 f fffffff8 1 0c
000000000000003e 34110d000000f000 0 00 00000000 0 0 0 0 0 0 000000000000003f fffffff8 f fffffff8 1 0d
000000000000003f 10300c010d00f000 0 00 00000000 0 0 0 0 0 0 0000000000000040 fffffff8 f fffffff8 1 0c
0000000000000040 10000c0c0700f000 0 00 00000000 0 0 0 0 0 0 0000000000000041 fffffff8 f fffffff8 1 0c
0000000000000041 34110a000000f000 0 00 00000000 0 0 0 0 0 0 0000000000000042 fffffff8 f fffffff8 1 0a
0000000000000042 7c85000005000000 0 00 00000000 0 0 0 0 0 0 0000000000000043 fffffff8 f fffffff8 0 00
0000000000000043 3059e0a0c0000000 0 00 00000000 0 0 0 0 0 0 0000000000000044 fffffff8 f fffffff8 0 00
0000000000000044 3029d0a0c0000000 0 00 00000000 0 0 0 0 0 0 0000000000000045 fffffff8 f fffffff8 0 00
0000000000000045 101004070300f000 0 00 00000000 0 0 0 0 0 0 0000000000000046 fffffff8 f fffffff8 1 04
0000000000000046 7cb5000000e00000 0 00 00000000 0 0 0 0 0 0 0000000000000047 fffffff8 f fffffff8 0 00
0000000000000047 10000a0a0700f000 0 00 00000000 0 0 0 0 0 0 0000000000000048 fffffff8 f fffffff8 1 0a
0000000000000048 7c95fffffad00000 0 00 00000000 0 0 0 0 0 0 0000000000000043 fffffff8 f fffffff8 0 00
0000000000000043 3059e0a0c0000000 0 00 00000000 0 0 0 0 0 0 0000000000000044 fffffff8 f fffffff8 0 00
0000000000000044 3029d0a0c0000000 0 00 00000000 0 0 0 0 0 0 0000000000000045 fffffff8 f fffffff8 0 00
0000000000000045 101004070300f000 0 00 00000000 0 0 0 0 0 0 0000000000000046 fffffff8 f fffffff8 1 04
0000000000000048 7cb5000000e00000 0 00 00000000 0 0 0 0 0 0 0000000000000047 00000000 f 00000000 0 00
0000000000000048 7c95fffffad00000 0 00 00000000 0 0 0 0 0 0 0000000000000049 fffffff8 f fffffff8 0 00
0000000000000049 7c25000000000000 0 00 00000000 0 0 0 0 0 0 000000000000004a ffffffff f ffffffff 0 00
000000000000004a 020500000e000000 0 00 00000000 0 0 0 0 0 1 0000000000000059 ffffffff f ffffffff 0 00
0000000000000059 7c25000000000000 0 00 00000000 0 0 0 0 0 0 000000000000005a ffffffff f ffffffff 0 00
000000000000005a 3029b0a070000000 0 00 00000000 0 0 0 0 0 0 000000000000005b ffffffff f ffffffff 0 00
000000000000005b 7c15000008b0001a 0 00 00000000 0 0 0 0 0 0 0000000000000064 ffffffff f ffffffff 0 00
0000000000000064 3009801070000000 0 00 00000000 0 0 0 0 0 0 0000000000000065 ffffffff f ffffffff 0 00
0000000000000065 7c1500000280000f 0 00 00000000 0 0 0 0 0 0 0000000000000066 00000002 f 00000002 0 00
0000000000000066 103005030c00f000 0 00 00000000 0 0 0 0 0 0 0000000000000067 00000002 f 00000002 1 05
0000000000000067 020500000d000000 0 00 00000000 0 0 0 0 0 1 0000000000000075 00000002 f 00000002 0 00
0000000000000075 7c25000000000000 0 00 00000000 0 0 0 0 0 0 0000000000000068 fffffffd f fffffffd 0 00
0000000000000068 104004030700f000 0 00 00000000 0 0 0 0 0 0 0000000000000069 fffffffd f fffffffd 1 04
0000000000000069 3019a030c0000000 0 00 00000000 0 0 0 0 0 0 000000000000006a fffffffd f fffffffd 0 00
000000000000006a 7c15000003a00009 0 00 00000000 0 0 0 0 0 0 000000000000006b fffffffd f fffffffd 0 00
000000000000006b 103005040500f000 0 00 00000000 0 0 0 0 0 0 000000000000006c fffffffd f fffffffd 1 05
000000000000006c 111005040500f000 0 00 00000000 0 0 0 0 0 0 000000000000006d fffffffd f fffffffd 1 05
000000000000006d 0205000006000000 0 00 00000000 0 0 0 0 0 1 0000000000000074 fffffffd f fffffffd 0 00
0000000000000074 7c25000000000000 0 00 00000000 0 0 0 0 0 0 0000000000000075 fffffffd f fffffffd 0 00
0000000000000075 7c25000000000000 0 00 00000000 0 0 0 0 0 0 0000000000000076 ffffffff f ffffffff 0 00
0000000000000076 7c25000000000000 0 00 00000000 0 0 0 0 0 0 0000000000000077 ffffffff f ffffffff 0 00
0000000000000077 0205000028000000 0 00 00000000 0 0 0 0 0 1 00000000000000a0 ffffffff f ffffffff 0 00
00000000000000a0 7c25000000000000 0 00 00000000 0 0 0 0 0 0 00000000000000a1 ffffffff f ffffffff 0 00
00000000000000a1 020500005e000000 0 00 00000000 0 0 0 0 0 1 0000000000000100 ffffffff f ffffffff 0 00
0000000000000100 7c25000000000000 0 00 00000000 0 0 0 0 0 0 0000000000000101 ffffffff f ffffffff 0 00
0000000000000101 30491030c0000000 0 00 00000000 0 0 0 0 0 0 0000000000000102 ffffffff f ffffffff 0 00
0000000000000102 7c1500000f100010 0 00 00000000 0 0 0 0 0 0 0000000000000112 ffffffff f ffffffff 0 00
0000000000000112 341105000007f000 0 00 00000000 0 0 0 0 0 0 0000000000000113 ffffffff f ffffffff 1 05
0000000000000113 7c25000000000000 0 00 00000000 0 0 0 0 0 0 0000000000000114 ffffffff f ffffffff 0 00
0000000000000114 7cf5000000000000 0 00 00000000 0 0 0 0 0 0 0000000000000115 ffffffff f ffffffff 0 00
