0000000000000000 00131d0000000000 1 1d 00000000 0 0 0 0000000000000001
0000000000000001 8506000000000000 0 00 00000000 0 0 0 0000000000000002
0000000000000002 00420f060e000000 1 0f 00000000 0 0 0 0000000000000003
0000000000000003 0102000104000000 0 00 00000000 5 1 0 0000000000000004
0000000000000004 02150000010d0000 0 00 00000000 5 1 0 0000000000000005
0000000000000005 8506000000000000 0 00 00000000 5 1 0 0000000000000006
0000000000000006 00130400b7e57100 1 04 ffb7e571 5 1 0 0000000000000007
0000000000000007 8506000000000000 0 00 00000000 5 1 0 0000000000000008
0000000000000008 0092090600000000 1 09 ffffffff 5 1 0 0000000000000009
0000000000000009 0073130c6f7dcc00 1 13 ff908234 5 1 0 000000000000000a
000000000000000a 8506000000000000 0 00 00000000 5 1 0 000000000000000b
000000000000000b 8506000000000000 0 00 00000000 5 1 0 000000000000000c
000000000000000c 8506000000000000 0 00 00000000 5 1 0 000000000000000d
000000000000000d 00130100dc2cab00 1 01 ffdc2cab 5 1 0 000000000000000e
000000000000000e 0102001206000000 0 00 00000000 5 1 0 000000000000000f
000000000000000f 02150000020c0000 0 00 00000000 5 1 1 0000000000000012
0000000000000012 00230507ffffff00 1 05 ffffffff 5 1 0 0000000000000013
0000000000000013 00130c00aaaaaa00 1 0c ffaaaaaa 5 1 0 0000000000000014
0000000000000014 0122000c13000000 0 00 00000000 4 1 0 0000000000000015
0000000000000015 02150000020d0000 0 00 00000000 4 1 0 0000000000000016
0000000000000016 8506000000000000 0 00 00000000 4 1 0 0000000000000017
0000000000000017 8506000000000000 0 00 00000000 4 1 0 0000000000000018
0000000000000018 00130500a45bd400 1 05 ffa45bd4 4 1 0 0000000000000019
0000000000000019 00131e0000000400 1 1e 00000004 4 1 0 000000000000001a
000000000000001a 0023151500000100 1 15 00000001 4 1 0 000000000000001b
000000000000001b 00731e1e00000100 1 1e 00000003 4 1 0 000000000000001c
000000000000001c 0102001e1d000000 0 00 00000000 4 0 0 000000000000001d
000000000000001d 0215fffffc040000 0 00 00000000 4 0 1 000000000000001a
000000000000001a 0023151500000100 1 15 00000002 4 0 0 000000000000001b
000000000000001b 00731e1e00000100 1 1e 00000002 4 0 0 000000000000001c
000000000000001c 0102001e1d000000 0 00 00000000 4 0 0 000000000000001d
000000000000001d 0215fffffc040000 0 00 00000000 4 0 1 000000000000001a
000000000000001a 0023151500000100 1 15 00000003 4 0 0 000000000000001b
000000000000001b 00731e1e00000100 1 1e 00000001 4 0 0 000000000000001c
000000000000001c 0102001e1d000000 0 00 00000000 4 0 0 000000000000001d
000000000000001d 0215fffffc040000 0 00 00000000 4 0 1 000000000000001a
000000000000001a 0023151500000100 1 15 00000004 4 0 0 000000000000001b
000000000000001b 00731e1e00000100 1 1e 00000000 4 0 0 000000000000001c
000000000000001c 0102001e1d000000 0 00 00000000 5 1 0 000000000000001d
000000000000001d 0215fffffc040000 0 00 00000000 5 1 0 000000000000001e
000000000000001e 7cf5000000000000 0 00 00000000 5 1 0 000000000000001f
DONE retired=41 fault=00 pc=000000000000001e
