0000000000000000 343001000000f000 0 00 00000000 0 0 0 0 0 0 0000000000000001 ffffffff f ffffffff 1 01
0000000000000001 341107000001f000 0 00 00000000 0 0 0 0 0 0 0000000000000002 ffffffff f ffffffff 1 07
0000000000000002 34110c000003f000 0 00 00000000 0 0 0 0 0 0 0000000000000003 ffffffff f ffffffff 1 0c
0000000000000003 111005040c00f000 0 00 00000000 0 0 0 0 0 0 0000000000000004 ffffffff f ffffffff 1 05
0000000000000004 34110d000000f000 0 00 00000000 0 0 0 0 0 0 0000000000000005 ffffffff f ffffffff 1 0d
0000000000000005 10300c010d00f000 0 00 00000000 0 0 0 0 0 0 0000000000000006 ffffffff f ffffffff 1 0c
0000000000000006 10000c0c0700f000 0 00 00000000 0 0 0 0 0 0 0000000000000007 ffffffff f ffffffff 1 0c
0000000000000007 34110a000000f000 0 00 00000000 0 0 0 0 0 0 0000000000000008 ffffffff f ffffffff 1 0a
0000000000000008 7c85000005000000 0 00 00000000 0 0 0 0 0 0 0000000000000009 ffffffff f ffffffff 0 00
0000000000000009 3059e0a0c0000000 0 00 00000000 0 0 0 0 0 0 000000000000000a ffffffff f ffffffff 0 00
000000000000000a 3029d0a0c0000000 0 00 00000000 0 0 0 0 0 0 000000000000000b ffffffff f ffffffff 0 00
000000000000000b 105003040700f000 0 00 00000000 0 0 0 0 0 0 000000000000000c ffffffff f ffffffff 1 03
000000000000000c 7cb5000000e00000 0 00 00000000 0 0 0 0 0 0 000000000000000d ffffffff f ffffffff 0 00
000000000000000d 10000a0a0700f000 0 00 00000000 0 0 0 0 0 0 000000000000000e ffffffff f ffffffff 1 0a
000000000000000e 7c95fffffad00000 0 00 00000000 0 0 0 0 0 0 0000000000000009 ffffffff f ffffffff 0 00
0000000000000009 3059e0a0c0000000 0 00 00000000 0 0 0 0 0 0 000000000000000a ffffffff f ffffffff 0 00
000000000000000a 3029d0a0c0000000 0 00 00000000 0 0 0 0 0 0 000000000000000b ffffffff f ffffffff 0 00
000000000000000b 105003040700f000 0 00 00000000 0 0 0 0 0 0 000000000000000c ffffffff f ffffffff 1 03
000000000000000e 7cb5000000e00000 0 00 00000000 0 0 0 0 0 0 000000000000000d 00000000 f 00000000 0 00
000000000000000e 7c95fffffad00000 0 00 00000000 0 0 0 0 0 0 000000000000000f ffffffff f ffffffff 0 00
000000000000000f 3039b030c0000000 0 00 00000000 0 0 0 0 0 0 0000000000000010 ffffffff f ffffffff 0 00
0000000000000010 7c150000b2b000c0 0 00 00000000 0 0 0 0 0 0 0000000000000011 ffffffff f ffffffff 0 00
0000000000000011 300950a0c0000000 0 00 00000000 0 0 0 0 0 0 0000000000000012 ffffffff f ffffffff 0 00
0000000000000012 7c150000ac5000ad 0 00 00000000 0 0 0 0 0 0 0000000000000013 ffffffff f ffffffff 0 00
0000000000000013 301970a070000000 0 00 00000000 0 0 0 0 0 0 0000000000000014 ffffffff f ffffffff 0 00
0000000000000014 7c15000015700067 0 00 00000000 0 0 0 0 0 0 000000000000002a ffffffff f ffffffff 0 00
000000000000002a 30197010c0000000 0 00 00000000 0 0 0 0 0 0 000000000000002b ffffffff f ffffffff 0 00
000000000000002b 7c1500004e70004f 0 00 00000000 0 0 0 0 0 0 000000000000002c fffffffd f fffffffd 0 00
000000000000002c 34110d000000f000 0 00 00000000 0 0 0 0 0 0 000000000000002d fffffffd f fffffffd 1 0d
000000000000002d 10300c010d00f000 0 00 00000000 0 0 0 0 0 0 000000000000002e fffffffd f fffffffd 1 0c
000000000000002e 10000c0c0700f000 0 00 00000000 0 0 0 0 0 0 000000000000002f fffffffd f fffffffd 1 0c
000000000000002f 34110a000000f000 0 00 00000000 0 0 0 0 0 0 0000000000000030 fffffffd f fffffffd 1 0a
0000000000000030 7c85000005000000 0 00 00000000 0 0 0 0 0 0 0000000000000031 fffffffd f fffffffd 0 00
0000000000000031 3059e0a0c0000000 0 00 00000000 0 0 0 0 0 0 0000000000000032 fffffffd f fffffffd 0 00
0000000000000032 3029d0a0c0000000 0 00 00000000 0 0 0 0 0 0 0000000000000033 fffffffd f fffffffd 0 00
0000000000000033 110003030500f000 0 00 00000000 0 0 0 0 0 0 0000000000000034 fffffffd f fffffffd 1 03
0000000000000034 7cb5000000e00000 0 00 00000000 0 0 0 0 0 0 0000000000000035 fffffffd f fffffffd 0 00
0000000000000035 10000a0a0700f000 0 00 00000000 0 0 0 0 0 0 0000000000000036 fffffffd f fffffffd 1 0a
0000000000000036 7c95fffffad00000 0 00 00000000 0 0 0 0 0 0 0000000000000031 fffffffd f fffffffd 0 00
0000000000000031 3059e0a0c0000000 0 00 00000000 0 0 0 0 0 0 0000000000000032 fffffffd f fffffffd 0 00
0000000000000032 3029d0a0c0000000 0 00 00000000 0 0 0 0 0 0 0000000000000033 fffffffd f fffffffd 0 00
0000000000000033 110003030500f000 0 00 00000000 0 0 0 0 0 0 0000000000000034 fffffffd f fffffffd 1 03
0000000000000036 7cb5000000e00000 0 00 00000000 0 0 0 0 0 0 0000000000000035 00000000 f 00000000 0 00
0000000000000036 7c95fffffad00000 0 00 00000000 0 0 0 0 0 0 0000000000000037 fffffffd f fffffffd 0 00
0000000000000037 3009b0b070000000 0 00 00000000 0 0 0 0 0 0 0000000000000038 fffffffd f fffffffd 0 00
0000000000000038 7c1500000eb0003f 0 00 00000000 0 0 0 0 0 0 0000000000000047 fffffffd f fffffffd 0 00
0000000000000047 10000c040700f000 0 00 00000000 0 0 0 0 0 0 0000000000000048 fffffffd f fffffffd 1 0c
0000000000000048 300940b070000000 0 00 00000000 0 0 0 0 0 0 0000000000000049 fffffffd f fffffffd 0 00
0000000000000049 7c1500000d40002d 0 00 00000000 0 0 0 0 0 0 0000000000000057 fffffffd f fffffffd 0 00
0000000000000057 3019c0b070000000 0 00 00000000 0 0 0 0 0 0 0000000000000058 fffffffd f fffffffd 0 00
0000000000000058 7c1500000fc0001c 0 00 00000000 0 0 0 0 0 0 0000000000000059 fffffffd f fffffffd 0 00
0000000000000059 34110d000000f000 0 00 00000000 0 0 0 0 0 0 000000000000005a fffffffd f fffffffd 1 0d
000000000000005a 10300c010d00f000 0 00 00000000 0 0 0 0 0 0 000000000000005b fffffffd f fffffffd 1 0c
000000000000005b 10000c0c0700f000 0 00 00000000 0 0 0 0 0 0 000000000000005c fffffffd f fffffffd 1 0c
000000000000005c 34110a000000f000 0 00 00000000 0 0 0 0 0 0 000000000000005d fffffffd f fffffffd 1 0a
000000000000005d 7c85000008000000 0 00 00000000 0 0 0 0 0 0 000000000000005e fffffffd f fffffffd 0 00
000000000000005e 3059e0a0c0000000 0 00 00000000 0 0 0 0 0 0 000000000000005f fffffffd f fffffffd 0 00
000000000000005f 3029d0a0c0000000 0 00 00000000 0 0 0 0 0 0 0000000000000060 fffffffd f fffffffd 0 00
0000000000000060 305950b070000000 0 00 00000000 0 0 0 0 0 0 0000000000000061 fffffffd f fffffffd 0 00
0000000000000061 7c15000000500001 0 00 00000000 0 0 0 0 0 0 0000000000000062 fffffffd f fffffffd 0 00
0000000000000062 11000c030500f000 0 00 00000000 0 0 0 0 0 0 0000000000000063 fffffffd f fffffffd 1 0c
0000000000000063 7c25000000000000 0 00 00000000 0 0 0 0 0 0 0000000000000064 fffffffd f fffffffd 0 00
0000000000000064 7cb5000000e00000 0 00 00000000 0 0 0 0 0 0 0000000000000065 fffffffd f fffffffd 0 00
0000000000000065 10000a0a0700f000 0 00 00000000 0 0 0 0 0 0 0000000000000066 fffffffd f fffffffd 1 0a
0000000000000066 7c95fffff7d00000 0 00 00000000 0 0 0 0 0 0 000000000000005e fffffffd f fffffffd 0 00
000000000000005e 3059e0a0c0000000 0 00 00000000 0 0 0 0 0 0 000000000000005f fffffffd f fffffffd 0 00
000000000000005f 3029d0a0c0000000 0 00 00000000 0 0 0 0 0 0 0000000000000060 fffffffd f fffffffd 0 00
0000000000000060 305950b070000000 0 00 00000000 0 0 0 0 0 0 0000000000000061 fffffffd f fffffffd 0 00
0000000000000061 7c15000000500001 0 00 00000000 0 0 0 0 0 0 0000000000000062 fffffffd f fffffffd 0 00
0000000000000062 11000c030500f000 0 00 00000000 0 0 0 0 0 0 0000000000000063 fffffffd f fffffffd 1 0c
0000000000000063 7c25000000000000 0 00 00000000 0 0 0 0 0 0 0000000000000064 fffffffd f fffffffd 0 00
0000000000000066 7cb5000000e00000 0 00 00000000 0 0 0 0 0 0 0000000000000065 00000000 f 00000000 0 00
0000000000000066 7c95fffff7d00000 0 00 00000000 0 0 0 0 0 0 0000000000000067 fffffffd f fffffffd 0 00
0000000000000067 020500000d000000 0 00 00000000 0 0 0 0 0 1 0000000000000075 fffffffd f fffffffd 0 00
0000000000000075 7c25000000000000 0 00 00000000 0 0 0 0 0 0 0000000000000076 fffffffd f fffffffd 0 00
0000000000000076 10100c0c0100f000 0 00 00000000 0 0 0 0 0 0 0000000000000077 fffffffd f fffffffd 1 0c
0000000000000077 7c25000000000000 0 00 00000000 0 0 0 0 0 0 0000000000000078 fffffffd f fffffffd 0 00
0000000000000078 7c25000000000000 0 00 00000000 0 0 0 0 0 0 0000000000000079 fffffffd f fffffffd 0 00
0000000000000079 0205000001000000 0 00 00000000 0 0 0 0 0 1 000000000000007b fffffffd f fffffffd 0 00
000000000000007b 7c25000000000000 0 00 00000000 0 0 0 0 0 0 000000000000007a 00000002 f 00000002 0 00
000000000000007a 101003050100f000 0 00 00000000 0 0 0 0 0 0 000000000000007b 00000002 f 00000002 1 03
000000000000007b 7c25000000000000 0 00 00000000 0 0 0 0 0 0 000000000000007c ffffffff f ffffffff 0 00
000000000000007c 7c25000000000000 0 00 00000000 0 0 0 0 0 0 000000000000007d ffffffff f ffffffff 0 00
000000000000007d 304970a0c0000000 0 00 00000000 0 0 0 0 0 0 000000000000007e ffffffff f ffffffff 0 00
000000000000007e 7c1500001070003e 0 00 00000000 0 0 0 0 0 0 000000000000007f fffffffc f fffffffc 0 00
000000000000007f 11000c030c00f000 0 00 00000000 0 0 0 0 0 0 0000000000000080 fffffffc f fffffffc 1 0c
0000000000000080 34110d000003f000 0 00 00000000 0 0 0 0 0 0 0000000000000081 fffffffc f fffffffc 1 0d
0000000000000081 10300c010d00f000 0 00 00000000 0 0 0 0 0 0 0000000000000082 fffffffc f fffffffc 1 0c
0000000000000082 10000c0c0700f000 0 00 00000000 0 0 0 0 0 0 0000000000000083 fffffffc f fffffffc 1 0c
0000000000000083 34110a000000f000 0 00 00000000 0 0 0 0 0 0 0000000000000084 fffffffc f fffffffc 1 0a
0000000000000084 7c85000008000000 0 00 00000000 0 0 0 0 0 0 0000000000000085 fffffffc f fffffffc 0 00
0000000000000085 3059e0a0c0000000 0 00 00000000 0 0 0 0 0 0 0000000000000086 fffffffc f fffffffc 0 00
0000000000000086 3029d0a0c0000000 0 00 00000000 0 0 0 0 0 0 0000000000000087 fffffffc f fffffffc 0 00
0000000000000087 3039001070000000 0 00 00000000 0 0 0 0 0 0 0000000000000088 fffffffc f fffffffc 0 00
0000000000000088 7c15000000000001 0 00 00000000 0 0 0 0 0 0 0000000000000089 fffffffc f fffffffc 0 00
0000000000000089 101004070400f000 0 00 00000000 0 0 0 0 0 0 000000000000008a fffffffc f fffffffc 1 04
000000000000008a 7c25000000000000 0 00 00000000 0 0 0 0 0 0 000000000000008b fffffffc f fffffffc 0 00
000000000000008b 7cb5000000e00000 0 00 00000000 0 0 0 0 0 0 000000000000008c fffffffc f fffffffc 0 00
000000000000008c 10000a0a0700f000 0 00 00000000 0 0 0 0 0 0 000000000000008d fffffffc f fffffffc 1 0a
000000000000008d 7c95fffff7d00000 0 00 00000000 0 0 0 0 0 0 0000000000000085 fffffffc f fffffffc 0 00
0000000000000085 3059e0a0c0000000 0 00 00000000 0 0 0 0 0 0 0000000000000086 fffffffc f fffffffc 0 00
0000000000000086 3029d0a0c0000000 0 00 00000000 0 0 0 0 0 0 0000000000000087 fffffffc f fffffffc 0 00
0000000000000087 3039001070000000 0 00 00000000 0 0 0 0 0 0 0000000000000088 fffffffc f fffffffc 0 00
0000000000000088 7c15000000000001 0 00 00000000 0 0 0 0 0 0 0000000000000089 fffffffc f fffffffc 0 00
0000000000000089 101004070400f000 0 00 00000000 0 0 0 0 0 0 000000000000008a fffffffc f fffffffc 1 04
000000000000008a 7c25000000000000 0 00 00000000 0 0 0 0 0 0 000000000000008b fffffffc f fffffffc 0 00
000000000000008b 7cb5000000e00000 0 00 00000000 0 0 0 0 0 0 000000000000008c eeeeeeec f eeeeeeec 0 00
000000000000008c 10000a0a0700f000 0 00 00000000 0 0 0 0 0 0 000000000000008d eeeeeeec f eeeeeeec 1 0a
000000000000008d 7c95fffff7d00000 0 00 00000000 0 0 0 0 0 0 0000000000000085 eeeeeeec f eeeeeeec 0 00
0000000000000085 3059e0a0c0000000 0 00 00000000 0 0 0 0 0 0 0000000000000086 eeeeeeec f eeeeeeec 0 00
0000000000000086 3029d0a0c0000000 0 00 00000000 0 0 0 0 0 0 0000000000000087 eeeeeeec f eeeeeeec 0 00
0000000000000087 3039001070000000 0 00 00000000 0 0 0 0 0 0 0000000000000088 eeeeeeec f eeeeeeec 0 00
0000000000000088 7c15000000000001 0 00 00000000 0 0 0 0 0 0 0000000000000089 eeeeeeec f eeeeeeec 0 00
0000000000000089 101004070400f000 0 00 00000000 0 0 0 0 0 0 000000000000008a eeeeeeec f eeeeeeec 1 04
000000000000008a 7c25000000000000 0 00 00000000 0 0 0 0 0 0 000000000000008b eeeeeeec f eeeeeeec 0 00
000000000000008b 7cb5000000e00000 0 00 00000000 0 0 0 0 0 0 000000000000008c cccccccc f cccccccc 0 00
000000000000008c 10000a0a0700f000 0 00 00000000 0 0 0 0 0 0 000000000000008d cccccccc f cccccccc 1 0a
000000000000008d 7c95fffff7d00000 0 00 00000000 0 0 0 0 0 0 0000000000000085 cccccccc f cccccccc 0 00
0000000000000085 3059e0a0c0000000 0 00 00000000 0 0 0 0 0 0 0000000000000086 cccccccc f cccccccc 0 00
0000000000000086 3029d0a0c0000000 0 00 00000000 0 0 0 0 0 0 0000000000000087 cccccccc f cccccccc 0 00
0000000000000087 3039001070000000 0 00 00000000 0 0 0 0 0 0 0000000000000088 cccccccc f cccccccc 0 00
0000000000000088 7c15000000000001 0 00 00000000 0 0 0 0 0 0 0000000000000089 cccccccc f cccccccc 0 00
0000000000000089 101004070400f000 0 00 00000000 0 0 0 0 0 0 000000000000008a cccccccc f cccccccc 1 04
000000000000008a 7c25000000000000 0 00 00000000 0 0 0 0 0 0 000000000000008b cccccccc f cccccccc 0 00
000000000000008b 7cb5000000e00000 0 00 00000000 0 0 0 0 0 0 000000000000008c 88888888 f 88888888 0 00
000000000000008c 10000a0a0700f000 0 00 00000000 0 0 0 0 0 0 000000000000008d 88888888 f 88888888 1 0a
000000000000008d 7c95fffff7d00000 0 00 00000000 0 0 0 0 0 0 0000000000000085 88888888 f 88888888 0 00
0000000000000085 3059e0a0c0000000 0 00 00000000 0 0 0 0 0 0 0000000000000086 88888888 f 88888888 0 00
0000000000000086 3029d0a0c0000000 0 00 00000000 0 0 0 0 0 0 0000000000000087 88888888 f 88888888 0 00
0000000000000087 3039001070000000 0 00 00000000 0 0 0 0 0 0 0000000000000088 88888888 f 88888888 0 00
0000000000000088 7c15000000000001 0 00 00000000 0 0 0 0 0 0 0000000000000089 88888888 f 88888888 0 00
0000000000000089 101004070400f000 0 00 00000000 0 0 0 0 0 0 000000000000008a 88888888 f 88888888 1 04
000000000000008a 7c25000000000000 0 00 00000000 0 0 0 0 0 0 000000000000008b 88888888 f 88888888 0 00
000000000000008d 7cb5000000e00000 0 00 00000000 0 0 0 0 0 0 000000000000008c 00000000 f 00000000 0 00
000000000000008d 7c95fffff7d00000 0 00 00000000 0 0 0 0 0 0 000000000000008e fffffffc f fffffffc 0 00
000000000000008e 020500002e000000 0 00 00000000 0 0 0 0 0 1 00000000000000bd fffffffc f fffffffc 0 00
00000000000000bd 7c25000000000000 0 00 00000000 0 0 0 0 0 0 000000000000008f 00000003 f 00000003 0 00
000000000000008f 101005030700f000 0 00 00000000 0 0 0 0 0 0 0000000000000090 00000003 f 00000003 1 05
0000000000000090 304940a0c0000000 0 00 00000000 0 0 0 0 0 0 0000000000000091 00000003 f 00000003 0 00
0000000000000091 7c1500002840002a 0 00 00000000 0 0 0 0 0 0 00000000000000ba 00000003 f 00000003 0 00
00000000000000ba 0023060600000300 1 06 00000003 0 0 0 0 0 0 00000000000000bb 00000003 f 00000003 0 00
00000000000000bb 341105000003f000 0 00 00000000 0 0 0 0 0 0 00000000000000bc 00000003 f 00000003 1 05
00000000000000bc 7c25000000000000 0 00 00000000 0 0 0 0 0 0 00000000000000bd 00000003 f 00000003 0 00
00000000000000bd 7c25000000000000 0 00 00000000 0 0 0 0 0 0 00000000000000be ffffffff f ffffffff 0 00
00000000000000be 0205000001000000 0 00 00000000 0 0 0 0 0 1 00000000000000c0 ffffffff f ffffffff 0 00
00000000000000c0 7c25000000000000 0 00 00000000 0 0 0 0 0 0 00000000000000c1 ffffffff f ffffffff 0 00
00000000000000c1 101005030c00f000 0 00 00000000 0 0 0 0 0 0 00000000000000c2 ffffffff f ffffffff 1 05
00000000000000c2 020500000e000000 0 00 00000000 0 0 0 0 0 1 00000000000000d1 ffffffff f ffffffff 0 00
00000000000000d1 7c25000000000000 0 00 00000000 0 0 0 0 0 0 00000000000000d2 ffffffff f ffffffff 0 00
00000000000000d2 7cf5000000000000 0 00 00000000 0 0 0 0 0 0 00000000000000d3 ffffffff f ffffffff 0 00
