0000000000000000 0013140000004d00 1 14 0000004d 0 0 0 0000000000000001 aaaaaaaa f aaaaaaaa 0 00 aaaaaaaa
0000000000000001 1050050606005000 0 00 00000000 0 0 0 0000000000000002 aaaaaaaa 5 00000000 1 05 00000000
0000000000000002 10610305001ff000 0 00 00000000 0 0 0 0000000000000003 aaaaaaaa f aaaaaaaa 1 03 aaaaaaaa
0000000000000003 103004050300f000 0 00 00000000 0 0 0 0000000000000004 aaaaaaaa f aaaaaaaa 1 04 aaaaaaaa
0000000000000004 10610604000ff000 0 00 00000000 0 0 0 0000000000000005 aaaaaaaa f aaaaaaaa 1 06 aaaaaaaa
0000000000000005 105004060200f000 0 00 00000000 0 0 0 0000000000000006 aaaaaaaa f aaaaaaaa 1 04 aaaaaaaa
0000000000000006 34110500989cf000 0 00 00000000 0 0 0 0000000000000007 aaaaaaaa f aaaaaaaa 1 05 aaaaaaaa
0000000000000007 3400060500004000 0 00 00000000 0 0 0 0000000000000008 aaaaaaaa 4 02002888 1 06 02002888
0000000000000008 10010302fffff000 0 00 00000000 0 0 0 0000000000000009 aaaaaaaa f aaaaaaaa 1 03 aaaaaaaa
0000000000000009 0013150000000100 1 15 00000001 0 0 0 000000000000000a aaaaaaaa f aaaaaaaa 0 00 aaaaaaaa
000000000000000a 342003150000f000 0 00 00000000 0 0 0 000000000000000b aaaaaaaa f aaaaaaaa 1 03 aaaaaaaa
000000000000000b 105106028000f000 0 00 00000000 0 0 0 000000000000000c aaaaaaaa f aaaaaaaa 1 06 aaaaaaaa
000000000000000c 103005030200f000 0 00 00000000 0 0 0 000000000000000d aaaaaaaa f aaaaaaaa 1 05 aaaaaaaa
000000000000000d 106102060010f000 0 00 00000000 0 0 0 000000000000000e aaaaaaaa f aaaaaaaa 1 02 aaaaaaaa
000000000000000e 00131e0000000300 1 1e 00000003 0 0 0 000000000000000f aaaaaaaa f aaaaaaaa 0 00 aaaaaaaa
000000000000000f 0023171700000100 1 17 00000001 0 0 0 0000000000000010 aaaaaaaa f aaaaaaaa 0 00 aaaaaaaa
0000000000000010 00731e1e00000100 1 1e 00000002 0 0 0 0000000000000011 aaaaaaaa f aaaaaaaa 0 00 aaaaaaaa
0000000000000011 0013180000000000 1 18 00000000 0 0 0 0000000000000012 aaaaaaaa f aaaaaaaa 0 00 aaaaaaaa
0000000000000012 0102001e18000000 0 00 00000000 4 0 0 0000000000000013 aaaaaaaa f aaaaaaaa 0 00 aaaaaaaa
0000000000000013 0215fffffb040000 0 00 00000000 4 0 1 000000000000000f aaaaaaaa f aaaaaaaa 0 00 aaaaaaaa
000000000000000f 0023171700000100 1 17 00000002 4 0 0 0000000000000010 aaaaaaaa f aaaaaaaa 0 00 aaaaaaaa
0000000000000010 00731e1e00000100 1 1e 00000001 4 0 0 0000000000000011 aaaaaaaa f aaaaaaaa 0 00 aaaaaaaa
0000000000000011 0013180000000000 1 18 00000000 4 0 0 0000000000000012 aaaaaaaa f aaaaaaaa 0 00 aaaaaaaa
0000000000000012 0102001e18000000 0 00 00000000 4 0 0 0000000000000013 aaaaaaaa f aaaaaaaa 0 00 aaaaaaaa
0000000000000013 0215fffffb040000 0 00 00000000 4 0 1 000000000000000f aaaaaaaa f aaaaaaaa 0 00 aaaaaaaa
000000000000000f 0023171700000100 1 17 00000003 4 0 0 0000000000000010 aaaaaaaa f aaaaaaaa 0 00 aaaaaaaa
0000000000000010 00731e1e00000100 1 1e 00000000 4 0 0 0000000000000011 aaaaaaaa f aaaaaaaa 0 00 aaaaaaaa
0000000000000011 0013180000000000 1 18 00000000 4 0 0 0000000000000012 aaaaaaaa f aaaaaaaa 0 00 aaaaaaaa
0000000000000012 0102001e18000000 0 00 00000000 5 1 0 0000000000000013 aaaaaaaa f aaaaaaaa 0 00 aaaaaaaa
0000000000000013 0215fffffb040000 0 00 00000000 5 1 0 0000000000000014 aaaaaaaa f aaaaaaaa 0 00 aaaaaaaa
0000000000000014 7cf5000000000000 0 00 00000000 5 1 0 0000000000000015 aaaaaaaa f aaaaaaaa 0 00 aaaaaaaa
DONE retired=31 fault=00 pc=0000000000000014
