0000000000000000 0013140000004d00 1 14 0000004d 0 0 0 0000000000000001 aaaaaaaa f aaaaaaaa 0 00 aaaaaaaa
0000000000000001 104103060000f000 0 00 00000000 0 0 0 0000000000000002 aaaaaaaa f aaaaaaaa 1 03 aaaaaaaa
0000000000000002 104002030500f000 0 00 00000000 0 0 0 0000000000000003 aaaaaaaa f aaaaaaaa 1 02 aaaaaaaa
0000000000000003 104006040500f000 0 00 00000000 0 0 0 0000000000000004 aaaaaaaa f aaaaaaaa 1 06 aaaaaaaa
0000000000000004 104006030600f000 0 00 00000000 0 0 0 0000000000000005 aaaaaaaa f aaaaaaaa 1 06 aaaaaaaa
0000000000000005 107105040020f000 0 00 00000000 0 0 0 0000000000000006 aaaaaaaa f aaaaaaaa 1 05 aaaaaaaa
0000000000000006 0013150000000000 1 15 00000000 0 0 0 0000000000000007 aaaaaaaa f aaaaaaaa 0 00 aaaaaaaa
0000000000000007 342002150000f000 0 00 00000000 0 0 0 0000000000000008 aaaaaaaa f aaaaaaaa 1 02 aaaaaaaa
0000000000000008 340003020000f000 0 00 00000000 0 0 0 0000000000000009 aaaaaaaa f aaaaaaaa 1 03 aaaaaaaa
0000000000000009 340004060000f000 0 00 00000000 0 0 0 000000000000000a aaaaaaaa f aaaaaaaa 1 04 aaaaaaaa
000000000000000a 340002030000f000 0 00 00000000 0 0 0 000000000000000b aaaaaaaa f aaaaaaaa 1 02 aaaaaaaa
000000000000000b 107105020001f000 0 00 00000000 0 0 0 000000000000000c aaaaaaaa f aaaaaaaa 1 05 aaaaaaaa
000000000000000c 102004040300f000 0 00 00000000 0 0 0 000000000000000d aaaaaaaa f aaaaaaaa 1 04 aaaaaaaa
000000000000000d 00131e0000000200 1 1e 00000002 0 0 0 000000000000000e aaaaaaaa f aaaaaaaa 0 00 aaaaaaaa
000000000000000e 0023171700000100 1 17 00000001 0 0 0 000000000000000f aaaaaaaa f aaaaaaaa 0 00 aaaaaaaa
000000000000000f 00731e1e00000100 1 1e 00000001 0 0 0 0000000000000010 aaaaaaaa f aaaaaaaa 0 00 aaaaaaaa
0000000000000010 0013180000000000 1 18 00000000 0 0 0 0000000000000011 aaaaaaaa f aaaaaaaa 0 00 aaaaaaaa
0000000000000011 0102001e18000000 0 00 00000000 4 0 0 0000000000000012 aaaaaaaa f aaaaaaaa 0 00 aaaaaaaa
0000000000000012 0215fffffb040000 0 00 00000000 4 0 1 000000000000000e aaaaaaaa f aaaaaaaa 0 00 aaaaaaaa
000000000000000e 0023171700000100 1 17 00000002 4 0 0 000000000000000f aaaaaaaa f aaaaaaaa 0 00 aaaaaaaa
000000000000000f 00731e1e00000100 1 1e 00000000 4 0 0 0000000000000010 aaaaaaaa f aaaaaaaa 0 00 aaaaaaaa
0000000000000010 0013180000000000 1 18 00000000 4 0 0 0000000000000011 aaaaaaaa f aaaaaaaa 0 00 aaaaaaaa
0000000000000011 0102001e18000000 0 00 00000000 5 1 0 0000000000000012 aaaaaaaa f aaaaaaaa 0 00 aaaaaaaa
0000000000000012 0215fffffb040000 0 00 00000000 5 1 0 0000000000000013 aaaaaaaa f aaaaaaaa 0 00 aaaaaaaa
0000000000000013 7cf5000000000000 0 00 00000000 5 1 0 0000000000000014 aaaaaaaa f aaaaaaaa 0 00 aaaaaaaa
DONE retired=25 fault=00 pc=0000000000000013
