0000000000000000 0013140000004d00 1 14 0000004d 0 0 0 0000000000000001 63b3a89d f 63b3a89d 0 00 63b3a89d
0000000000000001 100002040200f000 0 00 00000000 0 0 0 0000000000000002 63b3a89d f 63b3a89d 1 02 63b3a89d
0000000000000002 340005050000f000 0 00 00000000 0 0 0 0000000000000003 63b3a89d f 63b3a89d 1 05 63b3a89d
0000000000000003 00131600ffffff00 1 16 ffffffff 0 0 0 0000000000000004 63b3a89d f 63b3a89d 0 00 63b3a89d
0000000000000004 342002160000f000 0 00 00000000 0 0 0 0000000000000005 63b3a89d f 63b3a89d 1 02 63b3a89d
0000000000000005 10810302000df000 0 00 00000000 0 0 0 0000000000000006 63b3a89d f 63b3a89d 1 03 63b3a89d
0000000000000006 104103037ffff000 0 00 00000000 0 0 0 0000000000000007 63b3a89d f 63b3a89d 1 03 63b3a89d
0000000000000007 103004020400f000 0 00 00000000 0 0 0 0000000000000008 63b3a89d f 63b3a89d 1 04 63b3a89d
0000000000000008 101004030500f000 0 00 00000000 0 0 0 0000000000000009 63b3a89d f 63b3a89d 1 04 63b3a89d
0000000000000009 10710604000ff000 0 00 00000000 0 0 0 000000000000000a 63b3a89d f 63b3a89d 1 06 63b3a89d
000000000000000a 104104027ffff000 0 00 00000000 0 0 0 000000000000000b 63b3a89d f 63b3a89d 1 04 63b3a89d
000000000000000b 101105060001f000 0 00 00000000 0 0 0 000000000000000c 63b3a89d f 63b3a89d 1 05 63b3a89d
000000000000000c 340004060000f000 0 00 00000000 0 0 0 000000000000000d 63b3a89d f 63b3a89d 1 04 63b3a89d
000000000000000d 341103007ffff000 0 00 00000000 0 0 0 000000000000000e 63b3a89d f 63b3a89d 1 03 63b3a89d
000000000000000e 105003040600b000 0 00 00000000 0 0 0 000000000000000f 63b3a89d b 2312288c 1 03 2312288c
000000000000000f 00131500ffffff00 1 15 ffffffff 0 0 0 0000000000000010 63b3a89d f 63b3a89d 0 00 63b3a89d
0000000000000010 342006150000f000 0 00 00000000 0 0 0 0000000000000011 63b3a89d f 63b3a89d 1 06 63b3a89d
0000000000000011 103104050001f000 0 00 00000000 0 0 0 0000000000000012 63b3a89d f 63b3a89d 1 04 63b3a89d
0000000000000012 10610404001ff000 0 00 00000000 0 0 0 0000000000000013 63b3a89d f 63b3a89d 1 04 63b3a89d
0000000000000013 340004020000f000 0 00 00000000 0 0 0 0000000000000014 63b3a89d f 63b3a89d 1 04 63b3a89d
0000000000000014 104003020600f000 0 00 00000000 0 0 0 0000000000000015 63b3a89d f 63b3a89d 1 03 63b3a89d
0000000000000015 105004050300f000 0 00 00000000 0 0 0 0000000000000016 63b3a89d f 63b3a89d 1 04 63b3a89d
0000000000000016 0013160000000000 1 16 00000000 0 0 0 0000000000000017 63b3a89d f 63b3a89d 0 00 63b3a89d
0000000000000017 342003160000f000 0 00 00000000 0 0 0 0000000000000018 63b3a89d f 63b3a89d 1 03 63b3a89d
0000000000000018 108106030000f000 0 00 00000000 0 0 0 0000000000000019 63b3a89d f 63b3a89d 1 06 63b3a89d
0000000000000019 107104020020f000 0 00 00000000 0 0 0 000000000000001a 63b3a89d f 63b3a89d 1 04 63b3a89d
000000000000001a 340004030000f000 0 00 00000000 0 0 0 000000000000001b 63b3a89d f 63b3a89d 1 04 63b3a89d
000000000000001b 3411030080002000 0 00 00000000 0 0 0 000000000000001c 63b3a89d 2 00000001 1 03 00000001
000000000000001c 104002020500f000 0 00 00000000 0 0 0 000000000000001d 63b3a89d f 63b3a89d 1 02 63b3a89d
000000000000001d 104104057ffff000 0 00 00000000 0 0 0 000000000000001e 63b3a89d f 63b3a89d 1 04 63b3a89d
000000000000001e 105002020200c000 0 00 00000000 0 0 0 000000000000001f 63b3a89d c 41110015 1 02 41110015
000000000000001f 100006030400f000 0 00 00000000 0 0 0 0000000000000020 63b3a89d f 63b3a89d 1 06 63b3a89d
0000000000000020 0013160000000000 1 16 00000000 0 0 0 0000000000000021 63b3a89d f 63b3a89d 0 00 63b3a89d
0000000000000021 342006160000f000 0 00 00000000 0 0 0 0000000000000022 63b3a89d f 63b3a89d 1 06 63b3a89d
0000000000000022 10810406003ff000 0 00 00000000 0 0 0 0000000000000023 63b3a89d f 63b3a89d 1 04 63b3a89d
0000000000000023 102005060200f000 0 00 00000000 0 0 0 0000000000000024 63b3a89d f 63b3a89d 1 05 63b3a89d
0000000000000024 106106050020f000 0 00 00000000 0 0 0 0000000000000025 63b3a89d f 63b3a89d 1 06 63b3a89d
0000000000000025 103005020300f000 0 00 00000000 0 0 0 0000000000000026 63b3a89d f 63b3a89d 1 05 63b3a89d
0000000000000026 00131e0000000100 1 1e 00000001 0 0 0 0000000000000027 63b3a89d f 63b3a89d 0 00 63b3a89d
0000000000000027 0023171700000100 1 17 00000001 0 0 0 0000000000000028 63b3a89d f 63b3a89d 0 00 63b3a89d
0000000000000028 00731e1e00000100 1 1e 00000000 0 0 0 0000000000000029 63b3a89d f 63b3a89d 0 00 63b3a89d
0000000000000029 0013180000000000 1 18 00000000 0 0 0 000000000000002a 63b3a89d f 63b3a89d 0 00 63b3a89d
000000000000002a 0102001e18000000 0 00 00000000 5 1 0 000000000000002b 63b3a89d f 63b3a89d 0 00 63b3a89d
000000000000002b 0215fffffb040000 0 00 00000000 5 1 0 000000000000002c 63b3a89d f 63b3a89d 0 00 63b3a89d
000000000000002c 7cf5000000000000 0 00 00000000 5 1 0 000000000000002d 63b3a89d f 63b3a89d 0 00 63b3a89d
DONE retired=45 fault=00 pc=000000000000002c
