0000000000000000 0013140000004d00 1 14 0000004d 0 0 0 0000000000000001 27b542b1 f 27b542b1 0 00 27b542b1
0000000000000001 105002060400f000 0 00 00000000 0 0 0 0000000000000002 27b542b1 f 27b542b1 1 02 27b542b1
0000000000000002 102006030200f000 0 00 00000000 0 0 0 0000000000000003 27b542b1 f 27b542b1 1 06 27b542b1
0000000000000003 106106050000f000 0 00 00000000 0 0 0 0000000000000004 27b542b1 f 27b542b1 1 06 27b542b1
0000000000000004 340006020000f000 0 00 00000000 0 0 0 0000000000000005 27b542b1 f 27b542b1 1 06 27b542b1
0000000000000005 0013150000000000 1 15 00000000 0 0 0 0000000000000006 27b542b1 f 27b542b1 0 00 27b542b1
0000000000000006 342006150000f000 0 00 00000000 0 0 0 0000000000000007 27b542b1 f 27b542b1 1 06 27b542b1
0000000000000007 00131600ffffff00 1 16 ffffffff 0 0 0 0000000000000008 27b542b1 f 27b542b1 0 00 27b542b1
0000000000000008 342003160000f000 0 00 00000000 0 0 0 0000000000000009 27b542b1 f 27b542b1 1 03 27b542b1
0000000000000009 10810603003ff000 0 00 00000000 0 0 0 000000000000000a 27b542b1 f 27b542b1 1 06 27b542b1
000000000000000a 105106040000f000 0 00 00000000 0 0 0 000000000000000b 27b542b1 f 27b542b1 1 06 27b542b1
000000000000000b 104004030400f000 0 00 00000000 0 0 0 000000000000000c 27b542b1 f 27b542b1 1 04 27b542b1
000000000000000c 340004030000f000 0 00 00000000 0 0 0 000000000000000d 27b542b1 f 27b542b1 1 04 27b542b1
000000000000000d 00131e0000000300 1 1e 00000003 0 0 0 000000000000000e 27b542b1 f 27b542b1 0 00 27b542b1
000000000000000e 0023171700000100 1 17 00000001 0 0 0 000000000000000f 27b542b1 f 27b542b1 0 00 27b542b1
000000000000000f 00731e1e00000100 1 1e 00000002 0 0 0 0000000000000010 27b542b1 f 27b542b1 0 00 27b542b1
0000000000000010 0013180000000000 1 18 00000000 0 0 0 0000000000000011 27b542b1 f 27b542b1 0 00 27b542b1
0000000000000011 0102001e18000000 0 00 00000000 4 0 0 0000000000000012 27b542b1 f 27b542b1 0 00 27b542b1
0000000000000012 0215fffffb040000 0 00 00000000 4 0 1 000000000000000e 27b542b1 f 27b542b1 0 00 27b542b1
000000000000000e 0023171700000100 1 17 00000002 4 0 0 000000000000000f 27b542b1 f 27b542b1 0 00 27b542b1
000000000000000f 00731e1e00000100 1 1e 00000001 4 0 0 0000000000000010 27b542b1 f 27b542b1 0 00 27b542b1
0000000000000010 0013180000000000 1 18 00000000 4 0 0 0000000000000011 27b542b1 f 27b542b1 0 00 27b542b1
0000000000000011 0102001e18000000 0 00 00000000 4 0 0 0000000000000012 27b542b1 f 27b542b1 0 00 27b542b1
0000000000000012 0215fffffb040000 0 00 00000000 4 0 1 000000000000000e 27b542b1 f 27b542b1 0 00 27b542b1
000000000000000e 0023171700000100 1 17 00000003 4 0 0 000000000000000f 27b542b1 f 27b542b1 0 00 27b542b1
000000000000000f 00731e1e00000100 1 1e 00000000 4 0 0 0000000000000010 27b542b1 f 27b542b1 0 00 27b542b1
0000000000000010 0013180000000000 1 18 00000000 4 0 0 0000000000000011 27b542b1 f 27b542b1 0 00 27b542b1
0000000000000011 0102001e18000000 0 00 00000000 5 1 0 0000000000000012 27b542b1 f 27b542b1 0 00 27b542b1
0000000000000012 0215fffffb040000 0 00 00000000 5 1 0 0000000000000013 27b542b1 f 27b542b1 0 00 27b542b1
0000000000000013 7cf5000000000000 0 00 00000000 5 1 0 0000000000000014 27b542b1 f 27b542b1 0 00 27b542b1
DONE retired=30 fault=00 pc=0000000000000013
