0000000000000000 00131d0000000000 1 1d 00000000 0 0 0 0000000000000001
0000000000000001 8506000000000000 0 00 00000000 0 0 0 0000000000000002
0000000000000002 00130f0000000100 1 0f 00000001 0 0 0 0000000000000003
0000000000000003 8506000000000000 0 00 00000000 0 0 0 0000000000000004
0000000000000004 8506000000000000 0 00 00000000 0 0 0 0000000000000005
0000000000000005 0032080112000000 1 08 00000000 0 0 0 0000000000000006
0000000000000006 00130400ffffff00 1 04 ffffffff 0 0 0 0000000000000007
0000000000000007 8506000000000000 0 00 00000000 0 0 0 0000000000000008
0000000000000008 00230d115a4fb000 1 0d 005a4fb0 0 0 0 0000000000000009
0000000000000009 00130800deee1600 1 08 ffdeee16 0 0 0 000000000000000a
000000000000000a 00b30a0800001300 1 0a fffffffb 0 0 0 000000000000000b
000000000000000b 8506000000000000 0 00 00000000 0 0 0 000000000000000c
000000000000000c 00620b040f000000 1 0b fffffffe 0 0 0 000000000000000d
000000000000000d 8506000000000000 0 00 00000000 0 0 0 000000000000000e
000000000000000e 00a20d0101000000 1 0d 00000000 0 0 0 000000000000000f
000000000000000f 00a2030907000000 1 03 00000000 0 0 0 0000000000000010
0000000000000010 0063110300001d00 1 11 00000000 0 0 0 0000000000000011
0000000000000011 8506000000000000 0 00 00000000 0 0 0 0000000000000012
0000000000000012 00131000186cd600 1 10 00186cd6 0 0 0 0000000000000013
0000000000000013 00a2120a09000000 1 12 fffffffb 0 0 0 0000000000000014
0000000000000014 0072050b04000000 1 05 ffffffff 0 0 0 0000000000000015
0000000000000015 8506000000000000 0 00 00000000 0 0 0 0000000000000016
0000000000000016 00920a0500000000 1 0a 00000000 0 0 0 0000000000000017
0000000000000017 0102000107000000 0 00 00000000 5 1 0 0000000000000018
0000000000000018 0215000003040000 0 00 00000000 5 1 0 0000000000000019
0000000000000019 8506000000000000 0 00 00000000 5 1 0 000000000000001a
000000000000001a 8506000000000000 0 00 00000000 5 1 0 000000000000001b
000000000000001b 8506000000000000 0 00 00000000 5 1 0 000000000000001c
000000000000001c 0032050303000000 1 05 00000000 5 1 0 000000000000001d
000000000000001d 00b30b0100001f00 1 0b 00000000 5 1 0 000000000000001e
000000000000001e 8506000000000000 0 00 00000000 5 1 0 000000000000001f
000000000000001f 0022080412000000 1 08 fffffffa 5 1 0 0000000000000020
0000000000000020 0052110f03000000 1 11 00000001 5 1 0 0000000000000021
0000000000000021 00730903aaaaaa00 1 09 00555556 5 1 0 0000000000000022
0000000000000022 0072140e14000000 1 14 00000000 5 1 0 0000000000000023
0000000000000023 8506000000000000 0 00 00000000 5 1 0 0000000000000024
0000000000000024 8506000000000000 0 00 00000000 5 1 0 0000000000000025
0000000000000025 00131e0000000300 1 1e 00000003 5 1 0 0000000000000026
0000000000000026 0023151500000100 1 15 00000001 5 1 0 0000000000000027
0000000000000027 00731e1e00000100 1 1e 00000002 5 1 0 0000000000000028
0000000000000028 0102001e1d000000 0 00 00000000 4 0 0 0000000000000029
0000000000000029 0215fffffc040000 0 00 00000000 4 0 1 0000000000000026
0000000000000026 0023151500000100 1 15 00000002 4 0 0 0000000000000027
0000000000000027 00731e1e00000100 1 1e 00000001 4 0 0 0000000000000028
0000000000000028 0102001e1d000000 0 00 00000000 4 0 0 0000000000000029
0000000000000029 0215fffffc040000 0 00 00000000 4 0 1 0000000000000026
0000000000000026 0023151500000100 1 15 00000003 4 0 0 0000000000000027
0000000000000027 00731e1e00000100 1 1e 00000000 4 0 0 0000000000000028
0000000000000028 0102001e1d000000 0 00 00000000 5 1 0 0000000000000029
0000000000000029 0215fffffc040000 0 00 00000000 5 1 0 000000000000002a
000000000000002a 7cf5000000000000 0 00 00000000 5 1 0 000000000000002b
DONE retired=51 fault=00 pc=000000000000002a
