0000000000000000 0013140000004d00 1 14 0000004d 0 0 0 0000000000000001 00000004 f 00000004 0 00 00000004
0000000000000001 341106000000f000 0 00 00000000 0 0 0 0000000000000002 00000004 f 00000004 1 06 00000004
0000000000000002 1030050403006000 0 00 00000000 0 0 0 0000000000000003 00000004 6 00000000 1 05 00000000
0000000000000003 106106030021f000 0 00 00000000 0 0 0 0000000000000004 00000004 f 00000004 1 06 00000004
0000000000000004 10710505001ff000 0 00 00000000 0 0 0 0000000000000005 00000004 f 00000004 1 05 00000004
0000000000000005 100003050300f000 0 00 00000000 0 0 0 0000000000000006 00000004 f 00000004 1 03 00000004
0000000000000006 105003020500f000 0 00 00000000 0 0 0 0000000000000007 00000004 f 00000004 1 03 00000004
0000000000000007 0013160000000000 1 16 00000000 0 0 0 0000000000000008 00000004 f 00000004 0 00 00000004
0000000000000008 342006160000f000 0 00 00000000 0 0 0 0000000000000009 00000004 f 00000004 1 06 00000004
0000000000000009 10810306001ff000 0 00 00000000 0 0 0 000000000000000a 00000004 f 00000004 1 03 00000004
000000000000000a 105003020400f000 0 00 00000000 0 0 0 000000000000000b 00000004 f 00000004 1 03 00000004
000000000000000b 105102067ffff000 0 00 00000000 0 0 0 000000000000000c 00000004 f 00000004 1 02 00000004
000000000000000c 340003060000f000 0 00 00000000 0 0 0 000000000000000d 00000004 f 00000004 1 03 00000004
000000000000000d 00131e0000000100 1 1e 00000001 0 0 0 000000000000000e 00000004 f 00000004 0 00 00000004
000000000000000e 0023171700000100 1 17 00000001 0 0 0 000000000000000f 00000004 f 00000004 0 00 00000004
000000000000000f 00731e1e00000100 1 1e 00000000 0 0 0 0000000000000010 00000004 f 00000004 0 00 00000004
0000000000000010 0013180000000000 1 18 00000000 0 0 0 0000000000000011 00000004 f 00000004 0 00 00000004
0000000000000011 0102001e18000000 0 00 00000000 5 1 0 0000000000000012 00000004 f 00000004 0 00 00000004
0000000000000012 0215fffffb040000 0 00 00000000 5 1 0 0000000000000013 00000004 f 00000004 0 00 00000004
0000000000000013 7cf5000000000000 0 00 00000000 5 1 0 0000000000000014 00000004 f 00000004 0 00 00000004
DONE retired=20 fault=00 pc=0000000000000013
