0000000000000000 00131d0000000000 1 1d 00000000 0 0 0 0000000000000001
0000000000000001 0023030d00000000 1 03 00000000 0 0 0 0000000000000002
0000000000000002 010200040a000000 0 00 00000000 5 1 0 0000000000000003
0000000000000003 0215000002010000 0 00 00000000 5 1 1 0000000000000006
0000000000000006 00920b1400000000 1 0b ffffffff 5 1 0 0000000000000007
0000000000000007 8506000000000000 0 00 00000000 5 1 0 0000000000000008
0000000000000008 0013100000000000 1 10 00000000 5 1 0 0000000000000009
0000000000000009 001314006e330f00 1 14 006e330f 5 1 0 000000000000000a
000000000000000a 0112000e02000000 0 00 00000000 5 0 0 000000000000000b
000000000000000b 02150000030b0000 0 00 00000000 5 0 0 000000000000000c
000000000000000c 8506000000000000 0 00 00000000 5 0 0 000000000000000d
000000000000000d 8506000000000000 0 00 00000000 5 0 0 000000000000000e
000000000000000e 8506000000000000 0 00 00000000 5 0 0 000000000000000f
000000000000000f 0122001308000000 0 00 00000000 5 0 0 0000000000000010
0000000000000010 0215000001020000 0 00 00000000 5 0 1 0000000000000012
0000000000000012 00131e0000000100 1 1e 00000001 5 0 0 0000000000000013
0000000000000013 0023151500000100 1 15 00000001 5 0 0 0000000000000014
0000000000000014 00731e1e00000100 1 1e 00000000 5 0 0 0000000000000015
0000000000000015 0102001e1d000000 0 00 00000000 5 1 0 0000000000000016
0000000000000016 0215fffffc040000 0 00 00000000 5 1 0 0000000000000017
0000000000000017 7cf5000000000000 0 00 00000000 5 1 0 0000000000000018
DONE retired=21 fault=00 pc=0000000000000017
