0000000000000000 00131d0000000000 1 1d 00000000 0 0 0 0000000000000001
0000000000000001 0112001206000000 0 00 00000000 5 0 0 0000000000000002
0000000000000002 0215000001030000 0 00 00000000 5 0 1 0000000000000004
0000000000000004 00220a1107000000 1 0a 00000000 5 0 0 0000000000000005
0000000000000005 0122001414000000 0 00 00000000 5 0 0 0000000000000006
0000000000000006 0215000001040000 0 00 00000000 5 0 0 0000000000000007
0000000000000007 8506000000000000 0 00 00000000 5 0 0 0000000000000008
0000000000000008 00920a0b00000000 1 0a ffffffff 5 0 0 0000000000000009
0000000000000009 0306000000001300 1 13 00000000 5 0 0 000000000000000a
000000000000000a 0013050085eb4100 1 05 ff85eb41 5 0 0 000000000000000b
000000000000000b 00630a1100001d00 1 0a 00000000 5 0 0 000000000000000c
000000000000000c 00131e0000000400 1 1e 00000004 5 0 0 000000000000000d
000000000000000d 0023151500000100 1 15 00000001 5 0 0 000000000000000e
000000000000000e 00731e1e00000100 1 1e 00000003 5 0 0 000000000000000f
000000000000000f 0102001e1d000000 0 00 00000000 4 0 0 0000000000000010
0000000000000010 0215fffffc040000 0 00 00000000 4 0 1 000000000000000d
000000000000000d 0023151500000100 1 15 00000002 4 0 0 000000000000000e
000000000000000e 00731e1e00000100 1 1e 00000002 4 0 0 000000000000000f
000000000000000f 0102001e1d000000 0 00 00000000 4 0 0 0000000000000010
0000000000000010 0215fffffc040000 0 00 00000000 4 0 1 000000000000000d
000000000000000d 0023151500000100 1 15 00000003 4 0 0 000000000000000e
000000000000000e 00731e1e00000100 1 1e 00000001 4 0 0 000000000000000f
000000000000000f 0102001e1d000000 0 00 00000000 4 0 0 0000000000000010
0000000000000010 0215fffffc040000 0 00 00000000 4 0 1 000000000000000d
000000000000000d 0023151500000100 1 15 00000004 4 0 0 000000000000000e
000000000000000e 00731e1e00000100 1 1e 00000000 4 0 0 000000000000000f
000000000000000f 0102001e1d000000 0 00 00000000 5 1 0 0000000000000010
0000000000000010 0215fffffc040000 0 00 00000000 5 1 0 0000000000000011
0000000000000011 7cf5000000000000 0 00 00000000 5 1 0 0000000000000012
DONE retired=29 fault=00 pc=0000000000000011
