0000000000000000 0013140000004d00 1 14 0000004d 0 0 0 0000000000000001 5e6af473 f 5e6af473 0 00 5e6af473
0000000000000001 10710502003ff000 0 00 00000000 0 0 0 0000000000000002 5e6af473 f 5e6af473 1 05 5e6af473
0000000000000002 101003050400f000 0 00 00000000 0 0 0 0000000000000003 5e6af473 f 5e6af473 1 03 5e6af473
0000000000000003 341106008000f000 0 00 00000000 0 0 0 0000000000000004 5e6af473 f 5e6af473 1 06 5e6af473
0000000000000004 105103040000f000 0 00 00000000 0 0 0 0000000000000005 5e6af473 f 5e6af473 1 03 5e6af473
0000000000000005 100006030300f000 0 00 00000000 0 0 0 0000000000000006 5e6af473 f 5e6af473 1 06 5e6af473
0000000000000006 3411040000018000 0 00 00000000 0 0 0 0000000000000007 5e6af473 8 5e6af473 1 04 5e6af473
0000000000000007 103002030400f000 0 00 00000000 0 0 0 0000000000000008 5e6af473 f 5e6af473 1 02 5e6af473
0000000000000008 101105067ffff000 0 00 00000000 0 0 0 0000000000000009 5e6af473 f 5e6af473 1 05 5e6af473
0000000000000009 340002040000f000 0 00 00000000 0 0 0 000000000000000a 5e6af473 f 5e6af473 1 02 5e6af473
000000000000000a 1010050605009000 0 00 00000000 0 0 0 000000000000000b 5e6af473 9 00000000 1 05 00000000
000000000000000b 105004050200f000 0 00 00000000 0 0 0 000000000000000c 5e6af473 f 5e6af473 1 04 5e6af473
000000000000000c 1040060302004000 0 00 00000000 0 0 0 000000000000000d 5e6af473 4 1242b013 1 06 1242b013
000000000000000d 105104068000f000 0 00 00000000 0 0 0 000000000000000e 5e6af473 f 5e6af473 1 04 5e6af473
000000000000000e 101005030600f000 0 00 00000000 0 0 0 000000000000000f 5e6af473 f 5e6af473 1 05 5e6af473
000000000000000f 34110500fffff000 0 00 00000000 0 0 0 0000000000000010 5e6af473 f 5e6af473 1 05 5e6af473
0000000000000010 0013150000000000 1 15 00000000 0 0 0 0000000000000011 5e6af473 f 5e6af473 0 00 5e6af473
0000000000000011 342003150000f000 0 00 00000000 0 0 0 0000000000000012 5e6af473 f 5e6af473 1 03 5e6af473
0000000000000012 0013160000000000 1 16 00000000 0 0 0 0000000000000013 5e6af473 f 5e6af473 0 00 5e6af473
0000000000000013 342005160000f000 0 00 00000000 0 0 0 0000000000000014 5e6af473 f 5e6af473 1 05 5e6af473
0000000000000014 108104050001f000 0 00 00000000 0 0 0 0000000000000015 5e6af473 f 5e6af473 1 04 5e6af473
0000000000000015 100003050200f000 0 00 00000000 0 0 0 0000000000000016 5e6af473 f 5e6af473 1 03 5e6af473
0000000000000016 0013150000000100 1 15 00000001 0 0 0 0000000000000017 5e6af473 f 5e6af473 0 00 5e6af473
0000000000000017 342004150000f000 0 00 00000000 0 0 0 0000000000000018 5e6af473 f 5e6af473 1 04 5e6af473
0000000000000018 106104020010f000 0 00 00000000 0 0 0 0000000000000019 5e6af473 f 5e6af473 1 04 5e6af473
0000000000000019 100102020001f000 0 00 00000000 0 0 0 000000000000001a 5e6af473 f 5e6af473 1 02 5e6af473
000000000000001a 00131e0000000200 1 1e 00000002 0 0 0 000000000000001b 5e6af473 f 5e6af473 0 00 5e6af473
000000000000001b 0023171700000100 1 17 00000001 0 0 0 000000000000001c 5e6af473 f 5e6af473 0 00 5e6af473
000000000000001c 00731e1e00000100 1 1e 00000001 0 0 0 000000000000001d 5e6af473 f 5e6af473 0 00 5e6af473
000000000000001d 0013180000000000 1 18 00000000 0 0 0 000000000000001e 5e6af473 f 5e6af473 0 00 5e6af473
000000000000001e 0102001e18000000 0 00 00000000 4 0 0 000000000000001f 5e6af473 f 5e6af473 0 00 5e6af473
000000000000001f 0215fffffb040000 0 00 00000000 4 0 1 000000000000001b 5e6af473 f 5e6af473 0 00 5e6af473
000000000000001b 0023171700000100 1 17 00000002 4 0 0 000000000000001c 5e6af473 f 5e6af473 0 00 5e6af473
000000000000001c 00731e1e00000100 1 1e 00000000 4 0 0 000000000000001d 5e6af473 f 5e6af473 0 00 5e6af473
000000000000001d 0013180000000000 1 18 00000000 4 0 0 000000000000001e 5e6af473 f 5e6af473 0 00 5e6af473
000000000000001e 0102001e18000000 0 00 00000000 5 1 0 000000000000001f 5e6af473 f 5e6af473 0 00 5e6af473
000000000000001f 0215fffffb040000 0 00 00000000 5 1 0 0000000000000020 5e6af473 f 5e6af473 0 00 5e6af473
0000000000000020 7cf5000000000000 0 00 00000000 5 1 0 0000000000000021 5e6af473 f 5e6af473 0 00 5e6af473
DONE retired=38 fault=00 pc=0000000000000020
