0000000000000000 00131d0000000000 1 1d 00000000 0 0 0 0000000000000001
0000000000000001 010200130f000000 0 00 00000000 5 1 0 0000000000000002
0000000000000002 02150000030d0000 0 00 00000000 5 1 0 0000000000000003
0000000000000003 8506000000000000 0 00 00000000 5 1 0 0000000000000004
0000000000000004 8506000000000000 0 00 00000000 5 1 0 0000000000000005
0000000000000005 8506000000000000 0 00 00000000 5 1 0 0000000000000006
0000000000000006 00a3090700000f00 1 09 00000000 5 1 0 0000000000000007
0000000000000007 8506000000000000 0 00 00000000 5 1 0 0000000000000008
0000000000000008 8506000000000000 0 00 00000000 5 1 0 0000000000000009
0000000000000009 007312013c3e2100 1 12 ffc3c1df 5 1 0 000000000000000a
000000000000000a 8506000000000000 0 00 00000000 5 1 0 000000000000000b
000000000000000b 0032060307000000 1 06 00000000 5 1 0 000000000000000c
000000000000000c 8506000000000000 0 00 00000000 5 1 0 000000000000000d
000000000000000d 0013120077767700 1 12 00777677 5 1 0 000000000000000e
000000000000000e 00520a0c01000000 1 0a 00000000 5 1 0 000000000000000f
000000000000000f 0052110301000000 1 11 00000000 5 1 0 0000000000000010
0000000000000010 0306000000000a00 1 0a 00000000 5 1 0 0000000000000011
0000000000000011 00130f00ffffff00 1 0f ffffffff 5 1 0 0000000000000012
0000000000000012 00a3010800000400 1 01 00000000 5 1 0 0000000000000013
0000000000000013 0013130000000000 1 13 00000000 5 1 0 0000000000000014
0000000000000014 003214070f000000 1 14 00000000 5 1 0 0000000000000015
0000000000000015 0072100510000000 1 10 00000000 5 1 0 0000000000000016
0000000000000016 0032040513000000 1 04 00000000 5 1 0 0000000000000017
0000000000000017 00630e0b00001400 1 0e 00000000 5 1 0 0000000000000018
0000000000000018 00b3110a00000f00 1 11 00000000 5 1 0 0000000000000019
0000000000000019 0306000000000a00 1 0a 00000000 5 1 0 000000000000001a
000000000000001a 00130a00ffffff00 1 0a ffffffff 5 1 0 000000000000001b
000000000000001b 00630b1300001a00 1 0b 00000000 5 1 0 000000000000001c
000000000000001c 0092120a00000000 1 12 00000000 5 1 0 000000000000001d
000000000000001d 00130300eb4c9600 1 03 ffeb4c96 5 1 0 000000000000001e
000000000000001e 00620c0304000000 1 0c ffeb4c96 5 1 0 000000000000001f
000000000000001f 8506000000000000 0 00 00000000 5 1 0 0000000000000020
0000000000000020 00130100d95fe200 1 01 ffd95fe2 5 1 0 0000000000000021
0000000000000021 00b3051100001700 1 05 00000000 5 1 0 0000000000000022
0000000000000022 002207030c000000 1 07 ffd6992c 5 1 0 0000000000000023
0000000000000023 0306000000000d00 1 0d 00000000 5 1 0 0000000000000024
0000000000000024 8506000000000000 0 00 00000000 5 1 0 0000000000000025
0000000000000025 00130b00aaaaaa00 1 0b ffaaaaaa 5 1 0 0000000000000026
0000000000000026 0092080b00000000 1 08 00555555 5 1 0 0000000000000027
0000000000000027 00131e0000000400 1 1e 00000004 5 1 0 0000000000000028
0000000000000028 0023151500000100 1 15 00000001 5 1 0 0000000000000029
0000000000000029 00731e1e00000100 1 1e 00000003 5 1 0 000000000000002a
000000000000002a 0102001e1d000000 0 00 00000000 4 0 0 000000000000002b
000000000000002b 0215fffffc040000 0 00 00000000 4 0 1 0000000000000028
0000000000000028 0023151500000100 1 15 00000002 4 0 0 0000000000000029
0000000000000029 00731e1e00000100 1 1e 00000002 4 0 0 000000000000002a
000000000000002a 0102001e1d000000 0 00 00000000 4 0 0 000000000000002b
000000000000002b 0215fffffc040000 0 00 00000000 4 0 1 0000000000000028
0000000000000028 0023151500000100 1 15 00000003 4 0 0 0000000000000029
0000000000000029 00731e1e00000100 1 1e 00000001 4 0 0 000000000000002a
000000000000002a 0102001e1d000000 0 00 00000000 4 0 0 000000000000002b
000000000000002b 0215fffffc040000 0 00 00000000 4 0 1 0000000000000028
0000000000000028 0023151500000100 1 15 00000004 4 0 0 0000000000000029
0000000000000029 00731e1e00000100 1 1e 00000000 4 0 0 000000000000002a
000000000000002a 0102001e1d000000 0 00 00000000 5 1 0 000000000000002b
000000000000002b 0215fffffc040000 0 00 00000000 5 1 0 000000000000002c
000000000000002c 7cf5000000000000 0 00 00000000 5 1 0 000000000000002d
DONE retired=57 fault=00 pc=000000000000002c
