0000000000000000 00131d0000000000 1 1d 00000000 0 0 0 0000000000000001
0000000000000001 0092020100000000 1 02 ffffffff 0 0 0 0000000000000002
0000000000000002 00b30b0800001000 1 0b 00000000 0 0 0 0000000000000003
0000000000000003 0112000303000000 0 00 00000000 5 0 0 0000000000000004
0000000000000004 0215000002030000 0 00 00000000 5 0 1 0000000000000007
0000000000000007 00130f00aaaaaa00 1 0f ffaaaaaa 5 0 0 0000000000000008
0000000000000008 0022130a0c000000 1 13 00000000 5 0 0 0000000000000009
0000000000000009 00b20f0405000000 1 0f 00000000 5 0 0 000000000000000a
000000000000000a 8506000000000000 0 00 00000000 5 0 0 000000000000000b
000000000000000b 00131100ffcb3b00 1 11 ffffcb3b 5 0 0 000000000000000c
000000000000000c 00620c0c03000000 1 0c 00000000 5 0 0 000000000000000d
000000000000000d 0072030503000000 1 03 00000000 5 0 0 000000000000000e
000000000000000e 00a20e0614000000 1 0e 00000000 5 0 0 000000000000000f
000000000000000f 8506000000000000 0 00 00000000 5 0 0 0000000000000010
0000000000000010 0022021313000000 1 02 00000000 5 0 0 0000000000000011
0000000000000011 0062120c14000000 1 12 00000000 5 0 0 0000000000000012
0000000000000012 0102000f01000000 0 00 00000000 5 1 0 0000000000000013
0000000000000013 0215000002040000 0 00 00000000 5 1 0 0000000000000014
0000000000000014 8506000000000000 0 00 00000000 5 1 0 0000000000000015
0000000000000015 8506000000000000 0 00 00000000 5 1 0 0000000000000016
0000000000000016 00720b0f0b000000 1 0b 00000000 5 1 0 0000000000000017
0000000000000017 00230408a51a1a00 1 04 ffa51a1a 5 1 0 0000000000000018
0000000000000018 00a2140506000000 1 14 00000000 5 1 0 0000000000000019
0000000000000019 8506000000000000 0 00 00000000 5 1 0 000000000000001a
000000000000001a 00131100ffffff00 1 11 ffffffff 5 1 0 000000000000001b
000000000000001b 00420e0410000000 1 0e 00000000 5 1 0 000000000000001c
000000000000001c 00131100aa819900 1 11 ffaa8199 5 1 0 000000000000001d
000000000000001d 0102000112000000 0 00 00000000 5 1 0 000000000000001e
000000000000001e 0215000003040000 0 00 00000000 5 1 0 000000000000001f
000000000000001f 8506000000000000 0 00 00000000 5 1 0 0000000000000020
0000000000000020 8506000000000000 0 00 00000000 5 1 0 0000000000000021
0000000000000021 8506000000000000 0 00 00000000 5 1 0 0000000000000022
0000000000000022 0112000e04000000 0 00 00000000 0 0 0 0000000000000023
0000000000000023 0215000003040000 0 00 00000000 0 0 1 0000000000000027
0000000000000027 00131e0000000100 1 1e 00000001 0 0 0 0000000000000028
0000000000000028 0023151500000100 1 15 00000001 0 0 0 0000000000000029
0000000000000029 00731e1e00000100 1 1e 00000000 0 0 0 000000000000002a
000000000000002a 0102001e1d000000 0 00 00000000 5 1 0 000000000000002b
000000000000002b 0215fffffc040000 0 00 00000000 5 1 0 000000000000002c
000000000000002c 7cf5000000000000 0 00 00000000 5 1 0 000000000000002d
DONE retired=40 fault=00 pc=000000000000002c
