0000000000000000 00131d0000000000 1 1d 00000000 0 0 0 0000000000000001
0000000000000001 00b20a0213000000 1 0a 00000000 0 0 0 0000000000000002
0000000000000002 0122000b12000000 0 00 00000000 5 0 0 0000000000000003
0000000000000003 0215000001030000 0 00 00000000 5 0 1 0000000000000005
0000000000000005 8506000000000000 0 00 00000000 5 0 0 0000000000000006
0000000000000006 00b30d0800001800 1 0d 00000000 5 0 0 0000000000000007
0000000000000007 00a3020300000a00 1 02 00000000 5 0 0 0000000000000008
0000000000000008 0022130c11000000 1 13 00000000 5 0 0 0000000000000009
0000000000000009 00130a00d90ad600 1 0a ffd90ad6 5 0 0 000000000000000a
000000000000000a 00a3070f00002000 1 07 00000000 5 0 0 000000000000000b
000000000000000b 005201030b000000 1 01 00000000 5 0 0 000000000000000c
000000000000000c 012200060d000000 0 00 00000000 5 0 0 000000000000000d
000000000000000d 0215000003010000 0 00 00000000 5 0 0 000000000000000e
000000000000000e 8506000000000000 0 00 00000000 5 0 0 000000000000000f
000000000000000f 8506000000000000 0 00 00000000 5 0 0 0000000000000010
0000000000000010 8506000000000000 0 00 00000000 5 0 0 0000000000000011
0000000000000011 00320c1104000000 1 0c 00000000 5 0 0 0000000000000012
0000000000000012 0013030000000000 1 03 00000000 5 0 0 0000000000000013
0000000000000013 8506000000000000 0 00 00000000 5 0 0 0000000000000014
0000000000000014 005212140a000000 1 12 ffd90ad6 5 0 0 0000000000000015
0000000000000015 0032080b06000000 1 08 00000000 5 0 0 0000000000000016
0000000000000016 00320c0604000000 1 0c 00000000 5 0 0 0000000000000017
0000000000000017 0306000000001100 1 11 00000000 5 0 0 0000000000000018
0000000000000018 001304007672b300 1 04 007672b3 5 0 0 0000000000000019
0000000000000019 00131e0000000400 1 1e 00000004 5 0 0 000000000000001a
000000000000001a 0023151500000100 1 15 00000001 5 0 0 000000000000001b
000000000000001b 00731e1e00000100 1 1e 00000003 5 0 0 000000000000001c
000000000000001c 0102001e1d000000 0 00 00000000 4 0 0 000000000000001d
000000000000001d 0215fffffc040000 0 00 00000000 4 0 1 000000000000001a
000000000000001a 0023151500000100 1 15 00000002 4 0 0 000000000000001b
000000000000001b 00731e1e00000100 1 1e 00000002 4 0 0 000000000000001c
000000000000001c 0102001e1d000000 0 00 00000000 4 0 0 000000000000001d
000000000000001d 0215fffffc040000 0 00 00000000 4 0 1 000000000000001a
000000000000001a 0023151500000100 1 15 00000003 4 0 0 000000000000001b
000000000000001b 00731e1e00000100 1 1e 00000001 4 0 0 000000000000001c
000000000000001c 0102001e1d000000 0 00 00000000 4 0 0 000000000000001d
000000000000001d 0215fffffc040000 0 00 00000000 4 0 1 000000000000001a
000000000000001a 0023151500000100 1 15 00000004 4 0 0 000000000000001b
000000000000001b 00731e1e00000100 1 1e 00000000 4 0 0 000000000000001c
000000000000001c 0102001e1d000000 0 00 00000000 5 1 0 000000000000001d
000000000000001d 0215fffffc040000 0 00 00000000 5 1 0 000000000000001e
000000000000001e 7cf5000000000000 0 00 00000000 5 1 0 000000000000001f
DONE retired=42 fault=00 pc=000000000000001e
