0000000000000000 00131d0000000000 1 1d 00000000 0 0 0 0000000000000001
0000000000000001 8506000000000000 0 00 00000000 0 0 0 0000000000000002
0000000000000002 0092090b00000000 1 09 ffffffff 0 0 0 0000000000000003
0000000000000003 00b2020b0d000000 1 02 00000000 0 0 0 0000000000000004
0000000000000004 00b30b0a00001900 1 0b 00000000 0 0 0 0000000000000005
0000000000000005 00131100ffffff00 1 11 ffffffff 0 0 0 0000000000000006
0000000000000006 8506000000000000 0 00 00000000 0 0 0 0000000000000007
0000000000000007 8506000000000000 0 00 00000000 0 0 0 0000000000000008
0000000000000008 00230e13f29f8b00 1 0e fff29f8b 0 0 0 0000000000000009
0000000000000009 00130900ffffff00 1 09 ffffffff 0 0 0 000000000000000a
000000000000000a 00230a0f7669bc00 1 0a 007669bc 0 0 0 000000000000000b
000000000000000b 8506000000000000 0 00 00000000 0 0 0 000000000000000c
000000000000000c 8506000000000000 0 00 00000000 0 0 0 000000000000000d
000000000000000d 00320d0b0b000000 1 0d 00000000 0 0 0 000000000000000e
000000000000000e 8506000000000000 0 00 00000000 0 0 0 000000000000000f
000000000000000f 8506000000000000 0 00 00000000 0 0 0 0000000000000010
0000000000000010 0306000000000300 1 03 00000000 0 0 0 0000000000000011
0000000000000011 0092060400000000 1 06 ffffffff 0 0 0 0000000000000012
0000000000000012 0063070100001c00 1 07 00000000 0 0 0 0000000000000013
0000000000000013 00131e0000000100 1 1e 00000001 0 0 0 0000000000000014
0000000000000014 0023151500000100 1 15 00000001 0 0 0 0000000000000015
0000000000000015 00731e1e00000100 1 1e 00000000 0 0 0 0000000000000016
0000000000000016 0102001e1d000000 0 00 00000000 5 1 0 0000000000000017
0000000000000017 0215fffffc040000 0 00 00000000 5 1 0 0000000000000018
0000000000000018 7cf5000000000000 0 00 00000000 5 1 0 0000000000000019
DONE retired=25 fault=00 pc=0000000000000018
