0000000000000000 0013140000004d00 1 14 0000004d 0 0 0 0000000000000001 4b48c38b f 4b48c38b 0 00 4b48c38b
0000000000000001 10710604001ff000 0 00 00000000 0 0 0 0000000000000002 4b48c38b f 4b48c38b 1 06 4b48c38b
0000000000000002 103004060300f000 0 00 00000000 0 0 0 0000000000000003 4b48c38b f 4b48c38b 1 04 4b48c38b
0000000000000003 101003050500f000 0 00 00000000 0 0 0 0000000000000004 4b48c38b f 4b48c38b 1 03 4b48c38b
0000000000000004 3411020080000000 0 00 00000000 0 0 0 0000000000000005 4b48c38b 0 00000000 1 02 00000000
0000000000000005 3411020071a6f000 0 00 00000000 0 0 0 0000000000000006 4b48c38b f 4b48c38b 1 02 4b48c38b
0000000000000006 10610302001ff000 0 00 00000000 0 0 0 0000000000000007 4b48c38b f 4b48c38b 1 03 4b48c38b
0000000000000007 105003020200f000 0 00 00000000 0 0 0 0000000000000008 4b48c38b f 4b48c38b 1 03 4b48c38b
0000000000000008 107103030010f000 0 00 00000000 0 0 0 0000000000000009 4b48c38b f 4b48c38b 1 03 4b48c38b
0000000000000009 340006050000f000 0 00 00000000 0 0 0 000000000000000a 4b48c38b f 4b48c38b 1 06 4b48c38b
000000000000000a 0013150055555500 1 15 00555555 0 0 0 000000000000000b 4b48c38b f 4b48c38b 0 00 4b48c38b
000000000000000b 342002150000f000 0 00 00000000 0 0 0 000000000000000c 4b48c38b f 4b48c38b 1 02 4b48c38b
000000000000000c 105005030200f000 0 00 00000000 0 0 0 000000000000000d 4b48c38b f 4b48c38b 1 05 4b48c38b
000000000000000d 341102006482f000 0 00 00000000 0 0 0 000000000000000e 4b48c38b f 4b48c38b 1 02 4b48c38b
000000000000000e 00131e0000000300 1 1e 00000003 0 0 0 000000000000000f 4b48c38b f 4b48c38b 0 00 4b48c38b
000000000000000f 0023171700000100 1 17 00000001 0 0 0 0000000000000010 4b48c38b f 4b48c38b 0 00 4b48c38b
0000000000000010 00731e1e00000100 1 1e 00000002 0 0 0 0000000000000011 4b48c38b f 4b48c38b 0 00 4b48c38b
0000000000000011 0013180000000000 1 18 00000000 0 0 0 0000000000000012 4b48c38b f 4b48c38b 0 00 4b48c38b
0000000000000012 0102001e18000000 0 00 00000000 4 0 0 0000000000000013 4b48c38b f 4b48c38b 0 00 4b48c38b
0000000000000013 0215fffffb040000 0 00 00000000 4 0 1 000000000000000f 4b48c38b f 4b48c38b 0 00 4b48c38b
000000000000000f 0023171700000100 1 17 00000002 4 0 0 0000000000000010 4b48c38b f 4b48c38b 0 00 4b48c38b
0000000000000010 00731e1e00000100 1 1e 00000001 4 0 0 0000000000000011 4b48c38b f 4b48c38b 0 00 4b48c38b
0000000000000011 0013180000000000 1 18 00000000 4 0 0 0000000000000012 4b48c38b f 4b48c38b 0 00 4b48c38b
0000000000000012 0102001e18000000 0 00 00000000 4 0 0 0000000000000013 4b48c38b f 4b48c38b 0 00 4b48c38b
0000000000000013 0215fffffb040000 0 00 00000000 4 0 1 000000000000000f 4b48c38b f 4b48c38b 0 00 4b48c38b
000000000000000f 0023171700000100 1 17 00000003 4 0 0 0000000000000010 4b48c38b f 4b48c38b 0 00 4b48c38b
0000000000000010 00731e1e00000100 1 1e 00000000 4 0 0 0000000000000011 4b48c38b f 4b48c38b 0 00 4b48c38b
0000000000000011 0013180000000000 1 18 00000000 4 0 0 0000000000000012 4b48c38b f 4b48c38b 0 00 4b48c38b
0000000000000012 0102001e18000000 0 00 00000000 5 1 0 0000000000000013 4b48c38b f 4b48c38b 0 00 4b48c38b
0000000000000013 0215fffffb040000 0 00 00000000 5 1 0 0000000000000014 4b48c38b f 4b48c38b 0 00 4b48c38b
0000000000000014 7cf5000000000000 0 00 00000000 5 1 0 0000000000000015 4b48c38b f 4b48c38b 0 00 4b48c38b
DONE retired=31 fault=00 pc=0000000000000014
