0000000000000000 0013140000004d00 1 14 0000004d 0 0 0 0000000000000001 4800c4c2 f 4800c4c2 0 00 4800c4c2
0000000000000001 101005040300f000 0 00 00000000 0 0 0 0000000000000002 4800c4c2 f 4800c4c2 1 05 4800c4c2
0000000000000002 00131600ffffff00 1 16 ffffffff 0 0 0 0000000000000003 4800c4c2 f 4800c4c2 0 00 4800c4c2
0000000000000003 342005160000f000 0 00 00000000 0 0 0 0000000000000004 4800c4c2 f 4800c4c2 1 05 4800c4c2
0000000000000004 108103050021f000 0 00 00000000 0 0 0 0000000000000005 4800c4c2 f 4800c4c2 1 03 4800c4c2
0000000000000005 103104050000f000 0 00 00000000 0 0 0 0000000000000006 4800c4c2 f 4800c4c2 1 04 4800c4c2
0000000000000006 105005050300c000 0 00 00000000 0 0 0 0000000000000007 4800c4c2 c 00000000 1 05 00000000
0000000000000007 3400030400009000 0 00 00000000 0 0 0 0000000000000008 4800c4c2 9 4800c4c2 1 03 4800c4c2
0000000000000008 3411050013e9f000 0 00 00000000 0 0 0 0000000000000009 4800c4c2 f 4800c4c2 1 05 4800c4c2
0000000000000009 106106030020f000 0 00 00000000 0 0 0 000000000000000a 4800c4c2 f 4800c4c2 1 06 4800c4c2
000000000000000a 10010302fffff000 0 00 00000000 0 0 0 000000000000000b 4800c4c2 f 4800c4c2 1 03 4800c4c2
000000000000000b 3430020000001000 0 00 00000000 0 0 0 000000000000000c 4800c4c2 1 00000000 1 02 00000000
000000000000000c 00131600ffffff00 1 16 ffffffff 0 0 0 000000000000000d 4800c4c2 f 4800c4c2 0 00 4800c4c2
000000000000000d 342003160000f000 0 00 00000000 0 0 0 000000000000000e 4800c4c2 f 4800c4c2 1 03 4800c4c2
000000000000000e 10810603000ff000 0 00 00000000 0 0 0 000000000000000f 4800c4c2 f 4800c4c2 1 06 4800c4c2
000000000000000f 104005040500f000 0 00 00000000 0 0 0 0000000000000010 4800c4c2 f 4800c4c2 1 05 4800c4c2
0000000000000010 107106050001f000 0 00 00000000 0 0 0 0000000000000011 4800c4c2 f 4800c4c2 1 06 4800c4c2
0000000000000011 100103028000f000 0 00 00000000 0 0 0 0000000000000012 4800c4c2 f 4800c4c2 1 03 4800c4c2
0000000000000012 340006040000f000 0 00 00000000 0 0 0 0000000000000013 4800c4c2 f 4800c4c2 1 06 4800c4c2
0000000000000013 10710303001ff000 0 00 00000000 0 0 0 0000000000000014 4800c4c2 f 4800c4c2 1 03 4800c4c2
0000000000000014 340006060000f000 0 00 00000000 0 0 0 0000000000000015 4800c4c2 f 4800c4c2 1 06 4800c4c2
0000000000000015 104003040300f000 0 00 00000000 0 0 0 0000000000000016 4800c4c2 f 4800c4c2 1 03 4800c4c2
0000000000000016 10610206003ff000 0 00 00000000 0 0 0 0000000000000017 4800c4c2 f 4800c4c2 1 02 4800c4c2
0000000000000017 104003030500f000 0 00 00000000 0 0 0 0000000000000018 4800c4c2 f 4800c4c2 1 03 4800c4c2
0000000000000018 00131e0000000300 1 1e 00000003 0 0 0 0000000000000019 4800c4c2 f 4800c4c2 0 00 4800c4c2
0000000000000019 0023171700000100 1 17 00000001 0 0 0 000000000000001a 4800c4c2 f 4800c4c2 0 00 4800c4c2
000000000000001a 00731e1e00000100 1 1e 00000002 0 0 0 000000000000001b 4800c4c2 f 4800c4c2 0 00 4800c4c2
000000000000001b 0013180000000000 1 18 00000000 0 0 0 000000000000001c 4800c4c2 f 4800c4c2 0 00 4800c4c2
000000000000001c 0102001e18000000 0 00 00000000 4 0 0 000000000000001d 4800c4c2 f 4800c4c2 0 00 4800c4c2
000000000000001d 0215fffffb040000 0 00 00000000 4 0 1 0000000000000019 4800c4c2 f 4800c4c2 0 00 4800c4c2
0000000000000019 0023171700000100 1 17 00000002 4 0 0 000000000000001a 4800c4c2 f 4800c4c2 0 00 4800c4c2
000000000000001a 00731e1e00000100 1 1e 00000001 4 0 0 000000000000001b 4800c4c2 f 4800c4c2 0 00 4800c4c2
000000000000001b 0013180000000000 1 18 00000000 4 0 0 000000000000001c 4800c4c2 f 4800c4c2 0 00 4800c4c2
000000000000001c 0102001e18000000 0 00 00000000 4 0 0 000000000000001d 4800c4c2 f 4800c4c2 0 00 4800c4c2
000000000000001d 0215fffffb040000 0 00 00000000 4 0 1 0000000000000019 4800c4c2 f 4800c4c2 0 00 4800c4c2
0000000000000019 0023171700000100 1 17 00000003 4 0 0 000000000000001a 4800c4c2 f 4800c4c2 0 00 4800c4c2
000000000000001a 00731e1e00000100 1 1e 00000000 4 0 0 000000000000001b 4800c4c2 f 4800c4c2 0 00 4800c4c2
000000000000001b 0013180000000000 1 18 00000000 4 0 0 000000000000001c 4800c4c2 f 4800c4c2 0 00 4800c4c2
000000000000001c 0102001e18000000 0 00 00000000 5 1 0 000000000000001d 4800c4c2 f 4800c4c2 0 00 4800c4c2
000000000000001d 0215fffffb040000 0 00 00000000 5 1 0 000000000000001e 4800c4c2 f 4800c4c2 0 00 4800c4c2
000000000000001e 7cf5000000000000 0 00 00000000 5 1 0 000000000000001f 4800c4c2 f 4800c4c2 0 00 4800c4c2
DONE retired=41 fault=00 pc=000000000000001e
