0000000000000000 00131d0000000000 1 1d 00000000 0 0 0 0000000000000001
0000000000000001 00130900a0efcb00 1 09 ffa0efcb 0 0 0 0000000000000002
0000000000000002 00a3100a00000500 1 10 00000000 0 0 0 0000000000000003
0000000000000003 00a3131400000900 1 13 00000000 0 0 0 0000000000000004
0000000000000004 0306000000000b00 1 0b 00000000 0 0 0 0000000000000005
0000000000000005 00920f0f00000000 1 0f ffffffff 0 0 0 0000000000000006
0000000000000006 00720f0709000000 1 0f 005f1035 0 0 0 0000000000000007
0000000000000007 0063110700001d00 1 11 00000000 0 0 0 0000000000000008
0000000000000008 0092080900000000 1 08 005f1034 0 0 0 0000000000000009
0000000000000009 002305129349a700 1 05 ff9349a7 0 0 0 000000000000000a
000000000000000a 0112000b13000000 0 00 00000000 5 0 0 000000000000000b
000000000000000b 0215000001010000 0 00 00000000 5 0 0 000000000000000c
000000000000000c 8506000000000000 0 00 00000000 5 0 0 000000000000000d
000000000000000d 00130100ffffff00 1 01 ffffffff 5 0 0 000000000000000e
000000000000000e 00620b0208000000 1 0b 00000000 5 0 0 000000000000000f
000000000000000f 0122000b0b000000 0 00 00000000 5 0 0 0000000000000010
0000000000000010 0215000003040000 0 00 00000000 5 0 0 0000000000000011
0000000000000011 8506000000000000 0 00 00000000 5 0 0 0000000000000012
0000000000000012 8506000000000000 0 00 00000000 5 0 0 0000000000000013
0000000000000013 8506000000000000 0 00 00000000 5 0 0 0000000000000014
0000000000000014 0306000000000500 1 05 00000000 5 0 0 0000000000000015
0000000000000015 0023120ff3b14b00 1 12 0052c180 5 0 0 0000000000000016
0000000000000016 00a3110600001400 1 11 00000000 5 0 0 0000000000000017
0000000000000017 011200110b000000 0 00 00000000 5 0 0 0000000000000018
0000000000000018 02150000020e0000 0 00 00000000 5 0 1 000000000000001b
000000000000001b 00131e0000000200 1 1e 00000002 5 0 0 000000000000001c
000000000000001c 0023151500000100 1 15 00000001 5 0 0 000000000000001d
000000000000001d 00731e1e00000100 1 1e 00000001 5 0 0 000000000000001e
000000000000001e 0102001e1d000000 0 00 00000000 4 0 0 000000000000001f
000000000000001f 0215fffffc040000 0 00 00000000 4 0 1 000000000000001c
000000000000001c 0023151500000100 1 15 00000002 4 0 0 000000000000001d
000000000000001d 00731e1e00000100 1 1e 00000000 4 0 0 000000000000001e
000000000000001e 0102001e1d000000 0 00 00000000 5 1 0 000000000000001f
000000000000001f 0215fffffc040000 0 00 00000000 5 1 0 0000000000000020
0000000000000020 7cf5000000000000 0 00 00000000 5 1 0 0000000000000021
DONE retired=35 fault=00 pc=0000000000000020
