0000000000000000 00131d0000000000 1 1d 00000000 0 0 0 0000000000000001
0000000000000001 00730a01975ff500 1 0a 0068a00b 0 0 0 0000000000000002
0000000000000002 00720c0e11000000 1 0c 00000000 0 0 0 0000000000000003
0000000000000003 0092120f00000000 1 12 ffffffff 0 0 0 0000000000000004
0000000000000004 0122001313000000 0 00 00000000 5 0 0 0000000000000005
0000000000000005 02150000010b0000 0 00 00000000 5 0 0 0000000000000006
0000000000000006 8506000000000000 0 00 00000000 5 0 0 0000000000000007
0000000000000007 0112000713000000 0 00 00000000 5 0 0 0000000000000008
0000000000000008 02150000010c0000 0 00 00000000 5 0 1 000000000000000a
000000000000000a 00730c0d07726700 1 0c fff88d99 5 0 0 000000000000000b
000000000000000b 0306000000000500 1 05 00000000 5 0 0 000000000000000c
000000000000000c 0092030500000000 1 03 ffffffff 5 0 0 000000000000000d
000000000000000d 0092060a00000000 1 06 ff975ff4 5 0 0 000000000000000e
000000000000000e 0082140108000000 1 14 00000000 5 0 0 000000000000000f
000000000000000f 8506000000000000 0 00 00000000 5 0 0 0000000000000010
0000000000000010 0042120108000000 1 12 00000000 5 0 0 0000000000000011
0000000000000011 8506000000000000 0 00 00000000 5 0 0 0000000000000012
0000000000000012 0032080203000000 1 08 00000000 5 0 0 0000000000000013
0000000000000013 0122000a0e000000 0 00 00000000 4 1 0 0000000000000014
0000000000000014 0215000002010000 0 00 00000000 4 1 1 0000000000000017
0000000000000017 00131e0000000200 1 1e 00000002 4 1 0 0000000000000018
0000000000000018 0023151500000100 1 15 00000001 4 1 0 0000000000000019
0000000000000019 00731e1e00000100 1 1e 00000001 4 1 0 000000000000001a
000000000000001a 0102001e1d000000 0 00 00000000 4 0 0 000000000000001b
000000000000001b 0215fffffc040000 0 00 00000000 4 0 1 0000000000000018
0000000000000018 0023151500000100 1 15 00000002 4 0 0 0000000000000019
0000000000000019 00731e1e00000100 1 1e 00000000 4 0 0 000000000000001a
000000000000001a 0102001e1d000000 0 00 00000000 5 1 0 000000000000001b
000000000000001b 0215fffffc040000 0 00 00000000 5 1 0 000000000000001c
000000000000001c 7cf5000000000000 0 00 00000000 5 1 0 000000000000001d
DONE retired=30 fault=00 pc=000000000000001c
