0000000000000000 00131d0000000000 1 1d 00000000 0 0 0 0000000000000001
0000000000000001 8506000000000000 0 00 00000000 0 0 0 0000000000000002
0000000000000002 0082010506000000 1 01 00000000 0 0 0 0000000000000003
0000000000000003 0042050114000000 1 05 00000000 0 0 0 0000000000000004
0000000000000004 8506000000000000 0 00 00000000 0 0 0 0000000000000005
0000000000000005 0306000000000200 1 02 00000000 0 0 0 0000000000000006
0000000000000006 0072051108000000 1 05 00000000 0 0 0 0000000000000007
0000000000000007 0112000f06000000 0 00 00000000 5 0 0 0000000000000008
0000000000000008 02150000020d0000 0 00 00000000 5 0 0 0000000000000009
0000000000000009 8506000000000000 0 00 00000000 5 0 0 000000000000000a
000000000000000a 8506000000000000 0 00 00000000 5 0 0 000000000000000b
000000000000000b 0102000808000000 0 00 00000000 5 1 0 000000000000000c
000000000000000c 0215000002020000 0 00 00000000 5 1 0 000000000000000d
000000000000000d 8506000000000000 0 00 00000000 5 1 0 000000000000000e
000000000000000e 8506000000000000 0 00 00000000 5 1 0 000000000000000f
000000000000000f 0092100b00000000 1 10 ffffffff 5 1 0 0000000000000010
0000000000000010 8506000000000000 0 00 00000000 5 1 0 0000000000000011
0000000000000011 0102000601000000 0 00 00000000 5 1 0 0000000000000012
0000000000000012 0215000001020000 0 00 00000000 5 1 0 0000000000000013
0000000000000013 8506000000000000 0 00 00000000 5 1 0 0000000000000014
0000000000000014 00b20c1205000000 1 0c 00000000 5 1 0 0000000000000015
0000000000000015 00a20c120f000000 1 0c 00000000 5 1 0 0000000000000016
0000000000000016 00820a0f06000000 1 0a 00000000 5 1 0 0000000000000017
0000000000000017 00130d006e9e6000 1 0d 006e9e60 5 1 0 0000000000000018
0000000000000018 8506000000000000 0 00 00000000 5 1 0 0000000000000019
0000000000000019 0052090113000000 1 09 00000000 5 1 0 000000000000001a
000000000000001a 002209100b000000 1 09 ffffffff 5 1 0 000000000000001b
000000000000001b 0052090b0c000000 1 09 00000000 5 1 0 000000000000001c
000000000000001c 0013110000000100 1 11 00000001 5 1 0 000000000000001d
000000000000001d 0306000000000b00 1 0b 00000000 5 1 0 000000000000001e
000000000000001e 0023030700000000 1 03 00000000 5 1 0 000000000000001f
000000000000001f 0122000b06000000 0 00 00000000 5 0 0 0000000000000020
0000000000000020 02150000030b0000 0 00 00000000 5 0 0 0000000000000021
0000000000000021 8506000000000000 0 00 00000000 5 0 0 0000000000000022
0000000000000022 8506000000000000 0 00 00000000 5 0 0 0000000000000023
0000000000000023 8506000000000000 0 00 00000000 5 0 0 0000000000000024
0000000000000024 001301006bedd100 1 01 006bedd1 5 0 0 0000000000000025
0000000000000025 00a3080f00000000 1 08 00000000 5 0 0 0000000000000026
0000000000000026 00131e0000000300 1 1e 00000003 5 0 0 0000000000000027
0000000000000027 0023151500000100 1 15 00000001 5 0 0 0000000000000028
0000000000000028 00731e1e00000100 1 1e 00000002 5 0 0 0000000000000029
0000000000000029 0102001e1d000000 0 00 00000000 4 0 0 000000000000002a
000000000000002a 0215fffffc040000 0 00 00000000 4 0 1 0000000000000027
0000000000000027 0023151500000100 1 15 00000002 4 0 0 0000000000000028
0000000000000028 00731e1e00000100 1 1e 00000001 4 0 0 0000000000000029
0000000000000029 0102001e1d000000 0 00 00000000 4 0 0 000000000000002a
000000000000002a 0215fffffc040000 0 00 00000000 4 0 1 0000000000000027
0000000000000027 0023151500000100 1 15 00000003 4 0 0 0000000000000028
0000000000000028 00731e1e00000100 1 1e 00000000 4 0 0 0000000000000029
0000000000000029 0102001e1d000000 0 00 00000000 5 1 0 000000000000002a
000000000000002a 0215fffffc040000 0 00 00000000 5 1 0 000000000000002b
000000000000002b 7cf5000000000000 0 00 00000000 5 1 0 000000000000002c
DONE retired=52 fault=00 pc=000000000000002b
