0000000000000000 0013140000004d00 1 14 0000004d 0 0 0 0000000000000001 f9561f83 f f9561f83 0 00 f9561f83
0000000000000001 340006050000f000 0 00 00000000 0 0 0 0000000000000002 f9561f83 f f9561f83 1 06 f9561f83
0000000000000002 106105020021f000 0 00 00000000 0 0 0 0000000000000003 f9561f83 f f9561f83 1 05 f9561f83
0000000000000003 0013160000000100 1 16 00000001 0 0 0 0000000000000004 f9561f83 f f9561f83 0 00 f9561f83
0000000000000004 342004160000f000 0 00 00000000 0 0 0 0000000000000005 f9561f83 f f9561f83 1 04 f9561f83
0000000000000005 10810604001bf000 0 00 00000000 0 0 0 0000000000000006 f9561f83 f f9561f83 1 06 f9561f83
0000000000000006 3400060300003000 0 00 00000000 0 0 0 0000000000000007 f9561f83 3 41421802 1 06 41421802
0000000000000007 106106040010f000 0 00 00000000 0 0 0 0000000000000008 f9561f83 f f9561f83 1 06 f9561f83
0000000000000008 101105020001f000 0 00 00000000 0 0 0 0000000000000009 f9561f83 f f9561f83 1 05 f9561f83
0000000000000009 0013150000000000 1 15 00000000 0 0 0 000000000000000a f9561f83 f f9561f83 0 00 f9561f83
000000000000000a 342006150000f000 0 00 00000000 0 0 0 000000000000000b f9561f83 f f9561f83 1 06 f9561f83
000000000000000b 34110200e2da5000 0 00 00000000 0 0 0 000000000000000c f9561f83 5 00000000 1 02 00000000
000000000000000c 106105040021f000 0 00 00000000 0 0 0 000000000000000d f9561f83 f f9561f83 1 05 f9561f83
000000000000000d 343003000000f000 0 00 00000000 0 0 0 000000000000000e f9561f83 f f9561f83 1 03 f9561f83
000000000000000e 105003020600f000 0 00 00000000 0 0 0 000000000000000f f9561f83 f f9561f83 1 03 f9561f83
000000000000000f 343005000000f000 0 00 00000000 0 0 0 0000000000000010 f9561f83 f f9561f83 1 05 f9561f83
0000000000000010 340002050000f000 0 00 00000000 0 0 0 0000000000000011 f9561f83 f f9561f83 1 02 f9561f83
0000000000000011 101004020500f000 0 00 00000000 0 0 0 0000000000000012 f9561f83 f f9561f83 1 04 f9561f83
0000000000000012 3430040000004000 0 00 00000000 0 0 0 0000000000000013 f9561f83 4 51541501 1 04 51541501
0000000000000013 34110600fffff000 0 00 00000000 0 0 0 0000000000000014 f9561f83 f f9561f83 1 06 f9561f83
0000000000000014 105103038000f000 0 00 00000000 0 0 0 0000000000000015 f9561f83 f f9561f83 1 03 f9561f83
0000000000000015 00131e0000000300 1 1e 00000003 0 0 0 0000000000000016 f9561f83 f f9561f83 0 00 f9561f83
0000000000000016 0023171700000100 1 17 00000001 0 0 0 0000000000000017 f9561f83 f f9561f83 0 00 f9561f83
0000000000000017 00731e1e00000100 1 1e 00000002 0 0 0 0000000000000018 f9561f83 f f9561f83 0 00 f9561f83
0000000000000018 0013180000000000 1 18 00000000 0 0 0 0000000000000019 f9561f83 f f9561f83 0 00 f9561f83
0000000000000019 0102001e18000000 0 00 00000000 4 0 0 000000000000001a f9561f83 f f9561f83 0 00 f9561f83
000000000000001a 0215fffffb040000 0 00 00000000 4 0 1 0000000000000016 f9561f83 f f9561f83 0 00 f9561f83
0000000000000016 0023171700000100 1 17 00000002 4 0 0 0000000000000017 f9561f83 f f9561f83 0 00 f9561f83
0000000000000017 00731e1e00000100 1 1e 00000001 4 0 0 0000000000000018 f9561f83 f f9561f83 0 00 f9561f83
0000000000000018 0013180000000000 1 18 00000000 4 0 0 0000000000000019 f9561f83 f f9561f83 0 00 f9561f83
0000000000000019 0102001e18000000 0 00 00000000 4 0 0 000000000000001a f9561f83 f f9561f83 0 00 f9561f83
000000000000001a 0215fffffb040000 0 00 00000000 4 0 1 0000000000000016 f9561f83 f f9561f83 0 00 f9561f83
0000000000000016 0023171700000100 1 17 00000003 4 0 0 0000000000000017 f9561f83 f f9561f83 0 00 f9561f83
0000000000000017 00731e1e00000100 1 1e 00000000 4 0 0 0000000000000018 f9561f83 f f9561f83 0 00 f9561f83
0000000000000018 0013180000000000 1 18 00000000 4 0 0 0000000000000019 f9561f83 f f9561f83 0 00 f9561f83
0000000000000019 0102001e18000000 0 00 00000000 5 1 0 000000000000001a f9561f83 f f9561f83 0 00 f9561f83
000000000000001a 0215fffffb040000 0 00 00000000 5 1 0 000000000000001b f9561f83 f f9561f83 0 00 f9561f83
000000000000001b 7cf5000000000000 0 00 00000000 5 1 0 000000000000001c f9561f83 f f9561f83 0 00 f9561f83
DONE retired=38 fault=00 pc=000000000000001b
