0000000000000000 343001000000f000 0 00 00000000 0 0 0 0 0 0 0000000000000001 ffffffff f ffffffff 1 01
0000000000000001 341107000001f000 0 00 00000000 0 0 0 0 0 0 0000000000000002 ffffffff f ffffffff 1 07
0000000000000002 34110c000003f000 0 00 00000000 0 0 0 0 0 0 0000000000000003 ffffffff f ffffffff 1 0c
0000000000000003 3009c010c0000000 0 00 00000000 0 0 0 0 0 0 0000000000000004 ffffffff f ffffffff 0 00
0000000000000004 7c15000003c00016 0 00 00000000 0 0 0 0 0 0 0000000000000005 00000008 f 00000008 0 00
0000000000000005 105005040500f000 0 00 00000000 0 0 0 0 0 0 0000000000000006 00000008 f 00000008 1 05
0000000000000006 0023060600000300 1 06 00000003 0 0 0 0 0 0 0000000000000007 00000008 f 00000008 0 00
0000000000000007 0205000013000000 0 00 00000000 0 0 0 0 0 1 000000000000001b 00000008 f 00000008 0 00
000000000000001b 7c25000000000000 0 00 00000000 0 0 0 0 0 0 0000000000000008 fffffff7 f fffffff7 0 00
0000000000000008 3019701070000000 0 00 00000000 0 0 0 0 0 0 0000000000000009 fffffff7 f fffffff7 0 00
0000000000000009 7c1500000f700010 0 00 00000000 0 0 0 0 0 0 000000000000000a fffffff5 f fffffff5 0 00
000000000000000a 34110d000003f000 0 00 00000000 0 0 0 0 0 0 000000000000000b fffffff5 f fffffff5 1 0d
000000000000000b 10300c010d00f000 0 00 00000000 0 0 0 0 0 0 000000000000000c fffffff5 f fffffff5 1 0c
000000000000000c 10000c0c0700f000 0 00 00000000 0 0 0 0 0 0 000000000000000d fffffff5 f fffffff5 1 0c
000000000000000d 34110a000000f000 0 00 00000000 0 0 0 0 0 0 000000000000000e fffffff5 f fffffff5 1 0a
000000000000000e 7c85000008000000 0 00 00000000 0 0 0 0 0 0 000000000000000f fffffff5 f fffffff5 0 00
000000000000000f 3059e0a0c0000000 0 00 00000000 0 0 0 0 0 0 0000000000000010 fffffff5 f fffffff5 0 00
0000000000000010 3029d0a0c0000000 0 00 00000000 0 0 0 0 0 0 0000000000000011 fffffff5 f fffffff5 0 00
0000000000000011 3039301070000000 0 00 00000000 0 0 0 0 0 0 0000000000000012 fffffff5 f fffffff5 0 00
0000000000000012 7c15000000300001 0 00 00000000 0 0 0 0 0 0 0000000000000013 00000001 f 00000001 0 00
0000000000000013 110003030500f000 0 00 00000000 0 0 0 0 0 0 0000000000000014 00000001 f 00000001 1 03
0000000000000014 7c25000000000000 0 00 00000000 0 0 0 0 0 0 0000000000000013 fffffff4 f fffffff4 0 00
0000000000000013 110003030500f000 0 00 00000000 0 0 0 0 0 0 0000000000000014 fffffff4 f fffffff4 1 03
0000000000000014 7c25000000000000 0 00 00000000 0 0 0 0 0 0 0000000000000015 fffffff5 f fffffff5 0 00
0000000000000015 7cb5000000e00000 0 00 00000000 0 0 0 0 0 0 0000000000000016 fffffff5 f fffffff5 0 00
0000000000000016 10000a0a0700f000 0 00 00000000 0 0 0 0 0 0 0000000000000017 fffffff5 f fffffff5 1 0a
0000000000000017 7c95fffff7d00000 0 00 00000000 0 0 0 0 0 0 000000000000000f fffffff5 f fffffff5 0 00
000000000000000f 3059e0a0c0000000 0 00 00000000 0 0 0 0 0 0 0000000000000010 fffffff5 f fffffff5 0 00
0000000000000010 3029d0a0c0000000 0 00 00000000 0 0 0 0 0 0 0000000000000011 fffffff5 f fffffff5 0 00
0000000000000011 3039301070000000 0 00 00000000 0 0 0 0 0 0 0000000000000012 fffffff5 f fffffff5 0 00
0000000000000012 7c15000000300001 0 00 00000000 0 0 0 0 0 0 0000000000000013 00000001 f 00000001 0 00
0000000000000013 110003030500f000 0 00 00000000 0 0 0 0 0 0 0000000000000014 00000001 f 00000001 1 03
0000000000000014 7c25000000000000 0 00 00000000 0 0 0 0 0 0 0000000000000013 fffffff4 f fffffff4 0 00
0000000000000013 110003030500f000 0 00 00000000 0 0 0 0 0 0 0000000000000014 fffffff4 f fffffff4 1 03
0000000000000014 7c25000000000000 0 00 00000000 0 0 0 0 0 0 0000000000000015 fffffff5 f fffffff5 0 00
0000000000000015 7cb5000000e00000 0 00 00000000 0 0 0 0 0 0 0000000000000016 eeeeeee4 f eeeeeee4 0 00
0000000000000016 10000a0a0700f000 0 00 00000000 0 0 0 0 0 0 0000000000000017 eeeeeee4 f eeeeeee4 1 0a
0000000000000017 7c95fffff7d00000 0 00 00000000 0 0 0 0 0 0 000000000000000f eeeeeee4 f eeeeeee4 0 00
000000000000000f 3059e0a0c0000000 0 00 00000000 0 0 0 0 0 0 0000000000000010 eeeeeee4 f eeeeeee4 0 00
0000000000000010 3029d0a0c0000000 0 00 00000000 0 0 0 0 0 0 0000000000000011 eeeeeee4 f eeeeeee4 0 00
0000000000000011 3039301070000000 0 00 00000000 0 0 0 0 0 0 0000000000000012 eeeeeee4 f eeeeeee4 0 00
0000000000000012 7c15000000300001 0 00 00000000 0 0 0 0 0 0 0000000000000013 eeeeeee4 f eeeeeee4 0 00
0000000000000013 110003030500f000 0 00 00000000 0 0 0 0 0 0 0000000000000014 eeeeeee4 f eeeeeee4 1 03
0000000000000014 7c25000000000000 0 00 00000000 0 0 0 0 0 0 0000000000000015 eeeeeee4 f eeeeeee4 0 00
0000000000000015 7cb5000000e00000 0 00 00000000 0 0 0 0 0 0 0000000000000016 ccccccc4 f ccccccc4 0 00
0000000000000016 10000a0a0700f000 0 00 00000000 0 0 0 0 0 0 0000000000000017 ccccccc4 f ccccccc4 1 0a
0000000000000017 7c95fffff7d00000 0 00 00000000 0 0 0 0 0 0 000000000000000f ccccccc4 f ccccccc4 0 00
000000000000000f 3059e0a0c0000000 0 00 00000000 0 0 0 0 0 0 0000000000000010 ccccccc4 f ccccccc4 0 00
0000000000000010 3029d0a0c0000000 0 00 00000000 0 0 0 0 0 0 0000000000000011 ccccccc4 f ccccccc4 0 00
0000000000000011 3039301070000000 0 00 00000000 0 0 0 0 0 0 0000000000000012 ccccccc4 f ccccccc4 0 00
0000000000000012 7c15000000300001 0 00 00000000 0 0 0 0 0 0 0000000000000013 ccccccc4 f ccccccc4 0 00
0000000000000013 110003030500f000 0 00 00000000 0 0 0 0 0 0 0000000000000014 ccccccc4 f ccccccc4 1 03
0000000000000014 7c25000000000000 0 00 00000000 0 0 0 0 0 0 0000000000000015 ccccccc4 f ccccccc4 0 00
0000000000000015 7cb5000000e00000 0 00 00000000 0 0 0 0 0 0 0000000000000016 88888880 f 88888880 0 00
0000000000000016 10000a0a0700f000 0 00 00000000 0 0 0 0 0 0 0000000000000017 88888880 f 88888880 1 0a
0000000000000017 7c95fffff7d00000 0 00 00000000 0 0 0 0 0 0 000000000000000f 88888880 f 88888880 0 00
000000000000000f 3059e0a0c0000000 0 00 00000000 0 0 0 0 0 0 0000000000000010 88888880 f 88888880 0 00
0000000000000010 3029d0a0c0000000 0 00 00000000 0 0 0 0 0 0 0000000000000011 88888880 f 88888880 0 00
0000000000000011 3039301070000000 0 00 00000000 0 0 0 0 0 0 0000000000000012 88888880 f 88888880 0 00
0000000000000012 7c15000000300001 0 00 00000000 0 0 0 0 0 0 0000000000000013 88888880 f 88888880 0 00
0000000000000013 110003030500f000 0 00 00000000 0 0 0 0 0 0 0000000000000014 88888880 f 88888880 1 03
0000000000000014 7c25000000000000 0 00 00000000 0 0 0 0 0 0 0000000000000015 88888880 f 88888880 0 00
0000000000000017 7cb5000000e00000 0 00 00000000 0 0 0 0 0 0 0000000000000016 00000000 f 00000000 0 00
0000000000000017 7c95fffff7d00000 0 00 00000000 0 0 0 0 0 0 0000000000000018 fffffff5 f fffffff5 0 00
0000000000000018 0205000001000000 0 00 00000000 0 0 0 0 0 1 000000000000001a fffffff5 f fffffff5 0 00
000000000000001a 7c25000000000000 0 00 00000000 0 0 0 0 0 0 0000000000000019 00000002 f 00000002 0 00
0000000000000019 110003010700f000 0 00 00000000 0 0 0 0 0 0 000000000000001a 00000002 f 00000002 1 03
000000000000001a 7c25000000000000 0 00 00000000 0 0 0 0 0 0 000000000000001b fffffff7 f fffffff7 0 00
000000000000001b 7c25000000000000 0 00 00000000 0 0 0 0 0 0 000000000000001c ffffffff f ffffffff 0 00
000000000000001c 34110d000003f000 0 00 00000000 0 0 0 0 0 0 000000000000001d ffffffff f ffffffff 1 0d
000000000000001d 10300c010d00f000 0 00 00000000 0 0 0 0 0 0 000000000000001e ffffffff f ffffffff 1 0c
000000000000001e 10000c0c0700f000 0 00 00000000 0 0 0 0 0 0 000000000000001f ffffffff f ffffffff 1 0c
000000000000001f 34110a000000f000 0 00 00000000 0 0 0 0 0 0 0000000000000020 ffffffff f ffffffff 1 0a
0000000000000020 7c85000004000000 0 00 00000000 0 0 0 0 0 0 0000000000000021 ffffffff f ffffffff 0 00
0000000000000021 3059e0a0c0000000 0 00 00000000 0 0 0 0 0 0 0000000000000022 ffffffff f ffffffff 0 00
0000000000000022 3029d0a0c0000000 0 00 00000000 0 0 0 0 0 0 0000000000000023 ffffffff f ffffffff 0 00
0000000000000023 1010040c0100f000 0 00 00000000 0 0 0 0 0 0 0000000000000024 ffffffff f ffffffff 1 04
0000000000000024 10000a0a0700f000 0 00 00000000 0 0 0 0 0 0 0000000000000025 ffffffff f ffffffff 1 0a
0000000000000025 7c95fffffbd00000 0 00 00000000 0 0 0 0 0 0 0000000000000021 ffffffff f ffffffff 0 00
0000000000000021 3059e0a0c0000000 0 00 00000000 0 0 0 0 0 0 0000000000000022 ffffffff f ffffffff 0 00
0000000000000022 3029d0a0c0000000 0 00 00000000 0 0 0 0 0 0 0000000000000023 ffffffff f ffffffff 0 00
0000000000000023 1010040c0100f000 0 00 00000000 0 0 0 0 0 0 0000000000000024 ffffffff f ffffffff 1 04
0000000000000024 10000a0a0700f000 0 00 00000000 0 0 0 0 0 0 0000000000000025 ffffffff f ffffffff 1 0a
0000000000000025 7c95fffffbd00000 0 00 00000000 0 0 0 0 0 0 0000000000000021 eeeeeeee f eeeeeeee 0 00
0000000000000021 3059e0a0c0000000 0 00 00000000 0 0 0 0 0 0 0000000000000022 eeeeeeee f eeeeeeee 0 00
0000000000000022 3029d0a0c0000000 0 00 00000000 0 0 0 0 0 0 0000000000000023 eeeeeeee f eeeeeeee 0 00
0000000000000023 1010040c0100f000 0 00 00000000 0 0 0 0 0 0 0000000000000024 eeeeeeee f eeeeeeee 1 04
0000000000000024 10000a0a0700f000 0 00 00000000 0 0 0 0 0 0 0000000000000025 eeeeeeee f eeeeeeee 1 0a
0000000000000025 7c95fffffbd00000 0 00 00000000 0 0 0 0 0 0 0000000000000021 cccccccc f cccccccc 0 00
0000000000000021 3059e0a0c0000000 0 00 00000000 0 0 0 0 0 0 0000000000000022 cccccccc f cccccccc 0 00
0000000000000022 3029d0a0c0000000 0 00 00000000 0 0 0 0 0 0 0000000000000023 cccccccc f cccccccc 0 00
0000000000000023 1010040c0100f000 0 00 00000000 0 0 0 0 0 0 0000000000000024 cccccccc f cccccccc 1 04
0000000000000024 10000a0a0700f000 0 00 00000000 0 0 0 0 0 0 0000000000000025 cccccccc f cccccccc 1 0a
0000000000000025 7c95fffffbd00000 0 00 00000000 0 0 0 0 0 0 0000000000000021 88888888 f 88888888 0 00
0000000000000021 3059e0a0c0000000 0 00 00000000 0 0 0 0 0 0 0000000000000022 88888888 f 88888888 0 00
0000000000000022 3029d0a0c0000000 0 00 00000000 0 0 0 0 0 0 0000000000000023 88888888 f 88888888 0 00
0000000000000023 1010040c0100f000 0 00 00000000 0 0 0 0 0 0 0000000000000024 88888888 f 88888888 1 04
0000000000000024 10000a0a0700f000 0 00 00000000 0 0 0 0 0 0 0000000000000025 88888888 f 88888888 1 0a
0000000000000025 7c95fffffbd00000 0 00 00000000 0 0 0 0 0 0 0000000000000026 ffffffff f ffffffff 0 00
0000000000000026 3019e0b0c0000000 0 00 00000000 0 0 0 0 0 0 0000000000000027 ffffffff f ffffffff 0 00
0000000000000027 7c1500001ce0002b 0 00 00000000 0 0 0 0 0 0 0000000000000028 ffffffff f ffffffff 0 00
0000000000000028 34110d000003f000 0 00 00000000 0 0 0 0 0 0 0000000000000029 ffffffff f ffffffff 1 0d
0000000000000029 10300c010d00f000 0 00 00000000 0 0 0 0 0 0 000000000000002a ffffffff f ffffffff 1 0c
000000000000002a 10000c0c0700f000 0 00 00000000 0 0 0 0 0 0 000000000000002b ffffffff f ffffffff 1 0c
000000000000002b 34110a000000f000 0 00 00000000 0 0 0 0 0 0 000000000000002c ffffffff f ffffffff 1 0a
000000000000002c 7c85000004000000 0 00 00000000 0 0 0 0 0 0 000000000000002d ffffffff f ffffffff 0 00
000000000000002d 3059e0a0c0000000 0 00 00000000 0 0 0 0 0 0 000000000000002e ffffffff f ffffffff 0 00
000000000000002e 3029d0a0c0000000 0 00 00000000 0 0 0 0 0 0 000000000000002f ffffffff f ffffffff 0 00
000000000000002f 111003010c00f000 0 00 00000000 0 0 0 0 0 0 0000000000000030 ffffffff f ffffffff 1 03
0000000000000030 10000a0a0700f000 0 00 00000000 0 0 0 0 0 0 0000000000000031 ffffffff f ffffffff 1 0a
0000000000000031 7c95fffffbd00000 0 00 00000000 0 0 0 0 0 0 000000000000002d ffffffff f ffffffff 0 00
000000000000002d 3059e0a0c0000000 0 00 00000000 0 0 0 0 0 0 000000000000002e ffffffff f ffffffff 0 00
000000000000002e 3029d0a0c0000000 0 00 00000000 0 0 0 0 0 0 000000000000002f ffffffff f ffffffff 0 00
000000000000002f 111003010c00f000 0 00 00000000 0 0 0 0 0 0 0000000000000030 ffffffff f ffffffff 1 03
0000000000000030 10000a0a0700f000 0 00 00000000 0 0 0 0 0 0 0000000000000031 ffffffff f ffffffff 1 0a
0000000000000031 7c95fffffbd00000 0 00 00000000 0 0 0 0 0 0 000000000000002d eeeeeeee f eeeeeeee 0 00
000000000000002d 3059e0a0c0000000 0 00 00000000 0 0 0 0 0 0 000000000000002e eeeeeeee f eeeeeeee 0 00
000000000000002e 3029d0a0c0000000 0 00 00000000 0 0 0 0 0 0 000000000000002f eeeeeeee f eeeeeeee 0 00
000000000000002f 111003010c00f000 0 00 00000000 0 0 0 0 0 0 0000000000000030 eeeeeeee f eeeeeeee 1 03
0000000000000030 10000a0a0700f000 0 00 00000000 0 0 0 0 0 0 0000000000000031 eeeeeeee f eeeeeeee 1 0a
0000000000000031 7c95fffffbd00000 0 00 00000000 0 0 0 0 0 0 000000000000002d cccccccc f cccccccc 0 00
000000000000002d 3059e0a0c0000000 0 00 00000000 0 0 0 0 0 0 000000000000002e cccccccc f cccccccc 0 00
000000000000002e 3029d0a0c0000000 0 00 00000000 0 0 0 0 0 0 000000000000002f cccccccc f cccccccc 0 00
000000000000002f 111003010c00f000 0 00 00000000 0 0 0 0 0 0 0000000000000030 cccccccc f cccccccc 1 03
0000000000000030 10000a0a0700f000 0 00 00000000 0 0 0 0 0 0 0000000000000031 cccccccc f cccccccc 1 0a
0000000000000031 7c95fffffbd00000 0 00 00000000 0 0 0 0 0 0 000000000000002d 88888888 f 88888888 0 00
000000000000002d 3059e0a0c0000000 0 00 00000000 0 0 0 0 0 0 000000000000002e 88888888 f 88888888 0 00
000000000000002e 3029d0a0c0000000 0 00 00000000 0 0 0 0 0 0 000000000000002f 88888888 f 88888888 0 00
000000000000002f 111003010c00f000 0 00 00000000 0 0 0 0 0 0 0000000000000030 88888888 f 88888888 1 03
0000000000000030 10000a0a0700f000 0 00 00000000 0 0 0 0 0 0 0000000000000031 88888888 f 88888888 1 0a
0000000000000031 7c95fffffbd00000 0 00 00000000 0 0 0 0 0 0 0000000000000032 ffffffff f ffffffff 0 00
0000000000000032 3039401070000000 0 00 00000000 0 0 0 0 0 0 0000000000000033 ffffffff f ffffffff 0 00
0000000000000033 7c1500000d40000e 0 00 00000000 0 0 0 0 0 0 0000000000000034 00000003 f 00000003 0 00
0000000000000034 34110d000003f000 0 00 00000000 0 0 0 0 0 0 0000000000000035 00000003 f 00000003 1 0d
0000000000000035 10300c010d00f000 0 00 00000000 0 0 0 0 0 0 0000000000000036 00000003 f 00000003 1 0c
0000000000000036 10000c0c0700f000 0 00 00000000 0 0 0 0 0 0 0000000000000037 00000003 f 00000003 1 0c
0000000000000037 34110a000000f000 0 00 00000000 0 0 0 0 0 0 0000000000000038 00000003 f 00000003 1 0a
0000000000000038 7c85000005000000 0 00 00000000 0 0 0 0 0 0 0000000000000039 00000003 f 00000003 0 00
0000000000000039 3059e0a0c0000000 0 00 00000000 0 0 0 0 0 0 000000000000003a 00000003 f 00000003 0 00
000000000000003a 3029d0a0c0000000 0 00 00000000 0 0 0 0 0 0 000000000000003b 00000003 f 00000003 0 00
000000000000003b 0023060600000300 1 06 00000006 0 0 0 0 0 0 000000000000003c 00000003 f 00000003 0 00
000000000000003c 7cb5000000e00000 0 00 00000000 0 0 0 0 0 0 000000000000003d 00000003 f 00000003 0 00
000000000000003d 10000a0a0700f000 0 00 00000000 0 0 0 0 0 0 000000000000003e 00000003 f 00000003 1 0a
000000000000003e 7c95fffffad00000 0 00 00000000 0 0 0 0 0 0 0000000000000039 00000003 f 00000003 0 00
0000000000000039 3059e0a0c0000000 0 00 00000000 0 0 0 0 0 0 000000000000003a 00000003 f 00000003 0 00
000000000000003a 3029d0a0c0000000 0 00 00000000 0 0 0 0 0 0 000000000000003b 00000003 f 00000003 0 00
000000000000003b 0023060600000300 1 06 00000009 0 0 0 0 0 0 000000000000003c 00000003 f 00000003 0 00
000000000000003c 7cb5000000e00000 0 00 00000000 0 0 0 0 0 0 000000000000003d 00000002 f 00000002 0 00
000000000000003d 10000a0a0700f000 0 00 00000000 0 0 0 0 0 0 000000000000003e 00000002 f 00000002 1 0a
000000000000003e 7c95fffffad00000 0 00 00000000 0 0 0 0 0 0 0000000000000039 00000002 f 00000002 0 00
0000000000000039 3059e0a0c0000000 0 00 00000000 0 0 0 0 0 0 000000000000003a 00000002 f 00000002 0 00
000000000000003a 3029d0a0c0000000 0 00 00000000 0 0 0 0 0 0 000000000000003b 00000002 f 00000002 0 00
000000000000003b 0023060600000300 1 06 0000000c 0 0 0 0 0 0 000000000000003c 00000002 f 00000002 0 00
000000000000003e 7cb5000000e00000 0 00 00000000 0 0 0 0 0 0 000000000000003d 00000000 f 00000000 0 00
000000000000003e 7c95fffffad00000 0 00 00000000 0 0 0 0 0 0 000000000000003f 00000003 f 00000003 0 00
000000000000003f 101005050400f000 0 00 00000000 0 0 0 0 0 0 0000000000000040 00000003 f 00000003 1 05
0000000000000040 0205000001000000 0 00 00000000 0 0 0 0 0 1 0000000000000042 00000003 f 00000003 0 00
0000000000000042 7c25000000000000 0 00 00000000 0 0 0 0 0 0 0000000000000041 fffffffc f fffffffc 0 00
0000000000000041 10100c070400f000 0 00 00000000 0 0 0 0 0 0 0000000000000042 fffffffc f fffffffc 1 0c
0000000000000042 7c25000000000000 0 00 00000000 0 0 0 0 0 0 0000000000000043 ffffffff f ffffffff 0 00
0000000000000043 020500000f000000 0 00 00000000 0 0 0 0 0 1 0000000000000053 ffffffff f ffffffff 0 00
0000000000000053 7c25000000000000 0 00 00000000 0 0 0 0 0 0 0000000000000054 ffffffff f ffffffff 0 00
0000000000000054 7cf5000000000000 0 00 00000000 0 0 0 0 0 0 0000000000000055 ffffffff f ffffffff 0 00
