0000000000000000 00131d0000000000 1 1d 00000000 0 0 0 0000000000000001
0000000000000001 8506000000000000 0 00 00000000 0 0 0 0000000000000002
0000000000000002 00130c0000000100 1 0c 00000001 0 0 0 0000000000000003
0000000000000003 8506000000000000 0 00 00000000 0 0 0 0000000000000004
0000000000000004 00130a00caf52f00 1 0a ffcaf52f 0 0 0 0000000000000005
0000000000000005 010200140b000000 0 00 00000000 5 1 0 0000000000000006
0000000000000006 0215000002010000 0 00 00000000 5 1 1 0000000000000009
0000000000000009 0013020083748a00 1 02 ff83748a 5 1 0 000000000000000a
000000000000000a 0306000000000f00 1 0f 00000000 5 1 0 000000000000000b
000000000000000b 00b3060d00001d00 1 06 00000000 5 1 0 000000000000000c
000000000000000c 00820e0b0a000000 1 0e ffcaf52f 5 1 0 000000000000000d
000000000000000d 0032041112000000 1 04 00000000 5 1 0 000000000000000e
000000000000000e 8506000000000000 0 00 00000000 5 1 0 000000000000000f
000000000000000f 8506000000000000 0 00 00000000 5 1 0 0000000000000010
0000000000000010 00130300856a8700 1 03 ff856a87 5 1 0 0000000000000011
0000000000000011 0022051410000000 1 05 00000000 5 1 0 0000000000000012
0000000000000012 00b20d1201000000 1 0d 00000000 5 1 0 0000000000000013
0000000000000013 0022090e13000000 1 09 ffcaf52f 5 1 0 0000000000000014
0000000000000014 00a2141304000000 1 14 00000000 5 1 0 0000000000000015
0000000000000015 8506000000000000 0 00 00000000 5 1 0 0000000000000016
0000000000000016 0062010b13000000 1 01 00000000 5 1 0 0000000000000017
0000000000000017 00731002de596400 1 10 ffa51b26 5 1 0 0000000000000018
0000000000000018 0112000303000000 0 00 00000000 5 0 0 0000000000000019
0000000000000019 02150000010d0000 0 00 00000000 5 0 0 000000000000001a
000000000000001a 8506000000000000 0 00 00000000 5 0 0 000000000000001b
000000000000001b 00520f0108000000 1 0f 00000000 5 0 0 000000000000001c
000000000000001c 00230805aaaaaa00 1 08 ffaaaaaa 5 0 0 000000000000001d
000000000000001d 00a20b1302000000 1 0b 00000000 5 0 0 000000000000001e
000000000000001e 00b2010402000000 1 01 00000000 5 0 0 000000000000001f
000000000000001f 00730f02aaaaaa00 1 0f ffd8c9e0 5 0 0 0000000000000020
0000000000000020 0072031011000000 1 03 ffa51b26 5 0 0 0000000000000021
0000000000000021 00320f0402000000 1 0f 00000000 5 0 0 0000000000000022
0000000000000022 0092050200000000 1 05 007c8b75 5 0 0 0000000000000023
0000000000000023 00230104870e8800 1 01 ff870e88 5 0 0 0000000000000024
0000000000000024 0092090c00000000 1 09 fffffffe 5 0 0 0000000000000025
0000000000000025 8506000000000000 0 00 00000000 5 0 0 0000000000000026
0000000000000026 00130400cd43a700 1 04 ffcd43a7 5 0 0 0000000000000027
0000000000000027 00131e0000000400 1 1e 00000004 5 0 0 0000000000000028
0000000000000028 0023151500000100 1 15 00000001 5 0 0 0000000000000029
0000000000000029 00731e1e00000100 1 1e 00000003 5 0 0 000000000000002a
000000000000002a 0102001e1d000000 0 00 00000000 4 0 0 000000000000002b
000000000000002b 0215fffffc040000 0 00 00000000 4 0 1 0000000000000028
0000000000000028 0023151500000100 1 15 00000002 4 0 0 0000000000000029
0000000000000029 00731e1e00000100 1 1e 00000002 4 0 0 000000000000002a
000000000000002a 0102001e1d000000 0 00 00000000 4 0 0 000000000000002b
000000000000002b 0215fffffc040000 0 00 00000000 4 0 1 0000000000000028
0000000000000028 0023151500000100 1 15 00000003 4 0 0 0000000000000029
0000000000000029 00731e1e00000100 1 1e 00000001 4 0 0 000000000000002a
000000000000002a 0102001e1d000000 0 00 00000000 4 0 0 000000000000002b
000000000000002b 0215fffffc040000 0 00 00000000 4 0 1 0000000000000028
0000000000000028 0023151500000100 1 15 00000004 4 0 0 0000000000000029
0000000000000029 00731e1e00000100 1 1e 00000000 4 0 0 000000000000002a
000000000000002a 0102001e1d000000 0 00 00000000 5 1 0 000000000000002b
000000000000002b 0215fffffc040000 0 00 00000000 5 1 0 000000000000002c
000000000000002c 7cf5000000000000 0 00 00000000 5 1 0 000000000000002d
DONE retired=55 fault=00 pc=000000000000002c
