0000000000000000 0013140000004d00 1 14 0000004d 0 0 0 0000000000000001 b371c704 f b371c704 0 00 b371c704
0000000000000001 100104058000f000 0 00 00000000 0 0 0 0000000000000002 b371c704 f b371c704 1 04 b371c704
0000000000000002 107102060020f000 0 00 00000000 0 0 0 0000000000000003 b371c704 f b371c704 1 02 b371c704
0000000000000003 101004060300f000 0 00 00000000 0 0 0 0000000000000004 b371c704 f b371c704 1 04 b371c704
0000000000000004 106104060004f000 0 00 00000000 0 0 0 0000000000000005 b371c704 f b371c704 1 04 b371c704
0000000000000005 104006060200f000 0 00 00000000 0 0 0 0000000000000006 b371c704 f b371c704 1 06 b371c704
0000000000000006 102004060300f000 0 00 00000000 0 0 0 0000000000000007 b371c704 f b371c704 1 04 b371c704
0000000000000007 101103050001f000 0 00 00000000 0 0 0 0000000000000008 b371c704 f b371c704 1 03 b371c704
0000000000000008 103006050400f000 0 00 00000000 0 0 0 0000000000000009 b371c704 f b371c704 1 06 b371c704
0000000000000009 107102030001f000 0 00 00000000 0 0 0 000000000000000a b371c704 f b371c704 1 02 b371c704
000000000000000a 0013160000000100 1 16 00000001 0 0 0 000000000000000b b371c704 f b371c704 0 00 b371c704
000000000000000b 342006160000f000 0 00 00000000 0 0 0 000000000000000c b371c704 f b371c704 1 06 b371c704
000000000000000c 10810606003ff000 0 00 00000000 0 0 0 000000000000000d b371c704 f b371c704 1 06 b371c704
000000000000000d 103004050500e000 0 00 00000000 0 0 0 000000000000000e b371c704 e a2208200 1 04 a2208200
000000000000000e 340006060000f000 0 00 00000000 0 0 0 000000000000000f b371c704 f b371c704 1 06 b371c704
000000000000000f 104106058000f000 0 00 00000000 0 0 0 0000000000000010 b371c704 f b371c704 1 06 b371c704
0000000000000010 10710203003ff000 0 00 00000000 0 0 0 0000000000000011 b371c704 f b371c704 1 02 b371c704
0000000000000011 34110200fffff000 0 00 00000000 0 0 0 0000000000000012 b371c704 f b371c704 1 02 b371c704
0000000000000012 103105060001f000 0 00 00000000 0 0 0 0000000000000013 b371c704 f b371c704 1 05 b371c704
0000000000000013 00131e0000000300 1 1e 00000003 0 0 0 0000000000000014 b371c704 f b371c704 0 00 b371c704
0000000000000014 0023171700000100 1 17 00000001 0 0 0 0000000000000015 b371c704 f b371c704 0 00 b371c704
0000000000000015 00731e1e00000100 1 1e 00000002 0 0 0 0000000000000016 b371c704 f b371c704 0 00 b371c704
0000000000000016 0013180000000000 1 18 00000000 0 0 0 0000000000000017 b371c704 f b371c704 0 00 b371c704
0000000000000017 0102001e18000000 0 00 00000000 4 0 0 0000000000000018 b371c704 f b371c704 0 00 b371c704
0000000000000018 0215fffffb040000 0 00 00000000 4 0 1 0000000000000014 b371c704 f b371c704 0 00 b371c704
0000000000000014 0023171700000100 1 17 00000002 4 0 0 0000000000000015 b371c704 f b371c704 0 00 b371c704
0000000000000015 00731e1e00000100 1 1e 00000001 4 0 0 0000000000000016 b371c704 f b371c704 0 00 b371c704
0000000000000016 0013180000000000 1 18 00000000 4 0 0 0000000000000017 b371c704 f b371c704 0 00 b371c704
0000000000000017 0102001e18000000 0 00 00000000 4 0 0 0000000000000018 b371c704 f b371c704 0 00 b371c704
0000000000000018 0215fffffb040000 0 00 00000000 4 0 1 0000000000000014 b371c704 f b371c704 0 00 b371c704
0000000000000014 0023171700000100 1 17 00000003 4 0 0 0000000000000015 b371c704 f b371c704 0 00 b371c704
0000000000000015 00731e1e00000100 1 1e 00000000 4 0 0 0000000000000016 b371c704 f b371c704 0 00 b371c704
0000000000000016 0013180000000000 1 18 00000000 4 0 0 0000000000000017 b371c704 f b371c704 0 00 b371c704
0000000000000017 0102001e18000000 0 00 00000000 5 1 0 0000000000000018 b371c704 f b371c704 0 00 b371c704
0000000000000018 0215fffffb040000 0 00 00000000 5 1 0 0000000000000019 b371c704 f b371c704 0 00 b371c704
0000000000000019 7cf5000000000000 0 00 00000000 5 1 0 000000000000001a b371c704 f b371c704 0 00 b371c704
DONE retired=36 fault=00 pc=0000000000000019
