0000000000000000 343001000000f000 0 00 00000000 0 0 0 0 0 0 0000000000000001 ffffffff f ffffffff 1 01
0000000000000001 341107000001f000 0 00 00000000 0 0 0 0 0 0 0000000000000002 ffffffff f ffffffff 1 07
0000000000000002 34110c000003f000 0 00 00000000 0 0 0 0 0 0 0000000000000003 ffffffff f ffffffff 1 0c
0000000000000003 305980b070000000 0 00 00000000 0 0 0 0 0 0 0000000000000004 ffffffff f ffffffff 0 00
0000000000000004 7c15000011800070 0 00 00000000 0 0 0 0 0 0 0000000000000016 ffffffff f ffffffff 0 00
0000000000000016 111005010700f000 0 00 00000000 0 0 0 0 0 0 0000000000000017 ffffffff f ffffffff 1 05
0000000000000017 30094030c0000000 0 00 00000000 0 0 0 0 0 0 0000000000000018 ffffffff f ffffffff 0 00
0000000000000018 7c1500005a40005b 0 00 00000000 0 0 0 0 0 0 0000000000000073 ffffffff f ffffffff 0 00
0000000000000073 0023060600000200 1 06 00000002 0 0 0 0 0 0 0000000000000074 ffffffff f ffffffff 0 00
0000000000000074 7c25000000000000 0 00 00000000 0 0 0 0 0 0 0000000000000075 ffffffff f ffffffff 0 00
0000000000000075 7c25000000000000 0 00 00000000 0 0 0 0 0 0 0000000000000076 ffffffff f ffffffff 0 00
0000000000000076 34110d000000f000 0 00 00000000 0 0 0 0 0 0 0000000000000077 ffffffff f ffffffff 1 0d
0000000000000077 10300c010d00f000 0 00 00000000 0 0 0 0 0 0 0000000000000078 ffffffff f ffffffff 1 0c
0000000000000078 10000c0c0700f000 0 00 00000000 0 0 0 0 0 0 0000000000000079 ffffffff f ffffffff 1 0c
0000000000000079 34110a000000f000 0 00 00000000 0 0 0 0 0 0 000000000000007a ffffffff f ffffffff 1 0a
000000000000007a 7c85000007000000 0 00 00000000 0 0 0 0 0 0 000000000000007b ffffffff f ffffffff 0 00
000000000000007b 3059e0a0c0000000 0 00 00000000 0 0 0 0 0 0 000000000000007c ffffffff f ffffffff 0 00
000000000000007c 3029d0a0c0000000 0 00 00000000 0 0 0 0 0 0 000000000000007d ffffffff f ffffffff 0 00
000000000000007d 3049b01070000000 0 00 00000000 0 0 0 0 0 0 000000000000007e ffffffff f ffffffff 0 00
000000000000007e 7c15000000b00001 0 00 00000000 0 0 0 0 0 0 000000000000007f fffffffc f fffffffc 0 00
000000000000007f 0023060600000200 1 06 00000004 0 0 0 0 0 0 0000000000000080 fffffffc f fffffffc 0 00
0000000000000080 7c25000000000000 0 00 00000000 0 0 0 0 0 0 000000000000007f 00000003 f 00000003 0 00
000000000000007f 0023060600000200 1 06 00000006 0 0 0 0 0 0 0000000000000080 00000003 f 00000003 0 00
0000000000000080 7c25000000000000 0 00 00000000 0 0 0 0 0 0 0000000000000081 ffffffff f ffffffff 0 00
0000000000000081 10000a0a0700f000 0 00 00000000 0 0 0 0 0 0 0000000000000082 ffffffff f ffffffff 1 0a
0000000000000082 7c95fffff8d00000 0 00 00000000 0 0 0 0 0 0 000000000000007b ffffffff f ffffffff 0 00
000000000000007b 3059e0a0c0000000 0 00 00000000 0 0 0 0 0 0 000000000000007c ffffffff f ffffffff 0 00
000000000000007c 3029d0a0c0000000 0 00 00000000 0 0 0 0 0 0 000000000000007d ffffffff f ffffffff 0 00
000000000000007d 3049b01070000000 0 00 00000000 0 0 0 0 0 0 000000000000007e ffffffff f ffffffff 0 00
000000000000007e 7c15000000b00001 0 00 00000000 0 0 0 0 0 0 000000000000007f fffffffc f fffffffc 0 00
000000000000007f 0023060600000200 1 06 00000008 0 0 0 0 0 0 0000000000000080 fffffffc f fffffffc 0 00
0000000000000080 7c25000000000000 0 00 00000000 0 0 0 0 0 0 000000000000007f 00000003 f 00000003 0 00
000000000000007f 0023060600000200 1 06 0000000a 0 0 0 0 0 0 0000000000000080 00000003 f 00000003 0 00
0000000000000080 7c25000000000000 0 00 00000000 0 0 0 0 0 0 0000000000000081 ffffffff f ffffffff 0 00
0000000000000081 10000a0a0700f000 0 00 00000000 0 0 0 0 0 0 0000000000000082 ffffffff f ffffffff 1 0a
0000000000000082 7c95fffff8d00000 0 00 00000000 0 0 0 0 0 0 0000000000000083 ffffffff f ffffffff 0 00
0000000000000083 7cf5000000000000 0 00 00000000 0 0 0 0 0 0 0000000000000084 ffffffff f ffffffff 0 00
