0000000000000000 00131d0000000000 1 1d 00000000 0 0 0 0000000000000001
0000000000000001 00920e1300000000 1 0e ffffffff 0 0 0 0000000000000002
0000000000000002 001312000acb6700 1 12 000acb67 0 0 0 0000000000000003
0000000000000003 00a3070200000000 1 07 00000000 0 0 0 0000000000000004
0000000000000004 8506000000000000 0 00 00000000 0 0 0 0000000000000005
0000000000000005 8506000000000000 0 00 00000000 0 0 0 0000000000000006
0000000000000006 00130e002ec74b00 1 0e 002ec74b 0 0 0 0000000000000007
0000000000000007 0013130072ca2200 1 13 0072ca22 0 0 0 0000000000000008
0000000000000008 00130c00aaaaaa00 1 0c ffaaaaaa 0 0 0 0000000000000009
0000000000000009 001302006dd77e00 1 02 006dd77e 0 0 0 000000000000000a
000000000000000a 0073060e7aa30500 1 06 ffb42446 0 0 0 000000000000000b
000000000000000b 8506000000000000 0 00 00000000 0 0 0 000000000000000c
000000000000000c 002301064e315000 1 01 00025596 0 0 0 000000000000000d
000000000000000d 0122000a04000000 0 00 00000000 5 0 0 000000000000000e
000000000000000e 02150000020d0000 0 00 00000000 5 0 0 000000000000000f
000000000000000f 8506000000000000 0 00 00000000 5 0 0 0000000000000010
0000000000000010 8506000000000000 0 00 00000000 5 0 0 0000000000000011
0000000000000011 0082021014000000 1 02 00000000 5 0 0 0000000000000012
0000000000000012 8506000000000000 0 00 00000000 5 0 0 0000000000000013
0000000000000013 00b3030600000300 1 03 fff68488 5 0 0 0000000000000014
0000000000000014 0306000000000400 1 04 00000000 5 0 0 0000000000000015
0000000000000015 8506000000000000 0 00 00000000 5 0 0 0000000000000016
0000000000000016 0102000e0d000000 0 00 00000000 4 0 0 0000000000000017
0000000000000017 0215000002020000 0 00 00000000 4 0 1 000000000000001a
000000000000001a 0013110000000000 1 11 00000000 4 0 0 000000000000001b
000000000000001b 8506000000000000 0 00 00000000 4 0 0 000000000000001c
000000000000001c 011200040f000000 0 00 00000000 5 0 0 000000000000001d
000000000000001d 0215000003010000 0 00 00000000 5 0 0 000000000000001e
000000000000001e 8506000000000000 0 00 00000000 5 0 0 000000000000001f
000000000000001f 8506000000000000 0 00 00000000 5 0 0 0000000000000020
0000000000000020 8506000000000000 0 00 00000000 5 0 0 0000000000000021
0000000000000021 00720d130f000000 1 0d 0072ca22 5 0 0 0000000000000022
0000000000000022 001313000900ed00 1 13 000900ed 5 0 0 0000000000000023
0000000000000023 001305001537f000 1 05 001537f0 5 0 0 0000000000000024
0000000000000024 8506000000000000 0 00 00000000 5 0 0 0000000000000025
0000000000000025 0092091100000000 1 09 ffffffff 5 0 0 0000000000000026
0000000000000026 0013030055555500 1 03 00555555 5 0 0 0000000000000027
0000000000000027 8506000000000000 0 00 00000000 5 0 0 0000000000000028
0000000000000028 00a208140e000000 1 08 00000000 5 0 0 0000000000000029
0000000000000029 00b3030500000500 1 03 0000a9bf 5 0 0 000000000000002a
000000000000002a 007303042b9eaa00 1 03 ffd46156 5 0 0 000000000000002b
000000000000002b 0073020db7f2a400 1 02 00bad77e 5 0 0 000000000000002c
000000000000002c 0122001105000000 0 00 00000000 2 0 0 000000000000002d
000000000000002d 02150000020e0000 0 00 00000000 2 0 0 000000000000002e
000000000000002e 8506000000000000 0 00 00000000 2 0 0 000000000000002f
000000000000002f 8506000000000000 0 00 00000000 2 0 0 0000000000000030
0000000000000030 8506000000000000 0 00 00000000 2 0 0 0000000000000031
0000000000000031 00130200a24ad100 1 02 ffa24ad1 2 0 0 0000000000000032
0000000000000032 0063021000000600 1 02 00000000 2 0 0 0000000000000033
0000000000000033 004212090c000000 1 12 ffaaaaaa 2 0 0 0000000000000034
0000000000000034 00b3130d00000b00 1 13 00000e59 2 0 0 0000000000000035
0000000000000035 00131e0000000400 1 1e 00000004 2 0 0 0000000000000036
0000000000000036 0023151500000100 1 15 00000001 2 0 0 0000000000000037
0000000000000037 00731e1e00000100 1 1e 00000003 2 0 0 0000000000000038
0000000000000038 0102001e1d000000 0 00 00000000 4 0 0 0000000000000039
0000000000000039 0215fffffc040000 0 00 00000000 4 0 1 0000000000000036
0000000000000036 0023151500000100 1 15 00000002 4 0 0 0000000000000037
0000000000000037 00731e1e00000100 1 1e 00000002 4 0 0 0000000000000038
0000000000000038 0102001e1d000000 0 00 00000000 4 0 0 0000000000000039
0000000000000039 0215fffffc040000 0 00 00000000 4 0 1 0000000000000036
0000000000000036 0023151500000100 1 15 00000003 4 0 0 0000000000000037
0000000000000037 00731e1e00000100 1 1e 00000001 4 0 0 0000000000000038
0000000000000038 0102001e1d000000 0 00 00000000 4 0 0 0000000000000039
0000000000000039 0215fffffc040000 0 00 00000000 4 0 1 0000000000000036
0000000000000036 0023151500000100 1 15 00000004 4 0 0 0000000000000037
0000000000000037 00731e1e00000100 1 1e 00000000 4 0 0 0000000000000038
0000000000000038 0102001e1d000000 0 00 00000000 5 1 0 0000000000000039
0000000000000039 0215fffffc040000 0 00 00000000 5 1 0 000000000000003a
000000000000003a 7cf5000000000000 0 00 00000000 5 1 0 000000000000003b
DONE retired=69 fault=00 pc=000000000000003a
