0000000000000000 0013140000004d00 1 14 0000004d 0 0 0 0000000000000001 000000ff f 000000ff 0 00 000000ff
0000000000000001 00131600aaaaaa00 1 16 ffaaaaaa 0 0 0 0000000000000002 000000ff f 000000ff 0 00 000000ff
0000000000000002 342003160000f000 0 00 00000000 0 0 0 0000000000000003 000000ff f 000000ff 1 03 000000ff
0000000000000003 10810503000ff000 0 00 00000000 0 0 0 0000000000000004 000000ff f 000000ff 1 05 000000ff
0000000000000004 105006030200f000 0 00 00000000 0 0 0 0000000000000005 000000ff f 000000ff 1 06 000000ff
0000000000000005 1041040239c9f000 0 00 00000000 0 0 0 0000000000000006 000000ff f 000000ff 1 04 000000ff
0000000000000006 101003050300f000 0 00 00000000 0 0 0 0000000000000007 000000ff f 000000ff 1 03 000000ff
0000000000000007 0013160055555500 1 16 00555555 0 0 0 0000000000000008 000000ff f 000000ff 0 00 000000ff
0000000000000008 342004160000f000 0 00 00000000 0 0 0 0000000000000009 000000ff f 000000ff 1 04 000000ff
0000000000000009 108104040020f000 0 00 00000000 0 0 0 000000000000000a 000000ff f 000000ff 1 04 000000ff
000000000000000a 0013160055555500 1 16 00555555 0 0 0 000000000000000b 000000ff f 000000ff 0 00 000000ff
000000000000000b 342006160000f000 0 00 00000000 0 0 0 000000000000000c 000000ff f 000000ff 1 06 000000ff
000000000000000c 108102060006f000 0 00 00000000 0 0 0 000000000000000d 000000ff f 000000ff 1 02 000000ff
000000000000000d 107105030001f000 0 00 00000000 0 0 0 000000000000000e 000000ff f 000000ff 1 05 000000ff
000000000000000e 107103040000f000 0 00 00000000 0 0 0 000000000000000f 000000ff f 000000ff 1 03 000000ff
000000000000000f 10710503000ff000 0 00 00000000 0 0 0 0000000000000010 000000ff f 000000ff 1 05 000000ff
0000000000000010 00131600ffffff00 1 16 ffffffff 0 0 0 0000000000000011 000000ff f 000000ff 0 00 000000ff
0000000000000011 342006160000f000 0 00 00000000 0 0 0 0000000000000012 000000ff f 000000ff 1 06 000000ff
0000000000000012 108106060021f000 0 00 00000000 0 0 0 0000000000000013 000000ff f 000000ff 1 06 000000ff
0000000000000013 10610206000ff000 0 00 00000000 0 0 0 0000000000000014 000000ff f 000000ff 1 02 000000ff
0000000000000014 10610406001df000 0 00 00000000 0 0 0 0000000000000015 000000ff f 000000ff 1 04 000000ff
0000000000000015 1010050603008000 0 00 00000000 0 0 0 0000000000000016 000000ff 8 000000aa 1 05 000000aa
0000000000000016 340003040000f000 0 00 00000000 0 0 0 0000000000000017 000000ff f 000000ff 1 03 000000ff
0000000000000017 1031020583daf000 0 00 00000000 0 0 0 0000000000000018 000000ff f 000000ff 1 02 000000ff
0000000000000018 0013160000000000 1 16 00000000 0 0 0 0000000000000019 000000ff f 000000ff 0 00 000000ff
0000000000000019 342002160000f000 0 00 00000000 0 0 0 000000000000001a 000000ff f 000000ff 1 02 000000ff
000000000000001a 108103020010f000 0 00 00000000 0 0 0 000000000000001b 000000ff f 000000ff 1 03 000000ff
000000000000001b 00131e0000000100 1 1e 00000001 0 0 0 000000000000001c 000000ff f 000000ff 0 00 000000ff
000000000000001c 0023171700000100 1 17 00000001 0 0 0 000000000000001d 000000ff f 000000ff 0 00 000000ff
000000000000001d 00731e1e00000100 1 1e 00000000 0 0 0 000000000000001e 000000ff f 000000ff 0 00 000000ff
000000000000001e 0013180000000000 1 18 00000000 0 0 0 000000000000001f 000000ff f 000000ff 0 00 000000ff
000000000000001f 0102001e18000000 0 00 00000000 5 1 0 0000000000000020 000000ff f 000000ff 0 00 000000ff
0000000000000020 0215fffffb040000 0 00 00000000 5 1 0 0000000000000021 000000ff f 000000ff 0 00 000000ff
0000000000000021 7cf5000000000000 0 00 00000000 5 1 0 0000000000000022 000000ff f 000000ff 0 00 000000ff
DONE retired=34 fault=00 pc=0000000000000021
