0000000000000000 00131d0000000000 1 1d 00000000 0 0 0 0000000000000001
0000000000000001 012200080a000000 0 00 00000000 5 0 0 0000000000000002
0000000000000002 02150000010b0000 0 00 00000000 5 0 0 0000000000000003
0000000000000003 8506000000000000 0 00 00000000 5 0 0 0000000000000004
0000000000000004 0082031107000000 1 03 00000000 5 0 0 0000000000000005
0000000000000005 00130d00bb51b500 1 0d ffbb51b5 5 0 0 0000000000000006
0000000000000006 00731406f5abe600 1 14 000a541a 5 0 0 0000000000000007
0000000000000007 00b3131300000100 1 13 00000000 5 0 0 0000000000000008
0000000000000008 8506000000000000 0 00 00000000 5 0 0 0000000000000009
0000000000000009 00130a006285a200 1 0a 006285a2 5 0 0 000000000000000a
000000000000000a 00a3081200001b00 1 08 00000000 5 0 0 000000000000000b
000000000000000b 0042050314000000 1 05 00000000 5 0 0 000000000000000c
000000000000000c 0023100f068ad600 1 10 00068ad6 5 0 0 000000000000000d
000000000000000d 8506000000000000 0 00 00000000 5 0 0 000000000000000e
000000000000000e 001312009f0a0200 1 12 ff9f0a02 5 0 0 000000000000000f
000000000000000f 00b2080d0a000000 1 08 ffeed46d 5 0 0 0000000000000010
0000000000000010 0112001205000000 0 00 00000000 6 1 0 0000000000000011
0000000000000011 02150000010c0000 0 00 00000000 6 1 0 0000000000000012
0000000000000012 8506000000000000 0 00 00000000 6 1 0 0000000000000013
0000000000000013 0306000000001200 1 12 00000000 6 1 0 0000000000000014
0000000000000014 007313118a0ecc00 1 13 0075f134 6 1 0 0000000000000015
0000000000000015 0306000000000f00 1 0f 00000000 6 1 0 0000000000000016
0000000000000016 00130b00ffffff00 1 0b ffffffff 6 1 0 0000000000000017
0000000000000017 00131e0000000100 1 1e 00000001 6 1 0 0000000000000018
0000000000000018 0023151500000100 1 15 00000001 6 1 0 0000000000000019
0000000000000019 00731e1e00000100 1 1e 00000000 6 1 0 000000000000001a
000000000000001a 0102001e1d000000 0 00 00000000 5 1 0 000000000000001b
000000000000001b 0215fffffc040000 0 00 00000000 5 1 0 000000000000001c
000000000000001c 7cf5000000000000 0 00 00000000 5 1 0 000000000000001d
DONE retired=29 fault=00 pc=000000000000001c
