0000000000000000 0013140000004d00 1 14 0000004d 0 0 0 0000000000000001 b9bec94f f b9bec94f 0 00 b9bec94f
0000000000000001 105004030600f000 0 00 00000000 0 0 0 0000000000000002 b9bec94f f b9bec94f 1 04 b9bec94f
0000000000000002 341104004409f000 0 00 00000000 0 0 0 0000000000000003 b9bec94f f b9bec94f 1 04 b9bec94f
0000000000000003 107105050021f000 0 00 00000000 0 0 0 0000000000000004 b9bec94f f b9bec94f 1 05 b9bec94f
0000000000000004 106103060010f000 0 00 00000000 0 0 0 0000000000000005 b9bec94f f b9bec94f 1 03 b9bec94f
0000000000000005 0013160000000100 1 16 00000001 0 0 0 0000000000000006 b9bec94f f b9bec94f 0 00 b9bec94f
0000000000000006 342003160000f000 0 00 00000000 0 0 0 0000000000000007 b9bec94f f b9bec94f 1 03 b9bec94f
0000000000000007 108105030016f000 0 00 00000000 0 0 0 0000000000000008 b9bec94f f b9bec94f 1 05 b9bec94f
0000000000000008 100002050600f000 0 00 00000000 0 0 0 0000000000000009 b9bec94f f b9bec94f 1 02 b9bec94f
0000000000000009 340005030000f000 0 00 00000000 0 0 0 000000000000000a b9bec94f f b9bec94f 1 05 b9bec94f
000000000000000a 00131500aaaaaa00 1 15 ffaaaaaa 0 0 0 000000000000000b b9bec94f f b9bec94f 0 00 b9bec94f
000000000000000b 3420061500002000 0 00 00000000 0 0 0 000000000000000c b9bec94f 2 11144145 1 06 11144145
000000000000000c 0013160055555500 1 16 00555555 0 0 0 000000000000000d b9bec94f f b9bec94f 0 00 b9bec94f
000000000000000d 342003160000f000 0 00 00000000 0 0 0 000000000000000e b9bec94f f b9bec94f 1 03 b9bec94f
000000000000000e 10810303001ff000 0 00 00000000 0 0 0 000000000000000f b9bec94f f b9bec94f 1 03 b9bec94f
000000000000000f 103004020600f000 0 00 00000000 0 0 0 0000000000000010 b9bec94f f b9bec94f 1 04 b9bec94f
0000000000000010 10710406001ff000 0 00 00000000 0 0 0 0000000000000011 b9bec94f f b9bec94f 1 04 b9bec94f
0000000000000011 102002040400f000 0 00 00000000 0 0 0 0000000000000012 b9bec94f f b9bec94f 1 02 b9bec94f
0000000000000012 103006060200f000 0 00 00000000 0 0 0 0000000000000013 b9bec94f f b9bec94f 1 06 b9bec94f
0000000000000013 106102060021f000 0 00 00000000 0 0 0 0000000000000014 b9bec94f f b9bec94f 1 02 b9bec94f
0000000000000014 3400040300007000 0 00 00000000 0 0 0 0000000000000015 b9bec94f 7 39bec94f 1 04 39bec94f
0000000000000015 106106040001f000 0 00 00000000 0 0 0 0000000000000016 b9bec94f f b9bec94f 1 06 b9bec94f
0000000000000016 107106040001f000 0 00 00000000 0 0 0 0000000000000017 b9bec94f f b9bec94f 1 06 b9bec94f
0000000000000017 0013150055555500 1 15 00555555 0 0 0 0000000000000018 b9bec94f f b9bec94f 0 00 b9bec94f
0000000000000018 342006150000f000 0 00 00000000 0 0 0 0000000000000019 b9bec94f f b9bec94f 1 06 b9bec94f
0000000000000019 3400060600001000 0 00 00000000 0 0 0 000000000000001a b9bec94f 1 890c4806 1 06 890c4806
000000000000001a 103003060600f000 0 00 00000000 0 0 0 000000000000001b b9bec94f f b9bec94f 1 03 b9bec94f
000000000000001b 103004040300f000 0 00 00000000 0 0 0 000000000000001c b9bec94f f b9bec94f 1 04 b9bec94f
000000000000001c 0013150000000000 1 15 00000000 0 0 0 000000000000001d b9bec94f f b9bec94f 0 00 b9bec94f
000000000000001d 342003150000b000 0 00 00000000 0 0 0 000000000000001e b9bec94f b 00000000 1 03 00000000
000000000000001e 103002050200f000 0 00 00000000 0 0 0 000000000000001f b9bec94f f b9bec94f 1 02 b9bec94f
000000000000001f 100006030400f000 0 00 00000000 0 0 0 0000000000000020 b9bec94f f b9bec94f 1 06 b9bec94f
0000000000000020 00131e0000000200 1 1e 00000002 0 0 0 0000000000000021 b9bec94f f b9bec94f 0 00 b9bec94f
0000000000000021 0023171700000100 1 17 00000001 0 0 0 0000000000000022 b9bec94f f b9bec94f 0 00 b9bec94f
0000000000000022 00731e1e00000100 1 1e 00000001 0 0 0 0000000000000023 b9bec94f f b9bec94f 0 00 b9bec94f
0000000000000023 0013180000000000 1 18 00000000 0 0 0 0000000000000024 b9bec94f f b9bec94f 0 00 b9bec94f
0000000000000024 0102001e18000000 0 00 00000000 4 0 0 0000000000000025 b9bec94f f b9bec94f 0 00 b9bec94f
0000000000000025 0215fffffb040000 0 00 00000000 4 0 1 0000000000000021 b9bec94f f b9bec94f 0 00 b9bec94f
0000000000000021 0023171700000100 1 17 00000002 4 0 0 0000000000000022 b9bec94f f b9bec94f 0 00 b9bec94f
0000000000000022 00731e1e00000100 1 1e 00000000 4 0 0 0000000000000023 b9bec94f f b9bec94f 0 00 b9bec94f
0000000000000023 0013180000000000 1 18 00000000 4 0 0 0000000000000024 b9bec94f f b9bec94f 0 00 b9bec94f
0000000000000024 0102001e18000000 0 00 00000000 5 1 0 0000000000000025 b9bec94f f b9bec94f 0 00 b9bec94f
0000000000000025 0215fffffb040000 0 00 00000000 5 1 0 0000000000000026 b9bec94f f b9bec94f 0 00 b9bec94f
0000000000000026 7cf5000000000000 0 00 00000000 5 1 0 0000000000000027 b9bec94f f b9bec94f 0 00 b9bec94f
DONE retired=44 fault=00 pc=0000000000000026
