0000000000000000 343001000000f000 0 00 00000000 0 0 0 0 0 0 0000000000000001 ffffffff f ffffffff 1 01
0000000000000001 341107000001f000 0 00 00000000 0 0 0 0 0 0 0000000000000002 ffffffff f ffffffff 1 07
0000000000000002 34110c000003f000 0 00 00000000 0 0 0 0 0 0 0000000000000003 ffffffff f ffffffff 1 0c
0000000000000003 3059d010c0000000 0 00 00000000 0 0 0 0 0 0 0000000000000004 ffffffff f ffffffff 0 00
0000000000000004 7c15000016d00030 0 00 00000000 0 0 0 0 0 0 0000000000000005 fffffff8 f fffffff8 0 00
0000000000000005 301940b070000000 0 00 00000000 0 0 0 0 0 0 0000000000000006 fffffff8 f fffffff8 0 00
0000000000000006 7c15000010400012 0 00 00000000 0 0 0 0 0 0 0000000000000007 fffffff8 f fffffff8 0 00
0000000000000007 34110d000001f000 0 00 00000000 0 0 0 0 0 0 0000000000000008 fffffff8 f fffffff8 1 0d
0000000000000008 10300c010d00f000 0 00 00000000 0 0 0 0 0 0 0000000000000009 fffffff8 f fffffff8 1 0c
0000000000000009 10000c0c0700f000 0 00 00000000 0 0 0 0 0 0 000000000000000a fffffff8 f fffffff8 1 0c
000000000000000a 34110a000000f000 0 00 00000000 0 0 0 0 0 0 000000000000000b fffffff8 f fffffff8 1 0a
000000000000000b 7c85000008000000 0 00 00000000 0 0 0 0 0 0 000000000000000c fffffff8 f fffffff8 0 00
000000000000000c 3059e0a0c0000000 0 00 00000000 0 0 0 0 0 0 000000000000000d fffffff8 f fffffff8 0 00
000000000000000d 3029d0a0c0000000 0 00 00000000 0 0 0 0 0 0 000000000000000e fffffff8 f fffffff8 0 00
000000000000000e 302910a070000000 0 00 00000000 0 0 0 0 0 0 000000000000000f fffffff8 f fffffff8 0 00
000000000000000f 7c15000000100001 0 00 00000000 0 0 0 0 0 0 0000000000000010 fffffff8 f fffffff8 0 00
0000000000000010 10500c030500f000 0 00 00000000 0 0 0 0 0 0 0000000000000011 fffffff8 f fffffff8 1 0c
0000000000000011 7c25000000000000 0 00 00000000 0 0 0 0 0 0 0000000000000012 fffffff8 f fffffff8 0 00
0000000000000012 7cb5000000e00000 0 00 00000000 0 0 0 0 0 0 0000000000000013 fffffff8 f fffffff8 0 00
0000000000000013 10000a0a0700f000 0 00 00000000 0 0 0 0 0 0 0000000000000014 fffffff8 f fffffff8 1 0a
0000000000000014 7c95fffff7d00000 0 00 00000000 0 0 0 0 0 0 000000000000000c fffffff8 f fffffff8 0 00
000000000000000c 3059e0a0c0000000 0 00 00000000 0 0 0 0 0 0 000000000000000d fffffff8 f fffffff8 0 00
000000000000000d 3029d0a0c0000000 0 00 00000000 0 0 0 0 0 0 000000000000000e fffffff8 f fffffff8 0 00
000000000000000e 302910a070000000 0 00 00000000 0 0 0 0 0 0 000000000000000f fffffff8 f fffffff8 0 00
000000000000000f 7c15000000100001 0 00 00000000 0 0 0 0 0 0 0000000000000010 fffffff8 f fffffff8 0 00
0000000000000010 10500c030500f000 0 00 00000000 0 0 0 0 0 0 0000000000000011 fffffff8 f fffffff8 1 0c
0000000000000011 7c25000000000000 0 00 00000000 0 0 0 0 0 0 0000000000000012 fffffff8 f fffffff8 0 00
0000000000000014 7cb5000000e00000 0 00 00000000 0 0 0 0 0 0 0000000000000013 00000000 f 00000000 0 00
0000000000000014 7c95fffff7d00000 0 00 00000000 0 0 0 0 0 0 0000000000000015 fffffff8 f fffffff8 0 00
0000000000000015 101004070300f000 0 00 00000000 0 0 0 0 0 0 0000000000000016 fffffff8 f fffffff8 1 04
0000000000000016 0205000002000000 0 00 00000000 0 0 0 0 0 1 0000000000000019 fffffff8 f fffffff8 0 00
0000000000000019 7c25000000000000 0 00 00000000 0 0 0 0 0 0 000000000000001a fffffff8 f fffffff8 0 00
000000000000001a 020500001a000000 0 00 00000000 0 0 0 0 0 1 0000000000000035 fffffff8 f fffffff8 0 00
0000000000000035 7c25000000000000 0 00 00000000 0 0 0 0 0 0 000000000000001b 00000007 f 00000007 0 00
000000000000001b 3059b0a070000000 0 00 00000000 0 0 0 0 0 0 000000000000001c 00000007 f 00000007 0 00
000000000000001c 7c15000015b00017 0 00 00000000 0 0 0 0 0 0 0000000000000032 00000007 f 00000007 0 00
0000000000000032 101005050400f000 0 00 00000000 0 0 0 0 0 0 0000000000000033 00000007 f 00000007 1 05
0000000000000033 10100c070300f000 0 00 00000000 0 0 0 0 0 0 0000000000000034 00000007 f 00000007 1 0c
0000000000000034 7c25000000000000 0 00 00000000 0 0 0 0 0 0 0000000000000035 00000007 f 00000007 0 00
0000000000000035 7c25000000000000 0 00 00000000 0 0 0 0 0 0 0000000000000036 ffffffff f ffffffff 0 00
0000000000000036 7cf5000000000000 0 00 00000000 0 0 0 0 0 0 0000000000000037 ffffffff f ffffffff 0 00
