0000000000000000 00131d0000000000 1 1d 00000000 0 0 0 0000000000000001
0000000000000001 0063060a00000900 1 06 00000000 0 0 0 0000000000000002
0000000000000002 0306000000000f00 1 0f 00000000 0 0 0 0000000000000003
0000000000000003 0073070d00000000 1 07 00000000 0 0 0 0000000000000004
0000000000000004 0092041400000000 1 04 ffffffff 0 0 0 0000000000000005
0000000000000005 0073080b00000000 1 08 00000000 0 0 0 0000000000000006
0000000000000006 0306000000000c00 1 0c 00000000 0 0 0 0000000000000007
0000000000000007 8506000000000000 0 00 00000000 0 0 0 0000000000000008
0000000000000008 0073061493ef9900 1 06 006c1067 0 0 0 0000000000000009
0000000000000009 0013100055555500 1 10 00555555 0 0 0 000000000000000a
000000000000000a 8506000000000000 0 00 00000000 0 0 0 000000000000000b
000000000000000b 8506000000000000 0 00 00000000 0 0 0 000000000000000c
000000000000000c 00130500fb537800 1 05 fffb5378 0 0 0 000000000000000d
000000000000000d 0092090d00000000 1 09 ffffffff 0 0 0 000000000000000e
000000000000000e 00a206110f000000 1 06 00000000 0 0 0 000000000000000f
000000000000000f 8506000000000000 0 00 00000000 0 0 0 0000000000000010
0000000000000010 00131e0000000100 1 1e 00000001 0 0 0 0000000000000011
0000000000000011 0023151500000100 1 15 00000001 0 0 0 0000000000000012
0000000000000012 00731e1e00000100 1 1e 00000000 0 0 0 0000000000000013
0000000000000013 0102001e1d000000 0 00 00000000 5 1 0 0000000000000014
0000000000000014 0215fffffc040000 0 00 00000000 5 1 0 0000000000000015
0000000000000015 7cf5000000000000 0 00 00000000 5 1 0 0000000000000016
DONE retired=22 fault=00 pc=0000000000000015
