0000000000000000 00131d0000000000 1 1d 00000000 0 0 0 0000000000000001
0000000000000001 0072080a0d000000 1 08 00000000 0 0 0 0000000000000002
0000000000000002 008204030c000000 1 04 00000000 0 0 0 0000000000000003
0000000000000003 0082100604000000 1 10 00000000 0 0 0 0000000000000004
0000000000000004 8506000000000000 0 00 00000000 0 0 0 0000000000000005
0000000000000005 0073110512d1f800 1 11 ffed2e08 0 0 0 0000000000000006
0000000000000006 001301008fb98400 1 01 ff8fb984 0 0 0 0000000000000007
0000000000000007 00131400849a0300 1 14 ff849a03 0 0 0 0000000000000008
0000000000000008 00a2090d10000000 1 09 00000000 0 0 0 0000000000000009
0000000000000009 00231001ffffff00 1 10 ff8fb983 0 0 0 000000000000000a
000000000000000a 0102000603000000 0 00 00000000 5 1 0 000000000000000b
000000000000000b 02150000010e0000 0 00 00000000 5 1 1 000000000000000d
000000000000000d 005208130f000000 1 08 00000000 5 1 0 000000000000000e
000000000000000e 0072050b06000000 1 05 00000000 5 1 0 000000000000000f
000000000000000f 0082070e13000000 1 07 00000000 5 1 0 0000000000000010
0000000000000010 00131e0000000200 1 1e 00000002 5 1 0 0000000000000011
0000000000000011 0023151500000100 1 15 00000001 5 1 0 0000000000000012
0000000000000012 00731e1e00000100 1 1e 00000001 5 1 0 0000000000000013
0000000000000013 0102001e1d000000 0 00 00000000 4 0 0 0000000000000014
0000000000000014 0215fffffc040000 0 00 00000000 4 0 1 0000000000000011
0000000000000011 0023151500000100 1 15 00000002 4 0 0 0000000000000012
0000000000000012 00731e1e00000100 1 1e 00000000 4 0 0 0000000000000013
0000000000000013 0102001e1d000000 0 00 00000000 5 1 0 0000000000000014
0000000000000014 0215fffffc040000 0 00 00000000 5 1 0 0000000000000015
0000000000000015 7cf5000000000000 0 00 00000000 5 1 0 0000000000000016
DONE retired=25 fault=00 pc=0000000000000015
