0000000000000000 0013140000004d00 1 14 0000004d 0 0 0 0000000000000001 80000001 f 80000001 0 00 80000001
0000000000000001 340005020000f000 0 00 00000000 0 0 0 0000000000000002 80000001 f 80000001 1 05 80000001
0000000000000002 10510502fffff000 0 00 00000000 0 0 0 0000000000000003 80000001 f 80000001 1 05 80000001
0000000000000003 00131500ffffff00 1 15 ffffffff 0 0 0 0000000000000004 80000001 f 80000001 0 00 80000001
0000000000000004 342002150000c000 0 00 00000000 0 0 0 0000000000000005 80000001 c 00000001 1 02 00000001
0000000000000005 103005050200f000 0 00 00000000 0 0 0 0000000000000006 80000001 f 80000001 1 05 80000001
0000000000000006 00131600aaaaaa00 1 16 ffaaaaaa 0 0 0 0000000000000007 80000001 f 80000001 0 00 80000001
0000000000000007 342002160000f000 0 00 00000000 0 0 0 0000000000000008 80000001 f 80000001 1 02 80000001
0000000000000008 108104020010f000 0 00 00000000 0 0 0 0000000000000009 80000001 f 80000001 1 04 80000001
0000000000000009 3430030000008000 0 00 00000000 0 0 0 000000000000000a 80000001 8 00000001 1 03 00000001
000000000000000a 3400050600005000 0 00 00000000 0 0 0 000000000000000b 80000001 5 80000001 1 05 80000001
000000000000000b 103002020600f000 0 00 00000000 0 0 0 000000000000000c 80000001 f 80000001 1 02 80000001
000000000000000c 103103058000f000 0 00 00000000 0 0 0 000000000000000d 80000001 f 80000001 1 03 80000001
000000000000000d 343006000000f000 0 00 00000000 0 0 0 000000000000000e 80000001 f 80000001 1 06 80000001
000000000000000e 104004020300f000 0 00 00000000 0 0 0 000000000000000f 80000001 f 80000001 1 04 80000001
000000000000000f 104005060600f000 0 00 00000000 0 0 0 0000000000000010 80000001 f 80000001 1 05 80000001
0000000000000010 1020020304004000 0 00 00000000 0 0 0 0000000000000011 80000001 4 00000000 1 02 00000000
0000000000000011 10710402001ff000 0 00 00000000 0 0 0 0000000000000012 80000001 f 80000001 1 04 80000001
0000000000000012 101004060600f000 0 00 00000000 0 0 0 0000000000000013 80000001 f 80000001 1 04 80000001
0000000000000013 34110200ffff6000 0 00 00000000 0 0 0 0000000000000014 80000001 6 80000001 1 02 80000001
0000000000000014 10610302003ff000 0 00 00000000 0 0 0 0000000000000015 80000001 f 80000001 1 03 80000001
0000000000000015 100006040600f000 0 00 00000000 0 0 0 0000000000000016 80000001 f 80000001 1 06 80000001
0000000000000016 00131600aaaaaa00 1 16 ffaaaaaa 0 0 0 0000000000000017 80000001 f 80000001 0 00 80000001
0000000000000017 342003160000f000 0 00 00000000 0 0 0 0000000000000018 80000001 f 80000001 1 03 80000001
0000000000000018 108103030021f000 0 00 00000000 0 0 0 0000000000000019 80000001 f 80000001 1 03 80000001
0000000000000019 340004050000f000 0 00 00000000 0 0 0 000000000000001a 80000001 f 80000001 1 04 80000001
000000000000001a 106104060021f000 0 00 00000000 0 0 0 000000000000001b 80000001 f 80000001 1 04 80000001
000000000000001b 107105030000f000 0 00 00000000 0 0 0 000000000000001c 80000001 f 80000001 1 05 80000001
000000000000001c 106102050000f000 0 00 00000000 0 0 0 000000000000001d 80000001 f 80000001 1 02 80000001
000000000000001d 34110500fffff000 0 00 00000000 0 0 0 000000000000001e 80000001 f 80000001 1 05 80000001
000000000000001e 0013150055555500 1 15 00555555 0 0 0 000000000000001f 80000001 f 80000001 0 00 80000001
000000000000001f 342006150000f000 0 00 00000000 0 0 0 0000000000000020 80000001 f 80000001 1 06 80000001
0000000000000020 103003050300f000 0 00 00000000 0 0 0 0000000000000021 80000001 f 80000001 1 03 80000001
0000000000000021 101002050500f000 0 00 00000000 0 0 0 0000000000000022 80000001 f 80000001 1 02 80000001
0000000000000022 105106043ba3f000 0 00 00000000 0 0 0 0000000000000023 80000001 f 80000001 1 06 80000001
0000000000000023 340003020000f000 0 00 00000000 0 0 0 0000000000000024 80000001 f 80000001 1 03 80000001
0000000000000024 00131e0000000200 1 1e 00000002 0 0 0 0000000000000025 80000001 f 80000001 0 00 80000001
0000000000000025 0023171700000100 1 17 00000001 0 0 0 0000000000000026 80000001 f 80000001 0 00 80000001
0000000000000026 00731e1e00000100 1 1e 00000001 0 0 0 0000000000000027 80000001 f 80000001 0 00 80000001
0000000000000027 0013180000000000 1 18 00000000 0 0 0 0000000000000028 80000001 f 80000001 0 00 80000001
0000000000000028 0102001e18000000 0 00 00000000 4 0 0 0000000000000029 80000001 f 80000001 0 00 80000001
0000000000000029 0215fffffb040000 0 00 00000000 4 0 1 0000000000000025 80000001 f 80000001 0 00 80000001
0000000000000025 0023171700000100 1 17 00000002 4 0 0 0000000000000026 80000001 f 80000001 0 00 80000001
0000000000000026 00731e1e00000100 1 1e 00000000 4 0 0 0000000000000027 80000001 f 80000001 0 00 80000001
0000000000000027 0013180000000000 1 18 00000000 4 0 0 0000000000000028 80000001 f 80000001 0 00 80000001
0000000000000028 0102001e18000000 0 00 00000000 5 1 0 0000000000000029 80000001 f 80000001 0 00 80000001
0000000000000029 0215fffffb040000 0 00 00000000 5 1 0 000000000000002a 80000001 f 80000001 0 00 80000001
000000000000002a 7cf5000000000000 0 00 00000000 5 1 0 000000000000002b 80000001 f 80000001 0 00 80000001
DONE retired=48 fault=00 pc=000000000000002a
