0000000000000000 0013140000004d00 1 14 0000004d 0 0 0 0000000000000001 00007fff f 00007fff 0 00 00007fff
0000000000000001 105105020001f000 0 00 00000000 0 0 0 0000000000000002 00007fff f 00007fff 1 05 00007fff
0000000000000002 343004000000f000 0 00 00000000 0 0 0 0000000000000003 00007fff f 00007fff 1 04 00007fff
0000000000000003 343002000000f000 0 00 00000000 0 0 0 0000000000000004 00007fff f 00007fff 1 02 00007fff
0000000000000004 340002020000f000 0 00 00000000 0 0 0 0000000000000005 00007fff f 00007fff 1 02 00007fff
0000000000000005 100004030500f000 0 00 00000000 0 0 0 0000000000000006 00007fff f 00007fff 1 04 00007fff
0000000000000006 106105030021f000 0 00 00000000 0 0 0 0000000000000007 00007fff f 00007fff 1 05 00007fff
0000000000000007 340004060000f000 0 00 00000000 0 0 0 0000000000000008 00007fff f 00007fff 1 04 00007fff
0000000000000008 103002060500f000 0 00 00000000 0 0 0 0000000000000009 00007fff f 00007fff 1 02 00007fff
0000000000000009 341105002082f000 0 00 00000000 0 0 0 000000000000000a 00007fff f 00007fff 1 05 00007fff
000000000000000a 340006050000f000 0 00 00000000 0 0 0 000000000000000b 00007fff f 00007fff 1 06 00007fff
000000000000000b 104006040300f000 0 00 00000000 0 0 0 000000000000000c 00007fff f 00007fff 1 06 00007fff
000000000000000c 00131500ffffff00 1 15 ffffffff 0 0 0 000000000000000d 00007fff f 00007fff 0 00 00007fff
000000000000000d 3420021500003000 0 00 00000000 0 0 0 000000000000000e 00007fff 3 00007fff 1 02 00007fff
000000000000000e 340003030000f000 0 00 00000000 0 0 0 000000000000000f 00007fff f 00007fff 1 03 00007fff
000000000000000f 343003000000f000 0 00 00000000 0 0 0 0000000000000010 00007fff f 00007fff 1 03 00007fff
0000000000000010 0013160055555500 1 16 00555555 0 0 0 0000000000000011 00007fff f 00007fff 0 00 00007fff
0000000000000011 342006160000f000 0 00 00000000 0 0 0 0000000000000012 00007fff f 00007fff 1 06 00007fff
0000000000000012 10810606001ff000 0 00 00000000 0 0 0 0000000000000013 00007fff f 00007fff 1 06 00007fff
0000000000000013 0013150000000000 1 15 00000000 0 0 0 0000000000000014 00007fff f 00007fff 0 00 00007fff
0000000000000014 3420061500003000 0 00 00000000 0 0 0 0000000000000015 00007fff 3 00007fff 1 06 00007fff
0000000000000015 103004040600f000 0 00 00000000 0 0 0 0000000000000016 00007fff f 00007fff 1 04 00007fff
0000000000000016 105003050600f000 0 00 00000000 0 0 0 0000000000000017 00007fff f 00007fff 1 03 00007fff
0000000000000017 341105007fffe000 0 00 00000000 0 0 0 0000000000000018 00007fff e 00000000 1 05 00000000
0000000000000018 100006030400f000 0 00 00000000 0 0 0 0000000000000019 00007fff f 00007fff 1 06 00007fff
0000000000000019 10510602fffff000 0 00 00000000 0 0 0 000000000000001a 00007fff f 00007fff 1 06 00007fff
000000000000001a 10710403003ff000 0 00 00000000 0 0 0 000000000000001b 00007fff f 00007fff 1 04 00007fff
000000000000001b 0013160000000100 1 16 00000001 0 0 0 000000000000001c 00007fff f 00007fff 0 00 00007fff
000000000000001c 342006160000f000 0 00 00000000 0 0 0 000000000000001d 00007fff f 00007fff 1 06 00007fff
000000000000001d 108105060020f000 0 00 00000000 0 0 0 000000000000001e 00007fff f 00007fff 1 05 00007fff
000000000000001e 00131600ffffff00 1 16 ffffffff 0 0 0 000000000000001f 00007fff f 00007fff 0 00 00007fff
000000000000001f 342002160000f000 0 00 00000000 0 0 0 0000000000000020 00007fff f 00007fff 1 02 00007fff
0000000000000020 108104020020f000 0 00 00000000 0 0 0 0000000000000021 00007fff f 00007fff 1 04 00007fff
0000000000000021 340006030000f000 0 00 00000000 0 0 0 0000000000000022 00007fff f 00007fff 1 06 00007fff
0000000000000022 10510504fffff000 0 00 00000000 0 0 0 0000000000000023 00007fff f 00007fff 1 05 00007fff
0000000000000023 343003000000f000 0 00 00000000 0 0 0 0000000000000024 00007fff f 00007fff 1 03 00007fff
0000000000000024 00131e0000000300 1 1e 00000003 0 0 0 0000000000000025 00007fff f 00007fff 0 00 00007fff
0000000000000025 0023171700000100 1 17 00000001 0 0 0 0000000000000026 00007fff f 00007fff 0 00 00007fff
0000000000000026 00731e1e00000100 1 1e 00000002 0 0 0 0000000000000027 00007fff f 00007fff 0 00 00007fff
0000000000000027 0013180000000000 1 18 00000000 0 0 0 0000000000000028 00007fff f 00007fff 0 00 00007fff
0000000000000028 0102001e18000000 0 00 00000000 4 0 0 0000000000000029 00007fff f 00007fff 0 00 00007fff
0000000000000029 0215fffffb040000 0 00 00000000 4 0 1 0000000000000025 00007fff f 00007fff 0 00 00007fff
0000000000000025 0023171700000100 1 17 00000002 4 0 0 0000000000000026 00007fff f 00007fff 0 00 00007fff
0000000000000026 00731e1e00000100 1 1e 00000001 4 0 0 0000000000000027 00007fff f 00007fff 0 00 00007fff
0000000000000027 0013180000000000 1 18 00000000 4 0 0 0000000000000028 00007fff f 00007fff 0 00 00007fff
0000000000000028 0102001e18000000 0 00 00000000 4 0 0 0000000000000029 00007fff f 00007fff 0 00 00007fff
0000000000000029 0215fffffb040000 0 00 00000000 4 0 1 0000000000000025 00007fff f 00007fff 0 00 00007fff
0000000000000025 0023171700000100 1 17 00000003 4 0 0 0000000000000026 00007fff f 00007fff 0 00 00007fff
0000000000000026 00731e1e00000100 1 1e 00000000 4 0 0 0000000000000027 00007fff f 00007fff 0 00 00007fff
0000000000000027 0013180000000000 1 18 00000000 4 0 0 0000000000000028 00007fff f 00007fff 0 00 00007fff
0000000000000028 0102001e18000000 0 00 00000000 5 1 0 0000000000000029 00007fff f 00007fff 0 00 00007fff
0000000000000029 0215fffffb040000 0 00 00000000 5 1 0 000000000000002a 00007fff f 00007fff 0 00 00007fff
000000000000002a 7cf5000000000000 0 00 00000000 5 1 0 000000000000002b 00007fff f 00007fff 0 00 00007fff
DONE retired=53 fault=00 pc=000000000000002a
