0000000000000000 0013140000004d00 1 14 0000004d 0 0 0 0000000000000001 302afb39 f 302afb39 0 00 302afb39
0000000000000001 106105020020f000 0 00 00000000 0 0 0 0000000000000002 302afb39 f 302afb39 1 05 302afb39
0000000000000002 10610606000ff000 0 00 00000000 0 0 0 0000000000000003 302afb39 f 302afb39 1 06 302afb39
0000000000000003 341104007ffff000 0 00 00000000 0 0 0 0000000000000004 302afb39 f 302afb39 1 04 302afb39
0000000000000004 100003030600f000 0 00 00000000 0 0 0 0000000000000005 302afb39 f 302afb39 1 03 302afb39
0000000000000005 10710505001ff000 0 00 00000000 0 0 0 0000000000000006 302afb39 f 302afb39 1 05 302afb39
0000000000000006 10610302000ff000 0 00 00000000 0 0 0 0000000000000007 302afb39 f 302afb39 1 03 302afb39
0000000000000007 3400030400001000 0 00 00000000 0 0 0 0000000000000008 302afb39 1 00000001 1 03 00000001
0000000000000008 103102067ffff000 0 00 00000000 0 0 0 0000000000000009 302afb39 f 302afb39 1 02 302afb39
0000000000000009 00131e0000000300 1 1e 00000003 0 0 0 000000000000000a 302afb39 f 302afb39 0 00 302afb39
000000000000000a 0023171700000100 1 17 00000001 0 0 0 000000000000000b 302afb39 f 302afb39 0 00 302afb39
000000000000000b 00731e1e00000100 1 1e 00000002 0 0 0 000000000000000c 302afb39 f 302afb39 0 00 302afb39
000000000000000c 0013180000000000 1 18 00000000 0 0 0 000000000000000d 302afb39 f 302afb39 0 00 302afb39
000000000000000d 0102001e18000000 0 00 00000000 4 0 0 000000000000000e 302afb39 f 302afb39 0 00 302afb39
000000000000000e 0215fffffb040000 0 00 00000000 4 0 1 000000000000000a 302afb39 f 302afb39 0 00 302afb39
000000000000000a 0023171700000100 1 17 00000002 4 0 0 000000000000000b 302afb39 f 302afb39 0 00 302afb39
000000000000000b 00731e1e00000100 1 1e 00000001 4 0 0 000000000000000c 302afb39 f 302afb39 0 00 302afb39
000000000000000c 0013180000000000 1 18 00000000 4 0 0 000000000000000d 302afb39 f 302afb39 0 00 302afb39
000000000000000d 0102001e18000000 0 00 00000000 4 0 0 000000000000000e 302afb39 f 302afb39 0 00 302afb39
000000000000000e 0215fffffb040000 0 00 00000000 4 0 1 000000000000000a 302afb39 f 302afb39 0 00 302afb39
000000000000000a 0023171700000100 1 17 00000003 4 0 0 000000000000000b 302afb39 f 302afb39 0 00 302afb39
000000000000000b 00731e1e00000100 1 1e 00000000 4 0 0 000000000000000c 302afb39 f 302afb39 0 00 302afb39
000000000000000c 0013180000000000 1 18 00000000 4 0 0 000000000000000d 302afb39 f 302afb39 0 00 302afb39
000000000000000d 0102001e18000000 0 00 00000000 5 1 0 000000000000000e 302afb39 f 302afb39 0 00 302afb39
000000000000000e 0215fffffb040000 0 00 00000000 5 1 0 000000000000000f 302afb39 f 302afb39 0 00 302afb39
000000000000000f 7cf5000000000000 0 00 00000000 5 1 0 0000000000000010 302afb39 f 302afb39 0 00 302afb39
DONE retired=26 fault=00 pc=000000000000000f
