0000000000000000 343001000000f000 0 00 00000000 0 0 0 0 0 0 0000000000000001 ffffffff f ffffffff 1 01
0000000000000001 341107000001f000 0 00 00000000 0 0 0 0 0 0 0000000000000002 ffffffff f ffffffff 1 07
0000000000000002 34110c000003f000 0 00 00000000 0 0 0 0 0 0 0000000000000003 ffffffff f ffffffff 1 0c
0000000000000003 34110d000000f000 0 00 00000000 0 0 0 0 0 0 0000000000000004 ffffffff f ffffffff 1 0d
0000000000000004 10300c010d00f000 0 00 00000000 0 0 0 0 0 0 0000000000000005 ffffffff f ffffffff 1 0c
0000000000000005 10000c0c0700f000 0 00 00000000 0 0 0 0 0 0 0000000000000006 ffffffff f ffffffff 1 0c
0000000000000006 34110a000000f000 0 00 00000000 0 0 0 0 0 0 0000000000000007 ffffffff f ffffffff 1 0a
0000000000000007 7c85000005000000 0 00 00000000 0 0 0 0 0 0 0000000000000008 ffffffff f ffffffff 0 00
0000000000000008 3059e0a0c0000000 0 00 00000000 0 0 0 0 0 0 0000000000000009 ffffffff f ffffffff 0 00
0000000000000009 3029d0a0c0000000 0 00 00000000 0 0 0 0 0 0 000000000000000a ffffffff f ffffffff 0 00
000000000000000a 34110500000cf000 0 00 00000000 0 0 0 0 0 0 000000000000000b ffffffff f ffffffff 1 05
000000000000000b 7cb5000000e00000 0 00 00000000 0 0 0 0 0 0 000000000000000c ffffffff f ffffffff 0 00
000000000000000c 10000a0a0700f000 0 00 00000000 0 0 0 0 0 0 000000000000000d ffffffff f ffffffff 1 0a
000000000000000d 7c95fffffad00000 0 00 00000000 0 0 0 0 0 0 0000000000000008 ffffffff f ffffffff 0 00
0000000000000008 3059e0a0c0000000 0 00 00000000 0 0 0 0 0 0 0000000000000009 ffffffff f ffffffff 0 00
0000000000000009 3029d0a0c0000000 0 00 00000000 0 0 0 0 0 0 000000000000000a ffffffff f ffffffff 0 00
000000000000000a 34110500000cf000 0 00 00000000 0 0 0 0 0 0 000000000000000b ffffffff f ffffffff 1 05
000000000000000d 7cb5000000e00000 0 00 00000000 0 0 0 0 0 0 000000000000000c 00000000 f 00000000 0 00
000000000000000d 7c95fffffad00000 0 00 00000000 0 0 0 0 0 0 000000000000000e ffffffff f ffffffff 0 00
000000000000000e 305900b0c0000000 0 00 00000000 0 0 0 0 0 0 000000000000000f ffffffff f ffffffff 0 00
000000000000000f 7c15000014000023 0 00 00000000 0 0 0 0 0 0 0000000000000024 ffffffff f ffffffff 0 00
0000000000000024 34110d000000f000 0 00 00000000 0 0 0 0 0 0 0000000000000025 ffffffff f ffffffff 1 0d
0000000000000025 10300c010d00f000 0 00 00000000 0 0 0 0 0 0 0000000000000026 ffffffff f ffffffff 1 0c
0000000000000026 10000c0c0700f000 0 00 00000000 0 0 0 0 0 0 0000000000000027 ffffffff f ffffffff 1 0c
0000000000000027 34110a000000f000 0 00 00000000 0 0 0 0 0 0 0000000000000028 ffffffff f ffffffff 1 0a
0000000000000028 7c85000008000000 0 00 00000000 0 0 0 0 0 0 0000000000000029 ffffffff f ffffffff 0 00
0000000000000029 3059e0a0c0000000 0 00 00000000 0 0 0 0 0 0 000000000000002a ffffffff f ffffffff 0 00
000000000000002a 3029d0a0c0000000 0 00 00000000 0 0 0 0 0 0 000000000000002b ffffffff f ffffffff 0 00
000000000000002b 302990b070000000 0 00 00000000 0 0 0 0 0 0 000000000000002c ffffffff f ffffffff 0 00
000000000000002c 7c15000000900001 0 00 00000000 0 0 0 0 0 0 000000000000002d ffffffff f ffffffff 0 00
000000000000002d 101005050400f000 0 00 00000000 0 0 0 0 0 0 000000000000002e ffffffff f ffffffff 1 05
000000000000002e 7c25000000000000 0 00 00000000 0 0 0 0 0 0 000000000000002f ffffffff f ffffffff 0 00
000000000000002f 7cb5000000e00000 0 00 00000000 0 0 0 0 0 0 0000000000000030 ffffffff f ffffffff 0 00
0000000000000030 10000a0a0700f000 0 00 00000000 0 0 0 0 0 0 0000000000000031 ffffffff f ffffffff 1 0a
0000000000000031 7c95fffff7d00000 0 00 00000000 0 0 0 0 0 0 0000000000000029 ffffffff f ffffffff 0 00
0000000000000029 3059e0a0c0000000 0 00 00000000 0 0 0 0 0 0 000000000000002a ffffffff f ffffffff 0 00
000000000000002a 3029d0a0c0000000 0 00 00000000 0 0 0 0 0 0 000000000000002b ffffffff f ffffffff 0 00
000000000000002b 302990b070000000 0 00 00000000 0 0 0 0 0 0 000000000000002c ffffffff f ffffffff 0 00
000000000000002c 7c15000000900001 0 00 00000000 0 0 0 0 0 0 000000000000002d ffffffff f ffffffff 0 00
000000000000002d 101005050400f000 0 00 00000000 0 0 0 0 0 0 000000000000002e ffffffff f ffffffff 1 05
000000000000002e 7c25000000000000 0 00 00000000 0 0 0 0 0 0 000000000000002f ffffffff f ffffffff 0 00
0000000000000031 7cb5000000e00000 0 00 00000000 0 0 0 0 0 0 0000000000000030 00000000 f 00000000 0 00
0000000000000031 7c95fffff7d00000 0 00 00000000 0 0 0 0 0 0 0000000000000032 ffffffff f ffffffff 0 00
0000000000000032 10000c030c00f000 0 00 00000000 0 0 0 0 0 0 0000000000000033 ffffffff f ffffffff 1 0c
0000000000000033 7c25000000000000 0 00 00000000 0 0 0 0 0 0 0000000000000034 ffffffff f ffffffff 0 00
0000000000000034 7cf5000000000000 0 00 00000000 0 0 0 0 0 0 0000000000000035 ffffffff f ffffffff 0 00
