0000000000000000 0013140000004d00 1 14 0000004d 0 0 0 0000000000000001 6178fa4a f 6178fa4a 0 00 6178fa4a
0000000000000001 104102028000f000 0 00 00000000 0 0 0 0000000000000002 6178fa4a f 6178fa4a 1 02 6178fa4a
0000000000000002 343005000000f000 0 00 00000000 0 0 0 0000000000000003 6178fa4a f 6178fa4a 1 05 6178fa4a
0000000000000003 107102020020f000 0 00 00000000 0 0 0 0000000000000004 6178fa4a f 6178fa4a 1 02 6178fa4a
0000000000000004 102006040600f000 0 00 00000000 0 0 0 0000000000000005 6178fa4a f 6178fa4a 1 06 6178fa4a
0000000000000005 1000060504005000 0 00 00000000 0 0 0 0000000000000006 6178fa4a 5 6178fa4a 1 06 6178fa4a
0000000000000006 103005020500f000 0 00 00000000 0 0 0 0000000000000007 6178fa4a f 6178fa4a 1 05 6178fa4a
0000000000000007 3400030300002000 0 00 00000000 0 0 0 0000000000000008 6178fa4a 2 00000000 1 03 00000000
0000000000000008 106103040003f000 0 00 00000000 0 0 0 0000000000000009 6178fa4a f 6178fa4a 1 03 6178fa4a
0000000000000009 0013150000000000 1 15 00000000 0 0 0 000000000000000a 6178fa4a f 6178fa4a 0 00 6178fa4a
000000000000000a 342005150000f000 0 00 00000000 0 0 0 000000000000000b 6178fa4a f 6178fa4a 1 05 6178fa4a
000000000000000b 341104000000c000 0 00 00000000 0 0 0 000000000000000c 6178fa4a c 6178fa4a 1 04 6178fa4a
000000000000000c 34110200fffff000 0 00 00000000 0 0 0 000000000000000d 6178fa4a f 6178fa4a 1 02 6178fa4a
000000000000000d 102005040500f000 0 00 00000000 0 0 0 000000000000000e 6178fa4a f 6178fa4a 1 05 6178fa4a
000000000000000e 0013150055555500 1 15 00555555 0 0 0 000000000000000f 6178fa4a f 6178fa4a 0 00 6178fa4a
000000000000000f 342004150000f000 0 00 00000000 0 0 0 0000000000000010 6178fa4a f 6178fa4a 1 04 6178fa4a
0000000000000010 00131500ffffff00 1 15 ffffffff 0 0 0 0000000000000011 6178fa4a f 6178fa4a 0 00 6178fa4a
0000000000000011 342003150000f000 0 00 00000000 0 0 0 0000000000000012 6178fa4a f 6178fa4a 1 03 6178fa4a
0000000000000012 107105060010f000 0 00 00000000 0 0 0 0000000000000013 6178fa4a f 6178fa4a 1 05 6178fa4a
0000000000000013 107105040026f000 0 00 00000000 0 0 0 0000000000000014 6178fa4a f 6178fa4a 1 05 6178fa4a
0000000000000014 100006030500f000 0 00 00000000 0 0 0 0000000000000015 6178fa4a f 6178fa4a 1 06 6178fa4a
0000000000000015 100005020400f000 0 00 00000000 0 0 0 0000000000000016 6178fa4a f 6178fa4a 1 05 6178fa4a
0000000000000016 0013160000000000 1 16 00000000 0 0 0 0000000000000017 6178fa4a f 6178fa4a 0 00 6178fa4a
0000000000000017 342005160000f000 0 00 00000000 0 0 0 0000000000000018 6178fa4a f 6178fa4a 1 05 6178fa4a
0000000000000018 108102050020f000 0 00 00000000 0 0 0 0000000000000019 6178fa4a f 6178fa4a 1 02 6178fa4a
0000000000000019 100104040000f000 0 00 00000000 0 0 0 000000000000001a 6178fa4a f 6178fa4a 1 04 6178fa4a
000000000000001a 102003040500f000 0 00 00000000 0 0 0 000000000000001b 6178fa4a f 6178fa4a 1 03 6178fa4a
000000000000001b 340006040000f000 0 00 00000000 0 0 0 000000000000001c 6178fa4a f 6178fa4a 1 06 6178fa4a
000000000000001c 00131e0000000100 1 1e 00000001 0 0 0 000000000000001d 6178fa4a f 6178fa4a 0 00 6178fa4a
000000000000001d 0023171700000100 1 17 00000001 0 0 0 000000000000001e 6178fa4a f 6178fa4a 0 00 6178fa4a
000000000000001e 00731e1e00000100 1 1e 00000000 0 0 0 000000000000001f 6178fa4a f 6178fa4a 0 00 6178fa4a
000000000000001f 0013180000000000 1 18 00000000 0 0 0 0000000000000020 6178fa4a f 6178fa4a 0 00 6178fa4a
0000000000000020 0102001e18000000 0 00 00000000 5 1 0 0000000000000021 6178fa4a f 6178fa4a 0 00 6178fa4a
0000000000000021 0215fffffb040000 0 00 00000000 5 1 0 0000000000000022 6178fa4a f 6178fa4a 0 00 6178fa4a
0000000000000022 7cf5000000000000 0 00 00000000 5 1 0 0000000000000023 6178fa4a f 6178fa4a 0 00 6178fa4a
DONE retired=35 fault=00 pc=0000000000000022
