0000000000000000 00131d0000000000 1 1d 00000000 0 0 0 0000000000000001
0000000000000001 00230b08d5278500 1 0b ffd52785 0 0 0 0000000000000002
0000000000000002 0052110b0d000000 1 11 ffd52785 0 0 0 0000000000000003
0000000000000003 0112000804000000 0 00 00000000 5 0 0 0000000000000004
0000000000000004 0215000001030000 0 00 00000000 5 0 1 0000000000000006
0000000000000006 0042061114000000 1 06 00000000 5 0 0 0000000000000007
0000000000000007 0306000000001200 1 12 00000000 5 0 0 0000000000000008
0000000000000008 8506000000000000 0 00 00000000 5 0 0 0000000000000009
0000000000000009 0092050d00000000 1 05 ffffffff 5 0 0 000000000000000a
000000000000000a 8506000000000000 0 00 00000000 5 0 0 000000000000000b
000000000000000b 00130900ec7c0300 1 09 ffec7c03 5 0 0 000000000000000c
000000000000000c 00130700a510f800 1 07 ffa510f8 5 0 0 000000000000000d
000000000000000d 00a2090705000000 1 09 00000001 5 0 0 000000000000000e
000000000000000e 00130600fd518e00 1 06 fffd518e 5 0 0 000000000000000f
000000000000000f 003212060e000000 1 12 00000000 5 0 0 0000000000000010
0000000000000010 8506000000000000 0 00 00000000 5 0 0 0000000000000011
0000000000000011 0023030cc6d5fc00 1 03 ffc6d5fc 5 0 0 0000000000000012
0000000000000012 00b30f0900000900 1 0f 00000000 5 0 0 0000000000000013
0000000000000013 00130f00d3198d00 1 0f ffd3198d 5 0 0 0000000000000014
0000000000000014 8506000000000000 0 00 00000000 5 0 0 0000000000000015
0000000000000015 8506000000000000 0 00 00000000 5 0 0 0000000000000016
0000000000000016 8506000000000000 0 00 00000000 5 0 0 0000000000000017
0000000000000017 00b2010107000000 1 01 00000000 5 0 0 0000000000000018
0000000000000018 8506000000000000 0 00 00000000 5 0 0 0000000000000019
0000000000000019 0032070512000000 1 07 00000000 5 0 0 000000000000001a
000000000000001a 00720d0a04000000 1 0d 00000000 5 0 0 000000000000001b
000000000000001b 00130900e5e8be00 1 09 ffe5e8be 5 0 0 000000000000001c
000000000000001c 001310005676fc00 1 10 005676fc 5 0 0 000000000000001d
000000000000001d 0092140800000000 1 14 ffffffff 5 0 0 000000000000001e
000000000000001e 00320d1409000000 1 0d 001a1742 5 0 0 000000000000001f
000000000000001f 0032140401000000 1 14 00000000 5 0 0 0000000000000020
0000000000000020 8506000000000000 0 00 00000000 5 0 0 0000000000000021
0000000000000021 0092140400000000 1 14 ffffffff 5 0 0 0000000000000022
0000000000000022 8506000000000000 0 00 00000000 5 0 0 0000000000000023
0000000000000023 00220b120c000000 1 0b 00000000 5 0 0 0000000000000024
0000000000000024 8506000000000000 0 00 00000000 5 0 0 0000000000000025
0000000000000025 00131e0000000200 1 1e 00000002 5 0 0 0000000000000026
0000000000000026 0023151500000100 1 15 00000001 5 0 0 0000000000000027
0000000000000027 00731e1e00000100 1 1e 00000001 5 0 0 0000000000000028
0000000000000028 0102001e1d000000 0 00 00000000 4 0 0 0000000000000029
0000000000000029 0215fffffc040000 0 00 00000000 4 0 1 0000000000000026
0000000000000026 0023151500000100 1 15 00000002 4 0 0 0000000000000027
0000000000000027 00731e1e00000100 1 1e 00000000 4 0 0 0000000000000028
0000000000000028 0102001e1d000000 0 00 00000000 5 1 0 0000000000000029
0000000000000029 0215fffffc040000 0 00 00000000 5 1 0 000000000000002a
000000000000002a 7cf5000000000000 0 00 00000000 5 1 0 000000000000002b
DONE retired=46 fault=00 pc=000000000000002a
