0000000000000000 00131d0000000000 1 1d 00000000 0 0 0 0000000000000001
0000000000000001 00730a1100000000 1 0a 00000000 0 0 0 0000000000000002
0000000000000002 0112000b13000000 0 00 00000000 5 0 0 0000000000000003
0000000000000003 02150000010d0000 0 00 00000000 5 0 0 0000000000000004
0000000000000004 8506000000000000 0 00 00000000 5 0 0 0000000000000005
0000000000000005 0013050000000000 1 05 00000000 5 0 0 0000000000000006
0000000000000006 00920b1400000000 1 0b ffffffff 5 0 0 0000000000000007
0000000000000007 0122000908000000 0 00 00000000 5 0 0 0000000000000008
0000000000000008 0215000002010000 0 00 00000000 5 0 0 0000000000000009
0000000000000009 8506000000000000 0 00 00000000 5 0 0 000000000000000a
000000000000000a 8506000000000000 0 00 00000000 5 0 0 000000000000000b
000000000000000b 0102000f03000000 0 00 00000000 5 1 0 000000000000000c
000000000000000c 02150000030d0000 0 00 00000000 5 1 0 000000000000000d
000000000000000d 8506000000000000 0 00 00000000 5 1 0 000000000000000e
000000000000000e 8506000000000000 0 00 00000000 5 1 0 000000000000000f
000000000000000f 8506000000000000 0 00 00000000 5 1 0 0000000000000010
0000000000000010 0306000000000b00 1 0b 00000000 5 1 0 0000000000000011
0000000000000011 00130e0000000100 1 0e 00000001 5 1 0 0000000000000012
0000000000000012 0122000810000000 0 00 00000000 5 0 0 0000000000000013
0000000000000013 0215000001030000 0 00 00000000 5 0 1 0000000000000015
0000000000000015 0062080413000000 1 08 00000000 5 0 0 0000000000000016
0000000000000016 0042101412000000 1 10 00000000 5 0 0 0000000000000017
0000000000000017 8506000000000000 0 00 00000000 5 0 0 0000000000000018
0000000000000018 0112001208000000 0 00 00000000 5 0 0 0000000000000019
0000000000000019 02150000030c0000 0 00 00000000 5 0 1 000000000000001d
000000000000001d 00620c1306000000 1 0c 00000000 5 0 0 000000000000001e
000000000000001e 002303093c46c000 1 03 003c46c0 5 0 0 000000000000001f
000000000000001f 8506000000000000 0 00 00000000 5 0 0 0000000000000020
0000000000000020 0092030100000000 1 03 ffffffff 5 0 0 0000000000000021
0000000000000021 0306000000001200 1 12 00000000 5 0 0 0000000000000022
0000000000000022 0013110000000100 1 11 00000001 5 0 0 0000000000000023
0000000000000023 8506000000000000 0 00 00000000 5 0 0 0000000000000024
0000000000000024 0306000000000200 1 02 00000000 5 0 0 0000000000000025
0000000000000025 00130500e4d18700 1 05 ffe4d187 5 0 0 0000000000000026
0000000000000026 00220f0c03000000 1 0f ffffffff 5 0 0 0000000000000027
0000000000000027 0102000410000000 0 00 00000000 5 1 0 0000000000000028
0000000000000028 02150000010c0000 0 00 00000000 5 1 1 000000000000002a
000000000000002a 001303007bb17200 1 03 007bb172 5 1 0 000000000000002b
000000000000002b 00420b0406000000 1 0b 00000000 5 1 0 000000000000002c
000000000000002c 00730d143b18f900 1 0d ffc4e707 5 1 0 000000000000002d
000000000000002d 00b3100e00001500 1 10 00000000 5 1 0 000000000000002e
000000000000002e 0306000000000600 1 06 00000000 5 1 0 000000000000002f
000000000000002f 00230e02c2081400 1 0e ffc20814 5 1 0 0000000000000030
0000000000000030 00131e0000000100 1 1e 00000001 5 1 0 0000000000000031
0000000000000031 0023151500000100 1 15 00000001 5 1 0 0000000000000032
0000000000000032 00731e1e00000100 1 1e 00000000 5 1 0 0000000000000033
0000000000000033 0102001e1d000000 0 00 00000000 5 1 0 0000000000000034
0000000000000034 0215fffffc040000 0 00 00000000 5 1 0 0000000000000035
0000000000000035 7cf5000000000000 0 00 00000000 5 1 0 0000000000000036
DONE retired=49 fault=00 pc=0000000000000035
