0000000000000000 00131d0000000000 1 1d 00000000 0 0 0 0000000000000001
0000000000000001 8506000000000000 0 00 00000000 0 0 0 0000000000000002
0000000000000002 00130100ffffff00 1 01 ffffffff 0 0 0 0000000000000003
0000000000000003 8506000000000000 0 00 00000000 0 0 0 0000000000000004
0000000000000004 0052081013000000 1 08 00000000 0 0 0 0000000000000005
0000000000000005 00130b00d1a0ba00 1 0b ffd1a0ba 0 0 0 0000000000000006
0000000000000006 0032110f0b000000 1 11 00000000 0 0 0 0000000000000007
0000000000000007 0306000000000600 1 06 00000000 0 0 0 0000000000000008
0000000000000008 0102000f11000000 0 00 00000000 5 1 0 0000000000000009
0000000000000009 0215000003020000 0 00 00000000 5 1 0 000000000000000a
000000000000000a 8506000000000000 0 00 00000000 5 1 0 000000000000000b
000000000000000b 8506000000000000 0 00 00000000 5 1 0 000000000000000c
000000000000000c 8506000000000000 0 00 00000000 5 1 0 000000000000000d
000000000000000d 00a20a0d10000000 1 0a 00000000 5 1 0 000000000000000e
000000000000000e 0013140055555500 1 14 00555555 5 1 0 000000000000000f
000000000000000f 8506000000000000 0 00 00000000 5 1 0 0000000000000010
0000000000000010 0122000902000000 0 00 00000000 5 0 0 0000000000000011
0000000000000011 02150000010b0000 0 00 00000000 5 0 0 0000000000000012
0000000000000012 8506000000000000 0 00 00000000 5 0 0 0000000000000013
0000000000000013 00920f0500000000 1 0f ffffffff 5 0 0 0000000000000014
0000000000000014 00230a0b9dd82200 1 0a ff6f78dc 5 0 0 0000000000000015
0000000000000015 00131e0000000300 1 1e 00000003 5 0 0 0000000000000016
0000000000000016 0023151500000100 1 15 00000001 5 0 0 0000000000000017
0000000000000017 00731e1e00000100 1 1e 00000002 5 0 0 0000000000000018
0000000000000018 0102001e1d000000 0 00 00000000 4 0 0 0000000000000019
0000000000000019 0215fffffc040000 0 00 00000000 4 0 1 0000000000000016
0000000000000016 0023151500000100 1 15 00000002 4 0 0 0000000000000017
0000000000000017 00731e1e00000100 1 1e 00000001 4 0 0 0000000000000018
0000000000000018 0102001e1d000000 0 00 00000000 4 0 0 0000000000000019
0000000000000019 0215fffffc040000 0 00 00000000 4 0 1 0000000000000016
0000000000000016 0023151500000100 1 15 00000003 4 0 0 0000000000000017
0000000000000017 00731e1e00000100 1 1e 00000000 4 0 0 0000000000000018
0000000000000018 0102001e1d000000 0 00 00000000 5 1 0 0000000000000019
0000000000000019 0215fffffc040000 0 00 00000000 5 1 0 000000000000001a
000000000000001a 7cf5000000000000 0 00 00000000 5 1 0 000000000000001b
DONE retired=35 fault=00 pc=000000000000001a
