0000000000000000 00131d0000000000 1 1d 00000000 0 0 0 0000000000000001
0000000000000001 0102000f0d000000 0 00 00000000 5 1 0 0000000000000002
0000000000000002 02150000020e0000 0 00 00000000 5 1 1 0000000000000005
0000000000000005 8506000000000000 0 00 00000000 5 1 0 0000000000000006
0000000000000006 0102000614000000 0 00 00000000 5 1 0 0000000000000007
0000000000000007 02150000030b0000 0 00 00000000 5 1 0 0000000000000008
0000000000000008 8506000000000000 0 00 00000000 5 1 0 0000000000000009
0000000000000009 8506000000000000 0 00 00000000 5 1 0 000000000000000a
000000000000000a 8506000000000000 0 00 00000000 5 1 0 000000000000000b
000000000000000b 0122000110000000 0 00 00000000 5 0 0 000000000000000c
000000000000000c 02150000030e0000 0 00 00000000 5 0 1 0000000000000010
0000000000000010 00b3030200000100 1 03 00000000 5 0 0 0000000000000011
0000000000000011 00820a0805000000 1 0a 00000000 5 0 0 0000000000000012
0000000000000012 00130300ffffff00 1 03 ffffffff 5 0 0 0000000000000013
0000000000000013 0082130d13000000 1 13 00000000 5 0 0 0000000000000014
0000000000000014 004205100a000000 1 05 00000000 5 0 0 0000000000000015
0000000000000015 0072010703000000 1 01 00000001 5 0 0 0000000000000016
0000000000000016 00a20a110f000000 1 0a 00000000 5 0 0 0000000000000017
0000000000000017 0092011200000000 1 01 ffffffff 5 0 0 0000000000000018
0000000000000018 0122000407000000 0 00 00000000 5 0 0 0000000000000019
0000000000000019 02150000010e0000 0 00 00000000 5 0 1 000000000000001b
000000000000001b 00130d0000000000 1 0d 00000000 5 0 0 000000000000001c
000000000000001c 0092120b00000000 1 12 ffffffff 5 0 0 000000000000001d
000000000000001d 0092050300000000 1 05 00000000 5 0 0 000000000000001e
000000000000001e 0122000110000000 0 00 00000000 6 0 0 000000000000001f
000000000000001f 0215000003010000 0 00 00000000 6 0 0 0000000000000020
0000000000000020 8506000000000000 0 00 00000000 6 0 0 0000000000000021
0000000000000021 8506000000000000 0 00 00000000 6 0 0 0000000000000022
0000000000000022 8506000000000000 0 00 00000000 6 0 0 0000000000000023
0000000000000023 00a3070500001100 1 07 00000000 6 0 0 0000000000000024
0000000000000024 0102000603000000 0 00 00000000 0 0 0 0000000000000025
0000000000000025 02150000010b0000 0 00 00000000 0 0 0 0000000000000026
0000000000000026 8506000000000000 0 00 00000000 0 0 0 0000000000000027
0000000000000027 00130200bfe63200 1 02 ffbfe632 0 0 0 0000000000000028
0000000000000028 0092011200000000 1 01 00000000 0 0 0 0000000000000029
0000000000000029 0306000000000c00 1 0c 00000000 0 0 0 000000000000002a
000000000000002a 0022031302000000 1 03 ffbfe632 0 0 0 000000000000002b
000000000000002b 0013140000000100 1 14 00000001 0 0 0 000000000000002c
000000000000002c 8506000000000000 0 00 00000000 0 0 0 000000000000002d
000000000000002d 00731309aaaaaa00 1 13 00555556 0 0 0 000000000000002e
000000000000002e 0306000000000b00 1 0b 00000000 0 0 0 000000000000002f
000000000000002f 00720e050a000000 1 0e 00000000 0 0 0 0000000000000030
0000000000000030 0112000305000000 0 00 00000000 6 1 0 0000000000000031
0000000000000031 0215000001030000 0 00 00000000 6 1 0 0000000000000032
0000000000000032 8506000000000000 0 00 00000000 6 1 0 0000000000000033
0000000000000033 0092130700000000 1 13 ffffffff 6 1 0 0000000000000034
0000000000000034 0073120ed2ff8400 1 12 002d007c 6 1 0 0000000000000035
0000000000000035 00520b0206000000 1 0b ffbfe632 6 1 0 0000000000000036
0000000000000036 00131e0000000200 1 1e 00000002 6 1 0 0000000000000037
0000000000000037 0023151500000100 1 15 00000001 6 1 0 0000000000000038
0000000000000038 00731e1e00000100 1 1e 00000001 6 1 0 0000000000000039
0000000000000039 0102001e1d000000 0 00 00000000 4 0 0 000000000000003a
000000000000003a 0215fffffc040000 0 00 00000000 4 0 1 0000000000000037
0000000000000037 0023151500000100 1 15 00000002 4 0 0 0000000000000038
0000000000000038 00731e1e00000100 1 1e 00000000 4 0 0 0000000000000039
0000000000000039 0102001e1d000000 0 00 00000000 5 1 0 000000000000003a
000000000000003a 0215fffffc040000 0 00 00000000 5 1 0 000000000000003b
000000000000003b 7cf5000000000000 0 00 00000000 5 1 0 000000000000003c
DONE retired=58 fault=00 pc=000000000000003b
