0000000000000000 00131d0000000000 1 1d 00000000 0 0 0 0000000000000001
0000000000000001 00a206020e000000 1 06 00000000 0 0 0 0000000000000002
0000000000000002 0306000000000200 1 02 00000000 0 0 0 0000000000000003
0000000000000003 00730a0e90140e00 1 0a 006febf2 0 0 0 0000000000000004
0000000000000004 0072040d0b000000 1 04 00000000 0 0 0 0000000000000005
0000000000000005 0013070000000000 1 07 00000000 0 0 0 0000000000000006
0000000000000006 00130f000eb19800 1 0f 000eb198 0 0 0 0000000000000007
0000000000000007 0112001312000000 0 00 00000000 5 0 0 0000000000000008
0000000000000008 0215000003020000 0 00 00000000 5 0 1 000000000000000c
000000000000000c 8506000000000000 0 00 00000000 5 0 0 000000000000000d
000000000000000d 00230806969a6300 1 08 ff969a63 5 0 0 000000000000000e
000000000000000e 010200130f000000 0 00 00000000 2 0 0 000000000000000f
000000000000000f 0215000001030000 0 00 00000000 2 0 0 0000000000000010
0000000000000010 8506000000000000 0 00 00000000 2 0 0 0000000000000011
0000000000000011 00b2020208000000 1 02 00000000 2 0 0 0000000000000012
0000000000000012 00b2141010000000 1 14 00000000 2 0 0 0000000000000013
0000000000000013 00a3131000000f00 1 13 00000000 2 0 0 0000000000000014
0000000000000014 0073060878092f00 1 06 ff1e9134 2 0 0 0000000000000015
0000000000000015 00a3051000001700 1 05 00000000 2 0 0 0000000000000016
0000000000000016 0013020000000000 1 02 00000000 2 0 0 0000000000000017
0000000000000017 003214070e000000 1 14 00000000 2 0 0 0000000000000018
0000000000000018 0022030302000000 1 03 00000000 2 0 0 0000000000000019
0000000000000019 0013040027300e00 1 04 0027300e 2 0 0 000000000000001a
000000000000001a 0052020e10000000 1 02 00000000 2 0 0 000000000000001b
000000000000001b 8506000000000000 0 00 00000000 2 0 0 000000000000001c
000000000000001c 00a3030300001a00 1 03 00000000 2 0 0 000000000000001d
000000000000001d 0013080004935600 1 08 00049356 2 0 0 000000000000001e
000000000000001e 00131e0000000200 1 1e 00000002 2 0 0 000000000000001f
000000000000001f 0023151500000100 1 15 00000001 2 0 0 0000000000000020
0000000000000020 00731e1e00000100 1 1e 00000001 2 0 0 0000000000000021
0000000000000021 0102001e1d000000 0 00 00000000 4 0 0 0000000000000022
0000000000000022 0215fffffc040000 0 00 00000000 4 0 1 000000000000001f
000000000000001f 0023151500000100 1 15 00000002 4 0 0 0000000000000020
0000000000000020 00731e1e00000100 1 1e 00000000 4 0 0 0000000000000021
0000000000000021 0102001e1d000000 0 00 00000000 5 1 0 0000000000000022
0000000000000022 0215fffffc040000 0 00 00000000 5 1 0 0000000000000023
0000000000000023 7cf5000000000000 0 00 00000000 5 1 0 0000000000000024
DONE retired=37 fault=00 pc=0000000000000023
