0000000000000000 0013140000004d00 1 14 0000004d 0 0 0 0000000000000001 003fffff f 003fffff 0 00 003fffff
0000000000000001 343002000000f000 0 00 00000000 0 0 0 0000000000000002 003fffff f 003fffff 1 02 003fffff
0000000000000002 101102047ffff000 0 00 00000000 0 0 0 0000000000000003 003fffff f 003fffff 1 02 003fffff
0000000000000003 340003060000f000 0 00 00000000 0 0 0 0000000000000004 003fffff f 003fffff 1 03 003fffff
0000000000000004 103004040500f000 0 00 00000000 0 0 0 0000000000000005 003fffff f 003fffff 1 04 003fffff
0000000000000005 340006040000a000 0 00 00000000 0 0 0 0000000000000006 003fffff a 00000001 1 06 00000001
0000000000000006 103106057ffff000 0 00 00000000 0 0 0 0000000000000007 003fffff f 003fffff 1 06 003fffff
0000000000000007 341105000264f000 0 00 00000000 0 0 0 0000000000000008 003fffff f 003fffff 1 05 003fffff
0000000000000008 0013160055555500 1 16 00555555 0 0 0 0000000000000009 003fffff f 003fffff 0 00 003fffff
0000000000000009 342004160000f000 0 00 00000000 0 0 0 000000000000000a 003fffff f 003fffff 1 04 003fffff
000000000000000a 10810204001ff000 0 00 00000000 0 0 0 000000000000000b 003fffff f 003fffff 1 02 003fffff
000000000000000b 0013160000000000 1 16 00000000 0 0 0 000000000000000c 003fffff f 003fffff 0 00 003fffff
000000000000000c 342004160000f000 0 00 00000000 0 0 0 000000000000000d 003fffff f 003fffff 1 04 003fffff
000000000000000d 108103040000f000 0 00 00000000 0 0 0 000000000000000e 003fffff f 003fffff 1 03 003fffff
000000000000000e 0013150000000100 1 15 00000001 0 0 0 000000000000000f 003fffff f 003fffff 0 00 003fffff
000000000000000f 342003150000c000 0 00 00000000 0 0 0 0000000000000010 003fffff c 002aaaaa 1 03 002aaaaa
0000000000000010 100003040600f000 0 00 00000000 0 0 0 0000000000000011 003fffff f 003fffff 1 03 003fffff
0000000000000011 1050040506001000 0 00 00000000 0 0 0 0000000000000012 003fffff 1 0007bff2 1 04 0007bff2
0000000000000012 00131500ffffff00 1 15 ffffffff 0 0 0 0000000000000013 003fffff f 003fffff 0 00 003fffff
0000000000000013 342003150000f000 0 00 00000000 0 0 0 0000000000000014 003fffff f 003fffff 1 03 003fffff
0000000000000014 0013150000000100 1 15 00000001 0 0 0 0000000000000015 003fffff f 003fffff 0 00 003fffff
0000000000000015 342005150000d000 0 00 00000000 0 0 0 0000000000000016 003fffff d 00155555 1 05 00155555
0000000000000016 104105048000f000 0 00 00000000 0 0 0 0000000000000017 003fffff f 003fffff 1 05 003fffff
0000000000000017 0013150000000000 1 15 00000000 0 0 0 0000000000000018 003fffff f 003fffff 0 00 003fffff
0000000000000018 342004150000f000 0 00 00000000 0 0 0 0000000000000019 003fffff f 003fffff 1 04 003fffff
0000000000000019 340002020000f000 0 00 00000000 0 0 0 000000000000001a 003fffff f 003fffff 1 02 003fffff
000000000000001a 103006060200f000 0 00 00000000 0 0 0 000000000000001b 003fffff f 003fffff 1 06 003fffff
000000000000001b 102003050400f000 0 00 00000000 0 0 0 000000000000001c 003fffff f 003fffff 1 03 003fffff
000000000000001c 343003000000f000 0 00 00000000 0 0 0 000000000000001d 003fffff f 003fffff 1 03 003fffff
000000000000001d 0013160000000000 1 16 00000000 0 0 0 000000000000001e 003fffff f 003fffff 0 00 003fffff
000000000000001e 342004160000f000 0 00 00000000 0 0 0 000000000000001f 003fffff f 003fffff 1 04 003fffff
000000000000001f 10810204001ff000 0 00 00000000 0 0 0 0000000000000020 003fffff f 003fffff 1 02 003fffff
0000000000000020 107103030020f000 0 00 00000000 0 0 0 0000000000000021 003fffff f 003fffff 1 03 003fffff
0000000000000021 0013160000000000 1 16 00000000 0 0 0 0000000000000022 003fffff f 003fffff 0 00 003fffff
0000000000000022 342005160000f000 0 00 00000000 0 0 0 0000000000000023 003fffff f 003fffff 1 05 003fffff
0000000000000023 108106050020f000 0 00 00000000 0 0 0 0000000000000024 003fffff f 003fffff 1 06 003fffff
0000000000000024 104003040500f000 0 00 00000000 0 0 0 0000000000000025 003fffff f 003fffff 1 03 003fffff
0000000000000025 10610504003ff000 0 00 00000000 0 0 0 0000000000000026 003fffff f 003fffff 1 05 003fffff
0000000000000026 1030030406009000 0 00 00000000 0 0 0 0000000000000027 003fffff 9 00000000 1 03 00000000
0000000000000027 10710404003ff000 0 00 00000000 0 0 0 0000000000000028 003fffff f 003fffff 1 04 003fffff
0000000000000028 00131e0000000100 1 1e 00000001 0 0 0 0000000000000029 003fffff f 003fffff 0 00 003fffff
0000000000000029 0023171700000100 1 17 00000001 0 0 0 000000000000002a 003fffff f 003fffff 0 00 003fffff
000000000000002a 00731e1e00000100 1 1e 00000000 0 0 0 000000000000002b 003fffff f 003fffff 0 00 003fffff
000000000000002b 0013180000000000 1 18 00000000 0 0 0 000000000000002c 003fffff f 003fffff 0 00 003fffff
000000000000002c 0102001e18000000 0 00 00000000 5 1 0 000000000000002d 003fffff f 003fffff 0 00 003fffff
000000000000002d 0215fffffb040000 0 00 00000000 5 1 0 000000000000002e 003fffff f 003fffff 0 00 003fffff
000000000000002e 7cf5000000000000 0 00 00000000 5 1 0 000000000000002f 003fffff f 003fffff 0 00 003fffff
DONE retired=47 fault=00 pc=000000000000002e
