0000000000000000 343001000000f000 0 00 00000000 0 0 0 0 0 0 0000000000000001 ffffffff f ffffffff 1 01
0000000000000001 341107000001f000 0 00 00000000 0 0 0 0 0 0 0000000000000002 ffffffff f ffffffff 1 07
0000000000000002 34110c000003f000 0 00 00000000 0 0 0 0 0 0 0000000000000003 ffffffff f ffffffff 1 0c
0000000000000003 300920b0c0000000 0 00 00000000 0 0 0 0 0 0 0000000000000004 ffffffff f ffffffff 0 00
0000000000000004 7c1500000b200107 0 00 00000000 0 0 0 0 0 0 0000000000000010 ffffffff f ffffffff 0 00
0000000000000010 303920b0c0000000 0 00 00000000 0 0 0 0 0 0 0000000000000011 ffffffff f ffffffff 0 00
0000000000000011 7c150000d32000ec 0 00 00000000 0 0 0 0 0 0 0000000000000012 ffffffff f ffffffff 0 00
0000000000000012 3009201070000000 0 00 00000000 0 0 0 0 0 0 0000000000000013 ffffffff f ffffffff 0 00
0000000000000013 7c150000cd2000cf 0 00 00000000 0 0 0 0 0 0 0000000000000014 00000002 f 00000002 0 00
0000000000000014 301910a0c0000000 0 00 00000000 0 0 0 0 0 0 0000000000000015 00000002 f 00000002 0 00
0000000000000015 7c1500005c1000c9 0 00 00000000 0 0 0 0 0 0 0000000000000016 00000002 f 00000002 0 00
0000000000000016 304900a0c0000000 0 00 00000000 0 0 0 0 0 0 0000000000000017 00000002 f 00000002 0 00
0000000000000017 7c15000057000058 0 00 00000000 0 0 0 0 0 0 000000000000006f 00000002 f 00000002 0 00
000000000000006f 111004040c00f000 0 00 00000000 0 0 0 0 0 0 0000000000000070 00000002 f 00000002 1 04
0000000000000070 7c25000000000000 0 00 00000000 0 0 0 0 0 0 0000000000000071 00000002 f 00000002 0 00
0000000000000071 020500006d000000 0 00 00000000 0 0 0 0 0 1 00000000000000df 00000002 f 00000002 0 00
00000000000000df 7c25000000000000 0 00 00000000 0 0 0 0 0 0 00000000000000e0 00000002 f 00000002 0 00
00000000000000e0 0205000002000000 0 00 00000000 0 0 0 0 0 1 00000000000000e3 00000002 f 00000002 0 00
00000000000000e3 7c25000000000000 0 00 00000000 0 0 0 0 0 0 00000000000000e1 fffffffd f fffffffd 0 00
00000000000000e1 103005010c00f000 0 00 00000000 0 0 0 0 0 0 00000000000000e2 fffffffd f fffffffd 1 05
00000000000000e2 0023060600000100 1 06 00000001 0 0 0 0 0 0 00000000000000e3 fffffffd f fffffffd 0 00
00000000000000e3 7c25000000000000 0 00 00000000 0 0 0 0 0 0 00000000000000e4 ffffffff f ffffffff 0 00
00000000000000e4 0205000019000000 0 00 00000000 0 0 0 0 0 1 00000000000000fe ffffffff f ffffffff 0 00
00000000000000fe 7c25000000000000 0 00 00000000 0 0 0 0 0 0 00000000000000ff ffffffff f ffffffff 0 00
00000000000000ff 34110d000001f000 0 00 00000000 0 0 0 0 0 0 0000000000000100 ffffffff f ffffffff 1 0d
0000000000000100 10300c010d00f000 0 00 00000000 0 0 0 0 0 0 0000000000000101 ffffffff f ffffffff 1 0c
0000000000000101 10000c0c0700f000 0 00 00000000 0 0 0 0 0 0 0000000000000102 ffffffff f ffffffff 1 0c
0000000000000102 34110a000000f000 0 00 00000000 0 0 0 0 0 0 0000000000000103 ffffffff f ffffffff 1 0a
0000000000000103 7c85000007000000 0 00 00000000 0 0 0 0 0 0 0000000000000104 ffffffff f ffffffff 0 00
0000000000000104 3059e0a0c0000000 0 00 00000000 0 0 0 0 0 0 0000000000000105 ffffffff f ffffffff 0 00
0000000000000105 3029d0a0c0000000 0 00 00000000 0 0 0 0 0 0 0000000000000106 ffffffff f ffffffff 0 00
0000000000000106 301920b070000000 0 00 00000000 0 0 0 0 0 0 0000000000000107 ffffffff f ffffffff 0 00
0000000000000107 7c15000000200001 0 00 00000000 0 0 0 0 0 0 0000000000000108 ffffffff f ffffffff 0 00
0000000000000108 341105000004f000 0 00 00000000 0 0 0 0 0 0 0000000000000109 ffffffff f ffffffff 1 05
0000000000000109 7c25000000000000 0 00 00000000 0 0 0 0 0 0 000000000000010a ffffffff f ffffffff 0 00
000000000000010a 10000a0a0700f000 0 00 00000000 0 0 0 0 0 0 000000000000010b ffffffff f ffffffff 1 0a
000000000000010b 7c95fffff8d00000 0 00 00000000 0 0 0 0 0 0 0000000000000104 ffffffff f ffffffff 0 00
0000000000000104 3059e0a0c0000000 0 00 00000000 0 0 0 0 0 0 0000000000000105 ffffffff f ffffffff 0 00
0000000000000105 3029d0a0c0000000 0 00 00000000 0 0 0 0 0 0 0000000000000106 ffffffff f ffffffff 0 00
0000000000000106 301920b070000000 0 00 00000000 0 0 0 0 0 0 0000000000000107 ffffffff f ffffffff 0 00
0000000000000107 7c15000000200001 0 00 00000000 0 0 0 0 0 0 0000000000000108 ffffffff f ffffffff 0 00
0000000000000108 341105000004f000 0 00 00000000 0 0 0 0 0 0 0000000000000109 ffffffff f ffffffff 1 05
0000000000000109 7c25000000000000 0 00 00000000 0 0 0 0 0 0 000000000000010a ffffffff f ffffffff 0 00
000000000000010a 10000a0a0700f000 0 00 00000000 0 0 0 0 0 0 000000000000010b ffffffff f ffffffff 1 0a
000000000000010b 7c95fffff8d00000 0 00 00000000 0 0 0 0 0 0 0000000000000104 aaaaaaaa f aaaaaaaa 0 00
0000000000000104 3059e0a0c0000000 0 00 00000000 0 0 0 0 0 0 0000000000000105 aaaaaaaa f aaaaaaaa 0 00
0000000000000105 3029d0a0c0000000 0 00 00000000 0 0 0 0 0 0 0000000000000106 aaaaaaaa f aaaaaaaa 0 00
0000000000000106 301920b070000000 0 00 00000000 0 0 0 0 0 0 0000000000000107 aaaaaaaa f aaaaaaaa 0 00
0000000000000107 7c15000000200001 0 00 00000000 0 0 0 0 0 0 0000000000000108 aaaaaaaa f aaaaaaaa 0 00
0000000000000108 341105000004f000 0 00 00000000 0 0 0 0 0 0 0000000000000109 aaaaaaaa f aaaaaaaa 1 05
0000000000000109 7c25000000000000 0 00 00000000 0 0 0 0 0 0 000000000000010a aaaaaaaa f aaaaaaaa 0 00
000000000000010a 10000a0a0700f000 0 00 00000000 0 0 0 0 0 0 000000000000010b aaaaaaaa f aaaaaaaa 1 0a
000000000000010b 7c95fffff8d00000 0 00 00000000 0 0 0 0 0 0 000000000000010c ffffffff f ffffffff 0 00
000000000000010c 7c25000000000000 0 00 00000000 0 0 0 0 0 0 000000000000010d ffffffff f ffffffff 0 00
000000000000010d 34110d000001f000 0 00 00000000 0 0 0 0 0 0 000000000000010e ffffffff f ffffffff 1 0d
000000000000010e 10300c010d00f000 0 00 00000000 0 0 0 0 0 0 000000000000010f ffffffff f ffffffff 1 0c
000000000000010f 10000c0c0700f000 0 00 00000000 0 0 0 0 0 0 0000000000000110 ffffffff f ffffffff 1 0c
0000000000000110 34110a000000f000 0 00 00000000 0 0 0 0 0 0 0000000000000111 ffffffff f ffffffff 1 0a
0000000000000111 7c85000008000000 0 00 00000000 0 0 0 0 0 0 0000000000000112 ffffffff f ffffffff 0 00
0000000000000112 3059e0a0c0000000 0 00 00000000 0 0 0 0 0 0 0000000000000113 ffffffff f ffffffff 0 00
0000000000000113 3029d0a0c0000000 0 00 00000000 0 0 0 0 0 0 0000000000000114 ffffffff f ffffffff 0 00
0000000000000114 302970a070000000 0 00 00000000 0 0 0 0 0 0 0000000000000115 ffffffff f ffffffff 0 00
0000000000000115 7c15000000700001 0 00 00000000 0 0 0 0 0 0 0000000000000116 ffffffff f ffffffff 0 00
0000000000000116 105003030700f000 0 00 00000000 0 0 0 0 0 0 0000000000000117 ffffffff f ffffffff 1 03
0000000000000117 7c25000000000000 0 00 00000000 0 0 0 0 0 0 0000000000000118 ffffffff f ffffffff 0 00
0000000000000118 7cb5000000e00000 0 00 00000000 0 0 0 0 0 0 0000000000000119 ffffffff f ffffffff 0 00
0000000000000119 10000a0a0700f000 0 00 00000000 0 0 0 0 0 0 000000000000011a ffffffff f ffffffff 1 0a
000000000000011a 7c95fffff7d00000 0 00 00000000 0 0 0 0 0 0 0000000000000112 ffffffff f ffffffff 0 00
0000000000000112 3059e0a0c0000000 0 00 00000000 0 0 0 0 0 0 0000000000000113 ffffffff f ffffffff 0 00
0000000000000113 3029d0a0c0000000 0 00 00000000 0 0 0 0 0 0 0000000000000114 ffffffff f ffffffff 0 00
0000000000000114 302970a070000000 0 00 00000000 0 0 0 0 0 0 0000000000000115 ffffffff f ffffffff 0 00
0000000000000115 7c15000000700001 0 00 00000000 0 0 0 0 0 0 0000000000000116 ffffffff f ffffffff 0 00
0000000000000116 105003030700f000 0 00 00000000 0 0 0 0 0 0 0000000000000117 ffffffff f ffffffff 1 03
0000000000000117 7c25000000000000 0 00 00000000 0 0 0 0 0 0 0000000000000118 ffffffff f ffffffff 0 00
0000000000000118 7cb5000000e00000 0 00 00000000 0 0 0 0 0 0 0000000000000119 aaaaaaaa f aaaaaaaa 0 00
0000000000000119 10000a0a0700f000 0 00 00000000 0 0 0 0 0 0 000000000000011a aaaaaaaa f aaaaaaaa 1 0a
000000000000011a 7c95fffff7d00000 0 00 00000000 0 0 0 0 0 0 0000000000000112 aaaaaaaa f aaaaaaaa 0 00
0000000000000112 3059e0a0c0000000 0 00 00000000 0 0 0 0 0 0 0000000000000113 aaaaaaaa f aaaaaaaa 0 00
0000000000000113 3029d0a0c0000000 0 00 00000000 0 0 0 0 0 0 0000000000000114 aaaaaaaa f aaaaaaaa 0 00
0000000000000114 302970a070000000 0 00 00000000 0 0 0 0 0 0 0000000000000115 aaaaaaaa f aaaaaaaa 0 00
0000000000000115 7c15000000700001 0 00 00000000 0 0 0 0 0 0 0000000000000116 aaaaaaaa f aaaaaaaa 0 00
0000000000000116 105003030700f000 0 00 00000000 0 0 0 0 0 0 0000000000000117 aaaaaaaa f aaaaaaaa 1 03
0000000000000117 7c25000000000000 0 00 00000000 0 0 0 0 0 0 0000000000000118 aaaaaaaa f aaaaaaaa 0 00
000000000000011a 7cb5000000e00000 0 00 00000000 0 0 0 0 0 0 0000000000000119 00000000 f 00000000 0 00
000000000000011a 7c95fffff7d00000 0 00 00000000 0 0 0 0 0 0 000000000000011b ffffffff f ffffffff 0 00
000000000000011b 7cf5000000000000 0 00 00000000 0 0 0 0 0 0 000000000000011c ffffffff f ffffffff 0 00
