0000000000000000 00131d0000000000 1 1d 00000000 0 0 0 0000000000000001
0000000000000001 00130e00bd2eea00 1 0e ffbd2eea 0 0 0 0000000000000002
0000000000000002 0102000d0a000000 0 00 00000000 5 1 0 0000000000000003
0000000000000003 02150000010c0000 0 00 00000000 5 1 1 0000000000000005
0000000000000005 0013140055555500 1 14 00555555 5 1 0 0000000000000006
0000000000000006 00820f0506000000 1 0f 00000000 5 1 0 0000000000000007
0000000000000007 0022090f08000000 1 09 00000000 5 1 0 0000000000000008
0000000000000008 0063050200000400 1 05 00000000 5 1 0 0000000000000009
0000000000000009 0122000211000000 0 00 00000000 5 0 0 000000000000000a
000000000000000a 0215000001030000 0 00 00000000 5 0 1 000000000000000c
000000000000000c 00b3091300001100 1 09 00000000 5 0 0 000000000000000d
000000000000000d 00620c120a000000 1 0c 00000000 5 0 0 000000000000000e
000000000000000e 00b2081004000000 1 08 00000000 5 0 0 000000000000000f
000000000000000f 0122000409000000 0 00 00000000 5 0 0 0000000000000010
0000000000000010 0215000001010000 0 00 00000000 5 0 0 0000000000000011
0000000000000011 8506000000000000 0 00 00000000 5 0 0 0000000000000012
0000000000000012 00131300aaaaaa00 1 13 ffaaaaaa 5 0 0 0000000000000013
0000000000000013 003213090c000000 1 13 00000000 5 0 0 0000000000000014
0000000000000014 8506000000000000 0 00 00000000 5 0 0 0000000000000015
0000000000000015 0013130055250900 1 13 00552509 5 0 0 0000000000000016
0000000000000016 00130b008c9e0d00 1 0b ff8c9e0d 5 0 0 0000000000000017
0000000000000017 8506000000000000 0 00 00000000 5 0 0 0000000000000018
0000000000000018 0306000000000b00 1 0b 00000000 5 0 0 0000000000000019
0000000000000019 8506000000000000 0 00 00000000 5 0 0 000000000000001a
000000000000001a 00130700950f6900 1 07 ff950f69 5 0 0 000000000000001b
000000000000001b 0112000111000000 0 00 00000000 5 0 0 000000000000001c
000000000000001c 02150000030c0000 0 00 00000000 5 0 1 0000000000000020
0000000000000020 0306000000001400 1 14 00000000 5 0 0 0000000000000021
0000000000000021 00230f0cb9d5c600 1 0f ffb9d5c6 5 0 0 0000000000000022
0000000000000022 8506000000000000 0 00 00000000 5 0 0 0000000000000023
0000000000000023 00131e0000000300 1 1e 00000003 5 0 0 0000000000000024
0000000000000024 0023151500000100 1 15 00000001 5 0 0 0000000000000025
0000000000000025 00731e1e00000100 1 1e 00000002 5 0 0 0000000000000026
0000000000000026 0102001e1d000000 0 00 00000000 4 0 0 0000000000000027
0000000000000027 0215fffffc040000 0 00 00000000 4 0 1 0000000000000024
0000000000000024 0023151500000100 1 15 00000002 4 0 0 0000000000000025
0000000000000025 00731e1e00000100 1 1e 00000001 4 0 0 0000000000000026
0000000000000026 0102001e1d000000 0 00 00000000 4 0 0 0000000000000027
0000000000000027 0215fffffc040000 0 00 00000000 4 0 1 0000000000000024
0000000000000024 0023151500000100 1 15 00000003 4 0 0 0000000000000025
0000000000000025 00731e1e00000100 1 1e 00000000 4 0 0 0000000000000026
0000000000000026 0102001e1d000000 0 00 00000000 5 1 0 0000000000000027
0000000000000027 0215fffffc040000 0 00 00000000 5 1 0 0000000000000028
0000000000000028 7cf5000000000000 0 00 00000000 5 1 0 0000000000000029
DONE retired=44 fault=00 pc=0000000000000028
