0000000000000000 0013140000004d00 1 14 0000004d 0 0 0 0000000000000001 c9aa7b8f f c9aa7b8f 0 00 c9aa7b8f
0000000000000001 1040040503006000 0 00 00000000 0 0 0 0000000000000002 c9aa7b8f 6 00000001 1 04 00000001
0000000000000002 10710505001ff000 0 00 00000000 0 0 0 0000000000000003 c9aa7b8f f c9aa7b8f 1 05 c9aa7b8f
0000000000000003 0013160000000100 1 16 00000001 0 0 0 0000000000000004 c9aa7b8f f c9aa7b8f 0 00 c9aa7b8f
0000000000000004 342003160000f000 0 00 00000000 0 0 0 0000000000000005 c9aa7b8f f c9aa7b8f 1 03 c9aa7b8f
0000000000000005 108105030020f000 0 00 00000000 0 0 0 0000000000000006 c9aa7b8f f c9aa7b8f 1 05 c9aa7b8f
0000000000000006 340005030000c000 0 00 00000000 0 0 0 0000000000000007 c9aa7b8f c c982638d 1 05 c982638d
0000000000000007 0013150000000000 1 15 00000000 0 0 0 0000000000000008 c9aa7b8f f c9aa7b8f 0 00 c9aa7b8f
0000000000000008 342002150000f000 0 00 00000000 0 0 0 0000000000000009 c9aa7b8f f c9aa7b8f 1 02 c9aa7b8f
0000000000000009 0013150000000000 1 15 00000000 0 0 0 000000000000000a c9aa7b8f f c9aa7b8f 0 00 c9aa7b8f
000000000000000a 342006150000f000 0 00 00000000 0 0 0 000000000000000b c9aa7b8f f c9aa7b8f 1 06 c9aa7b8f
000000000000000b 341106007ffff000 0 00 00000000 0 0 0 000000000000000c c9aa7b8f f c9aa7b8f 1 06 c9aa7b8f
000000000000000c 100005020400f000 0 00 00000000 0 0 0 000000000000000d c9aa7b8f f c9aa7b8f 1 05 c9aa7b8f
000000000000000d 101003060600f000 0 00 00000000 0 0 0 000000000000000e c9aa7b8f f c9aa7b8f 1 03 c9aa7b8f
000000000000000e 100006020400f000 0 00 00000000 0 0 0 000000000000000f c9aa7b8f f c9aa7b8f 1 06 c9aa7b8f
000000000000000f 100005030300f000 0 00 00000000 0 0 0 0000000000000010 c9aa7b8f f c9aa7b8f 1 05 c9aa7b8f
0000000000000010 107104060001f000 0 00 00000000 0 0 0 0000000000000011 c9aa7b8f f c9aa7b8f 1 04 c9aa7b8f
0000000000000011 3411040003a4f000 0 00 00000000 0 0 0 0000000000000012 c9aa7b8f f c9aa7b8f 1 04 c9aa7b8f
0000000000000012 10710505001ff000 0 00 00000000 0 0 0 0000000000000013 c9aa7b8f f c9aa7b8f 1 05 c9aa7b8f
0000000000000013 10110304fffff000 0 00 00000000 0 0 0 0000000000000014 c9aa7b8f f c9aa7b8f 1 03 c9aa7b8f
0000000000000014 104103040000f000 0 00 00000000 0 0 0 0000000000000015 c9aa7b8f f c9aa7b8f 1 03 c9aa7b8f
0000000000000015 341106009e8df000 0 00 00000000 0 0 0 0000000000000016 c9aa7b8f f c9aa7b8f 1 06 c9aa7b8f
0000000000000016 340003060000f000 0 00 00000000 0 0 0 0000000000000017 c9aa7b8f f c9aa7b8f 1 03 c9aa7b8f
0000000000000017 0013150000000100 1 15 00000001 0 0 0 0000000000000018 c9aa7b8f f c9aa7b8f 0 00 c9aa7b8f
0000000000000018 342004150000f000 0 00 00000000 0 0 0 0000000000000019 c9aa7b8f f c9aa7b8f 1 04 c9aa7b8f
0000000000000019 343003000000f000 0 00 00000000 0 0 0 000000000000001a c9aa7b8f f c9aa7b8f 1 03 c9aa7b8f
000000000000001a 10410604978af000 0 00 00000000 0 0 0 000000000000001b c9aa7b8f f c9aa7b8f 1 06 c9aa7b8f
000000000000001b 102002040300f000 0 00 00000000 0 0 0 000000000000001c c9aa7b8f f c9aa7b8f 1 02 c9aa7b8f
000000000000001c 104005040600f000 0 00 00000000 0 0 0 000000000000001d c9aa7b8f f c9aa7b8f 1 05 c9aa7b8f
000000000000001d 1000060502005000 0 00 00000000 0 0 0 000000000000001e c9aa7b8f 5 01006b0b 1 06 01006b0b
000000000000001e 0013160055555500 1 16 00555555 0 0 0 000000000000001f c9aa7b8f f c9aa7b8f 0 00 c9aa7b8f
000000000000001f 342006160000f000 0 00 00000000 0 0 0 0000000000000020 c9aa7b8f f c9aa7b8f 1 06 c9aa7b8f
0000000000000020 108106060010f000 0 00 00000000 0 0 0 0000000000000021 c9aa7b8f f c9aa7b8f 1 06 c9aa7b8f
0000000000000021 107105030001f000 0 00 00000000 0 0 0 0000000000000022 c9aa7b8f f c9aa7b8f 1 05 c9aa7b8f
0000000000000022 00131e0000000200 1 1e 00000002 0 0 0 0000000000000023 c9aa7b8f f c9aa7b8f 0 00 c9aa7b8f
0000000000000023 0023171700000100 1 17 00000001 0 0 0 0000000000000024 c9aa7b8f f c9aa7b8f 0 00 c9aa7b8f
0000000000000024 00731e1e00000100 1 1e 00000001 0 0 0 0000000000000025 c9aa7b8f f c9aa7b8f 0 00 c9aa7b8f
0000000000000025 0013180000000000 1 18 00000000 0 0 0 0000000000000026 c9aa7b8f f c9aa7b8f 0 00 c9aa7b8f
0000000000000026 0102001e18000000 0 00 00000000 4 0 0 0000000000000027 c9aa7b8f f c9aa7b8f 0 00 c9aa7b8f
0000000000000027 0215fffffb040000 0 00 00000000 4 0 1 0000000000000023 c9aa7b8f f c9aa7b8f 0 00 c9aa7b8f
0000000000000023 0023171700000100 1 17 00000002 4 0 0 0000000000000024 c9aa7b8f f c9aa7b8f 0 00 c9aa7b8f
0000000000000024 00731e1e00000100 1 1e 00000000 4 0 0 0000000000000025 c9aa7b8f f c9aa7b8f 0 00 c9aa7b8f
0000000000000025 0013180000000000 1 18 00000000 4 0 0 0000000000000026 c9aa7b8f f c9aa7b8f 0 00 c9aa7b8f
0000000000000026 0102001e18000000 0 00 00000000 5 1 0 0000000000000027 c9aa7b8f f c9aa7b8f 0 00 c9aa7b8f
0000000000000027 0215fffffb040000 0 00 00000000 5 1 0 0000000000000028 c9aa7b8f f c9aa7b8f 0 00 c9aa7b8f
0000000000000028 7cf5000000000000 0 00 00000000 5 1 0 0000000000000029 c9aa7b8f f c9aa7b8f 0 00 c9aa7b8f
DONE retired=46 fault=00 pc=0000000000000028
