0000000000000000 00131d0000000000 1 1d 00000000 0 0 0 0000000000000001
0000000000000001 0062120510000000 1 12 00000000 0 0 0 0000000000000002
0000000000000002 00130100ab7b2600 1 01 ffab7b26 0 0 0 0000000000000003
0000000000000003 0072131114000000 1 13 00000000 0 0 0 0000000000000004
0000000000000004 0122000c09000000 0 00 00000000 5 0 0 0000000000000005
0000000000000005 02150000020d0000 0 00 00000000 5 0 0 0000000000000006
0000000000000006 8506000000000000 0 00 00000000 5 0 0 0000000000000007
0000000000000007 8506000000000000 0 00 00000000 5 0 0 0000000000000008
0000000000000008 00130600c9e8d500 1 06 ffc9e8d5 5 0 0 0000000000000009
0000000000000009 00230911ee7d1e00 1 09 ffee7d1e 5 0 0 000000000000000a
000000000000000a 0023100ab0a61800 1 10 ffb0a618 5 0 0 000000000000000b
000000000000000b 00620c0a0c000000 1 0c 00000000 5 0 0 000000000000000c
000000000000000c 00630d0400000100 1 0d 00000000 5 0 0 000000000000000d
000000000000000d 0013070067495e00 1 07 0067495e 5 0 0 000000000000000e
000000000000000e 012200060d000000 0 00 00000000 6 0 0 000000000000000f
000000000000000f 02150000010e0000 0 00 00000000 6 0 1 0000000000000011
0000000000000011 0092040f00000000 1 04 ffffffff 6 0 0 0000000000000012
0000000000000012 8506000000000000 0 00 00000000 6 0 0 0000000000000013
0000000000000013 0072110709000000 1 11 0078cc40 6 0 0 0000000000000014
0000000000000014 0082040612000000 1 04 ffc9e8d5 6 0 0 0000000000000015
0000000000000015 003201070f000000 1 01 00000000 6 0 0 0000000000000016
0000000000000016 0102000c0a000000 0 00 00000000 5 1 0 0000000000000017
0000000000000017 02150000010d0000 0 00 00000000 5 1 0 0000000000000018
0000000000000018 8506000000000000 0 00 00000000 5 1 0 0000000000000019
0000000000000019 003201140c000000 1 01 00000000 5 1 0 000000000000001a
000000000000001a 0306000000000500 1 05 00000000 5 1 0 000000000000001b
000000000000001b 00b30e1000001c00 1 0e ffffffff 5 1 0 000000000000001c
000000000000001c 0112000411000000 0 00 00000000 6 1 0 000000000000001d
000000000000001d 0215000002040000 0 00 00000000 6 1 1 0000000000000020
0000000000000020 0013080000000000 1 08 00000000 6 1 0 0000000000000021
0000000000000021 0013060000000000 1 06 00000000 6 1 0 0000000000000022
0000000000000022 010200140f000000 0 00 00000000 5 1 0 0000000000000023
0000000000000023 02150000020c0000 0 00 00000000 5 1 1 0000000000000026
0000000000000026 0306000000001100 1 11 00000000 5 1 0 0000000000000027
0000000000000027 00130f00ffffff00 1 0f ffffffff 5 1 0 0000000000000028
0000000000000028 8506000000000000 0 00 00000000 5 1 0 0000000000000029
0000000000000029 00730f1252cb3f00 1 0f ffad34c1 5 1 0 000000000000002a
000000000000002a 0102001313000000 0 00 00000000 5 1 0 000000000000002b
000000000000002b 02150000020c0000 0 00 00000000 5 1 1 000000000000002e
000000000000002e 0013100000000100 1 10 00000001 5 1 0 000000000000002f
000000000000002f 0022010801000000 1 01 00000000 5 1 0 0000000000000030
0000000000000030 00a30f0d00000800 1 0f 00000000 5 1 0 0000000000000031
0000000000000031 00130700ffffff00 1 07 ffffffff 5 1 0 0000000000000032
0000000000000032 0306000000000300 1 03 00000000 5 1 0 0000000000000033
0000000000000033 0122000604000000 0 00 00000000 0 1 0 0000000000000034
0000000000000034 0215000001010000 0 00 00000000 0 1 1 0000000000000036
0000000000000036 0032070d10000000 1 07 00000000 0 1 0 0000000000000037
0000000000000037 0042110207000000 1 11 00000000 0 1 0 0000000000000038
0000000000000038 0306000000000e00 1 0e 00000000 0 1 0 0000000000000039
0000000000000039 0102000709000000 0 00 00000000 0 0 0 000000000000003a
000000000000003a 02150000030c0000 0 00 00000000 0 0 1 000000000000003e
000000000000003e 0092080800000000 1 08 ffffffff 0 0 0 000000000000003f
000000000000003f 00131e0000000200 1 1e 00000002 0 0 0 0000000000000040
0000000000000040 0023151500000100 1 15 00000001 0 0 0 0000000000000041
0000000000000041 00731e1e00000100 1 1e 00000001 0 0 0 0000000000000042
0000000000000042 0102001e1d000000 0 00 00000000 4 0 0 0000000000000043
0000000000000043 0215fffffc040000 0 00 00000000 4 0 1 0000000000000040
0000000000000040 0023151500000100 1 15 00000002 4 0 0 0000000000000041
0000000000000041 00731e1e00000100 1 1e 00000000 4 0 0 0000000000000042
0000000000000042 0102001e1d000000 0 00 00000000 5 1 0 0000000000000043
0000000000000043 0215fffffc040000 0 00 00000000 5 1 0 0000000000000044
0000000000000044 7cf5000000000000 0 00 00000000 5 1 0 0000000000000045
DONE retired=62 fault=00 pc=0000000000000044
