0000000000000000 0013140000004d00 1 14 0000004d 0 0 0 0000000000000001 fffffff8 f fffffff8 0 00 fffffff8
0000000000000001 10610504000ff000 0 00 00000000 0 0 0 0000000000000002 fffffff8 f fffffff8 1 05 fffffff8
0000000000000002 0013160000000000 1 16 00000000 0 0 0 0000000000000003 fffffff8 f fffffff8 0 00 fffffff8
0000000000000003 342006160000f000 0 00 00000000 0 0 0 0000000000000004 fffffff8 f fffffff8 1 06 fffffff8
0000000000000004 108104060010f000 0 00 00000000 0 0 0 0000000000000005 fffffff8 f fffffff8 1 04 fffffff8
0000000000000005 101003020600f000 0 00 00000000 0 0 0 0000000000000006 fffffff8 f fffffff8 1 03 fffffff8
0000000000000006 341103000001f000 0 00 00000000 0 0 0 0000000000000007 fffffff8 f fffffff8 1 03 fffffff8
0000000000000007 00131500aaaaaa00 1 15 ffaaaaaa 0 0 0 0000000000000008 fffffff8 f fffffff8 0 00 fffffff8
0000000000000008 342002150000f000 0 00 00000000 0 0 0 0000000000000009 fffffff8 f fffffff8 1 02 fffffff8
0000000000000009 10710502001ff000 0 00 00000000 0 0 0 000000000000000a fffffff8 f fffffff8 1 05 fffffff8
000000000000000a 34110400dfe0f000 0 00 00000000 0 0 0 000000000000000b fffffff8 f fffffff8 1 04 fffffff8
000000000000000b 106103020000f000 0 00 00000000 0 0 0 000000000000000c fffffff8 f fffffff8 1 03 fffffff8
000000000000000c 341103008f2af000 0 00 00000000 0 0 0 000000000000000d fffffff8 f fffffff8 1 03 fffffff8
000000000000000d 00131500ffffff00 1 15 ffffffff 0 0 0 000000000000000e fffffff8 f fffffff8 0 00 fffffff8
000000000000000e 342004150000f000 0 00 00000000 0 0 0 000000000000000f fffffff8 f fffffff8 1 04 fffffff8
000000000000000f 0013160000000000 1 16 00000000 0 0 0 0000000000000010 fffffff8 f fffffff8 0 00 fffffff8
0000000000000010 342004160000f000 0 00 00000000 0 0 0 0000000000000011 fffffff8 f fffffff8 1 04 fffffff8
0000000000000011 10810604003ff000 0 00 00000000 0 0 0 0000000000000012 fffffff8 f fffffff8 1 06 fffffff8
0000000000000012 34110200fffff000 0 00 00000000 0 0 0 0000000000000013 fffffff8 f fffffff8 1 02 fffffff8
0000000000000013 341103000001f000 0 00 00000000 0 0 0 0000000000000014 fffffff8 f fffffff8 1 03 fffffff8
0000000000000014 1020020302009000 0 00 00000000 0 0 0 0000000000000015 fffffff8 9 0ec366b8 1 02 0ec366b8
0000000000000015 1030050605002000 0 00 00000000 0 0 0 0000000000000016 fffffff8 2 00000000 1 05 00000000
0000000000000016 10710504003ff000 0 00 00000000 0 0 0 0000000000000017 fffffff8 f fffffff8 1 05 fffffff8
0000000000000017 00131e0000000100 1 1e 00000001 0 0 0 0000000000000018 fffffff8 f fffffff8 0 00 fffffff8
0000000000000018 0023171700000100 1 17 00000001 0 0 0 0000000000000019 fffffff8 f fffffff8 0 00 fffffff8
0000000000000019 00731e1e00000100 1 1e 00000000 0 0 0 000000000000001a fffffff8 f fffffff8 0 00 fffffff8
000000000000001a 0013180000000000 1 18 00000000 0 0 0 000000000000001b fffffff8 f fffffff8 0 00 fffffff8
000000000000001b 0102001e18000000 0 00 00000000 5 1 0 000000000000001c fffffff8 f fffffff8 0 00 fffffff8
000000000000001c 0215fffffb040000 0 00 00000000 5 1 0 000000000000001d fffffff8 f fffffff8 0 00 fffffff8
000000000000001d 7cf5000000000000 0 00 00000000 5 1 0 000000000000001e fffffff8 f fffffff8 0 00 fffffff8
DONE retired=30 fault=00 pc=000000000000001d
