0000000000000000 00131d0000000000 1 1d 00000000 0 0 0 0000000000000001
0000000000000001 0022050b10000000 1 05 00000000 0 0 0 0000000000000002
0000000000000002 0052130d07000000 1 13 00000000 0 0 0 0000000000000003
0000000000000003 0063130b00000900 1 13 00000000 0 0 0 0000000000000004
0000000000000004 00230a04c6b7bd00 1 0a ffc6b7bd 0 0 0 0000000000000005
0000000000000005 0013120000000100 1 12 00000001 0 0 0 0000000000000006
0000000000000006 00a3140e00000f00 1 14 00000000 0 0 0 0000000000000007
0000000000000007 0073140ce2436000 1 14 001dbca0 0 0 0 0000000000000008
0000000000000008 0092030800000000 1 03 ffffffff 0 0 0 0000000000000009
0000000000000009 00130100f084b200 1 01 fff084b2 0 0 0 000000000000000a
000000000000000a 0092110200000000 1 11 ffffffff 0 0 0 000000000000000b
000000000000000b 00130c00ffffff00 1 0c ffffffff 0 0 0 000000000000000c
000000000000000c 00131200ffffff00 1 12 ffffffff 0 0 0 000000000000000d
000000000000000d 0306000000000700 1 07 00000000 0 0 0 000000000000000e
000000000000000e 8506000000000000 0 00 00000000 0 0 0 000000000000000f
000000000000000f 001304009a241000 1 04 ff9a2410 0 0 0 0000000000000010
0000000000000010 0042070d12000000 1 07 00000000 0 0 0 0000000000000011
0000000000000011 8506000000000000 0 00 00000000 0 0 0 0000000000000012
0000000000000012 0112000713000000 0 00 00000000 5 0 0 0000000000000013
0000000000000013 02150000010d0000 0 00 00000000 5 0 0 0000000000000014
0000000000000014 8506000000000000 0 00 00000000 5 0 0 0000000000000015
0000000000000015 00820f0711000000 1 0f ffffffff 5 0 0 0000000000000016
0000000000000016 00131e0000000400 1 1e 00000004 5 0 0 0000000000000017
0000000000000017 0023151500000100 1 15 00000001 5 0 0 0000000000000018
0000000000000018 00731e1e00000100 1 1e 00000003 5 0 0 0000000000000019
0000000000000019 0102001e1d000000 0 00 00000000 4 0 0 000000000000001a
000000000000001a 0215fffffc040000 0 00 00000000 4 0 1 0000000000000017
0000000000000017 0023151500000100 1 15 00000002 4 0 0 0000000000000018
0000000000000018 00731e1e00000100 1 1e 00000002 4 0 0 0000000000000019
0000000000000019 0102001e1d000000 0 00 00000000 4 0 0 000000000000001a
000000000000001a 0215fffffc040000 0 00 00000000 4 0 1 0000000000000017
0000000000000017 0023151500000100 1 15 00000003 4 0 0 0000000000000018
0000000000000018 00731e1e00000100 1 1e 00000001 4 0 0 0000000000000019
0000000000000019 0102001e1d000000 0 00 00000000 4 0 0 000000000000001a
000000000000001a 0215fffffc040000 0 00 00000000 4 0 1 0000000000000017
0000000000000017 0023151500000100 1 15 00000004 4 0 0 0000000000000018
0000000000000018 00731e1e00000100 1 1e 00000000 4 0 0 0000000000000019
0000000000000019 0102001e1d000000 0 00 00000000 5 1 0 000000000000001a
000000000000001a 0215fffffc040000 0 00 00000000 5 1 0 000000000000001b
000000000000001b 7cf5000000000000 0 00 00000000 5 1 0 000000000000001c
DONE retired=40 fault=00 pc=000000000000001b
