0000000000000000 00131d0000000000 1 1d 00000000 0 0 0 0000000000000001
0000000000000001 8506000000000000 0 00 00000000 0 0 0 0000000000000002
0000000000000002 00130800c6b21100 1 08 ffc6b211 0 0 0 0000000000000003
0000000000000003 00731007ffffff00 1 10 00000001 0 0 0 0000000000000004
0000000000000004 011200050a000000 0 00 00000000 5 0 0 0000000000000005
0000000000000005 0215000002040000 0 00 00000000 5 0 0 0000000000000006
0000000000000006 8506000000000000 0 00 00000000 5 0 0 0000000000000007
0000000000000007 8506000000000000 0 00 00000000 5 0 0 0000000000000008
0000000000000008 0013110000000000 1 11 00000000 5 0 0 0000000000000009
0000000000000009 8506000000000000 0 00 00000000 5 0 0 000000000000000a
000000000000000a 8506000000000000 0 00 00000000 5 0 0 000000000000000b
000000000000000b 8506000000000000 0 00 00000000 5 0 0 000000000000000c
000000000000000c 8506000000000000 0 00 00000000 5 0 0 000000000000000d
000000000000000d 00130100d8cd0800 1 01 ffd8cd08 5 0 0 000000000000000e
000000000000000e 00b20a050e000000 1 0a 00000000 5 0 0 000000000000000f
000000000000000f 0062050912000000 1 05 00000000 5 0 0 0000000000000010
0000000000000010 0092070c00000000 1 07 ffffffff 5 0 0 0000000000000011
0000000000000011 8506000000000000 0 00 00000000 5 0 0 0000000000000012
0000000000000012 003211030c000000 1 11 00000000 5 0 0 0000000000000013
0000000000000013 00131e0000000300 1 1e 00000003 5 0 0 0000000000000014
0000000000000014 0023151500000100 1 15 00000001 5 0 0 0000000000000015
0000000000000015 00731e1e00000100 1 1e 00000002 5 0 0 0000000000000016
0000000000000016 0102001e1d000000 0 00 00000000 4 0 0 0000000000000017
0000000000000017 0215fffffc040000 0 00 00000000 4 0 1 0000000000000014
0000000000000014 0023151500000100 1 15 00000002 4 0 0 0000000000000015
0000000000000015 00731e1e00000100 1 1e 00000001 4 0 0 0000000000000016
0000000000000016 0102001e1d000000 0 00 00000000 4 0 0 0000000000000017
0000000000000017 0215fffffc040000 0 00 00000000 4 0 1 0000000000000014
0000000000000014 0023151500000100 1 15 00000003 4 0 0 0000000000000015
0000000000000015 00731e1e00000100 1 1e 00000000 4 0 0 0000000000000016
0000000000000016 0102001e1d000000 0 00 00000000 5 1 0 0000000000000017
0000000000000017 0215fffffc040000 0 00 00000000 5 1 0 0000000000000018
0000000000000018 7cf5000000000000 0 00 00000000 5 1 0 0000000000000019
DONE retired=33 fault=00 pc=0000000000000018
