0000000000000000 0013140000004d00 1 14 0000004d 0 0 0 0000000000000001 55555555 f 55555555 0 00 55555555
0000000000000001 343005000000c000 0 00 00000000 0 0 0 0000000000000002 55555555 c 05141105 1 05 05141105
0000000000000002 101002050500f000 0 00 00000000 0 0 0 0000000000000003 55555555 f 55555555 1 02 55555555
0000000000000003 104002060600f000 0 00 00000000 0 0 0 0000000000000004 55555555 f 55555555 1 02 55555555
0000000000000004 3400050600009000 0 00 00000000 0 0 0 0000000000000005 55555555 9 00000000 1 05 00000000
0000000000000005 340004040000f000 0 00 00000000 0 0 0 0000000000000006 55555555 f 55555555 1 04 55555555
0000000000000006 341106000000f000 0 00 00000000 0 0 0 0000000000000007 55555555 f 55555555 1 06 55555555
0000000000000007 102002060400f000 0 00 00000000 0 0 0 0000000000000008 55555555 f 55555555 1 02 55555555
0000000000000008 343006000000f000 0 00 00000000 0 0 0 0000000000000009 55555555 f 55555555 1 06 55555555
0000000000000009 1030020503006000 0 00 00000000 0 0 0 000000000000000a 55555555 6 05405501 1 02 05405501
000000000000000a 00131600ffffff00 1 16 ffffffff 0 0 0 000000000000000b 55555555 f 55555555 0 00 55555555
000000000000000b 342002160000f000 0 00 00000000 0 0 0 000000000000000c 55555555 f 55555555 1 02 55555555
000000000000000c 10810602003ff000 0 00 00000000 0 0 0 000000000000000d 55555555 f 55555555 1 06 55555555
000000000000000d 00131500ffffff00 1 15 ffffffff 0 0 0 000000000000000e 55555555 f 55555555 0 00 55555555
000000000000000e 3420031500000000 0 00 00000000 0 0 0 000000000000000f 55555555 0 14445045 1 03 14445045
000000000000000f 341103009444f000 0 00 00000000 0 0 0 0000000000000010 55555555 f 55555555 1 03 55555555
0000000000000010 3400060200006000 0 00 00000000 0 0 0 0000000000000011 55555555 6 05405501 1 06 05405501
0000000000000011 10710306001ff000 0 00 00000000 0 0 0 0000000000000012 55555555 f 55555555 1 03 55555555
0000000000000012 105005020300f000 0 00 00000000 0 0 0 0000000000000013 55555555 f 55555555 1 05 55555555
0000000000000013 0013160000000000 1 16 00000000 0 0 0 0000000000000014 55555555 f 55555555 0 00 55555555
0000000000000014 342006160000f000 0 00 00000000 0 0 0 0000000000000015 55555555 f 55555555 1 06 55555555
0000000000000015 108105060000f000 0 00 00000000 0 0 0 0000000000000016 55555555 f 55555555 1 05 55555555
0000000000000016 100004050500f000 0 00 00000000 0 0 0 0000000000000017 55555555 f 55555555 1 04 55555555
0000000000000017 107105030001f000 0 00 00000000 0 0 0 0000000000000018 55555555 f 55555555 1 05 55555555
0000000000000018 102002060200f000 0 00 00000000 0 0 0 0000000000000019 55555555 f 55555555 1 02 55555555
0000000000000019 10610504001ff000 0 00 00000000 0 0 0 000000000000001a 55555555 f 55555555 1 05 55555555
000000000000001a 0013150000000000 1 15 00000000 0 0 0 000000000000001b 55555555 f 55555555 0 00 55555555
000000000000001b 342005150000f000 0 00 00000000 0 0 0 000000000000001c 55555555 f 55555555 1 05 55555555
000000000000001c 340005020000f000 0 00 00000000 0 0 0 000000000000001d 55555555 f 55555555 1 05 55555555
000000000000001d 107104020002f000 0 00 00000000 0 0 0 000000000000001e 55555555 f 55555555 1 04 55555555
000000000000001e 34110400fffff000 0 00 00000000 0 0 0 000000000000001f 55555555 f 55555555 1 04 55555555
000000000000001f 00131500ffffff00 1 15 ffffffff 0 0 0 0000000000000020 55555555 f 55555555 0 00 55555555
0000000000000020 342004150000f000 0 00 00000000 0 0 0 0000000000000021 55555555 f 55555555 1 04 55555555
0000000000000021 101106037ffff000 0 00 00000000 0 0 0 0000000000000022 55555555 f 55555555 1 06 55555555
0000000000000022 105104052bd5f000 0 00 00000000 0 0 0 0000000000000023 55555555 f 55555555 1 04 55555555
0000000000000023 10610204000ff000 0 00 00000000 0 0 0 0000000000000024 55555555 f 55555555 1 02 55555555
0000000000000024 1010050405000000 0 00 00000000 0 0 0 0000000000000025 55555555 0 14445045 1 05 14445045
0000000000000025 00131e0000000300 1 1e 00000003 0 0 0 0000000000000026 55555555 f 55555555 0 00 55555555
0000000000000026 0023171700000100 1 17 00000001 0 0 0 0000000000000027 55555555 f 55555555 0 00 55555555
0000000000000027 00731e1e00000100 1 1e 00000002 0 0 0 0000000000000028 55555555 f 55555555 0 00 55555555
0000000000000028 0013180000000000 1 18 00000000 0 0 0 0000000000000029 55555555 f 55555555 0 00 55555555
0000000000000029 0102001e18000000 0 00 00000000 4 0 0 000000000000002a 55555555 f 55555555 0 00 55555555
000000000000002a 0215fffffb040000 0 00 00000000 4 0 1 0000000000000026 55555555 f 55555555 0 00 55555555
0000000000000026 0023171700000100 1 17 00000002 4 0 0 0000000000000027 55555555 f 55555555 0 00 55555555
0000000000000027 00731e1e00000100 1 1e 00000001 4 0 0 0000000000000028 55555555 f 55555555 0 00 55555555
0000000000000028 0013180000000000 1 18 00000000 4 0 0 0000000000000029 55555555 f 55555555 0 00 55555555
0000000000000029 0102001e18000000 0 00 00000000 4 0 0 000000000000002a 55555555 f 55555555 0 00 55555555
000000000000002a 0215fffffb040000 0 00 00000000 4 0 1 0000000000000026 55555555 f 55555555 0 00 55555555
0000000000000026 0023171700000100 1 17 00000003 4 0 0 0000000000000027 55555555 f 55555555 0 00 55555555
0000000000000027 00731e1e00000100 1 1e 00000000 4 0 0 0000000000000028 55555555 f 55555555 0 00 55555555
0000000000000028 0013180000000000 1 18 00000000 4 0 0 0000000000000029 55555555 f 55555555 0 00 55555555
0000000000000029 0102001e18000000 0 00 00000000 5 1 0 000000000000002a 55555555 f 55555555 0 00 55555555
000000000000002a 0215fffffb040000 0 00 00000000 5 1 0 000000000000002b 55555555 f 55555555 0 00 55555555
000000000000002b 7cf5000000000000 0 00 00000000 5 1 0 000000000000002c 55555555 f 55555555 0 00 55555555
DONE retired=54 fault=00 pc=000000000000002b
