0000000000000000 0013140000004d00 1 14 0000004d 0 0 0 0000000000000001 fff80000 f fff80000 0 00 fff80000
0000000000000001 340005060000f000 0 00 00000000 0 0 0 0000000000000002 fff80000 f fff80000 1 05 fff80000
0000000000000002 101004030600f000 0 00 00000000 0 0 0 0000000000000003 fff80000 f fff80000 1 04 fff80000
0000000000000003 0013150000000100 1 15 00000001 0 0 0 0000000000000004 fff80000 f fff80000 0 00 fff80000
0000000000000004 342005150000f000 0 00 00000000 0 0 0 0000000000000005 fff80000 f fff80000 1 05 fff80000
0000000000000005 104004040400f000 0 00 00000000 0 0 0 0000000000000006 fff80000 f fff80000 1 04 fff80000
0000000000000006 106106050020f000 0 00 00000000 0 0 0 0000000000000007 fff80000 f fff80000 1 06 fff80000
0000000000000007 107103030025f000 0 00 00000000 0 0 0 0000000000000008 fff80000 f fff80000 1 03 fff80000
0000000000000008 100006030400c000 0 00 00000000 0 0 0 0000000000000009 fff80000 c fff80000 1 06 fff80000
0000000000000009 105003020400f000 0 00 00000000 0 0 0 000000000000000a fff80000 f fff80000 1 03 fff80000
000000000000000a 343006000000f000 0 00 00000000 0 0 0 000000000000000b fff80000 f fff80000 1 06 fff80000
000000000000000b 0013160000000100 1 16 00000001 0 0 0 000000000000000c fff80000 f fff80000 0 00 fff80000
000000000000000c 342003160000f000 0 00 00000000 0 0 0 000000000000000d fff80000 f fff80000 1 03 fff80000
000000000000000d 108103030004f000 0 00 00000000 0 0 0 000000000000000e fff80000 f fff80000 1 03 fff80000
000000000000000e 107106050021f000 0 00 00000000 0 0 0 000000000000000f fff80000 f fff80000 1 06 fff80000
000000000000000f 340005060000f000 0 00 00000000 0 0 0 0000000000000010 fff80000 f fff80000 1 05 fff80000
0000000000000010 0013160000000000 1 16 00000000 0 0 0 0000000000000011 fff80000 f fff80000 0 00 fff80000
0000000000000011 342003160000f000 0 00 00000000 0 0 0 0000000000000012 fff80000 f fff80000 1 03 fff80000
0000000000000012 10810203001bf000 0 00 00000000 0 0 0 0000000000000013 fff80000 f fff80000 1 02 fff80000
0000000000000013 10410602fa36f000 0 00 00000000 0 0 0 0000000000000014 fff80000 f fff80000 1 06 fff80000
0000000000000014 101105027ffff000 0 00 00000000 0 0 0 0000000000000015 fff80000 f fff80000 1 05 fff80000
0000000000000015 0013160000000000 1 16 00000000 0 0 0 0000000000000016 fff80000 f fff80000 0 00 fff80000
0000000000000016 342004160000f000 0 00 00000000 0 0 0 0000000000000017 fff80000 f fff80000 1 04 fff80000
0000000000000017 10810204001ff000 0 00 00000000 0 0 0 0000000000000018 fff80000 f fff80000 1 02 fff80000
0000000000000018 1000020603004000 0 00 00000000 0 0 0 0000000000000019 fff80000 4 fff80000 1 02 fff80000
0000000000000019 34110300e093f000 0 00 00000000 0 0 0 000000000000001a fff80000 f fff80000 1 03 fff80000
000000000000001a 0013160000000100 1 16 00000001 0 0 0 000000000000001b fff80000 f fff80000 0 00 fff80000
000000000000001b 342004160000f000 0 00 00000000 0 0 0 000000000000001c fff80000 f fff80000 1 04 fff80000
000000000000001c 108105040020f000 0 00 00000000 0 0 0 000000000000001d fff80000 f fff80000 1 05 fff80000
000000000000001d 34110600deac1000 0 00 00000000 0 0 0 000000000000001e fff80000 1 00000000 1 06 00000000
000000000000001e 100002030500f000 0 00 00000000 0 0 0 000000000000001f fff80000 f fff80000 1 02 fff80000
000000000000001f 105104062875f000 0 00 00000000 0 0 0 0000000000000020 fff80000 f fff80000 1 04 fff80000
0000000000000020 103002030600f000 0 00 00000000 0 0 0 0000000000000021 fff80000 f fff80000 1 02 fff80000
0000000000000021 10610206000ff000 0 00 00000000 0 0 0 0000000000000022 fff80000 f fff80000 1 02 fff80000
0000000000000022 104006040300f000 0 00 00000000 0 0 0 0000000000000023 fff80000 f fff80000 1 06 fff80000
0000000000000023 105103057ffff000 0 00 00000000 0 0 0 0000000000000024 fff80000 f fff80000 1 03 fff80000
0000000000000024 100004050200a000 0 00 00000000 0 0 0 0000000000000025 fff80000 a 55500000 1 04 55500000
0000000000000025 343002000000f000 0 00 00000000 0 0 0 0000000000000026 fff80000 f fff80000 1 02 fff80000
0000000000000026 0013150000000000 1 15 00000000 0 0 0 0000000000000027 fff80000 f fff80000 0 00 fff80000
0000000000000027 3420041500000000 0 00 00000000 0 0 0 0000000000000028 fff80000 0 aaa80000 1 04 aaa80000
0000000000000028 00131e0000000200 1 1e 00000002 0 0 0 0000000000000029 fff80000 f fff80000 0 00 fff80000
0000000000000029 0023171700000100 1 17 00000001 0 0 0 000000000000002a fff80000 f fff80000 0 00 fff80000
000000000000002a 00731e1e00000100 1 1e 00000001 0 0 0 000000000000002b fff80000 f fff80000 0 00 fff80000
000000000000002b 0013180000000000 1 18 00000000 0 0 0 000000000000002c fff80000 f fff80000 0 00 fff80000
000000000000002c 0102001e18000000 0 00 00000000 4 0 0 000000000000002d fff80000 f fff80000 0 00 fff80000
000000000000002d 0215fffffb040000 0 00 00000000 4 0 1 0000000000000029 fff80000 f fff80000 0 00 fff80000
0000000000000029 0023171700000100 1 17 00000002 4 0 0 000000000000002a fff80000 f fff80000 0 00 fff80000
000000000000002a 00731e1e00000100 1 1e 00000000 4 0 0 000000000000002b fff80000 f fff80000 0 00 fff80000
000000000000002b 0013180000000000 1 18 00000000 4 0 0 000000000000002c fff80000 f fff80000 0 00 fff80000
000000000000002c 0102001e18000000 0 00 00000000 5 1 0 000000000000002d fff80000 f fff80000 0 00 fff80000
000000000000002d 0215fffffb040000 0 00 00000000 5 1 0 000000000000002e fff80000 f fff80000 0 00 fff80000
000000000000002e 7cf5000000000000 0 00 00000000 5 1 0 000000000000002f fff80000 f fff80000 0 00 fff80000
DONE retired=52 fault=00 pc=000000000000002e
