0000000000000000 00131d0000000000 1 1d 00000000 0 0 0 0000000000000001
0000000000000001 00220c0804000000 1 0c 00000000 0 0 0 0000000000000002
0000000000000002 00731209c1080900 1 12 003ef7f7 0 0 0 0000000000000003
0000000000000003 00220b0904000000 1 0b 00000000 0 0 0 0000000000000004
0000000000000004 002301112514f000 1 01 002514f0 0 0 0 0000000000000005
0000000000000005 8506000000000000 0 00 00000000 0 0 0 0000000000000006
0000000000000006 012200130f000000 0 00 00000000 5 0 0 0000000000000007
0000000000000007 02150000010e0000 0 00 00000000 5 0 1 0000000000000009
0000000000000009 00130c0000000100 1 0c 00000001 5 0 0 000000000000000a
000000000000000a 8506000000000000 0 00 00000000 5 0 0 000000000000000b
000000000000000b 8506000000000000 0 00 00000000 5 0 0 000000000000000c
000000000000000c 00130600312d1f00 1 06 00312d1f 5 0 0 000000000000000d
000000000000000d 00130100eb2dd800 1 01 ffeb2dd8 5 0 0 000000000000000e
000000000000000e 00720a0f08000000 1 0a 00000000 5 0 0 000000000000000f
000000000000000f 8506000000000000 0 00 00000000 5 0 0 0000000000000010
0000000000000010 0042090f0e000000 1 09 00000000 5 0 0 0000000000000011
0000000000000011 0032070c09000000 1 07 00000000 5 0 0 0000000000000012
0000000000000012 0112001208000000 0 00 00000000 4 0 0 0000000000000013
0000000000000013 0215000003040000 0 00 00000000 4 0 1 0000000000000017
0000000000000017 0072020814000000 1 02 00000000 4 0 0 0000000000000018
0000000000000018 011200030a000000 0 00 00000000 5 0 0 0000000000000019
0000000000000019 02150000010e0000 0 00 00000000 5 0 1 000000000000001b
000000000000001b 00230b0ee4731700 1 0b ffe47317 5 0 0 000000000000001c
000000000000001c 001313008f78ad00 1 13 ff8f78ad 5 0 0 000000000000001d
000000000000001d 00920d0400000000 1 0d ffffffff 5 0 0 000000000000001e
000000000000001e 00130a00e2e91400 1 0a ffe2e914 5 0 0 000000000000001f
000000000000001f 0073050a6bc40d00 1 05 ff772507 5 0 0 0000000000000020
0000000000000020 00820e140b000000 1 0e ffe47317 5 0 0 0000000000000021
0000000000000021 0073070d528e0600 1 07 ffad71f9 5 0 0 0000000000000022
0000000000000022 005205080a000000 1 05 ffe2e914 5 0 0 0000000000000023
0000000000000023 0092140600000000 1 14 ffced2e0 5 0 0 0000000000000024
0000000000000024 8506000000000000 0 00 00000000 5 0 0 0000000000000025
0000000000000025 00131000d3d8ab00 1 10 ffd3d8ab 5 0 0 0000000000000026
0000000000000026 006214110f000000 1 14 00000000 5 0 0 0000000000000027
0000000000000027 00130c0078d55500 1 0c 0078d555 5 0 0 0000000000000028
0000000000000028 0102000b04000000 0 00 00000000 6 0 0 0000000000000029
0000000000000029 02150000020c0000 0 00 00000000 6 0 0 000000000000002a
000000000000002a 8506000000000000 0 00 00000000 6 0 0 000000000000002b
000000000000002b 8506000000000000 0 00 00000000 6 0 0 000000000000002c
000000000000002c 0306000000000f00 1 0f 00000000 6 0 0 000000000000002d
000000000000002d 8506000000000000 0 00 00000000 6 0 0 000000000000002e
000000000000002e 001310000e4da100 1 10 000e4da1 6 0 0 000000000000002f
000000000000002f 00a30d1100002100 1 0d 00000000 6 0 0 0000000000000030
0000000000000030 0063130800000200 1 13 00000000 6 0 0 0000000000000031
0000000000000031 00131e0000000300 1 1e 00000003 6 0 0 0000000000000032
0000000000000032 0023151500000100 1 15 00000001 6 0 0 0000000000000033
0000000000000033 00731e1e00000100 1 1e 00000002 6 0 0 0000000000000034
0000000000000034 0102001e1d000000 0 00 00000000 4 0 0 0000000000000035
0000000000000035 0215fffffc040000 0 00 00000000 4 0 1 0000000000000032
0000000000000032 0023151500000100 1 15 00000002 4 0 0 0000000000000033
0000000000000033 00731e1e00000100 1 1e 00000001 4 0 0 0000000000000034
0000000000000034 0102001e1d000000 0 00 00000000 4 0 0 0000000000000035
0000000000000035 0215fffffc040000 0 00 00000000 4 0 1 0000000000000032
0000000000000032 0023151500000100 1 15 00000003 4 0 0 0000000000000033
0000000000000033 00731e1e00000100 1 1e 00000000 4 0 0 0000000000000034
0000000000000034 0102001e1d000000 0 00 00000000 5 1 0 0000000000000035
0000000000000035 0215fffffc040000 0 00 00000000 5 1 0 0000000000000036
0000000000000036 7cf5000000000000 0 00 00000000 5 1 0 0000000000000037
DONE retired=58 fault=00 pc=0000000000000036
