0000000000000000 0013140000004d00 1 14 0000004d 0 0 0 0000000000000001 c97d1fb1 f c97d1fb1 0 00 c97d1fb1
0000000000000001 104003040600f000 0 00 00000000 0 0 0 0000000000000002 c97d1fb1 f c97d1fb1 1 03 c97d1fb1
0000000000000002 104002060500f000 0 00 00000000 0 0 0 0000000000000003 c97d1fb1 f c97d1fb1 1 02 c97d1fb1
0000000000000003 341106003743f000 0 00 00000000 0 0 0 0000000000000004 c97d1fb1 f c97d1fb1 1 06 c97d1fb1
0000000000000004 103004020400f000 0 00 00000000 0 0 0 0000000000000005 c97d1fb1 f c97d1fb1 1 04 c97d1fb1
0000000000000005 102004050400f000 0 00 00000000 0 0 0 0000000000000006 c97d1fb1 f c97d1fb1 1 04 c97d1fb1
0000000000000006 10510205f0e7f000 0 00 00000000 0 0 0 0000000000000007 c97d1fb1 f c97d1fb1 1 02 c97d1fb1
0000000000000007 100003050200f000 0 00 00000000 0 0 0 0000000000000008 c97d1fb1 f c97d1fb1 1 03 c97d1fb1
0000000000000008 10710503001ff000 0 00 00000000 0 0 0 0000000000000009 c97d1fb1 f c97d1fb1 1 05 c97d1fb1
0000000000000009 106105060000f000 0 00 00000000 0 0 0 000000000000000a c97d1fb1 f c97d1fb1 1 05 c97d1fb1
000000000000000a 0013150000000000 1 15 00000000 0 0 0 000000000000000b c97d1fb1 f c97d1fb1 0 00 c97d1fb1
000000000000000b 3420061500001000 0 00 00000000 0 0 0 000000000000000c c97d1fb1 1 41551511 1 06 41551511
000000000000000c 103006060600f000 0 00 00000000 0 0 0 000000000000000d c97d1fb1 f c97d1fb1 1 06 c97d1fb1
000000000000000d 0013160000000000 1 16 00000000 0 0 0 000000000000000e c97d1fb1 f c97d1fb1 0 00 c97d1fb1
000000000000000e 342006160000f000 0 00 00000000 0 0 0 000000000000000f c97d1fb1 f c97d1fb1 1 06 c97d1fb1
000000000000000f 108102060010f000 0 00 00000000 0 0 0 0000000000000010 c97d1fb1 f c97d1fb1 1 02 c97d1fb1
0000000000000010 104104068000f000 0 00 00000000 0 0 0 0000000000000011 c97d1fb1 f c97d1fb1 1 04 c97d1fb1
0000000000000011 104002040500f000 0 00 00000000 0 0 0 0000000000000012 c97d1fb1 f c97d1fb1 1 02 c97d1fb1
0000000000000012 100002030400e000 0 00 00000000 0 0 0 0000000000000013 c97d1fb1 e c8600301 1 02 c8600301
0000000000000013 341104000e1ff000 0 00 00000000 0 0 0 0000000000000014 c97d1fb1 f c97d1fb1 1 04 c97d1fb1
0000000000000014 102006020400f000 0 00 00000000 0 0 0 0000000000000015 c97d1fb1 f c97d1fb1 1 06 c97d1fb1
0000000000000015 0013150000000100 1 15 00000001 0 0 0 0000000000000016 c97d1fb1 f c97d1fb1 0 00 c97d1fb1
0000000000000016 342006150000f000 0 00 00000000 0 0 0 0000000000000017 c97d1fb1 f c97d1fb1 1 06 c97d1fb1
0000000000000017 340005040000f000 0 00 00000000 0 0 0 0000000000000018 c97d1fb1 f c97d1fb1 1 05 c97d1fb1
0000000000000018 106102020001f000 0 00 00000000 0 0 0 0000000000000019 c97d1fb1 f c97d1fb1 1 02 c97d1fb1
0000000000000019 3400050200008000 0 00 00000000 0 0 0 000000000000001a c97d1fb1 8 497805b1 1 05 497805b1
000000000000001a 00131500ffffff00 1 15 ffffffff 0 0 0 000000000000001b c97d1fb1 f c97d1fb1 0 00 c97d1fb1
000000000000001b 342004150000a000 0 00 00000000 0 0 0 000000000000001c c97d1fb1 a c97d1fb1 1 04 c97d1fb1
000000000000001c 0013150000000000 1 15 00000000 0 0 0 000000000000001d c97d1fb1 f c97d1fb1 0 00 c97d1fb1
000000000000001d 342006150000f000 0 00 00000000 0 0 0 000000000000001e c97d1fb1 f c97d1fb1 1 06 c97d1fb1
000000000000001e 10710403001ff000 0 00 00000000 0 0 0 000000000000001f c97d1fb1 f c97d1fb1 1 04 c97d1fb1
000000000000001f 341104008818f000 0 00 00000000 0 0 0 0000000000000020 c97d1fb1 f c97d1fb1 1 04 c97d1fb1
0000000000000020 0013150055555500 1 15 00555555 0 0 0 0000000000000021 c97d1fb1 f c97d1fb1 0 00 c97d1fb1
0000000000000021 342005150000f000 0 00 00000000 0 0 0 0000000000000022 c97d1fb1 f c97d1fb1 1 05 c97d1fb1
0000000000000022 00131e0000000200 1 1e 00000002 0 0 0 0000000000000023 c97d1fb1 f c97d1fb1 0 00 c97d1fb1
0000000000000023 0023171700000100 1 17 00000001 0 0 0 0000000000000024 c97d1fb1 f c97d1fb1 0 00 c97d1fb1
0000000000000024 00731e1e00000100 1 1e 00000001 0 0 0 0000000000000025 c97d1fb1 f c97d1fb1 0 00 c97d1fb1
0000000000000025 0013180000000000 1 18 00000000 0 0 0 0000000000000026 c97d1fb1 f c97d1fb1 0 00 c97d1fb1
0000000000000026 0102001e18000000 0 00 00000000 4 0 0 0000000000000027 c97d1fb1 f c97d1fb1 0 00 c97d1fb1
0000000000000027 0215fffffb040000 0 00 00000000 4 0 1 0000000000000023 c97d1fb1 f c97d1fb1 0 00 c97d1fb1
0000000000000023 0023171700000100 1 17 00000002 4 0 0 0000000000000024 c97d1fb1 f c97d1fb1 0 00 c97d1fb1
0000000000000024 00731e1e00000100 1 1e 00000000 4 0 0 0000000000000025 c97d1fb1 f c97d1fb1 0 00 c97d1fb1
0000000000000025 0013180000000000 1 18 00000000 4 0 0 0000000000000026 c97d1fb1 f c97d1fb1 0 00 c97d1fb1
0000000000000026 0102001e18000000 0 00 00000000 5 1 0 0000000000000027 c97d1fb1 f c97d1fb1 0 00 c97d1fb1
0000000000000027 0215fffffb040000 0 00 00000000 5 1 0 0000000000000028 c97d1fb1 f c97d1fb1 0 00 c97d1fb1
0000000000000028 7cf5000000000000 0 00 00000000 5 1 0 0000000000000029 c97d1fb1 f c97d1fb1 0 00 c97d1fb1
DONE retired=46 fault=00 pc=0000000000000028
