0000000000000000 0013140000004d00 1 14 0000004d 0 0 0 0000000000000001 a59d8a08 f a59d8a08 0 00 a59d8a08
0000000000000001 106102060020f000 0 00 00000000 0 0 0 0000000000000002 a59d8a08 f a59d8a08 1 02 a59d8a08
0000000000000002 340004030000f000 0 00 00000000 0 0 0 0000000000000003 a59d8a08 f a59d8a08 1 04 a59d8a08
0000000000000003 101104038000f000 0 00 00000000 0 0 0 0000000000000004 a59d8a08 f a59d8a08 1 04 a59d8a08
0000000000000004 340005030000f000 0 00 00000000 0 0 0 0000000000000005 a59d8a08 f a59d8a08 1 05 a59d8a08
0000000000000005 102003020300f000 0 00 00000000 0 0 0 0000000000000006 a59d8a08 f a59d8a08 1 03 a59d8a08
0000000000000006 34110200e297f000 0 00 00000000 0 0 0 0000000000000007 a59d8a08 f a59d8a08 1 02 a59d8a08
0000000000000007 343002000000f000 0 00 00000000 0 0 0 0000000000000008 a59d8a08 f a59d8a08 1 02 a59d8a08
0000000000000008 10710303003ff000 0 00 00000000 0 0 0 0000000000000009 a59d8a08 f a59d8a08 1 03 a59d8a08
0000000000000009 106103060010f000 0 00 00000000 0 0 0 000000000000000a a59d8a08 f a59d8a08 1 03 a59d8a08
000000000000000a 00131600ffffff00 1 16 ffffffff 0 0 0 000000000000000b a59d8a08 f a59d8a08 0 00 a59d8a08
000000000000000b 342005160000f000 0 00 00000000 0 0 0 000000000000000c a59d8a08 f a59d8a08 1 05 a59d8a08
000000000000000c 10810205000ff000 0 00 00000000 0 0 0 000000000000000d a59d8a08 f a59d8a08 1 02 a59d8a08
000000000000000d 340005060000f000 0 00 00000000 0 0 0 000000000000000e a59d8a08 f a59d8a08 1 05 a59d8a08
000000000000000e 00131e0000000200 1 1e 00000002 0 0 0 000000000000000f a59d8a08 f a59d8a08 0 00 a59d8a08
000000000000000f 0023171700000100 1 17 00000001 0 0 0 0000000000000010 a59d8a08 f a59d8a08 0 00 a59d8a08
0000000000000010 00731e1e00000100 1 1e 00000001 0 0 0 0000000000000011 a59d8a08 f a59d8a08 0 00 a59d8a08
0000000000000011 0013180000000000 1 18 00000000 0 0 0 0000000000000012 a59d8a08 f a59d8a08 0 00 a59d8a08
0000000000000012 0102001e18000000 0 00 00000000 4 0 0 0000000000000013 a59d8a08 f a59d8a08 0 00 a59d8a08
0000000000000013 0215fffffb040000 0 00 00000000 4 0 1 000000000000000f a59d8a08 f a59d8a08 0 00 a59d8a08
000000000000000f 0023171700000100 1 17 00000002 4 0 0 0000000000000010 a59d8a08 f a59d8a08 0 00 a59d8a08
0000000000000010 00731e1e00000100 1 1e 00000000 4 0 0 0000000000000011 a59d8a08 f a59d8a08 0 00 a59d8a08
0000000000000011 0013180000000000 1 18 00000000 4 0 0 0000000000000012 a59d8a08 f a59d8a08 0 00 a59d8a08
0000000000000012 0102001e18000000 0 00 00000000 5 1 0 0000000000000013 a59d8a08 f a59d8a08 0 00 a59d8a08
0000000000000013 0215fffffb040000 0 00 00000000 5 1 0 0000000000000014 a59d8a08 f a59d8a08 0 00 a59d8a08
0000000000000014 7cf5000000000000 0 00 00000000 5 1 0 0000000000000015 a59d8a08 f a59d8a08 0 00 a59d8a08
DONE retired=26 fault=00 pc=0000000000000014
