0000000000000000 00131d0000000000 1 1d 00000000 0 0 0 0000000000000001
0000000000000001 8506000000000000 0 00 00000000 0 0 0 0000000000000002
0000000000000002 010200020e000000 0 00 00000000 5 1 0 0000000000000003
0000000000000003 02150000020b0000 0 00 00000000 5 1 0 0000000000000004
0000000000000004 8506000000000000 0 00 00000000 5 1 0 0000000000000005
0000000000000005 8506000000000000 0 00 00000000 5 1 0 0000000000000006
0000000000000006 0102000714000000 0 00 00000000 5 1 0 0000000000000007
0000000000000007 0215000002030000 0 00 00000000 5 1 1 000000000000000a
000000000000000a 00230a107a749900 1 0a 007a7499 5 1 0 000000000000000b
000000000000000b 00420c010b000000 1 0c 00000000 5 1 0 000000000000000c
000000000000000c 002212100c000000 1 12 00000000 5 1 0 000000000000000d
000000000000000d 0306000000001100 1 11 00000000 5 1 0 000000000000000e
000000000000000e 0122000312000000 0 00 00000000 5 0 0 000000000000000f
000000000000000f 02150000020b0000 0 00 00000000 5 0 0 0000000000000010
0000000000000010 8506000000000000 0 00 00000000 5 0 0 0000000000000011
0000000000000011 8506000000000000 0 00 00000000 5 0 0 0000000000000012
0000000000000012 0092030d00000000 1 03 ffffffff 5 0 0 0000000000000013
0000000000000013 8506000000000000 0 00 00000000 5 0 0 0000000000000014
0000000000000014 00130100ffffff00 1 01 ffffffff 5 0 0 0000000000000015
0000000000000015 00a2060c09000000 1 06 00000000 5 0 0 0000000000000016
0000000000000016 00230e0965eee600 1 0e 0065eee6 5 0 0 0000000000000017
0000000000000017 0092120b00000000 1 12 ffffffff 5 0 0 0000000000000018
0000000000000018 00130100462cf800 1 01 00462cf8 5 0 0 0000000000000019
0000000000000019 8506000000000000 0 00 00000000 5 0 0 000000000000001a
000000000000001a 00920b0400000000 1 0b ffffffff 5 0 0 000000000000001b
000000000000001b 0042041404000000 1 04 00000000 5 0 0 000000000000001c
000000000000001c 00a3051300001f00 1 05 00000000 5 0 0 000000000000001d
000000000000001d 0092020300000000 1 02 00000000 5 0 0 000000000000001e
000000000000001e 012200130c000000 0 00 00000000 5 0 0 000000000000001f
000000000000001f 0215000003040000 0 00 00000000 5 0 0 0000000000000020
0000000000000020 8506000000000000 0 00 00000000 5 0 0 0000000000000021
0000000000000021 8506000000000000 0 00 00000000 5 0 0 0000000000000022
0000000000000022 8506000000000000 0 00 00000000 5 0 0 0000000000000023
0000000000000023 0102001214000000 0 00 00000000 6 0 0 0000000000000024
0000000000000024 02150000030c0000 0 00 00000000 6 0 0 0000000000000025
0000000000000025 8506000000000000 0 00 00000000 6 0 0 0000000000000026
0000000000000026 8506000000000000 0 00 00000000 6 0 0 0000000000000027
0000000000000027 8506000000000000 0 00 00000000 6 0 0 0000000000000028
0000000000000028 0122000c14000000 0 00 00000000 5 0 0 0000000000000029
0000000000000029 0215000002030000 0 00 00000000 5 0 1 000000000000002c
000000000000002c 0073041400000000 1 04 00000000 5 0 0 000000000000002d
000000000000002d 0092100200000000 1 10 ffffffff 5 0 0 000000000000002e
000000000000002e 00131300ffffff00 1 13 ffffffff 5 0 0 000000000000002f
000000000000002f 00130a00aaaaaa00 1 0a ffaaaaaa 5 0 0 0000000000000030
0000000000000030 8506000000000000 0 00 00000000 5 0 0 0000000000000031
0000000000000031 00230406fe07f900 1 04 fffe07f9 5 0 0 0000000000000032
0000000000000032 8506000000000000 0 00 00000000 5 0 0 0000000000000033
0000000000000033 8506000000000000 0 00 00000000 5 0 0 0000000000000034
0000000000000034 8506000000000000 0 00 00000000 5 0 0 0000000000000035
0000000000000035 00131e0000000100 1 1e 00000001 5 0 0 0000000000000036
0000000000000036 0023151500000100 1 15 00000001 5 0 0 0000000000000037
0000000000000037 00731e1e00000100 1 1e 00000000 5 0 0 0000000000000038
0000000000000038 0102001e1d000000 0 00 00000000 5 1 0 0000000000000039
0000000000000039 0215fffffc040000 0 00 00000000 5 1 0 000000000000003a
000000000000003a 7cf5000000000000 0 00 00000000 5 1 0 000000000000003b
DONE retired=55 fault=00 pc=000000000000003a
