0000000000000000 343001000000f000 0 00 00000000 0 0 0 0 0 0 0000000000000001 ffffffff f ffffffff 1 01
0000000000000001 341107000001f000 0 00 00000000 0 0 0 0 0 0 0000000000000002 ffffffff f ffffffff 1 07
0000000000000002 34110c000003f000 0 00 00000000 0 0 0 0 0 0 0000000000000003 ffffffff f ffffffff 1 0c
0000000000000003 10100c050400f000 0 00 00000000 0 0 0 0 0 0 0000000000000004 ffffffff f ffffffff 1 0c
0000000000000004 301900b0c0000000 0 00 00000000 0 0 0 0 0 0 0000000000000005 ffffffff f ffffffff 0 00
0000000000000005 7c150000100000b9 0 00 00000000 0 0 0 0 0 0 0000000000000016 ffffffff f ffffffff 0 00
0000000000000016 300940b070000000 0 00 00000000 0 0 0 0 0 0 0000000000000017 ffffffff f ffffffff 0 00
0000000000000017 7c1500000d4000a5 0 00 00000000 0 0 0 0 0 0 0000000000000025 ffffffff f ffffffff 0 00
0000000000000025 3039a010c0000000 0 00 00000000 0 0 0 0 0 0 0000000000000026 ffffffff f ffffffff 0 00
0000000000000026 7c15000002a00094 0 00 00000000 0 0 0 0 0 0 0000000000000027 00000001 f 00000001 0 00
0000000000000027 105004030700f000 0 00 00000000 0 0 0 0 0 0 0000000000000028 00000001 f 00000001 1 04
0000000000000028 0205000092000000 0 00 00000000 0 0 0 0 0 1 00000000000000bb 00000001 f 00000001 0 00
00000000000000bb 7c25000000000000 0 00 00000000 0 0 0 0 0 0 0000000000000029 fffffffe f fffffffe 0 00
0000000000000029 300920a0c0000000 0 00 00000000 0 0 0 0 0 0 000000000000002a fffffffe f fffffffe 0 00
000000000000002a 7c1500000e20004f 0 00 00000000 0 0 0 0 0 0 000000000000002b fffffffe f fffffffe 0 00
000000000000002b 34110d000003f000 0 00 00000000 0 0 0 0 0 0 000000000000002c fffffffe f fffffffe 1 0d
000000000000002c 10300c010d00f000 0 00 00000000 0 0 0 0 0 0 000000000000002d fffffffe f fffffffe 1 0c
000000000000002d 10000c0c0700f000 0 00 00000000 0 0 0 0 0 0 000000000000002e fffffffe f fffffffe 1 0c
000000000000002e 34110a000000f000 0 00 00000000 0 0 0 0 0 0 000000000000002f fffffffe f fffffffe 1 0a
000000000000002f 7c85000007000000 0 00 00000000 0 0 0 0 0 0 0000000000000030 fffffffe f fffffffe 0 00
0000000000000030 3059e0a0c0000000 0 00 00000000 0 0 0 0 0 0 0000000000000031 fffffffe f fffffffe 0 00
0000000000000031 3029d0a0c0000000 0 00 00000000 0 0 0 0 0 0 0000000000000032 fffffffe f fffffffe 0 00
0000000000000032 301960a070000000 0 00 00000000 0 0 0 0 0 0 0000000000000033 fffffffe f fffffffe 0 00
0000000000000033 7c15000000600001 0 00 00000000 0 0 0 0 0 0 0000000000000034 fffffffe f fffffffe 0 00
0000000000000034 104005010700f000 0 00 00000000 0 0 0 0 0 0 0000000000000035 fffffffe f fffffffe 1 05
0000000000000035 7c25000000000000 0 00 00000000 0 0 0 0 0 0 0000000000000036 fffffffe f fffffffe 0 00
0000000000000036 10000a0a0700f000 0 00 00000000 0 0 0 0 0 0 0000000000000037 fffffffe f fffffffe 1 0a
0000000000000037 7c95fffff8d00000 0 00 00000000 0 0 0 0 0 0 0000000000000030 fffffffe f fffffffe 0 00
0000000000000030 3059e0a0c0000000 0 00 00000000 0 0 0 0 0 0 0000000000000031 fffffffe f fffffffe 0 00
0000000000000031 3029d0a0c0000000 0 00 00000000 0 0 0 0 0 0 0000000000000032 fffffffe f fffffffe 0 00
0000000000000032 301960a070000000 0 00 00000000 0 0 0 0 0 0 0000000000000033 fffffffe f fffffffe 0 00
0000000000000033 7c15000000600001 0 00 00000000 0 0 0 0 0 0 0000000000000034 fffffffe f fffffffe 0 00
0000000000000034 104005010700f000 0 00 00000000 0 0 0 0 0 0 0000000000000035 fffffffe f fffffffe 1 05
0000000000000035 7c25000000000000 0 00 00000000 0 0 0 0 0 0 0000000000000036 fffffffe f fffffffe 0 00
0000000000000036 10000a0a0700f000 0 00 00000000 0 0 0 0 0 0 0000000000000037 fffffffe f fffffffe 1 0a
0000000000000037 7c95fffff8d00000 0 00 00000000 0 0 0 0 0 0 0000000000000030 eeeeeeee f eeeeeeee 0 00
0000000000000030 3059e0a0c0000000 0 00 00000000 0 0 0 0 0 0 0000000000000031 eeeeeeee f eeeeeeee 0 00
0000000000000031 3029d0a0c0000000 0 00 00000000 0 0 0 0 0 0 0000000000000032 eeeeeeee f eeeeeeee 0 00
0000000000000032 301960a070000000 0 00 00000000 0 0 0 0 0 0 0000000000000033 eeeeeeee f eeeeeeee 0 00
0000000000000033 7c15000000600001 0 00 00000000 0 0 0 0 0 0 0000000000000034 eeeeeeee f eeeeeeee 0 00
0000000000000034 104005010700f000 0 00 00000000 0 0 0 0 0 0 0000000000000035 eeeeeeee f eeeeeeee 1 05
0000000000000035 7c25000000000000 0 00 00000000 0 0 0 0 0 0 0000000000000036 eeeeeeee f eeeeeeee 0 00
0000000000000036 10000a0a0700f000 0 00 00000000 0 0 0 0 0 0 0000000000000037 eeeeeeee f eeeeeeee 1 0a
0000000000000037 7c95fffff8d00000 0 00 00000000 0 0 0 0 0 0 0000000000000030 cccccccc f cccccccc 0 00
0000000000000030 3059e0a0c0000000 0 00 00000000 0 0 0 0 0 0 0000000000000031 cccccccc f cccccccc 0 00
0000000000000031 3029d0a0c0000000 0 00 00000000 0 0 0 0 0 0 0000000000000032 cccccccc f cccccccc 0 00
0000000000000032 301960a070000000 0 00 00000000 0 0 0 0 0 0 0000000000000033 cccccccc f cccccccc 0 00
0000000000000033 7c15000000600001 0 00 00000000 0 0 0 0 0 0 0000000000000034 cccccccc f cccccccc 0 00
0000000000000034 104005010700f000 0 00 00000000 0 0 0 0 0 0 0000000000000035 cccccccc f cccccccc 1 05
0000000000000035 7c25000000000000 0 00 00000000 0 0 0 0 0 0 0000000000000036 cccccccc f cccccccc 0 00
0000000000000036 10000a0a0700f000 0 00 00000000 0 0 0 0 0 0 0000000000000037 cccccccc f cccccccc 1 0a
0000000000000037 7c95fffff8d00000 0 00 00000000 0 0 0 0 0 0 0000000000000030 88888888 f 88888888 0 00
0000000000000030 3059e0a0c0000000 0 00 00000000 0 0 0 0 0 0 0000000000000031 88888888 f 88888888 0 00
0000000000000031 3029d0a0c0000000 0 00 00000000 0 0 0 0 0 0 0000000000000032 88888888 f 88888888 0 00
0000000000000032 301960a070000000 0 00 00000000 0 0 0 0 0 0 0000000000000033 88888888 f 88888888 0 00
0000000000000033 7c15000000600001 0 00 00000000 0 0 0 0 0 0 0000000000000034 88888888 f 88888888 0 00
0000000000000034 104005010700f000 0 00 00000000 0 0 0 0 0 0 0000000000000035 88888888 f 88888888 1 05
0000000000000035 7c25000000000000 0 00 00000000 0 0 0 0 0 0 0000000000000036 88888888 f 88888888 0 00
0000000000000036 10000a0a0700f000 0 00 00000000 0 0 0 0 0 0 0000000000000037 88888888 f 88888888 1 0a
0000000000000037 7c95fffff8d00000 0 00 00000000 0 0 0 0 0 0 0000000000000038 fffffffe f fffffffe 0 00
0000000000000038 0205000041000000 0 00 00000000 0 0 0 0 0 1 000000000000007a fffffffe f fffffffe 0 00
000000000000007a 7c25000000000000 0 00 00000000 0 0 0 0 0 0 000000000000007b fffffffe f fffffffe 0 00
000000000000007b 301990a0c0000000 0 00 00000000 0 0 0 0 0 0 000000000000007c fffffffe f fffffffe 0 00
000000000000007c 7c1500003c90003d 0 00 00000000 0 0 0 0 0 0 000000000000007d fffffffe f fffffffe 0 00
000000000000007d 1010050c0100f000 0 00 00000000 0 0 0 0 0 0 000000000000007e fffffffe f fffffffe 1 05
000000000000007e 3019e01070000000 0 00 00000000 0 0 0 0 0 0 000000000000007f fffffffe f fffffffe 0 00
000000000000007f 7c15000028e00037 0 00 00000000 0 0 0 0 0 0 0000000000000080 fffffffc f fffffffc 0 00
0000000000000080 30391030c0000000 0 00 00000000 0 0 0 0 0 0 0000000000000081 fffffffc f fffffffc 0 00
0000000000000081 7c15000018100024 0 00 00000000 0 0 0 0 0 0 0000000000000082 fffffffc f fffffffc 0 00
0000000000000082 305990a070000000 0 00 00000000 0 0 0 0 0 0 0000000000000083 fffffffc f fffffffc 0 00
0000000000000083 7c15000008900013 0 00 00000000 0 0 0 0 0 0 0000000000000084 fffffffc f fffffffc 0 00
0000000000000084 3039d0b0c0000000 0 00 00000000 0 0 0 0 0 0 0000000000000085 fffffffc f fffffffc 0 00
0000000000000085 7c15000002d00004 0 00 00000000 0 0 0 0 0 0 0000000000000086 fffffffc f fffffffc 0 00
0000000000000086 110004040500f000 0 00 00000000 0 0 0 0 0 0 0000000000000087 fffffffc f fffffffc 1 04
0000000000000087 0205000002000000 0 00 00000000 0 0 0 0 0 1 000000000000008a fffffffc f fffffffc 0 00
000000000000008a 7c25000000000000 0 00 00000000 0 0 0 0 0 0 000000000000008b fffffffc f fffffffc 0 00
000000000000008b 020500000b000000 0 00 00000000 0 0 0 0 0 1 0000000000000097 fffffffc f fffffffc 0 00
0000000000000097 7c25000000000000 0 00 00000000 0 0 0 0 0 0 0000000000000098 fffffffc f fffffffc 0 00
0000000000000098 101005010c00f000 0 00 00000000 0 0 0 0 0 0 0000000000000099 fffffffc f fffffffc 1 05
0000000000000099 020500000c000000 0 00 00000000 0 0 0 0 0 1 00000000000000a6 fffffffc f fffffffc 0 00
00000000000000a6 7c25000000000000 0 00 00000000 0 0 0 0 0 0 00000000000000a7 fffffffc f fffffffc 0 00
00000000000000a7 020500000f000000 0 00 00000000 0 0 0 0 0 1 00000000000000b7 fffffffc f fffffffc 0 00
00000000000000b7 7c25000000000000 0 00 00000000 0 0 0 0 0 0 00000000000000a8 00000002 f 00000002 0 00
00000000000000a8 101003010500f000 0 00 00000000 0 0 0 0 0 0 00000000000000a9 00000002 f 00000002 1 03
00000000000000a9 34110d000001f000 0 00 00000000 0 0 0 0 0 0 00000000000000aa 00000002 f 00000002 1 0d
00000000000000aa 10300c010d00f000 0 00 00000000 0 0 0 0 0 0 00000000000000ab 00000002 f 00000002 1 0c
00000000000000ab 10000c0c0700f000 0 00 00000000 0 0 0 0 0 0 00000000000000ac 00000002 f 00000002 1 0c
00000000000000ac 34110a000000f000 0 00 00000000 0 0 0 0 0 0 00000000000000ad 00000002 f 00000002 1 0a
00000000000000ad 7c85000008000000 0 00 00000000 0 0 0 0 0 0 00000000000000ae 00000002 f 00000002 0 00
00000000000000ae 3059e0a0c0000000 0 00 00000000 0 0 0 0 0 0 00000000000000af 00000002 f 00000002 0 00
00000000000000af 3029d0a0c0000000 0 00 00000000 0 0 0 0 0 0 00000000000000b0 00000002 f 00000002 0 00
00000000000000b0 3009001070000000 0 00 00000000 0 0 0 0 0 0 00000000000000b1 00000002 f 00000002 0 00
00000000000000b1 7c15000000000001 0 00 00000000 0 0 0 0 0 0 00000000000000b2 00000002 f 00000002 0 00
00000000000000b2 103004040700f000 0 00 00000000 0 0 0 0 0 0 00000000000000b3 00000002 f 00000002 1 04
00000000000000b3 7c25000000000000 0 00 00000000 0 0 0 0 0 0 00000000000000b4 00000002 f 00000002 0 00
00000000000000b4 7cb5000000e00000 0 00 00000000 0 0 0 0 0 0 00000000000000b5 00000002 f 00000002 0 00
00000000000000b5 10000a0a0700f000 0 00 00000000 0 0 0 0 0 0 00000000000000b6 00000002 f 00000002 1 0a
00000000000000b6 7c95fffff7d00000 0 00 00000000 0 0 0 0 0 0 00000000000000ae 00000002 f 00000002 0 00
00000000000000ae 3059e0a0c0000000 0 00 00000000 0 0 0 0 0 0 00000000000000af 00000002 f 00000002 0 00
00000000000000af 3029d0a0c0000000 0 00 00000000 0 0 0 0 0 0 00000000000000b0 00000002 f 00000002 0 00
00000000000000b0 3009001070000000 0 00 00000000 0 0 0 0 0 0 00000000000000b1 00000002 f 00000002 0 00
00000000000000b1 7c15000000000001 0 00 00000000 0 0 0 0 0 0 00000000000000b2 00000002 f 00000002 0 00
00000000000000b2 103004040700f000 0 00 00000000 0 0 0 0 0 0 00000000000000b3 00000002 f 00000002 1 04
00000000000000b3 7c25000000000000 0 00 00000000 0 0 0 0 0 0 00000000000000b4 00000002 f 00000002 0 00
00000000000000b4 7cb5000000e00000 0 00 00000000 0 0 0 0 0 0 00000000000000b5 00000002 f 00000002 0 00
00000000000000b5 10000a0a0700f000 0 00 00000000 0 0 0 0 0 0 00000000000000b6 00000002 f 00000002 1 0a
00000000000000b6 7c95fffff7d00000 0 00 00000000 0 0 0 0 0 0 00000000000000ae 00000002 f 00000002 0 00
00000000000000ae 3059e0a0c0000000 0 00 00000000 0 0 0 0 0 0 00000000000000af 00000002 f 00000002 0 00
00000000000000af 3029d0a0c0000000 0 00 00000000 0 0 0 0 0 0 00000000000000b0 00000002 f 00000002 0 00
00000000000000b0 3009001070000000 0 00 00000000 0 0 0 0 0 0 00000000000000b1 00000002 f 00000002 0 00
00000000000000b1 7c15000000000001 0 00 00000000 0 0 0 0 0 0 00000000000000b2 00000002 f 00000002 0 00
00000000000000b2 103004040700f000 0 00 00000000 0 0 0 0 0 0 00000000000000b3 00000002 f 00000002 1 04
00000000000000b3 7c25000000000000 0 00 00000000 0 0 0 0 0 0 00000000000000b4 00000002 f 00000002 0 00
00000000000000b6 7cb5000000e00000 0 00 00000000 0 0 0 0 0 0 00000000000000b5 00000000 f 00000000 0 00
00000000000000b6 7c95fffff7d00000 0 00 00000000 0 0 0 0 0 0 00000000000000b7 00000002 f 00000002 0 00
00000000000000b7 7c25000000000000 0 00 00000000 0 0 0 0 0 0 00000000000000b8 fffffffe f fffffffe 0 00
00000000000000b8 0205000001000000 0 00 00000000 0 0 0 0 0 1 00000000000000ba fffffffe f fffffffe 0 00
00000000000000ba 7c25000000000000 0 00 00000000 0 0 0 0 0 0 00000000000000bb fffffffe f fffffffe 0 00
00000000000000bb 7c25000000000000 0 00 00000000 0 0 0 0 0 0 00000000000000bc ffffffff f ffffffff 0 00
00000000000000bc 101005010c00f000 0 00 00000000 0 0 0 0 0 0 00000000000000bd ffffffff f ffffffff 1 05
00000000000000bd 7c25000000000000 0 00 00000000 0 0 0 0 0 0 00000000000000be ffffffff f ffffffff 0 00
00000000000000be 1010040c0100f000 0 00 00000000 0 0 0 0 0 0 00000000000000bf ffffffff f ffffffff 1 04
00000000000000bf 7c25000000000000 0 00 00000000 0 0 0 0 0 0 00000000000000c0 ffffffff f ffffffff 0 00
00000000000000c0 300910b070000000 0 00 00000000 0 0 0 0 0 0 00000000000000c1 ffffffff f ffffffff 0 00
00000000000000c1 7c150000071000e1 0 00 00000000 0 0 0 0 0 0 00000000000000c9 ffffffff f ffffffff 0 00
00000000000000c9 302910a070000000 0 00 00000000 0 0 0 0 0 0 00000000000000ca ffffffff f ffffffff 0 00
00000000000000ca 7c150000031000c4 0 00 00000000 0 0 0 0 0 0 00000000000000cb 00000001 f 00000001 0 00
00000000000000cb 0023060600000200 1 06 00000002 0 0 0 0 0 0 00000000000000cc 00000001 f 00000001 0 00
00000000000000cc 110003010700f000 0 00 00000000 0 0 0 0 0 0 00000000000000cd 00000001 f 00000001 1 03
00000000000000cd 02050000c1000000 0 00 00000000 0 0 0 0 0 1 000000000000018f 00000001 f 00000001 0 00
000000000000018f 7c25000000000000 0 00 00000000 0 0 0 0 0 0 00000000000000ce fffffffe f fffffffe 0 00
00000000000000ce 10500c010c00f000 0 00 00000000 0 0 0 0 0 0 00000000000000cf fffffffe f fffffffe 1 0c
00000000000000cf 3049d01070000000 0 00 00000000 0 0 0 0 0 0 00000000000000d0 fffffffe f fffffffe 0 00
00000000000000d0 7c1500000bd000bd 0 00 00000000 0 0 0 0 0 0 00000000000000d1 fffffffc f fffffffc 0 00
00000000000000d1 34110d000000f000 0 00 00000000 0 0 0 0 0 0 00000000000000d2 fffffffc f fffffffc 1 0d
00000000000000d2 10300c010d00f000 0 00 00000000 0 0 0 0 0 0 00000000000000d3 fffffffc f fffffffc 1 0c
00000000000000d3 10000c0c0700f000 0 00 00000000 0 0 0 0 0 0 00000000000000d4 fffffffc f fffffffc 1 0c
00000000000000d4 34110a000000f000 0 00 00000000 0 0 0 0 0 0 00000000000000d5 fffffffc f fffffffc 1 0a
00000000000000d5 7c85000004000000 0 00 00000000 0 0 0 0 0 0 00000000000000d6 fffffffc f fffffffc 0 00
00000000000000d6 3059e0a0c0000000 0 00 00000000 0 0 0 0 0 0 00000000000000d7 fffffffc f fffffffc 0 00
00000000000000d7 3029d0a0c0000000 0 00 00000000 0 0 0 0 0 0 00000000000000d8 fffffffc f fffffffc 0 00
00000000000000d8 1010050c0400f000 0 00 00000000 0 0 0 0 0 0 00000000000000d9 fffffffc f fffffffc 1 05
00000000000000d9 10000a0a0700f000 0 00 00000000 0 0 0 0 0 0 00000000000000da fffffffc f fffffffc 1 0a
00000000000000da 7c95fffffbd00000 0 00 00000000 0 0 0 0 0 0 00000000000000d6 fffffffc f fffffffc 0 00
00000000000000d6 3059e0a0c0000000 0 00 00000000 0 0 0 0 0 0 00000000000000d7 fffffffc f fffffffc 0 00
00000000000000d7 3029d0a0c0000000 0 00 00000000 0 0 0 0 0 0 00000000000000d8 fffffffc f fffffffc 0 00
00000000000000d8 1010050c0400f000 0 00 00000000 0 0 0 0 0 0 00000000000000d9 fffffffc f fffffffc 1 05
00000000000000d9 10000a0a0700f000 0 00 00000000 0 0 0 0 0 0 00000000000000da fffffffc f fffffffc 1 0a
00000000000000da 7c95fffffbd00000 0 00 00000000 0 0 0 0 0 0 00000000000000db fffffffc f fffffffc 0 00
00000000000000db 02050000b2000000 0 00 00000000 0 0 0 0 0 1 000000000000018e fffffffc f fffffffc 0 00
000000000000018e 7c25000000000000 0 00 00000000 0 0 0 0 0 0 00000000000000dc 00000002 f 00000002 0 00
00000000000000dc 30294030c0000000 0 00 00000000 0 0 0 0 0 0 00000000000000dd 00000002 f 00000002 0 00
00000000000000dd 7c1500001f4000af 0 00 00000000 0 0 0 0 0 0 00000000000000de 00000002 f 00000002 0 00
00000000000000de 30191010c0000000 0 00 00000000 0 0 0 0 0 0 00000000000000df 00000002 f 00000002 0 00
00000000000000df 7c1500001910001a 0 00 00000000 0 0 0 0 0 0 00000000000000e0 00000002 f 00000002 0 00
00000000000000e0 34110d000001f000 0 00 00000000 0 0 0 0 0 0 00000000000000e1 00000002 f 00000002 1 0d
00000000000000e1 10300c010d00f000 0 00 00000000 0 0 0 0 0 0 00000000000000e2 00000002 f 00000002 1 0c
00000000000000e2 10000c0c0700f000 0 00 00000000 0 0 0 0 0 0 00000000000000e3 00000002 f 00000002 1 0c
00000000000000e3 34110a000000f000 0 00 00000000 0 0 0 0 0 0 00000000000000e4 00000002 f 00000002 1 0a
00000000000000e4 7c85000007000000 0 00 00000000 0 0 0 0 0 0 00000000000000e5 00000002 f 00000002 0 00
00000000000000e5 3059e0a0c0000000 0 00 00000000 0 0 0 0 0 0 00000000000000e6 00000002 f 00000002 0 00
00000000000000e6 3029d0a0c0000000 0 00 00000000 0 0 0 0 0 0 00000000000000e7 00000002 f 00000002 0 00
00000000000000e7 3019601070000000 0 00 00000000 0 0 0 0 0 0 00000000000000e8 00000002 f 00000002 0 00
00000000000000e8 7c15000000600001 0 00 00000000 0 0 0 0 0 0 00000000000000e9 00000002 f 00000002 0 00
00000000000000e9 105003030700f000 0 00 00000000 0 0 0 0 0 0 00000000000000ea 00000002 f 00000002 1 03
00000000000000ea 7c25000000000000 0 00 00000000 0 0 0 0 0 0 00000000000000eb 00000002 f 00000002 0 00
00000000000000eb 10000a0a0700f000 0 00 00000000 0 0 0 0 0 0 00000000000000ec 00000002 f 00000002 1 0a
00000000000000ec 7c95fffff8d00000 0 00 00000000 0 0 0 0 0 0 00000000000000e5 00000002 f 00000002 0 00
00000000000000e5 3059e0a0c0000000 0 00 00000000 0 0 0 0 0 0 00000000000000e6 00000002 f 00000002 0 00
00000000000000e6 3029d0a0c0000000 0 00 00000000 0 0 0 0 0 0 00000000000000e7 00000002 f 00000002 0 00
00000000000000e7 3019601070000000 0 00 00000000 0 0 0 0 0 0 00000000000000e8 00000002 f 00000002 0 00
00000000000000e8 7c15000000600001 0 00 00000000 0 0 0 0 0 0 00000000000000e9 00000002 f 00000002 0 00
00000000000000e9 105003030700f000 0 00 00000000 0 0 0 0 0 0 00000000000000ea 00000002 f 00000002 1 03
00000000000000ea 7c25000000000000 0 00 00000000 0 0 0 0 0 0 00000000000000eb 00000002 f 00000002 0 00
00000000000000eb 10000a0a0700f000 0 00 00000000 0 0 0 0 0 0 00000000000000ec 00000002 f 00000002 1 0a
00000000000000ec 7c95fffff8d00000 0 00 00000000 0 0 0 0 0 0 00000000000000e5 00000002 f 00000002 0 00
00000000000000e5 3059e0a0c0000000 0 00 00000000 0 0 0 0 0 0 00000000000000e6 00000002 f 00000002 0 00
00000000000000e6 3029d0a0c0000000 0 00 00000000 0 0 0 0 0 0 00000000000000e7 00000002 f 00000002 0 00
00000000000000e7 3019601070000000 0 00 00000000 0 0 0 0 0 0 00000000000000e8 00000002 f 00000002 0 00
00000000000000e8 7c15000000600001 0 00 00000000 0 0 0 0 0 0 00000000000000e9 00000002 f 00000002 0 00
00000000000000e9 105003030700f000 0 00 00000000 0 0 0 0 0 0 00000000000000ea 00000002 f 00000002 1 03
00000000000000ea 7c25000000000000 0 00 00000000 0 0 0 0 0 0 00000000000000eb 00000002 f 00000002 0 00
00000000000000eb 10000a0a0700f000 0 00 00000000 0 0 0 0 0 0 00000000000000ec 00000002 f 00000002 1 0a
00000000000000ec 7c95fffff8d00000 0 00 00000000 0 0 0 0 0 0 00000000000000ed 00000002 f 00000002 0 00
00000000000000ed 34110d000000f000 0 00 00000000 0 0 0 0 0 0 00000000000000ee 00000002 f 00000002 1 0d
00000000000000ee 10300c010d00f000 0 00 00000000 0 0 0 0 0 0 00000000000000ef 00000002 f 00000002 1 0c
00000000000000ef 10000c0c0700f000 0 00 00000000 0 0 0 0 0 0 00000000000000f0 00000002 f 00000002 1 0c
00000000000000f0 34110a000000f000 0 00 00000000 0 0 0 0 0 0 00000000000000f1 00000002 f 00000002 1 0a
00000000000000f1 7c85000005000000 0 00 00000000 0 0 0 0 0 0 00000000000000f2 00000002 f 00000002 0 00
00000000000000f2 3059e0a0c0000000 0 00 00000000 0 0 0 0 0 0 00000000000000f3 00000002 f 00000002 0 00
00000000000000f3 3029d0a0c0000000 0 00 00000000 0 0 0 0 0 0 00000000000000f4 00000002 f 00000002 0 00
00000000000000f4 0023060600000300 1 06 00000005 0 0 0 0 0 0 00000000000000f5 00000002 f 00000002 0 00
00000000000000f5 7cb5000000e00000 0 00 00000000 0 0 0 0 0 0 00000000000000f6 00000002 f 00000002 0 00
00000000000000f6 10000a0a0700f000 0 00 00000000 0 0 0 0 0 0 00000000000000f7 00000002 f 00000002 1 0a
00000000000000f7 7c95fffffad00000 0 00 00000000 0 0 0 0 0 0 00000000000000f2 00000002 f 00000002 0 00
00000000000000f2 3059e0a0c0000000 0 00 00000000 0 0 0 0 0 0 00000000000000f3 00000002 f 00000002 0 00
00000000000000f3 3029d0a0c0000000 0 00 00000000 0 0 0 0 0 0 00000000000000f4 00000002 f 00000002 0 00
00000000000000f4 0023060600000300 1 06 00000008 0 0 0 0 0 0 00000000000000f5 00000002 f 00000002 0 00
00000000000000f7 7cb5000000e00000 0 00 00000000 0 0 0 0 0 0 00000000000000f6 00000000 f 00000000 0 00
00000000000000f7 7c95fffffad00000 0 00 00000000 0 0 0 0 0 0 00000000000000f8 00000002 f 00000002 0 00
00000000000000f8 0205000001000000 0 00 00000000 0 0 0 0 0 1 00000000000000fa 00000002 f 00000002 0 00
00000000000000fa 7c25000000000000 0 00 00000000 0 0 0 0 0 0 00000000000000fb 00000002 f 00000002 0 00
00000000000000fb 10100c040500f000 0 00 00000000 0 0 0 0 0 0 00000000000000fc 00000002 f 00000002 1 0c
00000000000000fc 0205000090000000 0 00 00000000 0 0 0 0 0 1 000000000000018d 00000002 f 00000002 0 00
000000000000018d 7c25000000000000 0 00 00000000 0 0 0 0 0 0 000000000000018e 00000002 f 00000002 0 00
000000000000018e 7c25000000000000 0 00 00000000 0 0 0 0 0 0 000000000000018f fffffffe f fffffffe 0 00
000000000000018f 7c25000000000000 0 00 00000000 0 0 0 0 0 0 0000000000000190 ffffffff f ffffffff 0 00
0000000000000190 304960b070000000 0 00 00000000 0 0 0 0 0 0 0000000000000191 ffffffff f ffffffff 0 00
0000000000000191 7c15000002600010 0 00 00000000 0 0 0 0 0 0 0000000000000194 ffffffff f ffffffff 0 00
0000000000000194 34110d000000f000 0 00 00000000 0 0 0 0 0 0 0000000000000195 ffffffff f ffffffff 1 0d
0000000000000195 10300c010d00f000 0 00 00000000 0 0 0 0 0 0 0000000000000196 ffffffff f ffffffff 1 0c
0000000000000196 10000c0c0700f000 0 00 00000000 0 0 0 0 0 0 0000000000000197 ffffffff f ffffffff 1 0c
0000000000000197 34110a000000f000 0 00 00000000 0 0 0 0 0 0 0000000000000198 ffffffff f ffffffff 1 0a
0000000000000198 7c85000008000000 0 00 00000000 0 0 0 0 0 0 0000000000000199 ffffffff f ffffffff 0 00
0000000000000199 3059e0a0c0000000 0 00 00000000 0 0 0 0 0 0 000000000000019a ffffffff f ffffffff 0 00
000000000000019a 3029d0a0c0000000 0 00 00000000 0 0 0 0 0 0 000000000000019b ffffffff f ffffffff 0 00
000000000000019b 3029a0a070000000 0 00 00000000 0 0 0 0 0 0 000000000000019c ffffffff f ffffffff 0 00
000000000000019c 7c15000000a00001 0 00 00000000 0 0 0 0 0 0 000000000000019d ffffffff f ffffffff 0 00
000000000000019d 110004030c00f000 0 00 00000000 0 0 0 0 0 0 000000000000019e ffffffff f ffffffff 1 04
000000000000019e 7c25000000000000 0 00 00000000 0 0 0 0 0 0 000000000000019f ffffffff f ffffffff 0 00
000000000000019f 7cb5000000e00000 0 00 00000000 0 0 0 0 0 0 00000000000001a0 ffffffff f ffffffff 0 00
00000000000001a0 10000a0a0700f000 0 00 00000000 0 0 0 0 0 0 00000000000001a1 ffffffff f ffffffff 1 0a
00000000000001a1 7c95fffff7d00000 0 00 00000000 0 0 0 0 0 0 0000000000000199 ffffffff f ffffffff 0 00
0000000000000199 3059e0a0c0000000 0 00 00000000 0 0 0 0 0 0 000000000000019a ffffffff f ffffffff 0 00
000000000000019a 3029d0a0c0000000 0 00 00000000 0 0 0 0 0 0 000000000000019b ffffffff f ffffffff 0 00
000000000000019b 3029a0a070000000 0 00 00000000 0 0 0 0 0 0 000000000000019c ffffffff f ffffffff 0 00
000000000000019c 7c15000000a00001 0 00 00000000 0 0 0 0 0 0 000000000000019d ffffffff f ffffffff 0 00
000000000000019d 110004030c00f000 0 00 00000000 0 0 0 0 0 0 000000000000019e ffffffff f ffffffff 1 04
000000000000019e 7c25000000000000 0 00 00000000 0 0 0 0 0 0 000000000000019f ffffffff f ffffffff 0 00
00000000000001a1 7cb5000000e00000 0 00 00000000 0 0 0 0 0 0 00000000000001a0 00000000 f 00000000 0 00
00000000000001a1 7c95fffff7d00000 0 00 00000000 0 0 0 0 0 0 00000000000001a2 ffffffff f ffffffff 0 00
00000000000001a2 7c25000000000000 0 00 00000000 0 0 0 0 0 0 00000000000001a3 ffffffff f ffffffff 0 00
00000000000001a3 7c25000000000000 0 00 00000000 0 0 0 0 0 0 00000000000001a4 ffffffff f ffffffff 0 00
00000000000001a4 7cf5000000000000 0 00 00000000 0 0 0 0 0 0 00000000000001a5 ffffffff f ffffffff 0 00
