0000000000000000 00131d0000000000 1 1d 00000000 0 0 0 0000000000000001
0000000000000001 0102000b01000000 0 00 00000000 5 1 0 0000000000000002
0000000000000002 0215000001040000 0 00 00000000 5 1 0 0000000000000003
0000000000000003 8506000000000000 0 00 00000000 5 1 0 0000000000000004
0000000000000004 00730214ffffff00 1 02 00000001 5 1 0 0000000000000005
0000000000000005 0082110e13000000 1 11 00000000 5 1 0 0000000000000006
0000000000000006 0013030055555500 1 03 00555555 5 1 0 0000000000000007
0000000000000007 00131300c3058d00 1 13 ffc3058d 5 1 0 0000000000000008
0000000000000008 0092010300000000 1 01 ffaaaaaa 5 1 0 0000000000000009
0000000000000009 00a20c0107000000 1 0c ffaaaaaa 5 1 0 000000000000000a
000000000000000a 0306000000000e00 1 0e 00000000 5 1 0 000000000000000b
000000000000000b 00130a00ffffff00 1 0a ffffffff 5 1 0 000000000000000c
000000000000000c 0013100000000100 1 10 00000001 5 1 0 000000000000000d
000000000000000d 8506000000000000 0 00 00000000 5 1 0 000000000000000e
000000000000000e 0092050b00000000 1 05 ffffffff 5 1 0 000000000000000f
000000000000000f 00b3040800000900 1 04 00000000 5 1 0 0000000000000010
0000000000000010 00a20a1304000000 1 0a ffc3058d 5 1 0 0000000000000011
0000000000000011 00130100ac1a4400 1 01 ffac1a44 5 1 0 0000000000000012
0000000000000012 00130f0010239400 1 0f 00102394 5 1 0 0000000000000013
0000000000000013 012200070c000000 0 00 00000000 0 1 0 0000000000000014
0000000000000014 02150000010b0000 0 00 00000000 0 1 0 0000000000000015
0000000000000015 8506000000000000 0 00 00000000 0 1 0 0000000000000016
0000000000000016 012200020b000000 0 00 00000000 4 1 0 0000000000000017
0000000000000017 02150000010b0000 0 00 00000000 4 1 0 0000000000000018
0000000000000018 8506000000000000 0 00 00000000 4 1 0 0000000000000019
0000000000000019 0013090027140900 1 09 00271409 4 1 0 000000000000001a
000000000000001a 0122001011000000 0 00 00000000 4 1 0 000000000000001b
000000000000001b 0215000003040000 0 00 00000000 4 1 1 000000000000001f
000000000000001f 00730c08b2905900 1 0c 004d6fa7 4 1 0 0000000000000020
0000000000000020 00230f119fe4e700 1 0f ff9fe4e7 4 1 0 0000000000000021
0000000000000021 00b30f0400000a00 1 0f 00000000 4 1 0 0000000000000022
0000000000000022 00130f0000000100 1 0f 00000001 4 1 0 0000000000000023
0000000000000023 0092031000000000 1 03 fffffffe 4 1 0 0000000000000024
0000000000000024 0122000d02000000 0 00 00000000 2 0 0 0000000000000025
0000000000000025 0215000003030000 0 00 00000000 2 0 0 0000000000000026
0000000000000026 8506000000000000 0 00 00000000 2 0 0 0000000000000027
0000000000000027 8506000000000000 0 00 00000000 2 0 0 0000000000000028
0000000000000028 8506000000000000 0 00 00000000 2 0 0 0000000000000029
0000000000000029 0082031112000000 1 03 00000000 2 0 0 000000000000002a
000000000000002a 00420d040d000000 1 0d 00000000 2 0 0 000000000000002b
000000000000002b 007212080b000000 1 12 00000000 2 0 0 000000000000002c
000000000000002c 0072100609000000 1 10 ffd8ebf7 2 0 0 000000000000002d
000000000000002d 00130600aec0f000 1 06 ffaec0f0 2 0 0 000000000000002e
000000000000002e 00a20d090a000000 1 0d 00000138 2 0 0 000000000000002f
000000000000002f 0032110112000000 1 11 00000000 2 0 0 0000000000000030
0000000000000030 8506000000000000 0 00 00000000 2 0 0 0000000000000031
0000000000000031 8506000000000000 0 00 00000000 2 0 0 0000000000000032
0000000000000032 0013130057354800 1 13 00573548 2 0 0 0000000000000033
0000000000000033 00131e0000000200 1 1e 00000002 2 0 0 0000000000000034
0000000000000034 0023151500000100 1 15 00000001 2 0 0 0000000000000035
0000000000000035 00731e1e00000100 1 1e 00000001 2 0 0 0000000000000036
0000000000000036 0102001e1d000000 0 00 00000000 4 0 0 0000000000000037
0000000000000037 0215fffffc040000 0 00 00000000 4 0 1 0000000000000034
0000000000000034 0023151500000100 1 15 00000002 4 0 0 0000000000000035
0000000000000035 00731e1e00000100 1 1e 00000000 4 0 0 0000000000000036
0000000000000036 0102001e1d000000 0 00 00000000 5 1 0 0000000000000037
0000000000000037 0215fffffc040000 0 00 00000000 5 1 0 0000000000000038
0000000000000038 7cf5000000000000 0 00 00000000 5 1 0 0000000000000039
DONE retired=58 fault=00 pc=0000000000000038
