0000000000000000 00131d0000000000 1 1d 00000000 0 0 0 0000000000000001
0000000000000001 00520e0911000000 1 0e 00000000 0 0 0 0000000000000002
0000000000000002 0306000000001400 1 14 00000000 0 0 0 0000000000000003
0000000000000003 012200080f000000 0 00 00000000 5 0 0 0000000000000004
0000000000000004 02150000030b0000 0 00 00000000 5 0 0 0000000000000005
0000000000000005 8506000000000000 0 00 00000000 5 0 0 0000000000000006
0000000000000006 8506000000000000 0 00 00000000 5 0 0 0000000000000007
0000000000000007 8506000000000000 0 00 00000000 5 0 0 0000000000000008
0000000000000008 0023051414460200 1 05 00144602 5 0 0 0000000000000009
0000000000000009 00130b00aaaaaa00 1 0b ffaaaaaa 5 0 0 000000000000000a
000000000000000a 0122000f06000000 0 00 00000000 5 0 0 000000000000000b
000000000000000b 02150000030b0000 0 00 00000000 5 0 0 000000000000000c
000000000000000c 8506000000000000 0 00 00000000 5 0 0 000000000000000d
000000000000000d 8506000000000000 0 00 00000000 5 0 0 000000000000000e
000000000000000e 8506000000000000 0 00 00000000 5 0 0 000000000000000f
000000000000000f 002304111f47aa00 1 04 001f47aa 5 0 0 0000000000000010
0000000000000010 8506000000000000 0 00 00000000 5 0 0 0000000000000011
0000000000000011 8506000000000000 0 00 00000000 5 0 0 0000000000000012
0000000000000012 00230907ffffff00 1 09 ffffffff 5 0 0 0000000000000013
0000000000000013 0306000000000500 1 05 00000000 5 0 0 0000000000000014
0000000000000014 0306000000000300 1 03 00000000 5 0 0 0000000000000015
0000000000000015 0102001303000000 0 00 00000000 5 1 0 0000000000000016
0000000000000016 02150000030c0000 0 00 00000000 5 1 1 000000000000001a
000000000000001a 0092090100000000 1 09 ffffffff 5 1 0 000000000000001b
000000000000001b 0052090305000000 1 09 00000000 5 1 0 000000000000001c
000000000000001c 0013080000000000 1 08 00000000 5 1 0 000000000000001d
000000000000001d 0092110c00000000 1 11 ffffffff 5 1 0 000000000000001e
000000000000001e 00130500147c6000 1 05 00147c60 5 1 0 000000000000001f
000000000000001f 00b2101106000000 1 10 ffffffff 5 1 0 0000000000000020
0000000000000020 0092090d00000000 1 09 ffffffff 5 1 0 0000000000000021
0000000000000021 00b30d0200000f00 1 0d 00000000 5 1 0 0000000000000022
0000000000000022 00131000092d2f00 1 10 00092d2f 5 1 0 0000000000000023
0000000000000023 0122000d13000000 0 00 00000000 5 0 0 0000000000000024
0000000000000024 0215000002010000 0 00 00000000 5 0 0 0000000000000025
0000000000000025 8506000000000000 0 00 00000000 5 0 0 0000000000000026
0000000000000026 8506000000000000 0 00 00000000 5 0 0 0000000000000027
0000000000000027 00131200acfd2a00 1 12 ffacfd2a 5 0 0 0000000000000028
0000000000000028 00a2090d13000000 1 09 00000000 5 0 0 0000000000000029
0000000000000029 8506000000000000 0 00 00000000 5 0 0 000000000000002a
000000000000002a 00231112ffffff00 1 11 ffacfd29 5 0 0 000000000000002b
000000000000002b 00a2080b03000000 1 08 ffaaaaaa 5 0 0 000000000000002c
000000000000002c 0063120b00001300 1 12 55500000 5 0 0 000000000000002d
000000000000002d 00130e0000000000 1 0e 00000000 5 0 0 000000000000002e
000000000000002e 00a30c0a00000200 1 0c 00000000 5 0 0 000000000000002f
000000000000002f 00131e0000000200 1 1e 00000002 5 0 0 0000000000000030
0000000000000030 0023151500000100 1 15 00000001 5 0 0 0000000000000031
0000000000000031 00731e1e00000100 1 1e 00000001 5 0 0 0000000000000032
0000000000000032 0102001e1d000000 0 00 00000000 4 0 0 0000000000000033
0000000000000033 0215fffffc040000 0 00 00000000 4 0 1 0000000000000030
0000000000000030 0023151500000100 1 15 00000002 4 0 0 0000000000000031
0000000000000031 00731e1e00000100 1 1e 00000000 4 0 0 0000000000000032
0000000000000032 0102001e1d000000 0 00 00000000 5 1 0 0000000000000033
0000000000000033 0215fffffc040000 0 00 00000000 5 1 0 0000000000000034
0000000000000034 7cf5000000000000 0 00 00000000 5 1 0 0000000000000035
DONE retired=54 fault=00 pc=0000000000000034
