0000000000000000 343001000000f000 0 00 00000000 0 0 0 0 0 0 0000000000000001 ffffffff f ffffffff 1 01
0000000000000001 341107000001f000 0 00 00000000 0 0 0 0 0 0 0000000000000002 ffffffff f ffffffff 1 07
0000000000000002 34110c000003f000 0 00 00000000 0 0 0 0 0 0 0000000000000003 ffffffff f ffffffff 1 0c
0000000000000003 10100c050100f000 0 00 00000000 0 0 0 0 0 0 0000000000000004 ffffffff f ffffffff 1 0c
0000000000000004 10100c0c0400f000 0 00 00000000 0 0 0 0 0 0 0000000000000005 ffffffff f ffffffff 1 0c
0000000000000005 3019a0a0c0000000 0 00 00000000 0 0 0 0 0 0 0000000000000006 ffffffff f ffffffff 0 00
0000000000000006 7c1500000fa0005f 0 00 00000000 0 0 0 0 0 0 0000000000000007 fffffffe f fffffffe 0 00
0000000000000007 34110d000001f000 0 00 00000000 0 0 0 0 0 0 0000000000000008 fffffffe f fffffffe 1 0d
0000000000000008 10300c010d00f000 0 00 00000000 0 0 0 0 0 0 0000000000000009 fffffffe f fffffffe 1 0c
0000000000000009 10000c0c0700f000 0 00 00000000 0 0 0 0 0 0 000000000000000a fffffffe f fffffffe 1 0c
000000000000000a 34110a000000f000 0 00 00000000 0 0 0 0 0 0 000000000000000b fffffffe f fffffffe 1 0a
000000000000000b 7c85000008000000 0 00 00000000 0 0 0 0 0 0 000000000000000c fffffffe f fffffffe 0 00
000000000000000c 3059e0a0c0000000 0 00 00000000 0 0 0 0 0 0 000000000000000d fffffffe f fffffffe 0 00
000000000000000d 3029d0a0c0000000 0 00 00000000 0 0 0 0 0 0 000000000000000e fffffffe f fffffffe 0 00
000000000000000e 301930b070000000 0 00 00000000 0 0 0 0 0 0 000000000000000f fffffffe f fffffffe 0 00
000000000000000f 7c15000000300001 0 00 00000000 0 0 0 0 0 0 0000000000000010 fffffffe f fffffffe 0 00
0000000000000010 101004050400f000 0 00 00000000 0 0 0 0 0 0 0000000000000011 fffffffe f fffffffe 1 04
0000000000000011 7c25000000000000 0 00 00000000 0 0 0 0 0 0 0000000000000012 fffffffe f fffffffe 0 00
0000000000000012 7cb5000000e00000 0 00 00000000 0 0 0 0 0 0 0000000000000013 fffffffe f fffffffe 0 00
0000000000000013 10000a0a0700f000 0 00 00000000 0 0 0 0 0 0 0000000000000014 fffffffe f fffffffe 1 0a
0000000000000014 7c95fffff7d00000 0 00 00000000 0 0 0 0 0 0 000000000000000c fffffffe f fffffffe 0 00
000000000000000c 3059e0a0c0000000 0 00 00000000 0 0 0 0 0 0 000000000000000d fffffffe f fffffffe 0 00
000000000000000d 3029d0a0c0000000 0 00 00000000 0 0 0 0 0 0 000000000000000e fffffffe f fffffffe 0 00
000000000000000e 301930b070000000 0 00 00000000 0 0 0 0 0 0 000000000000000f fffffffe f fffffffe 0 00
000000000000000f 7c15000000300001 0 00 00000000 0 0 0 0 0 0 0000000000000010 fffffffe f fffffffe 0 00
0000000000000010 101004050400f000 0 00 00000000 0 0 0 0 0 0 0000000000000011 fffffffe f fffffffe 1 04
0000000000000011 7c25000000000000 0 00 00000000 0 0 0 0 0 0 0000000000000012 fffffffe f fffffffe 0 00
0000000000000012 7cb5000000e00000 0 00 00000000 0 0 0 0 0 0 0000000000000013 aaaaaaaa f aaaaaaaa 0 00
0000000000000013 10000a0a0700f000 0 00 00000000 0 0 0 0 0 0 0000000000000014 aaaaaaaa f aaaaaaaa 1 0a
0000000000000014 7c95fffff7d00000 0 00 00000000 0 0 0 0 0 0 000000000000000c aaaaaaaa f aaaaaaaa 0 00
000000000000000c 3059e0a0c0000000 0 00 00000000 0 0 0 0 0 0 000000000000000d aaaaaaaa f aaaaaaaa 0 00
000000000000000d 3029d0a0c0000000 0 00 00000000 0 0 0 0 0 0 000000000000000e aaaaaaaa f aaaaaaaa 0 00
000000000000000e 301930b070000000 0 00 00000000 0 0 0 0 0 0 000000000000000f aaaaaaaa f aaaaaaaa 0 00
000000000000000f 7c15000000300001 0 00 00000000 0 0 0 0 0 0 0000000000000010 aaaaaaaa f aaaaaaaa 0 00
0000000000000010 101004050400f000 0 00 00000000 0 0 0 0 0 0 0000000000000011 aaaaaaaa f aaaaaaaa 1 04
0000000000000011 7c25000000000000 0 00 00000000 0 0 0 0 0 0 0000000000000012 aaaaaaaa f aaaaaaaa 0 00
0000000000000014 7cb5000000e00000 0 00 00000000 0 0 0 0 0 0 0000000000000013 00000000 f 00000000 0 00
0000000000000014 7c95fffff7d00000 0 00 00000000 0 0 0 0 0 0 0000000000000015 fffffffe f fffffffe 0 00
0000000000000015 0205000050000000 0 00 00000000 0 0 0 0 0 1 0000000000000066 fffffffe f fffffffe 0 00
0000000000000066 7c25000000000000 0 00 00000000 0 0 0 0 0 0 0000000000000016 00000001 f 00000001 0 00
0000000000000016 3039c010c0000000 0 00 00000000 0 0 0 0 0 0 0000000000000017 00000001 f 00000001 0 00
0000000000000017 7c1500000cc0004d 0 00 00000000 0 0 0 0 0 0 0000000000000018 00000001 f 00000001 0 00
0000000000000018 104004040c00f000 0 00 00000000 0 0 0 0 0 0 0000000000000019 00000001 f 00000001 1 04
0000000000000019 34110d000003f000 0 00 00000000 0 0 0 0 0 0 000000000000001a 00000001 f 00000001 1 0d
000000000000001a 10300c010d00f000 0 00 00000000 0 0 0 0 0 0 000000000000001b 00000001 f 00000001 1 0c
000000000000001b 10000c0c0700f000 0 00 00000000 0 0 0 0 0 0 000000000000001c 00000001 f 00000001 1 0c
000000000000001c 34110a000000f000 0 00 00000000 0 0 0 0 0 0 000000000000001d 00000001 f 00000001 1 0a
000000000000001d 7c85000004000000 0 00 00000000 0 0 0 0 0 0 000000000000001e 00000001 f 00000001 0 00
000000000000001e 3059e0a0c0000000 0 00 00000000 0 0 0 0 0 0 000000000000001f 00000001 f 00000001 0 00
000000000000001f 3029d0a0c0000000 0 00 00000000 0 0 0 0 0 0 0000000000000020 00000001 f 00000001 0 00
0000000000000020 104003010500f000 0 00 00000000 0 0 0 0 0 0 0000000000000021 00000001 f 00000001 1 03
0000000000000021 10000a0a0700f000 0 00 00000000 0 0 0 0 0 0 0000000000000022 00000001 f 00000001 1 0a
0000000000000022 7c95fffffbd00000 0 00 00000000 0 0 0 0 0 0 000000000000001e 00000001 f 00000001 0 00
000000000000001e 3059e0a0c0000000 0 00 00000000 0 0 0 0 0 0 000000000000001f 00000001 f 00000001 0 00
000000000000001f 3029d0a0c0000000 0 00 00000000 0 0 0 0 0 0 0000000000000020 00000001 f 00000001 0 00
0000000000000020 104003010500f000 0 00 00000000 0 0 0 0 0 0 0000000000000021 00000001 f 00000001 1 03
0000000000000021 10000a0a0700f000 0 00 00000000 0 0 0 0 0 0 0000000000000022 00000001 f 00000001 1 0a
0000000000000022 7c95fffffbd00000 0 00 00000000 0 0 0 0 0 0 0000000000000023 00000001 f 00000001 0 00
0000000000000023 0205000041000000 0 00 00000000 0 0 0 0 0 1 0000000000000065 00000001 f 00000001 0 00
0000000000000065 7c25000000000000 0 00 00000000 0 0 0 0 0 0 0000000000000066 00000001 f 00000001 0 00
0000000000000066 7c25000000000000 0 00 00000000 0 0 0 0 0 0 0000000000000067 ffffffff f ffffffff 0 00
0000000000000067 7cf5000000000000 0 00 00000000 0 0 0 0 0 0 0000000000000068 ffffffff f ffffffff 0 00
