0000000000000000 0013140000004d00 1 14 0000004d 0 0 0 0000000000000001 80808080 f 80808080 0 00 80808080
0000000000000001 00131600ffffff00 1 16 ffffffff 0 0 0 0000000000000002 80808080 f 80808080 0 00 80808080
0000000000000002 342003160000f000 0 00 00000000 0 0 0 0000000000000003 80808080 f 80808080 1 03 80808080
0000000000000003 108104030021f000 0 00 00000000 0 0 0 0000000000000004 80808080 f 80808080 1 04 80808080
0000000000000004 3400020600001000 0 00 00000000 0 0 0 0000000000000005 80808080 1 80000000 1 02 80000000
0000000000000005 1010040406000000 0 00 00000000 0 0 0 0000000000000006 80808080 0 80808080 1 04 80808080
0000000000000006 343006000000f000 0 00 00000000 0 0 0 0000000000000007 80808080 f 80808080 1 06 80808080
0000000000000007 106105030010f000 0 00 00000000 0 0 0 0000000000000008 80808080 f 80808080 1 05 80808080
0000000000000008 34110400cecff000 0 00 00000000 0 0 0 0000000000000009 80808080 f 80808080 1 04 80808080
0000000000000009 0013160000000100 1 16 00000001 0 0 0 000000000000000a 80808080 f 80808080 0 00 80808080
000000000000000a 342002160000f000 0 00 00000000 0 0 0 000000000000000b 80808080 f 80808080 1 02 80808080
000000000000000b 108105020022f000 0 00 00000000 0 0 0 000000000000000c 80808080 f 80808080 1 05 80808080
000000000000000c 102003060600f000 0 00 00000000 0 0 0 000000000000000d 80808080 f 80808080 1 03 80808080
000000000000000d 102004060500f000 0 00 00000000 0 0 0 000000000000000e 80808080 f 80808080 1 04 80808080
000000000000000e 106104030001f000 0 00 00000000 0 0 0 000000000000000f 80808080 f 80808080 1 04 80808080
000000000000000f 340002040000f000 0 00 00000000 0 0 0 0000000000000010 80808080 f 80808080 1 02 80808080
0000000000000010 107104050010f000 0 00 00000000 0 0 0 0000000000000011 80808080 f 80808080 1 04 80808080
0000000000000011 1040020405009000 0 00 00000000 0 0 0 0000000000000012 80808080 9 80000000 1 02 80000000
0000000000000012 3411020031a98000 0 00 00000000 0 0 0 0000000000000013 80808080 8 80800080 1 02 80800080
0000000000000013 100106048000f000 0 00 00000000 0 0 0 0000000000000014 80808080 f 80808080 1 06 80808080
0000000000000014 340002030000f000 0 00 00000000 0 0 0 0000000000000015 80808080 f 80808080 1 02 80808080
0000000000000015 104004040500f000 0 00 00000000 0 0 0 0000000000000016 80808080 f 80808080 1 04 80808080
0000000000000016 3411020000018000 0 00 00000000 0 0 0 0000000000000017 80808080 8 80800080 1 02 80800080
0000000000000017 104004050200f000 0 00 00000000 0 0 0 0000000000000018 80808080 f 80808080 1 04 80808080
0000000000000018 00131e0000000100 1 1e 00000001 0 0 0 0000000000000019 80808080 f 80808080 0 00 80808080
0000000000000019 0023171700000100 1 17 00000001 0 0 0 000000000000001a 80808080 f 80808080 0 00 80808080
000000000000001a 00731e1e00000100 1 1e 00000000 0 0 0 000000000000001b 80808080 f 80808080 0 00 80808080
000000000000001b 0013180000000000 1 18 00000000 0 0 0 000000000000001c 80808080 f 80808080 0 00 80808080
000000000000001c 0102001e18000000 0 00 00000000 5 1 0 000000000000001d 80808080 f 80808080 0 00 80808080
000000000000001d 0215fffffb040000 0 00 00000000 5 1 0 000000000000001e 80808080 f 80808080 0 00 80808080
000000000000001e 7cf5000000000000 0 00 00000000 5 1 0 000000000000001f 80808080 f 80808080 0 00 80808080
DONE retired=31 fault=00 pc=000000000000001e
