0000000000000000 00131d0000000000 1 1d 00000000 0 0 0 0000000000000001
0000000000000001 0306000000000800 1 08 00000000 0 0 0 0000000000000002
0000000000000002 0042070806000000 1 07 00000000 0 0 0 0000000000000003
0000000000000003 8506000000000000 0 00 00000000 0 0 0 0000000000000004
0000000000000004 0082091303000000 1 09 00000000 0 0 0 0000000000000005
0000000000000005 00b20d1403000000 1 0d 00000000 0 0 0 0000000000000006
0000000000000006 00130200c48e5f00 1 02 ffc48e5f 0 0 0 0000000000000007
0000000000000007 8506000000000000 0 00 00000000 0 0 0 0000000000000008
0000000000000008 0052030113000000 1 03 00000000 0 0 0 0000000000000009
0000000000000009 0032030713000000 1 03 00000000 0 0 0 000000000000000a
000000000000000a 0102000e10000000 0 00 00000000 5 1 0 000000000000000b
000000000000000b 0215000003030000 0 00 00000000 5 1 1 000000000000000f
000000000000000f 8506000000000000 0 00 00000000 5 1 0 0000000000000010
0000000000000010 001301004a876d00 1 01 004a876d 5 1 0 0000000000000011
0000000000000011 8506000000000000 0 00 00000000 5 1 0 0000000000000012
0000000000000012 001304005c967300 1 04 005c9673 5 1 0 0000000000000013
0000000000000013 00730c0700000100 1 0c ffffffff 5 1 0 0000000000000014
0000000000000014 0306000000001100 1 11 00000000 5 1 0 0000000000000015
0000000000000015 012200040a000000 0 00 00000000 4 1 0 0000000000000016
0000000000000016 02150000030e0000 0 00 00000000 4 1 1 000000000000001a
000000000000001a 0306000000000700 1 07 00000000 4 1 0 000000000000001b
000000000000001b 0092090e00000000 1 09 ffffffff 4 1 0 000000000000001c
000000000000001c 010200010b000000 0 00 00000000 4 0 0 000000000000001d
000000000000001d 02150000010b0000 0 00 00000000 4 0 0 000000000000001e
000000000000001e 8506000000000000 0 00 00000000 4 0 0 000000000000001f
000000000000001f 00131e0000000200 1 1e 00000002 4 0 0 0000000000000020
0000000000000020 0023151500000100 1 15 00000001 4 0 0 0000000000000021
0000000000000021 00731e1e00000100 1 1e 00000001 4 0 0 0000000000000022
0000000000000022 0102001e1d000000 0 00 00000000 4 0 0 0000000000000023
0000000000000023 0215fffffc040000 0 00 00000000 4 0 1 0000000000000020
0000000000000020 0023151500000100 1 15 00000002 4 0 0 0000000000000021
0000000000000021 00731e1e00000100 1 1e 00000000 4 0 0 0000000000000022
0000000000000022 0102001e1d000000 0 00 00000000 5 1 0 0000000000000023
0000000000000023 0215fffffc040000 0 00 00000000 5 1 0 0000000000000024
0000000000000024 7cf5000000000000 0 00 00000000 5 1 0 0000000000000025
DONE retired=35 fault=00 pc=0000000000000024
