0000000000000000 00131d0000000000 1 1d 00000000 0 0 0 0000000000000001
0000000000000001 0052050908000000 1 05 00000000 0 0 0 0000000000000002
0000000000000002 00b30b0200000b00 1 0b 00000000 0 0 0 0000000000000003
0000000000000003 00130200e9181c00 1 02 ffe9181c 0 0 0 0000000000000004
0000000000000004 00130a00641e7a00 1 0a 00641e7a 0 0 0 0000000000000005
0000000000000005 8506000000000000 0 00 00000000 0 0 0 0000000000000006
0000000000000006 00130a000e7a6d00 1 0a 000e7a6d 0 0 0 0000000000000007
0000000000000007 0022081209000000 1 08 00000000 0 0 0 0000000000000008
0000000000000008 8506000000000000 0 00 00000000 0 0 0 0000000000000009
0000000000000009 0122001304000000 0 00 00000000 5 0 0 000000000000000a
000000000000000a 02150000020c0000 0 00 00000000 5 0 1 000000000000000d
000000000000000d 00230311aaaaaa00 1 03 ffaaaaaa 5 0 0 000000000000000e
000000000000000e 00130600a3662400 1 06 ffa36624 5 0 0 000000000000000f
000000000000000f 8506000000000000 0 00 00000000 5 0 0 0000000000000010
0000000000000010 00820b0f03000000 1 0b ffaaaaaa 5 0 0 0000000000000011
0000000000000011 011200010f000000 0 00 00000000 5 0 0 0000000000000012
0000000000000012 0215000001030000 0 00 00000000 5 0 1 0000000000000014
0000000000000014 8506000000000000 0 00 00000000 5 0 0 0000000000000015
0000000000000015 00130e001abd4300 1 0e 001abd43 5 0 0 0000000000000016
0000000000000016 00b3040200000d00 1 04 ffffff48 5 0 0 0000000000000017
0000000000000017 8506000000000000 0 00 00000000 5 0 0 0000000000000018
0000000000000018 8506000000000000 0 00 00000000 5 0 0 0000000000000019
0000000000000019 8506000000000000 0 00 00000000 5 0 0 000000000000001a
000000000000001a 0013090000000100 1 09 00000001 5 0 0 000000000000001b
000000000000001b 0032081212000000 1 08 00000000 5 0 0 000000000000001c
000000000000001c 0102000c09000000 0 00 00000000 2 0 0 000000000000001d
000000000000001d 0215000002030000 0 00 00000000 2 0 0 000000000000001e
000000000000001e 8506000000000000 0 00 00000000 2 0 0 000000000000001f
000000000000001f 8506000000000000 0 00 00000000 2 0 0 0000000000000020
0000000000000020 00b3071100000c00 1 07 00000000 2 0 0 0000000000000021
0000000000000021 0062040508000000 1 04 00000000 2 0 0 0000000000000022
0000000000000022 00131e0000000100 1 1e 00000001 2 0 0 0000000000000023
0000000000000023 0023151500000100 1 15 00000001 2 0 0 0000000000000024
0000000000000024 00731e1e00000100 1 1e 00000000 2 0 0 0000000000000025
0000000000000025 0102001e1d000000 0 00 00000000 5 1 0 0000000000000026
0000000000000026 0215fffffc040000 0 00 00000000 5 1 0 0000000000000027
0000000000000027 7cf5000000000000 0 00 00000000 5 1 0 0000000000000028
DONE retired=37 fault=00 pc=0000000000000027
