0000000000000000 0013140000004d00 1 14 0000004d 0 0 0 0000000000000001 55555555 f 55555555 0 00 55555555
0000000000000001 343005000000f000 0 00 00000000 0 0 0 0000000000000002 55555555 f 55555555 1 05 55555555
0000000000000002 106103050000f000 0 00 00000000 0 0 0 0000000000000003 55555555 f 55555555 1 03 55555555
0000000000000003 340005020000f000 0 00 00000000 0 0 0 0000000000000004 55555555 f 55555555 1 05 55555555
0000000000000004 107103050010f000 0 00 00000000 0 0 0 0000000000000005 55555555 f 55555555 1 03 55555555
0000000000000005 343003000000f000 0 00 00000000 0 0 0 0000000000000006 55555555 f 55555555 1 03 55555555
0000000000000006 101005040500f000 0 00 00000000 0 0 0 0000000000000007 55555555 f 55555555 1 05 55555555
0000000000000007 341105007ffff000 0 00 00000000 0 0 0 0000000000000008 55555555 f 55555555 1 05 55555555
0000000000000008 107102060000f000 0 00 00000000 0 0 0 0000000000000009 55555555 f 55555555 1 02 55555555
0000000000000009 105002040200f000 0 00 00000000 0 0 0 000000000000000a 55555555 f 55555555 1 02 55555555
000000000000000a 34110500f0619000 0 00 00000000 0 0 0 000000000000000b 55555555 9 41005051 1 05 41005051
000000000000000b 105006030300f000 0 00 00000000 0 0 0 000000000000000c 55555555 f 55555555 1 06 55555555
000000000000000c 106104050020f000 0 00 00000000 0 0 0 000000000000000d 55555555 f 55555555 1 04 55555555
000000000000000d 340002040000f000 0 00 00000000 0 0 0 000000000000000e 55555555 f 55555555 1 02 55555555
000000000000000e 100102030001f000 0 00 00000000 0 0 0 000000000000000f 55555555 f 55555555 1 02 55555555
000000000000000f 10710405003ff000 0 00 00000000 0 0 0 0000000000000010 55555555 f 55555555 1 04 55555555
0000000000000010 105104060000f000 0 00 00000000 0 0 0 0000000000000011 55555555 f 55555555 1 04 55555555
0000000000000011 00131600aaaaaa00 1 16 ffaaaaaa 0 0 0 0000000000000012 55555555 f 55555555 0 00 55555555
0000000000000012 342003160000f000 0 00 00000000 0 0 0 0000000000000013 55555555 f 55555555 1 03 55555555
0000000000000013 10810403000ff000 0 00 00000000 0 0 0 0000000000000014 55555555 f 55555555 1 04 55555555
0000000000000014 343002000000f000 0 00 00000000 0 0 0 0000000000000015 55555555 f 55555555 1 02 55555555
0000000000000015 104002050600f000 0 00 00000000 0 0 0 0000000000000016 55555555 f 55555555 1 02 55555555
0000000000000016 00131500ffffff00 1 15 ffffffff 0 0 0 0000000000000017 55555555 f 55555555 0 00 55555555
0000000000000017 342006150000f000 0 00 00000000 0 0 0 0000000000000018 55555555 f 55555555 1 06 55555555
0000000000000018 00131e0000000100 1 1e 00000001 0 0 0 0000000000000019 55555555 f 55555555 0 00 55555555
0000000000000019 0023171700000100 1 17 00000001 0 0 0 000000000000001a 55555555 f 55555555 0 00 55555555
000000000000001a 00731e1e00000100 1 1e 00000000 0 0 0 000000000000001b 55555555 f 55555555 0 00 55555555
000000000000001b 0013180000000000 1 18 00000000 0 0 0 000000000000001c 55555555 f 55555555 0 00 55555555
000000000000001c 0102001e18000000 0 00 00000000 5 1 0 000000000000001d 55555555 f 55555555 0 00 55555555
000000000000001d 0215fffffb040000 0 00 00000000 5 1 0 000000000000001e 55555555 f 55555555 0 00 55555555
000000000000001e 7cf5000000000000 0 00 00000000 5 1 0 000000000000001f 55555555 f 55555555 0 00 55555555
DONE retired=31 fault=00 pc=000000000000001e
