0000000000000000 00131d0000000000 1 1d 00000000 0 0 0 0000000000000001
0000000000000001 8506000000000000 0 00 00000000 0 0 0 0000000000000002
0000000000000002 0032030912000000 1 03 00000000 0 0 0 0000000000000003
0000000000000003 0102000c0d000000 0 00 00000000 5 1 0 0000000000000004
0000000000000004 02150000020b0000 0 00 00000000 5 1 0 0000000000000005
0000000000000005 8506000000000000 0 00 00000000 5 1 0 0000000000000006
0000000000000006 8506000000000000 0 00 00000000 5 1 0 0000000000000007
0000000000000007 0013140000000000 1 14 00000000 5 1 0 0000000000000008
0000000000000008 0013010000000000 1 01 00000000 5 1 0 0000000000000009
0000000000000009 0073130a0cb18300 1 13 fff34e7d 5 1 0 000000000000000a
000000000000000a 8506000000000000 0 00 00000000 5 1 0 000000000000000b
000000000000000b 00a3120300000400 1 12 00000000 5 1 0 000000000000000c
000000000000000c 0013040000000000 1 04 00000000 5 1 0 000000000000000d
000000000000000d 0102001211000000 0 00 00000000 5 1 0 000000000000000e
000000000000000e 02150000030d0000 0 00 00000000 5 1 0 000000000000000f
000000000000000f 8506000000000000 0 00 00000000 5 1 0 0000000000000010
0000000000000010 8506000000000000 0 00 00000000 5 1 0 0000000000000011
0000000000000011 8506000000000000 0 00 00000000 5 1 0 0000000000000012
0000000000000012 0092121100000000 1 12 ffffffff 5 1 0 0000000000000013
0000000000000013 0063130f00001500 1 13 00000000 5 1 0 0000000000000014
0000000000000014 0102000907000000 0 00 00000000 5 1 0 0000000000000015
0000000000000015 0215000001040000 0 00 00000000 5 1 0 0000000000000016
0000000000000016 8506000000000000 0 00 00000000 5 1 0 0000000000000017
0000000000000017 8506000000000000 0 00 00000000 5 1 0 0000000000000018
0000000000000018 00a20f0c13000000 1 0f 00000000 5 1 0 0000000000000019
0000000000000019 0082041302000000 1 04 00000000 5 1 0 000000000000001a
000000000000001a 0112000a0f000000 0 00 00000000 5 0 0 000000000000001b
000000000000001b 02150000010b0000 0 00 00000000 5 0 0 000000000000001c
000000000000001c 8506000000000000 0 00 00000000 5 0 0 000000000000001d
000000000000001d 00130500bdbfef00 1 05 ffbdbfef 5 0 0 000000000000001e
000000000000001e 004205010e000000 1 05 00000000 5 0 0 000000000000001f
000000000000001f 00130b0057314900 1 0b 00573149 5 0 0 0000000000000020
0000000000000020 00720f1408000000 1 0f 00000000 5 0 0 0000000000000021
0000000000000021 00220a0f03000000 1 0a 00000000 5 0 0 0000000000000022
0000000000000022 0023070ca5e7ab00 1 07 ffa5e7ab 5 0 0 0000000000000023
0000000000000023 0306000000000100 1 01 00000000 5 0 0 0000000000000024
0000000000000024 00130300ffffff00 1 03 ffffffff 5 0 0 0000000000000025
0000000000000025 00130b0000000000 1 0b 00000000 5 0 0 0000000000000026
0000000000000026 00130900c3138d00 1 09 ffc3138d 5 0 0 0000000000000027
0000000000000027 00620d110a000000 1 0d 00000000 5 0 0 0000000000000028
0000000000000028 0122000605000000 0 00 00000000 5 0 0 0000000000000029
0000000000000029 0215000002030000 0 00 00000000 5 0 1 000000000000002c
000000000000002c 00130100e5392300 1 01 ffe53923 5 0 0 000000000000002d
000000000000002d 8506000000000000 0 00 00000000 5 0 0 000000000000002e
000000000000002e 0022140e06000000 1 14 00000000 5 0 0 000000000000002f
000000000000002f 8506000000000000 0 00 00000000 5 0 0 0000000000000030
0000000000000030 00131e0000000200 1 1e 00000002 5 0 0 0000000000000031
0000000000000031 0023151500000100 1 15 00000001 5 0 0 0000000000000032
0000000000000032 00731e1e00000100 1 1e 00000001 5 0 0 0000000000000033
0000000000000033 0102001e1d000000 0 00 00000000 4 0 0 0000000000000034
0000000000000034 0215fffffc040000 0 00 00000000 4 0 1 0000000000000031
0000000000000031 0023151500000100 1 15 00000002 4 0 0 0000000000000032
0000000000000032 00731e1e00000100 1 1e 00000000 4 0 0 0000000000000033
0000000000000033 0102001e1d000000 0 00 00000000 5 1 0 0000000000000034
0000000000000034 0215fffffc040000 0 00 00000000 5 1 0 0000000000000035
0000000000000035 7cf5000000000000 0 00 00000000 5 1 0 0000000000000036
DONE retired=56 fault=00 pc=0000000000000035
