0000000000000000 00131d0000000000 1 1d 00000000 0 0 0 0000000000000001
0000000000000001 8506000000000000 0 00 00000000 0 0 0 0000000000000002
0000000000000002 8506000000000000 0 00 00000000 0 0 0 0000000000000003
0000000000000003 00b30a1100001a00 1 0a 00000000 0 0 0 0000000000000004
0000000000000004 0112000205000000 0 00 00000000 5 0 0 0000000000000005
0000000000000005 0215000003040000 0 00 00000000 5 0 0 0000000000000006
0000000000000006 8506000000000000 0 00 00000000 5 0 0 0000000000000007
0000000000000007 8506000000000000 0 00 00000000 5 0 0 0000000000000008
0000000000000008 8506000000000000 0 00 00000000 5 0 0 0000000000000009
0000000000000009 007203020d000000 1 03 00000000 5 0 0 000000000000000a
000000000000000a 0032131014000000 1 13 00000000 5 0 0 000000000000000b
000000000000000b 0023020e00000000 1 02 00000000 5 0 0 000000000000000c
000000000000000c 00a3020c00001600 1 02 00000000 5 0 0 000000000000000d
000000000000000d 00820c0e0e000000 1 0c 00000000 5 0 0 000000000000000e
000000000000000e 0092130d00000000 1 13 ffffffff 5 0 0 000000000000000f
000000000000000f 8506000000000000 0 00 00000000 5 0 0 0000000000000010
0000000000000010 8506000000000000 0 00 00000000 5 0 0 0000000000000011
0000000000000011 00130b00d333d700 1 0b ffd333d7 5 0 0 0000000000000012
0000000000000012 00b20f0c0c000000 1 0f 00000000 5 0 0 0000000000000013
0000000000000013 8506000000000000 0 00 00000000 5 0 0 0000000000000014
0000000000000014 8506000000000000 0 00 00000000 5 0 0 0000000000000015
0000000000000015 00130700ee912c00 1 07 ffee912c 5 0 0 0000000000000016
0000000000000016 8506000000000000 0 00 00000000 5 0 0 0000000000000017
0000000000000017 004208050a000000 1 08 00000000 5 0 0 0000000000000018
0000000000000018 00130d00ffffff00 1 0d ffffffff 5 0 0 0000000000000019
0000000000000019 0052130310000000 1 13 00000000 5 0 0 000000000000001a
000000000000001a 001311000101aa00 1 11 000101aa 5 0 0 000000000000001b
000000000000001b 00130a003bedb800 1 0a 003bedb8 5 0 0 000000000000001c
000000000000001c 00320d0a14000000 1 0d 00000000 5 0 0 000000000000001d
000000000000001d 00130a007d5ed400 1 0a 007d5ed4 5 0 0 000000000000001e
000000000000001e 0306000000000a00 1 0a 00000000 5 0 0 000000000000001f
000000000000001f 8506000000000000 0 00 00000000 5 0 0 0000000000000020
0000000000000020 0072100908000000 1 10 00000000 5 0 0 0000000000000021
0000000000000021 00130500b4393d00 1 05 ffb4393d 5 0 0 0000000000000022
0000000000000022 8506000000000000 0 00 00000000 5 0 0 0000000000000023
0000000000000023 0082101109000000 1 10 000101aa 5 0 0 0000000000000024
0000000000000024 0013130055555500 1 13 00555555 5 0 0 0000000000000025
0000000000000025 00920c0900000000 1 0c ffffffff 5 0 0 0000000000000026
0000000000000026 00130100ffffff00 1 01 ffffffff 5 0 0 0000000000000027
0000000000000027 8506000000000000 0 00 00000000 5 0 0 0000000000000028
0000000000000028 00131e0000000400 1 1e 00000004 5 0 0 0000000000000029
0000000000000029 0023151500000100 1 15 00000001 5 0 0 000000000000002a
000000000000002a 00731e1e00000100 1 1e 00000003 5 0 0 000000000000002b
000000000000002b 0102001e1d000000 0 00 00000000 4 0 0 000000000000002c
000000000000002c 0215fffffc040000 0 00 00000000 4 0 1 0000000000000029
0000000000000029 0023151500000100 1 15 00000002 4 0 0 000000000000002a
000000000000002a 00731e1e00000100 1 1e 00000002 4 0 0 000000000000002b
000000000000002b 0102001e1d000000 0 00 00000000 4 0 0 000000000000002c
000000000000002c 0215fffffc040000 0 00 00000000 4 0 1 0000000000000029
0000000000000029 0023151500000100 1 15 00000003 4 0 0 000000000000002a
000000000000002a 00731e1e00000100 1 1e 00000001 4 0 0 000000000000002b
000000000000002b 0102001e1d000000 0 00 00000000 4 0 0 000000000000002c
000000000000002c 0215fffffc040000 0 00 00000000 4 0 1 0000000000000029
0000000000000029 0023151500000100 1 15 00000004 4 0 0 000000000000002a
000000000000002a 00731e1e00000100 1 1e 00000000 4 0 0 000000000000002b
000000000000002b 0102001e1d000000 0 00 00000000 5 1 0 000000000000002c
000000000000002c 0215fffffc040000 0 00 00000000 5 1 0 000000000000002d
000000000000002d 7cf5000000000000 0 00 00000000 5 1 0 000000000000002e
DONE retired=58 fault=00 pc=000000000000002d
