0000000000000000 0013140000004d00 1 14 0000004d 0 0 0 0000000000000001 b9da0f30 f b9da0f30 0 00 b9da0f30
0000000000000001 00131600aaaaaa00 1 16 ffaaaaaa 0 0 0 0000000000000002 b9da0f30 f b9da0f30 0 00 b9da0f30
0000000000000002 342005160000f000 0 00 00000000 0 0 0 0000000000000003 b9da0f30 f b9da0f30 1 05 b9da0f30
0000000000000003 108104050010f000 0 00 00000000 0 0 0 0000000000000004 b9da0f30 f b9da0f30 1 04 b9da0f30
0000000000000004 103106040001f000 0 00 00000000 0 0 0 0000000000000005 b9da0f30 f b9da0f30 1 06 b9da0f30
0000000000000005 102006030500f000 0 00 00000000 0 0 0 0000000000000006 b9da0f30 f b9da0f30 1 06 b9da0f30
0000000000000006 10710602001ef000 0 00 00000000 0 0 0 0000000000000007 b9da0f30 f b9da0f30 1 06 b9da0f30
0000000000000007 0013150055555500 1 15 00555555 0 0 0 0000000000000008 b9da0f30 f b9da0f30 0 00 b9da0f30
0000000000000008 342006150000f000 0 00 00000000 0 0 0 0000000000000009 b9da0f30 f b9da0f30 1 06 b9da0f30
0000000000000009 340002060000f000 0 00 00000000 0 0 0 000000000000000a b9da0f30 f b9da0f30 1 02 b9da0f30
000000000000000a 104005050600f000 0 00 00000000 0 0 0 000000000000000b b9da0f30 f b9da0f30 1 05 b9da0f30
000000000000000b 341106000001f000 0 00 00000000 0 0 0 000000000000000c b9da0f30 f b9da0f30 1 06 b9da0f30
000000000000000c 343002000000f000 0 00 00000000 0 0 0 000000000000000d b9da0f30 f b9da0f30 1 02 b9da0f30
000000000000000d 3411030000016000 0 00 00000000 0 0 0 000000000000000e b9da0f30 6 b9020f10 1 03 b9020f10
000000000000000e 1040060604004000 0 00 00000000 0 0 0 000000000000000f b9da0f30 4 a94a0810 1 06 a94a0810
000000000000000f 340004020000f000 0 00 00000000 0 0 0 0000000000000010 b9da0f30 f b9da0f30 1 04 b9da0f30
0000000000000010 00131500ffffff00 1 15 ffffffff 0 0 0 0000000000000011 b9da0f30 f b9da0f30 0 00 b9da0f30
0000000000000011 3420061500005000 0 00 00000000 0 0 0 0000000000000012 b9da0f30 5 a05a0230 1 06 a05a0230
0000000000000012 10610204003ff000 0 00 00000000 0 0 0 0000000000000013 b9da0f30 f b9da0f30 1 02 b9da0f30
0000000000000013 10710404000ff000 0 00 00000000 0 0 0 0000000000000014 b9da0f30 f b9da0f30 1 04 b9da0f30
0000000000000014 00131600aaaaaa00 1 16 ffaaaaaa 0 0 0 0000000000000015 b9da0f30 f b9da0f30 0 00 b9da0f30
0000000000000015 342003160000f000 0 00 00000000 0 0 0 0000000000000016 b9da0f30 f b9da0f30 1 03 b9da0f30
0000000000000016 108106030009f000 0 00 00000000 0 0 0 0000000000000017 b9da0f30 f b9da0f30 1 06 b9da0f30
0000000000000017 34110200e863f000 0 00 00000000 0 0 0 0000000000000018 b9da0f30 f b9da0f30 1 02 b9da0f30
0000000000000018 107106050010f000 0 00 00000000 0 0 0 0000000000000019 b9da0f30 f b9da0f30 1 06 b9da0f30
0000000000000019 10710205001ff000 0 00 00000000 0 0 0 000000000000001a b9da0f30 f b9da0f30 1 02 b9da0f30
000000000000001a 0013150000000000 1 15 00000000 0 0 0 000000000000001b b9da0f30 f b9da0f30 0 00 b9da0f30
000000000000001b 342004150000f000 0 00 00000000 0 0 0 000000000000001c b9da0f30 f b9da0f30 1 04 b9da0f30
000000000000001c 343003000000f000 0 00 00000000 0 0 0 000000000000001d b9da0f30 f b9da0f30 1 03 b9da0f30
000000000000001d 0013160000000000 1 16 00000000 0 0 0 000000000000001e b9da0f30 f b9da0f30 0 00 b9da0f30
000000000000001e 342002160000f000 0 00 00000000 0 0 0 000000000000001f b9da0f30 f b9da0f30 1 02 b9da0f30
000000000000001f 10810302003ff000 0 00 00000000 0 0 0 0000000000000020 b9da0f30 f b9da0f30 1 03 b9da0f30
0000000000000020 106106030021f000 0 00 00000000 0 0 0 0000000000000021 b9da0f30 f b9da0f30 1 06 b9da0f30
0000000000000021 101103068000f000 0 00 00000000 0 0 0 0000000000000022 b9da0f30 f b9da0f30 1 03 b9da0f30
0000000000000022 00131e0000000300 1 1e 00000003 0 0 0 0000000000000023 b9da0f30 f b9da0f30 0 00 b9da0f30
0000000000000023 0023171700000100 1 17 00000001 0 0 0 0000000000000024 b9da0f30 f b9da0f30 0 00 b9da0f30
0000000000000024 00731e1e00000100 1 1e 00000002 0 0 0 0000000000000025 b9da0f30 f b9da0f30 0 00 b9da0f30
0000000000000025 0013180000000000 1 18 00000000 0 0 0 0000000000000026 b9da0f30 f b9da0f30 0 00 b9da0f30
0000000000000026 0102001e18000000 0 00 00000000 4 0 0 0000000000000027 b9da0f30 f b9da0f30 0 00 b9da0f30
0000000000000027 0215fffffb040000 0 00 00000000 4 0 1 0000000000000023 b9da0f30 f b9da0f30 0 00 b9da0f30
0000000000000023 0023171700000100 1 17 00000002 4 0 0 0000000000000024 b9da0f30 f b9da0f30 0 00 b9da0f30
0000000000000024 00731e1e00000100 1 1e 00000001 4 0 0 0000000000000025 b9da0f30 f b9da0f30 0 00 b9da0f30
0000000000000025 0013180000000000 1 18 00000000 4 0 0 0000000000000026 b9da0f30 f b9da0f30 0 00 b9da0f30
0000000000000026 0102001e18000000 0 00 00000000 4 0 0 0000000000000027 b9da0f30 f b9da0f30 0 00 b9da0f30
0000000000000027 0215fffffb040000 0 00 00000000 4 0 1 0000000000000023 b9da0f30 f b9da0f30 0 00 b9da0f30
0000000000000023 0023171700000100 1 17 00000003 4 0 0 0000000000000024 b9da0f30 f b9da0f30 0 00 b9da0f30
0000000000000024 00731e1e00000100 1 1e 00000000 4 0 0 0000000000000025 b9da0f30 f b9da0f30 0 00 b9da0f30
0000000000000025 0013180000000000 1 18 00000000 4 0 0 0000000000000026 b9da0f30 f b9da0f30 0 00 b9da0f30
0000000000000026 0102001e18000000 0 00 00000000 5 1 0 0000000000000027 b9da0f30 f b9da0f30 0 00 b9da0f30
0000000000000027 0215fffffb040000 0 00 00000000 5 1 0 0000000000000028 b9da0f30 f b9da0f30 0 00 b9da0f30
0000000000000028 7cf5000000000000 0 00 00000000 5 1 0 0000000000000029 b9da0f30 f b9da0f30 0 00 b9da0f30
DONE retired=51 fault=00 pc=0000000000000028
