0000000000000000 00131d0000000000 1 1d 00000000 0 0 0 0000000000000001
0000000000000001 00420b080d000000 1 0b 00000000 0 0 0 0000000000000002
0000000000000002 0082031001000000 1 03 00000000 0 0 0 0000000000000003
0000000000000003 0063140400002000 1 14 00000000 0 0 0 0000000000000004
0000000000000004 8506000000000000 0 00 00000000 0 0 0 0000000000000005
0000000000000005 0306000000000400 1 04 00000000 0 0 0 0000000000000006
0000000000000006 0072070514000000 1 07 00000000 0 0 0 0000000000000007
0000000000000007 00130c0000000100 1 0c 00000001 0 0 0 0000000000000008
0000000000000008 00a2100d11000000 1 10 00000000 0 0 0 0000000000000009
0000000000000009 0072090602000000 1 09 00000000 0 0 0 000000000000000a
000000000000000a 00a3090100001700 1 09 00000000 0 0 0 000000000000000b
000000000000000b 8506000000000000 0 00 00000000 0 0 0 000000000000000c
000000000000000c 00a20e0c04000000 1 0e 00000001 0 0 0 000000000000000d
000000000000000d 00920d1000000000 1 0d ffffffff 0 0 0 000000000000000e
000000000000000e 8506000000000000 0 00 00000000 0 0 0 000000000000000f
000000000000000f 0022070803000000 1 07 00000000 0 0 0 0000000000000010
0000000000000010 00a3050600000000 1 05 00000000 0 0 0 0000000000000011
0000000000000011 0013010000000100 1 01 00000001 0 0 0 0000000000000012
0000000000000012 0092030700000000 1 03 ffffffff 0 0 0 0000000000000013
0000000000000013 0042051406000000 1 05 00000000 0 0 0 0000000000000014
0000000000000014 00b20e0505000000 1 0e 00000000 0 0 0 0000000000000015
0000000000000015 0023050171df9000 1 05 0071df91 0 0 0 0000000000000016
0000000000000016 005212030a000000 1 12 ffffffff 0 0 0 0000000000000017
0000000000000017 0112000d13000000 0 00 00000000 6 1 0 0000000000000018
0000000000000018 0215000003010000 0 00 00000000 6 1 1 000000000000001c
000000000000001c 0092070b00000000 1 07 ffffffff 6 1 0 000000000000001d
000000000000001d 8506000000000000 0 00 00000000 6 1 0 000000000000001e
000000000000001e 00130d00db2a3000 1 0d ffdb2a30 6 1 0 000000000000001f
000000000000001f 0023010288517300 1 01 ff885173 6 1 0 0000000000000020
0000000000000020 0072120806000000 1 12 00000000 6 1 0 0000000000000021
0000000000000021 00730b0100000000 1 0b ff885173 6 1 0 0000000000000022
0000000000000022 00131200fa4e8200 1 12 fffa4e82 6 1 0 0000000000000023
0000000000000023 00130600898d9c00 1 06 ff898d9c 6 1 0 0000000000000024
0000000000000024 00a20b030a000000 1 0b ffffffff 6 1 0 0000000000000025
0000000000000025 0013120000000100 1 12 00000001 6 1 0 0000000000000026
0000000000000026 00b30e0800000300 1 0e 00000000 6 1 0 0000000000000027
0000000000000027 0092011100000000 1 01 ffffffff 6 1 0 0000000000000028
0000000000000028 0306000000000b00 1 0b 00000000 6 1 0 0000000000000029
0000000000000029 00131e0000000300 1 1e 00000003 6 1 0 000000000000002a
000000000000002a 0023151500000100 1 15 00000001 6 1 0 000000000000002b
000000000000002b 00731e1e00000100 1 1e 00000002 6 1 0 000000000000002c
000000000000002c 0102001e1d000000 0 00 00000000 4 0 0 000000000000002d
000000000000002d 0215fffffc040000 0 00 00000000 4 0 1 000000000000002a
000000000000002a 0023151500000100 1 15 00000002 4 0 0 000000000000002b
000000000000002b 00731e1e00000100 1 1e 00000001 4 0 0 000000000000002c
000000000000002c 0102001e1d000000 0 00 00000000 4 0 0 000000000000002d
000000000000002d 0215fffffc040000 0 00 00000000 4 0 1 000000000000002a
000000000000002a 0023151500000100 1 15 00000003 4 0 0 000000000000002b
000000000000002b 00731e1e00000100 1 1e 00000000 4 0 0 000000000000002c
000000000000002c 0102001e1d000000 0 00 00000000 5 1 0 000000000000002d
000000000000002d 0215fffffc040000 0 00 00000000 5 1 0 000000000000002e
000000000000002e 7cf5000000000000 0 00 00000000 5 1 0 000000000000002f
DONE retired=52 fault=00 pc=000000000000002e
