0000000000000000 00131d0000000000 1 1d 00000000 0 0 0 0000000000000001
0000000000000001 0306000000000f00 1 0f 00000000 0 0 0 0000000000000002
0000000000000002 0306000000000f00 1 0f 00000000 0 0 0 0000000000000003
0000000000000003 0092120b00000000 1 12 ffffffff 0 0 0 0000000000000004
0000000000000004 0112000711000000 0 00 00000000 5 0 0 0000000000000005
0000000000000005 0215000001040000 0 00 00000000 5 0 0 0000000000000006
0000000000000006 8506000000000000 0 00 00000000 5 0 0 0000000000000007
0000000000000007 0072140606000000 1 14 00000000 5 0 0 0000000000000008
0000000000000008 0306000000000400 1 04 00000000 5 0 0 0000000000000009
0000000000000009 001302004e3ae200 1 02 004e3ae2 5 0 0 000000000000000a
000000000000000a 00b2040d0b000000 1 04 00000000 5 0 0 000000000000000b
000000000000000b 00130300ffffff00 1 03 ffffffff 5 0 0 000000000000000c
000000000000000c 00b3100500000800 1 10 00000000 5 0 0 000000000000000d
000000000000000d 00a2030b10000000 1 03 00000000 5 0 0 000000000000000e
000000000000000e 007204120f000000 1 04 ffffffff 5 0 0 000000000000000f
000000000000000f 0306000000000800 1 08 00000000 5 0 0 0000000000000010
0000000000000010 0122000606000000 0 00 00000000 5 0 0 0000000000000011
0000000000000011 0215000001040000 0 00 00000000 5 0 0 0000000000000012
0000000000000012 8506000000000000 0 00 00000000 5 0 0 0000000000000013
0000000000000013 0122000709000000 0 00 00000000 5 0 0 0000000000000014
0000000000000014 0215000001040000 0 00 00000000 5 0 0 0000000000000015
0000000000000015 8506000000000000 0 00 00000000 5 0 0 0000000000000016
0000000000000016 0022080607000000 1 08 00000000 5 0 0 0000000000000017
0000000000000017 00b3060100001d00 1 06 00000000 5 0 0 0000000000000018
0000000000000018 0306000000001300 1 13 00000000 5 0 0 0000000000000019
0000000000000019 0306000000000300 1 03 00000000 5 0 0 000000000000001a
000000000000001a 8506000000000000 0 00 00000000 5 0 0 000000000000001b
000000000000001b 8506000000000000 0 00 00000000 5 0 0 000000000000001c
000000000000001c 0092010a00000000 1 01 ffffffff 5 0 0 000000000000001d
000000000000001d 8506000000000000 0 00 00000000 5 0 0 000000000000001e
000000000000001e 8506000000000000 0 00 00000000 5 0 0 000000000000001f
000000000000001f 005201030a000000 1 01 00000000 5 0 0 0000000000000020
0000000000000020 001313004bb1ca00 1 13 004bb1ca 5 0 0 0000000000000021
0000000000000021 0013020093af3200 1 02 ff93af32 5 0 0 0000000000000022
0000000000000022 0073140a86096d00 1 14 0079f693 5 0 0 0000000000000023
0000000000000023 0082090809000000 1 09 00000000 5 0 0 0000000000000024
0000000000000024 00520f110f000000 1 0f 00000000 5 0 0 0000000000000025
0000000000000025 0306000000000200 1 02 00000000 5 0 0 0000000000000026
0000000000000026 00730f11cd2e1e00 1 0f 0032d1e2 5 0 0 0000000000000027
0000000000000027 0013100043a82800 1 10 0043a828 5 0 0 0000000000000028
0000000000000028 00920d0700000000 1 0d ffffffff 5 0 0 0000000000000029
0000000000000029 00630e0a00001000 1 0e 00000000 5 0 0 000000000000002a
000000000000002a 8506000000000000 0 00 00000000 5 0 0 000000000000002b
000000000000002b 00220f0d11000000 1 0f ffffffff 5 0 0 000000000000002c
000000000000002c 00130600ef8cb000 1 06 ffef8cb0 5 0 0 000000000000002d
000000000000002d 00131e0000000100 1 1e 00000001 5 0 0 000000000000002e
000000000000002e 0023151500000100 1 15 00000001 5 0 0 000000000000002f
000000000000002f 00731e1e00000100 1 1e 00000000 5 0 0 0000000000000030
0000000000000030 0102001e1d000000 0 00 00000000 5 1 0 0000000000000031
0000000000000031 0215fffffc040000 0 00 00000000 5 1 0 0000000000000032
0000000000000032 7cf5000000000000 0 00 00000000 5 1 0 0000000000000033
DONE retired=51 fault=00 pc=0000000000000032
