0000000000000000 00131d0000000000 1 1d 00000000 0 0 0 0000000000000001
0000000000000001 0032120a06000000 1 12 00000000 0 0 0 0000000000000002
0000000000000002 0092090f00000000 1 09 ffffffff 0 0 0 0000000000000003
0000000000000003 00130f00d30ba600 1 0f ffd30ba6 0 0 0 0000000000000004
0000000000000004 0013070055555500 1 07 00555555 0 0 0 0000000000000005
0000000000000005 00420b030f000000 1 0b 00000000 0 0 0 0000000000000006
0000000000000006 0092100a00000000 1 10 ffffffff 0 0 0 0000000000000007
0000000000000007 010200020b000000 0 00 00000000 5 1 0 0000000000000008
0000000000000008 0215000002020000 0 00 00000000 5 1 0 0000000000000009
0000000000000009 8506000000000000 0 00 00000000 5 1 0 000000000000000a
000000000000000a 8506000000000000 0 00 00000000 5 1 0 000000000000000b
000000000000000b 0102000611000000 0 00 00000000 5 1 0 000000000000000c
000000000000000c 02150000020e0000 0 00 00000000 5 1 1 000000000000000f
000000000000000f 00131200f1ce7600 1 12 fff1ce76 5 1 0 0000000000000010
0000000000000010 0022130f10000000 1 13 ffd30ba5 5 1 0 0000000000000011
0000000000000011 00520d1414000000 1 0d 00000000 5 1 0 0000000000000012
0000000000000012 0032080c05000000 1 08 00000000 5 1 0 0000000000000013
0000000000000013 012200140d000000 0 00 00000000 5 0 0 0000000000000014
0000000000000014 02150000010d0000 0 00 00000000 5 0 0 0000000000000015
0000000000000015 8506000000000000 0 00 00000000 5 0 0 0000000000000016
0000000000000016 8506000000000000 0 00 00000000 5 0 0 0000000000000017
0000000000000017 0023090a3b03d800 1 09 003b03d8 5 0 0 0000000000000018
0000000000000018 0032030f07000000 1 03 e20efc1e 5 0 0 0000000000000019
0000000000000019 0112000108000000 0 00 00000000 5 0 0 000000000000001a
000000000000001a 0215000003040000 0 00 00000000 5 0 0 000000000000001b
000000000000001b 8506000000000000 0 00 00000000 5 0 0 000000000000001c
000000000000001c 8506000000000000 0 00 00000000 5 0 0 000000000000001d
000000000000001d 8506000000000000 0 00 00000000 5 0 0 000000000000001e
000000000000001e 0122000503000000 0 00 00000000 0 1 0 000000000000001f
000000000000001f 0215000002020000 0 00 00000000 0 1 0 0000000000000020
0000000000000020 8506000000000000 0 00 00000000 0 1 0 0000000000000021
0000000000000021 8506000000000000 0 00 00000000 0 1 0 0000000000000022
0000000000000022 8506000000000000 0 00 00000000 0 1 0 0000000000000023
0000000000000023 00730d03f7ee2e00 1 0d e2170df0 0 1 0 0000000000000024
0000000000000024 0092060200000000 1 06 ffffffff 0 1 0 0000000000000025
0000000000000025 0082051206000000 1 05 000e3189 0 1 0 0000000000000026
0000000000000026 010200080e000000 0 00 00000000 5 1 0 0000000000000027
0000000000000027 0215000001020000 0 00 00000000 5 1 0 0000000000000028
0000000000000028 8506000000000000 0 00 00000000 5 1 0 0000000000000029
0000000000000029 0306000000000c00 1 0c 00000000 5 1 0 000000000000002a
000000000000002a 0042030e08000000 1 03 00000000 5 1 0 000000000000002b
000000000000002b 003203130b000000 1 03 00000000 5 1 0 000000000000002c
000000000000002c 00130c00b5c3f100 1 0c ffb5c3f1 5 1 0 000000000000002d
000000000000002d 001305005c414800 1 05 005c4148 5 1 0 000000000000002e
000000000000002e 00130200ffffff00 1 02 ffffffff 5 1 0 000000000000002f
000000000000002f 008210010a000000 1 10 00000000 5 1 0 0000000000000030
0000000000000030 8506000000000000 0 00 00000000 5 1 0 0000000000000031
0000000000000031 0306000000000c00 1 0c 00000000 5 1 0 0000000000000032
0000000000000032 00730807b3fc3f00 1 08 00a15916 5 1 0 0000000000000033
0000000000000033 0306000000000e00 1 0e 00000000 5 1 0 0000000000000034
0000000000000034 8506000000000000 0 00 00000000 5 1 0 0000000000000035
0000000000000035 00131e0000000200 1 1e 00000002 5 1 0 0000000000000036
0000000000000036 0023151500000100 1 15 00000001 5 1 0 0000000000000037
0000000000000037 00731e1e00000100 1 1e 00000001 5 1 0 0000000000000038
0000000000000038 0102001e1d000000 0 00 00000000 4 0 0 0000000000000039
0000000000000039 0215fffffc040000 0 00 00000000 4 0 1 0000000000000036
0000000000000036 0023151500000100 1 15 00000002 4 0 0 0000000000000037
0000000000000037 00731e1e00000100 1 1e 00000000 4 0 0 0000000000000038
0000000000000038 0102001e1d000000 0 00 00000000 5 1 0 0000000000000039
0000000000000039 0215fffffc040000 0 00 00000000 5 1 0 000000000000003a
000000000000003a 7cf5000000000000 0 00 00000000 5 1 0 000000000000003b
DONE retired=61 fault=00 pc=000000000000003a
