0000000000000000 00131d0000000000 1 1d 00000000 0 0 0 0000000000000001
0000000000000001 010200090d000000 0 00 00000000 5 1 0 0000000000000002
0000000000000002 0215000001020000 0 00 00000000 5 1 0 0000000000000003
0000000000000003 8506000000000000 0 00 00000000 5 1 0 0000000000000004
0000000000000004 0062100114000000 1 10 00000000 5 1 0 0000000000000005
0000000000000005 00a20e0904000000 1 0e 00000000 5 1 0 0000000000000006
0000000000000006 0052050409000000 1 05 00000000 5 1 0 0000000000000007
0000000000000007 0022040810000000 1 04 00000000 5 1 0 0000000000000008
0000000000000008 0023140383a70800 1 14 ff83a708 5 1 0 0000000000000009
0000000000000009 0062110713000000 1 11 00000000 5 1 0 000000000000000a
000000000000000a 00131e0000000300 1 1e 00000003 5 1 0 000000000000000b
000000000000000b 0023151500000100 1 15 00000001 5 1 0 000000000000000c
000000000000000c 00731e1e00000100 1 1e 00000002 5 1 0 000000000000000d
000000000000000d 0102001e1d000000 0 00 00000000 4 0 0 000000000000000e
000000000000000e 0215fffffc040000 0 00 00000000 4 0 1 000000000000000b
000000000000000b 0023151500000100 1 15 00000002 4 0 0 000000000000000c
000000000000000c 00731e1e00000100 1 1e 00000001 4 0 0 000000000000000d
000000000000000d 0102001e1d000000 0 00 00000000 4 0 0 000000000000000e
000000000000000e 0215fffffc040000 0 00 00000000 4 0 1 000000000000000b
000000000000000b 0023151500000100 1 15 00000003 4 0 0 000000000000000c
000000000000000c 00731e1e00000100 1 1e 00000000 4 0 0 000000000000000d
000000000000000d 0102001e1d000000 0 00 00000000 5 1 0 000000000000000e
000000000000000e 0215fffffc040000 0 00 00000000 5 1 0 000000000000000f
000000000000000f 7cf5000000000000 0 00 00000000 5 1 0 0000000000000010
DONE retired=24 fault=00 pc=000000000000000f
