0000000000000000 00131d0000000000 1 1d 00000000 0 0 0 0000000000000001
0000000000000001 0306000000000500 1 05 00000000 0 0 0 0000000000000002
0000000000000002 0122000805000000 0 00 00000000 5 0 0 0000000000000003
0000000000000003 0215000001020000 0 00 00000000 5 0 1 0000000000000005
0000000000000005 0112000e01000000 0 00 00000000 5 0 0 0000000000000006
0000000000000006 0215000001020000 0 00 00000000 5 0 1 0000000000000008
0000000000000008 0073050c9dbf4800 1 05 006240b8 5 0 0 0000000000000009
0000000000000009 00130c0000000000 1 0c 00000000 5 0 0 000000000000000a
000000000000000a 8506000000000000 0 00 00000000 5 0 0 000000000000000b
000000000000000b 00a201040d000000 1 01 00000000 5 0 0 000000000000000c
000000000000000c 0082010211000000 1 01 00000000 5 0 0 000000000000000d
000000000000000d 00620b130c000000 1 0b 00000000 5 0 0 000000000000000e
000000000000000e 00b30e0b00000100 1 0e 00000000 5 0 0 000000000000000f
000000000000000f 006204090f000000 1 04 00000000 5 0 0 0000000000000010
0000000000000010 0122000d12000000 0 00 00000000 5 0 0 0000000000000011
0000000000000011 02150000010b0000 0 00 00000000 5 0 0 0000000000000012
0000000000000012 8506000000000000 0 00 00000000 5 0 0 0000000000000013
0000000000000013 00b2121207000000 1 12 00000000 5 0 0 0000000000000014
0000000000000014 00130c00ffffff00 1 0c ffffffff 5 0 0 0000000000000015
0000000000000015 8506000000000000 0 00 00000000 5 0 0 0000000000000016
0000000000000016 00130d0034b3f200 1 0d 0034b3f2 5 0 0 0000000000000017
0000000000000017 8506000000000000 0 00 00000000 5 0 0 0000000000000018
0000000000000018 00131e0000000100 1 1e 00000001 5 0 0 0000000000000019
0000000000000019 0023151500000100 1 15 00000001 5 0 0 000000000000001a
000000000000001a 00731e1e00000100 1 1e 00000000 5 0 0 000000000000001b
000000000000001b 0102001e1d000000 0 00 00000000 5 1 0 000000000000001c
000000000000001c 0215fffffc040000 0 00 00000000 5 1 0 000000000000001d
000000000000001d 7cf5000000000000 0 00 00000000 5 1 0 000000000000001e
DONE retired=28 fault=00 pc=000000000000001d
