0000000000000000 0013140000004d00 1 14 0000004d 0 0 0 0000000000000001 55555555 f 55555555 0 00 55555555
0000000000000001 10610404003ff000 0 00 00000000 0 0 0 0000000000000002 55555555 f 55555555 1 04 55555555
0000000000000002 1040030203004000 0 00 00000000 0 0 0 0000000000000003 55555555 4 00450011 1 03 00450011
0000000000000003 105003030300f000 0 00 00000000 0 0 0 0000000000000004 55555555 f 55555555 1 03 55555555
0000000000000004 1010060503001000 0 00 00000000 0 0 0 0000000000000005 55555555 1 00000001 1 06 00000001
0000000000000005 101105028000f000 0 00 00000000 0 0 0 0000000000000006 55555555 f 55555555 1 05 55555555
0000000000000006 0013150000000000 1 15 00000000 0 0 0 0000000000000007 55555555 f 55555555 0 00 55555555
0000000000000007 342005150000f000 0 00 00000000 0 0 0 0000000000000008 55555555 f 55555555 1 05 55555555
0000000000000008 343006000000f000 0 00 00000000 0 0 0 0000000000000009 55555555 f 55555555 1 06 55555555
0000000000000009 101106027ffff000 0 00 00000000 0 0 0 000000000000000a 55555555 f 55555555 1 06 55555555
000000000000000a 0013160000000000 1 16 00000000 0 0 0 000000000000000b 55555555 f 55555555 0 00 55555555
000000000000000b 342003160000f000 0 00 00000000 0 0 0 000000000000000c 55555555 f 55555555 1 03 55555555
000000000000000c 108103030026f000 0 00 00000000 0 0 0 000000000000000d 55555555 f 55555555 1 03 55555555
000000000000000d 0013160000000000 1 16 00000000 0 0 0 000000000000000e 55555555 f 55555555 0 00 55555555
000000000000000e 342002160000f000 0 00 00000000 0 0 0 000000000000000f 55555555 f 55555555 1 02 55555555
000000000000000f 108103020000f000 0 00 00000000 0 0 0 0000000000000010 55555555 f 55555555 1 03 55555555
0000000000000010 340002040000f000 0 00 00000000 0 0 0 0000000000000011 55555555 f 55555555 1 02 55555555
0000000000000011 105102060001f000 0 00 00000000 0 0 0 0000000000000012 55555555 f 55555555 1 02 55555555
0000000000000012 340003050000f000 0 00 00000000 0 0 0 0000000000000013 55555555 f 55555555 1 03 55555555
0000000000000013 341105003b38f000 0 00 00000000 0 0 0 0000000000000014 55555555 f 55555555 1 05 55555555
0000000000000014 106105060020f000 0 00 00000000 0 0 0 0000000000000015 55555555 f 55555555 1 05 55555555
0000000000000015 101003050400d000 0 00 00000000 0 0 0 0000000000000016 55555555 d 00000001 1 03 00000001
0000000000000016 1050040305001000 0 00 00000000 0 0 0 0000000000000017 55555555 1 00000001 1 04 00000001
0000000000000017 340005050000f000 0 00 00000000 0 0 0 0000000000000018 55555555 f 55555555 1 05 55555555
0000000000000018 340003060000b000 0 00 00000000 0 0 0 0000000000000019 55555555 b 00000000 1 03 00000000
0000000000000019 100004060300f000 0 00 00000000 0 0 0 000000000000001a 55555555 f 55555555 1 04 55555555
000000000000001a 106106060020f000 0 00 00000000 0 0 0 000000000000001b 55555555 f 55555555 1 06 55555555
000000000000001b 103004040600f000 0 00 00000000 0 0 0 000000000000001c 55555555 f 55555555 1 04 55555555
000000000000001c 00131600ffffff00 1 16 ffffffff 0 0 0 000000000000001d 55555555 f 55555555 0 00 55555555
000000000000001d 342002160000f000 0 00 00000000 0 0 0 000000000000001e 55555555 f 55555555 1 02 55555555
000000000000001e 108104020010f000 0 00 00000000 0 0 0 000000000000001f 55555555 f 55555555 1 04 55555555
000000000000001f 101003060500f000 0 00 00000000 0 0 0 0000000000000020 55555555 f 55555555 1 03 55555555
0000000000000020 343002000000f000 0 00 00000000 0 0 0 0000000000000021 55555555 f 55555555 1 02 55555555
0000000000000021 00131500ffffff00 1 15 ffffffff 0 0 0 0000000000000022 55555555 f 55555555 0 00 55555555
0000000000000022 342002150000f000 0 00 00000000 0 0 0 0000000000000023 55555555 f 55555555 1 02 55555555
0000000000000023 3400050400006000 0 00 00000000 0 0 0 0000000000000024 55555555 6 40114154 1 05 40114154
0000000000000024 00131e0000000300 1 1e 00000003 0 0 0 0000000000000025 55555555 f 55555555 0 00 55555555
0000000000000025 0023171700000100 1 17 00000001 0 0 0 0000000000000026 55555555 f 55555555 0 00 55555555
0000000000000026 00731e1e00000100 1 1e 00000002 0 0 0 0000000000000027 55555555 f 55555555 0 00 55555555
0000000000000027 0013180000000000 1 18 00000000 0 0 0 0000000000000028 55555555 f 55555555 0 00 55555555
0000000000000028 0102001e18000000 0 00 00000000 4 0 0 0000000000000029 55555555 f 55555555 0 00 55555555
0000000000000029 0215fffffb040000 0 00 00000000 4 0 1 0000000000000025 55555555 f 55555555 0 00 55555555
0000000000000025 0023171700000100 1 17 00000002 4 0 0 0000000000000026 55555555 f 55555555 0 00 55555555
0000000000000026 00731e1e00000100 1 1e 00000001 4 0 0 0000000000000027 55555555 f 55555555 0 00 55555555
0000000000000027 0013180000000000 1 18 00000000 4 0 0 0000000000000028 55555555 f 55555555 0 00 55555555
0000000000000028 0102001e18000000 0 00 00000000 4 0 0 0000000000000029 55555555 f 55555555 0 00 55555555
0000000000000029 0215fffffb040000 0 00 00000000 4 0 1 0000000000000025 55555555 f 55555555 0 00 55555555
0000000000000025 0023171700000100 1 17 00000003 4 0 0 0000000000000026 55555555 f 55555555 0 00 55555555
0000000000000026 00731e1e00000100 1 1e 00000000 4 0 0 0000000000000027 55555555 f 55555555 0 00 55555555
0000000000000027 0013180000000000 1 18 00000000 4 0 0 0000000000000028 55555555 f 55555555 0 00 55555555
0000000000000028 0102001e18000000 0 00 00000000 5 1 0 0000000000000029 55555555 f 55555555 0 00 55555555
0000000000000029 0215fffffb040000 0 00 00000000 5 1 0 000000000000002a 55555555 f 55555555 0 00 55555555
000000000000002a 7cf5000000000000 0 00 00000000 5 1 0 000000000000002b 55555555 f 55555555 0 00 55555555
DONE retired=53 fault=00 pc=000000000000002a
