0000000000000000 0013140000004d00 1 14 0000004d 0 0 0 0000000000000001 ffffffff f ffffffff 0 00 ffffffff
0000000000000001 340003030000f000 0 00 00000000 0 0 0 0000000000000002 ffffffff f ffffffff 1 03 ffffffff
0000000000000002 0013160000000100 1 16 00000001 0 0 0 0000000000000003 ffffffff f ffffffff 0 00 ffffffff
0000000000000003 342003160000f000 0 00 00000000 0 0 0 0000000000000004 ffffffff f ffffffff 1 03 ffffffff
0000000000000004 108105030001f000 0 00 00000000 0 0 0 0000000000000005 ffffffff f ffffffff 1 05 ffffffff
0000000000000005 10710503001ff000 0 00 00000000 0 0 0 0000000000000006 ffffffff f ffffffff 1 05 ffffffff
0000000000000006 0013160055555500 1 16 00555555 0 0 0 0000000000000007 ffffffff f ffffffff 0 00 ffffffff
0000000000000007 342006160000f000 0 00 00000000 0 0 0 0000000000000008 ffffffff f ffffffff 1 06 ffffffff
0000000000000008 108103060010f000 0 00 00000000 0 0 0 0000000000000009 ffffffff f ffffffff 1 03 ffffffff
0000000000000009 100002060300f000 0 00 00000000 0 0 0 000000000000000a ffffffff f ffffffff 1 02 ffffffff
000000000000000a 106105060021f000 0 00 00000000 0 0 0 000000000000000b ffffffff f ffffffff 1 05 ffffffff
000000000000000b 105006020500f000 0 00 00000000 0 0 0 000000000000000c ffffffff f ffffffff 1 06 ffffffff
000000000000000c 104105040000f000 0 00 00000000 0 0 0 000000000000000d ffffffff f ffffffff 1 05 ffffffff
000000000000000d 340004040000f000 0 00 00000000 0 0 0 000000000000000e ffffffff f ffffffff 1 04 ffffffff
000000000000000e 105006040300f000 0 00 00000000 0 0 0 000000000000000f ffffffff f ffffffff 1 06 ffffffff
000000000000000f 341106000ab3f000 0 00 00000000 0 0 0 0000000000000010 ffffffff f ffffffff 1 06 ffffffff
0000000000000010 341102000000f000 0 00 00000000 0 0 0 0000000000000011 ffffffff f ffffffff 1 02 ffffffff
0000000000000011 103002050300f000 0 00 00000000 0 0 0 0000000000000012 ffffffff f ffffffff 1 02 ffffffff
0000000000000012 341105001cedf000 0 00 00000000 0 0 0 0000000000000013 ffffffff f ffffffff 1 05 ffffffff
0000000000000013 00131600ffffff00 1 16 ffffffff 0 0 0 0000000000000014 ffffffff f ffffffff 0 00 ffffffff
0000000000000014 342006160000f000 0 00 00000000 0 0 0 0000000000000015 ffffffff f ffffffff 1 06 ffffffff
0000000000000015 10810306001ef000 0 00 00000000 0 0 0 0000000000000016 ffffffff f ffffffff 1 03 ffffffff
0000000000000016 106104050021f000 0 00 00000000 0 0 0 0000000000000017 ffffffff f ffffffff 1 04 ffffffff
0000000000000017 0013150055555500 1 15 00555555 0 0 0 0000000000000018 ffffffff f ffffffff 0 00 ffffffff
0000000000000018 342003150000f000 0 00 00000000 0 0 0 0000000000000019 ffffffff f ffffffff 1 03 ffffffff
0000000000000019 34110500de19f000 0 00 00000000 0 0 0 000000000000001a ffffffff f ffffffff 1 05 ffffffff
000000000000001a 00131e0000000200 1 1e 00000002 0 0 0 000000000000001b ffffffff f ffffffff 0 00 ffffffff
000000000000001b 0023171700000100 1 17 00000001 0 0 0 000000000000001c ffffffff f ffffffff 0 00 ffffffff
000000000000001c 00731e1e00000100 1 1e 00000001 0 0 0 000000000000001d ffffffff f ffffffff 0 00 ffffffff
000000000000001d 0013180000000000 1 18 00000000 0 0 0 000000000000001e ffffffff f ffffffff 0 00 ffffffff
000000000000001e 0102001e18000000 0 00 00000000 4 0 0 000000000000001f ffffffff f ffffffff 0 00 ffffffff
000000000000001f 0215fffffb040000 0 00 00000000 4 0 1 000000000000001b ffffffff f ffffffff 0 00 ffffffff
000000000000001b 0023171700000100 1 17 00000002 4 0 0 000000000000001c ffffffff f ffffffff 0 00 ffffffff
000000000000001c 00731e1e00000100 1 1e 00000000 4 0 0 000000000000001d ffffffff f ffffffff 0 00 ffffffff
000000000000001d 0013180000000000 1 18 00000000 4 0 0 000000000000001e ffffffff f ffffffff 0 00 ffffffff
000000000000001e 0102001e18000000 0 00 00000000 5 1 0 000000000000001f ffffffff f ffffffff 0 00 ffffffff
000000000000001f 0215fffffb040000 0 00 00000000 5 1 0 0000000000000020 ffffffff f ffffffff 0 00 ffffffff
0000000000000020 7cf5000000000000 0 00 00000000 5 1 0 0000000000000021 ffffffff f ffffffff 0 00 ffffffff
DONE retired=38 fault=00 pc=0000000000000020
