0000000000000000 00131d0000000000 1 1d 00000000 0 0 0 0000000000000001
0000000000000001 8506000000000000 0 00 00000000 0 0 0 0000000000000002
0000000000000002 0013070046668200 1 07 00466682 0 0 0 0000000000000003
0000000000000003 00130600ffffff00 1 06 ffffffff 0 0 0 0000000000000004
0000000000000004 0042110d0f000000 1 11 00000000 0 0 0 0000000000000005
0000000000000005 0063120800001b00 1 12 00000000 0 0 0 0000000000000006
0000000000000006 0112000213000000 0 00 00000000 5 0 0 0000000000000007
0000000000000007 0215000003030000 0 00 00000000 5 0 1 000000000000000b
000000000000000b 00320d010e000000 1 0d 00000000 5 0 0 000000000000000c
000000000000000c 0092020800000000 1 02 ffffffff 5 0 0 000000000000000d
000000000000000d 00130400a89bb000 1 04 ffa89bb0 5 0 0 000000000000000e
000000000000000e 0072121210000000 1 12 00000000 5 0 0 000000000000000f
000000000000000f 0052100e07000000 1 10 00466682 5 0 0 0000000000000010
0000000000000010 00130300aaaaaa00 1 03 ffaaaaaa 5 0 0 0000000000000011
0000000000000011 00130500ffffff00 1 05 ffffffff 5 0 0 0000000000000012
0000000000000012 00b30d0300001700 1 0d ffffffff 5 0 0 0000000000000013
0000000000000013 0032111006000000 1 11 ffb9997e 5 0 0 0000000000000014
0000000000000014 0112000904000000 0 00 00000000 0 0 0 0000000000000015
0000000000000015 02150000030e0000 0 00 00000000 0 0 0 0000000000000016
0000000000000016 8506000000000000 0 00 00000000 0 0 0 0000000000000017
0000000000000017 8506000000000000 0 00 00000000 0 0 0 0000000000000018
0000000000000018 8506000000000000 0 00 00000000 0 0 0 0000000000000019
0000000000000019 00520c0414000000 1 0c ffa89bb0 0 0 0 000000000000001a
000000000000001a 00b3100e00000100 1 10 00000000 0 0 0 000000000000001b
000000000000001b 0062040408000000 1 04 ffa89bb0 0 0 0 000000000000001c
000000000000001c 0072101213000000 1 10 00000000 0 0 0 000000000000001d
000000000000001d 00131400a67f2e00 1 14 ffa67f2e 0 0 0 000000000000001e
000000000000001e 0102000f08000000 0 00 00000000 5 1 0 000000000000001f
000000000000001f 0215000002040000 0 00 00000000 5 1 0 0000000000000020
0000000000000020 8506000000000000 0 00 00000000 5 1 0 0000000000000021
0000000000000021 8506000000000000 0 00 00000000 5 1 0 0000000000000022
0000000000000022 8506000000000000 0 00 00000000 5 1 0 0000000000000023
0000000000000023 0013140000000000 1 14 00000000 5 1 0 0000000000000024
0000000000000024 00131e0000000300 1 1e 00000003 5 1 0 0000000000000025
0000000000000025 0023151500000100 1 15 00000001 5 1 0 0000000000000026
0000000000000026 00731e1e00000100 1 1e 00000002 5 1 0 0000000000000027
0000000000000027 0102001e1d000000 0 00 00000000 4 0 0 0000000000000028
0000000000000028 0215fffffc040000 0 00 00000000 4 0 1 0000000000000025
0000000000000025 0023151500000100 1 15 00000002 4 0 0 0000000000000026
0000000000000026 00731e1e00000100 1 1e 00000001 4 0 0 0000000000000027
0000000000000027 0102001e1d000000 0 00 00000000 4 0 0 0000000000000028
0000000000000028 0215fffffc040000 0 00 00000000 4 0 1 0000000000000025
0000000000000025 0023151500000100 1 15 00000003 4 0 0 0000000000000026
0000000000000026 00731e1e00000100 1 1e 00000000 4 0 0 0000000000000027
0000000000000027 0102001e1d000000 0 00 00000000 5 1 0 0000000000000028
0000000000000028 0215fffffc040000 0 00 00000000 5 1 0 0000000000000029
0000000000000029 7cf5000000000000 0 00 00000000 5 1 0 000000000000002a
DONE retired=47 fault=00 pc=0000000000000029
