0000000000000000 00131d0000000000 1 1d 00000000 0 0 0 0000000000000001
0000000000000001 00920e1200000000 1 0e ffffffff 0 0 0 0000000000000002
0000000000000002 00720d050d000000 1 0d 00000000 0 0 0 0000000000000003
0000000000000003 0102000f08000000 0 00 00000000 5 1 0 0000000000000004
0000000000000004 02150000030b0000 0 00 00000000 5 1 0 0000000000000005
0000000000000005 8506000000000000 0 00 00000000 5 1 0 0000000000000006
0000000000000006 8506000000000000 0 00 00000000 5 1 0 0000000000000007
0000000000000007 8506000000000000 0 00 00000000 5 1 0 0000000000000008
0000000000000008 8506000000000000 0 00 00000000 5 1 0 0000000000000009
0000000000000009 0112000e13000000 0 00 00000000 6 1 0 000000000000000a
000000000000000a 0215000003040000 0 00 00000000 6 1 1 000000000000000e
000000000000000e 0306000000000100 1 01 00000000 6 1 0 000000000000000f
000000000000000f 0073050256ef9d00 1 05 ffa91063 6 1 0 0000000000000010
0000000000000010 00630a0700000000 1 0a 00000000 6 1 0 0000000000000011
0000000000000011 00320e0514000000 1 0e 00000000 6 1 0 0000000000000012
0000000000000012 00920e0d00000000 1 0e ffffffff 6 1 0 0000000000000013
0000000000000013 0112000901000000 0 00 00000000 5 0 0 0000000000000014
0000000000000014 0215000003020000 0 00 00000000 5 0 1 0000000000000018
0000000000000018 00b3040a00000400 1 04 00000000 5 0 0 0000000000000019
0000000000000019 0082040901000000 1 04 00000000 5 0 0 000000000000001a
000000000000001a 001306002f9a9700 1 06 002f9a97 5 0 0 000000000000001b
000000000000001b 002213130f000000 1 13 00000000 5 0 0 000000000000001c
000000000000001c 001308007e613a00 1 08 007e613a 5 0 0 000000000000001d
000000000000001d 8506000000000000 0 00 00000000 5 0 0 000000000000001e
000000000000001e 0063101100001c00 1 10 00000000 5 0 0 000000000000001f
000000000000001f 0092050300000000 1 05 ffffffff 5 0 0 0000000000000020
0000000000000020 8506000000000000 0 00 00000000 5 0 0 0000000000000021
0000000000000021 0306000000000800 1 08 00000000 5 0 0 0000000000000022
0000000000000022 0022051202000000 1 05 00000000 5 0 0 0000000000000023
0000000000000023 0306000000001300 1 13 00000000 5 0 0 0000000000000024
0000000000000024 00720e0b05000000 1 0e 00000000 5 0 0 0000000000000025
0000000000000025 0092100b00000000 1 10 ffffffff 5 0 0 0000000000000026
0000000000000026 00320c1403000000 1 0c 00000000 5 0 0 0000000000000027
0000000000000027 0122000106000000 0 00 00000000 2 0 0 0000000000000028
0000000000000028 0215000001030000 0 00 00000000 2 0 0 0000000000000029
0000000000000029 8506000000000000 0 00 00000000 2 0 0 000000000000002a
000000000000002a 00130b00a0d57b00 1 0b ffa0d57b 2 0 0 000000000000002b
000000000000002b 00131e0000000200 1 1e 00000002 2 0 0 000000000000002c
000000000000002c 0023151500000100 1 15 00000001 2 0 0 000000000000002d
000000000000002d 00731e1e00000100 1 1e 00000001 2 0 0 000000000000002e
000000000000002e 0102001e1d000000 0 00 00000000 4 0 0 000000000000002f
000000000000002f 0215fffffc040000 0 00 00000000 4 0 1 000000000000002c
000000000000002c 0023151500000100 1 15 00000002 4 0 0 000000000000002d
000000000000002d 00731e1e00000100 1 1e 00000000 4 0 0 000000000000002e
000000000000002e 0102001e1d000000 0 00 00000000 5 1 0 000000000000002f
000000000000002f 0215fffffc040000 0 00 00000000 5 1 0 0000000000000030
0000000000000030 7cf5000000000000 0 00 00000000 5 1 0 0000000000000031
DONE retired=47 fault=00 pc=0000000000000030
