0000000000000000 0013140000004d00 1 14 0000004d 0 0 0 0000000000000001 ffffff80 f ffffff80 0 00 ffffff80
0000000000000001 103005060500f000 0 00 00000000 0 0 0 0000000000000002 ffffff80 f ffffff80 1 05 ffffff80
0000000000000002 0013150055555500 1 15 00555555 0 0 0 0000000000000003 ffffff80 f ffffff80 0 00 ffffff80
0000000000000003 342006150000f000 0 00 00000000 0 0 0 0000000000000004 ffffff80 f ffffff80 1 06 ffffff80
0000000000000004 101002020600f000 0 00 00000000 0 0 0 0000000000000005 ffffff80 f ffffff80 1 02 ffffff80
0000000000000005 00131500ffffff00 1 15 ffffffff 0 0 0 0000000000000006 ffffff80 f ffffff80 0 00 ffffff80
0000000000000006 342006150000f000 0 00 00000000 0 0 0 0000000000000007 ffffff80 f ffffff80 1 06 ffffff80
0000000000000007 343005000000f000 0 00 00000000 0 0 0 0000000000000008 ffffff80 f ffffff80 1 05 ffffff80
0000000000000008 340002030000f000 0 00 00000000 0 0 0 0000000000000009 ffffff80 f ffffff80 1 02 ffffff80
0000000000000009 10710604001ff000 0 00 00000000 0 0 0 000000000000000a ffffff80 f ffffff80 1 06 ffffff80
000000000000000a 10610606000ff000 0 00 00000000 0 0 0 000000000000000b ffffff80 f ffffff80 1 06 ffffff80
000000000000000b 3411050050eaf000 0 00 00000000 0 0 0 000000000000000c ffffff80 f ffffff80 1 05 ffffff80
000000000000000c 106102030010f000 0 00 00000000 0 0 0 000000000000000d ffffff80 f ffffff80 1 02 ffffff80
000000000000000d 100004020300f000 0 00 00000000 0 0 0 000000000000000e ffffff80 f ffffff80 1 04 ffffff80
000000000000000e 0013160000000000 1 16 00000000 0 0 0 000000000000000f ffffff80 f ffffff80 0 00 ffffff80
000000000000000f 342003160000f000 0 00 00000000 0 0 0 0000000000000010 ffffff80 f ffffff80 1 03 ffffff80
0000000000000010 108106030000f000 0 00 00000000 0 0 0 0000000000000011 ffffff80 f ffffff80 1 06 ffffff80
0000000000000011 0013160000000000 1 16 00000000 0 0 0 0000000000000012 ffffff80 f ffffff80 0 00 ffffff80
0000000000000012 342004160000f000 0 00 00000000 0 0 0 0000000000000013 ffffff80 f ffffff80 1 04 ffffff80
0000000000000013 108104040000f000 0 00 00000000 0 0 0 0000000000000014 ffffff80 f ffffff80 1 04 ffffff80
0000000000000014 1010030205004000 0 00 00000000 0 0 0 0000000000000015 ffffff80 4 53c01000 1 03 53c01000
0000000000000015 00131600ffffff00 1 16 ffffffff 0 0 0 0000000000000016 ffffff80 f ffffff80 0 00 ffffff80
0000000000000016 342004160000f000 0 00 00000000 0 0 0 0000000000000017 ffffff80 f ffffff80 1 04 ffffff80
0000000000000017 10810604000ff000 0 00 00000000 0 0 0 0000000000000018 ffffff80 f ffffff80 1 06 ffffff80
0000000000000018 00131500aaaaaa00 1 15 ffaaaaaa 0 0 0 0000000000000019 ffffff80 f ffffff80 0 00 ffffff80
0000000000000019 342004150000f000 0 00 00000000 0 0 0 000000000000001a ffffff80 f ffffff80 1 04 ffffff80
000000000000001a 100105040001f000 0 00 00000000 0 0 0 000000000000001b ffffff80 f ffffff80 1 05 ffffff80
000000000000001b 0013150000000100 1 15 00000001 0 0 0 000000000000001c ffffff80 f ffffff80 0 00 ffffff80
000000000000001c 342005150000f000 0 00 00000000 0 0 0 000000000000001d ffffff80 f ffffff80 1 05 ffffff80
000000000000001d 340003040000e000 0 00 00000000 0 0 0 000000000000001e ffffff80 e 55555500 1 03 55555500
000000000000001e 104002030400f000 0 00 00000000 0 0 0 000000000000001f ffffff80 f ffffff80 1 02 ffffff80
000000000000001f 0013160000000000 1 16 00000000 0 0 0 0000000000000020 ffffff80 f ffffff80 0 00 ffffff80
0000000000000020 342003160000f000 0 00 00000000 0 0 0 0000000000000021 ffffff80 f ffffff80 1 03 ffffff80
0000000000000021 108103030001f000 0 00 00000000 0 0 0 0000000000000022 ffffff80 f ffffff80 1 03 ffffff80
0000000000000022 100105030001f000 0 00 00000000 0 0 0 0000000000000023 ffffff80 f ffffff80 1 05 ffffff80
0000000000000023 34110300f5baf000 0 00 00000000 0 0 0 0000000000000024 ffffff80 f ffffff80 1 03 ffffff80
0000000000000024 340004020000f000 0 00 00000000 0 0 0 0000000000000025 ffffff80 f ffffff80 1 04 ffffff80
0000000000000025 0013160055555500 1 16 00555555 0 0 0 0000000000000026 ffffff80 f ffffff80 0 00 ffffff80
0000000000000026 342005160000f000 0 00 00000000 0 0 0 0000000000000027 ffffff80 f ffffff80 1 05 ffffff80
0000000000000027 10810305000ff000 0 00 00000000 0 0 0 0000000000000028 ffffff80 f ffffff80 1 03 ffffff80
0000000000000028 340003050000f000 0 00 00000000 0 0 0 0000000000000029 ffffff80 f ffffff80 1 03 ffffff80
0000000000000029 106104040006f000 0 00 00000000 0 0 0 000000000000002a ffffff80 f ffffff80 1 04 ffffff80
000000000000002a 107104030000f000 0 00 00000000 0 0 0 000000000000002b ffffff80 f ffffff80 1 04 ffffff80
000000000000002b 106102060021f000 0 00 00000000 0 0 0 000000000000002c ffffff80 f ffffff80 1 02 ffffff80
000000000000002c 340002050000f000 0 00 00000000 0 0 0 000000000000002d ffffff80 f ffffff80 1 02 ffffff80
000000000000002d 00131e0000000100 1 1e 00000001 0 0 0 000000000000002e ffffff80 f ffffff80 0 00 ffffff80
000000000000002e 0023171700000100 1 17 00000001 0 0 0 000000000000002f ffffff80 f ffffff80 0 00 ffffff80
000000000000002f 00731e1e00000100 1 1e 00000000 0 0 0 0000000000000030 ffffff80 f ffffff80 0 00 ffffff80
0000000000000030 0013180000000000 1 18 00000000 0 0 0 0000000000000031 ffffff80 f ffffff80 0 00 ffffff80
0000000000000031 0102001e18000000 0 00 00000000 5 1 0 0000000000000032 ffffff80 f ffffff80 0 00 ffffff80
0000000000000032 0215fffffb040000 0 00 00000000 5 1 0 0000000000000033 ffffff80 f ffffff80 0 00 ffffff80
0000000000000033 7cf5000000000000 0 00 00000000 5 1 0 0000000000000034 ffffff80 f ffffff80 0 00 ffffff80
DONE retired=52 fault=00 pc=0000000000000033
