0000000000000000 00131d0000000000 1 1d 00000000 0 0 0 0000000000000001
0000000000000001 00b2120313000000 1 12 00000000 0 0 0 0000000000000002
0000000000000002 004208110e000000 1 08 00000000 0 0 0 0000000000000003
0000000000000003 8506000000000000 0 00 00000000 0 0 0 0000000000000004
0000000000000004 0063020600000500 1 02 00000000 0 0 0 0000000000000005
0000000000000005 8506000000000000 0 00 00000000 0 0 0 0000000000000006
0000000000000006 0306000000001200 1 12 00000000 0 0 0 0000000000000007
0000000000000007 011200070c000000 0 00 00000000 5 0 0 0000000000000008
0000000000000008 0215000003040000 0 00 00000000 5 0 0 0000000000000009
0000000000000009 8506000000000000 0 00 00000000 5 0 0 000000000000000a
000000000000000a 8506000000000000 0 00 00000000 5 0 0 000000000000000b
000000000000000b 8506000000000000 0 00 00000000 5 0 0 000000000000000c
000000000000000c 00b207120a000000 1 07 00000000 5 0 0 000000000000000d
000000000000000d 00720f0b08000000 1 0f 00000000 5 0 0 000000000000000e
000000000000000e 8506000000000000 0 00 00000000 5 0 0 000000000000000f
000000000000000f 8506000000000000 0 00 00000000 5 0 0 0000000000000010
0000000000000010 00130700cff9f100 1 07 ffcff9f1 5 0 0 0000000000000011
0000000000000011 00920a0100000000 1 0a ffffffff 5 0 0 0000000000000012
0000000000000012 00131300ea83ab00 1 13 ffea83ab 5 0 0 0000000000000013
0000000000000013 8506000000000000 0 00 00000000 5 0 0 0000000000000014
0000000000000014 0112000c07000000 0 00 00000000 0 0 0 0000000000000015
0000000000000015 02150000010b0000 0 00 00000000 0 0 0 0000000000000016
0000000000000016 8506000000000000 0 00 00000000 0 0 0 0000000000000017
0000000000000017 8506000000000000 0 00 00000000 0 0 0 0000000000000018
0000000000000018 0122000c11000000 0 00 00000000 5 0 0 0000000000000019
0000000000000019 02150000010e0000 0 00 00000000 5 0 1 000000000000001b
000000000000001b 0042011214000000 1 01 00000000 5 0 0 000000000000001c
000000000000001c 0092110a00000000 1 11 00000000 5 0 0 000000000000001d
000000000000001d 011200060e000000 0 00 00000000 5 0 0 000000000000001e
000000000000001e 0215000002040000 0 00 00000000 5 0 0 000000000000001f
000000000000001f 8506000000000000 0 00 00000000 5 0 0 0000000000000020
0000000000000020 8506000000000000 0 00 00000000 5 0 0 0000000000000021
0000000000000021 00730a05aaaaaa00 1 0a 00555556 5 0 0 0000000000000022
0000000000000022 0306000000001300 1 13 00000000 5 0 0 0000000000000023
0000000000000023 0092081000000000 1 08 ffffffff 5 0 0 0000000000000024
0000000000000024 00131300adb48c00 1 13 ffadb48c 5 0 0 0000000000000025
0000000000000025 0102000c10000000 0 00 00000000 5 1 0 0000000000000026
0000000000000026 02150000010d0000 0 00 00000000 5 1 0 0000000000000027
0000000000000027 8506000000000000 0 00 00000000 5 1 0 0000000000000028
0000000000000028 00b3090800001700 1 09 ffffffff 5 1 0 0000000000000029
0000000000000029 0122000802000000 0 00 00000000 6 0 0 000000000000002a
000000000000002a 02150000020e0000 0 00 00000000 6 0 1 000000000000002d
000000000000002d 0122000604000000 0 00 00000000 5 0 0 000000000000002e
000000000000002e 02150000030e0000 0 00 00000000 5 0 1 0000000000000032
0000000000000032 0073010e0ecd2300 1 01 fff132dd 5 0 0 0000000000000033
0000000000000033 8506000000000000 0 00 00000000 5 0 0 0000000000000034
0000000000000034 8506000000000000 0 00 00000000 5 0 0 0000000000000035
0000000000000035 010200060b000000 0 00 00000000 5 1 0 0000000000000036
0000000000000036 02150000020d0000 0 00 00000000 5 1 0 0000000000000037
0000000000000037 8506000000000000 0 00 00000000 5 1 0 0000000000000038
0000000000000038 8506000000000000 0 00 00000000 5 1 0 0000000000000039
0000000000000039 00630f0a00001900 1 0f ac000000 5 1 0 000000000000003a
000000000000003a 0042100b11000000 1 10 00000000 5 1 0 000000000000003b
000000000000003b 0032101314000000 1 10 00000000 5 1 0 000000000000003c
000000000000003c 00131e0000000300 1 1e 00000003 5 1 0 000000000000003d
000000000000003d 0023151500000100 1 15 00000001 5 1 0 000000000000003e
000000000000003e 00731e1e00000100 1 1e 00000002 5 1 0 000000000000003f
000000000000003f 0102001e1d000000 0 00 00000000 4 0 0 0000000000000040
0000000000000040 0215fffffc040000 0 00 00000000 4 0 1 000000000000003d
000000000000003d 0023151500000100 1 15 00000002 4 0 0 000000000000003e
000000000000003e 00731e1e00000100 1 1e 00000001 4 0 0 000000000000003f
000000000000003f 0102001e1d000000 0 00 00000000 4 0 0 0000000000000040
0000000000000040 0215fffffc040000 0 00 00000000 4 0 1 000000000000003d
000000000000003d 0023151500000100 1 15 00000003 4 0 0 000000000000003e
000000000000003e 00731e1e00000100 1 1e 00000000 4 0 0 000000000000003f
000000000000003f 0102001e1d000000 0 00 00000000 5 1 0 0000000000000040
0000000000000040 0215fffffc040000 0 00 00000000 5 1 0 0000000000000041
0000000000000041 7cf5000000000000 0 00 00000000 5 1 0 0000000000000042
DONE retired=68 fault=00 pc=0000000000000041
