0000000000000000 00131d0000000000 1 1d 00000000 0 0 0 0000000000000001
0000000000000001 8506000000000000 0 00 00000000 0 0 0 0000000000000002
0000000000000002 0032020209000000 1 02 00000000 0 0 0 0000000000000003
0000000000000003 00230c1000000000 1 0c 00000000 0 0 0 0000000000000004
0000000000000004 001314001105b900 1 14 001105b9 0 0 0 0000000000000005
0000000000000005 00a20d0807000000 1 0d 00000000 0 0 0 0000000000000006
0000000000000006 00130a0030cd2400 1 0a 0030cd24 0 0 0 0000000000000007
0000000000000007 0306000000001400 1 14 00000000 0 0 0 0000000000000008
0000000000000008 8506000000000000 0 00 00000000 0 0 0 0000000000000009
0000000000000009 0306000000000800 1 08 00000000 0 0 0 000000000000000a
000000000000000a 8506000000000000 0 00 00000000 0 0 0 000000000000000b
000000000000000b 008202130b000000 1 02 00000000 0 0 0 000000000000000c
000000000000000c 00130200dac6b700 1 02 ffdac6b7 0 0 0 000000000000000d
000000000000000d 00820d0802000000 1 0d ffdac6b7 0 0 0 000000000000000e
000000000000000e 0092120100000000 1 12 ffffffff 0 0 0 000000000000000f
000000000000000f 0092041300000000 1 04 ffffffff 0 0 0 0000000000000010
0000000000000010 00420c0814000000 1 0c 00000000 0 0 0 0000000000000011
0000000000000011 00b211070f000000 1 11 00000000 0 0 0 0000000000000012
0000000000000012 0092080800000000 1 08 ffffffff 0 0 0 0000000000000013
0000000000000013 012200040a000000 0 00 00000000 6 0 0 0000000000000014
0000000000000014 0215000001010000 0 00 00000000 6 0 0 0000000000000015
0000000000000015 8506000000000000 0 00 00000000 6 0 0 0000000000000016
0000000000000016 00b2091203000000 1 09 ffffffff 6 0 0 0000000000000017
0000000000000017 8506000000000000 0 00 00000000 6 0 0 0000000000000018
0000000000000018 0306000000000b00 1 0b 00000000 6 0 0 0000000000000019
0000000000000019 0032140902000000 1 14 00253949 6 0 0 000000000000001a
000000000000001a 001304004df35200 1 04 004df352 6 0 0 000000000000001b
000000000000001b 0082100a05000000 1 10 0030cd24 6 0 0 000000000000001c
000000000000001c 00230f1340590200 1 0f 00405902 6 0 0 000000000000001d
000000000000001d 8506000000000000 0 00 00000000 6 0 0 000000000000001e
000000000000001e 00a2050213000000 1 05 ffdac6b7 6 0 0 000000000000001f
000000000000001f 0306000000000700 1 07 00000000 6 0 0 0000000000000020
0000000000000020 00b202080e000000 1 02 ffffffff 6 0 0 0000000000000021
0000000000000021 0013080040b4b100 1 08 0040b4b1 6 0 0 0000000000000022
0000000000000022 00130100c1b0cd00 1 01 ffc1b0cd 6 0 0 0000000000000023
0000000000000023 00720d060d000000 1 0d 00253949 6 0 0 0000000000000024
0000000000000024 00a30b0300001200 1 0b 00000000 6 0 0 0000000000000025
0000000000000025 00b3030b00000900 1 03 00000000 6 0 0 0000000000000026
0000000000000026 011200040f000000 0 00 00000000 4 0 0 0000000000000027
0000000000000027 0215000003030000 0 00 00000000 4 0 0 0000000000000028
0000000000000028 8506000000000000 0 00 00000000 4 0 0 0000000000000029
0000000000000029 8506000000000000 0 00 00000000 4 0 0 000000000000002a
000000000000002a 8506000000000000 0 00 00000000 4 0 0 000000000000002b
000000000000002b 00131e0000000200 1 1e 00000002 4 0 0 000000000000002c
000000000000002c 0023151500000100 1 15 00000001 4 0 0 000000000000002d
000000000000002d 00731e1e00000100 1 1e 00000001 4 0 0 000000000000002e
000000000000002e 0102001e1d000000 0 00 00000000 4 0 0 000000000000002f
000000000000002f 0215fffffc040000 0 00 00000000 4 0 1 000000000000002c
000000000000002c 0023151500000100 1 15 00000002 4 0 0 000000000000002d
000000000000002d 00731e1e00000100 1 1e 00000000 4 0 0 000000000000002e
000000000000002e 0102001e1d000000 0 00 00000000 5 1 0 000000000000002f
000000000000002f 0215fffffc040000 0 00 00000000 5 1 0 0000000000000030
0000000000000030 7cf5000000000000 0 00 00000000 5 1 0 0000000000000031
DONE retired=53 fault=00 pc=0000000000000030
