0000000000000000 00131d0000000000 1 1d 00000000 0 0 0 0000000000000001
0000000000000001 00a30c0b00001c00 1 0c 00000000 0 0 0 0000000000000002
0000000000000002 0102000309000000 0 00 00000000 5 1 0 0000000000000003
0000000000000003 02150000030e0000 0 00 00000000 5 1 1 0000000000000007
0000000000000007 0013070055555500 1 07 00555555 5 1 0 0000000000000008
0000000000000008 0122000804000000 0 00 00000000 5 0 0 0000000000000009
0000000000000009 02150000030e0000 0 00 00000000 5 0 1 000000000000000d
000000000000000d 011200060d000000 0 00 00000000 5 0 0 000000000000000e
000000000000000e 02150000030d0000 0 00 00000000 5 0 0 000000000000000f
000000000000000f 8506000000000000 0 00 00000000 5 0 0 0000000000000010
0000000000000010 8506000000000000 0 00 00000000 5 0 0 0000000000000011
0000000000000011 8506000000000000 0 00 00000000 5 0 0 0000000000000012
0000000000000012 0306000000000700 1 07 00000000 5 0 0 0000000000000013
0000000000000013 0023111355555500 1 11 00555555 5 0 0 0000000000000014
0000000000000014 00a30f0800001000 1 0f 00000000 5 0 0 0000000000000015
0000000000000015 8506000000000000 0 00 00000000 5 0 0 0000000000000016
0000000000000016 00130d008b518d00 1 0d ff8b518d 5 0 0 0000000000000017
0000000000000017 00520b010c000000 1 0b 00000000 5 0 0 0000000000000018
0000000000000018 00131200ffffff00 1 12 ffffffff 5 0 0 0000000000000019
0000000000000019 8506000000000000 0 00 00000000 5 0 0 000000000000001a
000000000000001a 0306000000000a00 1 0a 00000000 5 0 0 000000000000001b
000000000000001b 0013080014f69300 1 08 0014f693 5 0 0 000000000000001c
000000000000001c 00130a0000000100 1 0a 00000001 5 0 0 000000000000001d
000000000000001d 8506000000000000 0 00 00000000 5 0 0 000000000000001e
000000000000001e 00131e0000000400 1 1e 00000004 5 0 0 000000000000001f
000000000000001f 0023151500000100 1 15 00000001 5 0 0 0000000000000020
0000000000000020 00731e1e00000100 1 1e 00000003 5 0 0 0000000000000021
0000000000000021 0102001e1d000000 0 00 00000000 4 0 0 0000000000000022
0000000000000022 0215fffffc040000 0 00 00000000 4 0 1 000000000000001f
000000000000001f 0023151500000100 1 15 00000002 4 0 0 0000000000000020
0000000000000020 00731e1e00000100 1 1e 00000002 4 0 0 0000000000000021
0000000000000021 0102001e1d000000 0 00 00000000 4 0 0 0000000000000022
0000000000000022 0215fffffc040000 0 00 00000000 4 0 1 000000000000001f
000000000000001f 0023151500000100 1 15 00000003 4 0 0 0000000000000020
0000000000000020 00731e1e00000100 1 1e 00000001 4 0 0 0000000000000021
0000000000000021 0102001e1d000000 0 00 00000000 4 0 0 0000000000000022
0000000000000022 0215fffffc040000 0 00 00000000 4 0 1 000000000000001f
000000000000001f 0023151500000100 1 15 00000004 4 0 0 0000000000000020
0000000000000020 00731e1e00000100 1 1e 00000000 4 0 0 0000000000000021
0000000000000021 0102001e1d000000 0 00 00000000 5 1 0 0000000000000022
0000000000000022 0215fffffc040000 0 00 00000000 5 1 0 0000000000000023
0000000000000023 7cf5000000000000 0 00 00000000 5 1 0 0000000000000024
DONE retired=42 fault=00 pc=0000000000000023
