0000000000000000 0013140000004d00 1 14 0000004d 0 0 0 0000000000000001 80808080 f 80808080 0 00 80808080
0000000000000001 107106040021f000 0 00 00000000 0 0 0 0000000000000002 80808080 f 80808080 1 06 80808080
0000000000000002 0013150000000000 1 15 00000000 0 0 0 0000000000000003 80808080 f 80808080 0 00 80808080
0000000000000003 342004150000f000 0 00 00000000 0 0 0 0000000000000004 80808080 f 80808080 1 04 80808080
0000000000000004 00131600ffffff00 1 16 ffffffff 0 0 0 0000000000000005 80808080 f 80808080 0 00 80808080
0000000000000005 342005160000f000 0 00 00000000 0 0 0 0000000000000006 80808080 f 80808080 1 05 80808080
0000000000000006 10810305001cf000 0 00 00000000 0 0 0 0000000000000007 80808080 f 80808080 1 03 80808080
0000000000000007 00131600ffffff00 1 16 ffffffff 0 0 0 0000000000000008 80808080 f 80808080 0 00 80808080
0000000000000008 342006160000f000 0 00 00000000 0 0 0 0000000000000009 80808080 f 80808080 1 06 80808080
0000000000000009 108105060001f000 0 00 00000000 0 0 0 000000000000000a 80808080 f 80808080 1 05 80808080
000000000000000a 0013160000000100 1 16 00000001 0 0 0 000000000000000b 80808080 f 80808080 0 00 80808080
000000000000000b 342003160000f000 0 00 00000000 0 0 0 000000000000000c 80808080 f 80808080 1 03 80808080
000000000000000c 108106030020f000 0 00 00000000 0 0 0 000000000000000d 80808080 f 80808080 1 06 80808080
000000000000000d 101002050600f000 0 00 00000000 0 0 0 000000000000000e 80808080 f 80808080 1 02 80808080
000000000000000e 10610205000ff000 0 00 00000000 0 0 0 000000000000000f 80808080 f 80808080 1 02 80808080
000000000000000f 340004050000f000 0 00 00000000 0 0 0 0000000000000010 80808080 f 80808080 1 04 80808080
0000000000000010 343002000000f000 0 00 00000000 0 0 0 0000000000000011 80808080 f 80808080 1 02 80808080
0000000000000011 106106020001f000 0 00 00000000 0 0 0 0000000000000012 80808080 f 80808080 1 06 80808080
0000000000000012 341102000818f000 0 00 00000000 0 0 0 0000000000000013 80808080 f 80808080 1 02 80808080
0000000000000013 0013160055555500 1 16 00555555 0 0 0 0000000000000014 80808080 f 80808080 0 00 80808080
0000000000000014 342004160000f000 0 00 00000000 0 0 0 0000000000000015 80808080 f 80808080 1 04 80808080
0000000000000015 10810604001af000 0 00 00000000 0 0 0 0000000000000016 80808080 f 80808080 1 06 80808080
0000000000000016 341106007ffff000 0 00 00000000 0 0 0 0000000000000017 80808080 f 80808080 1 06 80808080
0000000000000017 00131500ffffff00 1 15 ffffffff 0 0 0 0000000000000018 80808080 f 80808080 0 00 80808080
0000000000000018 342004150000f000 0 00 00000000 0 0 0 0000000000000019 80808080 f 80808080 1 04 80808080
0000000000000019 340006030000f000 0 00 00000000 0 0 0 000000000000001a 80808080 f 80808080 1 06 80808080
000000000000001a 104006050300f000 0 00 00000000 0 0 0 000000000000001b 80808080 f 80808080 1 06 80808080
000000000000001b 10610405003ff000 0 00 00000000 0 0 0 000000000000001c 80808080 f 80808080 1 04 80808080
000000000000001c 105005020600f000 0 00 00000000 0 0 0 000000000000001d 80808080 f 80808080 1 05 80808080
000000000000001d 343004000000f000 0 00 00000000 0 0 0 000000000000001e 80808080 f 80808080 1 04 80808080
000000000000001e 103004050600f000 0 00 00000000 0 0 0 000000000000001f 80808080 f 80808080 1 04 80808080
000000000000001f 100002020500a000 0 00 00000000 0 0 0 0000000000000020 80808080 a 80000000 1 02 80000000
0000000000000020 00131500aaaaaa00 1 15 ffaaaaaa 0 0 0 0000000000000021 80808080 f 80808080 0 00 80808080
0000000000000021 342006150000f000 0 00 00000000 0 0 0 0000000000000022 80808080 f 80808080 1 06 80808080
0000000000000022 0013150000000000 1 15 00000000 0 0 0 0000000000000023 80808080 f 80808080 0 00 80808080
0000000000000023 342005150000f000 0 00 00000000 0 0 0 0000000000000024 80808080 f 80808080 1 05 80808080
0000000000000024 00131600aaaaaa00 1 16 ffaaaaaa 0 0 0 0000000000000025 80808080 f 80808080 0 00 80808080
0000000000000025 342004160000f000 0 00 00000000 0 0 0 0000000000000026 80808080 f 80808080 1 04 80808080
0000000000000026 10810404003ff000 0 00 00000000 0 0 0 0000000000000027 80808080 f 80808080 1 04 80808080
0000000000000027 10710403000ff000 0 00 00000000 0 0 0 0000000000000028 80808080 f 80808080 1 04 80808080
0000000000000028 00131e0000000300 1 1e 00000003 0 0 0 0000000000000029 80808080 f 80808080 0 00 80808080
0000000000000029 0023171700000100 1 17 00000001 0 0 0 000000000000002a 80808080 f 80808080 0 00 80808080
000000000000002a 00731e1e00000100 1 1e 00000002 0 0 0 000000000000002b 80808080 f 80808080 0 00 80808080
000000000000002b 0013180000000000 1 18 00000000 0 0 0 000000000000002c 80808080 f 80808080 0 00 80808080
000000000000002c 0102001e18000000 0 00 00000000 4 0 0 000000000000002d 80808080 f 80808080 0 00 80808080
000000000000002d 0215fffffb040000 0 00 00000000 4 0 1 0000000000000029 80808080 f 80808080 0 00 80808080
0000000000000029 0023171700000100 1 17 00000002 4 0 0 000000000000002a 80808080 f 80808080 0 00 80808080
000000000000002a 00731e1e00000100 1 1e 00000001 4 0 0 000000000000002b 80808080 f 80808080 0 00 80808080
000000000000002b 0013180000000000 1 18 00000000 4 0 0 000000000000002c 80808080 f 80808080 0 00 80808080
000000000000002c 0102001e18000000 0 00 00000000 4 0 0 000000000000002d 80808080 f 80808080 0 00 80808080
000000000000002d 0215fffffb040000 0 00 00000000 4 0 1 0000000000000029 80808080 f 80808080 0 00 80808080
0000000000000029 0023171700000100 1 17 00000003 4 0 0 000000000000002a 80808080 f 80808080 0 00 80808080
000000000000002a 00731e1e00000100 1 1e 00000000 4 0 0 000000000000002b 80808080 f 80808080 0 00 80808080
000000000000002b 0013180000000000 1 18 00000000 4 0 0 000000000000002c 80808080 f 80808080 0 00 80808080
000000000000002c 0102001e18000000 0 00 00000000 5 1 0 000000000000002d 80808080 f 80808080 0 00 80808080
000000000000002d 0215fffffb040000 0 00 00000000 5 1 0 000000000000002e 80808080 f 80808080 0 00 80808080
000000000000002e 7cf5000000000000 0 00 00000000 5 1 0 000000000000002f 80808080 f 80808080 0 00 80808080
DONE retired=57 fault=00 pc=000000000000002e
