0000000000000000 343001000000f000 0 00 00000000 0 0 0 0 0 0 0000000000000001 ffffffff f ffffffff 1 01
0000000000000001 341107000001f000 0 00 00000000 0 0 0 0 0 0 0000000000000002 ffffffff f ffffffff 1 07
0000000000000002 34110c000003f000 0 00 00000000 0 0 0 0 0 0 0000000000000003 ffffffff f ffffffff 1 0c
0000000000000003 304990b0c0000000 0 00 00000000 0 0 0 0 0 0 0000000000000004 ffffffff f ffffffff 0 00
0000000000000004 7c1500001b90001c 0 00 00000000 0 0 0 0 0 0 0000000000000020 ffffffff f ffffffff 0 00
0000000000000020 104003010500f000 0 00 00000000 0 0 0 0 0 0 0000000000000021 ffffffff f ffffffff 1 03
0000000000000021 7c25000000000000 0 00 00000000 0 0 0 0 0 0 0000000000000022 ffffffff f ffffffff 0 00
0000000000000022 34110d000001f000 0 00 00000000 0 0 0 0 0 0 0000000000000023 ffffffff f ffffffff 1 0d
0000000000000023 10300c010d00f000 0 00 00000000 0 0 0 0 0 0 0000000000000024 ffffffff f ffffffff 1 0c
0000000000000024 10000c0c0700f000 0 00 00000000 0 0 0 0 0 0 0000000000000025 ffffffff f ffffffff 1 0c
0000000000000025 34110a000000f000 0 00 00000000 0 0 0 0 0 0 0000000000000026 ffffffff f ffffffff 1 0a
0000000000000026 7c85000007000000 0 00 00000000 0 0 0 0 0 0 0000000000000027 ffffffff f ffffffff 0 00
0000000000000027 3059e0a0c0000000 0 00 00000000 0 0 0 0 0 0 0000000000000028 ffffffff f ffffffff 0 00
0000000000000028 3029d0a0c0000000 0 00 00000000 0 0 0 0 0 0 0000000000000029 ffffffff f ffffffff 0 00
0000000000000029 305940b070000000 0 00 00000000 0 0 0 0 0 0 000000000000002a ffffffff f ffffffff 0 00
000000000000002a 7c15000000400001 0 00 00000000 0 0 0 0 0 0 000000000000002b ffffffff f ffffffff 0 00
000000000000002b 34110c00000cf000 0 00 00000000 0 0 0 0 0 0 000000000000002c ffffffff f ffffffff 1 0c
000000000000002c 7c25000000000000 0 00 00000000 0 0 0 0 0 0 000000000000002d ffffffff f ffffffff 0 00
000000000000002d 10000a0a0700f000 0 00 00000000 0 0 0 0 0 0 000000000000002e ffffffff f ffffffff 1 0a
000000000000002e 7c95fffff8d00000 0 00 00000000 0 0 0 0 0 0 0000000000000027 ffffffff f ffffffff 0 00
0000000000000027 3059e0a0c0000000 0 00 00000000 0 0 0 0 0 0 0000000000000028 ffffffff f ffffffff 0 00
0000000000000028 3029d0a0c0000000 0 00 00000000 0 0 0 0 0 0 0000000000000029 ffffffff f ffffffff 0 00
0000000000000029 305940b070000000 0 00 00000000 0 0 0 0 0 0 000000000000002a ffffffff f ffffffff 0 00
000000000000002a 7c15000000400001 0 00 00000000 0 0 0 0 0 0 000000000000002b ffffffff f ffffffff 0 00
000000000000002b 34110c00000cf000 0 00 00000000 0 0 0 0 0 0 000000000000002c ffffffff f ffffffff 1 0c
000000000000002c 7c25000000000000 0 00 00000000 0 0 0 0 0 0 000000000000002d ffffffff f ffffffff 0 00
000000000000002d 10000a0a0700f000 0 00 00000000 0 0 0 0 0 0 000000000000002e ffffffff f ffffffff 1 0a
000000000000002e 7c95fffff8d00000 0 00 00000000 0 0 0 0 0 0 0000000000000027 ffffffff f ffffffff 0 00
0000000000000027 3059e0a0c0000000 0 00 00000000 0 0 0 0 0 0 0000000000000028 ffffffff f ffffffff 0 00
0000000000000028 3029d0a0c0000000 0 00 00000000 0 0 0 0 0 0 0000000000000029 ffffffff f ffffffff 0 00
0000000000000029 305940b070000000 0 00 00000000 0 0 0 0 0 0 000000000000002a ffffffff f ffffffff 0 00
000000000000002a 7c15000000400001 0 00 00000000 0 0 0 0 0 0 000000000000002b ffffffff f ffffffff 0 00
000000000000002b 34110c00000cf000 0 00 00000000 0 0 0 0 0 0 000000000000002c ffffffff f ffffffff 1 0c
000000000000002c 7c25000000000000 0 00 00000000 0 0 0 0 0 0 000000000000002d ffffffff f ffffffff 0 00
000000000000002d 10000a0a0700f000 0 00 00000000 0 0 0 0 0 0 000000000000002e ffffffff f ffffffff 1 0a
000000000000002e 7c95fffff8d00000 0 00 00000000 0 0 0 0 0 0 0000000000000027 ffffffff f ffffffff 0 00
0000000000000027 3059e0a0c0000000 0 00 00000000 0 0 0 0 0 0 0000000000000028 ffffffff f ffffffff 0 00
0000000000000028 3029d0a0c0000000 0 00 00000000 0 0 0 0 0 0 0000000000000029 ffffffff f ffffffff 0 00
0000000000000029 305940b070000000 0 00 00000000 0 0 0 0 0 0 000000000000002a ffffffff f ffffffff 0 00
000000000000002a 7c15000000400001 0 00 00000000 0 0 0 0 0 0 000000000000002b ffffffff f ffffffff 0 00
000000000000002b 34110c00000cf000 0 00 00000000 0 0 0 0 0 0 000000000000002c ffffffff f ffffffff 1 0c
000000000000002c 7c25000000000000 0 00 00000000 0 0 0 0 0 0 000000000000002d ffffffff f ffffffff 0 00
000000000000002d 10000a0a0700f000 0 00 00000000 0 0 0 0 0 0 000000000000002e ffffffff f ffffffff 1 0a
000000000000002e 7c95fffff8d00000 0 00 00000000 0 0 0 0 0 0 0000000000000027 ffffffff f ffffffff 0 00
0000000000000027 3059e0a0c0000000 0 00 00000000 0 0 0 0 0 0 0000000000000028 ffffffff f ffffffff 0 00
0000000000000028 3029d0a0c0000000 0 00 00000000 0 0 0 0 0 0 0000000000000029 ffffffff f ffffffff 0 00
0000000000000029 305940b070000000 0 00 00000000 0 0 0 0 0 0 000000000000002a ffffffff f ffffffff 0 00
000000000000002a 7c15000000400001 0 00 00000000 0 0 0 0 0 0 000000000000002b ffffffff f ffffffff 0 00
000000000000002b 34110c00000cf000 0 00 00000000 0 0 0 0 0 0 000000000000002c ffffffff f ffffffff 1 0c
000000000000002c 7c25000000000000 0 00 00000000 0 0 0 0 0 0 000000000000002d ffffffff f ffffffff 0 00
000000000000002d 10000a0a0700f000 0 00 00000000 0 0 0 0 0 0 000000000000002e ffffffff f ffffffff 1 0a
000000000000002e 7c95fffff8d00000 0 00 00000000 0 0 0 0 0 0 0000000000000027 ffffffff f ffffffff 0 00
0000000000000027 3059e0a0c0000000 0 00 00000000 0 0 0 0 0 0 0000000000000028 ffffffff f ffffffff 0 00
0000000000000028 3029d0a0c0000000 0 00 00000000 0 0 0 0 0 0 0000000000000029 ffffffff f ffffffff 0 00
0000000000000029 305940b070000000 0 00 00000000 0 0 0 0 0 0 000000000000002a ffffffff f ffffffff 0 00
000000000000002a 7c15000000400001 0 00 00000000 0 0 0 0 0 0 000000000000002b ffffffff f ffffffff 0 00
000000000000002b 34110c00000cf000 0 00 00000000 0 0 0 0 0 0 000000000000002c ffffffff f ffffffff 1 0c
000000000000002c 7c25000000000000 0 00 00000000 0 0 0 0 0 0 000000000000002d ffffffff f ffffffff 0 00
000000000000002d 10000a0a0700f000 0 00 00000000 0 0 0 0 0 0 000000000000002e ffffffff f ffffffff 1 0a
000000000000002e 7c95fffff8d00000 0 00 00000000 0 0 0 0 0 0 0000000000000027 ffffffff f ffffffff 0 00
0000000000000027 3059e0a0c0000000 0 00 00000000 0 0 0 0 0 0 0000000000000028 ffffffff f ffffffff 0 00
0000000000000028 3029d0a0c0000000 0 00 00000000 0 0 0 0 0 0 0000000000000029 ffffffff f ffffffff 0 00
0000000000000029 305940b070000000 0 00 00000000 0 0 0 0 0 0 000000000000002a ffffffff f ffffffff 0 00
000000000000002a 7c15000000400001 0 00 00000000 0 0 0 0 0 0 000000000000002b ffffffff f ffffffff 0 00
000000000000002b 34110c00000cf000 0 00 00000000 0 0 0 0 0 0 000000000000002c ffffffff f ffffffff 1 0c
000000000000002c 7c25000000000000 0 00 00000000 0 0 0 0 0 0 000000000000002d ffffffff f ffffffff 0 00
000000000000002d 10000a0a0700f000 0 00 00000000 0 0 0 0 0 0 000000000000002e ffffffff f ffffffff 1 0a
000000000000002e 7c95fffff8d00000 0 00 00000000 0 0 0 0 0 0 0000000000000027 ffffffff f ffffffff 0 00
0000000000000027 3059e0a0c0000000 0 00 00000000 0 0 0 0 0 0 0000000000000028 ffffffff f ffffffff 0 00
0000000000000028 3029d0a0c0000000 0 00 00000000 0 0 0 0 0 0 0000000000000029 ffffffff f ffffffff 0 00
0000000000000029 305940b070000000 0 00 00000000 0 0 0 0 0 0 000000000000002a ffffffff f ffffffff 0 00
000000000000002a 7c15000000400001 0 00 00000000 0 0 0 0 0 0 000000000000002b ffffffff f ffffffff 0 00
000000000000002b 34110c00000cf000 0 00 00000000 0 0 0 0 0 0 000000000000002c ffffffff f ffffffff 1 0c
000000000000002c 7c25000000000000 0 00 00000000 0 0 0 0 0 0 000000000000002d ffffffff f ffffffff 0 00
000000000000002d 10000a0a0700f000 0 00 00000000 0 0 0 0 0 0 000000000000002e ffffffff f ffffffff 1 0a
000000000000002e 7c95fffff8d00000 0 00 00000000 0 0 0 0 0 0 0000000000000027 ffffffff f ffffffff 0 00
0000000000000027 3059e0a0c0000000 0 00 00000000 0 0 0 0 0 0 0000000000000028 ffffffff f ffffffff 0 00
0000000000000028 3029d0a0c0000000 0 00 00000000 0 0 0 0 0 0 0000000000000029 ffffffff f ffffffff 0 00
0000000000000029 305940b070000000 0 00 00000000 0 0 0 0 0 0 000000000000002a ffffffff f ffffffff 0 00
000000000000002a 7c15000000400001 0 00 00000000 0 0 0 0 0 0 000000000000002b ffffffff f ffffffff 0 00
000000000000002b 34110c00000cf000 0 00 00000000 0 0 0 0 0 0 000000000000002c ffffffff f ffffffff 1 0c
000000000000002c 7c25000000000000 0 00 00000000 0 0 0 0 0 0 000000000000002d ffffffff f ffffffff 0 00
000000000000002d 10000a0a0700f000 0 00 00000000 0 0 0 0 0 0 000000000000002e ffffffff f ffffffff 1 0a
000000000000002e 7c95fffff8d00000 0 00 00000000 0 0 0 0 0 0 0000000000000027 ffffffff f ffffffff 0 00
0000000000000027 3059e0a0c0000000 0 00 00000000 0 0 0 0 0 0 0000000000000028 ffffffff f ffffffff 0 00
0000000000000028 3029d0a0c0000000 0 00 00000000 0 0 0 0 0 0 0000000000000029 ffffffff f ffffffff 0 00
0000000000000029 305940b070000000 0 00 00000000 0 0 0 0 0 0 000000000000002a ffffffff f ffffffff 0 00
000000000000002a 7c15000000400001 0 00 00000000 0 0 0 0 0 0 000000000000002b ffffffff f ffffffff 0 00
000000000000002b 34110c00000cf000 0 00 00000000 0 0 0 0 0 0 000000000000002c ffffffff f ffffffff 1 0c
000000000000002c 7c25000000000000 0 00 00000000 0 0 0 0 0 0 000000000000002d ffffffff f ffffffff 0 00
000000000000002d 10000a0a0700f000 0 00 00000000 0 0 0 0 0 0 000000000000002e ffffffff f ffffffff 1 0a
000000000000002e 7c95fffff8d00000 0 00 00000000 0 0 0 0 0 0 0000000000000027 ffffffff f ffffffff 0 00
0000000000000027 3059e0a0c0000000 0 00 00000000 0 0 0 0 0 0 0000000000000028 ffffffff f ffffffff 0 00
0000000000000028 3029d0a0c0000000 0 00 00000000 0 0 0 0 0 0 0000000000000029 ffffffff f ffffffff 0 00
0000000000000029 305940b070000000 0 00 00000000 0 0 0 0 0 0 000000000000002a ffffffff f ffffffff 0 00
000000000000002a 7c15000000400001 0 00 00000000 0 0 0 0 0 0 000000000000002b ffffffff f ffffffff 0 00
000000000000002b 34110c00000cf000 0 00 00000000 0 0 0 0 0 0 000000000000002c ffffffff f ffffffff 1 0c
000000000000002c 7c25000000000000 0 00 00000000 0 0 0 0 0 0 000000000000002d ffffffff f ffffffff 0 00
000000000000002d 10000a0a0700f000 0 00 00000000 0 0 0 0 0 0 000000000000002e ffffffff f ffffffff 1 0a
000000000000002e 7c95fffff8d00000 0 00 00000000 0 0 0 0 0 0 0000000000000027 ffffffff f ffffffff 0 00
0000000000000027 3059e0a0c0000000 0 00 00000000 0 0 0 0 0 0 0000000000000028 ffffffff f ffffffff 0 00
0000000000000028 3029d0a0c0000000 0 00 00000000 0 0 0 0 0 0 0000000000000029 ffffffff f ffffffff 0 00
0000000000000029 305940b070000000 0 00 00000000 0 0 0 0 0 0 000000000000002a ffffffff f ffffffff 0 00
000000000000002a 7c15000000400001 0 00 00000000 0 0 0 0 0 0 000000000000002b ffffffff f ffffffff 0 00
000000000000002b 34110c00000cf000 0 00 00000000 0 0 0 0 0 0 000000000000002c ffffffff f ffffffff 1 0c
000000000000002c 7c25000000000000 0 00 00000000 0 0 0 0 0 0 000000000000002d ffffffff f ffffffff 0 00
000000000000002d 10000a0a0700f000 0 00 00000000 0 0 0 0 0 0 000000000000002e ffffffff f ffffffff 1 0a
000000000000002e 7c95fffff8d00000 0 00 00000000 0 0 0 0 0 0 0000000000000027 ffffffff f ffffffff 0 00
0000000000000027 3059e0a0c0000000 0 00 00000000 0 0 0 0 0 0 0000000000000028 ffffffff f ffffffff 0 00
0000000000000028 3029d0a0c0000000 0 00 00000000 0 0 0 0 0 0 0000000000000029 ffffffff f ffffffff 0 00
0000000000000029 305940b070000000 0 00 00000000 0 0 0 0 0 0 000000000000002a ffffffff f ffffffff 0 00
000000000000002a 7c15000000400001 0 00 00000000 0 0 0 0 0 0 000000000000002b ffffffff f ffffffff 0 00
000000000000002b 34110c00000cf000 0 00 00000000 0 0 0 0 0 0 000000000000002c ffffffff f ffffffff 1 0c
000000000000002c 7c25000000000000 0 00 00000000 0 0 0 0 0 0 000000000000002d ffffffff f ffffffff 0 00
000000000000002d 10000a0a0700f000 0 00 00000000 0 0 0 0 0 0 000000000000002e ffffffff f ffffffff 1 0a
000000000000002e 7c95fffff8d00000 0 00 00000000 0 0 0 0 0 0 000000000000002f ffffffff f ffffffff 0 00
000000000000002f 7cf5000000000000 0 00 00000000 0 0 0 0 0 0 0000000000000030 ffffffff f ffffffff 0 00
