0000000000000000 0013140000004d00 1 14 0000004d 0 0 0 0000000000000001 18e9b14a f 18e9b14a 0 00 18e9b14a
0000000000000001 104103040940f000 0 00 00000000 0 0 0 0000000000000002 18e9b14a f 18e9b14a 1 03 18e9b14a
0000000000000002 10410503c027f000 0 00 00000000 0 0 0 0000000000000003 18e9b14a f 18e9b14a 1 05 18e9b14a
0000000000000003 10610406000ff000 0 00 00000000 0 0 0 0000000000000004 18e9b14a f 18e9b14a 1 04 18e9b14a
0000000000000004 102004060600f000 0 00 00000000 0 0 0 0000000000000005 18e9b14a f 18e9b14a 1 04 18e9b14a
0000000000000005 34110400cc30f000 0 00 00000000 0 0 0 0000000000000006 18e9b14a f 18e9b14a 1 04 18e9b14a
0000000000000006 104006060600f000 0 00 00000000 0 0 0 0000000000000007 18e9b14a f 18e9b14a 1 06 18e9b14a
0000000000000007 00131600aaaaaa00 1 16 ffaaaaaa 0 0 0 0000000000000008 18e9b14a f 18e9b14a 0 00 18e9b14a
0000000000000008 342005160000f000 0 00 00000000 0 0 0 0000000000000009 18e9b14a f 18e9b14a 1 05 18e9b14a
0000000000000009 10810405001ff000 0 00 00000000 0 0 0 000000000000000a 18e9b14a f 18e9b14a 1 04 18e9b14a
000000000000000a 10610602003ff000 0 00 00000000 0 0 0 000000000000000b 18e9b14a f 18e9b14a 1 06 18e9b14a
000000000000000b 3411030084c42000 0 00 00000000 0 0 0 000000000000000c 18e9b14a 2 18e9b14a 1 03 18e9b14a
000000000000000c 341105003590f000 0 00 00000000 0 0 0 000000000000000d 18e9b14a f 18e9b14a 1 05 18e9b14a
000000000000000d 0013160055555500 1 16 00555555 0 0 0 000000000000000e 18e9b14a f 18e9b14a 0 00 18e9b14a
000000000000000e 342002160000f000 0 00 00000000 0 0 0 000000000000000f 18e9b14a f 18e9b14a 1 02 18e9b14a
000000000000000f 108105020020f000 0 00 00000000 0 0 0 0000000000000010 18e9b14a f 18e9b14a 1 05 18e9b14a
0000000000000010 340003030000f000 0 00 00000000 0 0 0 0000000000000011 18e9b14a f 18e9b14a 1 03 18e9b14a
0000000000000011 104104050001f000 0 00 00000000 0 0 0 0000000000000012 18e9b14a f 18e9b14a 1 04 18e9b14a
0000000000000012 106102060001f000 0 00 00000000 0 0 0 0000000000000013 18e9b14a f 18e9b14a 1 02 18e9b14a
0000000000000013 34110200d0edf000 0 00 00000000 0 0 0 0000000000000014 18e9b14a f 18e9b14a 1 02 18e9b14a
0000000000000014 343006000000f000 0 00 00000000 0 0 0 0000000000000015 18e9b14a f 18e9b14a 1 06 18e9b14a
0000000000000015 340006020000f000 0 00 00000000 0 0 0 0000000000000016 18e9b14a f 18e9b14a 1 06 18e9b14a
0000000000000016 103102057ffff000 0 00 00000000 0 0 0 0000000000000017 18e9b14a f 18e9b14a 1 02 18e9b14a
0000000000000017 00131e0000000200 1 1e 00000002 0 0 0 0000000000000018 18e9b14a f 18e9b14a 0 00 18e9b14a
0000000000000018 0023171700000100 1 17 00000001 0 0 0 0000000000000019 18e9b14a f 18e9b14a 0 00 18e9b14a
0000000000000019 00731e1e00000100 1 1e 00000001 0 0 0 000000000000001a 18e9b14a f 18e9b14a 0 00 18e9b14a
000000000000001a 0013180000000000 1 18 00000000 0 0 0 000000000000001b 18e9b14a f 18e9b14a 0 00 18e9b14a
000000000000001b 0102001e18000000 0 00 00000000 4 0 0 000000000000001c 18e9b14a f 18e9b14a 0 00 18e9b14a
000000000000001c 0215fffffb040000 0 00 00000000 4 0 1 0000000000000018 18e9b14a f 18e9b14a 0 00 18e9b14a
0000000000000018 0023171700000100 1 17 00000002 4 0 0 0000000000000019 18e9b14a f 18e9b14a 0 00 18e9b14a
0000000000000019 00731e1e00000100 1 1e 00000000 4 0 0 000000000000001a 18e9b14a f 18e9b14a 0 00 18e9b14a
000000000000001a 0013180000000000 1 18 00000000 4 0 0 000000000000001b 18e9b14a f 18e9b14a 0 00 18e9b14a
000000000000001b 0102001e18000000 0 00 00000000 5 1 0 000000000000001c 18e9b14a f 18e9b14a 0 00 18e9b14a
000000000000001c 0215fffffb040000 0 00 00000000 5 1 0 000000000000001d 18e9b14a f 18e9b14a 0 00 18e9b14a
000000000000001d 7cf5000000000000 0 00 00000000 5 1 0 000000000000001e 18e9b14a f 18e9b14a 0 00 18e9b14a
DONE retired=35 fault=00 pc=000000000000001d
