0000000000000000 00131d0000000000 1 1d 00000000 0 0 0 0000000000000001
0000000000000001 0112001312000000 0 00 00000000 5 0 0 0000000000000002
0000000000000002 0215000003020000 0 00 00000000 5 0 1 0000000000000006
0000000000000006 00a20e0209000000 1 0e 00000000 5 0 0 0000000000000007
0000000000000007 8506000000000000 0 00 00000000 5 0 0 0000000000000008
0000000000000008 8506000000000000 0 00 00000000 5 0 0 0000000000000009
0000000000000009 8506000000000000 0 00 00000000 5 0 0 000000000000000a
000000000000000a 00130700d0029d00 1 07 ffd0029d 5 0 0 000000000000000b
000000000000000b 0122000509000000 0 00 00000000 5 0 0 000000000000000c
000000000000000c 02150000030b0000 0 00 00000000 5 0 0 000000000000000d
000000000000000d 8506000000000000 0 00 00000000 5 0 0 000000000000000e
000000000000000e 8506000000000000 0 00 00000000 5 0 0 000000000000000f
000000000000000f 8506000000000000 0 00 00000000 5 0 0 0000000000000010
0000000000000010 8506000000000000 0 00 00000000 5 0 0 0000000000000011
0000000000000011 0052100211000000 1 10 00000000 5 0 0 0000000000000012
0000000000000012 00130e007de6a900 1 0e 007de6a9 5 0 0 0000000000000013
0000000000000013 00130900aaaaaa00 1 09 ffaaaaaa 5 0 0 0000000000000014
0000000000000014 0306000000000c00 1 0c 00000000 5 0 0 0000000000000015
0000000000000015 0092120f00000000 1 12 ffffffff 5 0 0 0000000000000016
0000000000000016 8506000000000000 0 00 00000000 5 0 0 0000000000000017
0000000000000017 00131100c00a9800 1 11 ffc00a98 5 0 0 0000000000000018
0000000000000018 0013100000000000 1 10 00000000 5 0 0 0000000000000019
0000000000000019 004203040d000000 1 03 00000000 5 0 0 000000000000001a
000000000000001a 007211110b000000 1 11 ffc00a98 5 0 0 000000000000001b
000000000000001b 0023090baaaaaa00 1 09 ffaaaaaa 5 0 0 000000000000001c
000000000000001c 00b20b0c0c000000 1 0b 00000000 5 0 0 000000000000001d
000000000000001d 00630c0300001b00 1 0c 00000000 5 0 0 000000000000001e
000000000000001e 00130900f4b8d500 1 09 fff4b8d5 5 0 0 000000000000001f
000000000000001f 00131e0000000100 1 1e 00000001 5 0 0 0000000000000020
0000000000000020 0023151500000100 1 15 00000001 5 0 0 0000000000000021
0000000000000021 00731e1e00000100 1 1e 00000000 5 0 0 0000000000000022
0000000000000022 0102001e1d000000 0 00 00000000 5 1 0 0000000000000023
0000000000000023 0215fffffc040000 0 00 00000000 5 1 0 0000000000000024
0000000000000024 7cf5000000000000 0 00 00000000 5 1 0 0000000000000025
DONE retired=34 fault=00 pc=0000000000000024
