0000000000000000 0013140000004d00 1 14 0000004d 0 0 0 0000000000000001 55555555 f 55555555 0 00 55555555
0000000000000001 102002060500f000 0 00 00000000 0 0 0 0000000000000002 55555555 f 55555555 1 02 55555555
0000000000000002 343003000000f000 0 00 00000000 0 0 0 0000000000000003 55555555 f 55555555 1 03 55555555
0000000000000003 0013150000000000 1 15 00000000 0 0 0 0000000000000004 55555555 f 55555555 0 00 55555555
0000000000000004 342005150000f000 0 00 00000000 0 0 0 0000000000000005 55555555 f 55555555 1 05 55555555
0000000000000005 340004040000f000 0 00 00000000 0 0 0 0000000000000006 55555555 f 55555555 1 04 55555555
0000000000000006 3411040097e5f000 0 00 00000000 0 0 0 0000000000000007 55555555 f 55555555 1 04 55555555
0000000000000007 340004040000f000 0 00 00000000 0 0 0 0000000000000008 55555555 f 55555555 1 04 55555555
0000000000000008 341104007ffff000 0 00 00000000 0 0 0 0000000000000009 55555555 f 55555555 1 04 55555555
0000000000000009 103006050300f000 0 00 00000000 0 0 0 000000000000000a 55555555 f 55555555 1 06 55555555
000000000000000a 34110300b6e48000 0 00 00000000 0 0 0 000000000000000b 55555555 8 00000000 1 03 00000000
000000000000000b 106105040015f000 0 00 00000000 0 0 0 000000000000000c 55555555 f 55555555 1 05 55555555
000000000000000c 340003060000f000 0 00 00000000 0 0 0 000000000000000d 55555555 f 55555555 1 03 55555555
000000000000000d 343004000000a000 0 00 00000000 0 0 0 000000000000000e 55555555 a 55555555 1 04 55555555
000000000000000e 00131500ffffff00 1 15 ffffffff 0 0 0 000000000000000f 55555555 f 55555555 0 00 55555555
000000000000000f 342003150000f000 0 00 00000000 0 0 0 0000000000000010 55555555 f 55555555 1 03 55555555
0000000000000010 340004030000f000 0 00 00000000 0 0 0 0000000000000011 55555555 f 55555555 1 04 55555555
0000000000000011 34110300dda1f000 0 00 00000000 0 0 0 0000000000000012 55555555 f 55555555 1 03 55555555
0000000000000012 00131500ffffff00 1 15 ffffffff 0 0 0 0000000000000013 55555555 f 55555555 0 00 55555555
0000000000000013 342006150000f000 0 00 00000000 0 0 0 0000000000000014 55555555 f 55555555 1 06 55555555
0000000000000014 1000030203008000 0 00 00000000 0 0 0 0000000000000015 55555555 8 00000000 1 03 00000000
0000000000000015 10710302003ff000 0 00 00000000 0 0 0 0000000000000016 55555555 f 55555555 1 03 55555555
0000000000000016 104102040000f000 0 00 00000000 0 0 0 0000000000000017 55555555 f 55555555 1 02 55555555
0000000000000017 00131e0000000300 1 1e 00000003 0 0 0 0000000000000018 55555555 f 55555555 0 00 55555555
0000000000000018 0023171700000100 1 17 00000001 0 0 0 0000000000000019 55555555 f 55555555 0 00 55555555
0000000000000019 00731e1e00000100 1 1e 00000002 0 0 0 000000000000001a 55555555 f 55555555 0 00 55555555
000000000000001a 0013180000000000 1 18 00000000 0 0 0 000000000000001b 55555555 f 55555555 0 00 55555555
000000000000001b 0102001e18000000 0 00 00000000 4 0 0 000000000000001c 55555555 f 55555555 0 00 55555555
000000000000001c 0215fffffb040000 0 00 00000000 4 0 1 0000000000000018 55555555 f 55555555 0 00 55555555
0000000000000018 0023171700000100 1 17 00000002 4 0 0 0000000000000019 55555555 f 55555555 0 00 55555555
0000000000000019 00731e1e00000100 1 1e 00000001 4 0 0 000000000000001a 55555555 f 55555555 0 00 55555555
000000000000001a 0013180000000000 1 18 00000000 4 0 0 000000000000001b 55555555 f 55555555 0 00 55555555
000000000000001b 0102001e18000000 0 00 00000000 4 0 0 000000000000001c 55555555 f 55555555 0 00 55555555
000000000000001c 0215fffffb040000 0 00 00000000 4 0 1 0000000000000018 55555555 f 55555555 0 00 55555555
0000000000000018 0023171700000100 1 17 00000003 4 0 0 0000000000000019 55555555 f 55555555 0 00 55555555
0000000000000019 00731e1e00000100 1 1e 00000000 4 0 0 000000000000001a 55555555 f 55555555 0 00 55555555
000000000000001a 0013180000000000 1 18 00000000 4 0 0 000000000000001b 55555555 f 55555555 0 00 55555555
000000000000001b 0102001e18000000 0 00 00000000 5 1 0 000000000000001c 55555555 f 55555555 0 00 55555555
000000000000001c 0215fffffb040000 0 00 00000000 5 1 0 000000000000001d 55555555 f 55555555 0 00 55555555
000000000000001d 7cf5000000000000 0 00 00000000 5 1 0 000000000000001e 55555555 f 55555555 0 00 55555555
DONE retired=40 fault=00 pc=000000000000001d
