0000000000000000 0013140000004d00 1 14 0000004d 0 0 0 0000000000000001 0000007f f 0000007f 0 00 0000007f
0000000000000001 100006060500f000 0 00 00000000 0 0 0 0000000000000002 0000007f f 0000007f 1 06 0000007f
0000000000000002 10710206000ff000 0 00 00000000 0 0 0 0000000000000003 0000007f f 0000007f 1 02 0000007f
0000000000000003 00131500aaaaaa00 1 15 ffaaaaaa 0 0 0 0000000000000004 0000007f f 0000007f 0 00 0000007f
0000000000000004 342006150000f000 0 00 00000000 0 0 0 0000000000000005 0000007f f 0000007f 1 06 0000007f
0000000000000005 100005020500f000 0 00 00000000 0 0 0 0000000000000006 0000007f f 0000007f 1 05 0000007f
0000000000000006 10710404000ff000 0 00 00000000 0 0 0 0000000000000007 0000007f f 0000007f 1 04 0000007f
0000000000000007 340004030000f000 0 00 00000000 0 0 0 0000000000000008 0000007f f 0000007f 1 04 0000007f
0000000000000008 10710503001ff000 0 00 00000000 0 0 0 0000000000000009 0000007f f 0000007f 1 05 0000007f
0000000000000009 102003030200f000 0 00 00000000 0 0 0 000000000000000a 0000007f f 0000007f 1 03 0000007f
000000000000000a 1050020304001000 0 00 00000000 0 0 0 000000000000000b 0000007f 1 0000002a 1 02 0000002a
000000000000000b 100105040000f000 0 00 00000000 0 0 0 000000000000000c 0000007f f 0000007f 1 05 0000007f
000000000000000c 0013150000000000 1 15 00000000 0 0 0 000000000000000d 0000007f f 0000007f 0 00 0000007f
000000000000000d 3420021500007000 0 00 00000000 0 0 0 000000000000000e 0000007f 7 00000000 1 02 00000000
000000000000000e 10710503000ff000 0 00 00000000 0 0 0 000000000000000f 0000007f f 0000007f 1 05 0000007f
000000000000000f 3400050300008000 0 00 00000000 0 0 0 0000000000000010 0000007f 8 00000043 1 05 00000043
0000000000000010 104102030000f000 0 00 00000000 0 0 0 0000000000000011 0000007f f 0000007f 1 02 0000007f
0000000000000011 340006030000f000 0 00 00000000 0 0 0 0000000000000012 0000007f f 0000007f 1 06 0000007f
0000000000000012 1050040303008000 0 00 00000000 0 0 0 0000000000000013 0000007f 8 00000043 1 04 00000043
0000000000000013 00131500ffffff00 1 15 ffffffff 0 0 0 0000000000000014 0000007f f 0000007f 0 00 0000007f
0000000000000014 342003150000f000 0 00 00000000 0 0 0 0000000000000015 0000007f f 0000007f 1 03 0000007f
0000000000000015 00131e0000000100 1 1e 00000001 0 0 0 0000000000000016 0000007f f 0000007f 0 00 0000007f
0000000000000016 0023171700000100 1 17 00000001 0 0 0 0000000000000017 0000007f f 0000007f 0 00 0000007f
0000000000000017 00731e1e00000100 1 1e 00000000 0 0 0 0000000000000018 0000007f f 0000007f 0 00 0000007f
0000000000000018 0013180000000000 1 18 00000000 0 0 0 0000000000000019 0000007f f 0000007f 0 00 0000007f
0000000000000019 0102001e18000000 0 00 00000000 5 1 0 000000000000001a 0000007f f 0000007f 0 00 0000007f
000000000000001a 0215fffffb040000 0 00 00000000 5 1 0 000000000000001b 0000007f f 0000007f 0 00 0000007f
000000000000001b 7cf5000000000000 0 00 00000000 5 1 0 000000000000001c 0000007f f 0000007f 0 00 0000007f
DONE retired=28 fault=00 pc=000000000000001b
