0000000000000000 0013140000004d00 1 14 0000004d 0 0 0 0000000000000001 f357e350 f f357e350 0 00 f357e350
0000000000000001 340003020000f000 0 00 00000000 0 0 0 0000000000000002 f357e350 f f357e350 1 03 f357e350
0000000000000002 105104028000f000 0 00 00000000 0 0 0 0000000000000003 f357e350 f f357e350 1 04 f357e350
0000000000000003 341105007fffd000 0 00 00000000 0 0 0 0000000000000004 f357e350 d 4101e110 1 05 4101e110
0000000000000004 343005000000f000 0 00 00000000 0 0 0 0000000000000005 f357e350 f f357e350 1 05 f357e350
0000000000000005 10710202001af000 0 00 00000000 0 0 0 0000000000000006 f357e350 f f357e350 1 02 f357e350
0000000000000006 0013150000000100 1 15 00000001 0 0 0 0000000000000007 f357e350 f f357e350 0 00 f357e350
0000000000000007 342004150000f000 0 00 00000000 0 0 0 0000000000000008 f357e350 f f357e350 1 04 f357e350
0000000000000008 0013150000000000 1 15 00000000 0 0 0 0000000000000009 f357e350 f f357e350 0 00 f357e350
0000000000000009 342003150000f000 0 00 00000000 0 0 0 000000000000000a f357e350 f f357e350 1 03 f357e350
000000000000000a 0013160000000100 1 16 00000001 0 0 0 000000000000000b f357e350 f f357e350 0 00 f357e350
000000000000000b 342002160000f000 0 00 00000000 0 0 0 000000000000000c f357e350 f f357e350 1 02 f357e350
000000000000000c 108103020000f000 0 00 00000000 0 0 0 000000000000000d f357e350 f f357e350 1 03 f357e350
000000000000000d 0013160055555500 1 16 00555555 0 0 0 000000000000000e f357e350 f f357e350 0 00 f357e350
000000000000000e 342002160000f000 0 00 00000000 0 0 0 000000000000000f f357e350 f f357e350 1 02 f357e350
000000000000000f 10810302000ff000 0 00 00000000 0 0 0 0000000000000010 f357e350 f f357e350 1 03 f357e350
0000000000000010 00131600ffffff00 1 16 ffffffff 0 0 0 0000000000000011 f357e350 f f357e350 0 00 f357e350
0000000000000011 342006160000f000 0 00 00000000 0 0 0 0000000000000012 f357e350 f f357e350 1 06 f357e350
0000000000000012 108104060020f000 0 00 00000000 0 0 0 0000000000000013 f357e350 f f357e350 1 04 f357e350
0000000000000013 107106040022f000 0 00 00000000 0 0 0 0000000000000014 f357e350 f f357e350 1 06 f357e350
0000000000000014 340004020000f000 0 00 00000000 0 0 0 0000000000000015 f357e350 f f357e350 1 04 f357e350
0000000000000015 104003060300f000 0 00 00000000 0 0 0 0000000000000016 f357e350 f f357e350 1 03 f357e350
0000000000000016 00131500ffffff00 1 15 ffffffff 0 0 0 0000000000000017 f357e350 f f357e350 0 00 f357e350
0000000000000017 342006150000a000 0 00 00000000 0 0 0 0000000000000018 f357e350 a 00000000 1 06 00000000
0000000000000018 107102030016f000 0 00 00000000 0 0 0 0000000000000019 f357e350 f f357e350 1 02 f357e350
0000000000000019 1050030404004000 0 00 00000000 0 0 0 000000000000001a f357e350 4 00000000 1 03 00000000
000000000000001a 103104058000f000 0 00 00000000 0 0 0 000000000000001b f357e350 f f357e350 1 04 f357e350
000000000000001b 340004030000f000 0 00 00000000 0 0 0 000000000000001c f357e350 f f357e350 1 04 f357e350
000000000000001c 0013160000000100 1 16 00000001 0 0 0 000000000000001d f357e350 f f357e350 0 00 f357e350
000000000000001d 342005160000f000 0 00 00000000 0 0 0 000000000000001e f357e350 f f357e350 1 05 f357e350
000000000000001e 10810405000ff000 0 00 00000000 0 0 0 000000000000001f f357e350 f f357e350 1 04 f357e350
000000000000001f 10710605000ff000 0 00 00000000 0 0 0 0000000000000020 f357e350 f f357e350 1 06 f357e350
0000000000000020 100103050000f000 0 00 00000000 0 0 0 0000000000000021 f357e350 f f357e350 1 03 f357e350
0000000000000021 343003000000f000 0 00 00000000 0 0 0 0000000000000022 f357e350 f f357e350 1 03 f357e350
0000000000000022 00131e0000000100 1 1e 00000001 0 0 0 0000000000000023 f357e350 f f357e350 0 00 f357e350
0000000000000023 0023171700000100 1 17 00000001 0 0 0 0000000000000024 f357e350 f f357e350 0 00 f357e350
0000000000000024 00731e1e00000100 1 1e 00000000 0 0 0 0000000000000025 f357e350 f f357e350 0 00 f357e350
0000000000000025 0013180000000000 1 18 00000000 0 0 0 0000000000000026 f357e350 f f357e350 0 00 f357e350
0000000000000026 0102001e18000000 0 00 00000000 5 1 0 0000000000000027 f357e350 f f357e350 0 00 f357e350
0000000000000027 0215fffffb040000 0 00 00000000 5 1 0 0000000000000028 f357e350 f f357e350 0 00 f357e350
0000000000000028 7cf5000000000000 0 00 00000000 5 1 0 0000000000000029 f357e350 f f357e350 0 00 f357e350
DONE retired=41 fault=00 pc=0000000000000028
