0000000000000000 00131d0000000000 1 1d 00000000 0 0 0 0000000000000001
0000000000000001 0032010803000000 1 01 00000000 0 0 0 0000000000000002
0000000000000002 0042090c0a000000 1 09 00000000 0 0 0 0000000000000003
0000000000000003 8506000000000000 0 00 00000000 0 0 0 0000000000000004
0000000000000004 0102000c04000000 0 00 00000000 5 1 0 0000000000000005
0000000000000005 02150000010b0000 0 00 00000000 5 1 0 0000000000000006
0000000000000006 8506000000000000 0 00 00000000 5 1 0 0000000000000007
0000000000000007 0032071110000000 1 07 00000000 5 1 0 0000000000000008
0000000000000008 8506000000000000 0 00 00000000 5 1 0 0000000000000009
0000000000000009 0013060028ca4b00 1 06 0028ca4b 5 1 0 000000000000000a
000000000000000a 00920a0400000000 1 0a ffffffff 5 1 0 000000000000000b
000000000000000b 0072111009000000 1 11 00000000 5 1 0 000000000000000c
000000000000000c 8506000000000000 0 00 00000000 5 1 0 000000000000000d
000000000000000d 005214020f000000 1 14 00000000 5 1 0 000000000000000e
000000000000000e 0122001402000000 0 00 00000000 5 0 0 000000000000000f
000000000000000f 02150000030e0000 0 00 00000000 5 0 1 0000000000000013
0000000000000013 0072140e09000000 1 14 00000000 5 0 0 0000000000000014
0000000000000014 0306000000001200 1 12 00000000 5 0 0 0000000000000015
0000000000000015 0306000000000100 1 01 00000000 5 0 0 0000000000000016
0000000000000016 0023141400000000 1 14 00000000 5 0 0 0000000000000017
0000000000000017 0306000000000300 1 03 00000000 5 0 0 0000000000000018
0000000000000018 00a214110d000000 1 14 00000000 5 0 0 0000000000000019
0000000000000019 0306000000000c00 1 0c 00000000 5 0 0 000000000000001a
000000000000001a 0022070f01000000 1 07 00000000 5 0 0 000000000000001b
000000000000001b 00131e0000000100 1 1e 00000001 5 0 0 000000000000001c
000000000000001c 0023151500000100 1 15 00000001 5 0 0 000000000000001d
000000000000001d 00731e1e00000100 1 1e 00000000 5 0 0 000000000000001e
000000000000001e 0102001e1d000000 0 00 00000000 5 1 0 000000000000001f
000000000000001f 0215fffffc040000 0 00 00000000 5 1 0 0000000000000020
0000000000000020 7cf5000000000000 0 00 00000000 5 1 0 0000000000000021
DONE retired=30 fault=00 pc=0000000000000020
