0000000000000000 0013140000004d00 1 14 0000004d 0 0 0 0000000000000001 02000000 f 02000000 0 00 02000000
0000000000000001 1031020544b5f000 0 00 00000000 0 0 0 0000000000000002 02000000 f 02000000 1 02 02000000
0000000000000002 00131500ffffff00 1 15 ffffffff 0 0 0 0000000000000003 02000000 f 02000000 0 00 02000000
0000000000000003 342005150000f000 0 00 00000000 0 0 0 0000000000000004 02000000 f 02000000 1 05 02000000
0000000000000004 10710405000ff000 0 00 00000000 0 0 0 0000000000000005 02000000 f 02000000 1 04 02000000
0000000000000005 104004060400f000 0 00 00000000 0 0 0 0000000000000006 02000000 f 02000000 1 04 02000000
0000000000000006 101105050001f000 0 00 00000000 0 0 0 0000000000000007 02000000 f 02000000 1 05 02000000
0000000000000007 10710205001ef000 0 00 00000000 0 0 0 0000000000000008 02000000 f 02000000 1 02 02000000
0000000000000008 1050030602002000 0 00 00000000 0 0 0 0000000000000009 02000000 2 00000000 1 03 00000000
0000000000000009 1000020304009000 0 00 00000000 0 0 0 000000000000000a 02000000 9 00000000 1 02 00000000
000000000000000a 102006030400f000 0 00 00000000 0 0 0 000000000000000b 02000000 f 02000000 1 06 02000000
000000000000000b 106102030020f000 0 00 00000000 0 0 0 000000000000000c 02000000 f 02000000 1 02 02000000
000000000000000c 1000030505001000 0 00 00000000 0 0 0 000000000000000d 02000000 1 02000000 1 03 02000000
000000000000000d 104006030500f000 0 00 00000000 0 0 0 000000000000000e 02000000 f 02000000 1 06 02000000
000000000000000e 106105040010f000 0 00 00000000 0 0 0 000000000000000f 02000000 f 02000000 1 05 02000000
000000000000000f 34110400434af000 0 00 00000000 0 0 0 0000000000000010 02000000 f 02000000 1 04 02000000
0000000000000010 103006030500f000 0 00 00000000 0 0 0 0000000000000011 02000000 f 02000000 1 06 02000000
0000000000000011 103002020500f000 0 00 00000000 0 0 0 0000000000000012 02000000 f 02000000 1 02 02000000
0000000000000012 107102020000f000 0 00 00000000 0 0 0 0000000000000013 02000000 f 02000000 1 02 02000000
0000000000000013 105106057ffff000 0 00 00000000 0 0 0 0000000000000014 02000000 f 02000000 1 06 02000000
0000000000000014 10610602000ff000 0 00 00000000 0 0 0 0000000000000015 02000000 f 02000000 1 06 02000000
0000000000000015 00131600ffffff00 1 16 ffffffff 0 0 0 0000000000000016 02000000 f 02000000 0 00 02000000
0000000000000016 342003160000f000 0 00 00000000 0 0 0 0000000000000017 02000000 f 02000000 1 03 02000000
0000000000000017 10810403000ff000 0 00 00000000 0 0 0 0000000000000018 02000000 f 02000000 1 04 02000000
0000000000000018 00131600ffffff00 1 16 ffffffff 0 0 0 0000000000000019 02000000 f 02000000 0 00 02000000
0000000000000019 342003160000f000 0 00 00000000 0 0 0 000000000000001a 02000000 f 02000000 1 03 02000000
000000000000001a 10810303001cf000 0 00 00000000 0 0 0 000000000000001b 02000000 f 02000000 1 03 02000000
000000000000001b 105006020500f000 0 00 00000000 0 0 0 000000000000001c 02000000 f 02000000 1 06 02000000
000000000000001c 00131e0000000300 1 1e 00000003 0 0 0 000000000000001d 02000000 f 02000000 0 00 02000000
000000000000001d 0023171700000100 1 17 00000001 0 0 0 000000000000001e 02000000 f 02000000 0 00 02000000
000000000000001e 00731e1e00000100 1 1e 00000002 0 0 0 000000000000001f 02000000 f 02000000 0 00 02000000
000000000000001f 0013180000000000 1 18 00000000 0 0 0 0000000000000020 02000000 f 02000000 0 00 02000000
0000000000000020 0102001e18000000 0 00 00000000 4 0 0 0000000000000021 02000000 f 02000000 0 00 02000000
0000000000000021 0215fffffb040000 0 00 00000000 4 0 1 000000000000001d 02000000 f 02000000 0 00 02000000
000000000000001d 0023171700000100 1 17 00000002 4 0 0 000000000000001e 02000000 f 02000000 0 00 02000000
000000000000001e 00731e1e00000100 1 1e 00000001 4 0 0 000000000000001f 02000000 f 02000000 0 00 02000000
000000000000001f 0013180000000000 1 18 00000000 4 0 0 0000000000000020 02000000 f 02000000 0 00 02000000
0000000000000020 0102001e18000000 0 00 00000000 4 0 0 0000000000000021 02000000 f 02000000 0 00 02000000
0000000000000021 0215fffffb040000 0 00 00000000 4 0 1 000000000000001d 02000000 f 02000000 0 00 02000000
000000000000001d 0023171700000100 1 17 00000003 4 0 0 000000000000001e 02000000 f 02000000 0 00 02000000
000000000000001e 00731e1e00000100 1 1e 00000000 4 0 0 000000000000001f 02000000 f 02000000 0 00 02000000
000000000000001f 0013180000000000 1 18 00000000 4 0 0 0000000000000020 02000000 f 02000000 0 00 02000000
0000000000000020 0102001e18000000 0 00 00000000 5 1 0 0000000000000021 02000000 f 02000000 0 00 02000000
0000000000000021 0215fffffb040000 0 00 00000000 5 1 0 0000000000000022 02000000 f 02000000 0 00 02000000
0000000000000022 7cf5000000000000 0 00 00000000 5 1 0 0000000000000023 02000000 f 02000000 0 00 02000000
DONE retired=45 fault=00 pc=0000000000000022
