0000000000000000 0013140000004d00 1 14 0000004d 0 0 0 0000000000000001 45b160d2 f 45b160d2 0 00 45b160d2
0000000000000001 105006030500f000 0 00 00000000 0 0 0 0000000000000002 45b160d2 f 45b160d2 1 06 45b160d2
0000000000000002 00131600ffffff00 1 16 ffffffff 0 0 0 0000000000000003 45b160d2 f 45b160d2 0 00 45b160d2
0000000000000003 342006160000f000 0 00 00000000 0 0 0 0000000000000004 45b160d2 f 45b160d2 1 06 45b160d2
0000000000000004 108103060010f000 0 00 00000000 0 0 0 0000000000000005 45b160d2 f 45b160d2 1 03 45b160d2
0000000000000005 3400060400008000 0 00 00000000 0 0 0 0000000000000006 45b160d2 8 00000000 1 06 00000000
0000000000000006 341102008000f000 0 00 00000000 0 0 0 0000000000000007 45b160d2 f 45b160d2 1 02 45b160d2
0000000000000007 341102002af5f000 0 00 00000000 0 0 0 0000000000000008 45b160d2 f 45b160d2 1 02 45b160d2
0000000000000008 3411020000002000 0 00 00000000 0 0 0 0000000000000009 45b160d2 2 00000000 1 02 00000000
0000000000000009 101002020400f000 0 00 00000000 0 0 0 000000000000000a 45b160d2 f 45b160d2 1 02 45b160d2
000000000000000a 1000020205006000 0 00 00000000 0 0 0 000000000000000b 45b160d2 6 00a02082 1 02 00a02082
000000000000000b 341106008000f000 0 00 00000000 0 0 0 000000000000000c 45b160d2 f 45b160d2 1 06 45b160d2
000000000000000c 343006000000f000 0 00 00000000 0 0 0 000000000000000d 45b160d2 f 45b160d2 1 06 45b160d2
000000000000000d 103006050200f000 0 00 00000000 0 0 0 000000000000000e 45b160d2 f 45b160d2 1 06 45b160d2
000000000000000e 10610404003ff000 0 00 00000000 0 0 0 000000000000000f 45b160d2 f 45b160d2 1 04 45b160d2
000000000000000f 106104040001f000 0 00 00000000 0 0 0 0000000000000010 45b160d2 f 45b160d2 1 04 45b160d2
0000000000000010 105002050600f000 0 00 00000000 0 0 0 0000000000000011 45b160d2 f 45b160d2 1 02 45b160d2
0000000000000011 340005020000f000 0 00 00000000 0 0 0 0000000000000012 45b160d2 f 45b160d2 1 05 45b160d2
0000000000000012 103002020500f000 0 00 00000000 0 0 0 0000000000000013 45b160d2 f 45b160d2 1 02 45b160d2
0000000000000013 0013160055555500 1 16 00555555 0 0 0 0000000000000014 45b160d2 f 45b160d2 0 00 45b160d2
0000000000000014 342003160000f000 0 00 00000000 0 0 0 0000000000000015 45b160d2 f 45b160d2 1 03 45b160d2
0000000000000015 10810503003ff000 0 00 00000000 0 0 0 0000000000000016 45b160d2 f 45b160d2 1 05 45b160d2
0000000000000016 105002020300f000 0 00 00000000 0 0 0 0000000000000017 45b160d2 f 45b160d2 1 02 45b160d2
0000000000000017 00131600ffffff00 1 16 ffffffff 0 0 0 0000000000000018 45b160d2 f 45b160d2 0 00 45b160d2
0000000000000018 342004160000f000 0 00 00000000 0 0 0 0000000000000019 45b160d2 f 45b160d2 1 04 45b160d2
0000000000000019 10810204001ff000 0 00 00000000 0 0 0 000000000000001a 45b160d2 f 45b160d2 1 02 45b160d2
000000000000001a 343004000000f000 0 00 00000000 0 0 0 000000000000001b 45b160d2 f 45b160d2 1 04 45b160d2
000000000000001b 00131e0000000100 1 1e 00000001 0 0 0 000000000000001c 45b160d2 f 45b160d2 0 00 45b160d2
000000000000001c 0023171700000100 1 17 00000001 0 0 0 000000000000001d 45b160d2 f 45b160d2 0 00 45b160d2
000000000000001d 00731e1e00000100 1 1e 00000000 0 0 0 000000000000001e 45b160d2 f 45b160d2 0 00 45b160d2
000000000000001e 0013180000000000 1 18 00000000 0 0 0 000000000000001f 45b160d2 f 45b160d2 0 00 45b160d2
000000000000001f 0102001e18000000 0 00 00000000 5 1 0 0000000000000020 45b160d2 f 45b160d2 0 00 45b160d2
0000000000000020 0215fffffb040000 0 00 00000000 5 1 0 0000000000000021 45b160d2 f 45b160d2 0 00 45b160d2
0000000000000021 7cf5000000000000 0 00 00000000 5 1 0 0000000000000022 45b160d2 f 45b160d2 0 00 45b160d2
DONE retired=34 fault=00 pc=0000000000000021
