0000000000000000 00131d0000000000 1 1d 00000000 0 0 0 0000000000000001
0000000000000001 8506000000000000 0 00 00000000 0 0 0 0000000000000002
0000000000000002 0013100055555500 1 10 00555555 0 0 0 0000000000000003
0000000000000003 0023130b00000000 1 13 00000000 0 0 0 0000000000000004
0000000000000004 0063010700001c00 1 01 00000000 0 0 0 0000000000000005
0000000000000005 00130e00ffffff00 1 0e ffffffff 0 0 0 0000000000000006
0000000000000006 00130b00bffc4e00 1 0b ffbffc4e 0 0 0 0000000000000007
0000000000000007 8506000000000000 0 00 00000000 0 0 0 0000000000000008
0000000000000008 0112000410000000 0 00 00000000 2 1 0 0000000000000009
0000000000000009 0215000003020000 0 00 00000000 2 1 0 000000000000000a
000000000000000a 8506000000000000 0 00 00000000 2 1 0 000000000000000b
000000000000000b 8506000000000000 0 00 00000000 2 1 0 000000000000000c
000000000000000c 8506000000000000 0 00 00000000 2 1 0 000000000000000d
000000000000000d 00b3040900002000 1 04 00000000 2 1 0 000000000000000e
000000000000000e 8506000000000000 0 00 00000000 2 1 0 000000000000000f
000000000000000f 00b3060c00000100 1 06 00000000 2 1 0 0000000000000010
0000000000000010 002202020f000000 1 02 00000000 2 1 0 0000000000000011
0000000000000011 00630f0300000d00 1 0f 00000000 2 1 0 0000000000000012
0000000000000012 00131e0000000400 1 1e 00000004 2 1 0 0000000000000013
0000000000000013 0023151500000100 1 15 00000001 2 1 0 0000000000000014
0000000000000014 00731e1e00000100 1 1e 00000003 2 1 0 0000000000000015
0000000000000015 0102001e1d000000 0 00 00000000 4 0 0 0000000000000016
0000000000000016 0215fffffc040000 0 00 00000000 4 0 1 0000000000000013
0000000000000013 0023151500000100 1 15 00000002 4 0 0 0000000000000014
0000000000000014 00731e1e00000100 1 1e 00000002 4 0 0 0000000000000015
0000000000000015 0102001e1d000000 0 00 00000000 4 0 0 0000000000000016
0000000000000016 0215fffffc040000 0 00 00000000 4 0 1 0000000000000013
0000000000000013 0023151500000100 1 15 00000003 4 0 0 0000000000000014
0000000000000014 00731e1e00000100 1 1e 00000001 4 0 0 0000000000000015
0000000000000015 0102001e1d000000 0 00 00000000 4 0 0 0000000000000016
0000000000000016 0215fffffc040000 0 00 00000000 4 0 1 0000000000000013
0000000000000013 0023151500000100 1 15 00000004 4 0 0 0000000000000014
0000000000000014 00731e1e00000100 1 1e 00000000 4 0 0 0000000000000015
0000000000000015 0102001e1d000000 0 00 00000000 5 1 0 0000000000000016
0000000000000016 0215fffffc040000 0 00 00000000 5 1 0 0000000000000017
0000000000000017 7cf5000000000000 0 00 00000000 5 1 0 0000000000000018
DONE retired=36 fault=00 pc=0000000000000017
