0000000000000000 0013140000004d00 1 14 0000004d 0 0 0 0000000000000001 fff00000 f fff00000 0 00 fff00000
0000000000000001 343002000000f000 0 00 00000000 0 0 0 0000000000000002 fff00000 f fff00000 1 02 fff00000
0000000000000002 340004050000f000 0 00 00000000 0 0 0 0000000000000003 fff00000 f fff00000 1 04 fff00000
0000000000000003 340005020000f000 0 00 00000000 0 0 0 0000000000000004 fff00000 f fff00000 1 05 fff00000
0000000000000004 10610602001ff000 0 00 00000000 0 0 0 0000000000000005 fff00000 f fff00000 1 06 fff00000
0000000000000005 343002000000f000 0 00 00000000 0 0 0 0000000000000006 fff00000 f fff00000 1 02 fff00000
0000000000000006 341104000ecaf000 0 00 00000000 0 0 0 0000000000000007 fff00000 f fff00000 1 04 fff00000
0000000000000007 0013160055555500 1 16 00555555 0 0 0 0000000000000008 fff00000 f fff00000 0 00 fff00000
0000000000000008 342004160000f000 0 00 00000000 0 0 0 0000000000000009 fff00000 f fff00000 1 04 fff00000
0000000000000009 10810404001ff000 0 00 00000000 0 0 0 000000000000000a fff00000 f fff00000 1 04 fff00000
000000000000000a 101105067ffff000 0 00 00000000 0 0 0 000000000000000b fff00000 f fff00000 1 05 fff00000
000000000000000b 105004040300f000 0 00 00000000 0 0 0 000000000000000c fff00000 f fff00000 1 04 fff00000
000000000000000c 340002030000f000 0 00 00000000 0 0 0 000000000000000d fff00000 f fff00000 1 02 fff00000
000000000000000d 00131500aaaaaa00 1 15 ffaaaaaa 0 0 0 000000000000000e fff00000 f fff00000 0 00 fff00000
000000000000000e 342003150000f000 0 00 00000000 0 0 0 000000000000000f fff00000 f fff00000 1 03 fff00000
000000000000000f 00131600aaaaaa00 1 16 ffaaaaaa 0 0 0 0000000000000010 fff00000 f fff00000 0 00 fff00000
0000000000000010 342006160000f000 0 00 00000000 0 0 0 0000000000000011 fff00000 f fff00000 1 06 fff00000
0000000000000011 108102060001f000 0 00 00000000 0 0 0 0000000000000012 fff00000 f fff00000 1 02 fff00000
0000000000000012 10610403003ff000 0 00 00000000 0 0 0 0000000000000013 fff00000 f fff00000 1 04 fff00000
0000000000000013 100006020200f000 0 00 00000000 0 0 0 0000000000000014 fff00000 f fff00000 1 06 fff00000
0000000000000014 100004020400f000 0 00 00000000 0 0 0 0000000000000015 fff00000 f fff00000 1 04 fff00000
0000000000000015 00131e0000000300 1 1e 00000003 0 0 0 0000000000000016 fff00000 f fff00000 0 00 fff00000
0000000000000016 0023171700000100 1 17 00000001 0 0 0 0000000000000017 fff00000 f fff00000 0 00 fff00000
0000000000000017 00731e1e00000100 1 1e 00000002 0 0 0 0000000000000018 fff00000 f fff00000 0 00 fff00000
0000000000000018 0013180000000000 1 18 00000000 0 0 0 0000000000000019 fff00000 f fff00000 0 00 fff00000
0000000000000019 0102001e18000000 0 00 00000000 4 0 0 000000000000001a fff00000 f fff00000 0 00 fff00000
000000000000001a 0215fffffb040000 0 00 00000000 4 0 1 0000000000000016 fff00000 f fff00000 0 00 fff00000
0000000000000016 0023171700000100 1 17 00000002 4 0 0 0000000000000017 fff00000 f fff00000 0 00 fff00000
0000000000000017 00731e1e00000100 1 1e 00000001 4 0 0 0000000000000018 fff00000 f fff00000 0 00 fff00000
0000000000000018 0013180000000000 1 18 00000000 4 0 0 0000000000000019 fff00000 f fff00000 0 00 fff00000
0000000000000019 0102001e18000000 0 00 00000000 4 0 0 000000000000001a fff00000 f fff00000 0 00 fff00000
000000000000001a 0215fffffb040000 0 00 00000000 4 0 1 0000000000000016 fff00000 f fff00000 0 00 fff00000
0000000000000016 0023171700000100 1 17 00000003 4 0 0 0000000000000017 fff00000 f fff00000 0 00 fff00000
0000000000000017 00731e1e00000100 1 1e 00000000 4 0 0 0000000000000018 fff00000 f fff00000 0 00 fff00000
0000000000000018 0013180000000000 1 18 00000000 4 0 0 0000000000000019 fff00000 f fff00000 0 00 fff00000
0000000000000019 0102001e18000000 0 00 00000000 5 1 0 000000000000001a fff00000 f fff00000 0 00 fff00000
000000000000001a 0215fffffb040000 0 00 00000000 5 1 0 000000000000001b fff00000 f fff00000 0 00 fff00000
000000000000001b 7cf5000000000000 0 00 00000000 5 1 0 000000000000001c fff00000 f fff00000 0 00 fff00000
DONE retired=38 fault=00 pc=000000000000001b
