0000000000000000 00131d0000000000 1 1d 00000000 0 0 0 0000000000000001
0000000000000001 0092121100000000 1 12 ffffffff 0 0 0 0000000000000002
0000000000000002 0112000705000000 0 00 00000000 5 0 0 0000000000000003
0000000000000003 02150000010c0000 0 00 00000000 5 0 1 0000000000000005
0000000000000005 8506000000000000 0 00 00000000 5 0 0 0000000000000006
0000000000000006 00131200a3bd8700 1 12 ffa3bd87 5 0 0 0000000000000007
0000000000000007 007314056bf24b00 1 14 ff940db5 5 0 0 0000000000000008
0000000000000008 0306000000000800 1 08 00000000 5 0 0 0000000000000009
0000000000000009 0112000d0c000000 0 00 00000000 5 0 0 000000000000000a
000000000000000a 02150000010b0000 0 00 00000000 5 0 0 000000000000000b
000000000000000b 8506000000000000 0 00 00000000 5 0 0 000000000000000c
000000000000000c 0306000000000d00 1 0d 00000000 5 0 0 000000000000000d
000000000000000d 0102000f02000000 0 00 00000000 5 1 0 000000000000000e
000000000000000e 0215000002010000 0 00 00000000 5 1 1 0000000000000011
0000000000000011 0306000000000800 1 08 00000000 5 1 0 0000000000000012
0000000000000012 00130a00b49c3100 1 0a ffb49c31 5 1 0 0000000000000013
0000000000000013 012200120b000000 0 00 00000000 6 0 0 0000000000000014
0000000000000014 02150000010d0000 0 00 00000000 6 0 0 0000000000000015
0000000000000015 8506000000000000 0 00 00000000 6 0 0 0000000000000016
0000000000000016 0073060b1b2ce500 1 06 ffe4d31b 6 0 0 0000000000000017
0000000000000017 003213120f000000 1 13 00000000 6 0 0 0000000000000018
0000000000000018 00130d0058a23900 1 0d 0058a239 6 0 0 0000000000000019
0000000000000019 00130b00ffffff00 1 0b ffffffff 6 0 0 000000000000001a
000000000000001a 0013070000000000 1 07 00000000 6 0 0 000000000000001b
000000000000001b 00130e00a5392800 1 0e ffa53928 6 0 0 000000000000001c
000000000000001c 00730a114c121500 1 0a ffb3edeb 6 0 0 000000000000001d
000000000000001d 00130600b0d43000 1 06 ffb0d430 6 0 0 000000000000001e
000000000000001e 012200140d000000 0 00 00000000 6 0 0 000000000000001f
000000000000001f 02150000030e0000 0 00 00000000 6 0 1 0000000000000023
0000000000000023 00b30e0c00000b00 1 0e 00000000 6 0 0 0000000000000024
0000000000000024 0082101304000000 1 10 00000000 6 0 0 0000000000000025
0000000000000025 0062090b11000000 1 09 ffffffff 6 0 0 0000000000000026
0000000000000026 0306000000001000 1 10 00000000 6 0 0 0000000000000027
0000000000000027 002311050cde3100 1 11 000cde31 6 0 0 0000000000000028
0000000000000028 00730102ffffff00 1 01 00000001 6 0 0 0000000000000029
0000000000000029 00a3140900001900 1 14 0000007f 6 0 0 000000000000002a
000000000000002a 012200010c000000 0 00 00000000 4 1 0 000000000000002b
000000000000002b 0215000003020000 0 00 00000000 4 1 0 000000000000002c
000000000000002c 8506000000000000 0 00 00000000 4 1 0 000000000000002d
000000000000002d 8506000000000000 0 00 00000000 4 1 0 000000000000002e
000000000000002e 8506000000000000 0 00 00000000 4 1 0 000000000000002f
000000000000002f 0013130055555500 1 13 00555555 4 1 0 0000000000000030
0000000000000030 00320f0e0e000000 1 0f 00000000 4 1 0 0000000000000031
0000000000000031 00730d03041f3b00 1 0d fffbe0c5 4 1 0 0000000000000032
0000000000000032 8506000000000000 0 00 00000000 4 1 0 0000000000000033
0000000000000033 0013010000000000 1 01 00000000 4 1 0 0000000000000034
0000000000000034 00b30a0a00000a00 1 0a ffffecfb 4 1 0 0000000000000035
0000000000000035 00130b002594fc00 1 0b 002594fc 4 1 0 0000000000000036
0000000000000036 0073130ac30dba00 1 13 003cdf41 4 1 0 0000000000000037
0000000000000037 00a20c0c08000000 1 0c 00000000 4 1 0 0000000000000038
0000000000000038 0122000f0a000000 0 00 00000000 0 1 0 0000000000000039
0000000000000039 0215000002030000 0 00 00000000 0 1 0 000000000000003a
000000000000003a 8506000000000000 0 00 00000000 0 1 0 000000000000003b
000000000000003b 8506000000000000 0 00 00000000 0 1 0 000000000000003c
000000000000003c 00131e0000000300 1 1e 00000003 0 1 0 000000000000003d
000000000000003d 0023151500000100 1 15 00000001 0 1 0 000000000000003e
000000000000003e 00731e1e00000100 1 1e 00000002 0 1 0 000000000000003f
000000000000003f 0102001e1d000000 0 00 00000000 4 0 0 0000000000000040
0000000000000040 0215fffffc040000 0 00 00000000 4 0 1 000000000000003d
000000000000003d 0023151500000100 1 15 00000002 4 0 0 000000000000003e
000000000000003e 00731e1e00000100 1 1e 00000001 4 0 0 000000000000003f
000000000000003f 0102001e1d000000 0 00 00000000 4 0 0 0000000000000040
0000000000000040 0215fffffc040000 0 00 00000000 4 0 1 000000000000003d
000000000000003d 0023151500000100 1 15 00000003 4 0 0 000000000000003e
000000000000003e 00731e1e00000100 1 1e 00000000 4 0 0 000000000000003f
000000000000003f 0102001e1d000000 0 00 00000000 5 1 0 0000000000000040
0000000000000040 0215fffffc040000 0 00 00000000 5 1 0 0000000000000041
0000000000000041 7cf5000000000000 0 00 00000000 5 1 0 0000000000000042
DONE retired=68 fault=00 pc=0000000000000041
