0000000000000000 0013140000004d00 1 14 0000004d 0 0 0 0000000000000001 80000001 f 80000001 0 00 80000001
0000000000000001 0013150000000000 1 15 00000000 0 0 0 0000000000000002 80000001 f 80000001 0 00 80000001
0000000000000002 342002150000f000 0 00 00000000 0 0 0 0000000000000003 80000001 f 80000001 1 02 80000001
0000000000000003 0013160000000100 1 16 00000001 0 0 0 0000000000000004 80000001 f 80000001 0 00 80000001
0000000000000004 342006160000f000 0 00 00000000 0 0 0 0000000000000005 80000001 f 80000001 1 06 80000001
0000000000000005 10810206000ff000 0 00 00000000 0 0 0 0000000000000006 80000001 f 80000001 1 02 80000001
0000000000000006 340002060000f000 0 00 00000000 0 0 0 0000000000000007 80000001 f 80000001 1 02 80000001
0000000000000007 103104058062f000 0 00 00000000 0 0 0 0000000000000008 80000001 f 80000001 1 04 80000001
0000000000000008 101106040000f000 0 00 00000000 0 0 0 0000000000000009 80000001 f 80000001 1 06 80000001
0000000000000009 00131600ffffff00 1 16 ffffffff 0 0 0 000000000000000a 80000001 f 80000001 0 00 80000001
000000000000000a 342003160000f000 0 00 00000000 0 0 0 000000000000000b 80000001 f 80000001 1 03 80000001
000000000000000b 10810603001ff000 0 00 00000000 0 0 0 000000000000000c 80000001 f 80000001 1 06 80000001
000000000000000c 1000040303002000 0 00 00000000 0 0 0 000000000000000d 80000001 2 00000001 1 04 00000001
000000000000000d 107104050010f000 0 00 00000000 0 0 0 000000000000000e 80000001 f 80000001 1 04 80000001
000000000000000e 340006030000f000 0 00 00000000 0 0 0 000000000000000f 80000001 f 80000001 1 06 80000001
000000000000000f 00131600ffffff00 1 16 ffffffff 0 0 0 0000000000000010 80000001 f 80000001 0 00 80000001
0000000000000010 342002160000f000 0 00 00000000 0 0 0 0000000000000011 80000001 f 80000001 1 02 80000001
0000000000000011 10810502000ff000 0 00 00000000 0 0 0 0000000000000012 80000001 f 80000001 1 05 80000001
0000000000000012 00131600ffffff00 1 16 ffffffff 0 0 0 0000000000000013 80000001 f 80000001 0 00 80000001
0000000000000013 342003160000f000 0 00 00000000 0 0 0 0000000000000014 80000001 f 80000001 1 03 80000001
0000000000000014 10810203001ff000 0 00 00000000 0 0 0 0000000000000015 80000001 f 80000001 1 02 80000001
0000000000000015 00131500ffffff00 1 15 ffffffff 0 0 0 0000000000000016 80000001 f 80000001 0 00 80000001
0000000000000016 342005150000f000 0 00 00000000 0 0 0 0000000000000017 80000001 f 80000001 1 05 80000001
0000000000000017 3400020200005000 0 00 00000000 0 0 0 0000000000000018 80000001 5 00000001 1 02 00000001
0000000000000018 00131e0000000300 1 1e 00000003 0 0 0 0000000000000019 80000001 f 80000001 0 00 80000001
0000000000000019 0023171700000100 1 17 00000001 0 0 0 000000000000001a 80000001 f 80000001 0 00 80000001
000000000000001a 00731e1e00000100 1 1e 00000002 0 0 0 000000000000001b 80000001 f 80000001 0 00 80000001
000000000000001b 0013180000000000 1 18 00000000 0 0 0 000000000000001c 80000001 f 80000001 0 00 80000001
000000000000001c 0102001e18000000 0 00 00000000 4 0 0 000000000000001d 80000001 f 80000001 0 00 80000001
000000000000001d 0215fffffb040000 0 00 00000000 4 0 1 0000000000000019 80000001 f 80000001 0 00 80000001
0000000000000019 0023171700000100 1 17 00000002 4 0 0 000000000000001a 80000001 f 80000001 0 00 80000001
000000000000001a 00731e1e00000100 1 1e 00000001 4 0 0 000000000000001b 80000001 f 80000001 0 00 80000001
000000000000001b 0013180000000000 1 18 00000000 4 0 0 000000000000001c 80000001 f 80000001 0 00 80000001
000000000000001c 0102001e18000000 0 00 00000000 4 0 0 000000000000001d 80000001 f 80000001 0 00 80000001
000000000000001d 0215fffffb040000 0 00 00000000 4 0 1 0000000000000019 80000001 f 80000001 0 00 80000001
0000000000000019 0023171700000100 1 17 00000003 4 0 0 000000000000001a 80000001 f 80000001 0 00 80000001
000000000000001a 00731e1e00000100 1 1e 00000000 4 0 0 000000000000001b 80000001 f 80000001 0 00 80000001
000000000000001b 0013180000000000 1 18 00000000 4 0 0 000000000000001c 80000001 f 80000001 0 00 80000001
000000000000001c 0102001e18000000 0 00 00000000 5 1 0 000000000000001d 80000001 f 80000001 0 00 80000001
000000000000001d 0215fffffb040000 0 00 00000000 5 1 0 000000000000001e 80000001 f 80000001 0 00 80000001
000000000000001e 7cf5000000000000 0 00 00000000 5 1 0 000000000000001f 80000001 f 80000001 0 00 80000001
DONE retired=41 fault=00 pc=000000000000001e
