0000000000000000 00131d0000000000 1 1d 00000000 0 0 0 0000000000000001
0000000000000001 0092110400000000 1 11 ffffffff 0 0 0 0000000000000002
0000000000000002 8506000000000000 0 00 00000000 0 0 0 0000000000000003
0000000000000003 0063051300000900 1 05 00000000 0 0 0 0000000000000004
0000000000000004 0063040b00000900 1 04 00000000 0 0 0 0000000000000005
0000000000000005 00730d0df497b800 1 0d 000b6848 0 0 0 0000000000000006
0000000000000006 002211050f000000 1 11 00000000 0 0 0 0000000000000007
0000000000000007 0073020f0662bc00 1 02 fff99d44 0 0 0 0000000000000008
0000000000000008 00131100ffffff00 1 11 ffffffff 0 0 0 0000000000000009
0000000000000009 8506000000000000 0 00 00000000 0 0 0 000000000000000a
000000000000000a 0062070c14000000 1 07 00000000 0 0 0 000000000000000b
000000000000000b 0092060d00000000 1 06 fff497b7 0 0 0 000000000000000c
000000000000000c 8506000000000000 0 00 00000000 0 0 0 000000000000000d
000000000000000d 0023020bffffff00 1 02 ffffffff 0 0 0 000000000000000e
000000000000000e 00130500003d8e00 1 05 00003d8e 0 0 0 000000000000000f
000000000000000f 00130a0000000000 1 0a 00000000 0 0 0 0000000000000010
0000000000000010 8506000000000000 0 00 00000000 0 0 0 0000000000000011
0000000000000011 0122000d0b000000 0 00 00000000 4 1 0 0000000000000012
0000000000000012 0215000003040000 0 00 00000000 4 1 1 0000000000000016
0000000000000016 00130200d3c9cd00 1 02 ffd3c9cd 4 1 0 0000000000000017
0000000000000017 00131e0000000300 1 1e 00000003 4 1 0 0000000000000018
0000000000000018 0023151500000100 1 15 00000001 4 1 0 0000000000000019
0000000000000019 00731e1e00000100 1 1e 00000002 4 1 0 000000000000001a
000000000000001a 0102001e1d000000 0 00 00000000 4 0 0 000000000000001b
000000000000001b 0215fffffc040000 0 00 00000000 4 0 1 0000000000000018
0000000000000018 0023151500000100 1 15 00000002 4 0 0 0000000000000019
0000000000000019 00731e1e00000100 1 1e 00000001 4 0 0 000000000000001a
000000000000001a 0102001e1d000000 0 00 00000000 4 0 0 000000000000001b
000000000000001b 0215fffffc040000 0 00 00000000 4 0 1 0000000000000018
0000000000000018 0023151500000100 1 15 00000003 4 0 0 0000000000000019
0000000000000019 00731e1e00000100 1 1e 00000000 4 0 0 000000000000001a
000000000000001a 0102001e1d000000 0 00 00000000 5 1 0 000000000000001b
000000000000001b 0215fffffc040000 0 00 00000000 5 1 0 000000000000001c
000000000000001c 7cf5000000000000 0 00 00000000 5 1 0 000000000000001d
DONE retired=34 fault=00 pc=000000000000001c
