0000000000000000 0013140000004d00 1 14 0000004d 0 0 0 0000000000000001 ffffffff f ffffffff 0 00 ffffffff
0000000000000001 107104040010f000 0 00 00000000 0 0 0 0000000000000002 ffffffff f ffffffff 1 04 ffffffff
0000000000000002 101006050300a000 0 00 00000000 0 0 0 0000000000000003 ffffffff a 55555555 1 06 55555555
0000000000000003 104003050200f000 0 00 00000000 0 0 0 0000000000000004 ffffffff f ffffffff 1 03 ffffffff
0000000000000004 105006040500f000 0 00 00000000 0 0 0 0000000000000005 ffffffff f ffffffff 1 06 ffffffff
0000000000000005 00131600ffffff00 1 16 ffffffff 0 0 0 0000000000000006 ffffffff f ffffffff 0 00 ffffffff
0000000000000006 342006160000f000 0 00 00000000 0 0 0 0000000000000007 ffffffff f ffffffff 1 06 ffffffff
0000000000000007 108103060000f000 0 00 00000000 0 0 0 0000000000000008 ffffffff f ffffffff 1 03 ffffffff
0000000000000008 105105020001f000 0 00 00000000 0 0 0 0000000000000009 ffffffff f ffffffff 1 05 ffffffff
0000000000000009 102003030400f000 0 00 00000000 0 0 0 000000000000000a ffffffff f ffffffff 1 03 ffffffff
000000000000000a 100105030001f000 0 00 00000000 0 0 0 000000000000000b ffffffff f ffffffff 1 05 ffffffff
000000000000000b 102006030400f000 0 00 00000000 0 0 0 000000000000000c ffffffff f ffffffff 1 06 ffffffff
000000000000000c 10310503fffff000 0 00 00000000 0 0 0 000000000000000d ffffffff f ffffffff 1 05 ffffffff
000000000000000d 10410603fffff000 0 00 00000000 0 0 0 000000000000000e ffffffff f ffffffff 1 06 ffffffff
000000000000000e 34110300fffff000 0 00 00000000 0 0 0 000000000000000f ffffffff f ffffffff 1 03 ffffffff
000000000000000f 340005060000f000 0 00 00000000 0 0 0 0000000000000010 ffffffff f ffffffff 1 05 ffffffff
0000000000000010 341105007ffff000 0 00 00000000 0 0 0 0000000000000011 ffffffff f ffffffff 1 05 ffffffff
0000000000000011 00131e0000000100 1 1e 00000001 0 0 0 0000000000000012 ffffffff f ffffffff 0 00 ffffffff
0000000000000012 0023171700000100 1 17 00000001 0 0 0 0000000000000013 ffffffff f ffffffff 0 00 ffffffff
0000000000000013 00731e1e00000100 1 1e 00000000 0 0 0 0000000000000014 ffffffff f ffffffff 0 00 ffffffff
0000000000000014 0013180000000000 1 18 00000000 0 0 0 0000000000000015 ffffffff f ffffffff 0 00 ffffffff
0000000000000015 0102001e18000000 0 00 00000000 5 1 0 0000000000000016 ffffffff f ffffffff 0 00 ffffffff
0000000000000016 0215fffffb040000 0 00 00000000 5 1 0 0000000000000017 ffffffff f ffffffff 0 00 ffffffff
0000000000000017 7cf5000000000000 0 00 00000000 5 1 0 0000000000000018 ffffffff f ffffffff 0 00 ffffffff
DONE retired=24 fault=00 pc=0000000000000017
