0000000000000000 343001000000f000 0 00 00000000 0 0 0 0 0 0 0000000000000001 ffffffff f ffffffff 1 01
0000000000000001 341107000001f000 0 00 00000000 0 0 0 0 0 0 0000000000000002 ffffffff f ffffffff 1 07
0000000000000002 34110c000003f000 0 00 00000000 0 0 0 0 0 0 0000000000000003 ffffffff f ffffffff 1 0c
0000000000000003 3049103070000000 0 00 00000000 0 0 0 0 0 0 0000000000000004 ffffffff f ffffffff 0 00
0000000000000004 7c1500000310000b 0 00 00000000 0 0 0 0 0 0 0000000000000008 ffffffff f ffffffff 0 00
0000000000000008 101004070300f000 0 00 00000000 0 0 0 0 0 0 0000000000000009 ffffffff f ffffffff 1 04
0000000000000009 3009c01070000000 0 00 00000000 0 0 0 0 0 0 000000000000000a ffffffff f ffffffff 0 00
000000000000000a 7c15000002c00004 0 00 00000000 0 0 0 0 0 0 000000000000000b 00000002 f 00000002 0 00
000000000000000b 101005070100f000 0 00 00000000 0 0 0 0 0 0 000000000000000c 00000002 f 00000002 1 05
000000000000000c 0205000002000000 0 00 00000000 0 0 0 0 0 1 000000000000000f 00000002 f 00000002 0 00
000000000000000f 7c25000000000000 0 00 00000000 0 0 0 0 0 0 000000000000000d fffffffd f fffffffd 0 00
000000000000000d 10100c050400f000 0 00 00000000 0 0 0 0 0 0 000000000000000e fffffffd f fffffffd 1 0c
000000000000000e 1010030c0300f000 0 00 00000000 0 0 0 0 0 0 000000000000000f fffffffd f fffffffd 1 03
000000000000000f 7c25000000000000 0 00 00000000 0 0 0 0 0 0 0000000000000010 ffffffff f ffffffff 0 00
0000000000000010 7c25000000000000 0 00 00000000 0 0 0 0 0 0 0000000000000011 ffffffff f ffffffff 0 00
0000000000000011 110004030500f000 0 00 00000000 0 0 0 0 0 0 0000000000000012 ffffffff f ffffffff 1 04
0000000000000012 30498030c0000000 0 00 00000000 0 0 0 0 0 0 0000000000000013 ffffffff f ffffffff 0 00
0000000000000013 7c15000014800031 0 00 00000000 0 0 0 0 0 0 0000000000000028 ffffffff f ffffffff 0 00
0000000000000028 3029401070000000 0 00 00000000 0 0 0 0 0 0 0000000000000029 ffffffff f ffffffff 0 00
0000000000000029 7c1500000340001a 0 00 00000000 0 0 0 0 0 0 000000000000002a 00000001 f 00000001 0 00
000000000000002a 34110400000ef000 0 00 00000000 0 0 0 0 0 0 000000000000002b 00000001 f 00000001 1 04
000000000000002b 34110400000af000 0 00 00000000 0 0 0 0 0 0 000000000000002c 00000001 f 00000001 1 04
000000000000002c 0205000017000000 0 00 00000000 0 0 0 0 0 1 0000000000000044 00000001 f 00000001 0 00
0000000000000044 7c25000000000000 0 00 00000000 0 0 0 0 0 0 000000000000002d fffffffe f fffffffe 0 00
000000000000002d 30594030c0000000 0 00 00000000 0 0 0 0 0 0 000000000000002e fffffffe f fffffffe 0 00
000000000000002e 7c15000002400014 0 00 00000000 0 0 0 0 0 0 000000000000002f fffffffc f fffffffc 0 00
000000000000002f 104004030c00f000 0 00 00000000 0 0 0 0 0 0 0000000000000030 fffffffc f fffffffc 1 04
0000000000000030 0205000012000000 0 00 00000000 0 0 0 0 0 1 0000000000000043 fffffffc f fffffffc 0 00
0000000000000043 7c25000000000000 0 00 00000000 0 0 0 0 0 0 0000000000000031 00000002 f 00000002 0 00
0000000000000031 3049401070000000 0 00 00000000 0 0 0 0 0 0 0000000000000032 00000002 f 00000002 0 00
0000000000000032 7c1500000240000f 0 00 00000000 0 0 0 0 0 0 0000000000000035 00000002 f 00000002 0 00
0000000000000035 34110d000000f000 0 00 00000000 0 0 0 0 0 0 0000000000000036 00000002 f 00000002 1 0d
0000000000000036 10300c010d00f000 0 00 00000000 0 0 0 0 0 0 0000000000000037 00000002 f 00000002 1 0c
0000000000000037 10000c0c0700f000 0 00 00000000 0 0 0 0 0 0 0000000000000038 00000002 f 00000002 1 0c
0000000000000038 34110a000000f000 0 00 00000000 0 0 0 0 0 0 0000000000000039 00000002 f 00000002 1 0a
0000000000000039 7c85000007000000 0 00 00000000 0 0 0 0 0 0 000000000000003a 00000002 f 00000002 0 00
000000000000003a 3059e0a0c0000000 0 00 00000000 0 0 0 0 0 0 000000000000003b 00000002 f 00000002 0 00
000000000000003b 3029d0a0c0000000 0 00 00000000 0 0 0 0 0 0 000000000000003c 00000002 f 00000002 0 00
000000000000003c 302970a070000000 0 00 00000000 0 0 0 0 0 0 000000000000003d 00000002 f 00000002 0 00
000000000000003d 7c15000000700001 0 00 00000000 0 0 0 0 0 0 000000000000003e 00000002 f 00000002 0 00
000000000000003e 1010050c0100f000 0 00 00000000 0 0 0 0 0 0 000000000000003f 00000002 f 00000002 1 05
000000000000003f 7c25000000000000 0 00 00000000 0 0 0 0 0 0 0000000000000040 00000002 f 00000002 0 00
0000000000000040 10000a0a0700f000 0 00 00000000 0 0 0 0 0 0 0000000000000041 00000002 f 00000002 1 0a
0000000000000041 7c95fffff8d00000 0 00 00000000 0 0 0 0 0 0 000000000000003a 00000002 f 00000002 0 00
000000000000003a 3059e0a0c0000000 0 00 00000000 0 0 0 0 0 0 000000000000003b 00000002 f 00000002 0 00
000000000000003b 3029d0a0c0000000 0 00 00000000 0 0 0 0 0 0 000000000000003c 00000002 f 00000002 0 00
000000000000003c 302970a070000000 0 00 00000000 0 0 0 0 0 0 000000000000003d 00000002 f 00000002 0 00
000000000000003d 7c15000000700001 0 00 00000000 0 0 0 0 0 0 000000000000003e 00000002 f 00000002 0 00
000000000000003e 1010050c0100f000 0 00 00000000 0 0 0 0 0 0 000000000000003f 00000002 f 00000002 1 05
000000000000003f 7c25000000000000 0 00 00000000 0 0 0 0 0 0 0000000000000040 00000002 f 00000002 0 00
0000000000000040 10000a0a0700f000 0 00 00000000 0 0 0 0 0 0 0000000000000041 00000002 f 00000002 1 0a
0000000000000041 7c95fffff8d00000 0 00 00000000 0 0 0 0 0 0 0000000000000042 00000002 f 00000002 0 00
0000000000000042 7c25000000000000 0 00 00000000 0 0 0 0 0 0 0000000000000043 00000002 f 00000002 0 00
0000000000000043 7c25000000000000 0 00 00000000 0 0 0 0 0 0 0000000000000044 fffffffe f fffffffe 0 00
0000000000000044 7c25000000000000 0 00 00000000 0 0 0 0 0 0 0000000000000045 ffffffff f ffffffff 0 00
0000000000000045 7c25000000000000 0 00 00000000 0 0 0 0 0 0 0000000000000046 ffffffff f ffffffff 0 00
0000000000000046 7cf5000000000000 0 00 00000000 0 0 0 0 0 0 0000000000000047 ffffffff f ffffffff 0 00
