0000000000000000 0013140000004d00 1 14 0000004d 0 0 0 0000000000000001 243760a3 f 243760a3 0 00 243760a3
0000000000000001 10710603000ff000 0 00 00000000 0 0 0 0000000000000002 243760a3 f 243760a3 1 06 243760a3
0000000000000002 103005040400f000 0 00 00000000 0 0 0 0000000000000003 243760a3 f 243760a3 1 05 243760a3
0000000000000003 00131600ffffff00 1 16 ffffffff 0 0 0 0000000000000004 243760a3 f 243760a3 0 00 243760a3
0000000000000004 342002160000f000 0 00 00000000 0 0 0 0000000000000005 243760a3 f 243760a3 1 02 243760a3
0000000000000005 10810402000ff000 0 00 00000000 0 0 0 0000000000000006 243760a3 f 243760a3 1 04 243760a3
0000000000000006 101004050200f000 0 00 00000000 0 0 0 0000000000000007 243760a3 f 243760a3 1 04 243760a3
0000000000000007 10710406003ff000 0 00 00000000 0 0 0 0000000000000008 243760a3 f 243760a3 1 04 243760a3
0000000000000008 10610603001ff000 0 00 00000000 0 0 0 0000000000000009 243760a3 f 243760a3 1 06 243760a3
0000000000000009 10610203000ff000 0 00 00000000 0 0 0 000000000000000a 243760a3 f 243760a3 1 02 243760a3
000000000000000a 341105008000f000 0 00 00000000 0 0 0 000000000000000b 243760a3 f 243760a3 1 05 243760a3
000000000000000b 106105050021f000 0 00 00000000 0 0 0 000000000000000c 243760a3 f 243760a3 1 05 243760a3
000000000000000c 340003040000f000 0 00 00000000 0 0 0 000000000000000d 243760a3 f 243760a3 1 03 243760a3
000000000000000d 10710602001ff000 0 00 00000000 0 0 0 000000000000000e 243760a3 f 243760a3 1 06 243760a3
000000000000000e 340004030000f000 0 00 00000000 0 0 0 000000000000000f 243760a3 f 243760a3 1 04 243760a3
000000000000000f 00131e0000000200 1 1e 00000002 0 0 0 0000000000000010 243760a3 f 243760a3 0 00 243760a3
0000000000000010 0023171700000100 1 17 00000001 0 0 0 0000000000000011 243760a3 f 243760a3 0 00 243760a3
0000000000000011 00731e1e00000100 1 1e 00000001 0 0 0 0000000000000012 243760a3 f 243760a3 0 00 243760a3
0000000000000012 0013180000000000 1 18 00000000 0 0 0 0000000000000013 243760a3 f 243760a3 0 00 243760a3
0000000000000013 0102001e18000000 0 00 00000000 4 0 0 0000000000000014 243760a3 f 243760a3 0 00 243760a3
0000000000000014 0215fffffb040000 0 00 00000000 4 0 1 0000000000000010 243760a3 f 243760a3 0 00 243760a3
0000000000000010 0023171700000100 1 17 00000002 4 0 0 0000000000000011 243760a3 f 243760a3 0 00 243760a3
0000000000000011 00731e1e00000100 1 1e 00000000 4 0 0 0000000000000012 243760a3 f 243760a3 0 00 243760a3
0000000000000012 0013180000000000 1 18 00000000 4 0 0 0000000000000013 243760a3 f 243760a3 0 00 243760a3
0000000000000013 0102001e18000000 0 00 00000000 5 1 0 0000000000000014 243760a3 f 243760a3 0 00 243760a3
0000000000000014 0215fffffb040000 0 00 00000000 5 1 0 0000000000000015 243760a3 f 243760a3 0 00 243760a3
0000000000000015 7cf5000000000000 0 00 00000000 5 1 0 0000000000000016 243760a3 f 243760a3 0 00 243760a3
DONE retired=27 fault=00 pc=0000000000000015
