0000000000000000 343001000000f000 0 00 00000000 0 0 0 0 0 0 0000000000000001 ffffffff f ffffffff 1 01
0000000000000001 341107000001f000 0 00 00000000 0 0 0 0 0 0 0000000000000002 ffffffff f ffffffff 1 07
0000000000000002 34110c000003f000 0 00 00000000 0 0 0 0 0 0 0000000000000003 ffffffff f ffffffff 1 0c
0000000000000003 101004070300f000 0 00 00000000 0 0 0 0 0 0 0000000000000004 ffffffff f ffffffff 1 04
0000000000000004 34110d000003f000 0 00 00000000 0 0 0 0 0 0 0000000000000005 ffffffff f ffffffff 1 0d
0000000000000005 10300c010d00f000 0 00 00000000 0 0 0 0 0 0 0000000000000006 ffffffff f ffffffff 1 0c
0000000000000006 10000c0c0700f000 0 00 00000000 0 0 0 0 0 0 0000000000000007 ffffffff f ffffffff 1 0c
0000000000000007 34110a000000f000 0 00 00000000 0 0 0 0 0 0 0000000000000008 ffffffff f ffffffff 1 0a
0000000000000008 7c85000008000000 0 00 00000000 0 0 0 0 0 0 0000000000000009 ffffffff f ffffffff 0 00
0000000000000009 3059e0a0c0000000 0 00 00000000 0 0 0 0 0 0 000000000000000a ffffffff f ffffffff 0 00
000000000000000a 3029d0a0c0000000 0 00 00000000 0 0 0 0 0 0 000000000000000b ffffffff f ffffffff 0 00
000000000000000b 3029401070000000 0 00 00000000 0 0 0 0 0 0 000000000000000c ffffffff f ffffffff 0 00
000000000000000c 7c15000000400001 0 00 00000000 0 0 0 0 0 0 000000000000000d 00000001 f 00000001 0 00
000000000000000d 111004010c00f000 0 00 00000000 0 0 0 0 0 0 000000000000000e 00000001 f 00000001 1 04
000000000000000e 7c25000000000000 0 00 00000000 0 0 0 0 0 0 000000000000000d fffffffe f fffffffe 0 00
000000000000000d 111004010c00f000 0 00 00000000 0 0 0 0 0 0 000000000000000e fffffffe f fffffffe 1 04
000000000000000e 7c25000000000000 0 00 00000000 0 0 0 0 0 0 000000000000000f ffffffff f ffffffff 0 00
000000000000000f 7cb5000000e00000 0 00 00000000 0 0 0 0 0 0 0000000000000010 ffffffff f ffffffff 0 00
0000000000000010 10000a0a0700f000 0 00 00000000 0 0 0 0 0 0 0000000000000011 ffffffff f ffffffff 1 0a
0000000000000011 7c95fffff7d00000 0 00 00000000 0 0 0 0 0 0 0000000000000009 ffffffff f ffffffff 0 00
0000000000000009 3059e0a0c0000000 0 00 00000000 0 0 0 0 0 0 000000000000000a ffffffff f ffffffff 0 00
000000000000000a 3029d0a0c0000000 0 00 00000000 0 0 0 0 0 0 000000000000000b ffffffff f ffffffff 0 00
000000000000000b 3029401070000000 0 00 00000000 0 0 0 0 0 0 000000000000000c ffffffff f ffffffff 0 00
000000000000000c 7c15000000400001 0 00 00000000 0 0 0 0 0 0 000000000000000d 00000001 f 00000001 0 00
000000000000000d 111004010c00f000 0 00 00000000 0 0 0 0 0 0 000000000000000e 00000001 f 00000001 1 04
000000000000000e 7c25000000000000 0 00 00000000 0 0 0 0 0 0 000000000000000d fffffffe f fffffffe 0 00
000000000000000d 111004010c00f000 0 00 00000000 0 0 0 0 0 0 000000000000000e fffffffe f fffffffe 1 04
000000000000000e 7c25000000000000 0 00 00000000 0 0 0 0 0 0 000000000000000f ffffffff f ffffffff 0 00
000000000000000f 7cb5000000e00000 0 00 00000000 0 0 0 0 0 0 0000000000000010 eeeeeeee f eeeeeeee 0 00
0000000000000010 10000a0a0700f000 0 00 00000000 0 0 0 0 0 0 0000000000000011 eeeeeeee f eeeeeeee 1 0a
0000000000000011 7c95fffff7d00000 0 00 00000000 0 0 0 0 0 0 0000000000000009 eeeeeeee f eeeeeeee 0 00
0000000000000009 3059e0a0c0000000 0 00 00000000 0 0 0 0 0 0 000000000000000a eeeeeeee f eeeeeeee 0 00
000000000000000a 3029d0a0c0000000 0 00 00000000 0 0 0 0 0 0 000000000000000b eeeeeeee f eeeeeeee 0 00
000000000000000b 3029401070000000 0 00 00000000 0 0 0 0 0 0 000000000000000c eeeeeeee f eeeeeeee 0 00
000000000000000c 7c15000000400001 0 00 00000000 0 0 0 0 0 0 000000000000000d eeeeeeee f eeeeeeee 0 00
000000000000000d 111004010c00f000 0 00 00000000 0 0 0 0 0 0 000000000000000e eeeeeeee f eeeeeeee 1 04
000000000000000e 7c25000000000000 0 00 00000000 0 0 0 0 0 0 000000000000000f eeeeeeee f eeeeeeee 0 00
000000000000000f 7cb5000000e00000 0 00 00000000 0 0 0 0 0 0 0000000000000010 cccccccc f cccccccc 0 00
0000000000000010 10000a0a0700f000 0 00 00000000 0 0 0 0 0 0 0000000000000011 cccccccc f cccccccc 1 0a
0000000000000011 7c95fffff7d00000 0 00 00000000 0 0 0 0 0 0 0000000000000009 cccccccc f cccccccc 0 00
0000000000000009 3059e0a0c0000000 0 00 00000000 0 0 0 0 0 0 000000000000000a cccccccc f cccccccc 0 00
000000000000000a 3029d0a0c0000000 0 00 00000000 0 0 0 0 0 0 000000000000000b cccccccc f cccccccc 0 00
000000000000000b 3029401070000000 0 00 00000000 0 0 0 0 0 0 000000000000000c cccccccc f cccccccc 0 00
000000000000000c 7c15000000400001 0 00 00000000 0 0 0 0 0 0 000000000000000d cccccccc f cccccccc 0 00
000000000000000d 111004010c00f000 0 00 00000000 0 0 0 0 0 0 000000000000000e cccccccc f cccccccc 1 04
000000000000000e 7c25000000000000 0 00 00000000 0 0 0 0 0 0 000000000000000f cccccccc f cccccccc 0 00
000000000000000f 7cb5000000e00000 0 00 00000000 0 0 0 0 0 0 0000000000000010 88888888 f 88888888 0 00
0000000000000010 10000a0a0700f000 0 00 00000000 0 0 0 0 0 0 0000000000000011 88888888 f 88888888 1 0a
0000000000000011 7c95fffff7d00000 0 00 00000000 0 0 0 0 0 0 0000000000000009 88888888 f 88888888 0 00
0000000000000009 3059e0a0c0000000 0 00 00000000 0 0 0 0 0 0 000000000000000a 88888888 f 88888888 0 00
000000000000000a 3029d0a0c0000000 0 00 00000000 0 0 0 0 0 0 000000000000000b 88888888 f 88888888 0 00
000000000000000b 3029401070000000 0 00 00000000 0 0 0 0 0 0 000000000000000c 88888888 f 88888888 0 00
000000000000000c 7c15000000400001 0 00 00000000 0 0 0 0 0 0 000000000000000d 88888888 f 88888888 0 00
000000000000000d 111004010c00f000 0 00 00000000 0 0 0 0 0 0 000000000000000e 88888888 f 88888888 1 04
000000000000000e 7c25000000000000 0 00 00000000 0 0 0 0 0 0 000000000000000f 88888888 f 88888888 0 00
0000000000000011 7cb5000000e00000 0 00 00000000 0 0 0 0 0 0 0000000000000010 00000000 f 00000000 0 00
0000000000000011 7c95fffff7d00000 0 00 00000000 0 0 0 0 0 0 0000000000000012 ffffffff f ffffffff 0 00
0000000000000012 34110d000003f000 0 00 00000000 0 0 0 0 0 0 0000000000000013 ffffffff f ffffffff 1 0d
0000000000000013 10300c010d00f000 0 00 00000000 0 0 0 0 0 0 0000000000000014 ffffffff f ffffffff 1 0c
0000000000000014 10000c0c0700f000 0 00 00000000 0 0 0 0 0 0 0000000000000015 ffffffff f ffffffff 1 0c
0000000000000015 34110a000000f000 0 00 00000000 0 0 0 0 0 0 0000000000000016 ffffffff f ffffffff 1 0a
0000000000000016 7c85000005000000 0 00 00000000 0 0 0 0 0 0 0000000000000017 ffffffff f ffffffff 0 00
0000000000000017 3059e0a0c0000000 0 00 00000000 0 0 0 0 0 0 0000000000000018 ffffffff f ffffffff 0 00
0000000000000018 3029d0a0c0000000 0 00 00000000 0 0 0 0 0 0 0000000000000019 ffffffff f ffffffff 0 00
0000000000000019 10400c040500f000 0 00 00000000 0 0 0 0 0 0 000000000000001a ffffffff f ffffffff 1 0c
000000000000001a 7cb5000000e00000 0 00 00000000 0 0 0 0 0 0 000000000000001b ffffffff f ffffffff 0 00
000000000000001b 10000a0a0700f000 0 00 00000000 0 0 0 0 0 0 000000000000001c ffffffff f ffffffff 1 0a
000000000000001c 7c95fffffad00000 0 00 00000000 0 0 0 0 0 0 0000000000000017 ffffffff f ffffffff 0 00
0000000000000017 3059e0a0c0000000 0 00 00000000 0 0 0 0 0 0 0000000000000018 ffffffff f ffffffff 0 00
0000000000000018 3029d0a0c0000000 0 00 00000000 0 0 0 0 0 0 0000000000000019 ffffffff f ffffffff 0 00
0000000000000019 10400c040500f000 0 00 00000000 0 0 0 0 0 0 000000000000001a ffffffff f ffffffff 1 0c
000000000000001a 7cb5000000e00000 0 00 00000000 0 0 0 0 0 0 000000000000001b fffffffe f fffffffe 0 00
000000000000001b 10000a0a0700f000 0 00 00000000 0 0 0 0 0 0 000000000000001c fffffffe f fffffffe 1 0a
000000000000001c 7c95fffffad00000 0 00 00000000 0 0 0 0 0 0 0000000000000017 fffffffe f fffffffe 0 00
0000000000000017 3059e0a0c0000000 0 00 00000000 0 0 0 0 0 0 0000000000000018 fffffffe f fffffffe 0 00
0000000000000018 3029d0a0c0000000 0 00 00000000 0 0 0 0 0 0 0000000000000019 fffffffe f fffffffe 0 00
0000000000000019 10400c040500f000 0 00 00000000 0 0 0 0 0 0 000000000000001a fffffffe f fffffffe 1 0c
000000000000001a 7cb5000000e00000 0 00 00000000 0 0 0 0 0 0 000000000000001b fffffffc f fffffffc 0 00
000000000000001b 10000a0a0700f000 0 00 00000000 0 0 0 0 0 0 000000000000001c fffffffc f fffffffc 1 0a
000000000000001c 7c95fffffad00000 0 00 00000000 0 0 0 0 0 0 0000000000000017 fffffffc f fffffffc 0 00
0000000000000017 3059e0a0c0000000 0 00 00000000 0 0 0 0 0 0 0000000000000018 fffffffc f fffffffc 0 00
0000000000000018 3029d0a0c0000000 0 00 00000000 0 0 0 0 0 0 0000000000000019 fffffffc f fffffffc 0 00
0000000000000019 10400c040500f000 0 00 00000000 0 0 0 0 0 0 000000000000001a fffffffc f fffffffc 1 0c
000000000000001a 7cb5000000e00000 0 00 00000000 0 0 0 0 0 0 000000000000001b fffffff8 f fffffff8 0 00
000000000000001b 10000a0a0700f000 0 00 00000000 0 0 0 0 0 0 000000000000001c fffffff8 f fffffff8 1 0a
000000000000001c 7c95fffffad00000 0 00 00000000 0 0 0 0 0 0 0000000000000017 fffffff8 f fffffff8 0 00
0000000000000017 3059e0a0c0000000 0 00 00000000 0 0 0 0 0 0 0000000000000018 fffffff8 f fffffff8 0 00
0000000000000018 3029d0a0c0000000 0 00 00000000 0 0 0 0 0 0 0000000000000019 fffffff8 f fffffff8 0 00
0000000000000019 10400c040500f000 0 00 00000000 0 0 0 0 0 0 000000000000001a fffffff8 f fffffff8 1 0c
000000000000001a 7cb5000000e00000 0 00 00000000 0 0 0 0 0 0 000000000000001b ffffffe0 f ffffffe0 0 00
000000000000001b 10000a0a0700f000 0 00 00000000 0 0 0 0 0 0 000000000000001c ffffffe0 f ffffffe0 1 0a
000000000000001c 7c95fffffad00000 0 00 00000000 0 0 0 0 0 0 0000000000000017 ffffffe0 f ffffffe0 0 00
0000000000000017 3059e0a0c0000000 0 00 00000000 0 0 0 0 0 0 0000000000000018 ffffffe0 f ffffffe0 0 00
0000000000000018 3029d0a0c0000000 0 00 00000000 0 0 0 0 0 0 0000000000000019 ffffffe0 f ffffffe0 0 00
0000000000000019 10400c040500f000 0 00 00000000 0 0 0 0 0 0 000000000000001a ffffffe0 f ffffffe0 1 0c
000000000000001a 7cb5000000e00000 0 00 00000000 0 0 0 0 0 0 000000000000001b ffffffc0 f ffffffc0 0 00
000000000000001b 10000a0a0700f000 0 00 00000000 0 0 0 0 0 0 000000000000001c ffffffc0 f ffffffc0 1 0a
000000000000001c 7c95fffffad00000 0 00 00000000 0 0 0 0 0 0 0000000000000017 ffffffc0 f ffffffc0 0 00
0000000000000017 3059e0a0c0000000 0 00 00000000 0 0 0 0 0 0 0000000000000018 ffffffc0 f ffffffc0 0 00
0000000000000018 3029d0a0c0000000 0 00 00000000 0 0 0 0 0 0 0000000000000019 ffffffc0 f ffffffc0 0 00
0000000000000019 10400c040500f000 0 00 00000000 0 0 0 0 0 0 000000000000001a ffffffc0 f ffffffc0 1 0c
000000000000001a 7cb5000000e00000 0 00 00000000 0 0 0 0 0 0 000000000000001b ffffff80 f ffffff80 0 00
000000000000001b 10000a0a0700f000 0 00 00000000 0 0 0 0 0 0 000000000000001c ffffff80 f ffffff80 1 0a
000000000000001c 7c95fffffad00000 0 00 00000000 0 0 0 0 0 0 0000000000000017 ffffff80 f ffffff80 0 00
0000000000000017 3059e0a0c0000000 0 00 00000000 0 0 0 0 0 0 0000000000000018 ffffff80 f ffffff80 0 00
0000000000000018 3029d0a0c0000000 0 00 00000000 0 0 0 0 0 0 0000000000000019 ffffff80 f ffffff80 0 00
0000000000000019 10400c040500f000 0 00 00000000 0 0 0 0 0 0 000000000000001a ffffff80 f ffffff80 1 0c
000000000000001a 7cb5000000e00000 0 00 00000000 0 0 0 0 0 0 000000000000001b ffffff00 f ffffff00 0 00
000000000000001b 10000a0a0700f000 0 00 00000000 0 0 0 0 0 0 000000000000001c ffffff00 f ffffff00 1 0a
000000000000001c 7c95fffffad00000 0 00 00000000 0 0 0 0 0 0 0000000000000017 ffffff00 f ffffff00 0 00
0000000000000017 3059e0a0c0000000 0 00 00000000 0 0 0 0 0 0 0000000000000018 ffffff00 f ffffff00 0 00
0000000000000018 3029d0a0c0000000 0 00 00000000 0 0 0 0 0 0 0000000000000019 ffffff00 f ffffff00 0 00
0000000000000019 10400c040500f000 0 00 00000000 0 0 0 0 0 0 000000000000001a ffffff00 f ffffff00 1 0c
000000000000001a 7cb5000000e00000 0 00 00000000 0 0 0 0 0 0 000000000000001b fffffe00 f fffffe00 0 00
000000000000001b 10000a0a0700f000 0 00 00000000 0 0 0 0 0 0 000000000000001c fffffe00 f fffffe00 1 0a
000000000000001c 7c95fffffad00000 0 00 00000000 0 0 0 0 0 0 0000000000000017 fffffe00 f fffffe00 0 00
0000000000000017 3059e0a0c0000000 0 00 00000000 0 0 0 0 0 0 0000000000000018 fffffe00 f fffffe00 0 00
0000000000000018 3029d0a0c0000000 0 00 00000000 0 0 0 0 0 0 0000000000000019 fffffe00 f fffffe00 0 00
0000000000000019 10400c040500f000 0 00 00000000 0 0 0 0 0 0 000000000000001a fffffe00 f fffffe00 1 0c
000000000000001a 7cb5000000e00000 0 00 00000000 0 0 0 0 0 0 000000000000001b fffffc00 f fffffc00 0 00
000000000000001b 10000a0a0700f000 0 00 00000000 0 0 0 0 0 0 000000000000001c fffffc00 f fffffc00 1 0a
000000000000001c 7c95fffffad00000 0 00 00000000 0 0 0 0 0 0 0000000000000017 fffffc00 f fffffc00 0 00
0000000000000017 3059e0a0c0000000 0 00 00000000 0 0 0 0 0 0 0000000000000018 fffffc00 f fffffc00 0 00
0000000000000018 3029d0a0c0000000 0 00 00000000 0 0 0 0 0 0 0000000000000019 fffffc00 f fffffc00 0 00
0000000000000019 10400c040500f000 0 00 00000000 0 0 0 0 0 0 000000000000001a fffffc00 f fffffc00 1 0c
000000000000001a 7cb5000000e00000 0 00 00000000 0 0 0 0 0 0 000000000000001b fffff800 f fffff800 0 00
000000000000001b 10000a0a0700f000 0 00 00000000 0 0 0 0 0 0 000000000000001c fffff800 f fffff800 1 0a
000000000000001c 7c95fffffad00000 0 00 00000000 0 0 0 0 0 0 0000000000000017 fffff800 f fffff800 0 00
0000000000000017 3059e0a0c0000000 0 00 00000000 0 0 0 0 0 0 0000000000000018 fffff800 f fffff800 0 00
0000000000000018 3029d0a0c0000000 0 00 00000000 0 0 0 0 0 0 0000000000000019 fffff800 f fffff800 0 00
0000000000000019 10400c040500f000 0 00 00000000 0 0 0 0 0 0 000000000000001a fffff800 f fffff800 1 0c
000000000000001a 7cb5000000e00000 0 00 00000000 0 0 0 0 0 0 000000000000001b fffff000 f fffff000 0 00
000000000000001b 10000a0a0700f000 0 00 00000000 0 0 0 0 0 0 000000000000001c fffff000 f fffff000 1 0a
000000000000001c 7c95fffffad00000 0 00 00000000 0 0 0 0 0 0 0000000000000017 fffff000 f fffff000 0 00
0000000000000017 3059e0a0c0000000 0 00 00000000 0 0 0 0 0 0 0000000000000018 fffff000 f fffff000 0 00
0000000000000018 3029d0a0c0000000 0 00 00000000 0 0 0 0 0 0 0000000000000019 fffff000 f fffff000 0 00
0000000000000019 10400c040500f000 0 00 00000000 0 0 0 0 0 0 000000000000001a fffff000 f fffff000 1 0c
000000000000001a 7cb5000000e00000 0 00 00000000 0 0 0 0 0 0 000000000000001b ffffe000 f ffffe000 0 00
000000000000001b 10000a0a0700f000 0 00 00000000 0 0 0 0 0 0 000000000000001c ffffe000 f ffffe000 1 0a
000000000000001c 7c95fffffad00000 0 00 00000000 0 0 0 0 0 0 0000000000000017 ffffe000 f ffffe000 0 00
0000000000000017 3059e0a0c0000000 0 00 00000000 0 0 0 0 0 0 0000000000000018 ffffe000 f ffffe000 0 00
0000000000000018 3029d0a0c0000000 0 00 00000000 0 0 0 0 0 0 0000000000000019 ffffe000 f ffffe000 0 00
0000000000000019 10400c040500f000 0 00 00000000 0 0 0 0 0 0 000000000000001a ffffe000 f ffffe000 1 0c
000000000000001a 7cb5000000e00000 0 00 00000000 0 0 0 0 0 0 000000000000001b ffffc000 f ffffc000 0 00
000000000000001b 10000a0a0700f000 0 00 00000000 0 0 0 0 0 0 000000000000001c ffffc000 f ffffc000 1 0a
000000000000001c 7c95fffffad00000 0 00 00000000 0 0 0 0 0 0 0000000000000017 ffffc000 f ffffc000 0 00
0000000000000017 3059e0a0c0000000 0 00 00000000 0 0 0 0 0 0 0000000000000018 ffffc000 f ffffc000 0 00
0000000000000018 3029d0a0c0000000 0 00 00000000 0 0 0 0 0 0 0000000000000019 ffffc000 f ffffc000 0 00
0000000000000019 10400c040500f000 0 00 00000000 0 0 0 0 0 0 000000000000001a ffffc000 f ffffc000 1 0c
000000000000001a 7cb5000000e00000 0 00 00000000 0 0 0 0 0 0 000000000000001b ffff8000 f ffff8000 0 00
000000000000001b 10000a0a0700f000 0 00 00000000 0 0 0 0 0 0 000000000000001c ffff8000 f ffff8000 1 0a
000000000000001c 7c95fffffad00000 0 00 00000000 0 0 0 0 0 0 0000000000000017 ffff8000 f ffff8000 0 00
0000000000000017 3059e0a0c0000000 0 00 00000000 0 0 0 0 0 0 0000000000000018 ffff8000 f ffff8000 0 00
0000000000000018 3029d0a0c0000000 0 00 00000000 0 0 0 0 0 0 0000000000000019 ffff8000 f ffff8000 0 00
0000000000000019 10400c040500f000 0 00 00000000 0 0 0 0 0 0 000000000000001a ffff8000 f ffff8000 1 0c
000000000000001a 7cb5000000e00000 0 00 00000000 0 0 0 0 0 0 000000000000001b ffff0000 f ffff0000 0 00
000000000000001b 10000a0a0700f000 0 00 00000000 0 0 0 0 0 0 000000000000001c ffff0000 f ffff0000 1 0a
000000000000001c 7c95fffffad00000 0 00 00000000 0 0 0 0 0 0 0000000000000017 ffff0000 f ffff0000 0 00
0000000000000017 3059e0a0c0000000 0 00 00000000 0 0 0 0 0 0 0000000000000018 ffff0000 f ffff0000 0 00
0000000000000018 3029d0a0c0000000 0 00 00000000 0 0 0 0 0 0 0000000000000019 ffff0000 f ffff0000 0 00
0000000000000019 10400c040500f000 0 00 00000000 0 0 0 0 0 0 000000000000001a ffff0000 f ffff0000 1 0c
000000000000001a 7cb5000000e00000 0 00 00000000 0 0 0 0 0 0 000000000000001b fffe0000 f fffe0000 0 00
000000000000001b 10000a0a0700f000 0 00 00000000 0 0 0 0 0 0 000000000000001c fffe0000 f fffe0000 1 0a
000000000000001c 7c95fffffad00000 0 00 00000000 0 0 0 0 0 0 0000000000000017 fffe0000 f fffe0000 0 00
0000000000000017 3059e0a0c0000000 0 00 00000000 0 0 0 0 0 0 0000000000000018 fffe0000 f fffe0000 0 00
0000000000000018 3029d0a0c0000000 0 00 00000000 0 0 0 0 0 0 0000000000000019 fffe0000 f fffe0000 0 00
0000000000000019 10400c040500f000 0 00 00000000 0 0 0 0 0 0 000000000000001a fffe0000 f fffe0000 1 0c
000000000000001a 7cb5000000e00000 0 00 00000000 0 0 0 0 0 0 000000000000001b fffc0000 f fffc0000 0 00
000000000000001b 10000a0a0700f000 0 00 00000000 0 0 0 0 0 0 000000000000001c fffc0000 f fffc0000 1 0a
000000000000001c 7c95fffffad00000 0 00 00000000 0 0 0 0 0 0 0000000000000017 fffc0000 f fffc0000 0 00
0000000000000017 3059e0a0c0000000 0 00 00000000 0 0 0 0 0 0 0000000000000018 fffc0000 f fffc0000 0 00
0000000000000018 3029d0a0c0000000 0 00 00000000 0 0 0 0 0 0 0000000000000019 fffc0000 f fffc0000 0 00
0000000000000019 10400c040500f000 0 00 00000000 0 0 0 0 0 0 000000000000001a fffc0000 f fffc0000 1 0c
000000000000001a 7cb5000000e00000 0 00 00000000 0 0 0 0 0 0 000000000000001b fff80000 f fff80000 0 00
000000000000001b 10000a0a0700f000 0 00 00000000 0 0 0 0 0 0 000000000000001c fff80000 f fff80000 1 0a
000000000000001c 7c95fffffad00000 0 00 00000000 0 0 0 0 0 0 0000000000000017 fff80000 f fff80000 0 00
0000000000000017 3059e0a0c0000000 0 00 00000000 0 0 0 0 0 0 0000000000000018 fff80000 f fff80000 0 00
0000000000000018 3029d0a0c0000000 0 00 00000000 0 0 0 0 0 0 0000000000000019 fff80000 f fff80000 0 00
0000000000000019 10400c040500f000 0 00 00000000 0 0 0 0 0 0 000000000000001a fff80000 f fff80000 1 0c
000000000000001a 7cb5000000e00000 0 00 00000000 0 0 0 0 0 0 000000000000001b fff00000 f fff00000 0 00
000000000000001b 10000a0a0700f000 0 00 00000000 0 0 0 0 0 0 000000000000001c fff00000 f fff00000 1 0a
000000000000001c 7c95fffffad00000 0 00 00000000 0 0 0 0 0 0 0000000000000017 fff00000 f fff00000 0 00
0000000000000017 3059e0a0c0000000 0 00 00000000 0 0 0 0 0 0 0000000000000018 fff00000 f fff00000 0 00
0000000000000018 3029d0a0c0000000 0 00 00000000 0 0 0 0 0 0 0000000000000019 fff00000 f fff00000 0 00
0000000000000019 10400c040500f000 0 00 00000000 0 0 0 0 0 0 000000000000001a fff00000 f fff00000 1 0c
000000000000001a 7cb5000000e00000 0 00 00000000 0 0 0 0 0 0 000000000000001b ffe00000 f ffe00000 0 00
000000000000001b 10000a0a0700f000 0 00 00000000 0 0 0 0 0 0 000000000000001c ffe00000 f ffe00000 1 0a
000000000000001c 7c95fffffad00000 0 00 00000000 0 0 0 0 0 0 0000000000000017 ffe00000 f ffe00000 0 00
0000000000000017 3059e0a0c0000000 0 00 00000000 0 0 0 0 0 0 0000000000000018 ffe00000 f ffe00000 0 00
0000000000000018 3029d0a0c0000000 0 00 00000000 0 0 0 0 0 0 0000000000000019 ffe00000 f ffe00000 0 00
0000000000000019 10400c040500f000 0 00 00000000 0 0 0 0 0 0 000000000000001a ffe00000 f ffe00000 1 0c
000000000000001a 7cb5000000e00000 0 00 00000000 0 0 0 0 0 0 000000000000001b ffc00000 f ffc00000 0 00
000000000000001b 10000a0a0700f000 0 00 00000000 0 0 0 0 0 0 000000000000001c ffc00000 f ffc00000 1 0a
000000000000001c 7c95fffffad00000 0 00 00000000 0 0 0 0 0 0 0000000000000017 ffc00000 f ffc00000 0 00
0000000000000017 3059e0a0c0000000 0 00 00000000 0 0 0 0 0 0 0000000000000018 ffc00000 f ffc00000 0 00
0000000000000018 3029d0a0c0000000 0 00 00000000 0 0 0 0 0 0 0000000000000019 ffc00000 f ffc00000 0 00
0000000000000019 10400c040500f000 0 00 00000000 0 0 0 0 0 0 000000000000001a ffc00000 f ffc00000 1 0c
000000000000001a 7cb5000000e00000 0 00 00000000 0 0 0 0 0 0 000000000000001b ff800000 f ff800000 0 00
000000000000001b 10000a0a0700f000 0 00 00000000 0 0 0 0 0 0 000000000000001c ff800000 f ff800000 1 0a
000000000000001c 7c95fffffad00000 0 00 00000000 0 0 0 0 0 0 0000000000000017 ff800000 f ff800000 0 00
0000000000000017 3059e0a0c0000000 0 00 00000000 0 0 0 0 0 0 0000000000000018 ff800000 f ff800000 0 00
0000000000000018 3029d0a0c0000000 0 00 00000000 0 0 0 0 0 0 0000000000000019 ff800000 f ff800000 0 00
0000000000000019 10400c040500f000 0 00 00000000 0 0 0 0 0 0 000000000000001a ff800000 f ff800000 1 0c
000000000000001a 7cb5000000e00000 0 00 00000000 0 0 0 0 0 0 000000000000001b ff000000 f ff000000 0 00
000000000000001b 10000a0a0700f000 0 00 00000000 0 0 0 0 0 0 000000000000001c ff000000 f ff000000 1 0a
000000000000001c 7c95fffffad00000 0 00 00000000 0 0 0 0 0 0 0000000000000017 ff000000 f ff000000 0 00
0000000000000017 3059e0a0c0000000 0 00 00000000 0 0 0 0 0 0 0000000000000018 ff000000 f ff000000 0 00
0000000000000018 3029d0a0c0000000 0 00 00000000 0 0 0 0 0 0 0000000000000019 ff000000 f ff000000 0 00
0000000000000019 10400c040500f000 0 00 00000000 0 0 0 0 0 0 000000000000001a ff000000 f ff000000 1 0c
000000000000001a 7cb5000000e00000 0 00 00000000 0 0 0 0 0 0 000000000000001b fe000000 f fe000000 0 00
000000000000001b 10000a0a0700f000 0 00 00000000 0 0 0 0 0 0 000000000000001c fe000000 f fe000000 1 0a
000000000000001c 7c95fffffad00000 0 00 00000000 0 0 0 0 0 0 0000000000000017 fe000000 f fe000000 0 00
0000000000000017 3059e0a0c0000000 0 00 00000000 0 0 0 0 0 0 0000000000000018 fe000000 f fe000000 0 00
0000000000000018 3029d0a0c0000000 0 00 00000000 0 0 0 0 0 0 0000000000000019 fe000000 f fe000000 0 00
0000000000000019 10400c040500f000 0 00 00000000 0 0 0 0 0 0 000000000000001a fe000000 f fe000000 1 0c
000000000000001a 7cb5000000e00000 0 00 00000000 0 0 0 0 0 0 000000000000001b fc000000 f fc000000 0 00
000000000000001b 10000a0a0700f000 0 00 00000000 0 0 0 0 0 0 000000000000001c fc000000 f fc000000 1 0a
000000000000001c 7c95fffffad00000 0 00 00000000 0 0 0 0 0 0 0000000000000017 fc000000 f fc000000 0 00
0000000000000017 3059e0a0c0000000 0 00 00000000 0 0 0 0 0 0 0000000000000018 fc000000 f fc000000 0 00
0000000000000018 3029d0a0c0000000 0 00 00000000 0 0 0 0 0 0 0000000000000019 fc000000 f fc000000 0 00
0000000000000019 10400c040500f000 0 00 00000000 0 0 0 0 0 0 000000000000001a fc000000 f fc000000 1 0c
000000000000001a 7cb5000000e00000 0 00 00000000 0 0 0 0 0 0 000000000000001b f8000000 f f8000000 0 00
000000000000001b 10000a0a0700f000 0 00 00000000 0 0 0 0 0 0 000000000000001c f8000000 f f8000000 1 0a
000000000000001c 7c95fffffad00000 0 00 00000000 0 0 0 0 0 0 0000000000000017 f8000000 f f8000000 0 00
0000000000000017 3059e0a0c0000000 0 00 00000000 0 0 0 0 0 0 0000000000000018 f8000000 f f8000000 0 00
0000000000000018 3029d0a0c0000000 0 00 00000000 0 0 0 0 0 0 0000000000000019 f8000000 f f8000000 0 00
0000000000000019 10400c040500f000 0 00 00000000 0 0 0 0 0 0 000000000000001a f8000000 f f8000000 1 0c
000000000000001a 7cb5000000e00000 0 00 00000000 0 0 0 0 0 0 000000000000001b f0000000 f f0000000 0 00
000000000000001b 10000a0a0700f000 0 00 00000000 0 0 0 0 0 0 000000000000001c f0000000 f f0000000 1 0a
000000000000001c 7c95fffffad00000 0 00 00000000 0 0 0 0 0 0 0000000000000017 f0000000 f f0000000 0 00
0000000000000017 3059e0a0c0000000 0 00 00000000 0 0 0 0 0 0 0000000000000018 f0000000 f f0000000 0 00
0000000000000018 3029d0a0c0000000 0 00 00000000 0 0 0 0 0 0 0000000000000019 f0000000 f f0000000 0 00
0000000000000019 10400c040500f000 0 00 00000000 0 0 0 0 0 0 000000000000001a f0000000 f f0000000 1 0c
000000000000001a 7cb5000000e00000 0 00 00000000 0 0 0 0 0 0 000000000000001b e0000000 f e0000000 0 00
000000000000001b 10000a0a0700f000 0 00 00000000 0 0 0 0 0 0 000000000000001c e0000000 f e0000000 1 0a
000000000000001c 7c95fffffad00000 0 00 00000000 0 0 0 0 0 0 0000000000000017 e0000000 f e0000000 0 00
0000000000000017 3059e0a0c0000000 0 00 00000000 0 0 0 0 0 0 0000000000000018 e0000000 f e0000000 0 00
0000000000000018 3029d0a0c0000000 0 00 00000000 0 0 0 0 0 0 0000000000000019 e0000000 f e0000000 0 00
0000000000000019 10400c040500f000 0 00 00000000 0 0 0 0 0 0 000000000000001a e0000000 f e0000000 1 0c
000000000000001a 7cb5000000e00000 0 00 00000000 0 0 0 0 0 0 000000000000001b c0000000 f c0000000 0 00
000000000000001b 10000a0a0700f000 0 00 00000000 0 0 0 0 0 0 000000000000001c c0000000 f c0000000 1 0a
000000000000001c 7c95fffffad00000 0 00 00000000 0 0 0 0 0 0 0000000000000017 c0000000 f c0000000 0 00
0000000000000017 3059e0a0c0000000 0 00 00000000 0 0 0 0 0 0 0000000000000018 c0000000 f c0000000 0 00
0000000000000018 3029d0a0c0000000 0 00 00000000 0 0 0 0 0 0 0000000000000019 c0000000 f c0000000 0 00
0000000000000019 10400c040500f000 0 00 00000000 0 0 0 0 0 0 000000000000001a c0000000 f c0000000 1 0c
000000000000001a 7cb5000000e00000 0 00 00000000 0 0 0 0 0 0 000000000000001b 80000000 f 80000000 0 00
000000000000001b 10000a0a0700f000 0 00 00000000 0 0 0 0 0 0 000000000000001c 80000000 f 80000000 1 0a
000000000000001c 7c95fffffad00000 0 00 00000000 0 0 0 0 0 0 0000000000000017 80000000 f 80000000 0 00
0000000000000017 3059e0a0c0000000 0 00 00000000 0 0 0 0 0 0 0000000000000018 80000000 f 80000000 0 00
0000000000000018 3029d0a0c0000000 0 00 00000000 0 0 0 0 0 0 0000000000000019 80000000 f 80000000 0 00
0000000000000019 10400c040500f000 0 00 00000000 0 0 0 0 0 0 000000000000001a 80000000 f 80000000 1 0c
000000000000001c 7cb5000000e00000 0 00 00000000 0 0 0 0 0 0 000000000000001b 00000000 f 00000000 0 00
000000000000001c 7c95fffffad00000 0 00 00000000 0 0 0 0 0 0 000000000000001d ffffffff f ffffffff 0 00
000000000000001d 7cf5000000000000 0 00 00000000 0 0 0 0 0 0 000000000000001e ffffffff f ffffffff 0 00
