0000000000000000 343001000000f000 0 00 00000000 0 0 0 0 0 0 0000000000000001 ffffffff f ffffffff 1 01
0000000000000001 341107000001f000 0 00 00000000 0 0 0 0 0 0 0000000000000002 ffffffff f ffffffff 1 07
0000000000000002 34110c000003f000 0 00 00000000 0 0 0 0 0 0 0000000000000003 ffffffff f ffffffff 1 0c
0000000000000003 100003030500f000 0 00 00000000 0 0 0 0 0 0 0000000000000004 ffffffff f ffffffff 1 03
0000000000000004 34110d000003f000 0 00 00000000 0 0 0 0 0 0 0000000000000005 ffffffff f ffffffff 1 0d
0000000000000005 10300c010d00f000 0 00 00000000 0 0 0 0 0 0 0000000000000006 ffffffff f ffffffff 1 0c
0000000000000006 10000c0c0700f000 0 00 00000000 0 0 0 0 0 0 0000000000000007 ffffffff f ffffffff 1 0c
0000000000000007 34110a000000f000 0 00 00000000 0 0 0 0 0 0 0000000000000008 ffffffff f ffffffff 1 0a
0000000000000008 7c85000008000000 0 00 00000000 0 0 0 0 0 0 0000000000000009 ffffffff f ffffffff 0 00
0000000000000009 3059e0a0c0000000 0 00 00000000 0 0 0 0 0 0 000000000000000a ffffffff f ffffffff 0 00
000000000000000a 3029d0a0c0000000 0 00 00000000 0 0 0 0 0 0 000000000000000b ffffffff f ffffffff 0 00
000000000000000b 3029001070000000 0 00 00000000 0 0 0 0 0 0 000000000000000c ffffffff f ffffffff 0 00
000000000000000c 7c15000000000001 0 00 00000000 0 0 0 0 0 0 000000000000000d 00000001 f 00000001 0 00
000000000000000d 101003070400f000 0 00 00000000 0 0 0 0 0 0 000000000000000e 00000001 f 00000001 1 03
000000000000000e 7c25000000000000 0 00 00000000 0 0 0 0 0 0 000000000000000d fffffffe f fffffffe 0 00
000000000000000d 101003070400f000 0 00 00000000 0 0 0 0 0 0 000000000000000e fffffffe f fffffffe 1 03
000000000000000e 7c25000000000000 0 00 00000000 0 0 0 0 0 0 000000000000000f ffffffff f ffffffff 0 00
000000000000000f 7cb5000000e00000 0 00 00000000 0 0 0 0 0 0 0000000000000010 ffffffff f ffffffff 0 00
0000000000000010 10000a0a0700f000 0 00 00000000 0 0 0 0 0 0 0000000000000011 ffffffff f ffffffff 1 0a
0000000000000011 7c95fffff7d00000 0 00 00000000 0 0 0 0 0 0 0000000000000009 ffffffff f ffffffff 0 00
0000000000000009 3059e0a0c0000000 0 00 00000000 0 0 0 0 0 0 000000000000000a ffffffff f ffffffff 0 00
000000000000000a 3029d0a0c0000000 0 00 00000000 0 0 0 0 0 0 000000000000000b ffffffff f ffffffff 0 00
000000000000000b 3029001070000000 0 00 00000000 0 0 0 0 0 0 000000000000000c ffffffff f ffffffff 0 00
000000000000000c 7c15000000000001 0 00 00000000 0 0 0 0 0 0 000000000000000d 00000001 f 00000001 0 00
000000000000000d 101003070400f000 0 00 00000000 0 0 0 0 0 0 000000000000000e 00000001 f 00000001 1 03
000000000000000e 7c25000000000000 0 00 00000000 0 0 0 0 0 0 000000000000000d fffffffe f fffffffe 0 00
000000000000000d 101003070400f000 0 00 00000000 0 0 0 0 0 0 000000000000000e fffffffe f fffffffe 1 03
000000000000000e 7c25000000000000 0 00 00000000 0 0 0 0 0 0 000000000000000f ffffffff f ffffffff 0 00
000000000000000f 7cb5000000e00000 0 00 00000000 0 0 0 0 0 0 0000000000000010 eeeeeeee f eeeeeeee 0 00
0000000000000010 10000a0a0700f000 0 00 00000000 0 0 0 0 0 0 0000000000000011 eeeeeeee f eeeeeeee 1 0a
0000000000000011 7c95fffff7d00000 0 00 00000000 0 0 0 0 0 0 0000000000000009 eeeeeeee f eeeeeeee 0 00
0000000000000009 3059e0a0c0000000 0 00 00000000 0 0 0 0 0 0 000000000000000a eeeeeeee f eeeeeeee 0 00
000000000000000a 3029d0a0c0000000 0 00 00000000 0 0 0 0 0 0 000000000000000b eeeeeeee f eeeeeeee 0 00
000000000000000b 3029001070000000 0 00 00000000 0 0 0 0 0 0 000000000000000c eeeeeeee f eeeeeeee 0 00
000000000000000c 7c15000000000001 0 00 00000000 0 0 0 0 0 0 000000000000000d eeeeeeee f eeeeeeee 0 00
000000000000000d 101003070400f000 0 00 00000000 0 0 0 0 0 0 000000000000000e eeeeeeee f eeeeeeee 1 03
000000000000000e 7c25000000000000 0 00 00000000 0 0 0 0 0 0 000000000000000f eeeeeeee f eeeeeeee 0 00
000000000000000f 7cb5000000e00000 0 00 00000000 0 0 0 0 0 0 0000000000000010 cccccccc f cccccccc 0 00
0000000000000010 10000a0a0700f000 0 00 00000000 0 0 0 0 0 0 0000000000000011 cccccccc f cccccccc 1 0a
0000000000000011 7c95fffff7d00000 0 00 00000000 0 0 0 0 0 0 0000000000000009 cccccccc f cccccccc 0 00
0000000000000009 3059e0a0c0000000 0 00 00000000 0 0 0 0 0 0 000000000000000a cccccccc f cccccccc 0 00
000000000000000a 3029d0a0c0000000 0 00 00000000 0 0 0 0 0 0 000000000000000b cccccccc f cccccccc 0 00
000000000000000b 3029001070000000 0 00 00000000 0 0 0 0 0 0 000000000000000c cccccccc f cccccccc 0 00
000000000000000c 7c15000000000001 0 00 00000000 0 0 0 0 0 0 000000000000000d cccccccc f cccccccc 0 00
000000000000000d 101003070400f000 0 00 00000000 0 0 0 0 0 0 000000000000000e cccccccc f cccccccc 1 03
000000000000000e 7c25000000000000 0 00 00000000 0 0 0 0 0 0 000000000000000f cccccccc f cccccccc 0 00
000000000000000f 7cb5000000e00000 0 00 00000000 0 0 0 0 0 0 0000000000000010 88888888 f 88888888 0 00
0000000000000010 10000a0a0700f000 0 00 00000000 0 0 0 0 0 0 0000000000000011 88888888 f 88888888 1 0a
0000000000000011 7c95fffff7d00000 0 00 00000000 0 0 0 0 0 0 0000000000000009 88888888 f 88888888 0 00
0000000000000009 3059e0a0c0000000 0 00 00000000 0 0 0 0 0 0 000000000000000a 88888888 f 88888888 0 00
000000000000000a 3029d0a0c0000000 0 00 00000000 0 0 0 0 0 0 000000000000000b 88888888 f 88888888 0 00
000000000000000b 3029001070000000 0 00 00000000 0 0 0 0 0 0 000000000000000c 88888888 f 88888888 0 00
000000000000000c 7c15000000000001 0 00 00000000 0 0 0 0 0 0 000000000000000d 88888888 f 88888888 0 00
000000000000000d 101003070400f000 0 00 00000000 0 0 0 0 0 0 000000000000000e 88888888 f 88888888 1 03
000000000000000e 7c25000000000000 0 00 00000000 0 0 0 0 0 0 000000000000000f 88888888 f 88888888 0 00
0000000000000011 7cb5000000e00000 0 00 00000000 0 0 0 0 0 0 0000000000000010 00000000 f 00000000 0 00
0000000000000011 7c95fffff7d00000 0 00 00000000 0 0 0 0 0 0 0000000000000012 ffffffff f ffffffff 0 00
0000000000000012 7cf5000000000000 0 00 00000000 0 0 0 0 0 0 0000000000000013 ffffffff f ffffffff 0 00
