0000000000000000 0013140000004d00 1 14 0000004d 0 0 0 0000000000000001 aaaaaaaa f aaaaaaaa 0 00 aaaaaaaa
0000000000000001 105004030300f000 0 00 00000000 0 0 0 0000000000000002 aaaaaaaa f aaaaaaaa 1 04 aaaaaaaa
0000000000000002 0013160055555500 1 16 00555555 0 0 0 0000000000000003 aaaaaaaa f aaaaaaaa 0 00 aaaaaaaa
0000000000000003 342004160000f000 0 00 00000000 0 0 0 0000000000000004 aaaaaaaa f aaaaaaaa 1 04 aaaaaaaa
0000000000000004 108103040021f000 0 00 00000000 0 0 0 0000000000000005 aaaaaaaa f aaaaaaaa 1 03 aaaaaaaa
0000000000000005 106104020005f000 0 00 00000000 0 0 0 0000000000000006 aaaaaaaa f aaaaaaaa 1 04 aaaaaaaa
0000000000000006 0013160000000100 1 16 00000001 0 0 0 0000000000000007 aaaaaaaa f aaaaaaaa 0 00 aaaaaaaa
0000000000000007 342006160000f000 0 00 00000000 0 0 0 0000000000000008 aaaaaaaa f aaaaaaaa 1 06 aaaaaaaa
0000000000000008 10810206000ff000 0 00 00000000 0 0 0 0000000000000009 aaaaaaaa f aaaaaaaa 1 02 aaaaaaaa
0000000000000009 106105060001f000 0 00 00000000 0 0 0 000000000000000a aaaaaaaa f aaaaaaaa 1 05 aaaaaaaa
000000000000000a 0013160055555500 1 16 00555555 0 0 0 000000000000000b aaaaaaaa f aaaaaaaa 0 00 aaaaaaaa
000000000000000b 342004160000f000 0 00 00000000 0 0 0 000000000000000c aaaaaaaa f aaaaaaaa 1 04 aaaaaaaa
000000000000000c 10810204000cf000 0 00 00000000 0 0 0 000000000000000d aaaaaaaa f aaaaaaaa 1 02 aaaaaaaa
000000000000000d 106106040021f000 0 00 00000000 0 0 0 000000000000000e aaaaaaaa f aaaaaaaa 1 06 aaaaaaaa
000000000000000e 106103040001f000 0 00 00000000 0 0 0 000000000000000f aaaaaaaa f aaaaaaaa 1 03 aaaaaaaa
000000000000000f 340006040000f000 0 00 00000000 0 0 0 0000000000000010 aaaaaaaa f aaaaaaaa 1 06 aaaaaaaa
0000000000000010 103005030300f000 0 00 00000000 0 0 0 0000000000000011 aaaaaaaa f aaaaaaaa 1 05 aaaaaaaa
0000000000000011 106105050001f000 0 00 00000000 0 0 0 0000000000000012 aaaaaaaa f aaaaaaaa 1 05 aaaaaaaa
0000000000000012 101002020500f000 0 00 00000000 0 0 0 0000000000000013 aaaaaaaa f aaaaaaaa 1 02 aaaaaaaa
0000000000000013 340005040000f000 0 00 00000000 0 0 0 0000000000000014 aaaaaaaa f aaaaaaaa 1 05 aaaaaaaa
0000000000000014 343002000000f000 0 00 00000000 0 0 0 0000000000000015 aaaaaaaa f aaaaaaaa 1 02 aaaaaaaa
0000000000000015 107102020010f000 0 00 00000000 0 0 0 0000000000000016 aaaaaaaa f aaaaaaaa 1 02 aaaaaaaa
0000000000000016 0013160055555500 1 16 00555555 0 0 0 0000000000000017 aaaaaaaa f aaaaaaaa 0 00 aaaaaaaa
0000000000000017 342002160000f000 0 00 00000000 0 0 0 0000000000000018 aaaaaaaa f aaaaaaaa 1 02 aaaaaaaa
0000000000000018 108106020001f000 0 00 00000000 0 0 0 0000000000000019 aaaaaaaa f aaaaaaaa 1 06 aaaaaaaa
0000000000000019 341103002a0bf000 0 00 00000000 0 0 0 000000000000001a aaaaaaaa f aaaaaaaa 1 03 aaaaaaaa
000000000000001a 34110400a5c4f000 0 00 00000000 0 0 0 000000000000001b aaaaaaaa f aaaaaaaa 1 04 aaaaaaaa
000000000000001b 1010040306007000 0 00 00000000 0 0 0 000000000000001c aaaaaaaa 7 aaaaaaaa 1 04 aaaaaaaa
000000000000001c 102006060500f000 0 00 00000000 0 0 0 000000000000001d aaaaaaaa f aaaaaaaa 1 06 aaaaaaaa
000000000000001d 100005060400f000 0 00 00000000 0 0 0 000000000000001e aaaaaaaa f aaaaaaaa 1 05 aaaaaaaa
000000000000001e 0013160000000100 1 16 00000001 0 0 0 000000000000001f aaaaaaaa f aaaaaaaa 0 00 aaaaaaaa
000000000000001f 342006160000f000 0 00 00000000 0 0 0 0000000000000020 aaaaaaaa f aaaaaaaa 1 06 aaaaaaaa
0000000000000020 10810206001ff000 0 00 00000000 0 0 0 0000000000000021 aaaaaaaa f aaaaaaaa 1 02 aaaaaaaa
0000000000000021 1000040203004000 0 00 00000000 0 0 0 0000000000000022 aaaaaaaa 4 2aaaaaaa 1 04 2aaaaaaa
0000000000000022 0013150000000000 1 15 00000000 0 0 0 0000000000000023 aaaaaaaa f aaaaaaaa 0 00 aaaaaaaa
0000000000000023 342005150000f000 0 00 00000000 0 0 0 0000000000000024 aaaaaaaa f aaaaaaaa 1 05 aaaaaaaa
0000000000000024 106106050021f000 0 00 00000000 0 0 0 0000000000000025 aaaaaaaa f aaaaaaaa 1 06 aaaaaaaa
0000000000000025 341104004439f000 0 00 00000000 0 0 0 0000000000000026 aaaaaaaa f aaaaaaaa 1 04 aaaaaaaa
0000000000000026 104105050000f000 0 00 00000000 0 0 0 0000000000000027 aaaaaaaa f aaaaaaaa 1 05 aaaaaaaa
0000000000000027 102006060500f000 0 00 00000000 0 0 0 0000000000000028 aaaaaaaa f aaaaaaaa 1 06 aaaaaaaa
0000000000000028 00131e0000000300 1 1e 00000003 0 0 0 0000000000000029 aaaaaaaa f aaaaaaaa 0 00 aaaaaaaa
0000000000000029 0023171700000100 1 17 00000001 0 0 0 000000000000002a aaaaaaaa f aaaaaaaa 0 00 aaaaaaaa
000000000000002a 00731e1e00000100 1 1e 00000002 0 0 0 000000000000002b aaaaaaaa f aaaaaaaa 0 00 aaaaaaaa
000000000000002b 0013180000000000 1 18 00000000 0 0 0 000000000000002c aaaaaaaa f aaaaaaaa 0 00 aaaaaaaa
000000000000002c 0102001e18000000 0 00 00000000 4 0 0 000000000000002d aaaaaaaa f aaaaaaaa 0 00 aaaaaaaa
000000000000002d 0215fffffb040000 0 00 00000000 4 0 1 0000000000000029 aaaaaaaa f aaaaaaaa 0 00 aaaaaaaa
0000000000000029 0023171700000100 1 17 00000002 4 0 0 000000000000002a aaaaaaaa f aaaaaaaa 0 00 aaaaaaaa
000000000000002a 00731e1e00000100 1 1e 00000001 4 0 0 000000000000002b aaaaaaaa f aaaaaaaa 0 00 aaaaaaaa
000000000000002b 0013180000000000 1 18 00000000 4 0 0 000000000000002c aaaaaaaa f aaaaaaaa 0 00 aaaaaaaa
000000000000002c 0102001e18000000 0 00 00000000 4 0 0 000000000000002d aaaaaaaa f aaaaaaaa 0 00 aaaaaaaa
000000000000002d 0215fffffb040000 0 00 00000000 4 0 1 0000000000000029 aaaaaaaa f aaaaaaaa 0 00 aaaaaaaa
0000000000000029 0023171700000100 1 17 00000003 4 0 0 000000000000002a aaaaaaaa f aaaaaaaa 0 00 aaaaaaaa
000000000000002a 00731e1e00000100 1 1e 00000000 4 0 0 000000000000002b aaaaaaaa f aaaaaaaa 0 00 aaaaaaaa
000000000000002b 0013180000000000 1 18 00000000 4 0 0 000000000000002c aaaaaaaa f aaaaaaaa 0 00 aaaaaaaa
000000000000002c 0102001e18000000 0 00 00000000 5 1 0 000000000000002d aaaaaaaa f aaaaaaaa 0 00 aaaaaaaa
000000000000002d 0215fffffb040000 0 00 00000000 5 1 0 000000000000002e aaaaaaaa f aaaaaaaa 0 00 aaaaaaaa
000000000000002e 7cf5000000000000 0 00 00000000 5 1 0 000000000000002f aaaaaaaa f aaaaaaaa 0 00 aaaaaaaa
DONE retired=57 fault=00 pc=000000000000002e
