0000000000000000 00131d0000000000 1 1d 00000000 0 0 0 0000000000000001
0000000000000001 0092120800000000 1 12 ffffffff 0 0 0 0000000000000002
0000000000000002 00730b10bbd94e00 1 0b 004426b2 0 0 0 0000000000000003
0000000000000003 8506000000000000 0 00 00000000 0 0 0 0000000000000004
0000000000000004 8506000000000000 0 00 00000000 0 0 0 0000000000000005
0000000000000005 007301058297cd00 1 01 007d6833 0 0 0 0000000000000006
0000000000000006 0023010900000000 1 01 00000000 0 0 0 0000000000000007
0000000000000007 00130900c035ba00 1 09 ffc035ba 0 0 0 0000000000000008
0000000000000008 8506000000000000 0 00 00000000 0 0 0 0000000000000009
0000000000000009 0102000903000000 0 00 00000000 6 0 0 000000000000000a
000000000000000a 0215000003040000 0 00 00000000 6 0 1 000000000000000e
000000000000000e 0052120b0a000000 1 12 004426b2 6 0 0 000000000000000f
000000000000000f 0023090966492c00 1 09 00267ee6 6 0 0 0000000000000010
0000000000000010 001312007559ab00 1 12 007559ab 6 0 0 0000000000000011
0000000000000011 8506000000000000 0 00 00000000 6 0 0 0000000000000012
0000000000000012 00a203080c000000 1 03 00000000 6 0 0 0000000000000013
0000000000000013 0082130704000000 1 13 00000000 6 0 0 0000000000000014
0000000000000014 8506000000000000 0 00 00000000 6 0 0 0000000000000015
0000000000000015 8506000000000000 0 00 00000000 6 0 0 0000000000000016
0000000000000016 00131e0000000300 1 1e 00000003 6 0 0 0000000000000017
0000000000000017 0023151500000100 1 15 00000001 6 0 0 0000000000000018
0000000000000018 00731e1e00000100 1 1e 00000002 6 0 0 0000000000000019
0000000000000019 0102001e1d000000 0 00 00000000 4 0 0 000000000000001a
000000000000001a 0215fffffc040000 0 00 00000000 4 0 1 0000000000000017
0000000000000017 0023151500000100 1 15 00000002 4 0 0 0000000000000018
0000000000000018 00731e1e00000100 1 1e 00000001 4 0 0 0000000000000019
0000000000000019 0102001e1d000000 0 00 00000000 4 0 0 000000000000001a
000000000000001a 0215fffffc040000 0 00 00000000 4 0 1 0000000000000017
0000000000000017 0023151500000100 1 15 00000003 4 0 0 0000000000000018
0000000000000018 00731e1e00000100 1 1e 00000000 4 0 0 0000000000000019
0000000000000019 0102001e1d000000 0 00 00000000 5 1 0 000000000000001a
000000000000001a 0215fffffc040000 0 00 00000000 5 1 0 000000000000001b
000000000000001b 7cf5000000000000 0 00 00000000 5 1 0 000000000000001c
DONE retired=33 fault=00 pc=000000000000001b
