0000000000000000 00131d0000000000 1 1d 00000000 0 0 0 0000000000000001
0000000000000001 8506000000000000 0 00 00000000 0 0 0 0000000000000002
0000000000000002 00a2070306000000 1 07 00000000 0 0 0 0000000000000003
0000000000000003 0063041300001900 1 04 00000000 0 0 0 0000000000000004
0000000000000004 8506000000000000 0 00 00000000 0 0 0 0000000000000005
0000000000000005 0022010d13000000 1 01 00000000 0 0 0 0000000000000006
0000000000000006 00a3071200000f00 1 07 00000000 0 0 0 0000000000000007
0000000000000007 00a30f0600000300 1 0f 00000000 0 0 0 0000000000000008
0000000000000008 00220b0314000000 1 0b 00000000 0 0 0 0000000000000009
0000000000000009 011200040a000000 0 00 00000000 5 0 0 000000000000000a
000000000000000a 0215000002020000 0 00 00000000 5 0 1 000000000000000d
000000000000000d 00220d080f000000 1 0d 00000000 5 0 0 000000000000000e
000000000000000e 0306000000001000 1 10 00000000 5 0 0 000000000000000f
000000000000000f 00b3131400000b00 1 13 00000000 5 0 0 0000000000000010
0000000000000010 8506000000000000 0 00 00000000 5 0 0 0000000000000011
0000000000000011 001306002fd7ea00 1 06 002fd7ea 5 0 0 0000000000000012
0000000000000012 0306000000000100 1 01 00000000 5 0 0 0000000000000013
0000000000000013 0092040200000000 1 04 ffffffff 5 0 0 0000000000000014
0000000000000014 00131e0000000300 1 1e 00000003 5 0 0 0000000000000015
0000000000000015 0023151500000100 1 15 00000001 5 0 0 0000000000000016
0000000000000016 00731e1e00000100 1 1e 00000002 5 0 0 0000000000000017
0000000000000017 0102001e1d000000 0 00 00000000 4 0 0 0000000000000018
0000000000000018 0215fffffc040000 0 00 00000000 4 0 1 0000000000000015
0000000000000015 0023151500000100 1 15 00000002 4 0 0 0000000000000016
0000000000000016 00731e1e00000100 1 1e 00000001 4 0 0 0000000000000017
0000000000000017 0102001e1d000000 0 00 00000000 4 0 0 0000000000000018
0000000000000018 0215fffffc040000 0 00 00000000 4 0 1 0000000000000015
0000000000000015 0023151500000100 1 15 00000003 4 0 0 0000000000000016
0000000000000016 00731e1e00000100 1 1e 00000000 4 0 0 0000000000000017
0000000000000017 0102001e1d000000 0 00 00000000 5 1 0 0000000000000018
0000000000000018 0215fffffc040000 0 00 00000000 5 1 0 0000000000000019
0000000000000019 7cf5000000000000 0 00 00000000 5 1 0 000000000000001a
DONE retired=32 fault=00 pc=0000000000000019
