0000000000000000 0013140000004d00 1 14 0000004d 0 0 0 0000000000000001 ff30afc6 f ff30afc6 0 00 ff30afc6
0000000000000001 10310604a329f000 0 00 00000000 0 0 0 0000000000000002 ff30afc6 f ff30afc6 1 06 ff30afc6
0000000000000002 3400060600000000 0 00 00000000 0 0 0 0000000000000003 ff30afc6 0 44208504 1 06 44208504
0000000000000003 103003060500f000 0 00 00000000 0 0 0 0000000000000004 ff30afc6 f ff30afc6 1 03 ff30afc6
0000000000000004 0013160000000000 1 16 00000000 0 0 0 0000000000000005 ff30afc6 f ff30afc6 0 00 ff30afc6
0000000000000005 342005160000f000 0 00 00000000 0 0 0 0000000000000006 ff30afc6 f ff30afc6 1 05 ff30afc6
0000000000000006 10810605003ff000 0 00 00000000 0 0 0 0000000000000007 ff30afc6 f ff30afc6 1 06 ff30afc6
0000000000000007 101105030000f000 0 00 00000000 0 0 0 0000000000000008 ff30afc6 f ff30afc6 1 05 ff30afc6
0000000000000008 1011050360aef000 0 00 00000000 0 0 0 0000000000000009 ff30afc6 f ff30afc6 1 05 ff30afc6
0000000000000009 107102020001f000 0 00 00000000 0 0 0 000000000000000a ff30afc6 f ff30afc6 1 02 ff30afc6
000000000000000a 10610303003ff000 0 00 00000000 0 0 0 000000000000000b ff30afc6 f ff30afc6 1 03 ff30afc6
000000000000000b 340002020000f000 0 00 00000000 0 0 0 000000000000000c ff30afc6 f ff30afc6 1 02 ff30afc6
000000000000000c 105004050600f000 0 00 00000000 0 0 0 000000000000000d ff30afc6 f ff30afc6 1 04 ff30afc6
000000000000000d 3430060000003000 0 00 00000000 0 0 0 000000000000000e ff30afc6 3 2e308c00 1 06 2e308c00
000000000000000e 1000050406001000 0 00 00000000 0 0 0 000000000000000f ff30afc6 1 aa20aa82 1 05 aa20aa82
000000000000000f 105005030600f000 0 00 00000000 0 0 0 0000000000000010 ff30afc6 f ff30afc6 1 05 ff30afc6
0000000000000010 00131e0000000100 1 1e 00000001 0 0 0 0000000000000011 ff30afc6 f ff30afc6 0 00 ff30afc6
0000000000000011 0023171700000100 1 17 00000001 0 0 0 0000000000000012 ff30afc6 f ff30afc6 0 00 ff30afc6
0000000000000012 00731e1e00000100 1 1e 00000000 0 0 0 0000000000000013 ff30afc6 f ff30afc6 0 00 ff30afc6
0000000000000013 0013180000000000 1 18 00000000 0 0 0 0000000000000014 ff30afc6 f ff30afc6 0 00 ff30afc6
0000000000000014 0102001e18000000 0 00 00000000 5 1 0 0000000000000015 ff30afc6 f ff30afc6 0 00 ff30afc6
0000000000000015 0215fffffb040000 0 00 00000000 5 1 0 0000000000000016 ff30afc6 f ff30afc6 0 00 ff30afc6
0000000000000016 7cf5000000000000 0 00 00000000 5 1 0 0000000000000017 ff30afc6 f ff30afc6 0 00 ff30afc6
DONE retired=23 fault=00 pc=0000000000000016
