0000000000000000 0013140000004d00 1 14 0000004d 0 0 0 0000000000000001 b2ca4ff3 f b2ca4ff3 0 00 b2ca4ff3
0000000000000001 1040020605007000 0 00 00000000 0 0 0 0000000000000002 b2ca4ff3 7 a28a0aa2 1 02 a28a0aa2
0000000000000002 102005030500f000 0 00 00000000 0 0 0 0000000000000003 b2ca4ff3 f b2ca4ff3 1 05 b2ca4ff3
0000000000000003 103005020500f000 0 00 00000000 0 0 0 0000000000000004 b2ca4ff3 f b2ca4ff3 1 05 b2ca4ff3
0000000000000004 00131500ffffff00 1 15 ffffffff 0 0 0 0000000000000005 b2ca4ff3 f b2ca4ff3 0 00 b2ca4ff3
0000000000000005 342002150000f000 0 00 00000000 0 0 0 0000000000000006 b2ca4ff3 f b2ca4ff3 1 02 b2ca4ff3
0000000000000006 0013150000000000 1 15 00000000 0 0 0 0000000000000007 b2ca4ff3 f b2ca4ff3 0 00 b2ca4ff3
0000000000000007 342004150000f000 0 00 00000000 0 0 0 0000000000000008 b2ca4ff3 f b2ca4ff3 1 04 b2ca4ff3
0000000000000008 3411040018cff000 0 00 00000000 0 0 0 0000000000000009 b2ca4ff3 f b2ca4ff3 1 04 b2ca4ff3
0000000000000009 3400020300009000 0 00 00000000 0 0 0 000000000000000a b2ca4ff3 9 10404551 1 02 10404551
000000000000000a 0013150000000000 1 15 00000000 0 0 0 000000000000000b b2ca4ff3 f b2ca4ff3 0 00 b2ca4ff3
000000000000000b 342003150000f000 0 00 00000000 0 0 0 000000000000000c b2ca4ff3 f b2ca4ff3 1 03 b2ca4ff3
000000000000000c 106103020000f000 0 00 00000000 0 0 0 000000000000000d b2ca4ff3 f b2ca4ff3 1 03 b2ca4ff3
000000000000000d 106106020020f000 0 00 00000000 0 0 0 000000000000000e b2ca4ff3 f b2ca4ff3 1 06 b2ca4ff3
000000000000000e 107102050001f000 0 00 00000000 0 0 0 000000000000000f b2ca4ff3 f b2ca4ff3 1 02 b2ca4ff3
000000000000000f 10610205000ff000 0 00 00000000 0 0 0 0000000000000010 b2ca4ff3 f b2ca4ff3 1 02 b2ca4ff3
0000000000000010 107106050001f000 0 00 00000000 0 0 0 0000000000000011 b2ca4ff3 f b2ca4ff3 1 06 b2ca4ff3
0000000000000011 343005000000f000 0 00 00000000 0 0 0 0000000000000012 b2ca4ff3 f b2ca4ff3 1 05 b2ca4ff3
0000000000000012 0013150000000000 1 15 00000000 0 0 0 0000000000000013 b2ca4ff3 f b2ca4ff3 0 00 b2ca4ff3
0000000000000013 342006150000f000 0 00 00000000 0 0 0 0000000000000014 b2ca4ff3 f b2ca4ff3 1 06 b2ca4ff3
0000000000000014 107103020000f000 0 00 00000000 0 0 0 0000000000000015 b2ca4ff3 f b2ca4ff3 1 03 b2ca4ff3
0000000000000015 10710202001df000 0 00 00000000 0 0 0 0000000000000016 b2ca4ff3 f b2ca4ff3 1 02 b2ca4ff3
0000000000000016 343003000000f000 0 00 00000000 0 0 0 0000000000000017 b2ca4ff3 f b2ca4ff3 1 03 b2ca4ff3
0000000000000017 3400050300007000 0 00 00000000 0 0 0 0000000000000018 b2ca4ff3 7 a28a0aa2 1 05 a28a0aa2
0000000000000018 100102028000f000 0 00 00000000 0 0 0 0000000000000019 b2ca4ff3 f b2ca4ff3 1 02 b2ca4ff3
0000000000000019 106102020003f000 0 00 00000000 0 0 0 000000000000001a b2ca4ff3 f b2ca4ff3 1 02 b2ca4ff3
000000000000001a 0013160000000100 1 16 00000001 0 0 0 000000000000001b b2ca4ff3 f b2ca4ff3 0 00 b2ca4ff3
000000000000001b 342002160000f000 0 00 00000000 0 0 0 000000000000001c b2ca4ff3 f b2ca4ff3 1 02 b2ca4ff3
000000000000001c 10810302001ff000 0 00 00000000 0 0 0 000000000000001d b2ca4ff3 f b2ca4ff3 1 03 b2ca4ff3
000000000000001d 00131500aaaaaa00 1 15 ffaaaaaa 0 0 0 000000000000001e b2ca4ff3 f b2ca4ff3 0 00 b2ca4ff3
000000000000001e 342003150000f000 0 00 00000000 0 0 0 000000000000001f b2ca4ff3 f b2ca4ff3 1 03 b2ca4ff3
000000000000001f 102004060500f000 0 00 00000000 0 0 0 0000000000000020 b2ca4ff3 f b2ca4ff3 1 04 b2ca4ff3
0000000000000020 343002000000f000 0 00 00000000 0 0 0 0000000000000021 b2ca4ff3 f b2ca4ff3 1 02 b2ca4ff3
0000000000000021 10610406001ff000 0 00 00000000 0 0 0 0000000000000022 b2ca4ff3 f b2ca4ff3 1 04 b2ca4ff3
0000000000000022 340004060000f000 0 00 00000000 0 0 0 0000000000000023 b2ca4ff3 f b2ca4ff3 1 04 b2ca4ff3
0000000000000023 1040040304002000 0 00 00000000 0 0 0 0000000000000024 b2ca4ff3 2 10c84e92 1 04 10c84e92
0000000000000024 3411040081c1f000 0 00 00000000 0 0 0 0000000000000025 b2ca4ff3 f b2ca4ff3 1 04 b2ca4ff3
0000000000000025 10610406000ff000 0 00 00000000 0 0 0 0000000000000026 b2ca4ff3 f b2ca4ff3 1 04 b2ca4ff3
0000000000000026 00131e0000000100 1 1e 00000001 0 0 0 0000000000000027 b2ca4ff3 f b2ca4ff3 0 00 b2ca4ff3
0000000000000027 0023171700000100 1 17 00000001 0 0 0 0000000000000028 b2ca4ff3 f b2ca4ff3 0 00 b2ca4ff3
0000000000000028 00731e1e00000100 1 1e 00000000 0 0 0 0000000000000029 b2ca4ff3 f b2ca4ff3 0 00 b2ca4ff3
0000000000000029 0013180000000000 1 18 00000000 0 0 0 000000000000002a b2ca4ff3 f b2ca4ff3 0 00 b2ca4ff3
000000000000002a 0102001e18000000 0 00 00000000 5 1 0 000000000000002b b2ca4ff3 f b2ca4ff3 0 00 b2ca4ff3
000000000000002b 0215fffffb040000 0 00 00000000 5 1 0 000000000000002c b2ca4ff3 f b2ca4ff3 0 00 b2ca4ff3
000000000000002c 7cf5000000000000 0 00 00000000 5 1 0 000000000000002d b2ca4ff3 f b2ca4ff3 0 00 b2ca4ff3
DONE retired=45 fault=00 pc=000000000000002c
