0000000000000000 0013140000004d00 1 14 0000004d 0 0 0 0000000000000001 0007ffff f 0007ffff 0 00 0007ffff
0000000000000001 00131600aaaaaa00 1 16 ffaaaaaa 0 0 0 0000000000000002 0007ffff f 0007ffff 0 00 0007ffff
0000000000000002 342005160000f000 0 00 00000000 0 0 0 0000000000000003 0007ffff f 0007ffff 1 05 0007ffff
0000000000000003 108105050000f000 0 00 00000000 0 0 0 0000000000000004 0007ffff f 0007ffff 1 05 0007ffff
0000000000000004 107105060015f000 0 00 00000000 0 0 0 0000000000000005 0007ffff f 0007ffff 1 05 0007ffff
0000000000000005 103002050400f000 0 00 00000000 0 0 0 0000000000000006 0007ffff f 0007ffff 1 02 0007ffff
0000000000000006 343005000000f000 0 00 00000000 0 0 0 0000000000000007 0007ffff f 0007ffff 1 05 0007ffff
0000000000000007 104003040600f000 0 00 00000000 0 0 0 0000000000000008 0007ffff f 0007ffff 1 03 0007ffff
0000000000000008 340004060000f000 0 00 00000000 0 0 0 0000000000000009 0007ffff f 0007ffff 1 04 0007ffff
0000000000000009 34110600bfb3f000 0 00 00000000 0 0 0 000000000000000a 0007ffff f 0007ffff 1 06 0007ffff
000000000000000a 10710605000ff000 0 00 00000000 0 0 0 000000000000000b 0007ffff f 0007ffff 1 06 0007ffff
000000000000000b 10710405000ff000 0 00 00000000 0 0 0 000000000000000c 0007ffff f 0007ffff 1 04 0007ffff
000000000000000c 102005040600f000 0 00 00000000 0 0 0 000000000000000d 0007ffff f 0007ffff 1 05 0007ffff
000000000000000d 104106028b7df000 0 00 00000000 0 0 0 000000000000000e 0007ffff f 0007ffff 1 06 0007ffff
000000000000000e 10610503003ff000 0 00 00000000 0 0 0 000000000000000f 0007ffff f 0007ffff 1 05 0007ffff
000000000000000f 10710403001ff000 0 00 00000000 0 0 0 0000000000000010 0007ffff f 0007ffff 1 04 0007ffff
0000000000000010 107105060000f000 0 00 00000000 0 0 0 0000000000000011 0007ffff f 0007ffff 1 05 0007ffff
0000000000000011 106105040010f000 0 00 00000000 0 0 0 0000000000000012 0007ffff f 0007ffff 1 05 0007ffff
0000000000000012 340005020000f000 0 00 00000000 0 0 0 0000000000000013 0007ffff f 0007ffff 1 05 0007ffff
0000000000000013 00131500aaaaaa00 1 15 ffaaaaaa 0 0 0 0000000000000014 0007ffff f 0007ffff 0 00 0007ffff
0000000000000014 342006150000f000 0 00 00000000 0 0 0 0000000000000015 0007ffff f 0007ffff 1 06 0007ffff
0000000000000015 105005030300f000 0 00 00000000 0 0 0 0000000000000016 0007ffff f 0007ffff 1 05 0007ffff
0000000000000016 340003050000f000 0 00 00000000 0 0 0 0000000000000017 0007ffff f 0007ffff 1 03 0007ffff
0000000000000017 10710405003ff000 0 00 00000000 0 0 0 0000000000000018 0007ffff f 0007ffff 1 04 0007ffff
0000000000000018 103103057ffff000 0 00 00000000 0 0 0 0000000000000019 0007ffff f 0007ffff 1 03 0007ffff
0000000000000019 10110303f02cf000 0 00 00000000 0 0 0 000000000000001a 0007ffff f 0007ffff 1 03 0007ffff
000000000000001a 106106050000f000 0 00 00000000 0 0 0 000000000000001b 0007ffff f 0007ffff 1 06 0007ffff
000000000000001b 1000060404004000 0 00 00000000 0 0 0 000000000000001c 0007ffff 4 00000000 1 06 00000000
000000000000001c 107102040010f000 0 00 00000000 0 0 0 000000000000001d 0007ffff f 0007ffff 1 02 0007ffff
000000000000001d 0013150000000000 1 15 00000000 0 0 0 000000000000001e 0007ffff f 0007ffff 0 00 0007ffff
000000000000001e 342006150000c000 0 00 00000000 0 0 0 000000000000001f 0007ffff c 00000001 1 06 00000001
000000000000001f 107102040001f000 0 00 00000000 0 0 0 0000000000000020 0007ffff f 0007ffff 1 02 0007ffff
0000000000000020 343006000000f000 0 00 00000000 0 0 0 0000000000000021 0007ffff f 0007ffff 1 06 0007ffff
0000000000000021 34110300b3005000 0 00 00000000 0 0 0 0000000000000022 0007ffff 5 00073d53 1 03 00073d53
0000000000000022 00131e0000000100 1 1e 00000001 0 0 0 0000000000000023 0007ffff f 0007ffff 0 00 0007ffff
0000000000000023 0023171700000100 1 17 00000001 0 0 0 0000000000000024 0007ffff f 0007ffff 0 00 0007ffff
0000000000000024 00731e1e00000100 1 1e 00000000 0 0 0 0000000000000025 0007ffff f 0007ffff 0 00 0007ffff
0000000000000025 0013180000000000 1 18 00000000 0 0 0 0000000000000026 0007ffff f 0007ffff 0 00 0007ffff
0000000000000026 0102001e18000000 0 00 00000000 5 1 0 0000000000000027 0007ffff f 0007ffff 0 00 0007ffff
0000000000000027 0215fffffb040000 0 00 00000000 5 1 0 0000000000000028 0007ffff f 0007ffff 0 00 0007ffff
0000000000000028 7cf5000000000000 0 00 00000000 5 1 0 0000000000000029 0007ffff f 0007ffff 0 00 0007ffff
DONE retired=41 fault=00 pc=0000000000000028
