0000000000000000 0013140000004d00 1 14 0000004d 0 0 0 0000000000000001 32b0a026 f 32b0a026 0 00 32b0a026
0000000000000001 0013160000000000 1 16 00000000 0 0 0 0000000000000002 32b0a026 f 32b0a026 0 00 32b0a026
0000000000000002 342005160000f000 0 00 00000000 0 0 0 0000000000000003 32b0a026 f 32b0a026 1 05 32b0a026
0000000000000003 108103050000f000 0 00 00000000 0 0 0 0000000000000004 32b0a026 f 32b0a026 1 03 32b0a026
0000000000000004 104003050500f000 0 00 00000000 0 0 0 0000000000000005 32b0a026 f 32b0a026 1 03 32b0a026
0000000000000005 0013160000000000 1 16 00000000 0 0 0 0000000000000006 32b0a026 f 32b0a026 0 00 32b0a026
0000000000000006 342006160000f000 0 00 00000000 0 0 0 0000000000000007 32b0a026 f 32b0a026 1 06 32b0a026
0000000000000007 10810606000ff000 0 00 00000000 0 0 0 0000000000000008 32b0a026 f 32b0a026 1 06 32b0a026
0000000000000008 341102007ffff000 0 00 00000000 0 0 0 0000000000000009 32b0a026 f 32b0a026 1 02 32b0a026
0000000000000009 0013160000000100 1 16 00000001 0 0 0 000000000000000a 32b0a026 f 32b0a026 0 00 32b0a026
000000000000000a 342004160000f000 0 00 00000000 0 0 0 000000000000000b 32b0a026 f 32b0a026 1 04 32b0a026
000000000000000b 108103040020f000 0 00 00000000 0 0 0 000000000000000c 32b0a026 f 32b0a026 1 03 32b0a026
000000000000000c 1040030606009000 0 00 00000000 0 0 0 000000000000000d 32b0a026 9 00000000 1 03 00000000
000000000000000d 0013160000000000 1 16 00000000 0 0 0 000000000000000e 32b0a026 f 32b0a026 0 00 32b0a026
000000000000000e 342003160000f000 0 00 00000000 0 0 0 000000000000000f 32b0a026 f 32b0a026 1 03 32b0a026
000000000000000f 10810603000ff000 0 00 00000000 0 0 0 0000000000000010 32b0a026 f 32b0a026 1 06 32b0a026
0000000000000010 10310602fffff000 0 00 00000000 0 0 0 0000000000000011 32b0a026 f 32b0a026 1 06 32b0a026
0000000000000011 106103060021f000 0 00 00000000 0 0 0 0000000000000012 32b0a026 f 32b0a026 1 03 32b0a026
0000000000000012 0013150000000000 1 15 00000000 0 0 0 0000000000000013 32b0a026 f 32b0a026 0 00 32b0a026
0000000000000013 342002150000f000 0 00 00000000 0 0 0 0000000000000014 32b0a026 f 32b0a026 1 02 32b0a026
0000000000000014 00131e0000000200 1 1e 00000002 0 0 0 0000000000000015 32b0a026 f 32b0a026 0 00 32b0a026
0000000000000015 0023171700000100 1 17 00000001 0 0 0 0000000000000016 32b0a026 f 32b0a026 0 00 32b0a026
0000000000000016 00731e1e00000100 1 1e 00000001 0 0 0 0000000000000017 32b0a026 f 32b0a026 0 00 32b0a026
0000000000000017 0013180000000000 1 18 00000000 0 0 0 0000000000000018 32b0a026 f 32b0a026 0 00 32b0a026
0000000000000018 0102001e18000000 0 00 00000000 4 0 0 0000000000000019 32b0a026 f 32b0a026 0 00 32b0a026
0000000000000019 0215fffffb040000 0 00 00000000 4 0 1 0000000000000015 32b0a026 f 32b0a026 0 00 32b0a026
0000000000000015 0023171700000100 1 17 00000002 4 0 0 0000000000000016 32b0a026 f 32b0a026 0 00 32b0a026
0000000000000016 00731e1e00000100 1 1e 00000000 4 0 0 0000000000000017 32b0a026 f 32b0a026 0 00 32b0a026
0000000000000017 0013180000000000 1 18 00000000 4 0 0 0000000000000018 32b0a026 f 32b0a026 0 00 32b0a026
0000000000000018 0102001e18000000 0 00 00000000 5 1 0 0000000000000019 32b0a026 f 32b0a026 0 00 32b0a026
0000000000000019 0215fffffb040000 0 00 00000000 5 1 0 000000000000001a 32b0a026 f 32b0a026 0 00 32b0a026
000000000000001a 7cf5000000000000 0 00 00000000 5 1 0 000000000000001b 32b0a026 f 32b0a026 0 00 32b0a026
DONE retired=32 fault=00 pc=000000000000001a
