0000000000000000 0013140000004d00 1 14 0000004d 0 0 0 0000000000000001 ffffffff f ffffffff 0 00 ffffffff
0000000000000001 100002060200f000 0 00 00000000 0 0 0 0000000000000002 ffffffff f ffffffff 1 02 ffffffff
0000000000000002 107106040001f000 0 00 00000000 0 0 0 0000000000000003 ffffffff f ffffffff 1 06 ffffffff
0000000000000003 10710206003ff000 0 00 00000000 0 0 0 0000000000000004 ffffffff f ffffffff 1 02 ffffffff
0000000000000004 102002050400b000 0 00 00000000 0 0 0 0000000000000005 ffffffff b 86cee0a1 1 02 86cee0a1
0000000000000005 341106000000e000 0 00 00000000 0 0 0 0000000000000006 ffffffff e 7fffffff 1 06 7fffffff
0000000000000006 3400020200003000 0 00 00000000 0 0 0 0000000000000007 ffffffff 3 e3a7acaa 1 02 e3a7acaa
0000000000000007 100004030300f000 0 00 00000000 0 0 0 0000000000000008 ffffffff f ffffffff 1 04 ffffffff
0000000000000008 341103009911b000 0 00 00000000 0 0 0 0000000000000009 ffffffff b 86cee0a1 1 03 86cee0a1
0000000000000009 34110200fffff000 0 00 00000000 0 0 0 000000000000000a ffffffff f ffffffff 1 02 ffffffff
000000000000000a 106102020001f000 0 00 00000000 0 0 0 000000000000000b ffffffff f ffffffff 1 02 ffffffff
000000000000000b 340006020000f000 0 00 00000000 0 0 0 000000000000000c ffffffff f ffffffff 1 06 ffffffff
000000000000000c 340003040000f000 0 00 00000000 0 0 0 000000000000000d ffffffff f ffffffff 1 03 ffffffff
000000000000000d 00131e0000000100 1 1e 00000001 0 0 0 000000000000000e ffffffff f ffffffff 0 00 ffffffff
000000000000000e 0023171700000100 1 17 00000001 0 0 0 000000000000000f ffffffff f ffffffff 0 00 ffffffff
000000000000000f 00731e1e00000100 1 1e 00000000 0 0 0 0000000000000010 ffffffff f ffffffff 0 00 ffffffff
0000000000000010 0013180000000000 1 18 00000000 0 0 0 0000000000000011 ffffffff f ffffffff 0 00 ffffffff
0000000000000011 0102001e18000000 0 00 00000000 5 1 0 0000000000000012 ffffffff f ffffffff 0 00 ffffffff
0000000000000012 0215fffffb040000 0 00 00000000 5 1 0 0000000000000013 ffffffff f ffffffff 0 00 ffffffff
0000000000000013 7cf5000000000000 0 00 00000000 5 1 0 0000000000000014 ffffffff f ffffffff 0 00 ffffffff
DONE retired=20 fault=00 pc=0000000000000013
