0000000000000000 00131d0000000000 1 1d 00000000 0 0 0 0000000000000001
0000000000000001 00920b0800000000 1 0b ffffffff 0 0 0 0000000000000002
0000000000000002 0013110000000000 1 11 00000000 0 0 0 0000000000000003
0000000000000003 00620c0b04000000 1 0c ffffffff 0 0 0 0000000000000004
0000000000000004 8506000000000000 0 00 00000000 0 0 0 0000000000000005
0000000000000005 0092110a00000000 1 11 ffffffff 0 0 0 0000000000000006
0000000000000006 00620e140f000000 1 0e 00000000 0 0 0 0000000000000007
0000000000000007 00a3080b00000600 1 08 03ffffff 0 0 0 0000000000000008
0000000000000008 8506000000000000 0 00 00000000 0 0 0 0000000000000009
0000000000000009 0073110700000100 1 11 ffffffff 0 0 0 000000000000000a
000000000000000a 00130b00a32fa600 1 0b ffa32fa6 0 0 0 000000000000000b
000000000000000b 0052070807000000 1 07 03ffffff 0 0 0 000000000000000c
000000000000000c 00131300ea24d500 1 13 ffea24d5 0 0 0 000000000000000d
000000000000000d 00231303ffffff00 1 13 ffffffff 0 0 0 000000000000000e
000000000000000e 00131000ffffff00 1 10 ffffffff 0 0 0 000000000000000f
000000000000000f 8506000000000000 0 00 00000000 0 0 0 0000000000000010
0000000000000010 0052091112000000 1 09 ffffffff 0 0 0 0000000000000011
0000000000000011 0063090b00000900 1 09 465f4c00 0 0 0 0000000000000012
0000000000000012 00b20d040f000000 1 0d 00000000 0 0 0 0000000000000013
0000000000000013 00130f00365fad00 1 0f 00365fad 0 0 0 0000000000000014
0000000000000014 8506000000000000 0 00 00000000 0 0 0 0000000000000015
0000000000000015 8506000000000000 0 00 00000000 0 0 0 0000000000000016
0000000000000016 00131e0000000100 1 1e 00000001 0 0 0 0000000000000017
0000000000000017 0023151500000100 1 15 00000001 0 0 0 0000000000000018
0000000000000018 00731e1e00000100 1 1e 00000000 0 0 0 0000000000000019
0000000000000019 0102001e1d000000 0 00 00000000 5 1 0 000000000000001a
000000000000001a 0215fffffc040000 0 00 00000000 5 1 0 000000000000001b
000000000000001b 7cf5000000000000 0 00 00000000 5 1 0 000000000000001c
DONE retired=28 fault=00 pc=000000000000001b
