0000000000000000 0013140000004d00 1 14 0000004d 0 0 0 0000000000000001 55555555 f 55555555 0 00 55555555
0000000000000001 103003020300f000 0 00 00000000 0 0 0 0000000000000002 55555555 f 55555555 1 03 55555555
0000000000000002 106102020001f000 0 00 00000000 0 0 0 0000000000000003 55555555 f 55555555 1 02 55555555
0000000000000003 104102028000f000 0 00 00000000 0 0 0 0000000000000004 55555555 f 55555555 1 02 55555555
0000000000000004 00131600aaaaaa00 1 16 ffaaaaaa 0 0 0 0000000000000005 55555555 f 55555555 0 00 55555555
0000000000000005 342004160000f000 0 00 00000000 0 0 0 0000000000000006 55555555 f 55555555 1 04 55555555
0000000000000006 108103040000f000 0 00 00000000 0 0 0 0000000000000007 55555555 f 55555555 1 03 55555555
0000000000000007 10710306000ff000 0 00 00000000 0 0 0 0000000000000008 55555555 f 55555555 1 03 55555555
0000000000000008 3400030300006000 0 00 00000000 0 0 0 0000000000000009 55555555 6 55555555 1 03 55555555
0000000000000009 341103006b4df000 0 00 00000000 0 0 0 000000000000000a 55555555 f 55555555 1 03 55555555
000000000000000a 341105007ffff000 0 00 00000000 0 0 0 000000000000000b 55555555 f 55555555 1 05 55555555
000000000000000b 34110400adcbf000 0 00 00000000 0 0 0 000000000000000c 55555555 f 55555555 1 04 55555555
000000000000000c 101002020200f000 0 00 00000000 0 0 0 000000000000000d 55555555 f 55555555 1 02 55555555
000000000000000d 103102050000f000 0 00 00000000 0 0 0 000000000000000e 55555555 f 55555555 1 02 55555555
000000000000000e 10610205003ff000 0 00 00000000 0 0 0 000000000000000f 55555555 f 55555555 1 02 55555555
000000000000000f 107106030000f000 0 00 00000000 0 0 0 0000000000000010 55555555 f 55555555 1 06 55555555
0000000000000010 100003050400f000 0 00 00000000 0 0 0 0000000000000011 55555555 f 55555555 1 03 55555555
0000000000000011 3411060016eff000 0 00 00000000 0 0 0 0000000000000012 55555555 f 55555555 1 06 55555555
0000000000000012 106104020013f000 0 00 00000000 0 0 0 0000000000000013 55555555 f 55555555 1 04 55555555
0000000000000013 340002030000f000 0 00 00000000 0 0 0 0000000000000014 55555555 f 55555555 1 02 55555555
0000000000000014 105105027ffff000 0 00 00000000 0 0 0 0000000000000015 55555555 f 55555555 1 05 55555555
0000000000000015 10610603001ff000 0 00 00000000 0 0 0 0000000000000016 55555555 f 55555555 1 06 55555555
0000000000000016 00131e0000000300 1 1e 00000003 0 0 0 0000000000000017 55555555 f 55555555 0 00 55555555
0000000000000017 0023171700000100 1 17 00000001 0 0 0 0000000000000018 55555555 f 55555555 0 00 55555555
0000000000000018 00731e1e00000100 1 1e 00000002 0 0 0 0000000000000019 55555555 f 55555555 0 00 55555555
0000000000000019 0013180000000000 1 18 00000000 0 0 0 000000000000001a 55555555 f 55555555 0 00 55555555
000000000000001a 0102001e18000000 0 00 00000000 4 0 0 000000000000001b 55555555 f 55555555 0 00 55555555
000000000000001b 0215fffffb040000 0 00 00000000 4 0 1 0000000000000017 55555555 f 55555555 0 00 55555555
0000000000000017 0023171700000100 1 17 00000002 4 0 0 0000000000000018 55555555 f 55555555 0 00 55555555
0000000000000018 00731e1e00000100 1 1e 00000001 4 0 0 0000000000000019 55555555 f 55555555 0 00 55555555
0000000000000019 0013180000000000 1 18 00000000 4 0 0 000000000000001a 55555555 f 55555555 0 00 55555555
000000000000001a 0102001e18000000 0 00 00000000 4 0 0 000000000000001b 55555555 f 55555555 0 00 55555555
000000000000001b 0215fffffb040000 0 00 00000000 4 0 1 0000000000000017 55555555 f 55555555 0 00 55555555
0000000000000017 0023171700000100 1 17 00000003 4 0 0 0000000000000018 55555555 f 55555555 0 00 55555555
0000000000000018 00731e1e00000100 1 1e 00000000 4 0 0 0000000000000019 55555555 f 55555555 0 00 55555555
0000000000000019 0013180000000000 1 18 00000000 4 0 0 000000000000001a 55555555 f 55555555 0 00 55555555
000000000000001a 0102001e18000000 0 00 00000000 5 1 0 000000000000001b 55555555 f 55555555 0 00 55555555
000000000000001b 0215fffffb040000 0 00 00000000 5 1 0 000000000000001c 55555555 f 55555555 0 00 55555555
000000000000001c 7cf5000000000000 0 00 00000000 5 1 0 000000000000001d 55555555 f 55555555 0 00 55555555
DONE retired=39 fault=00 pc=000000000000001c
