0000000000000000 0013140000004d00 1 14 0000004d 0 0 0 0000000000000001 851ed553 f 851ed553 0 00 851ed553
0000000000000001 105002030300f000 0 00 00000000 0 0 0 0000000000000002 851ed553 f 851ed553 1 02 851ed553
0000000000000002 104005060200f000 0 00 00000000 0 0 0 0000000000000003 851ed553 f 851ed553 1 05 851ed553
0000000000000003 100006060500f000 0 00 00000000 0 0 0 0000000000000004 851ed553 f 851ed553 1 06 851ed553
0000000000000004 00131600aaaaaa00 1 16 ffaaaaaa 0 0 0 0000000000000005 851ed553 f 851ed553 0 00 851ed553
0000000000000005 342002160000f000 0 00 00000000 0 0 0 0000000000000006 851ed553 f 851ed553 1 02 851ed553
0000000000000006 10810402001ff000 0 00 00000000 0 0 0 0000000000000007 851ed553 f 851ed553 1 04 851ed553
0000000000000007 341103002dedf000 0 00 00000000 0 0 0 0000000000000008 851ed553 f 851ed553 1 03 851ed553
0000000000000008 0013150000000000 1 15 00000000 0 0 0 0000000000000009 851ed553 f 851ed553 0 00 851ed553
0000000000000009 342003150000f000 0 00 00000000 0 0 0 000000000000000a 851ed553 f 851ed553 1 03 851ed553
000000000000000a 341103008000f000 0 00 00000000 0 0 0 000000000000000b 851ed553 f 851ed553 1 03 851ed553
000000000000000b 103002050200b000 0 00 00000000 0 0 0 000000000000000c 851ed553 b 05145551 1 02 05145551
000000000000000c 00131e0000000300 1 1e 00000003 0 0 0 000000000000000d 851ed553 f 851ed553 0 00 851ed553
000000000000000d 0023171700000100 1 17 00000001 0 0 0 000000000000000e 851ed553 f 851ed553 0 00 851ed553
000000000000000e 00731e1e00000100 1 1e 00000002 0 0 0 000000000000000f 851ed553 f 851ed553 0 00 851ed553
000000000000000f 0013180000000000 1 18 00000000 0 0 0 0000000000000010 851ed553 f 851ed553 0 00 851ed553
0000000000000010 0102001e18000000 0 00 00000000 4 0 0 0000000000000011 851ed553 f 851ed553 0 00 851ed553
0000000000000011 0215fffffb040000 0 00 00000000 4 0 1 000000000000000d 851ed553 f 851ed553 0 00 851ed553
000000000000000d 0023171700000100 1 17 00000002 4 0 0 000000000000000e 851ed553 f 851ed553 0 00 851ed553
000000000000000e 00731e1e00000100 1 1e 00000001 4 0 0 000000000000000f 851ed553 f 851ed553 0 00 851ed553
000000000000000f 0013180000000000 1 18 00000000 4 0 0 0000000000000010 851ed553 f 851ed553 0 00 851ed553
0000000000000010 0102001e18000000 0 00 00000000 4 0 0 0000000000000011 851ed553 f 851ed553 0 00 851ed553
0000000000000011 0215fffffb040000 0 00 00000000 4 0 1 000000000000000d 851ed553 f 851ed553 0 00 851ed553
000000000000000d 0023171700000100 1 17 00000003 4 0 0 000000000000000e 851ed553 f 851ed553 0 00 851ed553
000000000000000e 00731e1e00000100 1 1e 00000000 4 0 0 000000000000000f 851ed553 f 851ed553 0 00 851ed553
000000000000000f 0013180000000000 1 18 00000000 4 0 0 0000000000000010 851ed553 f 851ed553 0 00 851ed553
0000000000000010 0102001e18000000 0 00 00000000 5 1 0 0000000000000011 851ed553 f 851ed553 0 00 851ed553
0000000000000011 0215fffffb040000 0 00 00000000 5 1 0 0000000000000012 851ed553 f 851ed553 0 00 851ed553
0000000000000012 7cf5000000000000 0 00 00000000 5 1 0 0000000000000013 851ed553 f 851ed553 0 00 851ed553
DONE retired=29 fault=00 pc=0000000000000012
