0000000000000000 00131d0000000000 1 1d 00000000 0 0 0 0000000000000001
0000000000000001 8506000000000000 0 00 00000000 0 0 0 0000000000000002
0000000000000002 00a30c0500001400 1 0c 00000000 0 0 0 0000000000000003
0000000000000003 0102000613000000 0 00 00000000 5 1 0 0000000000000004
0000000000000004 0215000001040000 0 00 00000000 5 1 0 0000000000000005
0000000000000005 8506000000000000 0 00 00000000 5 1 0 0000000000000006
0000000000000006 0306000000000800 1 08 00000000 5 1 0 0000000000000007
0000000000000007 00620d1309000000 1 0d 00000000 5 1 0 0000000000000008
0000000000000008 0102000201000000 0 00 00000000 5 1 0 0000000000000009
0000000000000009 02150000030e0000 0 00 00000000 5 1 1 000000000000000d
000000000000000d 00130600fad79800 1 06 fffad798 5 1 0 000000000000000e
000000000000000e 00131e0000000300 1 1e 00000003 5 1 0 000000000000000f
000000000000000f 0023151500000100 1 15 00000001 5 1 0 0000000000000010
0000000000000010 00731e1e00000100 1 1e 00000002 5 1 0 0000000000000011
0000000000000011 0102001e1d000000 0 00 00000000 4 0 0 0000000000000012
0000000000000012 0215fffffc040000 0 00 00000000 4 0 1 000000000000000f
000000000000000f 0023151500000100 1 15 00000002 4 0 0 0000000000000010
0000000000000010 00731e1e00000100 1 1e 00000001 4 0 0 0000000000000011
0000000000000011 0102001e1d000000 0 00 00000000 4 0 0 0000000000000012
0000000000000012 0215fffffc040000 0 00 00000000 4 0 1 000000000000000f
000000000000000f 0023151500000100 1 15 00000003 4 0 0 0000000000000010
0000000000000010 00731e1e00000100 1 1e 00000000 4 0 0 0000000000000011
0000000000000011 0102001e1d000000 0 00 00000000 5 1 0 0000000000000012
0000000000000012 0215fffffc040000 0 00 00000000 5 1 0 0000000000000013
0000000000000013 7cf5000000000000 0 00 00000000 5 1 0 0000000000000014
DONE retired=25 fault=00 pc=0000000000000013
