0000000000000000 0013140000004d00 1 14 0000004d 0 0 0 0000000000000001 80808080 f 80808080 0 00 80808080
0000000000000001 1010040406001000 0 00 00000000 0 0 0 0000000000000002 80808080 1 80808080 1 04 80808080
0000000000000002 00131500ffffff00 1 15 ffffffff 0 0 0 0000000000000003 80808080 f 80808080 0 00 80808080
0000000000000003 342002150000f000 0 00 00000000 0 0 0 0000000000000004 80808080 f 80808080 1 02 80808080
0000000000000004 1050020606000000 0 00 00000000 0 0 0 0000000000000005 80808080 0 80000000 1 02 80000000
0000000000000005 107103030010f000 0 00 00000000 0 0 0 0000000000000006 80808080 f 80808080 1 03 80808080
0000000000000006 107103060000f000 0 00 00000000 0 0 0 0000000000000007 80808080 f 80808080 1 03 80808080
0000000000000007 106106060020f000 0 00 00000000 0 0 0 0000000000000008 80808080 f 80808080 1 06 80808080
0000000000000008 10610406001ff000 0 00 00000000 0 0 0 0000000000000009 80808080 f 80808080 1 04 80808080
0000000000000009 1040050402006000 0 00 00000000 0 0 0 000000000000000a 80808080 6 00000000 1 05 00000000
000000000000000a 0013150000000000 1 15 00000000 0 0 0 000000000000000b 80808080 f 80808080 0 00 80808080
000000000000000b 342003150000f000 0 00 00000000 0 0 0 000000000000000c 80808080 f 80808080 1 03 80808080
000000000000000c 107104030001f000 0 00 00000000 0 0 0 000000000000000d 80808080 f 80808080 1 04 80808080
000000000000000d 341104007c335000 0 00 00000000 0 0 0 000000000000000e 80808080 5 80808080 1 04 80808080
000000000000000e 102004060200f000 0 00 00000000 0 0 0 000000000000000f 80808080 f 80808080 1 04 80808080
000000000000000f 104103058000f000 0 00 00000000 0 0 0 0000000000000010 80808080 f 80808080 1 03 80808080
0000000000000010 103102047ffff000 0 00 00000000 0 0 0 0000000000000011 80808080 f 80808080 1 02 80808080
0000000000000011 101006040500f000 0 00 00000000 0 0 0 0000000000000012 80808080 f 80808080 1 06 80808080
0000000000000012 0013150000000100 1 15 00000001 0 0 0 0000000000000013 80808080 f 80808080 0 00 80808080
0000000000000013 3420021500009000 0 00 00000000 0 0 0 0000000000000014 80808080 9 80000000 1 02 80000000
0000000000000014 0013160000000100 1 16 00000001 0 0 0 0000000000000015 80808080 f 80808080 0 00 80808080
0000000000000015 342002160000f000 0 00 00000000 0 0 0 0000000000000016 80808080 f 80808080 1 02 80808080
0000000000000016 10810202003ff000 0 00 00000000 0 0 0 0000000000000017 80808080 f 80808080 1 02 80808080
0000000000000017 1010050303007000 0 00 00000000 0 0 0 0000000000000018 80808080 7 00000080 1 05 00000080
0000000000000018 101002040600f000 0 00 00000000 0 0 0 0000000000000019 80808080 f 80808080 1 02 80808080
0000000000000019 107105060010f000 0 00 00000000 0 0 0 000000000000001a 80808080 f 80808080 1 05 80808080
000000000000001a 103003040400f000 0 00 00000000 0 0 0 000000000000001b 80808080 f 80808080 1 03 80808080
000000000000001b 3430040000000000 0 00 00000000 0 0 0 000000000000001c 80808080 0 80000000 1 04 80000000
000000000000001c 103102057ffff000 0 00 00000000 0 0 0 000000000000001d 80808080 f 80808080 1 02 80808080
000000000000001d 3400020500004000 0 00 00000000 0 0 0 000000000000001e 80808080 4 80000000 1 02 80000000
000000000000001e 340003030000f000 0 00 00000000 0 0 0 000000000000001f 80808080 f 80808080 1 03 80808080
000000000000001f 104106038000f000 0 00 00000000 0 0 0 0000000000000020 80808080 f 80808080 1 06 80808080
0000000000000020 1030040403000000 0 00 00000000 0 0 0 0000000000000021 80808080 0 80000000 1 04 80000000
0000000000000021 104104040001f000 0 00 00000000 0 0 0 0000000000000022 80808080 f 80808080 1 04 80808080
0000000000000022 0013150000000100 1 15 00000001 0 0 0 0000000000000023 80808080 f 80808080 0 00 80808080
0000000000000023 342006150000f000 0 00 00000000 0 0 0 0000000000000024 80808080 f 80808080 1 06 80808080
0000000000000024 00131500ffffff00 1 15 ffffffff 0 0 0 0000000000000025 80808080 f 80808080 0 00 80808080
0000000000000025 342005150000f000 0 00 00000000 0 0 0 0000000000000026 80808080 f 80808080 1 05 80808080
0000000000000026 00131e0000000200 1 1e 00000002 0 0 0 0000000000000027 80808080 f 80808080 0 00 80808080
0000000000000027 0023171700000100 1 17 00000001 0 0 0 0000000000000028 80808080 f 80808080 0 00 80808080
0000000000000028 00731e1e00000100 1 1e 00000001 0 0 0 0000000000000029 80808080 f 80808080 0 00 80808080
0000000000000029 0013180000000000 1 18 00000000 0 0 0 000000000000002a 80808080 f 80808080 0 00 80808080
000000000000002a 0102001e18000000 0 00 00000000 4 0 0 000000000000002b 80808080 f 80808080 0 00 80808080
000000000000002b 0215fffffb040000 0 00 00000000 4 0 1 0000000000000027 80808080 f 80808080 0 00 80808080
0000000000000027 0023171700000100 1 17 00000002 4 0 0 0000000000000028 80808080 f 80808080 0 00 80808080
0000000000000028 00731e1e00000100 1 1e 00000000 4 0 0 0000000000000029 80808080 f 80808080 0 00 80808080
0000000000000029 0013180000000000 1 18 00000000 4 0 0 000000000000002a 80808080 f 80808080 0 00 80808080
000000000000002a 0102001e18000000 0 00 00000000 5 1 0 000000000000002b 80808080 f 80808080 0 00 80808080
000000000000002b 0215fffffb040000 0 00 00000000 5 1 0 000000000000002c 80808080 f 80808080 0 00 80808080
000000000000002c 7cf5000000000000 0 00 00000000 5 1 0 000000000000002d 80808080 f 80808080 0 00 80808080
DONE retired=50 fault=00 pc=000000000000002c
