0000000000000000 00131d0000000000 1 1d 00000000 0 0 0 0000000000000001
0000000000000001 0052070207000000 1 07 00000000 0 0 0 0000000000000002
0000000000000002 00730a09ffffff00 1 0a 00000001 0 0 0 0000000000000003
0000000000000003 00131000ca374700 1 10 ffca3747 0 0 0 0000000000000004
0000000000000004 00620d0c02000000 1 0d 00000000 0 0 0 0000000000000005
0000000000000005 0306000000000500 1 05 00000000 0 0 0 0000000000000006
0000000000000006 00820a0a06000000 1 0a 00000001 0 0 0 0000000000000007
0000000000000007 0092080300000000 1 08 ffffffff 0 0 0 0000000000000008
0000000000000008 0032050505000000 1 05 00000000 0 0 0 0000000000000009
0000000000000009 8506000000000000 0 00 00000000 0 0 0 000000000000000a
000000000000000a 0122001011000000 0 00 00000000 6 0 0 000000000000000b
000000000000000b 02150000030b0000 0 00 00000000 6 0 1 000000000000000f
000000000000000f 8506000000000000 0 00 00000000 6 0 0 0000000000000010
0000000000000010 001309001f053e00 1 09 001f053e 6 0 0 0000000000000011
0000000000000011 0072141403000000 1 14 00000000 6 0 0 0000000000000012
0000000000000012 8506000000000000 0 00 00000000 6 0 0 0000000000000013
0000000000000013 00320f1009000000 1 0f 97a6c632 6 0 0 0000000000000014
0000000000000014 00b3030500000e00 1 03 00000000 6 0 0 0000000000000015
0000000000000015 00130200c427e200 1 02 ffc427e2 6 0 0 0000000000000016
0000000000000016 8506000000000000 0 00 00000000 6 0 0 0000000000000017
0000000000000017 00131e0000000300 1 1e 00000003 6 0 0 0000000000000018
0000000000000018 0023151500000100 1 15 00000001 6 0 0 0000000000000019
0000000000000019 00731e1e00000100 1 1e 00000002 6 0 0 000000000000001a
000000000000001a 0102001e1d000000 0 00 00000000 4 0 0 000000000000001b
000000000000001b 0215fffffc040000 0 00 00000000 4 0 1 0000000000000018
0000000000000018 0023151500000100 1 15 00000002 4 0 0 0000000000000019
0000000000000019 00731e1e00000100 1 1e 00000001 4 0 0 000000000000001a
000000000000001a 0102001e1d000000 0 00 00000000 4 0 0 000000000000001b
000000000000001b 0215fffffc040000 0 00 00000000 4 0 1 0000000000000018
0000000000000018 0023151500000100 1 15 00000003 4 0 0 0000000000000019
0000000000000019 00731e1e00000100 1 1e 00000000 4 0 0 000000000000001a
000000000000001a 0102001e1d000000 0 00 00000000 5 1 0 000000000000001b
000000000000001b 0215fffffc040000 0 00 00000000 5 1 0 000000000000001c
000000000000001c 7cf5000000000000 0 00 00000000 5 1 0 000000000000001d
DONE retired=34 fault=00 pc=000000000000001c
