0000000000000000 00131d0000000000 1 1d 00000000 0 0 0 0000000000000001
0000000000000001 00720a030c000000 1 0a 00000000 0 0 0 0000000000000002
0000000000000002 00a3130600001c00 1 13 00000000 0 0 0 0000000000000003
0000000000000003 011200120d000000 0 00 00000000 5 0 0 0000000000000004
0000000000000004 0215000002030000 0 00 00000000 5 0 1 0000000000000007
0000000000000007 002210030d000000 1 10 00000000 5 0 0 0000000000000008
0000000000000008 00b20f1403000000 1 0f 00000000 5 0 0 0000000000000009
0000000000000009 0092100a00000000 1 10 ffffffff 5 0 0 000000000000000a
000000000000000a 8506000000000000 0 00 00000000 5 0 0 000000000000000b
000000000000000b 8506000000000000 0 00 00000000 5 0 0 000000000000000c
000000000000000c 8506000000000000 0 00 00000000 5 0 0 000000000000000d
000000000000000d 0063140100001e00 1 14 00000000 5 0 0 000000000000000e
000000000000000e 00230a0c00000100 1 0a 00000001 5 0 0 000000000000000f
000000000000000f 00920f0400000000 1 0f ffffffff 5 0 0 0000000000000010
0000000000000010 8506000000000000 0 00 00000000 5 0 0 0000000000000011
0000000000000011 0013040046102a00 1 04 0046102a 5 0 0 0000000000000012
0000000000000012 0306000000001400 1 14 00000000 5 0 0 0000000000000013
0000000000000013 8506000000000000 0 00 00000000 5 0 0 0000000000000014
0000000000000014 004206060d000000 1 06 00000000 5 0 0 0000000000000015
0000000000000015 0023060d35c63e00 1 06 0035c63e 5 0 0 0000000000000016
0000000000000016 8506000000000000 0 00 00000000 5 0 0 0000000000000017
0000000000000017 0102000210000000 0 00 00000000 0 0 0 0000000000000018
0000000000000018 02150000010d0000 0 00 00000000 0 0 1 000000000000001a
000000000000001a 0062041411000000 1 04 00000000 0 0 0 000000000000001b
000000000000001b 00730602c131fc00 1 06 003ece04 0 0 0 000000000000001c
000000000000001c 0023030ad244e100 1 03 ffd244e2 0 0 0 000000000000001d
000000000000001d 0102000f0a000000 0 00 00000000 6 0 0 000000000000001e
000000000000001e 0215000003040000 0 00 00000000 6 0 1 0000000000000022
0000000000000022 8506000000000000 0 00 00000000 6 0 0 0000000000000023
0000000000000023 8506000000000000 0 00 00000000 6 0 0 0000000000000024
0000000000000024 0122001204000000 0 00 00000000 5 0 0 0000000000000025
0000000000000025 02150000020e0000 0 00 00000000 5 0 1 0000000000000028
0000000000000028 00620a020b000000 1 0a 00000000 5 0 0 0000000000000029
0000000000000029 0102000207000000 0 00 00000000 5 1 0 000000000000002a
000000000000002a 0215000002010000 0 00 00000000 5 1 1 000000000000002d
000000000000002d 00130100ffffff00 1 01 ffffffff 5 1 0 000000000000002e
000000000000002e 0032010a04000000 1 01 00000000 5 1 0 000000000000002f
000000000000002f 00230c0effffff00 1 0c ffffffff 5 1 0 0000000000000030
0000000000000030 0013100000000000 1 10 00000000 5 1 0 0000000000000031
0000000000000031 0092060b00000000 1 06 ffffffff 5 1 0 0000000000000032
0000000000000032 8506000000000000 0 00 00000000 5 1 0 0000000000000033
0000000000000033 007301070ea22600 1 01 fff15dda 5 1 0 0000000000000034
0000000000000034 0063080400001900 1 08 00000000 5 1 0 0000000000000035
0000000000000035 0306000000001400 1 14 00000000 5 1 0 0000000000000036
0000000000000036 00131e0000000400 1 1e 00000004 5 1 0 0000000000000037
0000000000000037 0023151500000100 1 15 00000001 5 1 0 0000000000000038
0000000000000038 00731e1e00000100 1 1e 00000003 5 1 0 0000000000000039
0000000000000039 0102001e1d000000 0 00 00000000 4 0 0 000000000000003a
000000000000003a 0215fffffc040000 0 00 00000000 4 0 1 0000000000000037
0000000000000037 0023151500000100 1 15 00000002 4 0 0 0000000000000038
0000000000000038 00731e1e00000100 1 1e 00000002 4 0 0 0000000000000039
0000000000000039 0102001e1d000000 0 00 00000000 4 0 0 000000000000003a
000000000000003a 0215fffffc040000 0 00 00000000 4 0 1 0000000000000037
0000000000000037 0023151500000100 1 15 00000003 4 0 0 0000000000000038
0000000000000038 00731e1e00000100 1 1e 00000001 4 0 0 0000000000000039
0000000000000039 0102001e1d000000 0 00 00000000 4 0 0 000000000000003a
000000000000003a 0215fffffc040000 0 00 00000000 4 0 1 0000000000000037
0000000000000037 0023151500000100 1 15 00000004 4 0 0 0000000000000038
0000000000000038 00731e1e00000100 1 1e 00000000 4 0 0 0000000000000039
0000000000000039 0102001e1d000000 0 00 00000000 5 1 0 000000000000003a
000000000000003a 0215fffffc040000 0 00 00000000 5 1 0 000000000000003b
000000000000003b 7cf5000000000000 0 00 00000000 5 1 0 000000000000003c
DONE retired=62 fault=00 pc=000000000000003b
