0000000000000000 00131d0000000000 1 1d 00000000 0 0 0 0000000000000001
0000000000000001 0306000000000c00 1 0c 00000000 0 0 0 0000000000000002
0000000000000002 0092120600000000 1 12 ffffffff 0 0 0 0000000000000003
0000000000000003 8506000000000000 0 00 00000000 0 0 0 0000000000000004
0000000000000004 00131400ebc8ec00 1 14 ffebc8ec 0 0 0 0000000000000005
0000000000000005 0092120c00000000 1 12 ffffffff 0 0 0 0000000000000006
0000000000000006 0306000000001400 1 14 00000000 0 0 0 0000000000000007
0000000000000007 0306000000000500 1 05 00000000 0 0 0 0000000000000008
0000000000000008 8506000000000000 0 00 00000000 0 0 0 0000000000000009
0000000000000009 00130d00ffffff00 1 0d ffffffff 0 0 0 000000000000000a
000000000000000a 0102000c11000000 0 00 00000000 5 1 0 000000000000000b
000000000000000b 02150000010e0000 0 00 00000000 5 1 1 000000000000000d
000000000000000d 0092010900000000 1 01 ffffffff 5 1 0 000000000000000e
000000000000000e 8506000000000000 0 00 00000000 5 1 0 000000000000000f
000000000000000f 00a3020b00001600 1 02 00000000 5 1 0 0000000000000010
0000000000000010 8506000000000000 0 00 00000000 5 1 0 0000000000000011
0000000000000011 8506000000000000 0 00 00000000 5 1 0 0000000000000012
0000000000000012 00420e0e11000000 1 0e 00000000 5 1 0 0000000000000013
0000000000000013 0102001203000000 0 00 00000000 6 0 0 0000000000000014
0000000000000014 0215000003020000 0 00 00000000 6 0 1 0000000000000018
0000000000000018 00a3020800000300 1 02 00000000 6 0 0 0000000000000019
0000000000000019 0073020ca65aae00 1 02 0059a552 6 0 0 000000000000001a
000000000000001a 00230f07ffffff00 1 0f ffffffff 6 0 0 000000000000001b
000000000000001b 8506000000000000 0 00 00000000 6 0 0 000000000000001c
000000000000001c 0122001111000000 0 00 00000000 5 0 0 000000000000001d
000000000000001d 02150000010d0000 0 00 00000000 5 0 0 000000000000001e
000000000000001e 8506000000000000 0 00 00000000 5 0 0 000000000000001f
000000000000001f 0102000d06000000 0 00 00000000 6 0 0 0000000000000020
0000000000000020 0215000002020000 0 00 00000000 6 0 1 0000000000000023
0000000000000023 0013060055555500 1 06 00555555 6 0 0 0000000000000024
0000000000000024 00b30c0c00000600 1 0c 00000000 6 0 0 0000000000000025
0000000000000025 00231012ffffff00 1 10 fffffffe 6 0 0 0000000000000026
0000000000000026 00131000aaaaaa00 1 10 ffaaaaaa 6 0 0 0000000000000027
0000000000000027 00720e0d12000000 1 0e 00000000 6 0 0 0000000000000028
0000000000000028 00131300823ce100 1 13 ff823ce1 6 0 0 0000000000000029
0000000000000029 0063130700000900 1 13 00000000 6 0 0 000000000000002a
000000000000002a 0112000908000000 0 00 00000000 5 0 0 000000000000002b
000000000000002b 0215000001010000 0 00 00000000 5 0 0 000000000000002c
000000000000002c 8506000000000000 0 00 00000000 5 0 0 000000000000002d
000000000000002d 8506000000000000 0 00 00000000 5 0 0 000000000000002e
000000000000002e 0023020d00000000 1 02 ffffffff 5 0 0 000000000000002f
000000000000002f 0022080a13000000 1 08 00000000 5 0 0 0000000000000030
0000000000000030 0102000e0a000000 0 00 00000000 5 1 0 0000000000000031
0000000000000031 02150000030c0000 0 00 00000000 5 1 1 0000000000000035
0000000000000035 0013020000000000 1 02 00000000 5 1 0 0000000000000036
0000000000000036 8506000000000000 0 00 00000000 5 1 0 0000000000000037
0000000000000037 0122000c10000000 0 00 00000000 0 1 0 0000000000000038
0000000000000038 02150000020c0000 0 00 00000000 0 1 1 000000000000003b
000000000000003b 0306000000000d00 1 0d 00000000 0 1 0 000000000000003c
000000000000003c 8506000000000000 0 00 00000000 0 1 0 000000000000003d
000000000000003d 00131e0000000100 1 1e 00000001 0 1 0 000000000000003e
000000000000003e 0023151500000100 1 15 00000001 0 1 0 000000000000003f
000000000000003f 00731e1e00000100 1 1e 00000000 0 1 0 0000000000000040
0000000000000040 0102001e1d000000 0 00 00000000 5 1 0 0000000000000041
0000000000000041 0215fffffc040000 0 00 00000000 5 1 0 0000000000000042
0000000000000042 7cf5000000000000 0 00 00000000 5 1 0 0000000000000043
DONE retired=56 fault=00 pc=0000000000000042
