0000000000000000 0013140000004d00 1 14 0000004d 0 0 0 0000000000000001 0007ffff f 0007ffff 0 00 0007ffff
0000000000000001 341102008000a000 0 00 00000000 0 0 0 0000000000000002 0007ffff a 0002aaaa 1 02 0002aaaa
0000000000000002 0013150055555500 1 15 00555555 0 0 0 0000000000000003 0007ffff f 0007ffff 0 00 0007ffff
0000000000000003 342005150000f000 0 00 00000000 0 0 0 0000000000000004 0007ffff f 0007ffff 1 05 0007ffff
0000000000000004 340002060000f000 0 00 00000000 0 0 0 0000000000000005 0007ffff f 0007ffff 1 02 0007ffff
0000000000000005 0013150000000000 1 15 00000000 0 0 0 0000000000000006 0007ffff f 0007ffff 0 00 0007ffff
0000000000000006 342004150000f000 0 00 00000000 0 0 0 0000000000000007 0007ffff f 0007ffff 1 04 0007ffff
0000000000000007 107103050010f000 0 00 00000000 0 0 0 0000000000000008 0007ffff f 0007ffff 1 03 0007ffff
0000000000000008 10710203003ff000 0 00 00000000 0 0 0 0000000000000009 0007ffff f 0007ffff 1 02 0007ffff
0000000000000009 103004020300f000 0 00 00000000 0 0 0 000000000000000a 0007ffff f 0007ffff 1 04 0007ffff
000000000000000a 10610602001ff000 0 00 00000000 0 0 0 000000000000000b 0007ffff f 0007ffff 1 06 0007ffff
000000000000000b 341105000001f000 0 00 00000000 0 0 0 000000000000000c 0007ffff f 0007ffff 1 05 0007ffff
000000000000000c 00131500ffffff00 1 15 ffffffff 0 0 0 000000000000000d 0007ffff f 0007ffff 0 00 0007ffff
000000000000000d 342006150000f000 0 00 00000000 0 0 0 000000000000000e 0007ffff f 0007ffff 1 06 0007ffff
000000000000000e 103006040500f000 0 00 00000000 0 0 0 000000000000000f 0007ffff f 0007ffff 1 06 0007ffff
000000000000000f 104003050200f000 0 00 00000000 0 0 0 0000000000000010 0007ffff f 0007ffff 1 03 0007ffff
0000000000000010 34110300fc06f000 0 00 00000000 0 0 0 0000000000000011 0007ffff f 0007ffff 1 03 0007ffff
0000000000000011 34110400fccbf000 0 00 00000000 0 0 0 0000000000000012 0007ffff f 0007ffff 1 04 0007ffff
0000000000000012 105005060400f000 0 00 00000000 0 0 0 0000000000000013 0007ffff f 0007ffff 1 05 0007ffff
0000000000000013 00131500aaaaaa00 1 15 ffaaaaaa 0 0 0 0000000000000014 0007ffff f 0007ffff 0 00 0007ffff
0000000000000014 342003150000a000 0 00 00000000 0 0 0 0000000000000015 0007ffff a 0002aaaa 1 03 0002aaaa
0000000000000015 1040040206008000 0 00 00000000 0 0 0 0000000000000016 0007ffff 8 00000000 1 04 00000000
0000000000000016 0013160000000000 1 16 00000000 0 0 0 0000000000000017 0007ffff f 0007ffff 0 00 0007ffff
0000000000000017 342002160000f000 0 00 00000000 0 0 0 0000000000000018 0007ffff f 0007ffff 1 02 0007ffff
0000000000000018 10810402000ff000 0 00 00000000 0 0 0 0000000000000019 0007ffff f 0007ffff 1 04 0007ffff
0000000000000019 34110500d778f000 0 00 00000000 0 0 0 000000000000001a 0007ffff f 0007ffff 1 05 0007ffff
000000000000001a 100103057ffff000 0 00 00000000 0 0 0 000000000000001b 0007ffff f 0007ffff 1 03 0007ffff
000000000000001b 343002000000f000 0 00 00000000 0 0 0 000000000000001c 0007ffff f 0007ffff 1 02 0007ffff
000000000000001c 0013150055555500 1 15 00555555 0 0 0 000000000000001d 0007ffff f 0007ffff 0 00 0007ffff
000000000000001d 342003150000f000 0 00 00000000 0 0 0 000000000000001e 0007ffff f 0007ffff 1 03 0007ffff
000000000000001e 340005040000f000 0 00 00000000 0 0 0 000000000000001f 0007ffff f 0007ffff 1 05 0007ffff
000000000000001f 104003030200f000 0 00 00000000 0 0 0 0000000000000020 0007ffff f 0007ffff 1 03 0007ffff
0000000000000020 10710202000ff000 0 00 00000000 0 0 0 0000000000000021 0007ffff f 0007ffff 1 02 0007ffff
0000000000000021 340004030000a000 0 00 00000000 0 0 0 0000000000000022 0007ffff a 0002aaaa 1 04 0002aaaa
0000000000000022 105005060600f000 0 00 00000000 0 0 0 0000000000000023 0007ffff f 0007ffff 1 05 0007ffff
0000000000000023 106103040020f000 0 00 00000000 0 0 0 0000000000000024 0007ffff f 0007ffff 1 03 0007ffff
0000000000000024 00131e0000000200 1 1e 00000002 0 0 0 0000000000000025 0007ffff f 0007ffff 0 00 0007ffff
0000000000000025 0023171700000100 1 17 00000001 0 0 0 0000000000000026 0007ffff f 0007ffff 0 00 0007ffff
0000000000000026 00731e1e00000100 1 1e 00000001 0 0 0 0000000000000027 0007ffff f 0007ffff 0 00 0007ffff
0000000000000027 0013180000000000 1 18 00000000 0 0 0 0000000000000028 0007ffff f 0007ffff 0 00 0007ffff
0000000000000028 0102001e18000000 0 00 00000000 4 0 0 0000000000000029 0007ffff f 0007ffff 0 00 0007ffff
0000000000000029 0215fffffb040000 0 00 00000000 4 0 1 0000000000000025 0007ffff f 0007ffff 0 00 0007ffff
0000000000000025 0023171700000100 1 17 00000002 4 0 0 0000000000000026 0007ffff f 0007ffff 0 00 0007ffff
0000000000000026 00731e1e00000100 1 1e 00000000 4 0 0 0000000000000027 0007ffff f 0007ffff 0 00 0007ffff
0000000000000027 0013180000000000 1 18 00000000 4 0 0 0000000000000028 0007ffff f 0007ffff 0 00 0007ffff
0000000000000028 0102001e18000000 0 00 00000000 5 1 0 0000000000000029 0007ffff f 0007ffff 0 00 0007ffff
0000000000000029 0215fffffb040000 0 00 00000000 5 1 0 000000000000002a 0007ffff f 0007ffff 0 00 0007ffff
000000000000002a 7cf5000000000000 0 00 00000000 5 1 0 000000000000002b 0007ffff f 0007ffff 0 00 0007ffff
DONE retired=48 fault=00 pc=000000000000002a
