0000000000000000 0013140000004d00 1 14 0000004d 0 0 0 0000000000000001 55555555 f 55555555 0 00 55555555
0000000000000001 3411050000003000 0 00 00000000 0 0 0 0000000000000002 55555555 3 55555555 1 05 55555555
0000000000000002 0013160055555500 1 16 00555555 0 0 0 0000000000000003 55555555 f 55555555 0 00 55555555
0000000000000003 342003160000f000 0 00 00000000 0 0 0 0000000000000004 55555555 f 55555555 1 03 55555555
0000000000000004 10810503003ff000 0 00 00000000 0 0 0 0000000000000005 55555555 f 55555555 1 05 55555555
0000000000000005 100003020300f000 0 00 00000000 0 0 0 0000000000000006 55555555 f 55555555 1 03 55555555
0000000000000006 343005000000f000 0 00 00000000 0 0 0 0000000000000007 55555555 f 55555555 1 05 55555555
0000000000000007 341106002b96f000 0 00 00000000 0 0 0 0000000000000008 55555555 f 55555555 1 06 55555555
0000000000000008 0013160000000000 1 16 00000000 0 0 0 0000000000000009 55555555 f 55555555 0 00 55555555
0000000000000009 342005160000f000 0 00 00000000 0 0 0 000000000000000a 55555555 f 55555555 1 05 55555555
000000000000000a 108102050020f000 0 00 00000000 0 0 0 000000000000000b 55555555 f 55555555 1 02 55555555
000000000000000b 103003060600f000 0 00 00000000 0 0 0 000000000000000c 55555555 f 55555555 1 03 55555555
000000000000000c 100005050600f000 0 00 00000000 0 0 0 000000000000000d 55555555 f 55555555 1 05 55555555
000000000000000d 34110500fffff000 0 00 00000000 0 0 0 000000000000000e 55555555 f 55555555 1 05 55555555
000000000000000e 00131500aaaaaa00 1 15 ffaaaaaa 0 0 0 000000000000000f 55555555 f 55555555 0 00 55555555
000000000000000f 342004150000f000 0 00 00000000 0 0 0 0000000000000010 55555555 f 55555555 1 04 55555555
0000000000000010 0013150055555500 1 15 00555555 0 0 0 0000000000000011 55555555 f 55555555 0 00 55555555
0000000000000011 342006150000f000 0 00 00000000 0 0 0 0000000000000012 55555555 f 55555555 1 06 55555555
0000000000000012 00131600aaaaaa00 1 16 ffaaaaaa 0 0 0 0000000000000013 55555555 f 55555555 0 00 55555555
0000000000000013 342003160000f000 0 00 00000000 0 0 0 0000000000000014 55555555 f 55555555 1 03 55555555
0000000000000014 108103030001f000 0 00 00000000 0 0 0 0000000000000015 55555555 f 55555555 1 03 55555555
0000000000000015 0013160000000000 1 16 00000000 0 0 0 0000000000000016 55555555 f 55555555 0 00 55555555
0000000000000016 342004160000f000 0 00 00000000 0 0 0 0000000000000017 55555555 f 55555555 1 04 55555555
0000000000000017 108104040001f000 0 00 00000000 0 0 0 0000000000000018 55555555 f 55555555 1 04 55555555
0000000000000018 103004030500f000 0 00 00000000 0 0 0 0000000000000019 55555555 f 55555555 1 04 55555555
0000000000000019 3430030000009000 0 00 00000000 0 0 0 000000000000001a 55555555 9 51041501 1 03 51041501
000000000000001a 0013150000000100 1 15 00000001 0 0 0 000000000000001b 55555555 f 55555555 0 00 55555555
000000000000001b 342005150000e000 0 00 00000000 0 0 0 000000000000001c 55555555 e 00000000 1 05 00000000
000000000000001c 00131500aaaaaa00 1 15 ffaaaaaa 0 0 0 000000000000001d 55555555 f 55555555 0 00 55555555
000000000000001d 342005150000f000 0 00 00000000 0 0 0 000000000000001e 55555555 f 55555555 1 05 55555555
000000000000001e 34110400943df000 0 00 00000000 0 0 0 000000000000001f 55555555 f 55555555 1 04 55555555
000000000000001f 34110600f7c9f000 0 00 00000000 0 0 0 0000000000000020 55555555 f 55555555 1 06 55555555
0000000000000020 10610304000ff000 0 00 00000000 0 0 0 0000000000000021 55555555 f 55555555 1 03 55555555
0000000000000021 00131e0000000100 1 1e 00000001 0 0 0 0000000000000022 55555555 f 55555555 0 00 55555555
0000000000000022 0023171700000100 1 17 00000001 0 0 0 0000000000000023 55555555 f 55555555 0 00 55555555
0000000000000023 00731e1e00000100 1 1e 00000000 0 0 0 0000000000000024 55555555 f 55555555 0 00 55555555
0000000000000024 0013180000000000 1 18 00000000 0 0 0 0000000000000025 55555555 f 55555555 0 00 55555555
0000000000000025 0102001e18000000 0 00 00000000 5 1 0 0000000000000026 55555555 f 55555555 0 00 55555555
0000000000000026 0215fffffb040000 0 00 00000000 5 1 0 0000000000000027 55555555 f 55555555 0 00 55555555
0000000000000027 7cf5000000000000 0 00 00000000 5 1 0 0000000000000028 55555555 f 55555555 0 00 55555555
DONE retired=40 fault=00 pc=0000000000000027
