0000000000000000 0013140000004d00 1 14 0000004d 0 0 0 0000000000000001 f0000000 f f0000000 0 00 f0000000
0000000000000001 00131500ffffff00 1 15 ffffffff 0 0 0 0000000000000002 f0000000 f f0000000 0 00 f0000000
0000000000000002 342006150000f000 0 00 00000000 0 0 0 0000000000000003 f0000000 f f0000000 1 06 f0000000
0000000000000003 102003050600f000 0 00 00000000 0 0 0 0000000000000004 f0000000 f f0000000 1 03 f0000000
0000000000000004 34110500b676f000 0 00 00000000 0 0 0 0000000000000005 f0000000 f f0000000 1 05 f0000000
0000000000000005 34110400f81d8000 0 00 00000000 0 0 0 0000000000000006 f0000000 8 70000000 1 04 70000000
0000000000000006 100003040500f000 0 00 00000000 0 0 0 0000000000000007 f0000000 f f0000000 1 03 f0000000
0000000000000007 103004040500f000 0 00 00000000 0 0 0 0000000000000008 f0000000 f f0000000 1 04 f0000000
0000000000000008 0013150055555500 1 15 00555555 0 0 0 0000000000000009 f0000000 f f0000000 0 00 f0000000
0000000000000009 342002150000f000 0 00 00000000 0 0 0 000000000000000a f0000000 f f0000000 1 02 f0000000
000000000000000a 106103030000f000 0 00 00000000 0 0 0 000000000000000b f0000000 f f0000000 1 03 f0000000
000000000000000b 100002040600f000 0 00 00000000 0 0 0 000000000000000c f0000000 f f0000000 1 02 f0000000
000000000000000c 103006050200d000 0 00 00000000 0 0 0 000000000000000d f0000000 d 00000000 1 06 00000000
000000000000000d 107103050001f000 0 00 00000000 0 0 0 000000000000000e f0000000 f f0000000 1 03 f0000000
000000000000000e 101005060400d000 0 00 00000000 0 0 0 000000000000000f f0000000 d 00000000 1 05 00000000
000000000000000f 100005040300f000 0 00 00000000 0 0 0 0000000000000010 f0000000 f f0000000 1 05 f0000000
0000000000000010 105106030000f000 0 00 00000000 0 0 0 0000000000000011 f0000000 f f0000000 1 06 f0000000
0000000000000011 00131e0000000300 1 1e 00000003 0 0 0 0000000000000012 f0000000 f f0000000 0 00 f0000000
0000000000000012 0023171700000100 1 17 00000001 0 0 0 0000000000000013 f0000000 f f0000000 0 00 f0000000
0000000000000013 00731e1e00000100 1 1e 00000002 0 0 0 0000000000000014 f0000000 f f0000000 0 00 f0000000
0000000000000014 0013180000000000 1 18 00000000 0 0 0 0000000000000015 f0000000 f f0000000 0 00 f0000000
0000000000000015 0102001e18000000 0 00 00000000 4 0 0 0000000000000016 f0000000 f f0000000 0 00 f0000000
0000000000000016 0215fffffb040000 0 00 00000000 4 0 1 0000000000000012 f0000000 f f0000000 0 00 f0000000
0000000000000012 0023171700000100 1 17 00000002 4 0 0 0000000000000013 f0000000 f f0000000 0 00 f0000000
0000000000000013 00731e1e00000100 1 1e 00000001 4 0 0 0000000000000014 f0000000 f f0000000 0 00 f0000000
0000000000000014 0013180000000000 1 18 00000000 4 0 0 0000000000000015 f0000000 f f0000000 0 00 f0000000
0000000000000015 0102001e18000000 0 00 00000000 4 0 0 0000000000000016 f0000000 f f0000000 0 00 f0000000
0000000000000016 0215fffffb040000 0 00 00000000 4 0 1 0000000000000012 f0000000 f f0000000 0 00 f0000000
0000000000000012 0023171700000100 1 17 00000003 4 0 0 0000000000000013 f0000000 f f0000000 0 00 f0000000
0000000000000013 00731e1e00000100 1 1e 00000000 4 0 0 0000000000000014 f0000000 f f0000000 0 00 f0000000
0000000000000014 0013180000000000 1 18 00000000 4 0 0 0000000000000015 f0000000 f f0000000 0 00 f0000000
0000000000000015 0102001e18000000 0 00 00000000 5 1 0 0000000000000016 f0000000 f f0000000 0 00 f0000000
0000000000000016 0215fffffb040000 0 00 00000000 5 1 0 0000000000000017 f0000000 f f0000000 0 00 f0000000
0000000000000017 7cf5000000000000 0 00 00000000 5 1 0 0000000000000018 f0000000 f f0000000 0 00 f0000000
DONE retired=34 fault=00 pc=0000000000000017
