0000000000000000 343001000000f000 0 00 00000000 0 0 0 0 0 0 0000000000000001 ffffffff f ffffffff 1 01
0000000000000001 341107000001f000 0 00 00000000 0 0 0 0 0 0 0000000000000002 ffffffff f ffffffff 1 07
0000000000000002 34110c000003f000 0 00 00000000 0 0 0 0 0 0 0000000000000003 ffffffff f ffffffff 1 0c
0000000000000003 3059c0b070000000 0 00 00000000 0 0 0 0 0 0 0000000000000004 ffffffff f ffffffff 0 00
0000000000000004 7c150000c5c0010b 0 00 00000000 0 0 0 0 0 0 00000000000000ca ffffffff f ffffffff 0 00
00000000000000ca 34110d000003f000 0 00 00000000 0 0 0 0 0 0 00000000000000cb ffffffff f ffffffff 1 0d
00000000000000cb 10300c010d00f000 0 00 00000000 0 0 0 0 0 0 00000000000000cc ffffffff f ffffffff 1 0c
00000000000000cc 10000c0c0700f000 0 00 00000000 0 0 0 0 0 0 00000000000000cd ffffffff f ffffffff 1 0c
00000000000000cd 34110a000000f000 0 00 00000000 0 0 0 0 0 0 00000000000000ce ffffffff f ffffffff 1 0a
00000000000000ce 7c85000007000000 0 00 00000000 0 0 0 0 0 0 00000000000000cf ffffffff f ffffffff 0 00
00000000000000cf 3059e0a0c0000000 0 00 00000000 0 0 0 0 0 0 00000000000000d0 ffffffff f ffffffff 0 00
00000000000000d0 3029d0a0c0000000 0 00 00000000 0 0 0 0 0 0 00000000000000d1 ffffffff f ffffffff 0 00
00000000000000d1 302970b070000000 0 00 00000000 0 0 0 0 0 0 00000000000000d2 ffffffff f ffffffff 0 00
00000000000000d2 7c15000000700001 0 00 00000000 0 0 0 0 0 0 00000000000000d3 ffffffff f ffffffff 0 00
00000000000000d3 0023060600000200 1 06 00000002 0 0 0 0 0 0 00000000000000d4 ffffffff f ffffffff 0 00
00000000000000d4 7c25000000000000 0 00 00000000 0 0 0 0 0 0 00000000000000d5 ffffffff f ffffffff 0 00
00000000000000d5 10000a0a0700f000 0 00 00000000 0 0 0 0 0 0 00000000000000d6 ffffffff f ffffffff 1 0a
00000000000000d6 7c95fffff8d00000 0 00 00000000 0 0 0 0 0 0 00000000000000cf ffffffff f ffffffff 0 00
00000000000000cf 3059e0a0c0000000 0 00 00000000 0 0 0 0 0 0 00000000000000d0 ffffffff f ffffffff 0 00
00000000000000d0 3029d0a0c0000000 0 00 00000000 0 0 0 0 0 0 00000000000000d1 ffffffff f ffffffff 0 00
00000000000000d1 302970b070000000 0 00 00000000 0 0 0 0 0 0 00000000000000d2 ffffffff f ffffffff 0 00
00000000000000d2 7c15000000700001 0 00 00000000 0 0 0 0 0 0 00000000000000d3 ffffffff f ffffffff 0 00
00000000000000d3 0023060600000200 1 06 00000004 0 0 0 0 0 0 00000000000000d4 ffffffff f ffffffff 0 00
00000000000000d4 7c25000000000000 0 00 00000000 0 0 0 0 0 0 00000000000000d5 ffffffff f ffffffff 0 00
00000000000000d5 10000a0a0700f000 0 00 00000000 0 0 0 0 0 0 00000000000000d6 ffffffff f ffffffff 1 0a
00000000000000d6 7c95fffff8d00000 0 00 00000000 0 0 0 0 0 0 00000000000000cf eeeeeeee f eeeeeeee 0 00
00000000000000cf 3059e0a0c0000000 0 00 00000000 0 0 0 0 0 0 00000000000000d0 eeeeeeee f eeeeeeee 0 00
00000000000000d0 3029d0a0c0000000 0 00 00000000 0 0 0 0 0 0 00000000000000d1 eeeeeeee f eeeeeeee 0 00
00000000000000d1 302970b070000000 0 00 00000000 0 0 0 0 0 0 00000000000000d2 eeeeeeee f eeeeeeee 0 00
00000000000000d2 7c15000000700001 0 00 00000000 0 0 0 0 0 0 00000000000000d3 eeeeeeee f eeeeeeee 0 00
00000000000000d3 0023060600000200 1 06 00000006 0 0 0 0 0 0 00000000000000d4 eeeeeeee f eeeeeeee 0 00
00000000000000d4 7c25000000000000 0 00 00000000 0 0 0 0 0 0 00000000000000d5 eeeeeeee f eeeeeeee 0 00
00000000000000d5 10000a0a0700f000 0 00 00000000 0 0 0 0 0 0 00000000000000d6 eeeeeeee f eeeeeeee 1 0a
00000000000000d6 7c95fffff8d00000 0 00 00000000 0 0 0 0 0 0 00000000000000cf cccccccc f cccccccc 0 00
00000000000000cf 3059e0a0c0000000 0 00 00000000 0 0 0 0 0 0 00000000000000d0 cccccccc f cccccccc 0 00
00000000000000d0 3029d0a0c0000000 0 00 00000000 0 0 0 0 0 0 00000000000000d1 cccccccc f cccccccc 0 00
00000000000000d1 302970b070000000 0 00 00000000 0 0 0 0 0 0 00000000000000d2 cccccccc f cccccccc 0 00
00000000000000d2 7c15000000700001 0 00 00000000 0 0 0 0 0 0 00000000000000d3 cccccccc f cccccccc 0 00
00000000000000d3 0023060600000200 1 06 00000008 0 0 0 0 0 0 00000000000000d4 cccccccc f cccccccc 0 00
00000000000000d4 7c25000000000000 0 00 00000000 0 0 0 0 0 0 00000000000000d5 cccccccc f cccccccc 0 00
00000000000000d5 10000a0a0700f000 0 00 00000000 0 0 0 0 0 0 00000000000000d6 cccccccc f cccccccc 1 0a
00000000000000d6 7c95fffff8d00000 0 00 00000000 0 0 0 0 0 0 00000000000000cf 88888888 f 88888888 0 00
00000000000000cf 3059e0a0c0000000 0 00 00000000 0 0 0 0 0 0 00000000000000d0 88888888 f 88888888 0 00
00000000000000d0 3029d0a0c0000000 0 00 00000000 0 0 0 0 0 0 00000000000000d1 88888888 f 88888888 0 00
00000000000000d1 302970b070000000 0 00 00000000 0 0 0 0 0 0 00000000000000d2 88888888 f 88888888 0 00
00000000000000d2 7c15000000700001 0 00 00000000 0 0 0 0 0 0 00000000000000d3 88888888 f 88888888 0 00
00000000000000d3 0023060600000200 1 06 0000000a 0 0 0 0 0 0 00000000000000d4 88888888 f 88888888 0 00
00000000000000d4 7c25000000000000 0 00 00000000 0 0 0 0 0 0 00000000000000d5 88888888 f 88888888 0 00
00000000000000d5 10000a0a0700f000 0 00 00000000 0 0 0 0 0 0 00000000000000d6 88888888 f 88888888 1 0a
00000000000000d6 7c95fffff8d00000 0 00 00000000 0 0 0 0 0 0 00000000000000d7 ffffffff f ffffffff 0 00
00000000000000d7 303920a070000000 0 00 00000000 0 0 0 0 0 0 00000000000000d8 ffffffff f ffffffff 0 00
00000000000000d8 7c15000003200036 0 00 00000000 0 0 0 0 0 0 00000000000000dc ffffffff f ffffffff 0 00
00000000000000dc 305980a070000000 0 00 00000000 0 0 0 0 0 0 00000000000000dd ffffffff f ffffffff 0 00
00000000000000dd 7c1500001380001e 0 00 00000000 0 0 0 0 0 0 00000000000000de ffffffff f ffffffff 0 00
00000000000000de 30195010c0000000 0 00 00000000 0 0 0 0 0 0 00000000000000df ffffffff f ffffffff 0 00
00000000000000df 7c1500000d50000e 0 00 00000000 0 0 0 0 0 0 00000000000000e0 ffffffff f ffffffff 0 00
00000000000000e0 34110d000003f000 0 00 00000000 0 0 0 0 0 0 00000000000000e1 ffffffff f ffffffff 1 0d
00000000000000e1 10300c010d00f000 0 00 00000000 0 0 0 0 0 0 00000000000000e2 ffffffff f ffffffff 1 0c
00000000000000e2 10000c0c0700f000 0 00 00000000 0 0 0 0 0 0 00000000000000e3 ffffffff f ffffffff 1 0c
00000000000000e3 34110a000000f000 0 00 00000000 0 0 0 0 0 0 00000000000000e4 ffffffff f ffffffff 1 0a
00000000000000e4 7c85000005000000 0 00 00000000 0 0 0 0 0 0 00000000000000e5 ffffffff f ffffffff 0 00
00000000000000e5 3059e0a0c0000000 0 00 00000000 0 0 0 0 0 0 00000000000000e6 ffffffff f ffffffff 0 00
00000000000000e6 3029d0a0c0000000 0 00 00000000 0 0 0 0 0 0 00000000000000e7 ffffffff f ffffffff 0 00
00000000000000e7 103003030500f000 0 00 00000000 0 0 0 0 0 0 00000000000000e8 ffffffff f ffffffff 1 03
00000000000000e8 7cb5000000e00000 0 00 00000000 0 0 0 0 0 0 00000000000000e9 ffffffff f ffffffff 0 00
00000000000000e9 10000a0a0700f000 0 00 00000000 0 0 0 0 0 0 00000000000000ea ffffffff f ffffffff 1 0a
00000000000000ea 7c95fffffad00000 0 00 00000000 0 0 0 0 0 0 00000000000000e5 ffffffff f ffffffff 0 00
00000000000000e5 3059e0a0c0000000 0 00 00000000 0 0 0 0 0 0 00000000000000e6 ffffffff f ffffffff 0 00
00000000000000e6 3029d0a0c0000000 0 00 00000000 0 0 0 0 0 0 00000000000000e7 ffffffff f ffffffff 0 00
00000000000000e7 103003030500f000 0 00 00000000 0 0 0 0 0 0 00000000000000e8 ffffffff f ffffffff 1 03
00000000000000e8 7cb5000000e00000 0 00 00000000 0 0 0 0 0 0 00000000000000e9 eeeeeeee f eeeeeeee 0 00
00000000000000e9 10000a0a0700f000 0 00 00000000 0 0 0 0 0 0 00000000000000ea eeeeeeee f eeeeeeee 1 0a
00000000000000ea 7c95fffffad00000 0 00 00000000 0 0 0 0 0 0 00000000000000e5 eeeeeeee f eeeeeeee 0 00
00000000000000e5 3059e0a0c0000000 0 00 00000000 0 0 0 0 0 0 00000000000000e6 eeeeeeee f eeeeeeee 0 00
00000000000000e6 3029d0a0c0000000 0 00 00000000 0 0 0 0 0 0 00000000000000e7 eeeeeeee f eeeeeeee 0 00
00000000000000e7 103003030500f000 0 00 00000000 0 0 0 0 0 0 00000000000000e8 eeeeeeee f eeeeeeee 1 03
00000000000000e8 7cb5000000e00000 0 00 00000000 0 0 0 0 0 0 00000000000000e9 cccccccc f cccccccc 0 00
00000000000000e9 10000a0a0700f000 0 00 00000000 0 0 0 0 0 0 00000000000000ea cccccccc f cccccccc 1 0a
00000000000000ea 7c95fffffad00000 0 00 00000000 0 0 0 0 0 0 00000000000000e5 cccccccc f cccccccc 0 00
00000000000000e5 3059e0a0c0000000 0 00 00000000 0 0 0 0 0 0 00000000000000e6 cccccccc f cccccccc 0 00
00000000000000e6 3029d0a0c0000000 0 00 00000000 0 0 0 0 0 0 00000000000000e7 cccccccc f cccccccc 0 00
00000000000000e7 103003030500f000 0 00 00000000 0 0 0 0 0 0 00000000000000e8 cccccccc f cccccccc 1 03
00000000000000e8 7cb5000000e00000 0 00 00000000 0 0 0 0 0 0 00000000000000e9 88888888 f 88888888 0 00
00000000000000e9 10000a0a0700f000 0 00 00000000 0 0 0 0 0 0 00000000000000ea 88888888 f 88888888 1 0a
00000000000000ea 7c95fffffad00000 0 00 00000000 0 0 0 0 0 0 00000000000000e5 88888888 f 88888888 0 00
00000000000000e5 3059e0a0c0000000 0 00 00000000 0 0 0 0 0 0 00000000000000e6 88888888 f 88888888 0 00
00000000000000e6 3029d0a0c0000000 0 00 00000000 0 0 0 0 0 0 00000000000000e7 88888888 f 88888888 0 00
00000000000000e7 103003030500f000 0 00 00000000 0 0 0 0 0 0 00000000000000e8 88888888 f 88888888 1 03
00000000000000ea 7cb5000000e00000 0 00 00000000 0 0 0 0 0 0 00000000000000e9 00000000 f 00000000 0 00
00000000000000ea 7c95fffffad00000 0 00 00000000 0 0 0 0 0 0 00000000000000eb ffffffff f ffffffff 0 00
00000000000000eb 341103000004f000 0 00 00000000 0 0 0 0 0 0 00000000000000ec ffffffff f ffffffff 1 03
00000000000000ec 0205000001000000 0 00 00000000 0 0 0 0 0 1 00000000000000ee ffffffff f ffffffff 0 00
00000000000000ee 7c25000000000000 0 00 00000000 0 0 0 0 0 0 00000000000000ef ffffffff f ffffffff 0 00
00000000000000ef 1010050c0300f000 0 00 00000000 0 0 0 0 0 0 00000000000000f0 ffffffff f ffffffff 1 05
00000000000000f0 020500000b000000 0 00 00000000 0 0 0 0 0 1 00000000000000fc ffffffff f ffffffff 0 00
00000000000000fc 7c25000000000000 0 00 00000000 0 0 0 0 0 0 00000000000000fd ffffffff f ffffffff 0 00
00000000000000fd 301910b0c0000000 0 00 00000000 0 0 0 0 0 0 00000000000000fe ffffffff f ffffffff 0 00
00000000000000fe 7c1500000e10000f 0 00 00000000 0 0 0 0 0 0 00000000000000ff ffffffff f ffffffff 0 00
00000000000000ff 34110d000000f000 0 00 00000000 0 0 0 0 0 0 0000000000000100 ffffffff f ffffffff 1 0d
0000000000000100 10300c010d00f000 0 00 00000000 0 0 0 0 0 0 0000000000000101 ffffffff f ffffffff 1 0c
0000000000000101 10000c0c0700f000 0 00 00000000 0 0 0 0 0 0 0000000000000102 ffffffff f ffffffff 1 0c
0000000000000102 34110a000000f000 0 00 00000000 0 0 0 0 0 0 0000000000000103 ffffffff f ffffffff 1 0a
0000000000000103 7c85000007000000 0 00 00000000 0 0 0 0 0 0 0000000000000104 ffffffff f ffffffff 0 00
0000000000000104 3059e0a0c0000000 0 00 00000000 0 0 0 0 0 0 0000000000000105 ffffffff f ffffffff 0 00
0000000000000105 3029d0a0c0000000 0 00 00000000 0 0 0 0 0 0 0000000000000106 ffffffff f ffffffff 0 00
0000000000000106 303940b070000000 0 00 00000000 0 0 0 0 0 0 0000000000000107 ffffffff f ffffffff 0 00
0000000000000107 7c15000000400001 0 00 00000000 0 0 0 0 0 0 0000000000000108 ffffffff f ffffffff 0 00
0000000000000108 341103000002f000 0 00 00000000 0 0 0 0 0 0 0000000000000109 ffffffff f ffffffff 1 03
0000000000000109 7c25000000000000 0 00 00000000 0 0 0 0 0 0 000000000000010a ffffffff f ffffffff 0 00
000000000000010a 10000a0a0700f000 0 00 00000000 0 0 0 0 0 0 000000000000010b ffffffff f ffffffff 1 0a
000000000000010b 7c95fffff8d00000 0 00 00000000 0 0 0 0 0 0 0000000000000104 ffffffff f ffffffff 0 00
0000000000000104 3059e0a0c0000000 0 00 00000000 0 0 0 0 0 0 0000000000000105 ffffffff f ffffffff 0 00
0000000000000105 3029d0a0c0000000 0 00 00000000 0 0 0 0 0 0 0000000000000106 ffffffff f ffffffff 0 00
0000000000000106 303940b070000000 0 00 00000000 0 0 0 0 0 0 0000000000000107 ffffffff f ffffffff 0 00
0000000000000107 7c15000000400001 0 00 00000000 0 0 0 0 0 0 0000000000000108 ffffffff f ffffffff 0 00
0000000000000108 341103000002f000 0 00 00000000 0 0 0 0 0 0 0000000000000109 ffffffff f ffffffff 1 03
0000000000000109 7c25000000000000 0 00 00000000 0 0 0 0 0 0 000000000000010a ffffffff f ffffffff 0 00
000000000000010a 10000a0a0700f000 0 00 00000000 0 0 0 0 0 0 000000000000010b ffffffff f ffffffff 1 0a
000000000000010b 7c95fffff8d00000 0 00 00000000 0 0 0 0 0 0 000000000000010c ffffffff f ffffffff 0 00
000000000000010c 0205000001000000 0 00 00000000 0 0 0 0 0 1 000000000000010e ffffffff f ffffffff 0 00
000000000000010e 7c25000000000000 0 00 00000000 0 0 0 0 0 0 000000000000010f ffffffff f ffffffff 0 00
000000000000010f 7c25000000000000 0 00 00000000 0 0 0 0 0 0 0000000000000110 ffffffff f ffffffff 0 00
0000000000000110 7c25000000000000 0 00 00000000 0 0 0 0 0 0 0000000000000111 ffffffff f ffffffff 0 00
0000000000000111 1010050c0100f000 0 00 00000000 0 0 0 0 0 0 0000000000000112 ffffffff f ffffffff 1 05
0000000000000112 7cf5000000000000 0 00 00000000 0 0 0 0 0 0 0000000000000113 ffffffff f ffffffff 0 00
