0000000000000000 00131d0000000000 1 1d 00000000 0 0 0 0000000000000001
0000000000000001 00130c00c99ca700 1 0c ffc99ca7 0 0 0 0000000000000002
0000000000000002 00130900b9e2aa00 1 09 ffb9e2aa 0 0 0 0000000000000003
0000000000000003 0306000000000200 1 02 00000000 0 0 0 0000000000000004
0000000000000004 0122000307000000 0 00 00000000 5 0 0 0000000000000005
0000000000000005 02150000020d0000 0 00 00000000 5 0 0 0000000000000006
0000000000000006 8506000000000000 0 00 00000000 5 0 0 0000000000000007
0000000000000007 8506000000000000 0 00 00000000 5 0 0 0000000000000008
0000000000000008 8506000000000000 0 00 00000000 5 0 0 0000000000000009
0000000000000009 0306000000000800 1 08 00000000 5 0 0 000000000000000a
000000000000000a 00620e0913000000 1 0e ffb9e2aa 5 0 0 000000000000000b
000000000000000b 8506000000000000 0 00 00000000 5 0 0 000000000000000c
000000000000000c 00320b140b000000 1 0b 00000000 5 0 0 000000000000000d
000000000000000d 0063010200001900 1 01 00000000 5 0 0 000000000000000e
000000000000000e 0122000403000000 0 00 00000000 5 0 0 000000000000000f
000000000000000f 0215000001040000 0 00 00000000 5 0 0 0000000000000010
0000000000000010 8506000000000000 0 00 00000000 5 0 0 0000000000000011
0000000000000011 8506000000000000 0 00 00000000 5 0 0 0000000000000012
0000000000000012 0013140003d24600 1 14 0003d246 5 0 0 0000000000000013
0000000000000013 00130100c43c2900 1 01 ffc43c29 5 0 0 0000000000000014
0000000000000014 8506000000000000 0 00 00000000 5 0 0 0000000000000015
0000000000000015 00130400ae2c1c00 1 04 ffae2c1c 5 0 0 0000000000000016
0000000000000016 8506000000000000 0 00 00000000 5 0 0 0000000000000017
0000000000000017 0063130200001300 1 13 00000000 5 0 0 0000000000000018
0000000000000018 00a3010f00001100 1 01 00000000 5 0 0 0000000000000019
0000000000000019 0013030055555500 1 03 00555555 5 0 0 000000000000001a
000000000000001a 8506000000000000 0 00 00000000 5 0 0 000000000000001b
000000000000001b 0052061007000000 1 06 00000000 5 0 0 000000000000001c
000000000000001c 0073130c55555500 1 13 ff744752 5 0 0 000000000000001d
000000000000001d 0032020806000000 1 02 00000000 5 0 0 000000000000001e
000000000000001e 011200120e000000 0 00 00000000 0 0 0 000000000000001f
000000000000001f 02150000020e0000 0 00 00000000 0 0 0 0000000000000020
0000000000000020 8506000000000000 0 00 00000000 0 0 0 0000000000000021
0000000000000021 8506000000000000 0 00 00000000 0 0 0 0000000000000022
0000000000000022 00630d0b00001c00 1 0d 00000000 0 0 0 0000000000000023
0000000000000023 008208040e000000 1 08 0017ceb6 0 0 0 0000000000000024
0000000000000024 00320a050a000000 1 0a 00000000 0 0 0 0000000000000025
0000000000000025 0306000000000100 1 01 00000000 0 0 0 0000000000000026
0000000000000026 00130a008f7db500 1 0a ff8f7db5 0 0 0 0000000000000027
0000000000000027 00730911e6b5d700 1 09 00194a29 0 0 0 0000000000000028
0000000000000028 00a20a020a000000 1 0a 00000000 0 0 0 0000000000000029
0000000000000029 00a20f1212000000 1 0f 00000000 0 0 0 000000000000002a
000000000000002a 8506000000000000 0 00 00000000 0 0 0 000000000000002b
000000000000002b 00820c0c07000000 1 0c ffc99ca7 0 0 0 000000000000002c
000000000000002c 8506000000000000 0 00 00000000 0 0 0 000000000000002d
000000000000002d 00a30b0400000a00 1 0b 003feb8b 0 0 0 000000000000002e
000000000000002e 010200010a000000 0 00 00000000 5 1 0 000000000000002f
000000000000002f 02150000010c0000 0 00 00000000 5 1 1 0000000000000031
0000000000000031 00131e0000000100 1 1e 00000001 5 1 0 0000000000000032
0000000000000032 0023151500000100 1 15 00000001 5 1 0 0000000000000033
0000000000000033 00731e1e00000100 1 1e 00000000 5 1 0 0000000000000034
0000000000000034 0102001e1d000000 0 00 00000000 5 1 0 0000000000000035
0000000000000035 0215fffffc040000 0 00 00000000 5 1 0 0000000000000036
0000000000000036 7cf5000000000000 0 00 00000000 5 1 0 0000000000000037
DONE retired=54 fault=00 pc=0000000000000036
