0000000000000000 0013140000004d00 1 14 0000004d 0 0 0 0000000000000001 a01eb7a2 f a01eb7a2 0 00 a01eb7a2
0000000000000001 0013150000000000 1 15 00000000 0 0 0 0000000000000002 a01eb7a2 f a01eb7a2 0 00 a01eb7a2
0000000000000002 342003150000f000 0 00 00000000 0 0 0 0000000000000003 a01eb7a2 f a01eb7a2 1 03 a01eb7a2
0000000000000003 100006040400f000 0 00 00000000 0 0 0 0000000000000004 a01eb7a2 f a01eb7a2 1 06 a01eb7a2
0000000000000004 00131500aaaaaa00 1 15 ffaaaaaa 0 0 0 0000000000000005 a01eb7a2 f a01eb7a2 0 00 a01eb7a2
0000000000000005 342006150000f000 0 00 00000000 0 0 0 0000000000000006 a01eb7a2 f a01eb7a2 1 06 a01eb7a2
0000000000000006 340005050000f000 0 00 00000000 0 0 0 0000000000000007 a01eb7a2 f a01eb7a2 1 05 a01eb7a2
0000000000000007 101004030600f000 0 00 00000000 0 0 0 0000000000000008 a01eb7a2 f a01eb7a2 1 04 a01eb7a2
0000000000000008 340003030000f000 0 00 00000000 0 0 0 0000000000000009 a01eb7a2 f a01eb7a2 1 03 a01eb7a2
0000000000000009 103002020400f000 0 00 00000000 0 0 0 000000000000000a a01eb7a2 f a01eb7a2 1 02 a01eb7a2
000000000000000a 0013150000000100 1 15 00000001 0 0 0 000000000000000b a01eb7a2 f a01eb7a2 0 00 a01eb7a2
000000000000000b 342005150000e000 0 00 00000000 0 0 0 000000000000000c a01eb7a2 e a00aa2a2 1 05 a00aa2a2
000000000000000c 106103030010f000 0 00 00000000 0 0 0 000000000000000d a01eb7a2 f a01eb7a2 1 03 a01eb7a2
000000000000000d 340002040000f000 0 00 00000000 0 0 0 000000000000000e a01eb7a2 f a01eb7a2 1 02 a01eb7a2
000000000000000e 10610605000ff000 0 00 00000000 0 0 0 000000000000000f a01eb7a2 f a01eb7a2 1 06 a01eb7a2
000000000000000f 104004020200f000 0 00 00000000 0 0 0 0000000000000010 a01eb7a2 f a01eb7a2 1 04 a01eb7a2
0000000000000010 1000030405007000 0 00 00000000 0 0 0 0000000000000011 a01eb7a2 7 80041222 1 03 80041222
0000000000000011 340004020000f000 0 00 00000000 0 0 0 0000000000000012 a01eb7a2 f a01eb7a2 1 04 a01eb7a2
0000000000000012 104006060600f000 0 00 00000000 0 0 0 0000000000000013 a01eb7a2 f a01eb7a2 1 06 a01eb7a2
0000000000000013 1050030503001000 0 00 00000000 0 0 0 0000000000000014 a01eb7a2 1 00141500 1 03 00141500
0000000000000014 107106050009f000 0 00 00000000 0 0 0 0000000000000015 a01eb7a2 f a01eb7a2 1 06 a01eb7a2
0000000000000015 0013160000000100 1 16 00000001 0 0 0 0000000000000016 a01eb7a2 f a01eb7a2 0 00 a01eb7a2
0000000000000016 342005160000f000 0 00 00000000 0 0 0 0000000000000017 a01eb7a2 f a01eb7a2 1 05 a01eb7a2
0000000000000017 108104050000f000 0 00 00000000 0 0 0 0000000000000018 a01eb7a2 f a01eb7a2 1 04 a01eb7a2
0000000000000018 341104000000f000 0 00 00000000 0 0 0 0000000000000019 a01eb7a2 f a01eb7a2 1 04 a01eb7a2
0000000000000019 00131600aaaaaa00 1 16 ffaaaaaa 0 0 0 000000000000001a a01eb7a2 f a01eb7a2 0 00 a01eb7a2
000000000000001a 342006160000f000 0 00 00000000 0 0 0 000000000000001b a01eb7a2 f a01eb7a2 1 06 a01eb7a2
000000000000001b 108105060000f000 0 00 00000000 0 0 0 000000000000001c a01eb7a2 f a01eb7a2 1 05 a01eb7a2
000000000000001c 1020030203009000 0 00 00000000 0 0 0 000000000000001d a01eb7a2 9 001c0480 1 03 001c0480
000000000000001d 104004050500f000 0 00 00000000 0 0 0 000000000000001e a01eb7a2 f a01eb7a2 1 04 a01eb7a2
000000000000001e 00131e0000000300 1 1e 00000003 0 0 0 000000000000001f a01eb7a2 f a01eb7a2 0 00 a01eb7a2
000000000000001f 0023171700000100 1 17 00000001 0 0 0 0000000000000020 a01eb7a2 f a01eb7a2 0 00 a01eb7a2
0000000000000020 00731e1e00000100 1 1e 00000002 0 0 0 0000000000000021 a01eb7a2 f a01eb7a2 0 00 a01eb7a2
0000000000000021 0013180000000000 1 18 00000000 0 0 0 0000000000000022 a01eb7a2 f a01eb7a2 0 00 a01eb7a2
0000000000000022 0102001e18000000 0 00 00000000 4 0 0 0000000000000023 a01eb7a2 f a01eb7a2 0 00 a01eb7a2
0000000000000023 0215fffffb040000 0 00 00000000 4 0 1 000000000000001f a01eb7a2 f a01eb7a2 0 00 a01eb7a2
000000000000001f 0023171700000100 1 17 00000002 4 0 0 0000000000000020 a01eb7a2 f a01eb7a2 0 00 a01eb7a2
0000000000000020 00731e1e00000100 1 1e 00000001 4 0 0 0000000000000021 a01eb7a2 f a01eb7a2 0 00 a01eb7a2
0000000000000021 0013180000000000 1 18 00000000 4 0 0 0000000000000022 a01eb7a2 f a01eb7a2 0 00 a01eb7a2
0000000000000022 0102001e18000000 0 00 00000000 4 0 0 0000000000000023 a01eb7a2 f a01eb7a2 0 00 a01eb7a2
0000000000000023 0215fffffb040000 0 00 00000000 4 0 1 000000000000001f a01eb7a2 f a01eb7a2 0 00 a01eb7a2
000000000000001f 0023171700000100 1 17 00000003 4 0 0 0000000000000020 a01eb7a2 f a01eb7a2 0 00 a01eb7a2
0000000000000020 00731e1e00000100 1 1e 00000000 4 0 0 0000000000000021 a01eb7a2 f a01eb7a2 0 00 a01eb7a2
0000000000000021 0013180000000000 1 18 00000000 4 0 0 0000000000000022 a01eb7a2 f a01eb7a2 0 00 a01eb7a2
0000000000000022 0102001e18000000 0 00 00000000 5 1 0 0000000000000023 a01eb7a2 f a01eb7a2 0 00 a01eb7a2
0000000000000023 0215fffffb040000 0 00 00000000 5 1 0 0000000000000024 a01eb7a2 f a01eb7a2 0 00 a01eb7a2
0000000000000024 7cf5000000000000 0 00 00000000 5 1 0 0000000000000025 a01eb7a2 f a01eb7a2 0 00 a01eb7a2
DONE retired=47 fault=00 pc=0000000000000024
