0000000000000000 0013140000004d00 1 14 0000004d 0 0 0 0000000000000001 f2a4d27b f f2a4d27b 0 00 f2a4d27b
0000000000000001 101002050200f000 0 00 00000000 0 0 0 0000000000000002 f2a4d27b f f2a4d27b 1 02 f2a4d27b
0000000000000002 1050060602000000 0 00 00000000 0 0 0 0000000000000003 f2a4d27b 0 00000000 1 06 00000000
0000000000000003 1050020305009000 0 00 00000000 0 0 0 0000000000000004 f2a4d27b 9 72a4d27b 1 02 72a4d27b
0000000000000004 341105000000f000 0 00 00000000 0 0 0 0000000000000005 f2a4d27b f f2a4d27b 1 05 f2a4d27b
0000000000000005 100106040000f000 0 00 00000000 0 0 0 0000000000000006 f2a4d27b f f2a4d27b 1 06 f2a4d27b
0000000000000006 341105007ffff000 0 00 00000000 0 0 0 0000000000000007 f2a4d27b f f2a4d27b 1 05 f2a4d27b
0000000000000007 107106050010f000 0 00 00000000 0 0 0 0000000000000008 f2a4d27b f f2a4d27b 1 06 f2a4d27b
0000000000000008 105003050600f000 0 00 00000000 0 0 0 0000000000000009 f2a4d27b f f2a4d27b 1 03 f2a4d27b
0000000000000009 3411020055625000 0 00 00000000 0 0 0 000000000000000a f2a4d27b 5 72a4d27b 1 02 72a4d27b
000000000000000a 1050020202004000 0 00 00000000 0 0 0 000000000000000b f2a4d27b 4 3200d059 1 02 3200d059
000000000000000b 340004050000f000 0 00 00000000 0 0 0 000000000000000c f2a4d27b f f2a4d27b 1 04 f2a4d27b
000000000000000c 00131500ffffff00 1 15 ffffffff 0 0 0 000000000000000d f2a4d27b f f2a4d27b 0 00 f2a4d27b
000000000000000d 342006150000f000 0 00 00000000 0 0 0 000000000000000e f2a4d27b f f2a4d27b 1 06 f2a4d27b
000000000000000e 104104038000f000 0 00 00000000 0 0 0 000000000000000f f2a4d27b f f2a4d27b 1 04 f2a4d27b
000000000000000f 107103050021f000 0 00 00000000 0 0 0 0000000000000010 f2a4d27b f f2a4d27b 1 03 f2a4d27b
0000000000000010 00131500aaaaaa00 1 15 ffaaaaaa 0 0 0 0000000000000011 f2a4d27b f f2a4d27b 0 00 f2a4d27b
0000000000000011 342006150000f000 0 00 00000000 0 0 0 0000000000000012 f2a4d27b f f2a4d27b 1 06 f2a4d27b
0000000000000012 343005000000f000 0 00 00000000 0 0 0 0000000000000013 f2a4d27b f f2a4d27b 1 05 f2a4d27b
0000000000000013 105002030600f000 0 00 00000000 0 0 0 0000000000000014 f2a4d27b f f2a4d27b 1 02 f2a4d27b
0000000000000014 104105020000f000 0 00 00000000 0 0 0 0000000000000015 f2a4d27b f f2a4d27b 1 05 f2a4d27b
0000000000000015 101002050300f000 0 00 00000000 0 0 0 0000000000000016 f2a4d27b f f2a4d27b 1 02 f2a4d27b
0000000000000016 34110200e20bf000 0 00 00000000 0 0 0 0000000000000017 f2a4d27b f f2a4d27b 1 02 f2a4d27b
0000000000000017 102005060300a000 0 00 00000000 0 0 0 0000000000000018 f2a4d27b a 72a4d27b 1 05 72a4d27b
0000000000000018 34110600a549f000 0 00 00000000 0 0 0 0000000000000019 f2a4d27b f f2a4d27b 1 06 f2a4d27b
0000000000000019 100104027851f000 0 00 00000000 0 0 0 000000000000001a f2a4d27b f f2a4d27b 1 04 f2a4d27b
000000000000001a 100004050400f000 0 00 00000000 0 0 0 000000000000001b f2a4d27b f f2a4d27b 1 04 f2a4d27b
000000000000001b 10710604000ff000 0 00 00000000 0 0 0 000000000000001c f2a4d27b f f2a4d27b 1 06 f2a4d27b
000000000000001c 102002030500f000 0 00 00000000 0 0 0 000000000000001d f2a4d27b f f2a4d27b 1 02 f2a4d27b
000000000000001d 107103020002f000 0 00 00000000 0 0 0 000000000000001e f2a4d27b f f2a4d27b 1 03 f2a4d27b
000000000000001e 343005000000a000 0 00 00000000 0 0 0 000000000000001f f2a4d27b a 72a4d27b 1 05 72a4d27b
000000000000001f 343003000000f000 0 00 00000000 0 0 0 0000000000000020 f2a4d27b f f2a4d27b 1 03 f2a4d27b
0000000000000020 107104040019f000 0 00 00000000 0 0 0 0000000000000021 f2a4d27b f f2a4d27b 1 04 f2a4d27b
0000000000000021 00131e0000000100 1 1e 00000001 0 0 0 0000000000000022 f2a4d27b f f2a4d27b 0 00 f2a4d27b
0000000000000022 0023171700000100 1 17 00000001 0 0 0 0000000000000023 f2a4d27b f f2a4d27b 0 00 f2a4d27b
0000000000000023 00731e1e00000100 1 1e 00000000 0 0 0 0000000000000024 f2a4d27b f f2a4d27b 0 00 f2a4d27b
0000000000000024 0013180000000000 1 18 00000000 0 0 0 0000000000000025 f2a4d27b f f2a4d27b 0 00 f2a4d27b
0000000000000025 0102001e18000000 0 00 00000000 5 1 0 0000000000000026 f2a4d27b f f2a4d27b 0 00 f2a4d27b
0000000000000026 0215fffffb040000 0 00 00000000 5 1 0 0000000000000027 f2a4d27b f f2a4d27b 0 00 f2a4d27b
0000000000000027 7cf5000000000000 0 00 00000000 5 1 0 0000000000000028 f2a4d27b f f2a4d27b 0 00 f2a4d27b
DONE retired=40 fault=00 pc=0000000000000027
