0000000000000000 00131d0000000000 1 1d 00000000 0 0 0 0000000000000001
0000000000000001 0122001304000000 0 00 00000000 5 0 0 0000000000000002
0000000000000002 0215000003040000 0 00 00000000 5 0 0 0000000000000003
0000000000000003 8506000000000000 0 00 00000000 5 0 0 0000000000000004
0000000000000004 8506000000000000 0 00 00000000 5 0 0 0000000000000005
0000000000000005 8506000000000000 0 00 00000000 5 0 0 0000000000000006
0000000000000006 0042020413000000 1 02 00000000 5 0 0 0000000000000007
0000000000000007 0092090a00000000 1 09 ffffffff 5 0 0 0000000000000008
0000000000000008 8506000000000000 0 00 00000000 5 0 0 0000000000000009
0000000000000009 0063030400001200 1 03 00000000 5 0 0 000000000000000a
000000000000000a 0013010000000000 1 01 00000000 5 0 0 000000000000000b
000000000000000b 0073070300000100 1 07 ffffffff 5 0 0 000000000000000c
000000000000000c 0082111412000000 1 11 00000000 5 0 0 000000000000000d
000000000000000d 0102001013000000 0 00 00000000 5 1 0 000000000000000e
000000000000000e 02150000030d0000 0 00 00000000 5 1 0 000000000000000f
000000000000000f 8506000000000000 0 00 00000000 5 1 0 0000000000000010
0000000000000010 8506000000000000 0 00 00000000 5 1 0 0000000000000011
0000000000000011 8506000000000000 0 00 00000000 5 1 0 0000000000000012
0000000000000012 0112000111000000 0 00 00000000 5 0 0 0000000000000013
0000000000000013 02150000020c0000 0 00 00000000 5 0 1 0000000000000016
0000000000000016 8506000000000000 0 00 00000000 5 0 0 0000000000000017
0000000000000017 005210090e000000 1 10 ffffffff 5 0 0 0000000000000018
0000000000000018 00720c0f14000000 1 0c 00000000 5 0 0 0000000000000019
0000000000000019 0102000e10000000 0 00 00000000 0 0 0 000000000000001a
000000000000001a 02150000030c0000 0 00 00000000 0 0 1 000000000000001e
000000000000001e 00820a030d000000 1 0a 00000000 0 0 0 000000000000001f
000000000000001f 8506000000000000 0 00 00000000 0 0 0 0000000000000020
0000000000000020 0306000000000b00 1 0b 00000000 0 0 0 0000000000000021
0000000000000021 0072021308000000 1 02 00000000 0 0 0 0000000000000022
0000000000000022 010200090e000000 0 00 00000000 6 0 0 0000000000000023
0000000000000023 02150000020d0000 0 00 00000000 6 0 0 0000000000000024
0000000000000024 8506000000000000 0 00 00000000 6 0 0 0000000000000025
0000000000000025 8506000000000000 0 00 00000000 6 0 0 0000000000000026
0000000000000026 00230f0f58885c00 1 0f 0058885c 6 0 0 0000000000000027
0000000000000027 00220f1309000000 1 0f ffffffff 6 0 0 0000000000000028
0000000000000028 00320b0904000000 1 0b 00000000 6 0 0 0000000000000029
0000000000000029 8506000000000000 0 00 00000000 6 0 0 000000000000002a
000000000000002a 00131e0000000100 1 1e 00000001 6 0 0 000000000000002b
000000000000002b 0023151500000100 1 15 00000001 6 0 0 000000000000002c
000000000000002c 00731e1e00000100 1 1e 00000000 6 0 0 000000000000002d
000000000000002d 0102001e1d000000 0 00 00000000 5 1 0 000000000000002e
000000000000002e 0215fffffc040000 0 00 00000000 5 1 0 000000000000002f
000000000000002f 7cf5000000000000 0 00 00000000 5 1 0 0000000000000030
DONE retired=43 fault=00 pc=000000000000002f
