0000000000000000 00131d0000000000 1 1d 00000000 0 0 0 0000000000000001
0000000000000001 8506000000000000 0 00 00000000 0 0 0 0000000000000002
0000000000000002 0102000106000000 0 00 00000000 5 1 0 0000000000000003
0000000000000003 0215000002010000 0 00 00000000 5 1 1 0000000000000006
0000000000000006 00b30c0500000400 1 0c 00000000 5 1 0 0000000000000007
0000000000000007 0102000e12000000 0 00 00000000 5 1 0 0000000000000008
0000000000000008 0215000003010000 0 00 00000000 5 1 1 000000000000000c
000000000000000c 8506000000000000 0 00 00000000 5 1 0 000000000000000d
000000000000000d 0102000b0e000000 0 00 00000000 5 1 0 000000000000000e
000000000000000e 0215000003040000 0 00 00000000 5 1 0 000000000000000f
000000000000000f 8506000000000000 0 00 00000000 5 1 0 0000000000000010
0000000000000010 8506000000000000 0 00 00000000 5 1 0 0000000000000011
0000000000000011 8506000000000000 0 00 00000000 5 1 0 0000000000000012
0000000000000012 0112000901000000 0 00 00000000 5 0 0 0000000000000013
0000000000000013 0215000001010000 0 00 00000000 5 0 0 0000000000000014
0000000000000014 8506000000000000 0 00 00000000 5 0 0 0000000000000015
0000000000000015 00b210130f000000 1 10 00000000 5 0 0 0000000000000016
0000000000000016 00230c0fffffff00 1 0c ffffffff 5 0 0 0000000000000017
0000000000000017 00730d086a10d400 1 0d ff95ef2c 5 0 0 0000000000000018
0000000000000018 00730113eacebe00 1 01 00153142 5 0 0 0000000000000019
0000000000000019 0102000a13000000 0 00 00000000 5 1 0 000000000000001a
000000000000001a 02150000020d0000 0 00 00000000 5 1 0 000000000000001b
000000000000001b 8506000000000000 0 00 00000000 5 1 0 000000000000001c
000000000000001c 8506000000000000 0 00 00000000 5 1 0 000000000000001d
000000000000001d 00720c0604000000 1 0c 00000000 5 1 0 000000000000001e
000000000000001e 0032130109000000 1 13 00000000 5 1 0 000000000000001f
000000000000001f 0063061000000a00 1 06 00000000 5 1 0 0000000000000020
0000000000000020 0306000000000500 1 05 00000000 5 1 0 0000000000000021
0000000000000021 0122001109000000 0 00 00000000 5 0 0 0000000000000022
0000000000000022 0215000001030000 0 00 00000000 5 0 1 0000000000000024
0000000000000024 00130700fa015600 1 07 fffa0156 5 0 0 0000000000000025
0000000000000025 00131e0000000300 1 1e 00000003 5 0 0 0000000000000026
0000000000000026 0023151500000100 1 15 00000001 5 0 0 0000000000000027
0000000000000027 00731e1e00000100 1 1e 00000002 5 0 0 0000000000000028
0000000000000028 0102001e1d000000 0 00 00000000 4 0 0 0000000000000029
0000000000000029 0215fffffc040000 0 00 00000000 4 0 1 0000000000000026
0000000000000026 0023151500000100 1 15 00000002 4 0 0 0000000000000027
0000000000000027 00731e1e00000100 1 1e 00000001 4 0 0 0000000000000028
0000000000000028 0102001e1d000000 0 00 00000000 4 0 0 0000000000000029
0000000000000029 0215fffffc040000 0 00 00000000 4 0 1 0000000000000026
0000000000000026 0023151500000100 1 15 00000003 4 0 0 0000000000000027
0000000000000027 00731e1e00000100 1 1e 00000000 4 0 0 0000000000000028
0000000000000028 0102001e1d000000 0 00 00000000 5 1 0 0000000000000029
0000000000000029 0215fffffc040000 0 00 00000000 5 1 0 000000000000002a
000000000000002a 7cf5000000000000 0 00 00000000 5 1 0 000000000000002b
DONE retired=45 fault=00 pc=000000000000002a
