0000000000000000 00131d0000000000 1 1d 00000000 0 0 0 0000000000000001
0000000000000001 8506000000000000 0 00 00000000 0 0 0 0000000000000002
0000000000000002 0306000000000b00 1 0b 00000000 0 0 0 0000000000000003
0000000000000003 8506000000000000 0 00 00000000 0 0 0 0000000000000004
0000000000000004 0112001311000000 0 00 00000000 5 0 0 0000000000000005
0000000000000005 0215000002010000 0 00 00000000 5 0 0 0000000000000006
0000000000000006 8506000000000000 0 00 00000000 5 0 0 0000000000000007
0000000000000007 8506000000000000 0 00 00000000 5 0 0 0000000000000008
0000000000000008 001310003843fd00 1 10 003843fd 5 0 0 0000000000000009
0000000000000009 00420d090e000000 1 0d 00000000 5 0 0 000000000000000a
000000000000000a 00220d1304000000 1 0d 00000000 5 0 0 000000000000000b
000000000000000b 0062060302000000 1 06 00000000 5 0 0 000000000000000c
000000000000000c 00620f0e0d000000 1 0f 00000000 5 0 0 000000000000000d
000000000000000d 0022090913000000 1 09 00000000 5 0 0 000000000000000e
000000000000000e 0306000000000100 1 01 00000000 5 0 0 000000000000000f
000000000000000f 005207020d000000 1 07 00000000 5 0 0 0000000000000010
0000000000000010 0092040c00000000 1 04 ffffffff 5 0 0 0000000000000011
0000000000000011 0306000000000800 1 08 00000000 5 0 0 0000000000000012
0000000000000012 0023140fffffff00 1 14 ffffffff 5 0 0 0000000000000013
0000000000000013 0013110000000000 1 11 00000000 5 0 0 0000000000000014
0000000000000014 0072100409000000 1 10 ffffffff 5 0 0 0000000000000015
0000000000000015 00131e0000000400 1 1e 00000004 5 0 0 0000000000000016
0000000000000016 0023151500000100 1 15 00000001 5 0 0 0000000000000017
0000000000000017 00731e1e00000100 1 1e 00000003 5 0 0 0000000000000018
0000000000000018 0102001e1d000000 0 00 00000000 4 0 0 0000000000000019
0000000000000019 0215fffffc040000 0 00 00000000 4 0 1 0000000000000016
0000000000000016 0023151500000100 1 15 00000002 4 0 0 0000000000000017
0000000000000017 00731e1e00000100 1 1e 00000002 4 0 0 0000000000000018
0000000000000018 0102001e1d000000 0 00 00000000 4 0 0 0000000000000019
0000000000000019 0215fffffc040000 0 00 00000000 4 0 1 0000000000000016
0000000000000016 0023151500000100 1 15 00000003 4 0 0 0000000000000017
0000000000000017 00731e1e00000100 1 1e 00000001 4 0 0 0000000000000018
0000000000000018 0102001e1d000000 0 00 00000000 4 0 0 0000000000000019
0000000000000019 0215fffffc040000 0 00 00000000 4 0 1 0000000000000016
0000000000000016 0023151500000100 1 15 00000004 4 0 0 0000000000000017
0000000000000017 00731e1e00000100 1 1e 00000000 4 0 0 0000000000000018
0000000000000018 0102001e1d000000 0 00 00000000 5 1 0 0000000000000019
0000000000000019 0215fffffc040000 0 00 00000000 5 1 0 000000000000001a
000000000000001a 7cf5000000000000 0 00 00000000 5 1 0 000000000000001b
DONE retired=39 fault=00 pc=000000000000001a
