0000000000000000 0013140000004d00 1 14 0000004d 0 0 0 0000000000000001 aaaaaaaa f aaaaaaaa 0 00 aaaaaaaa
0000000000000001 1030030203000000 0 00 00000000 0 0 0 0000000000000002 aaaaaaaa 0 80828aa2 1 03 80828aa2
0000000000000002 107106060010f000 0 00 00000000 0 0 0 0000000000000003 aaaaaaaa f aaaaaaaa 1 06 aaaaaaaa
0000000000000003 0013160055555500 1 16 00555555 0 0 0 0000000000000004 aaaaaaaa f aaaaaaaa 0 00 aaaaaaaa
0000000000000004 342005160000f000 0 00 00000000 0 0 0 0000000000000005 aaaaaaaa f aaaaaaaa 1 05 aaaaaaaa
0000000000000005 10810505003ff000 0 00 00000000 0 0 0 0000000000000006 aaaaaaaa f aaaaaaaa 1 05 aaaaaaaa
0000000000000006 106102040018f000 0 00 00000000 0 0 0 0000000000000007 aaaaaaaa f aaaaaaaa 1 02 aaaaaaaa
0000000000000007 0013150000000000 1 15 00000000 0 0 0 0000000000000008 aaaaaaaa f aaaaaaaa 0 00 aaaaaaaa
0000000000000008 342006150000f000 0 00 00000000 0 0 0 0000000000000009 aaaaaaaa f aaaaaaaa 1 06 aaaaaaaa
0000000000000009 340002020000f000 0 00 00000000 0 0 0 000000000000000a aaaaaaaa f aaaaaaaa 1 02 aaaaaaaa
000000000000000a 340006050000d000 0 00 00000000 0 0 0 000000000000000b aaaaaaaa d a20aa882 1 06 a20aa882
000000000000000b 104104027ffff000 0 00 00000000 0 0 0 000000000000000c aaaaaaaa f aaaaaaaa 1 04 aaaaaaaa
000000000000000c 343002000000f000 0 00 00000000 0 0 0 000000000000000d aaaaaaaa f aaaaaaaa 1 02 aaaaaaaa
000000000000000d 343005000000f000 0 00 00000000 0 0 0 000000000000000e aaaaaaaa f aaaaaaaa 1 05 aaaaaaaa
000000000000000e 100005020600f000 0 00 00000000 0 0 0 000000000000000f aaaaaaaa f aaaaaaaa 1 05 aaaaaaaa
000000000000000f 105105030001f000 0 00 00000000 0 0 0 0000000000000010 aaaaaaaa f aaaaaaaa 1 05 aaaaaaaa
0000000000000010 00131600ffffff00 1 16 ffffffff 0 0 0 0000000000000011 aaaaaaaa f aaaaaaaa 0 00 aaaaaaaa
0000000000000011 342003160000f000 0 00 00000000 0 0 0 0000000000000012 aaaaaaaa f aaaaaaaa 1 03 aaaaaaaa
0000000000000012 10810403000ff000 0 00 00000000 0 0 0 0000000000000013 aaaaaaaa f aaaaaaaa 1 04 aaaaaaaa
0000000000000013 103002040600f000 0 00 00000000 0 0 0 0000000000000014 aaaaaaaa f aaaaaaaa 1 02 aaaaaaaa
0000000000000014 340006060000f000 0 00 00000000 0 0 0 0000000000000015 aaaaaaaa f aaaaaaaa 1 06 aaaaaaaa
0000000000000015 10510203fffff000 0 00 00000000 0 0 0 0000000000000016 aaaaaaaa f aaaaaaaa 1 02 aaaaaaaa
0000000000000016 00131e0000000100 1 1e 00000001 0 0 0 0000000000000017 aaaaaaaa f aaaaaaaa 0 00 aaaaaaaa
0000000000000017 0023171700000100 1 17 00000001 0 0 0 0000000000000018 aaaaaaaa f aaaaaaaa 0 00 aaaaaaaa
0000000000000018 00731e1e00000100 1 1e 00000000 0 0 0 0000000000000019 aaaaaaaa f aaaaaaaa 0 00 aaaaaaaa
0000000000000019 0013180000000000 1 18 00000000 0 0 0 000000000000001a aaaaaaaa f aaaaaaaa 0 00 aaaaaaaa
000000000000001a 0102001e18000000 0 00 00000000 5 1 0 000000000000001b aaaaaaaa f aaaaaaaa 0 00 aaaaaaaa
000000000000001b 0215fffffb040000 0 00 00000000 5 1 0 000000000000001c aaaaaaaa f aaaaaaaa 0 00 aaaaaaaa
000000000000001c 7cf5000000000000 0 00 00000000 5 1 0 000000000000001d aaaaaaaa f aaaaaaaa 0 00 aaaaaaaa
DONE retired=29 fault=00 pc=000000000000001c
