0000000000000000 00131d0000000000 1 1d 00000000 0 0 0 0000000000000001
0000000000000001 0102000c0c000000 0 00 00000000 5 1 0 0000000000000002
0000000000000002 02150000030c0000 0 00 00000000 5 1 1 0000000000000006
0000000000000006 0023090766a4c800 1 09 0066a4c8 5 1 0 0000000000000007
0000000000000007 00520c1203000000 1 0c 00000000 5 1 0 0000000000000008
0000000000000008 0122000312000000 0 00 00000000 5 0 0 0000000000000009
0000000000000009 02150000010b0000 0 00 00000000 5 0 0 000000000000000a
000000000000000a 8506000000000000 0 00 00000000 5 0 0 000000000000000b
000000000000000b 00630a0e00000c00 1 0a 00000000 5 0 0 000000000000000c
000000000000000c 8506000000000000 0 00 00000000 5 0 0 000000000000000d
000000000000000d 00730313e088c300 1 03 001f773d 5 0 0 000000000000000e
000000000000000e 00130f005b556a00 1 0f 005b556a 5 0 0 000000000000000f
000000000000000f 8506000000000000 0 00 00000000 5 0 0 0000000000000010
0000000000000010 00a2100711000000 1 10 00000000 5 0 0 0000000000000011
0000000000000011 00130900051cd100 1 09 00051cd1 5 0 0 0000000000000012
0000000000000012 0112000207000000 0 00 00000000 5 0 0 0000000000000013
0000000000000013 0215000003040000 0 00 00000000 5 0 0 0000000000000014
0000000000000014 8506000000000000 0 00 00000000 5 0 0 0000000000000015
0000000000000015 8506000000000000 0 00 00000000 5 0 0 0000000000000016
0000000000000016 8506000000000000 0 00 00000000 5 0 0 0000000000000017
0000000000000017 8506000000000000 0 00 00000000 5 0 0 0000000000000018
0000000000000018 0013060000000000 1 06 00000000 5 0 0 0000000000000019
0000000000000019 8506000000000000 0 00 00000000 5 0 0 000000000000001a
000000000000001a 00131e0000000100 1 1e 00000001 5 0 0 000000000000001b
000000000000001b 0023151500000100 1 15 00000001 5 0 0 000000000000001c
000000000000001c 00731e1e00000100 1 1e 00000000 5 0 0 000000000000001d
000000000000001d 0102001e1d000000 0 00 00000000 5 1 0 000000000000001e
000000000000001e 0215fffffc040000 0 00 00000000 5 1 0 000000000000001f
000000000000001f 7cf5000000000000 0 00 00000000 5 1 0 0000000000000020
DONE retired=29 fault=00 pc=000000000000001f
