0000000000000000 0013140000004d00 1 14 0000004d 0 0 0 0000000000000001 55555555 f 55555555 0 00 55555555
0000000000000001 105106030000f000 0 00 00000000 0 0 0 0000000000000002 55555555 f 55555555 1 06 55555555
0000000000000002 103105060000f000 0 00 00000000 0 0 0 0000000000000003 55555555 f 55555555 1 05 55555555
0000000000000003 343006000000f000 0 00 00000000 0 0 0 0000000000000004 55555555 f 55555555 1 06 55555555
0000000000000004 101005020500f000 0 00 00000000 0 0 0 0000000000000005 55555555 f 55555555 1 05 55555555
0000000000000005 341104000000f000 0 00 00000000 0 0 0 0000000000000006 55555555 f 55555555 1 04 55555555
0000000000000006 00131500aaaaaa00 1 15 ffaaaaaa 0 0 0 0000000000000007 55555555 f 55555555 0 00 55555555
0000000000000007 342002150000f000 0 00 00000000 0 0 0 0000000000000008 55555555 f 55555555 1 02 55555555
0000000000000008 34110400c1a0f000 0 00 00000000 0 0 0 0000000000000009 55555555 f 55555555 1 04 55555555
0000000000000009 0013150000000000 1 15 00000000 0 0 0 000000000000000a 55555555 f 55555555 0 00 55555555
000000000000000a 342005150000f000 0 00 00000000 0 0 0 000000000000000b 55555555 f 55555555 1 05 55555555
000000000000000b 340002060000f000 0 00 00000000 0 0 0 000000000000000c 55555555 f 55555555 1 02 55555555
000000000000000c 102005040200f000 0 00 00000000 0 0 0 000000000000000d 55555555 f 55555555 1 05 55555555
000000000000000d 34110400e733f000 0 00 00000000 0 0 0 000000000000000e 55555555 f 55555555 1 04 55555555
000000000000000e 343006000000f000 0 00 00000000 0 0 0 000000000000000f 55555555 f 55555555 1 06 55555555
000000000000000f 0013150000000100 1 15 00000001 0 0 0 0000000000000010 55555555 f 55555555 0 00 55555555
0000000000000010 3420051500001000 0 00 00000000 0 0 0 0000000000000011 55555555 1 11044151 1 05 11044151
0000000000000011 103003030600f000 0 00 00000000 0 0 0 0000000000000012 55555555 f 55555555 1 03 55555555
0000000000000012 104006040200f000 0 00 00000000 0 0 0 0000000000000013 55555555 f 55555555 1 06 55555555
0000000000000013 100004060400f000 0 00 00000000 0 0 0 0000000000000014 55555555 f 55555555 1 04 55555555
0000000000000014 100004060400f000 0 00 00000000 0 0 0 0000000000000015 55555555 f 55555555 1 04 55555555
0000000000000015 100005060600f000 0 00 00000000 0 0 0 0000000000000016 55555555 f 55555555 1 05 55555555
0000000000000016 0013150000000100 1 15 00000001 0 0 0 0000000000000017 55555555 f 55555555 0 00 55555555
0000000000000017 342005150000f000 0 00 00000000 0 0 0 0000000000000018 55555555 f 55555555 1 05 55555555
0000000000000018 10610505000ff000 0 00 00000000 0 0 0 0000000000000019 55555555 f 55555555 1 05 55555555
0000000000000019 0013160000000000 1 16 00000000 0 0 0 000000000000001a 55555555 f 55555555 0 00 55555555
000000000000001a 342002160000f000 0 00 00000000 0 0 0 000000000000001b 55555555 f 55555555 1 02 55555555
000000000000001b 108106020022f000 0 00 00000000 0 0 0 000000000000001c 55555555 f 55555555 1 06 55555555
000000000000001c 3411050080002000 0 00 00000000 0 0 0 000000000000001d 55555555 2 55555555 1 05 55555555
000000000000001d 340005030000f000 0 00 00000000 0 0 0 000000000000001e 55555555 f 55555555 1 05 55555555
000000000000001e 00131e0000000300 1 1e 00000003 0 0 0 000000000000001f 55555555 f 55555555 0 00 55555555
000000000000001f 0023171700000100 1 17 00000001 0 0 0 0000000000000020 55555555 f 55555555 0 00 55555555
0000000000000020 00731e1e00000100 1 1e 00000002 0 0 0 0000000000000021 55555555 f 55555555 0 00 55555555
0000000000000021 0013180000000000 1 18 00000000 0 0 0 0000000000000022 55555555 f 55555555 0 00 55555555
0000000000000022 0102001e18000000 0 00 00000000 4 0 0 0000000000000023 55555555 f 55555555 0 00 55555555
0000000000000023 0215fffffb040000 0 00 00000000 4 0 1 000000000000001f 55555555 f 55555555 0 00 55555555
000000000000001f 0023171700000100 1 17 00000002 4 0 0 0000000000000020 55555555 f 55555555 0 00 55555555
0000000000000020 00731e1e00000100 1 1e 00000001 4 0 0 0000000000000021 55555555 f 55555555 0 00 55555555
0000000000000021 0013180000000000 1 18 00000000 4 0 0 0000000000000022 55555555 f 55555555 0 00 55555555
0000000000000022 0102001e18000000 0 00 00000000 4 0 0 0000000000000023 55555555 f 55555555 0 00 55555555
0000000000000023 0215fffffb040000 0 00 00000000 4 0 1 000000000000001f 55555555 f 55555555 0 00 55555555
000000000000001f 0023171700000100 1 17 00000003 4 0 0 0000000000000020 55555555 f 55555555 0 00 55555555
0000000000000020 00731e1e00000100 1 1e 00000000 4 0 0 0000000000000021 55555555 f 55555555 0 00 55555555
0000000000000021 0013180000000000 1 18 00000000 4 0 0 0000000000000022 55555555 f 55555555 0 00 55555555
0000000000000022 0102001e18000000 0 00 00000000 5 1 0 0000000000000023 55555555 f 55555555 0 00 55555555
0000000000000023 0215fffffb040000 0 00 00000000 5 1 0 0000000000000024 55555555 f 55555555 0 00 55555555
0000000000000024 7cf5000000000000 0 00 00000000 5 1 0 0000000000000025 55555555 f 55555555 0 00 55555555
DONE retired=47 fault=00 pc=0000000000000024
