0000000000000000 00131d0000000000 1 1d 00000000 0 0 0 0000000000000001
0000000000000001 0112000405000000 0 00 00000000 5 0 0 0000000000000002
0000000000000002 02150000010e0000 0 00 00000000 5 0 1 0000000000000004
0000000000000004 0022130e13000000 1 13 00000000 5 0 0 0000000000000005
0000000000000005 00a30b1100000300 1 0b 00000000 5 0 0 0000000000000006
0000000000000006 8506000000000000 0 00 00000000 5 0 0 0000000000000007
0000000000000007 00a3120c00000500 1 12 00000000 5 0 0 0000000000000008
0000000000000008 00a2140713000000 1 14 00000000 5 0 0 0000000000000009
0000000000000009 00a20c0d02000000 1 0c 00000000 5 0 0 000000000000000a
000000000000000a 8506000000000000 0 00 00000000 5 0 0 000000000000000b
000000000000000b 0032130401000000 1 13 00000000 5 0 0 000000000000000c
000000000000000c 00730a08aae7f700 1 0a 00551809 5 0 0 000000000000000d
000000000000000d 0306000000000a00 1 0a 00000000 5 0 0 000000000000000e
000000000000000e 0023020a55555500 1 02 00555555 5 0 0 000000000000000f
000000000000000f 0042100205000000 1 10 00000000 5 0 0 0000000000000010
0000000000000010 0062011414000000 1 01 00000000 5 0 0 0000000000000011
0000000000000011 00b3121000001c00 1 12 00000000 5 0 0 0000000000000012
0000000000000012 0112000a0b000000 0 00 00000000 5 0 0 0000000000000013
0000000000000013 0215000003010000 0 00 00000000 5 0 0 0000000000000014
0000000000000014 8506000000000000 0 00 00000000 5 0 0 0000000000000015
0000000000000015 8506000000000000 0 00 00000000 5 0 0 0000000000000016
0000000000000016 8506000000000000 0 00 00000000 5 0 0 0000000000000017
0000000000000017 00130a00b4730600 1 0a ffb47306 5 0 0 0000000000000018
0000000000000018 0306000000000900 1 09 00000000 5 0 0 0000000000000019
0000000000000019 004207060f000000 1 07 00000000 5 0 0 000000000000001a
000000000000001a 0022031302000000 1 03 00555555 5 0 0 000000000000001b
000000000000001b 0013020055555500 1 02 00555555 5 0 0 000000000000001c
000000000000001c 00520b0e09000000 1 0b 00000000 5 0 0 000000000000001d
000000000000001d 00b2011206000000 1 01 00000000 5 0 0 000000000000001e
000000000000001e 00130d0020e32d00 1 0d 0020e32d 5 0 0 000000000000001f
000000000000001f 0013040019380e00 1 04 0019380e 5 0 0 0000000000000020
0000000000000020 00130c00cc506700 1 0c ffcc5067 5 0 0 0000000000000021
0000000000000021 0063010d00001b00 1 01 68000000 5 0 0 0000000000000022
0000000000000022 0072041305000000 1 04 00000000 5 0 0 0000000000000023
0000000000000023 0072110108000000 1 11 68000000 5 0 0 0000000000000024
0000000000000024 00730a04554ab000 1 0a ffaab550 5 0 0 0000000000000025
0000000000000025 0013110055555500 1 11 00555555 5 0 0 0000000000000026
0000000000000026 00b30d0100001700 1 0d 000000d0 5 0 0 0000000000000027
0000000000000027 011200110a000000 0 00 00000000 0 0 0 0000000000000028
0000000000000028 02150000010c0000 0 00 00000000 0 0 1 000000000000002a
000000000000002a 00a3060600000300 1 06 00000000 0 0 0 000000000000002b
000000000000002b 001309000684dd00 1 09 000684dd 0 0 0 000000000000002c
000000000000002c 8506000000000000 0 00 00000000 0 0 0 000000000000002d
000000000000002d 00130300f8a07600 1 03 fff8a076 0 0 0 000000000000002e
000000000000002e 0092090700000000 1 09 ffffffff 0 0 0 000000000000002f
000000000000002f 006202100b000000 1 02 00000000 0 0 0 0000000000000030
0000000000000030 8506000000000000 0 00 00000000 0 0 0 0000000000000031
0000000000000031 00131e0000000300 1 1e 00000003 0 0 0 0000000000000032
0000000000000032 0023151500000100 1 15 00000001 0 0 0 0000000000000033
0000000000000033 00731e1e00000100 1 1e 00000002 0 0 0 0000000000000034
0000000000000034 0102001e1d000000 0 00 00000000 4 0 0 0000000000000035
0000000000000035 0215fffffc040000 0 00 00000000 4 0 1 0000000000000032
0000000000000032 0023151500000100 1 15 00000002 4 0 0 0000000000000033
0000000000000033 00731e1e00000100 1 1e 00000001 4 0 0 0000000000000034
0000000000000034 0102001e1d000000 0 00 00000000 4 0 0 0000000000000035
0000000000000035 0215fffffc040000 0 00 00000000 4 0 1 0000000000000032
0000000000000032 0023151500000100 1 15 00000003 4 0 0 0000000000000033
0000000000000033 00731e1e00000100 1 1e 00000000 4 0 0 0000000000000034
0000000000000034 0102001e1d000000 0 00 00000000 5 1 0 0000000000000035
0000000000000035 0215fffffc040000 0 00 00000000 5 1 0 0000000000000036
0000000000000036 7cf5000000000000 0 00 00000000 5 1 0 0000000000000037
DONE retired=61 fault=00 pc=0000000000000036
