0000000000000000 0013140000004d00 1 14 0000004d 0 0 0 0000000000000001 301d6935 f 301d6935 0 00 301d6935
0000000000000001 107106040000f000 0 00 00000000 0 0 0 0000000000000002 301d6935 f 301d6935 1 06 301d6935
0000000000000002 103005040400f000 0 00 00000000 0 0 0 0000000000000003 301d6935 f 301d6935 1 05 301d6935
0000000000000003 105102050001f000 0 00 00000000 0 0 0 0000000000000004 301d6935 f 301d6935 1 02 301d6935
0000000000000004 340003020000f000 0 00 00000000 0 0 0 0000000000000005 301d6935 f 301d6935 1 03 301d6935
0000000000000005 106106050010f000 0 00 00000000 0 0 0 0000000000000006 301d6935 f 301d6935 1 06 301d6935
0000000000000006 10310404fffff000 0 00 00000000 0 0 0 0000000000000007 301d6935 f 301d6935 1 04 301d6935
0000000000000007 3400040600001000 0 00 00000000 0 0 0 0000000000000008 301d6935 1 00000000 1 04 00000000
0000000000000008 106105050021f000 0 00 00000000 0 0 0 0000000000000009 301d6935 f 301d6935 1 05 301d6935
0000000000000009 103003030200f000 0 00 00000000 0 0 0 000000000000000a 301d6935 f 301d6935 1 03 301d6935
000000000000000a 10010405fffff000 0 00 00000000 0 0 0 000000000000000b 301d6935 f 301d6935 1 04 301d6935
000000000000000b 341103007ffff000 0 00 00000000 0 0 0 000000000000000c 301d6935 f 301d6935 1 03 301d6935
000000000000000c 00131500aaaaaa00 1 15 ffaaaaaa 0 0 0 000000000000000d 301d6935 f 301d6935 0 00 301d6935
000000000000000d 342002150000f000 0 00 00000000 0 0 0 000000000000000e 301d6935 f 301d6935 1 02 301d6935
000000000000000e 100003050500f000 0 00 00000000 0 0 0 000000000000000f 301d6935 f 301d6935 1 03 301d6935
000000000000000f 103103064454f000 0 00 00000000 0 0 0 0000000000000010 301d6935 f 301d6935 1 03 301d6935
0000000000000010 104103030000f000 0 00 00000000 0 0 0 0000000000000011 301d6935 f 301d6935 1 03 301d6935
0000000000000011 107104060010f000 0 00 00000000 0 0 0 0000000000000012 301d6935 f 301d6935 1 04 301d6935
0000000000000012 105003050500a000 0 00 00000000 0 0 0 0000000000000013 301d6935 a 10086001 1 03 10086001
0000000000000013 3430060000004000 0 00 00000000 0 0 0 0000000000000014 301d6935 4 00000000 1 06 00000000
0000000000000014 3400030600003000 0 00 00000000 0 0 0 0000000000000015 301d6935 3 00000000 1 03 00000000
0000000000000015 343002000000f000 0 00 00000000 0 0 0 0000000000000016 301d6935 f 301d6935 1 02 301d6935
0000000000000016 340004030000f000 0 00 00000000 0 0 0 0000000000000017 301d6935 f 301d6935 1 04 301d6935
0000000000000017 101002050400f000 0 00 00000000 0 0 0 0000000000000018 301d6935 f 301d6935 1 02 301d6935
0000000000000018 107106040000f000 0 00 00000000 0 0 0 0000000000000019 301d6935 f 301d6935 1 06 301d6935
0000000000000019 0013150000000100 1 15 00000001 0 0 0 000000000000001a 301d6935 f 301d6935 0 00 301d6935
000000000000001a 342005150000f000 0 00 00000000 0 0 0 000000000000001b 301d6935 f 301d6935 1 05 301d6935
000000000000001b 00131e0000000300 1 1e 00000003 0 0 0 000000000000001c 301d6935 f 301d6935 0 00 301d6935
000000000000001c 0023171700000100 1 17 00000001 0 0 0 000000000000001d 301d6935 f 301d6935 0 00 301d6935
000000000000001d 00731e1e00000100 1 1e 00000002 0 0 0 000000000000001e 301d6935 f 301d6935 0 00 301d6935
000000000000001e 0013180000000000 1 18 00000000 0 0 0 000000000000001f 301d6935 f 301d6935 0 00 301d6935
000000000000001f 0102001e18000000 0 00 00000000 4 0 0 0000000000000020 301d6935 f 301d6935 0 00 301d6935
0000000000000020 0215fffffb040000 0 00 00000000 4 0 1 000000000000001c 301d6935 f 301d6935 0 00 301d6935
000000000000001c 0023171700000100 1 17 00000002 4 0 0 000000000000001d 301d6935 f 301d6935 0 00 301d6935
000000000000001d 00731e1e00000100 1 1e 00000001 4 0 0 000000000000001e 301d6935 f 301d6935 0 00 301d6935
000000000000001e 0013180000000000 1 18 00000000 4 0 0 000000000000001f 301d6935 f 301d6935 0 00 301d6935
000000000000001f 0102001e18000000 0 00 00000000 4 0 0 0000000000000020 301d6935 f 301d6935 0 00 301d6935
0000000000000020 0215fffffb040000 0 00 00000000 4 0 1 000000000000001c 301d6935 f 301d6935 0 00 301d6935
000000000000001c 0023171700000100 1 17 00000003 4 0 0 000000000000001d 301d6935 f 301d6935 0 00 301d6935
000000000000001d 00731e1e00000100 1 1e 00000000 4 0 0 000000000000001e 301d6935 f 301d6935 0 00 301d6935
000000000000001e 0013180000000000 1 18 00000000 4 0 0 000000000000001f 301d6935 f 301d6935 0 00 301d6935
000000000000001f 0102001e18000000 0 00 00000000 5 1 0 0000000000000020 301d6935 f 301d6935 0 00 301d6935
0000000000000020 0215fffffb040000 0 00 00000000 5 1 0 0000000000000021 301d6935 f 301d6935 0 00 301d6935
0000000000000021 7cf5000000000000 0 00 00000000 5 1 0 0000000000000022 301d6935 f 301d6935 0 00 301d6935
DONE retired=44 fault=00 pc=0000000000000021
