0000000000000000 00131d0000000000 1 1d 00000000 0 0 0 0000000000000001
0000000000000001 0032110a0f000000 1 11 00000000 0 0 0 0000000000000002
0000000000000002 00920d0400000000 1 0d ffffffff 0 0 0 0000000000000003
0000000000000003 0092020c00000000 1 02 ffffffff 0 0 0 0000000000000004
0000000000000004 0092070b00000000 1 07 ffffffff 0 0 0 0000000000000005
0000000000000005 0062050511000000 1 05 00000000 0 0 0 0000000000000006
0000000000000006 0063060d00000900 1 06 fffffe00 0 0 0 0000000000000007
0000000000000007 00130c0055555500 1 0c 00555555 0 0 0 0000000000000008
0000000000000008 0013030000000000 1 03 00000000 0 0 0 0000000000000009
0000000000000009 011200080c000000 0 00 00000000 2 1 0 000000000000000a
000000000000000a 02150000010d0000 0 00 00000000 2 1 1 000000000000000c
000000000000000c 00130a002d804500 1 0a 002d8045 2 1 0 000000000000000d
000000000000000d 011200040b000000 0 00 00000000 5 0 0 000000000000000e
000000000000000e 0215000002020000 0 00 00000000 5 0 1 0000000000000011
0000000000000011 00a3140100000000 1 14 00000000 5 0 0 0000000000000012
0000000000000012 0306000000001300 1 13 00000000 5 0 0 0000000000000013
0000000000000013 8506000000000000 0 00 00000000 5 0 0 0000000000000014
0000000000000014 0052040d02000000 1 04 ffffffff 5 0 0 0000000000000015
0000000000000015 8506000000000000 0 00 00000000 5 0 0 0000000000000016
0000000000000016 0112001003000000 0 00 00000000 5 0 0 0000000000000017
0000000000000017 02150000030b0000 0 00 00000000 5 0 0 0000000000000018
0000000000000018 8506000000000000 0 00 00000000 5 0 0 0000000000000019
0000000000000019 8506000000000000 0 00 00000000 5 0 0 000000000000001a
000000000000001a 8506000000000000 0 00 00000000 5 0 0 000000000000001b
000000000000001b 0062130106000000 1 13 00000000 5 0 0 000000000000001c
000000000000001c 0032110511000000 1 11 00000000 5 0 0 000000000000001d
000000000000001d 00230805ffffff00 1 08 ffffffff 5 0 0 000000000000001e
000000000000001e 8506000000000000 0 00 00000000 5 0 0 000000000000001f
000000000000001f 00130400acb84800 1 04 ffacb848 5 0 0 0000000000000020
0000000000000020 00230a07e4186900 1 0a ffe41868 5 0 0 0000000000000021
0000000000000021 8506000000000000 0 00 00000000 5 0 0 0000000000000022
0000000000000022 0062050112000000 1 05 00000000 5 0 0 0000000000000023
0000000000000023 0122000502000000 0 00 00000000 0 1 0 0000000000000024
0000000000000024 0215000002020000 0 00 00000000 0 1 0 0000000000000025
0000000000000025 8506000000000000 0 00 00000000 0 1 0 0000000000000026
0000000000000026 8506000000000000 0 00 00000000 0 1 0 0000000000000027
0000000000000027 00920a0b00000000 1 0a ffffffff 0 1 0 0000000000000028
0000000000000028 00b20e0a01000000 1 0e ffffffff 0 1 0 0000000000000029
0000000000000029 8506000000000000 0 00 00000000 0 1 0 000000000000002a
000000000000002a 8506000000000000 0 00 00000000 0 1 0 000000000000002b
000000000000002b 0013050084f8a400 1 05 ff84f8a4 0 1 0 000000000000002c
000000000000002c 00131e0000000400 1 1e 00000004 0 1 0 000000000000002d
000000000000002d 0023151500000100 1 15 00000001 0 1 0 000000000000002e
000000000000002e 00731e1e00000100 1 1e 00000003 0 1 0 000000000000002f
000000000000002f 0102001e1d000000 0 00 00000000 4 0 0 0000000000000030
0000000000000030 0215fffffc040000 0 00 00000000 4 0 1 000000000000002d
000000000000002d 0023151500000100 1 15 00000002 4 0 0 000000000000002e
000000000000002e 00731e1e00000100 1 1e 00000002 4 0 0 000000000000002f
000000000000002f 0102001e1d000000 0 00 00000000 4 0 0 0000000000000030
0000000000000030 0215fffffc040000 0 00 00000000 4 0 1 000000000000002d
000000000000002d 0023151500000100 1 15 00000003 4 0 0 000000000000002e
000000000000002e 00731e1e00000100 1 1e 00000001 4 0 0 000000000000002f
000000000000002f 0102001e1d000000 0 00 00000000 4 0 0 0000000000000030
0000000000000030 0215fffffc040000 0 00 00000000 4 0 1 000000000000002d
000000000000002d 0023151500000100 1 15 00000004 4 0 0 000000000000002e
000000000000002e 00731e1e00000100 1 1e 00000000 4 0 0 000000000000002f
000000000000002f 0102001e1d000000 0 00 00000000 5 1 0 0000000000000030
0000000000000030 0215fffffc040000 0 00 00000000 5 1 0 0000000000000031
0000000000000031 7cf5000000000000 0 00 00000000 5 1 0 0000000000000032
DONE retired=59 fault=00 pc=0000000000000031
