0000000000000000 0013140000004d00 1 14 0000004d 0 0 0 0000000000000001 80000001 f 80000001 0 00 80000001
0000000000000001 341102007ffff000 0 00 00000000 0 0 0 0000000000000002 80000001 f 80000001 1 02 80000001
0000000000000002 10710603001ff000 0 00 00000000 0 0 0 0000000000000003 80000001 f 80000001 1 06 80000001
0000000000000003 100103057ffff000 0 00 00000000 0 0 0 0000000000000004 80000001 f 80000001 1 03 80000001
0000000000000004 0013160000000000 1 16 00000000 0 0 0 0000000000000005 80000001 f 80000001 0 00 80000001
0000000000000005 342006160000f000 0 00 00000000 0 0 0 0000000000000006 80000001 f 80000001 1 06 80000001
0000000000000006 10810506000ff000 0 00 00000000 0 0 0 0000000000000007 80000001 f 80000001 1 05 80000001
0000000000000007 00131500ffffff00 1 15 ffffffff 0 0 0 0000000000000008 80000001 f 80000001 0 00 80000001
0000000000000008 342004150000f000 0 00 00000000 0 0 0 0000000000000009 80000001 f 80000001 1 04 80000001
0000000000000009 3411030085c6f000 0 00 00000000 0 0 0 000000000000000a 80000001 f 80000001 1 03 80000001
000000000000000a 104003040200f000 0 00 00000000 0 0 0 000000000000000b 80000001 f 80000001 1 03 80000001
000000000000000b 0013160000000000 1 16 00000000 0 0 0 000000000000000c 80000001 f 80000001 0 00 80000001
000000000000000c 342006160000f000 0 00 00000000 0 0 0 000000000000000d 80000001 f 80000001 1 06 80000001
000000000000000d 108103060021f000 0 00 00000000 0 0 0 000000000000000e 80000001 f 80000001 1 03 80000001
000000000000000e 10710405000ff000 0 00 00000000 0 0 0 000000000000000f 80000001 f 80000001 1 04 80000001
000000000000000f 3400040500000000 0 00 00000000 0 0 0 0000000000000010 80000001 0 80000000 1 04 80000000
0000000000000010 104003040400f000 0 00 00000000 0 0 0 0000000000000011 80000001 f 80000001 1 03 80000001
0000000000000011 107102040020f000 0 00 00000000 0 0 0 0000000000000012 80000001 f 80000001 1 02 80000001
0000000000000012 0013160000000100 1 16 00000001 0 0 0 0000000000000013 80000001 f 80000001 0 00 80000001
0000000000000013 342003160000f000 0 00 00000000 0 0 0 0000000000000014 80000001 f 80000001 1 03 80000001
0000000000000014 108105030000f000 0 00 00000000 0 0 0 0000000000000015 80000001 f 80000001 1 05 80000001
0000000000000015 343005000000f000 0 00 00000000 0 0 0 0000000000000016 80000001 f 80000001 1 05 80000001
0000000000000016 1000020205006000 0 00 00000000 0 0 0 0000000000000017 80000001 6 80000000 1 02 80000000
0000000000000017 00131e0000000200 1 1e 00000002 0 0 0 0000000000000018 80000001 f 80000001 0 00 80000001
0000000000000018 0023171700000100 1 17 00000001 0 0 0 0000000000000019 80000001 f 80000001 0 00 80000001
0000000000000019 00731e1e00000100 1 1e 00000001 0 0 0 000000000000001a 80000001 f 80000001 0 00 80000001
000000000000001a 0013180000000000 1 18 00000000 0 0 0 000000000000001b 80000001 f 80000001 0 00 80000001
000000000000001b 0102001e18000000 0 00 00000000 4 0 0 000000000000001c 80000001 f 80000001 0 00 80000001
000000000000001c 0215fffffb040000 0 00 00000000 4 0 1 0000000000000018 80000001 f 80000001 0 00 80000001
0000000000000018 0023171700000100 1 17 00000002 4 0 0 0000000000000019 80000001 f 80000001 0 00 80000001
0000000000000019 00731e1e00000100 1 1e 00000000 4 0 0 000000000000001a 80000001 f 80000001 0 00 80000001
000000000000001a 0013180000000000 1 18 00000000 4 0 0 000000000000001b 80000001 f 80000001 0 00 80000001
000000000000001b 0102001e18000000 0 00 00000000 5 1 0 000000000000001c 80000001 f 80000001 0 00 80000001
000000000000001c 0215fffffb040000 0 00 00000000 5 1 0 000000000000001d 80000001 f 80000001 0 00 80000001
000000000000001d 7cf5000000000000 0 00 00000000 5 1 0 000000000000001e 80000001 f 80000001 0 00 80000001
DONE retired=35 fault=00 pc=000000000000001d
