0000000000000000 00131d0000000000 1 1d 00000000 0 0 0 0000000000000001
0000000000000001 0112000d0f000000 0 00 00000000 5 0 0 0000000000000002
0000000000000002 02150000010e0000 0 00 00000000 5 0 1 0000000000000004
0000000000000004 0013120023a69100 1 12 0023a691 5 0 0 0000000000000005
0000000000000005 0042131201000000 1 13 00000000 5 0 0 0000000000000006
0000000000000006 0013130055555500 1 13 00555555 5 0 0 0000000000000007
0000000000000007 0102000501000000 0 00 00000000 5 1 0 0000000000000008
0000000000000008 02150000020e0000 0 00 00000000 5 1 1 000000000000000b
000000000000000b 0092110f00000000 1 11 ffffffff 5 1 0 000000000000000c
000000000000000c 0023110baaaaaa00 1 11 ffaaaaaa 5 1 0 000000000000000d
000000000000000d 008201070a000000 1 01 00000000 5 1 0 000000000000000e
000000000000000e 0052060909000000 1 06 00000000 5 1 0 000000000000000f
000000000000000f 00130700ffffff00 1 07 ffffffff 5 1 0 0000000000000010
0000000000000010 0306000000000f00 1 0f 00000000 5 1 0 0000000000000011
0000000000000011 007214070a000000 1 14 ffffffff 5 1 0 0000000000000012
0000000000000012 8506000000000000 0 00 00000000 5 1 0 0000000000000013
0000000000000013 8506000000000000 0 00 00000000 5 1 0 0000000000000014
0000000000000014 007314095b9d1e00 1 14 ffa462e2 5 1 0 0000000000000015
0000000000000015 00130e002dd43500 1 0e 002dd435 5 1 0 0000000000000016
0000000000000016 0112000a02000000 0 00 00000000 5 0 0 0000000000000017
0000000000000017 0215000002010000 0 00 00000000 5 0 0 0000000000000018
0000000000000018 8506000000000000 0 00 00000000 5 0 0 0000000000000019
0000000000000019 8506000000000000 0 00 00000000 5 0 0 000000000000001a
000000000000001a 8506000000000000 0 00 00000000 5 0 0 000000000000001b
000000000000001b 8506000000000000 0 00 00000000 5 0 0 000000000000001c
000000000000001c 8506000000000000 0 00 00000000 5 0 0 000000000000001d
000000000000001d 8506000000000000 0 00 00000000 5 0 0 000000000000001e
000000000000001e 0306000000000e00 1 0e 00000000 5 0 0 000000000000001f
000000000000001f 8506000000000000 0 00 00000000 5 0 0 0000000000000020
0000000000000020 0013140056493700 1 14 00564937 5 0 0 0000000000000021
0000000000000021 8506000000000000 0 00 00000000 5 0 0 0000000000000022
0000000000000022 8506000000000000 0 00 00000000 5 0 0 0000000000000023
0000000000000023 00131e0000000400 1 1e 00000004 5 0 0 0000000000000024
0000000000000024 0023151500000100 1 15 00000001 5 0 0 0000000000000025
0000000000000025 00731e1e00000100 1 1e 00000003 5 0 0 0000000000000026
0000000000000026 0102001e1d000000 0 00 00000000 4 0 0 0000000000000027
0000000000000027 0215fffffc040000 0 00 00000000 4 0 1 0000000000000024
0000000000000024 0023151500000100 1 15 00000002 4 0 0 0000000000000025
0000000000000025 00731e1e00000100 1 1e 00000002 4 0 0 0000000000000026
0000000000000026 0102001e1d000000 0 00 00000000 4 0 0 0000000000000027
0000000000000027 0215fffffc040000 0 00 00000000 4 0 1 0000000000000024
0000000000000024 0023151500000100 1 15 00000003 4 0 0 0000000000000025
0000000000000025 00731e1e00000100 1 1e 00000001 4 0 0 0000000000000026
0000000000000026 0102001e1d000000 0 00 00000000 4 0 0 0000000000000027
0000000000000027 0215fffffc040000 0 00 00000000 4 0 1 0000000000000024
0000000000000024 0023151500000100 1 15 00000004 4 0 0 0000000000000025
0000000000000025 00731e1e00000100 1 1e 00000000 4 0 0 0000000000000026
0000000000000026 0102001e1d000000 0 00 00000000 5 1 0 0000000000000027
0000000000000027 0215fffffc040000 0 00 00000000 5 1 0 0000000000000028
0000000000000028 7cf5000000000000 0 00 00000000 5 1 0 0000000000000029
DONE retired=50 fault=00 pc=0000000000000028
