0000000000000000 343001000000f000 0 00 00000000 0 0 0 0 0 0 0000000000000001 ffffffff f ffffffff 1 01
0000000000000001 341107000001f000 0 00 00000000 0 0 0 0 0 0 0000000000000002 ffffffff f ffffffff 1 07
0000000000000002 34110c000003f000 0 00 00000000 0 0 0 0 0 0 0000000000000003 ffffffff f ffffffff 1 0c
0000000000000003 101005070100f000 0 00 00000000 0 0 0 0 0 0 0000000000000004 ffffffff f ffffffff 1 05
0000000000000004 3019a0a070000000 0 00 00000000 0 0 0 0 0 0 0000000000000005 ffffffff f ffffffff 0 00
0000000000000005 7c15000019a0001a 0 00 00000000 0 0 0 0 0 0 0000000000000006 ffffffff f ffffffff 0 00
0000000000000006 3019001070000000 0 00 00000000 0 0 0 0 0 0 0000000000000007 ffffffff f ffffffff 0 00
0000000000000007 7c15000002000014 0 00 00000000 0 0 0 0 0 0 0000000000000008 fffffffd f fffffffd 0 00
0000000000000008 101004040700f000 0 00 00000000 0 0 0 0 0 0 0000000000000009 fffffffd f fffffffd 1 04
0000000000000009 0205000012000000 0 00 00000000 0 0 0 0 0 1 000000000000001c fffffffd f fffffffd 0 00
000000000000001c 7c25000000000000 0 00 00000000 0 0 0 0 0 0 000000000000000a 00000002 f 00000002 0 00
000000000000000a 3049201070000000 0 00 00000000 0 0 0 0 0 0 000000000000000b 00000002 f 00000002 0 00
000000000000000b 7c1500000220000f 0 00 00000000 0 0 0 0 0 0 000000000000000e 00000002 f 00000002 0 00
000000000000000e 300980a070000000 0 00 00000000 0 0 0 0 0 0 000000000000000f 00000002 f 00000002 0 00
000000000000000f 7c15000002800003 0 00 00000000 0 0 0 0 0 0 0000000000000012 00000002 f 00000002 0 00
0000000000000012 10100c040c00f000 0 00 00000000 0 0 0 0 0 0 0000000000000013 00000002 f 00000002 1 0c
0000000000000013 7c25000000000000 0 00 00000000 0 0 0 0 0 0 0000000000000014 00000002 f 00000002 0 00
0000000000000014 3009b0b0c0000000 0 00 00000000 0 0 0 0 0 0 0000000000000015 00000002 f 00000002 0 00
0000000000000015 7c15000003b00004 0 00 00000000 0 0 0 0 0 0 0000000000000019 00000002 f 00000002 0 00
0000000000000019 34110300000af000 0 00 00000000 0 0 0 0 0 0 000000000000001a 00000002 f 00000002 1 03
000000000000001a 7c25000000000000 0 00 00000000 0 0 0 0 0 0 000000000000001b 00000002 f 00000002 0 00
000000000000001b 7c25000000000000 0 00 00000000 0 0 0 0 0 0 000000000000001c 00000002 f 00000002 0 00
000000000000001c 7c25000000000000 0 00 00000000 0 0 0 0 0 0 000000000000001d ffffffff f ffffffff 0 00
000000000000001d 1010050c0100f000 0 00 00000000 0 0 0 0 0 0 000000000000001e ffffffff f ffffffff 1 05
000000000000001e 0205000001000000 0 00 00000000 0 0 0 0 0 1 0000000000000020 ffffffff f ffffffff 0 00
0000000000000020 7c25000000000000 0 00 00000000 0 0 0 0 0 0 0000000000000021 ffffffff f ffffffff 0 00
0000000000000021 1010030c0300f000 0 00 00000000 0 0 0 0 0 0 0000000000000022 ffffffff f ffffffff 1 03
0000000000000022 7cf5000000000000 0 00 00000000 0 0 0 0 0 0 0000000000000023 ffffffff f ffffffff 0 00
