0000000000000000 00131d0000000000 1 1d 00000000 0 0 0 0000000000000001
0000000000000001 0082030705000000 1 03 00000000 0 0 0 0000000000000002
0000000000000002 8506000000000000 0 00 00000000 0 0 0 0000000000000003
0000000000000003 0122000f05000000 0 00 00000000 5 0 0 0000000000000004
0000000000000004 02150000020d0000 0 00 00000000 5 0 0 0000000000000005
0000000000000005 8506000000000000 0 00 00000000 5 0 0 0000000000000006
0000000000000006 8506000000000000 0 00 00000000 5 0 0 0000000000000007
0000000000000007 004205090c000000 1 05 00000000 5 0 0 0000000000000008
0000000000000008 00520f0307000000 1 0f 00000000 5 0 0 0000000000000009
0000000000000009 00230414f1d26a00 1 04 fff1d26a 5 0 0 000000000000000a
000000000000000a 00730b0a00000000 1 0b 00000000 5 0 0 000000000000000b
000000000000000b 0092030600000000 1 03 ffffffff 5 0 0 000000000000000c
000000000000000c 00130b00e6c8fc00 1 0b ffe6c8fc 5 0 0 000000000000000d
000000000000000d 00130f00ffffff00 1 0f ffffffff 5 0 0 000000000000000e
000000000000000e 0092131200000000 1 13 ffffffff 5 0 0 000000000000000f
000000000000000f 8506000000000000 0 00 00000000 5 0 0 0000000000000010
0000000000000010 0122000501000000 0 00 00000000 5 0 0 0000000000000011
0000000000000011 02150000030d0000 0 00 00000000 5 0 0 0000000000000012
0000000000000012 8506000000000000 0 00 00000000 5 0 0 0000000000000013
0000000000000013 8506000000000000 0 00 00000000 5 0 0 0000000000000014
0000000000000014 8506000000000000 0 00 00000000 5 0 0 0000000000000015
0000000000000015 0013010000000100 1 01 00000001 5 0 0 0000000000000016
0000000000000016 00a2050911000000 1 05 00000000 5 0 0 0000000000000017
0000000000000017 8506000000000000 0 00 00000000 5 0 0 0000000000000018
0000000000000018 001307002fef1c00 1 07 002fef1c 5 0 0 0000000000000019
0000000000000019 00a3090a00000100 1 09 00000000 5 0 0 000000000000001a
000000000000001a 0112001304000000 0 00 00000000 4 0 0 000000000000001b
000000000000001b 0215000003010000 0 00 00000000 4 0 0 000000000000001c
000000000000001c 8506000000000000 0 00 00000000 4 0 0 000000000000001d
000000000000001d 8506000000000000 0 00 00000000 4 0 0 000000000000001e
000000000000001e 8506000000000000 0 00 00000000 4 0 0 000000000000001f
000000000000001f 8506000000000000 0 00 00000000 4 0 0 0000000000000020
0000000000000020 00131e0000000200 1 1e 00000002 4 0 0 0000000000000021
0000000000000021 0023151500000100 1 15 00000001 4 0 0 0000000000000022
0000000000000022 00731e1e00000100 1 1e 00000001 4 0 0 0000000000000023
0000000000000023 0102001e1d000000 0 00 00000000 4 0 0 0000000000000024
0000000000000024 0215fffffc040000 0 00 00000000 4 0 1 0000000000000021
0000000000000021 0023151500000100 1 15 00000002 4 0 0 0000000000000022
0000000000000022 00731e1e00000100 1 1e 00000000 4 0 0 0000000000000023
0000000000000023 0102001e1d000000 0 00 00000000 5 1 0 0000000000000024
0000000000000024 0215fffffc040000 0 00 00000000 5 1 0 0000000000000025
0000000000000025 7cf5000000000000 0 00 00000000 5 1 0 0000000000000026
DONE retired=42 fault=00 pc=0000000000000025
