0000000000000000 00131d0000000000 1 1d 00000000 0 0 0 0000000000000001
0000000000000001 00131100a312a800 1 11 ffa312a8 0 0 0 0000000000000002
0000000000000002 012200140d000000 0 00 00000000 5 0 0 0000000000000003
0000000000000003 0215000001020000 0 00 00000000 5 0 1 0000000000000005
0000000000000005 00320d0e11000000 1 0d 00000000 5 0 0 0000000000000006
0000000000000006 8506000000000000 0 00 00000000 5 0 0 0000000000000007
0000000000000007 0306000000000e00 1 0e 00000000 5 0 0 0000000000000008
0000000000000008 00820a0406000000 1 0a 00000000 5 0 0 0000000000000009
0000000000000009 8506000000000000 0 00 00000000 5 0 0 000000000000000a
000000000000000a 00920d1200000000 1 0d ffffffff 5 0 0 000000000000000b
000000000000000b 8506000000000000 0 00 00000000 5 0 0 000000000000000c
000000000000000c 0112000907000000 0 00 00000000 5 0 0 000000000000000d
000000000000000d 0215000001030000 0 00 00000000 5 0 1 000000000000000f
000000000000000f 0013110023357d00 1 11 0023357d 5 0 0 0000000000000010
0000000000000010 00b3110100002000 1 11 00000000 5 0 0 0000000000000011
0000000000000011 0052130901000000 1 13 00000000 5 0 0 0000000000000012
0000000000000012 00130300ffffff00 1 03 ffffffff 5 0 0 0000000000000013
0000000000000013 8506000000000000 0 00 00000000 5 0 0 0000000000000014
0000000000000014 0082010c13000000 1 01 00000000 5 0 0 0000000000000015
0000000000000015 00b210090f000000 1 10 00000000 5 0 0 0000000000000016
0000000000000016 00130d00280ad500 1 0d 00280ad5 5 0 0 0000000000000017
0000000000000017 0092070a00000000 1 07 ffffffff 5 0 0 0000000000000018
0000000000000018 010200060f000000 0 00 00000000 5 1 0 0000000000000019
0000000000000019 02150000030d0000 0 00 00000000 5 1 0 000000000000001a
000000000000001a 8506000000000000 0 00 00000000 5 1 0 000000000000001b
000000000000001b 8506000000000000 0 00 00000000 5 1 0 000000000000001c
000000000000001c 8506000000000000 0 00 00000000 5 1 0 000000000000001d
000000000000001d 8506000000000000 0 00 00000000 5 1 0 000000000000001e
000000000000001e 8506000000000000 0 00 00000000 5 1 0 000000000000001f
000000000000001f 00420c0d02000000 1 0c 00000000 5 1 0 0000000000000020
0000000000000020 00630b1200000000 1 0b 00000000 5 1 0 0000000000000021
0000000000000021 8506000000000000 0 00 00000000 5 1 0 0000000000000022
0000000000000022 010200070e000000 0 00 00000000 6 0 0 0000000000000023
0000000000000023 0215000003040000 0 00 00000000 6 0 1 0000000000000027
0000000000000027 8506000000000000 0 00 00000000 6 0 0 0000000000000028
0000000000000028 001303008a3fab00 1 03 ff8a3fab 6 0 0 0000000000000029
0000000000000029 8506000000000000 0 00 00000000 6 0 0 000000000000002a
000000000000002a 00230c0b89d95a00 1 0c ff89d95a 6 0 0 000000000000002b
000000000000002b 011200020e000000 0 00 00000000 5 0 0 000000000000002c
000000000000002c 02150000010c0000 0 00 00000000 5 0 1 000000000000002e
000000000000002e 0013140048a47300 1 14 0048a473 5 0 0 000000000000002f
000000000000002f 8506000000000000 0 00 00000000 5 0 0 0000000000000030
0000000000000030 8506000000000000 0 00 00000000 5 0 0 0000000000000031
0000000000000031 8506000000000000 0 00 00000000 5 0 0 0000000000000032
0000000000000032 00131e0000000300 1 1e 00000003 5 0 0 0000000000000033
0000000000000033 0023151500000100 1 15 00000001 5 0 0 0000000000000034
0000000000000034 00731e1e00000100 1 1e 00000002 5 0 0 0000000000000035
0000000000000035 0102001e1d000000 0 00 00000000 4 0 0 0000000000000036
0000000000000036 0215fffffc040000 0 00 00000000 4 0 1 0000000000000033
0000000000000033 0023151500000100 1 15 00000002 4 0 0 0000000000000034
0000000000000034 00731e1e00000100 1 1e 00000001 4 0 0 0000000000000035
0000000000000035 0102001e1d000000 0 00 00000000 4 0 0 0000000000000036
0000000000000036 0215fffffc040000 0 00 00000000 4 0 1 0000000000000033
0000000000000033 0023151500000100 1 15 00000003 4 0 0 0000000000000034
0000000000000034 00731e1e00000100 1 1e 00000000 4 0 0 0000000000000035
0000000000000035 0102001e1d000000 0 00 00000000 5 1 0 0000000000000036
0000000000000036 0215fffffc040000 0 00 00000000 5 1 0 0000000000000037
0000000000000037 7cf5000000000000 0 00 00000000 5 1 0 0000000000000038
DONE retired=58 fault=00 pc=0000000000000037
