0000000000000000 0013140000004d00 1 14 0000004d 0 0 0 0000000000000001 00080000 f 00080000 0 00 00080000
0000000000000001 340005020000d000 0 00 00000000 0 0 0 0000000000000002 00080000 d 00000000 1 05 00000000
0000000000000002 104103060000f000 0 00 00000000 0 0 0 0000000000000003 00080000 f 00080000 1 03 00080000
0000000000000003 3411020080009000 0 00 00000000 0 0 0 0000000000000004 00080000 9 00080000 1 02 00080000
0000000000000004 34110400fffff000 0 00 00000000 0 0 0 0000000000000005 00080000 f 00080000 1 04 00080000
0000000000000005 340006050000f000 0 00 00000000 0 0 0 0000000000000006 00080000 f 00080000 1 06 00080000
0000000000000006 340004050000f000 0 00 00000000 0 0 0 0000000000000007 00080000 f 00080000 1 04 00080000
0000000000000007 341103000000f000 0 00 00000000 0 0 0 0000000000000008 00080000 f 00080000 1 03 00080000
0000000000000008 0013150055555500 1 15 00555555 0 0 0 0000000000000009 00080000 f 00080000 0 00 00080000
0000000000000009 342005150000f000 0 00 00000000 0 0 0 000000000000000a 00080000 f 00080000 1 05 00080000
000000000000000a 00131e0000000200 1 1e 00000002 0 0 0 000000000000000b 00080000 f 00080000 0 00 00080000
000000000000000b 0023171700000100 1 17 00000001 0 0 0 000000000000000c 00080000 f 00080000 0 00 00080000
000000000000000c 00731e1e00000100 1 1e 00000001 0 0 0 000000000000000d 00080000 f 00080000 0 00 00080000
000000000000000d 0013180000000000 1 18 00000000 0 0 0 000000000000000e 00080000 f 00080000 0 00 00080000
000000000000000e 0102001e18000000 0 00 00000000 4 0 0 000000000000000f 00080000 f 00080000 0 00 00080000
000000000000000f 0215fffffb040000 0 00 00000000 4 0 1 000000000000000b 00080000 f 00080000 0 00 00080000
000000000000000b 0023171700000100 1 17 00000002 4 0 0 000000000000000c 00080000 f 00080000 0 00 00080000
000000000000000c 00731e1e00000100 1 1e 00000000 4 0 0 000000000000000d 00080000 f 00080000 0 00 00080000
000000000000000d 0013180000000000 1 18 00000000 4 0 0 000000000000000e 00080000 f 00080000 0 00 00080000
000000000000000e 0102001e18000000 0 00 00000000 5 1 0 000000000000000f 00080000 f 00080000 0 00 00080000
000000000000000f 0215fffffb040000 0 00 00000000 5 1 0 0000000000000010 00080000 f 00080000 0 00 00080000
0000000000000010 7cf5000000000000 0 00 00000000 5 1 0 0000000000000011 00080000 f 00080000 0 00 00080000
DONE retired=22 fault=00 pc=0000000000000010
