0000000000000000 0013140000004d00 1 14 0000004d 0 0 0 0000000000000001 0000ffff f 0000ffff 0 00 0000ffff
0000000000000001 10710504000ff000 0 00 00000000 0 0 0 0000000000000002 0000ffff f 0000ffff 1 05 0000ffff
0000000000000002 103004030400b000 0 00 00000000 0 0 0 0000000000000003 0000ffff b 00002d3b 1 04 00002d3b
0000000000000003 0013150055555500 1 15 00555555 0 0 0 0000000000000004 0000ffff f 0000ffff 0 00 0000ffff
0000000000000004 3420031500006000 0 00 00000000 0 0 0 0000000000000005 0000ffff 6 00000117 1 03 00000117
0000000000000005 101006020600f000 0 00 00000000 0 0 0 0000000000000006 0000ffff f 0000ffff 1 06 0000ffff
0000000000000006 340002060000f000 0 00 00000000 0 0 0 0000000000000007 0000ffff f 0000ffff 1 02 0000ffff
0000000000000007 00131500aaaaaa00 1 15 ffaaaaaa 0 0 0 0000000000000008 0000ffff f 0000ffff 0 00 0000ffff
0000000000000008 3420041500007000 0 00 00000000 0 0 0 0000000000000009 0000ffff 7 000080c7 1 04 000080c7
0000000000000009 103006050200f000 0 00 00000000 0 0 0 000000000000000a 0000ffff f 0000ffff 1 06 0000ffff
000000000000000a 00131600ffffff00 1 16 ffffffff 0 0 0 000000000000000b 0000ffff f 0000ffff 0 00 0000ffff
000000000000000b 342003160000f000 0 00 00000000 0 0 0 000000000000000c 0000ffff f 0000ffff 1 03 0000ffff
000000000000000c 108105030001f000 0 00 00000000 0 0 0 000000000000000d 0000ffff f 0000ffff 1 05 0000ffff
000000000000000d 00131600aaaaaa00 1 16 ffaaaaaa 0 0 0 000000000000000e 0000ffff f 0000ffff 0 00 0000ffff
000000000000000e 342005160000f000 0 00 00000000 0 0 0 000000000000000f 0000ffff f 0000ffff 1 05 0000ffff
000000000000000f 108102050006f000 0 00 00000000 0 0 0 0000000000000010 0000ffff f 0000ffff 1 02 0000ffff
0000000000000010 101006020300f000 0 00 00000000 0 0 0 0000000000000011 0000ffff f 0000ffff 1 06 0000ffff
0000000000000011 341105009adf2000 0 00 00000000 0 0 0 0000000000000012 0000ffff 2 0000aaaa 1 05 0000aaaa
0000000000000012 104004040200a000 0 00 00000000 0 0 0 0000000000000013 0000ffff a 0000fcd5 1 04 0000fcd5
0000000000000013 103002020300f000 0 00 00000000 0 0 0 0000000000000014 0000ffff f 0000ffff 1 02 0000ffff
0000000000000014 0013160000000000 1 16 00000000 0 0 0 0000000000000015 0000ffff f 0000ffff 0 00 0000ffff
0000000000000015 342004160000f000 0 00 00000000 0 0 0 0000000000000016 0000ffff f 0000ffff 1 04 0000ffff
0000000000000016 10810604003ff000 0 00 00000000 0 0 0 0000000000000017 0000ffff f 0000ffff 1 06 0000ffff
0000000000000017 104104058000f000 0 00 00000000 0 0 0 0000000000000018 0000ffff f 0000ffff 1 04 0000ffff
0000000000000018 00131e0000000300 1 1e 00000003 0 0 0 0000000000000019 0000ffff f 0000ffff 0 00 0000ffff
0000000000000019 0023171700000100 1 17 00000001 0 0 0 000000000000001a 0000ffff f 0000ffff 0 00 0000ffff
000000000000001a 00731e1e00000100 1 1e 00000002 0 0 0 000000000000001b 0000ffff f 0000ffff 0 00 0000ffff
000000000000001b 0013180000000000 1 18 00000000 0 0 0 000000000000001c 0000ffff f 0000ffff 0 00 0000ffff
000000000000001c 0102001e18000000 0 00 00000000 4 0 0 000000000000001d 0000ffff f 0000ffff 0 00 0000ffff
000000000000001d 0215fffffb040000 0 00 00000000 4 0 1 0000000000000019 0000ffff f 0000ffff 0 00 0000ffff
0000000000000019 0023171700000100 1 17 00000002 4 0 0 000000000000001a 0000ffff f 0000ffff 0 00 0000ffff
000000000000001a 00731e1e00000100 1 1e 00000001 4 0 0 000000000000001b 0000ffff f 0000ffff 0 00 0000ffff
000000000000001b 0013180000000000 1 18 00000000 4 0 0 000000000000001c 0000ffff f 0000ffff 0 00 0000ffff
000000000000001c 0102001e18000000 0 00 00000000 4 0 0 000000000000001d 0000ffff f 0000ffff 0 00 0000ffff
000000000000001d 0215fffffb040000 0 00 00000000 4 0 1 0000000000000019 0000ffff f 0000ffff 0 00 0000ffff
0000000000000019 0023171700000100 1 17 00000003 4 0 0 000000000000001a 0000ffff f 0000ffff 0 00 0000ffff
000000000000001a 00731e1e00000100 1 1e 00000000 4 0 0 000000000000001b 0000ffff f 0000ffff 0 00 0000ffff
000000000000001b 0013180000000000 1 18 00000000 4 0 0 000000000000001c 0000ffff f 0000ffff 0 00 0000ffff
000000000000001c 0102001e18000000 0 00 00000000 5 1 0 000000000000001d 0000ffff f 0000ffff 0 00 0000ffff
000000000000001d 0215fffffb040000 0 00 00000000 5 1 0 000000000000001e 0000ffff f 0000ffff 0 00 0000ffff
000000000000001e 7cf5000000000000 0 00 00000000 5 1 0 000000000000001f 0000ffff f 0000ffff 0 00 0000ffff
DONE retired=41 fault=00 pc=000000000000001e
