0000000000000000 00131d0000000000 1 1d 00000000 0 0 0 0000000000000001
0000000000000001 0013100000000100 1 10 00000001 0 0 0 0000000000000002
0000000000000002 8506000000000000 0 00 00000000 0 0 0 0000000000000003
0000000000000003 8506000000000000 0 00 00000000 0 0 0 0000000000000004
0000000000000004 8506000000000000 0 00 00000000 0 0 0 0000000000000005
0000000000000005 00a20f0d11000000 1 0f 00000000 0 0 0 0000000000000006
0000000000000006 00130d00a3cae800 1 0d ffa3cae8 0 0 0 0000000000000007
0000000000000007 00130d00aaaaaa00 1 0d ffaaaaaa 0 0 0 0000000000000008
0000000000000008 00130200f4dd6b00 1 02 fff4dd6b 0 0 0 0000000000000009
0000000000000009 001312005a827300 1 12 005a8273 0 0 0 000000000000000a
000000000000000a 00130f002e1bf100 1 0f 002e1bf1 0 0 0 000000000000000b
000000000000000b 0102001309000000 0 00 00000000 5 1 0 000000000000000c
000000000000000c 02150000010b0000 0 00 00000000 5 1 0 000000000000000d
000000000000000d 8506000000000000 0 00 00000000 5 1 0 000000000000000e
000000000000000e 0112000310000000 0 00 00000000 2 1 0 000000000000000f
000000000000000f 0215000001010000 0 00 00000000 2 1 1 0000000000000011
0000000000000011 00131e0000000300 1 1e 00000003 2 1 0 0000000000000012
0000000000000012 0023151500000100 1 15 00000001 2 1 0 0000000000000013
0000000000000013 00731e1e00000100 1 1e 00000002 2 1 0 0000000000000014
0000000000000014 0102001e1d000000 0 00 00000000 4 0 0 0000000000000015
0000000000000015 0215fffffc040000 0 00 00000000 4 0 1 0000000000000012
0000000000000012 0023151500000100 1 15 00000002 4 0 0 0000000000000013
0000000000000013 00731e1e00000100 1 1e 00000001 4 0 0 0000000000000014
0000000000000014 0102001e1d000000 0 00 00000000 4 0 0 0000000000000015
0000000000000015 0215fffffc040000 0 00 00000000 4 0 1 0000000000000012
0000000000000012 0023151500000100 1 15 00000003 4 0 0 0000000000000013
0000000000000013 00731e1e00000100 1 1e 00000000 4 0 0 0000000000000014
0000000000000014 0102001e1d000000 0 00 00000000 5 1 0 0000000000000015
0000000000000015 0215fffffc040000 0 00 00000000 5 1 0 0000000000000016
0000000000000016 7cf5000000000000 0 00 00000000 5 1 0 0000000000000017
DONE retired=30 fault=00 pc=0000000000000016
