0000000000000000 00131d0000000000 1 1d 00000000 0 0 0 0000000000000001
0000000000000001 8506000000000000 0 00 00000000 0 0 0 0000000000000002
0000000000000002 00920b0100000000 1 0b ffffffff 0 0 0 0000000000000003
0000000000000003 8506000000000000 0 00 00000000 0 0 0 0000000000000004
0000000000000004 8506000000000000 0 00 00000000 0 0 0 0000000000000005
0000000000000005 0122000a0b000000 0 00 00000000 0 1 0 0000000000000006
0000000000000006 02150000030c0000 0 00 00000000 0 1 1 000000000000000a
000000000000000a 002303112c41ff00 1 03 002c41ff 0 1 0 000000000000000b
000000000000000b 8506000000000000 0 00 00000000 0 1 0 000000000000000c
000000000000000c 0013140042045500 1 14 00420455 0 1 0 000000000000000d
000000000000000d 8506000000000000 0 00 00000000 0 1 0 000000000000000e
000000000000000e 0073070a1a175e00 1 07 ffe5e8a2 0 1 0 000000000000000f
000000000000000f 0102001006000000 0 00 00000000 5 1 0 0000000000000010
0000000000000010 02150000010d0000 0 00 00000000 5 1 0 0000000000000011
0000000000000011 8506000000000000 0 00 00000000 5 1 0 0000000000000012
0000000000000012 00a20e0e01000000 1 0e 00000000 5 1 0 0000000000000013
0000000000000013 00731202e1c03600 1 12 001e3fca 5 1 0 0000000000000014
0000000000000014 0092120500000000 1 12 ffffffff 5 1 0 0000000000000015
0000000000000015 011200080a000000 0 00 00000000 5 0 0 0000000000000016
0000000000000016 02150000010d0000 0 00 00000000 5 0 0 0000000000000017
0000000000000017 8506000000000000 0 00 00000000 5 0 0 0000000000000018
0000000000000018 0013100055555500 1 10 00555555 5 0 0 0000000000000019
0000000000000019 00131e0000000400 1 1e 00000004 5 0 0 000000000000001a
000000000000001a 0023151500000100 1 15 00000001 5 0 0 000000000000001b
000000000000001b 00731e1e00000100 1 1e 00000003 5 0 0 000000000000001c
000000000000001c 0102001e1d000000 0 00 00000000 4 0 0 000000000000001d
000000000000001d 0215fffffc040000 0 00 00000000 4 0 1 000000000000001a
000000000000001a 0023151500000100 1 15 00000002 4 0 0 000000000000001b
000000000000001b 00731e1e00000100 1 1e 00000002 4 0 0 000000000000001c
000000000000001c 0102001e1d000000 0 00 00000000 4 0 0 000000000000001d
000000000000001d 0215fffffc040000 0 00 00000000 4 0 1 000000000000001a
000000000000001a 0023151500000100 1 15 00000003 4 0 0 000000000000001b
000000000000001b 00731e1e00000100 1 1e 00000001 4 0 0 000000000000001c
000000000000001c 0102001e1d000000 0 00 00000000 4 0 0 000000000000001d
000000000000001d 0215fffffc040000 0 00 00000000 4 0 1 000000000000001a
000000000000001a 0023151500000100 1 15 00000004 4 0 0 000000000000001b
000000000000001b 00731e1e00000100 1 1e 00000000 4 0 0 000000000000001c
000000000000001c 0102001e1d000000 0 00 00000000 5 1 0 000000000000001d
000000000000001d 0215fffffc040000 0 00 00000000 5 1 0 000000000000001e
000000000000001e 7cf5000000000000 0 00 00000000 5 1 0 000000000000001f
DONE retired=40 fault=00 pc=000000000000001e
