0000000000000000 00131d0000000000 1 1d 00000000 0 0 0 0000000000000001
0000000000000001 00130f00b45c9600 1 0f ffb45c96 0 0 0 0000000000000002
0000000000000002 00420d0d04000000 1 0d 00000000 0 0 0 0000000000000003
0000000000000003 0042111011000000 1 11 00000000 0 0 0 0000000000000004
0000000000000004 0073020bd8513300 1 02 0027aecd 0 0 0 0000000000000005
0000000000000005 00130f006abade00 1 0f 006abade 0 0 0 0000000000000006
0000000000000006 0122001007000000 0 00 00000000 5 0 0 0000000000000007
0000000000000007 0215000002010000 0 00 00000000 5 0 0 0000000000000008
0000000000000008 8506000000000000 0 00 00000000 5 0 0 0000000000000009
0000000000000009 8506000000000000 0 00 00000000 5 0 0 000000000000000a
000000000000000a 8506000000000000 0 00 00000000 5 0 0 000000000000000b
000000000000000b 0013070055555500 1 07 00555555 5 0 0 000000000000000c
000000000000000c 8506000000000000 0 00 00000000 5 0 0 000000000000000d
000000000000000d 003201060d000000 1 01 00000000 5 0 0 000000000000000e
000000000000000e 011200070e000000 0 00 00000000 4 0 0 000000000000000f
000000000000000f 0215000002040000 0 00 00000000 4 0 1 0000000000000012
0000000000000012 001306003ad0d900 1 06 003ad0d9 4 0 0 0000000000000013
0000000000000013 0092020e00000000 1 02 ffffffff 4 0 0 0000000000000014
0000000000000014 00131e0000000100 1 1e 00000001 4 0 0 0000000000000015
0000000000000015 0023151500000100 1 15 00000001 4 0 0 0000000000000016
0000000000000016 00731e1e00000100 1 1e 00000000 4 0 0 0000000000000017
0000000000000017 0102001e1d000000 0 00 00000000 5 1 0 0000000000000018
0000000000000018 0215fffffc040000 0 00 00000000 5 1 0 0000000000000019
0000000000000019 7cf5000000000000 0 00 00000000 5 1 0 000000000000001a
DONE retired=24 fault=00 pc=0000000000000019
