0000000000000000 0013140000004d00 1 14 0000004d 0 0 0 0000000000000001 80000000 f 80000000 0 00 80000000
0000000000000001 101002040400f000 0 00 00000000 0 0 0 0000000000000002 80000000 f 80000000 1 02 80000000
0000000000000002 340006050000f000 0 00 00000000 0 0 0 0000000000000003 80000000 f 80000000 1 06 80000000
0000000000000003 0013150000000000 1 15 00000000 0 0 0 0000000000000004 80000000 f 80000000 0 00 80000000
0000000000000004 3420021500007000 0 00 00000000 0 0 0 0000000000000005 80000000 7 00000000 1 02 00000000
0000000000000005 340006060000f000 0 00 00000000 0 0 0 0000000000000006 80000000 f 80000000 1 06 80000000
0000000000000006 1010040604006000 0 00 00000000 0 0 0 0000000000000007 80000000 6 80000000 1 04 80000000
0000000000000007 10610405000ff000 0 00 00000000 0 0 0 0000000000000008 80000000 f 80000000 1 04 80000000
0000000000000008 00131500ffffff00 1 15 ffffffff 0 0 0 0000000000000009 80000000 f 80000000 0 00 80000000
0000000000000009 342006150000e000 0 00 00000000 0 0 0 000000000000000a 80000000 e 00000000 1 06 00000000
000000000000000a 105005020600f000 0 00 00000000 0 0 0 000000000000000b 80000000 f 80000000 1 05 80000000
000000000000000b 3400050400000000 0 00 00000000 0 0 0 000000000000000c 80000000 0 80000000 1 05 80000000
000000000000000c 1040060204009000 0 00 00000000 0 0 0 000000000000000d 80000000 9 80000000 1 06 80000000
000000000000000d 00131600ffffff00 1 16 ffffffff 0 0 0 000000000000000e 80000000 f 80000000 0 00 80000000
000000000000000e 342002160000f000 0 00 00000000 0 0 0 000000000000000f 80000000 f 80000000 1 02 80000000
000000000000000f 108103020021f000 0 00 00000000 0 0 0 0000000000000010 80000000 f 80000000 1 03 80000000
0000000000000010 105102068000f000 0 00 00000000 0 0 0 0000000000000011 80000000 f 80000000 1 02 80000000
0000000000000011 100005050500f000 0 00 00000000 0 0 0 0000000000000012 80000000 f 80000000 1 05 80000000
0000000000000012 34110600abbaf000 0 00 00000000 0 0 0 0000000000000013 80000000 f 80000000 1 06 80000000
0000000000000013 101105068000f000 0 00 00000000 0 0 0 0000000000000014 80000000 f 80000000 1 05 80000000
0000000000000014 104104030000f000 0 00 00000000 0 0 0 0000000000000015 80000000 f 80000000 1 04 80000000
0000000000000015 3400050300005000 0 00 00000000 0 0 0 0000000000000016 80000000 5 80000000 1 05 80000000
0000000000000016 104106028000f000 0 00 00000000 0 0 0 0000000000000017 80000000 f 80000000 1 06 80000000
0000000000000017 00131e0000000100 1 1e 00000001 0 0 0 0000000000000018 80000000 f 80000000 0 00 80000000
0000000000000018 0023171700000100 1 17 00000001 0 0 0 0000000000000019 80000000 f 80000000 0 00 80000000
0000000000000019 00731e1e00000100 1 1e 00000000 0 0 0 000000000000001a 80000000 f 80000000 0 00 80000000
000000000000001a 0013180000000000 1 18 00000000 0 0 0 000000000000001b 80000000 f 80000000 0 00 80000000
000000000000001b 0102001e18000000 0 00 00000000 5 1 0 000000000000001c 80000000 f 80000000 0 00 80000000
000000000000001c 0215fffffb040000 0 00 00000000 5 1 0 000000000000001d 80000000 f 80000000 0 00 80000000
000000000000001d 7cf5000000000000 0 00 00000000 5 1 0 000000000000001e 80000000 f 80000000 0 00 80000000
DONE retired=30 fault=00 pc=000000000000001d
