0000000000000000 0013140000004d00 1 14 0000004d 0 0 0 0000000000000001 d634fc71 f d634fc71 0 00 d634fc71
0000000000000001 10710503003ff000 0 00 00000000 0 0 0 0000000000000002 d634fc71 f d634fc71 1 05 d634fc71
0000000000000002 104103050000f000 0 00 00000000 0 0 0 0000000000000003 d634fc71 f d634fc71 1 03 d634fc71
0000000000000003 0013160000000000 1 16 00000000 0 0 0 0000000000000004 d634fc71 f d634fc71 0 00 d634fc71
0000000000000004 342005160000f000 0 00 00000000 0 0 0 0000000000000005 d634fc71 f d634fc71 1 05 d634fc71
0000000000000005 108105050021f000 0 00 00000000 0 0 0 0000000000000006 d634fc71 f d634fc71 1 05 d634fc71
0000000000000006 00131600ffffff00 1 16 ffffffff 0 0 0 0000000000000007 d634fc71 f d634fc71 0 00 d634fc71
0000000000000007 342006160000f000 0 00 00000000 0 0 0 0000000000000008 d634fc71 f d634fc71 1 06 d634fc71
0000000000000008 10810306001ff000 0 00 00000000 0 0 0 0000000000000009 d634fc71 f d634fc71 1 03 d634fc71
0000000000000009 341102007ffff000 0 00 00000000 0 0 0 000000000000000a d634fc71 f d634fc71 1 02 d634fc71
000000000000000a 3400040300009000 0 00 00000000 0 0 0 000000000000000b d634fc71 9 5634fc71 1 04 5634fc71
000000000000000b 106105020020f000 0 00 00000000 0 0 0 000000000000000c d634fc71 f d634fc71 1 05 d634fc71
000000000000000c 100002060600c000 0 00 00000000 0 0 0 000000000000000d d634fc71 c 14141811 1 02 14141811
000000000000000d 100006020500f000 0 00 00000000 0 0 0 000000000000000e d634fc71 f d634fc71 1 06 d634fc71
000000000000000e 1040060604004000 0 00 00000000 0 0 0 000000000000000f d634fc71 4 5634fc71 1 06 5634fc71
000000000000000f 340005040000f000 0 00 00000000 0 0 0 0000000000000010 d634fc71 f d634fc71 1 05 d634fc71
0000000000000010 340004050000f000 0 00 00000000 0 0 0 0000000000000011 d634fc71 f d634fc71 1 04 d634fc71
0000000000000011 0013150000000000 1 15 00000000 0 0 0 0000000000000012 d634fc71 f d634fc71 0 00 d634fc71
0000000000000012 342006150000f000 0 00 00000000 0 0 0 0000000000000013 d634fc71 f d634fc71 1 06 d634fc71
0000000000000013 105002060600f000 0 00 00000000 0 0 0 0000000000000014 d634fc71 f d634fc71 1 02 d634fc71
0000000000000014 340003020000f000 0 00 00000000 0 0 0 0000000000000015 d634fc71 f d634fc71 1 03 d634fc71
0000000000000015 10510506fffff000 0 00 00000000 0 0 0 0000000000000016 d634fc71 f d634fc71 1 05 d634fc71
0000000000000016 343006000000f000 0 00 00000000 0 0 0 0000000000000017 d634fc71 f d634fc71 1 06 d634fc71
0000000000000017 0013160000000100 1 16 00000001 0 0 0 0000000000000018 d634fc71 f d634fc71 0 00 d634fc71
0000000000000018 342006160000f000 0 00 00000000 0 0 0 0000000000000019 d634fc71 f d634fc71 1 06 d634fc71
0000000000000019 108104060000f000 0 00 00000000 0 0 0 000000000000001a d634fc71 f d634fc71 1 04 d634fc71
000000000000001a 101004020600f000 0 00 00000000 0 0 0 000000000000001b d634fc71 f d634fc71 1 04 d634fc71
000000000000001b 340006050000f000 0 00 00000000 0 0 0 000000000000001c d634fc71 f d634fc71 1 06 d634fc71
000000000000001c 00131e0000000300 1 1e 00000003 0 0 0 000000000000001d d634fc71 f d634fc71 0 00 d634fc71
000000000000001d 0023171700000100 1 17 00000001 0 0 0 000000000000001e d634fc71 f d634fc71 0 00 d634fc71
000000000000001e 00731e1e00000100 1 1e 00000002 0 0 0 000000000000001f d634fc71 f d634fc71 0 00 d634fc71
000000000000001f 0013180000000000 1 18 00000000 0 0 0 0000000000000020 d634fc71 f d634fc71 0 00 d634fc71
0000000000000020 0102001e18000000 0 00 00000000 4 0 0 0000000000000021 d634fc71 f d634fc71 0 00 d634fc71
0000000000000021 0215fffffb040000 0 00 00000000 4 0 1 000000000000001d d634fc71 f d634fc71 0 00 d634fc71
000000000000001d 0023171700000100 1 17 00000002 4 0 0 000000000000001e d634fc71 f d634fc71 0 00 d634fc71
000000000000001e 00731e1e00000100 1 1e 00000001 4 0 0 000000000000001f d634fc71 f d634fc71 0 00 d634fc71
000000000000001f 0013180000000000 1 18 00000000 4 0 0 0000000000000020 d634fc71 f d634fc71 0 00 d634fc71
0000000000000020 0102001e18000000 0 00 00000000 4 0 0 0000000000000021 d634fc71 f d634fc71 0 00 d634fc71
0000000000000021 0215fffffb040000 0 00 00000000 4 0 1 000000000000001d d634fc71 f d634fc71 0 00 d634fc71
000000000000001d 0023171700000100 1 17 00000003 4 0 0 000000000000001e d634fc71 f d634fc71 0 00 d634fc71
000000000000001e 00731e1e00000100 1 1e 00000000 4 0 0 000000000000001f d634fc71 f d634fc71 0 00 d634fc71
000000000000001f 0013180000000000 1 18 00000000 4 0 0 0000000000000020 d634fc71 f d634fc71 0 00 d634fc71
0000000000000020 0102001e18000000 0 00 00000000 5 1 0 0000000000000021 d634fc71 f d634fc71 0 00 d634fc71
0000000000000021 0215fffffb040000 0 00 00000000 5 1 0 0000000000000022 d634fc71 f d634fc71 0 00 d634fc71
0000000000000022 7cf5000000000000 0 00 00000000 5 1 0 0000000000000023 d634fc71 f d634fc71 0 00 d634fc71
DONE retired=45 fault=00 pc=0000000000000022
