0000000000000000 0013140000004d00 1 14 0000004d 0 0 0 0000000000000001 fffffffe f fffffffe 0 00 fffffffe
0000000000000001 10610204000af000 0 00 00000000 0 0 0 0000000000000002 fffffffe f fffffffe 1 02 fffffffe
0000000000000002 107103030001f000 0 00 00000000 0 0 0 0000000000000003 fffffffe f fffffffe 1 03 fffffffe
0000000000000003 105004060600f000 0 00 00000000 0 0 0 0000000000000004 fffffffe f fffffffe 1 04 fffffffe
0000000000000004 104002050400f000 0 00 00000000 0 0 0 0000000000000005 fffffffe f fffffffe 1 02 fffffffe
0000000000000005 3400050400002000 0 00 00000000 0 0 0 0000000000000006 fffffffe 2 7ffffffe 1 05 7ffffffe
0000000000000006 103005060600f000 0 00 00000000 0 0 0 0000000000000007 fffffffe f fffffffe 1 05 fffffffe
0000000000000007 341103000000f000 0 00 00000000 0 0 0 0000000000000008 fffffffe f fffffffe 1 03 fffffffe
0000000000000008 0013150000000100 1 15 00000001 0 0 0 0000000000000009 fffffffe f fffffffe 0 00 fffffffe
0000000000000009 342006150000f000 0 00 00000000 0 0 0 000000000000000a fffffffe f fffffffe 1 06 fffffffe
000000000000000a 0013150000000000 1 15 00000000 0 0 0 000000000000000b fffffffe f fffffffe 0 00 fffffffe
000000000000000b 3420041500006000 0 00 00000000 0 0 0 000000000000000c fffffffe 6 ad27f404 1 04 ad27f404
000000000000000c 101005030400f000 0 00 00000000 0 0 0 000000000000000d fffffffe f fffffffe 1 05 fffffffe
000000000000000d 3411060080007000 0 00 00000000 0 0 0 000000000000000e fffffffe 7 aaaaaaaa 1 06 aaaaaaaa
000000000000000e 340004020000f000 0 00 00000000 0 0 0 000000000000000f fffffffe f fffffffe 1 04 fffffffe
000000000000000f 105102060001f000 0 00 00000000 0 0 0 0000000000000010 fffffffe f fffffffe 1 02 fffffffe
0000000000000010 00131500aaaaaa00 1 15 ffaaaaaa 0 0 0 0000000000000011 fffffffe f fffffffe 0 00 fffffffe
0000000000000011 342002150000f000 0 00 00000000 0 0 0 0000000000000012 fffffffe f fffffffe 1 02 fffffffe
0000000000000012 10710406003ff000 0 00 00000000 0 0 0 0000000000000013 fffffffe f fffffffe 1 04 fffffffe
0000000000000013 340002040000f000 0 00 00000000 0 0 0 0000000000000014 fffffffe f fffffffe 1 02 fffffffe
0000000000000014 340004020000f000 0 00 00000000 0 0 0 0000000000000015 fffffffe f fffffffe 1 04 fffffffe
0000000000000015 102004030500f000 0 00 00000000 0 0 0 0000000000000016 fffffffe f fffffffe 1 04 fffffffe
0000000000000016 107102050010f000 0 00 00000000 0 0 0 0000000000000017 fffffffe f fffffffe 1 02 fffffffe
0000000000000017 00131e0000000300 1 1e 00000003 0 0 0 0000000000000018 fffffffe f fffffffe 0 00 fffffffe
0000000000000018 0023171700000100 1 17 00000001 0 0 0 0000000000000019 fffffffe f fffffffe 0 00 fffffffe
0000000000000019 00731e1e00000100 1 1e 00000002 0 0 0 000000000000001a fffffffe f fffffffe 0 00 fffffffe
000000000000001a 0013180000000000 1 18 00000000 0 0 0 000000000000001b fffffffe f fffffffe 0 00 fffffffe
000000000000001b 0102001e18000000 0 00 00000000 4 0 0 000000000000001c fffffffe f fffffffe 0 00 fffffffe
000000000000001c 0215fffffb040000 0 00 00000000 4 0 1 0000000000000018 fffffffe f fffffffe 0 00 fffffffe
0000000000000018 0023171700000100 1 17 00000002 4 0 0 0000000000000019 fffffffe f fffffffe 0 00 fffffffe
0000000000000019 00731e1e00000100 1 1e 00000001 4 0 0 000000000000001a fffffffe f fffffffe 0 00 fffffffe
000000000000001a 0013180000000000 1 18 00000000 4 0 0 000000000000001b fffffffe f fffffffe 0 00 fffffffe
000000000000001b 0102001e18000000 0 00 00000000 4 0 0 000000000000001c fffffffe f fffffffe 0 00 fffffffe
000000000000001c 0215fffffb040000 0 00 00000000 4 0 1 0000000000000018 fffffffe f fffffffe 0 00 fffffffe
0000000000000018 0023171700000100 1 17 00000003 4 0 0 0000000000000019 fffffffe f fffffffe 0 00 fffffffe
0000000000000019 00731e1e00000100 1 1e 00000000 4 0 0 000000000000001a fffffffe f fffffffe 0 00 fffffffe
000000000000001a 0013180000000000 1 18 00000000 4 0 0 000000000000001b fffffffe f fffffffe 0 00 fffffffe
000000000000001b 0102001e18000000 0 00 00000000 5 1 0 000000000000001c fffffffe f fffffffe 0 00 fffffffe
000000000000001c 0215fffffb040000 0 00 00000000 5 1 0 000000000000001d fffffffe f fffffffe 0 00 fffffffe
000000000000001d 7cf5000000000000 0 00 00000000 5 1 0 000000000000001e fffffffe f fffffffe 0 00 fffffffe
DONE retired=40 fault=00 pc=000000000000001d
