0000000000000000 00131d0000000000 1 1d 00000000 0 0 0 0000000000000001
0000000000000001 0092030900000000 1 03 ffffffff 0 0 0 0000000000000002
0000000000000002 00630f1000000600 1 0f 00000000 0 0 0 0000000000000003
0000000000000003 00630d0e00001c00 1 0d 00000000 0 0 0 0000000000000004
0000000000000004 0042081304000000 1 08 00000000 0 0 0 0000000000000005
0000000000000005 001301009699cf00 1 01 ff9699cf 0 0 0 0000000000000006
0000000000000006 0102000111000000 0 00 00000000 6 0 0 0000000000000007
0000000000000007 02150000020e0000 0 00 00000000 6 0 1 000000000000000a
000000000000000a 00a20c0808000000 1 0c 00000000 6 0 0 000000000000000b
000000000000000b 8506000000000000 0 00 00000000 6 0 0 000000000000000c
000000000000000c 8506000000000000 0 00 00000000 6 0 0 000000000000000d
000000000000000d 00130b0001e35c00 1 0b 0001e35c 6 0 0 000000000000000e
000000000000000e 0112000a13000000 0 00 00000000 5 0 0 000000000000000f
000000000000000f 02150000030d0000 0 00 00000000 5 0 0 0000000000000010
0000000000000010 8506000000000000 0 00 00000000 5 0 0 0000000000000011
0000000000000011 8506000000000000 0 00 00000000 5 0 0 0000000000000012
0000000000000012 8506000000000000 0 00 00000000 5 0 0 0000000000000013
0000000000000013 8506000000000000 0 00 00000000 5 0 0 0000000000000014
0000000000000014 0073060caaaaaa00 1 06 00555556 5 0 0 0000000000000015
0000000000000015 00a206110d000000 1 06 00000000 5 0 0 0000000000000016
0000000000000016 00131e0000000400 1 1e 00000004 5 0 0 0000000000000017
0000000000000017 0023151500000100 1 15 00000001 5 0 0 0000000000000018
0000000000000018 00731e1e00000100 1 1e 00000003 5 0 0 0000000000000019
0000000000000019 0102001e1d000000 0 00 00000000 4 0 0 000000000000001a
000000000000001a 0215fffffc040000 0 00 00000000 4 0 1 0000000000000017
0000000000000017 0023151500000100 1 15 00000002 4 0 0 0000000000000018
0000000000000018 00731e1e00000100 1 1e 00000002 4 0 0 0000000000000019
0000000000000019 0102001e1d000000 0 00 00000000 4 0 0 000000000000001a
000000000000001a 0215fffffc040000 0 00 00000000 4 0 1 0000000000000017
0000000000000017 0023151500000100 1 15 00000003 4 0 0 0000000000000018
0000000000000018 00731e1e00000100 1 1e 00000001 4 0 0 0000000000000019
0000000000000019 0102001e1d000000 0 00 00000000 4 0 0 000000000000001a
000000000000001a 0215fffffc040000 0 00 00000000 4 0 1 0000000000000017
0000000000000017 0023151500000100 1 15 00000004 4 0 0 0000000000000018
0000000000000018 00731e1e00000100 1 1e 00000000 4 0 0 0000000000000019
0000000000000019 0102001e1d000000 0 00 00000000 5 1 0 000000000000001a
000000000000001a 0215fffffc040000 0 00 00000000 5 1 0 000000000000001b
000000000000001b 7cf5000000000000 0 00 00000000 5 1 0 000000000000001c
DONE retired=38 fault=00 pc=000000000000001b
