0000000000000000 00131d0000000000 1 1d 00000000 0 0 0 0000000000000001
0000000000000001 0072110e04000000 1 11 00000000 0 0 0 0000000000000002
0000000000000002 0306000000000500 1 05 00000000 0 0 0 0000000000000003
0000000000000003 0092051200000000 1 05 ffffffff 0 0 0 0000000000000004
0000000000000004 0112001105000000 0 00 00000000 0 0 0 0000000000000005
0000000000000005 0215000001010000 0 00 00000000 0 0 0 0000000000000006
0000000000000006 8506000000000000 0 00 00000000 0 0 0 0000000000000007
0000000000000007 8506000000000000 0 00 00000000 0 0 0 0000000000000008
0000000000000008 00630b0f00001500 1 0b 00000000 0 0 0 0000000000000009
0000000000000009 00b3060a00001600 1 06 00000000 0 0 0 000000000000000a
000000000000000a 00a2040f0f000000 1 04 00000000 0 0 0 000000000000000b
000000000000000b 0052020405000000 1 02 ffffffff 0 0 0 000000000000000c
000000000000000c 00a2130d0b000000 1 13 00000000 0 0 0 000000000000000d
000000000000000d 0013080097268b00 1 08 ff97268b 0 0 0 000000000000000e
000000000000000e 00420c1010000000 1 0c 00000000 0 0 0 000000000000000f
000000000000000f 00131e0000000300 1 1e 00000003 0 0 0 0000000000000010
0000000000000010 0023151500000100 1 15 00000001 0 0 0 0000000000000011
0000000000000011 00731e1e00000100 1 1e 00000002 0 0 0 0000000000000012
0000000000000012 0102001e1d000000 0 00 00000000 4 0 0 0000000000000013
0000000000000013 0215fffffc040000 0 00 00000000 4 0 1 0000000000000010
0000000000000010 0023151500000100 1 15 00000002 4 0 0 0000000000000011
0000000000000011 00731e1e00000100 1 1e 00000001 4 0 0 0000000000000012
0000000000000012 0102001e1d000000 0 00 00000000 4 0 0 0000000000000013
0000000000000013 0215fffffc040000 0 00 00000000 4 0 1 0000000000000010
0000000000000010 0023151500000100 1 15 00000003 4 0 0 0000000000000011
0000000000000011 00731e1e00000100 1 1e 00000000 4 0 0 0000000000000012
0000000000000012 0102001e1d000000 0 00 00000000 5 1 0 0000000000000013
0000000000000013 0215fffffc040000 0 00 00000000 5 1 0 0000000000000014
0000000000000014 7cf5000000000000 0 00 00000000 5 1 0 0000000000000015
DONE retired=29 fault=00 pc=0000000000000014
