0000000000000000 00131d0000000000 1 1d 00000000 0 0 0 0000000000000001
0000000000000001 0013100023645600 1 10 00236456 0 0 0 0000000000000002
0000000000000002 8506000000000000 0 00 00000000 0 0 0 0000000000000003
0000000000000003 00b2130602000000 1 13 00000000 0 0 0 0000000000000004
0000000000000004 0013060000000000 1 06 00000000 0 0 0 0000000000000005
0000000000000005 0112000204000000 0 00 00000000 5 0 0 0000000000000006
0000000000000006 0215000003040000 0 00 00000000 5 0 0 0000000000000007
0000000000000007 8506000000000000 0 00 00000000 5 0 0 0000000000000008
0000000000000008 8506000000000000 0 00 00000000 5 0 0 0000000000000009
0000000000000009 8506000000000000 0 00 00000000 5 0 0 000000000000000a
000000000000000a 8506000000000000 0 00 00000000 5 0 0 000000000000000b
000000000000000b 00920a0a00000000 1 0a ffffffff 5 0 0 000000000000000c
000000000000000c 00131000c56b4000 1 10 ffc56b40 5 0 0 000000000000000d
000000000000000d 00b2050811000000 1 05 00000000 5 0 0 000000000000000e
000000000000000e 0112000302000000 0 00 00000000 5 0 0 000000000000000f
000000000000000f 02150000010d0000 0 00 00000000 5 0 0 0000000000000010
0000000000000010 8506000000000000 0 00 00000000 5 0 0 0000000000000011
0000000000000011 0092020300000000 1 02 ffffffff 5 0 0 0000000000000012
0000000000000012 00630e0500001700 1 0e 00000000 5 0 0 0000000000000013
0000000000000013 010200130c000000 0 00 00000000 5 1 0 0000000000000014
0000000000000014 0215000003020000 0 00 00000000 5 1 0 0000000000000015
0000000000000015 8506000000000000 0 00 00000000 5 1 0 0000000000000016
0000000000000016 8506000000000000 0 00 00000000 5 1 0 0000000000000017
0000000000000017 8506000000000000 0 00 00000000 5 1 0 0000000000000018
0000000000000018 8506000000000000 0 00 00000000 5 1 0 0000000000000019
0000000000000019 00630e0500002000 1 0e 00000000 5 1 0 000000000000001a
000000000000001a 0042091205000000 1 09 00000000 5 1 0 000000000000001b
000000000000001b 004206030b000000 1 06 00000000 5 1 0 000000000000001c
000000000000001c 0072050f10000000 1 05 003a94c0 5 1 0 000000000000001d
000000000000001d 0306000000000d00 1 0d 00000000 5 1 0 000000000000001e
000000000000001e 00130700ffffff00 1 07 ffffffff 5 1 0 000000000000001f
000000000000001f 8506000000000000 0 00 00000000 5 1 0 0000000000000020
0000000000000020 00720f090c000000 1 0f 00000000 5 1 0 0000000000000021
0000000000000021 8506000000000000 0 00 00000000 5 1 0 0000000000000022
0000000000000022 00131300724c5a00 1 13 00724c5a 5 1 0 0000000000000023
0000000000000023 00131e0000000400 1 1e 00000004 5 1 0 0000000000000024
0000000000000024 0023151500000100 1 15 00000001 5 1 0 0000000000000025
0000000000000025 00731e1e00000100 1 1e 00000003 5 1 0 0000000000000026
0000000000000026 0102001e1d000000 0 00 00000000 4 0 0 0000000000000027
0000000000000027 0215fffffc040000 0 00 00000000 4 0 1 0000000000000024
0000000000000024 0023151500000100 1 15 00000002 4 0 0 0000000000000025
0000000000000025 00731e1e00000100 1 1e 00000002 4 0 0 0000000000000026
0000000000000026 0102001e1d000000 0 00 00000000 4 0 0 0000000000000027
0000000000000027 0215fffffc040000 0 00 00000000 4 0 1 0000000000000024
0000000000000024 0023151500000100 1 15 00000003 4 0 0 0000000000000025
0000000000000025 00731e1e00000100 1 1e 00000001 4 0 0 0000000000000026
0000000000000026 0102001e1d000000 0 00 00000000 4 0 0 0000000000000027
0000000000000027 0215fffffc040000 0 00 00000000 4 0 1 0000000000000024
0000000000000024 0023151500000100 1 15 00000004 4 0 0 0000000000000025
0000000000000025 00731e1e00000100 1 1e 00000000 4 0 0 0000000000000026
0000000000000026 0102001e1d000000 0 00 00000000 5 1 0 0000000000000027
0000000000000027 0215fffffc040000 0 00 00000000 5 1 0 0000000000000028
0000000000000028 7cf5000000000000 0 00 00000000 5 1 0 0000000000000029
DONE retired=53 fault=00 pc=0000000000000028
