0000000000000000 0013140000004d00 1 14 0000004d 0 0 0 0000000000000001 40000000 f 40000000 0 00 40000000
0000000000000001 10710602001ff000 0 00 00000000 0 0 0 0000000000000002 40000000 f 40000000 1 06 40000000
0000000000000002 340005050000f000 0 00 00000000 0 0 0 0000000000000003 40000000 f 40000000 1 05 40000000
0000000000000003 340006060000a000 0 00 00000000 0 0 0 0000000000000004 40000000 a 40000000 1 06 40000000
0000000000000004 105006020400f000 0 00 00000000 0 0 0 0000000000000005 40000000 f 40000000 1 06 40000000
0000000000000005 1010030303005000 0 00 00000000 0 0 0 0000000000000006 40000000 5 00000000 1 03 00000000
0000000000000006 10610606003ff000 0 00 00000000 0 0 0 0000000000000007 40000000 f 40000000 1 06 40000000
0000000000000007 10610503001ef000 0 00 00000000 0 0 0 0000000000000008 40000000 f 40000000 1 05 40000000
0000000000000008 34110500c094f000 0 00 00000000 0 0 0 0000000000000009 40000000 f 40000000 1 05 40000000
0000000000000009 1000050405007000 0 00 00000000 0 0 0 000000000000000a 40000000 7 00000000 1 05 00000000
000000000000000a 340002050000b000 0 00 00000000 0 0 0 000000000000000b 40000000 b 40000000 1 02 40000000
000000000000000b 100002060500f000 0 00 00000000 0 0 0 000000000000000c 40000000 f 40000000 1 02 40000000
000000000000000c 10610305000ff000 0 00 00000000 0 0 0 000000000000000d 40000000 f 40000000 1 03 40000000
000000000000000d 343003000000f000 0 00 00000000 0 0 0 000000000000000e 40000000 f 40000000 1 03 40000000
000000000000000e 10710206000ff000 0 00 00000000 0 0 0 000000000000000f 40000000 f 40000000 1 02 40000000
000000000000000f 104005030300f000 0 00 00000000 0 0 0 0000000000000010 40000000 f 40000000 1 05 40000000
0000000000000010 106106040000f000 0 00 00000000 0 0 0 0000000000000011 40000000 f 40000000 1 06 40000000
0000000000000011 0013150000000000 1 15 00000000 0 0 0 0000000000000012 40000000 f 40000000 0 00 40000000
0000000000000012 3420061500005000 0 00 00000000 0 0 0 0000000000000013 40000000 5 00000000 1 06 00000000
0000000000000013 105004030600f000 0 00 00000000 0 0 0 0000000000000014 40000000 f 40000000 1 04 40000000
0000000000000014 34110200fffff000 0 00 00000000 0 0 0 0000000000000015 40000000 f 40000000 1 02 40000000
0000000000000015 105104037ffff000 0 00 00000000 0 0 0 0000000000000016 40000000 f 40000000 1 04 40000000
0000000000000016 341106000000f000 0 00 00000000 0 0 0 0000000000000017 40000000 f 40000000 1 06 40000000
0000000000000017 00131e0000000200 1 1e 00000002 0 0 0 0000000000000018 40000000 f 40000000 0 00 40000000
0000000000000018 0023171700000100 1 17 00000001 0 0 0 0000000000000019 40000000 f 40000000 0 00 40000000
0000000000000019 00731e1e00000100 1 1e 00000001 0 0 0 000000000000001a 40000000 f 40000000 0 00 40000000
000000000000001a 0013180000000000 1 18 00000000 0 0 0 000000000000001b 40000000 f 40000000 0 00 40000000
000000000000001b 0102001e18000000 0 00 00000000 4 0 0 000000000000001c 40000000 f 40000000 0 00 40000000
000000000000001c 0215fffffb040000 0 00 00000000 4 0 1 0000000000000018 40000000 f 40000000 0 00 40000000
0000000000000018 0023171700000100 1 17 00000002 4 0 0 0000000000000019 40000000 f 40000000 0 00 40000000
0000000000000019 00731e1e00000100 1 1e 00000000 4 0 0 000000000000001a 40000000 f 40000000 0 00 40000000
000000000000001a 0013180000000000 1 18 00000000 4 0 0 000000000000001b 40000000 f 40000000 0 00 40000000
000000000000001b 0102001e18000000 0 00 00000000 5 1 0 000000000000001c 40000000 f 40000000 0 00 40000000
000000000000001c 0215fffffb040000 0 00 00000000 5 1 0 000000000000001d 40000000 f 40000000 0 00 40000000
000000000000001d 7cf5000000000000 0 00 00000000 5 1 0 000000000000001e 40000000 f 40000000 0 00 40000000
DONE retired=35 fault=00 pc=000000000000001d
