0000000000000000 0013140000004d00 1 14 0000004d 0 0 0 0000000000000001 55555555 f 55555555 0 00 55555555
0000000000000001 00131600ffffff00 1 16 ffffffff 0 0 0 0000000000000002 55555555 f 55555555 0 00 55555555
0000000000000002 342002160000f000 0 00 00000000 0 0 0 0000000000000003 55555555 f 55555555 1 02 55555555
0000000000000003 108102020000f000 0 00 00000000 0 0 0 0000000000000004 55555555 f 55555555 1 02 55555555
0000000000000004 340004050000f000 0 00 00000000 0 0 0 0000000000000005 55555555 f 55555555 1 04 55555555
0000000000000005 103104020000f000 0 00 00000000 0 0 0 0000000000000006 55555555 f 55555555 1 04 55555555
0000000000000006 00131500ffffff00 1 15 ffffffff 0 0 0 0000000000000007 55555555 f 55555555 0 00 55555555
0000000000000007 342005150000f000 0 00 00000000 0 0 0 0000000000000008 55555555 f 55555555 1 05 55555555
0000000000000008 105104030000f000 0 00 00000000 0 0 0 0000000000000009 55555555 f 55555555 1 04 55555555
0000000000000009 10710305000bf000 0 00 00000000 0 0 0 000000000000000a 55555555 f 55555555 1 03 55555555
000000000000000a 102003040300f000 0 00 00000000 0 0 0 000000000000000b 55555555 f 55555555 1 03 55555555
000000000000000b 00131e0000000300 1 1e 00000003 0 0 0 000000000000000c 55555555 f 55555555 0 00 55555555
000000000000000c 0023171700000100 1 17 00000001 0 0 0 000000000000000d 55555555 f 55555555 0 00 55555555
000000000000000d 00731e1e00000100 1 1e 00000002 0 0 0 000000000000000e 55555555 f 55555555 0 00 55555555
000000000000000e 0013180000000000 1 18 00000000 0 0 0 000000000000000f 55555555 f 55555555 0 00 55555555
000000000000000f 0102001e18000000 0 00 00000000 4 0 0 0000000000000010 55555555 f 55555555 0 00 55555555
0000000000000010 0215fffffb040000 0 00 00000000 4 0 1 000000000000000c 55555555 f 55555555 0 00 55555555
000000000000000c 0023171700000100 1 17 00000002 4 0 0 000000000000000d 55555555 f 55555555 0 00 55555555
000000000000000d 00731e1e00000100 1 1e 00000001 4 0 0 000000000000000e 55555555 f 55555555 0 00 55555555
000000000000000e 0013180000000000 1 18 00000000 4 0 0 000000000000000f 55555555 f 55555555 0 00 55555555
000000000000000f 0102001e18000000 0 00 00000000 4 0 0 0000000000000010 55555555 f 55555555 0 00 55555555
0000000000000010 0215fffffb040000 0 00 00000000 4 0 1 000000000000000c 55555555 f 55555555 0 00 55555555
000000000000000c 0023171700000100 1 17 00000003 4 0 0 000000000000000d 55555555 f 55555555 0 00 55555555
000000000000000d 00731e1e00000100 1 1e 00000000 4 0 0 000000000000000e 55555555 f 55555555 0 00 55555555
000000000000000e 0013180000000000 1 18 00000000 4 0 0 000000000000000f 55555555 f 55555555 0 00 55555555
000000000000000f 0102001e18000000 0 00 00000000 5 1 0 0000000000000010 55555555 f 55555555 0 00 55555555
0000000000000010 0215fffffb040000 0 00 00000000 5 1 0 0000000000000011 55555555 f 55555555 0 00 55555555
0000000000000011 7cf5000000000000 0 00 00000000 5 1 0 0000000000000012 55555555 f 55555555 0 00 55555555
DONE retired=28 fault=00 pc=0000000000000011
