0000000000000000 00131d0000000000 1 1d 00000000 0 0 0 0000000000000001
0000000000000001 0102000b07000000 0 00 00000000 5 1 0 0000000000000002
0000000000000002 02150000020e0000 0 00 00000000 5 1 1 0000000000000005
0000000000000005 00920d1200000000 1 0d ffffffff 5 1 0 0000000000000006
0000000000000006 0052131413000000 1 13 00000000 5 1 0 0000000000000007
0000000000000007 0092040100000000 1 04 ffffffff 5 1 0 0000000000000008
0000000000000008 001310001fa55900 1 10 001fa559 5 1 0 0000000000000009
0000000000000009 012200050e000000 0 00 00000000 5 0 0 000000000000000a
000000000000000a 0215000002020000 0 00 00000000 5 0 1 000000000000000d
000000000000000d 8506000000000000 0 00 00000000 5 0 0 000000000000000e
000000000000000e 001312002205f000 1 12 002205f0 5 0 0 000000000000000f
000000000000000f 0102000209000000 0 00 00000000 5 1 0 0000000000000010
0000000000000010 02150000010d0000 0 00 00000000 5 1 0 0000000000000011
0000000000000011 8506000000000000 0 00 00000000 5 1 0 0000000000000012
0000000000000012 8506000000000000 0 00 00000000 5 1 0 0000000000000013
0000000000000013 0306000000000800 1 08 00000000 5 1 0 0000000000000014
0000000000000014 0112000905000000 0 00 00000000 5 0 0 0000000000000015
0000000000000015 02150000010e0000 0 00 00000000 5 0 1 0000000000000017
0000000000000017 0013090038f55100 1 09 0038f551 5 0 0 0000000000000018
0000000000000018 0122000c0d000000 0 00 00000000 0 1 0 0000000000000019
0000000000000019 0215000001030000 0 00 00000000 0 1 0 000000000000001a
000000000000001a 8506000000000000 0 00 00000000 0 1 0 000000000000001b
000000000000001b 8506000000000000 0 00 00000000 0 1 0 000000000000001c
000000000000001c 002306129c2b1f00 1 06 ffbe310f 0 1 0 000000000000001d
000000000000001d 0306000000000300 1 03 00000000 0 1 0 000000000000001e
000000000000001e 00131100a3e15a00 1 11 ffa3e15a 0 1 0 000000000000001f
000000000000001f 00131e0000000300 1 1e 00000003 0 1 0 0000000000000020
0000000000000020 0023151500000100 1 15 00000001 0 1 0 0000000000000021
0000000000000021 00731e1e00000100 1 1e 00000002 0 1 0 0000000000000022
0000000000000022 0102001e1d000000 0 00 00000000 4 0 0 0000000000000023
0000000000000023 0215fffffc040000 0 00 00000000 4 0 1 0000000000000020
0000000000000020 0023151500000100 1 15 00000002 4 0 0 0000000000000021
0000000000000021 00731e1e00000100 1 1e 00000001 4 0 0 0000000000000022
0000000000000022 0102001e1d000000 0 00 00000000 4 0 0 0000000000000023
0000000000000023 0215fffffc040000 0 00 00000000 4 0 1 0000000000000020
0000000000000020 0023151500000100 1 15 00000003 4 0 0 0000000000000021
0000000000000021 00731e1e00000100 1 1e 00000000 4 0 0 0000000000000022
0000000000000022 0102001e1d000000 0 00 00000000 5 1 0 0000000000000023
0000000000000023 0215fffffc040000 0 00 00000000 5 1 0 0000000000000024
0000000000000024 7cf5000000000000 0 00 00000000 5 1 0 0000000000000025
DONE retired=40 fault=00 pc=0000000000000024
