0000000000000000 343001000000f000 0 00 00000000 0 0 0 0 0 0 0000000000000001 ffffffff f ffffffff 1 01
0000000000000001 341107000001f000 0 00 00000000 0 0 0 0 0 0 0000000000000002 ffffffff f ffffffff 1 07
0000000000000002 34110c000003f000 0 00 00000000 0 0 0 0 0 0 0000000000000003 ffffffff f ffffffff 1 0c
0000000000000003 3029903070000000 0 00 00000000 0 0 0 0 0 0 0000000000000004 ffffffff f ffffffff 0 00
0000000000000004 7c1500001d90006f 0 00 00000000 0 0 0 0 0 0 0000000000000005 ffffffff f ffffffff 0 00
0000000000000005 34110d000001f000 0 00 00000000 0 0 0 0 0 0 0000000000000006 ffffffff f ffffffff 1 0d
0000000000000006 10300c010d00f000 0 00 00000000 0 0 0 0 0 0 0000000000000007 ffffffff f ffffffff 1 0c
0000000000000007 10000c0c0700f000 0 00 00000000 0 0 0 0 0 0 0000000000000008 ffffffff f ffffffff 1 0c
0000000000000008 34110a000000f000 0 00 00000000 0 0 0 0 0 0 0000000000000009 ffffffff f ffffffff 1 0a
0000000000000009 7c85000008000000 0 00 00000000 0 0 0 0 0 0 000000000000000a ffffffff f ffffffff 0 00
000000000000000a 3059e0a0c0000000 0 00 00000000 0 0 0 0 0 0 000000000000000b ffffffff f ffffffff 0 00
000000000000000b 3029d0a0c0000000 0 00 00000000 0 0 0 0 0 0 000000000000000c ffffffff f ffffffff 0 00
000000000000000c 305920b070000000 0 00 00000000 0 0 0 0 0 0 000000000000000d ffffffff f ffffffff 0 00
000000000000000d 7c15000000200001 0 00 00000000 0 0 0 0 0 0 000000000000000e ffffffff f ffffffff 0 00
000000000000000e 341105000003f000 0 00 00000000 0 0 0 0 0 0 000000000000000f ffffffff f ffffffff 1 05
000000000000000f 7c25000000000000 0 00 00000000 0 0 0 0 0 0 0000000000000010 ffffffff f ffffffff 0 00
0000000000000010 7cb5000000e00000 0 00 00000000 0 0 0 0 0 0 0000000000000011 ffffffff f ffffffff 0 00
0000000000000011 10000a0a0700f000 0 00 00000000 0 0 0 0 0 0 0000000000000012 ffffffff f ffffffff 1 0a
0000000000000012 7c95fffff7d00000 0 00 00000000 0 0 0 0 0 0 000000000000000a ffffffff f ffffffff 0 00
000000000000000a 3059e0a0c0000000 0 00 00000000 0 0 0 0 0 0 000000000000000b ffffffff f ffffffff 0 00
000000000000000b 3029d0a0c0000000 0 00 00000000 0 0 0 0 0 0 000000000000000c ffffffff f ffffffff 0 00
000000000000000c 305920b070000000 0 00 00000000 0 0 0 0 0 0 000000000000000d ffffffff f ffffffff 0 00
000000000000000d 7c15000000200001 0 00 00000000 0 0 0 0 0 0 000000000000000e ffffffff f ffffffff 0 00
000000000000000e 341105000003f000 0 00 00000000 0 0 0 0 0 0 000000000000000f ffffffff f ffffffff 1 05
000000000000000f 7c25000000000000 0 00 00000000 0 0 0 0 0 0 0000000000000010 ffffffff f ffffffff 0 00
0000000000000010 7cb5000000e00000 0 00 00000000 0 0 0 0 0 0 0000000000000011 aaaaaaaa f aaaaaaaa 0 00
0000000000000011 10000a0a0700f000 0 00 00000000 0 0 0 0 0 0 0000000000000012 aaaaaaaa f aaaaaaaa 1 0a
0000000000000012 7c95fffff7d00000 0 00 00000000 0 0 0 0 0 0 000000000000000a aaaaaaaa f aaaaaaaa 0 00
000000000000000a 3059e0a0c0000000 0 00 00000000 0 0 0 0 0 0 000000000000000b aaaaaaaa f aaaaaaaa 0 00
000000000000000b 3029d0a0c0000000 0 00 00000000 0 0 0 0 0 0 000000000000000c aaaaaaaa f aaaaaaaa 0 00
000000000000000c 305920b070000000 0 00 00000000 0 0 0 0 0 0 000000000000000d aaaaaaaa f aaaaaaaa 0 00
000000000000000d 7c15000000200001 0 00 00000000 0 0 0 0 0 0 000000000000000e aaaaaaaa f aaaaaaaa 0 00
000000000000000e 341105000003f000 0 00 00000000 0 0 0 0 0 0 000000000000000f aaaaaaaa f aaaaaaaa 1 05
000000000000000f 7c25000000000000 0 00 00000000 0 0 0 0 0 0 0000000000000010 aaaaaaaa f aaaaaaaa 0 00
0000000000000012 7cb5000000e00000 0 00 00000000 0 0 0 0 0 0 0000000000000011 00000000 f 00000000 0 00
0000000000000012 7c95fffff7d00000 0 00 00000000 0 0 0 0 0 0 0000000000000013 ffffffff f ffffffff 0 00
0000000000000013 34110d000003f000 0 00 00000000 0 0 0 0 0 0 0000000000000014 ffffffff f ffffffff 1 0d
0000000000000014 10300c010d00f000 0 00 00000000 0 0 0 0 0 0 0000000000000015 ffffffff f ffffffff 1 0c
0000000000000015 10000c0c0700f000 0 00 00000000 0 0 0 0 0 0 0000000000000016 ffffffff f ffffffff 1 0c
0000000000000016 34110a000000f000 0 00 00000000 0 0 0 0 0 0 0000000000000017 ffffffff f ffffffff 1 0a
0000000000000017 7c85000008000000 0 00 00000000 0 0 0 0 0 0 0000000000000018 ffffffff f ffffffff 0 00
0000000000000018 3059e0a0c0000000 0 00 00000000 0 0 0 0 0 0 0000000000000019 ffffffff f ffffffff 0 00
0000000000000019 3029d0a0c0000000 0 00 00000000 0 0 0 0 0 0 000000000000001a ffffffff f ffffffff 0 00
000000000000001a 3029301070000000 0 00 00000000 0 0 0 0 0 0 000000000000001b ffffffff f ffffffff 0 00
000000000000001b 7c15000000300001 0 00 00000000 0 0 0 0 0 0 000000000000001c 00000001 f 00000001 0 00
000000000000001c 11000c030500f000 0 00 00000000 0 0 0 0 0 0 000000000000001d 00000001 f 00000001 1 0c
000000000000001d 7c25000000000000 0 00 00000000 0 0 0 0 0 0 000000000000001c fffffffe f fffffffe 0 00
000000000000001c 11000c030500f000 0 00 00000000 0 0 0 0 0 0 000000000000001d fffffffe f fffffffe 1 0c
000000000000001d 7c25000000000000 0 00 00000000 0 0 0 0 0 0 000000000000001e ffffffff f ffffffff 0 00
000000000000001e 7cb5000000e00000 0 00 00000000 0 0 0 0 0 0 000000000000001f ffffffff f ffffffff 0 00
000000000000001f 10000a0a0700f000 0 00 00000000 0 0 0 0 0 0 0000000000000020 ffffffff f ffffffff 1 0a
0000000000000020 7c95fffff7d00000 0 00 00000000 0 0 0 0 0 0 0000000000000018 ffffffff f ffffffff 0 00
0000000000000018 3059e0a0c0000000 0 00 00000000 0 0 0 0 0 0 0000000000000019 ffffffff f ffffffff 0 00
0000000000000019 3029d0a0c0000000 0 00 00000000 0 0 0 0 0 0 000000000000001a ffffffff f ffffffff 0 00
000000000000001a 3029301070000000 0 00 00000000 0 0 0 0 0 0 000000000000001b ffffffff f ffffffff 0 00
000000000000001b 7c15000000300001 0 00 00000000 0 0 0 0 0 0 000000000000001c 00000001 f 00000001 0 00
000000000000001c 11000c030500f000 0 00 00000000 0 0 0 0 0 0 000000000000001d 00000001 f 00000001 1 0c
000000000000001d 7c25000000000000 0 00 00000000 0 0 0 0 0 0 000000000000001c fffffffe f fffffffe 0 00
000000000000001c 11000c030500f000 0 00 00000000 0 0 0 0 0 0 000000000000001d fffffffe f fffffffe 1 0c
000000000000001d 7c25000000000000 0 00 00000000 0 0 0 0 0 0 000000000000001e ffffffff f ffffffff 0 00
0000000000000020 7cb5000000e00000 0 00 00000000 0 0 0 0 0 0 000000000000001f 00000000 f 00000000 0 00
0000000000000020 7c95fffff7d00000 0 00 00000000 0 0 0 0 0 0 0000000000000021 ffffffff f ffffffff 0 00
0000000000000021 0205000052000000 0 00 00000000 0 0 0 0 0 1 0000000000000074 ffffffff f ffffffff 0 00
0000000000000074 7c25000000000000 0 00 00000000 0 0 0 0 0 0 0000000000000075 ffffffff f ffffffff 0 00
0000000000000075 110005040500f000 0 00 00000000 0 0 0 0 0 0 0000000000000076 ffffffff f ffffffff 1 05
0000000000000076 101005050100f000 0 00 00000000 0 0 0 0 0 0 0000000000000077 ffffffff f ffffffff 1 05
0000000000000077 7cf5000000000000 0 00 00000000 0 0 0 0 0 0 0000000000000078 ffffffff f ffffffff 0 00
