0000000000000000 0013140000004d00 1 14 0000004d 0 0 0 0000000000000001 00000010 f 00000010 0 00 00000010
0000000000000001 340003060000f000 0 00 00000000 0 0 0 0000000000000002 00000010 f 00000010 1 03 00000010
0000000000000002 00131500ffffff00 1 15 ffffffff 0 0 0 0000000000000003 00000010 f 00000010 0 00 00000010
0000000000000003 342006150000f000 0 00 00000000 0 0 0 0000000000000004 00000010 f 00000010 1 06 00000010
0000000000000004 34110200c120f000 0 00 00000000 0 0 0 0000000000000005 00000010 f 00000010 1 02 00000010
0000000000000005 107103050021f000 0 00 00000000 0 0 0 0000000000000006 00000010 f 00000010 1 03 00000010
0000000000000006 340006030000f000 0 00 00000000 0 0 0 0000000000000007 00000010 f 00000010 1 06 00000010
0000000000000007 10610303001ff000 0 00 00000000 0 0 0 0000000000000008 00000010 f 00000010 1 03 00000010
0000000000000008 10710503003ff000 0 00 00000000 0 0 0 0000000000000009 00000010 f 00000010 1 05 00000010
0000000000000009 102004030500f000 0 00 00000000 0 0 0 000000000000000a 00000010 f 00000010 1 04 00000010
000000000000000a 340002020000f000 0 00 00000000 0 0 0 000000000000000b 00000010 f 00000010 1 02 00000010
000000000000000b 105006060600f000 0 00 00000000 0 0 0 000000000000000c 00000010 f 00000010 1 06 00000010
000000000000000c 106104020016f000 0 00 00000000 0 0 0 000000000000000d 00000010 f 00000010 1 04 00000010
000000000000000d 101005050200f000 0 00 00000000 0 0 0 000000000000000e 00000010 f 00000010 1 05 00000010
000000000000000e 107102030021f000 0 00 00000000 0 0 0 000000000000000f 00000010 f 00000010 1 02 00000010
000000000000000f 10710603001ff000 0 00 00000000 0 0 0 0000000000000010 00000010 f 00000010 1 06 00000010
0000000000000010 00131500ffffff00 1 15 ffffffff 0 0 0 0000000000000011 00000010 f 00000010 0 00 00000010
0000000000000011 342004150000f000 0 00 00000000 0 0 0 0000000000000012 00000010 f 00000010 1 04 00000010
0000000000000012 341103008000b000 0 00 00000000 0 0 0 0000000000000013 00000010 b 00000000 1 03 00000000
0000000000000013 341103000000f000 0 00 00000000 0 0 0 0000000000000014 00000010 f 00000010 1 03 00000010
0000000000000014 10710502000ff000 0 00 00000000 0 0 0 0000000000000015 00000010 f 00000010 1 05 00000010
0000000000000015 00131e0000000100 1 1e 00000001 0 0 0 0000000000000016 00000010 f 00000010 0 00 00000010
0000000000000016 0023171700000100 1 17 00000001 0 0 0 0000000000000017 00000010 f 00000010 0 00 00000010
0000000000000017 00731e1e00000100 1 1e 00000000 0 0 0 0000000000000018 00000010 f 00000010 0 00 00000010
0000000000000018 0013180000000000 1 18 00000000 0 0 0 0000000000000019 00000010 f 00000010 0 00 00000010
0000000000000019 0102001e18000000 0 00 00000000 5 1 0 000000000000001a 00000010 f 00000010 0 00 00000010
000000000000001a 0215fffffb040000 0 00 00000000 5 1 0 000000000000001b 00000010 f 00000010 0 00 00000010
000000000000001b 7cf5000000000000 0 00 00000000 5 1 0 000000000000001c 00000010 f 00000010 0 00 00000010
DONE retired=28 fault=00 pc=000000000000001b
