0000000000000000 0013140000004d00 1 14 0000004d 0 0 0 0000000000000001 8c5a75dd f 8c5a75dd 0 00 8c5a75dd
0000000000000001 100003030200b000 0 00 00000000 0 0 0 0000000000000002 8c5a75dd b 8c5a75dd 1 03 8c5a75dd
0000000000000002 0013160000000100 1 16 00000001 0 0 0 0000000000000003 8c5a75dd f 8c5a75dd 0 00 8c5a75dd
0000000000000003 342005160000f000 0 00 00000000 0 0 0 0000000000000004 8c5a75dd f 8c5a75dd 1 05 8c5a75dd
0000000000000004 10810405001ff000 0 00 00000000 0 0 0 0000000000000005 8c5a75dd f 8c5a75dd 1 04 8c5a75dd
0000000000000005 00131500ffffff00 1 15 ffffffff 0 0 0 0000000000000006 8c5a75dd f 8c5a75dd 0 00 8c5a75dd
0000000000000006 342006150000f000 0 00 00000000 0 0 0 0000000000000007 8c5a75dd f 8c5a75dd 1 06 8c5a75dd
0000000000000007 00131600ffffff00 1 16 ffffffff 0 0 0 0000000000000008 8c5a75dd f 8c5a75dd 0 00 8c5a75dd
0000000000000008 342006160000f000 0 00 00000000 0 0 0 0000000000000009 8c5a75dd f 8c5a75dd 1 06 8c5a75dd
0000000000000009 108102060010f000 0 00 00000000 0 0 0 000000000000000a 8c5a75dd f 8c5a75dd 1 02 8c5a75dd
000000000000000a 101006060200f000 0 00 00000000 0 0 0 000000000000000b 8c5a75dd f 8c5a75dd 1 06 8c5a75dd
000000000000000b 105105068000f000 0 00 00000000 0 0 0 000000000000000c 8c5a75dd f 8c5a75dd 1 05 8c5a75dd
000000000000000c 0013160000000000 1 16 00000000 0 0 0 000000000000000d 8c5a75dd f 8c5a75dd 0 00 8c5a75dd
000000000000000d 342006160000f000 0 00 00000000 0 0 0 000000000000000e 8c5a75dd f 8c5a75dd 1 06 8c5a75dd
000000000000000e 10810606000ff000 0 00 00000000 0 0 0 000000000000000f 8c5a75dd f 8c5a75dd 1 06 8c5a75dd
000000000000000f 3400050300000000 0 00 00000000 0 0 0 0000000000000010 8c5a75dd 0 8002419d 1 05 8002419d
0000000000000010 100005040300f000 0 00 00000000 0 0 0 0000000000000011 8c5a75dd f 8c5a75dd 1 05 8c5a75dd
0000000000000011 340004030000f000 0 00 00000000 0 0 0 0000000000000012 8c5a75dd f 8c5a75dd 1 04 8c5a75dd
0000000000000012 105006030400f000 0 00 00000000 0 0 0 0000000000000013 8c5a75dd f 8c5a75dd 1 06 8c5a75dd
0000000000000013 0013150000000000 1 15 00000000 0 0 0 0000000000000014 8c5a75dd f 8c5a75dd 0 00 8c5a75dd
0000000000000014 342005150000f000 0 00 00000000 0 0 0 0000000000000015 8c5a75dd f 8c5a75dd 1 05 8c5a75dd
0000000000000015 0013160055555500 1 16 00555555 0 0 0 0000000000000016 8c5a75dd f 8c5a75dd 0 00 8c5a75dd
0000000000000016 342002160000f000 0 00 00000000 0 0 0 0000000000000017 8c5a75dd f 8c5a75dd 1 02 8c5a75dd
0000000000000017 108102020001f000 0 00 00000000 0 0 0 0000000000000018 8c5a75dd f 8c5a75dd 1 02 8c5a75dd
0000000000000018 3400060200000000 0 00 00000000 0 0 0 0000000000000019 8c5a75dd 0 8002419d 1 06 8002419d
0000000000000019 00131500ffffff00 1 15 ffffffff 0 0 0 000000000000001a 8c5a75dd f 8c5a75dd 0 00 8c5a75dd
000000000000001a 342006150000f000 0 00 00000000 0 0 0 000000000000001b 8c5a75dd f 8c5a75dd 1 06 8c5a75dd
000000000000001b 106106050020f000 0 00 00000000 0 0 0 000000000000001c 8c5a75dd f 8c5a75dd 1 06 8c5a75dd
000000000000001c 105105030000f000 0 00 00000000 0 0 0 000000000000001d 8c5a75dd f 8c5a75dd 1 05 8c5a75dd
000000000000001d 104103050001f000 0 00 00000000 0 0 0 000000000000001e 8c5a75dd f 8c5a75dd 1 03 8c5a75dd
000000000000001e 10610304000ff000 0 00 00000000 0 0 0 000000000000001f 8c5a75dd f 8c5a75dd 1 03 8c5a75dd
000000000000001f 0013160000000000 1 16 00000000 0 0 0 0000000000000020 8c5a75dd f 8c5a75dd 0 00 8c5a75dd
0000000000000020 342005160000f000 0 00 00000000 0 0 0 0000000000000021 8c5a75dd f 8c5a75dd 1 05 8c5a75dd
0000000000000021 108102050001f000 0 00 00000000 0 0 0 0000000000000022 8c5a75dd f 8c5a75dd 1 02 8c5a75dd
0000000000000022 103106032666f000 0 00 00000000 0 0 0 0000000000000023 8c5a75dd f 8c5a75dd 1 06 8c5a75dd
0000000000000023 00131e0000000300 1 1e 00000003 0 0 0 0000000000000024 8c5a75dd f 8c5a75dd 0 00 8c5a75dd
0000000000000024 0023171700000100 1 17 00000001 0 0 0 0000000000000025 8c5a75dd f 8c5a75dd 0 00 8c5a75dd
0000000000000025 00731e1e00000100 1 1e 00000002 0 0 0 0000000000000026 8c5a75dd f 8c5a75dd 0 00 8c5a75dd
0000000000000026 0013180000000000 1 18 00000000 0 0 0 0000000000000027 8c5a75dd f 8c5a75dd 0 00 8c5a75dd
0000000000000027 0102001e18000000 0 00 00000000 4 0 0 0000000000000028 8c5a75dd f 8c5a75dd 0 00 8c5a75dd
0000000000000028 0215fffffb040000 0 00 00000000 4 0 1 0000000000000024 8c5a75dd f 8c5a75dd 0 00 8c5a75dd
0000000000000024 0023171700000100 1 17 00000002 4 0 0 0000000000000025 8c5a75dd f 8c5a75dd 0 00 8c5a75dd
0000000000000025 00731e1e00000100 1 1e 00000001 4 0 0 0000000000000026 8c5a75dd f 8c5a75dd 0 00 8c5a75dd
0000000000000026 0013180000000000 1 18 00000000 4 0 0 0000000000000027 8c5a75dd f 8c5a75dd 0 00 8c5a75dd
0000000000000027 0102001e18000000 0 00 00000000 4 0 0 0000000000000028 8c5a75dd f 8c5a75dd 0 00 8c5a75dd
0000000000000028 0215fffffb040000 0 00 00000000 4 0 1 0000000000000024 8c5a75dd f 8c5a75dd 0 00 8c5a75dd
0000000000000024 0023171700000100 1 17 00000003 4 0 0 0000000000000025 8c5a75dd f 8c5a75dd 0 00 8c5a75dd
0000000000000025 00731e1e00000100 1 1e 00000000 4 0 0 0000000000000026 8c5a75dd f 8c5a75dd 0 00 8c5a75dd
0000000000000026 0013180000000000 1 18 00000000 4 0 0 0000000000000027 8c5a75dd f 8c5a75dd 0 00 8c5a75dd
0000000000000027 0102001e18000000 0 00 00000000 5 1 0 0000000000000028 8c5a75dd f 8c5a75dd 0 00 8c5a75dd
0000000000000028 0215fffffb040000 0 00 00000000 5 1 0 0000000000000029 8c5a75dd f 8c5a75dd 0 00 8c5a75dd
0000000000000029 7cf5000000000000 0 00 00000000 5 1 0 000000000000002a 8c5a75dd f 8c5a75dd 0 00 8c5a75dd
DONE retired=52 fault=00 pc=0000000000000029
