0000000000000000 0013140000004d00 1 14 0000004d 0 0 0 0000000000000001 01010101 f 01010101 0 00 01010101
0000000000000001 107103040010f000 0 00 00000000 0 0 0 0000000000000002 01010101 f 01010101 1 03 01010101
0000000000000002 00131500ffffff00 1 15 ffffffff 0 0 0 0000000000000003 01010101 f 01010101 0 00 01010101
0000000000000003 342004150000f000 0 00 00000000 0 0 0 0000000000000004 01010101 f 01010101 1 04 01010101
0000000000000004 0013150000000000 1 15 00000000 0 0 0 0000000000000005 01010101 f 01010101 0 00 01010101
0000000000000005 342005150000f000 0 00 00000000 0 0 0 0000000000000006 01010101 f 01010101 1 05 01010101
0000000000000006 106102050010f000 0 00 00000000 0 0 0 0000000000000007 01010101 f 01010101 1 02 01010101
0000000000000007 107104020020f000 0 00 00000000 0 0 0 0000000000000008 01010101 f 01010101 1 04 01010101
0000000000000008 34110200ef302000 0 00 00000000 0 0 0 0000000000000009 01010101 2 01000101 1 02 01000101
0000000000000009 107106030001f000 0 00 00000000 0 0 0 000000000000000a 01010101 f 01010101 1 06 01010101
000000000000000a 102005020300c000 0 00 00000000 0 0 0 000000000000000b 01010101 c 01010101 1 05 01010101
000000000000000b 10710606001ff000 0 00 00000000 0 0 0 000000000000000c 01010101 f 01010101 1 06 01010101
000000000000000c 0013160055555500 1 16 00555555 0 0 0 000000000000000d 01010101 f 01010101 0 00 01010101
000000000000000d 342003160000f000 0 00 00000000 0 0 0 000000000000000e 01010101 f 01010101 1 03 01010101
000000000000000e 108105030021f000 0 00 00000000 0 0 0 000000000000000f 01010101 f 01010101 1 05 01010101
000000000000000f 107103030025f000 0 00 00000000 0 0 0 0000000000000010 01010101 f 01010101 1 03 01010101
0000000000000010 104006040300f000 0 00 00000000 0 0 0 0000000000000011 01010101 f 01010101 1 06 01010101
0000000000000011 0013150000000000 1 15 00000000 0 0 0 0000000000000012 01010101 f 01010101 0 00 01010101
0000000000000012 342005150000f000 0 00 00000000 0 0 0 0000000000000013 01010101 f 01010101 1 05 01010101
0000000000000013 341102000001f000 0 00 00000000 0 0 0 0000000000000014 01010101 f 01010101 1 02 01010101
0000000000000014 103003030300f000 0 00 00000000 0 0 0 0000000000000015 01010101 f 01010101 1 03 01010101
0000000000000015 00131500ffffff00 1 15 ffffffff 0 0 0 0000000000000016 01010101 f 01010101 0 00 01010101
0000000000000016 342003150000f000 0 00 00000000 0 0 0 0000000000000017 01010101 f 01010101 1 03 01010101
0000000000000017 10310505fffff000 0 00 00000000 0 0 0 0000000000000018 01010101 f 01010101 1 05 01010101
0000000000000018 340006040000f000 0 00 00000000 0 0 0 0000000000000019 01010101 f 01010101 1 06 01010101
0000000000000019 341104007ffff000 0 00 00000000 0 0 0 000000000000001a 01010101 f 01010101 1 04 01010101
000000000000001a 0013160000000000 1 16 00000000 0 0 0 000000000000001b 01010101 f 01010101 0 00 01010101
000000000000001b 342002160000f000 0 00 00000000 0 0 0 000000000000001c 01010101 f 01010101 1 02 01010101
000000000000001c 108105020001f000 0 00 00000000 0 0 0 000000000000001d 01010101 f 01010101 1 05 01010101
000000000000001d 00131500aaaaaa00 1 15 ffaaaaaa 0 0 0 000000000000001e 01010101 f 01010101 0 00 01010101
000000000000001e 342005150000f000 0 00 00000000 0 0 0 000000000000001f 01010101 f 01010101 1 05 01010101
000000000000001f 10710405003ff000 0 00 00000000 0 0 0 0000000000000020 01010101 f 01010101 1 04 01010101
0000000000000020 343003000000f000 0 00 00000000 0 0 0 0000000000000021 01010101 f 01010101 1 03 01010101
0000000000000021 106103020010f000 0 00 00000000 0 0 0 0000000000000022 01010101 f 01010101 1 03 01010101
0000000000000022 00131e0000000100 1 1e 00000001 0 0 0 0000000000000023 01010101 f 01010101 0 00 01010101
0000000000000023 0023171700000100 1 17 00000001 0 0 0 0000000000000024 01010101 f 01010101 0 00 01010101
0000000000000024 00731e1e00000100 1 1e 00000000 0 0 0 0000000000000025 01010101 f 01010101 0 00 01010101
0000000000000025 0013180000000000 1 18 00000000 0 0 0 0000000000000026 01010101 f 01010101 0 00 01010101
0000000000000026 0102001e18000000 0 00 00000000 5 1 0 0000000000000027 01010101 f 01010101 0 00 01010101
0000000000000027 0215fffffb040000 0 00 00000000 5 1 0 0000000000000028 01010101 f 01010101 0 00 01010101
0000000000000028 7cf5000000000000 0 00 00000000 5 1 0 0000000000000029 01010101 f 01010101 0 00 01010101
DONE retired=41 fault=00 pc=0000000000000028
