0000000000000000 343001000000f000 0 00 00000000 0 0 0 0 0 0 0000000000000001 ffffffff f ffffffff 1 01
0000000000000001 341107000001f000 0 00 00000000 0 0 0 0 0 0 0000000000000002 ffffffff f ffffffff 1 07
0000000000000002 34110c000003f000 0 00 00000000 0 0 0 0 0 0 0000000000000003 ffffffff f ffffffff 1 0c
0000000000000003 10100c040c00f000 0 00 00000000 0 0 0 0 0 0 0000000000000004 ffffffff f ffffffff 1 0c
0000000000000004 34110d000001f000 0 00 00000000 0 0 0 0 0 0 0000000000000005 ffffffff f ffffffff 1 0d
0000000000000005 10300c010d00f000 0 00 00000000 0 0 0 0 0 0 0000000000000006 ffffffff f ffffffff 1 0c
0000000000000006 10000c0c0700f000 0 00 00000000 0 0 0 0 0 0 0000000000000007 ffffffff f ffffffff 1 0c
0000000000000007 34110a000000f000 0 00 00000000 0 0 0 0 0 0 0000000000000008 ffffffff f ffffffff 1 0a
0000000000000008 7c85000005000000 0 00 00000000 0 0 0 0 0 0 0000000000000009 ffffffff f ffffffff 0 00
0000000000000009 3059e0a0c0000000 0 00 00000000 0 0 0 0 0 0 000000000000000a ffffffff f ffffffff 0 00
000000000000000a 3029d0a0c0000000 0 00 00000000 0 0 0 0 0 0 000000000000000b ffffffff f ffffffff 0 00
000000000000000b 0023060600000300 1 06 00000003 0 0 0 0 0 0 000000000000000c ffffffff f ffffffff 0 00
000000000000000c 7cb5000000e00000 0 00 00000000 0 0 0 0 0 0 000000000000000d ffffffff f ffffffff 0 00
000000000000000d 10000a0a0700f000 0 00 00000000 0 0 0 0 0 0 000000000000000e ffffffff f ffffffff 1 0a
000000000000000e 7c95fffffad00000 0 00 00000000 0 0 0 0 0 0 0000000000000009 ffffffff f ffffffff 0 00
0000000000000009 3059e0a0c0000000 0 00 00000000 0 0 0 0 0 0 000000000000000a ffffffff f ffffffff 0 00
000000000000000a 3029d0a0c0000000 0 00 00000000 0 0 0 0 0 0 000000000000000b ffffffff f ffffffff 0 00
000000000000000b 0023060600000300 1 06 00000006 0 0 0 0 0 0 000000000000000c ffffffff f ffffffff 0 00
000000000000000c 7cb5000000e00000 0 00 00000000 0 0 0 0 0 0 000000000000000d aaaaaaaa f aaaaaaaa 0 00
000000000000000d 10000a0a0700f000 0 00 00000000 0 0 0 0 0 0 000000000000000e aaaaaaaa f aaaaaaaa 1 0a
000000000000000e 7c95fffffad00000 0 00 00000000 0 0 0 0 0 0 0000000000000009 aaaaaaaa f aaaaaaaa 0 00
0000000000000009 3059e0a0c0000000 0 00 00000000 0 0 0 0 0 0 000000000000000a aaaaaaaa f aaaaaaaa 0 00
000000000000000a 3029d0a0c0000000 0 00 00000000 0 0 0 0 0 0 000000000000000b aaaaaaaa f aaaaaaaa 0 00
000000000000000b 0023060600000300 1 06 00000009 0 0 0 0 0 0 000000000000000c aaaaaaaa f aaaaaaaa 0 00
000000000000000e 7cb5000000e00000 0 00 00000000 0 0 0 0 0 0 000000000000000d 00000000 f 00000000 0 00
000000000000000e 7c95fffffad00000 0 00 00000000 0 0 0 0 0 0 000000000000000f ffffffff f ffffffff 0 00
000000000000000f 30496010c0000000 0 00 00000000 0 0 0 0 0 0 0000000000000010 ffffffff f ffffffff 0 00
0000000000000010 7c1500000b60001f 0 00 00000000 0 0 0 0 0 0 0000000000000011 fffffffc f fffffffc 0 00
0000000000000011 34110d000003f000 0 00 00000000 0 0 0 0 0 0 0000000000000012 fffffffc f fffffffc 1 0d
0000000000000012 10300c010d00f000 0 00 00000000 0 0 0 0 0 0 0000000000000013 fffffffc f fffffffc 1 0c
0000000000000013 10000c0c0700f000 0 00 00000000 0 0 0 0 0 0 0000000000000014 fffffffc f fffffffc 1 0c
0000000000000014 34110a000000f000 0 00 00000000 0 0 0 0 0 0 0000000000000015 fffffffc f fffffffc 1 0a
0000000000000015 7c85000004000000 0 00 00000000 0 0 0 0 0 0 0000000000000016 fffffffc f fffffffc 0 00
0000000000000016 3059e0a0c0000000 0 00 00000000 0 0 0 0 0 0 0000000000000017 fffffffc f fffffffc 0 00
0000000000000017 3029d0a0c0000000 0 00 00000000 0 0 0 0 0 0 0000000000000018 fffffffc f fffffffc 0 00
0000000000000018 11000c030700f000 0 00 00000000 0 0 0 0 0 0 0000000000000019 fffffffc f fffffffc 1 0c
0000000000000019 10000a0a0700f000 0 00 00000000 0 0 0 0 0 0 000000000000001a fffffffc f fffffffc 1 0a
000000000000001a 7c95fffffbd00000 0 00 00000000 0 0 0 0 0 0 0000000000000016 fffffffc f fffffffc 0 00
0000000000000016 3059e0a0c0000000 0 00 00000000 0 0 0 0 0 0 0000000000000017 fffffffc f fffffffc 0 00
0000000000000017 3029d0a0c0000000 0 00 00000000 0 0 0 0 0 0 0000000000000018 fffffffc f fffffffc 0 00
0000000000000018 11000c030700f000 0 00 00000000 0 0 0 0 0 0 0000000000000019 fffffffc f fffffffc 1 0c
0000000000000019 10000a0a0700f000 0 00 00000000 0 0 0 0 0 0 000000000000001a fffffffc f fffffffc 1 0a
000000000000001a 7c95fffffbd00000 0 00 00000000 0 0 0 0 0 0 000000000000001b fffffffc f fffffffc 0 00
000000000000001b 0205000014000000 0 00 00000000 0 0 0 0 0 1 0000000000000030 fffffffc f fffffffc 0 00
0000000000000030 7c25000000000000 0 00 00000000 0 0 0 0 0 0 000000000000001c 00000003 f 00000003 0 00
000000000000001c 0023060600000100 1 06 0000000a 0 0 0 0 0 0 000000000000001d 00000003 f 00000003 0 00
000000000000001d 30296010c0000000 0 00 00000000 0 0 0 0 0 0 000000000000001e 00000003 f 00000003 0 00
000000000000001e 7c15000002600010 0 00 00000000 0 0 0 0 0 0 000000000000001f 00000003 f 00000003 0 00
000000000000001f 1010030c0300f000 0 00 00000000 0 0 0 0 0 0 0000000000000020 00000003 f 00000003 1 03
0000000000000020 020500000e000000 0 00 00000000 0 0 0 0 0 1 000000000000002f 00000003 f 00000003 0 00
000000000000002f 7c25000000000000 0 00 00000000 0 0 0 0 0 0 0000000000000030 00000003 f 00000003 0 00
0000000000000030 7c25000000000000 0 00 00000000 0 0 0 0 0 0 0000000000000031 ffffffff f ffffffff 0 00
0000000000000031 7cf5000000000000 0 00 00000000 0 0 0 0 0 0 0000000000000032 ffffffff f ffffffff 0 00
