0000000000000000 0013140000004d00 1 14 0000004d 0 0 0 0000000000000001 55555555 f 55555555 0 00 55555555
0000000000000001 341104008000f000 0 00 00000000 0 0 0 0000000000000002 55555555 f 55555555 1 04 55555555
0000000000000002 106105050017f000 0 00 00000000 0 0 0 0000000000000003 55555555 f 55555555 1 05 55555555
0000000000000003 00131600aaaaaa00 1 16 ffaaaaaa 0 0 0 0000000000000004 55555555 f 55555555 0 00 55555555
0000000000000004 342006160000f000 0 00 00000000 0 0 0 0000000000000005 55555555 f 55555555 1 06 55555555
0000000000000005 108102060020f000 0 00 00000000 0 0 0 0000000000000006 55555555 f 55555555 1 02 55555555
0000000000000006 105102067ffff000 0 00 00000000 0 0 0 0000000000000007 55555555 f 55555555 1 02 55555555
0000000000000007 0013150055555500 1 15 00555555 0 0 0 0000000000000008 55555555 f 55555555 0 00 55555555
0000000000000008 342006150000f000 0 00 00000000 0 0 0 0000000000000009 55555555 f 55555555 1 06 55555555
0000000000000009 103105068000f000 0 00 00000000 0 0 0 000000000000000a 55555555 f 55555555 1 05 55555555
000000000000000a 341106008000f000 0 00 00000000 0 0 0 000000000000000b 55555555 f 55555555 1 06 55555555
000000000000000b 104004050600f000 0 00 00000000 0 0 0 000000000000000c 55555555 f 55555555 1 04 55555555
000000000000000c 340002040000f000 0 00 00000000 0 0 0 000000000000000d 55555555 f 55555555 1 02 55555555
000000000000000d 0013160055555500 1 16 00555555 0 0 0 000000000000000e 55555555 f 55555555 0 00 55555555
000000000000000e 342004160000f000 0 00 00000000 0 0 0 000000000000000f 55555555 f 55555555 1 04 55555555
000000000000000f 10810604001ff000 0 00 00000000 0 0 0 0000000000000010 55555555 f 55555555 1 06 55555555
0000000000000010 107105060001f000 0 00 00000000 0 0 0 0000000000000011 55555555 f 55555555 1 05 55555555
0000000000000011 00131600aaaaaa00 1 16 ffaaaaaa 0 0 0 0000000000000012 55555555 f 55555555 0 00 55555555
0000000000000012 342004160000f000 0 00 00000000 0 0 0 0000000000000013 55555555 f 55555555 1 04 55555555
0000000000000013 10810504001ff000 0 00 00000000 0 0 0 0000000000000014 55555555 f 55555555 1 05 55555555
0000000000000014 00131600ffffff00 1 16 ffffffff 0 0 0 0000000000000015 55555555 f 55555555 0 00 55555555
0000000000000015 342004160000f000 0 00 00000000 0 0 0 0000000000000016 55555555 f 55555555 1 04 55555555
0000000000000016 108106040020f000 0 00 00000000 0 0 0 0000000000000017 55555555 f 55555555 1 06 55555555
0000000000000017 107105020001f000 0 00 00000000 0 0 0 0000000000000018 55555555 f 55555555 1 05 55555555
0000000000000018 102005060300f000 0 00 00000000 0 0 0 0000000000000019 55555555 f 55555555 1 05 55555555
0000000000000019 00131500ffffff00 1 15 ffffffff 0 0 0 000000000000001a 55555555 f 55555555 0 00 55555555
000000000000001a 342004150000f000 0 00 00000000 0 0 0 000000000000001b 55555555 f 55555555 1 04 55555555
000000000000001b 0013150000000000 1 15 00000000 0 0 0 000000000000001c 55555555 f 55555555 0 00 55555555
000000000000001c 342003150000f000 0 00 00000000 0 0 0 000000000000001d 55555555 f 55555555 1 03 55555555
000000000000001d 105005050200f000 0 00 00000000 0 0 0 000000000000001e 55555555 f 55555555 1 05 55555555
000000000000001e 10310203fffff000 0 00 00000000 0 0 0 000000000000001f 55555555 f 55555555 1 02 55555555
000000000000001f 340005040000f000 0 00 00000000 0 0 0 0000000000000020 55555555 f 55555555 1 05 55555555
0000000000000020 0013160000000000 1 16 00000000 0 0 0 0000000000000021 55555555 f 55555555 0 00 55555555
0000000000000021 342002160000f000 0 00 00000000 0 0 0 0000000000000022 55555555 f 55555555 1 02 55555555
0000000000000022 10810202001ff000 0 00 00000000 0 0 0 0000000000000023 55555555 f 55555555 1 02 55555555
0000000000000023 343003000000f000 0 00 00000000 0 0 0 0000000000000024 55555555 f 55555555 1 03 55555555
0000000000000024 100102028000f000 0 00 00000000 0 0 0 0000000000000025 55555555 f 55555555 1 02 55555555
0000000000000025 10510506fffff000 0 00 00000000 0 0 0 0000000000000026 55555555 f 55555555 1 05 55555555
0000000000000026 1010050203007000 0 00 00000000 0 0 0 0000000000000027 55555555 7 00000001 1 05 00000001
0000000000000027 10310506fffff000 0 00 00000000 0 0 0 0000000000000028 55555555 f 55555555 1 05 55555555
0000000000000028 0013150000000000 1 15 00000000 0 0 0 0000000000000029 55555555 f 55555555 0 00 55555555
0000000000000029 342002150000f000 0 00 00000000 0 0 0 000000000000002a 55555555 f 55555555 1 02 55555555
000000000000002a 00131e0000000300 1 1e 00000003 0 0 0 000000000000002b 55555555 f 55555555 0 00 55555555
000000000000002b 0023171700000100 1 17 00000001 0 0 0 000000000000002c 55555555 f 55555555 0 00 55555555
000000000000002c 00731e1e00000100 1 1e 00000002 0 0 0 000000000000002d 55555555 f 55555555 0 00 55555555
000000000000002d 0013180000000000 1 18 00000000 0 0 0 000000000000002e 55555555 f 55555555 0 00 55555555
000000000000002e 0102001e18000000 0 00 00000000 4 0 0 000000000000002f 55555555 f 55555555 0 00 55555555
000000000000002f 0215fffffb040000 0 00 00000000 4 0 1 000000000000002b 55555555 f 55555555 0 00 55555555
000000000000002b 0023171700000100 1 17 00000002 4 0 0 000000000000002c 55555555 f 55555555 0 00 55555555
000000000000002c 00731e1e00000100 1 1e 00000001 4 0 0 000000000000002d 55555555 f 55555555 0 00 55555555
000000000000002d 0013180000000000 1 18 00000000 4 0 0 000000000000002e 55555555 f 55555555 0 00 55555555
000000000000002e 0102001e18000000 0 00 00000000 4 0 0 000000000000002f 55555555 f 55555555 0 00 55555555
000000000000002f 0215fffffb040000 0 00 00000000 4 0 1 000000000000002b 55555555 f 55555555 0 00 55555555
000000000000002b 0023171700000100 1 17 00000003 4 0 0 000000000000002c 55555555 f 55555555 0 00 55555555
000000000000002c 00731e1e00000100 1 1e 00000000 4 0 0 000000000000002d 55555555 f 55555555 0 00 55555555
000000000000002d 0013180000000000 1 18 00000000 4 0 0 000000000000002e 55555555 f 55555555 0 00 55555555
000000000000002e 0102001e18000000 0 00 00000000 5 1 0 000000000000002f 55555555 f 55555555 0 00 55555555
000000000000002f 0215fffffb040000 0 00 00000000 5 1 0 0000000000000030 55555555 f 55555555 0 00 55555555
0000000000000030 7cf5000000000000 0 00 00000000 5 1 0 0000000000000031 55555555 f 55555555 0 00 55555555
DONE retired=59 fault=00 pc=0000000000000030
