0000000000000000 00131d0000000000 1 1d 00000000 0 0 0 0000000000000001
0000000000000001 8506000000000000 0 00 00000000 0 0 0 0000000000000002
0000000000000002 8506000000000000 0 00 00000000 0 0 0 0000000000000003
0000000000000003 010200100f000000 0 00 00000000 5 1 0 0000000000000004
0000000000000004 0215000002040000 0 00 00000000 5 1 0 0000000000000005
0000000000000005 8506000000000000 0 00 00000000 5 1 0 0000000000000006
0000000000000006 8506000000000000 0 00 00000000 5 1 0 0000000000000007
0000000000000007 007302102bc1c400 1 02 ffd43e3c 5 1 0 0000000000000008
0000000000000008 00b2120d0a000000 1 12 00000000 5 1 0 0000000000000009
0000000000000009 00130a0031b4d200 1 0a 0031b4d2 5 1 0 000000000000000a
000000000000000a 8506000000000000 0 00 00000000 5 1 0 000000000000000b
000000000000000b 8506000000000000 0 00 00000000 5 1 0 000000000000000c
000000000000000c 0023071100000000 1 07 00000000 5 1 0 000000000000000d
000000000000000d 00130e00ffffff00 1 0e ffffffff 5 1 0 000000000000000e
000000000000000e 00b2141410000000 1 14 00000000 5 1 0 000000000000000f
000000000000000f 00130c0000000000 1 0c 00000000 5 1 0 0000000000000010
0000000000000010 0052100e12000000 1 10 ffffffff 5 1 0 0000000000000011
0000000000000011 00130c006e099c00 1 0c 006e099c 5 1 0 0000000000000012
0000000000000012 0306000000000d00 1 0d 00000000 5 1 0 0000000000000013
0000000000000013 00b3130b00001400 1 13 00000000 5 1 0 0000000000000014
0000000000000014 00130200c8cfdc00 1 02 ffc8cfdc 5 1 0 0000000000000015
0000000000000015 8506000000000000 0 00 00000000 5 1 0 0000000000000016
0000000000000016 8506000000000000 0 00 00000000 5 1 0 0000000000000017
0000000000000017 00130b0058d38900 1 0b 0058d389 5 1 0 0000000000000018
0000000000000018 00a3030500000200 1 03 00000000 5 1 0 0000000000000019
0000000000000019 0122000903000000 0 00 00000000 5 0 0 000000000000001a
000000000000001a 0215000001040000 0 00 00000000 5 0 0 000000000000001b
000000000000001b 8506000000000000 0 00 00000000 5 0 0 000000000000001c
000000000000001c 00b3100100001000 1 10 00000000 5 0 0 000000000000001d
000000000000001d 8506000000000000 0 00 00000000 5 0 0 000000000000001e
000000000000001e 00131100eb505700 1 11 ffeb5057 5 0 0 000000000000001f
000000000000001f 8506000000000000 0 00 00000000 5 0 0 0000000000000020
0000000000000020 0112000f02000000 0 00 00000000 0 0 0 0000000000000021
0000000000000021 02150000020b0000 0 00 00000000 0 0 0 0000000000000022
0000000000000022 8506000000000000 0 00 00000000 0 0 0 0000000000000023
0000000000000023 8506000000000000 0 00 00000000 0 0 0 0000000000000024
0000000000000024 002204140f000000 1 04 00000000 0 0 0 0000000000000025
0000000000000025 0092060400000000 1 06 ffffffff 0 0 0 0000000000000026
0000000000000026 00131e0000000200 1 1e 00000002 0 0 0 0000000000000027
0000000000000027 0023151500000100 1 15 00000001 0 0 0 0000000000000028
0000000000000028 00731e1e00000100 1 1e 00000001 0 0 0 0000000000000029
0000000000000029 0102001e1d000000 0 00 00000000 4 0 0 000000000000002a
000000000000002a 0215fffffc040000 0 00 00000000 4 0 1 0000000000000027
0000000000000027 0023151500000100 1 15 00000002 4 0 0 0000000000000028
0000000000000028 00731e1e00000100 1 1e 00000000 4 0 0 0000000000000029
0000000000000029 0102001e1d000000 0 00 00000000 5 1 0 000000000000002a
000000000000002a 0215fffffc040000 0 00 00000000 5 1 0 000000000000002b
000000000000002b 7cf5000000000000 0 00 00000000 5 1 0 000000000000002c
DONE retired=48 fault=00 pc=000000000000002b
