0000000000000000 00131d0000000000 1 1d 00000000 0 0 0 0000000000000001
0000000000000001 8506000000000000 0 00 00000000 0 0 0 0000000000000002
0000000000000002 0023060a00000000 1 06 00000000 0 0 0 0000000000000003
0000000000000003 00a2120503000000 1 12 00000000 0 0 0 0000000000000004
0000000000000004 00a20c0e03000000 1 0c 00000000 0 0 0 0000000000000005
0000000000000005 0073010dd8146e00 1 01 0027eb92 0 0 0 0000000000000006
0000000000000006 8506000000000000 0 00 00000000 0 0 0 0000000000000007
0000000000000007 0102000111000000 0 00 00000000 4 0 0 0000000000000008
0000000000000008 0215000001020000 0 00 00000000 4 0 1 000000000000000a
000000000000000a 00130f0000000100 1 0f 00000001 4 0 0 000000000000000b
000000000000000b 0102000206000000 0 00 00000000 5 1 0 000000000000000c
000000000000000c 02150000020b0000 0 00 00000000 5 1 0 000000000000000d
000000000000000d 8506000000000000 0 00 00000000 5 1 0 000000000000000e
000000000000000e 8506000000000000 0 00 00000000 5 1 0 000000000000000f
000000000000000f 8506000000000000 0 00 00000000 5 1 0 0000000000000010
0000000000000010 0073011200000000 1 01 00000000 5 1 0 0000000000000011
0000000000000011 0306000000000200 1 02 00000000 5 1 0 0000000000000012
0000000000000012 00b3030200000200 1 03 00000000 5 1 0 0000000000000013
0000000000000013 00520c1308000000 1 0c 00000000 5 1 0 0000000000000014
0000000000000014 0073040755555500 1 04 ffaaaaab 5 1 0 0000000000000015
0000000000000015 002209010d000000 1 09 00000000 5 1 0 0000000000000016
0000000000000016 0122001005000000 0 00 00000000 5 0 0 0000000000000017
0000000000000017 02150000030e0000 0 00 00000000 5 0 1 000000000000001b
000000000000001b 010200020d000000 0 00 00000000 5 1 0 000000000000001c
000000000000001c 0215000003020000 0 00 00000000 5 1 0 000000000000001d
000000000000001d 8506000000000000 0 00 00000000 5 1 0 000000000000001e
000000000000001e 8506000000000000 0 00 00000000 5 1 0 000000000000001f
000000000000001f 8506000000000000 0 00 00000000 5 1 0 0000000000000020
0000000000000020 001305004377cc00 1 05 004377cc 5 1 0 0000000000000021
0000000000000021 0042040311000000 1 04 00000000 5 1 0 0000000000000022
0000000000000022 0306000000000e00 1 0e 00000000 5 1 0 0000000000000023
0000000000000023 00130b002c6bca00 1 0b 002c6bca 5 1 0 0000000000000024
0000000000000024 00130b0035fc3e00 1 0b 0035fc3e 5 1 0 0000000000000025
0000000000000025 0023030a00000000 1 03 00000000 5 1 0 0000000000000026
0000000000000026 8506000000000000 0 00 00000000 5 1 0 0000000000000027
0000000000000027 0013080018cc0a00 1 08 0018cc0a 5 1 0 0000000000000028
0000000000000028 00130600b88b7d00 1 06 ffb88b7d 5 1 0 0000000000000029
0000000000000029 00131e0000000300 1 1e 00000003 5 1 0 000000000000002a
000000000000002a 0023151500000100 1 15 00000001 5 1 0 000000000000002b
000000000000002b 00731e1e00000100 1 1e 00000002 5 1 0 000000000000002c
000000000000002c 0102001e1d000000 0 00 00000000 4 0 0 000000000000002d
000000000000002d 0215fffffc040000 0 00 00000000 4 0 1 000000000000002a
000000000000002a 0023151500000100 1 15 00000002 4 0 0 000000000000002b
000000000000002b 00731e1e00000100 1 1e 00000001 4 0 0 000000000000002c
000000000000002c 0102001e1d000000 0 00 00000000 4 0 0 000000000000002d
000000000000002d 0215fffffc040000 0 00 00000000 4 0 1 000000000000002a
000000000000002a 0023151500000100 1 15 00000003 4 0 0 000000000000002b
000000000000002b 00731e1e00000100 1 1e 00000000 4 0 0 000000000000002c
000000000000002c 0102001e1d000000 0 00 00000000 5 1 0 000000000000002d
000000000000002d 0215fffffc040000 0 00 00000000 5 1 0 000000000000002e
000000000000002e 7cf5000000000000 0 00 00000000 5 1 0 000000000000002f
DONE retired=51 fault=00 pc=000000000000002e
