0000000000000000 00131d0000000000 1 1d 00000000 0 0 0 0000000000000001
0000000000000001 0102000702000000 0 00 00000000 5 1 0 0000000000000002
0000000000000002 0215000003010000 0 00 00000000 5 1 1 0000000000000006
0000000000000006 0013010000000000 1 01 00000000 5 1 0 0000000000000007
0000000000000007 002201050f000000 1 01 00000000 5 1 0 0000000000000008
0000000000000008 00231010aaaaaa00 1 10 ffaaaaaa 5 1 0 0000000000000009
0000000000000009 8506000000000000 0 00 00000000 5 1 0 000000000000000a
000000000000000a 8506000000000000 0 00 00000000 5 1 0 000000000000000b
000000000000000b 00220b0603000000 1 0b 00000000 5 1 0 000000000000000c
000000000000000c 00a2120510000000 1 12 00000000 5 1 0 000000000000000d
000000000000000d 8506000000000000 0 00 00000000 5 1 0 000000000000000e
000000000000000e 00320f1213000000 1 0f 00000000 5 1 0 000000000000000f
000000000000000f 0306000000000500 1 05 00000000 5 1 0 0000000000000010
0000000000000010 0306000000000c00 1 0c 00000000 5 1 0 0000000000000011
0000000000000011 00b3110800000600 1 11 00000000 5 1 0 0000000000000012
0000000000000012 00131e0000000100 1 1e 00000001 5 1 0 0000000000000013
0000000000000013 0023151500000100 1 15 00000001 5 1 0 0000000000000014
0000000000000014 00731e1e00000100 1 1e 00000000 5 1 0 0000000000000015
0000000000000015 0102001e1d000000 0 00 00000000 5 1 0 0000000000000016
0000000000000016 0215fffffc040000 0 00 00000000 5 1 0 0000000000000017
0000000000000017 7cf5000000000000 0 00 00000000 5 1 0 0000000000000018
DONE retired=21 fault=00 pc=0000000000000017
