0000000000000000 0013140000004d00 1 14 0000004d 0 0 0 0000000000000001 ffffe000 f ffffe000 0 00 ffffe000
0000000000000001 100003040300f000 0 00 00000000 0 0 0 0000000000000002 ffffe000 f ffffe000 1 03 ffffe000
0000000000000002 0013160055555500 1 16 00555555 0 0 0 0000000000000003 ffffe000 f ffffe000 0 00 ffffe000
0000000000000003 342005160000f000 0 00 00000000 0 0 0 0000000000000004 ffffe000 f ffffe000 1 05 ffffe000
0000000000000004 108104050010f000 0 00 00000000 0 0 0 0000000000000005 ffffe000 f ffffe000 1 04 ffffe000
0000000000000005 10710502000ff000 0 00 00000000 0 0 0 0000000000000006 ffffe000 f ffffe000 1 05 ffffe000
0000000000000006 104005030200f000 0 00 00000000 0 0 0 0000000000000007 ffffe000 f ffffe000 1 05 ffffe000
0000000000000007 100104031a25f000 0 00 00000000 0 0 0 0000000000000008 ffffe000 f ffffe000 1 04 ffffe000
0000000000000008 104006060500f000 0 00 00000000 0 0 0 0000000000000009 ffffe000 f ffffe000 1 06 ffffe000
0000000000000009 10710606003ff000 0 00 00000000 0 0 0 000000000000000a ffffe000 f ffffe000 1 06 ffffe000
000000000000000a 340004020000a000 0 00 00000000 0 0 0 000000000000000b ffffe000 a 8abe4000 1 04 8abe4000
000000000000000b 00131500aaaaaa00 1 15 ffaaaaaa 0 0 0 000000000000000c ffffe000 f ffffe000 0 00 ffffe000
000000000000000c 342005150000f000 0 00 00000000 0 0 0 000000000000000d ffffe000 f ffffe000 1 05 ffffe000
000000000000000d 00131e0000000100 1 1e 00000001 0 0 0 000000000000000e ffffe000 f ffffe000 0 00 ffffe000
000000000000000e 0023171700000100 1 17 00000001 0 0 0 000000000000000f ffffe000 f ffffe000 0 00 ffffe000
000000000000000f 00731e1e00000100 1 1e 00000000 0 0 0 0000000000000010 ffffe000 f ffffe000 0 00 ffffe000
0000000000000010 0013180000000000 1 18 00000000 0 0 0 0000000000000011 ffffe000 f ffffe000 0 00 ffffe000
0000000000000011 0102001e18000000 0 00 00000000 5 1 0 0000000000000012 ffffe000 f ffffe000 0 00 ffffe000
0000000000000012 0215fffffb040000 0 00 00000000 5 1 0 0000000000000013 ffffe000 f ffffe000 0 00 ffffe000
0000000000000013 7cf5000000000000 0 00 00000000 5 1 0 0000000000000014 ffffe000 f ffffe000 0 00 ffffe000
DONE retired=20 fault=00 pc=0000000000000013
