0000000000000000 0013140000004d00 1 14 0000004d 0 0 0 0000000000000001 55555555 f 55555555 0 00 55555555
0000000000000001 104006060400f000 0 00 00000000 0 0 0 0000000000000002 55555555 f 55555555 1 06 55555555
0000000000000002 106106050001f000 0 00 00000000 0 0 0 0000000000000003 55555555 f 55555555 1 06 55555555
0000000000000003 1030040303003000 0 00 00000000 0 0 0 0000000000000004 55555555 3 00000000 1 04 00000000
0000000000000004 3411050043edf000 0 00 00000000 0 0 0 0000000000000005 55555555 f 55555555 1 05 55555555
0000000000000005 343002000000f000 0 00 00000000 0 0 0 0000000000000006 55555555 f 55555555 1 02 55555555
0000000000000006 104106040001f000 0 00 00000000 0 0 0 0000000000000007 55555555 f 55555555 1 06 55555555
0000000000000007 106106030020f000 0 00 00000000 0 0 0 0000000000000008 55555555 f 55555555 1 06 55555555
0000000000000008 341102007ffff000 0 00 00000000 0 0 0 0000000000000009 55555555 f 55555555 1 02 55555555
0000000000000009 1030020504004000 0 00 00000000 0 0 0 000000000000000a 55555555 4 00000000 1 02 00000000
000000000000000a 0013150055555500 1 15 00555555 0 0 0 000000000000000b 55555555 f 55555555 0 00 55555555
000000000000000b 342006150000f000 0 00 00000000 0 0 0 000000000000000c 55555555 f 55555555 1 06 55555555
000000000000000c 343006000000f000 0 00 00000000 0 0 0 000000000000000d 55555555 f 55555555 1 06 55555555
000000000000000d 00131600aaaaaa00 1 16 ffaaaaaa 0 0 0 000000000000000e 55555555 f 55555555 0 00 55555555
000000000000000e 342005160000f000 0 00 00000000 0 0 0 000000000000000f 55555555 f 55555555 1 05 55555555
000000000000000f 108102050001f000 0 00 00000000 0 0 0 0000000000000010 55555555 f 55555555 1 02 55555555
0000000000000010 102004050300f000 0 00 00000000 0 0 0 0000000000000011 55555555 f 55555555 1 04 55555555
0000000000000011 00131600ffffff00 1 16 ffffffff 0 0 0 0000000000000012 55555555 f 55555555 0 00 55555555
0000000000000012 342006160000f000 0 00 00000000 0 0 0 0000000000000013 55555555 f 55555555 1 06 55555555
0000000000000013 108104060010f000 0 00 00000000 0 0 0 0000000000000014 55555555 f 55555555 1 04 55555555
0000000000000014 00131e0000000100 1 1e 00000001 0 0 0 0000000000000015 55555555 f 55555555 0 00 55555555
0000000000000015 0023171700000100 1 17 00000001 0 0 0 0000000000000016 55555555 f 55555555 0 00 55555555
0000000000000016 00731e1e00000100 1 1e 00000000 0 0 0 0000000000000017 55555555 f 55555555 0 00 55555555
0000000000000017 0013180000000000 1 18 00000000 0 0 0 0000000000000018 55555555 f 55555555 0 00 55555555
0000000000000018 0102001e18000000 0 00 00000000 5 1 0 0000000000000019 55555555 f 55555555 0 00 55555555
0000000000000019 0215fffffb040000 0 00 00000000 5 1 0 000000000000001a 55555555 f 55555555 0 00 55555555
000000000000001a 7cf5000000000000 0 00 00000000 5 1 0 000000000000001b 55555555 f 55555555 0 00 55555555
DONE retired=27 fault=00 pc=000000000000001a
