0000000000000000 00131d0000000000 1 1d 00000000 0 0 0 0000000000000001
0000000000000001 00b3110c00002100 1 11 00000000 0 0 0 0000000000000002
0000000000000002 00730f0112563200 1 0f ffeda9ce 0 0 0 0000000000000003
0000000000000003 0082010505000000 1 01 00000000 0 0 0 0000000000000004
0000000000000004 0013060098257a00 1 06 ff98257a 0 0 0 0000000000000005
0000000000000005 00a30c0f00000b00 1 0c 001ffdb5 0 0 0 0000000000000006
0000000000000006 00a2121310000000 1 12 00000000 0 0 0 0000000000000007
0000000000000007 0062080a10000000 1 08 00000000 0 0 0 0000000000000008
0000000000000008 0092041400000000 1 04 ffffffff 0 0 0 0000000000000009
0000000000000009 00730712aaaaaa00 1 07 00555556 0 0 0 000000000000000a
000000000000000a 8506000000000000 0 00 00000000 0 0 0 000000000000000b
000000000000000b 0022110703000000 1 11 00555556 0 0 0 000000000000000c
000000000000000c 0306000000001100 1 11 00000000 0 0 0 000000000000000d
000000000000000d 8506000000000000 0 00 00000000 0 0 0 000000000000000e
000000000000000e 0306000000000800 1 08 00000000 0 0 0 000000000000000f
000000000000000f 0102000c0d000000 0 00 00000000 4 0 0 0000000000000010
0000000000000010 0215000003020000 0 00 00000000 4 0 1 0000000000000014
0000000000000014 00630f1000000700 1 0f 00000000 4 0 0 0000000000000015
0000000000000015 00320c0f0e000000 1 0c 00000000 4 0 0 0000000000000016
0000000000000016 0042110814000000 1 11 00000000 4 0 0 0000000000000017
0000000000000017 00131e0000000300 1 1e 00000003 4 0 0 0000000000000018
0000000000000018 0023151500000100 1 15 00000001 4 0 0 0000000000000019
0000000000000019 00731e1e00000100 1 1e 00000002 4 0 0 000000000000001a
000000000000001a 0102001e1d000000 0 00 00000000 4 0 0 000000000000001b
000000000000001b 0215fffffc040000 0 00 00000000 4 0 1 0000000000000018
0000000000000018 0023151500000100 1 15 00000002 4 0 0 0000000000000019
0000000000000019 00731e1e00000100 1 1e 00000001 4 0 0 000000000000001a
000000000000001a 0102001e1d000000 0 00 00000000 4 0 0 000000000000001b
000000000000001b 0215fffffc040000 0 00 00000000 4 0 1 0000000000000018
0000000000000018 0023151500000100 1 15 00000003 4 0 0 0000000000000019
0000000000000019 00731e1e00000100 1 1e 00000000 4 0 0 000000000000001a
000000000000001a 0102001e1d000000 0 00 00000000 5 1 0 000000000000001b
000000000000001b 0215fffffc040000 0 00 00000000 5 1 0 000000000000001c
000000000000001c 7cf5000000000000 0 00 00000000 5 1 0 000000000000001d
DONE retired=34 fault=00 pc=000000000000001c
