0000000000000000 00131d0000000000 1 1d 00000000 0 0 0 0000000000000001
0000000000000001 8506000000000000 0 00 00000000 0 0 0 0000000000000002
0000000000000002 00a3060100000600 1 06 00000000 0 0 0 0000000000000003
0000000000000003 8506000000000000 0 00 00000000 0 0 0 0000000000000004
0000000000000004 00130a0055555500 1 0a 00555555 0 0 0 0000000000000005
0000000000000005 00130300909c6800 1 03 ff909c68 0 0 0 0000000000000006
0000000000000006 0052020513000000 1 02 00000000 0 0 0 0000000000000007
0000000000000007 00730b147e726d00 1 0b ff818d93 0 0 0 0000000000000008
0000000000000008 00130b004f92aa00 1 0b 004f92aa 0 0 0 0000000000000009
0000000000000009 0112000810000000 0 00 00000000 5 0 0 000000000000000a
000000000000000a 0215000003040000 0 00 00000000 5 0 0 000000000000000b
000000000000000b 8506000000000000 0 00 00000000 5 0 0 000000000000000c
000000000000000c 8506000000000000 0 00 00000000 5 0 0 000000000000000d
000000000000000d 8506000000000000 0 00 00000000 5 0 0 000000000000000e
000000000000000e 8506000000000000 0 00 00000000 5 0 0 000000000000000f
000000000000000f 0032070805000000 1 07 00000000 5 0 0 0000000000000010
0000000000000010 001309005553e000 1 09 005553e0 5 0 0 0000000000000011
0000000000000011 00920a0400000000 1 0a ffffffff 5 0 0 0000000000000012
0000000000000012 00131e0000000200 1 1e 00000002 5 0 0 0000000000000013
0000000000000013 0023151500000100 1 15 00000001 5 0 0 0000000000000014
0000000000000014 00731e1e00000100 1 1e 00000001 5 0 0 0000000000000015
0000000000000015 0102001e1d000000 0 00 00000000 4 0 0 0000000000000016
0000000000000016 0215fffffc040000 0 00 00000000 4 0 1 0000000000000013
0000000000000013 0023151500000100 1 15 00000002 4 0 0 0000000000000014
0000000000000014 00731e1e00000100 1 1e 00000000 4 0 0 0000000000000015
0000000000000015 0102001e1d000000 0 00 00000000 5 1 0 0000000000000016
0000000000000016 0215fffffc040000 0 00 00000000 5 1 0 0000000000000017
0000000000000017 7cf5000000000000 0 00 00000000 5 1 0 0000000000000018
DONE retired=28 fault=00 pc=0000000000000017
