0000000000000000 00131d0000000000 1 1d 00000000 0 0 0 0000000000000001
0000000000000001 8506000000000000 0 00 00000000 0 0 0 0000000000000002
0000000000000002 8506000000000000 0 00 00000000 0 0 0 0000000000000003
0000000000000003 00b3110f00001100 1 11 00000000 0 0 0 0000000000000004
0000000000000004 8506000000000000 0 00 00000000 0 0 0 0000000000000005
0000000000000005 8506000000000000 0 00 00000000 0 0 0 0000000000000006
0000000000000006 8506000000000000 0 00 00000000 0 0 0 0000000000000007
0000000000000007 00220e1013000000 1 0e 00000000 0 0 0 0000000000000008
0000000000000008 00920f1300000000 1 0f ffffffff 0 0 0 0000000000000009
0000000000000009 010200010c000000 0 00 00000000 5 1 0 000000000000000a
000000000000000a 02150000020c0000 0 00 00000000 5 1 1 000000000000000d
000000000000000d 0042080f10000000 1 08 00000000 5 1 0 000000000000000e
000000000000000e 0092020300000000 1 02 ffffffff 5 1 0 000000000000000f
000000000000000f 0092051300000000 1 05 ffffffff 5 1 0 0000000000000010
0000000000000010 00a3020800001000 1 02 00000000 5 1 0 0000000000000011
0000000000000011 8506000000000000 0 00 00000000 5 1 0 0000000000000012
0000000000000012 00131e0000000300 1 1e 00000003 5 1 0 0000000000000013
0000000000000013 0023151500000100 1 15 00000001 5 1 0 0000000000000014
0000000000000014 00731e1e00000100 1 1e 00000002 5 1 0 0000000000000015
0000000000000015 0102001e1d000000 0 00 00000000 4 0 0 0000000000000016
0000000000000016 0215fffffc040000 0 00 00000000 4 0 1 0000000000000013
0000000000000013 0023151500000100 1 15 00000002 4 0 0 0000000000000014
0000000000000014 00731e1e00000100 1 1e 00000001 4 0 0 0000000000000015
0000000000000015 0102001e1d000000 0 00 00000000 4 0 0 0000000000000016
0000000000000016 0215fffffc040000 0 00 00000000 4 0 1 0000000000000013
0000000000000013 0023151500000100 1 15 00000003 4 0 0 0000000000000014
0000000000000014 00731e1e00000100 1 1e 00000000 4 0 0 0000000000000015
0000000000000015 0102001e1d000000 0 00 00000000 5 1 0 0000000000000016
0000000000000016 0215fffffc040000 0 00 00000000 5 1 0 0000000000000017
0000000000000017 7cf5000000000000 0 00 00000000 5 1 0 0000000000000018
DONE retired=30 fault=00 pc=0000000000000017
