0000000000000000 00131d0000000000 1 1d 00000000 0 0 0 0000000000000001
0000000000000001 0092110300000000 1 11 ffffffff 0 0 0 0000000000000002
0000000000000002 00a3010200000000 1 01 00000000 0 0 0 0000000000000003
0000000000000003 8506000000000000 0 00 00000000 0 0 0 0000000000000004
0000000000000004 0052020301000000 1 02 00000000 0 0 0 0000000000000005
0000000000000005 8506000000000000 0 00 00000000 0 0 0 0000000000000006
0000000000000006 00130400aaaaaa00 1 04 ffaaaaaa 0 0 0 0000000000000007
0000000000000007 8506000000000000 0 00 00000000 0 0 0 0000000000000008
0000000000000008 8506000000000000 0 00 00000000 0 0 0 0000000000000009
0000000000000009 0013080055555500 1 08 00555555 0 0 0 000000000000000a
000000000000000a 8506000000000000 0 00 00000000 0 0 0 000000000000000b
000000000000000b 001306002871f200 1 06 002871f2 0 0 0 000000000000000c
000000000000000c 00720e0204000000 1 0e 00555556 0 0 0 000000000000000d
000000000000000d 00920e0900000000 1 0e ffffffff 0 0 0 000000000000000e
000000000000000e 8506000000000000 0 00 00000000 0 0 0 000000000000000f
000000000000000f 00230a07ffffff00 1 0a ffffffff 0 0 0 0000000000000010
0000000000000010 0063040100001a00 1 04 00000000 0 0 0 0000000000000011
0000000000000011 004213110b000000 1 13 00000000 0 0 0 0000000000000012
0000000000000012 00131e0000000300 1 1e 00000003 0 0 0 0000000000000013
0000000000000013 0023151500000100 1 15 00000001 0 0 0 0000000000000014
0000000000000014 00731e1e00000100 1 1e 00000002 0 0 0 0000000000000015
0000000000000015 0102001e1d000000 0 00 00000000 4 0 0 0000000000000016
0000000000000016 0215fffffc040000 0 00 00000000 4 0 1 0000000000000013
0000000000000013 0023151500000100 1 15 00000002 4 0 0 0000000000000014
0000000000000014 00731e1e00000100 1 1e 00000001 4 0 0 0000000000000015
0000000000000015 0102001e1d000000 0 00 00000000 4 0 0 0000000000000016
0000000000000016 0215fffffc040000 0 00 00000000 4 0 1 0000000000000013
0000000000000013 0023151500000100 1 15 00000003 4 0 0 0000000000000014
0000000000000014 00731e1e00000100 1 1e 00000000 4 0 0 0000000000000015
0000000000000015 0102001e1d000000 0 00 00000000 5 1 0 0000000000000016
0000000000000016 0215fffffc040000 0 00 00000000 5 1 0 0000000000000017
0000000000000017 7cf5000000000000 0 00 00000000 5 1 0 0000000000000018
DONE retired=32 fault=00 pc=0000000000000017
