0000000000000000 0013140000004d00 1 14 0000004d 0 0 0 0000000000000001 12395854 f 12395854 0 00 12395854
0000000000000001 343003000000b000 0 00 00000000 0 0 0 0000000000000002 12395854 b 10115054 1 03 10115054
0000000000000002 104004030300f000 0 00 00000000 0 0 0 0000000000000003 12395854 f 12395854 1 04 12395854
0000000000000003 340003030000f000 0 00 00000000 0 0 0 0000000000000004 12395854 f 12395854 1 03 12395854
0000000000000004 105002060500f000 0 00 00000000 0 0 0 0000000000000005 12395854 f 12395854 1 02 12395854
0000000000000005 10310206fffff000 0 00 00000000 0 0 0 0000000000000006 12395854 f 12395854 1 02 12395854
0000000000000006 105006060400f000 0 00 00000000 0 0 0 0000000000000007 12395854 f 12395854 1 06 12395854
0000000000000007 101105048000f000 0 00 00000000 0 0 0 0000000000000008 12395854 f 12395854 1 05 12395854
0000000000000008 1020050605002000 0 00 00000000 0 0 0 0000000000000009 12395854 2 02194814 1 05 02194814
0000000000000009 100004050200f000 0 00 00000000 0 0 0 000000000000000a 12395854 f 12395854 1 04 12395854
000000000000000a 104005020400f000 0 00 00000000 0 0 0 000000000000000b 12395854 f 12395854 1 05 12395854
000000000000000b 343003000000b000 0 00 00000000 0 0 0 000000000000000c 12395854 b 10115054 1 03 10115054
000000000000000c 106105040027f000 0 00 00000000 0 0 0 000000000000000d 12395854 f 12395854 1 05 12395854
000000000000000d 100002060400f000 0 00 00000000 0 0 0 000000000000000e 12395854 f 12395854 1 02 12395854
000000000000000e 00131600ffffff00 1 16 ffffffff 0 0 0 000000000000000f 12395854 f 12395854 0 00 12395854
000000000000000f 342003160000f000 0 00 00000000 0 0 0 0000000000000010 12395854 f 12395854 1 03 12395854
0000000000000010 108102030020f000 0 00 00000000 0 0 0 0000000000000011 12395854 f 12395854 1 02 12395854
0000000000000011 107102060010f000 0 00 00000000 0 0 0 0000000000000012 12395854 f 12395854 1 02 12395854
0000000000000012 343004000000f000 0 00 00000000 0 0 0 0000000000000013 12395854 f 12395854 1 04 12395854
0000000000000013 10010604fffff000 0 00 00000000 0 0 0 0000000000000014 12395854 f 12395854 1 06 12395854
0000000000000014 100005030400f000 0 00 00000000 0 0 0 0000000000000015 12395854 f 12395854 1 05 12395854
0000000000000015 340005040000f000 0 00 00000000 0 0 0 0000000000000016 12395854 f 12395854 1 05 12395854
0000000000000016 340002050000f000 0 00 00000000 0 0 0 0000000000000017 12395854 f 12395854 1 02 12395854
0000000000000017 340006040000f000 0 00 00000000 0 0 0 0000000000000018 12395854 f 12395854 1 06 12395854
0000000000000018 00131500aaaaaa00 1 15 ffaaaaaa 0 0 0 0000000000000019 12395854 f 12395854 0 00 12395854
0000000000000019 342002150000f000 0 00 00000000 0 0 0 000000000000001a 12395854 f 12395854 1 02 12395854
000000000000001a 00131e0000000100 1 1e 00000001 0 0 0 000000000000001b 12395854 f 12395854 0 00 12395854
000000000000001b 0023171700000100 1 17 00000001 0 0 0 000000000000001c 12395854 f 12395854 0 00 12395854
000000000000001c 00731e1e00000100 1 1e 00000000 0 0 0 000000000000001d 12395854 f 12395854 0 00 12395854
000000000000001d 0013180000000000 1 18 00000000 0 0 0 000000000000001e 12395854 f 12395854 0 00 12395854
000000000000001e 0102001e18000000 0 00 00000000 5 1 0 000000000000001f 12395854 f 12395854 0 00 12395854
000000000000001f 0215fffffb040000 0 00 00000000 5 1 0 0000000000000020 12395854 f 12395854 0 00 12395854
0000000000000020 7cf5000000000000 0 00 00000000 5 1 0 0000000000000021 12395854 f 12395854 0 00 12395854
DONE retired=33 fault=00 pc=0000000000000020
