0000000000000000 0013140000004d00 1 14 0000004d 0 0 0 0000000000000001 80000001 f 80000001 0 00 80000001
0000000000000001 100005050200f000 0 00 00000000 0 0 0 0000000000000002 80000001 f 80000001 1 05 80000001
0000000000000002 341104000000f000 0 00 00000000 0 0 0 0000000000000003 80000001 f 80000001 1 04 80000001
0000000000000003 103104020000f000 0 00 00000000 0 0 0 0000000000000004 80000001 f 80000001 1 04 80000001
0000000000000004 3400050300003000 0 00 00000000 0 0 0 0000000000000005 80000001 3 00000001 1 05 00000001
0000000000000005 341104007ffff000 0 00 00000000 0 0 0 0000000000000006 80000001 f 80000001 1 04 80000001
0000000000000006 0013150000000100 1 15 00000001 0 0 0 0000000000000007 80000001 f 80000001 0 00 80000001
0000000000000007 342003150000f000 0 00 00000000 0 0 0 0000000000000008 80000001 f 80000001 1 03 80000001
0000000000000008 107104020021f000 0 00 00000000 0 0 0 0000000000000009 80000001 f 80000001 1 04 80000001
0000000000000009 107103020020f000 0 00 00000000 0 0 0 000000000000000a 80000001 f 80000001 1 03 80000001
000000000000000a 34110500da18f000 0 00 00000000 0 0 0 000000000000000b 80000001 f 80000001 1 05 80000001
000000000000000b 101003060200f000 0 00 00000000 0 0 0 000000000000000c 80000001 f 80000001 1 03 80000001
000000000000000c 341104008000f000 0 00 00000000 0 0 0 000000000000000d 80000001 f 80000001 1 04 80000001
000000000000000d 107106060010f000 0 00 00000000 0 0 0 000000000000000e 80000001 f 80000001 1 06 80000001
000000000000000e 1010050506008000 0 00 00000000 0 0 0 000000000000000f 80000001 8 00000001 1 05 00000001
000000000000000f 107102050020f000 0 00 00000000 0 0 0 0000000000000010 80000001 f 80000001 1 02 80000001
0000000000000010 10610305000ff000 0 00 00000000 0 0 0 0000000000000011 80000001 f 80000001 1 03 80000001
0000000000000011 10710203001ff000 0 00 00000000 0 0 0 0000000000000012 80000001 f 80000001 1 02 80000001
0000000000000012 1050030204005000 0 00 00000000 0 0 0 0000000000000013 80000001 5 00000001 1 03 00000001
0000000000000013 10410203fffff000 0 00 00000000 0 0 0 0000000000000014 80000001 f 80000001 1 02 80000001
0000000000000014 00131600ffffff00 1 16 ffffffff 0 0 0 0000000000000015 80000001 f 80000001 0 00 80000001
0000000000000015 342006160000f000 0 00 00000000 0 0 0 0000000000000016 80000001 f 80000001 1 06 80000001
0000000000000016 108103060001f000 0 00 00000000 0 0 0 0000000000000017 80000001 f 80000001 1 03 80000001
0000000000000017 105003020600f000 0 00 00000000 0 0 0 0000000000000018 80000001 f 80000001 1 03 80000001
0000000000000018 102002040300f000 0 00 00000000 0 0 0 0000000000000019 80000001 f 80000001 1 02 80000001
0000000000000019 3411020082f2f000 0 00 00000000 0 0 0 000000000000001a 80000001 f 80000001 1 02 80000001
000000000000001a 0013150055555500 1 15 00555555 0 0 0 000000000000001b 80000001 f 80000001 0 00 80000001
000000000000001b 342005150000f000 0 00 00000000 0 0 0 000000000000001c 80000001 f 80000001 1 05 80000001
000000000000001c 101102030001f000 0 00 00000000 0 0 0 000000000000001d 80000001 f 80000001 1 02 80000001
000000000000001d 107106030020f000 0 00 00000000 0 0 0 000000000000001e 80000001 f 80000001 1 06 80000001
000000000000001e 104004040600f000 0 00 00000000 0 0 0 000000000000001f 80000001 f 80000001 1 04 80000001
000000000000001f 00131e0000000300 1 1e 00000003 0 0 0 0000000000000020 80000001 f 80000001 0 00 80000001
0000000000000020 0023171700000100 1 17 00000001 0 0 0 0000000000000021 80000001 f 80000001 0 00 80000001
0000000000000021 00731e1e00000100 1 1e 00000002 0 0 0 0000000000000022 80000001 f 80000001 0 00 80000001
0000000000000022 0013180000000000 1 18 00000000 0 0 0 0000000000000023 80000001 f 80000001 0 00 80000001
0000000000000023 0102001e18000000 0 00 00000000 4 0 0 0000000000000024 80000001 f 80000001 0 00 80000001
0000000000000024 0215fffffb040000 0 00 00000000 4 0 1 0000000000000020 80000001 f 80000001 0 00 80000001
0000000000000020 0023171700000100 1 17 00000002 4 0 0 0000000000000021 80000001 f 80000001 0 00 80000001
0000000000000021 00731e1e00000100 1 1e 00000001 4 0 0 0000000000000022 80000001 f 80000001 0 00 80000001
0000000000000022 0013180000000000 1 18 00000000 4 0 0 0000000000000023 80000001 f 80000001 0 00 80000001
0000000000000023 0102001e18000000 0 00 00000000 4 0 0 0000000000000024 80000001 f 80000001 0 00 80000001
0000000000000024 0215fffffb040000 0 00 00000000 4 0 1 0000000000000020 80000001 f 80000001 0 00 80000001
0000000000000020 0023171700000100 1 17 00000003 4 0 0 0000000000000021 80000001 f 80000001 0 00 80000001
0000000000000021 00731e1e00000100 1 1e 00000000 4 0 0 0000000000000022 80000001 f 80000001 0 00 80000001
0000000000000022 0013180000000000 1 18 00000000 4 0 0 0000000000000023 80000001 f 80000001 0 00 80000001
0000000000000023 0102001e18000000 0 00 00000000 5 1 0 0000000000000024 80000001 f 80000001 0 00 80000001
0000000000000024 0215fffffb040000 0 00 00000000 5 1 0 0000000000000025 80000001 f 80000001 0 00 80000001
0000000000000025 7cf5000000000000 0 00 00000000 5 1 0 0000000000000026 80000001 f 80000001 0 00 80000001
DONE retired=48 fault=00 pc=0000000000000025
