0000000000000000 00131d0000000000 1 1d 00000000 0 0 0 0000000000000001
0000000000000001 006204060d000000 1 04 00000000 0 0 0 0000000000000002
0000000000000002 0022080413000000 1 08 00000000 0 0 0 0000000000000003
0000000000000003 001311001edca600 1 11 001edca6 0 0 0 0000000000000004
0000000000000004 0112000c03000000 0 00 00000000 5 0 0 0000000000000005
0000000000000005 02150000030b0000 0 00 00000000 5 0 0 0000000000000006
0000000000000006 8506000000000000 0 00 00000000 5 0 0 0000000000000007
0000000000000007 8506000000000000 0 00 00000000 5 0 0 0000000000000008
0000000000000008 8506000000000000 0 00 00000000 5 0 0 0000000000000009
0000000000000009 00131100ffffff00 1 11 ffffffff 5 0 0 000000000000000a
000000000000000a 00130a002f15f000 1 0a 002f15f0 5 0 0 000000000000000b
000000000000000b 00a3070700000f00 1 07 00000000 5 0 0 000000000000000c
000000000000000c 0306000000000200 1 02 00000000 5 0 0 000000000000000d
000000000000000d 0122000c10000000 0 00 00000000 5 0 0 000000000000000e
000000000000000e 02150000030e0000 0 00 00000000 5 0 1 0000000000000012
0000000000000012 8506000000000000 0 00 00000000 5 0 0 0000000000000013
0000000000000013 00a30c1400000a00 1 0c 00000000 5 0 0 0000000000000014
0000000000000014 001301000f441e00 1 01 000f441e 5 0 0 0000000000000015
0000000000000015 00520c1307000000 1 0c 00000000 5 0 0 0000000000000016
0000000000000016 00130b002c7bfc00 1 0b 002c7bfc 5 0 0 0000000000000017
0000000000000017 8506000000000000 0 00 00000000 5 0 0 0000000000000018
0000000000000018 00130600c9d08300 1 06 ffc9d083 5 0 0 0000000000000019
0000000000000019 0112000301000000 0 00 00000000 2 1 0 000000000000001a
000000000000001a 02150000010b0000 0 00 00000000 2 1 1 000000000000001c
000000000000001c 0112000209000000 0 00 00000000 5 0 0 000000000000001d
000000000000001d 02150000010b0000 0 00 00000000 5 0 0 000000000000001e
000000000000001e 8506000000000000 0 00 00000000 5 0 0 000000000000001f
000000000000001f 8506000000000000 0 00 00000000 5 0 0 0000000000000020
0000000000000020 0306000000000300 1 03 00000000 5 0 0 0000000000000021
0000000000000021 00520d0a12000000 1 0d 002f15f0 5 0 0 0000000000000022
0000000000000022 0013090009439200 1 09 00094392 5 0 0 0000000000000023
0000000000000023 8506000000000000 0 00 00000000 5 0 0 0000000000000024
0000000000000024 00131300cf126300 1 13 ffcf1263 5 0 0 0000000000000025
0000000000000025 8506000000000000 0 00 00000000 5 0 0 0000000000000026
0000000000000026 0092031100000000 1 03 00000000 5 0 0 0000000000000027
0000000000000027 8506000000000000 0 00 00000000 5 0 0 0000000000000028
0000000000000028 00131400ffffff00 1 14 ffffffff 5 0 0 0000000000000029
0000000000000029 8506000000000000 0 00 00000000 5 0 0 000000000000002a
000000000000002a 8506000000000000 0 00 00000000 5 0 0 000000000000002b
000000000000002b 0092110f00000000 1 11 ffffffff 5 0 0 000000000000002c
000000000000002c 004205010b000000 1 05 000c401c 5 0 0 000000000000002d
000000000000002d 00131e0000000100 1 1e 00000001 5 0 0 000000000000002e
000000000000002e 0023151500000100 1 15 00000001 5 0 0 000000000000002f
000000000000002f 00731e1e00000100 1 1e 00000000 5 0 0 0000000000000030
0000000000000030 0102001e1d000000 0 00 00000000 5 1 0 0000000000000031
0000000000000031 0215fffffc040000 0 00 00000000 5 1 0 0000000000000032
0000000000000032 7cf5000000000000 0 00 00000000 5 1 0 0000000000000033
DONE retired=47 fault=00 pc=0000000000000032
