0000000000000000 0013140000004d00 1 14 0000004d 0 0 0 0000000000000001 aaaaaaaa f aaaaaaaa 0 00 aaaaaaaa
0000000000000001 101002050300f000 0 00 00000000 0 0 0 0000000000000002 aaaaaaaa f aaaaaaaa 1 02 aaaaaaaa
0000000000000002 1010060606008000 0 00 00000000 0 0 0 0000000000000003 aaaaaaaa 8 aaaaaaaa 1 06 aaaaaaaa
0000000000000003 3430040000007000 0 00 00000000 0 0 0 0000000000000004 aaaaaaaa 7 00000000 1 04 00000000
0000000000000004 107103030020f000 0 00 00000000 0 0 0 0000000000000005 aaaaaaaa f aaaaaaaa 1 03 aaaaaaaa
0000000000000005 1030040302006000 0 00 00000000 0 0 0 0000000000000006 aaaaaaaa 6 8a88a00a 1 04 8a88a00a
0000000000000006 3400060500006000 0 00 00000000 0 0 0 0000000000000007 aaaaaaaa 6 8a88a00a 1 06 8a88a00a
0000000000000007 106103030000f000 0 00 00000000 0 0 0 0000000000000008 aaaaaaaa f aaaaaaaa 1 03 aaaaaaaa
0000000000000008 1011040535a5f000 0 00 00000000 0 0 0 0000000000000009 aaaaaaaa f aaaaaaaa 1 04 aaaaaaaa
0000000000000009 3411030000009000 0 00 00000000 0 0 0 000000000000000a aaaaaaaa 9 00000000 1 03 00000000
000000000000000a 0013160000000000 1 16 00000000 0 0 0 000000000000000b aaaaaaaa f aaaaaaaa 0 00 aaaaaaaa
000000000000000b 342006160000f000 0 00 00000000 0 0 0 000000000000000c aaaaaaaa f aaaaaaaa 1 06 aaaaaaaa
000000000000000c 108104060021f000 0 00 00000000 0 0 0 000000000000000d aaaaaaaa f aaaaaaaa 1 04 aaaaaaaa
000000000000000d 00131e0000000200 1 1e 00000002 0 0 0 000000000000000e aaaaaaaa f aaaaaaaa 0 00 aaaaaaaa
000000000000000e 0023171700000100 1 17 00000001 0 0 0 000000000000000f aaaaaaaa f aaaaaaaa 0 00 aaaaaaaa
000000000000000f 00731e1e00000100 1 1e 00000001 0 0 0 0000000000000010 aaaaaaaa f aaaaaaaa 0 00 aaaaaaaa
0000000000000010 0013180000000000 1 18 00000000 0 0 0 0000000000000011 aaaaaaaa f aaaaaaaa 0 00 aaaaaaaa
0000000000000011 0102001e18000000 0 00 00000000 4 0 0 0000000000000012 aaaaaaaa f aaaaaaaa 0 00 aaaaaaaa
0000000000000012 0215fffffb040000 0 00 00000000 4 0 1 000000000000000e aaaaaaaa f aaaaaaaa 0 00 aaaaaaaa
000000000000000e 0023171700000100 1 17 00000002 4 0 0 000000000000000f aaaaaaaa f aaaaaaaa 0 00 aaaaaaaa
000000000000000f 00731e1e00000100 1 1e 00000000 4 0 0 0000000000000010 aaaaaaaa f aaaaaaaa 0 00 aaaaaaaa
0000000000000010 0013180000000000 1 18 00000000 4 0 0 0000000000000011 aaaaaaaa f aaaaaaaa 0 00 aaaaaaaa
0000000000000011 0102001e18000000 0 00 00000000 5 1 0 0000000000000012 aaaaaaaa f aaaaaaaa 0 00 aaaaaaaa
0000000000000012 0215fffffb040000 0 00 00000000 5 1 0 0000000000000013 aaaaaaaa f aaaaaaaa 0 00 aaaaaaaa
0000000000000013 7cf5000000000000 0 00 00000000 5 1 0 0000000000000014 aaaaaaaa f aaaaaaaa 0 00 aaaaaaaa
DONE retired=25 fault=00 pc=0000000000000013
