0000000000000000 0013140000004d00 1 14 0000004d 0 0 0 0000000000000001 274dff8c f 274dff8c 0 00 274dff8c
0000000000000001 106103020020f000 0 00 00000000 0 0 0 0000000000000002 274dff8c f 274dff8c 1 03 274dff8c
0000000000000002 341105000001f000 0 00 00000000 0 0 0 0000000000000003 274dff8c f 274dff8c 1 05 274dff8c
0000000000000003 3411060067cff000 0 00 00000000 0 0 0 0000000000000004 274dff8c f 274dff8c 1 06 274dff8c
0000000000000004 3411060000003000 0 00 00000000 0 0 0 0000000000000005 274dff8c 3 20403e04 1 06 20403e04
0000000000000005 1040020405002000 0 00 00000000 0 0 0 0000000000000006 274dff8c 2 274dff8c 1 02 274dff8c
0000000000000006 1040060404000000 0 00 00000000 0 0 0 0000000000000007 274dff8c 0 210cb404 1 06 210cb404
0000000000000007 104005050200f000 0 00 00000000 0 0 0 0000000000000008 274dff8c f 274dff8c 1 05 274dff8c
0000000000000008 10110602fffff000 0 00 00000000 0 0 0 0000000000000009 274dff8c f 274dff8c 1 06 274dff8c
0000000000000009 100103058000f000 0 00 00000000 0 0 0 000000000000000a 274dff8c f 274dff8c 1 03 274dff8c
000000000000000a 103006030400f000 0 00 00000000 0 0 0 000000000000000b 274dff8c f 274dff8c 1 06 274dff8c
000000000000000b 101006060500f000 0 00 00000000 0 0 0 000000000000000c 274dff8c f 274dff8c 1 06 274dff8c
000000000000000c 0013160055555500 1 16 00555555 0 0 0 000000000000000d 274dff8c f 274dff8c 0 00 274dff8c
000000000000000d 342004160000f000 0 00 00000000 0 0 0 000000000000000e 274dff8c f 274dff8c 1 04 274dff8c
000000000000000e 10810304000ff000 0 00 00000000 0 0 0 000000000000000f 274dff8c f 274dff8c 1 03 274dff8c
000000000000000f 10410302b569f000 0 00 00000000 0 0 0 0000000000000010 274dff8c f 274dff8c 1 03 274dff8c
0000000000000010 103104038000f000 0 00 00000000 0 0 0 0000000000000011 274dff8c f 274dff8c 1 04 274dff8c
0000000000000011 103002030200b000 0 00 00000000 0 0 0 0000000000000012 274dff8c b 00000000 1 02 00000000
0000000000000012 10610302001ff000 0 00 00000000 0 0 0 0000000000000013 274dff8c f 274dff8c 1 03 274dff8c
0000000000000013 107105030021f000 0 00 00000000 0 0 0 0000000000000014 274dff8c f 274dff8c 1 05 274dff8c
0000000000000014 105004060400f000 0 00 00000000 0 0 0 0000000000000015 274dff8c f 274dff8c 1 04 274dff8c
0000000000000015 10610302001ff000 0 00 00000000 0 0 0 0000000000000016 274dff8c f 274dff8c 1 03 274dff8c
0000000000000016 00131600ffffff00 1 16 ffffffff 0 0 0 0000000000000017 274dff8c f 274dff8c 0 00 274dff8c
0000000000000017 342004160000f000 0 00 00000000 0 0 0 0000000000000018 274dff8c f 274dff8c 1 04 274dff8c
0000000000000018 108106040001f000 0 00 00000000 0 0 0 0000000000000019 274dff8c f 274dff8c 1 06 274dff8c
0000000000000019 00131e0000000300 1 1e 00000003 0 0 0 000000000000001a 274dff8c f 274dff8c 0 00 274dff8c
000000000000001a 0023171700000100 1 17 00000001 0 0 0 000000000000001b 274dff8c f 274dff8c 0 00 274dff8c
000000000000001b 00731e1e00000100 1 1e 00000002 0 0 0 000000000000001c 274dff8c f 274dff8c 0 00 274dff8c
000000000000001c 0013180000000000 1 18 00000000 0 0 0 000000000000001d 274dff8c f 274dff8c 0 00 274dff8c
000000000000001d 0102001e18000000 0 00 00000000 4 0 0 000000000000001e 274dff8c f 274dff8c 0 00 274dff8c
000000000000001e 0215fffffb040000 0 00 00000000 4 0 1 000000000000001a 274dff8c f 274dff8c 0 00 274dff8c
000000000000001a 0023171700000100 1 17 00000002 4 0 0 000000000000001b 274dff8c f 274dff8c 0 00 274dff8c
000000000000001b 00731e1e00000100 1 1e 00000001 4 0 0 000000000000001c 274dff8c f 274dff8c 0 00 274dff8c
000000000000001c 0013180000000000 1 18 00000000 4 0 0 000000000000001d 274dff8c f 274dff8c 0 00 274dff8c
000000000000001d 0102001e18000000 0 00 00000000 4 0 0 000000000000001e 274dff8c f 274dff8c 0 00 274dff8c
000000000000001e 0215fffffb040000 0 00 00000000 4 0 1 000000000000001a 274dff8c f 274dff8c 0 00 274dff8c
000000000000001a 0023171700000100 1 17 00000003 4 0 0 000000000000001b 274dff8c f 274dff8c 0 00 274dff8c
000000000000001b 00731e1e00000100 1 1e 00000000 4 0 0 000000000000001c 274dff8c f 274dff8c 0 00 274dff8c
000000000000001c 0013180000000000 1 18 00000000 4 0 0 000000000000001d 274dff8c f 274dff8c 0 00 274dff8c
000000000000001d 0102001e18000000 0 00 00000000 5 1 0 000000000000001e 274dff8c f 274dff8c 0 00 274dff8c
000000000000001e 0215fffffb040000 0 00 00000000 5 1 0 000000000000001f 274dff8c f 274dff8c 0 00 274dff8c
000000000000001f 7cf5000000000000 0 00 00000000 5 1 0 0000000000000020 274dff8c f 274dff8c 0 00 274dff8c
DONE retired=42 fault=00 pc=000000000000001f
