0000000000000000 0013140000004d00 1 14 0000004d 0 0 0 0000000000000001 55555555 f 55555555 0 00 55555555
0000000000000001 1010050602005000 0 00 00000000 0 0 0 0000000000000002 55555555 5 00000000 1 05 00000000
0000000000000002 0013160000000000 1 16 00000000 0 0 0 0000000000000003 55555555 f 55555555 0 00 55555555
0000000000000003 342004160000f000 0 00 00000000 0 0 0 0000000000000004 55555555 f 55555555 1 04 55555555
0000000000000004 108105040021f000 0 00 00000000 0 0 0 0000000000000005 55555555 f 55555555 1 05 55555555
0000000000000005 343002000000c000 0 00 00000000 0 0 0 0000000000000006 55555555 c 11011041 1 02 11011041
0000000000000006 343004000000c000 0 00 00000000 0 0 0 0000000000000007 55555555 c 11011041 1 04 11011041
0000000000000007 343006000000f000 0 00 00000000 0 0 0 0000000000000008 55555555 f 55555555 1 06 55555555
0000000000000008 343005000000f000 0 00 00000000 0 0 0 0000000000000009 55555555 f 55555555 1 05 55555555
0000000000000009 106103030021f000 0 00 00000000 0 0 0 000000000000000a 55555555 f 55555555 1 03 55555555
000000000000000a 343002000000f000 0 00 00000000 0 0 0 000000000000000b 55555555 f 55555555 1 02 55555555
000000000000000b 106105060021f000 0 00 00000000 0 0 0 000000000000000c 55555555 f 55555555 1 05 55555555
000000000000000c 34110500e2cff000 0 00 00000000 0 0 0 000000000000000d 55555555 f 55555555 1 05 55555555
000000000000000d 104002050600f000 0 00 00000000 0 0 0 000000000000000e 55555555 f 55555555 1 02 55555555
000000000000000e 340003020000f000 0 00 00000000 0 0 0 000000000000000f 55555555 f 55555555 1 03 55555555
000000000000000f 10710204000ff000 0 00 00000000 0 0 0 0000000000000010 55555555 f 55555555 1 02 55555555
0000000000000010 1010040304006000 0 00 00000000 0 0 0 0000000000000011 55555555 6 10555405 1 04 10555405
0000000000000011 103005040600a000 0 00 00000000 0 0 0 0000000000000012 55555555 a 55115444 1 05 55115444
0000000000000012 34110200b9e1f000 0 00 00000000 0 0 0 0000000000000013 55555555 f 55555555 1 02 55555555
0000000000000013 10610302003ff000 0 00 00000000 0 0 0 0000000000000014 55555555 f 55555555 1 03 55555555
0000000000000014 107104050001f000 0 00 00000000 0 0 0 0000000000000015 55555555 f 55555555 1 04 55555555
0000000000000015 00131500aaaaaa00 1 15 ffaaaaaa 0 0 0 0000000000000016 55555555 f 55555555 0 00 55555555
0000000000000016 342005150000e000 0 00 00000000 0 0 0 0000000000000017 55555555 e 55555555 1 05 55555555
0000000000000017 00131e0000000200 1 1e 00000002 0 0 0 0000000000000018 55555555 f 55555555 0 00 55555555
0000000000000018 0023171700000100 1 17 00000001 0 0 0 0000000000000019 55555555 f 55555555 0 00 55555555
0000000000000019 00731e1e00000100 1 1e 00000001 0 0 0 000000000000001a 55555555 f 55555555 0 00 55555555
000000000000001a 0013180000000000 1 18 00000000 0 0 0 000000000000001b 55555555 f 55555555 0 00 55555555
000000000000001b 0102001e18000000 0 00 00000000 4 0 0 000000000000001c 55555555 f 55555555 0 00 55555555
000000000000001c 0215fffffb040000 0 00 00000000 4 0 1 0000000000000018 55555555 f 55555555 0 00 55555555
0000000000000018 0023171700000100 1 17 00000002 4 0 0 0000000000000019 55555555 f 55555555 0 00 55555555
0000000000000019 00731e1e00000100 1 1e 00000000 4 0 0 000000000000001a 55555555 f 55555555 0 00 55555555
000000000000001a 0013180000000000 1 18 00000000 4 0 0 000000000000001b 55555555 f 55555555 0 00 55555555
000000000000001b 0102001e18000000 0 00 00000000 5 1 0 000000000000001c 55555555 f 55555555 0 00 55555555
000000000000001c 0215fffffb040000 0 00 00000000 5 1 0 000000000000001d 55555555 f 55555555 0 00 55555555
000000000000001d 7cf5000000000000 0 00 00000000 5 1 0 000000000000001e 55555555 f 55555555 0 00 55555555
DONE retired=35 fault=00 pc=000000000000001d
