0000000000000000 00131d0000000000 1 1d 00000000 0 0 0 0000000000000001
0000000000000001 00a20a0314000000 1 0a 00000000 0 0 0 0000000000000002
0000000000000002 00920c0a00000000 1 0c ffffffff 0 0 0 0000000000000003
0000000000000003 00130c00e2e77c00 1 0c ffe2e77c 0 0 0 0000000000000004
0000000000000004 007312110d896100 1 12 fff2769f 0 0 0 0000000000000005
0000000000000005 8506000000000000 0 00 00000000 0 0 0 0000000000000006
0000000000000006 00130300bb3f2600 1 03 ffbb3f26 0 0 0 0000000000000007
0000000000000007 00a2050d0e000000 1 05 00000000 0 0 0 0000000000000008
0000000000000008 0092120e00000000 1 12 ffffffff 0 0 0 0000000000000009
0000000000000009 00131000e100a900 1 10 ffe100a9 0 0 0 000000000000000a
000000000000000a 0013020054c52a00 1 02 0054c52a 0 0 0 000000000000000b
000000000000000b 007301022c730f00 1 01 0028521b 0 0 0 000000000000000c
000000000000000c 0112000406000000 0 00 00000000 5 0 0 000000000000000d
000000000000000d 02150000030b0000 0 00 00000000 5 0 0 000000000000000e
000000000000000e 8506000000000000 0 00 00000000 5 0 0 000000000000000f
000000000000000f 8506000000000000 0 00 00000000 5 0 0 0000000000000010
0000000000000010 8506000000000000 0 00 00000000 5 0 0 0000000000000011
0000000000000011 00820e0b10000000 1 0e ffe100a9 5 0 0 0000000000000012
0000000000000012 0306000000001000 1 10 00000000 5 0 0 0000000000000013
0000000000000013 8506000000000000 0 00 00000000 5 0 0 0000000000000014
0000000000000014 00130d002fddbf00 1 0d 002fddbf 5 0 0 0000000000000015
0000000000000015 00a3071400000000 1 07 00000000 5 0 0 0000000000000016
0000000000000016 0082120506000000 1 12 00000000 5 0 0 0000000000000017
0000000000000017 00131e0000000400 1 1e 00000004 5 0 0 0000000000000018
0000000000000018 0023151500000100 1 15 00000001 5 0 0 0000000000000019
0000000000000019 00731e1e00000100 1 1e 00000003 5 0 0 000000000000001a
000000000000001a 0102001e1d000000 0 00 00000000 4 0 0 000000000000001b
000000000000001b 0215fffffc040000 0 00 00000000 4 0 1 0000000000000018
0000000000000018 0023151500000100 1 15 00000002 4 0 0 0000000000000019
0000000000000019 00731e1e00000100 1 1e 00000002 4 0 0 000000000000001a
000000000000001a 0102001e1d000000 0 00 00000000 4 0 0 000000000000001b
000000000000001b 0215fffffc040000 0 00 00000000 4 0 1 0000000000000018
0000000000000018 0023151500000100 1 15 00000003 4 0 0 0000000000000019
0000000000000019 00731e1e00000100 1 1e 00000001 4 0 0 000000000000001a
000000000000001a 0102001e1d000000 0 00 00000000 4 0 0 000000000000001b
000000000000001b 0215fffffc040000 0 00 00000000 4 0 1 0000000000000018
0000000000000018 0023151500000100 1 15 00000004 4 0 0 0000000000000019
0000000000000019 00731e1e00000100 1 1e 00000000 4 0 0 000000000000001a
000000000000001a 0102001e1d000000 0 00 00000000 5 1 0 000000000000001b
000000000000001b 0215fffffc040000 0 00 00000000 5 1 0 000000000000001c
000000000000001c 7cf5000000000000 0 00 00000000 5 1 0 000000000000001d
DONE retired=41 fault=00 pc=000000000000001c
