0000000000000000 00131d0000000000 1 1d 00000000 0 0 0 0000000000000001
0000000000000001 0032140105000000 1 14 00000000 0 0 0 0000000000000002
0000000000000002 001311009a18a900 1 11 ff9a18a9 0 0 0 0000000000000003
0000000000000003 00b20f1313000000 1 0f 00000000 0 0 0 0000000000000004
0000000000000004 00320a080e000000 1 0a 00000000 0 0 0 0000000000000005
0000000000000005 011200010b000000 0 00 00000000 5 0 0 0000000000000006
0000000000000006 0215000003020000 0 00 00000000 5 0 1 000000000000000a
000000000000000a 00b30f0c00001800 1 0f 00000000 5 0 0 000000000000000b
000000000000000b 00920f1400000000 1 0f ffffffff 5 0 0 000000000000000c
000000000000000c 8506000000000000 0 00 00000000 5 0 0 000000000000000d
000000000000000d 011200140e000000 0 00 00000000 5 0 0 000000000000000e
000000000000000e 0215000002030000 0 00 00000000 5 0 1 0000000000000011
0000000000000011 0306000000000700 1 07 00000000 5 0 0 0000000000000012
0000000000000012 00131e0000000400 1 1e 00000004 5 0 0 0000000000000013
0000000000000013 0023151500000100 1 15 00000001 5 0 0 0000000000000014
0000000000000014 00731e1e00000100 1 1e 00000003 5 0 0 0000000000000015
0000000000000015 0102001e1d000000 0 00 00000000 4 0 0 0000000000000016
0000000000000016 0215fffffc040000 0 00 00000000 4 0 1 0000000000000013
0000000000000013 0023151500000100 1 15 00000002 4 0 0 0000000000000014
0000000000000014 00731e1e00000100 1 1e 00000002 4 0 0 0000000000000015
0000000000000015 0102001e1d000000 0 00 00000000 4 0 0 0000000000000016
0000000000000016 0215fffffc040000 0 00 00000000 4 0 1 0000000000000013
0000000000000013 0023151500000100 1 15 00000003 4 0 0 0000000000000014
0000000000000014 00731e1e00000100 1 1e 00000001 4 0 0 0000000000000015
0000000000000015 0102001e1d000000 0 00 00000000 4 0 0 0000000000000016
0000000000000016 0215fffffc040000 0 00 00000000 4 0 1 0000000000000013
0000000000000013 0023151500000100 1 15 00000004 4 0 0 0000000000000014
0000000000000014 00731e1e00000100 1 1e 00000000 4 0 0 0000000000000015
0000000000000015 0102001e1d000000 0 00 00000000 5 1 0 0000000000000016
0000000000000016 0215fffffc040000 0 00 00000000 5 1 0 0000000000000017
0000000000000017 7cf5000000000000 0 00 00000000 5 1 0 0000000000000018
DONE retired=31 fault=00 pc=0000000000000017
