0000000000000000 0013140000004d00 1 14 0000004d 0 0 0 0000000000000001 55555555 f 55555555 0 00 55555555
0000000000000001 340003040000f000 0 00 00000000 0 0 0 0000000000000002 55555555 f 55555555 1 03 55555555
0000000000000002 340003020000f000 0 00 00000000 0 0 0 0000000000000003 55555555 f 55555555 1 03 55555555
0000000000000003 10310202fffff000 0 00 00000000 0 0 0 0000000000000004 55555555 f 55555555 1 02 55555555
0000000000000004 3411050060cbf000 0 00 00000000 0 0 0 0000000000000005 55555555 f 55555555 1 05 55555555
0000000000000005 104006050600f000 0 00 00000000 0 0 0 0000000000000006 55555555 f 55555555 1 06 55555555
0000000000000006 107104050021f000 0 00 00000000 0 0 0 0000000000000007 55555555 f 55555555 1 04 55555555
0000000000000007 101003030500f000 0 00 00000000 0 0 0 0000000000000008 55555555 f 55555555 1 03 55555555
0000000000000008 101003040500f000 0 00 00000000 0 0 0 0000000000000009 55555555 f 55555555 1 03 55555555
0000000000000009 10610503000ff000 0 00 00000000 0 0 0 000000000000000a 55555555 f 55555555 1 05 55555555
000000000000000a 10610606000ff000 0 00 00000000 0 0 0 000000000000000b 55555555 f 55555555 1 06 55555555
000000000000000b 341106000000f000 0 00 00000000 0 0 0 000000000000000c 55555555 f 55555555 1 06 55555555
000000000000000c 104003020400f000 0 00 00000000 0 0 0 000000000000000d 55555555 f 55555555 1 03 55555555
000000000000000d 107102060000f000 0 00 00000000 0 0 0 000000000000000e 55555555 f 55555555 1 02 55555555
000000000000000e 10710402001ff000 0 00 00000000 0 0 0 000000000000000f 55555555 f 55555555 1 04 55555555
000000000000000f 103105038000f000 0 00 00000000 0 0 0 0000000000000010 55555555 f 55555555 1 05 55555555
0000000000000010 0013150055555500 1 15 00555555 0 0 0 0000000000000011 55555555 f 55555555 0 00 55555555
0000000000000011 342002150000f000 0 00 00000000 0 0 0 0000000000000012 55555555 f 55555555 1 02 55555555
0000000000000012 0013160000000100 1 16 00000001 0 0 0 0000000000000013 55555555 f 55555555 0 00 55555555
0000000000000013 342006160000f000 0 00 00000000 0 0 0 0000000000000014 55555555 f 55555555 1 06 55555555
0000000000000014 10810206000ff000 0 00 00000000 0 0 0 0000000000000015 55555555 f 55555555 1 02 55555555
0000000000000015 0013160000000000 1 16 00000000 0 0 0 0000000000000016 55555555 f 55555555 0 00 55555555
0000000000000016 342004160000f000 0 00 00000000 0 0 0 0000000000000017 55555555 f 55555555 1 04 55555555
0000000000000017 108102040021f000 0 00 00000000 0 0 0 0000000000000018 55555555 f 55555555 1 02 55555555
0000000000000018 104104059417f000 0 00 00000000 0 0 0 0000000000000019 55555555 f 55555555 1 04 55555555
0000000000000019 107102060010f000 0 00 00000000 0 0 0 000000000000001a 55555555 f 55555555 1 02 55555555
000000000000001a 00131600aaaaaa00 1 16 ffaaaaaa 0 0 0 000000000000001b 55555555 f 55555555 0 00 55555555
000000000000001b 342006160000f000 0 00 00000000 0 0 0 000000000000001c 55555555 f 55555555 1 06 55555555
000000000000001c 108103060021f000 0 00 00000000 0 0 0 000000000000001d 55555555 f 55555555 1 03 55555555
000000000000001d 105004060500c000 0 00 00000000 0 0 0 000000000000001e 55555555 c 55555555 1 04 55555555
000000000000001e 103003060300f000 0 00 00000000 0 0 0 000000000000001f 55555555 f 55555555 1 03 55555555
000000000000001f 0013160000000000 1 16 00000000 0 0 0 0000000000000020 55555555 f 55555555 0 00 55555555
0000000000000020 342003160000f000 0 00 00000000 0 0 0 0000000000000021 55555555 f 55555555 1 03 55555555
0000000000000021 10810203003ff000 0 00 00000000 0 0 0 0000000000000022 55555555 f 55555555 1 02 55555555
0000000000000022 340003040000f000 0 00 00000000 0 0 0 0000000000000023 55555555 f 55555555 1 03 55555555
0000000000000023 0013150000000000 1 15 00000000 0 0 0 0000000000000024 55555555 f 55555555 0 00 55555555
0000000000000024 342005150000f000 0 00 00000000 0 0 0 0000000000000025 55555555 f 55555555 1 05 55555555
0000000000000025 0013160000000100 1 16 00000001 0 0 0 0000000000000026 55555555 f 55555555 0 00 55555555
0000000000000026 342002160000f000 0 00 00000000 0 0 0 0000000000000027 55555555 f 55555555 1 02 55555555
0000000000000027 10810602000ff000 0 00 00000000 0 0 0 0000000000000028 55555555 f 55555555 1 06 55555555
0000000000000028 341105007ffff000 0 00 00000000 0 0 0 0000000000000029 55555555 f 55555555 1 05 55555555
0000000000000029 343002000000f000 0 00 00000000 0 0 0 000000000000002a 55555555 f 55555555 1 02 55555555
000000000000002a 00131e0000000300 1 1e 00000003 0 0 0 000000000000002b 55555555 f 55555555 0 00 55555555
000000000000002b 0023171700000100 1 17 00000001 0 0 0 000000000000002c 55555555 f 55555555 0 00 55555555
000000000000002c 00731e1e00000100 1 1e 00000002 0 0 0 000000000000002d 55555555 f 55555555 0 00 55555555
000000000000002d 0013180000000000 1 18 00000000 0 0 0 000000000000002e 55555555 f 55555555 0 00 55555555
000000000000002e 0102001e18000000 0 00 00000000 4 0 0 000000000000002f 55555555 f 55555555 0 00 55555555
000000000000002f 0215fffffb040000 0 00 00000000 4 0 1 000000000000002b 55555555 f 55555555 0 00 55555555
000000000000002b 0023171700000100 1 17 00000002 4 0 0 000000000000002c 55555555 f 55555555 0 00 55555555
000000000000002c 00731e1e00000100 1 1e 00000001 4 0 0 000000000000002d 55555555 f 55555555 0 00 55555555
000000000000002d 0013180000000000 1 18 00000000 4 0 0 000000000000002e 55555555 f 55555555 0 00 55555555
000000000000002e 0102001e18000000 0 00 00000000 4 0 0 000000000000002f 55555555 f 55555555 0 00 55555555
000000000000002f 0215fffffb040000 0 00 00000000 4 0 1 000000000000002b 55555555 f 55555555 0 00 55555555
000000000000002b 0023171700000100 1 17 00000003 4 0 0 000000000000002c 55555555 f 55555555 0 00 55555555
000000000000002c 00731e1e00000100 1 1e 00000000 4 0 0 000000000000002d 55555555 f 55555555 0 00 55555555
000000000000002d 0013180000000000 1 18 00000000 4 0 0 000000000000002e 55555555 f 55555555 0 00 55555555
000000000000002e 0102001e18000000 0 00 00000000 5 1 0 000000000000002f 55555555 f 55555555 0 00 55555555
000000000000002f 0215fffffb040000 0 00 00000000 5 1 0 0000000000000030 55555555 f 55555555 0 00 55555555
0000000000000030 7cf5000000000000 0 00 00000000 5 1 0 0000000000000031 55555555 f 55555555 0 00 55555555
DONE retired=59 fault=00 pc=0000000000000030
