0000000000000000 0013140000004d00 1 14 0000004d 0 0 0 0000000000000001 4087bf51 f 4087bf51 0 00 4087bf51
0000000000000001 0013160055555500 1 16 00555555 0 0 0 0000000000000002 4087bf51 f 4087bf51 0 00 4087bf51
0000000000000002 342004160000f000 0 00 00000000 0 0 0 0000000000000003 4087bf51 f 4087bf51 1 04 4087bf51
0000000000000003 108104040021f000 0 00 00000000 0 0 0 0000000000000004 4087bf51 f 4087bf51 1 04 4087bf51
0000000000000004 343002000000f000 0 00 00000000 0 0 0 0000000000000005 4087bf51 f 4087bf51 1 02 4087bf51
0000000000000005 10710403003ff000 0 00 00000000 0 0 0 0000000000000006 4087bf51 f 4087bf51 1 04 4087bf51
0000000000000006 107105040020f000 0 00 00000000 0 0 0 0000000000000007 4087bf51 f 4087bf51 1 05 4087bf51
0000000000000007 34110600d82fd000 0 00 00000000 0 0 0 0000000000000008 4087bf51 d 00000000 1 06 00000000
0000000000000008 104106050001f000 0 00 00000000 0 0 0 0000000000000009 4087bf51 f 4087bf51 1 06 4087bf51
0000000000000009 10710303000ff000 0 00 00000000 0 0 0 000000000000000a 4087bf51 f 4087bf51 1 03 4087bf51
000000000000000a 3430030000001000 0 00 00000000 0 0 0 000000000000000b 4087bf51 1 00000000 1 03 00000000
000000000000000b 106106050010f000 0 00 00000000 0 0 0 000000000000000c 4087bf51 f 4087bf51 1 06 4087bf51
000000000000000c 103005040200f000 0 00 00000000 0 0 0 000000000000000d 4087bf51 f 4087bf51 1 05 4087bf51
000000000000000d 105105038000f000 0 00 00000000 0 0 0 000000000000000e 4087bf51 f 4087bf51 1 05 4087bf51
000000000000000e 102002050200f000 0 00 00000000 0 0 0 000000000000000f 4087bf51 f 4087bf51 1 02 4087bf51
000000000000000f 343005000000f000 0 00 00000000 0 0 0 0000000000000010 4087bf51 f 4087bf51 1 05 4087bf51
0000000000000010 340003050000f000 0 00 00000000 0 0 0 0000000000000011 4087bf51 f 4087bf51 1 03 4087bf51
0000000000000011 106105060000f000 0 00 00000000 0 0 0 0000000000000012 4087bf51 f 4087bf51 1 05 4087bf51
0000000000000012 106104050000f000 0 00 00000000 0 0 0 0000000000000013 4087bf51 f 4087bf51 1 04 4087bf51
0000000000000013 104005040600f000 0 00 00000000 0 0 0 0000000000000014 4087bf51 f 4087bf51 1 05 4087bf51
0000000000000014 0013160000000000 1 16 00000000 0 0 0 0000000000000015 4087bf51 f 4087bf51 0 00 4087bf51
0000000000000015 342003160000f000 0 00 00000000 0 0 0 0000000000000016 4087bf51 f 4087bf51 1 03 4087bf51
0000000000000016 108102030021f000 0 00 00000000 0 0 0 0000000000000017 4087bf51 f 4087bf51 1 02 4087bf51
0000000000000017 102002020400f000 0 00 00000000 0 0 0 0000000000000018 4087bf51 f 4087bf51 1 02 4087bf51
0000000000000018 107104040020f000 0 00 00000000 0 0 0 0000000000000019 4087bf51 f 4087bf51 1 04 4087bf51
0000000000000019 3411060000013000 0 00 00000000 0 0 0 000000000000001a 4087bf51 3 40859c41 1 06 40859c41
000000000000001a 103006050200e000 0 00 00000000 0 0 0 000000000000001b 4087bf51 e 00000000 1 06 00000000
000000000000001b 34110200b7c6f000 0 00 00000000 0 0 0 000000000000001c 4087bf51 f 4087bf51 1 02 4087bf51
000000000000001c 00131e0000000100 1 1e 00000001 0 0 0 000000000000001d 4087bf51 f 4087bf51 0 00 4087bf51
000000000000001d 0023171700000100 1 17 00000001 0 0 0 000000000000001e 4087bf51 f 4087bf51 0 00 4087bf51
000000000000001e 00731e1e00000100 1 1e 00000000 0 0 0 000000000000001f 4087bf51 f 4087bf51 0 00 4087bf51
000000000000001f 0013180000000000 1 18 00000000 0 0 0 0000000000000020 4087bf51 f 4087bf51 0 00 4087bf51
0000000000000020 0102001e18000000 0 00 00000000 5 1 0 0000000000000021 4087bf51 f 4087bf51 0 00 4087bf51
0000000000000021 0215fffffb040000 0 00 00000000 5 1 0 0000000000000022 4087bf51 f 4087bf51 0 00 4087bf51
0000000000000022 7cf5000000000000 0 00 00000000 5 1 0 0000000000000023 4087bf51 f 4087bf51 0 00 4087bf51
DONE retired=35 fault=00 pc=0000000000000022
