0000000000000000 00131d0000000000 1 1d 00000000 0 0 0 0000000000000001
0000000000000001 0306000000000100 1 01 00000000 0 0 0 0000000000000002
0000000000000002 0122000b13000000 0 00 00000000 5 0 0 0000000000000003
0000000000000003 0215000002030000 0 00 00000000 5 0 1 0000000000000006
0000000000000006 0112001406000000 0 00 00000000 5 0 0 0000000000000007
0000000000000007 0215000003030000 0 00 00000000 5 0 1 000000000000000b
000000000000000b 0102000c12000000 0 00 00000000 5 1 0 000000000000000c
000000000000000c 02150000010e0000 0 00 00000000 5 1 1 000000000000000e
000000000000000e 0092061000000000 1 06 ffffffff 5 1 0 000000000000000f
000000000000000f 00920d0b00000000 1 0d ffffffff 5 1 0 0000000000000010
0000000000000010 00130d0055555500 1 0d 00555555 5 1 0 0000000000000011
0000000000000011 0072010a11000000 1 01 00000000 5 1 0 0000000000000012
0000000000000012 003208130e000000 1 08 00000000 5 1 0 0000000000000013
0000000000000013 0082120209000000 1 12 00000000 5 1 0 0000000000000014
0000000000000014 00a3100800000a00 1 10 00000000 5 1 0 0000000000000015
0000000000000015 0023100e43b19f00 1 10 0043b19f 5 1 0 0000000000000016
0000000000000016 8506000000000000 0 00 00000000 5 1 0 0000000000000017
0000000000000017 0013020097727600 1 02 ff977276 5 1 0 0000000000000018
0000000000000018 8506000000000000 0 00 00000000 5 1 0 0000000000000019
0000000000000019 0092140b00000000 1 14 ffffffff 5 1 0 000000000000001a
000000000000001a 00320e0201000000 1 0e 00000000 5 1 0 000000000000001b
000000000000001b 8506000000000000 0 00 00000000 5 1 0 000000000000001c
000000000000001c 0063070900000600 1 07 00000000 5 1 0 000000000000001d
000000000000001d 0306000000000700 1 07 00000000 5 1 0 000000000000001e
000000000000001e 012200060f000000 0 00 00000000 6 0 0 000000000000001f
000000000000001f 02150000030b0000 0 00 00000000 6 0 1 0000000000000023
0000000000000023 00730c1302a51800 1 0c fffd5ae8 6 0 0 0000000000000024
0000000000000024 00a2060c0d000000 1 06 000007ff 6 0 0 0000000000000025
0000000000000025 8506000000000000 0 00 00000000 6 0 0 0000000000000026
0000000000000026 00920f1400000000 1 0f 00000000 6 0 0 0000000000000027
0000000000000027 0082140f0d000000 1 14 00555555 6 0 0 0000000000000028
0000000000000028 8506000000000000 0 00 00000000 6 0 0 0000000000000029
0000000000000029 0102000d05000000 0 00 00000000 4 0 0 000000000000002a
000000000000002a 0215000001030000 0 00 00000000 4 0 0 000000000000002b
000000000000002b 8506000000000000 0 00 00000000 4 0 0 000000000000002c
000000000000002c 00131e0000000300 1 1e 00000003 4 0 0 000000000000002d
000000000000002d 0023151500000100 1 15 00000001 4 0 0 000000000000002e
000000000000002e 00731e1e00000100 1 1e 00000002 4 0 0 000000000000002f
000000000000002f 0102001e1d000000 0 00 00000000 4 0 0 0000000000000030
0000000000000030 0215fffffc040000 0 00 00000000 4 0 1 000000000000002d
000000000000002d 0023151500000100 1 15 00000002 4 0 0 000000000000002e
000000000000002e 00731e1e00000100 1 1e 00000001 4 0 0 000000000000002f
000000000000002f 0102001e1d000000 0 00 00000000 4 0 0 0000000000000030
0000000000000030 0215fffffc040000 0 00 00000000 4 0 1 000000000000002d
000000000000002d 0023151500000100 1 15 00000003 4 0 0 000000000000002e
000000000000002e 00731e1e00000100 1 1e 00000000 4 0 0 000000000000002f
000000000000002f 0102001e1d000000 0 00 00000000 5 1 0 0000000000000030
0000000000000030 0215fffffc040000 0 00 00000000 5 1 0 0000000000000031
0000000000000031 7cf5000000000000 0 00 00000000 5 1 0 0000000000000032
DONE retired=49 fault=00 pc=0000000000000031
