0000000000000000 00131d0000000000 1 1d 00000000 0 0 0 0000000000000001
0000000000000001 00130c0000000100 1 0c 00000001 0 0 0 0000000000000002
0000000000000002 0092130600000000 1 13 ffffffff 0 0 0 0000000000000003
0000000000000003 0112000c12000000 0 00 00000000 4 0 0 0000000000000004
0000000000000004 02150000010b0000 0 00 00000000 4 0 0 0000000000000005
0000000000000005 8506000000000000 0 00 00000000 4 0 0 0000000000000006
0000000000000006 8506000000000000 0 00 00000000 4 0 0 0000000000000007
0000000000000007 8506000000000000 0 00 00000000 4 0 0 0000000000000008
0000000000000008 0092080800000000 1 08 ffffffff 4 0 0 0000000000000009
0000000000000009 00130600a9b9f100 1 06 ffa9b9f1 4 0 0 000000000000000a
000000000000000a 00a212060f000000 1 12 ffa9b9f1 4 0 0 000000000000000b
000000000000000b 011200130c000000 0 00 00000000 6 1 0 000000000000000c
000000000000000c 02150000010e0000 0 00 00000000 6 1 1 000000000000000e
000000000000000e 00131e0000000400 1 1e 00000004 6 1 0 000000000000000f
000000000000000f 0023151500000100 1 15 00000001 6 1 0 0000000000000010
0000000000000010 00731e1e00000100 1 1e 00000003 6 1 0 0000000000000011
0000000000000011 0102001e1d000000 0 00 00000000 4 0 0 0000000000000012
0000000000000012 0215fffffc040000 0 00 00000000 4 0 1 000000000000000f
000000000000000f 0023151500000100 1 15 00000002 4 0 0 0000000000000010
0000000000000010 00731e1e00000100 1 1e 00000002 4 0 0 0000000000000011
0000000000000011 0102001e1d000000 0 00 00000000 4 0 0 0000000000000012
0000000000000012 0215fffffc040000 0 00 00000000 4 0 1 000000000000000f
000000000000000f 0023151500000100 1 15 00000003 4 0 0 0000000000000010
0000000000000010 00731e1e00000100 1 1e 00000001 4 0 0 0000000000000011
0000000000000011 0102001e1d000000 0 00 00000000 4 0 0 0000000000000012
0000000000000012 0215fffffc040000 0 00 00000000 4 0 1 000000000000000f
000000000000000f 0023151500000100 1 15 00000004 4 0 0 0000000000000010
0000000000000010 00731e1e00000100 1 1e 00000000 4 0 0 0000000000000011
0000000000000011 0102001e1d000000 0 00 00000000 5 1 0 0000000000000012
0000000000000012 0215fffffc040000 0 00 00000000 5 1 0 0000000000000013
0000000000000013 7cf5000000000000 0 00 00000000 5 1 0 0000000000000014
DONE retired=31 fault=00 pc=0000000000000013
