0000000000000000 0013140000004d00 1 14 0000004d 0 0 0 0000000000000001 5810c2f4 f 5810c2f4 0 00 5810c2f4
0000000000000001 103103038000f000 0 00 00000000 0 0 0 0000000000000002 5810c2f4 f 5810c2f4 1 03 5810c2f4
0000000000000002 0013160000000000 1 16 00000000 0 0 0 0000000000000003 5810c2f4 f 5810c2f4 0 00 5810c2f4
0000000000000003 342005160000f000 0 00 00000000 0 0 0 0000000000000004 5810c2f4 f 5810c2f4 1 05 5810c2f4
0000000000000004 108105050000f000 0 00 00000000 0 0 0 0000000000000005 5810c2f4 f 5810c2f4 1 05 5810c2f4
0000000000000005 10610505001ff000 0 00 00000000 0 0 0 0000000000000006 5810c2f4 f 5810c2f4 1 05 5810c2f4
0000000000000006 102002020300f000 0 00 00000000 0 0 0 0000000000000007 5810c2f4 f 5810c2f4 1 02 5810c2f4
0000000000000007 341104008aeef000 0 00 00000000 0 0 0 0000000000000008 5810c2f4 f 5810c2f4 1 04 5810c2f4
0000000000000008 100103067ffff000 0 00 00000000 0 0 0 0000000000000009 5810c2f4 f 5810c2f4 1 03 5810c2f4
0000000000000009 107105030021f000 0 00 00000000 0 0 0 000000000000000a 5810c2f4 f 5810c2f4 1 05 5810c2f4
000000000000000a 103102020001f000 0 00 00000000 0 0 0 000000000000000b 5810c2f4 f 5810c2f4 1 02 5810c2f4
000000000000000b 3430030000002000 0 00 00000000 0 0 0 000000000000000c 5810c2f4 2 501080d0 1 03 501080d0
000000000000000c 100002050600f000 0 00 00000000 0 0 0 000000000000000d 5810c2f4 f 5810c2f4 1 02 5810c2f4
000000000000000d 340006040000f000 0 00 00000000 0 0 0 000000000000000e 5810c2f4 f 5810c2f4 1 06 5810c2f4
000000000000000e 34110300361af000 0 00 00000000 0 0 0 000000000000000f 5810c2f4 f 5810c2f4 1 03 5810c2f4
000000000000000f 1000060503008000 0 00 00000000 0 0 0 0000000000000010 5810c2f4 8 0010c2e4 1 06 0010c2e4
0000000000000010 341105008000f000 0 00 00000000 0 0 0 0000000000000011 5810c2f4 f 5810c2f4 1 05 5810c2f4
0000000000000011 106102060000f000 0 00 00000000 0 0 0 0000000000000012 5810c2f4 f 5810c2f4 1 02 5810c2f4
0000000000000012 343005000000f000 0 00 00000000 0 0 0 0000000000000013 5810c2f4 f 5810c2f4 1 05 5810c2f4
0000000000000013 0013150000000100 1 15 00000001 0 0 0 0000000000000014 5810c2f4 f 5810c2f4 0 00 5810c2f4
0000000000000014 342002150000f000 0 00 00000000 0 0 0 0000000000000015 5810c2f4 f 5810c2f4 1 02 5810c2f4
0000000000000015 10710602000ff000 0 00 00000000 0 0 0 0000000000000016 5810c2f4 f 5810c2f4 1 06 5810c2f4
0000000000000016 0013160000000100 1 16 00000001 0 0 0 0000000000000017 5810c2f4 f 5810c2f4 0 00 5810c2f4
0000000000000017 342004160000f000 0 00 00000000 0 0 0 0000000000000018 5810c2f4 f 5810c2f4 1 04 5810c2f4
0000000000000018 10810204003ff000 0 00 00000000 0 0 0 0000000000000019 5810c2f4 f 5810c2f4 1 02 5810c2f4
0000000000000019 10010402fffff000 0 00 00000000 0 0 0 000000000000001a 5810c2f4 f 5810c2f4 1 04 5810c2f4
000000000000001a 100006020600f000 0 00 00000000 0 0 0 000000000000001b 5810c2f4 f 5810c2f4 1 06 5810c2f4
000000000000001b 103002060600f000 0 00 00000000 0 0 0 000000000000001c 5810c2f4 f 5810c2f4 1 02 5810c2f4
000000000000001c 00131e0000000100 1 1e 00000001 0 0 0 000000000000001d 5810c2f4 f 5810c2f4 0 00 5810c2f4
000000000000001d 0023171700000100 1 17 00000001 0 0 0 000000000000001e 5810c2f4 f 5810c2f4 0 00 5810c2f4
000000000000001e 00731e1e00000100 1 1e 00000000 0 0 0 000000000000001f 5810c2f4 f 5810c2f4 0 00 5810c2f4
000000000000001f 0013180000000000 1 18 00000000 0 0 0 0000000000000020 5810c2f4 f 5810c2f4 0 00 5810c2f4
0000000000000020 0102001e18000000 0 00 00000000 5 1 0 0000000000000021 5810c2f4 f 5810c2f4 0 00 5810c2f4
0000000000000021 0215fffffb040000 0 00 00000000 5 1 0 0000000000000022 5810c2f4 f 5810c2f4 0 00 5810c2f4
0000000000000022 7cf5000000000000 0 00 00000000 5 1 0 0000000000000023 5810c2f4 f 5810c2f4 0 00 5810c2f4
DONE retired=35 fault=00 pc=0000000000000022
