0000000000000000 0013140000004d00 1 14 0000004d 0 0 0 0000000000000001 ffffffff f ffffffff 0 00 ffffffff
0000000000000001 104106060001f000 0 00 00000000 0 0 0 0000000000000002 ffffffff f ffffffff 1 06 ffffffff
0000000000000002 10710505001ff000 0 00 00000000 0 0 0 0000000000000003 ffffffff f ffffffff 1 05 ffffffff
0000000000000003 10610606003ff000 0 00 00000000 0 0 0 0000000000000004 ffffffff f ffffffff 1 06 ffffffff
0000000000000004 341104008000f000 0 00 00000000 0 0 0 0000000000000005 ffffffff f ffffffff 1 04 ffffffff
0000000000000005 10610604000df000 0 00 00000000 0 0 0 0000000000000006 ffffffff f ffffffff 1 06 ffffffff
0000000000000006 340003030000f000 0 00 00000000 0 0 0 0000000000000007 ffffffff f ffffffff 1 03 ffffffff
0000000000000007 102006050600f000 0 00 00000000 0 0 0 0000000000000008 ffffffff f ffffffff 1 06 ffffffff
0000000000000008 103004020500f000 0 00 00000000 0 0 0 0000000000000009 ffffffff f ffffffff 1 04 ffffffff
0000000000000009 104106067ffff000 0 00 00000000 0 0 0 000000000000000a ffffffff f ffffffff 1 06 ffffffff
000000000000000a 106104060001f000 0 00 00000000 0 0 0 000000000000000b ffffffff f ffffffff 1 04 ffffffff
000000000000000b 105005040400f000 0 00 00000000 0 0 0 000000000000000c ffffffff f ffffffff 1 05 ffffffff
000000000000000c 10710504001ff000 0 00 00000000 0 0 0 000000000000000d ffffffff f ffffffff 1 05 ffffffff
000000000000000d 343005000000f000 0 00 00000000 0 0 0 000000000000000e ffffffff f ffffffff 1 05 ffffffff
000000000000000e 00131e0000000200 1 1e 00000002 0 0 0 000000000000000f ffffffff f ffffffff 0 00 ffffffff
000000000000000f 0023171700000100 1 17 00000001 0 0 0 0000000000000010 ffffffff f ffffffff 0 00 ffffffff
0000000000000010 00731e1e00000100 1 1e 00000001 0 0 0 0000000000000011 ffffffff f ffffffff 0 00 ffffffff
0000000000000011 0013180000000000 1 18 00000000 0 0 0 0000000000000012 ffffffff f ffffffff 0 00 ffffffff
0000000000000012 0102001e18000000 0 00 00000000 4 0 0 0000000000000013 ffffffff f ffffffff 0 00 ffffffff
0000000000000013 0215fffffb040000 0 00 00000000 4 0 1 000000000000000f ffffffff f ffffffff 0 00 ffffffff
000000000000000f 0023171700000100 1 17 00000002 4 0 0 0000000000000010 ffffffff f ffffffff 0 00 ffffffff
0000000000000010 00731e1e00000100 1 1e 00000000 4 0 0 0000000000000011 ffffffff f ffffffff 0 00 ffffffff
0000000000000011 0013180000000000 1 18 00000000 4 0 0 0000000000000012 ffffffff f ffffffff 0 00 ffffffff
0000000000000012 0102001e18000000 0 00 00000000 5 1 0 0000000000000013 ffffffff f ffffffff 0 00 ffffffff
0000000000000013 0215fffffb040000 0 00 00000000 5 1 0 0000000000000014 ffffffff f ffffffff 0 00 ffffffff
0000000000000014 7cf5000000000000 0 00 00000000 5 1 0 0000000000000015 ffffffff f ffffffff 0 00 ffffffff
DONE retired=26 fault=00 pc=0000000000000014
