0000000000000000 00131d0000000000 1 1d 00000000 0 0 0 0000000000000001
0000000000000001 0306000000000c00 1 0c 00000000 0 0 0 0000000000000002
0000000000000002 011200030d000000 0 00 00000000 5 0 0 0000000000000003
0000000000000003 0215000001040000 0 00 00000000 5 0 0 0000000000000004
0000000000000004 8506000000000000 0 00 00000000 5 0 0 0000000000000005
0000000000000005 8506000000000000 0 00 00000000 5 0 0 0000000000000006
0000000000000006 00320a1304000000 1 0a 00000000 5 0 0 0000000000000007
0000000000000007 0112001301000000 0 00 00000000 5 0 0 0000000000000008
0000000000000008 02150000020d0000 0 00 00000000 5 0 0 0000000000000009
0000000000000009 8506000000000000 0 00 00000000 5 0 0 000000000000000a
000000000000000a 8506000000000000 0 00 00000000 5 0 0 000000000000000b
000000000000000b 00a30b1200000f00 1 0b 00000000 5 0 0 000000000000000c
000000000000000c 00230b0600000000 1 0b 00000000 5 0 0 000000000000000d
000000000000000d 0092100800000000 1 10 ffffffff 5 0 0 000000000000000e
000000000000000e 0102000a03000000 0 00 00000000 5 1 0 000000000000000f
000000000000000f 0215000003020000 0 00 00000000 5 1 0 0000000000000010
0000000000000010 8506000000000000 0 00 00000000 5 1 0 0000000000000011
0000000000000011 8506000000000000 0 00 00000000 5 1 0 0000000000000012
0000000000000012 8506000000000000 0 00 00000000 5 1 0 0000000000000013
0000000000000013 0092080500000000 1 08 ffffffff 5 1 0 0000000000000014
0000000000000014 8506000000000000 0 00 00000000 5 1 0 0000000000000015
0000000000000015 0022080b12000000 1 08 00000000 5 1 0 0000000000000016
0000000000000016 8506000000000000 0 00 00000000 5 1 0 0000000000000017
0000000000000017 00920e1300000000 1 0e ffffffff 5 1 0 0000000000000018
0000000000000018 8506000000000000 0 00 00000000 5 1 0 0000000000000019
0000000000000019 00720a0901000000 1 0a 00000000 5 1 0 000000000000001a
000000000000001a 0023010affffff00 1 01 ffffffff 5 1 0 000000000000001b
000000000000001b 00820a0606000000 1 0a 00000000 5 1 0 000000000000001c
000000000000001c 00131e0000000400 1 1e 00000004 5 1 0 000000000000001d
000000000000001d 0023151500000100 1 15 00000001 5 1 0 000000000000001e
000000000000001e 00731e1e00000100 1 1e 00000003 5 1 0 000000000000001f
000000000000001f 0102001e1d000000 0 00 00000000 4 0 0 0000000000000020
0000000000000020 0215fffffc040000 0 00 00000000 4 0 1 000000000000001d
000000000000001d 0023151500000100 1 15 00000002 4 0 0 000000000000001e
000000000000001e 00731e1e00000100 1 1e 00000002 4 0 0 000000000000001f
000000000000001f 0102001e1d000000 0 00 00000000 4 0 0 0000000000000020
0000000000000020 0215fffffc040000 0 00 00000000 4 0 1 000000000000001d
000000000000001d 0023151500000100 1 15 00000003 4 0 0 000000000000001e
000000000000001e 00731e1e00000100 1 1e 00000001 4 0 0 000000000000001f
000000000000001f 0102001e1d000000 0 00 00000000 4 0 0 0000000000000020
0000000000000020 0215fffffc040000 0 00 00000000 4 0 1 000000000000001d
000000000000001d 0023151500000100 1 15 00000004 4 0 0 000000000000001e
000000000000001e 00731e1e00000100 1 1e 00000000 4 0 0 000000000000001f
000000000000001f 0102001e1d000000 0 00 00000000 5 1 0 0000000000000020
0000000000000020 0215fffffc040000 0 00 00000000 5 1 0 0000000000000021
0000000000000021 7cf5000000000000 0 00 00000000 5 1 0 0000000000000022
DONE retired=46 fault=00 pc=0000000000000021
