0000000000000000 0013140000004d00 1 14 0000004d 0 0 0 0000000000000001 0dc3e33d f 0dc3e33d 0 00 0dc3e33d
0000000000000001 104002030600f000 0 00 00000000 0 0 0 0000000000000002 0dc3e33d f 0dc3e33d 1 02 0dc3e33d
0000000000000002 10710606000ff000 0 00 00000000 0 0 0 0000000000000003 0dc3e33d f 0dc3e33d 1 06 0dc3e33d
0000000000000003 105002020200f000 0 00 00000000 0 0 0 0000000000000004 0dc3e33d f 0dc3e33d 1 02 0dc3e33d
0000000000000004 341105002d8df000 0 00 00000000 0 0 0 0000000000000005 0dc3e33d f 0dc3e33d 1 05 0dc3e33d
0000000000000005 0013160055555500 1 16 00555555 0 0 0 0000000000000006 0dc3e33d f 0dc3e33d 0 00 0dc3e33d
0000000000000006 342006160000f000 0 00 00000000 0 0 0 0000000000000007 0dc3e33d f 0dc3e33d 1 06 0dc3e33d
0000000000000007 108104060000f000 0 00 00000000 0 0 0 0000000000000008 0dc3e33d f 0dc3e33d 1 04 0dc3e33d
0000000000000008 343003000000f000 0 00 00000000 0 0 0 0000000000000009 0dc3e33d f 0dc3e33d 1 03 0dc3e33d
0000000000000009 105002060500f000 0 00 00000000 0 0 0 000000000000000a 0dc3e33d f 0dc3e33d 1 02 0dc3e33d
000000000000000a 107102030000f000 0 00 00000000 0 0 0 000000000000000b 0dc3e33d f 0dc3e33d 1 02 0dc3e33d
000000000000000b 00131500aaaaaa00 1 15 ffaaaaaa 0 0 0 000000000000000c 0dc3e33d f 0dc3e33d 0 00 0dc3e33d
000000000000000c 342006150000f000 0 00 00000000 0 0 0 000000000000000d 0dc3e33d f 0dc3e33d 1 06 0dc3e33d
000000000000000d 340004060000f000 0 00 00000000 0 0 0 000000000000000e 0dc3e33d f 0dc3e33d 1 04 0dc3e33d
000000000000000e 105005050200f000 0 00 00000000 0 0 0 000000000000000f 0dc3e33d f 0dc3e33d 1 05 0dc3e33d
000000000000000f 0013160055555500 1 16 00555555 0 0 0 0000000000000010 0dc3e33d f 0dc3e33d 0 00 0dc3e33d
0000000000000010 342002160000f000 0 00 00000000 0 0 0 0000000000000011 0dc3e33d f 0dc3e33d 1 02 0dc3e33d
0000000000000011 108103020010f000 0 00 00000000 0 0 0 0000000000000012 0dc3e33d f 0dc3e33d 1 03 0dc3e33d
0000000000000012 105002060500f000 0 00 00000000 0 0 0 0000000000000013 0dc3e33d f 0dc3e33d 1 02 0dc3e33d
0000000000000013 10110206fffff000 0 00 00000000 0 0 0 0000000000000014 0dc3e33d f 0dc3e33d 1 02 0dc3e33d
0000000000000014 340005050000f000 0 00 00000000 0 0 0 0000000000000015 0dc3e33d f 0dc3e33d 1 05 0dc3e33d
0000000000000015 106105050020f000 0 00 00000000 0 0 0 0000000000000016 0dc3e33d f 0dc3e33d 1 05 0dc3e33d
0000000000000016 3411060075deb000 0 00 00000000 0 0 0 0000000000000017 0dc3e33d b 00000001 1 06 00000001
0000000000000017 101103040000f000 0 00 00000000 0 0 0 0000000000000018 0dc3e33d f 0dc3e33d 1 03 0dc3e33d
0000000000000018 340005060000f000 0 00 00000000 0 0 0 0000000000000019 0dc3e33d f 0dc3e33d 1 05 0dc3e33d
0000000000000019 105002060200f000 0 00 00000000 0 0 0 000000000000001a 0dc3e33d f 0dc3e33d 1 02 0dc3e33d
000000000000001a 0013150000000000 1 15 00000000 0 0 0 000000000000001b 0dc3e33d f 0dc3e33d 0 00 0dc3e33d
000000000000001b 342005150000f000 0 00 00000000 0 0 0 000000000000001c 0dc3e33d f 0dc3e33d 1 05 0dc3e33d
000000000000001c 0013150000000000 1 15 00000000 0 0 0 000000000000001d 0dc3e33d f 0dc3e33d 0 00 0dc3e33d
000000000000001d 342003150000f000 0 00 00000000 0 0 0 000000000000001e 0dc3e33d f 0dc3e33d 1 03 0dc3e33d
000000000000001e 107104050010f000 0 00 00000000 0 0 0 000000000000001f 0dc3e33d f 0dc3e33d 1 04 0dc3e33d
000000000000001f 101104038e1af000 0 00 00000000 0 0 0 0000000000000020 0dc3e33d f 0dc3e33d 1 04 0dc3e33d
0000000000000020 340005030000f000 0 00 00000000 0 0 0 0000000000000021 0dc3e33d f 0dc3e33d 1 05 0dc3e33d
0000000000000021 0013160055555500 1 16 00555555 0 0 0 0000000000000022 0dc3e33d f 0dc3e33d 0 00 0dc3e33d
0000000000000022 342006160000f000 0 00 00000000 0 0 0 0000000000000023 0dc3e33d f 0dc3e33d 1 06 0dc3e33d
0000000000000023 108105060001f000 0 00 00000000 0 0 0 0000000000000024 0dc3e33d f 0dc3e33d 1 05 0dc3e33d
0000000000000024 00131e0000000100 1 1e 00000001 0 0 0 0000000000000025 0dc3e33d f 0dc3e33d 0 00 0dc3e33d
0000000000000025 0023171700000100 1 17 00000001 0 0 0 0000000000000026 0dc3e33d f 0dc3e33d 0 00 0dc3e33d
0000000000000026 00731e1e00000100 1 1e 00000000 0 0 0 0000000000000027 0dc3e33d f 0dc3e33d 0 00 0dc3e33d
0000000000000027 0013180000000000 1 18 00000000 0 0 0 0000000000000028 0dc3e33d f 0dc3e33d 0 00 0dc3e33d
0000000000000028 0102001e18000000 0 00 00000000 5 1 0 0000000000000029 0dc3e33d f 0dc3e33d 0 00 0dc3e33d
0000000000000029 0215fffffb040000 0 00 00000000 5 1 0 000000000000002a 0dc3e33d f 0dc3e33d 0 00 0dc3e33d
000000000000002a 7cf5000000000000 0 00 00000000 5 1 0 000000000000002b 0dc3e33d f 0dc3e33d 0 00 0dc3e33d
DONE retired=43 fault=00 pc=000000000000002a
