0000000000000000 0013140000004d00 1 14 0000004d 0 0 0 0000000000000001 ffffffff f ffffffff 0 00 ffffffff
0000000000000001 107102030001f000 0 00 00000000 0 0 0 0000000000000002 ffffffff f ffffffff 1 02 ffffffff
0000000000000002 34110300ed60f000 0 00 00000000 0 0 0 0000000000000003 ffffffff f ffffffff 1 03 ffffffff
0000000000000003 104004050600f000 0 00 00000000 0 0 0 0000000000000004 ffffffff f ffffffff 1 04 ffffffff
0000000000000004 340003060000f000 0 00 00000000 0 0 0 0000000000000005 ffffffff f ffffffff 1 03 ffffffff
0000000000000005 340003040000f000 0 00 00000000 0 0 0 0000000000000006 ffffffff f ffffffff 1 03 ffffffff
0000000000000006 00131500ffffff00 1 15 ffffffff 0 0 0 0000000000000007 ffffffff f ffffffff 0 00 ffffffff
0000000000000007 342002150000f000 0 00 00000000 0 0 0 0000000000000008 ffffffff f ffffffff 1 02 ffffffff
0000000000000008 104104067ffff000 0 00 00000000 0 0 0 0000000000000009 ffffffff f ffffffff 1 04 ffffffff
0000000000000009 34110300cb3ff000 0 00 00000000 0 0 0 000000000000000a ffffffff f ffffffff 1 03 ffffffff
000000000000000a 0013150055555500 1 15 00555555 0 0 0 000000000000000b ffffffff f ffffffff 0 00 ffffffff
000000000000000b 3420041500005000 0 00 00000000 0 0 0 000000000000000c ffffffff 5 aaaaaaaa 1 04 aaaaaaaa
000000000000000c 100103040001f000 0 00 00000000 0 0 0 000000000000000d ffffffff f ffffffff 1 03 ffffffff
000000000000000d 102004050300f000 0 00 00000000 0 0 0 000000000000000e ffffffff f ffffffff 1 04 ffffffff
000000000000000e 103106067ffff000 0 00 00000000 0 0 0 000000000000000f ffffffff f ffffffff 1 06 ffffffff
000000000000000f 341103000001f000 0 00 00000000 0 0 0 0000000000000010 ffffffff f ffffffff 1 03 ffffffff
0000000000000010 107103060001f000 0 00 00000000 0 0 0 0000000000000011 ffffffff f ffffffff 1 03 ffffffff
0000000000000011 10510603fffff000 0 00 00000000 0 0 0 0000000000000012 ffffffff f ffffffff 1 06 ffffffff
0000000000000012 1050040602005000 0 00 00000000 0 0 0 0000000000000013 ffffffff 5 aaaaaaaa 1 04 aaaaaaaa
0000000000000013 101004020300f000 0 00 00000000 0 0 0 0000000000000014 ffffffff f ffffffff 1 04 ffffffff
0000000000000014 102003030300f000 0 00 00000000 0 0 0 0000000000000015 ffffffff f ffffffff 1 03 ffffffff
0000000000000015 341105008863f000 0 00 00000000 0 0 0 0000000000000016 ffffffff f ffffffff 1 05 ffffffff
0000000000000016 340005050000f000 0 00 00000000 0 0 0 0000000000000017 ffffffff f ffffffff 1 05 ffffffff
0000000000000017 340003040000f000 0 00 00000000 0 0 0 0000000000000018 ffffffff f ffffffff 1 03 ffffffff
0000000000000018 00131e0000000200 1 1e 00000002 0 0 0 0000000000000019 ffffffff f ffffffff 0 00 ffffffff
0000000000000019 0023171700000100 1 17 00000001 0 0 0 000000000000001a ffffffff f ffffffff 0 00 ffffffff
000000000000001a 00731e1e00000100 1 1e 00000001 0 0 0 000000000000001b ffffffff f ffffffff 0 00 ffffffff
000000000000001b 0013180000000000 1 18 00000000 0 0 0 000000000000001c ffffffff f ffffffff 0 00 ffffffff
000000000000001c 0102001e18000000 0 00 00000000 4 0 0 000000000000001d ffffffff f ffffffff 0 00 ffffffff
000000000000001d 0215fffffb040000 0 00 00000000 4 0 1 0000000000000019 ffffffff f ffffffff 0 00 ffffffff
0000000000000019 0023171700000100 1 17 00000002 4 0 0 000000000000001a ffffffff f ffffffff 0 00 ffffffff
000000000000001a 00731e1e00000100 1 1e 00000000 4 0 0 000000000000001b ffffffff f ffffffff 0 00 ffffffff
000000000000001b 0013180000000000 1 18 00000000 4 0 0 000000000000001c ffffffff f ffffffff 0 00 ffffffff
000000000000001c 0102001e18000000 0 00 00000000 5 1 0 000000000000001d ffffffff f ffffffff 0 00 ffffffff
000000000000001d 0215fffffb040000 0 00 00000000 5 1 0 000000000000001e ffffffff f ffffffff 0 00 ffffffff
000000000000001e 7cf5000000000000 0 00 00000000 5 1 0 000000000000001f ffffffff f ffffffff 0 00 ffffffff
DONE retired=36 fault=00 pc=000000000000001e
