0000000000000000 00131d0000000000 1 1d 00000000 0 0 0 0000000000000001
0000000000000001 0042041204000000 1 04 00000000 0 0 0 0000000000000002
0000000000000002 0306000000001200 1 12 00000000 0 0 0 0000000000000003
0000000000000003 0122000212000000 0 00 00000000 5 0 0 0000000000000004
0000000000000004 0215000001030000 0 00 00000000 5 0 1 0000000000000006
0000000000000006 0013060000000100 1 06 00000001 5 0 0 0000000000000007
0000000000000007 8506000000000000 0 00 00000000 5 0 0 0000000000000008
0000000000000008 0306000000000e00 1 0e 00000000 5 0 0 0000000000000009
0000000000000009 00b2140809000000 1 14 00000000 5 0 0 000000000000000a
000000000000000a 8506000000000000 0 00 00000000 5 0 0 000000000000000b
000000000000000b 006207100b000000 1 07 00000000 5 0 0 000000000000000c
000000000000000c 8506000000000000 0 00 00000000 5 0 0 000000000000000d
000000000000000d 8506000000000000 0 00 00000000 5 0 0 000000000000000e
000000000000000e 0042110514000000 1 11 00000000 5 0 0 000000000000000f
000000000000000f 0062121213000000 1 12 00000000 5 0 0 0000000000000010
0000000000000010 0013030000000000 1 03 00000000 5 0 0 0000000000000011
0000000000000011 0013020066a46900 1 02 0066a469 5 0 0 0000000000000012
0000000000000012 00230a0c85860500 1 0a ff858605 5 0 0 0000000000000013
0000000000000013 003214030b000000 1 14 00000000 5 0 0 0000000000000014
0000000000000014 8506000000000000 0 00 00000000 5 0 0 0000000000000015
0000000000000015 0112001106000000 0 00 00000000 2 1 0 0000000000000016
0000000000000016 02150000030d0000 0 00 00000000 2 1 1 000000000000001a
000000000000001a 8506000000000000 0 00 00000000 2 1 0 000000000000001b
000000000000001b 0082110b0f000000 1 11 00000000 2 1 0 000000000000001c
000000000000001c 8506000000000000 0 00 00000000 2 1 0 000000000000001d
000000000000001d 8506000000000000 0 00 00000000 2 1 0 000000000000001e
000000000000001e 0306000000001000 1 10 00000000 2 1 0 000000000000001f
000000000000001f 00131e0000000200 1 1e 00000002 2 1 0 0000000000000020
0000000000000020 0023151500000100 1 15 00000001 2 1 0 0000000000000021
0000000000000021 00731e1e00000100 1 1e 00000001 2 1 0 0000000000000022
0000000000000022 0102001e1d000000 0 00 00000000 4 0 0 0000000000000023
0000000000000023 0215fffffc040000 0 00 00000000 4 0 1 0000000000000020
0000000000000020 0023151500000100 1 15 00000002 4 0 0 0000000000000021
0000000000000021 00731e1e00000100 1 1e 00000000 4 0 0 0000000000000022
0000000000000022 0102001e1d000000 0 00 00000000 5 1 0 0000000000000023
0000000000000023 0215fffffc040000 0 00 00000000 5 1 0 0000000000000024
0000000000000024 7cf5000000000000 0 00 00000000 5 1 0 0000000000000025
DONE retired=37 fault=00 pc=0000000000000024
