0000000000000000 00131d0000000000 1 1d 00000000 0 0 0 0000000000000001
0000000000000001 0042020f13000000 1 02 00000000 0 0 0 0000000000000002
0000000000000002 00130400621f3700 1 04 00621f37 0 0 0 0000000000000003
0000000000000003 0092070b00000000 1 07 ffffffff 0 0 0 0000000000000004
0000000000000004 0122001106000000 0 00 00000000 5 0 0 0000000000000005
0000000000000005 02150000030b0000 0 00 00000000 5 0 0 0000000000000006
0000000000000006 8506000000000000 0 00 00000000 5 0 0 0000000000000007
0000000000000007 8506000000000000 0 00 00000000 5 0 0 0000000000000008
0000000000000008 8506000000000000 0 00 00000000 5 0 0 0000000000000009
0000000000000009 8506000000000000 0 00 00000000 5 0 0 000000000000000a
000000000000000a 00a3050300000600 1 05 00000000 5 0 0 000000000000000b
000000000000000b 0102001404000000 0 00 00000000 2 0 0 000000000000000c
000000000000000c 0215000003030000 0 00 00000000 2 0 0 000000000000000d
000000000000000d 8506000000000000 0 00 00000000 2 0 0 000000000000000e
000000000000000e 8506000000000000 0 00 00000000 2 0 0 000000000000000f
000000000000000f 8506000000000000 0 00 00000000 2 0 0 0000000000000010
0000000000000010 00820e0f10000000 1 0e 00000000 2 0 0 0000000000000011
0000000000000011 8506000000000000 0 00 00000000 2 0 0 0000000000000012
0000000000000012 00130300be3c4100 1 03 ffbe3c41 2 0 0 0000000000000013
0000000000000013 8506000000000000 0 00 00000000 2 0 0 0000000000000014
0000000000000014 00420f0b09000000 1 0f 00000000 2 0 0 0000000000000015
0000000000000015 00730c0caaaaaa00 1 0c 00555556 2 0 0 0000000000000016
0000000000000016 0122000b10000000 0 00 00000000 5 0 0 0000000000000017
0000000000000017 0215000002030000 0 00 00000000 5 0 1 000000000000001a
000000000000001a 0013060000000000 1 06 00000000 5 0 0 000000000000001b
000000000000001b 00220b0e0b000000 1 0b 00000000 5 0 0 000000000000001c
000000000000001c 00130100c8c34100 1 01 ffc8c341 5 0 0 000000000000001d
000000000000001d 8506000000000000 0 00 00000000 5 0 0 000000000000001e
000000000000001e 8506000000000000 0 00 00000000 5 0 0 000000000000001f
000000000000001f 00130b0014ec4c00 1 0b 0014ec4c 5 0 0 0000000000000020
0000000000000020 0032120213000000 1 12 00000000 5 0 0 0000000000000021
0000000000000021 0306000000001400 1 14 00000000 5 0 0 0000000000000022
0000000000000022 0082080c10000000 1 08 00555556 5 0 0 0000000000000023
0000000000000023 0023010c2ffd2700 1 01 0085527d 5 0 0 0000000000000024
0000000000000024 0032110c02000000 1 11 00000000 5 0 0 0000000000000025
0000000000000025 00520d0f04000000 1 0d 00621f37 5 0 0 0000000000000026
0000000000000026 00520b0a12000000 1 0b 00000000 5 0 0 0000000000000027
0000000000000027 00420d0401000000 1 0d 00001235 5 0 0 0000000000000028
0000000000000028 010200060a000000 0 00 00000000 5 1 0 0000000000000029
0000000000000029 0215000003010000 0 00 00000000 5 1 1 000000000000002d
000000000000002d 001308008cde1200 1 08 ff8cde12 5 1 0 000000000000002e
000000000000002e 0306000000000f00 1 0f 00000000 5 1 0 000000000000002f
000000000000002f 00131300e6fa7c00 1 13 ffe6fa7c 5 1 0 0000000000000030
0000000000000030 00130800ffffff00 1 08 ffffffff 5 1 0 0000000000000031
0000000000000031 00130600ce7a8400 1 06 ffce7a84 5 1 0 0000000000000032
0000000000000032 8506000000000000 0 00 00000000 5 1 0 0000000000000033
0000000000000033 00a3090200001200 1 09 00000000 5 1 0 0000000000000034
0000000000000034 8506000000000000 0 00 00000000 5 1 0 0000000000000035
0000000000000035 00130200ffffff00 1 02 ffffffff 5 1 0 0000000000000036
0000000000000036 0306000000001300 1 13 00000000 5 1 0 0000000000000037
0000000000000037 00131e0000000100 1 1e 00000001 5 1 0 0000000000000038
0000000000000038 0023151500000100 1 15 00000001 5 1 0 0000000000000039
0000000000000039 00731e1e00000100 1 1e 00000000 5 1 0 000000000000003a
000000000000003a 0102001e1d000000 0 00 00000000 5 1 0 000000000000003b
000000000000003b 0215fffffc040000 0 00 00000000 5 1 0 000000000000003c
000000000000003c 7cf5000000000000 0 00 00000000 5 1 0 000000000000003d
DONE retired=56 fault=00 pc=000000000000003c
