0000000000000000 00131d0000000000 1 1d 00000000 0 0 0 0000000000000001
0000000000000001 00a3121000001800 1 12 00000000 0 0 0 0000000000000002
0000000000000002 00130b0000000100 1 0b 00000001 0 0 0 0000000000000003
0000000000000003 8506000000000000 0 00 00000000 0 0 0 0000000000000004
0000000000000004 00a3090800001d00 1 09 00000000 0 0 0 0000000000000005
0000000000000005 0102000511000000 0 00 00000000 5 1 0 0000000000000006
0000000000000006 0215000003010000 0 00 00000000 5 1 1 000000000000000a
000000000000000a 8506000000000000 0 00 00000000 5 1 0 000000000000000b
000000000000000b 006203100a000000 1 03 00000000 5 1 0 000000000000000c
000000000000000c 001301002d1e3100 1 01 002d1e31 5 1 0 000000000000000d
000000000000000d 0112000710000000 0 00 00000000 5 0 0 000000000000000e
000000000000000e 0215000003030000 0 00 00000000 5 0 1 0000000000000012
0000000000000012 00b3111400002100 1 11 00000000 5 0 0 0000000000000013
0000000000000013 8506000000000000 0 00 00000000 5 0 0 0000000000000014
0000000000000014 0092110900000000 1 11 ffffffff 5 0 0 0000000000000015
0000000000000015 00130e0000000100 1 0e 00000001 5 0 0 0000000000000016
0000000000000016 00320d0211000000 1 0d 00000000 5 0 0 0000000000000017
0000000000000017 0306000000001100 1 11 00000000 5 0 0 0000000000000018
0000000000000018 00630d0d00000a00 1 0d 00000000 5 0 0 0000000000000019
0000000000000019 00231109e7f87200 1 11 ffe7f872 5 0 0 000000000000001a
000000000000001a 0122001008000000 0 00 00000000 5 0 0 000000000000001b
000000000000001b 0215000003010000 0 00 00000000 5 0 0 000000000000001c
000000000000001c 8506000000000000 0 00 00000000 5 0 0 000000000000001d
000000000000001d 8506000000000000 0 00 00000000 5 0 0 000000000000001e
000000000000001e 8506000000000000 0 00 00000000 5 0 0 000000000000001f
000000000000001f 00131e0000000400 1 1e 00000004 5 0 0 0000000000000020
0000000000000020 0023151500000100 1 15 00000001 5 0 0 0000000000000021
0000000000000021 00731e1e00000100 1 1e 00000003 5 0 0 0000000000000022
0000000000000022 0102001e1d000000 0 00 00000000 4 0 0 0000000000000023
0000000000000023 0215fffffc040000 0 00 00000000 4 0 1 0000000000000020
0000000000000020 0023151500000100 1 15 00000002 4 0 0 0000000000000021
0000000000000021 00731e1e00000100 1 1e 00000002 4 0 0 0000000000000022
0000000000000022 0102001e1d000000 0 00 00000000 4 0 0 0000000000000023
0000000000000023 0215fffffc040000 0 00 00000000 4 0 1 0000000000000020
0000000000000020 0023151500000100 1 15 00000003 4 0 0 0000000000000021
0000000000000021 00731e1e00000100 1 1e 00000001 4 0 0 0000000000000022
0000000000000022 0102001e1d000000 0 00 00000000 4 0 0 0000000000000023
0000000000000023 0215fffffc040000 0 00 00000000 4 0 1 0000000000000020
0000000000000020 0023151500000100 1 15 00000004 4 0 0 0000000000000021
0000000000000021 00731e1e00000100 1 1e 00000000 4 0 0 0000000000000022
0000000000000022 0102001e1d000000 0 00 00000000 5 1 0 0000000000000023
0000000000000023 0215fffffc040000 0 00 00000000 5 1 0 0000000000000024
0000000000000024 7cf5000000000000 0 00 00000000 5 1 0 0000000000000025
DONE retired=43 fault=00 pc=0000000000000024
