0000000000000000 00131d0000000000 1 1d 00000000 0 0 0 0000000000000001
0000000000000001 005203130a000000 1 03 00000000 0 0 0 0000000000000002
0000000000000002 007301067cdb4e00 1 01 ff8324b2 0 0 0 0000000000000003
0000000000000003 8506000000000000 0 00 00000000 0 0 0 0000000000000004
0000000000000004 0022040e12000000 1 04 00000000 0 0 0 0000000000000005
0000000000000005 0023140f00000000 1 14 00000000 0 0 0 0000000000000006
0000000000000006 0013090083231d00 1 09 ff83231d 0 0 0 0000000000000007
0000000000000007 00131400a5bf1400 1 14 ffa5bf14 0 0 0 0000000000000008
0000000000000008 00230d06cd667200 1 0d ffcd6672 0 0 0 0000000000000009
0000000000000009 00230d0b55555500 1 0d 00555555 0 0 0 000000000000000a
000000000000000a 0062021302000000 1 02 00000000 0 0 0 000000000000000b
000000000000000b 0032010c0f000000 1 01 00000000 0 0 0 000000000000000c
000000000000000c 0072090711000000 1 09 00000000 0 0 0 000000000000000d
000000000000000d 00131100f3422200 1 11 fff34222 0 0 0 000000000000000e
000000000000000e 00b2130711000000 1 13 00000000 0 0 0 000000000000000f
000000000000000f 0306000000000900 1 09 00000000 0 0 0 0000000000000010
0000000000000010 00131e0000000100 1 1e 00000001 0 0 0 0000000000000011
0000000000000011 0023151500000100 1 15 00000001 0 0 0 0000000000000012
0000000000000012 00731e1e00000100 1 1e 00000000 0 0 0 0000000000000013
0000000000000013 0102001e1d000000 0 00 00000000 5 1 0 0000000000000014
0000000000000014 0215fffffc040000 0 00 00000000 5 1 0 0000000000000015
0000000000000015 7cf5000000000000 0 00 00000000 5 1 0 0000000000000016
DONE retired=22 fault=00 pc=0000000000000015
