0000000000000000 0013140000004d00 1 14 0000004d 0 0 0 0000000000000001 ce5ae5b9 f ce5ae5b9 0 00 ce5ae5b9
0000000000000001 341102000000f000 0 00 00000000 0 0 0 0000000000000002 ce5ae5b9 f ce5ae5b9 1 02 ce5ae5b9
0000000000000002 0013160000000000 1 16 00000000 0 0 0 0000000000000003 ce5ae5b9 f ce5ae5b9 0 00 ce5ae5b9
0000000000000003 342005160000f000 0 00 00000000 0 0 0 0000000000000004 ce5ae5b9 f ce5ae5b9 1 05 ce5ae5b9
0000000000000004 10810305000ff000 0 00 00000000 0 0 0 0000000000000005 ce5ae5b9 f ce5ae5b9 1 03 ce5ae5b9
0000000000000005 104103067ffff000 0 00 00000000 0 0 0 0000000000000006 ce5ae5b9 f ce5ae5b9 1 03 ce5ae5b9
0000000000000006 340005040000f000 0 00 00000000 0 0 0 0000000000000007 ce5ae5b9 f ce5ae5b9 1 05 ce5ae5b9
0000000000000007 105004020200f000 0 00 00000000 0 0 0 0000000000000008 ce5ae5b9 f ce5ae5b9 1 04 ce5ae5b9
0000000000000008 107102040020f000 0 00 00000000 0 0 0 0000000000000009 ce5ae5b9 f ce5ae5b9 1 02 ce5ae5b9
0000000000000009 00131600ffffff00 1 16 ffffffff 0 0 0 000000000000000a ce5ae5b9 f ce5ae5b9 0 00 ce5ae5b9
000000000000000a 342006160000f000 0 00 00000000 0 0 0 000000000000000b ce5ae5b9 f ce5ae5b9 1 06 ce5ae5b9
000000000000000b 108103060000f000 0 00 00000000 0 0 0 000000000000000c ce5ae5b9 f ce5ae5b9 1 03 ce5ae5b9
000000000000000c 34110200fffff000 0 00 00000000 0 0 0 000000000000000d ce5ae5b9 f ce5ae5b9 1 02 ce5ae5b9
000000000000000d 34110400ffffa000 0 00 00000000 0 0 0 000000000000000e ce5ae5b9 a 44426498 1 04 44426498
000000000000000e 0013160000000100 1 16 00000001 0 0 0 000000000000000f ce5ae5b9 f ce5ae5b9 0 00 ce5ae5b9
000000000000000f 342002160000f000 0 00 00000000 0 0 0 0000000000000010 ce5ae5b9 f ce5ae5b9 1 02 ce5ae5b9
0000000000000010 108103020005f000 0 00 00000000 0 0 0 0000000000000011 ce5ae5b9 f ce5ae5b9 1 03 ce5ae5b9
0000000000000011 105104050001f000 0 00 00000000 0 0 0 0000000000000012 ce5ae5b9 f ce5ae5b9 1 04 ce5ae5b9
0000000000000012 341106000001f000 0 00 00000000 0 0 0 0000000000000013 ce5ae5b9 f ce5ae5b9 1 06 ce5ae5b9
0000000000000013 340005030000f000 0 00 00000000 0 0 0 0000000000000014 ce5ae5b9 f ce5ae5b9 1 05 ce5ae5b9
0000000000000014 107103060001f000 0 00 00000000 0 0 0 0000000000000015 ce5ae5b9 f ce5ae5b9 1 03 ce5ae5b9
0000000000000015 1000040202003000 0 00 00000000 0 0 0 0000000000000016 ce5ae5b9 3 8a0aa0a8 1 04 8a0aa0a8
0000000000000016 0013150055555500 1 15 00555555 0 0 0 0000000000000017 ce5ae5b9 f ce5ae5b9 0 00 ce5ae5b9
0000000000000017 3420031500004000 0 00 00000000 0 0 0 0000000000000018 ce5ae5b9 4 8a0aa0a8 1 03 8a0aa0a8
0000000000000018 101004020400f000 0 00 00000000 0 0 0 0000000000000019 ce5ae5b9 f ce5ae5b9 1 04 ce5ae5b9
0000000000000019 101006060200f000 0 00 00000000 0 0 0 000000000000001a ce5ae5b9 f ce5ae5b9 1 06 ce5ae5b9
000000000000001a 100102030000f000 0 00 00000000 0 0 0 000000000000001b ce5ae5b9 f ce5ae5b9 1 02 ce5ae5b9
000000000000001b 00131e0000000100 1 1e 00000001 0 0 0 000000000000001c ce5ae5b9 f ce5ae5b9 0 00 ce5ae5b9
000000000000001c 0023171700000100 1 17 00000001 0 0 0 000000000000001d ce5ae5b9 f ce5ae5b9 0 00 ce5ae5b9
000000000000001d 00731e1e00000100 1 1e 00000000 0 0 0 000000000000001e ce5ae5b9 f ce5ae5b9 0 00 ce5ae5b9
000000000000001e 0013180000000000 1 18 00000000 0 0 0 000000000000001f ce5ae5b9 f ce5ae5b9 0 00 ce5ae5b9
000000000000001f 0102001e18000000 0 00 00000000 5 1 0 0000000000000020 ce5ae5b9 f ce5ae5b9 0 00 ce5ae5b9
0000000000000020 0215fffffb040000 0 00 00000000 5 1 0 0000000000000021 ce5ae5b9 f ce5ae5b9 0 00 ce5ae5b9
0000000000000021 7cf5000000000000 0 00 00000000 5 1 0 0000000000000022 ce5ae5b9 f ce5ae5b9 0 00 ce5ae5b9
DONE retired=34 fault=00 pc=0000000000000021
