0000000000000000 00131d0000000000 1 1d 00000000 0 0 0 0000000000000001
0000000000000001 0072120e09000000 1 12 00000000 0 0 0 0000000000000002
0000000000000002 0072141209000000 1 14 00000000 0 0 0 0000000000000003
0000000000000003 8506000000000000 0 00 00000000 0 0 0 0000000000000004
0000000000000004 0112000106000000 0 00 00000000 5 0 0 0000000000000005
0000000000000005 02150000020c0000 0 00 00000000 5 0 1 0000000000000008
0000000000000008 8506000000000000 0 00 00000000 5 0 0 0000000000000009
0000000000000009 8506000000000000 0 00 00000000 5 0 0 000000000000000a
000000000000000a 012200080b000000 0 00 00000000 5 0 0 000000000000000b
000000000000000b 0215000003010000 0 00 00000000 5 0 0 000000000000000c
000000000000000c 8506000000000000 0 00 00000000 5 0 0 000000000000000d
000000000000000d 8506000000000000 0 00 00000000 5 0 0 000000000000000e
000000000000000e 8506000000000000 0 00 00000000 5 0 0 000000000000000f
000000000000000f 00130f0037de0e00 1 0f 0037de0e 5 0 0 0000000000000010
0000000000000010 00730c01aaaaaa00 1 0c 00555556 5 0 0 0000000000000011
0000000000000011 8506000000000000 0 00 00000000 5 0 0 0000000000000012
0000000000000012 8506000000000000 0 00 00000000 5 0 0 0000000000000013
0000000000000013 004205010f000000 1 05 00000000 5 0 0 0000000000000014
0000000000000014 00130a00ffffff00 1 0a ffffffff 5 0 0 0000000000000015
0000000000000015 0052050409000000 1 05 00000000 5 0 0 0000000000000016
0000000000000016 8506000000000000 0 00 00000000 5 0 0 0000000000000017
0000000000000017 00131e0000000400 1 1e 00000004 5 0 0 0000000000000018
0000000000000018 0023151500000100 1 15 00000001 5 0 0 0000000000000019
0000000000000019 00731e1e00000100 1 1e 00000003 5 0 0 000000000000001a
000000000000001a 0102001e1d000000 0 00 00000000 4 0 0 000000000000001b
000000000000001b 0215fffffc040000 0 00 00000000 4 0 1 0000000000000018
0000000000000018 0023151500000100 1 15 00000002 4 0 0 0000000000000019
0000000000000019 00731e1e00000100 1 1e 00000002 4 0 0 000000000000001a
000000000000001a 0102001e1d000000 0 00 00000000 4 0 0 000000000000001b
000000000000001b 0215fffffc040000 0 00 00000000 4 0 1 0000000000000018
0000000000000018 0023151500000100 1 15 00000003 4 0 0 0000000000000019
0000000000000019 00731e1e00000100 1 1e 00000001 4 0 0 000000000000001a
000000000000001a 0102001e1d000000 0 00 00000000 4 0 0 000000000000001b
000000000000001b 0215fffffc040000 0 00 00000000 4 0 1 0000000000000018
0000000000000018 0023151500000100 1 15 00000004 4 0 0 0000000000000019
0000000000000019 00731e1e00000100 1 1e 00000000 4 0 0 000000000000001a
000000000000001a 0102001e1d000000 0 00 00000000 5 1 0 000000000000001b
000000000000001b 0215fffffc040000 0 00 00000000 5 1 0 000000000000001c
000000000000001c 7cf5000000000000 0 00 00000000 5 1 0 000000000000001d
DONE retired=39 fault=00 pc=000000000000001c
