0000000000000000 00131d0000000000 1 1d 00000000 0 0 0 0000000000000001
0000000000000001 0022070313000000 1 07 00000000 0 0 0 0000000000000002
0000000000000002 0092010500000000 1 01 ffffffff 0 0 0 0000000000000003
0000000000000003 8506000000000000 0 00 00000000 0 0 0 0000000000000004
0000000000000004 8506000000000000 0 00 00000000 0 0 0 0000000000000005
0000000000000005 0052140e10000000 1 14 00000000 0 0 0 0000000000000006
0000000000000006 0122000603000000 0 00 00000000 5 0 0 0000000000000007
0000000000000007 0215000002030000 0 00 00000000 5 0 1 000000000000000a
000000000000000a 00b20f0907000000 1 0f 00000000 5 0 0 000000000000000b
000000000000000b 0306000000000e00 1 0e 00000000 5 0 0 000000000000000c
000000000000000c 0306000000000d00 1 0d 00000000 5 0 0 000000000000000d
000000000000000d 8506000000000000 0 00 00000000 5 0 0 000000000000000e
000000000000000e 0306000000001100 1 11 00000000 5 0 0 000000000000000f
000000000000000f 00920c0400000000 1 0c ffffffff 5 0 0 0000000000000010
0000000000000010 00b3040c00001c00 1 04 ffffffff 5 0 0 0000000000000011
0000000000000011 0092041300000000 1 04 ffffffff 5 0 0 0000000000000012
0000000000000012 8506000000000000 0 00 00000000 5 0 0 0000000000000013
0000000000000013 8506000000000000 0 00 00000000 5 0 0 0000000000000014
0000000000000014 005205110d000000 1 05 00000000 5 0 0 0000000000000015
0000000000000015 00520a0709000000 1 0a 00000000 5 0 0 0000000000000016
0000000000000016 001311003501c200 1 11 003501c2 5 0 0 0000000000000017
0000000000000017 0122000714000000 0 00 00000000 5 0 0 0000000000000018
0000000000000018 02150000020d0000 0 00 00000000 5 0 0 0000000000000019
0000000000000019 8506000000000000 0 00 00000000 5 0 0 000000000000001a
000000000000001a 8506000000000000 0 00 00000000 5 0 0 000000000000001b
000000000000001b 0306000000001100 1 11 00000000 5 0 0 000000000000001c
000000000000001c 8506000000000000 0 00 00000000 5 0 0 000000000000001d
000000000000001d 00131e0000000200 1 1e 00000002 5 0 0 000000000000001e
000000000000001e 0023151500000100 1 15 00000001 5 0 0 000000000000001f
000000000000001f 00731e1e00000100 1 1e 00000001 5 0 0 0000000000000020
0000000000000020 0102001e1d000000 0 00 00000000 4 0 0 0000000000000021
0000000000000021 0215fffffc040000 0 00 00000000 4 0 1 000000000000001e
000000000000001e 0023151500000100 1 15 00000002 4 0 0 000000000000001f
000000000000001f 00731e1e00000100 1 1e 00000000 4 0 0 0000000000000020
0000000000000020 0102001e1d000000 0 00 00000000 5 1 0 0000000000000021
0000000000000021 0215fffffc040000 0 00 00000000 5 1 0 0000000000000022
0000000000000022 7cf5000000000000 0 00 00000000 5 1 0 0000000000000023
DONE retired=37 fault=00 pc=0000000000000022
