0000000000000000 343001000000f000 0 00 00000000 0 0 0 0 0 0 0000000000000001 ffffffff f ffffffff 1 01
0000000000000001 341107000001f000 0 00 00000000 0 0 0 0 0 0 0000000000000002 ffffffff f ffffffff 1 07
0000000000000002 34110c000003f000 0 00 00000000 0 0 0 0 0 0 0000000000000003 ffffffff f ffffffff 1 0c
0000000000000003 34110d000000f000 0 00 00000000 0 0 0 0 0 0 0000000000000004 ffffffff f ffffffff 1 0d
0000000000000004 10300c010d00f000 0 00 00000000 0 0 0 0 0 0 0000000000000005 ffffffff f ffffffff 1 0c
0000000000000005 10000c0c0700f000 0 00 00000000 0 0 0 0 0 0 0000000000000006 ffffffff f ffffffff 1 0c
0000000000000006 34110a000000f000 0 00 00000000 0 0 0 0 0 0 0000000000000007 ffffffff f ffffffff 1 0a
0000000000000007 7c85000005000000 0 00 00000000 0 0 0 0 0 0 0000000000000008 ffffffff f ffffffff 0 00
0000000000000008 3059e0a0c0000000 0 00 00000000 0 0 0 0 0 0 0000000000000009 ffffffff f ffffffff 0 00
0000000000000009 3029d0a0c0000000 0 00 00000000 0 0 0 0 0 0 000000000000000a ffffffff f ffffffff 0 00
000000000000000a 104004010700f000 0 00 00000000 0 0 0 0 0 0 000000000000000b ffffffff f ffffffff 1 04
000000000000000b 7cb5000000e00000 0 00 00000000 0 0 0 0 0 0 000000000000000c ffffffff f ffffffff 0 00
000000000000000c 10000a0a0700f000 0 00 00000000 0 0 0 0 0 0 000000000000000d ffffffff f ffffffff 1 0a
000000000000000d 7c95fffffad00000 0 00 00000000 0 0 0 0 0 0 0000000000000008 ffffffff f ffffffff 0 00
0000000000000008 3059e0a0c0000000 0 00 00000000 0 0 0 0 0 0 0000000000000009 ffffffff f ffffffff 0 00
0000000000000009 3029d0a0c0000000 0 00 00000000 0 0 0 0 0 0 000000000000000a ffffffff f ffffffff 0 00
000000000000000a 104004010700f000 0 00 00000000 0 0 0 0 0 0 000000000000000b ffffffff f ffffffff 1 04
000000000000000d 7cb5000000e00000 0 00 00000000 0 0 0 0 0 0 000000000000000c 00000000 f 00000000 0 00
000000000000000d 7c95fffffad00000 0 00 00000000 0 0 0 0 0 0 000000000000000e ffffffff f ffffffff 0 00
000000000000000e 3019001070000000 0 00 00000000 0 0 0 0 0 0 000000000000000f ffffffff f ffffffff 0 00
000000000000000f 7c15000003000058 0 00 00000000 0 0 0 0 0 0 0000000000000010 fffffffd f fffffffd 0 00
0000000000000010 103003010700f000 0 00 00000000 0 0 0 0 0 0 0000000000000011 fffffffd f fffffffd 1 03
0000000000000011 0023060600000300 1 06 00000003 0 0 0 0 0 0 0000000000000012 fffffffd f fffffffd 0 00
0000000000000012 0205000055000000 0 00 00000000 0 0 0 0 0 1 0000000000000068 fffffffd f fffffffd 0 00
0000000000000068 7c25000000000000 0 00 00000000 0 0 0 0 0 0 0000000000000013 00000002 f 00000002 0 00
0000000000000013 3059403070000000 0 00 00000000 0 0 0 0 0 0 0000000000000014 00000002 f 00000002 0 00
0000000000000014 7c15000030400051 0 00 00000000 0 0 0 0 0 0 0000000000000045 00000002 f 00000002 0 00
0000000000000045 3059b03070000000 0 00 00000000 0 0 0 0 0 0 0000000000000046 00000002 f 00000002 0 00
0000000000000046 7c1500000db0001d 0 00 00000000 0 0 0 0 0 0 0000000000000054 00000002 f 00000002 0 00
0000000000000054 305910a0c0000000 0 00 00000000 0 0 0 0 0 0 0000000000000055 00000002 f 00000002 0 00
0000000000000055 7c15000002100003 0 00 00000000 0 0 0 0 0 0 0000000000000056 00000002 f 00000002 0 00
0000000000000056 10100c0c0300f000 0 00 00000000 0 0 0 0 0 0 0000000000000057 00000002 f 00000002 1 0c
0000000000000057 0205000001000000 0 00 00000000 0 0 0 0 0 1 0000000000000059 00000002 f 00000002 0 00
0000000000000059 7c25000000000000 0 00 00000000 0 0 0 0 0 0 000000000000005a 00000002 f 00000002 0 00
000000000000005a 34110d000003f000 0 00 00000000 0 0 0 0 0 0 000000000000005b 00000002 f 00000002 1 0d
000000000000005b 10300c010d00f000 0 00 00000000 0 0 0 0 0 0 000000000000005c 00000002 f 00000002 1 0c
000000000000005c 10000c0c0700f000 0 00 00000000 0 0 0 0 0 0 000000000000005d 00000002 f 00000002 1 0c
000000000000005d 34110a000000f000 0 00 00000000 0 0 0 0 0 0 000000000000005e 00000002 f 00000002 1 0a
000000000000005e 7c85000004000000 0 00 00000000 0 0 0 0 0 0 000000000000005f 00000002 f 00000002 0 00
000000000000005f 3059e0a0c0000000 0 00 00000000 0 0 0 0 0 0 0000000000000060 00000002 f 00000002 0 00
0000000000000060 3029d0a0c0000000 0 00 00000000 0 0 0 0 0 0 0000000000000061 00000002 f 00000002 0 00
0000000000000061 1010040c0400f000 0 00 00000000 0 0 0 0 0 0 0000000000000062 00000002 f 00000002 1 04
0000000000000062 10000a0a0700f000 0 00 00000000 0 0 0 0 0 0 0000000000000063 00000002 f 00000002 1 0a
0000000000000063 7c95fffffbd00000 0 00 00000000 0 0 0 0 0 0 000000000000005f 00000002 f 00000002 0 00
000000000000005f 3059e0a0c0000000 0 00 00000000 0 0 0 0 0 0 0000000000000060 00000002 f 00000002 0 00
0000000000000060 3029d0a0c0000000 0 00 00000000 0 0 0 0 0 0 0000000000000061 00000002 f 00000002 0 00
0000000000000061 1010040c0400f000 0 00 00000000 0 0 0 0 0 0 0000000000000062 00000002 f 00000002 1 04
0000000000000062 10000a0a0700f000 0 00 00000000 0 0 0 0 0 0 0000000000000063 00000002 f 00000002 1 0a
0000000000000063 7c95fffffbd00000 0 00 00000000 0 0 0 0 0 0 000000000000005f 00000002 f 00000002 0 00
000000000000005f 3059e0a0c0000000 0 00 00000000 0 0 0 0 0 0 0000000000000060 00000002 f 00000002 0 00
0000000000000060 3029d0a0c0000000 0 00 00000000 0 0 0 0 0 0 0000000000000061 00000002 f 00000002 0 00
0000000000000061 1010040c0400f000 0 00 00000000 0 0 0 0 0 0 0000000000000062 00000002 f 00000002 1 04
0000000000000062 10000a0a0700f000 0 00 00000000 0 0 0 0 0 0 0000000000000063 00000002 f 00000002 1 0a
0000000000000063 7c95fffffbd00000 0 00 00000000 0 0 0 0 0 0 0000000000000064 00000002 f 00000002 0 00
0000000000000064 7c25000000000000 0 00 00000000 0 0 0 0 0 0 0000000000000065 00000002 f 00000002 0 00
0000000000000065 34110c000007f000 0 00 00000000 0 0 0 0 0 0 0000000000000066 00000002 f 00000002 1 0c
0000000000000066 7c25000000000000 0 00 00000000 0 0 0 0 0 0 0000000000000067 00000002 f 00000002 0 00
0000000000000067 34110c000002f000 0 00 00000000 0 0 0 0 0 0 0000000000000068 00000002 f 00000002 1 0c
0000000000000068 7c25000000000000 0 00 00000000 0 0 0 0 0 0 0000000000000069 ffffffff f ffffffff 0 00
0000000000000069 11100c030500f000 0 00 00000000 0 0 0 0 0 0 000000000000006a ffffffff f ffffffff 1 0c
000000000000006a 7cf5000000000000 0 00 00000000 0 0 0 0 0 0 000000000000006b ffffffff f ffffffff 0 00
