0000000000000000 00131d0000000000 1 1d 00000000 0 0 0 0000000000000001
0000000000000001 8506000000000000 0 00 00000000 0 0 0 0000000000000002
0000000000000002 8506000000000000 0 00 00000000 0 0 0 0000000000000003
0000000000000003 8506000000000000 0 00 00000000 0 0 0 0000000000000004
0000000000000004 8506000000000000 0 00 00000000 0 0 0 0000000000000005
0000000000000005 00520b0703000000 1 0b 00000000 0 0 0 0000000000000006
0000000000000006 0023130214144900 1 13 00141449 0 0 0 0000000000000007
0000000000000007 00a20b1105000000 1 0b 00000000 0 0 0 0000000000000008
0000000000000008 00a205070a000000 1 05 00000000 0 0 0 0000000000000009
0000000000000009 0306000000000200 1 02 00000000 0 0 0 000000000000000a
000000000000000a 0122000b10000000 0 00 00000000 5 0 0 000000000000000b
000000000000000b 0215000002010000 0 00 00000000 5 0 0 000000000000000c
000000000000000c 8506000000000000 0 00 00000000 5 0 0 000000000000000d
000000000000000d 8506000000000000 0 00 00000000 5 0 0 000000000000000e
000000000000000e 8506000000000000 0 00 00000000 5 0 0 000000000000000f
000000000000000f 00730e02d320b600 1 0e 002cdf4a 5 0 0 0000000000000010
0000000000000010 8506000000000000 0 00 00000000 5 0 0 0000000000000011
0000000000000011 00130500a6dbcf00 1 05 ffa6dbcf 5 0 0 0000000000000012
0000000000000012 8506000000000000 0 00 00000000 5 0 0 0000000000000013
0000000000000013 8506000000000000 0 00 00000000 5 0 0 0000000000000014
0000000000000014 00920c0300000000 1 0c ffffffff 5 0 0 0000000000000015
0000000000000015 0122001004000000 0 00 00000000 5 0 0 0000000000000016
0000000000000016 02150000020c0000 0 00 00000000 5 0 1 0000000000000019
0000000000000019 8506000000000000 0 00 00000000 5 0 0 000000000000001a
000000000000001a 00a2060a01000000 1 06 00000000 5 0 0 000000000000001b
000000000000001b 00230505054c5600 1 05 ffac2825 5 0 0 000000000000001c
000000000000001c 0122000506000000 0 00 00000000 6 0 0 000000000000001d
000000000000001d 02150000010e0000 0 00 00000000 6 0 1 000000000000001f
000000000000001f 00a2040711000000 1 04 00000000 6 0 0 0000000000000020
0000000000000020 8506000000000000 0 00 00000000 6 0 0 0000000000000021
0000000000000021 0306000000001100 1 11 00000000 6 0 0 0000000000000022
0000000000000022 0052050d05000000 1 05 ffac2825 6 0 0 0000000000000023
0000000000000023 0306000000000a00 1 0a 00000000 6 0 0 0000000000000024
0000000000000024 0042070310000000 1 07 00000000 6 0 0 0000000000000025
0000000000000025 8506000000000000 0 00 00000000 6 0 0 0000000000000026
0000000000000026 00130400ffffff00 1 04 ffffffff 6 0 0 0000000000000027
0000000000000027 00131e0000000200 1 1e 00000002 6 0 0 0000000000000028
0000000000000028 0023151500000100 1 15 00000001 6 0 0 0000000000000029
0000000000000029 00731e1e00000100 1 1e 00000001 6 0 0 000000000000002a
000000000000002a 0102001e1d000000 0 00 00000000 4 0 0 000000000000002b
000000000000002b 0215fffffc040000 0 00 00000000 4 0 1 0000000000000028
0000000000000028 0023151500000100 1 15 00000002 4 0 0 0000000000000029
0000000000000029 00731e1e00000100 1 1e 00000000 4 0 0 000000000000002a
000000000000002a 0102001e1d000000 0 00 00000000 5 1 0 000000000000002b
000000000000002b 0215fffffc040000 0 00 00000000 5 1 0 000000000000002c
000000000000002c 7cf5000000000000 0 00 00000000 5 1 0 000000000000002d
DONE retired=46 fault=00 pc=000000000000002c
