0000000000000000 00131d0000000000 1 1d 00000000 0 0 0 0000000000000001
0000000000000001 8506000000000000 0 00 00000000 0 0 0 0000000000000002
0000000000000002 8506000000000000 0 00 00000000 0 0 0 0000000000000003
0000000000000003 00130a002cc3ab00 1 0a 002cc3ab 0 0 0 0000000000000004
0000000000000004 8506000000000000 0 00 00000000 0 0 0 0000000000000005
0000000000000005 8506000000000000 0 00 00000000 0 0 0 0000000000000006
0000000000000006 8506000000000000 0 00 00000000 0 0 0 0000000000000007
0000000000000007 001302009a0f8e00 1 02 ff9a0f8e 0 0 0 0000000000000008
0000000000000008 0306000000001400 1 14 00000000 0 0 0 0000000000000009
0000000000000009 00b2121301000000 1 12 00000000 0 0 0 000000000000000a
000000000000000a 8506000000000000 0 00 00000000 0 0 0 000000000000000b
000000000000000b 00130a004a946a00 1 0a 004a946a 0 0 0 000000000000000c
000000000000000c 0082010902000000 1 01 ff9a0f8e 0 0 0 000000000000000d
000000000000000d 0102000503000000 0 00 00000000 5 1 0 000000000000000e
000000000000000e 02150000030b0000 0 00 00000000 5 1 0 000000000000000f
000000000000000f 8506000000000000 0 00 00000000 5 1 0 0000000000000010
0000000000000010 8506000000000000 0 00 00000000 5 1 0 0000000000000011
0000000000000011 8506000000000000 0 00 00000000 5 1 0 0000000000000012
0000000000000012 0102000f0d000000 0 00 00000000 5 1 0 0000000000000013
0000000000000013 0215000002020000 0 00 00000000 5 1 0 0000000000000014
0000000000000014 8506000000000000 0 00 00000000 5 1 0 0000000000000015
0000000000000015 8506000000000000 0 00 00000000 5 1 0 0000000000000016
0000000000000016 8506000000000000 0 00 00000000 5 1 0 0000000000000017
0000000000000017 0112000406000000 0 00 00000000 5 0 0 0000000000000018
0000000000000018 02150000030b0000 0 00 00000000 5 0 0 0000000000000019
0000000000000019 8506000000000000 0 00 00000000 5 0 0 000000000000001a
000000000000001a 8506000000000000 0 00 00000000 5 0 0 000000000000001b
000000000000001b 8506000000000000 0 00 00000000 5 0 0 000000000000001c
000000000000001c 0122000c05000000 0 00 00000000 5 0 0 000000000000001d
000000000000001d 0215000002040000 0 00 00000000 5 0 0 000000000000001e
000000000000001e 8506000000000000 0 00 00000000 5 0 0 000000000000001f
000000000000001f 8506000000000000 0 00 00000000 5 0 0 0000000000000020
0000000000000020 00130300d0710100 1 03 ffd07101 5 0 0 0000000000000021
0000000000000021 00520d010c000000 1 0d ff9a0f8e 5 0 0 0000000000000022
0000000000000022 0052110313000000 1 11 ffd07101 5 0 0 0000000000000023
0000000000000023 005202080f000000 1 02 00000000 5 0 0 0000000000000024
0000000000000024 00a3140800001a00 1 14 00000000 5 0 0 0000000000000025
0000000000000025 00130c0017622a00 1 0c 0017622a 5 0 0 0000000000000026
0000000000000026 00131300db5db900 1 13 ffdb5db9 5 0 0 0000000000000027
0000000000000027 0013120055555500 1 12 00555555 5 0 0 0000000000000028
0000000000000028 8506000000000000 0 00 00000000 5 0 0 0000000000000029
0000000000000029 00131e0000000200 1 1e 00000002 5 0 0 000000000000002a
000000000000002a 0023151500000100 1 15 00000001 5 0 0 000000000000002b
000000000000002b 00731e1e00000100 1 1e 00000001 5 0 0 000000000000002c
000000000000002c 0102001e1d000000 0 00 00000000 4 0 0 000000000000002d
000000000000002d 0215fffffc040000 0 00 00000000 4 0 1 000000000000002a
000000000000002a 0023151500000100 1 15 00000002 4 0 0 000000000000002b
000000000000002b 00731e1e00000100 1 1e 00000000 4 0 0 000000000000002c
000000000000002c 0102001e1d000000 0 00 00000000 5 1 0 000000000000002d
000000000000002d 0215fffffc040000 0 00 00000000 5 1 0 000000000000002e
000000000000002e 7cf5000000000000 0 00 00000000 5 1 0 000000000000002f
DONE retired=51 fault=00 pc=000000000000002e
