0000000000000000 00131d0000000000 1 1d 00000000 0 0 0 0000000000000001
0000000000000001 0092140900000000 1 14 ffffffff 0 0 0 0000000000000002
0000000000000002 8506000000000000 0 00 00000000 0 0 0 0000000000000003
0000000000000003 00130e00a5490f00 1 0e ffa5490f 0 0 0 0000000000000004
0000000000000004 006211050f000000 1 11 00000000 0 0 0 0000000000000005
0000000000000005 00130c009e7b2c00 1 0c ff9e7b2c 0 0 0 0000000000000006
0000000000000006 8506000000000000 0 00 00000000 0 0 0 0000000000000007
0000000000000007 00620f1401000000 1 0f ffffffff 0 0 0 0000000000000008
0000000000000008 00131000be7f3f00 1 10 ffbe7f3f 0 0 0 0000000000000009
0000000000000009 007214020e000000 1 14 005ab6f1 0 0 0 000000000000000a
000000000000000a 0092121100000000 1 12 ffffffff 0 0 0 000000000000000b
000000000000000b 00420a0a07000000 1 0a 00000000 0 0 0 000000000000000c
000000000000000c 0063071200001700 1 07 ff800000 0 0 0 000000000000000d
000000000000000d 00130700c1265300 1 07 ffc12653 0 0 0 000000000000000e
000000000000000e 0092111000000000 1 11 004180c0 0 0 0 000000000000000f
000000000000000f 00131000aaaaaa00 1 10 ffaaaaaa 0 0 0 0000000000000010
0000000000000010 0022131108000000 1 13 004180c0 0 0 0 0000000000000011
0000000000000011 0306000000000b00 1 0b 00000000 0 0 0 0000000000000012
0000000000000012 00130f00aaaaaa00 1 0f ffaaaaaa 0 0 0 0000000000000013
0000000000000013 00130600829eb700 1 06 ff829eb7 0 0 0 0000000000000014
0000000000000014 0112001207000000 0 00 00000000 4 0 0 0000000000000015
0000000000000015 0215000002020000 0 00 00000000 4 0 1 0000000000000018
0000000000000018 0112000a0a000000 0 00 00000000 5 0 0 0000000000000019
0000000000000019 02150000030b0000 0 00 00000000 5 0 0 000000000000001a
000000000000001a 8506000000000000 0 00 00000000 5 0 0 000000000000001b
000000000000001b 8506000000000000 0 00 00000000 5 0 0 000000000000001c
000000000000001c 8506000000000000 0 00 00000000 5 0 0 000000000000001d
000000000000001d 00a2040c11000000 1 04 ff9e7b2c 5 0 0 000000000000001e
000000000000001e 00a20c0605000000 1 0c ff829eb7 5 0 0 000000000000001f
000000000000001f 00131e0000000100 1 1e 00000001 5 0 0 0000000000000020
0000000000000020 0023151500000100 1 15 00000001 5 0 0 0000000000000021
0000000000000021 00731e1e00000100 1 1e 00000000 5 0 0 0000000000000022
0000000000000022 0102001e1d000000 0 00 00000000 5 1 0 0000000000000023
0000000000000023 0215fffffc040000 0 00 00000000 5 1 0 0000000000000024
0000000000000024 7cf5000000000000 0 00 00000000 5 1 0 0000000000000025
DONE retired=35 fault=00 pc=0000000000000024
