0000000000000000 00131d0000000000 1 1d 00000000 0 0 0 0000000000000001
0000000000000001 004201010c000000 1 01 00000000 0 0 0 0000000000000002
0000000000000002 0072050306000000 1 05 00000000 0 0 0 0000000000000003
0000000000000003 011200040d000000 0 00 00000000 5 0 0 0000000000000004
0000000000000004 02150000020d0000 0 00 00000000 5 0 0 0000000000000005
0000000000000005 8506000000000000 0 00 00000000 5 0 0 0000000000000006
0000000000000006 8506000000000000 0 00 00000000 5 0 0 0000000000000007
0000000000000007 011200040e000000 0 00 00000000 5 0 0 0000000000000008
0000000000000008 0215000001030000 0 00 00000000 5 0 1 000000000000000a
000000000000000a 0112000b0b000000 0 00 00000000 5 0 0 000000000000000b
000000000000000b 02150000030c0000 0 00 00000000 5 0 1 000000000000000f
000000000000000f 8506000000000000 0 00 00000000 5 0 0 0000000000000010
0000000000000010 8506000000000000 0 00 00000000 5 0 0 0000000000000011
0000000000000011 00b2110105000000 1 11 00000000 5 0 0 0000000000000012
0000000000000012 012200050c000000 0 00 00000000 5 0 0 0000000000000013
0000000000000013 0215000003030000 0 00 00000000 5 0 1 0000000000000017
0000000000000017 0306000000001200 1 12 00000000 5 0 0 0000000000000018
0000000000000018 0022140a0e000000 1 14 00000000 5 0 0 0000000000000019
0000000000000019 001310006a77ad00 1 10 006a77ad 5 0 0 000000000000001a
000000000000001a 00520c110d000000 1 0c 00000000 5 0 0 000000000000001b
000000000000001b 0306000000000500 1 05 00000000 5 0 0 000000000000001c
000000000000001c 00a30a0800001900 1 0a 00000000 5 0 0 000000000000001d
000000000000001d 0306000000000d00 1 0d 00000000 5 0 0 000000000000001e
000000000000001e 00920a0700000000 1 0a ffffffff 5 0 0 000000000000001f
000000000000001f 00b2140109000000 1 14 00000000 5 0 0 0000000000000020
0000000000000020 00a30e0300001500 1 0e 00000000 5 0 0 0000000000000021
0000000000000021 0102000e10000000 0 00 00000000 2 0 0 0000000000000022
0000000000000022 0215000003040000 0 00 00000000 2 0 1 0000000000000026
0000000000000026 0032020a02000000 1 02 00000000 2 0 0 0000000000000027
0000000000000027 00420e0508000000 1 0e 00000000 2 0 0 0000000000000028
0000000000000028 0306000000001000 1 10 00000000 2 0 0 0000000000000029
0000000000000029 8506000000000000 0 00 00000000 2 0 0 000000000000002a
000000000000002a 001307005a1c3200 1 07 005a1c32 2 0 0 000000000000002b
000000000000002b 010200140c000000 0 00 00000000 5 1 0 000000000000002c
000000000000002c 0215000003040000 0 00 00000000 5 1 0 000000000000002d
000000000000002d 8506000000000000 0 00 00000000 5 1 0 000000000000002e
000000000000002e 8506000000000000 0 00 00000000 5 1 0 000000000000002f
000000000000002f 8506000000000000 0 00 00000000 5 1 0 0000000000000030
0000000000000030 8506000000000000 0 00 00000000 5 1 0 0000000000000031
0000000000000031 005214140a000000 1 14 ffffffff 5 1 0 0000000000000032
0000000000000032 8506000000000000 0 00 00000000 5 1 0 0000000000000033
0000000000000033 0112000f0b000000 0 00 00000000 5 0 0 0000000000000034
0000000000000034 0215000002010000 0 00 00000000 5 0 0 0000000000000035
0000000000000035 8506000000000000 0 00 00000000 5 0 0 0000000000000036
0000000000000036 8506000000000000 0 00 00000000 5 0 0 0000000000000037
0000000000000037 002211080d000000 1 11 00000000 5 0 0 0000000000000038
0000000000000038 0082130c02000000 1 13 00000000 5 0 0 0000000000000039
0000000000000039 0022010e10000000 1 01 00000000 5 0 0 000000000000003a
000000000000003a 00a3010a00000600 1 01 03ffffff 5 0 0 000000000000003b
000000000000003b 0306000000000a00 1 0a 00000000 5 0 0 000000000000003c
000000000000003c 0306000000001300 1 13 00000000 5 0 0 000000000000003d
000000000000003d 00131100e53f5a00 1 11 ffe53f5a 5 0 0 000000000000003e
000000000000003e 00131e0000000100 1 1e 00000001 5 0 0 000000000000003f
000000000000003f 0023151500000100 1 15 00000001 5 0 0 0000000000000040
0000000000000040 00731e1e00000100 1 1e 00000000 5 0 0 0000000000000041
0000000000000041 0102001e1d000000 0 00 00000000 5 1 0 0000000000000042
0000000000000042 0215fffffc040000 0 00 00000000 5 1 0 0000000000000043
0000000000000043 7cf5000000000000 0 00 00000000 5 1 0 0000000000000044
DONE retired=58 fault=00 pc=0000000000000043
