0000000000000000 0013140000004d00 1 14 0000004d 0 0 0 0000000000000001 01010101 f 01010101 0 00 01010101
0000000000000001 106104060021f000 0 00 00000000 0 0 0 0000000000000002 01010101 f 01010101 1 04 01010101
0000000000000002 00131500aaaaaa00 1 15 ffaaaaaa 0 0 0 0000000000000003 01010101 f 01010101 0 00 01010101
0000000000000003 342002150000f000 0 00 00000000 0 0 0 0000000000000004 01010101 f 01010101 1 02 01010101
0000000000000004 101104020000f000 0 00 00000000 0 0 0 0000000000000005 01010101 f 01010101 1 04 01010101
0000000000000005 00131500aaaaaa00 1 15 ffaaaaaa 0 0 0 0000000000000006 01010101 f 01010101 0 00 01010101
0000000000000006 342005150000f000 0 00 00000000 0 0 0 0000000000000007 01010101 f 01010101 1 05 01010101
0000000000000007 343005000000f000 0 00 00000000 0 0 0 0000000000000008 01010101 f 01010101 1 05 01010101
0000000000000008 107104050010f000 0 00 00000000 0 0 0 0000000000000009 01010101 f 01010101 1 04 01010101
0000000000000009 1050060502005000 0 00 00000000 0 0 0 000000000000000a 01010101 5 00000001 1 06 00000001
000000000000000a 341103002cc7f000 0 00 00000000 0 0 0 000000000000000b 01010101 f 01010101 1 03 01010101
000000000000000b 340004060000f000 0 00 00000000 0 0 0 000000000000000c 01010101 f 01010101 1 04 01010101
000000000000000c 101005040600f000 0 00 00000000 0 0 0 000000000000000d 01010101 f 01010101 1 05 01010101
000000000000000d 10710202001bf000 0 00 00000000 0 0 0 000000000000000e 01010101 f 01010101 1 02 01010101
000000000000000e 1020050504007000 0 00 00000000 0 0 0 000000000000000f 01010101 7 01010101 1 05 01010101
000000000000000f 103004030300f000 0 00 00000000 0 0 0 0000000000000010 01010101 f 01010101 1 04 01010101
0000000000000010 340006040000f000 0 00 00000000 0 0 0 0000000000000011 01010101 f 01010101 1 06 01010101
0000000000000011 00131500ffffff00 1 15 ffffffff 0 0 0 0000000000000012 01010101 f 01010101 0 00 01010101
0000000000000012 342003150000f000 0 00 00000000 0 0 0 0000000000000013 01010101 f 01010101 1 03 01010101
0000000000000013 104005060500f000 0 00 00000000 0 0 0 0000000000000014 01010101 f 01010101 1 05 01010101
0000000000000014 00131500aaaaaa00 1 15 ffaaaaaa 0 0 0 0000000000000015 01010101 f 01010101 0 00 01010101
0000000000000015 342003150000c000 0 00 00000000 0 0 0 0000000000000016 01010101 c 01010101 1 03 01010101
0000000000000016 343006000000f000 0 00 00000000 0 0 0 0000000000000017 01010101 f 01010101 1 06 01010101
0000000000000017 100003020200f000 0 00 00000000 0 0 0 0000000000000018 01010101 f 01010101 1 03 01010101
0000000000000018 00131500ffffff00 1 15 ffffffff 0 0 0 0000000000000019 01010101 f 01010101 0 00 01010101
0000000000000019 342005150000b000 0 00 00000000 0 0 0 000000000000001a 01010101 b 00000000 1 05 00000000
000000000000001a 1040050602002000 0 00 00000000 0 0 0 000000000000001b 01010101 2 01010100 1 05 01010100
000000000000001b 340006040000f000 0 00 00000000 0 0 0 000000000000001c 01010101 f 01010101 1 06 01010101
000000000000001c 106106020020f000 0 00 00000000 0 0 0 000000000000001d 01010101 f 01010101 1 06 01010101
000000000000001d 343004000000f000 0 00 00000000 0 0 0 000000000000001e 01010101 f 01010101 1 04 01010101
000000000000001e 0013150000000000 1 15 00000000 0 0 0 000000000000001f 01010101 f 01010101 0 00 01010101
000000000000001f 342006150000f000 0 00 00000000 0 0 0 0000000000000020 01010101 f 01010101 1 06 01010101
0000000000000020 10610304000ff000 0 00 00000000 0 0 0 0000000000000021 01010101 f 01010101 1 03 01010101
0000000000000021 00131e0000000100 1 1e 00000001 0 0 0 0000000000000022 01010101 f 01010101 0 00 01010101
0000000000000022 0023171700000100 1 17 00000001 0 0 0 0000000000000023 01010101 f 01010101 0 00 01010101
0000000000000023 00731e1e00000100 1 1e 00000000 0 0 0 0000000000000024 01010101 f 01010101 0 00 01010101
0000000000000024 0013180000000000 1 18 00000000 0 0 0 0000000000000025 01010101 f 01010101 0 00 01010101
0000000000000025 0102001e18000000 0 00 00000000 5 1 0 0000000000000026 01010101 f 01010101 0 00 01010101
0000000000000026 0215fffffb040000 0 00 00000000 5 1 0 0000000000000027 01010101 f 01010101 0 00 01010101
0000000000000027 7cf5000000000000 0 00 00000000 5 1 0 0000000000000028 01010101 f 01010101 0 00 01010101
DONE retired=40 fault=00 pc=0000000000000027
