0000000000000000 0013140000004d00 1 14 0000004d 0 0 0 0000000000000001 7a62704d f 7a62704d 0 00 7a62704d
0000000000000001 340005040000f000 0 00 00000000 0 0 0 0000000000000002 7a62704d f 7a62704d 1 05 7a62704d
0000000000000002 341105008000f000 0 00 00000000 0 0 0 0000000000000003 7a62704d f 7a62704d 1 05 7a62704d
0000000000000003 0013160055555500 1 16 00555555 0 0 0 0000000000000004 7a62704d f 7a62704d 0 00 7a62704d
0000000000000004 342004160000f000 0 00 00000000 0 0 0 0000000000000005 7a62704d f 7a62704d 1 04 7a62704d
0000000000000005 10810604000df000 0 00 00000000 0 0 0 0000000000000006 7a62704d f 7a62704d 1 06 7a62704d
0000000000000006 343005000000f000 0 00 00000000 0 0 0 0000000000000007 7a62704d f 7a62704d 1 05 7a62704d
0000000000000007 106106050021f000 0 00 00000000 0 0 0 0000000000000008 7a62704d f 7a62704d 1 06 7a62704d
0000000000000008 106102050010f000 0 00 00000000 0 0 0 0000000000000009 7a62704d f 7a62704d 1 02 7a62704d
0000000000000009 343004000000f000 0 00 00000000 0 0 0 000000000000000a 7a62704d f 7a62704d 1 04 7a62704d
000000000000000a 343003000000f000 0 00 00000000 0 0 0 000000000000000b 7a62704d f 7a62704d 1 03 7a62704d
000000000000000b 343006000000f000 0 00 00000000 0 0 0 000000000000000c 7a62704d f 7a62704d 1 06 7a62704d
000000000000000c 10710606000ff000 0 00 00000000 0 0 0 000000000000000d 7a62704d f 7a62704d 1 06 7a62704d
000000000000000d 0013150000000100 1 15 00000001 0 0 0 000000000000000e 7a62704d f 7a62704d 0 00 7a62704d
000000000000000e 342002150000f000 0 00 00000000 0 0 0 000000000000000f 7a62704d f 7a62704d 1 02 7a62704d
000000000000000f 0013160000000000 1 16 00000000 0 0 0 0000000000000010 7a62704d f 7a62704d 0 00 7a62704d
0000000000000010 342004160000f000 0 00 00000000 0 0 0 0000000000000011 7a62704d f 7a62704d 1 04 7a62704d
0000000000000011 108103040001f000 0 00 00000000 0 0 0 0000000000000012 7a62704d f 7a62704d 1 03 7a62704d
0000000000000012 105104030000f000 0 00 00000000 0 0 0 0000000000000013 7a62704d f 7a62704d 1 04 7a62704d
0000000000000013 100004020200f000 0 00 00000000 0 0 0 0000000000000014 7a62704d f 7a62704d 1 04 7a62704d
0000000000000014 0013160055555500 1 16 00555555 0 0 0 0000000000000015 7a62704d f 7a62704d 0 00 7a62704d
0000000000000015 342005160000f000 0 00 00000000 0 0 0 0000000000000016 7a62704d f 7a62704d 1 05 7a62704d
0000000000000016 108103050010f000 0 00 00000000 0 0 0 0000000000000017 7a62704d f 7a62704d 1 03 7a62704d
0000000000000017 102005020500f000 0 00 00000000 0 0 0 0000000000000018 7a62704d f 7a62704d 1 05 7a62704d
0000000000000018 0013160000000100 1 16 00000001 0 0 0 0000000000000019 7a62704d f 7a62704d 0 00 7a62704d
0000000000000019 342005160000f000 0 00 00000000 0 0 0 000000000000001a 7a62704d f 7a62704d 1 05 7a62704d
000000000000001a 10810605001ff000 0 00 00000000 0 0 0 000000000000001b 7a62704d f 7a62704d 1 06 7a62704d
000000000000001b 0013160000000000 1 16 00000000 0 0 0 000000000000001c 7a62704d f 7a62704d 0 00 7a62704d
000000000000001c 342005160000f000 0 00 00000000 0 0 0 000000000000001d 7a62704d f 7a62704d 1 05 7a62704d
000000000000001d 108104050010f000 0 00 00000000 0 0 0 000000000000001e 7a62704d f 7a62704d 1 04 7a62704d
000000000000001e 343003000000f000 0 00 00000000 0 0 0 000000000000001f 7a62704d f 7a62704d 1 03 7a62704d
000000000000001f 102006030300f000 0 00 00000000 0 0 0 0000000000000020 7a62704d f 7a62704d 1 06 7a62704d
0000000000000020 34110200801d0000 0 00 00000000 0 0 0 0000000000000021 7a62704d 0 00000000 1 02 00000000
0000000000000021 106106060010f000 0 00 00000000 0 0 0 0000000000000022 7a62704d f 7a62704d 1 06 7a62704d
0000000000000022 103006020300f000 0 00 00000000 0 0 0 0000000000000023 7a62704d f 7a62704d 1 06 7a62704d
0000000000000023 0013160000000000 1 16 00000000 0 0 0 0000000000000024 7a62704d f 7a62704d 0 00 7a62704d
0000000000000024 342003160000f000 0 00 00000000 0 0 0 0000000000000025 7a62704d f 7a62704d 1 03 7a62704d
0000000000000025 10810603001ff000 0 00 00000000 0 0 0 0000000000000026 7a62704d f 7a62704d 1 06 7a62704d
0000000000000026 34110400f05ef000 0 00 00000000 0 0 0 0000000000000027 7a62704d f 7a62704d 1 04 7a62704d
0000000000000027 340006060000f000 0 00 00000000 0 0 0 0000000000000028 7a62704d f 7a62704d 1 06 7a62704d
0000000000000028 0013150055555500 1 15 00555555 0 0 0 0000000000000029 7a62704d f 7a62704d 0 00 7a62704d
0000000000000029 342004150000f000 0 00 00000000 0 0 0 000000000000002a 7a62704d f 7a62704d 1 04 7a62704d
000000000000002a 3411020025baf000 0 00 00000000 0 0 0 000000000000002b 7a62704d f 7a62704d 1 02 7a62704d
000000000000002b 00131e0000000100 1 1e 00000001 0 0 0 000000000000002c 7a62704d f 7a62704d 0 00 7a62704d
000000000000002c 0023171700000100 1 17 00000001 0 0 0 000000000000002d 7a62704d f 7a62704d 0 00 7a62704d
000000000000002d 00731e1e00000100 1 1e 00000000 0 0 0 000000000000002e 7a62704d f 7a62704d 0 00 7a62704d
000000000000002e 0013180000000000 1 18 00000000 0 0 0 000000000000002f 7a62704d f 7a62704d 0 00 7a62704d
000000000000002f 0102001e18000000 0 00 00000000 5 1 0 0000000000000030 7a62704d f 7a62704d 0 00 7a62704d
0000000000000030 0215fffffb040000 0 00 00000000 5 1 0 0000000000000031 7a62704d f 7a62704d 0 00 7a62704d
0000000000000031 7cf5000000000000 0 00 00000000 5 1 0 0000000000000032 7a62704d f 7a62704d 0 00 7a62704d
DONE retired=50 fault=00 pc=0000000000000031
