0000000000000000 00131d0000000000 1 1d 00000000 0 0 0 0000000000000001
0000000000000001 00920c1200000000 1 0c ffffffff 0 0 0 0000000000000002
0000000000000002 00420b0514000000 1 0b 00000000 0 0 0 0000000000000003
0000000000000003 00730f13395b1900 1 0f ffc6a4e7 0 0 0 0000000000000004
0000000000000004 0306000000000700 1 07 00000000 0 0 0 0000000000000005
0000000000000005 00130c00aaaaaa00 1 0c ffaaaaaa 0 0 0 0000000000000006
0000000000000006 8506000000000000 0 00 00000000 0 0 0 0000000000000007
0000000000000007 8506000000000000 0 00 00000000 0 0 0 0000000000000008
0000000000000008 8506000000000000 0 00 00000000 0 0 0 0000000000000009
0000000000000009 00a30e1100000700 1 0e 00000000 0 0 0 000000000000000a
000000000000000a 00130b0000000000 1 0b 00000000 0 0 0 000000000000000b
000000000000000b 0022010409000000 1 01 00000000 0 0 0 000000000000000c
000000000000000c 0306000000000e00 1 0e 00000000 0 0 0 000000000000000d
000000000000000d 0122000801000000 0 00 00000000 5 0 0 000000000000000e
000000000000000e 02150000010d0000 0 00 00000000 5 0 0 000000000000000f
000000000000000f 8506000000000000 0 00 00000000 5 0 0 0000000000000010
0000000000000010 00131e0000000400 1 1e 00000004 5 0 0 0000000000000011
0000000000000011 0023151500000100 1 15 00000001 5 0 0 0000000000000012
0000000000000012 00731e1e00000100 1 1e 00000003 5 0 0 0000000000000013
0000000000000013 0102001e1d000000 0 00 00000000 4 0 0 0000000000000014
0000000000000014 0215fffffc040000 0 00 00000000 4 0 1 0000000000000011
0000000000000011 0023151500000100 1 15 00000002 4 0 0 0000000000000012
0000000000000012 00731e1e00000100 1 1e 00000002 4 0 0 0000000000000013
0000000000000013 0102001e1d000000 0 00 00000000 4 0 0 0000000000000014
0000000000000014 0215fffffc040000 0 00 00000000 4 0 1 0000000000000011
0000000000000011 0023151500000100 1 15 00000003 4 0 0 0000000000000012
0000000000000012 00731e1e00000100 1 1e 00000001 4 0 0 0000000000000013
0000000000000013 0102001e1d000000 0 00 00000000 4 0 0 0000000000000014
0000000000000014 0215fffffc040000 0 00 00000000 4 0 1 0000000000000011
0000000000000011 0023151500000100 1 15 00000004 4 0 0 0000000000000012
0000000000000012 00731e1e00000100 1 1e 00000000 4 0 0 0000000000000013
0000000000000013 0102001e1d000000 0 00 00000000 5 1 0 0000000000000014
0000000000000014 0215fffffc040000 0 00 00000000 5 1 0 0000000000000015
0000000000000015 7cf5000000000000 0 00 00000000 5 1 0 0000000000000016
DONE retired=34 fault=00 pc=0000000000000015
