0000000000000000 00131d0000000000 1 1d 00000000 0 0 0 0000000000000001
0000000000000001 0042090804000000 1 09 00000000 0 0 0 0000000000000002
0000000000000002 00130b00058e9700 1 0b 00058e97 0 0 0 0000000000000003
0000000000000003 006203030a000000 1 03 00000000 0 0 0 0000000000000004
0000000000000004 00130c0000000000 1 0c 00000000 0 0 0 0000000000000005
0000000000000005 8506000000000000 0 00 00000000 0 0 0 0000000000000006
0000000000000006 8506000000000000 0 00 00000000 0 0 0 0000000000000007
0000000000000007 00220a0d13000000 1 0a 00000000 0 0 0 0000000000000008
0000000000000008 011200010b000000 0 00 00000000 2 1 0 0000000000000009
0000000000000009 0215000003030000 0 00 00000000 2 1 0 000000000000000a
000000000000000a 8506000000000000 0 00 00000000 2 1 0 000000000000000b
000000000000000b 8506000000000000 0 00 00000000 2 1 0 000000000000000c
000000000000000c 8506000000000000 0 00 00000000 2 1 0 000000000000000d
000000000000000d 00130b001c0a1100 1 0b 001c0a11 2 1 0 000000000000000e
000000000000000e 0023140a6e642100 1 14 006e6421 2 1 0 000000000000000f
000000000000000f 0306000000000a00 1 0a 00000000 2 1 0 0000000000000010
0000000000000010 011200090d000000 0 00 00000000 5 0 0 0000000000000011
0000000000000011 02150000030e0000 0 00 00000000 5 0 1 0000000000000015
0000000000000015 8506000000000000 0 00 00000000 5 0 0 0000000000000016
0000000000000016 0102000507000000 0 00 00000000 5 1 0 0000000000000017
0000000000000017 02150000030c0000 0 00 00000000 5 1 1 000000000000001b
000000000000001b 00130200bc221600 1 02 ffbc2216 5 1 0 000000000000001c
000000000000001c 00b3081400000a00 1 08 00001b99 5 1 0 000000000000001d
000000000000001d 8506000000000000 0 00 00000000 5 1 0 000000000000001e
000000000000001e 00a30c1300001a00 1 0c 00000000 5 1 0 000000000000001f
000000000000001f 00b30e0d00001700 1 0e 00000000 5 1 0 0000000000000020
0000000000000020 0092010900000000 1 01 ffffffff 5 1 0 0000000000000021
0000000000000021 00b20f0d08000000 1 0f 00000000 5 1 0 0000000000000022
0000000000000022 8506000000000000 0 00 00000000 5 1 0 0000000000000023
0000000000000023 004214080c000000 1 14 00000000 5 1 0 0000000000000024
0000000000000024 00b204090a000000 1 04 00000000 5 1 0 0000000000000025
0000000000000025 00131e0000000300 1 1e 00000003 5 1 0 0000000000000026
0000000000000026 0023151500000100 1 15 00000001 5 1 0 0000000000000027
0000000000000027 00731e1e00000100 1 1e 00000002 5 1 0 0000000000000028
0000000000000028 0102001e1d000000 0 00 00000000 4 0 0 0000000000000029
0000000000000029 0215fffffc040000 0 00 00000000 4 0 1 0000000000000026
0000000000000026 0023151500000100 1 15 00000002 4 0 0 0000000000000027
0000000000000027 00731e1e00000100 1 1e 00000001 4 0 0 0000000000000028
0000000000000028 0102001e1d000000 0 00 00000000 4 0 0 0000000000000029
0000000000000029 0215fffffc040000 0 00 00000000 4 0 1 0000000000000026
0000000000000026 0023151500000100 1 15 00000003 4 0 0 0000000000000027
0000000000000027 00731e1e00000100 1 1e 00000000 4 0 0 0000000000000028
0000000000000028 0102001e1d000000 0 00 00000000 5 1 0 0000000000000029
0000000000000029 0215fffffc040000 0 00 00000000 5 1 0 000000000000002a
000000000000002a 7cf5000000000000 0 00 00000000 5 1 0 000000000000002b
DONE retired=45 fault=00 pc=000000000000002a
