0000000000000000 343001000000f000 0 00 00000000 0 0 0 0 0 0 0000000000000001 ffffffff f ffffffff 1 01
0000000000000001 341107000001f000 0 00 00000000 0 0 0 0 0 0 0000000000000002 ffffffff f ffffffff 1 07
0000000000000002 34110c000003f000 0 00 00000000 0 0 0 0 0 0 0000000000000003 ffffffff f ffffffff 1 0c
0000000000000003 3019b0a070000000 0 00 00000000 0 0 0 0 0 0 0000000000000004 ffffffff f ffffffff 0 00
0000000000000004 7c150000b7b000cd 0 00 00000000 0 0 0 0 0 0 0000000000000005 ffffffff f ffffffff 0 00
0000000000000005 301940a070000000 0 00 00000000 0 0 0 0 0 0 0000000000000006 ffffffff f ffffffff 0 00
0000000000000006 7c150000444000b3 0 00 00000000 0 0 0 0 0 0 0000000000000007 ffffffff f ffffffff 0 00
0000000000000007 3039a030c0000000 0 00 00000000 0 0 0 0 0 0 0000000000000008 ffffffff f ffffffff 0 00
0000000000000008 7c1500003ea00040 0 00 00000000 0 0 0 0 0 0 0000000000000009 ffffffff f ffffffff 0 00
0000000000000009 3029a0b070000000 0 00 00000000 0 0 0 0 0 0 000000000000000a ffffffff f ffffffff 0 00
000000000000000a 7c15000038a00039 0 00 00000000 0 0 0 0 0 0 000000000000000b ffffffff f ffffffff 0 00
000000000000000b 34110d000000f000 0 00 00000000 0 0 0 0 0 0 000000000000000c ffffffff f ffffffff 1 0d
000000000000000c 10300c010d00f000 0 00 00000000 0 0 0 0 0 0 000000000000000d ffffffff f ffffffff 1 0c
000000000000000d 10000c0c0700f000 0 00 00000000 0 0 0 0 0 0 000000000000000e ffffffff f ffffffff 1 0c
000000000000000e 34110a000000f000 0 00 00000000 0 0 0 0 0 0 000000000000000f ffffffff f ffffffff 1 0a
000000000000000f 7c85000004000000 0 00 00000000 0 0 0 0 0 0 0000000000000010 ffffffff f ffffffff 0 00
0000000000000010 3059e0a0c0000000 0 00 00000000 0 0 0 0 0 0 0000000000000011 ffffffff f ffffffff 0 00
0000000000000011 3029d0a0c0000000 0 00 00000000 0 0 0 0 0 0 0000000000000012 ffffffff f ffffffff 0 00
0000000000000012 0023060600000200 1 06 00000002 0 0 0 0 0 0 0000000000000013 ffffffff f ffffffff 0 00
0000000000000013 10000a0a0700f000 0 00 00000000 0 0 0 0 0 0 0000000000000014 ffffffff f ffffffff 1 0a
0000000000000014 7c95fffffbd00000 0 00 00000000 0 0 0 0 0 0 0000000000000010 ffffffff f ffffffff 0 00
0000000000000010 3059e0a0c0000000 0 00 00000000 0 0 0 0 0 0 0000000000000011 ffffffff f ffffffff 0 00
0000000000000011 3029d0a0c0000000 0 00 00000000 0 0 0 0 0 0 0000000000000012 ffffffff f ffffffff 0 00
0000000000000012 0023060600000200 1 06 00000004 0 0 0 0 0 0 0000000000000013 ffffffff f ffffffff 0 00
0000000000000013 10000a0a0700f000 0 00 00000000 0 0 0 0 0 0 0000000000000014 ffffffff f ffffffff 1 0a
0000000000000014 7c95fffffbd00000 0 00 00000000 0 0 0 0 0 0 0000000000000015 ffffffff f ffffffff 0 00
0000000000000015 3009701070000000 0 00 00000000 0 0 0 0 0 0 0000000000000016 ffffffff f ffffffff 0 00
0000000000000016 7c1500002970002a 0 00 00000000 0 0 0 0 0 0 0000000000000017 00000002 f 00000002 0 00
0000000000000017 3019c0b0c0000000 0 00 00000000 0 0 0 0 0 0 0000000000000018 00000002 f 00000002 0 00
0000000000000018 7c15000002c00025 0 00 00000000 0 0 0 0 0 0 0000000000000019 00000002 f 00000002 0 00
0000000000000019 103003010500f000 0 00 00000000 0 0 0 0 0 0 000000000000001a 00000002 f 00000002 1 03
000000000000001a 0205000023000000 0 00 00000000 0 0 0 0 0 1 000000000000003e 00000002 f 00000002 0 00
000000000000003e 7c25000000000000 0 00 00000000 0 0 0 0 0 0 000000000000003f 00000002 f 00000002 0 00
000000000000003f 0205000001000000 0 00 00000000 0 0 0 0 0 1 0000000000000041 00000002 f 00000002 0 00
0000000000000041 7c25000000000000 0 00 00000000 0 0 0 0 0 0 0000000000000040 fffffffd f fffffffd 0 00
0000000000000040 101003070300f000 0 00 00000000 0 0 0 0 0 0 0000000000000041 fffffffd f fffffffd 1 03
0000000000000041 7c25000000000000 0 00 00000000 0 0 0 0 0 0 0000000000000042 ffffffff f ffffffff 0 00
0000000000000042 0205000001000000 0 00 00000000 0 0 0 0 0 1 0000000000000044 ffffffff f ffffffff 0 00
0000000000000044 7c25000000000000 0 00 00000000 0 0 0 0 0 0 0000000000000045 ffffffff f ffffffff 0 00
0000000000000045 110004030700f000 0 00 00000000 0 0 0 0 0 0 0000000000000046 ffffffff f ffffffff 1 04
0000000000000046 0205000002000000 0 00 00000000 0 0 0 0 0 1 0000000000000049 ffffffff f ffffffff 0 00
0000000000000049 7c25000000000000 0 00 00000000 0 0 0 0 0 0 000000000000004a ffffffff f ffffffff 0 00
000000000000004a 020500006f000000 0 00 00000000 0 0 0 0 0 1 00000000000000ba ffffffff f ffffffff 0 00
00000000000000ba 7c25000000000000 0 00 00000000 0 0 0 0 0 0 00000000000000bb ffffffff f ffffffff 0 00
00000000000000bb 0205000016000000 0 00 00000000 0 0 0 0 0 1 00000000000000d2 ffffffff f ffffffff 0 00
00000000000000d2 7c25000000000000 0 00 00000000 0 0 0 0 0 0 00000000000000d3 ffffffff f ffffffff 0 00
00000000000000d3 7cf5000000000000 0 00 00000000 0 0 0 0 0 0 00000000000000d4 ffffffff f ffffffff 0 00
