0000000000000000 00131d0000000000 1 1d 00000000 0 0 0 0000000000000001
0000000000000001 00220b1114000000 1 0b 00000000 0 0 0 0000000000000002
0000000000000002 011200020f000000 0 00 00000000 5 0 0 0000000000000003
0000000000000003 0215000001030000 0 00 00000000 5 0 1 0000000000000005
0000000000000005 00b3111400000f00 1 11 00000000 5 0 0 0000000000000006
0000000000000006 8506000000000000 0 00 00000000 5 0 0 0000000000000007
0000000000000007 00230901af9ace00 1 09 ffaf9ace 5 0 0 0000000000000008
0000000000000008 00130b00aaaaaa00 1 0b ffaaaaaa 5 0 0 0000000000000009
0000000000000009 8506000000000000 0 00 00000000 5 0 0 000000000000000a
000000000000000a 0102000106000000 0 00 00000000 5 1 0 000000000000000b
000000000000000b 0215000003010000 0 00 00000000 5 1 1 000000000000000f
000000000000000f 8506000000000000 0 00 00000000 5 1 0 0000000000000010
0000000000000010 00230e14d46d7f00 1 0e ffd46d7f 5 1 0 0000000000000011
0000000000000011 00920d0800000000 1 0d ffffffff 5 1 0 0000000000000012
0000000000000012 00130d0009361200 1 0d 00093612 5 1 0 0000000000000013
0000000000000013 00a3130900000000 1 13 ffaf9ace 5 1 0 0000000000000014
0000000000000014 00130f008f6b8700 1 0f ff8f6b87 5 1 0 0000000000000015
0000000000000015 0122000504000000 0 00 00000000 5 0 0 0000000000000016
0000000000000016 0215000002040000 0 00 00000000 5 0 0 0000000000000017
0000000000000017 8506000000000000 0 00 00000000 5 0 0 0000000000000018
0000000000000018 8506000000000000 0 00 00000000 5 0 0 0000000000000019
0000000000000019 0112000501000000 0 00 00000000 5 0 0 000000000000001a
000000000000001a 02150000010b0000 0 00 00000000 5 0 0 000000000000001b
000000000000001b 8506000000000000 0 00 00000000 5 0 0 000000000000001c
000000000000001c 007214130c000000 1 14 ffaf9ace 5 0 0 000000000000001d
000000000000001d 0063010800000600 1 01 00000000 5 0 0 000000000000001e
000000000000001e 002305137d18b900 1 05 002cb387 5 0 0 000000000000001f
000000000000001f 0013090096c14300 1 09 ff96c143 5 0 0 0000000000000020
0000000000000020 00b3080200000700 1 08 00000000 5 0 0 0000000000000021
0000000000000021 0042101002000000 1 10 00000000 5 0 0 0000000000000022
0000000000000022 0013060087d9d100 1 06 ff87d9d1 5 0 0 0000000000000023
0000000000000023 8506000000000000 0 00 00000000 5 0 0 0000000000000024
0000000000000024 005206040d000000 1 06 00093612 5 0 0 0000000000000025
0000000000000025 00630d0800000000 1 0d 00000000 5 0 0 0000000000000026
0000000000000026 8506000000000000 0 00 00000000 5 0 0 0000000000000027
0000000000000027 0306000000000b00 1 0b 00000000 5 0 0 0000000000000028
0000000000000028 0092121300000000 1 12 00506531 5 0 0 0000000000000029
0000000000000029 0062040104000000 1 04 00000000 5 0 0 000000000000002a
000000000000002a 00131e0000000400 1 1e 00000004 5 0 0 000000000000002b
000000000000002b 0023151500000100 1 15 00000001 5 0 0 000000000000002c
000000000000002c 00731e1e00000100 1 1e 00000003 5 0 0 000000000000002d
000000000000002d 0102001e1d000000 0 00 00000000 4 0 0 000000000000002e
000000000000002e 0215fffffc040000 0 00 00000000 4 0 1 000000000000002b
000000000000002b 0023151500000100 1 15 00000002 4 0 0 000000000000002c
000000000000002c 00731e1e00000100 1 1e 00000002 4 0 0 000000000000002d
000000000000002d 0102001e1d000000 0 00 00000000 4 0 0 000000000000002e
000000000000002e 0215fffffc040000 0 00 00000000 4 0 1 000000000000002b
000000000000002b 0023151500000100 1 15 00000003 4 0 0 000000000000002c
000000000000002c 00731e1e00000100 1 1e 00000001 4 0 0 000000000000002d
000000000000002d 0102001e1d000000 0 00 00000000 4 0 0 000000000000002e
000000000000002e 0215fffffc040000 0 00 00000000 4 0 1 000000000000002b
000000000000002b 0023151500000100 1 15 00000004 4 0 0 000000000000002c
000000000000002c 00731e1e00000100 1 1e 00000000 4 0 0 000000000000002d
000000000000002d 0102001e1d000000 0 00 00000000 5 1 0 000000000000002e
000000000000002e 0215fffffc040000 0 00 00000000 5 1 0 000000000000002f
000000000000002f 7cf5000000000000 0 00 00000000 5 1 0 0000000000000030
DONE retired=56 fault=00 pc=000000000000002f
