0000000000000000 0013140000004d00 1 14 0000004d 0 0 0 0000000000000001 000003ff f 000003ff 0 00 000003ff
0000000000000001 343004000000f000 0 00 00000000 0 0 0 0000000000000002 000003ff f 000003ff 1 04 000003ff
0000000000000002 107102050009f000 0 00 00000000 0 0 0 0000000000000003 000003ff f 000003ff 1 02 000003ff
0000000000000003 106105020000f000 0 00 00000000 0 0 0 0000000000000004 000003ff f 000003ff 1 05 000003ff
0000000000000004 340004030000f000 0 00 00000000 0 0 0 0000000000000005 000003ff f 000003ff 1 04 000003ff
0000000000000005 104002050400b000 0 00 00000000 0 0 0 0000000000000006 000003ff b 000003ff 1 02 000003ff
0000000000000006 0013150000000100 1 15 00000001 0 0 0 0000000000000007 000003ff f 000003ff 0 00 000003ff
0000000000000007 3420021500000000 0 00 00000000 0 0 0 0000000000000008 000003ff 0 000003ff 1 02 000003ff
0000000000000008 106105020001f000 0 00 00000000 0 0 0 0000000000000009 000003ff f 000003ff 1 05 000003ff
0000000000000009 340002020000f000 0 00 00000000 0 0 0 000000000000000a 000003ff f 000003ff 1 02 000003ff
000000000000000a 10710303003ff000 0 00 00000000 0 0 0 000000000000000b 000003ff f 000003ff 1 03 000003ff
000000000000000b 0013150000000000 1 15 00000000 0 0 0 000000000000000c 000003ff f 000003ff 0 00 000003ff
000000000000000c 342006150000f000 0 00 00000000 0 0 0 000000000000000d 000003ff f 000003ff 1 06 000003ff
000000000000000d 105002020300f000 0 00 00000000 0 0 0 000000000000000e 000003ff f 000003ff 1 02 000003ff
000000000000000e 34110600193fa000 0 00 00000000 0 0 0 000000000000000f 000003ff a 00000000 1 06 00000000
000000000000000f 3411050033f1f000 0 00 00000000 0 0 0 0000000000000010 000003ff f 000003ff 1 05 000003ff
0000000000000010 0013160000000100 1 16 00000001 0 0 0 0000000000000011 000003ff f 000003ff 0 00 000003ff
0000000000000011 342002160000f000 0 00 00000000 0 0 0 0000000000000012 000003ff f 000003ff 1 02 000003ff
0000000000000012 108103020015f000 0 00 00000000 0 0 0 0000000000000013 000003ff f 000003ff 1 03 000003ff
0000000000000013 343005000000f000 0 00 00000000 0 0 0 0000000000000014 000003ff f 000003ff 1 05 000003ff
0000000000000014 00131500ffffff00 1 15 ffffffff 0 0 0 0000000000000015 000003ff f 000003ff 0 00 000003ff
0000000000000015 342003150000f000 0 00 00000000 0 0 0 0000000000000016 000003ff f 000003ff 1 03 000003ff
0000000000000016 101006060400f000 0 00 00000000 0 0 0 0000000000000017 000003ff f 000003ff 1 06 000003ff
0000000000000017 00131500aaaaaa00 1 15 ffaaaaaa 0 0 0 0000000000000018 000003ff f 000003ff 0 00 000003ff
0000000000000018 342005150000d000 0 00 00000000 0 0 0 0000000000000019 000003ff d 000003ff 1 05 000003ff
0000000000000019 10610306003ff000 0 00 00000000 0 0 0 000000000000001a 000003ff f 000003ff 1 03 000003ff
000000000000001a 00131e0000000200 1 1e 00000002 0 0 0 000000000000001b 000003ff f 000003ff 0 00 000003ff
000000000000001b 0023171700000100 1 17 00000001 0 0 0 000000000000001c 000003ff f 000003ff 0 00 000003ff
000000000000001c 00731e1e00000100 1 1e 00000001 0 0 0 000000000000001d 000003ff f 000003ff 0 00 000003ff
000000000000001d 0013180000000000 1 18 00000000 0 0 0 000000000000001e 000003ff f 000003ff 0 00 000003ff
000000000000001e 0102001e18000000 0 00 00000000 4 0 0 000000000000001f 000003ff f 000003ff 0 00 000003ff
000000000000001f 0215fffffb040000 0 00 00000000 4 0 1 000000000000001b 000003ff f 000003ff 0 00 000003ff
000000000000001b 0023171700000100 1 17 00000002 4 0 0 000000000000001c 000003ff f 000003ff 0 00 000003ff
000000000000001c 00731e1e00000100 1 1e 00000000 4 0 0 000000000000001d 000003ff f 000003ff 0 00 000003ff
000000000000001d 0013180000000000 1 18 00000000 4 0 0 000000000000001e 000003ff f 000003ff 0 00 000003ff
000000000000001e 0102001e18000000 0 00 00000000 5 1 0 000000000000001f 000003ff f 000003ff 0 00 000003ff
000000000000001f 0215fffffb040000 0 00 00000000 5 1 0 0000000000000020 000003ff f 000003ff 0 00 000003ff
0000000000000020 7cf5000000000000 0 00 00000000 5 1 0 0000000000000021 000003ff f 000003ff 0 00 000003ff
DONE retired=38 fault=00 pc=0000000000000020
