0000000000000000 0013140000004d00 1 14 0000004d 0 0 0 0000000000000001 fc000000 f fc000000 0 00 fc000000
0000000000000001 340006050000f000 0 00 00000000 0 0 0 0000000000000002 fc000000 f fc000000 1 06 fc000000
0000000000000002 340003030000f000 0 00 00000000 0 0 0 0000000000000003 fc000000 f fc000000 1 03 fc000000
0000000000000003 3411020080006000 0 00 00000000 0 0 0 0000000000000004 fc000000 6 90000000 1 02 90000000
0000000000000004 34110400ffff4000 0 00 00000000 0 0 0 0000000000000005 fc000000 4 00000000 1 04 00000000
0000000000000005 104004050600f000 0 00 00000000 0 0 0 0000000000000006 fc000000 f fc000000 1 04 fc000000
0000000000000006 101002050300f000 0 00 00000000 0 0 0 0000000000000007 fc000000 f fc000000 1 02 fc000000
0000000000000007 341102007ffff000 0 00 00000000 0 0 0 0000000000000008 fc000000 f fc000000 1 02 fc000000
0000000000000008 0013150000000100 1 15 00000001 0 0 0 0000000000000009 fc000000 f fc000000 0 00 fc000000
0000000000000009 3420041500002000 0 00 00000000 0 0 0 000000000000000a fc000000 2 54000000 1 04 54000000
000000000000000a 103006050500f000 0 00 00000000 0 0 0 000000000000000b fc000000 f fc000000 1 06 fc000000
000000000000000b 343005000000f000 0 00 00000000 0 0 0 000000000000000c fc000000 f fc000000 1 05 fc000000
000000000000000c 1020050606000000 0 00 00000000 0 0 0 000000000000000d fc000000 0 fc000000 1 05 fc000000
000000000000000d 104105040001f000 0 00 00000000 0 0 0 000000000000000e fc000000 f fc000000 1 05 fc000000
000000000000000e 34110200fffff000 0 00 00000000 0 0 0 000000000000000f fc000000 f fc000000 1 02 fc000000
000000000000000f 340006020000f000 0 00 00000000 0 0 0 0000000000000010 fc000000 f fc000000 1 06 fc000000
0000000000000010 00131600ffffff00 1 16 ffffffff 0 0 0 0000000000000011 fc000000 f fc000000 0 00 fc000000
0000000000000011 342003160000f000 0 00 00000000 0 0 0 0000000000000012 fc000000 f fc000000 1 03 fc000000
0000000000000012 108102030000f000 0 00 00000000 0 0 0 0000000000000013 fc000000 f fc000000 1 02 fc000000
0000000000000013 102005060500f000 0 00 00000000 0 0 0 0000000000000014 fc000000 f fc000000 1 05 fc000000
0000000000000014 1010050405005000 0 00 00000000 0 0 0 0000000000000015 fc000000 5 00000000 1 05 00000000
0000000000000015 340004050000f000 0 00 00000000 0 0 0 0000000000000016 fc000000 f fc000000 1 04 fc000000
0000000000000016 34110200292ff000 0 00 00000000 0 0 0 0000000000000017 fc000000 f fc000000 1 02 fc000000
0000000000000017 102005040400b000 0 00 00000000 0 0 0 0000000000000018 fc000000 b 54000000 1 05 54000000
0000000000000018 101006020500d000 0 00 00000000 0 0 0 0000000000000019 fc000000 d 00000000 1 06 00000000
0000000000000019 107106040001f000 0 00 00000000 0 0 0 000000000000001a fc000000 f fc000000 1 06 fc000000
000000000000001a 3411060065b12000 0 00 00000000 0 0 0 000000000000001b fc000000 2 54000000 1 06 54000000
000000000000001b 106102060010f000 0 00 00000000 0 0 0 000000000000001c fc000000 f fc000000 1 02 fc000000
000000000000001c 102005050200f000 0 00 00000000 0 0 0 000000000000001d fc000000 f fc000000 1 05 fc000000
000000000000001d 340004030000f000 0 00 00000000 0 0 0 000000000000001e fc000000 f fc000000 1 04 fc000000
000000000000001e 104003020500f000 0 00 00000000 0 0 0 000000000000001f fc000000 f fc000000 1 03 fc000000
000000000000001f 105104057ffff000 0 00 00000000 0 0 0 0000000000000020 fc000000 f fc000000 1 04 fc000000
0000000000000020 0013160000000000 1 16 00000000 0 0 0 0000000000000021 fc000000 f fc000000 0 00 fc000000
0000000000000021 342005160000f000 0 00 00000000 0 0 0 0000000000000022 fc000000 f fc000000 1 05 fc000000
0000000000000022 108105050000f000 0 00 00000000 0 0 0 0000000000000023 fc000000 f fc000000 1 05 fc000000
0000000000000023 341103007ffff000 0 00 00000000 0 0 0 0000000000000024 fc000000 f fc000000 1 03 fc000000
0000000000000024 00131e0000000100 1 1e 00000001 0 0 0 0000000000000025 fc000000 f fc000000 0 00 fc000000
0000000000000025 0023171700000100 1 17 00000001 0 0 0 0000000000000026 fc000000 f fc000000 0 00 fc000000
0000000000000026 00731e1e00000100 1 1e 00000000 0 0 0 0000000000000027 fc000000 f fc000000 0 00 fc000000
0000000000000027 0013180000000000 1 18 00000000 0 0 0 0000000000000028 fc000000 f fc000000 0 00 fc000000
0000000000000028 0102001e18000000 0 00 00000000 5 1 0 0000000000000029 fc000000 f fc000000 0 00 fc000000
0000000000000029 0215fffffb040000 0 00 00000000 5 1 0 000000000000002a fc000000 f fc000000 0 00 fc000000
000000000000002a 7cf5000000000000 0 00 00000000 5 1 0 000000000000002b fc000000 f fc000000 0 00 fc000000
DONE retired=43 fault=00 pc=000000000000002a
