0000000000000000 00131d0000000000 1 1d 00000000 0 0 0 0000000000000001
0000000000000001 8506000000000000 0 00 00000000 0 0 0 0000000000000002
0000000000000002 00a20b070f000000 1 0b 00000000 0 0 0 0000000000000003
0000000000000003 8506000000000000 0 00 00000000 0 0 0 0000000000000004
0000000000000004 00a209110f000000 1 09 00000000 0 0 0 0000000000000005
0000000000000005 8506000000000000 0 00 00000000 0 0 0 0000000000000006
0000000000000006 001310003ea46400 1 10 003ea464 0 0 0 0000000000000007
0000000000000007 0013110000000100 1 11 00000001 0 0 0 0000000000000008
0000000000000008 00320e050a000000 1 0e 00000000 0 0 0 0000000000000009
0000000000000009 00130400ffffff00 1 04 ffffffff 0 0 0 000000000000000a
000000000000000a 00131000b9b54000 1 10 ffb9b540 0 0 0 000000000000000b
000000000000000b 8506000000000000 0 00 00000000 0 0 0 000000000000000c
000000000000000c 00130600a05ee700 1 06 ffa05ee7 0 0 0 000000000000000d
000000000000000d 8506000000000000 0 00 00000000 0 0 0 000000000000000e
000000000000000e 00a2010301000000 1 01 00000000 0 0 0 000000000000000f
000000000000000f 8506000000000000 0 00 00000000 0 0 0 0000000000000010
0000000000000010 0122000e11000000 0 00 00000000 2 0 0 0000000000000011
0000000000000011 02150000020d0000 0 00 00000000 2 0 1 0000000000000014
0000000000000014 0112000c0c000000 0 00 00000000 5 0 0 0000000000000015
0000000000000015 0215000001020000 0 00 00000000 5 0 1 0000000000000017
0000000000000017 0306000000000a00 1 0a 00000000 5 0 0 0000000000000018
0000000000000018 8506000000000000 0 00 00000000 5 0 0 0000000000000019
0000000000000019 001308003863b100 1 08 003863b1 5 0 0 000000000000001a
000000000000001a 0306000000000900 1 09 00000000 5 0 0 000000000000001b
000000000000001b 8506000000000000 0 00 00000000 5 0 0 000000000000001c
000000000000001c 8506000000000000 0 00 00000000 5 0 0 000000000000001d
000000000000001d 00720f0610000000 1 0f ffe6a9a7 5 0 0 000000000000001e
000000000000001e 00131e0000000400 1 1e 00000004 5 0 0 000000000000001f
000000000000001f 0023151500000100 1 15 00000001 5 0 0 0000000000000020
0000000000000020 00731e1e00000100 1 1e 00000003 5 0 0 0000000000000021
0000000000000021 0102001e1d000000 0 00 00000000 4 0 0 0000000000000022
0000000000000022 0215fffffc040000 0 00 00000000 4 0 1 000000000000001f
000000000000001f 0023151500000100 1 15 00000002 4 0 0 0000000000000020
0000000000000020 00731e1e00000100 1 1e 00000002 4 0 0 0000000000000021
0000000000000021 0102001e1d000000 0 00 00000000 4 0 0 0000000000000022
0000000000000022 0215fffffc040000 0 00 00000000 4 0 1 000000000000001f
000000000000001f 0023151500000100 1 15 00000003 4 0 0 0000000000000020
0000000000000020 00731e1e00000100 1 1e 00000001 4 0 0 0000000000000021
0000000000000021 0102001e1d000000 0 00 00000000 4 0 0 0000000000000022
0000000000000022 0215fffffc040000 0 00 00000000 4 0 1 000000000000001f
000000000000001f 0023151500000100 1 15 00000004 4 0 0 0000000000000020
0000000000000020 00731e1e00000100 1 1e 00000000 4 0 0 0000000000000021
0000000000000021 0102001e1d000000 0 00 00000000 5 1 0 0000000000000022
0000000000000022 0215fffffc040000 0 00 00000000 5 1 0 0000000000000023
0000000000000023 7cf5000000000000 0 00 00000000 5 1 0 0000000000000024
DONE retired=45 fault=00 pc=0000000000000023
