0000000000000000 0013140000004d00 1 14 0000004d 0 0 0 0000000000000001 aaaaaaaa f aaaaaaaa 0 00 aaaaaaaa
0000000000000001 103004040200f000 0 00 00000000 0 0 0 0000000000000002 aaaaaaaa f aaaaaaaa 1 04 aaaaaaaa
0000000000000002 34110400e0dcf000 0 00 00000000 0 0 0 0000000000000003 aaaaaaaa f aaaaaaaa 1 04 aaaaaaaa
0000000000000003 100006050500f000 0 00 00000000 0 0 0 0000000000000004 aaaaaaaa f aaaaaaaa 1 06 aaaaaaaa
0000000000000004 340006060000f000 0 00 00000000 0 0 0 0000000000000005 aaaaaaaa f aaaaaaaa 1 06 aaaaaaaa
0000000000000005 3411040092cdf000 0 00 00000000 0 0 0 0000000000000006 aaaaaaaa f aaaaaaaa 1 04 aaaaaaaa
0000000000000006 102006050200f000 0 00 00000000 0 0 0 0000000000000007 aaaaaaaa f aaaaaaaa 1 06 aaaaaaaa
0000000000000007 1050060202004000 0 00 00000000 0 0 0 0000000000000008 aaaaaaaa 4 00000000 1 06 00000000
0000000000000008 100003060300f000 0 00 00000000 0 0 0 0000000000000009 aaaaaaaa f aaaaaaaa 1 03 aaaaaaaa
0000000000000009 105003060300f000 0 00 00000000 0 0 0 000000000000000a aaaaaaaa f aaaaaaaa 1 03 aaaaaaaa
000000000000000a 343005000000f000 0 00 00000000 0 0 0 000000000000000b aaaaaaaa f aaaaaaaa 1 05 aaaaaaaa
000000000000000b 1040040306005000 0 00 00000000 0 0 0 000000000000000c aaaaaaaa 5 aaaaaaaa 1 04 aaaaaaaa
000000000000000c 1040020202000000 0 00 00000000 0 0 0 000000000000000d aaaaaaaa 0 0a228a08 1 02 0a228a08
000000000000000d 3400060400008000 0 00 00000000 0 0 0 000000000000000e aaaaaaaa 8 aaaaaaaa 1 06 aaaaaaaa
000000000000000e 340002060000f000 0 00 00000000 0 0 0 000000000000000f aaaaaaaa f aaaaaaaa 1 02 aaaaaaaa
000000000000000f 101004050200f000 0 00 00000000 0 0 0 0000000000000010 aaaaaaaa f aaaaaaaa 1 04 aaaaaaaa
0000000000000010 00131e0000000100 1 1e 00000001 0 0 0 0000000000000011 aaaaaaaa f aaaaaaaa 0 00 aaaaaaaa
0000000000000011 0023171700000100 1 17 00000001 0 0 0 0000000000000012 aaaaaaaa f aaaaaaaa 0 00 aaaaaaaa
0000000000000012 00731e1e00000100 1 1e 00000000 0 0 0 0000000000000013 aaaaaaaa f aaaaaaaa 0 00 aaaaaaaa
0000000000000013 0013180000000000 1 18 00000000 0 0 0 0000000000000014 aaaaaaaa f aaaaaaaa 0 00 aaaaaaaa
0000000000000014 0102001e18000000 0 00 00000000 5 1 0 0000000000000015 aaaaaaaa f aaaaaaaa 0 00 aaaaaaaa
0000000000000015 0215fffffb040000 0 00 00000000 5 1 0 0000000000000016 aaaaaaaa f aaaaaaaa 0 00 aaaaaaaa
0000000000000016 7cf5000000000000 0 00 00000000 5 1 0 0000000000000017 aaaaaaaa f aaaaaaaa 0 00 aaaaaaaa
DONE retired=23 fault=00 pc=0000000000000016
