0000000000000000 343001000000f000 0 00 00000000 0 0 0 0 0 0 0000000000000001 ffffffff f ffffffff 1 01
0000000000000001 341107000001f000 0 00 00000000 0 0 0 0 0 0 0000000000000002 ffffffff f ffffffff 1 07
0000000000000002 34110c000003f000 0 00 00000000 0 0 0 0 0 0 0000000000000003 ffffffff f ffffffff 1 0c
0000000000000003 3039801070000000 0 00 00000000 0 0 0 0 0 0 0000000000000004 ffffffff f ffffffff 0 00
0000000000000004 7c1500008a800095 0 00 00000000 0 0 0 0 0 0 0000000000000005 00000003 f 00000003 0 00
0000000000000005 3049c030c0000000 0 00 00000000 0 0 0 0 0 0 0000000000000006 00000003 f 00000003 0 00
0000000000000006 7c15000017c00085 0 00 00000000 0 0 0 0 0 0 000000000000001e 00000003 f 00000003 0 00
000000000000001e 305940a070000000 0 00 00000000 0 0 0 0 0 0 000000000000001f 00000003 f 00000003 0 00
000000000000001f 7c1500005640006b 0 00 00000000 0 0 0 0 0 0 0000000000000076 00000003 f 00000003 0 00
0000000000000076 30394010c0000000 0 00 00000000 0 0 0 0 0 0 0000000000000077 00000003 f 00000003 0 00
0000000000000077 7c15000003400012 0 00 00000000 0 0 0 0 0 0 0000000000000078 00000003 f 00000003 0 00
0000000000000078 105003010c00f000 0 00 00000000 0 0 0 0 0 0 0000000000000079 00000003 f 00000003 1 03
0000000000000079 0023060600000300 1 06 00000003 0 0 0 0 0 0 000000000000007a 00000003 f 00000003 0 00
000000000000007a 020500000f000000 0 00 00000000 0 0 0 0 0 1 000000000000008a 00000003 f 00000003 0 00
000000000000008a 7c25000000000000 0 00 00000000 0 0 0 0 0 0 000000000000008b 00000003 f 00000003 0 00
000000000000008b 7c25000000000000 0 00 00000000 0 0 0 0 0 0 000000000000008c 00000003 f 00000003 0 00
000000000000008c 7c25000000000000 0 00 00000000 0 0 0 0 0 0 000000000000008d 00000003 f 00000003 0 00
000000000000008d 111005030700f000 0 00 00000000 0 0 0 0 0 0 000000000000008e 00000003 f 00000003 1 05
000000000000008e 020500000b000000 0 00 00000000 0 0 0 0 0 1 000000000000009a 00000003 f 00000003 0 00
000000000000009a 7c25000000000000 0 00 00000000 0 0 0 0 0 0 000000000000008f fffffffc f fffffffc 0 00
000000000000008f 34110d000000f000 0 00 00000000 0 0 0 0 0 0 0000000000000090 fffffffc f fffffffc 1 0d
0000000000000090 10300c010d00f000 0 00 00000000 0 0 0 0 0 0 0000000000000091 fffffffc f fffffffc 1 0c
0000000000000091 10000c0c0700f000 0 00 00000000 0 0 0 0 0 0 0000000000000092 fffffffc f fffffffc 1 0c
0000000000000092 34110a000000f000 0 00 00000000 0 0 0 0 0 0 0000000000000093 fffffffc f fffffffc 1 0a
0000000000000093 7c85000004000000 0 00 00000000 0 0 0 0 0 0 0000000000000094 fffffffc f fffffffc 0 00
0000000000000094 3059e0a0c0000000 0 00 00000000 0 0 0 0 0 0 0000000000000095 fffffffc f fffffffc 0 00
0000000000000095 3029d0a0c0000000 0 00 00000000 0 0 0 0 0 0 0000000000000096 fffffffc f fffffffc 0 00
0000000000000096 0023060600000300 1 06 00000006 0 0 0 0 0 0 0000000000000097 fffffffc f fffffffc 0 00
0000000000000097 10000a0a0700f000 0 00 00000000 0 0 0 0 0 0 0000000000000098 fffffffc f fffffffc 1 0a
0000000000000098 7c95fffffbd00000 0 00 00000000 0 0 0 0 0 0 0000000000000094 fffffffc f fffffffc 0 00
0000000000000094 3059e0a0c0000000 0 00 00000000 0 0 0 0 0 0 0000000000000095 fffffffc f fffffffc 0 00
0000000000000095 3029d0a0c0000000 0 00 00000000 0 0 0 0 0 0 0000000000000096 fffffffc f fffffffc 0 00
0000000000000096 0023060600000300 1 06 00000009 0 0 0 0 0 0 0000000000000097 fffffffc f fffffffc 0 00
0000000000000097 10000a0a0700f000 0 00 00000000 0 0 0 0 0 0 0000000000000098 fffffffc f fffffffc 1 0a
0000000000000098 7c95fffffbd00000 0 00 00000000 0 0 0 0 0 0 0000000000000099 fffffffc f fffffffc 0 00
0000000000000099 0023060600000400 1 06 0000000d 0 0 0 0 0 0 000000000000009a fffffffc f fffffffc 0 00
000000000000009a 7c25000000000000 0 00 00000000 0 0 0 0 0 0 000000000000009b ffffffff f ffffffff 0 00
000000000000009b 34110400000cf000 0 00 00000000 0 0 0 0 0 0 000000000000009c ffffffff f ffffffff 1 04
000000000000009c 10100c070100f000 0 00 00000000 0 0 0 0 0 0 000000000000009d ffffffff f ffffffff 1 0c
000000000000009d 7cf5000000000000 0 00 00000000 0 0 0 0 0 0 000000000000009e ffffffff f ffffffff 0 00
