0000000000000000 343001000000f000 0 00 00000000 0 0 0 0 0 0 0000000000000001 ffffffff f ffffffff 1 01
0000000000000001 341107000001f000 0 00 00000000 0 0 0 0 0 0 0000000000000002 ffffffff f ffffffff 1 07
0000000000000002 34110c000003f000 0 00 00000000 0 0 0 0 0 0 0000000000000003 ffffffff f ffffffff 1 0c
0000000000000003 10100c0c0400f000 0 00 00000000 0 0 0 0 0 0 0000000000000004 ffffffff f ffffffff 1 0c
0000000000000004 34110d000003f000 0 00 00000000 0 0 0 0 0 0 0000000000000005 ffffffff f ffffffff 1 0d
0000000000000005 10300c010d00f000 0 00 00000000 0 0 0 0 0 0 0000000000000006 ffffffff f ffffffff 1 0c
0000000000000006 10000c0c0700f000 0 00 00000000 0 0 0 0 0 0 0000000000000007 ffffffff f ffffffff 1 0c
0000000000000007 34110a000000f000 0 00 00000000 0 0 0 0 0 0 0000000000000008 ffffffff f ffffffff 1 0a
0000000000000008 7c85000008000000 0 00 00000000 0 0 0 0 0 0 0000000000000009 ffffffff f ffffffff 0 00
0000000000000009 3059e0a0c0000000 0 00 00000000 0 0 0 0 0 0 000000000000000a ffffffff f ffffffff 0 00
000000000000000a 3029d0a0c0000000 0 00 00000000 0 0 0 0 0 0 000000000000000b ffffffff f ffffffff 0 00
000000000000000b 3019401070000000 0 00 00000000 0 0 0 0 0 0 000000000000000c ffffffff f ffffffff 0 00
000000000000000c 7c15000000400001 0 00 00000000 0 0 0 0 0 0 000000000000000d fffffffd f fffffffd 0 00
000000000000000d 341103000004f000 0 00 00000000 0 0 0 0 0 0 000000000000000e fffffffd f fffffffd 1 03
000000000000000e 7c25000000000000 0 00 00000000 0 0 0 0 0 0 000000000000000d 00000002 f 00000002 0 00
000000000000000d 341103000004f000 0 00 00000000 0 0 0 0 0 0 000000000000000e 00000002 f 00000002 1 03
000000000000000e 7c25000000000000 0 00 00000000 0 0 0 0 0 0 000000000000000f ffffffff f ffffffff 0 00
000000000000000f 7cb5000000e00000 0 00 00000000 0 0 0 0 0 0 0000000000000010 ffffffff f ffffffff 0 00
0000000000000010 10000a0a0700f000 0 00 00000000 0 0 0 0 0 0 0000000000000011 ffffffff f ffffffff 1 0a
0000000000000011 7c95fffff7d00000 0 00 00000000 0 0 0 0 0 0 0000000000000009 ffffffff f ffffffff 0 00
0000000000000009 3059e0a0c0000000 0 00 00000000 0 0 0 0 0 0 000000000000000a ffffffff f ffffffff 0 00
000000000000000a 3029d0a0c0000000 0 00 00000000 0 0 0 0 0 0 000000000000000b ffffffff f ffffffff 0 00
000000000000000b 3019401070000000 0 00 00000000 0 0 0 0 0 0 000000000000000c ffffffff f ffffffff 0 00
000000000000000c 7c15000000400001 0 00 00000000 0 0 0 0 0 0 000000000000000d fffffffd f fffffffd 0 00
000000000000000d 341103000004f000 0 00 00000000 0 0 0 0 0 0 000000000000000e fffffffd f fffffffd 1 03
000000000000000e 7c25000000000000 0 00 00000000 0 0 0 0 0 0 000000000000000d 00000002 f 00000002 0 00
000000000000000d 341103000004f000 0 00 00000000 0 0 0 0 0 0 000000000000000e 00000002 f 00000002 1 03
000000000000000e 7c25000000000000 0 00 00000000 0 0 0 0 0 0 000000000000000f ffffffff f ffffffff 0 00
000000000000000f 7cb5000000e00000 0 00 00000000 0 0 0 0 0 0 0000000000000010 eeeeeeee f eeeeeeee 0 00
0000000000000010 10000a0a0700f000 0 00 00000000 0 0 0 0 0 0 0000000000000011 eeeeeeee f eeeeeeee 1 0a
0000000000000011 7c95fffff7d00000 0 00 00000000 0 0 0 0 0 0 0000000000000009 eeeeeeee f eeeeeeee 0 00
0000000000000009 3059e0a0c0000000 0 00 00000000 0 0 0 0 0 0 000000000000000a eeeeeeee f eeeeeeee 0 00
000000000000000a 3029d0a0c0000000 0 00 00000000 0 0 0 0 0 0 000000000000000b eeeeeeee f eeeeeeee 0 00
000000000000000b 3019401070000000 0 00 00000000 0 0 0 0 0 0 000000000000000c eeeeeeee f eeeeeeee 0 00
000000000000000c 7c15000000400001 0 00 00000000 0 0 0 0 0 0 000000000000000d eeeeeeec f eeeeeeec 0 00
000000000000000d 341103000004f000 0 00 00000000 0 0 0 0 0 0 000000000000000e eeeeeeec f eeeeeeec 1 03
000000000000000e 7c25000000000000 0 00 00000000 0 0 0 0 0 0 000000000000000d 00000002 f 00000002 0 00
000000000000000d 341103000004f000 0 00 00000000 0 0 0 0 0 0 000000000000000e 00000002 f 00000002 1 03
000000000000000e 7c25000000000000 0 00 00000000 0 0 0 0 0 0 000000000000000f eeeeeeee f eeeeeeee 0 00
000000000000000f 7cb5000000e00000 0 00 00000000 0 0 0 0 0 0 0000000000000010 cccccccc f cccccccc 0 00
0000000000000010 10000a0a0700f000 0 00 00000000 0 0 0 0 0 0 0000000000000011 cccccccc f cccccccc 1 0a
0000000000000011 7c95fffff7d00000 0 00 00000000 0 0 0 0 0 0 0000000000000009 cccccccc f cccccccc 0 00
0000000000000009 3059e0a0c0000000 0 00 00000000 0 0 0 0 0 0 000000000000000a cccccccc f cccccccc 0 00
000000000000000a 3029d0a0c0000000 0 00 00000000 0 0 0 0 0 0 000000000000000b cccccccc f cccccccc 0 00
000000000000000b 3019401070000000 0 00 00000000 0 0 0 0 0 0 000000000000000c cccccccc f cccccccc 0 00
000000000000000c 7c15000000400001 0 00 00000000 0 0 0 0 0 0 000000000000000d cccccccc f cccccccc 0 00
000000000000000d 341103000004f000 0 00 00000000 0 0 0 0 0 0 000000000000000e cccccccc f cccccccc 1 03
000000000000000e 7c25000000000000 0 00 00000000 0 0 0 0 0 0 000000000000000f cccccccc f cccccccc 0 00
000000000000000f 7cb5000000e00000 0 00 00000000 0 0 0 0 0 0 0000000000000010 88888888 f 88888888 0 00
0000000000000010 10000a0a0700f000 0 00 00000000 0 0 0 0 0 0 0000000000000011 88888888 f 88888888 1 0a
0000000000000011 7c95fffff7d00000 0 00 00000000 0 0 0 0 0 0 0000000000000009 88888888 f 88888888 0 00
0000000000000009 3059e0a0c0000000 0 00 00000000 0 0 0 0 0 0 000000000000000a 88888888 f 88888888 0 00
000000000000000a 3029d0a0c0000000 0 00 00000000 0 0 0 0 0 0 000000000000000b 88888888 f 88888888 0 00
000000000000000b 3019401070000000 0 00 00000000 0 0 0 0 0 0 000000000000000c 88888888 f 88888888 0 00
000000000000000c 7c15000000400001 0 00 00000000 0 0 0 0 0 0 000000000000000d 88888888 f 88888888 0 00
000000000000000d 341103000004f000 0 00 00000000 0 0 0 0 0 0 000000000000000e 88888888 f 88888888 1 03
000000000000000e 7c25000000000000 0 00 00000000 0 0 0 0 0 0 000000000000000f 88888888 f 88888888 0 00
0000000000000011 7cb5000000e00000 0 00 00000000 0 0 0 0 0 0 0000000000000010 00000000 f 00000000 0 00
0000000000000011 7c95fffff7d00000 0 00 00000000 0 0 0 0 0 0 0000000000000012 ffffffff f ffffffff 0 00
0000000000000012 3019801070000000 0 00 00000000 0 0 0 0 0 0 0000000000000013 ffffffff f ffffffff 0 00
0000000000000013 7c15000015800080 0 00 00000000 0 0 0 0 0 0 0000000000000014 fffffffd f fffffffd 0 00
0000000000000014 34110d000001f000 0 00 00000000 0 0 0 0 0 0 0000000000000015 fffffffd f fffffffd 1 0d
0000000000000015 10300c010d00f000 0 00 00000000 0 0 0 0 0 0 0000000000000016 fffffffd f fffffffd 1 0c
0000000000000016 10000c0c0700f000 0 00 00000000 0 0 0 0 0 0 0000000000000017 fffffffd f fffffffd 1 0c
0000000000000017 34110a000000f000 0 00 00000000 0 0 0 0 0 0 0000000000000018 fffffffd f fffffffd 1 0a
0000000000000018 7c85000004000000 0 00 00000000 0 0 0 0 0 0 0000000000000019 fffffffd f fffffffd 0 00
0000000000000019 3059e0a0c0000000 0 00 00000000 0 0 0 0 0 0 000000000000001a fffffffd f fffffffd 0 00
000000000000001a 3029d0a0c0000000 0 00 00000000 0 0 0 0 0 0 000000000000001b fffffffd f fffffffd 0 00
000000000000001b 101005070100f000 0 00 00000000 0 0 0 0 0 0 000000000000001c fffffffd f fffffffd 1 05
000000000000001c 10000a0a0700f000 0 00 00000000 0 0 0 0 0 0 000000000000001d fffffffd f fffffffd 1 0a
000000000000001d 7c95fffffbd00000 0 00 00000000 0 0 0 0 0 0 0000000000000019 fffffffd f fffffffd 0 00
0000000000000019 3059e0a0c0000000 0 00 00000000 0 0 0 0 0 0 000000000000001a fffffffd f fffffffd 0 00
000000000000001a 3029d0a0c0000000 0 00 00000000 0 0 0 0 0 0 000000000000001b fffffffd f fffffffd 0 00
000000000000001b 101005070100f000 0 00 00000000 0 0 0 0 0 0 000000000000001c fffffffd f fffffffd 1 05
000000000000001c 10000a0a0700f000 0 00 00000000 0 0 0 0 0 0 000000000000001d fffffffd f fffffffd 1 0a
000000000000001d 7c95fffffbd00000 0 00 00000000 0 0 0 0 0 0 0000000000000019 aaaaaaa8 f aaaaaaa8 0 00
0000000000000019 3059e0a0c0000000 0 00 00000000 0 0 0 0 0 0 000000000000001a aaaaaaa8 f aaaaaaa8 0 00
000000000000001a 3029d0a0c0000000 0 00 00000000 0 0 0 0 0 0 000000000000001b aaaaaaa8 f aaaaaaa8 0 00
000000000000001b 101005070100f000 0 00 00000000 0 0 0 0 0 0 000000000000001c aaaaaaa8 f aaaaaaa8 1 05
000000000000001c 10000a0a0700f000 0 00 00000000 0 0 0 0 0 0 000000000000001d aaaaaaa8 f aaaaaaa8 1 0a
000000000000001d 7c95fffffbd00000 0 00 00000000 0 0 0 0 0 0 000000000000001e fffffffd f fffffffd 0 00
000000000000001e 34110d000000f000 0 00 00000000 0 0 0 0 0 0 000000000000001f fffffffd f fffffffd 1 0d
000000000000001f 10300c010d00f000 0 00 00000000 0 0 0 0 0 0 0000000000000020 fffffffd f fffffffd 1 0c
0000000000000020 10000c0c0700f000 0 00 00000000 0 0 0 0 0 0 0000000000000021 fffffffd f fffffffd 1 0c
0000000000000021 34110a000000f000 0 00 00000000 0 0 0 0 0 0 0000000000000022 fffffffd f fffffffd 1 0a
0000000000000022 7c85000004000000 0 00 00000000 0 0 0 0 0 0 0000000000000023 fffffffd f fffffffd 0 00
0000000000000023 3059e0a0c0000000 0 00 00000000 0 0 0 0 0 0 0000000000000024 fffffffd f fffffffd 0 00
0000000000000024 3029d0a0c0000000 0 00 00000000 0 0 0 0 0 0 0000000000000025 fffffffd f fffffffd 0 00
0000000000000025 111005040500f000 0 00 00000000 0 0 0 0 0 0 0000000000000026 fffffffd f fffffffd 1 05
0000000000000026 10000a0a0700f000 0 00 00000000 0 0 0 0 0 0 0000000000000027 fffffffd f fffffffd 1 0a
0000000000000027 7c95fffffbd00000 0 00 00000000 0 0 0 0 0 0 0000000000000023 fffffffd f fffffffd 0 00
0000000000000023 3059e0a0c0000000 0 00 00000000 0 0 0 0 0 0 0000000000000024 fffffffd f fffffffd 0 00
0000000000000024 3029d0a0c0000000 0 00 00000000 0 0 0 0 0 0 0000000000000025 fffffffd f fffffffd 0 00
0000000000000025 111005040500f000 0 00 00000000 0 0 0 0 0 0 0000000000000026 fffffffd f fffffffd 1 05
0000000000000026 10000a0a0700f000 0 00 00000000 0 0 0 0 0 0 0000000000000027 fffffffd f fffffffd 1 0a
0000000000000027 7c95fffffbd00000 0 00 00000000 0 0 0 0 0 0 0000000000000028 fffffffd f fffffffd 0 00
0000000000000028 020500006b000000 0 00 00000000 0 0 0 0 0 1 0000000000000094 fffffffd f fffffffd 0 00
0000000000000094 7c25000000000000 0 00 00000000 0 0 0 0 0 0 0000000000000029 00000002 f 00000002 0 00
0000000000000029 301930a0c0000000 0 00 00000000 0 0 0 0 0 0 000000000000002a 00000002 f 00000002 0 00
000000000000002a 7c15000002300067 0 00 00000000 0 0 0 0 0 0 000000000000002d 00000002 f 00000002 0 00
000000000000002d 3059d0b070000000 0 00 00000000 0 0 0 0 0 0 000000000000002e 00000002 f 00000002 0 00
000000000000002e 7c15000045d00058 0 00 00000000 0 0 0 0 0 0 0000000000000074 00000002 f 00000002 0 00
0000000000000074 3019201070000000 0 00 00000000 0 0 0 0 0 0 0000000000000075 00000002 f 00000002 0 00
0000000000000075 7c1500000f200010 0 00 00000000 0 0 0 0 0 0 0000000000000085 00000002 f 00000002 0 00
0000000000000085 111004040500f000 0 00 00000000 0 0 0 0 0 0 0000000000000086 00000002 f 00000002 1 04
0000000000000086 7c25000000000000 0 00 00000000 0 0 0 0 0 0 0000000000000087 00000002 f 00000002 0 00
0000000000000087 7c25000000000000 0 00 00000000 0 0 0 0 0 0 0000000000000088 00000002 f 00000002 0 00
0000000000000088 34110d000000f000 0 00 00000000 0 0 0 0 0 0 0000000000000089 00000002 f 00000002 1 0d
0000000000000089 10300c010d00f000 0 00 00000000 0 0 0 0 0 0 000000000000008a 00000002 f 00000002 1 0c
000000000000008a 10000c0c0700f000 0 00 00000000 0 0 0 0 0 0 000000000000008b 00000002 f 00000002 1 0c
000000000000008b 34110a000000f000 0 00 00000000 0 0 0 0 0 0 000000000000008c 00000002 f 00000002 1 0a
000000000000008c 7c85000004000000 0 00 00000000 0 0 0 0 0 0 000000000000008d 00000002 f 00000002 0 00
000000000000008d 3059e0a0c0000000 0 00 00000000 0 0 0 0 0 0 000000000000008e 00000002 f 00000002 0 00
000000000000008e 3029d0a0c0000000 0 00 00000000 0 0 0 0 0 0 000000000000008f 00000002 f 00000002 0 00
000000000000008f 10100c0c0300f000 0 00 00000000 0 0 0 0 0 0 0000000000000090 00000002 f 00000002 1 0c
0000000000000090 10000a0a0700f000 0 00 00000000 0 0 0 0 0 0 0000000000000091 00000002 f 00000002 1 0a
0000000000000091 7c95fffffbd00000 0 00 00000000 0 0 0 0 0 0 000000000000008d 00000002 f 00000002 0 00
000000000000008d 3059e0a0c0000000 0 00 00000000 0 0 0 0 0 0 000000000000008e 00000002 f 00000002 0 00
000000000000008e 3029d0a0c0000000 0 00 00000000 0 0 0 0 0 0 000000000000008f 00000002 f 00000002 0 00
000000000000008f 10100c0c0300f000 0 00 00000000 0 0 0 0 0 0 0000000000000090 00000002 f 00000002 1 0c
0000000000000090 10000a0a0700f000 0 00 00000000 0 0 0 0 0 0 0000000000000091 00000002 f 00000002 1 0a
0000000000000091 7c95fffffbd00000 0 00 00000000 0 0 0 0 0 0 0000000000000092 00000002 f 00000002 0 00
0000000000000092 7c25000000000000 0 00 00000000 0 0 0 0 0 0 0000000000000093 00000002 f 00000002 0 00
0000000000000093 34110400000af000 0 00 00000000 0 0 0 0 0 0 0000000000000094 00000002 f 00000002 1 04
0000000000000094 7c25000000000000 0 00 00000000 0 0 0 0 0 0 0000000000000095 ffffffff f ffffffff 0 00
0000000000000095 7cf5000000000000 0 00 00000000 0 0 0 0 0 0 0000000000000096 ffffffff f ffffffff 0 00
