0000000000000000 0013140000004d00 1 14 0000004d 0 0 0 0000000000000001 00003fff f 00003fff 0 00 00003fff
0000000000000001 343002000000f000 0 00 00000000 0 0 0 0000000000000002 00003fff f 00003fff 1 02 00003fff
0000000000000002 100102060001f000 0 00 00000000 0 0 0 0000000000000003 00003fff f 00003fff 1 02 00003fff
0000000000000003 341104003941f000 0 00 00000000 0 0 0 0000000000000004 00003fff f 00003fff 1 04 00003fff
0000000000000004 106106060000f000 0 00 00000000 0 0 0 0000000000000005 00003fff f 00003fff 1 06 00003fff
0000000000000005 107102030020f000 0 00 00000000 0 0 0 0000000000000006 00003fff f 00003fff 1 02 00003fff
0000000000000006 341106000000f000 0 00 00000000 0 0 0 0000000000000007 00003fff f 00003fff 1 06 00003fff
0000000000000007 105005060400f000 0 00 00000000 0 0 0 0000000000000008 00003fff f 00003fff 1 05 00003fff
0000000000000008 343006000000f000 0 00 00000000 0 0 0 0000000000000009 00003fff f 00003fff 1 06 00003fff
0000000000000009 0013150000000000 1 15 00000000 0 0 0 000000000000000a 00003fff f 00003fff 0 00 00003fff
000000000000000a 342004150000f000 0 00 00000000 0 0 0 000000000000000b 00003fff f 00003fff 1 04 00003fff
000000000000000b 341102002375f000 0 00 00000000 0 0 0 000000000000000c 00003fff f 00003fff 1 02 00003fff
000000000000000c 102004030500f000 0 00 00000000 0 0 0 000000000000000d 00003fff f 00003fff 1 04 00003fff
000000000000000d 00131e0000000100 1 1e 00000001 0 0 0 000000000000000e 00003fff f 00003fff 0 00 00003fff
000000000000000e 0023171700000100 1 17 00000001 0 0 0 000000000000000f 00003fff f 00003fff 0 00 00003fff
000000000000000f 00731e1e00000100 1 1e 00000000 0 0 0 0000000000000010 00003fff f 00003fff 0 00 00003fff
0000000000000010 0013180000000000 1 18 00000000 0 0 0 0000000000000011 00003fff f 00003fff 0 00 00003fff
0000000000000011 0102001e18000000 0 00 00000000 5 1 0 0000000000000012 00003fff f 00003fff 0 00 00003fff
0000000000000012 0215fffffb040000 0 00 00000000 5 1 0 0000000000000013 00003fff f 00003fff 0 00 00003fff
0000000000000013 7cf5000000000000 0 00 00000000 5 1 0 0000000000000014 00003fff f 00003fff 0 00 00003fff
DONE retired=20 fault=00 pc=0000000000000013
