0000000000000000 0013140000004d00 1 14 0000004d 0 0 0 0000000000000001 ffffff00 f ffffff00 0 00 ffffff00
0000000000000001 340006050000f000 0 00 00000000 0 0 0 0000000000000002 ffffff00 f ffffff00 1 06 ffffff00
0000000000000002 1050050203003000 0 00 00000000 0 0 0 0000000000000003 ffffff00 3 55555500 1 05 55555500
0000000000000003 106106030021f000 0 00 00000000 0 0 0 0000000000000004 ffffff00 f ffffff00 1 06 ffffff00
0000000000000004 343006000000f000 0 00 00000000 0 0 0 0000000000000005 ffffff00 f ffffff00 1 06 ffffff00
0000000000000005 10610504000ff000 0 00 00000000 0 0 0 0000000000000006 ffffff00 f ffffff00 1 05 ffffff00
0000000000000006 104102020000f000 0 00 00000000 0 0 0 0000000000000007 ffffff00 f ffffff00 1 02 ffffff00
0000000000000007 0013160000000000 1 16 00000000 0 0 0 0000000000000008 ffffff00 f ffffff00 0 00 ffffff00
0000000000000008 342006160000f000 0 00 00000000 0 0 0 0000000000000009 ffffff00 f ffffff00 1 06 ffffff00
0000000000000009 108102060000f000 0 00 00000000 0 0 0 000000000000000a ffffff00 f ffffff00 1 02 ffffff00
000000000000000a 105102020001f000 0 00 00000000 0 0 0 000000000000000b ffffff00 f ffffff00 1 02 ffffff00
000000000000000b 107102060021f000 0 00 00000000 0 0 0 000000000000000c ffffff00 f ffffff00 1 02 ffffff00
000000000000000c 105106048000f000 0 00 00000000 0 0 0 000000000000000d ffffff00 f ffffff00 1 06 ffffff00
000000000000000d 0013150000000000 1 15 00000000 0 0 0 000000000000000e ffffff00 f ffffff00 0 00 ffffff00
000000000000000e 3420061500004000 0 00 00000000 0 0 0 000000000000000f ffffff00 4 f5f27600 1 06 f5f27600
000000000000000f 00131e0000000200 1 1e 00000002 0 0 0 0000000000000010 ffffff00 f ffffff00 0 00 ffffff00
0000000000000010 0023171700000100 1 17 00000001 0 0 0 0000000000000011 ffffff00 f ffffff00 0 00 ffffff00
0000000000000011 00731e1e00000100 1 1e 00000001 0 0 0 0000000000000012 ffffff00 f ffffff00 0 00 ffffff00
0000000000000012 0013180000000000 1 18 00000000 0 0 0 0000000000000013 ffffff00 f ffffff00 0 00 ffffff00
0000000000000013 0102001e18000000 0 00 00000000 4 0 0 0000000000000014 ffffff00 f ffffff00 0 00 ffffff00
0000000000000014 0215fffffb040000 0 00 00000000 4 0 1 0000000000000010 ffffff00 f ffffff00 0 00 ffffff00
0000000000000010 0023171700000100 1 17 00000002 4 0 0 0000000000000011 ffffff00 f ffffff00 0 00 ffffff00
0000000000000011 00731e1e00000100 1 1e 00000000 4 0 0 0000000000000012 ffffff00 f ffffff00 0 00 ffffff00
0000000000000012 0013180000000000 1 18 00000000 4 0 0 0000000000000013 ffffff00 f ffffff00 0 00 ffffff00
0000000000000013 0102001e18000000 0 00 00000000 5 1 0 0000000000000014 ffffff00 f ffffff00 0 00 ffffff00
0000000000000014 0215fffffb040000 0 00 00000000 5 1 0 0000000000000015 ffffff00 f ffffff00 0 00 ffffff00
0000000000000015 7cf5000000000000 0 00 00000000 5 1 0 0000000000000016 ffffff00 f ffffff00 0 00 ffffff00
DONE retired=27 fault=00 pc=0000000000000015
