0000000000000000 0013140000004d00 1 14 0000004d 0 0 0 0000000000000001 5df35e78 f 5df35e78 0 00 5df35e78
0000000000000001 102006020500f000 0 00 00000000 0 0 0 0000000000000002 5df35e78 f 5df35e78 1 06 5df35e78
0000000000000002 106104030020f000 0 00 00000000 0 0 0 0000000000000003 5df35e78 f 5df35e78 1 04 5df35e78
0000000000000003 10710603000ff000 0 00 00000000 0 0 0 0000000000000004 5df35e78 f 5df35e78 1 06 5df35e78
0000000000000004 10610605000ff000 0 00 00000000 0 0 0 0000000000000005 5df35e78 f 5df35e78 1 06 5df35e78
0000000000000005 103106063fd8f000 0 00 00000000 0 0 0 0000000000000006 5df35e78 f 5df35e78 1 06 5df35e78
0000000000000006 00131600aaaaaa00 1 16 ffaaaaaa 0 0 0 0000000000000007 5df35e78 f 5df35e78 0 00 5df35e78
0000000000000007 342002160000f000 0 00 00000000 0 0 0 0000000000000008 5df35e78 f 5df35e78 1 02 5df35e78
0000000000000008 108106020021f000 0 00 00000000 0 0 0 0000000000000009 5df35e78 f 5df35e78 1 06 5df35e78
0000000000000009 340005030000f000 0 00 00000000 0 0 0 000000000000000a 5df35e78 f 5df35e78 1 05 5df35e78
000000000000000a 0013150055555500 1 15 00555555 0 0 0 000000000000000b 5df35e78 f 5df35e78 0 00 5df35e78
000000000000000b 342006150000f000 0 00 00000000 0 0 0 000000000000000c 5df35e78 f 5df35e78 1 06 5df35e78
000000000000000c 340006040000a000 0 00 00000000 0 0 0 000000000000000d 5df35e78 a 55515450 1 06 55515450
000000000000000d 102004040600f000 0 00 00000000 0 0 0 000000000000000e 5df35e78 f 5df35e78 1 04 5df35e78
000000000000000e 10610403001ff000 0 00 00000000 0 0 0 000000000000000f 5df35e78 f 5df35e78 1 04 5df35e78
000000000000000f 102004020200f000 0 00 00000000 0 0 0 0000000000000010 5df35e78 f 5df35e78 1 04 5df35e78
0000000000000010 34110300fffff000 0 00 00000000 0 0 0 0000000000000011 5df35e78 f 5df35e78 1 03 5df35e78
0000000000000011 103105061735f000 0 00 00000000 0 0 0 0000000000000012 5df35e78 f 5df35e78 1 05 5df35e78
0000000000000012 340002020000f000 0 00 00000000 0 0 0 0000000000000013 5df35e78 f 5df35e78 1 02 5df35e78
0000000000000013 341106007ffff000 0 00 00000000 0 0 0 0000000000000014 5df35e78 f 5df35e78 1 06 5df35e78
0000000000000014 101103025594f000 0 00 00000000 0 0 0 0000000000000015 5df35e78 f 5df35e78 1 03 5df35e78
0000000000000015 341102007fff7000 0 00 00000000 0 0 0 0000000000000016 5df35e78 7 44821248 1 02 44821248
0000000000000016 106105040021f000 0 00 00000000 0 0 0 0000000000000017 5df35e78 f 5df35e78 1 05 5df35e78
0000000000000017 34110300f029f000 0 00 00000000 0 0 0 0000000000000018 5df35e78 f 5df35e78 1 03 5df35e78
0000000000000018 10310304fffff000 0 00 00000000 0 0 0 0000000000000019 5df35e78 f 5df35e78 1 03 5df35e78
0000000000000019 101002030600f000 0 00 00000000 0 0 0 000000000000001a 5df35e78 f 5df35e78 1 02 5df35e78
000000000000001a 0013150000000000 1 15 00000000 0 0 0 000000000000001b 5df35e78 f 5df35e78 0 00 5df35e78
000000000000001b 342003150000f000 0 00 00000000 0 0 0 000000000000001c 5df35e78 f 5df35e78 1 03 5df35e78
000000000000001c 00131e0000000100 1 1e 00000001 0 0 0 000000000000001d 5df35e78 f 5df35e78 0 00 5df35e78
000000000000001d 0023171700000100 1 17 00000001 0 0 0 000000000000001e 5df35e78 f 5df35e78 0 00 5df35e78
000000000000001e 00731e1e00000100 1 1e 00000000 0 0 0 000000000000001f 5df35e78 f 5df35e78 0 00 5df35e78
000000000000001f 0013180000000000 1 18 00000000 0 0 0 0000000000000020 5df35e78 f 5df35e78 0 00 5df35e78
0000000000000020 0102001e18000000 0 00 00000000 5 1 0 0000000000000021 5df35e78 f 5df35e78 0 00 5df35e78
0000000000000021 0215fffffb040000 0 00 00000000 5 1 0 0000000000000022 5df35e78 f 5df35e78 0 00 5df35e78
0000000000000022 7cf5000000000000 0 00 00000000 5 1 0 0000000000000023 5df35e78 f 5df35e78 0 00 5df35e78
DONE retired=35 fault=00 pc=0000000000000022
