0000000000000000 00131d0000000000 1 1d 00000000 0 0 0 0000000000000001
0000000000000001 0306000000000900 1 09 00000000 0 0 0 0000000000000002
0000000000000002 0092040300000000 1 04 ffffffff 0 0 0 0000000000000003
0000000000000003 0073130700000000 1 13 00000000 0 0 0 0000000000000004
0000000000000004 8506000000000000 0 00 00000000 0 0 0 0000000000000005
0000000000000005 0013030000000000 1 03 00000000 0 0 0 0000000000000006
0000000000000006 0102001211000000 0 00 00000000 5 1 0 0000000000000007
0000000000000007 02150000010e0000 0 00 00000000 5 1 1 0000000000000009
0000000000000009 0013070000000000 1 07 00000000 5 1 0 000000000000000a
000000000000000a 010200080d000000 0 00 00000000 5 1 0 000000000000000b
000000000000000b 0215000003030000 0 00 00000000 5 1 1 000000000000000f
000000000000000f 0073020f00000100 1 02 ffffffff 5 1 0 0000000000000010
0000000000000010 0092040d00000000 1 04 ffffffff 5 1 0 0000000000000011
0000000000000011 8506000000000000 0 00 00000000 5 1 0 0000000000000012
0000000000000012 00a20b090d000000 1 0b 00000000 5 1 0 0000000000000013
0000000000000013 00131e0000000200 1 1e 00000002 5 1 0 0000000000000014
0000000000000014 0023151500000100 1 15 00000001 5 1 0 0000000000000015
0000000000000015 00731e1e00000100 1 1e 00000001 5 1 0 0000000000000016
0000000000000016 0102001e1d000000 0 00 00000000 4 0 0 0000000000000017
0000000000000017 0215fffffc040000 0 00 00000000 4 0 1 0000000000000014
0000000000000014 0023151500000100 1 15 00000002 4 0 0 0000000000000015
0000000000000015 00731e1e00000100 1 1e 00000000 4 0 0 0000000000000016
0000000000000016 0102001e1d000000 0 00 00000000 5 1 0 0000000000000017
0000000000000017 0215fffffc040000 0 00 00000000 5 1 0 0000000000000018
0000000000000018 7cf5000000000000 0 00 00000000 5 1 0 0000000000000019
DONE retired=25 fault=00 pc=0000000000000018
