0000000000000000 00131d0000000000 1 1d 00000000 0 0 0 0000000000000001
0000000000000001 0306000000000200 1 02 00000000 0 0 0 0000000000000002
0000000000000002 0112001107000000 0 00 00000000 5 0 0 0000000000000003
0000000000000003 0215000002040000 0 00 00000000 5 0 0 0000000000000004
0000000000000004 8506000000000000 0 00 00000000 5 0 0 0000000000000005
0000000000000005 8506000000000000 0 00 00000000 5 0 0 0000000000000006
0000000000000006 00130a0039c2a000 1 0a 0039c2a0 5 0 0 0000000000000007
0000000000000007 0306000000000500 1 05 00000000 5 0 0 0000000000000008
0000000000000008 00130600ffffff00 1 06 ffffffff 5 0 0 0000000000000009
0000000000000009 00130500d7efda00 1 05 ffd7efda 5 0 0 000000000000000a
000000000000000a 0032020e07000000 1 02 00000000 5 0 0 000000000000000b
000000000000000b 00b2031110000000 1 03 00000000 5 0 0 000000000000000c
000000000000000c 001302000da34f00 1 02 000da34f 5 0 0 000000000000000d
000000000000000d 0023041355555500 1 04 00555555 5 0 0 000000000000000e
000000000000000e 003209060d000000 1 09 00000000 5 0 0 000000000000000f
000000000000000f 0306000000001000 1 10 00000000 5 0 0 0000000000000010
0000000000000010 0032141208000000 1 14 00000000 5 0 0 0000000000000011
0000000000000011 00130d00dab15a00 1 0d ffdab15a 5 0 0 0000000000000012
0000000000000012 00130f00c5001200 1 0f ffc50012 5 0 0 0000000000000013
0000000000000013 00130100e758f900 1 01 ffe758f9 5 0 0 0000000000000014
0000000000000014 005210100a000000 1 10 0039c2a0 5 0 0 0000000000000015
0000000000000015 00520a0607000000 1 0a ffffffff 5 0 0 0000000000000016
0000000000000016 0092120c00000000 1 12 ffffffff 5 0 0 0000000000000017
0000000000000017 006203020f000000 1 03 8d3c0000 5 0 0 0000000000000018
0000000000000018 006203010a000000 1 03 80000000 5 0 0 0000000000000019
0000000000000019 0306000000000f00 1 0f 00000000 5 0 0 000000000000001a
000000000000001a 8506000000000000 0 00 00000000 5 0 0 000000000000001b
000000000000001b 00130500d38b5b00 1 05 ffd38b5b 5 0 0 000000000000001c
000000000000001c 00131e0000000400 1 1e 00000004 5 0 0 000000000000001d
000000000000001d 0023151500000100 1 15 00000001 5 0 0 000000000000001e
000000000000001e 00731e1e00000100 1 1e 00000003 5 0 0 000000000000001f
000000000000001f 0102001e1d000000 0 00 00000000 4 0 0 0000000000000020
0000000000000020 0215fffffc040000 0 00 00000000 4 0 1 000000000000001d
000000000000001d 0023151500000100 1 15 00000002 4 0 0 000000000000001e
000000000000001e 00731e1e00000100 1 1e 00000002 4 0 0 000000000000001f
000000000000001f 0102001e1d000000 0 00 00000000 4 0 0 0000000000000020
0000000000000020 0215fffffc040000 0 00 00000000 4 0 1 000000000000001d
000000000000001d 0023151500000100 1 15 00000003 4 0 0 000000000000001e
000000000000001e 00731e1e00000100 1 1e 00000001 4 0 0 000000000000001f
000000000000001f 0102001e1d000000 0 00 00000000 4 0 0 0000000000000020
0000000000000020 0215fffffc040000 0 00 00000000 4 0 1 000000000000001d
000000000000001d 0023151500000100 1 15 00000004 4 0 0 000000000000001e
000000000000001e 00731e1e00000100 1 1e 00000000 4 0 0 000000000000001f
000000000000001f 0102001e1d000000 0 00 00000000 5 1 0 0000000000000020
0000000000000020 0215fffffc040000 0 00 00000000 5 1 0 0000000000000021
0000000000000021 7cf5000000000000 0 00 00000000 5 1 0 0000000000000022
DONE retired=46 fault=00 pc=0000000000000021
