0000000000000000 0013140000004d00 1 14 0000004d 0 0 0 0000000000000001 4d4bcd7e f 4d4bcd7e 0 00 4d4bcd7e
0000000000000001 100004040400f000 0 00 00000000 0 0 0 0000000000000002 4d4bcd7e f 4d4bcd7e 1 04 4d4bcd7e
0000000000000002 106104020001f000 0 00 00000000 0 0 0 0000000000000003 4d4bcd7e f 4d4bcd7e 1 04 4d4bcd7e
0000000000000003 343004000000f000 0 00 00000000 0 0 0 0000000000000004 4d4bcd7e f 4d4bcd7e 1 04 4d4bcd7e
0000000000000004 104002040200f000 0 00 00000000 0 0 0 0000000000000005 4d4bcd7e f 4d4bcd7e 1 02 4d4bcd7e
0000000000000005 102005050200f000 0 00 00000000 0 0 0 0000000000000006 4d4bcd7e f 4d4bcd7e 1 05 4d4bcd7e
0000000000000006 341103002ed3f000 0 00 00000000 0 0 0 0000000000000007 4d4bcd7e f 4d4bcd7e 1 03 4d4bcd7e
0000000000000007 34110300ffff3000 0 00 00000000 0 0 0 0000000000000008 4d4bcd7e 3 00000000 1 03 00000000
0000000000000008 10310604fffff000 0 00 00000000 0 0 0 0000000000000009 4d4bcd7e f 4d4bcd7e 1 06 4d4bcd7e
0000000000000009 106102050004f000 0 00 00000000 0 0 0 000000000000000a 4d4bcd7e f 4d4bcd7e 1 02 4d4bcd7e
000000000000000a 0013160000000100 1 16 00000001 0 0 0 000000000000000b 4d4bcd7e f 4d4bcd7e 0 00 4d4bcd7e
000000000000000b 342006160000f000 0 00 00000000 0 0 0 000000000000000c 4d4bcd7e f 4d4bcd7e 1 06 4d4bcd7e
000000000000000c 10810406003ff000 0 00 00000000 0 0 0 000000000000000d 4d4bcd7e f 4d4bcd7e 1 04 4d4bcd7e
000000000000000d 107105040000f000 0 00 00000000 0 0 0 000000000000000e 4d4bcd7e f 4d4bcd7e 1 05 4d4bcd7e
000000000000000e 107105040001f000 0 00 00000000 0 0 0 000000000000000f 4d4bcd7e f 4d4bcd7e 1 05 4d4bcd7e
000000000000000f 103104048000f000 0 00 00000000 0 0 0 0000000000000010 4d4bcd7e f 4d4bcd7e 1 04 4d4bcd7e
0000000000000010 340006050000c000 0 00 00000000 0 0 0 0000000000000011 4d4bcd7e c 00000000 1 06 00000000
0000000000000011 103004040600f000 0 00 00000000 0 0 0 0000000000000012 4d4bcd7e f 4d4bcd7e 1 04 4d4bcd7e
0000000000000012 102006040600f000 0 00 00000000 0 0 0 0000000000000013 4d4bcd7e f 4d4bcd7e 1 06 4d4bcd7e
0000000000000013 103105057fcaf000 0 00 00000000 0 0 0 0000000000000014 4d4bcd7e f 4d4bcd7e 1 05 4d4bcd7e
0000000000000014 10710404000ff000 0 00 00000000 0 0 0 0000000000000015 4d4bcd7e f 4d4bcd7e 1 04 4d4bcd7e
0000000000000015 343004000000f000 0 00 00000000 0 0 0 0000000000000016 4d4bcd7e f 4d4bcd7e 1 04 4d4bcd7e
0000000000000016 340002050000f000 0 00 00000000 0 0 0 0000000000000017 4d4bcd7e f 4d4bcd7e 1 02 4d4bcd7e
0000000000000017 00131e0000000300 1 1e 00000003 0 0 0 0000000000000018 4d4bcd7e f 4d4bcd7e 0 00 4d4bcd7e
0000000000000018 0023171700000100 1 17 00000001 0 0 0 0000000000000019 4d4bcd7e f 4d4bcd7e 0 00 4d4bcd7e
0000000000000019 00731e1e00000100 1 1e 00000002 0 0 0 000000000000001a 4d4bcd7e f 4d4bcd7e 0 00 4d4bcd7e
000000000000001a 0013180000000000 1 18 00000000 0 0 0 000000000000001b 4d4bcd7e f 4d4bcd7e 0 00 4d4bcd7e
000000000000001b 0102001e18000000 0 00 00000000 4 0 0 000000000000001c 4d4bcd7e f 4d4bcd7e 0 00 4d4bcd7e
000000000000001c 0215fffffb040000 0 00 00000000 4 0 1 0000000000000018 4d4bcd7e f 4d4bcd7e 0 00 4d4bcd7e
0000000000000018 0023171700000100 1 17 00000002 4 0 0 0000000000000019 4d4bcd7e f 4d4bcd7e 0 00 4d4bcd7e
0000000000000019 00731e1e00000100 1 1e 00000001 4 0 0 000000000000001a 4d4bcd7e f 4d4bcd7e 0 00 4d4bcd7e
000000000000001a 0013180000000000 1 18 00000000 4 0 0 000000000000001b 4d4bcd7e f 4d4bcd7e 0 00 4d4bcd7e
000000000000001b 0102001e18000000 0 00 00000000 4 0 0 000000000000001c 4d4bcd7e f 4d4bcd7e 0 00 4d4bcd7e
000000000000001c 0215fffffb040000 0 00 00000000 4 0 1 0000000000000018 4d4bcd7e f 4d4bcd7e 0 00 4d4bcd7e
0000000000000018 0023171700000100 1 17 00000003 4 0 0 0000000000000019 4d4bcd7e f 4d4bcd7e 0 00 4d4bcd7e
0000000000000019 00731e1e00000100 1 1e 00000000 4 0 0 000000000000001a 4d4bcd7e f 4d4bcd7e 0 00 4d4bcd7e
000000000000001a 0013180000000000 1 18 00000000 4 0 0 000000000000001b 4d4bcd7e f 4d4bcd7e 0 00 4d4bcd7e
000000000000001b 0102001e18000000 0 00 00000000 5 1 0 000000000000001c 4d4bcd7e f 4d4bcd7e 0 00 4d4bcd7e
000000000000001c 0215fffffb040000 0 00 00000000 5 1 0 000000000000001d 4d4bcd7e f 4d4bcd7e 0 00 4d4bcd7e
000000000000001d 7cf5000000000000 0 00 00000000 5 1 0 000000000000001e 4d4bcd7e f 4d4bcd7e 0 00 4d4bcd7e
DONE retired=40 fault=00 pc=000000000000001d
