0000000000000000 00131d0000000000 1 1d 00000000 0 0 0 0000000000000001
0000000000000001 0013140000000000 1 14 00000000 0 0 0 0000000000000002
0000000000000002 00a20f1411000000 1 0f 00000000 0 0 0 0000000000000003
0000000000000003 8506000000000000 0 00 00000000 0 0 0 0000000000000004
0000000000000004 00130900b6e65f00 1 09 ffb6e65f 0 0 0 0000000000000005
0000000000000005 001313005a1bf900 1 13 005a1bf9 0 0 0 0000000000000006
0000000000000006 0102000510000000 0 00 00000000 5 1 0 0000000000000007
0000000000000007 0215000003030000 0 00 00000000 5 1 1 000000000000000b
000000000000000b 0032110f08000000 1 11 00000000 5 1 0 000000000000000c
000000000000000c 0122000407000000 0 00 00000000 5 0 0 000000000000000d
000000000000000d 0215000001030000 0 00 00000000 5 0 1 000000000000000f
000000000000000f 00a206010b000000 1 06 00000000 5 0 0 0000000000000010
0000000000000010 0112000810000000 0 00 00000000 5 0 0 0000000000000011
0000000000000011 02150000030c0000 0 00 00000000 5 0 1 0000000000000015
0000000000000015 00820c0510000000 1 0c 00000000 5 0 0 0000000000000016
0000000000000016 0022071205000000 1 07 00000000 5 0 0 0000000000000017
0000000000000017 0023051300000000 1 05 005a1bf9 5 0 0 0000000000000018
0000000000000018 0042090801000000 1 09 00000000 5 0 0 0000000000000019
0000000000000019 00131e0000000100 1 1e 00000001 5 0 0 000000000000001a
000000000000001a 0023151500000100 1 15 00000001 5 0 0 000000000000001b
000000000000001b 00731e1e00000100 1 1e 00000000 5 0 0 000000000000001c
000000000000001c 0102001e1d000000 0 00 00000000 5 1 0 000000000000001d
000000000000001d 0215fffffc040000 0 00 00000000 5 1 0 000000000000001e
000000000000001e 7cf5000000000000 0 00 00000000 5 1 0 000000000000001f
DONE retired=24 fault=00 pc=000000000000001e
