0000000000000000 343001000000f000 0 00 00000000 0 0 0 0 0 0 0000000000000001 ffffffff f ffffffff 1 01
0000000000000001 460004010000f000 0 00 00000000 0 0 0 0 0 0 0000000000000002 ffffffff f ffffffff 0 00
0000000000000002 34110600106ff000 0 00 00000000 0 0 0 0 0 0 0000000000000003 ffffffff f ffffffff 1 06
0000000000000003 40300b050406f000 0 00 00000000 0 0 0 0 0 0 0000000000000004 ffffffff f ffffffff 1 0b
0000000000000004 400003040500f000 0 00 00000000 0 0 0 0 0 0 0000000000000005 ffffffff f ffffffff 1 03
0000000000000005 400003050700f000 0 00 00000000 0 0 0 0 0 0 0000000000000006 ffffffff f ffffffff 1 03
0000000000000006 40300c040507f000 0 00 00000000 0 0 0 0 0 0 0000000000000007 ffffffff f ffffffff 1 0c
0000000000000007 40200e050500f000 0 00 00000000 0 0 0 0 0 0 0000000000000008 ffffffff f ffffffff 1 0e
0000000000000008 402003070500f000 0 00 00000000 0 0 0 0 0 0 0000000000000009 ffffffff f ffffffff 1 03
0000000000000009 461003060000f000 0 00 00000000 0 0 0 0 0 0 000000000000000a ffffffff f ffffffff 0 00
000000000000000a 40200d060500f000 0 00 00000000 0 0 0 0 0 0 000000000000000b ffffffff f ffffffff 1 0d
000000000000000b 46100d050000f000 0 00 00000000 0 0 0 0 0 0 000000000000000c ffffffff f ffffffff 0 00
000000000000000c 3049501070000000 0 00 00000000 0 0 0 0 0 0 000000000000000d ffffffff f ffffffff 0 00
000000000000000d 7c15000002500003 0 00 00000000 0 0 0 0 0 0 000000000000000e fffffffd f fffffffd 0 00
000000000000000e 40200e050600f000 0 00 00000000 0 0 0 0 0 0 000000000000000f fffffffd f fffffffd 1 0e
000000000000000f 0205000001000000 0 00 00000000 0 0 0 0 0 1 0000000000000011 fffffffd f fffffffd 0 00
0000000000000011 7c25000000000000 0 00 00000000 0 0 0 0 0 0 0000000000000010 00000002 f 00000002 0 00
0000000000000010 40000e050600f000 0 00 00000000 0 0 0 0 0 0 0000000000000011 00000002 f 00000002 1 0e
0000000000000011 7c25000000000000 0 00 00000000 0 0 0 0 0 0 0000000000000012 ffffffff f ffffffff 0 00
0000000000000012 7cf5000000000000 0 00 00000000 0 0 0 0 0 0 0000000000000013 ffffffff f ffffffff 0 00
