0000000000000000 343001000000f000 0 00 00000000 0 0 0 0 0 0 0000000000000001 ffffffff f ffffffff 1 01
0000000000000001 341107000001f000 0 00 00000000 0 0 0 0 0 0 0000000000000002 ffffffff f ffffffff 1 07
0000000000000002 34110c000003f000 0 00 00000000 0 0 0 0 0 0 0000000000000003 ffffffff f ffffffff 1 0c
0000000000000003 3009d01070000000 0 00 00000000 0 0 0 0 0 0 0000000000000004 ffffffff f ffffffff 0 00
0000000000000004 7c15000044d00052 0 00 00000000 0 0 0 0 0 0 0000000000000005 00000002 f 00000002 0 00
0000000000000005 34110d000003f000 0 00 00000000 0 0 0 0 0 0 0000000000000006 00000002 f 00000002 1 0d
0000000000000006 10300c010d00f000 0 00 00000000 0 0 0 0 0 0 0000000000000007 00000002 f 00000002 1 0c
0000000000000007 10000c0c0700f000 0 00 00000000 0 0 0 0 0 0 0000000000000008 00000002 f 00000002 1 0c
0000000000000008 34110a000000f000 0 00 00000000 0 0 0 0 0 0 0000000000000009 00000002 f 00000002 1 0a
0000000000000009 7c85000004000000 0 00 00000000 0 0 0 0 0 0 000000000000000a 00000002 f 00000002 0 00
000000000000000a 3059e0a0c0000000 0 00 00000000 0 0 0 0 0 0 000000000000000b 00000002 f 00000002 0 00
000000000000000b 3029d0a0c0000000 0 00 00000000 0 0 0 0 0 0 000000000000000c 00000002 f 00000002 0 00
000000000000000c 0023060600000400 1 06 00000004 0 0 0 0 0 0 000000000000000d 00000002 f 00000002 0 00
000000000000000d 10000a0a0700f000 0 00 00000000 0 0 0 0 0 0 000000000000000e 00000002 f 00000002 1 0a
000000000000000e 7c95fffffbd00000 0 00 00000000 0 0 0 0 0 0 000000000000000a 00000002 f 00000002 0 00
000000000000000a 3059e0a0c0000000 0 00 00000000 0 0 0 0 0 0 000000000000000b 00000002 f 00000002 0 00
000000000000000b 3029d0a0c0000000 0 00 00000000 0 0 0 0 0 0 000000000000000c 00000002 f 00000002 0 00
000000000000000c 0023060600000400 1 06 00000008 0 0 0 0 0 0 000000000000000d 00000002 f 00000002 0 00
000000000000000d 10000a0a0700f000 0 00 00000000 0 0 0 0 0 0 000000000000000e 00000002 f 00000002 1 0a
000000000000000e 7c95fffffbd00000 0 00 00000000 0 0 0 0 0 0 000000000000000a 00000002 f 00000002 0 00
000000000000000a 3059e0a0c0000000 0 00 00000000 0 0 0 0 0 0 000000000000000b 00000002 f 00000002 0 00
000000000000000b 3029d0a0c0000000 0 00 00000000 0 0 0 0 0 0 000000000000000c 00000002 f 00000002 0 00
000000000000000c 0023060600000400 1 06 0000000c 0 0 0 0 0 0 000000000000000d 00000002 f 00000002 0 00
000000000000000d 10000a0a0700f000 0 00 00000000 0 0 0 0 0 0 000000000000000e 00000002 f 00000002 1 0a
000000000000000e 7c95fffffbd00000 0 00 00000000 0 0 0 0 0 0 000000000000000f 00000002 f 00000002 0 00
000000000000000f 3029901070000000 0 00 00000000 0 0 0 0 0 0 0000000000000010 00000002 f 00000002 0 00
0000000000000010 7c15000035900036 0 00 00000000 0 0 0 0 0 0 0000000000000046 00000002 f 00000002 0 00
0000000000000046 104003010500f000 0 00 00000000 0 0 0 0 0 0 0000000000000047 00000002 f 00000002 1 03
0000000000000047 7c25000000000000 0 00 00000000 0 0 0 0 0 0 0000000000000048 00000002 f 00000002 0 00
0000000000000048 020500000e000000 0 00 00000000 0 0 0 0 0 1 0000000000000057 00000002 f 00000002 0 00
0000000000000057 7c25000000000000 0 00 00000000 0 0 0 0 0 0 0000000000000049 fffffffd f fffffffd 0 00
0000000000000049 34110d000003f000 0 00 00000000 0 0 0 0 0 0 000000000000004a fffffffd f fffffffd 1 0d
000000000000004a 10300c010d00f000 0 00 00000000 0 0 0 0 0 0 000000000000004b fffffffd f fffffffd 1 0c
000000000000004b 10000c0c0700f000 0 00 00000000 0 0 0 0 0 0 000000000000004c fffffffd f fffffffd 1 0c
000000000000004c 34110a000000f000 0 00 00000000 0 0 0 0 0 0 000000000000004d fffffffd f fffffffd 1 0a
000000000000004d 7c85000008000000 0 00 00000000 0 0 0 0 0 0 000000000000004e fffffffd f fffffffd 0 00
000000000000004e 3059e0a0c0000000 0 00 00000000 0 0 0 0 0 0 000000000000004f fffffffd f fffffffd 0 00
000000000000004f 3029d0a0c0000000 0 00 00000000 0 0 0 0 0 0 0000000000000050 fffffffd f fffffffd 0 00
0000000000000050 3019401070000000 0 00 00000000 0 0 0 0 0 0 0000000000000051 fffffffd f fffffffd 0 00
0000000000000051 7c15000000400001 0 00 00000000 0 0 0 0 0 0 0000000000000052 fffffffd f fffffffd 0 00
0000000000000052 110004010700f000 0 00 00000000 0 0 0 0 0 0 0000000000000053 fffffffd f fffffffd 1 04
0000000000000053 7c25000000000000 0 00 00000000 0 0 0 0 0 0 0000000000000054 fffffffd f fffffffd 0 00
0000000000000054 7cb5000000e00000 0 00 00000000 0 0 0 0 0 0 0000000000000055 fffffffd f fffffffd 0 00
0000000000000055 10000a0a0700f000 0 00 00000000 0 0 0 0 0 0 0000000000000056 fffffffd f fffffffd 1 0a
0000000000000056 7c95fffff7d00000 0 00 00000000 0 0 0 0 0 0 000000000000004e fffffffd f fffffffd 0 00
000000000000004e 3059e0a0c0000000 0 00 00000000 0 0 0 0 0 0 000000000000004f fffffffd f fffffffd 0 00
000000000000004f 3029d0a0c0000000 0 00 00000000 0 0 0 0 0 0 0000000000000050 fffffffd f fffffffd 0 00
0000000000000050 3019401070000000 0 00 00000000 0 0 0 0 0 0 0000000000000051 fffffffd f fffffffd 0 00
0000000000000051 7c15000000400001 0 00 00000000 0 0 0 0 0 0 0000000000000052 fffffffd f fffffffd 0 00
0000000000000052 110004010700f000 0 00 00000000 0 0 0 0 0 0 0000000000000053 fffffffd f fffffffd 1 04
0000000000000053 7c25000000000000 0 00 00000000 0 0 0 0 0 0 0000000000000054 fffffffd f fffffffd 0 00
0000000000000054 7cb5000000e00000 0 00 00000000 0 0 0 0 0 0 0000000000000055 eeeeeeec f eeeeeeec 0 00
0000000000000055 10000a0a0700f000 0 00 00000000 0 0 0 0 0 0 0000000000000056 eeeeeeec f eeeeeeec 1 0a
0000000000000056 7c95fffff7d00000 0 00 00000000 0 0 0 0 0 0 000000000000004e eeeeeeec f eeeeeeec 0 00
000000000000004e 3059e0a0c0000000 0 00 00000000 0 0 0 0 0 0 000000000000004f eeeeeeec f eeeeeeec 0 00
000000000000004f 3029d0a0c0000000 0 00 00000000 0 0 0 0 0 0 0000000000000050 eeeeeeec f eeeeeeec 0 00
0000000000000050 3019401070000000 0 00 00000000 0 0 0 0 0 0 0000000000000051 eeeeeeec f eeeeeeec 0 00
0000000000000051 7c15000000400001 0 00 00000000 0 0 0 0 0 0 0000000000000052 eeeeeeec f eeeeeeec 0 00
0000000000000052 110004010700f000 0 00 00000000 0 0 0 0 0 0 0000000000000053 eeeeeeec f eeeeeeec 1 04
0000000000000053 7c25000000000000 0 00 00000000 0 0 0 0 0 0 0000000000000054 eeeeeeec f eeeeeeec 0 00
0000000000000054 7cb5000000e00000 0 00 00000000 0 0 0 0 0 0 0000000000000055 cccccccc f cccccccc 0 00
0000000000000055 10000a0a0700f000 0 00 00000000 0 0 0 0 0 0 0000000000000056 cccccccc f cccccccc 1 0a
0000000000000056 7c95fffff7d00000 0 00 00000000 0 0 0 0 0 0 000000000000004e cccccccc f cccccccc 0 00
000000000000004e 3059e0a0c0000000 0 00 00000000 0 0 0 0 0 0 000000000000004f cccccccc f cccccccc 0 00
000000000000004f 3029d0a0c0000000 0 00 00000000 0 0 0 0 0 0 0000000000000050 cccccccc f cccccccc 0 00
0000000000000050 3019401070000000 0 00 00000000 0 0 0 0 0 0 0000000000000051 cccccccc f cccccccc 0 00
0000000000000051 7c15000000400001 0 00 00000000 0 0 0 0 0 0 0000000000000052 cccccccc f cccccccc 0 00
0000000000000052 110004010700f000 0 00 00000000 0 0 0 0 0 0 0000000000000053 cccccccc f cccccccc 1 04
0000000000000053 7c25000000000000 0 00 00000000 0 0 0 0 0 0 0000000000000054 cccccccc f cccccccc 0 00
0000000000000054 7cb5000000e00000 0 00 00000000 0 0 0 0 0 0 0000000000000055 88888888 f 88888888 0 00
0000000000000055 10000a0a0700f000 0 00 00000000 0 0 0 0 0 0 0000000000000056 88888888 f 88888888 1 0a
0000000000000056 7c95fffff7d00000 0 00 00000000 0 0 0 0 0 0 000000000000004e 88888888 f 88888888 0 00
000000000000004e 3059e0a0c0000000 0 00 00000000 0 0 0 0 0 0 000000000000004f 88888888 f 88888888 0 00
000000000000004f 3029d0a0c0000000 0 00 00000000 0 0 0 0 0 0 0000000000000050 88888888 f 88888888 0 00
0000000000000050 3019401070000000 0 00 00000000 0 0 0 0 0 0 0000000000000051 88888888 f 88888888 0 00
0000000000000051 7c15000000400001 0 00 00000000 0 0 0 0 0 0 0000000000000052 88888888 f 88888888 0 00
0000000000000052 110004010700f000 0 00 00000000 0 0 0 0 0 0 0000000000000053 88888888 f 88888888 1 04
0000000000000053 7c25000000000000 0 00 00000000 0 0 0 0 0 0 0000000000000054 88888888 f 88888888 0 00
0000000000000056 7cb5000000e00000 0 00 00000000 0 0 0 0 0 0 0000000000000055 00000000 f 00000000 0 00
0000000000000056 7c95fffff7d00000 0 00 00000000 0 0 0 0 0 0 0000000000000057 fffffffd f fffffffd 0 00
0000000000000057 7c25000000000000 0 00 00000000 0 0 0 0 0 0 0000000000000058 ffffffff f ffffffff 0 00
0000000000000058 111005040700f000 0 00 00000000 0 0 0 0 0 0 0000000000000059 ffffffff f ffffffff 1 05
0000000000000059 0023060600000300 1 06 0000000f 0 0 0 0 0 0 000000000000005a ffffffff f ffffffff 0 00
000000000000005a 7cf5000000000000 0 00 00000000 0 0 0 0 0 0 000000000000005b ffffffff f ffffffff 0 00
