0000000000000000 00131d0000000000 1 1d 00000000 0 0 0 0000000000000001
0000000000000001 0306000000000c00 1 0c 00000000 0 0 0 0000000000000002
0000000000000002 00130c0034d17200 1 0c 0034d172 0 0 0 0000000000000003
0000000000000003 0013110083b9d600 1 11 ff83b9d6 0 0 0 0000000000000004
0000000000000004 0112000b04000000 0 00 00000000 5 0 0 0000000000000005
0000000000000005 02150000020c0000 0 00 00000000 5 0 1 0000000000000008
0000000000000008 00920a0d00000000 1 0a ffffffff 5 0 0 0000000000000009
0000000000000009 00730d12ffffff00 1 0d 00000001 5 0 0 000000000000000a
000000000000000a 8506000000000000 0 00 00000000 5 0 0 000000000000000b
000000000000000b 00130600ffffff00 1 06 ffffffff 5 0 0 000000000000000c
000000000000000c 0062120e0d000000 1 12 00000000 5 0 0 000000000000000d
000000000000000d 0112000b01000000 0 00 00000000 5 0 0 000000000000000e
000000000000000e 02150000020c0000 0 00 00000000 5 0 1 0000000000000011
0000000000000011 001311006b64cc00 1 11 006b64cc 5 0 0 0000000000000012
0000000000000012 00130a00fabe1900 1 0a fffabe19 5 0 0 0000000000000013
0000000000000013 8506000000000000 0 00 00000000 5 0 0 0000000000000014
0000000000000014 0052100110000000 1 10 00000000 5 0 0 0000000000000015
0000000000000015 00130a0000000000 1 0a 00000000 5 0 0 0000000000000016
0000000000000016 8506000000000000 0 00 00000000 5 0 0 0000000000000017
0000000000000017 00220a0a02000000 1 0a 00000000 5 0 0 0000000000000018
0000000000000018 00a3120800000100 1 12 00000000 5 0 0 0000000000000019
0000000000000019 0013050055555500 1 05 00555555 5 0 0 000000000000001a
000000000000001a 00130a00d7901a00 1 0a ffd7901a 5 0 0 000000000000001b
000000000000001b 005214010f000000 1 14 00000000 5 0 0 000000000000001c
000000000000001c 0306000000000b00 1 0b 00000000 5 0 0 000000000000001d
000000000000001d 8506000000000000 0 00 00000000 5 0 0 000000000000001e
000000000000001e 00220a0f05000000 1 0a 00555555 5 0 0 000000000000001f
000000000000001f 0092090600000000 1 09 00000000 5 0 0 0000000000000020
0000000000000020 8506000000000000 0 00 00000000 5 0 0 0000000000000021
0000000000000021 0306000000001100 1 11 00000000 5 0 0 0000000000000022
0000000000000022 00131e0000000300 1 1e 00000003 5 0 0 0000000000000023
0000000000000023 0023151500000100 1 15 00000001 5 0 0 0000000000000024
0000000000000024 00731e1e00000100 1 1e 00000002 5 0 0 0000000000000025
0000000000000025 0102001e1d000000 0 00 00000000 4 0 0 0000000000000026
0000000000000026 0215fffffc040000 0 00 00000000 4 0 1 0000000000000023
0000000000000023 0023151500000100 1 15 00000002 4 0 0 0000000000000024
0000000000000024 00731e1e00000100 1 1e 00000001 4 0 0 0000000000000025
0000000000000025 0102001e1d000000 0 00 00000000 4 0 0 0000000000000026
0000000000000026 0215fffffc040000 0 00 00000000 4 0 1 0000000000000023
0000000000000023 0023151500000100 1 15 00000003 4 0 0 0000000000000024
0000000000000024 00731e1e00000100 1 1e 00000000 4 0 0 0000000000000025
0000000000000025 0102001e1d000000 0 00 00000000 5 1 0 0000000000000026
0000000000000026 0215fffffc040000 0 00 00000000 5 1 0 0000000000000027
0000000000000027 7cf5000000000000 0 00 00000000 5 1 0 0000000000000028
DONE retired=44 fault=00 pc=0000000000000027
