0000000000000000 0013140000004d00 1 14 0000004d 0 0 0 0000000000000001 ffe00000 f ffe00000 0 00 ffe00000
0000000000000001 341105000000f000 0 00 00000000 0 0 0 0000000000000002 ffe00000 f ffe00000 1 05 ffe00000
0000000000000002 101002030300f000 0 00 00000000 0 0 0 0000000000000003 ffe00000 f ffe00000 1 02 ffe00000
0000000000000003 107105030009f000 0 00 00000000 0 0 0 0000000000000004 ffe00000 f ffe00000 1 05 ffe00000
0000000000000004 103002050200f000 0 00 00000000 0 0 0 0000000000000005 ffe00000 f ffe00000 1 02 ffe00000
0000000000000005 10710206000df000 0 00 00000000 0 0 0 0000000000000006 ffe00000 f ffe00000 1 02 ffe00000
0000000000000006 104004030600f000 0 00 00000000 0 0 0 0000000000000007 ffe00000 f ffe00000 1 04 ffe00000
0000000000000007 343005000000f000 0 00 00000000 0 0 0 0000000000000008 ffe00000 f ffe00000 1 05 ffe00000
0000000000000008 0013160000000000 1 16 00000000 0 0 0 0000000000000009 ffe00000 f ffe00000 0 00 ffe00000
0000000000000009 342004160000f000 0 00 00000000 0 0 0 000000000000000a ffe00000 f ffe00000 1 04 ffe00000
000000000000000a 10810504001ff000 0 00 00000000 0 0 0 000000000000000b ffe00000 f ffe00000 1 05 ffe00000
000000000000000b 107102030001f000 0 00 00000000 0 0 0 000000000000000c ffe00000 f ffe00000 1 02 ffe00000
000000000000000c 102003020500f000 0 00 00000000 0 0 0 000000000000000d ffe00000 f ffe00000 1 03 ffe00000
000000000000000d 0013150000000000 1 15 00000000 0 0 0 000000000000000e ffe00000 f ffe00000 0 00 ffe00000
000000000000000e 342006150000f000 0 00 00000000 0 0 0 000000000000000f ffe00000 f ffe00000 1 06 ffe00000
000000000000000f 106104020000f000 0 00 00000000 0 0 0 0000000000000010 ffe00000 f ffe00000 1 04 ffe00000
0000000000000010 340005060000f000 0 00 00000000 0 0 0 0000000000000011 ffe00000 f ffe00000 1 05 ffe00000
0000000000000011 00131600ffffff00 1 16 ffffffff 0 0 0 0000000000000012 ffe00000 f ffe00000 0 00 ffe00000
0000000000000012 342004160000f000 0 00 00000000 0 0 0 0000000000000013 ffe00000 f ffe00000 1 04 ffe00000
0000000000000013 108106040000f000 0 00 00000000 0 0 0 0000000000000014 ffe00000 f ffe00000 1 06 ffe00000
0000000000000014 343005000000f000 0 00 00000000 0 0 0 0000000000000015 ffe00000 f ffe00000 1 05 ffe00000
0000000000000015 341104001d80f000 0 00 00000000 0 0 0 0000000000000016 ffe00000 f ffe00000 1 04 ffe00000
0000000000000016 102003030500f000 0 00 00000000 0 0 0 0000000000000017 ffe00000 f ffe00000 1 03 ffe00000
0000000000000017 340004040000f000 0 00 00000000 0 0 0 0000000000000018 ffe00000 f ffe00000 1 04 ffe00000
0000000000000018 10710306000ff000 0 00 00000000 0 0 0 0000000000000019 ffe00000 f ffe00000 1 03 ffe00000
0000000000000019 00131600ffffff00 1 16 ffffffff 0 0 0 000000000000001a ffe00000 f ffe00000 0 00 ffe00000
000000000000001a 342003160000f000 0 00 00000000 0 0 0 000000000000001b ffe00000 f ffe00000 1 03 ffe00000
000000000000001b 108105030021f000 0 00 00000000 0 0 0 000000000000001c ffe00000 f ffe00000 1 05 ffe00000
000000000000001c 101003050200a000 0 00 00000000 0 0 0 000000000000001d ffe00000 a 7f000000 1 03 7f000000
000000000000001d 343004000000f000 0 00 00000000 0 0 0 000000000000001e ffe00000 f ffe00000 1 04 ffe00000
000000000000001e 106104030001f000 0 00 00000000 0 0 0 000000000000001f ffe00000 f ffe00000 1 04 ffe00000
000000000000001f 105002030300f000 0 00 00000000 0 0 0 0000000000000020 ffe00000 f ffe00000 1 02 ffe00000
0000000000000020 00131600aaaaaa00 1 16 ffaaaaaa 0 0 0 0000000000000021 ffe00000 f ffe00000 0 00 ffe00000
0000000000000021 342005160000f000 0 00 00000000 0 0 0 0000000000000022 ffe00000 f ffe00000 1 05 ffe00000
0000000000000022 108102050025f000 0 00 00000000 0 0 0 0000000000000023 ffe00000 f ffe00000 1 02 ffe00000
0000000000000023 103005050200f000 0 00 00000000 0 0 0 0000000000000024 ffe00000 f ffe00000 1 05 ffe00000
0000000000000024 00131e0000000100 1 1e 00000001 0 0 0 0000000000000025 ffe00000 f ffe00000 0 00 ffe00000
0000000000000025 0023171700000100 1 17 00000001 0 0 0 0000000000000026 ffe00000 f ffe00000 0 00 ffe00000
0000000000000026 00731e1e00000100 1 1e 00000000 0 0 0 0000000000000027 ffe00000 f ffe00000 0 00 ffe00000
0000000000000027 0013180000000000 1 18 00000000 0 0 0 0000000000000028 ffe00000 f ffe00000 0 00 ffe00000
0000000000000028 0102001e18000000 0 00 00000000 5 1 0 0000000000000029 ffe00000 f ffe00000 0 00 ffe00000
0000000000000029 0215fffffb040000 0 00 00000000 5 1 0 000000000000002a ffe00000 f ffe00000 0 00 ffe00000
000000000000002a 7cf5000000000000 0 00 00000000 5 1 0 000000000000002b ffe00000 f ffe00000 0 00 ffe00000
DONE retired=43 fault=00 pc=000000000000002a
