0000000000000000 00131d0000000000 1 1d 00000000 0 0 0 0000000000000001
0000000000000001 001304005bbb9800 1 04 005bbb98 0 0 0 0000000000000002
0000000000000002 8506000000000000 0 00 00000000 0 0 0 0000000000000003
0000000000000003 00730b045d998600 1 0b fffe2212 0 0 0 0000000000000004
0000000000000004 00b20e130e000000 1 0e 00000000 0 0 0 0000000000000005
0000000000000005 0122000d10000000 0 00 00000000 5 0 0 0000000000000006
0000000000000006 0215000003030000 0 00 00000000 5 0 1 000000000000000a
000000000000000a 0063011400001000 1 01 00000000 5 0 0 000000000000000b
000000000000000b 00b2020c09000000 1 02 00000000 5 0 0 000000000000000c
000000000000000c 00320f0507000000 1 0f 00000000 5 0 0 000000000000000d
000000000000000d 8506000000000000 0 00 00000000 5 0 0 000000000000000e
000000000000000e 00130a009559b700 1 0a ff9559b7 5 0 0 000000000000000f
000000000000000f 8506000000000000 0 00 00000000 5 0 0 0000000000000010
0000000000000010 0063020400000d00 1 02 77730000 5 0 0 0000000000000011
0000000000000011 0032020c0d000000 1 02 00000000 5 0 0 0000000000000012
0000000000000012 0102000409000000 0 00 00000000 4 0 0 0000000000000013
0000000000000013 02150000030e0000 0 00 00000000 4 0 1 0000000000000017
0000000000000017 0082111413000000 1 11 00000000 4 0 0 0000000000000018
0000000000000018 8506000000000000 0 00 00000000 4 0 0 0000000000000019
0000000000000019 00a20a1005000000 1 0a 00000000 4 0 0 000000000000001a
000000000000001a 8506000000000000 0 00 00000000 4 0 0 000000000000001b
000000000000001b 0122001207000000 0 00 00000000 5 0 0 000000000000001c
000000000000001c 02150000030e0000 0 00 00000000 5 0 1 0000000000000020
0000000000000020 0063010600001700 1 01 00000000 5 0 0 0000000000000021
0000000000000021 00a30a0e00001e00 1 0a 00000000 5 0 0 0000000000000022
0000000000000022 0052070e05000000 1 07 00000000 5 0 0 0000000000000023
0000000000000023 0306000000000f00 1 0f 00000000 5 0 0 0000000000000024
0000000000000024 00131e0000000400 1 1e 00000004 5 0 0 0000000000000025
0000000000000025 0023151500000100 1 15 00000001 5 0 0 0000000000000026
0000000000000026 00731e1e00000100 1 1e 00000003 5 0 0 0000000000000027
0000000000000027 0102001e1d000000 0 00 00000000 4 0 0 0000000000000028
0000000000000028 0215fffffc040000 0 00 00000000 4 0 1 0000000000000025
0000000000000025 0023151500000100 1 15 00000002 4 0 0 0000000000000026
0000000000000026 00731e1e00000100 1 1e 00000002 4 0 0 0000000000000027
0000000000000027 0102001e1d000000 0 00 00000000 4 0 0 0000000000000028
0000000000000028 0215fffffc040000 0 00 00000000 4 0 1 0000000000000025
0000000000000025 0023151500000100 1 15 00000003 4 0 0 0000000000000026
0000000000000026 00731e1e00000100 1 1e 00000001 4 0 0 0000000000000027
0000000000000027 0102001e1d000000 0 00 00000000 4 0 0 0000000000000028
0000000000000028 0215fffffc040000 0 00 00000000 4 0 1 0000000000000025
0000000000000025 0023151500000100 1 15 00000004 4 0 0 0000000000000026
0000000000000026 00731e1e00000100 1 1e 00000000 4 0 0 0000000000000027
0000000000000027 0102001e1d000000 0 00 00000000 5 1 0 0000000000000028
0000000000000028 0215fffffc040000 0 00 00000000 5 1 0 0000000000000029
0000000000000029 7cf5000000000000 0 00 00000000 5 1 0 000000000000002a
DONE retired=45 fault=00 pc=0000000000000029
