0000000000000000 0013140000004d00 1 14 0000004d 0 0 0 0000000000000001 e0000000 f e0000000 0 00 e0000000
0000000000000001 100103057ffff000 0 00 00000000 0 0 0 0000000000000002 e0000000 f e0000000 1 03 e0000000
0000000000000002 101004030300f000 0 00 00000000 0 0 0 0000000000000003 e0000000 f e0000000 1 04 e0000000
0000000000000003 340002050000f000 0 00 00000000 0 0 0 0000000000000004 e0000000 f e0000000 1 02 e0000000
0000000000000004 10710605000ff000 0 00 00000000 0 0 0 0000000000000005 e0000000 f e0000000 1 06 e0000000
0000000000000005 107105050025f000 0 00 00000000 0 0 0 0000000000000006 e0000000 f e0000000 1 05 e0000000
0000000000000006 10110606e7c0f000 0 00 00000000 0 0 0 0000000000000007 e0000000 f e0000000 1 06 e0000000
0000000000000007 106102040020f000 0 00 00000000 0 0 0 0000000000000008 e0000000 f e0000000 1 02 e0000000
0000000000000008 100005050200f000 0 00 00000000 0 0 0 0000000000000009 e0000000 f e0000000 1 05 e0000000
0000000000000009 34110600295ef000 0 00 00000000 0 0 0 000000000000000a e0000000 f e0000000 1 06 e0000000
000000000000000a 340003020000f000 0 00 00000000 0 0 0 000000000000000b e0000000 f e0000000 1 03 e0000000
000000000000000b 0013150000000000 1 15 00000000 0 0 0 000000000000000c e0000000 f e0000000 0 00 e0000000
000000000000000c 342006150000f000 0 00 00000000 0 0 0 000000000000000d e0000000 f e0000000 1 06 e0000000
000000000000000d 341102000001f000 0 00 00000000 0 0 0 000000000000000e e0000000 f e0000000 1 02 e0000000
000000000000000e 105004020600f000 0 00 00000000 0 0 0 000000000000000f e0000000 f e0000000 1 04 e0000000
000000000000000f 101105067ffff000 0 00 00000000 0 0 0 0000000000000010 e0000000 f e0000000 1 05 e0000000
0000000000000010 00131e0000000100 1 1e 00000001 0 0 0 0000000000000011 e0000000 f e0000000 0 00 e0000000
0000000000000011 0023171700000100 1 17 00000001 0 0 0 0000000000000012 e0000000 f e0000000 0 00 e0000000
0000000000000012 00731e1e00000100 1 1e 00000000 0 0 0 0000000000000013 e0000000 f e0000000 0 00 e0000000
0000000000000013 0013180000000000 1 18 00000000 0 0 0 0000000000000014 e0000000 f e0000000 0 00 e0000000
0000000000000014 0102001e18000000 0 00 00000000 5 1 0 0000000000000015 e0000000 f e0000000 0 00 e0000000
0000000000000015 0215fffffb040000 0 00 00000000 5 1 0 0000000000000016 e0000000 f e0000000 0 00 e0000000
0000000000000016 7cf5000000000000 0 00 00000000 5 1 0 0000000000000017 e0000000 f e0000000 0 00 e0000000
DONE retired=23 fault=00 pc=0000000000000016
