0000000000000000 0013140000004d00 1 14 0000004d 0 0 0 0000000000000001 00004000 f 00004000 0 00 00004000
0000000000000001 107104040021f000 0 00 00000000 0 0 0 0000000000000002 00004000 f 00004000 1 04 00004000
0000000000000002 102005050400f000 0 00 00000000 0 0 0 0000000000000003 00004000 f 00004000 1 05 00004000
0000000000000003 107105050000f000 0 00 00000000 0 0 0 0000000000000004 00004000 f 00004000 1 05 00004000
0000000000000004 3400060300007000 0 00 00000000 0 0 0 0000000000000005 00004000 7 00000000 1 06 00000000
0000000000000005 340006020000f000 0 00 00000000 0 0 0 0000000000000006 00004000 f 00004000 1 06 00004000
0000000000000006 104006040200f000 0 00 00000000 0 0 0 0000000000000007 00004000 f 00004000 1 06 00004000
0000000000000007 340005020000f000 0 00 00000000 0 0 0 0000000000000008 00004000 f 00004000 1 05 00004000
0000000000000008 105003020400f000 0 00 00000000 0 0 0 0000000000000009 00004000 f 00004000 1 03 00004000
0000000000000009 340006040000c000 0 00 00000000 0 0 0 000000000000000a 00004000 c 00004000 1 06 00004000
000000000000000a 107104040001f000 0 00 00000000 0 0 0 000000000000000b 00004000 f 00004000 1 04 00004000
000000000000000b 103004040500f000 0 00 00000000 0 0 0 000000000000000c 00004000 f 00004000 1 04 00004000
000000000000000c 103005060500f000 0 00 00000000 0 0 0 000000000000000d 00004000 f 00004000 1 05 00004000
000000000000000d 00131500ffffff00 1 15 ffffffff 0 0 0 000000000000000e 00004000 f 00004000 0 00 00004000
000000000000000e 342003150000f000 0 00 00000000 0 0 0 000000000000000f 00004000 f 00004000 1 03 00004000
000000000000000f 10610405001ff000 0 00 00000000 0 0 0 0000000000000010 00004000 f 00004000 1 04 00004000
0000000000000010 1020030403000000 0 00 00000000 0 0 0 0000000000000011 00004000 0 00004000 1 03 00004000
0000000000000011 102004060600f000 0 00 00000000 0 0 0 0000000000000012 00004000 f 00004000 1 04 00004000
0000000000000012 340004020000f000 0 00 00000000 0 0 0 0000000000000013 00004000 f 00004000 1 04 00004000
0000000000000013 102005050300f000 0 00 00000000 0 0 0 0000000000000014 00004000 f 00004000 1 05 00004000
0000000000000014 00131e0000000300 1 1e 00000003 0 0 0 0000000000000015 00004000 f 00004000 0 00 00004000
0000000000000015 0023171700000100 1 17 00000001 0 0 0 0000000000000016 00004000 f 00004000 0 00 00004000
0000000000000016 00731e1e00000100 1 1e 00000002 0 0 0 0000000000000017 00004000 f 00004000 0 00 00004000
0000000000000017 0013180000000000 1 18 00000000 0 0 0 0000000000000018 00004000 f 00004000 0 00 00004000
0000000000000018 0102001e18000000 0 00 00000000 4 0 0 0000000000000019 00004000 f 00004000 0 00 00004000
0000000000000019 0215fffffb040000 0 00 00000000 4 0 1 0000000000000015 00004000 f 00004000 0 00 00004000
0000000000000015 0023171700000100 1 17 00000002 4 0 0 0000000000000016 00004000 f 00004000 0 00 00004000
0000000000000016 00731e1e00000100 1 1e 00000001 4 0 0 0000000000000017 00004000 f 00004000 0 00 00004000
0000000000000017 0013180000000000 1 18 00000000 4 0 0 0000000000000018 00004000 f 00004000 0 00 00004000
0000000000000018 0102001e18000000 0 00 00000000 4 0 0 0000000000000019 00004000 f 00004000 0 00 00004000
0000000000000019 0215fffffb040000 0 00 00000000 4 0 1 0000000000000015 00004000 f 00004000 0 00 00004000
0000000000000015 0023171700000100 1 17 00000003 4 0 0 0000000000000016 00004000 f 00004000 0 00 00004000
0000000000000016 00731e1e00000100 1 1e 00000000 4 0 0 0000000000000017 00004000 f 00004000 0 00 00004000
0000000000000017 0013180000000000 1 18 00000000 4 0 0 0000000000000018 00004000 f 00004000 0 00 00004000
0000000000000018 0102001e18000000 0 00 00000000 5 1 0 0000000000000019 00004000 f 00004000 0 00 00004000
0000000000000019 0215fffffb040000 0 00 00000000 5 1 0 000000000000001a 00004000 f 00004000 0 00 00004000
000000000000001a 7cf5000000000000 0 00 00000000 5 1 0 000000000000001b 00004000 f 00004000 0 00 00004000
DONE retired=37 fault=00 pc=000000000000001a
