0000000000000000 00131d0000000000 1 1d 00000000 0 0 0 0000000000000001
0000000000000001 0072040b13000000 1 04 00000000 0 0 0 0000000000000002
0000000000000002 00130e0000000000 1 0e 00000000 0 0 0 0000000000000003
0000000000000003 8506000000000000 0 00 00000000 0 0 0 0000000000000004
0000000000000004 00220b0b0e000000 1 0b 00000000 0 0 0 0000000000000005
0000000000000005 0102000d03000000 0 00 00000000 5 1 0 0000000000000006
0000000000000006 0215000001040000 0 00 00000000 5 1 0 0000000000000007
0000000000000007 8506000000000000 0 00 00000000 5 1 0 0000000000000008
0000000000000008 0032030709000000 1 03 00000000 5 1 0 0000000000000009
0000000000000009 0306000000000a00 1 0a 00000000 5 1 0 000000000000000a
000000000000000a 0102000908000000 0 00 00000000 5 1 0 000000000000000b
000000000000000b 0215000001040000 0 00 00000000 5 1 0 000000000000000c
000000000000000c 8506000000000000 0 00 00000000 5 1 0 000000000000000d
000000000000000d 00131400aaaaaa00 1 14 ffaaaaaa 5 1 0 000000000000000e
000000000000000e 00820f0509000000 1 0f 00000000 5 1 0 000000000000000f
000000000000000f 8506000000000000 0 00 00000000 5 1 0 0000000000000010
0000000000000010 8506000000000000 0 00 00000000 5 1 0 0000000000000011
0000000000000011 0063080400002100 1 08 00000000 5 1 0 0000000000000012
0000000000000012 0022060603000000 1 06 00000000 5 1 0 0000000000000013
0000000000000013 0306000000000a00 1 0a 00000000 5 1 0 0000000000000014
0000000000000014 00131e0000000400 1 1e 00000004 5 1 0 0000000000000015
0000000000000015 0023151500000100 1 15 00000001 5 1 0 0000000000000016
0000000000000016 00731e1e00000100 1 1e 00000003 5 1 0 0000000000000017
0000000000000017 0102001e1d000000 0 00 00000000 4 0 0 0000000000000018
0000000000000018 0215fffffc040000 0 00 00000000 4 0 1 0000000000000015
0000000000000015 0023151500000100 1 15 00000002 4 0 0 0000000000000016
0000000000000016 00731e1e00000100 1 1e 00000002 4 0 0 0000000000000017
0000000000000017 0102001e1d000000 0 00 00000000 4 0 0 0000000000000018
0000000000000018 0215fffffc040000 0 00 00000000 4 0 1 0000000000000015
0000000000000015 0023151500000100 1 15 00000003 4 0 0 0000000000000016
0000000000000016 00731e1e00000100 1 1e 00000001 4 0 0 0000000000000017
0000000000000017 0102001e1d000000 0 00 00000000 4 0 0 0000000000000018
0000000000000018 0215fffffc040000 0 00 00000000 4 0 1 0000000000000015
0000000000000015 0023151500000100 1 15 00000004 4 0 0 0000000000000016
0000000000000016 00731e1e00000100 1 1e 00000000 4 0 0 0000000000000017
0000000000000017 0102001e1d000000 0 00 00000000 5 1 0 0000000000000018
0000000000000018 0215fffffc040000 0 00 00000000 5 1 0 0000000000000019
0000000000000019 7cf5000000000000 0 00 00000000 5 1 0 000000000000001a
DONE retired=38 fault=00 pc=0000000000000019
