0000000000000000 343001000000f000 0 00 00000000 0 0 0 0 0 0 0000000000000001 ffffffff f ffffffff 1 01
0000000000000001 341107000001f000 0 00 00000000 0 0 0 0 0 0 0000000000000002 ffffffff f ffffffff 1 07
0000000000000002 34110c000003f000 0 00 00000000 0 0 0 0 0 0 0000000000000003 ffffffff f ffffffff 1 0c
0000000000000003 3029503070000000 0 00 00000000 0 0 0 0 0 0 0000000000000004 ffffffff f ffffffff 0 00
0000000000000004 7c1500000c500012 0 00 00000000 0 0 0 0 0 0 0000000000000005 ffffffff f ffffffff 0 00
0000000000000005 34110d000001f000 0 00 00000000 0 0 0 0 0 0 0000000000000006 ffffffff f ffffffff 1 0d
0000000000000006 10300c010d00f000 0 00 00000000 0 0 0 0 0 0 0000000000000007 ffffffff f ffffffff 1 0c
0000000000000007 10000c0c0700f000 0 00 00000000 0 0 0 0 0 0 0000000000000008 ffffffff f ffffffff 1 0c
0000000000000008 34110a000000f000 0 00 00000000 0 0 0 0 0 0 0000000000000009 ffffffff f ffffffff 1 0a
0000000000000009 7c85000005000000 0 00 00000000 0 0 0 0 0 0 000000000000000a ffffffff f ffffffff 0 00
000000000000000a 3059e0a0c0000000 0 00 00000000 0 0 0 0 0 0 000000000000000b ffffffff f ffffffff 0 00
000000000000000b 3029d0a0c0000000 0 00 00000000 0 0 0 0 0 0 000000000000000c ffffffff f ffffffff 0 00
000000000000000c 0023060600000200 1 06 00000002 0 0 0 0 0 0 000000000000000d ffffffff f ffffffff 0 00
000000000000000d 7cb5000000e00000 0 00 00000000 0 0 0 0 0 0 000000000000000e ffffffff f ffffffff 0 00
000000000000000e 10000a0a0700f000 0 00 00000000 0 0 0 0 0 0 000000000000000f ffffffff f ffffffff 1 0a
000000000000000f 7c95fffffad00000 0 00 00000000 0 0 0 0 0 0 000000000000000a ffffffff f ffffffff 0 00
000000000000000a 3059e0a0c0000000 0 00 00000000 0 0 0 0 0 0 000000000000000b ffffffff f ffffffff 0 00
000000000000000b 3029d0a0c0000000 0 00 00000000 0 0 0 0 0 0 000000000000000c ffffffff f ffffffff 0 00
000000000000000c 0023060600000200 1 06 00000004 0 0 0 0 0 0 000000000000000d ffffffff f ffffffff 0 00
000000000000000d 7cb5000000e00000 0 00 00000000 0 0 0 0 0 0 000000000000000e aaaaaaaa f aaaaaaaa 0 00
000000000000000e 10000a0a0700f000 0 00 00000000 0 0 0 0 0 0 000000000000000f aaaaaaaa f aaaaaaaa 1 0a
000000000000000f 7c95fffffad00000 0 00 00000000 0 0 0 0 0 0 000000000000000a aaaaaaaa f aaaaaaaa 0 00
000000000000000a 3059e0a0c0000000 0 00 00000000 0 0 0 0 0 0 000000000000000b aaaaaaaa f aaaaaaaa 0 00
000000000000000b 3029d0a0c0000000 0 00 00000000 0 0 0 0 0 0 000000000000000c aaaaaaaa f aaaaaaaa 0 00
000000000000000c 0023060600000200 1 06 00000006 0 0 0 0 0 0 000000000000000d aaaaaaaa f aaaaaaaa 0 00
000000000000000f 7cb5000000e00000 0 00 00000000 0 0 0 0 0 0 000000000000000e 00000000 f 00000000 0 00
000000000000000f 7c95fffffad00000 0 00 00000000 0 0 0 0 0 0 0000000000000010 ffffffff f ffffffff 0 00
0000000000000010 0205000006000000 0 00 00000000 0 0 0 0 0 1 0000000000000017 ffffffff f ffffffff 0 00
0000000000000017 7c25000000000000 0 00 00000000 0 0 0 0 0 0 0000000000000018 ffffffff f ffffffff 0 00
0000000000000018 303990b070000000 0 00 00000000 0 0 0 0 0 0 0000000000000019 ffffffff f ffffffff 0 00
0000000000000019 7c1500000c900018 0 00 00000000 0 0 0 0 0 0 000000000000001a ffffffff f ffffffff 0 00
000000000000001a 34110d000000f000 0 00 00000000 0 0 0 0 0 0 000000000000001b ffffffff f ffffffff 1 0d
000000000000001b 10300c010d00f000 0 00 00000000 0 0 0 0 0 0 000000000000001c ffffffff f ffffffff 1 0c
000000000000001c 10000c0c0700f000 0 00 00000000 0 0 0 0 0 0 000000000000001d ffffffff f ffffffff 1 0c
000000000000001d 34110a000000f000 0 00 00000000 0 0 0 0 0 0 000000000000001e ffffffff f ffffffff 1 0a
000000000000001e 7c85000005000000 0 00 00000000 0 0 0 0 0 0 000000000000001f ffffffff f ffffffff 0 00
000000000000001f 3059e0a0c0000000 0 00 00000000 0 0 0 0 0 0 0000000000000020 ffffffff f ffffffff 0 00
0000000000000020 3029d0a0c0000000 0 00 00000000 0 0 0 0 0 0 0000000000000021 ffffffff f ffffffff 0 00
0000000000000021 0023060600000300 1 06 00000009 0 0 0 0 0 0 0000000000000022 ffffffff f ffffffff 0 00
0000000000000022 7cb5000000e00000 0 00 00000000 0 0 0 0 0 0 0000000000000023 ffffffff f ffffffff 0 00
0000000000000023 10000a0a0700f000 0 00 00000000 0 0 0 0 0 0 0000000000000024 ffffffff f ffffffff 1 0a
0000000000000024 7c95fffffad00000 0 00 00000000 0 0 0 0 0 0 000000000000001f ffffffff f ffffffff 0 00
000000000000001f 3059e0a0c0000000 0 00 00000000 0 0 0 0 0 0 0000000000000020 ffffffff f ffffffff 0 00
0000000000000020 3029d0a0c0000000 0 00 00000000 0 0 0 0 0 0 0000000000000021 ffffffff f ffffffff 0 00
0000000000000021 0023060600000300 1 06 0000000c 0 0 0 0 0 0 0000000000000022 ffffffff f ffffffff 0 00
0000000000000024 7cb5000000e00000 0 00 00000000 0 0 0 0 0 0 0000000000000023 00000000 f 00000000 0 00
0000000000000024 7c95fffffad00000 0 00 00000000 0 0 0 0 0 0 0000000000000025 ffffffff f ffffffff 0 00
0000000000000025 020500000c000000 0 00 00000000 0 0 0 0 0 1 0000000000000032 ffffffff f ffffffff 0 00
0000000000000032 7c25000000000000 0 00 00000000 0 0 0 0 0 0 0000000000000033 ffffffff f ffffffff 0 00
0000000000000033 7cf5000000000000 0 00 00000000 0 0 0 0 0 0 0000000000000034 ffffffff f ffffffff 0 00
