0000000000000000 343001000000f000 0 00 00000000 0 0 0 0 0 0 0000000000000001 ffffffff f ffffffff 1 01
0000000000000001 341107000001f000 0 00 00000000 0 0 0 0 0 0 0000000000000002 ffffffff f ffffffff 1 07
0000000000000002 34110c000003f000 0 00 00000000 0 0 0 0 0 0 0000000000000003 ffffffff f ffffffff 1 0c
0000000000000003 300990a0c0000000 0 00 00000000 0 0 0 0 0 0 0000000000000004 ffffffff f ffffffff 0 00
0000000000000004 7c1500000d90001b 0 00 00000000 0 0 0 0 0 0 0000000000000012 ffffffff f ffffffff 0 00
0000000000000012 34110d000001f000 0 00 00000000 0 0 0 0 0 0 0000000000000013 ffffffff f ffffffff 1 0d
0000000000000013 10300c010d00f000 0 00 00000000 0 0 0 0 0 0 0000000000000014 ffffffff f ffffffff 1 0c
0000000000000014 10000c0c0700f000 0 00 00000000 0 0 0 0 0 0 0000000000000015 ffffffff f ffffffff 1 0c
0000000000000015 34110a000000f000 0 00 00000000 0 0 0 0 0 0 0000000000000016 ffffffff f ffffffff 1 0a
0000000000000016 7c85000008000000 0 00 00000000 0 0 0 0 0 0 0000000000000017 ffffffff f ffffffff 0 00
0000000000000017 3059e0a0c0000000 0 00 00000000 0 0 0 0 0 0 0000000000000018 ffffffff f ffffffff 0 00
0000000000000018 3029d0a0c0000000 0 00 00000000 0 0 0 0 0 0 0000000000000019 ffffffff f ffffffff 0 00
0000000000000019 3009b01070000000 0 00 00000000 0 0 0 0 0 0 000000000000001a ffffffff f ffffffff 0 00
000000000000001a 7c15000000b00001 0 00 00000000 0 0 0 0 0 0 000000000000001b 00000002 f 00000002 0 00
000000000000001b 11000c010700f000 0 00 00000000 0 0 0 0 0 0 000000000000001c 00000002 f 00000002 1 0c
000000000000001c 7c25000000000000 0 00 00000000 0 0 0 0 0 0 000000000000001b fffffffd f fffffffd 0 00
000000000000001b 11000c010700f000 0 00 00000000 0 0 0 0 0 0 000000000000001c fffffffd f fffffffd 1 0c
000000000000001c 7c25000000000000 0 00 00000000 0 0 0 0 0 0 000000000000001d ffffffff f ffffffff 0 00
000000000000001d 7cb5000000e00000 0 00 00000000 0 0 0 0 0 0 000000000000001e ffffffff f ffffffff 0 00
000000000000001e 10000a0a0700f000 0 00 00000000 0 0 0 0 0 0 000000000000001f ffffffff f ffffffff 1 0a
000000000000001f 7c95fffff7d00000 0 00 00000000 0 0 0 0 0 0 0000000000000017 ffffffff f ffffffff 0 00
0000000000000017 3059e0a0c0000000 0 00 00000000 0 0 0 0 0 0 0000000000000018 ffffffff f ffffffff 0 00
0000000000000018 3029d0a0c0000000 0 00 00000000 0 0 0 0 0 0 0000000000000019 ffffffff f ffffffff 0 00
0000000000000019 3009b01070000000 0 00 00000000 0 0 0 0 0 0 000000000000001a ffffffff f ffffffff 0 00
000000000000001a 7c15000000b00001 0 00 00000000 0 0 0 0 0 0 000000000000001b 00000002 f 00000002 0 00
000000000000001b 11000c010700f000 0 00 00000000 0 0 0 0 0 0 000000000000001c 00000002 f 00000002 1 0c
000000000000001c 7c25000000000000 0 00 00000000 0 0 0 0 0 0 000000000000001b fffffffd f fffffffd 0 00
000000000000001b 11000c010700f000 0 00 00000000 0 0 0 0 0 0 000000000000001c fffffffd f fffffffd 1 0c
000000000000001c 7c25000000000000 0 00 00000000 0 0 0 0 0 0 000000000000001d ffffffff f ffffffff 0 00
000000000000001f 7cb5000000e00000 0 00 00000000 0 0 0 0 0 0 000000000000001e 00000000 f 00000000 0 00
000000000000001f 7c95fffff7d00000 0 00 00000000 0 0 0 0 0 0 0000000000000020 ffffffff f ffffffff 0 00
0000000000000020 7c25000000000000 0 00 00000000 0 0 0 0 0 0 0000000000000021 ffffffff f ffffffff 0 00
0000000000000021 7cf5000000000000 0 00 00000000 0 0 0 0 0 0 0000000000000022 ffffffff f ffffffff 0 00
