0000000000000000 00131d0000000000 1 1d 00000000 0 0 0 0000000000000001
0000000000000001 0122000210000000 0 00 00000000 5 0 0 0000000000000002
0000000000000002 02150000020c0000 0 00 00000000 5 0 1 0000000000000005
0000000000000005 8506000000000000 0 00 00000000 5 0 0 0000000000000006
0000000000000006 00920e0500000000 1 0e ffffffff 5 0 0 0000000000000007
0000000000000007 0102000404000000 0 00 00000000 5 1 0 0000000000000008
0000000000000008 02150000010d0000 0 00 00000000 5 1 0 0000000000000009
0000000000000009 8506000000000000 0 00 00000000 5 1 0 000000000000000a
000000000000000a 0092121200000000 1 12 ffffffff 5 1 0 000000000000000b
000000000000000b 0112000413000000 0 00 00000000 5 0 0 000000000000000c
000000000000000c 0215000002030000 0 00 00000000 5 0 1 000000000000000f
000000000000000f 8506000000000000 0 00 00000000 5 0 0 0000000000000010
0000000000000010 0122000b13000000 0 00 00000000 5 0 0 0000000000000011
0000000000000011 0215000003040000 0 00 00000000 5 0 0 0000000000000012
0000000000000012 8506000000000000 0 00 00000000 5 0 0 0000000000000013
0000000000000013 8506000000000000 0 00 00000000 5 0 0 0000000000000014
0000000000000014 8506000000000000 0 00 00000000 5 0 0 0000000000000015
0000000000000015 0112000d0c000000 0 00 00000000 5 0 0 0000000000000016
0000000000000016 02150000030b0000 0 00 00000000 5 0 0 0000000000000017
0000000000000017 8506000000000000 0 00 00000000 5 0 0 0000000000000018
0000000000000018 8506000000000000 0 00 00000000 5 0 0 0000000000000019
0000000000000019 8506000000000000 0 00 00000000 5 0 0 000000000000001a
000000000000001a 8506000000000000 0 00 00000000 5 0 0 000000000000001b
000000000000001b 8506000000000000 0 00 00000000 5 0 0 000000000000001c
000000000000001c 0306000000000600 1 06 00000000 5 0 0 000000000000001d
000000000000001d 00130a0000000100 1 0a 00000001 5 0 0 000000000000001e
000000000000001e 00220e060c000000 1 0e 00000000 5 0 0 000000000000001f
000000000000001f 012200040b000000 0 00 00000000 5 0 0 0000000000000020
0000000000000020 0215000002010000 0 00 00000000 5 0 0 0000000000000021
0000000000000021 8506000000000000 0 00 00000000 5 0 0 0000000000000022
0000000000000022 8506000000000000 0 00 00000000 5 0 0 0000000000000023
0000000000000023 001302001f399f00 1 02 001f399f 5 0 0 0000000000000024
0000000000000024 00a2070c0d000000 1 07 00000000 5 0 0 0000000000000025
0000000000000025 00b30b1300000900 1 0b 00000000 5 0 0 0000000000000026
0000000000000026 00131e0000000200 1 1e 00000002 5 0 0 0000000000000027
0000000000000027 0023151500000100 1 15 00000001 5 0 0 0000000000000028
0000000000000028 00731e1e00000100 1 1e 00000001 5 0 0 0000000000000029
0000000000000029 0102001e1d000000 0 00 00000000 4 0 0 000000000000002a
000000000000002a 0215fffffc040000 0 00 00000000 4 0 1 0000000000000027
0000000000000027 0023151500000100 1 15 00000002 4 0 0 0000000000000028
0000000000000028 00731e1e00000100 1 1e 00000000 4 0 0 0000000000000029
0000000000000029 0102001e1d000000 0 00 00000000 5 1 0 000000000000002a
000000000000002a 0215fffffc040000 0 00 00000000 5 1 0 000000000000002b
000000000000002b 7cf5000000000000 0 00 00000000 5 1 0 000000000000002c
DONE retired=44 fault=00 pc=000000000000002b
