0000000000000000 0013140000004d00 1 14 0000004d 0 0 0 0000000000000001 fff80000 f fff80000 0 00 fff80000
0000000000000001 106104030000f000 0 00 00000000 0 0 0 0000000000000002 fff80000 f fff80000 1 04 fff80000
0000000000000002 103003040400f000 0 00 00000000 0 0 0 0000000000000003 fff80000 f fff80000 1 03 fff80000
0000000000000003 0013160000000100 1 16 00000001 0 0 0 0000000000000004 fff80000 f fff80000 0 00 fff80000
0000000000000004 342006160000f000 0 00 00000000 0 0 0 0000000000000005 fff80000 f fff80000 1 06 fff80000
0000000000000005 108103060001f000 0 00 00000000 0 0 0 0000000000000006 fff80000 f fff80000 1 03 fff80000
0000000000000006 104104050000f000 0 00 00000000 0 0 0 0000000000000007 fff80000 f fff80000 1 04 fff80000
0000000000000007 105002030200f000 0 00 00000000 0 0 0 0000000000000008 fff80000 f fff80000 1 02 fff80000
0000000000000008 104005050300d000 0 00 00000000 0 0 0 0000000000000009 fff80000 d 2cd80000 1 05 2cd80000
0000000000000009 00131600ffffff00 1 16 ffffffff 0 0 0 000000000000000a fff80000 f fff80000 0 00 fff80000
000000000000000a 342004160000f000 0 00 00000000 0 0 0 000000000000000b fff80000 f fff80000 1 04 fff80000
000000000000000b 10810504000ff000 0 00 00000000 0 0 0 000000000000000c fff80000 f fff80000 1 05 fff80000
000000000000000c 3430040000001000 0 00 00000000 0 0 0 000000000000000d fff80000 1 80000000 1 04 80000000
000000000000000d 105106050001f000 0 00 00000000 0 0 0 000000000000000e fff80000 f fff80000 1 06 fff80000
000000000000000e 103005030300f000 0 00 00000000 0 0 0 000000000000000f fff80000 f fff80000 1 05 fff80000
000000000000000f 0013150000000000 1 15 00000000 0 0 0 0000000000000010 fff80000 f fff80000 0 00 fff80000
0000000000000010 3420051500004000 0 00 00000000 0 0 0 0000000000000011 fff80000 4 80000000 1 05 80000000
0000000000000011 340005020000f000 0 00 00000000 0 0 0 0000000000000012 fff80000 f fff80000 1 05 fff80000
0000000000000012 00131500aaaaaa00 1 15 ffaaaaaa 0 0 0 0000000000000013 fff80000 f fff80000 0 00 fff80000
0000000000000013 342002150000f000 0 00 00000000 0 0 0 0000000000000014 fff80000 f fff80000 1 02 fff80000
0000000000000014 107105040010f000 0 00 00000000 0 0 0 0000000000000015 fff80000 f fff80000 1 05 fff80000
0000000000000015 105004060500f000 0 00 00000000 0 0 0 0000000000000016 fff80000 f fff80000 1 04 fff80000
0000000000000016 343005000000f000 0 00 00000000 0 0 0 0000000000000017 fff80000 f fff80000 1 05 fff80000
0000000000000017 102004030500f000 0 00 00000000 0 0 0 0000000000000018 fff80000 f fff80000 1 04 fff80000
0000000000000018 107106040025f000 0 00 00000000 0 0 0 0000000000000019 fff80000 f fff80000 1 06 fff80000
0000000000000019 00131e0000000300 1 1e 00000003 0 0 0 000000000000001a fff80000 f fff80000 0 00 fff80000
000000000000001a 0023171700000100 1 17 00000001 0 0 0 000000000000001b fff80000 f fff80000 0 00 fff80000
000000000000001b 00731e1e00000100 1 1e 00000002 0 0 0 000000000000001c fff80000 f fff80000 0 00 fff80000
000000000000001c 0013180000000000 1 18 00000000 0 0 0 000000000000001d fff80000 f fff80000 0 00 fff80000
000000000000001d 0102001e18000000 0 00 00000000 4 0 0 000000000000001e fff80000 f fff80000 0 00 fff80000
000000000000001e 0215fffffb040000 0 00 00000000 4 0 1 000000000000001a fff80000 f fff80000 0 00 fff80000
000000000000001a 0023171700000100 1 17 00000002 4 0 0 000000000000001b fff80000 f fff80000 0 00 fff80000
000000000000001b 00731e1e00000100 1 1e 00000001 4 0 0 000000000000001c fff80000 f fff80000 0 00 fff80000
000000000000001c 0013180000000000 1 18 00000000 4 0 0 000000000000001d fff80000 f fff80000 0 00 fff80000
000000000000001d 0102001e18000000 0 00 00000000 4 0 0 000000000000001e fff80000 f fff80000 0 00 fff80000
000000000000001e 0215fffffb040000 0 00 00000000 4 0 1 000000000000001a fff80000 f fff80000 0 00 fff80000
000000000000001a 0023171700000100 1 17 00000003 4 0 0 000000000000001b fff80000 f fff80000 0 00 fff80000
000000000000001b 00731e1e00000100 1 1e 00000000 4 0 0 000000000000001c fff80000 f fff80000 0 00 fff80000
000000000000001c 0013180000000000 1 18 00000000 4 0 0 000000000000001d fff80000 f fff80000 0 00 fff80000
000000000000001d 0102001e18000000 0 00 00000000 5 1 0 000000000000001e fff80000 f fff80000 0 00 fff80000
000000000000001e 0215fffffb040000 0 00 00000000 5 1 0 000000000000001f fff80000 f fff80000 0 00 fff80000
000000000000001f 7cf5000000000000 0 00 00000000 5 1 0 0000000000000020 fff80000 f fff80000 0 00 fff80000
DONE retired=42 fault=00 pc=000000000000001f
