0000000000000000 0013140000004d00 1 14 0000004d 0 0 0 0000000000000001 00000040 f 00000040 0 00 00000040
0000000000000001 106102020020f000 0 00 00000000 0 0 0 0000000000000002 00000040 f 00000040 1 02 00000040
0000000000000002 00131600ffffff00 1 16 ffffffff 0 0 0 0000000000000003 00000040 f 00000040 0 00 00000040
0000000000000003 342005160000f000 0 00 00000000 0 0 0 0000000000000004 00000040 f 00000040 1 05 00000040
0000000000000004 108106050021f000 0 00 00000000 0 0 0 0000000000000005 00000040 f 00000040 1 06 00000040
0000000000000005 100004020200f000 0 00 00000000 0 0 0 0000000000000006 00000040 f 00000040 1 04 00000040
0000000000000006 104004030400f000 0 00 00000000 0 0 0 0000000000000007 00000040 f 00000040 1 04 00000040
0000000000000007 103005030600f000 0 00 00000000 0 0 0 0000000000000008 00000040 f 00000040 1 05 00000040
0000000000000008 341105000001b000 0 00 00000000 0 0 0 0000000000000009 00000040 b 00000040 1 05 00000040
0000000000000009 107104020021f000 0 00 00000000 0 0 0 000000000000000a 00000040 f 00000040 1 04 00000040
000000000000000a 343006000000f000 0 00 00000000 0 0 0 000000000000000b 00000040 f 00000040 1 06 00000040
000000000000000b 343005000000f000 0 00 00000000 0 0 0 000000000000000c 00000040 f 00000040 1 05 00000040
000000000000000c 340005050000e000 0 00 00000000 0 0 0 000000000000000d 00000040 e 00000000 1 05 00000000
000000000000000d 00131600ffffff00 1 16 ffffffff 0 0 0 000000000000000e 00000040 f 00000040 0 00 00000040
000000000000000e 342003160000f000 0 00 00000000 0 0 0 000000000000000f 00000040 f 00000040 1 03 00000040
000000000000000f 108103030010f000 0 00 00000000 0 0 0 0000000000000010 00000040 f 00000040 1 03 00000040
0000000000000010 100006030300f000 0 00 00000000 0 0 0 0000000000000011 00000040 f 00000040 1 06 00000040
0000000000000011 102006060300f000 0 00 00000000 0 0 0 0000000000000012 00000040 f 00000040 1 06 00000040
0000000000000012 100005050300f000 0 00 00000000 0 0 0 0000000000000013 00000040 f 00000040 1 05 00000040
0000000000000013 10710605000ff000 0 00 00000000 0 0 0 0000000000000014 00000040 f 00000040 1 06 00000040
0000000000000014 10710604003ff000 0 00 00000000 0 0 0 0000000000000015 00000040 f 00000040 1 06 00000040
0000000000000015 103004050300f000 0 00 00000000 0 0 0 0000000000000016 00000040 f 00000040 1 04 00000040
0000000000000016 104005040600f000 0 00 00000000 0 0 0 0000000000000017 00000040 f 00000040 1 05 00000040
0000000000000017 103003020400f000 0 00 00000000 0 0 0 0000000000000018 00000040 f 00000040 1 03 00000040
0000000000000018 106102020000f000 0 00 00000000 0 0 0 0000000000000019 00000040 f 00000040 1 02 00000040
0000000000000019 3400030400002000 0 00 00000000 0 0 0 000000000000001a 00000040 2 00000000 1 03 00000000
000000000000001a 34110600a0457000 0 00 00000000 0 0 0 000000000000001b 00000040 7 00000000 1 06 00000000
000000000000001b 101004050400f000 0 00 00000000 0 0 0 000000000000001c 00000040 f 00000040 1 04 00000040
000000000000001c 00131600ffffff00 1 16 ffffffff 0 0 0 000000000000001d 00000040 f 00000040 0 00 00000040
000000000000001d 342005160000f000 0 00 00000000 0 0 0 000000000000001e 00000040 f 00000040 1 05 00000040
000000000000001e 108104050000f000 0 00 00000000 0 0 0 000000000000001f 00000040 f 00000040 1 04 00000040
000000000000001f 00131500ffffff00 1 15 ffffffff 0 0 0 0000000000000020 00000040 f 00000040 0 00 00000040
0000000000000020 342005150000f000 0 00 00000000 0 0 0 0000000000000021 00000040 f 00000040 1 05 00000040
0000000000000021 340003050000d000 0 00 00000000 0 0 0 0000000000000022 00000040 d 00000000 1 03 00000000
0000000000000022 3400060300008000 0 00 00000000 0 0 0 0000000000000023 00000040 8 00000000 1 06 00000000
0000000000000023 00131e0000000100 1 1e 00000001 0 0 0 0000000000000024 00000040 f 00000040 0 00 00000040
0000000000000024 0023171700000100 1 17 00000001 0 0 0 0000000000000025 00000040 f 00000040 0 00 00000040
0000000000000025 00731e1e00000100 1 1e 00000000 0 0 0 0000000000000026 00000040 f 00000040 0 00 00000040
0000000000000026 0013180000000000 1 18 00000000 0 0 0 0000000000000027 00000040 f 00000040 0 00 00000040
0000000000000027 0102001e18000000 0 00 00000000 5 1 0 0000000000000028 00000040 f 00000040 0 00 00000040
0000000000000028 0215fffffb040000 0 00 00000000 5 1 0 0000000000000029 00000040 f 00000040 0 00 00000040
0000000000000029 7cf5000000000000 0 00 00000000 5 1 0 000000000000002a 00000040 f 00000040 0 00 00000040
DONE retired=42 fault=00 pc=0000000000000029
