0000000000000000 00131d0000000000 1 1d 00000000 0 0 0 0000000000000001
0000000000000001 00b20d0f13000000 1 0d 00000000 0 0 0 0000000000000002
0000000000000002 00b2070806000000 1 07 00000000 0 0 0 0000000000000003
0000000000000003 0032050e0f000000 1 05 00000000 0 0 0 0000000000000004
0000000000000004 0122001411000000 0 00 00000000 5 0 0 0000000000000005
0000000000000005 0215000001010000 0 00 00000000 5 0 0 0000000000000006
0000000000000006 8506000000000000 0 00 00000000 5 0 0 0000000000000007
0000000000000007 00b2110b08000000 1 11 00000000 5 0 0 0000000000000008
0000000000000008 0092140d00000000 1 14 ffffffff 5 0 0 0000000000000009
0000000000000009 0052090513000000 1 09 00000000 5 0 0 000000000000000a
000000000000000a 8506000000000000 0 00 00000000 5 0 0 000000000000000b
000000000000000b 8506000000000000 0 00 00000000 5 0 0 000000000000000c
000000000000000c 001312001980a200 1 12 001980a2 5 0 0 000000000000000d
000000000000000d 0063110a00001800 1 11 00000000 5 0 0 000000000000000e
000000000000000e 8506000000000000 0 00 00000000 5 0 0 000000000000000f
000000000000000f 0023100e00000000 1 10 00000000 5 0 0 0000000000000010
0000000000000010 00130200b7713f00 1 02 ffb7713f 5 0 0 0000000000000011
0000000000000011 0306000000000b00 1 0b 00000000 5 0 0 0000000000000012
0000000000000012 8506000000000000 0 00 00000000 5 0 0 0000000000000013
0000000000000013 00130e00c518cf00 1 0e ffc518cf 5 0 0 0000000000000014
0000000000000014 0306000000000b00 1 0b 00000000 5 0 0 0000000000000015
0000000000000015 8506000000000000 0 00 00000000 5 0 0 0000000000000016
0000000000000016 8506000000000000 0 00 00000000 5 0 0 0000000000000017
0000000000000017 0112001011000000 0 00 00000000 5 0 0 0000000000000018
0000000000000018 0215000003030000 0 00 00000000 5 0 1 000000000000001c
000000000000001c 0092090500000000 1 09 ffffffff 5 0 0 000000000000001d
000000000000001d 8506000000000000 0 00 00000000 5 0 0 000000000000001e
000000000000001e 0092011400000000 1 01 00000000 5 0 0 000000000000001f
000000000000001f 8506000000000000 0 00 00000000 5 0 0 0000000000000020
0000000000000020 0112000f05000000 0 00 00000000 5 0 0 0000000000000021
0000000000000021 02150000010e0000 0 00 00000000 5 0 1 0000000000000023
0000000000000023 0052081009000000 1 08 ffffffff 5 0 0 0000000000000024
0000000000000024 00a2060b14000000 1 06 00000000 5 0 0 0000000000000025
0000000000000025 0122000806000000 0 00 00000000 6 0 0 0000000000000026
0000000000000026 0215000001010000 0 00 00000000 6 0 0 0000000000000027
0000000000000027 8506000000000000 0 00 00000000 6 0 0 0000000000000028
0000000000000028 0022130503000000 1 13 00000000 6 0 0 0000000000000029
0000000000000029 0052130b13000000 1 13 00000000 6 0 0 000000000000002a
000000000000002a 0072050a05000000 1 05 00000000 6 0 0 000000000000002b
000000000000002b 8506000000000000 0 00 00000000 6 0 0 000000000000002c
000000000000002c 00131e0000000200 1 1e 00000002 6 0 0 000000000000002d
000000000000002d 0023151500000100 1 15 00000001 6 0 0 000000000000002e
000000000000002e 00731e1e00000100 1 1e 00000001 6 0 0 000000000000002f
000000000000002f 0102001e1d000000 0 00 00000000 4 0 0 0000000000000030
0000000000000030 0215fffffc040000 0 00 00000000 4 0 1 000000000000002d
000000000000002d 0023151500000100 1 15 00000002 4 0 0 000000000000002e
000000000000002e 00731e1e00000100 1 1e 00000000 4 0 0 000000000000002f
000000000000002f 0102001e1d000000 0 00 00000000 5 1 0 0000000000000030
0000000000000030 0215fffffc040000 0 00 00000000 5 1 0 0000000000000031
0000000000000031 7cf5000000000000 0 00 00000000 5 1 0 0000000000000032
DONE retired=50 fault=00 pc=0000000000000031
