0000000000000000 00131d0000000000 1 1d 00000000 0 0 0 0000000000000001
0000000000000001 0023121300000100 1 12 00000001 0 0 0 0000000000000002
0000000000000002 00a20b080a000000 1 0b 00000000 0 0 0 0000000000000003
0000000000000003 00230e0360cce800 1 0e 0060cce8 0 0 0 0000000000000004
0000000000000004 0102000313000000 0 00 00000000 5 1 0 0000000000000005
0000000000000005 02150000020e0000 0 00 00000000 5 1 1 0000000000000008
0000000000000008 8506000000000000 0 00 00000000 5 1 0 0000000000000009
0000000000000009 0306000000000500 1 05 00000000 5 1 0 000000000000000a
000000000000000a 007308093b376c00 1 08 ffc4c894 5 1 0 000000000000000b
000000000000000b 0063081400001800 1 08 00000000 5 1 0 000000000000000c
000000000000000c 8506000000000000 0 00 00000000 5 1 0 000000000000000d
000000000000000d 004212060f000000 1 12 00000000 5 1 0 000000000000000e
000000000000000e 0082051009000000 1 05 00000000 5 1 0 000000000000000f
000000000000000f 0092080200000000 1 08 ffffffff 5 1 0 0000000000000010
0000000000000010 8506000000000000 0 00 00000000 5 1 0 0000000000000011
0000000000000011 8506000000000000 0 00 00000000 5 1 0 0000000000000012
0000000000000012 8506000000000000 0 00 00000000 5 1 0 0000000000000013
0000000000000013 0082090d03000000 1 09 00000000 5 1 0 0000000000000014
0000000000000014 0092050600000000 1 05 ffffffff 5 1 0 0000000000000015
0000000000000015 0092050300000000 1 05 ffffffff 5 1 0 0000000000000016
0000000000000016 00a2100711000000 1 10 00000000 5 1 0 0000000000000017
0000000000000017 0023090700000000 1 09 00000000 5 1 0 0000000000000018
0000000000000018 00131100a7577d00 1 11 ffa7577d 5 1 0 0000000000000019
0000000000000019 00130200ae47e900 1 02 ffae47e9 5 1 0 000000000000001a
000000000000001a 0306000000000e00 1 0e 00000000 5 1 0 000000000000001b
000000000000001b 0042130402000000 1 13 00000000 5 1 0 000000000000001c
000000000000001c 006212020c000000 1 12 ffae47e9 5 1 0 000000000000001d
000000000000001d 0022030a11000000 1 03 ffa7577d 5 1 0 000000000000001e
000000000000001e 0013040000000000 1 04 00000000 5 1 0 000000000000001f
000000000000001f 00520f020f000000 1 0f ffae47e9 5 1 0 0000000000000020
0000000000000020 0082020811000000 1 02 0058a882 5 1 0 0000000000000021
0000000000000021 0306000000000600 1 06 00000000 5 1 0 0000000000000022
0000000000000022 007304124c819200 1 04 ff61c657 5 1 0 0000000000000023
0000000000000023 00920b0700000000 1 0b ffffffff 5 1 0 0000000000000024
0000000000000024 001313009b2cce00 1 13 ff9b2cce 5 1 0 0000000000000025
0000000000000025 00131e0000000100 1 1e 00000001 5 1 0 0000000000000026
0000000000000026 0023151500000100 1 15 00000001 5 1 0 0000000000000027
0000000000000027 00731e1e00000100 1 1e 00000000 5 1 0 0000000000000028
0000000000000028 0102001e1d000000 0 00 00000000 5 1 0 0000000000000029
0000000000000029 0215fffffc040000 0 00 00000000 5 1 0 000000000000002a
000000000000002a 7cf5000000000000 0 00 00000000 5 1 0 000000000000002b
DONE retired=41 fault=00 pc=000000000000002a
