0000000000000000 0013140000004d00 1 14 0000004d 0 0 0 0000000000000001 fffe0000 f fffe0000 0 00 fffe0000
0000000000000001 104002030500f000 0 00 00000000 0 0 0 0000000000000002 fffe0000 f fffe0000 1 02 fffe0000
0000000000000002 3400030200002000 0 00 00000000 0 0 0 0000000000000003 fffe0000 2 0c140000 1 03 0c140000
0000000000000003 100004020600f000 0 00 00000000 0 0 0 0000000000000004 fffe0000 f fffe0000 1 04 fffe0000
0000000000000004 10710405000ff000 0 00 00000000 0 0 0 0000000000000005 fffe0000 f fffe0000 1 04 fffe0000
0000000000000005 103105038000f000 0 00 00000000 0 0 0 0000000000000006 fffe0000 f fffe0000 1 05 fffe0000
0000000000000006 103005040500f000 0 00 00000000 0 0 0 0000000000000007 fffe0000 f fffe0000 1 05 fffe0000
0000000000000007 343006000000f000 0 00 00000000 0 0 0 0000000000000008 fffe0000 f fffe0000 1 06 fffe0000
0000000000000008 340002020000f000 0 00 00000000 0 0 0 0000000000000009 fffe0000 f fffe0000 1 02 fffe0000
0000000000000009 340005060000f000 0 00 00000000 0 0 0 000000000000000a fffe0000 f fffe0000 1 05 fffe0000
000000000000000a 0013150000000000 1 15 00000000 0 0 0 000000000000000b fffe0000 f fffe0000 0 00 fffe0000
000000000000000b 342003150000f000 0 00 00000000 0 0 0 000000000000000c fffe0000 f fffe0000 1 03 fffe0000
000000000000000c 104004020400f000 0 00 00000000 0 0 0 000000000000000d fffe0000 f fffe0000 1 04 fffe0000
000000000000000d 101006020400f000 0 00 00000000 0 0 0 000000000000000e fffe0000 f fffe0000 1 06 fffe0000
000000000000000e 1020040505005000 0 00 00000000 0 0 0 000000000000000f fffe0000 5 00000000 1 04 00000000
000000000000000f 0013160000000100 1 16 00000001 0 0 0 0000000000000010 fffe0000 f fffe0000 0 00 fffe0000
0000000000000010 342003160000f000 0 00 00000000 0 0 0 0000000000000011 fffe0000 f fffe0000 1 03 fffe0000
0000000000000011 108103030020f000 0 00 00000000 0 0 0 0000000000000012 fffe0000 f fffe0000 1 03 fffe0000
0000000000000012 107106050021f000 0 00 00000000 0 0 0 0000000000000013 fffe0000 f fffe0000 1 06 fffe0000
0000000000000013 340005060000e000 0 00 00000000 0 0 0 0000000000000014 fffe0000 e fffe0000 1 05 fffe0000
0000000000000014 102004060500f000 0 00 00000000 0 0 0 0000000000000015 fffe0000 f fffe0000 1 04 fffe0000
0000000000000015 107106040001f000 0 00 00000000 0 0 0 0000000000000016 fffe0000 f fffe0000 1 06 fffe0000
0000000000000016 0013160055555500 1 16 00555555 0 0 0 0000000000000017 fffe0000 f fffe0000 0 00 fffe0000
0000000000000017 342004160000f000 0 00 00000000 0 0 0 0000000000000018 fffe0000 f fffe0000 1 04 fffe0000
0000000000000018 108104040001f000 0 00 00000000 0 0 0 0000000000000019 fffe0000 f fffe0000 1 04 fffe0000
0000000000000019 340006050000f000 0 00 00000000 0 0 0 000000000000001a fffe0000 f fffe0000 1 06 fffe0000
000000000000001a 343006000000f000 0 00 00000000 0 0 0 000000000000001b fffe0000 f fffe0000 1 06 fffe0000
000000000000001b 0013160000000000 1 16 00000000 0 0 0 000000000000001c fffe0000 f fffe0000 0 00 fffe0000
000000000000001c 342004160000f000 0 00 00000000 0 0 0 000000000000001d fffe0000 f fffe0000 1 04 fffe0000
000000000000001d 108103040010f000 0 00 00000000 0 0 0 000000000000001e fffe0000 f fffe0000 1 03 fffe0000
000000000000001e 106102060021f000 0 00 00000000 0 0 0 000000000000001f fffe0000 f fffe0000 1 02 fffe0000
000000000000001f 00131e0000000200 1 1e 00000002 0 0 0 0000000000000020 fffe0000 f fffe0000 0 00 fffe0000
0000000000000020 0023171700000100 1 17 00000001 0 0 0 0000000000000021 fffe0000 f fffe0000 0 00 fffe0000
0000000000000021 00731e1e00000100 1 1e 00000001 0 0 0 0000000000000022 fffe0000 f fffe0000 0 00 fffe0000
0000000000000022 0013180000000000 1 18 00000000 0 0 0 0000000000000023 fffe0000 f fffe0000 0 00 fffe0000
0000000000000023 0102001e18000000 0 00 00000000 4 0 0 0000000000000024 fffe0000 f fffe0000 0 00 fffe0000
0000000000000024 0215fffffb040000 0 00 00000000 4 0 1 0000000000000020 fffe0000 f fffe0000 0 00 fffe0000
0000000000000020 0023171700000100 1 17 00000002 4 0 0 0000000000000021 fffe0000 f fffe0000 0 00 fffe0000
0000000000000021 00731e1e00000100 1 1e 00000000 4 0 0 0000000000000022 fffe0000 f fffe0000 0 00 fffe0000
0000000000000022 0013180000000000 1 18 00000000 4 0 0 0000000000000023 fffe0000 f fffe0000 0 00 fffe0000
0000000000000023 0102001e18000000 0 00 00000000 5 1 0 0000000000000024 fffe0000 f fffe0000 0 00 fffe0000
0000000000000024 0215fffffb040000 0 00 00000000 5 1 0 0000000000000025 fffe0000 f fffe0000 0 00 fffe0000
0000000000000025 7cf5000000000000 0 00 00000000 5 1 0 0000000000000026 fffe0000 f fffe0000 0 00 fffe0000
DONE retired=43 fault=00 pc=0000000000000025
