0000000000000000 0013140000004d00 1 14 0000004d 0 0 0 0000000000000001 ffff8000 f ffff8000 0 00 ffff8000
0000000000000001 340002050000f000 0 00 00000000 0 0 0 0000000000000002 ffff8000 f ffff8000 1 02 ffff8000
0000000000000002 0013160000000000 1 16 00000000 0 0 0 0000000000000003 ffff8000 f ffff8000 0 00 ffff8000
0000000000000003 342006160000f000 0 00 00000000 0 0 0 0000000000000004 ffff8000 f ffff8000 1 06 ffff8000
0000000000000004 10810306000ff000 0 00 00000000 0 0 0 0000000000000005 ffff8000 f ffff8000 1 03 ffff8000
0000000000000005 10610506003ff000 0 00 00000000 0 0 0 0000000000000006 ffff8000 f ffff8000 1 05 ffff8000
0000000000000006 34110300a8e6f000 0 00 00000000 0 0 0 0000000000000007 ffff8000 f ffff8000 1 03 ffff8000
0000000000000007 104004050500f000 0 00 00000000 0 0 0 0000000000000008 ffff8000 f ffff8000 1 04 ffff8000
0000000000000008 100006030200f000 0 00 00000000 0 0 0 0000000000000009 ffff8000 f ffff8000 1 06 ffff8000
0000000000000009 34110200fffff000 0 00 00000000 0 0 0 000000000000000a ffff8000 f ffff8000 1 02 ffff8000
000000000000000a 340002060000f000 0 00 00000000 0 0 0 000000000000000b ffff8000 f ffff8000 1 02 ffff8000
000000000000000b 3411020006e9f000 0 00 00000000 0 0 0 000000000000000c ffff8000 f ffff8000 1 02 ffff8000
000000000000000c 101002040200f000 0 00 00000000 0 0 0 000000000000000d ffff8000 f ffff8000 1 02 ffff8000
000000000000000d 100104058000f000 0 00 00000000 0 0 0 000000000000000e ffff8000 f ffff8000 1 04 ffff8000
000000000000000e 0013160000000000 1 16 00000000 0 0 0 000000000000000f ffff8000 f ffff8000 0 00 ffff8000
000000000000000f 342004160000f000 0 00 00000000 0 0 0 0000000000000010 ffff8000 f ffff8000 1 04 ffff8000
0000000000000010 108103040001f000 0 00 00000000 0 0 0 0000000000000011 ffff8000 f ffff8000 1 03 ffff8000
0000000000000011 104005050400f000 0 00 00000000 0 0 0 0000000000000012 ffff8000 f ffff8000 1 05 ffff8000
0000000000000012 343003000000f000 0 00 00000000 0 0 0 0000000000000013 ffff8000 f ffff8000 1 03 ffff8000
0000000000000013 0013150055555500 1 15 00555555 0 0 0 0000000000000014 ffff8000 f ffff8000 0 00 ffff8000
0000000000000014 342003150000f000 0 00 00000000 0 0 0 0000000000000015 ffff8000 f ffff8000 1 03 ffff8000
0000000000000015 1020020205006000 0 00 00000000 0 0 0 0000000000000016 ffff8000 6 00000000 1 02 00000000
0000000000000016 00131500ffffff00 1 15 ffffffff 0 0 0 0000000000000017 ffff8000 f ffff8000 0 00 ffff8000
0000000000000017 342005150000d000 0 00 00000000 0 0 0 0000000000000018 ffff8000 d 00000000 1 05 00000000
0000000000000018 00131500ffffff00 1 15 ffffffff 0 0 0 0000000000000019 ffff8000 f ffff8000 0 00 ffff8000
0000000000000019 342002150000f000 0 00 00000000 0 0 0 000000000000001a ffff8000 f ffff8000 1 02 ffff8000
000000000000001a 0013160000000000 1 16 00000000 0 0 0 000000000000001b ffff8000 f ffff8000 0 00 ffff8000
000000000000001b 342003160000f000 0 00 00000000 0 0 0 000000000000001c ffff8000 f ffff8000 1 03 ffff8000
000000000000001c 108106030012f000 0 00 00000000 0 0 0 000000000000001d ffff8000 f ffff8000 1 06 ffff8000
000000000000001d 00131e0000000300 1 1e 00000003 0 0 0 000000000000001e ffff8000 f ffff8000 0 00 ffff8000
000000000000001e 0023171700000100 1 17 00000001 0 0 0 000000000000001f ffff8000 f ffff8000 0 00 ffff8000
000000000000001f 00731e1e00000100 1 1e 00000002 0 0 0 0000000000000020 ffff8000 f ffff8000 0 00 ffff8000
0000000000000020 0013180000000000 1 18 00000000 0 0 0 0000000000000021 ffff8000 f ffff8000 0 00 ffff8000
0000000000000021 0102001e18000000 0 00 00000000 4 0 0 0000000000000022 ffff8000 f ffff8000 0 00 ffff8000
0000000000000022 0215fffffb040000 0 00 00000000 4 0 1 000000000000001e ffff8000 f ffff8000 0 00 ffff8000
000000000000001e 0023171700000100 1 17 00000002 4 0 0 000000000000001f ffff8000 f ffff8000 0 00 ffff8000
000000000000001f 00731e1e00000100 1 1e 00000001 4 0 0 0000000000000020 ffff8000 f ffff8000 0 00 ffff8000
0000000000000020 0013180000000000 1 18 00000000 4 0 0 0000000000000021 ffff8000 f ffff8000 0 00 ffff8000
0000000000000021 0102001e18000000 0 00 00000000 4 0 0 0000000000000022 ffff8000 f ffff8000 0 00 ffff8000
0000000000000022 0215fffffb040000 0 00 00000000 4 0 1 000000000000001e ffff8000 f ffff8000 0 00 ffff8000
000000000000001e 0023171700000100 1 17 00000003 4 0 0 000000000000001f ffff8000 f ffff8000 0 00 ffff8000
000000000000001f 00731e1e00000100 1 1e 00000000 4 0 0 0000000000000020 ffff8000 f ffff8000 0 00 ffff8000
0000000000000020 0013180000000000 1 18 00000000 4 0 0 0000000000000021 ffff8000 f ffff8000 0 00 ffff8000
0000000000000021 0102001e18000000 0 00 00000000 5 1 0 0000000000000022 ffff8000 f ffff8000 0 00 ffff8000
0000000000000022 0215fffffb040000 0 00 00000000 5 1 0 0000000000000023 ffff8000 f ffff8000 0 00 ffff8000
0000000000000023 7cf5000000000000 0 00 00000000 5 1 0 0000000000000024 ffff8000 f ffff8000 0 00 ffff8000
DONE retired=46 fault=00 pc=0000000000000023
