0000000000000000 00131d0000000000 1 1d 00000000 0 0 0 0000000000000001
0000000000000001 00820d0414000000 1 0d 00000000 0 0 0 0000000000000002
0000000000000002 8506000000000000 0 00 00000000 0 0 0 0000000000000003
0000000000000003 0102001204000000 0 00 00000000 5 1 0 0000000000000004
0000000000000004 02150000010d0000 0 00 00000000 5 1 0 0000000000000005
0000000000000005 8506000000000000 0 00 00000000 5 1 0 0000000000000006
0000000000000006 00420d0d0c000000 1 0d 00000000 5 1 0 0000000000000007
0000000000000007 0042080a04000000 1 08 00000000 5 1 0 0000000000000008
0000000000000008 0013140092a1b300 1 14 ff92a1b3 5 1 0 0000000000000009
0000000000000009 00730c0df98bf300 1 0c 0006740d 5 1 0 000000000000000a
000000000000000a 0013100000000000 1 10 00000000 5 1 0 000000000000000b
000000000000000b 00320f140e000000 1 0f 00000000 5 1 0 000000000000000c
000000000000000c 00130d00438ab200 1 0d 00438ab2 5 1 0 000000000000000d
000000000000000d 00130a006a4b1e00 1 0a 006a4b1e 5 1 0 000000000000000e
000000000000000e 0013040010e05c00 1 04 0010e05c 5 1 0 000000000000000f
000000000000000f 0092070e00000000 1 07 ffffffff 5 1 0 0000000000000010
0000000000000010 00b2140803000000 1 14 00000000 5 1 0 0000000000000011
0000000000000011 0013120000000100 1 12 00000001 5 1 0 0000000000000012
0000000000000012 0092061200000000 1 06 fffffffe 5 1 0 0000000000000013
0000000000000013 0013070016314800 1 07 00163148 5 1 0 0000000000000014
0000000000000014 010200130b000000 0 00 00000000 5 1 0 0000000000000015
0000000000000015 02150000010e0000 0 00 00000000 5 1 1 0000000000000017
0000000000000017 00131e0000000300 1 1e 00000003 5 1 0 0000000000000018
0000000000000018 0023151500000100 1 15 00000001 5 1 0 0000000000000019
0000000000000019 00731e1e00000100 1 1e 00000002 5 1 0 000000000000001a
000000000000001a 0102001e1d000000 0 00 00000000 4 0 0 000000000000001b
000000000000001b 0215fffffc040000 0 00 00000000 4 0 1 0000000000000018
0000000000000018 0023151500000100 1 15 00000002 4 0 0 0000000000000019
0000000000000019 00731e1e00000100 1 1e 00000001 4 0 0 000000000000001a
000000000000001a 0102001e1d000000 0 00 00000000 4 0 0 000000000000001b
000000000000001b 0215fffffc040000 0 00 00000000 4 0 1 0000000000000018
0000000000000018 0023151500000100 1 15 00000003 4 0 0 0000000000000019
0000000000000019 00731e1e00000100 1 1e 00000000 4 0 0 000000000000001a
000000000000001a 0102001e1d000000 0 00 00000000 5 1 0 000000000000001b
000000000000001b 0215fffffc040000 0 00 00000000 5 1 0 000000000000001c
000000000000001c 7cf5000000000000 0 00 00000000 5 1 0 000000000000001d
DONE retired=36 fault=00 pc=000000000000001c
