0000000000000000 0013140000004d00 1 14 0000004d 0 0 0 0000000000000001 63563e6e f 63563e6e 0 00 63563e6e
0000000000000001 343002000000f000 0 00 00000000 0 0 0 0000000000000002 63563e6e f 63563e6e 1 02 63563e6e
0000000000000002 00131500ffffff00 1 15 ffffffff 0 0 0 0000000000000003 63563e6e f 63563e6e 0 00 63563e6e
0000000000000003 342002150000f000 0 00 00000000 0 0 0 0000000000000004 63563e6e f 63563e6e 1 02 63563e6e
0000000000000004 0013160000000100 1 16 00000001 0 0 0 0000000000000005 63563e6e f 63563e6e 0 00 63563e6e
0000000000000005 342006160000f000 0 00 00000000 0 0 0 0000000000000006 63563e6e f 63563e6e 1 06 63563e6e
0000000000000006 108105060020f000 0 00 00000000 0 0 0 0000000000000007 63563e6e f 63563e6e 1 05 63563e6e
0000000000000007 3400030600000000 0 00 00000000 0 0 0 0000000000000008 63563e6e 0 63563e6e 1 03 63563e6e
0000000000000008 100005050200f000 0 00 00000000 0 0 0 0000000000000009 63563e6e f 63563e6e 1 05 63563e6e
0000000000000009 340003020000f000 0 00 00000000 0 0 0 000000000000000a 63563e6e f 63563e6e 1 03 63563e6e
000000000000000a 105005050300f000 0 00 00000000 0 0 0 000000000000000b 63563e6e f 63563e6e 1 05 63563e6e
000000000000000b 1000020303002000 0 00 00000000 0 0 0 000000000000000c 63563e6e 2 22022a2a 1 02 22022a2a
000000000000000c 343005000000f000 0 00 00000000 0 0 0 000000000000000d 63563e6e f 63563e6e 1 05 63563e6e
000000000000000d 105004020200f000 0 00 00000000 0 0 0 000000000000000e 63563e6e f 63563e6e 1 04 63563e6e
000000000000000e 102002030200f000 0 00 00000000 0 0 0 000000000000000f 63563e6e f 63563e6e 1 02 63563e6e
000000000000000f 340002030000f000 0 00 00000000 0 0 0 0000000000000010 63563e6e f 63563e6e 1 02 63563e6e
0000000000000010 102004020500f000 0 00 00000000 0 0 0 0000000000000011 63563e6e f 63563e6e 1 04 63563e6e
0000000000000011 0013160000000000 1 16 00000000 0 0 0 0000000000000012 63563e6e f 63563e6e 0 00 63563e6e
0000000000000012 342004160000f000 0 00 00000000 0 0 0 0000000000000013 63563e6e f 63563e6e 1 04 63563e6e
0000000000000013 10810604000ff000 0 00 00000000 0 0 0 0000000000000014 63563e6e f 63563e6e 1 06 63563e6e
0000000000000014 10710406000ff000 0 00 00000000 0 0 0 0000000000000015 63563e6e f 63563e6e 1 04 63563e6e
0000000000000015 00131e0000000200 1 1e 00000002 0 0 0 0000000000000016 63563e6e f 63563e6e 0 00 63563e6e
0000000000000016 0023171700000100 1 17 00000001 0 0 0 0000000000000017 63563e6e f 63563e6e 0 00 63563e6e
0000000000000017 00731e1e00000100 1 1e 00000001 0 0 0 0000000000000018 63563e6e f 63563e6e 0 00 63563e6e
0000000000000018 0013180000000000 1 18 00000000 0 0 0 0000000000000019 63563e6e f 63563e6e 0 00 63563e6e
0000000000000019 0102001e18000000 0 00 00000000 4 0 0 000000000000001a 63563e6e f 63563e6e 0 00 63563e6e
000000000000001a 0215fffffb040000 0 00 00000000 4 0 1 0000000000000016 63563e6e f 63563e6e 0 00 63563e6e
0000000000000016 0023171700000100 1 17 00000002 4 0 0 0000000000000017 63563e6e f 63563e6e 0 00 63563e6e
0000000000000017 00731e1e00000100 1 1e 00000000 4 0 0 0000000000000018 63563e6e f 63563e6e 0 00 63563e6e
0000000000000018 0013180000000000 1 18 00000000 4 0 0 0000000000000019 63563e6e f 63563e6e 0 00 63563e6e
0000000000000019 0102001e18000000 0 00 00000000 5 1 0 000000000000001a 63563e6e f 63563e6e 0 00 63563e6e
000000000000001a 0215fffffb040000 0 00 00000000 5 1 0 000000000000001b 63563e6e f 63563e6e 0 00 63563e6e
000000000000001b 7cf5000000000000 0 00 00000000 5 1 0 000000000000001c 63563e6e f 63563e6e 0 00 63563e6e
DONE retired=33 fault=00 pc=000000000000001b
