0000000000000000 00131d0000000000 1 1d 00000000 0 0 0 0000000000000001
0000000000000001 0073010b2c8c5c00 1 01 ffd373a4 0 0 0 0000000000000002
0000000000000002 00a3040900001500 1 04 00000000 0 0 0 0000000000000003
0000000000000003 0122000c0f000000 0 00 00000000 5 0 0 0000000000000004
0000000000000004 02150000030e0000 0 00 00000000 5 0 1 0000000000000008
0000000000000008 0306000000001000 1 10 00000000 5 0 0 0000000000000009
0000000000000009 0013030000000100 1 03 00000001 5 0 0 000000000000000a
000000000000000a 00130b00d8c8d800 1 0b ffd8c8d8 5 0 0 000000000000000b
000000000000000b 00220d0902000000 1 0d 00000000 5 0 0 000000000000000c
000000000000000c 00630e0a00001400 1 0e 00000000 5 0 0 000000000000000d
000000000000000d 0072020b14000000 1 02 ffd8c8d8 5 0 0 000000000000000e
000000000000000e 0063140d00000300 1 14 00000000 5 0 0 000000000000000f
000000000000000f 00730e055c852d00 1 0e ffa37ad3 5 0 0 0000000000000010
0000000000000010 8506000000000000 0 00 00000000 5 0 0 0000000000000011
0000000000000011 8506000000000000 0 00 00000000 5 0 0 0000000000000012
0000000000000012 0102000e0d000000 0 00 00000000 6 0 0 0000000000000013
0000000000000013 02150000010d0000 0 00 00000000 6 0 0 0000000000000014
0000000000000014 8506000000000000 0 00 00000000 6 0 0 0000000000000015
0000000000000015 8506000000000000 0 00 00000000 6 0 0 0000000000000016
0000000000000016 8506000000000000 0 00 00000000 6 0 0 0000000000000017
0000000000000017 00a30f0e00001700 1 0f 000001ff 6 0 0 0000000000000018
0000000000000018 0023130f7789e100 1 13 00778be0 6 0 0 0000000000000019
0000000000000019 00131e0000000300 1 1e 00000003 6 0 0 000000000000001a
000000000000001a 0023151500000100 1 15 00000001 6 0 0 000000000000001b
000000000000001b 00731e1e00000100 1 1e 00000002 6 0 0 000000000000001c
000000000000001c 0102001e1d000000 0 00 00000000 4 0 0 000000000000001d
000000000000001d 0215fffffc040000 0 00 00000000 4 0 1 000000000000001a
000000000000001a 0023151500000100 1 15 00000002 4 0 0 000000000000001b
000000000000001b 00731e1e00000100 1 1e 00000001 4 0 0 000000000000001c
000000000000001c 0102001e1d000000 0 00 00000000 4 0 0 000000000000001d
000000000000001d 0215fffffc040000 0 00 00000000 4 0 1 000000000000001a
000000000000001a 0023151500000100 1 15 00000003 4 0 0 000000000000001b
000000000000001b 00731e1e00000100 1 1e 00000000 4 0 0 000000000000001c
000000000000001c 0102001e1d000000 0 00 00000000 5 1 0 000000000000001d
000000000000001d 0215fffffc040000 0 00 00000000 5 1 0 000000000000001e
000000000000001e 7cf5000000000000 0 00 00000000 5 1 0 000000000000001f
DONE retired=36 fault=00 pc=000000000000001e
