0000000000000000 0013140000004d00 1 14 0000004d 0 0 0 0000000000000001 aaaaaaaa f aaaaaaaa 0 00 aaaaaaaa
0000000000000001 0013150000000000 1 15 00000000 0 0 0 0000000000000002 aaaaaaaa f aaaaaaaa 0 00 aaaaaaaa
0000000000000002 342002150000a000 0 00 00000000 0 0 0 0000000000000003 aaaaaaaa a 008aaaa8 1 02 008aaaa8
0000000000000003 0013160000000000 1 16 00000000 0 0 0 0000000000000004 aaaaaaaa f aaaaaaaa 0 00 aaaaaaaa
0000000000000004 342006160000f000 0 00 00000000 0 0 0 0000000000000005 aaaaaaaa f aaaaaaaa 1 06 aaaaaaaa
0000000000000005 108103060010f000 0 00 00000000 0 0 0 0000000000000006 aaaaaaaa f aaaaaaaa 1 03 aaaaaaaa
0000000000000006 3430060000007000 0 00 00000000 0 0 0 0000000000000007 aaaaaaaa 7 8280008a 1 06 8280008a
0000000000000007 1030060603008000 0 00 00000000 0 0 0 0000000000000008 aaaaaaaa 8 0a8028aa 1 06 0a8028aa
0000000000000008 34110200fffff000 0 00 00000000 0 0 0 0000000000000009 aaaaaaaa f aaaaaaaa 1 02 aaaaaaaa
0000000000000009 104006040500f000 0 00 00000000 0 0 0 000000000000000a aaaaaaaa f aaaaaaaa 1 06 aaaaaaaa
000000000000000a 00131600aaaaaa00 1 16 ffaaaaaa 0 0 0 000000000000000b aaaaaaaa f aaaaaaaa 0 00 aaaaaaaa
000000000000000b 342005160000f000 0 00 00000000 0 0 0 000000000000000c aaaaaaaa f aaaaaaaa 1 05 aaaaaaaa
000000000000000c 108104050000f000 0 00 00000000 0 0 0 000000000000000d aaaaaaaa f aaaaaaaa 1 04 aaaaaaaa
000000000000000d 102006030600f000 0 00 00000000 0 0 0 000000000000000e aaaaaaaa f aaaaaaaa 1 06 aaaaaaaa
000000000000000e 105106067ffff000 0 00 00000000 0 0 0 000000000000000f aaaaaaaa f aaaaaaaa 1 06 aaaaaaaa
000000000000000f 103103050000f000 0 00 00000000 0 0 0 0000000000000010 aaaaaaaa f aaaaaaaa 1 03 aaaaaaaa
0000000000000010 10610506000ff000 0 00 00000000 0 0 0 0000000000000011 aaaaaaaa f aaaaaaaa 1 05 aaaaaaaa
0000000000000011 105103030001f000 0 00 00000000 0 0 0 0000000000000012 aaaaaaaa f aaaaaaaa 1 03 aaaaaaaa
0000000000000012 100002050400f000 0 00 00000000 0 0 0 0000000000000013 aaaaaaaa f aaaaaaaa 1 02 aaaaaaaa
0000000000000013 00131e0000000100 1 1e 00000001 0 0 0 0000000000000014 aaaaaaaa f aaaaaaaa 0 00 aaaaaaaa
0000000000000014 0023171700000100 1 17 00000001 0 0 0 0000000000000015 aaaaaaaa f aaaaaaaa 0 00 aaaaaaaa
0000000000000015 00731e1e00000100 1 1e 00000000 0 0 0 0000000000000016 aaaaaaaa f aaaaaaaa 0 00 aaaaaaaa
0000000000000016 0013180000000000 1 18 00000000 0 0 0 0000000000000017 aaaaaaaa f aaaaaaaa 0 00 aaaaaaaa
0000000000000017 0102001e18000000 0 00 00000000 5 1 0 0000000000000018 aaaaaaaa f aaaaaaaa 0 00 aaaaaaaa
0000000000000018 0215fffffb040000 0 00 00000000 5 1 0 0000000000000019 aaaaaaaa f aaaaaaaa 0 00 aaaaaaaa
0000000000000019 7cf5000000000000 0 00 00000000 5 1 0 000000000000001a aaaaaaaa f aaaaaaaa 0 00 aaaaaaaa
DONE retired=26 fault=00 pc=0000000000000019
