0000000000000000 343001000000f000 0 00 00000000 0 0 0 0 0 0 0000000000000001 ffffffff f ffffffff 1 01
0000000000000001 341107000001f000 0 00 00000000 0 0 0 0 0 0 0000000000000002 ffffffff f ffffffff 1 07
0000000000000002 34110c000003f000 0 00 00000000 0 0 0 0 0 0 0000000000000003 ffffffff f ffffffff 1 0c
0000000000000003 304920b070000000 0 00 00000000 0 0 0 0 0 0 0000000000000004 ffffffff f ffffffff 0 00
0000000000000004 7c15000021200022 0 00 00000000 0 0 0 0 0 0 0000000000000026 ffffffff f ffffffff 0 00
0000000000000026 104004010700f000 0 00 00000000 0 0 0 0 0 0 0000000000000027 ffffffff f ffffffff 1 04
0000000000000027 7c25000000000000 0 00 00000000 0 0 0 0 0 0 0000000000000028 ffffffff f ffffffff 0 00
0000000000000028 34110d000001f000 0 00 00000000 0 0 0 0 0 0 0000000000000029 ffffffff f ffffffff 1 0d
0000000000000029 10300c010d00f000 0 00 00000000 0 0 0 0 0 0 000000000000002a ffffffff f ffffffff 1 0c
000000000000002a 10000c0c0700f000 0 00 00000000 0 0 0 0 0 0 000000000000002b ffffffff f ffffffff 1 0c
000000000000002b 34110a000000f000 0 00 00000000 0 0 0 0 0 0 000000000000002c ffffffff f ffffffff 1 0a
000000000000002c 7c85000005000000 0 00 00000000 0 0 0 0 0 0 000000000000002d ffffffff f ffffffff 0 00
000000000000002d 3059e0a0c0000000 0 00 00000000 0 0 0 0 0 0 000000000000002e ffffffff f ffffffff 0 00
000000000000002e 3029d0a0c0000000 0 00 00000000 0 0 0 0 0 0 000000000000002f ffffffff f ffffffff 0 00
000000000000002f 111005040500f000 0 00 00000000 0 0 0 0 0 0 0000000000000030 ffffffff f ffffffff 1 05
0000000000000030 7cb5000000e00000 0 00 00000000 0 0 0 0 0 0 0000000000000031 ffffffff f ffffffff 0 00
0000000000000031 10000a0a0700f000 0 00 00000000 0 0 0 0 0 0 0000000000000032 ffffffff f ffffffff 1 0a
0000000000000032 7c95fffffad00000 0 00 00000000 0 0 0 0 0 0 000000000000002d ffffffff f ffffffff 0 00
000000000000002d 3059e0a0c0000000 0 00 00000000 0 0 0 0 0 0 000000000000002e ffffffff f ffffffff 0 00
000000000000002e 3029d0a0c0000000 0 00 00000000 0 0 0 0 0 0 000000000000002f ffffffff f ffffffff 0 00
000000000000002f 111005040500f000 0 00 00000000 0 0 0 0 0 0 0000000000000030 ffffffff f ffffffff 1 05
0000000000000030 7cb5000000e00000 0 00 00000000 0 0 0 0 0 0 0000000000000031 aaaaaaaa f aaaaaaaa 0 00
0000000000000031 10000a0a0700f000 0 00 00000000 0 0 0 0 0 0 0000000000000032 aaaaaaaa f aaaaaaaa 1 0a
0000000000000032 7c95fffffad00000 0 00 00000000 0 0 0 0 0 0 000000000000002d aaaaaaaa f aaaaaaaa 0 00
000000000000002d 3059e0a0c0000000 0 00 00000000 0 0 0 0 0 0 000000000000002e aaaaaaaa f aaaaaaaa 0 00
000000000000002e 3029d0a0c0000000 0 00 00000000 0 0 0 0 0 0 000000000000002f aaaaaaaa f aaaaaaaa 0 00
000000000000002f 111005040500f000 0 00 00000000 0 0 0 0 0 0 0000000000000030 aaaaaaaa f aaaaaaaa 1 05
0000000000000032 7cb5000000e00000 0 00 00000000 0 0 0 0 0 0 0000000000000031 00000000 f 00000000 0 00
0000000000000032 7c95fffffad00000 0 00 00000000 0 0 0 0 0 0 0000000000000033 ffffffff f ffffffff 0 00
0000000000000033 341103000006f000 0 00 00000000 0 0 0 0 0 0 0000000000000034 ffffffff f ffffffff 1 03
0000000000000034 7cf5000000000000 0 00 00000000 0 0 0 0 0 0 0000000000000035 ffffffff f ffffffff 0 00
