0000000000000000 00131d0000000000 1 1d 00000000 0 0 0 0000000000000001
0000000000000001 8506000000000000 0 00 00000000 0 0 0 0000000000000002
0000000000000002 8506000000000000 0 00 00000000 0 0 0 0000000000000003
0000000000000003 8506000000000000 0 00 00000000 0 0 0 0000000000000004
0000000000000004 0013040055555500 1 04 00555555 0 0 0 0000000000000005
0000000000000005 0023110a0ea77200 1 11 000ea772 0 0 0 0000000000000006
0000000000000006 0013110020e7f700 1 11 0020e7f7 0 0 0 0000000000000007
0000000000000007 00730b05aaaaaa00 1 0b 00555556 0 0 0 0000000000000008
0000000000000008 8506000000000000 0 00 00000000 0 0 0 0000000000000009
0000000000000009 8506000000000000 0 00 00000000 0 0 0 000000000000000a
000000000000000a 0122000701000000 0 00 00000000 5 0 0 000000000000000b
000000000000000b 0215000002020000 0 00 00000000 5 0 1 000000000000000e
000000000000000e 00a2070d09000000 1 07 00000000 5 0 0 000000000000000f
000000000000000f 00320d0d02000000 1 0d 00000000 5 0 0 0000000000000010
0000000000000010 001313000fe8a400 1 13 000fe8a4 5 0 0 0000000000000011
0000000000000011 0112000810000000 0 00 00000000 5 0 0 0000000000000012
0000000000000012 0215000003040000 0 00 00000000 5 0 0 0000000000000013
0000000000000013 8506000000000000 0 00 00000000 5 0 0 0000000000000014
0000000000000014 8506000000000000 0 00 00000000 5 0 0 0000000000000015
0000000000000015 8506000000000000 0 00 00000000 5 0 0 0000000000000016
0000000000000016 0063080400001b00 1 08 a8000000 5 0 0 0000000000000017
0000000000000017 005208130c000000 1 08 000fe8a4 5 0 0 0000000000000018
0000000000000018 010200130d000000 0 00 00000000 4 0 0 0000000000000019
0000000000000019 0215000001010000 0 00 00000000 4 0 0 000000000000001a
000000000000001a 8506000000000000 0 00 00000000 4 0 0 000000000000001b
000000000000001b 0063060800000700 1 06 07f45200 4 0 0 000000000000001c
000000000000001c 8506000000000000 0 00 00000000 4 0 0 000000000000001d
000000000000001d 00220f1306000000 1 0f 08043aa4 4 0 0 000000000000001e
000000000000001e 00131e0000000200 1 1e 00000002 4 0 0 000000000000001f
000000000000001f 0023151500000100 1 15 00000001 4 0 0 0000000000000020
0000000000000020 00731e1e00000100 1 1e 00000001 4 0 0 0000000000000021
0000000000000021 0102001e1d000000 0 00 00000000 4 0 0 0000000000000022
0000000000000022 0215fffffc040000 0 00 00000000 4 0 1 000000000000001f
000000000000001f 0023151500000100 1 15 00000002 4 0 0 0000000000000020
0000000000000020 00731e1e00000100 1 1e 00000000 4 0 0 0000000000000021
0000000000000021 0102001e1d000000 0 00 00000000 5 1 0 0000000000000022
0000000000000022 0215fffffc040000 0 00 00000000 5 1 0 0000000000000023
0000000000000023 7cf5000000000000 0 00 00000000 5 1 0 0000000000000024
DONE retired=38 fault=00 pc=0000000000000023
