0000000000000000 0013140000004d00 1 14 0000004d 0 0 0 0000000000000001 000003ff f 000003ff 0 00 000003ff
0000000000000001 340002060000f000 0 00 00000000 0 0 0 0000000000000002 000003ff f 000003ff 1 02 000003ff
0000000000000002 107104040001f000 0 00 00000000 0 0 0 0000000000000003 000003ff f 000003ff 1 04 000003ff
0000000000000003 101003020600f000 0 00 00000000 0 0 0 0000000000000004 000003ff f 000003ff 1 03 000003ff
0000000000000004 100104030001f000 0 00 00000000 0 0 0 0000000000000005 000003ff f 000003ff 1 04 000003ff
0000000000000005 0013160000000100 1 16 00000001 0 0 0 0000000000000006 000003ff f 000003ff 0 00 000003ff
0000000000000006 342004160000f000 0 00 00000000 0 0 0 0000000000000007 000003ff f 000003ff 1 04 000003ff
0000000000000007 108102040010f000 0 00 00000000 0 0 0 0000000000000008 000003ff f 000003ff 1 02 000003ff
0000000000000008 0013160000000100 1 16 00000001 0 0 0 0000000000000009 000003ff f 000003ff 0 00 000003ff
0000000000000009 342006160000f000 0 00 00000000 0 0 0 000000000000000a 000003ff f 000003ff 1 06 000003ff
000000000000000a 108104060000f000 0 00 00000000 0 0 0 000000000000000b 000003ff f 000003ff 1 04 000003ff
000000000000000b 340004060000f000 0 00 00000000 0 0 0 000000000000000c 000003ff f 000003ff 1 04 000003ff
000000000000000c 100103030000f000 0 00 00000000 0 0 0 000000000000000d 000003ff f 000003ff 1 03 000003ff
000000000000000d 0013150000000000 1 15 00000000 0 0 0 000000000000000e 000003ff f 000003ff 0 00 000003ff
000000000000000e 342003150000f000 0 00 00000000 0 0 0 000000000000000f 000003ff f 000003ff 1 03 000003ff
000000000000000f 106105040021f000 0 00 00000000 0 0 0 0000000000000010 000003ff f 000003ff 1 05 000003ff
0000000000000010 343006000000f000 0 00 00000000 0 0 0 0000000000000011 000003ff f 000003ff 1 06 000003ff
0000000000000011 1000060606009000 0 00 00000000 0 0 0 0000000000000012 000003ff 9 000003ff 1 06 000003ff
0000000000000012 106106050020f000 0 00 00000000 0 0 0 0000000000000013 000003ff f 000003ff 1 06 000003ff
0000000000000013 340004040000f000 0 00 00000000 0 0 0 0000000000000014 000003ff f 000003ff 1 04 000003ff
0000000000000014 10410206fffff000 0 00 00000000 0 0 0 0000000000000015 000003ff f 000003ff 1 02 000003ff
0000000000000015 101006020500f000 0 00 00000000 0 0 0 0000000000000016 000003ff f 000003ff 1 06 000003ff
0000000000000016 10110206fffff000 0 00 00000000 0 0 0 0000000000000017 000003ff f 000003ff 1 02 000003ff
0000000000000017 100002030300f000 0 00 00000000 0 0 0 0000000000000018 000003ff f 000003ff 1 02 000003ff
0000000000000018 105002030500f000 0 00 00000000 0 0 0 0000000000000019 000003ff f 000003ff 1 02 000003ff
0000000000000019 340004050000f000 0 00 00000000 0 0 0 000000000000001a 000003ff f 000003ff 1 04 000003ff
000000000000001a 10710405000af000 0 00 00000000 0 0 0 000000000000001b 000003ff f 000003ff 1 04 000003ff
000000000000001b 1040060506001000 0 00 00000000 0 0 0 000000000000001c 000003ff 1 00000232 1 06 00000232
000000000000001c 105104030001f000 0 00 00000000 0 0 0 000000000000001d 000003ff f 000003ff 1 04 000003ff
000000000000001d 00131e0000000100 1 1e 00000001 0 0 0 000000000000001e 000003ff f 000003ff 0 00 000003ff
000000000000001e 0023171700000100 1 17 00000001 0 0 0 000000000000001f 000003ff f 000003ff 0 00 000003ff
000000000000001f 00731e1e00000100 1 1e 00000000 0 0 0 0000000000000020 000003ff f 000003ff 0 00 000003ff
0000000000000020 0013180000000000 1 18 00000000 0 0 0 0000000000000021 000003ff f 000003ff 0 00 000003ff
0000000000000021 0102001e18000000 0 00 00000000 5 1 0 0000000000000022 000003ff f 000003ff 0 00 000003ff
0000000000000022 0215fffffb040000 0 00 00000000 5 1 0 0000000000000023 000003ff f 000003ff 0 00 000003ff
0000000000000023 7cf5000000000000 0 00 00000000 5 1 0 0000000000000024 000003ff f 000003ff 0 00 000003ff
DONE retired=36 fault=00 pc=0000000000000023
