0000000000000000 00131d0000000000 1 1d 00000000 0 0 0 0000000000000001
0000000000000001 00230c0590feda00 1 0c ff90feda 0 0 0 0000000000000002
0000000000000002 0112001312000000 0 00 00000000 5 0 0 0000000000000003
0000000000000003 0215000001020000 0 00 00000000 5 0 1 0000000000000005
0000000000000005 00130c00a7e4e100 1 0c ffa7e4e1 5 0 0 0000000000000006
0000000000000006 00730c10ffffff00 1 0c 00000001 5 0 0 0000000000000007
0000000000000007 00230a0900000100 1 0a 00000001 5 0 0 0000000000000008
0000000000000008 001313004f0c9200 1 13 004f0c92 5 0 0 0000000000000009
0000000000000009 0023130e17b39900 1 13 0017b399 5 0 0 000000000000000a
000000000000000a 011200010e000000 0 00 00000000 5 0 0 000000000000000b
000000000000000b 02150000020b0000 0 00 00000000 5 0 0 000000000000000c
000000000000000c 8506000000000000 0 00 00000000 5 0 0 000000000000000d
000000000000000d 8506000000000000 0 00 00000000 5 0 0 000000000000000e
000000000000000e 00630d1200000e00 1 0d 00000000 5 0 0 000000000000000f
000000000000000f 00b3011000001000 1 01 00000000 5 0 0 0000000000000010
0000000000000010 00130a005bc2c500 1 0a 005bc2c5 5 0 0 0000000000000011
0000000000000011 0306000000001400 1 14 00000000 5 0 0 0000000000000012
0000000000000012 0306000000001100 1 11 00000000 5 0 0 0000000000000013
0000000000000013 00a2080a0d000000 1 08 005bc2c5 5 0 0 0000000000000014
0000000000000014 0072011411000000 1 01 00000000 5 0 0 0000000000000015
0000000000000015 0073010ffe91ff00 1 01 00016e01 5 0 0 0000000000000016
0000000000000016 8506000000000000 0 00 00000000 5 0 0 0000000000000017
0000000000000017 00131200aaaaaa00 1 12 ffaaaaaa 5 0 0 0000000000000018
0000000000000018 0306000000000d00 1 0d 00000000 5 0 0 0000000000000019
0000000000000019 0306000000000f00 1 0f 00000000 5 0 0 000000000000001a
000000000000001a 0102000e0b000000 0 00 00000000 5 1 0 000000000000001b
000000000000001b 0215000003040000 0 00 00000000 5 1 0 000000000000001c
000000000000001c 8506000000000000 0 00 00000000 5 1 0 000000000000001d
000000000000001d 8506000000000000 0 00 00000000 5 1 0 000000000000001e
000000000000001e 8506000000000000 0 00 00000000 5 1 0 000000000000001f
000000000000001f 00131e0000000200 1 1e 00000002 5 1 0 0000000000000020
0000000000000020 0023151500000100 1 15 00000001 5 1 0 0000000000000021
0000000000000021 00731e1e00000100 1 1e 00000001 5 1 0 0000000000000022
0000000000000022 0102001e1d000000 0 00 00000000 4 0 0 0000000000000023
0000000000000023 0215fffffc040000 0 00 00000000 4 0 1 0000000000000020
0000000000000020 0023151500000100 1 15 00000002 4 0 0 0000000000000021
0000000000000021 00731e1e00000100 1 1e 00000000 4 0 0 0000000000000022
0000000000000022 0102001e1d000000 0 00 00000000 5 1 0 0000000000000023
0000000000000023 0215fffffc040000 0 00 00000000 5 1 0 0000000000000024
0000000000000024 7cf5000000000000 0 00 00000000 5 1 0 0000000000000025
DONE retired=40 fault=00 pc=0000000000000024
