0000000000000000 0013140000004d00 1 14 0000004d 0 0 0 0000000000000001 ffffff80 f ffffff80 0 00 ffffff80
0000000000000001 341105003cb5f000 0 00 00000000 0 0 0 0000000000000002 ffffff80 f ffffff80 1 05 ffffff80
0000000000000002 103002060400f000 0 00 00000000 0 0 0 0000000000000003 ffffff80 f ffffff80 1 02 ffffff80
0000000000000003 00131500aaaaaa00 1 15 ffaaaaaa 0 0 0 0000000000000004 ffffff80 f ffffff80 0 00 ffffff80
0000000000000004 3420021500004000 0 00 00000000 0 0 0 0000000000000005 ffffff80 4 00000000 1 02 00000000
0000000000000005 0013160000000000 1 16 00000000 0 0 0 0000000000000006 ffffff80 f ffffff80 0 00 ffffff80
0000000000000006 342006160000f000 0 00 00000000 0 0 0 0000000000000007 ffffff80 f ffffff80 1 06 ffffff80
0000000000000007 108103060021f000 0 00 00000000 0 0 0 0000000000000008 ffffff80 f ffffff80 1 03 ffffff80
0000000000000008 0013150000000100 1 15 00000001 0 0 0 0000000000000009 ffffff80 f ffffff80 0 00 ffffff80
0000000000000009 342004150000f000 0 00 00000000 0 0 0 000000000000000a ffffff80 f ffffff80 1 04 ffffff80
000000000000000a 00131600ffffff00 1 16 ffffffff 0 0 0 000000000000000b ffffff80 f ffffff80 0 00 ffffff80
000000000000000b 342002160000f000 0 00 00000000 0 0 0 000000000000000c ffffff80 f ffffff80 1 02 ffffff80
000000000000000c 108105020010f000 0 00 00000000 0 0 0 000000000000000d ffffff80 f ffffff80 1 05 ffffff80
000000000000000d 103002060500f000 0 00 00000000 0 0 0 000000000000000e ffffff80 f ffffff80 1 02 ffffff80
000000000000000e 103006050300f000 0 00 00000000 0 0 0 000000000000000f ffffff80 f ffffff80 1 06 ffffff80
000000000000000f 104006050200f000 0 00 00000000 0 0 0 0000000000000010 ffffff80 f ffffff80 1 06 ffffff80
0000000000000010 3411020000016000 0 00 00000000 0 0 0 0000000000000011 ffffff80 6 00000000 1 02 00000000
0000000000000011 0013160000000000 1 16 00000000 0 0 0 0000000000000012 ffffff80 f ffffff80 0 00 ffffff80
0000000000000012 342003160000f000 0 00 00000000 0 0 0 0000000000000013 ffffff80 f ffffff80 1 03 ffffff80
0000000000000013 108104030000f000 0 00 00000000 0 0 0 0000000000000014 ffffff80 f ffffff80 1 04 ffffff80
0000000000000014 0013160055555500 1 16 00555555 0 0 0 0000000000000015 ffffff80 f ffffff80 0 00 ffffff80
0000000000000015 342006160000f000 0 00 00000000 0 0 0 0000000000000016 ffffff80 f ffffff80 1 06 ffffff80
0000000000000016 10810206000ff000 0 00 00000000 0 0 0 0000000000000017 ffffff80 f ffffff80 1 02 ffffff80
0000000000000017 100003020600f000 0 00 00000000 0 0 0 0000000000000018 ffffff80 f ffffff80 1 03 ffffff80
0000000000000018 1050020502009000 0 00 00000000 0 0 0 0000000000000019 ffffff80 9 00000000 1 02 00000000
0000000000000019 340004020000f000 0 00 00000000 0 0 0 000000000000001a ffffff80 f ffffff80 1 04 ffffff80
000000000000001a 1050060304004000 0 00 00000000 0 0 0 000000000000001b ffffff80 4 00000000 1 06 00000000
000000000000001b 102004060400f000 0 00 00000000 0 0 0 000000000000001c ffffff80 f ffffff80 1 04 ffffff80
000000000000001c 107105040000f000 0 00 00000000 0 0 0 000000000000001d ffffff80 f ffffff80 1 05 ffffff80
000000000000001d 102004020200f000 0 00 00000000 0 0 0 000000000000001e ffffff80 f ffffff80 1 04 ffffff80
000000000000001e 34110500bd80f000 0 00 00000000 0 0 0 000000000000001f ffffff80 f ffffff80 1 05 ffffff80
000000000000001f 104103030000f000 0 00 00000000 0 0 0 0000000000000020 ffffff80 f ffffff80 1 03 ffffff80
0000000000000020 107105040001f000 0 00 00000000 0 0 0 0000000000000021 ffffff80 f ffffff80 1 05 ffffff80
0000000000000021 107103040021f000 0 00 00000000 0 0 0 0000000000000022 ffffff80 f ffffff80 1 03 ffffff80
0000000000000022 0013160000000000 1 16 00000000 0 0 0 0000000000000023 ffffff80 f ffffff80 0 00 ffffff80
0000000000000023 342004160000f000 0 00 00000000 0 0 0 0000000000000024 ffffff80 f ffffff80 1 04 ffffff80
0000000000000024 10810604001ff000 0 00 00000000 0 0 0 0000000000000025 ffffff80 f ffffff80 1 06 ffffff80
0000000000000025 341103000001f000 0 00 00000000 0 0 0 0000000000000026 ffffff80 f ffffff80 1 03 ffffff80
0000000000000026 340004060000f000 0 00 00000000 0 0 0 0000000000000027 ffffff80 f ffffff80 1 04 ffffff80
0000000000000027 10710504003ff000 0 00 00000000 0 0 0 0000000000000028 ffffff80 f ffffff80 1 05 ffffff80
0000000000000028 106102020010f000 0 00 00000000 0 0 0 0000000000000029 ffffff80 f ffffff80 1 02 ffffff80
0000000000000029 00131e0000000200 1 1e 00000002 0 0 0 000000000000002a ffffff80 f ffffff80 0 00 ffffff80
000000000000002a 0023171700000100 1 17 00000001 0 0 0 000000000000002b ffffff80 f ffffff80 0 00 ffffff80
000000000000002b 00731e1e00000100 1 1e 00000001 0 0 0 000000000000002c ffffff80 f ffffff80 0 00 ffffff80
000000000000002c 0013180000000000 1 18 00000000 0 0 0 000000000000002d ffffff80 f ffffff80 0 00 ffffff80
000000000000002d 0102001e18000000 0 00 00000000 4 0 0 000000000000002e ffffff80 f ffffff80 0 00 ffffff80
000000000000002e 0215fffffb040000 0 00 00000000 4 0 1 000000000000002a ffffff80 f ffffff80 0 00 ffffff80
000000000000002a 0023171700000100 1 17 00000002 4 0 0 000000000000002b ffffff80 f ffffff80 0 00 ffffff80
000000000000002b 00731e1e00000100 1 1e 00000000 4 0 0 000000000000002c ffffff80 f ffffff80 0 00 ffffff80
000000000000002c 0013180000000000 1 18 00000000 4 0 0 000000000000002d ffffff80 f ffffff80 0 00 ffffff80
000000000000002d 0102001e18000000 0 00 00000000 5 1 0 000000000000002e ffffff80 f ffffff80 0 00 ffffff80
000000000000002e 0215fffffb040000 0 00 00000000 5 1 0 000000000000002f ffffff80 f ffffff80 0 00 ffffff80
000000000000002f 7cf5000000000000 0 00 00000000 5 1 0 0000000000000030 ffffff80 f ffffff80 0 00 ffffff80
DONE retired=53 fault=00 pc=000000000000002f
