0000000000000000 0013140000004d00 1 14 0000004d 0 0 0 0000000000000001 aaaaaaaa f aaaaaaaa 0 00 aaaaaaaa
0000000000000001 0013150000000000 1 15 00000000 0 0 0 0000000000000002 aaaaaaaa f aaaaaaaa 0 00 aaaaaaaa
0000000000000002 342006150000f000 0 00 00000000 0 0 0 0000000000000003 aaaaaaaa f aaaaaaaa 1 06 aaaaaaaa
0000000000000003 101003020400f000 0 00 00000000 0 0 0 0000000000000004 aaaaaaaa f aaaaaaaa 1 03 aaaaaaaa
0000000000000004 103004060300f000 0 00 00000000 0 0 0 0000000000000005 aaaaaaaa f aaaaaaaa 1 04 aaaaaaaa
0000000000000005 340002060000f000 0 00 00000000 0 0 0 0000000000000006 aaaaaaaa f aaaaaaaa 1 02 aaaaaaaa
0000000000000006 00131600ffffff00 1 16 ffffffff 0 0 0 0000000000000007 aaaaaaaa f aaaaaaaa 0 00 aaaaaaaa
0000000000000007 342003160000f000 0 00 00000000 0 0 0 0000000000000008 aaaaaaaa f aaaaaaaa 1 03 aaaaaaaa
0000000000000008 108105030021f000 0 00 00000000 0 0 0 0000000000000009 aaaaaaaa f aaaaaaaa 1 05 aaaaaaaa
0000000000000009 340006050000e000 0 00 00000000 0 0 0 000000000000000a aaaaaaaa e aa22aa0a 1 06 aa22aa0a
000000000000000a 343003000000f000 0 00 00000000 0 0 0 000000000000000b aaaaaaaa f aaaaaaaa 1 03 aaaaaaaa
000000000000000b 101004050500f000 0 00 00000000 0 0 0 000000000000000c aaaaaaaa f aaaaaaaa 1 04 aaaaaaaa
000000000000000c 00131500ffffff00 1 15 ffffffff 0 0 0 000000000000000d aaaaaaaa f aaaaaaaa 0 00 aaaaaaaa
000000000000000d 342006150000f000 0 00 00000000 0 0 0 000000000000000e aaaaaaaa f aaaaaaaa 1 06 aaaaaaaa
000000000000000e 101002050500f000 0 00 00000000 0 0 0 000000000000000f aaaaaaaa f aaaaaaaa 1 02 aaaaaaaa
000000000000000f 102005020400f000 0 00 00000000 0 0 0 0000000000000010 aaaaaaaa f aaaaaaaa 1 05 aaaaaaaa
0000000000000010 3400020300004000 0 00 00000000 0 0 0 0000000000000011 aaaaaaaa 4 2022a08a 1 02 2022a08a
0000000000000011 102005020200c000 0 00 00000000 0 0 0 0000000000000012 aaaaaaaa c 80000000 1 05 80000000
0000000000000012 105003030300f000 0 00 00000000 0 0 0 0000000000000013 aaaaaaaa f aaaaaaaa 1 03 aaaaaaaa
0000000000000013 3430040000000000 0 00 00000000 0 0 0 0000000000000014 aaaaaaaa 0 aaaaaaaa 1 04 aaaaaaaa
0000000000000014 0013160000000100 1 16 00000001 0 0 0 0000000000000015 aaaaaaaa f aaaaaaaa 0 00 aaaaaaaa
0000000000000015 342003160000f000 0 00 00000000 0 0 0 0000000000000016 aaaaaaaa f aaaaaaaa 1 03 aaaaaaaa
0000000000000016 10810403001ff000 0 00 00000000 0 0 0 0000000000000017 aaaaaaaa f aaaaaaaa 1 04 aaaaaaaa
0000000000000017 340002060000f000 0 00 00000000 0 0 0 0000000000000018 aaaaaaaa f aaaaaaaa 1 02 aaaaaaaa
0000000000000018 10610404000ff000 0 00 00000000 0 0 0 0000000000000019 aaaaaaaa f aaaaaaaa 1 04 aaaaaaaa
0000000000000019 105004020300f000 0 00 00000000 0 0 0 000000000000001a aaaaaaaa f aaaaaaaa 1 04 aaaaaaaa
000000000000001a 10710405000ff000 0 00 00000000 0 0 0 000000000000001b aaaaaaaa f aaaaaaaa 1 04 aaaaaaaa
000000000000001b 102002060300f000 0 00 00000000 0 0 0 000000000000001c aaaaaaaa f aaaaaaaa 1 02 aaaaaaaa
000000000000001c 0013150055555500 1 15 00555555 0 0 0 000000000000001d aaaaaaaa f aaaaaaaa 0 00 aaaaaaaa
000000000000001d 342004150000f000 0 00 00000000 0 0 0 000000000000001e aaaaaaaa f aaaaaaaa 1 04 aaaaaaaa
000000000000001e 343003000000f000 0 00 00000000 0 0 0 000000000000001f aaaaaaaa f aaaaaaaa 1 03 aaaaaaaa
000000000000001f 106103050010f000 0 00 00000000 0 0 0 0000000000000020 aaaaaaaa f aaaaaaaa 1 03 aaaaaaaa
0000000000000020 3430020000002000 0 00 00000000 0 0 0 0000000000000021 aaaaaaaa 2 2a2a0802 1 02 2a2a0802
0000000000000021 104102037ffff000 0 00 00000000 0 0 0 0000000000000022 aaaaaaaa f aaaaaaaa 1 02 aaaaaaaa
0000000000000022 103002060400f000 0 00 00000000 0 0 0 0000000000000023 aaaaaaaa f aaaaaaaa 1 02 aaaaaaaa
0000000000000023 00131500ffffff00 1 15 ffffffff 0 0 0 0000000000000024 aaaaaaaa f aaaaaaaa 0 00 aaaaaaaa
0000000000000024 342004150000f000 0 00 00000000 0 0 0 0000000000000025 aaaaaaaa f aaaaaaaa 1 04 aaaaaaaa
0000000000000025 00131500ffffff00 1 15 ffffffff 0 0 0 0000000000000026 aaaaaaaa f aaaaaaaa 0 00 aaaaaaaa
0000000000000026 342006150000f000 0 00 00000000 0 0 0 0000000000000027 aaaaaaaa f aaaaaaaa 1 06 aaaaaaaa
0000000000000027 106102020001f000 0 00 00000000 0 0 0 0000000000000028 aaaaaaaa f aaaaaaaa 1 02 aaaaaaaa
0000000000000028 00131e0000000100 1 1e 00000001 0 0 0 0000000000000029 aaaaaaaa f aaaaaaaa 0 00 aaaaaaaa
0000000000000029 0023171700000100 1 17 00000001 0 0 0 000000000000002a aaaaaaaa f aaaaaaaa 0 00 aaaaaaaa
000000000000002a 00731e1e00000100 1 1e 00000000 0 0 0 000000000000002b aaaaaaaa f aaaaaaaa 0 00 aaaaaaaa
000000000000002b 0013180000000000 1 18 00000000 0 0 0 000000000000002c aaaaaaaa f aaaaaaaa 0 00 aaaaaaaa
000000000000002c 0102001e18000000 0 00 00000000 5 1 0 000000000000002d aaaaaaaa f aaaaaaaa 0 00 aaaaaaaa
000000000000002d 0215fffffb040000 0 00 00000000 5 1 0 000000000000002e aaaaaaaa f aaaaaaaa 0 00 aaaaaaaa
000000000000002e 7cf5000000000000 0 00 00000000 5 1 0 000000000000002f aaaaaaaa f aaaaaaaa 0 00 aaaaaaaa
DONE retired=47 fault=00 pc=000000000000002e
