0000000000000000 00131d0000000000 1 1d 00000000 0 0 0 0000000000000001
0000000000000001 8506000000000000 0 00 00000000 0 0 0 0000000000000002
0000000000000002 006212120b000000 1 12 00000000 0 0 0 0000000000000003
0000000000000003 00130500232a5100 1 05 00232a51 0 0 0 0000000000000004
0000000000000004 0042040904000000 1 04 00000000 0 0 0 0000000000000005
0000000000000005 0122000914000000 0 00 00000000 5 0 0 0000000000000006
0000000000000006 02150000020d0000 0 00 00000000 5 0 0 0000000000000007
0000000000000007 8506000000000000 0 00 00000000 5 0 0 0000000000000008
0000000000000008 8506000000000000 0 00 00000000 5 0 0 0000000000000009
0000000000000009 010200030a000000 0 00 00000000 5 1 0 000000000000000a
000000000000000a 0215000001010000 0 00 00000000 5 1 1 000000000000000c
000000000000000c 0102001101000000 0 00 00000000 5 1 0 000000000000000d
000000000000000d 0215000001010000 0 00 00000000 5 1 1 000000000000000f
000000000000000f 00130600003aad00 1 06 00003aad 5 1 0 0000000000000010
0000000000000010 00130e0000000000 1 0e 00000000 5 1 0 0000000000000011
0000000000000011 0306000000000e00 1 0e 00000000 5 1 0 0000000000000012
0000000000000012 0023080305550500 1 08 00055505 5 1 0 0000000000000013
0000000000000013 00730f0bfc343900 1 0f 0003cbc7 5 1 0 0000000000000014
0000000000000014 0082060b07000000 1 06 00000000 5 1 0 0000000000000015
0000000000000015 8506000000000000 0 00 00000000 5 1 0 0000000000000016
0000000000000016 0092090f00000000 1 09 fffc3438 5 1 0 0000000000000017
0000000000000017 0023070bd00c0800 1 07 ffd00c08 5 1 0 0000000000000018
0000000000000018 00920a0700000000 1 0a 002ff3f7 5 1 0 0000000000000019
0000000000000019 8506000000000000 0 00 00000000 5 1 0 000000000000001a
000000000000001a 00130e002e150d00 1 0e 002e150d 5 1 0 000000000000001b
000000000000001b 0042020209000000 1 02 00000000 5 1 0 000000000000001c
000000000000001c 00731309eaaaab00 1 13 0011898d 5 1 0 000000000000001d
000000000000001d 0013030055555500 1 03 00555555 5 1 0 000000000000001e
000000000000001e 00b30d0b00001a00 1 0d 00000000 5 1 0 000000000000001f
000000000000001f 0102000311000000 0 00 00000000 4 0 0 0000000000000020
0000000000000020 0215000002030000 0 00 00000000 4 0 0 0000000000000021
0000000000000021 8506000000000000 0 00 00000000 4 0 0 0000000000000022
0000000000000022 8506000000000000 0 00 00000000 4 0 0 0000000000000023
0000000000000023 005204050a000000 1 04 002ffbf7 4 0 0 0000000000000024
0000000000000024 001310003d08bc00 1 10 003d08bc 4 0 0 0000000000000025
0000000000000025 00920a0e00000000 1 0a ffd1eaf2 4 0 0 0000000000000026
0000000000000026 8506000000000000 0 00 00000000 4 0 0 0000000000000027
0000000000000027 0112000c05000000 0 00 00000000 2 1 0 0000000000000028
0000000000000028 02150000020d0000 0 00 00000000 2 1 1 000000000000002b
000000000000002b 0013030038351500 1 03 00383515 2 1 0 000000000000002c
000000000000002c 00630f0700000e00 1 0f 03020000 2 1 0 000000000000002d
000000000000002d 004207040b000000 1 07 00000000 2 1 0 000000000000002e
000000000000002e 0306000000000400 1 04 00000000 2 1 0 000000000000002f
000000000000002f 0122001410000000 0 00 00000000 2 0 0 0000000000000030
0000000000000030 02150000030e0000 0 00 00000000 2 0 0 0000000000000031
0000000000000031 8506000000000000 0 00 00000000 2 0 0 0000000000000032
0000000000000032 8506000000000000 0 00 00000000 2 0 0 0000000000000033
0000000000000033 8506000000000000 0 00 00000000 2 0 0 0000000000000034
0000000000000034 8506000000000000 0 00 00000000 2 0 0 0000000000000035
0000000000000035 00131e0000000400 1 1e 00000004 2 0 0 0000000000000036
0000000000000036 0023151500000100 1 15 00000001 2 0 0 0000000000000037
0000000000000037 00731e1e00000100 1 1e 00000003 2 0 0 0000000000000038
0000000000000038 0102001e1d000000 0 00 00000000 4 0 0 0000000000000039
0000000000000039 0215fffffc040000 0 00 00000000 4 0 1 0000000000000036
0000000000000036 0023151500000100 1 15 00000002 4 0 0 0000000000000037
0000000000000037 00731e1e00000100 1 1e 00000002 4 0 0 0000000000000038
0000000000000038 0102001e1d000000 0 00 00000000 4 0 0 0000000000000039
0000000000000039 0215fffffc040000 0 00 00000000 4 0 1 0000000000000036
0000000000000036 0023151500000100 1 15 00000003 4 0 0 0000000000000037
0000000000000037 00731e1e00000100 1 1e 00000001 4 0 0 0000000000000038
0000000000000038 0102001e1d000000 0 00 00000000 4 0 0 0000000000000039
0000000000000039 0215fffffc040000 0 00 00000000 4 0 1 0000000000000036
0000000000000036 0023151500000100 1 15 00000004 4 0 0 0000000000000037
0000000000000037 00731e1e00000100 1 1e 00000000 4 0 0 0000000000000038
0000000000000038 0102001e1d000000 0 00 00000000 5 1 0 0000000000000039
0000000000000039 0215fffffc040000 0 00 00000000 5 1 0 000000000000003a
000000000000003a 7cf5000000000000 0 00 00000000 5 1 0 000000000000003b
DONE retired=67 fault=00 pc=000000000000003a
