0000000000000000 0013140000004d00 1 14 0000004d 0 0 0 0000000000000001 d9f55ffe f d9f55ffe 0 00 d9f55ffe
0000000000000001 00131500aaaaaa00 1 15 ffaaaaaa 0 0 0 0000000000000002 d9f55ffe f d9f55ffe 0 00 d9f55ffe
0000000000000002 342002150000f000 0 00 00000000 0 0 0 0000000000000003 d9f55ffe f d9f55ffe 1 02 d9f55ffe
0000000000000003 10610506001ff000 0 00 00000000 0 0 0 0000000000000004 d9f55ffe f d9f55ffe 1 05 d9f55ffe
0000000000000004 0013160000000000 1 16 00000000 0 0 0 0000000000000005 d9f55ffe f d9f55ffe 0 00 d9f55ffe
0000000000000005 342006160000f000 0 00 00000000 0 0 0 0000000000000006 d9f55ffe f d9f55ffe 1 06 d9f55ffe
0000000000000006 108104060020f000 0 00 00000000 0 0 0 0000000000000007 d9f55ffe f d9f55ffe 1 04 d9f55ffe
0000000000000007 10010304fffff000 0 00 00000000 0 0 0 0000000000000008 d9f55ffe f d9f55ffe 1 03 d9f55ffe
0000000000000008 1011050609fef000 0 00 00000000 0 0 0 0000000000000009 d9f55ffe f d9f55ffe 1 05 d9f55ffe
0000000000000009 107102030001f000 0 00 00000000 0 0 0 000000000000000a d9f55ffe f d9f55ffe 1 02 d9f55ffe
000000000000000a 0013160000000000 1 16 00000000 0 0 0 000000000000000b d9f55ffe f d9f55ffe 0 00 d9f55ffe
000000000000000b 342002160000f000 0 00 00000000 0 0 0 000000000000000c d9f55ffe f d9f55ffe 1 02 d9f55ffe
000000000000000c 10810602003ff000 0 00 00000000 0 0 0 000000000000000d d9f55ffe f d9f55ffe 1 06 d9f55ffe
000000000000000d 1030050506004000 0 00 00000000 0 0 0 000000000000000e d9f55ffe 4 10d05384 1 05 10d05384
000000000000000e 106104040020f000 0 00 00000000 0 0 0 000000000000000f d9f55ffe f d9f55ffe 1 04 d9f55ffe
000000000000000f 0013160000000100 1 16 00000001 0 0 0 0000000000000010 d9f55ffe f d9f55ffe 0 00 d9f55ffe
0000000000000010 342006160000f000 0 00 00000000 0 0 0 0000000000000011 d9f55ffe f d9f55ffe 1 06 d9f55ffe
0000000000000011 108103060010f000 0 00 00000000 0 0 0 0000000000000012 d9f55ffe f d9f55ffe 1 03 d9f55ffe
0000000000000012 340005060000f000 0 00 00000000 0 0 0 0000000000000013 d9f55ffe f d9f55ffe 1 05 d9f55ffe
0000000000000013 340006050000f000 0 00 00000000 0 0 0 0000000000000014 d9f55ffe f d9f55ffe 1 06 d9f55ffe
0000000000000014 0013160000000000 1 16 00000000 0 0 0 0000000000000015 d9f55ffe f d9f55ffe 0 00 d9f55ffe
0000000000000015 342005160000f000 0 00 00000000 0 0 0 0000000000000016 d9f55ffe f d9f55ffe 1 05 d9f55ffe
0000000000000016 108106050001f000 0 00 00000000 0 0 0 0000000000000017 d9f55ffe f d9f55ffe 1 06 d9f55ffe
0000000000000017 00131e0000000300 1 1e 00000003 0 0 0 0000000000000018 d9f55ffe f d9f55ffe 0 00 d9f55ffe
0000000000000018 0023171700000100 1 17 00000001 0 0 0 0000000000000019 d9f55ffe f d9f55ffe 0 00 d9f55ffe
0000000000000019 00731e1e00000100 1 1e 00000002 0 0 0 000000000000001a d9f55ffe f d9f55ffe 0 00 d9f55ffe
000000000000001a 0013180000000000 1 18 00000000 0 0 0 000000000000001b d9f55ffe f d9f55ffe 0 00 d9f55ffe
000000000000001b 0102001e18000000 0 00 00000000 4 0 0 000000000000001c d9f55ffe f d9f55ffe 0 00 d9f55ffe
000000000000001c 0215fffffb040000 0 00 00000000 4 0 1 0000000000000018 d9f55ffe f d9f55ffe 0 00 d9f55ffe
0000000000000018 0023171700000100 1 17 00000002 4 0 0 0000000000000019 d9f55ffe f d9f55ffe 0 00 d9f55ffe
0000000000000019 00731e1e00000100 1 1e 00000001 4 0 0 000000000000001a d9f55ffe f d9f55ffe 0 00 d9f55ffe
000000000000001a 0013180000000000 1 18 00000000 4 0 0 000000000000001b d9f55ffe f d9f55ffe 0 00 d9f55ffe
000000000000001b 0102001e18000000 0 00 00000000 4 0 0 000000000000001c d9f55ffe f d9f55ffe 0 00 d9f55ffe
000000000000001c 0215fffffb040000 0 00 00000000 4 0 1 0000000000000018 d9f55ffe f d9f55ffe 0 00 d9f55ffe
0000000000000018 0023171700000100 1 17 00000003 4 0 0 0000000000000019 d9f55ffe f d9f55ffe 0 00 d9f55ffe
0000000000000019 00731e1e00000100 1 1e 00000000 4 0 0 000000000000001a d9f55ffe f d9f55ffe 0 00 d9f55ffe
000000000000001a 0013180000000000 1 18 00000000 4 0 0 000000000000001b d9f55ffe f d9f55ffe 0 00 d9f55ffe
000000000000001b 0102001e18000000 0 00 00000000 5 1 0 000000000000001c d9f55ffe f d9f55ffe 0 00 d9f55ffe
000000000000001c 0215fffffb040000 0 00 00000000 5 1 0 000000000000001d d9f55ffe f d9f55ffe 0 00 d9f55ffe
000000000000001d 7cf5000000000000 0 00 00000000 5 1 0 000000000000001e d9f55ffe f d9f55ffe 0 00 d9f55ffe
DONE retired=40 fault=00 pc=000000000000001d
