0000000000000000 0013140000004d00 1 14 0000004d 0 0 0 0000000000000001 80000001 f 80000001 0 00 80000001
0000000000000001 102006050400f000 0 00 00000000 0 0 0 0000000000000002 80000001 f 80000001 1 06 80000001
0000000000000002 104006030600f000 0 00 00000000 0 0 0 0000000000000003 80000001 f 80000001 1 06 80000001
0000000000000003 340004050000f000 0 00 00000000 0 0 0 0000000000000004 80000001 f 80000001 1 04 80000001
0000000000000004 340006060000f000 0 00 00000000 0 0 0 0000000000000005 80000001 f 80000001 1 06 80000001
0000000000000005 104004030400f000 0 00 00000000 0 0 0 0000000000000006 80000001 f 80000001 1 04 80000001
0000000000000006 340003020000f000 0 00 00000000 0 0 0 0000000000000007 80000001 f 80000001 1 03 80000001
0000000000000007 102006030500f000 0 00 00000000 0 0 0 0000000000000008 80000001 f 80000001 1 06 80000001
0000000000000008 00131e0000000300 1 1e 00000003 0 0 0 0000000000000009 80000001 f 80000001 0 00 80000001
0000000000000009 0023171700000100 1 17 00000001 0 0 0 000000000000000a 80000001 f 80000001 0 00 80000001
000000000000000a 00731e1e00000100 1 1e 00000002 0 0 0 000000000000000b 80000001 f 80000001 0 00 80000001
000000000000000b 0013180000000000 1 18 00000000 0 0 0 000000000000000c 80000001 f 80000001 0 00 80000001
000000000000000c 0102001e18000000 0 00 00000000 4 0 0 000000000000000d 80000001 f 80000001 0 00 80000001
000000000000000d 0215fffffb040000 0 00 00000000 4 0 1 0000000000000009 80000001 f 80000001 0 00 80000001
0000000000000009 0023171700000100 1 17 00000002 4 0 0 000000000000000a 80000001 f 80000001 0 00 80000001
000000000000000a 00731e1e00000100 1 1e 00000001 4 0 0 000000000000000b 80000001 f 80000001 0 00 80000001
000000000000000b 0013180000000000 1 18 00000000 4 0 0 000000000000000c 80000001 f 80000001 0 00 80000001
000000000000000c 0102001e18000000 0 00 00000000 4 0 0 000000000000000d 80000001 f 80000001 0 00 80000001
000000000000000d 0215fffffb040000 0 00 00000000 4 0 1 0000000000000009 80000001 f 80000001 0 00 80000001
0000000000000009 0023171700000100 1 17 00000003 4 0 0 000000000000000a 80000001 f 80000001 0 00 80000001
000000000000000a 00731e1e00000100 1 1e 00000000 4 0 0 000000000000000b 80000001 f 80000001 0 00 80000001
000000000000000b 0013180000000000 1 18 00000000 4 0 0 000000000000000c 80000001 f 80000001 0 00 80000001
000000000000000c 0102001e18000000 0 00 00000000 5 1 0 000000000000000d 80000001 f 80000001 0 00 80000001
000000000000000d 0215fffffb040000 0 00 00000000 5 1 0 000000000000000e 80000001 f 80000001 0 00 80000001
000000000000000e 7cf5000000000000 0 00 00000000 5 1 0 000000000000000f 80000001 f 80000001 0 00 80000001
DONE retired=25 fault=00 pc=000000000000000e
