0000000000000000 0013140000004d00 1 14 0000004d 0 0 0 0000000000000001 ffffffff f ffffffff 0 00 ffffffff
0000000000000001 10610403003ff000 0 00 00000000 0 0 0 0000000000000002 ffffffff f ffffffff 1 04 ffffffff
0000000000000002 107102020010f000 0 00 00000000 0 0 0 0000000000000003 ffffffff f ffffffff 1 02 ffffffff
0000000000000003 00131500ffffff00 1 15 ffffffff 0 0 0 0000000000000004 ffffffff f ffffffff 0 00 ffffffff
0000000000000004 342004150000f000 0 00 00000000 0 0 0 0000000000000005 ffffffff f ffffffff 1 04 ffffffff
0000000000000005 104003020500f000 0 00 00000000 0 0 0 0000000000000006 ffffffff f ffffffff 1 03 ffffffff
0000000000000006 103006050200d000 0 00 00000000 0 0 0 0000000000000007 ffffffff d 7fffffff 1 06 7fffffff
0000000000000007 106104020000f000 0 00 00000000 0 0 0 0000000000000008 ffffffff f ffffffff 1 04 ffffffff
0000000000000008 100003030200f000 0 00 00000000 0 0 0 0000000000000009 ffffffff f ffffffff 1 03 ffffffff
0000000000000009 343002000000f000 0 00 00000000 0 0 0 000000000000000a ffffffff f ffffffff 1 02 ffffffff
000000000000000a 104003030600f000 0 00 00000000 0 0 0 000000000000000b ffffffff f ffffffff 1 03 ffffffff
000000000000000b 00131600ffffff00 1 16 ffffffff 0 0 0 000000000000000c ffffffff f ffffffff 0 00 ffffffff
000000000000000c 342002160000f000 0 00 00000000 0 0 0 000000000000000d ffffffff f ffffffff 1 02 ffffffff
000000000000000d 108105020001f000 0 00 00000000 0 0 0 000000000000000e ffffffff f ffffffff 1 05 ffffffff
000000000000000e 00131500ffffff00 1 15 ffffffff 0 0 0 000000000000000f ffffffff f ffffffff 0 00 ffffffff
000000000000000f 342006150000e000 0 00 00000000 0 0 0 0000000000000010 ffffffff e 2587574f 1 06 2587574f
0000000000000010 101004050300f000 0 00 00000000 0 0 0 0000000000000011 ffffffff f ffffffff 1 04 ffffffff
0000000000000011 3400040500003000 0 00 00000000 0 0 0 0000000000000012 ffffffff 3 80000000 1 04 80000000
0000000000000012 341102000001f000 0 00 00000000 0 0 0 0000000000000013 ffffffff f ffffffff 1 02 ffffffff
0000000000000013 340005050000f000 0 00 00000000 0 0 0 0000000000000014 ffffffff f ffffffff 1 05 ffffffff
0000000000000014 104103037ffff000 0 00 00000000 0 0 0 0000000000000015 ffffffff f ffffffff 1 03 ffffffff
0000000000000015 34110400b8dcf000 0 00 00000000 0 0 0 0000000000000016 ffffffff f ffffffff 1 04 ffffffff
0000000000000016 100004040400f000 0 00 00000000 0 0 0 0000000000000017 ffffffff f ffffffff 1 04 ffffffff
0000000000000017 1001030360bef000 0 00 00000000 0 0 0 0000000000000018 ffffffff f ffffffff 1 03 ffffffff
0000000000000018 00131e0000000300 1 1e 00000003 0 0 0 0000000000000019 ffffffff f ffffffff 0 00 ffffffff
0000000000000019 0023171700000100 1 17 00000001 0 0 0 000000000000001a ffffffff f ffffffff 0 00 ffffffff
000000000000001a 00731e1e00000100 1 1e 00000002 0 0 0 000000000000001b ffffffff f ffffffff 0 00 ffffffff
000000000000001b 0013180000000000 1 18 00000000 0 0 0 000000000000001c ffffffff f ffffffff 0 00 ffffffff
000000000000001c 0102001e18000000 0 00 00000000 4 0 0 000000000000001d ffffffff f ffffffff 0 00 ffffffff
000000000000001d 0215fffffb040000 0 00 00000000 4 0 1 0000000000000019 ffffffff f ffffffff 0 00 ffffffff
0000000000000019 0023171700000100 1 17 00000002 4 0 0 000000000000001a ffffffff f ffffffff 0 00 ffffffff
000000000000001a 00731e1e00000100 1 1e 00000001 4 0 0 000000000000001b ffffffff f ffffffff 0 00 ffffffff
000000000000001b 0013180000000000 1 18 00000000 4 0 0 000000000000001c ffffffff f ffffffff 0 00 ffffffff
000000000000001c 0102001e18000000 0 00 00000000 4 0 0 000000000000001d ffffffff f ffffffff 0 00 ffffffff
000000000000001d 0215fffffb040000 0 00 00000000 4 0 1 0000000000000019 ffffffff f ffffffff 0 00 ffffffff
0000000000000019 0023171700000100 1 17 00000003 4 0 0 000000000000001a ffffffff f ffffffff 0 00 ffffffff
000000000000001a 00731e1e00000100 1 1e 00000000 4 0 0 000000000000001b ffffffff f ffffffff 0 00 ffffffff
000000000000001b 0013180000000000 1 18 00000000 4 0 0 000000000000001c ffffffff f ffffffff 0 00 ffffffff
000000000000001c 0102001e18000000 0 00 00000000 5 1 0 000000000000001d ffffffff f ffffffff 0 00 ffffffff
000000000000001d 0215fffffb040000 0 00 00000000 5 1 0 000000000000001e ffffffff f ffffffff 0 00 ffffffff
000000000000001e 7cf5000000000000 0 00 00000000 5 1 0 000000000000001f ffffffff f ffffffff 0 00 ffffffff
DONE retired=41 fault=00 pc=000000000000001e
