0000000000000000 00131d0000000000 1 1d 00000000 0 0 0 0000000000000001
0000000000000001 00b3101400000500 1 10 00000000 0 0 0 0000000000000002
0000000000000002 0306000000001000 1 10 00000000 0 0 0 0000000000000003
0000000000000003 8506000000000000 0 00 00000000 0 0 0 0000000000000004
0000000000000004 00130800ba9c1200 1 08 ffba9c12 0 0 0 0000000000000005
0000000000000005 0122001106000000 0 00 00000000 5 0 0 0000000000000006
0000000000000006 02150000010e0000 0 00 00000000 5 0 1 0000000000000008
0000000000000008 012200030b000000 0 00 00000000 5 0 0 0000000000000009
0000000000000009 02150000010e0000 0 00 00000000 5 0 1 000000000000000b
000000000000000b 00a3050e00000400 1 05 00000000 5 0 0 000000000000000c
000000000000000c 00131000ffffff00 1 10 ffffffff 5 0 0 000000000000000d
000000000000000d 0032020e11000000 1 02 00000000 5 0 0 000000000000000e
000000000000000e 00130900a0e40300 1 09 ffa0e403 5 0 0 000000000000000f
000000000000000f 011200050a000000 0 00 00000000 5 0 0 0000000000000010
0000000000000010 02150000030e0000 0 00 00000000 5 0 1 0000000000000014
0000000000000014 00b20c0807000000 1 0c ffba9c12 5 0 0 0000000000000015
0000000000000015 0306000000000d00 1 0d 00000000 5 0 0 0000000000000016
0000000000000016 0073070700000100 1 07 ffffffff 5 0 0 0000000000000017
0000000000000017 00130d00ffffff00 1 0d ffffffff 5 0 0 0000000000000018
0000000000000018 00720e1007000000 1 0e 00000000 5 0 0 0000000000000019
0000000000000019 0022120d05000000 1 12 ffffffff 5 0 0 000000000000001a
000000000000001a 0102001106000000 0 00 00000000 5 1 0 000000000000001b
000000000000001b 0215000003020000 0 00 00000000 5 1 0 000000000000001c
000000000000001c 8506000000000000 0 00 00000000 5 1 0 000000000000001d
000000000000001d 8506000000000000 0 00 00000000 5 1 0 000000000000001e
000000000000001e 8506000000000000 0 00 00000000 5 1 0 000000000000001f
000000000000001f 0022070e12000000 1 07 ffffffff 5 1 0 0000000000000020
0000000000000020 8506000000000000 0 00 00000000 5 1 0 0000000000000021
0000000000000021 00131e0000000300 1 1e 00000003 5 1 0 0000000000000022
0000000000000022 0023151500000100 1 15 00000001 5 1 0 0000000000000023
0000000000000023 00731e1e00000100 1 1e 00000002 5 1 0 0000000000000024
0000000000000024 0102001e1d000000 0 00 00000000 4 0 0 0000000000000025
0000000000000025 0215fffffc040000 0 00 00000000 4 0 1 0000000000000022
0000000000000022 0023151500000100 1 15 00000002 4 0 0 0000000000000023
0000000000000023 00731e1e00000100 1 1e 00000001 4 0 0 0000000000000024
0000000000000024 0102001e1d000000 0 00 00000000 4 0 0 0000000000000025
0000000000000025 0215fffffc040000 0 00 00000000 4 0 1 0000000000000022
0000000000000022 0023151500000100 1 15 00000003 4 0 0 0000000000000023
0000000000000023 00731e1e00000100 1 1e 00000000 4 0 0 0000000000000024
0000000000000024 0102001e1d000000 0 00 00000000 5 1 0 0000000000000025
0000000000000025 0215fffffc040000 0 00 00000000 5 1 0 0000000000000026
0000000000000026 7cf5000000000000 0 00 00000000 5 1 0 0000000000000027
DONE retired=42 fault=00 pc=0000000000000026
