0000000000000000 0013140000004d00 1 14 0000004d 0 0 0 0000000000000001 ffffffff f ffffffff 0 00 ffffffff
0000000000000001 340002020000d000 0 00 00000000 0 0 0 0000000000000002 ffffffff d 80000000 1 02 80000000
0000000000000002 341103002834f000 0 00 00000000 0 0 0 0000000000000003 ffffffff f ffffffff 1 03 ffffffff
0000000000000003 107106050021f000 0 00 00000000 0 0 0 0000000000000004 ffffffff f ffffffff 1 06 ffffffff
0000000000000004 101003020500b000 0 00 00000000 0 0 0 0000000000000005 ffffffff b 3d759a3b 1 03 3d759a3b
0000000000000005 106104020021f000 0 00 00000000 0 0 0 0000000000000006 ffffffff f ffffffff 1 04 ffffffff
0000000000000006 10610302000ff000 0 00 00000000 0 0 0 0000000000000007 ffffffff f ffffffff 1 03 ffffffff
0000000000000007 105006060300f000 0 00 00000000 0 0 0 0000000000000008 ffffffff f ffffffff 1 06 ffffffff
0000000000000008 104005050400f000 0 00 00000000 0 0 0 0000000000000009 ffffffff f ffffffff 1 05 ffffffff
0000000000000009 340003030000f000 0 00 00000000 0 0 0 000000000000000a ffffffff f ffffffff 1 03 ffffffff
000000000000000a 101005020300f000 0 00 00000000 0 0 0 000000000000000b ffffffff f ffffffff 1 05 ffffffff
000000000000000b 0013150000000000 1 15 00000000 0 0 0 000000000000000c ffffffff f ffffffff 0 00 ffffffff
000000000000000c 342005150000f000 0 00 00000000 0 0 0 000000000000000d ffffffff f ffffffff 1 05 ffffffff
000000000000000d 103003050200f000 0 00 00000000 0 0 0 000000000000000e ffffffff f ffffffff 1 03 ffffffff
000000000000000e 34110500a0d3f000 0 00 00000000 0 0 0 000000000000000f ffffffff f ffffffff 1 05 ffffffff
000000000000000f 103004020300f000 0 00 00000000 0 0 0 0000000000000010 ffffffff f ffffffff 1 04 ffffffff
0000000000000010 104006040200f000 0 00 00000000 0 0 0 0000000000000011 ffffffff f ffffffff 1 06 ffffffff
0000000000000011 341102001ab5f000 0 00 00000000 0 0 0 0000000000000012 ffffffff f ffffffff 1 02 ffffffff
0000000000000012 00131600ffffff00 1 16 ffffffff 0 0 0 0000000000000013 ffffffff f ffffffff 0 00 ffffffff
0000000000000013 342005160000f000 0 00 00000000 0 0 0 0000000000000014 ffffffff f ffffffff 1 05 ffffffff
0000000000000014 108102050020f000 0 00 00000000 0 0 0 0000000000000015 ffffffff f ffffffff 1 02 ffffffff
0000000000000015 101002050500f000 0 00 00000000 0 0 0 0000000000000016 ffffffff f ffffffff 1 02 ffffffff
0000000000000016 00131e0000000100 1 1e 00000001 0 0 0 0000000000000017 ffffffff f ffffffff 0 00 ffffffff
0000000000000017 0023171700000100 1 17 00000001 0 0 0 0000000000000018 ffffffff f ffffffff 0 00 ffffffff
0000000000000018 00731e1e00000100 1 1e 00000000 0 0 0 0000000000000019 ffffffff f ffffffff 0 00 ffffffff
0000000000000019 0013180000000000 1 18 00000000 0 0 0 000000000000001a ffffffff f ffffffff 0 00 ffffffff
000000000000001a 0102001e18000000 0 00 00000000 5 1 0 000000000000001b ffffffff f ffffffff 0 00 ffffffff
000000000000001b 0215fffffb040000 0 00 00000000 5 1 0 000000000000001c ffffffff f ffffffff 0 00 ffffffff
000000000000001c 7cf5000000000000 0 00 00000000 5 1 0 000000000000001d ffffffff f ffffffff 0 00 ffffffff
DONE retired=29 fault=00 pc=000000000000001c
