0000000000000000 0013140000004d00 1 14 0000004d 0 0 0 0000000000000001 fffc0000 f fffc0000 0 00 fffc0000
0000000000000001 1030060303003000 0 00 00000000 0 0 0 0000000000000002 fffc0000 3 aaa80000 1 06 aaa80000
0000000000000002 104102058000f000 0 00 00000000 0 0 0 0000000000000003 fffc0000 f fffc0000 1 02 fffc0000
0000000000000003 107105020000f000 0 00 00000000 0 0 0 0000000000000004 fffc0000 f fffc0000 1 05 fffc0000
0000000000000004 103005040200f000 0 00 00000000 0 0 0 0000000000000005 fffc0000 f fffc0000 1 05 fffc0000
0000000000000005 00131600aaaaaa00 1 16 ffaaaaaa 0 0 0 0000000000000006 fffc0000 f fffc0000 0 00 fffc0000
0000000000000006 342006160000f000 0 00 00000000 0 0 0 0000000000000007 fffc0000 f fffc0000 1 06 fffc0000
0000000000000007 108106060000f000 0 00 00000000 0 0 0 0000000000000008 fffc0000 f fffc0000 1 06 fffc0000
0000000000000008 0013150000000000 1 15 00000000 0 0 0 0000000000000009 fffc0000 f fffc0000 0 00 fffc0000
0000000000000009 342006150000f000 0 00 00000000 0 0 0 000000000000000a fffc0000 f fffc0000 1 06 fffc0000
000000000000000a 107104060001f000 0 00 00000000 0 0 0 000000000000000b fffc0000 f fffc0000 1 04 fffc0000
000000000000000b 10310305d43af000 0 00 00000000 0 0 0 000000000000000c fffc0000 f fffc0000 1 03 fffc0000
000000000000000c 107106060010f000 0 00 00000000 0 0 0 000000000000000d fffc0000 f fffc0000 1 06 fffc0000
000000000000000d 103002040600f000 0 00 00000000 0 0 0 000000000000000e fffc0000 f fffc0000 1 02 fffc0000
000000000000000e 00131e0000000300 1 1e 00000003 0 0 0 000000000000000f fffc0000 f fffc0000 0 00 fffc0000
000000000000000f 0023171700000100 1 17 00000001 0 0 0 0000000000000010 fffc0000 f fffc0000 0 00 fffc0000
0000000000000010 00731e1e00000100 1 1e 00000002 0 0 0 0000000000000011 fffc0000 f fffc0000 0 00 fffc0000
0000000000000011 0013180000000000 1 18 00000000 0 0 0 0000000000000012 fffc0000 f fffc0000 0 00 fffc0000
0000000000000012 0102001e18000000 0 00 00000000 4 0 0 0000000000000013 fffc0000 f fffc0000 0 00 fffc0000
0000000000000013 0215fffffb040000 0 00 00000000 4 0 1 000000000000000f fffc0000 f fffc0000 0 00 fffc0000
000000000000000f 0023171700000100 1 17 00000002 4 0 0 0000000000000010 fffc0000 f fffc0000 0 00 fffc0000
0000000000000010 00731e1e00000100 1 1e 00000001 4 0 0 0000000000000011 fffc0000 f fffc0000 0 00 fffc0000
0000000000000011 0013180000000000 1 18 00000000 4 0 0 0000000000000012 fffc0000 f fffc0000 0 00 fffc0000
0000000000000012 0102001e18000000 0 00 00000000 4 0 0 0000000000000013 fffc0000 f fffc0000 0 00 fffc0000
0000000000000013 0215fffffb040000 0 00 00000000 4 0 1 000000000000000f fffc0000 f fffc0000 0 00 fffc0000
000000000000000f 0023171700000100 1 17 00000003 4 0 0 0000000000000010 fffc0000 f fffc0000 0 00 fffc0000
0000000000000010 00731e1e00000100 1 1e 00000000 4 0 0 0000000000000011 fffc0000 f fffc0000 0 00 fffc0000
0000000000000011 0013180000000000 1 18 00000000 4 0 0 0000000000000012 fffc0000 f fffc0000 0 00 fffc0000
0000000000000012 0102001e18000000 0 00 00000000 5 1 0 0000000000000013 fffc0000 f fffc0000 0 00 fffc0000
0000000000000013 0215fffffb040000 0 00 00000000 5 1 0 0000000000000014 fffc0000 f fffc0000 0 00 fffc0000
0000000000000014 7cf5000000000000 0 00 00000000 5 1 0 0000000000000015 fffc0000 f fffc0000 0 00 fffc0000
DONE retired=31 fault=00 pc=0000000000000014
