0000000000000000 00131d0000000000 1 1d 00000000 0 0 0 0000000000000001
0000000000000001 8506000000000000 0 00 00000000 0 0 0 0000000000000002
0000000000000002 0072110510000000 1 11 00000000 0 0 0 0000000000000003
0000000000000003 00130b00ffffff00 1 0b ffffffff 0 0 0 0000000000000004
0000000000000004 0306000000000800 1 08 00000000 0 0 0 0000000000000005
0000000000000005 0306000000000500 1 05 00000000 0 0 0 0000000000000006
0000000000000006 8506000000000000 0 00 00000000 0 0 0 0000000000000007
0000000000000007 8506000000000000 0 00 00000000 0 0 0 0000000000000008
0000000000000008 00a2040104000000 1 04 00000000 0 0 0 0000000000000009
0000000000000009 00131e0000000200 1 1e 00000002 0 0 0 000000000000000a
000000000000000a 0023151500000100 1 15 00000001 0 0 0 000000000000000b
000000000000000b 00731e1e00000100 1 1e 00000001 0 0 0 000000000000000c
000000000000000c 0102001e1d000000 0 00 00000000 4 0 0 000000000000000d
000000000000000d 0215fffffc040000 0 00 00000000 4 0 1 000000000000000a
000000000000000a 0023151500000100 1 15 00000002 4 0 0 000000000000000b
000000000000000b 00731e1e00000100 1 1e 00000000 4 0 0 000000000000000c
000000000000000c 0102001e1d000000 0 00 00000000 5 1 0 000000000000000d
000000000000000d 0215fffffc040000 0 00 00000000 5 1 0 000000000000000e
000000000000000e 7cf5000000000000 0 00 00000000 5 1 0 000000000000000f
DONE retired=19 fault=00 pc=000000000000000e
