0000000000000000 0013140000004d00 1 14 0000004d 0 0 0 0000000000000001 80000001 f 80000001 0 00 80000001
0000000000000001 0013160055555500 1 16 00555555 0 0 0 0000000000000002 80000001 f 80000001 0 00 80000001
0000000000000002 342006160000f000 0 00 00000000 0 0 0 0000000000000003 80000001 f 80000001 1 06 80000001
0000000000000003 10810206003ff000 0 00 00000000 0 0 0 0000000000000004 80000001 f 80000001 1 02 80000001
0000000000000004 10610404001ff000 0 00 00000000 0 0 0 0000000000000005 80000001 f 80000001 1 04 80000001
0000000000000005 34110200fffff000 0 00 00000000 0 0 0 0000000000000006 80000001 f 80000001 1 02 80000001
0000000000000006 341105008000f000 0 00 00000000 0 0 0 0000000000000007 80000001 f 80000001 1 05 80000001
0000000000000007 0013160055555500 1 16 00555555 0 0 0 0000000000000008 80000001 f 80000001 0 00 80000001
0000000000000008 342006160000f000 0 00 00000000 0 0 0 0000000000000009 80000001 f 80000001 1 06 80000001
0000000000000009 108103060000f000 0 00 00000000 0 0 0 000000000000000a 80000001 f 80000001 1 03 80000001
000000000000000a 105005030400f000 0 00 00000000 0 0 0 000000000000000b 80000001 f 80000001 1 05 80000001
000000000000000b 101105067ffff000 0 00 00000000 0 0 0 000000000000000c 80000001 f 80000001 1 05 80000001
000000000000000c 104003030400f000 0 00 00000000 0 0 0 000000000000000d 80000001 f 80000001 1 03 80000001
000000000000000d 104105030001f000 0 00 00000000 0 0 0 000000000000000e 80000001 f 80000001 1 05 80000001
000000000000000e 340005030000f000 0 00 00000000 0 0 0 000000000000000f 80000001 f 80000001 1 05 80000001
000000000000000f 104006020300f000 0 00 00000000 0 0 0 0000000000000010 80000001 f 80000001 1 06 80000001
0000000000000010 107103020021f000 0 00 00000000 0 0 0 0000000000000011 80000001 f 80000001 1 03 80000001
0000000000000011 1030060504006000 0 00 00000000 0 0 0 0000000000000012 80000001 6 80000000 1 06 80000000
0000000000000012 1050040504000000 0 00 00000000 0 0 0 0000000000000013 80000001 0 80000000 1 04 80000000
0000000000000013 100002050300f000 0 00 00000000 0 0 0 0000000000000014 80000001 f 80000001 1 02 80000001
0000000000000014 10610504003ff000 0 00 00000000 0 0 0 0000000000000015 80000001 f 80000001 1 05 80000001
0000000000000015 343003000000f000 0 00 00000000 0 0 0 0000000000000016 80000001 f 80000001 1 03 80000001
0000000000000016 3411030080006000 0 00 00000000 0 0 0 0000000000000017 80000001 6 80000000 1 03 80000000
0000000000000017 00131500ffffff00 1 15 ffffffff 0 0 0 0000000000000018 80000001 f 80000001 0 00 80000001
0000000000000018 342005150000f000 0 00 00000000 0 0 0 0000000000000019 80000001 f 80000001 1 05 80000001
0000000000000019 10510205fffff000 0 00 00000000 0 0 0 000000000000001a 80000001 f 80000001 1 02 80000001
000000000000001a 102004040200b000 0 00 00000000 0 0 0 000000000000001b 80000001 b 80000001 1 04 80000001
000000000000001b 102005020300f000 0 00 00000000 0 0 0 000000000000001c 80000001 f 80000001 1 05 80000001
000000000000001c 00131500ffffff00 1 15 ffffffff 0 0 0 000000000000001d 80000001 f 80000001 0 00 80000001
000000000000001d 342006150000f000 0 00 00000000 0 0 0 000000000000001e 80000001 f 80000001 1 06 80000001
000000000000001e 00131600ffffff00 1 16 ffffffff 0 0 0 000000000000001f 80000001 f 80000001 0 00 80000001
000000000000001f 342005160000f000 0 00 00000000 0 0 0 0000000000000020 80000001 f 80000001 1 05 80000001
0000000000000020 10810305001ef000 0 00 00000000 0 0 0 0000000000000021 80000001 f 80000001 1 03 80000001
0000000000000021 340005050000f000 0 00 00000000 0 0 0 0000000000000022 80000001 f 80000001 1 05 80000001
0000000000000022 0013150000000000 1 15 00000000 0 0 0 0000000000000023 80000001 f 80000001 0 00 80000001
0000000000000023 3420031500007000 0 00 00000000 0 0 0 0000000000000024 80000001 7 80000000 1 03 80000000
0000000000000024 00131e0000000100 1 1e 00000001 0 0 0 0000000000000025 80000001 f 80000001 0 00 80000001
0000000000000025 0023171700000100 1 17 00000001 0 0 0 0000000000000026 80000001 f 80000001 0 00 80000001
0000000000000026 00731e1e00000100 1 1e 00000000 0 0 0 0000000000000027 80000001 f 80000001 0 00 80000001
0000000000000027 0013180000000000 1 18 00000000 0 0 0 0000000000000028 80000001 f 80000001 0 00 80000001
0000000000000028 0102001e18000000 0 00 00000000 5 1 0 0000000000000029 80000001 f 80000001 0 00 80000001
0000000000000029 0215fffffb040000 0 00 00000000 5 1 0 000000000000002a 80000001 f 80000001 0 00 80000001
000000000000002a 7cf5000000000000 0 00 00000000 5 1 0 000000000000002b 80000001 f 80000001 0 00 80000001
DONE retired=43 fault=00 pc=000000000000002a
