0000000000000000 00131d0000000000 1 1d 00000000 0 0 0 0000000000000001
0000000000000001 00130d008dc61a00 1 0d ff8dc61a 0 0 0 0000000000000002
0000000000000002 00130a009e20f200 1 0a ff9e20f2 0 0 0 0000000000000003
0000000000000003 0013030000000100 1 03 00000001 0 0 0 0000000000000004
0000000000000004 8506000000000000 0 00 00000000 0 0 0 0000000000000005
0000000000000005 0023120900000000 1 12 00000000 0 0 0 0000000000000006
0000000000000006 00420d1111000000 1 0d 00000000 0 0 0 0000000000000007
0000000000000007 0112000f08000000 0 00 00000000 5 0 0 0000000000000008
0000000000000008 0215000003030000 0 00 00000000 5 0 1 000000000000000c
000000000000000c 00131200c9fe7f00 1 12 ffc9fe7f 5 0 0 000000000000000d
000000000000000d 0092120e00000000 1 12 ffffffff 5 0 0 000000000000000e
000000000000000e 0052061307000000 1 06 00000000 5 0 0 000000000000000f
000000000000000f 00a2040c0b000000 1 04 00000000 5 0 0 0000000000000010
0000000000000010 8506000000000000 0 00 00000000 5 0 0 0000000000000011
0000000000000011 8506000000000000 0 00 00000000 5 0 0 0000000000000012
0000000000000012 005213030e000000 1 13 00000001 5 0 0 0000000000000013
0000000000000013 0122000d06000000 0 00 00000000 5 0 0 0000000000000014
0000000000000014 0215000002030000 0 00 00000000 5 0 1 0000000000000017
0000000000000017 00920b0900000000 1 0b ffffffff 5 0 0 0000000000000018
0000000000000018 00920c1100000000 1 0c ffffffff 5 0 0 0000000000000019
0000000000000019 00131e0000000400 1 1e 00000004 5 0 0 000000000000001a
000000000000001a 0023151500000100 1 15 00000001 5 0 0 000000000000001b
000000000000001b 00731e1e00000100 1 1e 00000003 5 0 0 000000000000001c
000000000000001c 0102001e1d000000 0 00 00000000 4 0 0 000000000000001d
000000000000001d 0215fffffc040000 0 00 00000000 4 0 1 000000000000001a
000000000000001a 0023151500000100 1 15 00000002 4 0 0 000000000000001b
000000000000001b 00731e1e00000100 1 1e 00000002 4 0 0 000000000000001c
000000000000001c 0102001e1d000000 0 00 00000000 4 0 0 000000000000001d
000000000000001d 0215fffffc040000 0 00 00000000 4 0 1 000000000000001a
000000000000001a 0023151500000100 1 15 00000003 4 0 0 000000000000001b
000000000000001b 00731e1e00000100 1 1e 00000001 4 0 0 000000000000001c
000000000000001c 0102001e1d000000 0 00 00000000 4 0 0 000000000000001d
000000000000001d 0215fffffc040000 0 00 00000000 4 0 1 000000000000001a
000000000000001a 0023151500000100 1 15 00000004 4 0 0 000000000000001b
000000000000001b 00731e1e00000100 1 1e 00000000 4 0 0 000000000000001c
000000000000001c 0102001e1d000000 0 00 00000000 5 1 0 000000000000001d
000000000000001d 0215fffffc040000 0 00 00000000 5 1 0 000000000000001e
000000000000001e 7cf5000000000000 0 00 00000000 5 1 0 000000000000001f
DONE retired=38 fault=00 pc=000000000000001e
