0000000000000000 0013140000004d00 1 14 0000004d 0 0 0 0000000000000001 00001fff f 00001fff 0 00 00001fff
0000000000000001 343005000000f000 0 00 00000000 0 0 0 0000000000000002 00001fff f 00001fff 1 05 00001fff
0000000000000002 340002040000f000 0 00 00000000 0 0 0 0000000000000003 00001fff f 00001fff 1 02 00001fff
0000000000000003 10710402003ff000 0 00 00000000 0 0 0 0000000000000004 00001fff f 00001fff 1 04 00001fff
0000000000000004 100005020200f000 0 00 00000000 0 0 0 0000000000000005 00001fff f 00001fff 1 05 00001fff
0000000000000005 101004060400f000 0 00 00000000 0 0 0 0000000000000006 00001fff f 00001fff 1 04 00001fff
0000000000000006 341105000001f000 0 00 00000000 0 0 0 0000000000000007 00001fff f 00001fff 1 05 00001fff
0000000000000007 105004040300f000 0 00 00000000 0 0 0 0000000000000008 00001fff f 00001fff 1 04 00001fff
0000000000000008 103003020200f000 0 00 00000000 0 0 0 0000000000000009 00001fff f 00001fff 1 03 00001fff
0000000000000009 105102058000f000 0 00 00000000 0 0 0 000000000000000a 00001fff f 00001fff 1 02 00001fff
000000000000000a 00131e0000000200 1 1e 00000002 0 0 0 000000000000000b 00001fff f 00001fff 0 00 00001fff
000000000000000b 0023171700000100 1 17 00000001 0 0 0 000000000000000c 00001fff f 00001fff 0 00 00001fff
000000000000000c 00731e1e00000100 1 1e 00000001 0 0 0 000000000000000d 00001fff f 00001fff 0 00 00001fff
000000000000000d 0013180000000000 1 18 00000000 0 0 0 000000000000000e 00001fff f 00001fff 0 00 00001fff
000000000000000e 0102001e18000000 0 00 00000000 4 0 0 000000000000000f 00001fff f 00001fff 0 00 00001fff
000000000000000f 0215fffffb040000 0 00 00000000 4 0 1 000000000000000b 00001fff f 00001fff 0 00 00001fff
000000000000000b 0023171700000100 1 17 00000002 4 0 0 000000000000000c 00001fff f 00001fff 0 00 00001fff
000000000000000c 00731e1e00000100 1 1e 00000000 4 0 0 000000000000000d 00001fff f 00001fff 0 00 00001fff
000000000000000d 0013180000000000 1 18 00000000 4 0 0 000000000000000e 00001fff f 00001fff 0 00 00001fff
000000000000000e 0102001e18000000 0 00 00000000 5 1 0 000000000000000f 00001fff f 00001fff 0 00 00001fff
000000000000000f 0215fffffb040000 0 00 00000000 5 1 0 0000000000000010 00001fff f 00001fff 0 00 00001fff
0000000000000010 7cf5000000000000 0 00 00000000 5 1 0 0000000000000011 00001fff f 00001fff 0 00 00001fff
DONE retired=22 fault=00 pc=0000000000000010
