0000000000000000 00131d0000000000 1 1d 00000000 0 0 0 0000000000000001
0000000000000001 8506000000000000 0 00 00000000 0 0 0 0000000000000002
0000000000000002 0112000704000000 0 00 00000000 5 0 0 0000000000000003
0000000000000003 0215000001020000 0 00 00000000 5 0 1 0000000000000005
0000000000000005 0022080d0a000000 1 08 00000000 5 0 0 0000000000000006
0000000000000006 8506000000000000 0 00 00000000 5 0 0 0000000000000007
0000000000000007 0102000510000000 0 00 00000000 5 1 0 0000000000000008
0000000000000008 0215000002040000 0 00 00000000 5 1 0 0000000000000009
0000000000000009 8506000000000000 0 00 00000000 5 1 0 000000000000000a
000000000000000a 8506000000000000 0 00 00000000 5 1 0 000000000000000b
000000000000000b 00a2060c0c000000 1 06 00000000 5 1 0 000000000000000c
000000000000000c 0063110300000900 1 11 00000000 5 1 0 000000000000000d
000000000000000d 0306000000000f00 1 0f 00000000 5 1 0 000000000000000e
000000000000000e 8506000000000000 0 00 00000000 5 1 0 000000000000000f
000000000000000f 00a2061312000000 1 06 00000000 5 1 0 0000000000000010
0000000000000010 0306000000001100 1 11 00000000 5 1 0 0000000000000011
0000000000000011 0092100c00000000 1 10 ffffffff 5 1 0 0000000000000012
0000000000000012 8506000000000000 0 00 00000000 5 1 0 0000000000000013
0000000000000013 00130c00829f8700 1 0c ff829f87 5 1 0 0000000000000014
0000000000000014 00820b0e02000000 1 0b 00000000 5 1 0 0000000000000015
0000000000000015 00230102aaaaaa00 1 01 ffaaaaaa 5 1 0 0000000000000016
0000000000000016 0023031028568400 1 03 00285683 5 1 0 0000000000000017
0000000000000017 00230a107f9c5000 1 0a 007f9c4f 5 1 0 0000000000000018
0000000000000018 001305008a7a2700 1 05 ff8a7a27 5 1 0 0000000000000019
0000000000000019 00130b0000000000 1 0b 00000000 5 1 0 000000000000001a
000000000000001a 00920d1000000000 1 0d 00000000 5 1 0 000000000000001b
000000000000001b 0122001202000000 0 00 00000000 5 0 0 000000000000001c
000000000000001c 0215000002010000 0 00 00000000 5 0 0 000000000000001d
000000000000001d 8506000000000000 0 00 00000000 5 0 0 000000000000001e
000000000000001e 8506000000000000 0 00 00000000 5 0 0 000000000000001f
000000000000001f 0102000a0d000000 0 00 00000000 4 0 0 0000000000000020
0000000000000020 0215000003010000 0 00 00000000 4 0 0 0000000000000021
0000000000000021 8506000000000000 0 00 00000000 4 0 0 0000000000000022
0000000000000022 8506000000000000 0 00 00000000 4 0 0 0000000000000023
0000000000000023 8506000000000000 0 00 00000000 4 0 0 0000000000000024
0000000000000024 0112000e14000000 0 00 00000000 5 0 0 0000000000000025
0000000000000025 0215000003030000 0 00 00000000 5 0 1 0000000000000029
0000000000000029 0022010903000000 1 01 00285683 5 0 0 000000000000002a
000000000000002a 0112001002000000 0 00 00000000 6 1 0 000000000000002b
000000000000002b 0215000001040000 0 00 00000000 6 1 1 000000000000002d
000000000000002d 0112000d02000000 0 00 00000000 5 0 0 000000000000002e
000000000000002e 02150000020c0000 0 00 00000000 5 0 1 0000000000000031
0000000000000031 00130800ffffff00 1 08 ffffffff 5 0 0 0000000000000032
0000000000000032 00a3121000001c00 1 12 0000000f 5 0 0 0000000000000033
0000000000000033 0092140c00000000 1 14 007d6078 5 0 0 0000000000000034
0000000000000034 8506000000000000 0 00 00000000 5 0 0 0000000000000035
0000000000000035 0022130712000000 1 13 0000000f 5 0 0 0000000000000036
0000000000000036 00920e0c00000000 1 0e 007d6078 5 0 0 0000000000000037
0000000000000037 00420c0c06000000 1 0c 00000000 5 0 0 0000000000000038
0000000000000038 8506000000000000 0 00 00000000 5 0 0 0000000000000039
0000000000000039 00131e0000000100 1 1e 00000001 5 0 0 000000000000003a
000000000000003a 0023151500000100 1 15 00000001 5 0 0 000000000000003b
000000000000003b 00731e1e00000100 1 1e 00000000 5 0 0 000000000000003c
000000000000003c 0102001e1d000000 0 00 00000000 5 1 0 000000000000003d
000000000000003d 0215fffffc040000 0 00 00000000 5 1 0 000000000000003e
000000000000003e 7cf5000000000000 0 00 00000000 5 1 0 000000000000003f
DONE retired=56 fault=00 pc=000000000000003e
