0000000000000000 0013140000004d00 1 14 0000004d 0 0 0 0000000000000001 aaaaaaaa f aaaaaaaa 0 00 aaaaaaaa
0000000000000001 340004020000f000 0 00 00000000 0 0 0 0000000000000002 aaaaaaaa f aaaaaaaa 1 04 aaaaaaaa
0000000000000002 343003000000f000 0 00 00000000 0 0 0 0000000000000003 aaaaaaaa f aaaaaaaa 1 03 aaaaaaaa
0000000000000003 104006060600f000 0 00 00000000 0 0 0 0000000000000004 aaaaaaaa f aaaaaaaa 1 06 aaaaaaaa
0000000000000004 0013160055555500 1 16 00555555 0 0 0 0000000000000005 aaaaaaaa f aaaaaaaa 0 00 aaaaaaaa
0000000000000005 342003160000f000 0 00 00000000 0 0 0 0000000000000006 aaaaaaaa f aaaaaaaa 1 03 aaaaaaaa
0000000000000006 108105030020f000 0 00 00000000 0 0 0 0000000000000007 aaaaaaaa f aaaaaaaa 1 05 aaaaaaaa
0000000000000007 340006040000f000 0 00 00000000 0 0 0 0000000000000008 aaaaaaaa f aaaaaaaa 1 06 aaaaaaaa
0000000000000008 104004030400f000 0 00 00000000 0 0 0 0000000000000009 aaaaaaaa f aaaaaaaa 1 04 aaaaaaaa
0000000000000009 102005030500f000 0 00 00000000 0 0 0 000000000000000a aaaaaaaa f aaaaaaaa 1 05 aaaaaaaa
000000000000000a 3430050000000000 0 00 00000000 0 0 0 000000000000000b aaaaaaaa 0 00000000 1 05 00000000
000000000000000b 100106047ffff000 0 00 00000000 0 0 0 000000000000000c aaaaaaaa f aaaaaaaa 1 06 aaaaaaaa
000000000000000c 103003030400f000 0 00 00000000 0 0 0 000000000000000d aaaaaaaa f aaaaaaaa 1 03 aaaaaaaa
000000000000000d 105106037ffff000 0 00 00000000 0 0 0 000000000000000e aaaaaaaa f aaaaaaaa 1 06 aaaaaaaa
000000000000000e 10010504fffff000 0 00 00000000 0 0 0 000000000000000f aaaaaaaa f aaaaaaaa 1 05 aaaaaaaa
000000000000000f 10410305fffff000 0 00 00000000 0 0 0 0000000000000010 aaaaaaaa f aaaaaaaa 1 03 aaaaaaaa
0000000000000010 343006000000f000 0 00 00000000 0 0 0 0000000000000011 aaaaaaaa f aaaaaaaa 1 06 aaaaaaaa
0000000000000011 106102030000f000 0 00 00000000 0 0 0 0000000000000012 aaaaaaaa f aaaaaaaa 1 02 aaaaaaaa
0000000000000012 343004000000f000 0 00 00000000 0 0 0 0000000000000013 aaaaaaaa f aaaaaaaa 1 04 aaaaaaaa
0000000000000013 100005020200d000 0 00 00000000 0 0 0 0000000000000014 aaaaaaaa d aaaaaaaa 1 05 aaaaaaaa
0000000000000014 341103007923f000 0 00 00000000 0 0 0 0000000000000015 aaaaaaaa f aaaaaaaa 1 03 aaaaaaaa
0000000000000015 1001060360eff000 0 00 00000000 0 0 0 0000000000000016 aaaaaaaa f aaaaaaaa 1 06 aaaaaaaa
0000000000000016 105005020500f000 0 00 00000000 0 0 0 0000000000000017 aaaaaaaa f aaaaaaaa 1 05 aaaaaaaa
0000000000000017 341102007fff7000 0 00 00000000 0 0 0 0000000000000018 aaaaaaaa 7 aaaaaaaa 1 02 aaaaaaaa
0000000000000018 105003040600a000 0 00 00000000 0 0 0 0000000000000019 aaaaaaaa a 2aaaaaaa 1 03 2aaaaaaa
0000000000000019 00131e0000000100 1 1e 00000001 0 0 0 000000000000001a aaaaaaaa f aaaaaaaa 0 00 aaaaaaaa
000000000000001a 0023171700000100 1 17 00000001 0 0 0 000000000000001b aaaaaaaa f aaaaaaaa 0 00 aaaaaaaa
000000000000001b 00731e1e00000100 1 1e 00000000 0 0 0 000000000000001c aaaaaaaa f aaaaaaaa 0 00 aaaaaaaa
000000000000001c 0013180000000000 1 18 00000000 0 0 0 000000000000001d aaaaaaaa f aaaaaaaa 0 00 aaaaaaaa
000000000000001d 0102001e18000000 0 00 00000000 5 1 0 000000000000001e aaaaaaaa f aaaaaaaa 0 00 aaaaaaaa
000000000000001e 0215fffffb040000 0 00 00000000 5 1 0 000000000000001f aaaaaaaa f aaaaaaaa 0 00 aaaaaaaa
000000000000001f 7cf5000000000000 0 00 00000000 5 1 0 0000000000000020 aaaaaaaa f aaaaaaaa 0 00 aaaaaaaa
DONE retired=32 fault=00 pc=000000000000001f
