0000000000000000 343001000000f000 0 00 00000000 0 0 0 0 0 0 0000000000000001 ffffffff f ffffffff 1 01
0000000000000001 341107000001f000 0 00 00000000 0 0 0 0 0 0 0000000000000002 ffffffff f ffffffff 1 07
0000000000000002 34110c000003f000 0 00 00000000 0 0 0 0 0 0 0000000000000003 ffffffff f ffffffff 1 0c
0000000000000003 303950a070000000 0 00 00000000 0 0 0 0 0 0 0000000000000004 ffffffff f ffffffff 0 00
0000000000000004 7c1500000d50000e 0 00 00000000 0 0 0 0 0 0 0000000000000005 ffffffff f ffffffff 0 00
0000000000000005 34110d000003f000 0 00 00000000 0 0 0 0 0 0 0000000000000006 ffffffff f ffffffff 1 0d
0000000000000006 10300c010d00f000 0 00 00000000 0 0 0 0 0 0 0000000000000007 ffffffff f ffffffff 1 0c
0000000000000007 10000c0c0700f000 0 00 00000000 0 0 0 0 0 0 0000000000000008 ffffffff f ffffffff 1 0c
0000000000000008 34110a000000f000 0 00 00000000 0 0 0 0 0 0 0000000000000009 ffffffff f ffffffff 1 0a
0000000000000009 7c85000005000000 0 00 00000000 0 0 0 0 0 0 000000000000000a ffffffff f ffffffff 0 00
000000000000000a 3059e0a0c0000000 0 00 00000000 0 0 0 0 0 0 000000000000000b ffffffff f ffffffff 0 00
000000000000000b 3029d0a0c0000000 0 00 00000000 0 0 0 0 0 0 000000000000000c ffffffff f ffffffff 0 00
000000000000000c 101003050300f000 0 00 00000000 0 0 0 0 0 0 000000000000000d ffffffff f ffffffff 1 03
000000000000000d 7cb5000000e00000 0 00 00000000 0 0 0 0 0 0 000000000000000e ffffffff f ffffffff 0 00
000000000000000e 10000a0a0700f000 0 00 00000000 0 0 0 0 0 0 000000000000000f ffffffff f ffffffff 1 0a
000000000000000f 7c95fffffad00000 0 00 00000000 0 0 0 0 0 0 000000000000000a ffffffff f ffffffff 0 00
000000000000000a 3059e0a0c0000000 0 00 00000000 0 0 0 0 0 0 000000000000000b ffffffff f ffffffff 0 00
000000000000000b 3029d0a0c0000000 0 00 00000000 0 0 0 0 0 0 000000000000000c ffffffff f ffffffff 0 00
000000000000000c 101003050300f000 0 00 00000000 0 0 0 0 0 0 000000000000000d ffffffff f ffffffff 1 03
000000000000000d 7cb5000000e00000 0 00 00000000 0 0 0 0 0 0 000000000000000e eeeeeeee f eeeeeeee 0 00
000000000000000e 10000a0a0700f000 0 00 00000000 0 0 0 0 0 0 000000000000000f eeeeeeee f eeeeeeee 1 0a
000000000000000f 7c95fffffad00000 0 00 00000000 0 0 0 0 0 0 000000000000000a eeeeeeee f eeeeeeee 0 00
000000000000000a 3059e0a0c0000000 0 00 00000000 0 0 0 0 0 0 000000000000000b eeeeeeee f eeeeeeee 0 00
000000000000000b 3029d0a0c0000000 0 00 00000000 0 0 0 0 0 0 000000000000000c eeeeeeee f eeeeeeee 0 00
000000000000000c 101003050300f000 0 00 00000000 0 0 0 0 0 0 000000000000000d eeeeeeee f eeeeeeee 1 03
000000000000000d 7cb5000000e00000 0 00 00000000 0 0 0 0 0 0 000000000000000e cccccccc f cccccccc 0 00
000000000000000e 10000a0a0700f000 0 00 00000000 0 0 0 0 0 0 000000000000000f cccccccc f cccccccc 1 0a
000000000000000f 7c95fffffad00000 0 00 00000000 0 0 0 0 0 0 000000000000000a cccccccc f cccccccc 0 00
000000000000000a 3059e0a0c0000000 0 00 00000000 0 0 0 0 0 0 000000000000000b cccccccc f cccccccc 0 00
000000000000000b 3029d0a0c0000000 0 00 00000000 0 0 0 0 0 0 000000000000000c cccccccc f cccccccc 0 00
000000000000000c 101003050300f000 0 00 00000000 0 0 0 0 0 0 000000000000000d cccccccc f cccccccc 1 03
000000000000000d 7cb5000000e00000 0 00 00000000 0 0 0 0 0 0 000000000000000e 88888888 f 88888888 0 00
000000000000000e 10000a0a0700f000 0 00 00000000 0 0 0 0 0 0 000000000000000f 88888888 f 88888888 1 0a
000000000000000f 7c95fffffad00000 0 00 00000000 0 0 0 0 0 0 000000000000000a 88888888 f 88888888 0 00
000000000000000a 3059e0a0c0000000 0 00 00000000 0 0 0 0 0 0 000000000000000b 88888888 f 88888888 0 00
000000000000000b 3029d0a0c0000000 0 00 00000000 0 0 0 0 0 0 000000000000000c 88888888 f 88888888 0 00
000000000000000c 101003050300f000 0 00 00000000 0 0 0 0 0 0 000000000000000d 88888888 f 88888888 1 03
000000000000000f 7cb5000000e00000 0 00 00000000 0 0 0 0 0 0 000000000000000e 00000000 f 00000000 0 00
000000000000000f 7c95fffffad00000 0 00 00000000 0 0 0 0 0 0 0000000000000010 ffffffff f ffffffff 0 00
0000000000000010 11100c030500f000 0 00 00000000 0 0 0 0 0 0 0000000000000011 ffffffff f ffffffff 1 0c
0000000000000011 0205000001000000 0 00 00000000 0 0 0 0 0 1 0000000000000013 ffffffff f ffffffff 0 00
0000000000000013 7c25000000000000 0 00 00000000 0 0 0 0 0 0 0000000000000014 ffffffff f ffffffff 0 00
0000000000000014 111005010c00f000 0 00 00000000 0 0 0 0 0 0 0000000000000015 ffffffff f ffffffff 1 05
0000000000000015 304950b070000000 0 00 00000000 0 0 0 0 0 0 0000000000000016 ffffffff f ffffffff 0 00
0000000000000016 7c1500001f50002b 0 00 00000000 0 0 0 0 0 0 0000000000000036 ffffffff f ffffffff 0 00
0000000000000036 34110d000003f000 0 00 00000000 0 0 0 0 0 0 0000000000000037 ffffffff f ffffffff 1 0d
0000000000000037 10300c010d00f000 0 00 00000000 0 0 0 0 0 0 0000000000000038 ffffffff f ffffffff 1 0c
0000000000000038 10000c0c0700f000 0 00 00000000 0 0 0 0 0 0 0000000000000039 ffffffff f ffffffff 1 0c
0000000000000039 34110a000000f000 0 00 00000000 0 0 0 0 0 0 000000000000003a ffffffff f ffffffff 1 0a
000000000000003a 7c85000005000000 0 00 00000000 0 0 0 0 0 0 000000000000003b ffffffff f ffffffff 0 00
000000000000003b 3059e0a0c0000000 0 00 00000000 0 0 0 0 0 0 000000000000003c ffffffff f ffffffff 0 00
000000000000003c 3029d0a0c0000000 0 00 00000000 0 0 0 0 0 0 000000000000003d ffffffff f ffffffff 0 00
000000000000003d 101003030700f000 0 00 00000000 0 0 0 0 0 0 000000000000003e ffffffff f ffffffff 1 03
000000000000003e 7cb5000000e00000 0 00 00000000 0 0 0 0 0 0 000000000000003f ffffffff f ffffffff 0 00
000000000000003f 10000a0a0700f000 0 00 00000000 0 0 0 0 0 0 0000000000000040 ffffffff f ffffffff 1 0a
0000000000000040 7c95fffffad00000 0 00 00000000 0 0 0 0 0 0 000000000000003b ffffffff f ffffffff 0 00
000000000000003b 3059e0a0c0000000 0 00 00000000 0 0 0 0 0 0 000000000000003c ffffffff f ffffffff 0 00
000000000000003c 3029d0a0c0000000 0 00 00000000 0 0 0 0 0 0 000000000000003d ffffffff f ffffffff 0 00
000000000000003d 101003030700f000 0 00 00000000 0 0 0 0 0 0 000000000000003e ffffffff f ffffffff 1 03
000000000000003e 7cb5000000e00000 0 00 00000000 0 0 0 0 0 0 000000000000003f eeeeeeee f eeeeeeee 0 00
000000000000003f 10000a0a0700f000 0 00 00000000 0 0 0 0 0 0 0000000000000040 eeeeeeee f eeeeeeee 1 0a
0000000000000040 7c95fffffad00000 0 00 00000000 0 0 0 0 0 0 000000000000003b eeeeeeee f eeeeeeee 0 00
000000000000003b 3059e0a0c0000000 0 00 00000000 0 0 0 0 0 0 000000000000003c eeeeeeee f eeeeeeee 0 00
000000000000003c 3029d0a0c0000000 0 00 00000000 0 0 0 0 0 0 000000000000003d eeeeeeee f eeeeeeee 0 00
000000000000003d 101003030700f000 0 00 00000000 0 0 0 0 0 0 000000000000003e eeeeeeee f eeeeeeee 1 03
000000000000003e 7cb5000000e00000 0 00 00000000 0 0 0 0 0 0 000000000000003f cccccccc f cccccccc 0 00
000000000000003f 10000a0a0700f000 0 00 00000000 0 0 0 0 0 0 0000000000000040 cccccccc f cccccccc 1 0a
0000000000000040 7c95fffffad00000 0 00 00000000 0 0 0 0 0 0 000000000000003b cccccccc f cccccccc 0 00
000000000000003b 3059e0a0c0000000 0 00 00000000 0 0 0 0 0 0 000000000000003c cccccccc f cccccccc 0 00
000000000000003c 3029d0a0c0000000 0 00 00000000 0 0 0 0 0 0 000000000000003d cccccccc f cccccccc 0 00
000000000000003d 101003030700f000 0 00 00000000 0 0 0 0 0 0 000000000000003e cccccccc f cccccccc 1 03
000000000000003e 7cb5000000e00000 0 00 00000000 0 0 0 0 0 0 000000000000003f 88888888 f 88888888 0 00
000000000000003f 10000a0a0700f000 0 00 00000000 0 0 0 0 0 0 0000000000000040 88888888 f 88888888 1 0a
0000000000000040 7c95fffffad00000 0 00 00000000 0 0 0 0 0 0 000000000000003b 88888888 f 88888888 0 00
000000000000003b 3059e0a0c0000000 0 00 00000000 0 0 0 0 0 0 000000000000003c 88888888 f 88888888 0 00
000000000000003c 3029d0a0c0000000 0 00 00000000 0 0 0 0 0 0 000000000000003d 88888888 f 88888888 0 00
000000000000003d 101003030700f000 0 00 00000000 0 0 0 0 0 0 000000000000003e 88888888 f 88888888 1 03
0000000000000040 7cb5000000e00000 0 00 00000000 0 0 0 0 0 0 000000000000003f 00000000 f 00000000 0 00
0000000000000040 7c95fffffad00000 0 00 00000000 0 0 0 0 0 0 0000000000000041 ffffffff f ffffffff 0 00
0000000000000041 10100c040700f000 0 00 00000000 0 0 0 0 0 0 0000000000000042 ffffffff f ffffffff 1 0c
0000000000000042 7c25000000000000 0 00 00000000 0 0 0 0 0 0 0000000000000043 ffffffff f ffffffff 0 00
0000000000000043 7cf5000000000000 0 00 00000000 0 0 0 0 0 0 0000000000000044 ffffffff f ffffffff 0 00
