0000000000000000 0013140000004d00 1 14 0000004d 0 0 0 0000000000000001 80808080 f 80808080 0 00 80808080
0000000000000001 34110500c008f000 0 00 00000000 0 0 0 0000000000000002 80808080 f 80808080 1 05 80808080
0000000000000002 104104033415f000 0 00 00000000 0 0 0 0000000000000003 80808080 f 80808080 1 04 80808080
0000000000000003 00131600ffffff00 1 16 ffffffff 0 0 0 0000000000000004 80808080 f 80808080 0 00 80808080
0000000000000004 342003160000f000 0 00 00000000 0 0 0 0000000000000005 80808080 f 80808080 1 03 80808080
0000000000000005 108105030001f000 0 00 00000000 0 0 0 0000000000000006 80808080 f 80808080 1 05 80808080
0000000000000006 101003020200f000 0 00 00000000 0 0 0 0000000000000007 80808080 f 80808080 1 03 80808080
0000000000000007 102003060300f000 0 00 00000000 0 0 0 0000000000000008 80808080 f 80808080 1 03 80808080
0000000000000008 103005060600f000 0 00 00000000 0 0 0 0000000000000009 80808080 f 80808080 1 05 80808080
0000000000000009 3411050054a3f000 0 00 00000000 0 0 0 000000000000000a 80808080 f 80808080 1 05 80808080
000000000000000a 343004000000f000 0 00 00000000 0 0 0 000000000000000b 80808080 f 80808080 1 04 80808080
000000000000000b 107102060010f000 0 00 00000000 0 0 0 000000000000000c 80808080 f 80808080 1 02 80808080
000000000000000c 343003000000f000 0 00 00000000 0 0 0 000000000000000d 80808080 f 80808080 1 03 80808080
000000000000000d 10710503000ff000 0 00 00000000 0 0 0 000000000000000e 80808080 f 80808080 1 05 80808080
000000000000000e 10610605001ff000 0 00 00000000 0 0 0 000000000000000f 80808080 f 80808080 1 06 80808080
000000000000000f 105006060300f000 0 00 00000000 0 0 0 0000000000000010 80808080 f 80808080 1 06 80808080
0000000000000010 34110300f673f000 0 00 00000000 0 0 0 0000000000000011 80808080 f 80808080 1 03 80808080
0000000000000011 10010504fffff000 0 00 00000000 0 0 0 0000000000000012 80808080 f 80808080 1 05 80808080
0000000000000012 340006050000f000 0 00 00000000 0 0 0 0000000000000013 80808080 f 80808080 1 06 80808080
0000000000000013 341104007ffff000 0 00 00000000 0 0 0 0000000000000014 80808080 f 80808080 1 04 80808080
0000000000000014 0013160055555500 1 16 00555555 0 0 0 0000000000000015 80808080 f 80808080 0 00 80808080
0000000000000015 342003160000f000 0 00 00000000 0 0 0 0000000000000016 80808080 f 80808080 1 03 80808080
0000000000000016 108102030014f000 0 00 00000000 0 0 0 0000000000000017 80808080 f 80808080 1 02 80808080
0000000000000017 104005020600d000 0 00 00000000 0 0 0 0000000000000018 80808080 d 00000000 1 05 00000000
0000000000000018 34110500fffff000 0 00 00000000 0 0 0 0000000000000019 80808080 f 80808080 1 05 80808080
0000000000000019 104006040300a000 0 00 00000000 0 0 0 000000000000001a 80808080 a 00000000 1 06 00000000
000000000000001a 107102050020f000 0 00 00000000 0 0 0 000000000000001b 80808080 f 80808080 1 02 80808080
000000000000001b 00131600ffffff00 1 16 ffffffff 0 0 0 000000000000001c 80808080 f 80808080 0 00 80808080
000000000000001c 342005160000f000 0 00 00000000 0 0 0 000000000000001d 80808080 f 80808080 1 05 80808080
000000000000001d 108104050001f000 0 00 00000000 0 0 0 000000000000001e 80808080 f 80808080 1 04 80808080
000000000000001e 0013150000000000 1 15 00000000 0 0 0 000000000000001f 80808080 f 80808080 0 00 80808080
000000000000001f 342003150000f000 0 00 00000000 0 0 0 0000000000000020 80808080 f 80808080 1 03 80808080
0000000000000020 00131600aaaaaa00 1 16 ffaaaaaa 0 0 0 0000000000000021 80808080 f 80808080 0 00 80808080
0000000000000021 342002160000f000 0 00 00000000 0 0 0 0000000000000022 80808080 f 80808080 1 02 80808080
0000000000000022 108106020023f000 0 00 00000000 0 0 0 0000000000000023 80808080 f 80808080 1 06 80808080
0000000000000023 100004060200f000 0 00 00000000 0 0 0 0000000000000024 80808080 f 80808080 1 04 80808080
0000000000000024 101005050600f000 0 00 00000000 0 0 0 0000000000000025 80808080 f 80808080 1 05 80808080
0000000000000025 00131e0000000100 1 1e 00000001 0 0 0 0000000000000026 80808080 f 80808080 0 00 80808080
0000000000000026 0023171700000100 1 17 00000001 0 0 0 0000000000000027 80808080 f 80808080 0 00 80808080
0000000000000027 00731e1e00000100 1 1e 00000000 0 0 0 0000000000000028 80808080 f 80808080 0 00 80808080
0000000000000028 0013180000000000 1 18 00000000 0 0 0 0000000000000029 80808080 f 80808080 0 00 80808080
0000000000000029 0102001e18000000 0 00 00000000 5 1 0 000000000000002a 80808080 f 80808080 0 00 80808080
000000000000002a 0215fffffb040000 0 00 00000000 5 1 0 000000000000002b 80808080 f 80808080 0 00 80808080
000000000000002b 7cf5000000000000 0 00 00000000 5 1 0 000000000000002c 80808080 f 80808080 0 00 80808080
DONE retired=44 fault=00 pc=000000000000002b
