0000000000000000 00131d0000000000 1 1d 00000000 0 0 0 0000000000000001
0000000000000001 0032030f0b000000 1 03 00000000 0 0 0 0000000000000002
0000000000000002 8506000000000000 0 00 00000000 0 0 0 0000000000000003
0000000000000003 8506000000000000 0 00 00000000 0 0 0 0000000000000004
0000000000000004 00b3071200001100 1 07 00000000 0 0 0 0000000000000005
0000000000000005 0122000a05000000 0 00 00000000 5 0 0 0000000000000006
0000000000000006 02150000030e0000 0 00 00000000 5 0 1 000000000000000a
000000000000000a 001314003f885600 1 14 003f8856 5 0 0 000000000000000b
000000000000000b 001301000b9d1b00 1 01 000b9d1b 5 0 0 000000000000000c
000000000000000c 011200020d000000 0 00 00000000 5 0 0 000000000000000d
000000000000000d 02150000020c0000 0 00 00000000 5 0 1 0000000000000010
0000000000000010 0102000812000000 0 00 00000000 5 1 0 0000000000000011
0000000000000011 02150000030e0000 0 00 00000000 5 1 1 0000000000000015
0000000000000015 00131100ffffff00 1 11 ffffffff 5 1 0 0000000000000016
0000000000000016 8506000000000000 0 00 00000000 5 1 0 0000000000000017
0000000000000017 00730213d534e400 1 02 002acb1c 5 1 0 0000000000000018
0000000000000018 0306000000000100 1 01 00000000 5 1 0 0000000000000019
0000000000000019 00320c0a10000000 1 0c 00000000 5 1 0 000000000000001a
000000000000001a 00131e0000000200 1 1e 00000002 5 1 0 000000000000001b
000000000000001b 0023151500000100 1 15 00000001 5 1 0 000000000000001c
000000000000001c 00731e1e00000100 1 1e 00000001 5 1 0 000000000000001d
000000000000001d 0102001e1d000000 0 00 00000000 4 0 0 000000000000001e
000000000000001e 0215fffffc040000 0 00 00000000 4 0 1 000000000000001b
000000000000001b 0023151500000100 1 15 00000002 4 0 0 000000000000001c
000000000000001c 00731e1e00000100 1 1e 00000000 4 0 0 000000000000001d
000000000000001d 0102001e1d000000 0 00 00000000 5 1 0 000000000000001e
000000000000001e 0215fffffc040000 0 00 00000000 5 1 0 000000000000001f
000000000000001f 7cf5000000000000 0 00 00000000 5 1 0 0000000000000020
DONE retired=28 fault=00 pc=000000000000001f
