0000000000000000 0013140000004d00 1 14 0000004d 0 0 0 0000000000000001 ffffffff f ffffffff 0 00 ffffffff
0000000000000001 00131600aaaaaa00 1 16 ffaaaaaa 0 0 0 0000000000000002 ffffffff f ffffffff 0 00 ffffffff
0000000000000002 342006160000f000 0 00 00000000 0 0 0 0000000000000003 ffffffff f ffffffff 1 06 ffffffff
0000000000000003 10810406001ff000 0 00 00000000 0 0 0 0000000000000004 ffffffff f ffffffff 1 04 ffffffff
0000000000000004 340002020000f000 0 00 00000000 0 0 0 0000000000000005 ffffffff f ffffffff 1 02 ffffffff
0000000000000005 00131500aaaaaa00 1 15 ffaaaaaa 0 0 0 0000000000000006 ffffffff f ffffffff 0 00 ffffffff
0000000000000006 3420031500003000 0 00 00000000 0 0 0 0000000000000007 ffffffff 3 55555555 1 03 55555555
0000000000000007 00131500ffffff00 1 15 ffffffff 0 0 0 0000000000000008 ffffffff f ffffffff 0 00 ffffffff
0000000000000008 3420041500007000 0 00 00000000 0 0 0 0000000000000009 ffffffff 7 aaaaaaaa 1 04 aaaaaaaa
0000000000000009 103004040600c000 0 00 00000000 0 0 0 000000000000000a ffffffff c 5b8b541d 1 04 5b8b541d
000000000000000a 102006040500f000 0 00 00000000 0 0 0 000000000000000b ffffffff f ffffffff 1 06 ffffffff
000000000000000b 106102030020f000 0 00 00000000 0 0 0 000000000000000c ffffffff f ffffffff 1 02 ffffffff
000000000000000c 104006020500d000 0 00 00000000 0 0 0 000000000000000d ffffffff d 2c2a10ea 1 06 2c2a10ea
000000000000000d 1040040304000000 0 00 00000000 0 0 0 000000000000000e ffffffff 0 2c894d3b 1 04 2c894d3b
000000000000000e 10610602003ff000 0 00 00000000 0 0 0 000000000000000f ffffffff f ffffffff 1 06 ffffffff
000000000000000f 107106050010f000 0 00 00000000 0 0 0 0000000000000010 ffffffff f ffffffff 1 06 ffffffff
0000000000000010 10610204000ff000 0 00 00000000 0 0 0 0000000000000011 ffffffff f ffffffff 1 02 ffffffff
0000000000000011 340002040000f000 0 00 00000000 0 0 0 0000000000000012 ffffffff f ffffffff 1 02 ffffffff
0000000000000012 00131e0000000200 1 1e 00000002 0 0 0 0000000000000013 ffffffff f ffffffff 0 00 ffffffff
0000000000000013 0023171700000100 1 17 00000001 0 0 0 0000000000000014 ffffffff f ffffffff 0 00 ffffffff
0000000000000014 00731e1e00000100 1 1e 00000001 0 0 0 0000000000000015 ffffffff f ffffffff 0 00 ffffffff
0000000000000015 0013180000000000 1 18 00000000 0 0 0 0000000000000016 ffffffff f ffffffff 0 00 ffffffff
0000000000000016 0102001e18000000 0 00 00000000 4 0 0 0000000000000017 ffffffff f ffffffff 0 00 ffffffff
0000000000000017 0215fffffb040000 0 00 00000000 4 0 1 0000000000000013 ffffffff f ffffffff 0 00 ffffffff
0000000000000013 0023171700000100 1 17 00000002 4 0 0 0000000000000014 ffffffff f ffffffff 0 00 ffffffff
0000000000000014 00731e1e00000100 1 1e 00000000 4 0 0 0000000000000015 ffffffff f ffffffff 0 00 ffffffff
0000000000000015 0013180000000000 1 18 00000000 4 0 0 0000000000000016 ffffffff f ffffffff 0 00 ffffffff
0000000000000016 0102001e18000000 0 00 00000000 5 1 0 0000000000000017 ffffffff f ffffffff 0 00 ffffffff
0000000000000017 0215fffffb040000 0 00 00000000 5 1 0 0000000000000018 ffffffff f ffffffff 0 00 ffffffff
0000000000000018 7cf5000000000000 0 00 00000000 5 1 0 0000000000000019 ffffffff f ffffffff 0 00 ffffffff
DONE retired=30 fault=00 pc=0000000000000018
