0000000000000000 0013140000004d00 1 14 0000004d 0 0 0 0000000000000001 ffffffe0 f ffffffe0 0 00 ffffffe0
0000000000000001 103105060001f000 0 00 00000000 0 0 0 0000000000000002 ffffffe0 f ffffffe0 1 05 ffffffe0
0000000000000002 103006050300f000 0 00 00000000 0 0 0 0000000000000003 ffffffe0 f ffffffe0 1 06 ffffffe0
0000000000000003 106102020001f000 0 00 00000000 0 0 0 0000000000000004 ffffffe0 f ffffffe0 1 02 ffffffe0
0000000000000004 3430040000005000 0 00 00000000 0 0 0 0000000000000005 ffffffe0 5 7fffffe0 1 04 7fffffe0
0000000000000005 10710302000ff000 0 00 00000000 0 0 0 0000000000000006 ffffffe0 f ffffffe0 1 03 ffffffe0
0000000000000006 103004040300f000 0 00 00000000 0 0 0 0000000000000007 ffffffe0 f ffffffe0 1 04 ffffffe0
0000000000000007 102005050200f000 0 00 00000000 0 0 0 0000000000000008 ffffffe0 f ffffffe0 1 05 ffffffe0
0000000000000008 101105060001f000 0 00 00000000 0 0 0 0000000000000009 ffffffe0 f ffffffe0 1 05 ffffffe0
0000000000000009 340003060000e000 0 00 00000000 0 0 0 000000000000000a ffffffe0 e ffffffe0 1 03 ffffffe0
000000000000000a 00131e0000000200 1 1e 00000002 0 0 0 000000000000000b ffffffe0 f ffffffe0 0 00 ffffffe0
000000000000000b 0023171700000100 1 17 00000001 0 0 0 000000000000000c ffffffe0 f ffffffe0 0 00 ffffffe0
000000000000000c 00731e1e00000100 1 1e 00000001 0 0 0 000000000000000d ffffffe0 f ffffffe0 0 00 ffffffe0
000000000000000d 0013180000000000 1 18 00000000 0 0 0 000000000000000e ffffffe0 f ffffffe0 0 00 ffffffe0
000000000000000e 0102001e18000000 0 00 00000000 4 0 0 000000000000000f ffffffe0 f ffffffe0 0 00 ffffffe0
000000000000000f 0215fffffb040000 0 00 00000000 4 0 1 000000000000000b ffffffe0 f ffffffe0 0 00 ffffffe0
000000000000000b 0023171700000100 1 17 00000002 4 0 0 000000000000000c ffffffe0 f ffffffe0 0 00 ffffffe0
000000000000000c 00731e1e00000100 1 1e 00000000 4 0 0 000000000000000d ffffffe0 f ffffffe0 0 00 ffffffe0
000000000000000d 0013180000000000 1 18 00000000 4 0 0 000000000000000e ffffffe0 f ffffffe0 0 00 ffffffe0
000000000000000e 0102001e18000000 0 00 00000000 5 1 0 000000000000000f ffffffe0 f ffffffe0 0 00 ffffffe0
000000000000000f 0215fffffb040000 0 00 00000000 5 1 0 0000000000000010 ffffffe0 f ffffffe0 0 00 ffffffe0
0000000000000010 7cf5000000000000 0 00 00000000 5 1 0 0000000000000011 ffffffe0 f ffffffe0 0 00 ffffffe0
DONE retired=22 fault=00 pc=0000000000000010
