0000000000000000 0013140000004d00 1 14 0000004d 0 0 0 0000000000000001 aaaaaaaa f aaaaaaaa 0 00 aaaaaaaa
0000000000000001 100006020300f000 0 00 00000000 0 0 0 0000000000000002 aaaaaaaa f aaaaaaaa 1 06 aaaaaaaa
0000000000000002 10610504003ff000 0 00 00000000 0 0 0 0000000000000003 aaaaaaaa f aaaaaaaa 1 05 aaaaaaaa
0000000000000003 0013160000000000 1 16 00000000 0 0 0 0000000000000004 aaaaaaaa f aaaaaaaa 0 00 aaaaaaaa
0000000000000004 342006160000f000 0 00 00000000 0 0 0 0000000000000005 aaaaaaaa f aaaaaaaa 1 06 aaaaaaaa
0000000000000005 10810606000df000 0 00 00000000 0 0 0 0000000000000006 aaaaaaaa f aaaaaaaa 1 06 aaaaaaaa
0000000000000006 10710404000ff000 0 00 00000000 0 0 0 0000000000000007 aaaaaaaa f aaaaaaaa 1 04 aaaaaaaa
0000000000000007 100006040200f000 0 00 00000000 0 0 0 0000000000000008 aaaaaaaa f aaaaaaaa 1 06 aaaaaaaa
0000000000000008 340003030000f000 0 00 00000000 0 0 0 0000000000000009 aaaaaaaa f aaaaaaaa 1 03 aaaaaaaa
0000000000000009 00131500ffffff00 1 15 ffffffff 0 0 0 000000000000000a aaaaaaaa f aaaaaaaa 0 00 aaaaaaaa
000000000000000a 3420051500009000 0 00 00000000 0 0 0 000000000000000b aaaaaaaa 9 aaaaaaaa 1 05 aaaaaaaa
000000000000000b 00131600ffffff00 1 16 ffffffff 0 0 0 000000000000000c aaaaaaaa f aaaaaaaa 0 00 aaaaaaaa
000000000000000c 342002160000f000 0 00 00000000 0 0 0 000000000000000d aaaaaaaa f aaaaaaaa 1 02 aaaaaaaa
000000000000000d 108102020001f000 0 00 00000000 0 0 0 000000000000000e aaaaaaaa f aaaaaaaa 1 02 aaaaaaaa
000000000000000e 340004060000f000 0 00 00000000 0 0 0 000000000000000f aaaaaaaa f aaaaaaaa 1 04 aaaaaaaa
000000000000000f 100106050000f000 0 00 00000000 0 0 0 0000000000000010 aaaaaaaa f aaaaaaaa 1 06 aaaaaaaa
0000000000000010 343002000000f000 0 00 00000000 0 0 0 0000000000000011 aaaaaaaa f aaaaaaaa 1 02 aaaaaaaa
0000000000000011 100004020500c000 0 00 00000000 0 0 0 0000000000000012 aaaaaaaa c 2aaaaaaa 1 04 2aaaaaaa
0000000000000012 343006000000f000 0 00 00000000 0 0 0 0000000000000013 aaaaaaaa f aaaaaaaa 1 06 aaaaaaaa
0000000000000013 341106008000f000 0 00 00000000 0 0 0 0000000000000014 aaaaaaaa f aaaaaaaa 1 06 aaaaaaaa
0000000000000014 3411030000019000 0 00 00000000 0 0 0 0000000000000015 aaaaaaaa 9 aaaaaaaa 1 03 aaaaaaaa
0000000000000015 10610602001ff000 0 00 00000000 0 0 0 0000000000000016 aaaaaaaa f aaaaaaaa 1 06 aaaaaaaa
0000000000000016 106105050010f000 0 00 00000000 0 0 0 0000000000000017 aaaaaaaa f aaaaaaaa 1 05 aaaaaaaa
0000000000000017 00131600ffffff00 1 16 ffffffff 0 0 0 0000000000000018 aaaaaaaa f aaaaaaaa 0 00 aaaaaaaa
0000000000000018 342004160000f000 0 00 00000000 0 0 0 0000000000000019 aaaaaaaa f aaaaaaaa 1 04 aaaaaaaa
0000000000000019 108104040020f000 0 00 00000000 0 0 0 000000000000001a aaaaaaaa f aaaaaaaa 1 04 aaaaaaaa
000000000000001a 00131600aaaaaa00 1 16 ffaaaaaa 0 0 0 000000000000001b aaaaaaaa f aaaaaaaa 0 00 aaaaaaaa
000000000000001b 342005160000f000 0 00 00000000 0 0 0 000000000000001c aaaaaaaa f aaaaaaaa 1 05 aaaaaaaa
000000000000001c 108104050000f000 0 00 00000000 0 0 0 000000000000001d aaaaaaaa f aaaaaaaa 1 04 aaaaaaaa
000000000000001d 0013160000000100 1 16 00000001 0 0 0 000000000000001e aaaaaaaa f aaaaaaaa 0 00 aaaaaaaa
000000000000001e 342002160000f000 0 00 00000000 0 0 0 000000000000001f aaaaaaaa f aaaaaaaa 1 02 aaaaaaaa
000000000000001f 108102020010f000 0 00 00000000 0 0 0 0000000000000020 aaaaaaaa f aaaaaaaa 1 02 aaaaaaaa
0000000000000020 106106030020f000 0 00 00000000 0 0 0 0000000000000021 aaaaaaaa f aaaaaaaa 1 06 aaaaaaaa
0000000000000021 0013150000000000 1 15 00000000 0 0 0 0000000000000022 aaaaaaaa f aaaaaaaa 0 00 aaaaaaaa
0000000000000022 342004150000f000 0 00 00000000 0 0 0 0000000000000023 aaaaaaaa f aaaaaaaa 1 04 aaaaaaaa
0000000000000023 10610304001ff000 0 00 00000000 0 0 0 0000000000000024 aaaaaaaa f aaaaaaaa 1 03 aaaaaaaa
0000000000000024 103104028000f000 0 00 00000000 0 0 0 0000000000000025 aaaaaaaa f aaaaaaaa 1 04 aaaaaaaa
0000000000000025 102004040400f000 0 00 00000000 0 0 0 0000000000000026 aaaaaaaa f aaaaaaaa 1 04 aaaaaaaa
0000000000000026 102003050200f000 0 00 00000000 0 0 0 0000000000000027 aaaaaaaa f aaaaaaaa 1 03 aaaaaaaa
0000000000000027 00131e0000000300 1 1e 00000003 0 0 0 0000000000000028 aaaaaaaa f aaaaaaaa 0 00 aaaaaaaa
0000000000000028 0023171700000100 1 17 00000001 0 0 0 0000000000000029 aaaaaaaa f aaaaaaaa 0 00 aaaaaaaa
0000000000000029 00731e1e00000100 1 1e 00000002 0 0 0 000000000000002a aaaaaaaa f aaaaaaaa 0 00 aaaaaaaa
000000000000002a 0013180000000000 1 18 00000000 0 0 0 000000000000002b aaaaaaaa f aaaaaaaa 0 00 aaaaaaaa
000000000000002b 0102001e18000000 0 00 00000000 4 0 0 000000000000002c aaaaaaaa f aaaaaaaa 0 00 aaaaaaaa
000000000000002c 0215fffffb040000 0 00 00000000 4 0 1 0000000000000028 aaaaaaaa f aaaaaaaa 0 00 aaaaaaaa
0000000000000028 0023171700000100 1 17 00000002 4 0 0 0000000000000029 aaaaaaaa f aaaaaaaa 0 00 aaaaaaaa
0000000000000029 00731e1e00000100 1 1e 00000001 4 0 0 000000000000002a aaaaaaaa f aaaaaaaa 0 00 aaaaaaaa
000000000000002a 0013180000000000 1 18 00000000 4 0 0 000000000000002b aaaaaaaa f aaaaaaaa 0 00 aaaaaaaa
000000000000002b 0102001e18000000 0 00 00000000 4 0 0 000000000000002c aaaaaaaa f aaaaaaaa 0 00 aaaaaaaa
000000000000002c 0215fffffb040000 0 00 00000000 4 0 1 0000000000000028 aaaaaaaa f aaaaaaaa 0 00 aaaaaaaa
0000000000000028 0023171700000100 1 17 00000003 4 0 0 0000000000000029 aaaaaaaa f aaaaaaaa 0 00 aaaaaaaa
0000000000000029 00731e1e00000100 1 1e 00000000 4 0 0 000000000000002a aaaaaaaa f aaaaaaaa 0 00 aaaaaaaa
000000000000002a 0013180000000000 1 18 00000000 4 0 0 000000000000002b aaaaaaaa f aaaaaaaa 0 00 aaaaaaaa
000000000000002b 0102001e18000000 0 00 00000000 5 1 0 000000000000002c aaaaaaaa f aaaaaaaa 0 00 aaaaaaaa
000000000000002c 0215fffffb040000 0 00 00000000 5 1 0 000000000000002d aaaaaaaa f aaaaaaaa 0 00 aaaaaaaa
000000000000002d 7cf5000000000000 0 00 00000000 5 1 0 000000000000002e aaaaaaaa f aaaaaaaa 0 00 aaaaaaaa
DONE retired=56 fault=00 pc=000000000000002d
