0000000000000000 00131d0000000000 1 1d 00000000 0 0 0 0000000000000001
0000000000000001 0102001104000000 0 00 00000000 5 1 0 0000000000000002
0000000000000002 02150000030e0000 0 00 00000000 5 1 1 0000000000000006
0000000000000006 8506000000000000 0 00 00000000 5 1 0 0000000000000007
0000000000000007 8506000000000000 0 00 00000000 5 1 0 0000000000000008
0000000000000008 00130b00ae7dce00 1 0b ffae7dce 5 1 0 0000000000000009
0000000000000009 00130700ffffff00 1 07 ffffffff 5 1 0 000000000000000a
000000000000000a 00a20b1214000000 1 0b 00000000 5 1 0 000000000000000b
000000000000000b 0032101212000000 1 10 00000000 5 1 0 000000000000000c
000000000000000c 8506000000000000 0 00 00000000 5 1 0 000000000000000d
000000000000000d 0092100a00000000 1 10 ffffffff 5 1 0 000000000000000e
000000000000000e 8506000000000000 0 00 00000000 5 1 0 000000000000000f
000000000000000f 00820c0d09000000 1 0c 00000000 5 1 0 0000000000000010
0000000000000010 00730f05ffffff00 1 0f 00000001 5 1 0 0000000000000011
0000000000000011 00320b100b000000 1 0b 00000000 5 1 0 0000000000000012
0000000000000012 0063130400000000 1 13 00000000 5 1 0 0000000000000013
0000000000000013 8506000000000000 0 00 00000000 5 1 0 0000000000000014
0000000000000014 001301009510dc00 1 01 ff9510dc 5 1 0 0000000000000015
0000000000000015 00130c0055555500 1 0c 00555555 5 1 0 0000000000000016
0000000000000016 8506000000000000 0 00 00000000 5 1 0 0000000000000017
0000000000000017 00131e0000000400 1 1e 00000004 5 1 0 0000000000000018
0000000000000018 0023151500000100 1 15 00000001 5 1 0 0000000000000019
0000000000000019 00731e1e00000100 1 1e 00000003 5 1 0 000000000000001a
000000000000001a 0102001e1d000000 0 00 00000000 4 0 0 000000000000001b
000000000000001b 0215fffffc040000 0 00 00000000 4 0 1 0000000000000018
0000000000000018 0023151500000100 1 15 00000002 4 0 0 0000000000000019
0000000000000019 00731e1e00000100 1 1e 00000002 4 0 0 000000000000001a
000000000000001a 0102001e1d000000 0 00 00000000 4 0 0 000000000000001b
000000000000001b 0215fffffc040000 0 00 00000000 4 0 1 0000000000000018
0000000000000018 0023151500000100 1 15 00000003 4 0 0 0000000000000019
0000000000000019 00731e1e00000100 1 1e 00000001 4 0 0 000000000000001a
000000000000001a 0102001e1d000000 0 00 00000000 4 0 0 000000000000001b
000000000000001b 0215fffffc040000 0 00 00000000 4 0 1 0000000000000018
0000000000000018 0023151500000100 1 15 00000004 4 0 0 0000000000000019
0000000000000019 00731e1e00000100 1 1e 00000000 4 0 0 000000000000001a
000000000000001a 0102001e1d000000 0 00 00000000 5 1 0 000000000000001b
000000000000001b 0215fffffc040000 0 00 00000000 5 1 0 000000000000001c
000000000000001c 7cf5000000000000 0 00 00000000 5 1 0 000000000000001d
DONE retired=38 fault=00 pc=000000000000001c
