0000000000000000 00131d0000000000 1 1d 00000000 0 0 0 0000000000000001
0000000000000001 00130f00de48a400 1 0f ffde48a4 0 0 0 0000000000000002
0000000000000002 0092070d00000000 1 07 ffffffff 0 0 0 0000000000000003
0000000000000003 0306000000001300 1 13 00000000 0 0 0 0000000000000004
0000000000000004 0092051200000000 1 05 ffffffff 0 0 0 0000000000000005
0000000000000005 0306000000000200 1 02 00000000 0 0 0 0000000000000006
0000000000000006 0092100700000000 1 10 00000000 0 0 0 0000000000000007
0000000000000007 8506000000000000 0 00 00000000 0 0 0 0000000000000008
0000000000000008 8506000000000000 0 00 00000000 0 0 0 0000000000000009
0000000000000009 8506000000000000 0 00 00000000 0 0 0 000000000000000a
000000000000000a 010200090a000000 0 00 00000000 5 1 0 000000000000000b
000000000000000b 02150000020b0000 0 00 00000000 5 1 0 000000000000000c
000000000000000c 8506000000000000 0 00 00000000 5 1 0 000000000000000d
000000000000000d 8506000000000000 0 00 00000000 5 1 0 000000000000000e
000000000000000e 00130b0000000000 1 0b 00000000 5 1 0 000000000000000f
000000000000000f 001304009cc13a00 1 04 ff9cc13a 5 1 0 0000000000000010
0000000000000010 00130600ffffff00 1 06 ffffffff 5 1 0 0000000000000011
0000000000000011 00130e00d667ea00 1 0e ffd667ea 5 1 0 0000000000000012
0000000000000012 0073130500000100 1 13 fffffffe 5 1 0 0000000000000013
0000000000000013 00320f0e04000000 1 0f 0382f504 5 1 0 0000000000000014
0000000000000014 0102000411000000 0 00 00000000 6 0 0 0000000000000015
0000000000000015 02150000030e0000 0 00 00000000 6 0 1 0000000000000019
0000000000000019 8506000000000000 0 00 00000000 6 0 0 000000000000001a
000000000000001a 00130700ffffff00 1 07 ffffffff 6 0 0 000000000000001b
000000000000001b 0013080000000100 1 08 00000001 6 0 0 000000000000001c
000000000000001c 0073110b99875500 1 11 006678ab 6 0 0 000000000000001d
000000000000001d 0073080900000000 1 08 00000000 6 0 0 000000000000001e
000000000000001e 0072081010000000 1 08 00000000 6 0 0 000000000000001f
000000000000001f 8506000000000000 0 00 00000000 6 0 0 0000000000000020
0000000000000020 0062120e02000000 1 12 ffd667ea 6 0 0 0000000000000021
0000000000000021 0092090d00000000 1 09 ffffffff 6 0 0 0000000000000022
0000000000000022 0092090e00000000 1 09 00299815 6 0 0 0000000000000023
0000000000000023 011200020e000000 0 00 00000000 0 0 0 0000000000000024
0000000000000024 0215000002030000 0 00 00000000 0 0 0 0000000000000025
0000000000000025 8506000000000000 0 00 00000000 0 0 0 0000000000000026
0000000000000026 8506000000000000 0 00 00000000 0 0 0 0000000000000027
0000000000000027 00620f0908000000 1 0f 00299815 0 0 0 0000000000000028
0000000000000028 0082040110000000 1 04 00000000 0 0 0 0000000000000029
0000000000000029 00131e0000000200 1 1e 00000002 0 0 0 000000000000002a
000000000000002a 0023151500000100 1 15 00000001 0 0 0 000000000000002b
000000000000002b 00731e1e00000100 1 1e 00000001 0 0 0 000000000000002c
000000000000002c 0102001e1d000000 0 00 00000000 4 0 0 000000000000002d
000000000000002d 0215fffffc040000 0 00 00000000 4 0 1 000000000000002a
000000000000002a 0023151500000100 1 15 00000002 4 0 0 000000000000002b
000000000000002b 00731e1e00000100 1 1e 00000000 4 0 0 000000000000002c
000000000000002c 0102001e1d000000 0 00 00000000 5 1 0 000000000000002d
000000000000002d 0215fffffc040000 0 00 00000000 5 1 0 000000000000002e
000000000000002e 7cf5000000000000 0 00 00000000 5 1 0 000000000000002f
DONE retired=48 fault=00 pc=000000000000002e
