0000000000000000 00131d0000000000 1 1d 00000000 0 0 0 0000000000000001
0000000000000001 0072130e09000000 1 13 00000000 0 0 0 0000000000000002
0000000000000002 0306000000000600 1 06 00000000 0 0 0 0000000000000003
0000000000000003 8506000000000000 0 00 00000000 0 0 0 0000000000000004
0000000000000004 0306000000000d00 1 0d 00000000 0 0 0 0000000000000005
0000000000000005 0102000601000000 0 00 00000000 5 1 0 0000000000000006
0000000000000006 0215000001010000 0 00 00000000 5 1 1 0000000000000008
0000000000000008 0122000f04000000 0 00 00000000 5 0 0 0000000000000009
0000000000000009 02150000020e0000 0 00 00000000 5 0 1 000000000000000c
000000000000000c 00130700aff1ea00 1 07 ffaff1ea 5 0 0 000000000000000d
000000000000000d 00130e0016652000 1 0e 00166520 5 0 0 000000000000000e
000000000000000e 00a207090e000000 1 07 00000000 5 0 0 000000000000000f
000000000000000f 00920d1400000000 1 0d ffffffff 5 0 0 0000000000000010
0000000000000010 00b3131100001b00 1 13 00000000 5 0 0 0000000000000011
0000000000000011 00220b0401000000 1 0b 00000000 5 0 0 0000000000000012
0000000000000012 0013120017f78700 1 12 0017f787 5 0 0 0000000000000013
0000000000000013 8506000000000000 0 00 00000000 5 0 0 0000000000000014
0000000000000014 0306000000000600 1 06 00000000 5 0 0 0000000000000015
0000000000000015 00130a0000000000 1 0a 00000000 5 0 0 0000000000000016
0000000000000016 00231206aaaaaa00 1 12 ffaaaaaa 5 0 0 0000000000000017
0000000000000017 012200140b000000 0 00 00000000 5 0 0 0000000000000018
0000000000000018 0215000003010000 0 00 00000000 5 0 0 0000000000000019
0000000000000019 8506000000000000 0 00 00000000 5 0 0 000000000000001a
000000000000001a 8506000000000000 0 00 00000000 5 0 0 000000000000001b
000000000000001b 8506000000000000 0 00 00000000 5 0 0 000000000000001c
000000000000001c 0306000000001400 1 14 00000000 5 0 0 000000000000001d
000000000000001d 0023080acfade300 1 08 ffcfade3 5 0 0 000000000000001e
000000000000001e 0042091311000000 1 09 00000000 5 0 0 000000000000001f
000000000000001f 00320b0a08000000 1 0b 00000000 5 0 0 0000000000000020
0000000000000020 8506000000000000 0 00 00000000 5 0 0 0000000000000021
0000000000000021 8506000000000000 0 00 00000000 5 0 0 0000000000000022
0000000000000022 012200050c000000 0 00 00000000 5 0 0 0000000000000023
0000000000000023 0215000002030000 0 00 00000000 5 0 1 0000000000000026
0000000000000026 8506000000000000 0 00 00000000 5 0 0 0000000000000027
0000000000000027 0073110804674300 1 11 ffcb46a0 5 0 0 0000000000000028
0000000000000028 00b2140209000000 1 14 00000000 5 0 0 0000000000000029
0000000000000029 0102000511000000 0 00 00000000 0 0 0 000000000000002a
000000000000002a 02150000010d0000 0 00 00000000 0 0 1 000000000000002c
000000000000002c 012200040a000000 0 00 00000000 5 0 0 000000000000002d
000000000000002d 02150000020e0000 0 00 00000000 5 0 1 0000000000000030
0000000000000030 00730b1155555500 1 0b ff75f14b 5 0 0 0000000000000031
0000000000000031 00130600b19e6000 1 06 ffb19e60 5 0 0 0000000000000032
0000000000000032 012200080a000000 0 00 00000000 6 0 0 0000000000000033
0000000000000033 02150000010d0000 0 00 00000000 6 0 0 0000000000000034
0000000000000034 8506000000000000 0 00 00000000 6 0 0 0000000000000035
0000000000000035 0072110707000000 1 11 00000000 6 0 0 0000000000000036
0000000000000036 00720a050a000000 1 0a 00000000 6 0 0 0000000000000037
0000000000000037 0112000112000000 0 00 00000000 0 0 0 0000000000000038
0000000000000038 0215000003020000 0 00 00000000 0 0 1 000000000000003c
000000000000003c 0122001406000000 0 00 00000000 0 1 0 000000000000003d
000000000000003d 02150000030d0000 0 00 00000000 0 1 1 0000000000000041
0000000000000041 00131e0000000400 1 1e 00000004 0 1 0 0000000000000042
0000000000000042 0023151500000100 1 15 00000001 0 1 0 0000000000000043
0000000000000043 00731e1e00000100 1 1e 00000003 0 1 0 0000000000000044
0000000000000044 0102001e1d000000 0 00 00000000 4 0 0 0000000000000045
0000000000000045 0215fffffc040000 0 00 00000000 4 0 1 0000000000000042
0000000000000042 0023151500000100 1 15 00000002 4 0 0 0000000000000043
0000000000000043 00731e1e00000100 1 1e 00000002 4 0 0 0000000000000044
0000000000000044 0102001e1d000000 0 00 00000000 4 0 0 0000000000000045
0000000000000045 0215fffffc040000 0 00 00000000 4 0 1 0000000000000042
0000000000000042 0023151500000100 1 15 00000003 4 0 0 0000000000000043
0000000000000043 00731e1e00000100 1 1e 00000001 4 0 0 0000000000000044
0000000000000044 0102001e1d000000 0 00 00000000 4 0 0 0000000000000045
0000000000000045 0215fffffc040000 0 00 00000000 4 0 1 0000000000000042
0000000000000042 0023151500000100 1 15 00000004 4 0 0 0000000000000043
0000000000000043 00731e1e00000100 1 1e 00000000 4 0 0 0000000000000044
0000000000000044 0102001e1d000000 0 00 00000000 5 1 0 0000000000000045
0000000000000045 0215fffffc040000 0 00 00000000 5 1 0 0000000000000046
0000000000000046 7cf5000000000000 0 00 00000000 5 1 0 0000000000000047
DONE retired=69 fault=00 pc=0000000000000046
