0000000000000000 00131d0000000000 1 1d 00000000 0 0 0 0000000000000001
0000000000000001 0112000312000000 0 00 00000000 5 0 0 0000000000000002
0000000000000002 02150000010c0000 0 00 00000000 5 0 1 0000000000000004
0000000000000004 00131100e1ff2600 1 11 ffe1ff26 5 0 0 0000000000000005
0000000000000005 00130d0000000100 1 0d 00000001 5 0 0 0000000000000006
0000000000000006 8506000000000000 0 00 00000000 5 0 0 0000000000000007
0000000000000007 0022090610000000 1 09 00000000 5 0 0 0000000000000008
0000000000000008 0062100c14000000 1 10 00000000 5 0 0 0000000000000009
0000000000000009 0306000000000a00 1 0a 00000000 5 0 0 000000000000000a
000000000000000a 001301005cb52800 1 01 005cb528 5 0 0 000000000000000b
000000000000000b 00130800a1bdcd00 1 08 ffa1bdcd 5 0 0 000000000000000c
000000000000000c 8506000000000000 0 00 00000000 5 0 0 000000000000000d
000000000000000d 0092090500000000 1 09 ffffffff 5 0 0 000000000000000e
000000000000000e 00820d0803000000 1 0d ffa1bdcd 5 0 0 000000000000000f
000000000000000f 00130200a9fa0f00 1 02 ffa9fa0f 5 0 0 0000000000000010
0000000000000010 00320f0514000000 1 0f 00000000 5 0 0 0000000000000011
0000000000000011 00131000b7a99500 1 10 ffb7a995 5 0 0 0000000000000012
0000000000000012 00130500630ce700 1 05 00630ce7 5 0 0 0000000000000013
0000000000000013 00131e0000000200 1 1e 00000002 5 0 0 0000000000000014
0000000000000014 0023151500000100 1 15 00000001 5 0 0 0000000000000015
0000000000000015 00731e1e00000100 1 1e 00000001 5 0 0 0000000000000016
0000000000000016 0102001e1d000000 0 00 00000000 4 0 0 0000000000000017
0000000000000017 0215fffffc040000 0 00 00000000 4 0 1 0000000000000014
0000000000000014 0023151500000100 1 15 00000002 4 0 0 0000000000000015
0000000000000015 00731e1e00000100 1 1e 00000000 4 0 0 0000000000000016
0000000000000016 0102001e1d000000 0 00 00000000 5 1 0 0000000000000017
0000000000000017 0215fffffc040000 0 00 00000000 5 1 0 0000000000000018
0000000000000018 7cf5000000000000 0 00 00000000 5 1 0 0000000000000019
DONE retired=28 fault=00 pc=0000000000000018
