0000000000000000 00131d0000000000 1 1d 00000000 0 0 0 0000000000000001
0000000000000001 0092110800000000 1 11 ffffffff 0 0 0 0000000000000002
0000000000000002 011200030f000000 0 00 00000000 5 0 0 0000000000000003
0000000000000003 02150000030e0000 0 00 00000000 5 0 1 0000000000000007
0000000000000007 8506000000000000 0 00 00000000 5 0 0 0000000000000008
0000000000000008 00420b0c09000000 1 0b 00000000 5 0 0 0000000000000009
0000000000000009 8506000000000000 0 00 00000000 5 0 0 000000000000000a
000000000000000a 00b2090601000000 1 09 00000000 5 0 0 000000000000000b
000000000000000b 0013140000000100 1 14 00000001 5 0 0 000000000000000c
000000000000000c 8506000000000000 0 00 00000000 5 0 0 000000000000000d
000000000000000d 8506000000000000 0 00 00000000 5 0 0 000000000000000e
000000000000000e 8506000000000000 0 00 00000000 5 0 0 000000000000000f
000000000000000f 0122000604000000 0 00 00000000 5 0 0 0000000000000010
0000000000000010 02150000030e0000 0 00 00000000 5 0 1 0000000000000014
0000000000000014 0102000f14000000 0 00 00000000 2 0 0 0000000000000015
0000000000000015 02150000020e0000 0 00 00000000 2 0 0 0000000000000016
0000000000000016 8506000000000000 0 00 00000000 2 0 0 0000000000000017
0000000000000017 8506000000000000 0 00 00000000 2 0 0 0000000000000018
0000000000000018 00131e0000000300 1 1e 00000003 2 0 0 0000000000000019
0000000000000019 0023151500000100 1 15 00000001 2 0 0 000000000000001a
000000000000001a 00731e1e00000100 1 1e 00000002 2 0 0 000000000000001b
000000000000001b 0102001e1d000000 0 00 00000000 4 0 0 000000000000001c
000000000000001c 0215fffffc040000 0 00 00000000 4 0 1 0000000000000019
0000000000000019 0023151500000100 1 15 00000002 4 0 0 000000000000001a
000000000000001a 00731e1e00000100 1 1e 00000001 4 0 0 000000000000001b
000000000000001b 0102001e1d000000 0 00 00000000 4 0 0 000000000000001c
000000000000001c 0215fffffc040000 0 00 00000000 4 0 1 0000000000000019
0000000000000019 0023151500000100 1 15 00000003 4 0 0 000000000000001a
000000000000001a 00731e1e00000100 1 1e 00000000 4 0 0 000000000000001b
000000000000001b 0102001e1d000000 0 00 00000000 5 1 0 000000000000001c
000000000000001c 0215fffffc040000 0 00 00000000 5 1 0 000000000000001d
000000000000001d 7cf5000000000000 0 00 00000000 5 1 0 000000000000001e
DONE retired=32 fault=00 pc=000000000000001d
