0000000000000000 0013140000004d00 1 14 0000004d 0 0 0 0000000000000001 c4c307f9 f c4c307f9 0 00 c4c307f9
0000000000000001 104006040300f000 0 00 00000000 0 0 0 0000000000000002 c4c307f9 f c4c307f9 1 06 c4c307f9
0000000000000002 10610404001ff000 0 00 00000000 0 0 0 0000000000000003 c4c307f9 f c4c307f9 1 04 c4c307f9
0000000000000003 343003000000f000 0 00 00000000 0 0 0 0000000000000004 c4c307f9 f c4c307f9 1 03 c4c307f9
0000000000000004 100105047ffff000 0 00 00000000 0 0 0 0000000000000005 c4c307f9 f c4c307f9 1 05 c4c307f9
0000000000000005 00131600aaaaaa00 1 16 ffaaaaaa 0 0 0 0000000000000006 c4c307f9 f c4c307f9 0 00 c4c307f9
0000000000000006 342002160000f000 0 00 00000000 0 0 0 0000000000000007 c4c307f9 f c4c307f9 1 02 c4c307f9
0000000000000007 10810202003ff000 0 00 00000000 0 0 0 0000000000000008 c4c307f9 f c4c307f9 1 02 c4c307f9
0000000000000008 102002050600f000 0 00 00000000 0 0 0 0000000000000009 c4c307f9 f c4c307f9 1 02 c4c307f9
0000000000000009 1040050304007000 0 00 00000000 0 0 0 000000000000000a c4c307f9 7 44c307f9 1 05 44c307f9
000000000000000a 0013150000000000 1 15 00000000 0 0 0 000000000000000b c4c307f9 f c4c307f9 0 00 c4c307f9
000000000000000b 342004150000f000 0 00 00000000 0 0 0 000000000000000c c4c307f9 f c4c307f9 1 04 c4c307f9
000000000000000c 102004020200f000 0 00 00000000 0 0 0 000000000000000d c4c307f9 f c4c307f9 1 04 c4c307f9
000000000000000d 343004000000f000 0 00 00000000 0 0 0 000000000000000e c4c307f9 f c4c307f9 1 04 c4c307f9
000000000000000e 1020050502003000 0 00 00000000 0 0 0 000000000000000f c4c307f9 3 44410551 1 05 44410551
000000000000000f 00131e0000000300 1 1e 00000003 0 0 0 0000000000000010 c4c307f9 f c4c307f9 0 00 c4c307f9
0000000000000010 0023171700000100 1 17 00000001 0 0 0 0000000000000011 c4c307f9 f c4c307f9 0 00 c4c307f9
0000000000000011 00731e1e00000100 1 1e 00000002 0 0 0 0000000000000012 c4c307f9 f c4c307f9 0 00 c4c307f9
0000000000000012 0013180000000000 1 18 00000000 0 0 0 0000000000000013 c4c307f9 f c4c307f9 0 00 c4c307f9
0000000000000013 0102001e18000000 0 00 00000000 4 0 0 0000000000000014 c4c307f9 f c4c307f9 0 00 c4c307f9
0000000000000014 0215fffffb040000 0 00 00000000 4 0 1 0000000000000010 c4c307f9 f c4c307f9 0 00 c4c307f9
0000000000000010 0023171700000100 1 17 00000002 4 0 0 0000000000000011 c4c307f9 f c4c307f9 0 00 c4c307f9
0000000000000011 00731e1e00000100 1 1e 00000001 4 0 0 0000000000000012 c4c307f9 f c4c307f9 0 00 c4c307f9
0000000000000012 0013180000000000 1 18 00000000 4 0 0 0000000000000013 c4c307f9 f c4c307f9 0 00 c4c307f9
0000000000000013 0102001e18000000 0 00 00000000 4 0 0 0000000000000014 c4c307f9 f c4c307f9 0 00 c4c307f9
0000000000000014 0215fffffb040000 0 00 00000000 4 0 1 0000000000000010 c4c307f9 f c4c307f9 0 00 c4c307f9
0000000000000010 0023171700000100 1 17 00000003 4 0 0 0000000000000011 c4c307f9 f c4c307f9 0 00 c4c307f9
0000000000000011 00731e1e00000100 1 1e 00000000 4 0 0 0000000000000012 c4c307f9 f c4c307f9 0 00 c4c307f9
0000000000000012 0013180000000000 1 18 00000000 4 0 0 0000000000000013 c4c307f9 f c4c307f9 0 00 c4c307f9
0000000000000013 0102001e18000000 0 00 00000000 5 1 0 0000000000000014 c4c307f9 f c4c307f9 0 00 c4c307f9
0000000000000014 0215fffffb040000 0 00 00000000 5 1 0 0000000000000015 c4c307f9 f c4c307f9 0 00 c4c307f9
0000000000000015 7cf5000000000000 0 00 00000000 5 1 0 0000000000000016 c4c307f9 f c4c307f9 0 00 c4c307f9
DONE retired=32 fault=00 pc=0000000000000015
