0000000000000000 00131d0000000000 1 1d 00000000 0 0 0 0000000000000001
0000000000000001 0013120055555500 1 12 00555555 0 0 0 0000000000000002
0000000000000002 00b3050400000e00 1 05 00000000 0 0 0 0000000000000003
0000000000000003 0072111211000000 1 11 00555555 0 0 0 0000000000000004
0000000000000004 0063010300000800 1 01 00000000 0 0 0 0000000000000005
0000000000000005 00b3060500001200 1 06 00000000 0 0 0 0000000000000006
0000000000000006 8506000000000000 0 00 00000000 0 0 0 0000000000000007
0000000000000007 003201130a000000 1 01 00000000 0 0 0 0000000000000008
0000000000000008 00130e00afb21c00 1 0e ffafb21c 0 0 0 0000000000000009
0000000000000009 8506000000000000 0 00 00000000 0 0 0 000000000000000a
000000000000000a 00730a13567a2c00 1 0a ffa985d4 0 0 0 000000000000000b
000000000000000b 00130500bba2aa00 1 05 ffbba2aa 0 0 0 000000000000000c
000000000000000c 0306000000000400 1 04 00000000 0 0 0 000000000000000d
000000000000000d 00b30b0100001900 1 0b 00000000 0 0 0 000000000000000e
000000000000000e 00a3140900000c00 1 14 00000000 0 0 0 000000000000000f
000000000000000f 0063081300000900 1 08 00000000 0 0 0 0000000000000010
0000000000000010 00131300ab5e1800 1 13 ffab5e18 0 0 0 0000000000000011
0000000000000011 8506000000000000 0 00 00000000 0 0 0 0000000000000012
0000000000000012 8506000000000000 0 00 00000000 0 0 0 0000000000000013
0000000000000013 0122000101000000 0 00 00000000 5 0 0 0000000000000014
0000000000000014 02150000020c0000 0 00 00000000 5 0 1 0000000000000017
0000000000000017 8506000000000000 0 00 00000000 5 0 0 0000000000000018
0000000000000018 8506000000000000 0 00 00000000 5 0 0 0000000000000019
0000000000000019 8506000000000000 0 00 00000000 5 0 0 000000000000001a
000000000000001a 0072031407000000 1 03 00000000 5 0 0 000000000000001b
000000000000001b 00230d1200000000 1 0d 00555555 5 0 0 000000000000001c
000000000000001c 0306000000000d00 1 0d 00000000 5 0 0 000000000000001d
000000000000001d 0122000b04000000 0 00 00000000 5 0 0 000000000000001e
000000000000001e 0215000001010000 0 00 00000000 5 0 0 000000000000001f
000000000000001f 8506000000000000 0 00 00000000 5 0 0 0000000000000020
0000000000000020 00131e0000000200 1 1e 00000002 5 0 0 0000000000000021
0000000000000021 0023151500000100 1 15 00000001 5 0 0 0000000000000022
0000000000000022 00731e1e00000100 1 1e 00000001 5 0 0 0000000000000023
0000000000000023 0102001e1d000000 0 00 00000000 4 0 0 0000000000000024
0000000000000024 0215fffffc040000 0 00 00000000 4 0 1 0000000000000021
0000000000000021 0023151500000100 1 15 00000002 4 0 0 0000000000000022
0000000000000022 00731e1e00000100 1 1e 00000000 4 0 0 0000000000000023
0000000000000023 0102001e1d000000 0 00 00000000 5 1 0 0000000000000024
0000000000000024 0215fffffc040000 0 00 00000000 5 1 0 0000000000000025
0000000000000025 7cf5000000000000 0 00 00000000 5 1 0 0000000000000026
DONE retired=40 fault=00 pc=0000000000000025
