0000000000000000 00131d0000000000 1 1d 00000000 0 0 0 0000000000000001
0000000000000001 0306000000001100 1 11 00000000 0 0 0 0000000000000002
0000000000000002 0306000000000800 1 08 00000000 0 0 0 0000000000000003
0000000000000003 00131000edcf4500 1 10 ffedcf45 0 0 0 0000000000000004
0000000000000004 0072070e09000000 1 07 00000000 0 0 0 0000000000000005
0000000000000005 8506000000000000 0 00 00000000 0 0 0 0000000000000006
0000000000000006 0013140055555500 1 14 00555555 0 0 0 0000000000000007
0000000000000007 0013070000000100 1 07 00000001 0 0 0 0000000000000008
0000000000000008 00a2070607000000 1 07 00000000 0 0 0 0000000000000009
0000000000000009 00720c0e06000000 1 0c 00000000 0 0 0 000000000000000a
000000000000000a 00820b0a14000000 1 0b 00555555 0 0 0 000000000000000b
000000000000000b 00130b005a3a2600 1 0b 005a3a26 0 0 0 000000000000000c
000000000000000c 00a30b0600000b00 1 0b 00000000 0 0 0 000000000000000d
000000000000000d 0013010055555500 1 01 00555555 0 0 0 000000000000000e
000000000000000e 00730d1300000100 1 0d ffffffff 0 0 0 000000000000000f
000000000000000f 0112000408000000 0 00 00000000 5 0 0 0000000000000010
0000000000000010 02150000030c0000 0 00 00000000 5 0 1 0000000000000014
0000000000000014 00231109eec61b00 1 11 ffeec61b 5 0 0 0000000000000015
0000000000000015 0306000000000a00 1 0a 00000000 5 0 0 0000000000000016
0000000000000016 8506000000000000 0 00 00000000 5 0 0 0000000000000017
0000000000000017 00a20c050b000000 1 0c 00000000 5 0 0 0000000000000018
0000000000000018 8506000000000000 0 00 00000000 5 0 0 0000000000000019
0000000000000019 0122000603000000 0 00 00000000 5 0 0 000000000000001a
000000000000001a 0215000003030000 0 00 00000000 5 0 1 000000000000001e
000000000000001e 0102000602000000 0 00 00000000 5 1 0 000000000000001f
000000000000001f 02150000010d0000 0 00 00000000 5 1 0 0000000000000020
0000000000000020 8506000000000000 0 00 00000000 5 1 0 0000000000000021
0000000000000021 00131e0000000200 1 1e 00000002 5 1 0 0000000000000022
0000000000000022 0023151500000100 1 15 00000001 5 1 0 0000000000000023
0000000000000023 00731e1e00000100 1 1e 00000001 5 1 0 0000000000000024
0000000000000024 0102001e1d000000 0 00 00000000 4 0 0 0000000000000025
0000000000000025 0215fffffc040000 0 00 00000000 4 0 1 0000000000000022
0000000000000022 0023151500000100 1 15 00000002 4 0 0 0000000000000023
0000000000000023 00731e1e00000100 1 1e 00000000 4 0 0 0000000000000024
0000000000000024 0102001e1d000000 0 00 00000000 5 1 0 0000000000000025
0000000000000025 0215fffffc040000 0 00 00000000 5 1 0 0000000000000026
0000000000000026 7cf5000000000000 0 00 00000000 5 1 0 0000000000000027
DONE retired=37 fault=00 pc=0000000000000026
