0000000000000000 00131d0000000000 1 1d 00000000 0 0 0 0000000000000001
0000000000000001 8506000000000000 0 00 00000000 0 0 0 0000000000000002
0000000000000002 00220a0806000000 1 0a 00000000 0 0 0 0000000000000003
0000000000000003 0092030500000000 1 03 ffffffff 0 0 0 0000000000000004
0000000000000004 0042130111000000 1 13 00000000 0 0 0 0000000000000005
0000000000000005 00520e050e000000 1 0e 00000000 0 0 0 0000000000000006
0000000000000006 00b213060c000000 1 13 00000000 0 0 0 0000000000000007
0000000000000007 0063121200001800 1 12 00000000 0 0 0 0000000000000008
0000000000000008 8506000000000000 0 00 00000000 0 0 0 0000000000000009
0000000000000009 0063070500000300 1 07 00000000 0 0 0 000000000000000a
000000000000000a 00730b0664697800 1 0b ff9b9688 0 0 0 000000000000000b
000000000000000b 0102000c06000000 0 00 00000000 5 1 0 000000000000000c
000000000000000c 02150000010b0000 0 00 00000000 5 1 0 000000000000000d
000000000000000d 8506000000000000 0 00 00000000 5 1 0 000000000000000e
000000000000000e 0306000000000700 1 07 00000000 5 1 0 000000000000000f
000000000000000f 0102000504000000 0 00 00000000 5 1 0 0000000000000010
0000000000000010 0215000002020000 0 00 00000000 5 1 0 0000000000000011
0000000000000011 8506000000000000 0 00 00000000 5 1 0 0000000000000012
0000000000000012 8506000000000000 0 00 00000000 5 1 0 0000000000000013
0000000000000013 00920b0a00000000 1 0b ffffffff 5 1 0 0000000000000014
0000000000000014 0092040400000000 1 04 ffffffff 5 1 0 0000000000000015
0000000000000015 00220e0f0b000000 1 0e ffffffff 5 1 0 0000000000000016
0000000000000016 8506000000000000 0 00 00000000 5 1 0 0000000000000017
0000000000000017 0092060800000000 1 06 ffffffff 5 1 0 0000000000000018
0000000000000018 00130700cc66a400 1 07 ffcc66a4 5 1 0 0000000000000019
0000000000000019 0092130e00000000 1 13 00000000 5 1 0 000000000000001a
000000000000001a 00131e0000000100 1 1e 00000001 5 1 0 000000000000001b
000000000000001b 0023151500000100 1 15 00000001 5 1 0 000000000000001c
000000000000001c 00731e1e00000100 1 1e 00000000 5 1 0 000000000000001d
000000000000001d 0102001e1d000000 0 00 00000000 5 1 0 000000000000001e
000000000000001e 0215fffffc040000 0 00 00000000 5 1 0 000000000000001f
000000000000001f 7cf5000000000000 0 00 00000000 5 1 0 0000000000000020
DONE retired=32 fault=00 pc=000000000000001f
