0000000000000000 0013140000004d00 1 14 0000004d 0 0 0 0000000000000001 5e328279 f 5e328279 0 00 5e328279
0000000000000001 103006060600f000 0 00 00000000 0 0 0 0000000000000002 5e328279 f 5e328279 1 06 5e328279
0000000000000002 103002020200c000 0 00 00000000 0 0 0 0000000000000003 5e328279 c 5e328279 1 02 5e328279
0000000000000003 104006060400f000 0 00 00000000 0 0 0 0000000000000004 5e328279 f 5e328279 1 06 5e328279
0000000000000004 105002060200f000 0 00 00000000 0 0 0 0000000000000005 5e328279 f 5e328279 1 02 5e328279
0000000000000005 103005030300f000 0 00 00000000 0 0 0 0000000000000006 5e328279 f 5e328279 1 05 5e328279
0000000000000006 340005060000f000 0 00 00000000 0 0 0 0000000000000007 5e328279 f 5e328279 1 05 5e328279
0000000000000007 106102030000f000 0 00 00000000 0 0 0 0000000000000008 5e328279 f 5e328279 1 02 5e328279
0000000000000008 104104020fb0f000 0 00 00000000 0 0 0 0000000000000009 5e328279 f 5e328279 1 04 5e328279
0000000000000009 101006020400f000 0 00 00000000 0 0 0 000000000000000a 5e328279 f 5e328279 1 06 5e328279
000000000000000a 00131e0000000200 1 1e 00000002 0 0 0 000000000000000b 5e328279 f 5e328279 0 00 5e328279
000000000000000b 0023171700000100 1 17 00000001 0 0 0 000000000000000c 5e328279 f 5e328279 0 00 5e328279
000000000000000c 00731e1e00000100 1 1e 00000001 0 0 0 000000000000000d 5e328279 f 5e328279 0 00 5e328279
000000000000000d 0013180000000000 1 18 00000000 0 0 0 000000000000000e 5e328279 f 5e328279 0 00 5e328279
000000000000000e 0102001e18000000 0 00 00000000 4 0 0 000000000000000f 5e328279 f 5e328279 0 00 5e328279
000000000000000f 0215fffffb040000 0 00 00000000 4 0 1 000000000000000b 5e328279 f 5e328279 0 00 5e328279
000000000000000b 0023171700000100 1 17 00000002 4 0 0 000000000000000c 5e328279 f 5e328279 0 00 5e328279
000000000000000c 00731e1e00000100 1 1e 00000000 4 0 0 000000000000000d 5e328279 f 5e328279 0 00 5e328279
000000000000000d 0013180000000000 1 18 00000000 4 0 0 000000000000000e 5e328279 f 5e328279 0 00 5e328279
000000000000000e 0102001e18000000 0 00 00000000 5 1 0 000000000000000f 5e328279 f 5e328279 0 00 5e328279
000000000000000f 0215fffffb040000 0 00 00000000 5 1 0 0000000000000010 5e328279 f 5e328279 0 00 5e328279
0000000000000010 7cf5000000000000 0 00 00000000 5 1 0 0000000000000011 5e328279 f 5e328279 0 00 5e328279
DONE retired=22 fault=00 pc=0000000000000010
