0000000000000000 0013140000004d00 1 14 0000004d 0 0 0 0000000000000001 ff000000 f ff000000 0 00 ff000000
0000000000000001 103002030500f000 0 00 00000000 0 0 0 0000000000000002 ff000000 f ff000000 1 02 ff000000
0000000000000002 0013160055555500 1 16 00555555 0 0 0 0000000000000003 ff000000 f ff000000 0 00 ff000000
0000000000000003 342006160000f000 0 00 00000000 0 0 0 0000000000000004 ff000000 f ff000000 1 06 ff000000
0000000000000004 108102060020f000 0 00 00000000 0 0 0 0000000000000005 ff000000 f ff000000 1 02 ff000000
0000000000000005 10710203003ff000 0 00 00000000 0 0 0 0000000000000006 ff000000 f ff000000 1 02 ff000000
0000000000000006 10310402fffff000 0 00 00000000 0 0 0 0000000000000007 ff000000 f ff000000 1 04 ff000000
0000000000000007 00131600aaaaaa00 1 16 ffaaaaaa 0 0 0 0000000000000008 ff000000 f ff000000 0 00 ff000000
0000000000000008 342003160000f000 0 00 00000000 0 0 0 0000000000000009 ff000000 f ff000000 1 03 ff000000
0000000000000009 108103030001f000 0 00 00000000 0 0 0 000000000000000a ff000000 f ff000000 1 03 ff000000
000000000000000a 105102030001f000 0 00 00000000 0 0 0 000000000000000b ff000000 f ff000000 1 02 ff000000
000000000000000b 0013150055555500 1 15 00555555 0 0 0 000000000000000c ff000000 f ff000000 0 00 ff000000
000000000000000c 342004150000f000 0 00 00000000 0 0 0 000000000000000d ff000000 f ff000000 1 04 ff000000
000000000000000d 107106040001f000 0 00 00000000 0 0 0 000000000000000e ff000000 f ff000000 1 06 ff000000
000000000000000e 105003030400f000 0 00 00000000 0 0 0 000000000000000f ff000000 f ff000000 1 03 ff000000
000000000000000f 34110200e0b8f000 0 00 00000000 0 0 0 0000000000000010 ff000000 f ff000000 1 02 ff000000
0000000000000010 10610204000ff000 0 00 00000000 0 0 0 0000000000000011 ff000000 f ff000000 1 02 ff000000
0000000000000011 107106060021f000 0 00 00000000 0 0 0 0000000000000012 ff000000 f ff000000 1 06 ff000000
0000000000000012 100106058000f000 0 00 00000000 0 0 0 0000000000000013 ff000000 f ff000000 1 06 ff000000
0000000000000013 341106008000f000 0 00 00000000 0 0 0 0000000000000014 ff000000 f ff000000 1 06 ff000000
0000000000000014 343006000000b000 0 00 00000000 0 0 0 0000000000000015 ff000000 b 35000000 1 06 35000000
0000000000000015 105104027ffff000 0 00 00000000 0 0 0 0000000000000016 ff000000 f ff000000 1 04 ff000000
0000000000000016 340004030000f000 0 00 00000000 0 0 0 0000000000000017 ff000000 f ff000000 1 04 ff000000
0000000000000017 340002030000f000 0 00 00000000 0 0 0 0000000000000018 ff000000 f ff000000 1 02 ff000000
0000000000000018 1011050620a4f000 0 00 00000000 0 0 0 0000000000000019 ff000000 f ff000000 1 05 ff000000
0000000000000019 00131e0000000300 1 1e 00000003 0 0 0 000000000000001a ff000000 f ff000000 0 00 ff000000
000000000000001a 0023171700000100 1 17 00000001 0 0 0 000000000000001b ff000000 f ff000000 0 00 ff000000
000000000000001b 00731e1e00000100 1 1e 00000002 0 0 0 000000000000001c ff000000 f ff000000 0 00 ff000000
000000000000001c 0013180000000000 1 18 00000000 0 0 0 000000000000001d ff000000 f ff000000 0 00 ff000000
000000000000001d 0102001e18000000 0 00 00000000 4 0 0 000000000000001e ff000000 f ff000000 0 00 ff000000
000000000000001e 0215fffffb040000 0 00 00000000 4 0 1 000000000000001a ff000000 f ff000000 0 00 ff000000
000000000000001a 0023171700000100 1 17 00000002 4 0 0 000000000000001b ff000000 f ff000000 0 00 ff000000
000000000000001b 00731e1e00000100 1 1e 00000001 4 0 0 000000000000001c ff000000 f ff000000 0 00 ff000000
000000000000001c 0013180000000000 1 18 00000000 4 0 0 000000000000001d ff000000 f ff000000 0 00 ff000000
000000000000001d 0102001e18000000 0 00 00000000 4 0 0 000000000000001e ff000000 f ff000000 0 00 ff000000
000000000000001e 0215fffffb040000 0 00 00000000 4 0 1 000000000000001a ff000000 f ff000000 0 00 ff000000
000000000000001a 0023171700000100 1 17 00000003 4 0 0 000000000000001b ff000000 f ff000000 0 00 ff000000
000000000000001b 00731e1e00000100 1 1e 00000000 4 0 0 000000000000001c ff000000 f ff000000 0 00 ff000000
000000000000001c 0013180000000000 1 18 00000000 4 0 0 000000000000001d ff000000 f ff000000 0 00 ff000000
000000000000001d 0102001e18000000 0 00 00000000 5 1 0 000000000000001e ff000000 f ff000000 0 00 ff000000
000000000000001e 0215fffffb040000 0 00 00000000 5 1 0 000000000000001f ff000000 f ff000000 0 00 ff000000
000000000000001f 7cf5000000000000 0 00 00000000 5 1 0 0000000000000020 ff000000 f ff000000 0 00 ff000000
DONE retired=42 fault=00 pc=000000000000001f
