0000000000000000 0013140000004d00 1 14 0000004d 0 0 0 0000000000000001 00020000 f 00020000 0 00 00020000
0000000000000001 00131600ffffff00 1 16 ffffffff 0 0 0 0000000000000002 00020000 f 00020000 0 00 00020000
0000000000000002 342003160000f000 0 00 00000000 0 0 0 0000000000000003 00020000 f 00020000 1 03 00020000
0000000000000003 108102030010f000 0 00 00000000 0 0 0 0000000000000004 00020000 f 00020000 1 02 00020000
0000000000000004 0013160055555500 1 16 00555555 0 0 0 0000000000000005 00020000 f 00020000 0 00 00020000
0000000000000005 342006160000f000 0 00 00000000 0 0 0 0000000000000006 00020000 f 00020000 1 06 00020000
0000000000000006 10810406003ff000 0 00 00000000 0 0 0 0000000000000007 00020000 f 00020000 1 04 00020000
0000000000000007 101003030600f000 0 00 00000000 0 0 0 0000000000000008 00020000 f 00020000 1 03 00020000
0000000000000008 106104060000f000 0 00 00000000 0 0 0 0000000000000009 00020000 f 00020000 1 04 00020000
0000000000000009 101005020300f000 0 00 00000000 0 0 0 000000000000000a 00020000 f 00020000 1 05 00020000
000000000000000a 10510203fffff000 0 00 00000000 0 0 0 000000000000000b 00020000 f 00020000 1 02 00020000
000000000000000b 107105050010f000 0 00 00000000 0 0 0 000000000000000c 00020000 f 00020000 1 05 00020000
000000000000000c 343002000000f000 0 00 00000000 0 0 0 000000000000000d 00020000 f 00020000 1 02 00020000
000000000000000d 100004040400f000 0 00 00000000 0 0 0 000000000000000e 00020000 f 00020000 1 04 00020000
000000000000000e 0013160000000000 1 16 00000000 0 0 0 000000000000000f 00020000 f 00020000 0 00 00020000
000000000000000f 342005160000f000 0 00 00000000 0 0 0 0000000000000010 00020000 f 00020000 1 05 00020000
0000000000000010 108104050010f000 0 00 00000000 0 0 0 0000000000000011 00020000 f 00020000 1 04 00020000
0000000000000011 343002000000f000 0 00 00000000 0 0 0 0000000000000012 00020000 f 00020000 1 02 00020000
0000000000000012 107106050001f000 0 00 00000000 0 0 0 0000000000000013 00020000 f 00020000 1 06 00020000
0000000000000013 106106050010f000 0 00 00000000 0 0 0 0000000000000014 00020000 f 00020000 1 06 00020000
0000000000000014 101102068000f000 0 00 00000000 0 0 0 0000000000000015 00020000 f 00020000 1 02 00020000
0000000000000015 107104040010f000 0 00 00000000 0 0 0 0000000000000016 00020000 f 00020000 1 04 00020000
0000000000000016 10610403001ff000 0 00 00000000 0 0 0 0000000000000017 00020000 f 00020000 1 04 00020000
0000000000000017 3400020400008000 0 00 00000000 0 0 0 0000000000000018 00020000 8 00000000 1 02 00000000
0000000000000018 100005060200f000 0 00 00000000 0 0 0 0000000000000019 00020000 f 00020000 1 05 00020000
0000000000000019 105003040400f000 0 00 00000000 0 0 0 000000000000001a 00020000 f 00020000 1 03 00020000
000000000000001a 107102030020f000 0 00 00000000 0 0 0 000000000000001b 00020000 f 00020000 1 02 00020000
000000000000001b 0013160055555500 1 16 00555555 0 0 0 000000000000001c 00020000 f 00020000 0 00 00020000
000000000000001c 342005160000f000 0 00 00000000 0 0 0 000000000000001d 00020000 f 00020000 1 05 00020000
000000000000001d 108106050019f000 0 00 00000000 0 0 0 000000000000001e 00020000 f 00020000 1 06 00020000
000000000000001e 107105050020f000 0 00 00000000 0 0 0 000000000000001f 00020000 f 00020000 1 05 00020000
000000000000001f 1010040204001000 0 00 00000000 0 0 0 0000000000000020 00020000 1 00000000 1 04 00000000
0000000000000020 343004000000f000 0 00 00000000 0 0 0 0000000000000021 00020000 f 00020000 1 04 00020000
0000000000000021 10010504fffff000 0 00 00000000 0 0 0 0000000000000022 00020000 f 00020000 1 05 00020000
0000000000000022 00131e0000000200 1 1e 00000002 0 0 0 0000000000000023 00020000 f 00020000 0 00 00020000
0000000000000023 0023171700000100 1 17 00000001 0 0 0 0000000000000024 00020000 f 00020000 0 00 00020000
0000000000000024 00731e1e00000100 1 1e 00000001 0 0 0 0000000000000025 00020000 f 00020000 0 00 00020000
0000000000000025 0013180000000000 1 18 00000000 0 0 0 0000000000000026 00020000 f 00020000 0 00 00020000
0000000000000026 0102001e18000000 0 00 00000000 4 0 0 0000000000000027 00020000 f 00020000 0 00 00020000
0000000000000027 0215fffffb040000 0 00 00000000 4 0 1 0000000000000023 00020000 f 00020000 0 00 00020000
0000000000000023 0023171700000100 1 17 00000002 4 0 0 0000000000000024 00020000 f 00020000 0 00 00020000
0000000000000024 00731e1e00000100 1 1e 00000000 4 0 0 0000000000000025 00020000 f 00020000 0 00 00020000
0000000000000025 0013180000000000 1 18 00000000 4 0 0 0000000000000026 00020000 f 00020000 0 00 00020000
0000000000000026 0102001e18000000 0 00 00000000 5 1 0 0000000000000027 00020000 f 00020000 0 00 00020000
0000000000000027 0215fffffb040000 0 00 00000000 5 1 0 0000000000000028 00020000 f 00020000 0 00 00020000
0000000000000028 7cf5000000000000 0 00 00000000 5 1 0 0000000000000029 00020000 f 00020000 0 00 00020000
DONE retired=46 fault=00 pc=0000000000000028
