0000000000000000 343001000000f000 0 00 00000000 0 0 0 0 0 0 0000000000000001 ffffffff f ffffffff 1 01
0000000000000001 341107000001f000 0 00 00000000 0 0 0 0 0 0 0000000000000002 ffffffff f ffffffff 1 07
0000000000000002 34110c000003f000 0 00 00000000 0 0 0 0 0 0 0000000000000003 ffffffff f ffffffff 1 0c
0000000000000003 34110d000000f000 0 00 00000000 0 0 0 0 0 0 0000000000000004 ffffffff f ffffffff 1 0d
0000000000000004 10300c010d00f000 0 00 00000000 0 0 0 0 0 0 0000000000000005 ffffffff f ffffffff 1 0c
0000000000000005 10000c0c0700f000 0 00 00000000 0 0 0 0 0 0 0000000000000006 ffffffff f ffffffff 1 0c
0000000000000006 34110a000000f000 0 00 00000000 0 0 0 0 0 0 0000000000000007 ffffffff f ffffffff 1 0a
0000000000000007 7c85000008000000 0 00 00000000 0 0 0 0 0 0 0000000000000008 ffffffff f ffffffff 0 00
0000000000000008 3059e0a0c0000000 0 00 00000000 0 0 0 0 0 0 0000000000000009 ffffffff f ffffffff 0 00
0000000000000009 3029d0a0c0000000 0 00 00000000 0 0 0 0 0 0 000000000000000a ffffffff f ffffffff 0 00
000000000000000a 302940b070000000 0 00 00000000 0 0 0 0 0 0 000000000000000b ffffffff f ffffffff 0 00
000000000000000b 7c15000000400001 0 00 00000000 0 0 0 0 0 0 000000000000000c ffffffff f ffffffff 0 00
000000000000000c 110003010500f000 0 00 00000000 0 0 0 0 0 0 000000000000000d ffffffff f ffffffff 1 03
000000000000000d 7c25000000000000 0 00 00000000 0 0 0 0 0 0 000000000000000e ffffffff f ffffffff 0 00
000000000000000e 7cb5000000e00000 0 00 00000000 0 0 0 0 0 0 000000000000000f ffffffff f ffffffff 0 00
000000000000000f 10000a0a0700f000 0 00 00000000 0 0 0 0 0 0 0000000000000010 ffffffff f ffffffff 1 0a
0000000000000010 7c95fffff7d00000 0 00 00000000 0 0 0 0 0 0 0000000000000008 ffffffff f ffffffff 0 00
0000000000000008 3059e0a0c0000000 0 00 00000000 0 0 0 0 0 0 0000000000000009 ffffffff f ffffffff 0 00
0000000000000009 3029d0a0c0000000 0 00 00000000 0 0 0 0 0 0 000000000000000a ffffffff f ffffffff 0 00
000000000000000a 302940b070000000 0 00 00000000 0 0 0 0 0 0 000000000000000b ffffffff f ffffffff 0 00
000000000000000b 7c15000000400001 0 00 00000000 0 0 0 0 0 0 000000000000000c ffffffff f ffffffff 0 00
000000000000000c 110003010500f000 0 00 00000000 0 0 0 0 0 0 000000000000000d ffffffff f ffffffff 1 03
000000000000000d 7c25000000000000 0 00 00000000 0 0 0 0 0 0 000000000000000e ffffffff f ffffffff 0 00
0000000000000010 7cb5000000e00000 0 00 00000000 0 0 0 0 0 0 000000000000000f 00000000 f 00000000 0 00
0000000000000010 7c95fffff7d00000 0 00 00000000 0 0 0 0 0 0 0000000000000011 ffffffff f ffffffff 0 00
0000000000000011 3019e03070000000 0 00 00000000 0 0 0 0 0 0 0000000000000012 ffffffff f ffffffff 0 00
0000000000000012 7c1500000ee00053 0 00 00000000 0 0 0 0 0 0 0000000000000013 ffffffff f ffffffff 0 00
0000000000000013 301940b0c0000000 0 00 00000000 0 0 0 0 0 0 0000000000000014 ffffffff f ffffffff 0 00
0000000000000014 7c15000002400004 0 00 00000000 0 0 0 0 0 0 0000000000000015 ffffffff f ffffffff 0 00
0000000000000015 10500c040c00f000 0 00 00000000 0 0 0 0 0 0 0000000000000016 ffffffff f ffffffff 1 0c
0000000000000016 0205000002000000 0 00 00000000 0 0 0 0 0 1 0000000000000019 ffffffff f ffffffff 0 00
0000000000000019 7c25000000000000 0 00 00000000 0 0 0 0 0 0 000000000000001a ffffffff f ffffffff 0 00
000000000000001a 305950b0c0000000 0 00 00000000 0 0 0 0 0 0 000000000000001b ffffffff f ffffffff 0 00
000000000000001b 7c15000002500003 0 00 00000000 0 0 0 0 0 0 000000000000001e ffffffff f ffffffff 0 00
000000000000001e 0023060600000300 1 06 00000003 0 0 0 0 0 0 000000000000001f ffffffff f ffffffff 0 00
000000000000001f 7c25000000000000 0 00 00000000 0 0 0 0 0 0 0000000000000020 ffffffff f ffffffff 0 00
0000000000000020 0205000045000000 0 00 00000000 0 0 0 0 0 1 0000000000000066 ffffffff f ffffffff 0 00
0000000000000066 7c25000000000000 0 00 00000000 0 0 0 0 0 0 0000000000000067 ffffffff f ffffffff 0 00
0000000000000067 100004030700f000 0 00 00000000 0 0 0 0 0 0 0000000000000068 ffffffff f ffffffff 1 04
0000000000000068 7cf5000000000000 0 00 00000000 0 0 0 0 0 0 0000000000000069 ffffffff f ffffffff 0 00
