0000000000000000 0013140000004d00 1 14 0000004d 0 0 0 0000000000000001 10000000 f 10000000 0 00 10000000
0000000000000001 340003060000f000 0 00 00000000 0 0 0 0000000000000002 10000000 f 10000000 1 03 10000000
0000000000000002 100006020500f000 0 00 00000000 0 0 0 0000000000000003 10000000 f 10000000 1 06 10000000
0000000000000003 00131500ffffff00 1 15 ffffffff 0 0 0 0000000000000004 10000000 f 10000000 0 00 10000000
0000000000000004 342003150000f000 0 00 00000000 0 0 0 0000000000000005 10000000 f 10000000 1 03 10000000
0000000000000005 343002000000f000 0 00 00000000 0 0 0 0000000000000006 10000000 f 10000000 1 02 10000000
0000000000000006 34110500b09f2000 0 00 00000000 0 0 0 0000000000000007 10000000 2 00000000 1 05 00000000
0000000000000007 3400050300005000 0 00 00000000 0 0 0 0000000000000008 10000000 5 00000000 1 05 00000000
0000000000000008 00131500ffffff00 1 15 ffffffff 0 0 0 0000000000000009 10000000 f 10000000 0 00 10000000
0000000000000009 342003150000f000 0 00 00000000 0 0 0 000000000000000a 10000000 f 10000000 1 03 10000000
000000000000000a 341104008000f000 0 00 00000000 0 0 0 000000000000000b 10000000 f 10000000 1 04 10000000
000000000000000b 0013150000000000 1 15 00000000 0 0 0 000000000000000c 10000000 f 10000000 0 00 10000000
000000000000000c 3420031500007000 0 00 00000000 0 0 0 000000000000000d 10000000 7 10000000 1 03 10000000
000000000000000d 340006020000f000 0 00 00000000 0 0 0 000000000000000e 10000000 f 10000000 1 06 10000000
000000000000000e 00131600ffffff00 1 16 ffffffff 0 0 0 000000000000000f 10000000 f 10000000 0 00 10000000
000000000000000f 342006160000f000 0 00 00000000 0 0 0 0000000000000010 10000000 f 10000000 1 06 10000000
0000000000000010 108104060020f000 0 00 00000000 0 0 0 0000000000000011 10000000 f 10000000 1 04 10000000
0000000000000011 0013150000000100 1 15 00000001 0 0 0 0000000000000012 10000000 f 10000000 0 00 10000000
0000000000000012 342006150000d000 0 00 00000000 0 0 0 0000000000000013 10000000 d 00000000 1 06 00000000
0000000000000013 10610302003ff000 0 00 00000000 0 0 0 0000000000000014 10000000 f 10000000 1 03 10000000
0000000000000014 10610406003ff000 0 00 00000000 0 0 0 0000000000000015 10000000 f 10000000 1 04 10000000
0000000000000015 00131500aaaaaa00 1 15 ffaaaaaa 0 0 0 0000000000000016 10000000 f 10000000 0 00 10000000
0000000000000016 342003150000f000 0 00 00000000 0 0 0 0000000000000017 10000000 f 10000000 1 03 10000000
0000000000000017 00131e0000000300 1 1e 00000003 0 0 0 0000000000000018 10000000 f 10000000 0 00 10000000
0000000000000018 0023171700000100 1 17 00000001 0 0 0 0000000000000019 10000000 f 10000000 0 00 10000000
0000000000000019 00731e1e00000100 1 1e 00000002 0 0 0 000000000000001a 10000000 f 10000000 0 00 10000000
000000000000001a 0013180000000000 1 18 00000000 0 0 0 000000000000001b 10000000 f 10000000 0 00 10000000
000000000000001b 0102001e18000000 0 00 00000000 4 0 0 000000000000001c 10000000 f 10000000 0 00 10000000
000000000000001c 0215fffffb040000 0 00 00000000 4 0 1 0000000000000018 10000000 f 10000000 0 00 10000000
0000000000000018 0023171700000100 1 17 00000002 4 0 0 0000000000000019 10000000 f 10000000 0 00 10000000
0000000000000019 00731e1e00000100 1 1e 00000001 4 0 0 000000000000001a 10000000 f 10000000 0 00 10000000
000000000000001a 0013180000000000 1 18 00000000 4 0 0 000000000000001b 10000000 f 10000000 0 00 10000000
000000000000001b 0102001e18000000 0 00 00000000 4 0 0 000000000000001c 10000000 f 10000000 0 00 10000000
000000000000001c 0215fffffb040000 0 00 00000000 4 0 1 0000000000000018 10000000 f 10000000 0 00 10000000
0000000000000018 0023171700000100 1 17 00000003 4 0 0 0000000000000019 10000000 f 10000000 0 00 10000000
0000000000000019 00731e1e00000100 1 1e 00000000 4 0 0 000000000000001a 10000000 f 10000000 0 00 10000000
000000000000001a 0013180000000000 1 18 00000000 4 0 0 000000000000001b 10000000 f 10000000 0 00 10000000
000000000000001b 0102001e18000000 0 00 00000000 5 1 0 000000000000001c 10000000 f 10000000 0 00 10000000
000000000000001c 0215fffffb040000 0 00 00000000 5 1 0 000000000000001d 10000000 f 10000000 0 00 10000000
000000000000001d 7cf5000000000000 0 00 00000000 5 1 0 000000000000001e 10000000 f 10000000 0 00 10000000
DONE retired=40 fault=00 pc=000000000000001d
