0000000000000000 00131d0000000000 1 1d 00000000 0 0 0 0000000000000001
0000000000000001 8506000000000000 0 00 00000000 0 0 0 0000000000000002
0000000000000002 00a3080400001e00 1 08 00000000 0 0 0 0000000000000003
0000000000000003 0306000000000400 1 04 00000000 0 0 0 0000000000000004
0000000000000004 00130600777a6800 1 06 00777a68 0 0 0 0000000000000005
0000000000000005 0306000000001100 1 11 00000000 0 0 0 0000000000000006
0000000000000006 0013090074365600 1 09 00743656 0 0 0 0000000000000007
0000000000000007 0112000d0b000000 0 00 00000000 5 0 0 0000000000000008
0000000000000008 02150000030c0000 0 00 00000000 5 0 1 000000000000000c
000000000000000c 8506000000000000 0 00 00000000 5 0 0 000000000000000d
000000000000000d 00a2140e0e000000 1 14 00000000 5 0 0 000000000000000e
000000000000000e 8506000000000000 0 00 00000000 5 0 0 000000000000000f
000000000000000f 8506000000000000 0 00 00000000 5 0 0 0000000000000010
0000000000000010 0092101200000000 1 10 ffffffff 5 0 0 0000000000000011
0000000000000011 8506000000000000 0 00 00000000 5 0 0 0000000000000012
0000000000000012 00220f060f000000 1 0f 00777a68 5 0 0 0000000000000013
0000000000000013 0013010050ca9f00 1 01 0050ca9f 5 0 0 0000000000000014
0000000000000014 0013030065918c00 1 03 0065918c 5 0 0 0000000000000015
0000000000000015 0092060c00000000 1 06 ffffffff 5 0 0 0000000000000016
0000000000000016 008212030f000000 1 12 0012ebe4 5 0 0 0000000000000017
0000000000000017 00b211100b000000 1 11 ffffffff 5 0 0 0000000000000018
0000000000000018 00131e0000000100 1 1e 00000001 5 0 0 0000000000000019
0000000000000019 0023151500000100 1 15 00000001 5 0 0 000000000000001a
000000000000001a 00731e1e00000100 1 1e 00000000 5 0 0 000000000000001b
000000000000001b 0102001e1d000000 0 00 00000000 5 1 0 000000000000001c
000000000000001c 0215fffffc040000 0 00 00000000 5 1 0 000000000000001d
000000000000001d 7cf5000000000000 0 00 00000000 5 1 0 000000000000001e
DONE retired=27 fault=00 pc=000000000000001d
