0000000000000000 0013140000004d00 1 14 0000004d 0 0 0 0000000000000001 39a1698c f 39a1698c 0 00 39a1698c
0000000000000001 0013160000000000 1 16 00000000 0 0 0 0000000000000002 39a1698c f 39a1698c 0 00 39a1698c
0000000000000002 342003160000f000 0 00 00000000 0 0 0 0000000000000003 39a1698c f 39a1698c 1 03 39a1698c
0000000000000003 10810503001ff000 0 00 00000000 0 0 0 0000000000000004 39a1698c f 39a1698c 1 05 39a1698c
0000000000000004 340006030000f000 0 00 00000000 0 0 0 0000000000000005 39a1698c f 39a1698c 1 06 39a1698c
0000000000000005 107104020010f000 0 00 00000000 0 0 0 0000000000000006 39a1698c f 39a1698c 1 04 39a1698c
0000000000000006 1030020403003000 0 00 00000000 0 0 0 0000000000000007 39a1698c 3 11014104 1 02 11014104
0000000000000007 340004020000f000 0 00 00000000 0 0 0 0000000000000008 39a1698c f 39a1698c 1 04 39a1698c
0000000000000008 100002060500f000 0 00 00000000 0 0 0 0000000000000009 39a1698c f 39a1698c 1 02 39a1698c
0000000000000009 10610503000ff000 0 00 00000000 0 0 0 000000000000000a 39a1698c f 39a1698c 1 05 39a1698c
000000000000000a 100005040300f000 0 00 00000000 0 0 0 000000000000000b 39a1698c f 39a1698c 1 05 39a1698c
000000000000000b 107105030021f000 0 00 00000000 0 0 0 000000000000000c 39a1698c f 39a1698c 1 05 39a1698c
000000000000000c 343006000000f000 0 00 00000000 0 0 0 000000000000000d 39a1698c f 39a1698c 1 06 39a1698c
000000000000000d 00131500ffffff00 1 15 ffffffff 0 0 0 000000000000000e 39a1698c f 39a1698c 0 00 39a1698c
000000000000000e 342004150000f000 0 00 00000000 0 0 0 000000000000000f 39a1698c f 39a1698c 1 04 39a1698c
000000000000000f 101106027c23f000 0 00 00000000 0 0 0 0000000000000010 39a1698c f 39a1698c 1 06 39a1698c
0000000000000010 104002030400f000 0 00 00000000 0 0 0 0000000000000011 39a1698c f 39a1698c 1 02 39a1698c
0000000000000011 106102040021f000 0 00 00000000 0 0 0 0000000000000012 39a1698c f 39a1698c 1 02 39a1698c
0000000000000012 0013150000000100 1 15 00000001 0 0 0 0000000000000013 39a1698c f 39a1698c 0 00 39a1698c
0000000000000013 342002150000f000 0 00 00000000 0 0 0 0000000000000014 39a1698c f 39a1698c 1 02 39a1698c
0000000000000014 104106030000f000 0 00 00000000 0 0 0 0000000000000015 39a1698c f 39a1698c 1 06 39a1698c
0000000000000015 34110500e6e1c000 0 00 00000000 0 0 0 0000000000000016 39a1698c c 00000000 1 05 00000000
0000000000000016 101105040001f000 0 00 00000000 0 0 0 0000000000000017 39a1698c f 39a1698c 1 05 39a1698c
0000000000000017 340004020000f000 0 00 00000000 0 0 0 0000000000000018 39a1698c f 39a1698c 1 04 39a1698c
0000000000000018 341102008000f000 0 00 00000000 0 0 0 0000000000000019 39a1698c f 39a1698c 1 02 39a1698c
0000000000000019 3430060000007000 0 00 00000000 0 0 0 000000000000001a 39a1698c 7 2820210c 1 06 2820210c
000000000000001a 107106040010f000 0 00 00000000 0 0 0 000000000000001b 39a1698c f 39a1698c 1 06 39a1698c
000000000000001b 00131600aaaaaa00 1 16 ffaaaaaa 0 0 0 000000000000001c 39a1698c f 39a1698c 0 00 39a1698c
000000000000001c 342003160000f000 0 00 00000000 0 0 0 000000000000001d 39a1698c f 39a1698c 1 03 39a1698c
000000000000001d 10810303001ff000 0 00 00000000 0 0 0 000000000000001e 39a1698c f 39a1698c 1 03 39a1698c
000000000000001e 3411020000015000 0 00 00000000 0 0 0 000000000000001f 39a1698c 5 0980090c 1 02 0980090c
000000000000001f 343003000000f000 0 00 00000000 0 0 0 0000000000000020 39a1698c f 39a1698c 1 03 39a1698c
0000000000000020 3411040001bef000 0 00 00000000 0 0 0 0000000000000021 39a1698c f 39a1698c 1 04 39a1698c
0000000000000021 340005060000f000 0 00 00000000 0 0 0 0000000000000022 39a1698c f 39a1698c 1 05 39a1698c
0000000000000022 00131e0000000300 1 1e 00000003 0 0 0 0000000000000023 39a1698c f 39a1698c 0 00 39a1698c
0000000000000023 0023171700000100 1 17 00000001 0 0 0 0000000000000024 39a1698c f 39a1698c 0 00 39a1698c
0000000000000024 00731e1e00000100 1 1e 00000002 0 0 0 0000000000000025 39a1698c f 39a1698c 0 00 39a1698c
0000000000000025 0013180000000000 1 18 00000000 0 0 0 0000000000000026 39a1698c f 39a1698c 0 00 39a1698c
0000000000000026 0102001e18000000 0 00 00000000 4 0 0 0000000000000027 39a1698c f 39a1698c 0 00 39a1698c
0000000000000027 0215fffffb040000 0 00 00000000 4 0 1 0000000000000023 39a1698c f 39a1698c 0 00 39a1698c
0000000000000023 0023171700000100 1 17 00000002 4 0 0 0000000000000024 39a1698c f 39a1698c 0 00 39a1698c
0000000000000024 00731e1e00000100 1 1e 00000001 4 0 0 0000000000000025 39a1698c f 39a1698c 0 00 39a1698c
0000000000000025 0013180000000000 1 18 00000000 4 0 0 0000000000000026 39a1698c f 39a1698c 0 00 39a1698c
0000000000000026 0102001e18000000 0 00 00000000 4 0 0 0000000000000027 39a1698c f 39a1698c 0 00 39a1698c
0000000000000027 0215fffffb040000 0 00 00000000 4 0 1 0000000000000023 39a1698c f 39a1698c 0 00 39a1698c
0000000000000023 0023171700000100 1 17 00000003 4 0 0 0000000000000024 39a1698c f 39a1698c 0 00 39a1698c
0000000000000024 00731e1e00000100 1 1e 00000000 4 0 0 0000000000000025 39a1698c f 39a1698c 0 00 39a1698c
0000000000000025 0013180000000000 1 18 00000000 4 0 0 0000000000000026 39a1698c f 39a1698c 0 00 39a1698c
0000000000000026 0102001e18000000 0 00 00000000 5 1 0 0000000000000027 39a1698c f 39a1698c 0 00 39a1698c
0000000000000027 0215fffffb040000 0 00 00000000 5 1 0 0000000000000028 39a1698c f 39a1698c 0 00 39a1698c
0000000000000028 7cf5000000000000 0 00 00000000 5 1 0 0000000000000029 39a1698c f 39a1698c 0 00 39a1698c
DONE retired=51 fault=00 pc=0000000000000028
