0000000000000000 0013140000004d00 1 14 0000004d 0 0 0 0000000000000001 55555555 f 55555555 0 00 55555555
0000000000000001 00131500ffffff00 1 15 ffffffff 0 0 0 0000000000000002 55555555 f 55555555 0 00 55555555
0000000000000002 342002150000f000 0 00 00000000 0 0 0 0000000000000003 55555555 f 55555555 1 02 55555555
0000000000000003 340002020000f000 0 00 00000000 0 0 0 0000000000000004 55555555 f 55555555 1 02 55555555
0000000000000004 100102058000f000 0 00 00000000 0 0 0 0000000000000005 55555555 f 55555555 1 02 55555555
0000000000000005 102004050400f000 0 00 00000000 0 0 0 0000000000000006 55555555 f 55555555 1 04 55555555
0000000000000006 101002060200f000 0 00 00000000 0 0 0 0000000000000007 55555555 f 55555555 1 02 55555555
0000000000000007 34110300cf533000 0 00 00000000 0 0 0 0000000000000008 55555555 3 55555555 1 03 55555555
0000000000000008 3430040000006000 0 00 00000000 0 0 0 0000000000000009 55555555 6 00000001 1 04 00000001
0000000000000009 105004030400f000 0 00 00000000 0 0 0 000000000000000a 55555555 f 55555555 1 04 55555555
000000000000000a 107102020000f000 0 00 00000000 0 0 0 000000000000000b 55555555 f 55555555 1 02 55555555
000000000000000b 1020040604000000 0 00 00000000 0 0 0 000000000000000c 55555555 0 50151154 1 04 50151154
000000000000000c 104102040001f000 0 00 00000000 0 0 0 000000000000000d 55555555 f 55555555 1 02 55555555
000000000000000d 00131600aaaaaa00 1 16 ffaaaaaa 0 0 0 000000000000000e 55555555 f 55555555 0 00 55555555
000000000000000e 342005160000f000 0 00 00000000 0 0 0 000000000000000f 55555555 f 55555555 1 05 55555555
000000000000000f 108106050001f000 0 00 00000000 0 0 0 0000000000000010 55555555 f 55555555 1 06 55555555
0000000000000010 106106030021f000 0 00 00000000 0 0 0 0000000000000011 55555555 f 55555555 1 06 55555555
0000000000000011 10710406003ff000 0 00 00000000 0 0 0 0000000000000012 55555555 f 55555555 1 04 55555555
0000000000000012 103006020200f000 0 00 00000000 0 0 0 0000000000000013 55555555 f 55555555 1 06 55555555
0000000000000013 343003000000f000 0 00 00000000 0 0 0 0000000000000014 55555555 f 55555555 1 03 55555555
0000000000000014 100103060000f000 0 00 00000000 0 0 0 0000000000000015 55555555 f 55555555 1 03 55555555
0000000000000015 0013160000000000 1 16 00000000 0 0 0 0000000000000016 55555555 f 55555555 0 00 55555555
0000000000000016 342006160000f000 0 00 00000000 0 0 0 0000000000000017 55555555 f 55555555 1 06 55555555
0000000000000017 10810406003ff000 0 00 00000000 0 0 0 0000000000000018 55555555 f 55555555 1 04 55555555
0000000000000018 102004050200f000 0 00 00000000 0 0 0 0000000000000019 55555555 f 55555555 1 04 55555555
0000000000000019 104003040300f000 0 00 00000000 0 0 0 000000000000001a 55555555 f 55555555 1 03 55555555
000000000000001a 343003000000f000 0 00 00000000 0 0 0 000000000000001b 55555555 f 55555555 1 03 55555555
000000000000001b 10710405000ff000 0 00 00000000 0 0 0 000000000000001c 55555555 f 55555555 1 04 55555555
000000000000001c 101004020500f000 0 00 00000000 0 0 0 000000000000001d 55555555 f 55555555 1 04 55555555
000000000000001d 3411030080000000 0 00 00000000 0 0 0 000000000000001e 55555555 0 50151154 1 03 50151154
000000000000001e 10510405660bf000 0 00 00000000 0 0 0 000000000000001f 55555555 f 55555555 1 04 55555555
000000000000001f 340004020000f000 0 00 00000000 0 0 0 0000000000000020 55555555 f 55555555 1 04 55555555
0000000000000020 105006060200f000 0 00 00000000 0 0 0 0000000000000021 55555555 f 55555555 1 06 55555555
0000000000000021 340003060000f000 0 00 00000000 0 0 0 0000000000000022 55555555 f 55555555 1 03 55555555
0000000000000022 00131e0000000100 1 1e 00000001 0 0 0 0000000000000023 55555555 f 55555555 0 00 55555555
0000000000000023 0023171700000100 1 17 00000001 0 0 0 0000000000000024 55555555 f 55555555 0 00 55555555
0000000000000024 00731e1e00000100 1 1e 00000000 0 0 0 0000000000000025 55555555 f 55555555 0 00 55555555
0000000000000025 0013180000000000 1 18 00000000 0 0 0 0000000000000026 55555555 f 55555555 0 00 55555555
0000000000000026 0102001e18000000 0 00 00000000 5 1 0 0000000000000027 55555555 f 55555555 0 00 55555555
0000000000000027 0215fffffb040000 0 00 00000000 5 1 0 0000000000000028 55555555 f 55555555 0 00 55555555
0000000000000028 7cf5000000000000 0 00 00000000 5 1 0 0000000000000029 55555555 f 55555555 0 00 55555555
DONE retired=41 fault=00 pc=0000000000000028
