0000000000000000 343001000000f000 0 00 00000000 0 0 0 0 0 0 0000000000000001 ffffffff f ffffffff 1 01
0000000000000001 341107000001f000 0 00 00000000 0 0 0 0 0 0 0000000000000002 ffffffff f ffffffff 1 07
0000000000000002 34110c000003f000 0 00 00000000 0 0 0 0 0 0 0000000000000003 ffffffff f ffffffff 1 0c
0000000000000003 110005040c00f000 0 00 00000000 0 0 0 0 0 0 0000000000000004 ffffffff f ffffffff 1 05
0000000000000004 3039903070000000 0 00 00000000 0 0 0 0 0 0 0000000000000005 ffffffff f ffffffff 0 00
0000000000000005 7c1500000c90000d 0 00 00000000 0 0 0 0 0 0 0000000000000006 ffffffff f ffffffff 0 00
0000000000000006 34110d000000f000 0 00 00000000 0 0 0 0 0 0 0000000000000007 ffffffff f ffffffff 1 0d
0000000000000007 10300c010d00f000 0 00 00000000 0 0 0 0 0 0 0000000000000008 ffffffff f ffffffff 1 0c
0000000000000008 10000c0c0700f000 0 00 00000000 0 0 0 0 0 0 0000000000000009 ffffffff f ffffffff 1 0c
0000000000000009 34110a000000f000 0 00 00000000 0 0 0 0 0 0 000000000000000a ffffffff f ffffffff 1 0a
000000000000000a 7c85000005000000 0 00 00000000 0 0 0 0 0 0 000000000000000b ffffffff f ffffffff 0 00
000000000000000b 3059e0a0c0000000 0 00 00000000 0 0 0 0 0 0 000000000000000c ffffffff f ffffffff 0 00
000000000000000c 3029d0a0c0000000 0 00 00000000 0 0 0 0 0 0 000000000000000d ffffffff f ffffffff 0 00
000000000000000d 0023060600000200 1 06 00000002 0 0 0 0 0 0 000000000000000e ffffffff f ffffffff 0 00
000000000000000e 7cb5000000e00000 0 00 00000000 0 0 0 0 0 0 000000000000000f ffffffff f ffffffff 0 00
000000000000000f 10000a0a0700f000 0 00 00000000 0 0 0 0 0 0 0000000000000010 ffffffff f ffffffff 1 0a
0000000000000010 7c95fffffad00000 0 00 00000000 0 0 0 0 0 0 000000000000000b ffffffff f ffffffff 0 00
000000000000000b 3059e0a0c0000000 0 00 00000000 0 0 0 0 0 0 000000000000000c ffffffff f ffffffff 0 00
000000000000000c 3029d0a0c0000000 0 00 00000000 0 0 0 0 0 0 000000000000000d ffffffff f ffffffff 0 00
000000000000000d 0023060600000200 1 06 00000004 0 0 0 0 0 0 000000000000000e ffffffff f ffffffff 0 00
0000000000000010 7cb5000000e00000 0 00 00000000 0 0 0 0 0 0 000000000000000f 00000000 f 00000000 0 00
0000000000000010 7c95fffffad00000 0 00 00000000 0 0 0 0 0 0 0000000000000011 ffffffff f ffffffff 0 00
0000000000000011 0205000001000000 0 00 00000000 0 0 0 0 0 1 0000000000000013 ffffffff f ffffffff 0 00
0000000000000013 7c25000000000000 0 00 00000000 0 0 0 0 0 0 0000000000000014 ffffffff f ffffffff 0 00
0000000000000014 7cf5000000000000 0 00 00000000 0 0 0 0 0 0 0000000000000015 ffffffff f ffffffff 0 00
