0000000000000000 00131d0000000000 1 1d 00000000 0 0 0 0000000000000001
0000000000000001 00130200dc7c5c00 1 02 ffdc7c5c 0 0 0 0000000000000002
0000000000000002 0092101300000000 1 10 ffffffff 0 0 0 0000000000000003
0000000000000003 0063060b00001000 1 06 00000000 0 0 0 0000000000000004
0000000000000004 00131000546dcd00 1 10 00546dcd 0 0 0 0000000000000005
0000000000000005 00130c00aaaaaa00 1 0c ffaaaaaa 0 0 0 0000000000000006
0000000000000006 00131000c3dccd00 1 10 ffc3dccd 0 0 0 0000000000000007
0000000000000007 00131300ffffff00 1 13 ffffffff 0 0 0 0000000000000008
0000000000000008 8506000000000000 0 00 00000000 0 0 0 0000000000000009
0000000000000009 0112000e07000000 0 00 00000000 5 0 0 000000000000000a
000000000000000a 0215000002040000 0 00 00000000 5 0 0 000000000000000b
000000000000000b 8506000000000000 0 00 00000000 5 0 0 000000000000000c
000000000000000c 8506000000000000 0 00 00000000 5 0 0 000000000000000d
000000000000000d 0022110303000000 1 11 00000000 5 0 0 000000000000000e
000000000000000e 00731309ffffff00 1 13 00000001 5 0 0 000000000000000f
000000000000000f 00a30a0b00001500 1 0a 00000000 5 0 0 0000000000000010
0000000000000010 8506000000000000 0 00 00000000 5 0 0 0000000000000011
0000000000000011 0092091400000000 1 09 ffffffff 5 0 0 0000000000000012
0000000000000012 0013110026c83900 1 11 0026c839 5 0 0 0000000000000013
0000000000000013 00130d00aaaaaa00 1 0d ffaaaaaa 5 0 0 0000000000000014
0000000000000014 00730b0fffffff00 1 0b 00000001 5 0 0 0000000000000015
0000000000000015 0102001406000000 0 00 00000000 5 1 0 0000000000000016
0000000000000016 0215000002020000 0 00 00000000 5 1 0 0000000000000017
0000000000000017 8506000000000000 0 00 00000000 5 1 0 0000000000000018
0000000000000018 8506000000000000 0 00 00000000 5 1 0 0000000000000019
0000000000000019 0032130202000000 1 13 42894110 5 1 0 000000000000001a
000000000000001a 0122000506000000 0 00 00000000 5 0 0 000000000000001b
000000000000001b 0215000001030000 0 00 00000000 5 0 1 000000000000001d
000000000000001d 00730510be2cd600 1 05 0005aff7 5 0 0 000000000000001e
000000000000001e 00230c05aaaaaa00 1 0c ffb05aa1 5 0 0 000000000000001f
000000000000001f 00630c0d00000b00 1 0c 55555000 5 0 0 0000000000000020
0000000000000020 0092100500000000 1 10 fffa5008 5 0 0 0000000000000021
0000000000000021 00130500e69d2800 1 05 ffe69d28 5 0 0 0000000000000022
0000000000000022 8506000000000000 0 00 00000000 5 0 0 0000000000000023
0000000000000023 001304009209ef00 1 04 ff9209ef 5 0 0 0000000000000024
0000000000000024 0306000000000600 1 06 00000000 5 0 0 0000000000000025
0000000000000025 001310007a761700 1 10 007a7617 5 0 0 0000000000000026
0000000000000026 001302008ab15800 1 02 ff8ab158 5 0 0 0000000000000027
0000000000000027 8506000000000000 0 00 00000000 5 0 0 0000000000000028
0000000000000028 0072031210000000 1 03 ff8589e9 5 0 0 0000000000000029
0000000000000029 0013070000000000 1 07 00000000 5 0 0 000000000000002a
000000000000002a 0052140f14000000 1 14 00000000 5 0 0 000000000000002b
000000000000002b 8506000000000000 0 00 00000000 5 0 0 000000000000002c
000000000000002c 011200070d000000 0 00 00000000 0 0 0 000000000000002d
000000000000002d 02150000020d0000 0 00 00000000 0 0 1 0000000000000030
0000000000000030 0092060700000000 1 06 ffffffff 0 0 0 0000000000000031
0000000000000031 00b3041400000000 1 04 00000000 0 0 0 0000000000000032
0000000000000032 00231007d7d8b900 1 10 ffd7d8b9 0 0 0 0000000000000033
0000000000000033 00230f0274f13f00 1 0f ffffa297 0 0 0 0000000000000034
0000000000000034 00131e0000000200 1 1e 00000002 0 0 0 0000000000000035
0000000000000035 0023151500000100 1 15 00000001 0 0 0 0000000000000036
0000000000000036 00731e1e00000100 1 1e 00000001 0 0 0 0000000000000037
0000000000000037 0102001e1d000000 0 00 00000000 4 0 0 0000000000000038
0000000000000038 0215fffffc040000 0 00 00000000 4 0 1 0000000000000035
0000000000000035 0023151500000100 1 15 00000002 4 0 0 0000000000000036
0000000000000036 00731e1e00000100 1 1e 00000000 4 0 0 0000000000000037
0000000000000037 0102001e1d000000 0 00 00000000 5 1 0 0000000000000038
0000000000000038 0215fffffc040000 0 00 00000000 5 1 0 0000000000000039
0000000000000039 7cf5000000000000 0 00 00000000 5 1 0 000000000000003a
DONE retired=59 fault=00 pc=0000000000000039
