0000000000000000 00131d0000000000 1 1d 00000000 0 0 0 0000000000000001
0000000000000001 0112000712000000 0 00 00000000 5 0 0 0000000000000002
0000000000000002 02150000020c0000 0 00 00000000 5 0 1 0000000000000005
0000000000000005 0013120020e9ea00 1 12 0020e9ea 5 0 0 0000000000000006
0000000000000006 0306000000000900 1 09 00000000 5 0 0 0000000000000007
0000000000000007 0112001210000000 0 00 00000000 4 0 0 0000000000000008
0000000000000008 02150000020c0000 0 00 00000000 4 0 1 000000000000000b
000000000000000b 00130b005850fd00 1 0b 005850fd 4 0 0 000000000000000c
000000000000000c 8506000000000000 0 00 00000000 4 0 0 000000000000000d
000000000000000d 0306000000000900 1 09 00000000 4 0 0 000000000000000e
000000000000000e 00130200be6b7100 1 02 ffbe6b71 4 0 0 000000000000000f
000000000000000f 0306000000000e00 1 0e 00000000 4 0 0 0000000000000010
0000000000000010 0122000210000000 0 00 00000000 6 0 0 0000000000000011
0000000000000011 02150000020e0000 0 00 00000000 6 0 1 0000000000000014
0000000000000014 0092120900000000 1 12 ffffffff 6 0 0 0000000000000015
0000000000000015 0022110410000000 1 11 00000000 6 0 0 0000000000000016
0000000000000016 006201130d000000 1 01 00000000 6 0 0 0000000000000017
0000000000000017 00130300f8f5f300 1 03 fff8f5f3 6 0 0 0000000000000018
0000000000000018 0306000000000100 1 01 00000000 6 0 0 0000000000000019
0000000000000019 00b3050600000c00 1 05 00000000 6 0 0 000000000000001a
000000000000001a 0042091201000000 1 09 00000000 6 0 0 000000000000001b
000000000000001b 00b2090706000000 1 09 00000000 6 0 0 000000000000001c
000000000000001c 0023141494144d00 1 14 ff94144d 6 0 0 000000000000001d
000000000000001d 0092101300000000 1 10 ffffffff 6 0 0 000000000000001e
000000000000001e 00b3130f00001a00 1 13 00000000 6 0 0 000000000000001f
000000000000001f 0042040a06000000 1 04 00000000 6 0 0 0000000000000020
0000000000000020 00920a0e00000000 1 0a ffffffff 6 0 0 0000000000000021
0000000000000021 00b2050409000000 1 05 00000000 6 0 0 0000000000000022
0000000000000022 002301061e42b200 1 01 001e42b2 6 0 0 0000000000000023
0000000000000023 00a3070e00001600 1 07 00000000 6 0 0 0000000000000024
0000000000000024 00131e0000000100 1 1e 00000001 6 0 0 0000000000000025
0000000000000025 0023151500000100 1 15 00000001 6 0 0 0000000000000026
0000000000000026 00731e1e00000100 1 1e 00000000 6 0 0 0000000000000027
0000000000000027 0102001e1d000000 0 00 00000000 5 1 0 0000000000000028
0000000000000028 0215fffffc040000 0 00 00000000 5 1 0 0000000000000029
0000000000000029 7cf5000000000000 0 00 00000000 5 1 0 000000000000002a
DONE retired=36 fault=00 pc=0000000000000029
