0000000000000000 0013140000004d00 1 14 0000004d 0 0 0 0000000000000001 ffffffff f ffffffff 0 00 ffffffff
0000000000000001 102004040600f000 0 00 00000000 0 0 0 0000000000000002 ffffffff f ffffffff 1 04 ffffffff
0000000000000002 105106027ffff000 0 00 00000000 0 0 0 0000000000000003 ffffffff f ffffffff 1 06 ffffffff
0000000000000003 340004050000f000 0 00 00000000 0 0 0 0000000000000004 ffffffff f ffffffff 1 04 ffffffff
0000000000000004 106106050020f000 0 00 00000000 0 0 0 0000000000000005 ffffffff f ffffffff 1 06 ffffffff
0000000000000005 1020060605009000 0 00 00000000 0 0 0 0000000000000006 ffffffff 9 7fffffff 1 06 7fffffff
0000000000000006 34110200ffff1000 0 00 00000000 0 0 0 0000000000000007 ffffffff 1 623b4398 1 02 623b4398
0000000000000007 340005040000f000 0 00 00000000 0 0 0 0000000000000008 ffffffff f ffffffff 1 05 ffffffff
0000000000000008 3411060074e0f000 0 00 00000000 0 0 0 0000000000000009 ffffffff f ffffffff 1 06 ffffffff
0000000000000009 106102030000f000 0 00 00000000 0 0 0 000000000000000a ffffffff f ffffffff 1 02 ffffffff
000000000000000a 10610605000ff000 0 00 00000000 0 0 0 000000000000000b ffffffff f ffffffff 1 06 ffffffff
000000000000000b 105004050600f000 0 00 00000000 0 0 0 000000000000000c ffffffff f ffffffff 1 04 ffffffff
000000000000000c 100005040600f000 0 00 00000000 0 0 0 000000000000000d ffffffff f ffffffff 1 05 ffffffff
000000000000000d 100006050500f000 0 00 00000000 0 0 0 000000000000000e ffffffff f ffffffff 1 06 ffffffff
000000000000000e 104003060400f000 0 00 00000000 0 0 0 000000000000000f ffffffff f ffffffff 1 03 ffffffff
000000000000000f 340005050000f000 0 00 00000000 0 0 0 0000000000000010 ffffffff f ffffffff 1 05 ffffffff
0000000000000010 00131e0000000100 1 1e 00000001 0 0 0 0000000000000011 ffffffff f ffffffff 0 00 ffffffff
0000000000000011 0023171700000100 1 17 00000001 0 0 0 0000000000000012 ffffffff f ffffffff 0 00 ffffffff
0000000000000012 00731e1e00000100 1 1e 00000000 0 0 0 0000000000000013 ffffffff f ffffffff 0 00 ffffffff
0000000000000013 0013180000000000 1 18 00000000 0 0 0 0000000000000014 ffffffff f ffffffff 0 00 ffffffff
0000000000000014 0102001e18000000 0 00 00000000 5 1 0 0000000000000015 ffffffff f ffffffff 0 00 ffffffff
0000000000000015 0215fffffb040000 0 00 00000000 5 1 0 0000000000000016 ffffffff f ffffffff 0 00 ffffffff
0000000000000016 7cf5000000000000 0 00 00000000 5 1 0 0000000000000017 ffffffff f ffffffff 0 00 ffffffff
DONE retired=23 fault=00 pc=0000000000000016
