0000000000000000 00131d0000000000 1 1d 00000000 0 0 0 0000000000000001
0000000000000001 00b20c060e000000 1 0c 00000000 0 0 0 0000000000000002
0000000000000002 0013100000000100 1 10 00000001 0 0 0 0000000000000003
0000000000000003 00130d00f5dd2d00 1 0d fff5dd2d 0 0 0 0000000000000004
0000000000000004 8506000000000000 0 00 00000000 0 0 0 0000000000000005
0000000000000005 00130b00f1a64500 1 0b fff1a645 0 0 0 0000000000000006
0000000000000006 8506000000000000 0 00 00000000 0 0 0 0000000000000007
0000000000000007 00b3050500000e00 1 05 00000000 0 0 0 0000000000000008
0000000000000008 8506000000000000 0 00 00000000 0 0 0 0000000000000009
0000000000000009 0112001306000000 0 00 00000000 5 0 0 000000000000000a
000000000000000a 02150000010d0000 0 00 00000000 5 0 0 000000000000000b
000000000000000b 8506000000000000 0 00 00000000 5 0 0 000000000000000c
000000000000000c 001307007099f300 1 07 007099f3 5 0 0 000000000000000d
000000000000000d 00130f0067325300 1 0f 00673253 5 0 0 000000000000000e
000000000000000e 00731009a0d3b200 1 10 005f2c4e 5 0 0 000000000000000f
000000000000000f 0062070c0c000000 1 07 00000000 5 0 0 0000000000000010
0000000000000010 0063011000001d00 1 01 c0000000 5 0 0 0000000000000011
0000000000000011 0013130051dd0600 1 13 0051dd06 5 0 0 0000000000000012
0000000000000012 0102000b05000000 0 00 00000000 6 0 0 0000000000000013
0000000000000013 02150000030d0000 0 00 00000000 6 0 0 0000000000000014
0000000000000014 8506000000000000 0 00 00000000 6 0 0 0000000000000015
0000000000000015 8506000000000000 0 00 00000000 6 0 0 0000000000000016
0000000000000016 8506000000000000 0 00 00000000 6 0 0 0000000000000017
0000000000000017 8506000000000000 0 00 00000000 6 0 0 0000000000000018
0000000000000018 8506000000000000 0 00 00000000 6 0 0 0000000000000019
0000000000000019 0063010100000500 1 01 00000000 6 0 0 000000000000001a
000000000000001a 0082130513000000 1 13 0051dd06 6 0 0 000000000000001b
000000000000001b 0102000d0e000000 0 00 00000000 6 0 0 000000000000001c
000000000000001c 02150000020d0000 0 00 00000000 6 0 0 000000000000001d
000000000000001d 8506000000000000 0 00 00000000 6 0 0 000000000000001e
000000000000001e 8506000000000000 0 00 00000000 6 0 0 000000000000001f
000000000000001f 8506000000000000 0 00 00000000 6 0 0 0000000000000020
0000000000000020 0092141400000000 1 14 ffffffff 6 0 0 0000000000000021
0000000000000021 00620a030c000000 1 0a 00000000 6 0 0 0000000000000022
0000000000000022 00320d0a0d000000 1 0d 00000000 6 0 0 0000000000000023
0000000000000023 0122000a12000000 0 00 00000000 5 0 0 0000000000000024
0000000000000024 0215000002010000 0 00 00000000 5 0 0 0000000000000025
0000000000000025 8506000000000000 0 00 00000000 5 0 0 0000000000000026
0000000000000026 8506000000000000 0 00 00000000 5 0 0 0000000000000027
0000000000000027 00130200aaaaaa00 1 02 ffaaaaaa 5 0 0 0000000000000028
0000000000000028 00130f00b4d23900 1 0f ffb4d239 5 0 0 0000000000000029
0000000000000029 005202010e000000 1 02 00000000 5 0 0 000000000000002a
000000000000002a 00b20e1310000000 1 0e 00000147 5 0 0 000000000000002b
000000000000002b 00b2060408000000 1 06 00000000 5 0 0 000000000000002c
000000000000002c 0092060800000000 1 06 ffffffff 5 0 0 000000000000002d
000000000000002d 00b2070a0a000000 1 07 00000000 5 0 0 000000000000002e
000000000000002e 00920a0300000000 1 0a ffffffff 5 0 0 000000000000002f
000000000000002f 0092051000000000 1 05 ffa0d3b1 5 0 0 0000000000000030
0000000000000030 0092060e00000000 1 06 fffffeb8 5 0 0 0000000000000031
0000000000000031 0052090d0d000000 1 09 00000000 5 0 0 0000000000000032
0000000000000032 0092130b00000000 1 13 000e59ba 5 0 0 0000000000000033
0000000000000033 00b3100900000b00 1 10 00000000 5 0 0 0000000000000034
0000000000000034 00131e0000000400 1 1e 00000004 5 0 0 0000000000000035
0000000000000035 0023151500000100 1 15 00000001 5 0 0 0000000000000036
0000000000000036 00731e1e00000100 1 1e 00000003 5 0 0 0000000000000037
0000000000000037 0102001e1d000000 0 00 00000000 4 0 0 0000000000000038
0000000000000038 0215fffffc040000 0 00 00000000 4 0 1 0000000000000035
0000000000000035 0023151500000100 1 15 00000002 4 0 0 0000000000000036
0000000000000036 00731e1e00000100 1 1e 00000002 4 0 0 0000000000000037
0000000000000037 0102001e1d000000 0 00 00000000 4 0 0 0000000000000038
0000000000000038 0215fffffc040000 0 00 00000000 4 0 1 0000000000000035
0000000000000035 0023151500000100 1 15 00000003 4 0 0 0000000000000036
0000000000000036 00731e1e00000100 1 1e 00000001 4 0 0 0000000000000037
0000000000000037 0102001e1d000000 0 00 00000000 4 0 0 0000000000000038
0000000000000038 0215fffffc040000 0 00 00000000 4 0 1 0000000000000035
0000000000000035 0023151500000100 1 15 00000004 4 0 0 0000000000000036
0000000000000036 00731e1e00000100 1 1e 00000000 4 0 0 0000000000000037
0000000000000037 0102001e1d000000 0 00 00000000 5 1 0 0000000000000038
0000000000000038 0215fffffc040000 0 00 00000000 5 1 0 0000000000000039
0000000000000039 7cf5000000000000 0 00 00000000 5 1 0 000000000000003a
DONE retired=70 fault=00 pc=0000000000000039
