0000000000000000 00131d0000000000 1 1d 00000000 0 0 0 0000000000000001
0000000000000001 8506000000000000 0 00 00000000 0 0 0 0000000000000002
0000000000000002 0023140e4eb2b200 1 14 004eb2b2 0 0 0 0000000000000003
0000000000000003 8506000000000000 0 00 00000000 0 0 0 0000000000000004
0000000000000004 8506000000000000 0 00 00000000 0 0 0 0000000000000005
0000000000000005 8506000000000000 0 00 00000000 0 0 0 0000000000000006
0000000000000006 8506000000000000 0 00 00000000 0 0 0 0000000000000007
0000000000000007 00a30e0400000600 1 0e 00000000 0 0 0 0000000000000008
0000000000000008 0102000501000000 0 00 00000000 5 1 0 0000000000000009
0000000000000009 02150000030e0000 0 00 00000000 5 1 1 000000000000000d
000000000000000d 8506000000000000 0 00 00000000 5 1 0 000000000000000e
000000000000000e 8506000000000000 0 00 00000000 5 1 0 000000000000000f
000000000000000f 00130500aaaaaa00 1 05 ffaaaaaa 5 1 0 0000000000000010
0000000000000010 0102000a13000000 0 00 00000000 5 1 0 0000000000000011
0000000000000011 0215000002040000 0 00 00000000 5 1 0 0000000000000012
0000000000000012 8506000000000000 0 00 00000000 5 1 0 0000000000000013
0000000000000013 8506000000000000 0 00 00000000 5 1 0 0000000000000014
0000000000000014 00731013aaaaaa00 1 10 00555556 5 1 0 0000000000000015
0000000000000015 00131e0000000400 1 1e 00000004 5 1 0 0000000000000016
0000000000000016 0023151500000100 1 15 00000001 5 1 0 0000000000000017
0000000000000017 00731e1e00000100 1 1e 00000003 5 1 0 0000000000000018
0000000000000018 0102001e1d000000 0 00 00000000 4 0 0 0000000000000019
0000000000000019 0215fffffc040000 0 00 00000000 4 0 1 0000000000000016
0000000000000016 0023151500000100 1 15 00000002 4 0 0 0000000000000017
0000000000000017 00731e1e00000100 1 1e 00000002 4 0 0 0000000000000018
0000000000000018 0102001e1d000000 0 00 00000000 4 0 0 0000000000000019
0000000000000019 0215fffffc040000 0 00 00000000 4 0 1 0000000000000016
0000000000000016 0023151500000100 1 15 00000003 4 0 0 0000000000000017
0000000000000017 00731e1e00000100 1 1e 00000001 4 0 0 0000000000000018
0000000000000018 0102001e1d000000 0 00 00000000 4 0 0 0000000000000019
0000000000000019 0215fffffc040000 0 00 00000000 4 0 1 0000000000000016
0000000000000016 0023151500000100 1 15 00000004 4 0 0 0000000000000017
0000000000000017 00731e1e00000100 1 1e 00000000 4 0 0 0000000000000018
0000000000000018 0102001e1d000000 0 00 00000000 5 1 0 0000000000000019
0000000000000019 0215fffffc040000 0 00 00000000 5 1 0 000000000000001a
000000000000001a 7cf5000000000000 0 00 00000000 5 1 0 000000000000001b
DONE retired=36 fault=00 pc=000000000000001a
