0000000000000000 00131d0000000000 1 1d 00000000 0 0 0 0000000000000001
0000000000000001 00230e06a629a000 1 0e ffa629a0 0 0 0 0000000000000002
0000000000000002 00320e0d11000000 1 0e 00000000 0 0 0 0000000000000003
0000000000000003 010200060d000000 0 00 00000000 5 1 0 0000000000000004
0000000000000004 0215000001020000 0 00 00000000 5 1 0 0000000000000005
0000000000000005 8506000000000000 0 00 00000000 5 1 0 0000000000000006
0000000000000006 00630a0a00001f00 1 0a 00000000 5 1 0 0000000000000007
0000000000000007 010200030b000000 0 00 00000000 5 1 0 0000000000000008
0000000000000008 0215000001030000 0 00 00000000 5 1 1 000000000000000a
000000000000000a 00230e0220327700 1 0e 00203277 5 1 0 000000000000000b
000000000000000b 012200030d000000 0 00 00000000 5 0 0 000000000000000c
000000000000000c 0215000003030000 0 00 00000000 5 0 1 0000000000000010
0000000000000010 0072100403000000 1 10 00000000 5 0 0 0000000000000011
0000000000000011 00130100a3a95c00 1 01 ffa3a95c 5 0 0 0000000000000012
0000000000000012 8506000000000000 0 00 00000000 5 0 0 0000000000000013
0000000000000013 00131000ffffff00 1 10 ffffffff 5 0 0 0000000000000014
0000000000000014 00230e05ffffff00 1 0e ffffffff 5 0 0 0000000000000015
0000000000000015 0073020c66c5ca00 1 02 ff993a36 5 0 0 0000000000000016
0000000000000016 00b2070111000000 1 07 ffa3a95c 5 0 0 0000000000000017
0000000000000017 0052080809000000 1 08 00000000 5 0 0 0000000000000018
0000000000000018 0306000000000a00 1 0a 00000000 5 0 0 0000000000000019
0000000000000019 0102000d04000000 0 00 00000000 5 1 0 000000000000001a
000000000000001a 0215000002010000 0 00 00000000 5 1 1 000000000000001d
000000000000001d 8506000000000000 0 00 00000000 5 1 0 000000000000001e
000000000000001e 003205070a000000 1 05 00000000 5 1 0 000000000000001f
000000000000001f 012200090a000000 0 00 00000000 5 0 0 0000000000000020
0000000000000020 0215000002040000 0 00 00000000 5 0 0 0000000000000021
0000000000000021 8506000000000000 0 00 00000000 5 0 0 0000000000000022
0000000000000022 8506000000000000 0 00 00000000 5 0 0 0000000000000023
0000000000000023 00131e0000000200 1 1e 00000002 5 0 0 0000000000000024
0000000000000024 0023151500000100 1 15 00000001 5 0 0 0000000000000025
0000000000000025 00731e1e00000100 1 1e 00000001 5 0 0 0000000000000026
0000000000000026 0102001e1d000000 0 00 00000000 4 0 0 0000000000000027
0000000000000027 0215fffffc040000 0 00 00000000 4 0 1 0000000000000024
0000000000000024 0023151500000100 1 15 00000002 4 0 0 0000000000000025
0000000000000025 00731e1e00000100 1 1e 00000000 4 0 0 0000000000000026
0000000000000026 0102001e1d000000 0 00 00000000 5 1 0 0000000000000027
0000000000000027 0215fffffc040000 0 00 00000000 5 1 0 0000000000000028
0000000000000028 7cf5000000000000 0 00 00000000 5 1 0 0000000000000029
DONE retired=39 fault=00 pc=0000000000000028
