0000000000000000 343001000000f000 0 00 00000000 0 0 0 0 0 0 0000000000000001 ffffffff f ffffffff 1 01
0000000000000001 341107000001f000 0 00 00000000 0 0 0 0 0 0 0000000000000002 ffffffff f ffffffff 1 07
0000000000000002 34110c000003f000 0 00 00000000 0 0 0 0 0 0 0000000000000003 ffffffff f ffffffff 1 0c
0000000000000003 302950b070000000 0 00 00000000 0 0 0 0 0 0 0000000000000004 ffffffff f ffffffff 0 00
0000000000000004 7c1500000f500011 0 00 00000000 0 0 0 0 0 0 0000000000000005 ffffffff f ffffffff 0 00
0000000000000005 104004040c00f000 0 00 00000000 0 0 0 0 0 0 0000000000000006 ffffffff f ffffffff 1 04
0000000000000006 34110d000000f000 0 00 00000000 0 0 0 0 0 0 0000000000000007 ffffffff f ffffffff 1 0d
0000000000000007 10300c010d00f000 0 00 00000000 0 0 0 0 0 0 0000000000000008 ffffffff f ffffffff 1 0c
0000000000000008 10000c0c0700f000 0 00 00000000 0 0 0 0 0 0 0000000000000009 ffffffff f ffffffff 1 0c
0000000000000009 34110a000000f000 0 00 00000000 0 0 0 0 0 0 000000000000000a ffffffff f ffffffff 1 0a
000000000000000a 7c85000007000000 0 00 00000000 0 0 0 0 0 0 000000000000000b ffffffff f ffffffff 0 00
000000000000000b 3059e0a0c0000000 0 00 00000000 0 0 0 0 0 0 000000000000000c ffffffff f ffffffff 0 00
000000000000000c 3029d0a0c0000000 0 00 00000000 0 0 0 0 0 0 000000000000000d ffffffff f ffffffff 0 00
000000000000000d 3009901070000000 0 00 00000000 0 0 0 0 0 0 000000000000000e ffffffff f ffffffff 0 00
000000000000000e 7c15000000900001 0 00 00000000 0 0 0 0 0 0 000000000000000f 00000002 f 00000002 0 00
000000000000000f 105004040c00f000 0 00 00000000 0 0 0 0 0 0 0000000000000010 00000002 f 00000002 1 04
0000000000000010 7c25000000000000 0 00 00000000 0 0 0 0 0 0 000000000000000f fffffffd f fffffffd 0 00
000000000000000f 105004040c00f000 0 00 00000000 0 0 0 0 0 0 0000000000000010 fffffffd f fffffffd 1 04
0000000000000010 7c25000000000000 0 00 00000000 0 0 0 0 0 0 0000000000000011 ffffffff f ffffffff 0 00
0000000000000011 10000a0a0700f000 0 00 00000000 0 0 0 0 0 0 0000000000000012 ffffffff f ffffffff 1 0a
0000000000000012 7c95fffff8d00000 0 00 00000000 0 0 0 0 0 0 000000000000000b ffffffff f ffffffff 0 00
000000000000000b 3059e0a0c0000000 0 00 00000000 0 0 0 0 0 0 000000000000000c ffffffff f ffffffff 0 00
000000000000000c 3029d0a0c0000000 0 00 00000000 0 0 0 0 0 0 000000000000000d ffffffff f ffffffff 0 00
000000000000000d 3009901070000000 0 00 00000000 0 0 0 0 0 0 000000000000000e ffffffff f ffffffff 0 00
000000000000000e 7c15000000900001 0 00 00000000 0 0 0 0 0 0 000000000000000f 00000002 f 00000002 0 00
000000000000000f 105004040c00f000 0 00 00000000 0 0 0 0 0 0 0000000000000010 00000002 f 00000002 1 04
0000000000000010 7c25000000000000 0 00 00000000 0 0 0 0 0 0 000000000000000f fffffffd f fffffffd 0 00
000000000000000f 105004040c00f000 0 00 00000000 0 0 0 0 0 0 0000000000000010 fffffffd f fffffffd 1 04
0000000000000010 7c25000000000000 0 00 00000000 0 0 0 0 0 0 0000000000000011 ffffffff f ffffffff 0 00
0000000000000011 10000a0a0700f000 0 00 00000000 0 0 0 0 0 0 0000000000000012 ffffffff f ffffffff 1 0a
0000000000000012 7c95fffff8d00000 0 00 00000000 0 0 0 0 0 0 0000000000000013 ffffffff f ffffffff 0 00
0000000000000013 0205000002000000 0 00 00000000 0 0 0 0 0 1 0000000000000016 ffffffff f ffffffff 0 00
0000000000000016 7c25000000000000 0 00 00000000 0 0 0 0 0 0 0000000000000017 ffffffff f ffffffff 0 00
0000000000000017 0023060600000300 1 06 00000003 0 0 0 0 0 0 0000000000000018 ffffffff f ffffffff 0 00
0000000000000018 104005010700f000 0 00 00000000 0 0 0 0 0 0 0000000000000019 ffffffff f ffffffff 1 05
0000000000000019 7cf5000000000000 0 00 00000000 0 0 0 0 0 0 000000000000001a ffffffff f ffffffff 0 00
