0000000000000000 0013140000004d00 1 14 0000004d 0 0 0 0000000000000001 0f76c0e3 f 0f76c0e3 0 00 0f76c0e3
0000000000000001 107104030002f000 0 00 00000000 0 0 0 0000000000000002 0f76c0e3 f 0f76c0e3 1 04 0f76c0e3
0000000000000002 100104067ffff000 0 00 00000000 0 0 0 0000000000000003 0f76c0e3 f 0f76c0e3 1 04 0f76c0e3
0000000000000003 10310404fffff000 0 00 00000000 0 0 0 0000000000000004 0f76c0e3 f 0f76c0e3 1 04 0f76c0e3
0000000000000004 340002020000f000 0 00 00000000 0 0 0 0000000000000005 0f76c0e3 f 0f76c0e3 1 02 0f76c0e3
0000000000000005 107105050020f000 0 00 00000000 0 0 0 0000000000000006 0f76c0e3 f 0f76c0e3 1 05 0f76c0e3
0000000000000006 340006030000f000 0 00 00000000 0 0 0 0000000000000007 0f76c0e3 f 0f76c0e3 1 06 0f76c0e3
0000000000000007 10610302001ff000 0 00 00000000 0 0 0 0000000000000008 0f76c0e3 f 0f76c0e3 1 03 0f76c0e3
0000000000000008 341106000001f000 0 00 00000000 0 0 0 0000000000000009 0f76c0e3 f 0f76c0e3 1 06 0f76c0e3
0000000000000009 10510602fffff000 0 00 00000000 0 0 0 000000000000000a 0f76c0e3 f 0f76c0e3 1 06 0f76c0e3
000000000000000a 107104050010f000 0 00 00000000 0 0 0 000000000000000b 0f76c0e3 f 0f76c0e3 1 04 0f76c0e3
000000000000000b 104004040300f000 0 00 00000000 0 0 0 000000000000000c 0f76c0e3 f 0f76c0e3 1 04 0f76c0e3
000000000000000c 00131500aaaaaa00 1 15 ffaaaaaa 0 0 0 000000000000000d 0f76c0e3 f 0f76c0e3 0 00 0f76c0e3
000000000000000d 342006150000f000 0 00 00000000 0 0 0 000000000000000e 0f76c0e3 f 0f76c0e3 1 06 0f76c0e3
000000000000000e 104002040500f000 0 00 00000000 0 0 0 000000000000000f 0f76c0e3 f 0f76c0e3 1 02 0f76c0e3
000000000000000f 100003050600f000 0 00 00000000 0 0 0 0000000000000010 0f76c0e3 f 0f76c0e3 1 03 0f76c0e3
0000000000000010 0013150000000000 1 15 00000000 0 0 0 0000000000000011 0f76c0e3 f 0f76c0e3 0 00 0f76c0e3
0000000000000011 342002150000f000 0 00 00000000 0 0 0 0000000000000012 0f76c0e3 f 0f76c0e3 1 02 0f76c0e3
0000000000000012 10610203000ff000 0 00 00000000 0 0 0 0000000000000013 0f76c0e3 f 0f76c0e3 1 02 0f76c0e3
0000000000000013 107105060020f000 0 00 00000000 0 0 0 0000000000000014 0f76c0e3 f 0f76c0e3 1 05 0f76c0e3
0000000000000014 10610603001ff000 0 00 00000000 0 0 0 0000000000000015 0f76c0e3 f 0f76c0e3 1 06 0f76c0e3
0000000000000015 104006050200f000 0 00 00000000 0 0 0 0000000000000016 0f76c0e3 f 0f76c0e3 1 06 0f76c0e3
0000000000000016 104005060400f000 0 00 00000000 0 0 0 0000000000000017 0f76c0e3 f 0f76c0e3 1 05 0f76c0e3
0000000000000017 343003000000b000 0 00 00000000 0 0 0 0000000000000018 0f76c0e3 b 0a2280a2 1 03 0a2280a2
0000000000000018 0013150000000100 1 15 00000001 0 0 0 0000000000000019 0f76c0e3 f 0f76c0e3 0 00 0f76c0e3
0000000000000019 342006150000f000 0 00 00000000 0 0 0 000000000000001a 0f76c0e3 f 0f76c0e3 1 06 0f76c0e3
000000000000001a 10710505001ff000 0 00 00000000 0 0 0 000000000000001b 0f76c0e3 f 0f76c0e3 1 05 0f76c0e3
000000000000001b 107102040020f000 0 00 00000000 0 0 0 000000000000001c 0f76c0e3 f 0f76c0e3 1 02 0f76c0e3
000000000000001c 00131e0000000100 1 1e 00000001 0 0 0 000000000000001d 0f76c0e3 f 0f76c0e3 0 00 0f76c0e3
000000000000001d 0023171700000100 1 17 00000001 0 0 0 000000000000001e 0f76c0e3 f 0f76c0e3 0 00 0f76c0e3
000000000000001e 00731e1e00000100 1 1e 00000000 0 0 0 000000000000001f 0f76c0e3 f 0f76c0e3 0 00 0f76c0e3
000000000000001f 0013180000000000 1 18 00000000 0 0 0 0000000000000020 0f76c0e3 f 0f76c0e3 0 00 0f76c0e3
0000000000000020 0102001e18000000 0 00 00000000 5 1 0 0000000000000021 0f76c0e3 f 0f76c0e3 0 00 0f76c0e3
0000000000000021 0215fffffb040000 0 00 00000000 5 1 0 0000000000000022 0f76c0e3 f 0f76c0e3 0 00 0f76c0e3
0000000000000022 7cf5000000000000 0 00 00000000 5 1 0 0000000000000023 0f76c0e3 f 0f76c0e3 0 00 0f76c0e3
DONE retired=35 fault=00 pc=0000000000000022
