0000000000000000 0013140000004d00 1 14 0000004d 0 0 0 0000000000000001 d395b6b0 f d395b6b0 0 00 d395b6b0
0000000000000001 00131600ffffff00 1 16 ffffffff 0 0 0 0000000000000002 d395b6b0 f d395b6b0 0 00 d395b6b0
0000000000000002 342006160000f000 0 00 00000000 0 0 0 0000000000000003 d395b6b0 f d395b6b0 1 06 d395b6b0
0000000000000003 10810306003ff000 0 00 00000000 0 0 0 0000000000000004 d395b6b0 f d395b6b0 1 03 d395b6b0
0000000000000004 341102002577f000 0 00 00000000 0 0 0 0000000000000005 d395b6b0 f d395b6b0 1 02 d395b6b0
0000000000000005 107103050001f000 0 00 00000000 0 0 0 0000000000000006 d395b6b0 f d395b6b0 1 03 d395b6b0
0000000000000006 34110300fffff000 0 00 00000000 0 0 0 0000000000000007 d395b6b0 f d395b6b0 1 03 d395b6b0
0000000000000007 105105068000f000 0 00 00000000 0 0 0 0000000000000008 d395b6b0 f d395b6b0 1 05 d395b6b0
0000000000000008 0013150000000000 1 15 00000000 0 0 0 0000000000000009 d395b6b0 f d395b6b0 0 00 d395b6b0
0000000000000009 342002150000f000 0 00 00000000 0 0 0 000000000000000a d395b6b0 f d395b6b0 1 02 d395b6b0
000000000000000a 10010305f4d4f000 0 00 00000000 0 0 0 000000000000000b d395b6b0 f d395b6b0 1 03 d395b6b0
000000000000000b 341103000001f000 0 00 00000000 0 0 0 000000000000000c d395b6b0 f d395b6b0 1 03 d395b6b0
000000000000000c 340002050000f000 0 00 00000000 0 0 0 000000000000000d d395b6b0 f d395b6b0 1 02 d395b6b0
000000000000000d 100002040600f000 0 00 00000000 0 0 0 000000000000000e d395b6b0 f d395b6b0 1 02 d395b6b0
000000000000000e 10610603001ff000 0 00 00000000 0 0 0 000000000000000f d395b6b0 f d395b6b0 1 06 d395b6b0
000000000000000f 340003040000f000 0 00 00000000 0 0 0 0000000000000010 d395b6b0 f d395b6b0 1 03 d395b6b0
0000000000000010 103005040600f000 0 00 00000000 0 0 0 0000000000000011 d395b6b0 f d395b6b0 1 05 d395b6b0
0000000000000011 343005000000f000 0 00 00000000 0 0 0 0000000000000012 d395b6b0 f d395b6b0 1 05 d395b6b0
0000000000000012 341105008000f000 0 00 00000000 0 0 0 0000000000000013 d395b6b0 f d395b6b0 1 05 d395b6b0
0000000000000013 104003030600f000 0 00 00000000 0 0 0 0000000000000014 d395b6b0 f d395b6b0 1 03 d395b6b0
0000000000000014 340005060000f000 0 00 00000000 0 0 0 0000000000000015 d395b6b0 f d395b6b0 1 05 d395b6b0
0000000000000015 340006040000f000 0 00 00000000 0 0 0 0000000000000016 d395b6b0 f d395b6b0 1 06 d395b6b0
0000000000000016 10710205000ff000 0 00 00000000 0 0 0 0000000000000017 d395b6b0 f d395b6b0 1 02 d395b6b0
0000000000000017 100103048000f000 0 00 00000000 0 0 0 0000000000000018 d395b6b0 f d395b6b0 1 03 d395b6b0
0000000000000018 00131e0000000200 1 1e 00000002 0 0 0 0000000000000019 d395b6b0 f d395b6b0 0 00 d395b6b0
0000000000000019 0023171700000100 1 17 00000001 0 0 0 000000000000001a d395b6b0 f d395b6b0 0 00 d395b6b0
000000000000001a 00731e1e00000100 1 1e 00000001 0 0 0 000000000000001b d395b6b0 f d395b6b0 0 00 d395b6b0
000000000000001b 0013180000000000 1 18 00000000 0 0 0 000000000000001c d395b6b0 f d395b6b0 0 00 d395b6b0
000000000000001c 0102001e18000000 0 00 00000000 4 0 0 000000000000001d d395b6b0 f d395b6b0 0 00 d395b6b0
000000000000001d 0215fffffb040000 0 00 00000000 4 0 1 0000000000000019 d395b6b0 f d395b6b0 0 00 d395b6b0
0000000000000019 0023171700000100 1 17 00000002 4 0 0 000000000000001a d395b6b0 f d395b6b0 0 00 d395b6b0
000000000000001a 00731e1e00000100 1 1e 00000000 4 0 0 000000000000001b d395b6b0 f d395b6b0 0 00 d395b6b0
000000000000001b 0013180000000000 1 18 00000000 4 0 0 000000000000001c d395b6b0 f d395b6b0 0 00 d395b6b0
000000000000001c 0102001e18000000 0 00 00000000 5 1 0 000000000000001d d395b6b0 f d395b6b0 0 00 d395b6b0
000000000000001d 0215fffffb040000 0 00 00000000 5 1 0 000000000000001e d395b6b0 f d395b6b0 0 00 d395b6b0
000000000000001e 7cf5000000000000 0 00 00000000 5 1 0 000000000000001f d395b6b0 f d395b6b0 0 00 d395b6b0
DONE retired=36 fault=00 pc=000000000000001e
