0000000000000000 00131d0000000000 1 1d 00000000 0 0 0 0000000000000001
0000000000000001 0073040300000000 1 04 00000000 0 0 0 0000000000000002
0000000000000002 00520e110a000000 1 0e 00000000 0 0 0 0000000000000003
0000000000000003 012200040f000000 0 00 00000000 5 0 0 0000000000000004
0000000000000004 02150000030c0000 0 00 00000000 5 0 1 0000000000000008
0000000000000008 0073110700000100 1 11 ffffffff 5 0 0 0000000000000009
0000000000000009 00130f00ba1c5700 1 0f ffba1c57 5 0 0 000000000000000a
000000000000000a 00a2040f04000000 1 04 ffba1c57 5 0 0 000000000000000b
000000000000000b 00b3010b00000300 1 01 00000000 5 0 0 000000000000000c
000000000000000c 0013070000000100 1 07 00000001 5 0 0 000000000000000d
000000000000000d 00130a008fabda00 1 0a ff8fabda 5 0 0 000000000000000e
000000000000000e 0112001105000000 0 00 00000000 6 1 0 000000000000000f
000000000000000f 0215000002020000 0 00 00000000 6 1 0 0000000000000010
0000000000000010 8506000000000000 0 00 00000000 6 1 0 0000000000000011
0000000000000011 8506000000000000 0 00 00000000 6 1 0 0000000000000012
0000000000000012 8506000000000000 0 00 00000000 6 1 0 0000000000000013
0000000000000013 8506000000000000 0 00 00000000 6 1 0 0000000000000014
0000000000000014 00131200a5fe8500 1 12 ffa5fe85 6 1 0 0000000000000015
0000000000000015 00a3040600000700 1 04 00000000 6 1 0 0000000000000016
0000000000000016 8506000000000000 0 00 00000000 6 1 0 0000000000000017
0000000000000017 8506000000000000 0 00 00000000 6 1 0 0000000000000018
0000000000000018 0052010202000000 1 01 00000000 6 1 0 0000000000000019
0000000000000019 00130500ffffff00 1 05 ffffffff 6 1 0 000000000000001a
000000000000001a 0063080400001700 1 08 00000000 6 1 0 000000000000001b
000000000000001b 0042060107000000 1 06 00000000 6 1 0 000000000000001c
000000000000001c 00131e0000000400 1 1e 00000004 6 1 0 000000000000001d
000000000000001d 0023151500000100 1 15 00000001 6 1 0 000000000000001e
000000000000001e 00731e1e00000100 1 1e 00000003 6 1 0 000000000000001f
000000000000001f 0102001e1d000000 0 00 00000000 4 0 0 0000000000000020
0000000000000020 0215fffffc040000 0 00 00000000 4 0 1 000000000000001d
000000000000001d 0023151500000100 1 15 00000002 4 0 0 000000000000001e
000000000000001e 00731e1e00000100 1 1e 00000002 4 0 0 000000000000001f
000000000000001f 0102001e1d000000 0 00 00000000 4 0 0 0000000000000020
0000000000000020 0215fffffc040000 0 00 00000000 4 0 1 000000000000001d
000000000000001d 0023151500000100 1 15 00000003 4 0 0 000000000000001e
000000000000001e 00731e1e00000100 1 1e 00000001 4 0 0 000000000000001f
000000000000001f 0102001e1d000000 0 00 00000000 4 0 0 0000000000000020
0000000000000020 0215fffffc040000 0 00 00000000 4 0 1 000000000000001d
000000000000001d 0023151500000100 1 15 00000004 4 0 0 000000000000001e
000000000000001e 00731e1e00000100 1 1e 00000000 4 0 0 000000000000001f
000000000000001f 0102001e1d000000 0 00 00000000 5 1 0 0000000000000020
0000000000000020 0215fffffc040000 0 00 00000000 5 1 0 0000000000000021
0000000000000021 7cf5000000000000 0 00 00000000 5 1 0 0000000000000022
DONE retired=43 fault=00 pc=0000000000000021
