0000000000000000 00131d0000000000 1 1d 00000000 0 0 0 0000000000000001
0000000000000001 00730e0cd2b80500 1 0e 002d47fb 0 0 0 0000000000000002
0000000000000002 0306000000000d00 1 0d 00000000 0 0 0 0000000000000003
0000000000000003 001308000dc0de00 1 08 000dc0de 0 0 0 0000000000000004
0000000000000004 00a3050600001600 1 05 00000000 0 0 0 0000000000000005
0000000000000005 0092070900000000 1 07 ffffffff 0 0 0 0000000000000006
0000000000000006 8506000000000000 0 00 00000000 0 0 0 0000000000000007
0000000000000007 0306000000000500 1 05 00000000 0 0 0 0000000000000008
0000000000000008 00220c1413000000 1 0c 00000000 0 0 0 0000000000000009
0000000000000009 0082040810000000 1 04 000dc0de 0 0 0 000000000000000a
000000000000000a 0073020f00000000 1 02 00000000 0 0 0 000000000000000b
000000000000000b 0306000000000c00 1 0c 00000000 0 0 0 000000000000000c
000000000000000c 8506000000000000 0 00 00000000 0 0 0 000000000000000d
000000000000000d 0122000602000000 0 00 00000000 5 0 0 000000000000000e
000000000000000e 02150000020b0000 0 00 00000000 5 0 0 000000000000000f
000000000000000f 8506000000000000 0 00 00000000 5 0 0 0000000000000010
0000000000000010 8506000000000000 0 00 00000000 5 0 0 0000000000000011
0000000000000011 00a3011200001d00 1 01 00000000 5 0 0 0000000000000012
0000000000000012 8506000000000000 0 00 00000000 5 0 0 0000000000000013
0000000000000013 0013070072c44100 1 07 0072c441 5 0 0 0000000000000014
0000000000000014 8506000000000000 0 00 00000000 5 0 0 0000000000000015
0000000000000015 8506000000000000 0 00 00000000 5 0 0 0000000000000016
0000000000000016 007212120f000000 1 12 00000000 5 0 0 0000000000000017
0000000000000017 0092061300000000 1 06 ffffffff 5 0 0 0000000000000018
0000000000000018 8506000000000000 0 00 00000000 5 0 0 0000000000000019
0000000000000019 001301007b313300 1 01 007b3133 5 0 0 000000000000001a
000000000000001a 0082030c07000000 1 03 0072c441 5 0 0 000000000000001b
000000000000001b 00131e0000000300 1 1e 00000003 5 0 0 000000000000001c
000000000000001c 0023151500000100 1 15 00000001 5 0 0 000000000000001d
000000000000001d 00731e1e00000100 1 1e 00000002 5 0 0 000000000000001e
000000000000001e 0102001e1d000000 0 00 00000000 4 0 0 000000000000001f
000000000000001f 0215fffffc040000 0 00 00000000 4 0 1 000000000000001c
000000000000001c 0023151500000100 1 15 00000002 4 0 0 000000000000001d
000000000000001d 00731e1e00000100 1 1e 00000001 4 0 0 000000000000001e
000000000000001e 0102001e1d000000 0 00 00000000 4 0 0 000000000000001f
000000000000001f 0215fffffc040000 0 00 00000000 4 0 1 000000000000001c
000000000000001c 0023151500000100 1 15 00000003 4 0 0 000000000000001d
000000000000001d 00731e1e00000100 1 1e 00000000 4 0 0 000000000000001e
000000000000001e 0102001e1d000000 0 00 00000000 5 1 0 000000000000001f
000000000000001f 0215fffffc040000 0 00 00000000 5 1 0 0000000000000020
0000000000000020 7cf5000000000000 0 00 00000000 5 1 0 0000000000000021
DONE retired=41 fault=00 pc=0000000000000020
