0000000000000000 343001000000f000 0 00 00000000 0 0 0 0 0 0 0000000000000001 ffffffff f ffffffff 1 01
0000000000000001 341107000001f000 0 00 00000000 0 0 0 0 0 0 0000000000000002 ffffffff f ffffffff 1 07
0000000000000002 34110c000003f000 0 00 00000000 0 0 0 0 0 0 0000000000000003 ffffffff f ffffffff 1 0c
0000000000000003 341103000004f000 0 00 00000000 0 0 0 0 0 0 0000000000000004 ffffffff f ffffffff 1 03
0000000000000004 110003010700f000 0 00 00000000 0 0 0 0 0 0 0000000000000005 ffffffff f ffffffff 1 03
0000000000000005 304910a070000000 0 00 00000000 0 0 0 0 0 0 0000000000000006 ffffffff f ffffffff 0 00
0000000000000006 7c1500001b10002d 0 00 00000000 0 0 0 0 0 0 0000000000000022 ffffffff f ffffffff 0 00
0000000000000022 104004030c00f000 0 00 00000000 0 0 0 0 0 0 0000000000000023 ffffffff f ffffffff 1 04
0000000000000023 301930a070000000 0 00 00000000 0 0 0 0 0 0 0000000000000024 ffffffff f ffffffff 0 00
0000000000000024 7c1500000c30000e 0 00 00000000 0 0 0 0 0 0 0000000000000025 ffffffff f ffffffff 0 00
0000000000000025 34110d000000f000 0 00 00000000 0 0 0 0 0 0 0000000000000026 ffffffff f ffffffff 1 0d
0000000000000026 10300c010d00f000 0 00 00000000 0 0 0 0 0 0 0000000000000027 ffffffff f ffffffff 1 0c
0000000000000027 10000c0c0700f000 0 00 00000000 0 0 0 0 0 0 0000000000000028 ffffffff f ffffffff 1 0c
0000000000000028 34110a000000f000 0 00 00000000 0 0 0 0 0 0 0000000000000029 ffffffff f ffffffff 1 0a
0000000000000029 7c85000004000000 0 00 00000000 0 0 0 0 0 0 000000000000002a ffffffff f ffffffff 0 00
000000000000002a 3059e0a0c0000000 0 00 00000000 0 0 0 0 0 0 000000000000002b ffffffff f ffffffff 0 00
000000000000002b 3029d0a0c0000000 0 00 00000000 0 0 0 0 0 0 000000000000002c ffffffff f ffffffff 0 00
000000000000002c 34110400000df000 0 00 00000000 0 0 0 0 0 0 000000000000002d ffffffff f ffffffff 1 04
000000000000002d 10000a0a0700f000 0 00 00000000 0 0 0 0 0 0 000000000000002e ffffffff f ffffffff 1 0a
000000000000002e 7c95fffffbd00000 0 00 00000000 0 0 0 0 0 0 000000000000002a ffffffff f ffffffff 0 00
000000000000002a 3059e0a0c0000000 0 00 00000000 0 0 0 0 0 0 000000000000002b ffffffff f ffffffff 0 00
000000000000002b 3029d0a0c0000000 0 00 00000000 0 0 0 0 0 0 000000000000002c ffffffff f ffffffff 0 00
000000000000002c 34110400000df000 0 00 00000000 0 0 0 0 0 0 000000000000002d ffffffff f ffffffff 1 04
000000000000002d 10000a0a0700f000 0 00 00000000 0 0 0 0 0 0 000000000000002e ffffffff f ffffffff 1 0a
000000000000002e 7c95fffffbd00000 0 00 00000000 0 0 0 0 0 0 000000000000002f ffffffff f ffffffff 0 00
000000000000002f 34110c00000df000 0 00 00000000 0 0 0 0 0 0 0000000000000030 ffffffff f ffffffff 1 0c
0000000000000030 0205000002000000 0 00 00000000 0 0 0 0 0 1 0000000000000033 ffffffff f ffffffff 0 00
0000000000000033 7c25000000000000 0 00 00000000 0 0 0 0 0 0 0000000000000034 ffffffff f ffffffff 0 00
0000000000000034 7c25000000000000 0 00 00000000 0 0 0 0 0 0 0000000000000035 ffffffff f ffffffff 0 00
0000000000000035 7cf5000000000000 0 00 00000000 0 0 0 0 0 0 0000000000000036 ffffffff f ffffffff 0 00
