0000000000000000 00131d0000000000 1 1d 00000000 0 0 0 0000000000000001
0000000000000001 0013050017a30e00 1 05 0017a30e 0 0 0 0000000000000002
0000000000000002 0102000710000000 0 00 00000000 5 1 0 0000000000000003
0000000000000003 0215000003030000 0 00 00000000 5 1 1 0000000000000007
0000000000000007 8506000000000000 0 00 00000000 5 1 0 0000000000000008
0000000000000008 8506000000000000 0 00 00000000 5 1 0 0000000000000009
0000000000000009 0092110e00000000 1 11 ffffffff 5 1 0 000000000000000a
000000000000000a 0062080a10000000 1 08 00000000 5 1 0 000000000000000b
000000000000000b 0102000409000000 0 00 00000000 5 1 0 000000000000000c
000000000000000c 02150000010d0000 0 00 00000000 5 1 0 000000000000000d
000000000000000d 8506000000000000 0 00 00000000 5 1 0 000000000000000e
000000000000000e 8506000000000000 0 00 00000000 5 1 0 000000000000000f
000000000000000f 8506000000000000 0 00 00000000 5 1 0 0000000000000010
0000000000000010 0062140208000000 1 14 00000000 5 1 0 0000000000000011
0000000000000011 0306000000000700 1 07 00000000 5 1 0 0000000000000012
0000000000000012 00b20d0813000000 1 0d 00000000 5 1 0 0000000000000013
0000000000000013 00b3061400002000 1 06 00000000 5 1 0 0000000000000014
0000000000000014 0013080000000100 1 08 00000001 5 1 0 0000000000000015
0000000000000015 8506000000000000 0 00 00000000 5 1 0 0000000000000016
0000000000000016 0122000e05000000 0 00 00000000 2 0 0 0000000000000017
0000000000000017 0215000002040000 0 00 00000000 2 0 1 000000000000001a
000000000000001a 0112000c0e000000 0 00 00000000 5 0 0 000000000000001b
000000000000001b 0215000002010000 0 00 00000000 5 0 0 000000000000001c
000000000000001c 8506000000000000 0 00 00000000 5 0 0 000000000000001d
000000000000001d 8506000000000000 0 00 00000000 5 0 0 000000000000001e
000000000000001e 0022080d0b000000 1 08 00000000 5 0 0 000000000000001f
000000000000001f 00130e0001194000 1 0e 00011940 5 0 0 0000000000000020
0000000000000020 8506000000000000 0 00 00000000 5 0 0 0000000000000021
0000000000000021 00130b0038a75800 1 0b 0038a758 5 0 0 0000000000000022
0000000000000022 0013130024793a00 1 13 0024793a 5 0 0 0000000000000023
0000000000000023 0112000d02000000 0 00 00000000 5 0 0 0000000000000024
0000000000000024 02150000010e0000 0 00 00000000 5 0 1 0000000000000026
0000000000000026 0092140f00000000 1 14 ffffffff 5 0 0 0000000000000027
0000000000000027 00130c00d56c5000 1 0c ffd56c50 5 0 0 0000000000000028
0000000000000028 00130b00ffffff00 1 0b ffffffff 5 0 0 0000000000000029
0000000000000029 0092110d00000000 1 11 ffffffff 5 0 0 000000000000002a
000000000000002a 8506000000000000 0 00 00000000 5 0 0 000000000000002b
000000000000002b 00720d0213000000 1 0d ffdb86c6 5 0 0 000000000000002c
000000000000002c 0032101308000000 1 10 00000000 5 0 0 000000000000002d
000000000000002d 00320b060a000000 1 0b 00000000 5 0 0 000000000000002e
000000000000002e 00131e0000000100 1 1e 00000001 5 0 0 000000000000002f
000000000000002f 0023151500000100 1 15 00000001 5 0 0 0000000000000030
0000000000000030 00731e1e00000100 1 1e 00000000 5 0 0 0000000000000031
0000000000000031 0102001e1d000000 0 00 00000000 5 1 0 0000000000000032
0000000000000032 0215fffffc040000 0 00 00000000 5 1 0 0000000000000033
0000000000000033 7cf5000000000000 0 00 00000000 5 1 0 0000000000000034
DONE retired=46 fault=00 pc=0000000000000033
