0000000000000000 00131d0000000000 1 1d 00000000 0 0 0 0000000000000001
0000000000000001 010200040a000000 0 00 00000000 5 1 0 0000000000000002
0000000000000002 0215000003020000 0 00 00000000 5 1 0 0000000000000003
0000000000000003 8506000000000000 0 00 00000000 5 1 0 0000000000000004
0000000000000004 8506000000000000 0 00 00000000 5 1 0 0000000000000005
0000000000000005 8506000000000000 0 00 00000000 5 1 0 0000000000000006
0000000000000006 00130d00382f7400 1 0d 00382f74 5 1 0 0000000000000007
0000000000000007 0122000904000000 0 00 00000000 5 0 0 0000000000000008
0000000000000008 02150000020e0000 0 00 00000000 5 0 1 000000000000000b
000000000000000b 00a20f1413000000 1 0f 00000000 5 0 0 000000000000000c
000000000000000c 0052050913000000 1 05 00000000 5 0 0 000000000000000d
000000000000000d 8506000000000000 0 00 00000000 5 0 0 000000000000000e
000000000000000e 0092050800000000 1 05 ffffffff 5 0 0 000000000000000f
000000000000000f 0013080000000000 1 08 00000000 5 0 0 0000000000000010
0000000000000010 00131e0000000200 1 1e 00000002 5 0 0 0000000000000011
0000000000000011 0023151500000100 1 15 00000001 5 0 0 0000000000000012
0000000000000012 00731e1e00000100 1 1e 00000001 5 0 0 0000000000000013
0000000000000013 0102001e1d000000 0 00 00000000 4 0 0 0000000000000014
0000000000000014 0215fffffc040000 0 00 00000000 4 0 1 0000000000000011
0000000000000011 0023151500000100 1 15 00000002 4 0 0 0000000000000012
0000000000000012 00731e1e00000100 1 1e 00000000 4 0 0 0000000000000013
0000000000000013 0102001e1d000000 0 00 00000000 5 1 0 0000000000000014
0000000000000014 0215fffffc040000 0 00 00000000 5 1 0 0000000000000015
0000000000000015 7cf5000000000000 0 00 00000000 5 1 0 0000000000000016
DONE retired=24 fault=00 pc=0000000000000015
