0000000000000000 0013140000004d00 1 14 0000004d 0 0 0 0000000000000001 10000000 f 10000000 0 00 10000000
0000000000000001 1020040405002000 0 00 00000000 0 0 0 0000000000000002 10000000 2 00000000 1 04 00000000
0000000000000002 00131600ffffff00 1 16 ffffffff 0 0 0 0000000000000003 10000000 f 10000000 0 00 10000000
0000000000000003 342004160000f000 0 00 00000000 0 0 0 0000000000000004 10000000 f 10000000 1 04 10000000
0000000000000004 108102040020f000 0 00 00000000 0 0 0 0000000000000005 10000000 f 10000000 1 02 10000000
0000000000000005 105003040500f000 0 00 00000000 0 0 0 0000000000000006 10000000 f 10000000 1 03 10000000
0000000000000006 00131600ffffff00 1 16 ffffffff 0 0 0 0000000000000007 10000000 f 10000000 0 00 10000000
0000000000000007 342005160000f000 0 00 00000000 0 0 0 0000000000000008 10000000 f 10000000 1 05 10000000
0000000000000008 108103050010f000 0 00 00000000 0 0 0 0000000000000009 10000000 f 10000000 1 03 10000000
0000000000000009 100105068000f000 0 00 00000000 0 0 0 000000000000000a 10000000 f 10000000 1 05 10000000
000000000000000a 340002060000f000 0 00 00000000 0 0 0 000000000000000b 10000000 f 10000000 1 02 10000000
000000000000000b 340005060000f000 0 00 00000000 0 0 0 000000000000000c 10000000 f 10000000 1 05 10000000
000000000000000c 0013150000000000 1 15 00000000 0 0 0 000000000000000d 10000000 f 10000000 0 00 10000000
000000000000000d 3420021500000000 0 00 00000000 0 0 0 000000000000000e 10000000 0 10000000 1 02 10000000
000000000000000e 104102028000f000 0 00 00000000 0 0 0 000000000000000f 10000000 f 10000000 1 02 10000000
000000000000000f 340002020000f000 0 00 00000000 0 0 0 0000000000000010 10000000 f 10000000 1 02 10000000
0000000000000010 104004040200f000 0 00 00000000 0 0 0 0000000000000011 10000000 f 10000000 1 04 10000000
0000000000000011 0013150055555500 1 15 00555555 0 0 0 0000000000000012 10000000 f 10000000 0 00 10000000
0000000000000012 342003150000f000 0 00 00000000 0 0 0 0000000000000013 10000000 f 10000000 1 03 10000000
0000000000000013 3411020023fbf000 0 00 00000000 0 0 0 0000000000000014 10000000 f 10000000 1 02 10000000
0000000000000014 107103050000f000 0 00 00000000 0 0 0 0000000000000015 10000000 f 10000000 1 03 10000000
0000000000000015 100102030001f000 0 00 00000000 0 0 0 0000000000000016 10000000 f 10000000 1 02 10000000
0000000000000016 3411020054ddf000 0 00 00000000 0 0 0 0000000000000017 10000000 f 10000000 1 02 10000000
0000000000000017 101103037ffff000 0 00 00000000 0 0 0 0000000000000018 10000000 f 10000000 1 03 10000000
0000000000000018 106104060001f000 0 00 00000000 0 0 0 0000000000000019 10000000 f 10000000 1 04 10000000
0000000000000019 105003040200f000 0 00 00000000 0 0 0 000000000000001a 10000000 f 10000000 1 03 10000000
000000000000001a 340003050000f000 0 00 00000000 0 0 0 000000000000001b 10000000 f 10000000 1 03 10000000
000000000000001b 343005000000f000 0 00 00000000 0 0 0 000000000000001c 10000000 f 10000000 1 05 10000000
000000000000001c 00131500ffffff00 1 15 ffffffff 0 0 0 000000000000001d 10000000 f 10000000 0 00 10000000
000000000000001d 3420041500001000 0 00 00000000 0 0 0 000000000000001e 10000000 1 10000000 1 04 10000000
000000000000001e 00131e0000000100 1 1e 00000001 0 0 0 000000000000001f 10000000 f 10000000 0 00 10000000
000000000000001f 0023171700000100 1 17 00000001 0 0 0 0000000000000020 10000000 f 10000000 0 00 10000000
0000000000000020 00731e1e00000100 1 1e 00000000 0 0 0 0000000000000021 10000000 f 10000000 0 00 10000000
0000000000000021 0013180000000000 1 18 00000000 0 0 0 0000000000000022 10000000 f 10000000 0 00 10000000
0000000000000022 0102001e18000000 0 00 00000000 5 1 0 0000000000000023 10000000 f 10000000 0 00 10000000
0000000000000023 0215fffffb040000 0 00 00000000 5 1 0 0000000000000024 10000000 f 10000000 0 00 10000000
0000000000000024 7cf5000000000000 0 00 00000000 5 1 0 0000000000000025 10000000 f 10000000 0 00 10000000
DONE retired=37 fault=00 pc=0000000000000024
