0000000000000000 0013140000004d00 1 14 0000004d 0 0 0 0000000000000001 fffe0000 f fffe0000 0 00 fffe0000
0000000000000001 00131600ffffff00 1 16 ffffffff 0 0 0 0000000000000002 fffe0000 f fffe0000 0 00 fffe0000
0000000000000002 342005160000f000 0 00 00000000 0 0 0 0000000000000003 fffe0000 f fffe0000 1 05 fffe0000
0000000000000003 108106050021f000 0 00 00000000 0 0 0 0000000000000004 fffe0000 f fffe0000 1 06 fffe0000
0000000000000004 340003040000d000 0 00 00000000 0 0 0 0000000000000005 fffe0000 d 91580000 1 03 91580000
0000000000000005 3430020000009000 0 00 00000000 0 0 0 0000000000000006 fffe0000 9 7ffe0000 1 02 7ffe0000
0000000000000006 101005050400f000 0 00 00000000 0 0 0 0000000000000007 fffe0000 f fffe0000 1 05 fffe0000
0000000000000007 343002000000f000 0 00 00000000 0 0 0 0000000000000008 fffe0000 f fffe0000 1 02 fffe0000
0000000000000008 101006040300f000 0 00 00000000 0 0 0 0000000000000009 fffe0000 f fffe0000 1 06 fffe0000
0000000000000009 10610202000df000 0 00 00000000 0 0 0 000000000000000a fffe0000 f fffe0000 1 02 fffe0000
000000000000000a 10510303fffff000 0 00 00000000 0 0 0 000000000000000b fffe0000 f fffe0000 1 03 fffe0000
000000000000000b 00131500aaaaaa00 1 15 ffaaaaaa 0 0 0 000000000000000c fffe0000 f fffe0000 0 00 fffe0000
000000000000000c 342002150000f000 0 00 00000000 0 0 0 000000000000000d fffe0000 f fffe0000 1 02 fffe0000
000000000000000d 103002040300f000 0 00 00000000 0 0 0 000000000000000e fffe0000 f fffe0000 1 02 fffe0000
000000000000000e 0013150000000000 1 15 00000000 0 0 0 000000000000000f fffe0000 f fffe0000 0 00 fffe0000
000000000000000f 3420031500006000 0 00 00000000 0 0 0 0000000000000010 fffe0000 6 55540000 1 03 55540000
0000000000000010 00131500ffffff00 1 15 ffffffff 0 0 0 0000000000000011 fffe0000 f fffe0000 0 00 fffe0000
0000000000000011 342005150000e000 0 00 00000000 0 0 0 0000000000000012 fffe0000 e 55540000 1 05 55540000
0000000000000012 1010060302002000 0 00 00000000 0 0 0 0000000000000013 fffe0000 2 fffe0000 1 06 fffe0000
0000000000000013 102004030500f000 0 00 00000000 0 0 0 0000000000000014 fffe0000 f fffe0000 1 04 fffe0000
0000000000000014 00131e0000000200 1 1e 00000002 0 0 0 0000000000000015 fffe0000 f fffe0000 0 00 fffe0000
0000000000000015 0023171700000100 1 17 00000001 0 0 0 0000000000000016 fffe0000 f fffe0000 0 00 fffe0000
0000000000000016 00731e1e00000100 1 1e 00000001 0 0 0 0000000000000017 fffe0000 f fffe0000 0 00 fffe0000
0000000000000017 0013180000000000 1 18 00000000 0 0 0 0000000000000018 fffe0000 f fffe0000 0 00 fffe0000
0000000000000018 0102001e18000000 0 00 00000000 4 0 0 0000000000000019 fffe0000 f fffe0000 0 00 fffe0000
0000000000000019 0215fffffb040000 0 00 00000000 4 0 1 0000000000000015 fffe0000 f fffe0000 0 00 fffe0000
0000000000000015 0023171700000100 1 17 00000002 4 0 0 0000000000000016 fffe0000 f fffe0000 0 00 fffe0000
0000000000000016 00731e1e00000100 1 1e 00000000 4 0 0 0000000000000017 fffe0000 f fffe0000 0 00 fffe0000
0000000000000017 0013180000000000 1 18 00000000 4 0 0 0000000000000018 fffe0000 f fffe0000 0 00 fffe0000
0000000000000018 0102001e18000000 0 00 00000000 5 1 0 0000000000000019 fffe0000 f fffe0000 0 00 fffe0000
0000000000000019 0215fffffb040000 0 00 00000000 5 1 0 000000000000001a fffe0000 f fffe0000 0 00 fffe0000
000000000000001a 7cf5000000000000 0 00 00000000 5 1 0 000000000000001b fffe0000 f fffe0000 0 00 fffe0000
DONE retired=32 fault=00 pc=000000000000001a
