0000000000000000 0013140000004d00 1 14 0000004d 0 0 0 0000000000000001 e6aefc3c f e6aefc3c 0 00 e6aefc3c
0000000000000001 107103050020f000 0 00 00000000 0 0 0 0000000000000002 e6aefc3c f e6aefc3c 1 03 e6aefc3c
0000000000000002 341106000001f000 0 00 00000000 0 0 0 0000000000000003 e6aefc3c f e6aefc3c 1 06 e6aefc3c
0000000000000003 10610605000ff000 0 00 00000000 0 0 0 0000000000000004 e6aefc3c f e6aefc3c 1 06 e6aefc3c
0000000000000004 103106020001f000 0 00 00000000 0 0 0 0000000000000005 e6aefc3c f e6aefc3c 1 06 e6aefc3c
0000000000000005 3400020400006000 0 00 00000000 0 0 0 0000000000000006 e6aefc3c 6 a2aaa828 1 02 a2aaa828
0000000000000006 10610503003ff000 0 00 00000000 0 0 0 0000000000000007 e6aefc3c f e6aefc3c 1 05 e6aefc3c
0000000000000007 100006040300f000 0 00 00000000 0 0 0 0000000000000008 e6aefc3c f e6aefc3c 1 06 e6aefc3c
0000000000000008 3430060000007000 0 00 00000000 0 0 0 0000000000000009 e6aefc3c 7 2008001c 1 06 2008001c
0000000000000009 341102008000f000 0 00 00000000 0 0 0 000000000000000a e6aefc3c f e6aefc3c 1 02 e6aefc3c
000000000000000a 340004060000f000 0 00 00000000 0 0 0 000000000000000b e6aefc3c f e6aefc3c 1 04 e6aefc3c
000000000000000b 343005000000f000 0 00 00000000 0 0 0 000000000000000c e6aefc3c f e6aefc3c 1 05 e6aefc3c
000000000000000c 34110300fffff000 0 00 00000000 0 0 0 000000000000000d e6aefc3c f e6aefc3c 1 03 e6aefc3c
000000000000000d 1050060304008000 0 00 00000000 0 0 0 000000000000000e e6aefc3c 8 e6aefc3c 1 06 e6aefc3c
000000000000000e 343006000000f000 0 00 00000000 0 0 0 000000000000000f e6aefc3c f e6aefc3c 1 06 e6aefc3c
000000000000000f 341103006b58f000 0 00 00000000 0 0 0 0000000000000010 e6aefc3c f e6aefc3c 1 03 e6aefc3c
0000000000000010 101106057bbdf000 0 00 00000000 0 0 0 0000000000000011 e6aefc3c f e6aefc3c 1 06 e6aefc3c
0000000000000011 341104000001f000 0 00 00000000 0 0 0 0000000000000012 e6aefc3c f e6aefc3c 1 04 e6aefc3c
0000000000000012 105005020600f000 0 00 00000000 0 0 0 0000000000000013 e6aefc3c f e6aefc3c 1 05 e6aefc3c
0000000000000013 340003020000e000 0 00 00000000 0 0 0 0000000000000014 e6aefc3c e 66a6080c 1 03 66a6080c
0000000000000014 0013160000000000 1 16 00000000 0 0 0 0000000000000015 e6aefc3c f e6aefc3c 0 00 e6aefc3c
0000000000000015 342005160000f000 0 00 00000000 0 0 0 0000000000000016 e6aefc3c f e6aefc3c 1 05 e6aefc3c
0000000000000016 108102050010f000 0 00 00000000 0 0 0 0000000000000017 e6aefc3c f e6aefc3c 1 02 e6aefc3c
0000000000000017 0013150000000100 1 15 00000001 0 0 0 0000000000000018 e6aefc3c f e6aefc3c 0 00 e6aefc3c
0000000000000018 342002150000f000 0 00 00000000 0 0 0 0000000000000019 e6aefc3c f e6aefc3c 1 02 e6aefc3c
0000000000000019 343002000000f000 0 00 00000000 0 0 0 000000000000001a e6aefc3c f e6aefc3c 1 02 e6aefc3c
000000000000001a 100105058000f000 0 00 00000000 0 0 0 000000000000001b e6aefc3c f e6aefc3c 1 05 e6aefc3c
000000000000001b 340006040000c000 0 00 00000000 0 0 0 000000000000001c e6aefc3c c 400c3420 1 06 400c3420
000000000000001c 103104037ffff000 0 00 00000000 0 0 0 000000000000001d e6aefc3c f e6aefc3c 1 04 e6aefc3c
000000000000001d 3400060300004000 0 00 00000000 0 0 0 000000000000001e e6aefc3c 4 e0a8280c 1 06 e0a8280c
000000000000001e 106102040021f000 0 00 00000000 0 0 0 000000000000001f e6aefc3c f e6aefc3c 1 02 e6aefc3c
000000000000001f 00131e0000000100 1 1e 00000001 0 0 0 0000000000000020 e6aefc3c f e6aefc3c 0 00 e6aefc3c
0000000000000020 0023171700000100 1 17 00000001 0 0 0 0000000000000021 e6aefc3c f e6aefc3c 0 00 e6aefc3c
0000000000000021 00731e1e00000100 1 1e 00000000 0 0 0 0000000000000022 e6aefc3c f e6aefc3c 0 00 e6aefc3c
0000000000000022 0013180000000000 1 18 00000000 0 0 0 0000000000000023 e6aefc3c f e6aefc3c 0 00 e6aefc3c
0000000000000023 0102001e18000000 0 00 00000000 5 1 0 0000000000000024 e6aefc3c f e6aefc3c 0 00 e6aefc3c
0000000000000024 0215fffffb040000 0 00 00000000 5 1 0 0000000000000025 e6aefc3c f e6aefc3c 0 00 e6aefc3c
0000000000000025 7cf5000000000000 0 00 00000000 5 1 0 0000000000000026 e6aefc3c f e6aefc3c 0 00 e6aefc3c
DONE retired=38 fault=00 pc=0000000000000025
