0000000000000000 0013140000004d00 1 14 0000004d 0 0 0 0000000000000001 9bc1ecee f 9bc1ecee 0 00 9bc1ecee
0000000000000001 104003040600f000 0 00 00000000 0 0 0 0000000000000002 9bc1ecee f 9bc1ecee 1 03 9bc1ecee
0000000000000002 340006030000f000 0 00 00000000 0 0 0 0000000000000003 9bc1ecee f 9bc1ecee 1 06 9bc1ecee
0000000000000003 102002040600f000 0 00 00000000 0 0 0 0000000000000004 9bc1ecee f 9bc1ecee 1 02 9bc1ecee
0000000000000004 341105005880f000 0 00 00000000 0 0 0 0000000000000005 9bc1ecee f 9bc1ecee 1 05 9bc1ecee
0000000000000005 0013160000000000 1 16 00000000 0 0 0 0000000000000006 9bc1ecee f 9bc1ecee 0 00 9bc1ecee
0000000000000006 342004160000f000 0 00 00000000 0 0 0 0000000000000007 9bc1ecee f 9bc1ecee 1 04 9bc1ecee
0000000000000007 10810304001ff000 0 00 00000000 0 0 0 0000000000000008 9bc1ecee f 9bc1ecee 1 03 9bc1ecee
0000000000000008 343005000000a000 0 00 00000000 0 0 0 0000000000000009 9bc1ecee a 9bc1ecee 1 05 9bc1ecee
0000000000000009 101004030200c000 0 00 00000000 0 0 0 000000000000000a 9bc1ecee c 80000000 1 04 80000000
000000000000000a 340004030000f000 0 00 00000000 0 0 0 000000000000000b 9bc1ecee f 9bc1ecee 1 04 9bc1ecee
000000000000000b 1020050402009000 0 00 00000000 0 0 0 000000000000000c 9bc1ecee 9 00000000 1 05 00000000
000000000000000c 34110200fffff000 0 00 00000000 0 0 0 000000000000000d 9bc1ecee f 9bc1ecee 1 02 9bc1ecee
000000000000000d 105003050500e000 0 00 00000000 0 0 0 000000000000000e 9bc1ecee e 9ac10cc4 1 03 9ac10cc4
000000000000000e 0013160000000000 1 16 00000000 0 0 0 000000000000000f 9bc1ecee f 9bc1ecee 0 00 9bc1ecee
000000000000000f 342004160000f000 0 00 00000000 0 0 0 0000000000000010 9bc1ecee f 9bc1ecee 1 04 9bc1ecee
0000000000000010 108105040012f000 0 00 00000000 0 0 0 0000000000000011 9bc1ecee f 9bc1ecee 1 05 9bc1ecee
0000000000000011 10710304000ff000 0 00 00000000 0 0 0 0000000000000012 9bc1ecee f 9bc1ecee 1 03 9bc1ecee
0000000000000012 341104003367f000 0 00 00000000 0 0 0 0000000000000013 9bc1ecee f 9bc1ecee 1 04 9bc1ecee
0000000000000013 107103050001f000 0 00 00000000 0 0 0 0000000000000014 9bc1ecee f 9bc1ecee 1 03 9bc1ecee
0000000000000014 00131600aaaaaa00 1 16 ffaaaaaa 0 0 0 0000000000000015 9bc1ecee f 9bc1ecee 0 00 9bc1ecee
0000000000000015 342002160000f000 0 00 00000000 0 0 0 0000000000000016 9bc1ecee f 9bc1ecee 1 02 9bc1ecee
0000000000000016 10810302000df000 0 00 00000000 0 0 0 0000000000000017 9bc1ecee f 9bc1ecee 1 03 9bc1ecee
0000000000000017 3400060500006000 0 00 00000000 0 0 0 0000000000000018 9bc1ecee 6 9bc1ecee 1 06 9bc1ecee
0000000000000018 0013150055555500 1 15 00555555 0 0 0 0000000000000019 9bc1ecee f 9bc1ecee 0 00 9bc1ecee
0000000000000019 342005150000f000 0 00 00000000 0 0 0 000000000000001a 9bc1ecee f 9bc1ecee 1 05 9bc1ecee
000000000000001a 00131500ffffff00 1 15 ffffffff 0 0 0 000000000000001b 9bc1ecee f 9bc1ecee 0 00 9bc1ecee
000000000000001b 342003150000f000 0 00 00000000 0 0 0 000000000000001c 9bc1ecee f 9bc1ecee 1 03 9bc1ecee
000000000000001c 106105020001f000 0 00 00000000 0 0 0 000000000000001d 9bc1ecee f 9bc1ecee 1 05 9bc1ecee
000000000000001d 104006030400f000 0 00 00000000 0 0 0 000000000000001e 9bc1ecee f 9bc1ecee 1 06 9bc1ecee
000000000000001e 105004020200f000 0 00 00000000 0 0 0 000000000000001f 9bc1ecee f 9bc1ecee 1 04 9bc1ecee
000000000000001f 340005030000f000 0 00 00000000 0 0 0 0000000000000020 9bc1ecee f 9bc1ecee 1 05 9bc1ecee
0000000000000020 340004020000d000 0 00 00000000 0 0 0 0000000000000021 9bc1ecee d 80000000 1 04 80000000
0000000000000021 00131500ffffff00 1 15 ffffffff 0 0 0 0000000000000022 9bc1ecee f 9bc1ecee 0 00 9bc1ecee
0000000000000022 3420031500000000 0 00 00000000 0 0 0 0000000000000023 9bc1ecee 0 1ac18c2e 1 03 1ac18c2e
0000000000000023 103005020600f000 0 00 00000000 0 0 0 0000000000000024 9bc1ecee f 9bc1ecee 1 05 9bc1ecee
0000000000000024 340003040000f000 0 00 00000000 0 0 0 0000000000000025 9bc1ecee f 9bc1ecee 1 03 9bc1ecee
0000000000000025 00131e0000000100 1 1e 00000001 0 0 0 0000000000000026 9bc1ecee f 9bc1ecee 0 00 9bc1ecee
0000000000000026 0023171700000100 1 17 00000001 0 0 0 0000000000000027 9bc1ecee f 9bc1ecee 0 00 9bc1ecee
0000000000000027 00731e1e00000100 1 1e 00000000 0 0 0 0000000000000028 9bc1ecee f 9bc1ecee 0 00 9bc1ecee
0000000000000028 0013180000000000 1 18 00000000 0 0 0 0000000000000029 9bc1ecee f 9bc1ecee 0 00 9bc1ecee
0000000000000029 0102001e18000000 0 00 00000000 5 1 0 000000000000002a 9bc1ecee f 9bc1ecee 0 00 9bc1ecee
000000000000002a 0215fffffb040000 0 00 00000000 5 1 0 000000000000002b 9bc1ecee f 9bc1ecee 0 00 9bc1ecee
000000000000002b 7cf5000000000000 0 00 00000000 5 1 0 000000000000002c 9bc1ecee f 9bc1ecee 0 00 9bc1ecee
DONE retired=44 fault=00 pc=000000000000002b
