0000000000000000 00131d0000000000 1 1d 00000000 0 0 0 0000000000000001
0000000000000001 00130900f8b9d200 1 09 fff8b9d2 0 0 0 0000000000000002
0000000000000002 00b20b0e08000000 1 0b 00000000 0 0 0 0000000000000003
0000000000000003 0062140708000000 1 14 00000000 0 0 0 0000000000000004
0000000000000004 00b3141300001000 1 14 00000000 0 0 0 0000000000000005
0000000000000005 0306000000000c00 1 0c 00000000 0 0 0 0000000000000006
0000000000000006 00230e10628a3d00 1 0e 00628a3d 0 0 0 0000000000000007
0000000000000007 00130e0055555500 1 0e 00555555 0 0 0 0000000000000008
0000000000000008 00730b133fefdc00 1 0b ffc01024 0 0 0 0000000000000009
0000000000000009 00920a0800000000 1 0a ffffffff 0 0 0 000000000000000a
000000000000000a 0063101400001c00 1 10 00000000 0 0 0 000000000000000b
000000000000000b 00b210080c000000 1 10 00000000 0 0 0 000000000000000c
000000000000000c 00920d1100000000 1 0d ffffffff 0 0 0 000000000000000d
000000000000000d 00130b0000000000 1 0b 00000000 0 0 0 000000000000000e
000000000000000e 00130200f6d62f00 1 02 fff6d62f 0 0 0 000000000000000f
000000000000000f 00a3110800000700 1 11 00000000 0 0 0 0000000000000010
0000000000000010 8506000000000000 0 00 00000000 0 0 0 0000000000000011
0000000000000011 0122000309000000 0 00 00000000 0 1 0 0000000000000012
0000000000000012 0215000001020000 0 00 00000000 0 1 0 0000000000000013
0000000000000013 8506000000000000 0 00 00000000 0 1 0 0000000000000014
0000000000000014 012200030c000000 0 00 00000000 5 0 0 0000000000000015
0000000000000015 0215000001030000 0 00 00000000 5 0 1 0000000000000017
0000000000000017 00420b0801000000 1 0b 00000000 5 0 0 0000000000000018
0000000000000018 012200070c000000 0 00 00000000 5 0 0 0000000000000019
0000000000000019 0215000001040000 0 00 00000000 5 0 0 000000000000001a
000000000000001a 8506000000000000 0 00 00000000 5 0 0 000000000000001b
000000000000001b 001301000e894300 1 01 000e8943 5 0 0 000000000000001c
000000000000001c 0013130000000000 1 13 00000000 5 0 0 000000000000001d
000000000000001d 8506000000000000 0 00 00000000 5 0 0 000000000000001e
000000000000001e 8506000000000000 0 00 00000000 5 0 0 000000000000001f
000000000000001f 0092131300000000 1 13 ffffffff 5 0 0 0000000000000020
0000000000000020 8506000000000000 0 00 00000000 5 0 0 0000000000000021
0000000000000021 0306000000000100 1 01 00000000 5 0 0 0000000000000022
0000000000000022 8506000000000000 0 00 00000000 5 0 0 0000000000000023
0000000000000023 00130400a59c3c00 1 04 ffa59c3c 5 0 0 0000000000000024
0000000000000024 00420d0607000000 1 0d 00000000 5 0 0 0000000000000025
0000000000000025 0062010f10000000 1 01 00000000 5 0 0 0000000000000026
0000000000000026 00630d0900000a00 1 0d e2e74800 5 0 0 0000000000000027
0000000000000027 0102001104000000 0 00 00000000 0 0 0 0000000000000028
0000000000000028 0215000001040000 0 00 00000000 0 0 1 000000000000002a
000000000000002a 0112000a0e000000 0 00 00000000 6 1 0 000000000000002b
000000000000002b 0215000001030000 0 00 00000000 6 1 0 000000000000002c
000000000000002c 8506000000000000 0 00 00000000 6 1 0 000000000000002d
000000000000002d 00720a0503000000 1 0a 00000000 6 1 0 000000000000002e
000000000000002e 007210020e000000 1 10 ffa180da 6 1 0 000000000000002f
000000000000002f 8506000000000000 0 00 00000000 6 1 0 0000000000000030
0000000000000030 00131e0000000100 1 1e 00000001 6 1 0 0000000000000031
0000000000000031 0023151500000100 1 15 00000001 6 1 0 0000000000000032
0000000000000032 00731e1e00000100 1 1e 00000000 6 1 0 0000000000000033
0000000000000033 0102001e1d000000 0 00 00000000 5 1 0 0000000000000034
0000000000000034 0215fffffc040000 0 00 00000000 5 1 0 0000000000000035
0000000000000035 7cf5000000000000 0 00 00000000 5 1 0 0000000000000036
DONE retired=52 fault=00 pc=0000000000000035
