0000000000000000 00131d0000000000 1 1d 00000000 0 0 0 0000000000000001
0000000000000001 00130100cdfc9d00 1 01 ffcdfc9d 0 0 0 0000000000000002
0000000000000002 8506000000000000 0 00 00000000 0 0 0 0000000000000003
0000000000000003 0112000412000000 0 00 00000000 5 0 0 0000000000000004
0000000000000004 02150000030e0000 0 00 00000000 5 0 1 0000000000000008
0000000000000008 00131200cc9f8300 1 12 ffcc9f83 5 0 0 0000000000000009
0000000000000009 8506000000000000 0 00 00000000 5 0 0 000000000000000a
000000000000000a 00130300522ebc00 1 03 00522ebc 5 0 0 000000000000000b
000000000000000b 00520c1012000000 1 0c ffcc9f83 5 0 0 000000000000000c
000000000000000c 0092101200000000 1 10 0033607c 5 0 0 000000000000000d
000000000000000d 0092120300000000 1 12 ffadd143 5 0 0 000000000000000e
000000000000000e 0072090906000000 1 09 00000000 5 0 0 000000000000000f
000000000000000f 00130300b65a1f00 1 03 ffb65a1f 5 0 0 0000000000000010
0000000000000010 00630a1400001200 1 0a 00000000 5 0 0 0000000000000011
0000000000000011 0063040600001100 1 04 00000000 5 0 0 0000000000000012
0000000000000012 0306000000001400 1 14 00000000 5 0 0 0000000000000013
0000000000000013 8506000000000000 0 00 00000000 5 0 0 0000000000000014
0000000000000014 0032101412000000 1 10 00000000 5 0 0 0000000000000015
0000000000000015 0306000000000600 1 06 00000000 5 0 0 0000000000000016
0000000000000016 00131300008ebf00 1 13 00008ebf 5 0 0 0000000000000017
0000000000000017 8506000000000000 0 00 00000000 5 0 0 0000000000000018
0000000000000018 00130400fe4c8f00 1 04 fffe4c8f 5 0 0 0000000000000019
0000000000000019 0023090cffffff00 1 09 ffcc9f82 5 0 0 000000000000001a
000000000000001a 00a20a0114000000 1 0a ffcdfc9d 5 0 0 000000000000001b
000000000000001b 0082030b06000000 1 03 00000000 5 0 0 000000000000001c
000000000000001c 00131e0000000100 1 1e 00000001 5 0 0 000000000000001d
000000000000001d 0023151500000100 1 15 00000001 5 0 0 000000000000001e
000000000000001e 00731e1e00000100 1 1e 00000000 5 0 0 000000000000001f
000000000000001f 0102001e1d000000 0 00 00000000 5 1 0 0000000000000020
0000000000000020 0215fffffc040000 0 00 00000000 5 1 0 0000000000000021
0000000000000021 7cf5000000000000 0 00 00000000 5 1 0 0000000000000022
DONE retired=31 fault=00 pc=0000000000000021
