0000000000000000 0013140000004d00 1 14 0000004d 0 0 0 0000000000000001 ffffc000 f ffffc000 0 00 ffffc000
0000000000000001 0013160000000100 1 16 00000001 0 0 0 0000000000000002 ffffc000 f ffffc000 0 00 ffffc000
0000000000000002 342006160000f000 0 00 00000000 0 0 0 0000000000000003 ffffc000 f ffffc000 1 06 ffffc000
0000000000000003 108106060021f000 0 00 00000000 0 0 0 0000000000000004 ffffc000 f ffffc000 1 06 ffffc000
0000000000000004 107104060000f000 0 00 00000000 0 0 0 0000000000000005 ffffc000 f ffffc000 1 04 ffffc000
0000000000000005 104002060400f000 0 00 00000000 0 0 0 0000000000000006 ffffc000 f ffffc000 1 02 ffffc000
0000000000000006 106103030001f000 0 00 00000000 0 0 0 0000000000000007 ffffc000 f ffffc000 1 03 ffffc000
0000000000000007 102006040200f000 0 00 00000000 0 0 0 0000000000000008 ffffc000 f ffffc000 1 06 ffffc000
0000000000000008 105002030500f000 0 00 00000000 0 0 0 0000000000000009 ffffc000 f ffffc000 1 02 ffffc000
0000000000000009 102005060300f000 0 00 00000000 0 0 0 000000000000000a ffffc000 f ffffc000 1 05 ffffc000
000000000000000a 340006060000f000 0 00 00000000 0 0 0 000000000000000b ffffc000 f ffffc000 1 06 ffffc000
000000000000000b 34110300fffff000 0 00 00000000 0 0 0 000000000000000c ffffc000 f ffffc000 1 03 ffffc000
000000000000000c 34110600f256f000 0 00 00000000 0 0 0 000000000000000d ffffc000 f ffffc000 1 06 ffffc000
000000000000000d 1010020603009000 0 00 00000000 0 0 0 000000000000000e ffffc000 9 80000000 1 02 80000000
000000000000000e 102004020500f000 0 00 00000000 0 0 0 000000000000000f ffffc000 f ffffc000 1 04 ffffc000
000000000000000f 00131e0000000100 1 1e 00000001 0 0 0 0000000000000010 ffffc000 f ffffc000 0 00 ffffc000
0000000000000010 0023171700000100 1 17 00000001 0 0 0 0000000000000011 ffffc000 f ffffc000 0 00 ffffc000
0000000000000011 00731e1e00000100 1 1e 00000000 0 0 0 0000000000000012 ffffc000 f ffffc000 0 00 ffffc000
0000000000000012 0013180000000000 1 18 00000000 0 0 0 0000000000000013 ffffc000 f ffffc000 0 00 ffffc000
0000000000000013 0102001e18000000 0 00 00000000 5 1 0 0000000000000014 ffffc000 f ffffc000 0 00 ffffc000
0000000000000014 0215fffffb040000 0 00 00000000 5 1 0 0000000000000015 ffffc000 f ffffc000 0 00 ffffc000
0000000000000015 7cf5000000000000 0 00 00000000 5 1 0 0000000000000016 ffffc000 f ffffc000 0 00 ffffc000
DONE retired=22 fault=00 pc=0000000000000015
