0000000000000000 0013140000004d00 1 14 0000004d 0 0 0 0000000000000001 ffffffff f ffffffff 0 00 ffffffff
0000000000000001 0013160000000000 1 16 00000000 0 0 0 0000000000000002 ffffffff f ffffffff 0 00 ffffffff
0000000000000002 342003160000f000 0 00 00000000 0 0 0 0000000000000003 ffffffff f ffffffff 1 03 ffffffff
0000000000000003 10810503000ff000 0 00 00000000 0 0 0 0000000000000004 ffffffff f ffffffff 1 05 ffffffff
0000000000000004 10710403001ff000 0 00 00000000 0 0 0 0000000000000005 ffffffff f ffffffff 1 04 ffffffff
0000000000000005 106102030010f000 0 00 00000000 0 0 0 0000000000000006 ffffffff f ffffffff 1 02 ffffffff
0000000000000006 341104008000f000 0 00 00000000 0 0 0 0000000000000007 ffffffff f ffffffff 1 04 ffffffff
0000000000000007 3430020000002000 0 00 00000000 0 0 0 0000000000000008 ffffffff 2 00000000 1 02 00000000
0000000000000008 0013160000000000 1 16 00000000 0 0 0 0000000000000009 ffffffff f ffffffff 0 00 ffffffff
0000000000000009 342004160000f000 0 00 00000000 0 0 0 000000000000000a ffffffff f ffffffff 1 04 ffffffff
000000000000000a 108106040020f000 0 00 00000000 0 0 0 000000000000000b ffffffff f ffffffff 1 06 ffffffff
000000000000000b 1010060305006000 0 00 00000000 0 0 0 000000000000000c ffffffff 6 00000001 1 06 00000001
000000000000000c 0013150000000100 1 15 00000001 0 0 0 000000000000000d ffffffff f ffffffff 0 00 ffffffff
000000000000000d 342005150000f000 0 00 00000000 0 0 0 000000000000000e ffffffff f ffffffff 1 05 ffffffff
000000000000000e 340002040000f000 0 00 00000000 0 0 0 000000000000000f ffffffff f ffffffff 1 02 ffffffff
000000000000000f 105004040600f000 0 00 00000000 0 0 0 0000000000000010 ffffffff f ffffffff 1 04 ffffffff
0000000000000010 105104040000f000 0 00 00000000 0 0 0 0000000000000011 ffffffff f ffffffff 1 04 ffffffff
0000000000000011 340003040000f000 0 00 00000000 0 0 0 0000000000000012 ffffffff f ffffffff 1 03 ffffffff
0000000000000012 0013160000000100 1 16 00000001 0 0 0 0000000000000013 ffffffff f ffffffff 0 00 ffffffff
0000000000000013 342005160000f000 0 00 00000000 0 0 0 0000000000000014 ffffffff f ffffffff 1 05 ffffffff
0000000000000014 108106050000f000 0 00 00000000 0 0 0 0000000000000015 ffffffff f ffffffff 1 06 ffffffff
0000000000000015 0013160000000000 1 16 00000000 0 0 0 0000000000000016 ffffffff f ffffffff 0 00 ffffffff
0000000000000016 342005160000f000 0 00 00000000 0 0 0 0000000000000017 ffffffff f ffffffff 1 05 ffffffff
0000000000000017 108102050002f000 0 00 00000000 0 0 0 0000000000000018 ffffffff f ffffffff 1 02 ffffffff
0000000000000018 343006000000f000 0 00 00000000 0 0 0 0000000000000019 ffffffff f ffffffff 1 06 ffffffff
0000000000000019 104003060600f000 0 00 00000000 0 0 0 000000000000001a ffffffff f ffffffff 1 03 ffffffff
000000000000001a 107106040000f000 0 00 00000000 0 0 0 000000000000001b ffffffff f ffffffff 1 06 ffffffff
000000000000001b 10710506001ff000 0 00 00000000 0 0 0 000000000000001c ffffffff f ffffffff 1 05 ffffffff
000000000000001c 341104000000f000 0 00 00000000 0 0 0 000000000000001d ffffffff f ffffffff 1 04 ffffffff
000000000000001d 00131e0000000100 1 1e 00000001 0 0 0 000000000000001e ffffffff f ffffffff 0 00 ffffffff
000000000000001e 0023171700000100 1 17 00000001 0 0 0 000000000000001f ffffffff f ffffffff 0 00 ffffffff
000000000000001f 00731e1e00000100 1 1e 00000000 0 0 0 0000000000000020 ffffffff f ffffffff 0 00 ffffffff
0000000000000020 0013180000000000 1 18 00000000 0 0 0 0000000000000021 ffffffff f ffffffff 0 00 ffffffff
0000000000000021 0102001e18000000 0 00 00000000 5 1 0 0000000000000022 ffffffff f ffffffff 0 00 ffffffff
0000000000000022 0215fffffb040000 0 00 00000000 5 1 0 0000000000000023 ffffffff f ffffffff 0 00 ffffffff
0000000000000023 7cf5000000000000 0 00 00000000 5 1 0 0000000000000024 ffffffff f ffffffff 0 00 ffffffff
DONE retired=36 fault=00 pc=0000000000000023
