0000000000000000 00131d0000000000 1 1d 00000000 0 0 0 0000000000000001
0000000000000001 0112000914000000 0 00 00000000 5 0 0 0000000000000002
0000000000000002 02150000030e0000 0 00 00000000 5 0 1 0000000000000006
0000000000000006 8506000000000000 0 00 00000000 5 0 0 0000000000000007
0000000000000007 00520d0407000000 1 0d 00000000 5 0 0 0000000000000008
0000000000000008 00130a0000000000 1 0a 00000000 5 0 0 0000000000000009
0000000000000009 00520f1203000000 1 0f 00000000 5 0 0 000000000000000a
000000000000000a 0112000e0f000000 0 00 00000000 5 0 0 000000000000000b
000000000000000b 0215000001030000 0 00 00000000 5 0 1 000000000000000d
000000000000000d 8506000000000000 0 00 00000000 5 0 0 000000000000000e
000000000000000e 001314003a57c900 1 14 003a57c9 5 0 0 000000000000000f
000000000000000f 8506000000000000 0 00 00000000 5 0 0 0000000000000010
0000000000000010 8506000000000000 0 00 00000000 5 0 0 0000000000000011
0000000000000011 8506000000000000 0 00 00000000 5 0 0 0000000000000012
0000000000000012 8506000000000000 0 00 00000000 5 0 0 0000000000000013
0000000000000013 0306000000000900 1 09 00000000 5 0 0 0000000000000014
0000000000000014 00630e1300001500 1 0e 00000000 5 0 0 0000000000000015
0000000000000015 8506000000000000 0 00 00000000 5 0 0 0000000000000016
0000000000000016 8506000000000000 0 00 00000000 5 0 0 0000000000000017
0000000000000017 8506000000000000 0 00 00000000 5 0 0 0000000000000018
0000000000000018 0306000000001400 1 14 00000000 5 0 0 0000000000000019
0000000000000019 0013080055555500 1 08 00555555 5 0 0 000000000000001a
000000000000001a 00b203030c000000 1 03 00000000 5 0 0 000000000000001b
000000000000001b 8506000000000000 0 00 00000000 5 0 0 000000000000001c
000000000000001c 00420d040f000000 1 0d 00000000 5 0 0 000000000000001d
000000000000001d 00b3120800001f00 1 12 00000000 5 0 0 000000000000001e
000000000000001e 00520a0d04000000 1 0a 00000000 5 0 0 000000000000001f
000000000000001f 8506000000000000 0 00 00000000 5 0 0 0000000000000020
0000000000000020 0062040901000000 1 04 00000000 5 0 0 0000000000000021
0000000000000021 012200120d000000 0 00 00000000 5 0 0 0000000000000022
0000000000000022 02150000030c0000 0 00 00000000 5 0 1 0000000000000026
0000000000000026 00131e0000000400 1 1e 00000004 5 0 0 0000000000000027
0000000000000027 0023151500000100 1 15 00000001 5 0 0 0000000000000028
0000000000000028 00731e1e00000100 1 1e 00000003 5 0 0 0000000000000029
0000000000000029 0102001e1d000000 0 00 00000000 4 0 0 000000000000002a
000000000000002a 0215fffffc040000 0 00 00000000 4 0 1 0000000000000027
0000000000000027 0023151500000100 1 15 00000002 4 0 0 0000000000000028
0000000000000028 00731e1e00000100 1 1e 00000002 4 0 0 0000000000000029
0000000000000029 0102001e1d000000 0 00 00000000 4 0 0 000000000000002a
000000000000002a 0215fffffc040000 0 00 00000000 4 0 1 0000000000000027
0000000000000027 0023151500000100 1 15 00000003 4 0 0 0000000000000028
0000000000000028 00731e1e00000100 1 1e 00000001 4 0 0 0000000000000029
0000000000000029 0102001e1d000000 0 00 00000000 4 0 0 000000000000002a
000000000000002a 0215fffffc040000 0 00 00000000 4 0 1 0000000000000027
0000000000000027 0023151500000100 1 15 00000004 4 0 0 0000000000000028
0000000000000028 00731e1e00000100 1 1e 00000000 4 0 0 0000000000000029
0000000000000029 0102001e1d000000 0 00 00000000 5 1 0 000000000000002a
000000000000002a 0215fffffc040000 0 00 00000000 5 1 0 000000000000002b
000000000000002b 7cf5000000000000 0 00 00000000 5 1 0 000000000000002c
DONE retired=49 fault=00 pc=000000000000002b
