0000000000000000 00131d0000000000 1 1d 00000000 0 0 0 0000000000000001
0000000000000001 0122000612000000 0 00 00000000 5 0 0 0000000000000002
0000000000000002 0215000002030000 0 00 00000000 5 0 1 0000000000000005
0000000000000005 00220e1313000000 1 0e 00000000 5 0 0 0000000000000006
0000000000000006 0102001411000000 0 00 00000000 5 1 0 0000000000000007
0000000000000007 02150000020d0000 0 00 00000000 5 1 0 0000000000000008
0000000000000008 8506000000000000 0 00 00000000 5 1 0 0000000000000009
0000000000000009 8506000000000000 0 00 00000000 5 1 0 000000000000000a
000000000000000a 0032050302000000 1 05 00000000 5 1 0 000000000000000b
000000000000000b 0072130f11000000 1 13 00000000 5 1 0 000000000000000c
000000000000000c 0122000510000000 0 00 00000000 5 0 0 000000000000000d
000000000000000d 02150000030d0000 0 00 00000000 5 0 0 000000000000000e
000000000000000e 8506000000000000 0 00 00000000 5 0 0 000000000000000f
000000000000000f 8506000000000000 0 00 00000000 5 0 0 0000000000000010
0000000000000010 8506000000000000 0 00 00000000 5 0 0 0000000000000011
0000000000000011 0063030800001500 1 03 00000000 5 0 0 0000000000000012
0000000000000012 0073071129201f00 1 07 ffd6dfe1 5 0 0 0000000000000013
0000000000000013 8506000000000000 0 00 00000000 5 0 0 0000000000000014
0000000000000014 00130800ffffff00 1 08 ffffffff 5 0 0 0000000000000015
0000000000000015 00b3090b00001c00 1 09 00000000 5 0 0 0000000000000016
0000000000000016 8506000000000000 0 00 00000000 5 0 0 0000000000000017
0000000000000017 0082071413000000 1 07 00000000 5 0 0 0000000000000018
0000000000000018 0102000c11000000 0 00 00000000 5 1 0 0000000000000019
0000000000000019 02150000010d0000 0 00 00000000 5 1 0 000000000000001a
000000000000001a 8506000000000000 0 00 00000000 5 1 0 000000000000001b
000000000000001b 8506000000000000 0 00 00000000 5 1 0 000000000000001c
000000000000001c 00131e0000000400 1 1e 00000004 5 1 0 000000000000001d
000000000000001d 0023151500000100 1 15 00000001 5 1 0 000000000000001e
000000000000001e 00731e1e00000100 1 1e 00000003 5 1 0 000000000000001f
000000000000001f 0102001e1d000000 0 00 00000000 4 0 0 0000000000000020
0000000000000020 0215fffffc040000 0 00 00000000 4 0 1 000000000000001d
000000000000001d 0023151500000100 1 15 00000002 4 0 0 000000000000001e
000000000000001e 00731e1e00000100 1 1e 00000002 4 0 0 000000000000001f
000000000000001f 0102001e1d000000 0 00 00000000 4 0 0 0000000000000020
0000000000000020 0215fffffc040000 0 00 00000000 4 0 1 000000000000001d
000000000000001d 0023151500000100 1 15 00000003 4 0 0 000000000000001e
000000000000001e 00731e1e00000100 1 1e 00000001 4 0 0 000000000000001f
000000000000001f 0102001e1d000000 0 00 00000000 4 0 0 0000000000000020
0000000000000020 0215fffffc040000 0 00 00000000 4 0 1 000000000000001d
000000000000001d 0023151500000100 1 15 00000004 4 0 0 000000000000001e
000000000000001e 00731e1e00000100 1 1e 00000000 4 0 0 000000000000001f
000000000000001f 0102001e1d000000 0 00 00000000 5 1 0 0000000000000020
0000000000000020 0215fffffc040000 0 00 00000000 5 1 0 0000000000000021
0000000000000021 7cf5000000000000 0 00 00000000 5 1 0 0000000000000022
DONE retired=44 fault=00 pc=0000000000000021
