0000000000000000 0013140000004d00 1 14 0000004d 0 0 0 0000000000000001 e8efa937 f e8efa937 0 00 e8efa937
0000000000000001 100003040300f000 0 00 00000000 0 0 0 0000000000000002 e8efa937 f e8efa937 1 03 e8efa937
0000000000000002 101004040200f000 0 00 00000000 0 0 0 0000000000000003 e8efa937 f e8efa937 1 04 e8efa937
0000000000000003 103004050500f000 0 00 00000000 0 0 0 0000000000000004 e8efa937 f e8efa937 1 04 e8efa937
0000000000000004 341104000000f000 0 00 00000000 0 0 0 0000000000000005 e8efa937 f e8efa937 1 04 e8efa937
0000000000000005 00131600ffffff00 1 16 ffffffff 0 0 0 0000000000000006 e8efa937 f e8efa937 0 00 e8efa937
0000000000000006 342006160000f000 0 00 00000000 0 0 0 0000000000000007 e8efa937 f e8efa937 1 06 e8efa937
0000000000000007 108103060018f000 0 00 00000000 0 0 0 0000000000000008 e8efa937 f e8efa937 1 03 e8efa937
0000000000000008 106105050010f000 0 00 00000000 0 0 0 0000000000000009 e8efa937 f e8efa937 1 05 e8efa937
0000000000000009 103002020300f000 0 00 00000000 0 0 0 000000000000000a e8efa937 f e8efa937 1 02 e8efa937
000000000000000a 10610206003ff000 0 00 00000000 0 0 0 000000000000000b e8efa937 f e8efa937 1 02 e8efa937
000000000000000b 00131e0000000300 1 1e 00000003 0 0 0 000000000000000c e8efa937 f e8efa937 0 00 e8efa937
000000000000000c 0023171700000100 1 17 00000001 0 0 0 000000000000000d e8efa937 f e8efa937 0 00 e8efa937
000000000000000d 00731e1e00000100 1 1e 00000002 0 0 0 000000000000000e e8efa937 f e8efa937 0 00 e8efa937
000000000000000e 0013180000000000 1 18 00000000 0 0 0 000000000000000f e8efa937 f e8efa937 0 00 e8efa937
000000000000000f 0102001e18000000 0 00 00000000 4 0 0 0000000000000010 e8efa937 f e8efa937 0 00 e8efa937
0000000000000010 0215fffffb040000 0 00 00000000 4 0 1 000000000000000c e8efa937 f e8efa937 0 00 e8efa937
000000000000000c 0023171700000100 1 17 00000002 4 0 0 000000000000000d e8efa937 f e8efa937 0 00 e8efa937
000000000000000d 00731e1e00000100 1 1e 00000001 4 0 0 000000000000000e e8efa937 f e8efa937 0 00 e8efa937
000000000000000e 0013180000000000 1 18 00000000 4 0 0 000000000000000f e8efa937 f e8efa937 0 00 e8efa937
000000000000000f 0102001e18000000 0 00 00000000 4 0 0 0000000000000010 e8efa937 f e8efa937 0 00 e8efa937
0000000000000010 0215fffffb040000 0 00 00000000 4 0 1 000000000000000c e8efa937 f e8efa937 0 00 e8efa937
000000000000000c 0023171700000100 1 17 00000003 4 0 0 000000000000000d e8efa937 f e8efa937 0 00 e8efa937
000000000000000d 00731e1e00000100 1 1e 00000000 4 0 0 000000000000000e e8efa937 f e8efa937 0 00 e8efa937
000000000000000e 0013180000000000 1 18 00000000 4 0 0 000000000000000f e8efa937 f e8efa937 0 00 e8efa937
000000000000000f 0102001e18000000 0 00 00000000 5 1 0 0000000000000010 e8efa937 f e8efa937 0 00 e8efa937
0000000000000010 0215fffffb040000 0 00 00000000 5 1 0 0000000000000011 e8efa937 f e8efa937 0 00 e8efa937
0000000000000011 7cf5000000000000 0 00 00000000 5 1 0 0000000000000012 e8efa937 f e8efa937 0 00 e8efa937
DONE retired=28 fault=00 pc=0000000000000011
