0000000000000000 00131d0000000000 1 1d 00000000 0 0 0 0000000000000001
0000000000000001 8506000000000000 0 00 00000000 0 0 0 0000000000000002
0000000000000002 00a20e0b0d000000 1 0e 00000000 0 0 0 0000000000000003
0000000000000003 00230c1000000000 1 0c 00000000 0 0 0 0000000000000004
0000000000000004 8506000000000000 0 00 00000000 0 0 0 0000000000000005
0000000000000005 00130a00e6027800 1 0a ffe60278 0 0 0 0000000000000006
0000000000000006 008206140d000000 1 06 00000000 0 0 0 0000000000000007
0000000000000007 00a30d0d00001900 1 0d 00000000 0 0 0 0000000000000008
0000000000000008 00131e0000000400 1 1e 00000004 0 0 0 0000000000000009
0000000000000009 0023151500000100 1 15 00000001 0 0 0 000000000000000a
000000000000000a 00731e1e00000100 1 1e 00000003 0 0 0 000000000000000b
000000000000000b 0102001e1d000000 0 00 00000000 4 0 0 000000000000000c
000000000000000c 0215fffffc040000 0 00 00000000 4 0 1 0000000000000009
0000000000000009 0023151500000100 1 15 00000002 4 0 0 000000000000000a
000000000000000a 00731e1e00000100 1 1e 00000002 4 0 0 000000000000000b
000000000000000b 0102001e1d000000 0 00 00000000 4 0 0 000000000000000c
000000000000000c 0215fffffc040000 0 00 00000000 4 0 1 0000000000000009
0000000000000009 0023151500000100 1 15 00000003 4 0 0 000000000000000a
000000000000000a 00731e1e00000100 1 1e 00000001 4 0 0 000000000000000b
000000000000000b 0102001e1d000000 0 00 00000000 4 0 0 000000000000000c
000000000000000c 0215fffffc040000 0 00 00000000 4 0 1 0000000000000009
0000000000000009 0023151500000100 1 15 00000004 4 0 0 000000000000000a
000000000000000a 00731e1e00000100 1 1e 00000000 4 0 0 000000000000000b
000000000000000b 0102001e1d000000 0 00 00000000 5 1 0 000000000000000c
000000000000000c 0215fffffc040000 0 00 00000000 5 1 0 000000000000000d
000000000000000d 7cf5000000000000 0 00 00000000 5 1 0 000000000000000e
DONE retired=26 fault=00 pc=000000000000000d
