0000000000000000 00131d0000000000 1 1d 00000000 0 0 0 0000000000000001
0000000000000001 00130c00ffffff00 1 0c ffffffff 0 0 0 0000000000000002
0000000000000002 0063121000001300 1 12 00000000 0 0 0 0000000000000003
0000000000000003 00130500ffffff00 1 05 ffffffff 0 0 0 0000000000000004
0000000000000004 0073010200000100 1 01 ffffffff 0 0 0 0000000000000005
0000000000000005 0072050607000000 1 05 00000000 0 0 0 0000000000000006
0000000000000006 00230e09ed49d700 1 0e ffed49d7 0 0 0 0000000000000007
0000000000000007 010200080d000000 0 00 00000000 5 1 0 0000000000000008
0000000000000008 02150000030d0000 0 00 00000000 5 1 0 0000000000000009
0000000000000009 8506000000000000 0 00 00000000 5 1 0 000000000000000a
000000000000000a 8506000000000000 0 00 00000000 5 1 0 000000000000000b
000000000000000b 8506000000000000 0 00 00000000 5 1 0 000000000000000c
000000000000000c 00a20f0402000000 1 0f 00000000 5 1 0 000000000000000d
000000000000000d 00b3020c00002000 1 02 ffffffff 5 1 0 000000000000000e
000000000000000e 0306000000000800 1 08 00000000 5 1 0 000000000000000f
000000000000000f 001313008554fa00 1 13 ff8554fa 5 1 0 0000000000000010
0000000000000010 8506000000000000 0 00 00000000 5 1 0 0000000000000011
0000000000000011 0022130c0f000000 1 13 ffffffff 5 1 0 0000000000000012
0000000000000012 00b3090500000b00 1 09 00000000 5 1 0 0000000000000013
0000000000000013 0013060000000000 1 06 00000000 5 1 0 0000000000000014
0000000000000014 00230a06cf819000 1 0a ffcf8190 5 1 0 0000000000000015
0000000000000015 0022140902000000 1 14 ffffffff 5 1 0 0000000000000016
0000000000000016 011200110d000000 0 00 00000000 5 0 0 0000000000000017
0000000000000017 0215000001030000 0 00 00000000 5 0 1 0000000000000019
0000000000000019 00320f1310000000 1 0f 00000000 5 0 0 000000000000001a
000000000000001a 00220e0303000000 1 0e 00000000 5 0 0 000000000000001b
000000000000001b 00131e0000000400 1 1e 00000004 5 0 0 000000000000001c
000000000000001c 0023151500000100 1 15 00000001 5 0 0 000000000000001d
000000000000001d 00731e1e00000100 1 1e 00000003 5 0 0 000000000000001e
000000000000001e 0102001e1d000000 0 00 00000000 4 0 0 000000000000001f
000000000000001f 0215fffffc040000 0 00 00000000 4 0 1 000000000000001c
000000000000001c 0023151500000100 1 15 00000002 4 0 0 000000000000001d
000000000000001d 00731e1e00000100 1 1e 00000002 4 0 0 000000000000001e
000000000000001e 0102001e1d000000 0 00 00000000 4 0 0 000000000000001f
000000000000001f 0215fffffc040000 0 00 00000000 4 0 1 000000000000001c
000000000000001c 0023151500000100 1 15 00000003 4 0 0 000000000000001d
000000000000001d 00731e1e00000100 1 1e 00000001 4 0 0 000000000000001e
000000000000001e 0102001e1d000000 0 00 00000000 4 0 0 000000000000001f
000000000000001f 0215fffffc040000 0 00 00000000 4 0 1 000000000000001c
000000000000001c 0023151500000100 1 15 00000004 4 0 0 000000000000001d
000000000000001d 00731e1e00000100 1 1e 00000000 4 0 0 000000000000001e
000000000000001e 0102001e1d000000 0 00 00000000 5 1 0 000000000000001f
000000000000001f 0215fffffc040000 0 00 00000000 5 1 0 0000000000000020
0000000000000020 7cf5000000000000 0 00 00000000 5 1 0 0000000000000021
DONE retired=44 fault=00 pc=0000000000000020
