0000000000000000 0013140000004d00 1 14 0000004d 0 0 0 0000000000000001 f0d885e3 f f0d885e3 0 00 f0d885e3
0000000000000001 107106040021f000 0 00 00000000 0 0 0 0000000000000002 f0d885e3 f f0d885e3 1 06 f0d885e3
0000000000000002 341102008303f000 0 00 00000000 0 0 0 0000000000000003 f0d885e3 f f0d885e3 1 02 f0d885e3
0000000000000003 101002040600f000 0 00 00000000 0 0 0 0000000000000004 f0d885e3 f f0d885e3 1 02 f0d885e3
0000000000000004 10610503000ff000 0 00 00000000 0 0 0 0000000000000005 f0d885e3 f f0d885e3 1 05 f0d885e3
0000000000000005 100006020600f000 0 00 00000000 0 0 0 0000000000000006 f0d885e3 f f0d885e3 1 06 f0d885e3
0000000000000006 104004040200f000 0 00 00000000 0 0 0 0000000000000007 f0d885e3 f f0d885e3 1 04 f0d885e3
0000000000000007 340004020000c000 0 00 00000000 0 0 0 0000000000000008 f0d885e3 c 00000001 1 04 00000001
0000000000000008 101003030600e000 0 00 00000000 0 0 0 0000000000000009 f0d885e3 e d0908100 1 03 d0908100
0000000000000009 00131600aaaaaa00 1 16 ffaaaaaa 0 0 0 000000000000000a f0d885e3 f f0d885e3 0 00 f0d885e3
000000000000000a 342002160000f000 0 00 00000000 0 0 0 000000000000000b f0d885e3 f f0d885e3 1 02 f0d885e3
000000000000000b 10810202003ff000 0 00 00000000 0 0 0 000000000000000c f0d885e3 f f0d885e3 1 02 f0d885e3
000000000000000c 340002060000c000 0 00 00000000 0 0 0 000000000000000d f0d885e3 c 00000001 1 02 00000001
000000000000000d 107105030020f000 0 00 00000000 0 0 0 000000000000000e f0d885e3 f f0d885e3 1 05 f0d885e3
000000000000000e 101002030200f000 0 00 00000000 0 0 0 000000000000000f f0d885e3 f f0d885e3 1 02 f0d885e3
000000000000000f 106105030021f000 0 00 00000000 0 0 0 0000000000000010 f0d885e3 f f0d885e3 1 05 f0d885e3
0000000000000010 00131e0000000100 1 1e 00000001 0 0 0 0000000000000011 f0d885e3 f f0d885e3 0 00 f0d885e3
0000000000000011 0023171700000100 1 17 00000001 0 0 0 0000000000000012 f0d885e3 f f0d885e3 0 00 f0d885e3
0000000000000012 00731e1e00000100 1 1e 00000000 0 0 0 0000000000000013 f0d885e3 f f0d885e3 0 00 f0d885e3
0000000000000013 0013180000000000 1 18 00000000 0 0 0 0000000000000014 f0d885e3 f f0d885e3 0 00 f0d885e3
0000000000000014 0102001e18000000 0 00 00000000 5 1 0 0000000000000015 f0d885e3 f f0d885e3 0 00 f0d885e3
0000000000000015 0215fffffb040000 0 00 00000000 5 1 0 0000000000000016 f0d885e3 f f0d885e3 0 00 f0d885e3
0000000000000016 7cf5000000000000 0 00 00000000 5 1 0 0000000000000017 f0d885e3 f f0d885e3 0 00 f0d885e3
DONE retired=23 fault=00 pc=0000000000000016
