0000000000000000 00131d0000000000 1 1d 00000000 0 0 0 0000000000000001
0000000000000001 00b3050800000d00 1 05 00000000 0 0 0 0000000000000002
0000000000000002 0122000505000000 0 00 00000000 5 0 0 0000000000000003
0000000000000003 0215000002010000 0 00 00000000 5 0 0 0000000000000004
0000000000000004 8506000000000000 0 00 00000000 5 0 0 0000000000000005
0000000000000005 8506000000000000 0 00 00000000 5 0 0 0000000000000006
0000000000000006 8506000000000000 0 00 00000000 5 0 0 0000000000000007
0000000000000007 00620c0206000000 1 0c 00000000 5 0 0 0000000000000008
0000000000000008 8506000000000000 0 00 00000000 5 0 0 0000000000000009
0000000000000009 00920d0300000000 1 0d ffffffff 5 0 0 000000000000000a
000000000000000a 0112000a07000000 0 00 00000000 5 0 0 000000000000000b
000000000000000b 0215000002040000 0 00 00000000 5 0 0 000000000000000c
000000000000000c 8506000000000000 0 00 00000000 5 0 0 000000000000000d
000000000000000d 8506000000000000 0 00 00000000 5 0 0 000000000000000e
000000000000000e 0062110e07000000 1 11 00000000 5 0 0 000000000000000f
000000000000000f 0063060400001700 1 06 00000000 5 0 0 0000000000000010
0000000000000010 001302006934d200 1 02 006934d2 5 0 0 0000000000000011
0000000000000011 012200110b000000 0 00 00000000 5 0 0 0000000000000012
0000000000000012 0215000001010000 0 00 00000000 5 0 0 0000000000000013
0000000000000013 8506000000000000 0 00 00000000 5 0 0 0000000000000014
0000000000000014 001314004d09b500 1 14 004d09b5 5 0 0 0000000000000015
0000000000000015 00131e0000000100 1 1e 00000001 5 0 0 0000000000000016
0000000000000016 0023151500000100 1 15 00000001 5 0 0 0000000000000017
0000000000000017 00731e1e00000100 1 1e 00000000 5 0 0 0000000000000018
0000000000000018 0102001e1d000000 0 00 00000000 5 1 0 0000000000000019
0000000000000019 0215fffffc040000 0 00 00000000 5 1 0 000000000000001a
000000000000001a 7cf5000000000000 0 00 00000000 5 1 0 000000000000001b
DONE retired=27 fault=00 pc=000000000000001a
