0000000000000000 0013140000004d00 1 14 0000004d 0 0 0 0000000000000001 b41335f9 f b41335f9 0 00 b41335f9
0000000000000001 106103050020f000 0 00 00000000 0 0 0 0000000000000002 b41335f9 f b41335f9 1 03 b41335f9
0000000000000002 341104002ab5f000 0 00 00000000 0 0 0 0000000000000003 b41335f9 f b41335f9 1 04 b41335f9
0000000000000003 104006020300f000 0 00 00000000 0 0 0 0000000000000004 b41335f9 f b41335f9 1 06 b41335f9
0000000000000004 106106040021f000 0 00 00000000 0 0 0 0000000000000005 b41335f9 f b41335f9 1 06 b41335f9
0000000000000005 340005040000f000 0 00 00000000 0 0 0 0000000000000006 b41335f9 f b41335f9 1 05 b41335f9
0000000000000006 00131600ffffff00 1 16 ffffffff 0 0 0 0000000000000007 b41335f9 f b41335f9 0 00 b41335f9
0000000000000007 342003160000f000 0 00 00000000 0 0 0 0000000000000008 b41335f9 f b41335f9 1 03 b41335f9
0000000000000008 108106030020f000 0 00 00000000 0 0 0 0000000000000009 b41335f9 f b41335f9 1 06 b41335f9
0000000000000009 101003060300f000 0 00 00000000 0 0 0 000000000000000a b41335f9 f b41335f9 1 03 b41335f9
000000000000000a 101103020001f000 0 00 00000000 0 0 0 000000000000000b b41335f9 f b41335f9 1 03 b41335f9
000000000000000b 106105020001f000 0 00 00000000 0 0 0 000000000000000c b41335f9 f b41335f9 1 05 b41335f9
000000000000000c 100006020200f000 0 00 00000000 0 0 0 000000000000000d b41335f9 f b41335f9 1 06 b41335f9
000000000000000d 10710503003ff000 0 00 00000000 0 0 0 000000000000000e b41335f9 f b41335f9 1 05 b41335f9
000000000000000e 00131500aaaaaa00 1 15 ffaaaaaa 0 0 0 000000000000000f b41335f9 f b41335f9 0 00 b41335f9
000000000000000f 342004150000f000 0 00 00000000 0 0 0 0000000000000010 b41335f9 f b41335f9 1 04 b41335f9
0000000000000010 101105037ffff000 0 00 00000000 0 0 0 0000000000000011 b41335f9 f b41335f9 1 05 b41335f9
0000000000000011 10710403001ff000 0 00 00000000 0 0 0 0000000000000012 b41335f9 f b41335f9 1 04 b41335f9
0000000000000012 100104045f4af000 0 00 00000000 0 0 0 0000000000000013 b41335f9 f b41335f9 1 04 b41335f9
0000000000000013 104003020600f000 0 00 00000000 0 0 0 0000000000000014 b41335f9 f b41335f9 1 03 b41335f9
0000000000000014 101004020400f000 0 00 00000000 0 0 0 0000000000000015 b41335f9 f b41335f9 1 04 b41335f9
0000000000000015 00131600aaaaaa00 1 16 ffaaaaaa 0 0 0 0000000000000016 b41335f9 f b41335f9 0 00 b41335f9
0000000000000016 342005160000f000 0 00 00000000 0 0 0 0000000000000017 b41335f9 f b41335f9 1 05 b41335f9
0000000000000017 108103050001f000 0 00 00000000 0 0 0 0000000000000018 b41335f9 f b41335f9 1 03 b41335f9
0000000000000018 102004050400f000 0 00 00000000 0 0 0 0000000000000019 b41335f9 f b41335f9 1 04 b41335f9
0000000000000019 101102028000f000 0 00 00000000 0 0 0 000000000000001a b41335f9 f b41335f9 1 02 b41335f9
000000000000001a 101104047ffff000 0 00 00000000 0 0 0 000000000000001b b41335f9 f b41335f9 1 04 b41335f9
000000000000001b 343005000000f000 0 00 00000000 0 0 0 000000000000001c b41335f9 f b41335f9 1 05 b41335f9
000000000000001c 00131e0000000200 1 1e 00000002 0 0 0 000000000000001d b41335f9 f b41335f9 0 00 b41335f9
000000000000001d 0023171700000100 1 17 00000001 0 0 0 000000000000001e b41335f9 f b41335f9 0 00 b41335f9
000000000000001e 00731e1e00000100 1 1e 00000001 0 0 0 000000000000001f b41335f9 f b41335f9 0 00 b41335f9
000000000000001f 0013180000000000 1 18 00000000 0 0 0 0000000000000020 b41335f9 f b41335f9 0 00 b41335f9
0000000000000020 0102001e18000000 0 00 00000000 4 0 0 0000000000000021 b41335f9 f b41335f9 0 00 b41335f9
0000000000000021 0215fffffb040000 0 00 00000000 4 0 1 000000000000001d b41335f9 f b41335f9 0 00 b41335f9
000000000000001d 0023171700000100 1 17 00000002 4 0 0 000000000000001e b41335f9 f b41335f9 0 00 b41335f9
000000000000001e 00731e1e00000100 1 1e 00000000 4 0 0 000000000000001f b41335f9 f b41335f9 0 00 b41335f9
000000000000001f 0013180000000000 1 18 00000000 4 0 0 0000000000000020 b41335f9 f b41335f9 0 00 b41335f9
0000000000000020 0102001e18000000 0 00 00000000 5 1 0 0000000000000021 b41335f9 f b41335f9 0 00 b41335f9
0000000000000021 0215fffffb040000 0 00 00000000 5 1 0 0000000000000022 b41335f9 f b41335f9 0 00 b41335f9
0000000000000022 7cf5000000000000 0 00 00000000 5 1 0 0000000000000023 b41335f9 f b41335f9 0 00 b41335f9
DONE retired=40 fault=00 pc=0000000000000022
