0000000000000000 0013140000004d00 1 14 0000004d 0 0 0 0000000000000001 00000008 f 00000008 0 00 00000008
0000000000000001 10310403fffff000 0 00 00000000 0 0 0 0000000000000002 00000008 f 00000008 1 04 00000008
0000000000000002 3411020000013000 0 00 00000000 0 0 0 0000000000000003 00000008 3 00000008 1 02 00000008
0000000000000003 101006020500f000 0 00 00000000 0 0 0 0000000000000004 00000008 f 00000008 1 06 00000008
0000000000000004 10310203fffff000 0 00 00000000 0 0 0 0000000000000005 00000008 f 00000008 1 02 00000008
0000000000000005 0013160000000000 1 16 00000000 0 0 0 0000000000000006 00000008 f 00000008 0 00 00000008
0000000000000006 342004160000f000 0 00 00000000 0 0 0 0000000000000007 00000008 f 00000008 1 04 00000008
0000000000000007 108105040000f000 0 00 00000000 0 0 0 0000000000000008 00000008 f 00000008 1 05 00000008
0000000000000008 0013160000000000 1 16 00000000 0 0 0 0000000000000009 00000008 f 00000008 0 00 00000008
0000000000000009 342002160000f000 0 00 00000000 0 0 0 000000000000000a 00000008 f 00000008 1 02 00000008
000000000000000a 108103020021f000 0 00 00000000 0 0 0 000000000000000b 00000008 f 00000008 1 03 00000008
000000000000000b 102002060400f000 0 00 00000000 0 0 0 000000000000000c 00000008 f 00000008 1 02 00000008
000000000000000c 10710605000ff000 0 00 00000000 0 0 0 000000000000000d 00000008 f 00000008 1 06 00000008
000000000000000d 105102057ffff000 0 00 00000000 0 0 0 000000000000000e 00000008 f 00000008 1 02 00000008
000000000000000e 104004060300f000 0 00 00000000 0 0 0 000000000000000f 00000008 f 00000008 1 04 00000008
000000000000000f 340003040000f000 0 00 00000000 0 0 0 0000000000000010 00000008 f 00000008 1 03 00000008
0000000000000010 10610505001bf000 0 00 00000000 0 0 0 0000000000000011 00000008 f 00000008 1 05 00000008
0000000000000011 103006030400f000 0 00 00000000 0 0 0 0000000000000012 00000008 f 00000008 1 06 00000008
0000000000000012 101103060000f000 0 00 00000000 0 0 0 0000000000000013 00000008 f 00000008 1 03 00000008
0000000000000013 00131e0000000100 1 1e 00000001 0 0 0 0000000000000014 00000008 f 00000008 0 00 00000008
0000000000000014 0023171700000100 1 17 00000001 0 0 0 0000000000000015 00000008 f 00000008 0 00 00000008
0000000000000015 00731e1e00000100 1 1e 00000000 0 0 0 0000000000000016 00000008 f 00000008 0 00 00000008
0000000000000016 0013180000000000 1 18 00000000 0 0 0 0000000000000017 00000008 f 00000008 0 00 00000008
0000000000000017 0102001e18000000 0 00 00000000 5 1 0 0000000000000018 00000008 f 00000008 0 00 00000008
0000000000000018 0215fffffb040000 0 00 00000000 5 1 0 0000000000000019 00000008 f 00000008 0 00 00000008
0000000000000019 7cf5000000000000 0 00 00000000 5 1 0 000000000000001a 00000008 f 00000008 0 00 00000008
DONE retired=26 fault=00 pc=0000000000000019
