0000000000000000 0013140000004d00 1 14 0000004d 0 0 0 0000000000000001 f64bab83 f f64bab83 0 00 f64bab83
0000000000000001 00131500aaaaaa00 1 15 ffaaaaaa 0 0 0 0000000000000002 f64bab83 f f64bab83 0 00 f64bab83
0000000000000002 342006150000f000 0 00 00000000 0 0 0 0000000000000003 f64bab83 f f64bab83 1 06 f64bab83
0000000000000003 105103048000f000 0 00 00000000 0 0 0 0000000000000004 f64bab83 f f64bab83 1 03 f64bab83
0000000000000004 107105020000f000 0 00 00000000 0 0 0 0000000000000005 f64bab83 f f64bab83 1 05 f64bab83
0000000000000005 101005060300f000 0 00 00000000 0 0 0 0000000000000006 f64bab83 f f64bab83 1 05 f64bab83
0000000000000006 103106047ffff000 0 00 00000000 0 0 0 0000000000000007 f64bab83 f f64bab83 1 06 f64bab83
0000000000000007 107104060000f000 0 00 00000000 0 0 0 0000000000000008 f64bab83 f f64bab83 1 04 f64bab83
0000000000000008 107103060012f000 0 00 00000000 0 0 0 0000000000000009 f64bab83 f f64bab83 1 03 f64bab83
0000000000000009 107102030001f000 0 00 00000000 0 0 0 000000000000000a f64bab83 f f64bab83 1 02 f64bab83
000000000000000a 10110204fffff000 0 00 00000000 0 0 0 000000000000000b f64bab83 f f64bab83 1 02 f64bab83
000000000000000b 341103000001f000 0 00 00000000 0 0 0 000000000000000c f64bab83 f f64bab83 1 03 f64bab83
000000000000000c 00131e0000000200 1 1e 00000002 0 0 0 000000000000000d f64bab83 f f64bab83 0 00 f64bab83
000000000000000d 0023171700000100 1 17 00000001 0 0 0 000000000000000e f64bab83 f f64bab83 0 00 f64bab83
000000000000000e 00731e1e00000100 1 1e 00000001 0 0 0 000000000000000f f64bab83 f f64bab83 0 00 f64bab83
000000000000000f 0013180000000000 1 18 00000000 0 0 0 0000000000000010 f64bab83 f f64bab83 0 00 f64bab83
0000000000000010 0102001e18000000 0 00 00000000 4 0 0 0000000000000011 f64bab83 f f64bab83 0 00 f64bab83
0000000000000011 0215fffffb040000 0 00 00000000 4 0 1 000000000000000d f64bab83 f f64bab83 0 00 f64bab83
000000000000000d 0023171700000100 1 17 00000002 4 0 0 000000000000000e f64bab83 f f64bab83 0 00 f64bab83
000000000000000e 00731e1e00000100 1 1e 00000000 4 0 0 000000000000000f f64bab83 f f64bab83 0 00 f64bab83
000000000000000f 0013180000000000 1 18 00000000 4 0 0 0000000000000010 f64bab83 f f64bab83 0 00 f64bab83
0000000000000010 0102001e18000000 0 00 00000000 5 1 0 0000000000000011 f64bab83 f f64bab83 0 00 f64bab83
0000000000000011 0215fffffb040000 0 00 00000000 5 1 0 0000000000000012 f64bab83 f f64bab83 0 00 f64bab83
0000000000000012 7cf5000000000000 0 00 00000000 5 1 0 0000000000000013 f64bab83 f f64bab83 0 00 f64bab83
DONE retired=24 fault=00 pc=0000000000000012
