0000000000000000 00131d0000000000 1 1d 00000000 0 0 0 0000000000000001
0000000000000001 00130d0000000000 1 0d 00000000 0 0 0 0000000000000002
0000000000000002 0112000a0b000000 0 00 00000000 5 0 0 0000000000000003
0000000000000003 02150000020b0000 0 00 00000000 5 0 0 0000000000000004
0000000000000004 8506000000000000 0 00 00000000 5 0 0 0000000000000005
0000000000000005 8506000000000000 0 00 00000000 5 0 0 0000000000000006
0000000000000006 00b30c0400001b00 1 0c 00000000 5 0 0 0000000000000007
0000000000000007 010200030a000000 0 00 00000000 5 1 0 0000000000000008
0000000000000008 0215000001040000 0 00 00000000 5 1 0 0000000000000009
0000000000000009 8506000000000000 0 00 00000000 5 1 0 000000000000000a
000000000000000a 00130a0000000000 1 0a 00000000 5 1 0 000000000000000b
000000000000000b 8506000000000000 0 00 00000000 5 1 0 000000000000000c
000000000000000c 00b2090604000000 1 09 00000000 5 1 0 000000000000000d
000000000000000d 00230713566d4d00 1 07 00566d4d 5 1 0 000000000000000e
000000000000000e 00130300cbbe4500 1 03 ffcbbe45 5 1 0 000000000000000f
000000000000000f 011200040d000000 0 00 00000000 5 0 0 0000000000000010
0000000000000010 02150000010e0000 0 00 00000000 5 0 1 0000000000000012
0000000000000012 00130e0079556600 1 0e 00795566 5 0 0 0000000000000013
0000000000000013 00130700a89ce400 1 07 ffa89ce4 5 0 0 0000000000000014
0000000000000014 0063140600001600 1 14 00000000 5 0 0 0000000000000015
0000000000000015 0062120e04000000 1 12 00795566 5 0 0 0000000000000016
0000000000000016 00520b0a08000000 1 0b 00000000 5 0 0 0000000000000017
0000000000000017 0306000000000300 1 03 00000000 5 0 0 0000000000000018
0000000000000018 006201040a000000 1 01 00000000 5 0 0 0000000000000019
0000000000000019 8506000000000000 0 00 00000000 5 0 0 000000000000001a
000000000000001a 0063041000001900 1 04 00000000 5 0 0 000000000000001b
000000000000001b 0072020c06000000 1 02 00000000 5 0 0 000000000000001c
000000000000001c 00320b1414000000 1 0b 00000000 5 0 0 000000000000001d
000000000000001d 0082140906000000 1 14 00000000 5 0 0 000000000000001e
000000000000001e 00220b130b000000 1 0b 00000000 5 0 0 000000000000001f
000000000000001f 00131000ac209a00 1 10 ffac209a 5 0 0 0000000000000020
0000000000000020 0022071102000000 1 07 00000000 5 0 0 0000000000000021
0000000000000021 0073070c5e551300 1 07 ffa1aaed 5 0 0 0000000000000022
0000000000000022 8506000000000000 0 00 00000000 5 0 0 0000000000000023
0000000000000023 00a2090704000000 1 09 ffa1aaed 5 0 0 0000000000000024
0000000000000024 00130400122f7f00 1 04 00122f7f 5 0 0 0000000000000025
0000000000000025 0306000000000d00 1 0d 00000000 5 0 0 0000000000000026
0000000000000026 0013020095b65f00 1 02 ff95b65f 5 0 0 0000000000000027
0000000000000027 8506000000000000 0 00 00000000 5 0 0 0000000000000028
0000000000000028 8506000000000000 0 00 00000000 5 0 0 0000000000000029
0000000000000029 8506000000000000 0 00 00000000 5 0 0 000000000000002a
000000000000002a 001304003729e500 1 04 003729e5 5 0 0 000000000000002b
000000000000002b 00131e0000000200 1 1e 00000002 5 0 0 000000000000002c
000000000000002c 0023151500000100 1 15 00000001 5 0 0 000000000000002d
000000000000002d 00731e1e00000100 1 1e 00000001 5 0 0 000000000000002e
000000000000002e 0102001e1d000000 0 00 00000000 4 0 0 000000000000002f
000000000000002f 0215fffffc040000 0 00 00000000 4 0 1 000000000000002c
000000000000002c 0023151500000100 1 15 00000002 4 0 0 000000000000002d
000000000000002d 00731e1e00000100 1 1e 00000000 4 0 0 000000000000002e
000000000000002e 0102001e1d000000 0 00 00000000 5 1 0 000000000000002f
000000000000002f 0215fffffc040000 0 00 00000000 5 1 0 0000000000000030
0000000000000030 7cf5000000000000 0 00 00000000 5 1 0 0000000000000031
DONE retired=52 fault=00 pc=0000000000000030
