0000000000000000 00131d0000000000 1 1d 00000000 0 0 0 0000000000000001
0000000000000001 8506000000000000 0 00 00000000 0 0 0 0000000000000002
0000000000000002 00130d0042253c00 1 0d 0042253c 0 0 0 0000000000000003
0000000000000003 0023050800000100 1 05 00000001 0 0 0 0000000000000004
0000000000000004 0102000901000000 0 00 00000000 5 1 0 0000000000000005
0000000000000005 0215000003020000 0 00 00000000 5 1 0 0000000000000006
0000000000000006 8506000000000000 0 00 00000000 5 1 0 0000000000000007
0000000000000007 8506000000000000 0 00 00000000 5 1 0 0000000000000008
0000000000000008 8506000000000000 0 00 00000000 5 1 0 0000000000000009
0000000000000009 0082010904000000 1 01 00000000 5 1 0 000000000000000a
000000000000000a 00130a00db23ea00 1 0a ffdb23ea 5 1 0 000000000000000b
000000000000000b 0032111207000000 1 11 00000000 5 1 0 000000000000000c
000000000000000c 8506000000000000 0 00 00000000 5 1 0 000000000000000d
000000000000000d 00130e007d418300 1 0e 007d4183 5 1 0 000000000000000e
000000000000000e 00131400cee1b700 1 14 ffcee1b7 5 1 0 000000000000000f
000000000000000f 00131e0000000200 1 1e 00000002 5 1 0 0000000000000010
0000000000000010 0023151500000100 1 15 00000001 5 1 0 0000000000000011
0000000000000011 00731e1e00000100 1 1e 00000001 5 1 0 0000000000000012
0000000000000012 0102001e1d000000 0 00 00000000 4 0 0 0000000000000013
0000000000000013 0215fffffc040000 0 00 00000000 4 0 1 0000000000000010
0000000000000010 0023151500000100 1 15 00000002 4 0 0 0000000000000011
0000000000000011 00731e1e00000100 1 1e 00000000 4 0 0 0000000000000012
0000000000000012 0102001e1d000000 0 00 00000000 5 1 0 0000000000000013
0000000000000013 0215fffffc040000 0 00 00000000 5 1 0 0000000000000014
0000000000000014 7cf5000000000000 0 00 00000000 5 1 0 0000000000000015
DONE retired=25 fault=00 pc=0000000000000014
