0000000000000000 00131d0000000000 1 1d 00000000 0 0 0 0000000000000001
0000000000000001 0052110c05000000 1 11 00000000 0 0 0 0000000000000002
0000000000000002 00130c00d0dd6600 1 0c ffd0dd66 0 0 0 0000000000000003
0000000000000003 0102000812000000 0 00 00000000 5 1 0 0000000000000004
0000000000000004 0215000002030000 0 00 00000000 5 1 1 0000000000000007
0000000000000007 00230b07aaaaaa00 1 0b ffaaaaaa 5 1 0 0000000000000008
0000000000000008 8506000000000000 0 00 00000000 5 1 0 0000000000000009
0000000000000009 8506000000000000 0 00 00000000 5 1 0 000000000000000a
000000000000000a 8506000000000000 0 00 00000000 5 1 0 000000000000000b
000000000000000b 012200120b000000 0 00 00000000 0 1 0 000000000000000c
000000000000000c 0215000003030000 0 00 00000000 0 1 0 000000000000000d
000000000000000d 8506000000000000 0 00 00000000 0 1 0 000000000000000e
000000000000000e 8506000000000000 0 00 00000000 0 1 0 000000000000000f
000000000000000f 8506000000000000 0 00 00000000 0 1 0 0000000000000010
0000000000000010 8506000000000000 0 00 00000000 0 1 0 0000000000000011
0000000000000011 8506000000000000 0 00 00000000 0 1 0 0000000000000012
0000000000000012 0112001014000000 0 00 00000000 5 0 0 0000000000000013
0000000000000013 0215000003010000 0 00 00000000 5 0 0 0000000000000014
0000000000000014 8506000000000000 0 00 00000000 5 0 0 0000000000000015
0000000000000015 8506000000000000 0 00 00000000 5 0 0 0000000000000016
0000000000000016 8506000000000000 0 00 00000000 5 0 0 0000000000000017
0000000000000017 011200090c000000 0 00 00000000 0 0 0 0000000000000018
0000000000000018 02150000030d0000 0 00 00000000 0 0 1 000000000000001c
000000000000001c 004209080b000000 1 09 00000000 0 0 0 000000000000001d
000000000000001d 00231311ece4ea00 1 13 ffece4ea 0 0 0 000000000000001e
000000000000001e 00b3110100001b00 1 11 00000000 0 0 0 000000000000001f
000000000000001f 001307007be8b800 1 07 007be8b8 0 0 0 0000000000000020
0000000000000020 00130900ffffff00 1 09 ffffffff 0 0 0 0000000000000021
0000000000000021 0092021100000000 1 02 ffffffff 0 0 0 0000000000000022
0000000000000022 00730b0a04a83800 1 0b fffb57c8 0 0 0 0000000000000023
0000000000000023 00a3060f00000b00 1 06 00000000 0 0 0 0000000000000024
0000000000000024 0042081401000000 1 08 00000000 0 0 0 0000000000000025
0000000000000025 8506000000000000 0 00 00000000 0 0 0 0000000000000026
0000000000000026 0306000000001100 1 11 00000000 0 0 0 0000000000000027
0000000000000027 00920c1200000000 1 0c ffffffff 0 0 0 0000000000000028
0000000000000028 00130b00ffffff00 1 0b ffffffff 0 0 0 0000000000000029
0000000000000029 00b2100c09000000 1 10 ffffffff 0 0 0 000000000000002a
000000000000002a 8506000000000000 0 00 00000000 0 0 0 000000000000002b
000000000000002b 0092020900000000 1 02 00000000 0 0 0 000000000000002c
000000000000002c 8506000000000000 0 00 00000000 0 0 0 000000000000002d
000000000000002d 0122000901000000 0 00 00000000 6 0 0 000000000000002e
000000000000002e 0215000003010000 0 00 00000000 6 0 0 000000000000002f
000000000000002f 8506000000000000 0 00 00000000 6 0 0 0000000000000030
0000000000000030 8506000000000000 0 00 00000000 6 0 0 0000000000000031
0000000000000031 8506000000000000 0 00 00000000 6 0 0 0000000000000032
0000000000000032 0013120000000100 1 12 00000001 6 0 0 0000000000000033
0000000000000033 00b3021200001000 1 02 00000000 6 0 0 0000000000000034
0000000000000034 0306000000000e00 1 0e 00000000 6 0 0 0000000000000035
0000000000000035 00130d00e216dc00 1 0d ffe216dc 6 0 0 0000000000000036
0000000000000036 00230d13c9e06600 1 0d ffb6c550 6 0 0 0000000000000037
0000000000000037 8506000000000000 0 00 00000000 6 0 0 0000000000000038
0000000000000038 00131e0000000200 1 1e 00000002 6 0 0 0000000000000039
0000000000000039 0023151500000100 1 15 00000001 6 0 0 000000000000003a
000000000000003a 00731e1e00000100 1 1e 00000001 6 0 0 000000000000003b
000000000000003b 0102001e1d000000 0 00 00000000 4 0 0 000000000000003c
000000000000003c 0215fffffc040000 0 00 00000000 4 0 1 0000000000000039
0000000000000039 0023151500000100 1 15 00000002 4 0 0 000000000000003a
000000000000003a 00731e1e00000100 1 1e 00000000 4 0 0 000000000000003b
000000000000003b 0102001e1d000000 0 00 00000000 5 1 0 000000000000003c
000000000000003c 0215fffffc040000 0 00 00000000 5 1 0 000000000000003d
000000000000003d 7cf5000000000000 0 00 00000000 5 1 0 000000000000003e
DONE retired=61 fault=00 pc=000000000000003d
