0000000000000000 0013140000004d00 1 14 0000004d 0 0 0 0000000000000001 55555555 f 55555555 0 00 55555555
0000000000000001 340005020000f000 0 00 00000000 0 0 0 0000000000000002 55555555 f 55555555 1 05 55555555
0000000000000002 0013150055555500 1 15 00555555 0 0 0 0000000000000003 55555555 f 55555555 0 00 55555555
0000000000000003 342002150000f000 0 00 00000000 0 0 0 0000000000000004 55555555 f 55555555 1 02 55555555
0000000000000004 343003000000f000 0 00 00000000 0 0 0 0000000000000005 55555555 f 55555555 1 03 55555555
0000000000000005 10710606001ff000 0 00 00000000 0 0 0 0000000000000006 55555555 f 55555555 1 06 55555555
0000000000000006 104004020500f000 0 00 00000000 0 0 0 0000000000000007 55555555 f 55555555 1 04 55555555
0000000000000007 1050020604007000 0 00 00000000 0 0 0 0000000000000008 55555555 7 55111004 1 02 55111004
0000000000000008 00131e0000000300 1 1e 00000003 0 0 0 0000000000000009 55555555 f 55555555 0 00 55555555
0000000000000009 0023171700000100 1 17 00000001 0 0 0 000000000000000a 55555555 f 55555555 0 00 55555555
000000000000000a 00731e1e00000100 1 1e 00000002 0 0 0 000000000000000b 55555555 f 55555555 0 00 55555555
000000000000000b 0013180000000000 1 18 00000000 0 0 0 000000000000000c 55555555 f 55555555 0 00 55555555
000000000000000c 0102001e18000000 0 00 00000000 4 0 0 000000000000000d 55555555 f 55555555 0 00 55555555
000000000000000d 0215fffffb040000 0 00 00000000 4 0 1 0000000000000009 55555555 f 55555555 0 00 55555555
0000000000000009 0023171700000100 1 17 00000002 4 0 0 000000000000000a 55555555 f 55555555 0 00 55555555
000000000000000a 00731e1e00000100 1 1e 00000001 4 0 0 000000000000000b 55555555 f 55555555 0 00 55555555
000000000000000b 0013180000000000 1 18 00000000 4 0 0 000000000000000c 55555555 f 55555555 0 00 55555555
000000000000000c 0102001e18000000 0 00 00000000 4 0 0 000000000000000d 55555555 f 55555555 0 00 55555555
000000000000000d 0215fffffb040000 0 00 00000000 4 0 1 0000000000000009 55555555 f 55555555 0 00 55555555
0000000000000009 0023171700000100 1 17 00000003 4 0 0 000000000000000a 55555555 f 55555555 0 00 55555555
000000000000000a 00731e1e00000100 1 1e 00000000 4 0 0 000000000000000b 55555555 f 55555555 0 00 55555555
000000000000000b 0013180000000000 1 18 00000000 4 0 0 000000000000000c 55555555 f 55555555 0 00 55555555
000000000000000c 0102001e18000000 0 00 00000000 5 1 0 000000000000000d 55555555 f 55555555 0 00 55555555
000000000000000d 0215fffffb040000 0 00 00000000 5 1 0 000000000000000e 55555555 f 55555555 0 00 55555555
000000000000000e 7cf5000000000000 0 00 00000000 5 1 0 000000000000000f 55555555 f 55555555 0 00 55555555
DONE retired=25 fault=00 pc=000000000000000e
