0000000000000000 0013140000004d00 1 14 0000004d 0 0 0 0000000000000001 00000004 f 00000004 0 00 00000004
0000000000000001 00131500ffffff00 1 15 ffffffff 0 0 0 0000000000000002 00000004 f 00000004 0 00 00000004
0000000000000002 342002150000f000 0 00 00000000 0 0 0 0000000000000003 00000004 f 00000004 1 02 00000004
0000000000000003 0013150055555500 1 15 00555555 0 0 0 0000000000000004 00000004 f 00000004 0 00 00000004
0000000000000004 342002150000f000 0 00 00000000 0 0 0 0000000000000005 00000004 f 00000004 1 02 00000004
0000000000000005 0013150000000000 1 15 00000000 0 0 0 0000000000000006 00000004 f 00000004 0 00 00000004
0000000000000006 342005150000f000 0 00 00000000 0 0 0 0000000000000007 00000004 f 00000004 1 05 00000004
0000000000000007 106105030020f000 0 00 00000000 0 0 0 0000000000000008 00000004 f 00000004 1 05 00000004
0000000000000008 107103020010f000 0 00 00000000 0 0 0 0000000000000009 00000004 f 00000004 1 03 00000004
0000000000000009 3400060500003000 0 00 00000000 0 0 0 000000000000000a 00000004 3 00000000 1 06 00000000
000000000000000a 101002020200f000 0 00 00000000 0 0 0 000000000000000b 00000004 f 00000004 1 02 00000004
000000000000000b 104004040200f000 0 00 00000000 0 0 0 000000000000000c 00000004 f 00000004 1 04 00000004
000000000000000c 10610404001ff000 0 00 00000000 0 0 0 000000000000000d 00000004 f 00000004 1 04 00000004
000000000000000d 100106060000f000 0 00 00000000 0 0 0 000000000000000e 00000004 f 00000004 1 06 00000004
000000000000000e 00131e0000000200 1 1e 00000002 0 0 0 000000000000000f 00000004 f 00000004 0 00 00000004
000000000000000f 0023171700000100 1 17 00000001 0 0 0 0000000000000010 00000004 f 00000004 0 00 00000004
0000000000000010 00731e1e00000100 1 1e 00000001 0 0 0 0000000000000011 00000004 f 00000004 0 00 00000004
0000000000000011 0013180000000000 1 18 00000000 0 0 0 0000000000000012 00000004 f 00000004 0 00 00000004
0000000000000012 0102001e18000000 0 00 00000000 4 0 0 0000000000000013 00000004 f 00000004 0 00 00000004
0000000000000013 0215fffffb040000 0 00 00000000 4 0 1 000000000000000f 00000004 f 00000004 0 00 00000004
000000000000000f 0023171700000100 1 17 00000002 4 0 0 0000000000000010 00000004 f 00000004 0 00 00000004
0000000000000010 00731e1e00000100 1 1e 00000000 4 0 0 0000000000000011 00000004 f 00000004 0 00 00000004
0000000000000011 0013180000000000 1 18 00000000 4 0 0 0000000000000012 00000004 f 00000004 0 00 00000004
0000000000000012 0102001e18000000 0 00 00000000 5 1 0 0000000000000013 00000004 f 00000004 0 00 00000004
0000000000000013 0215fffffb040000 0 00 00000000 5 1 0 0000000000000014 00000004 f 00000004 0 00 00000004
0000000000000014 7cf5000000000000 0 00 00000000 5 1 0 0000000000000015 00000004 f 00000004 0 00 00000004
DONE retired=26 fault=00 pc=0000000000000014
