0000000000000000 0013140000004d00 1 14 0000004d 0 0 0 0000000000000001 02fbcd4f f 02fbcd4f 0 00 02fbcd4f
0000000000000001 100005050500f000 0 00 00000000 0 0 0 0000000000000002 02fbcd4f f 02fbcd4f 1 05 02fbcd4f
0000000000000002 343003000000f000 0 00 00000000 0 0 0 0000000000000003 02fbcd4f f 02fbcd4f 1 03 02fbcd4f
0000000000000003 0013150055555500 1 15 00555555 0 0 0 0000000000000004 02fbcd4f f 02fbcd4f 0 00 02fbcd4f
0000000000000004 342006150000d000 0 00 00000000 0 0 0 0000000000000005 02fbcd4f d 00000001 1 06 00000001
0000000000000005 103106067ffff000 0 00 00000000 0 0 0 0000000000000006 02fbcd4f f 02fbcd4f 1 06 02fbcd4f
0000000000000006 34110400f05ff000 0 00 00000000 0 0 0 0000000000000007 02fbcd4f f 02fbcd4f 1 04 02fbcd4f
0000000000000007 0013150000000000 1 15 00000000 0 0 0 0000000000000008 02fbcd4f f 02fbcd4f 0 00 02fbcd4f
0000000000000008 342004150000f000 0 00 00000000 0 0 0 0000000000000009 02fbcd4f f 02fbcd4f 1 04 02fbcd4f
0000000000000009 100006030300f000 0 00 00000000 0 0 0 000000000000000a 02fbcd4f f 02fbcd4f 1 06 02fbcd4f
000000000000000a 00131500ffffff00 1 15 ffffffff 0 0 0 000000000000000b 02fbcd4f f 02fbcd4f 0 00 02fbcd4f
000000000000000b 342003150000f000 0 00 00000000 0 0 0 000000000000000c 02fbcd4f f 02fbcd4f 1 03 02fbcd4f
000000000000000c 107105050020f000 0 00 00000000 0 0 0 000000000000000d 02fbcd4f f 02fbcd4f 1 05 02fbcd4f
000000000000000d 100105047ffff000 0 00 00000000 0 0 0 000000000000000e 02fbcd4f f 02fbcd4f 1 05 02fbcd4f
000000000000000e 340003030000f000 0 00 00000000 0 0 0 000000000000000f 02fbcd4f f 02fbcd4f 1 03 02fbcd4f
000000000000000f 0013150000000000 1 15 00000000 0 0 0 0000000000000010 02fbcd4f f 02fbcd4f 0 00 02fbcd4f
0000000000000010 3420061500007000 0 00 00000000 0 0 0 0000000000000011 02fbcd4f 7 02fbcd4f 1 06 02fbcd4f
0000000000000011 34110300edf1f000 0 00 00000000 0 0 0 0000000000000012 02fbcd4f f 02fbcd4f 1 03 02fbcd4f
0000000000000012 0013160055555500 1 16 00555555 0 0 0 0000000000000013 02fbcd4f f 02fbcd4f 0 00 02fbcd4f
0000000000000013 342006160000f000 0 00 00000000 0 0 0 0000000000000014 02fbcd4f f 02fbcd4f 1 06 02fbcd4f
0000000000000014 108106060001f000 0 00 00000000 0 0 0 0000000000000015 02fbcd4f f 02fbcd4f 1 06 02fbcd4f
0000000000000015 00131500ffffff00 1 15 ffffffff 0 0 0 0000000000000016 02fbcd4f f 02fbcd4f 0 00 02fbcd4f
0000000000000016 342006150000f000 0 00 00000000 0 0 0 0000000000000017 02fbcd4f f 02fbcd4f 1 06 02fbcd4f
0000000000000017 10310504fffff000 0 00 00000000 0 0 0 0000000000000018 02fbcd4f f 02fbcd4f 1 05 02fbcd4f
0000000000000018 107105060010f000 0 00 00000000 0 0 0 0000000000000019 02fbcd4f f 02fbcd4f 1 05 02fbcd4f
0000000000000019 3411050096b1f000 0 00 00000000 0 0 0 000000000000001a 02fbcd4f f 02fbcd4f 1 05 02fbcd4f
000000000000001a 00131e0000000300 1 1e 00000003 0 0 0 000000000000001b 02fbcd4f f 02fbcd4f 0 00 02fbcd4f
000000000000001b 0023171700000100 1 17 00000001 0 0 0 000000000000001c 02fbcd4f f 02fbcd4f 0 00 02fbcd4f
000000000000001c 00731e1e00000100 1 1e 00000002 0 0 0 000000000000001d 02fbcd4f f 02fbcd4f 0 00 02fbcd4f
000000000000001d 0013180000000000 1 18 00000000 0 0 0 000000000000001e 02fbcd4f f 02fbcd4f 0 00 02fbcd4f
000000000000001e 0102001e18000000 0 00 00000000 4 0 0 000000000000001f 02fbcd4f f 02fbcd4f 0 00 02fbcd4f
000000000000001f 0215fffffb040000 0 00 00000000 4 0 1 000000000000001b 02fbcd4f f 02fbcd4f 0 00 02fbcd4f
000000000000001b 0023171700000100 1 17 00000002 4 0 0 000000000000001c 02fbcd4f f 02fbcd4f 0 00 02fbcd4f
000000000000001c 00731e1e00000100 1 1e 00000001 4 0 0 000000000000001d 02fbcd4f f 02fbcd4f 0 00 02fbcd4f
000000000000001d 0013180000000000 1 18 00000000 4 0 0 000000000000001e 02fbcd4f f 02fbcd4f 0 00 02fbcd4f
000000000000001e 0102001e18000000 0 00 00000000 4 0 0 000000000000001f 02fbcd4f f 02fbcd4f 0 00 02fbcd4f
000000000000001f 0215fffffb040000 0 00 00000000 4 0 1 000000000000001b 02fbcd4f f 02fbcd4f 0 00 02fbcd4f
000000000000001b 0023171700000100 1 17 00000003 4 0 0 000000000000001c 02fbcd4f f 02fbcd4f 0 00 02fbcd4f
000000000000001c 00731e1e00000100 1 1e 00000000 4 0 0 000000000000001d 02fbcd4f f 02fbcd4f 0 00 02fbcd4f
000000000000001d 0013180000000000 1 18 00000000 4 0 0 000000000000001e 02fbcd4f f 02fbcd4f 0 00 02fbcd4f
000000000000001e 0102001e18000000 0 00 00000000 5 1 0 000000000000001f 02fbcd4f f 02fbcd4f 0 00 02fbcd4f
000000000000001f 0215fffffb040000 0 00 00000000 5 1 0 0000000000000020 02fbcd4f f 02fbcd4f 0 00 02fbcd4f
0000000000000020 7cf5000000000000 0 00 00000000 5 1 0 0000000000000021 02fbcd4f f 02fbcd4f 0 00 02fbcd4f
DONE retired=43 fault=00 pc=0000000000000020
