0000000000000000 0013140000004d00 1 14 0000004d 0 0 0 0000000000000001 ffc00000 f ffc00000 0 00 ffc00000
0000000000000001 341104000b84f000 0 00 00000000 0 0 0 0000000000000002 ffc00000 f ffc00000 1 04 ffc00000
0000000000000002 105004020600f000 0 00 00000000 0 0 0 0000000000000003 ffc00000 f ffc00000 1 04 ffc00000
0000000000000003 104003020500f000 0 00 00000000 0 0 0 0000000000000004 ffc00000 f ffc00000 1 03 ffc00000
0000000000000004 103002040600f000 0 00 00000000 0 0 0 0000000000000005 ffc00000 f ffc00000 1 02 ffc00000
0000000000000005 1050040405005000 0 00 00000000 0 0 0 0000000000000006 ffc00000 5 20c00000 1 04 20c00000
0000000000000006 106105040001f000 0 00 00000000 0 0 0 0000000000000007 ffc00000 f ffc00000 1 05 ffc00000
0000000000000007 0013150055555500 1 15 00555555 0 0 0 0000000000000008 ffc00000 f ffc00000 0 00 ffc00000
0000000000000008 342005150000a000 0 00 00000000 0 0 0 0000000000000009 ffc00000 a 1ac00000 1 05 1ac00000
0000000000000009 0013160000000000 1 16 00000000 0 0 0 000000000000000a ffc00000 f ffc00000 0 00 ffc00000
000000000000000a 342006160000f000 0 00 00000000 0 0 0 000000000000000b ffc00000 f ffc00000 1 06 ffc00000
000000000000000b 108103060001f000 0 00 00000000 0 0 0 000000000000000c ffc00000 f ffc00000 1 03 ffc00000
000000000000000c 00131e0000000100 1 1e 00000001 0 0 0 000000000000000d ffc00000 f ffc00000 0 00 ffc00000
000000000000000d 0023171700000100 1 17 00000001 0 0 0 000000000000000e ffc00000 f ffc00000 0 00 ffc00000
000000000000000e 00731e1e00000100 1 1e 00000000 0 0 0 000000000000000f ffc00000 f ffc00000 0 00 ffc00000
000000000000000f 0013180000000000 1 18 00000000 0 0 0 0000000000000010 ffc00000 f ffc00000 0 00 ffc00000
0000000000000010 0102001e18000000 0 00 00000000 5 1 0 0000000000000011 ffc00000 f ffc00000 0 00 ffc00000
0000000000000011 0215fffffb040000 0 00 00000000 5 1 0 0000000000000012 ffc00000 f ffc00000 0 00 ffc00000
0000000000000012 7cf5000000000000 0 00 00000000 5 1 0 0000000000000013 ffc00000 f ffc00000 0 00 ffc00000
DONE retired=19 fault=00 pc=0000000000000012
