0000000000000000 343001000000f000 0 00 00000000 0 0 0 0 0 0 0000000000000001 ffffffff f ffffffff 1 01
0000000000000001 341107000001f000 0 00 00000000 0 0 0 0 0 0 0000000000000002 ffffffff f ffffffff 1 07
0000000000000002 34110c000003f000 0 00 00000000 0 0 0 0 0 0 0000000000000003 ffffffff f ffffffff 1 0c
0000000000000003 11000c010500f000 0 00 00000000 0 0 0 0 0 0 0000000000000004 ffffffff f ffffffff 1 0c
0000000000000004 3059b0b070000000 0 00 00000000 0 0 0 0 0 0 0000000000000005 ffffffff f ffffffff 0 00
0000000000000005 7c1500005eb0006d 0 00 00000000 0 0 0 0 0 0 0000000000000064 ffffffff f ffffffff 0 00
0000000000000064 34110d000001f000 0 00 00000000 0 0 0 0 0 0 0000000000000065 ffffffff f ffffffff 1 0d
0000000000000065 10300c010d00f000 0 00 00000000 0 0 0 0 0 0 0000000000000066 ffffffff f ffffffff 1 0c
0000000000000066 10000c0c0700f000 0 00 00000000 0 0 0 0 0 0 0000000000000067 ffffffff f ffffffff 1 0c
0000000000000067 34110a000000f000 0 00 00000000 0 0 0 0 0 0 0000000000000068 ffffffff f ffffffff 1 0a
0000000000000068 7c85000008000000 0 00 00000000 0 0 0 0 0 0 0000000000000069 ffffffff f ffffffff 0 00
0000000000000069 3059e0a0c0000000 0 00 00000000 0 0 0 0 0 0 000000000000006a ffffffff f ffffffff 0 00
000000000000006a 3029d0a0c0000000 0 00 00000000 0 0 0 0 0 0 000000000000006b ffffffff f ffffffff 0 00
000000000000006b 3019401070000000 0 00 00000000 0 0 0 0 0 0 000000000000006c ffffffff f ffffffff 0 00
000000000000006c 7c15000000400001 0 00 00000000 0 0 0 0 0 0 000000000000006d fffffffd f fffffffd 0 00
000000000000006d 34110500000ff000 0 00 00000000 0 0 0 0 0 0 000000000000006e fffffffd f fffffffd 1 05
000000000000006e 7c25000000000000 0 00 00000000 0 0 0 0 0 0 000000000000006d 00000002 f 00000002 0 00
000000000000006d 34110500000ff000 0 00 00000000 0 0 0 0 0 0 000000000000006e 00000002 f 00000002 1 05
000000000000006e 7c25000000000000 0 00 00000000 0 0 0 0 0 0 000000000000006f ffffffff f ffffffff 0 00
000000000000006f 7cb5000000e00000 0 00 00000000 0 0 0 0 0 0 0000000000000070 ffffffff f ffffffff 0 00
0000000000000070 10000a0a0700f000 0 00 00000000 0 0 0 0 0 0 0000000000000071 ffffffff f ffffffff 1 0a
0000000000000071 7c95fffff7d00000 0 00 00000000 0 0 0 0 0 0 0000000000000069 ffffffff f ffffffff 0 00
0000000000000069 3059e0a0c0000000 0 00 00000000 0 0 0 0 0 0 000000000000006a ffffffff f ffffffff 0 00
000000000000006a 3029d0a0c0000000 0 00 00000000 0 0 0 0 0 0 000000000000006b ffffffff f ffffffff 0 00
000000000000006b 3019401070000000 0 00 00000000 0 0 0 0 0 0 000000000000006c ffffffff f ffffffff 0 00
000000000000006c 7c15000000400001 0 00 00000000 0 0 0 0 0 0 000000000000006d fffffffd f fffffffd 0 00
000000000000006d 34110500000ff000 0 00 00000000 0 0 0 0 0 0 000000000000006e fffffffd f fffffffd 1 05
000000000000006e 7c25000000000000 0 00 00000000 0 0 0 0 0 0 000000000000006d 00000002 f 00000002 0 00
000000000000006d 34110500000ff000 0 00 00000000 0 0 0 0 0 0 000000000000006e 00000002 f 00000002 1 05
000000000000006e 7c25000000000000 0 00 00000000 0 0 0 0 0 0 000000000000006f ffffffff f ffffffff 0 00
000000000000006f 7cb5000000e00000 0 00 00000000 0 0 0 0 0 0 0000000000000070 aaaaaaaa f aaaaaaaa 0 00
0000000000000070 10000a0a0700f000 0 00 00000000 0 0 0 0 0 0 0000000000000071 aaaaaaaa f aaaaaaaa 1 0a
0000000000000071 7c95fffff7d00000 0 00 00000000 0 0 0 0 0 0 0000000000000069 aaaaaaaa f aaaaaaaa 0 00
0000000000000069 3059e0a0c0000000 0 00 00000000 0 0 0 0 0 0 000000000000006a aaaaaaaa f aaaaaaaa 0 00
000000000000006a 3029d0a0c0000000 0 00 00000000 0 0 0 0 0 0 000000000000006b aaaaaaaa f aaaaaaaa 0 00
000000000000006b 3019401070000000 0 00 00000000 0 0 0 0 0 0 000000000000006c aaaaaaaa f aaaaaaaa 0 00
000000000000006c 7c15000000400001 0 00 00000000 0 0 0 0 0 0 000000000000006d aaaaaaa8 f aaaaaaa8 0 00
000000000000006d 34110500000ff000 0 00 00000000 0 0 0 0 0 0 000000000000006e aaaaaaa8 f aaaaaaa8 1 05
000000000000006e 7c25000000000000 0 00 00000000 0 0 0 0 0 0 000000000000006d 00000002 f 00000002 0 00
000000000000006d 34110500000ff000 0 00 00000000 0 0 0 0 0 0 000000000000006e 00000002 f 00000002 1 05
000000000000006e 7c25000000000000 0 00 00000000 0 0 0 0 0 0 000000000000006f aaaaaaaa f aaaaaaaa 0 00
0000000000000071 7cb5000000e00000 0 00 00000000 0 0 0 0 0 0 0000000000000070 00000000 f 00000000 0 00
0000000000000071 7c95fffff7d00000 0 00 00000000 0 0 0 0 0 0 0000000000000072 ffffffff f ffffffff 0 00
0000000000000072 0023060600000200 1 06 00000002 0 0 0 0 0 0 0000000000000073 ffffffff f ffffffff 0 00
0000000000000073 7c25000000000000 0 00 00000000 0 0 0 0 0 0 0000000000000074 ffffffff f ffffffff 0 00
0000000000000074 7cf5000000000000 0 00 00000000 0 0 0 0 0 0 0000000000000075 ffffffff f ffffffff 0 00
