0000000000000000 00131d0000000000 1 1d 00000000 0 0 0 0000000000000001
0000000000000001 00230d0200000000 1 0d 00000000 0 0 0 0000000000000002
0000000000000002 00130d008aa7b400 1 0d ff8aa7b4 0 0 0 0000000000000003
0000000000000003 00730b0a81cb5600 1 0b 007e34aa 0 0 0 0000000000000004
0000000000000004 8506000000000000 0 00 00000000 0 0 0 0000000000000005
0000000000000005 00820e1208000000 1 0e 00000000 0 0 0 0000000000000006
0000000000000006 8506000000000000 0 00 00000000 0 0 0 0000000000000007
0000000000000007 00730e121c68a900 1 0e ffe39757 0 0 0 0000000000000008
0000000000000008 008206120d000000 1 06 ff8aa7b4 0 0 0 0000000000000009
0000000000000009 8506000000000000 0 00 00000000 0 0 0 000000000000000a
000000000000000a 0122001301000000 0 00 00000000 5 0 0 000000000000000b
000000000000000b 02150000010b0000 0 00 00000000 5 0 0 000000000000000c
000000000000000c 8506000000000000 0 00 00000000 5 0 0 000000000000000d
000000000000000d 00b3100200001e00 1 10 00000000 5 0 0 000000000000000e
000000000000000e 00b3120d00000600 1 12 fffe2a9e 5 0 0 000000000000000f
000000000000000f 0023080d55555500 1 08 ffdffd09 5 0 0 0000000000000010
0000000000000010 0082110f07000000 1 11 00000000 5 0 0 0000000000000011
0000000000000011 010200080c000000 0 00 00000000 6 0 0 0000000000000012
0000000000000012 02150000030b0000 0 00 00000000 6 0 1 0000000000000016
0000000000000016 0022050212000000 1 05 fffe2a9e 6 0 0 0000000000000017
0000000000000017 0102000909000000 0 00 00000000 5 1 0 0000000000000018
0000000000000018 02150000030d0000 0 00 00000000 5 1 0 0000000000000019
0000000000000019 8506000000000000 0 00 00000000 5 1 0 000000000000001a
000000000000001a 8506000000000000 0 00 00000000 5 1 0 000000000000001b
000000000000001b 8506000000000000 0 00 00000000 5 1 0 000000000000001c
000000000000001c 0042120201000000 1 12 00000000 5 1 0 000000000000001d
000000000000001d 0062100804000000 1 10 ffdffd09 5 1 0 000000000000001e
000000000000001e 8506000000000000 0 00 00000000 5 1 0 000000000000001f
000000000000001f 8506000000000000 0 00 00000000 5 1 0 0000000000000020
0000000000000020 0306000000000800 1 08 00000000 5 1 0 0000000000000021
0000000000000021 8506000000000000 0 00 00000000 5 1 0 0000000000000022
0000000000000022 00a3071400000000 1 07 00000000 5 1 0 0000000000000023
0000000000000023 00130900ffffff00 1 09 ffffffff 5 1 0 0000000000000024
0000000000000024 00a3120700001c00 1 12 00000000 5 1 0 0000000000000025
0000000000000025 008214050a000000 1 14 fffe2a9e 5 1 0 0000000000000026
0000000000000026 00130d0000000100 1 0d 00000001 5 1 0 0000000000000027
0000000000000027 0092130200000000 1 13 ffffffff 5 1 0 0000000000000028
0000000000000028 0112000802000000 0 00 00000000 5 0 0 0000000000000029
0000000000000029 0215000001020000 0 00 00000000 5 0 1 000000000000002b
000000000000002b 0063110c00000300 1 11 00000000 5 0 0 000000000000002c
000000000000002c 0306000000000b00 1 0b 00000000 5 0 0 000000000000002d
000000000000002d 0306000000000700 1 07 00000000 5 0 0 000000000000002e
000000000000002e 00230e10a513a100 1 0e ff8510aa 5 0 0 000000000000002f
000000000000002f 008208120f000000 1 08 00000000 5 0 0 0000000000000030
0000000000000030 0112000812000000 0 00 00000000 5 0 0 0000000000000031
0000000000000031 02150000020e0000 0 00 00000000 5 0 1 0000000000000034
0000000000000034 8506000000000000 0 00 00000000 5 0 0 0000000000000035
0000000000000035 00130100f004a300 1 01 fff004a3 5 0 0 0000000000000036
0000000000000036 0306000000001300 1 13 00000000 5 0 0 0000000000000037
0000000000000037 00131e0000000400 1 1e 00000004 5 0 0 0000000000000038
0000000000000038 0023151500000100 1 15 00000001 5 0 0 0000000000000039
0000000000000039 00731e1e00000100 1 1e 00000003 5 0 0 000000000000003a
000000000000003a 0102001e1d000000 0 00 00000000 4 0 0 000000000000003b
000000000000003b 0215fffffc040000 0 00 00000000 4 0 1 0000000000000038
0000000000000038 0023151500000100 1 15 00000002 4 0 0 0000000000000039
0000000000000039 00731e1e00000100 1 1e 00000002 4 0 0 000000000000003a
000000000000003a 0102001e1d000000 0 00 00000000 4 0 0 000000000000003b
000000000000003b 0215fffffc040000 0 00 00000000 4 0 1 0000000000000038
0000000000000038 0023151500000100 1 15 00000003 4 0 0 0000000000000039
0000000000000039 00731e1e00000100 1 1e 00000001 4 0 0 000000000000003a
000000000000003a 0102001e1d000000 0 00 00000000 4 0 0 000000000000003b
000000000000003b 0215fffffc040000 0 00 00000000 4 0 1 0000000000000038
0000000000000038 0023151500000100 1 15 00000004 4 0 0 0000000000000039
0000000000000039 00731e1e00000100 1 1e 00000000 4 0 0 000000000000003a
000000000000003a 0102001e1d000000 0 00 00000000 5 1 0 000000000000003b
000000000000003b 0215fffffc040000 0 00 00000000 5 1 0 000000000000003c
000000000000003c 7cf5000000000000 0 00 00000000 5 1 0 000000000000003d
DONE retired=67 fault=00 pc=000000000000003c
