0000000000000000 0013140000004d00 1 14 0000004d 0 0 0 0000000000000001 55555555 f 55555555 0 00 55555555
0000000000000001 340003060000f000 0 00 00000000 0 0 0 0000000000000002 55555555 f 55555555 1 03 55555555
0000000000000002 343003000000f000 0 00 00000000 0 0 0 0000000000000003 55555555 f 55555555 1 03 55555555
0000000000000003 00131500ffffff00 1 15 ffffffff 0 0 0 0000000000000004 55555555 f 55555555 0 00 55555555
0000000000000004 342006150000f000 0 00 00000000 0 0 0 0000000000000005 55555555 f 55555555 1 06 55555555
0000000000000005 104105060001f000 0 00 00000000 0 0 0 0000000000000006 55555555 f 55555555 1 05 55555555
0000000000000006 0013150055555500 1 15 00555555 0 0 0 0000000000000007 55555555 f 55555555 0 00 55555555
0000000000000007 342002150000f000 0 00 00000000 0 0 0 0000000000000008 55555555 f 55555555 1 02 55555555
0000000000000008 0013160000000000 1 16 00000000 0 0 0 0000000000000009 55555555 f 55555555 0 00 55555555
0000000000000009 342003160000f000 0 00 00000000 0 0 0 000000000000000a 55555555 f 55555555 1 03 55555555
000000000000000a 108105030016f000 0 00 00000000 0 0 0 000000000000000b 55555555 f 55555555 1 05 55555555
000000000000000b 340006030000f000 0 00 00000000 0 0 0 000000000000000c 55555555 f 55555555 1 06 55555555
000000000000000c 106103040021f000 0 00 00000000 0 0 0 000000000000000d 55555555 f 55555555 1 03 55555555
000000000000000d 104106020000f000 0 00 00000000 0 0 0 000000000000000e 55555555 f 55555555 1 06 55555555
000000000000000e 107103060020f000 0 00 00000000 0 0 0 000000000000000f 55555555 f 55555555 1 03 55555555
000000000000000f 105005040400f000 0 00 00000000 0 0 0 0000000000000010 55555555 f 55555555 1 05 55555555
0000000000000010 00131500ffffff00 1 15 ffffffff 0 0 0 0000000000000011 55555555 f 55555555 0 00 55555555
0000000000000011 3420031500008000 0 00 00000000 0 0 0 0000000000000012 55555555 8 55555555 1 03 55555555
0000000000000012 00131600ffffff00 1 16 ffffffff 0 0 0 0000000000000013 55555555 f 55555555 0 00 55555555
0000000000000013 342004160000f000 0 00 00000000 0 0 0 0000000000000014 55555555 f 55555555 1 04 55555555
0000000000000014 108105040010f000 0 00 00000000 0 0 0 0000000000000015 55555555 f 55555555 1 05 55555555
0000000000000015 341105008000f000 0 00 00000000 0 0 0 0000000000000016 55555555 f 55555555 1 05 55555555
0000000000000016 0013150055555500 1 15 00555555 0 0 0 0000000000000017 55555555 f 55555555 0 00 55555555
0000000000000017 3420021500006000 0 00 00000000 0 0 0 0000000000000018 55555555 6 41554404 1 02 41554404
0000000000000018 1040030603003000 0 00 00000000 0 0 0 0000000000000019 55555555 3 55555555 1 03 55555555
0000000000000019 1040030306007000 0 00 00000000 0 0 0 000000000000001a 55555555 7 44540550 1 03 44540550
000000000000001a 1010050204002000 0 00 00000000 0 0 0 000000000000001b 55555555 2 00000001 1 05 00000001
000000000000001b 00131e0000000100 1 1e 00000001 0 0 0 000000000000001c 55555555 f 55555555 0 00 55555555
000000000000001c 0023171700000100 1 17 00000001 0 0 0 000000000000001d 55555555 f 55555555 0 00 55555555
000000000000001d 00731e1e00000100 1 1e 00000000 0 0 0 000000000000001e 55555555 f 55555555 0 00 55555555
000000000000001e 0013180000000000 1 18 00000000 0 0 0 000000000000001f 55555555 f 55555555 0 00 55555555
000000000000001f 0102001e18000000 0 00 00000000 5 1 0 0000000000000020 55555555 f 55555555 0 00 55555555
0000000000000020 0215fffffb040000 0 00 00000000 5 1 0 0000000000000021 55555555 f 55555555 0 00 55555555
0000000000000021 7cf5000000000000 0 00 00000000 5 1 0 0000000000000022 55555555 f 55555555 0 00 55555555
DONE retired=34 fault=00 pc=0000000000000021
