0000000000000000 00131d0000000000 1 1d 00000000 0 0 0 0000000000000001
0000000000000001 0013080055555500 1 08 00555555 0 0 0 0000000000000002
0000000000000002 0122000309000000 0 00 00000000 5 0 0 0000000000000003
0000000000000003 02150000030c0000 0 00 00000000 5 0 1 0000000000000007
0000000000000007 00820f0701000000 1 0f 00000000 5 0 0 0000000000000008
0000000000000008 8506000000000000 0 00 00000000 5 0 0 0000000000000009
0000000000000009 00a3080700001700 1 08 00000000 5 0 0 000000000000000a
000000000000000a 0082020602000000 1 02 00000000 5 0 0 000000000000000b
000000000000000b 0092070d00000000 1 07 ffffffff 5 0 0 000000000000000c
000000000000000c 8506000000000000 0 00 00000000 5 0 0 000000000000000d
000000000000000d 0122000a03000000 0 00 00000000 5 0 0 000000000000000e
000000000000000e 0215000001040000 0 00 00000000 5 0 0 000000000000000f
000000000000000f 8506000000000000 0 00 00000000 5 0 0 0000000000000010
0000000000000010 0023070a7c333f00 1 07 007c333f 5 0 0 0000000000000011
0000000000000011 0013010000000000 1 01 00000000 5 0 0 0000000000000012
0000000000000012 00b20c0d08000000 1 0c 00000000 5 0 0 0000000000000013
0000000000000013 00131e0000000300 1 1e 00000003 5 0 0 0000000000000014
0000000000000014 0023151500000100 1 15 00000001 5 0 0 0000000000000015
0000000000000015 00731e1e00000100 1 1e 00000002 5 0 0 0000000000000016
0000000000000016 0102001e1d000000 0 00 00000000 4 0 0 0000000000000017
0000000000000017 0215fffffc040000 0 00 00000000 4 0 1 0000000000000014
0000000000000014 0023151500000100 1 15 00000002 4 0 0 0000000000000015
0000000000000015 00731e1e00000100 1 1e 00000001 4 0 0 0000000000000016
0000000000000016 0102001e1d000000 0 00 00000000 4 0 0 0000000000000017
0000000000000017 0215fffffc040000 0 00 00000000 4 0 1 0000000000000014
0000000000000014 0023151500000100 1 15 00000003 4 0 0 0000000000000015
0000000000000015 00731e1e00000100 1 1e 00000000 4 0 0 0000000000000016
0000000000000016 0102001e1d000000 0 00 00000000 5 1 0 0000000000000017
0000000000000017 0215fffffc040000 0 00 00000000 5 1 0 0000000000000018
0000000000000018 7cf5000000000000 0 00 00000000 5 1 0 0000000000000019
DONE retired=30 fault=00 pc=0000000000000018
