0000000000000000 0013140000004d00 1 14 0000004d 0 0 0 0000000000000001 935f6a05 f 935f6a05 0 00 935f6a05
0000000000000001 107104050010f000 0 00 00000000 0 0 0 0000000000000002 935f6a05 f 935f6a05 1 04 935f6a05
0000000000000002 341105000000f000 0 00 00000000 0 0 0 0000000000000003 935f6a05 f 935f6a05 1 05 935f6a05
0000000000000003 103003030400f000 0 00 00000000 0 0 0 0000000000000004 935f6a05 f 935f6a05 1 03 935f6a05
0000000000000004 101102057ffff000 0 00 00000000 0 0 0 0000000000000005 935f6a05 f 935f6a05 1 02 935f6a05
0000000000000005 340006040000f000 0 00 00000000 0 0 0 0000000000000006 935f6a05 f 935f6a05 1 06 935f6a05
0000000000000006 100005050600f000 0 00 00000000 0 0 0 0000000000000007 935f6a05 f 935f6a05 1 05 935f6a05
0000000000000007 102004060200f000 0 00 00000000 0 0 0 0000000000000008 935f6a05 f 935f6a05 1 04 935f6a05
0000000000000008 105002040300f000 0 00 00000000 0 0 0 0000000000000009 935f6a05 f 935f6a05 1 02 935f6a05
0000000000000009 341102004f8bf000 0 00 00000000 0 0 0 000000000000000a 935f6a05 f 935f6a05 1 02 935f6a05
000000000000000a 1010040502009000 0 00 00000000 0 0 0 000000000000000b 935f6a05 9 935f6a05 1 04 935f6a05
000000000000000b 340006060000f000 0 00 00000000 0 0 0 000000000000000c 935f6a05 f 935f6a05 1 06 935f6a05
000000000000000c 107105020014f000 0 00 00000000 0 0 0 000000000000000d 935f6a05 f 935f6a05 1 05 935f6a05
000000000000000d 0013150000000000 1 15 00000000 0 0 0 000000000000000e 935f6a05 f 935f6a05 0 00 935f6a05
000000000000000e 342005150000f000 0 00 00000000 0 0 0 000000000000000f 935f6a05 f 935f6a05 1 05 935f6a05
000000000000000f 107106060000f000 0 00 00000000 0 0 0 0000000000000010 935f6a05 f 935f6a05 1 06 935f6a05
0000000000000010 3411040080007000 0 00 00000000 0 0 0 0000000000000011 935f6a05 7 820a2a00 1 04 820a2a00
0000000000000011 105106028000f000 0 00 00000000 0 0 0 0000000000000012 935f6a05 f 935f6a05 1 06 935f6a05
0000000000000012 34110400ffffc000 0 00 00000000 0 0 0 0000000000000013 935f6a05 c 935f6a05 1 04 935f6a05
0000000000000013 103102050001f000 0 00 00000000 0 0 0 0000000000000014 935f6a05 f 935f6a05 1 02 935f6a05
0000000000000014 10610603001ff000 0 00 00000000 0 0 0 0000000000000015 935f6a05 f 935f6a05 1 06 935f6a05
0000000000000015 341105007fff3000 0 00 00000000 0 0 0 0000000000000016 935f6a05 3 00000001 1 05 00000001
0000000000000016 102005050400f000 0 00 00000000 0 0 0 0000000000000017 935f6a05 f 935f6a05 1 05 935f6a05
0000000000000017 340004040000f000 0 00 00000000 0 0 0 0000000000000018 935f6a05 f 935f6a05 1 04 935f6a05
0000000000000018 103004020300f000 0 00 00000000 0 0 0 0000000000000019 935f6a05 f 935f6a05 1 04 935f6a05
0000000000000019 340006040000f000 0 00 00000000 0 0 0 000000000000001a 935f6a05 f 935f6a05 1 06 935f6a05
000000000000001a 343003000000f000 0 00 00000000 0 0 0 000000000000001b 935f6a05 f 935f6a05 1 03 935f6a05
000000000000001b 340006040000f000 0 00 00000000 0 0 0 000000000000001c 935f6a05 f 935f6a05 1 06 935f6a05
000000000000001c 00131e0000000200 1 1e 00000002 0 0 0 000000000000001d 935f6a05 f 935f6a05 0 00 935f6a05
000000000000001d 0023171700000100 1 17 00000001 0 0 0 000000000000001e 935f6a05 f 935f6a05 0 00 935f6a05
000000000000001e 00731e1e00000100 1 1e 00000001 0 0 0 000000000000001f 935f6a05 f 935f6a05 0 00 935f6a05
000000000000001f 0013180000000000 1 18 00000000 0 0 0 0000000000000020 935f6a05 f 935f6a05 0 00 935f6a05
0000000000000020 0102001e18000000 0 00 00000000 4 0 0 0000000000000021 935f6a05 f 935f6a05 0 00 935f6a05
0000000000000021 0215fffffb040000 0 00 00000000 4 0 1 000000000000001d 935f6a05 f 935f6a05 0 00 935f6a05
000000000000001d 0023171700000100 1 17 00000002 4 0 0 000000000000001e 935f6a05 f 935f6a05 0 00 935f6a05
000000000000001e 00731e1e00000100 1 1e 00000000 4 0 0 000000000000001f 935f6a05 f 935f6a05 0 00 935f6a05
000000000000001f 0013180000000000 1 18 00000000 4 0 0 0000000000000020 935f6a05 f 935f6a05 0 00 935f6a05
0000000000000020 0102001e18000000 0 00 00000000 5 1 0 0000000000000021 935f6a05 f 935f6a05 0 00 935f6a05
0000000000000021 0215fffffb040000 0 00 00000000 5 1 0 0000000000000022 935f6a05 f 935f6a05 0 00 935f6a05
0000000000000022 7cf5000000000000 0 00 00000000 5 1 0 0000000000000023 935f6a05 f 935f6a05 0 00 935f6a05
DONE retired=40 fault=00 pc=0000000000000022
