python3 tests/run_m1_tests.py | tee reports/evidence/m1_regression.log
============================================================
SciGPU M1 regression — golden ISA simulator
============================================================
[PASS] T1 vector_add bit-exact err=None
[PASS] T2 SAXPY FMA alpha*x+y err=None
[PASS] T3 divergence/reconvergence vs serial reference 
[PASS] T4 BAR.WG release across 2 wavefronts err=None
[PASS] T5 INV-025 beat equivalence SIMD_LANES∈{4,8,16,32} 
[PASS] T6 partial-wavefront mask edges (INV-002/016) 
[PASS] T7 SGP1 checksum tamper detection (INV-022) 
------------------------------------------------------------
REGRESSION RESULT: PASS (7 passed, 0 failed)
[make] M1 GREEN
verilator --lint-only -Wall --top-module scigpu_m2_top -Irtl/generated -Irtl/common rtl/generated/scigpu_isa_pkg.sv rtl/common/scigpu_types_pkg.sv rtl/frontend/scigpu_fetch.sv rtl/frontend/scigpu_decode.sv rtl/compute/scalar/scigpu_sgpr_file.sv rtl/compute/scalar/scigpu_scalar_alu.sv rtl/compute/scalar/scigpu_scalar_flags.sv rtl/compute/scalar/scigpu_scalar_control.sv rtl/core/scigpu_scalar_core.sv rtl/top/scigpu_m2_top.sv \
  | tee reports/evidence/m2/verilator_lint.log
- V e r i l a t i o n   R e p o r t: Verilator 5.032 2025-01-01 rev (Debian 5.032-1)
- Verilator: Built from 0.288 MB sources in 11 modules, into 0.152 MB in 5 C++ files needing 0.000 MB
- Verilator: Walltime 0.026 s (elab=0.004, cvt=0.013, bld=0.000); cpu 0.026 s on 1 threads; alloced 9.941 MB
[make] M2 lint clean (see log; documented UNUSEDPARAM waiver inside generated pkg)
verilator --cc --exe --build -j 4 -O2 --top-module scigpu_scalar_core \
  -Irtl/generated -Irtl/common rtl/generated/scigpu_isa_pkg.sv rtl/common/scigpu_types_pkg.sv rtl/frontend/scigpu_fetch.sv rtl/frontend/scigpu_decode.sv rtl/compute/scalar/scigpu_sgpr_file.sv rtl/compute/scalar/scigpu_scalar_alu.sv rtl/compute/scalar/scigpu_scalar_flags.sv rtl/compute/scalar/scigpu_scalar_control.sv rtl/core/scigpu_scalar_core.sv rtl/top/scigpu_m2_top.sv verification/m2/tb_m2.cpp \
  --Mdir build/obj_core -o tb_core 2>&1 | tee reports/evidence/m2/build_core.log
make[1]: Entering directory '/home/peter/Desktop/IP_dev/gpu_dev/build/obj_core'
g++  -I.  -MMD -I/usr/share/verilator/include -I/usr/share/verilator/include/vltstd -DVM_COVERAGE=0 -DVM_SC=0 -DVM_TIMING=0 -DVM_TRACE=0 -DVM_TRACE_FST=0 -DVM_TRACE_VCD=0 -faligned-new -fcf-protection=none -Wno-bool-operation -Wno-shadow -Wno-sign-compare -Wno-tautological-compare -Wno-uninitialized -Wno-unused-but-set-parameter -Wno-unused-but-set-variable -Wno-unused-parameter -Wno-unused-variable      -Os  -c -o tb_m2.o ../../verification/m2/tb_m2.cpp
g++ -Os  -I.  -MMD -I/usr/share/verilator/include -I/usr/share/verilator/include/vltstd -DVM_COVERAGE=0 -DVM_SC=0 -DVM_TIMING=0 -DVM_TRACE=0 -DVM_TRACE_FST=0 -DVM_TRACE_VCD=0 -faligned-new -fcf-protection=none -Wno-bool-operation -Wno-shadow -Wno-sign-compare -Wno-tautological-compare -Wno-uninitialized -Wno-unused-but-set-parameter -Wno-unused-but-set-variable -Wno-unused-parameter -Wno-unused-variable      -c -o verilated.o /usr/share/verilator/include/verilated.cpp
g++ -Os  -I.  -MMD -I/usr/share/verilator/include -I/usr/share/verilator/include/vltstd -DVM_COVERAGE=0 -DVM_SC=0 -DVM_TIMING=0 -DVM_TRACE=0 -DVM_TRACE_FST=0 -DVM_TRACE_VCD=0 -faligned-new -fcf-protection=none -Wno-bool-operation -Wno-shadow -Wno-sign-compare -Wno-tautological-compare -Wno-uninitialized -Wno-unused-but-set-parameter -Wno-unused-but-set-variable -Wno-unused-parameter -Wno-unused-variable      -c -o verilated_threads.o /usr/share/verilator/include/verilated_threads.cpp
python3 /usr/share/verilator/bin/verilator_includer -DVL_INCLUDE_OPT=include Vscigpu_scalar_core.cpp Vscigpu_scalar_core___024root__DepSet_hc353b883__0.cpp Vscigpu_scalar_core___024root__DepSet_hf6f34c96__0.cpp Vscigpu_scalar_core__ConstPool_0.cpp Vscigpu_scalar_core___024root__Slow.cpp Vscigpu_scalar_core___024root__DepSet_hc353b883__0__Slow.cpp Vscigpu_scalar_core___024root__DepSet_hf6f34c96__0__Slow.cpp Vscigpu_scalar_core__Syms.cpp > Vscigpu_scalar_core__ALL.cpp
g++ -Os  -I.  -MMD -I/usr/share/verilator/include -I/usr/share/verilator/include/vltstd -DVM_COVERAGE=0 -DVM_SC=0 -DVM_TIMING=0 -DVM_TRACE=0 -DVM_TRACE_FST=0 -DVM_TRACE_VCD=0 -faligned-new -fcf-protection=none -Wno-bool-operation -Wno-shadow -Wno-sign-compare -Wno-tautological-compare -Wno-uninitialized -Wno-unused-but-set-parameter -Wno-unused-but-set-variable -Wno-unused-parameter -Wno-unused-variable      -c -o Vscigpu_scalar_core__ALL.o Vscigpu_scalar_core__ALL.cpp
echo "" > Vscigpu_scalar_core__ALL.verilator_deplist.tmp
g++    tb_m2.o verilated.o verilated_threads.o Vscigpu_scalar_core__ALL.a    -pthread -lpthread -latomic   -o tb_core
rm Vscigpu_scalar_core__ALL.verilator_deplist.tmp
make[1]: Leaving directory '/home/peter/Desktop/IP_dev/gpu_dev/build/obj_core'
- V e r i l a t i o n   R e p o r t: Verilator 5.032 2025-01-01 rev (Debian 5.032-1)
- Verilator: Built from 0.288 MB sources in 11 modules, into 0.173 MB in 8 C++ files needing 0.000 MB
- Verilator: Walltime 2.932 s (elab=0.004, cvt=0.017, bld=2.902); cpu 0.034 s on 4 threads; alloced 18.500 MB
verilator --cc --exe --build -j 4 -O2 --top-module scigpu_units_tb \
  -Irtl/generated -Irtl/common rtl/generated/scigpu_isa_pkg.sv rtl/common/scigpu_types_pkg.sv rtl/frontend/scigpu_fetch.sv rtl/frontend/scigpu_decode.sv rtl/compute/scalar/scigpu_sgpr_file.sv rtl/compute/scalar/scigpu_scalar_alu.sv rtl/compute/scalar/scigpu_scalar_flags.sv rtl/compute/scalar/scigpu_scalar_control.sv rtl/core/scigpu_scalar_core.sv rtl/top/scigpu_m2_top.sv verification/unit/scigpu_units_tb.sv \
  verification/unit/units_driver.cpp \
  --Mdir build/obj_units -o tb_units 2>&1 | tee reports/evidence/m2/build_units.log
make[1]: Entering directory '/home/peter/Desktop/IP_dev/gpu_dev/build/obj_units'
g++  -I.  -MMD -I/usr/share/verilator/include -I/usr/share/verilator/include/vltstd -DVM_COVERAGE=0 -DVM_SC=0 -DVM_TIMING=0 -DVM_TRACE=0 -DVM_TRACE_FST=0 -DVM_TRACE_VCD=0 -faligned-new -fcf-protection=none -Wno-bool-operation -Wno-shadow -Wno-sign-compare -Wno-tautological-compare -Wno-uninitialized -Wno-unused-but-set-parameter -Wno-unused-but-set-variable -Wno-unused-parameter -Wno-unused-variable      -Os  -c -o units_driver.o ../../verification/unit/units_driver.cpp
g++ -Os  -I.  -MMD -I/usr/share/verilator/include -I/usr/share/verilator/include/vltstd -DVM_COVERAGE=0 -DVM_SC=0 -DVM_TIMING=0 -DVM_TRACE=0 -DVM_TRACE_FST=0 -DVM_TRACE_VCD=0 -faligned-new -fcf-protection=none -Wno-bool-operation -Wno-shadow -Wno-sign-compare -Wno-tautological-compare -Wno-uninitialized -Wno-unused-but-set-parameter -Wno-unused-but-set-variable -Wno-unused-parameter -Wno-unused-variable      -c -o verilated.o /usr/share/verilator/include/verilated.cpp
g++ -Os  -I.  -MMD -I/usr/share/verilator/include -I/usr/share/verilator/include/vltstd -DVM_COVERAGE=0 -DVM_SC=0 -DVM_TIMING=0 -DVM_TRACE=0 -DVM_TRACE_FST=0 -DVM_TRACE_VCD=0 -faligned-new -fcf-protection=none -Wno-bool-operation -Wno-shadow -Wno-sign-compare -Wno-tautological-compare -Wno-uninitialized -Wno-unused-but-set-parameter -Wno-unused-but-set-variable -Wno-unused-parameter -Wno-unused-variable      -c -o verilated_threads.o /usr/share/verilator/include/verilated_threads.cpp
python3 /usr/share/verilator/bin/verilator_includer -DVL_INCLUDE_OPT=include Vscigpu_units_tb.cpp Vscigpu_units_tb___024root__DepSet_hbf32d8e1__0.cpp Vscigpu_units_tb___024root__DepSet_h68ac01e8__0.cpp Vscigpu_units_tb___024root__Slow.cpp Vscigpu_units_tb___024root__DepSet_hbf32d8e1__0__Slow.cpp Vscigpu_units_tb___024root__DepSet_h68ac01e8__0__Slow.cpp Vscigpu_units_tb__Syms.cpp > Vscigpu_units_tb__ALL.cpp
g++ -Os  -I.  -MMD -I/usr/share/verilator/include -I/usr/share/verilator/include/vltstd -DVM_COVERAGE=0 -DVM_SC=0 -DVM_TIMING=0 -DVM_TRACE=0 -DVM_TRACE_FST=0 -DVM_TRACE_VCD=0 -faligned-new -fcf-protection=none -Wno-bool-operation -Wno-shadow -Wno-sign-compare -Wno-tautological-compare -Wno-uninitialized -Wno-unused-but-set-parameter -Wno-unused-but-set-variable -Wno-unused-parameter -Wno-unused-variable      -c -o Vscigpu_units_tb__ALL.o Vscigpu_units_tb__ALL.cpp
echo "" > Vscigpu_units_tb__ALL.verilator_deplist.tmp
g++    units_driver.o verilated.o verilated_threads.o Vscigpu_units_tb__ALL.a    -pthread -lpthread -latomic   -o tb_units
rm Vscigpu_units_tb__ALL.verilator_deplist.tmp
make[1]: Leaving directory '/home/peter/Desktop/IP_dev/gpu_dev/build/obj_units'
- V e r i l a t i o n   R e p o r t: Verilator 5.032 2025-01-01 rev (Debian 5.032-1)
- Verilator: Built from 0.339 MB sources in 12 modules, into 0.052 MB in 7 C++ files needing 0.000 MB
- Verilator: Walltime 2.576 s (elab=0.002, cvt=0.006, bld=2.560); cpu 0.017 s on 4 threads; alloced 18.293 MB
./build/obj_units/tb_units 2>&1 | tee reports/evidence/m2/unit.log
unit ALU vectors done
unit FLAGS vectors done
unit DECODER vectors done
unit SGPR vectors done
unit SGPR randomized done
UNIT RESULT: PASS
[make] M2 unit GREEN
python3 tools/m2_run_suite.py directed 2>&1 | tee reports/evidence/m2/directed.log
[PASS] directed p01_mov
[PASS] directed p02_add_sub
[PASS] directed p03_logic
[PASS] directed p04_shifts
[PASS] directed p05_cmp_eq_ne
[PASS] directed p06_signed_branch
[PASS] directed p07_unsigned_branch
[PASS] directed p08_forward_skip
[PASS] directed p09_backward_loop
[PASS] directed p10_getid
[PASS] directed p11_ret
[PASS] completion backpressure (P18)
python3 tools/m2_run_suite.py random 2>&1 | tee reports/evidence/m2/differential.log
randomized differential: 1000/1000 clean (stall/latency profiles rotated)
python3 tools/m2_run_suite.py reset 2>&1 | tee reports/evidence/m2/reset_stress.log
reset stress: 40 injection points clean
python3 tools/m2_run_suite.py faults 2>&1 | tee reports/evidence/m2/fault_matrix.log
[PASS] fault p12_invalid_opcode: RTL/golden agree, code=0x01 (expected 0x01)
[PASS] fault p13_invalid_sgpr: RTL/golden agree, code=0x02 (expected 0x02)
[PASS] fault p14_invalid_pc: RTL/golden agree, code=0x03 (expected 0x03)
[make] M2 GREEN
[make] FULL REGRESSION GREEN
