0000000000000000 343001000000f000 0 00 00000000 0 0 0 0 0 0 0000000000000001 ffffffff f ffffffff 1 01
0000000000000001 341107000001f000 0 00 00000000 0 0 0 0 0 0 0000000000000002 ffffffff f ffffffff 1 07
0000000000000002 34110c000003f000 0 00 00000000 0 0 0 0 0 0 0000000000000003 ffffffff f ffffffff 1 0c
0000000000000003 304920b070000000 0 00 00000000 0 0 0 0 0 0 0000000000000004 ffffffff f ffffffff 0 00
0000000000000004 7c1500003d20004b 0 00 00000000 0 0 0 0 0 0 0000000000000042 ffffffff f ffffffff 0 00
0000000000000042 34110d000000f000 0 00 00000000 0 0 0 0 0 0 0000000000000043 ffffffff f ffffffff 1 0d
0000000000000043 10300c010d00f000 0 00 00000000 0 0 0 0 0 0 0000000000000044 ffffffff f ffffffff 1 0c
0000000000000044 10000c0c0700f000 0 00 00000000 0 0 0 0 0 0 0000000000000045 ffffffff f ffffffff 1 0c
0000000000000045 34110a000000f000 0 00 00000000 0 0 0 0 0 0 0000000000000046 ffffffff f ffffffff 1 0a
0000000000000046 7c85000008000000 0 00 00000000 0 0 0 0 0 0 0000000000000047 ffffffff f ffffffff 0 00
0000000000000047 3059e0a0c0000000 0 00 00000000 0 0 0 0 0 0 0000000000000048 ffffffff f ffffffff 0 00
0000000000000048 3029d0a0c0000000 0 00 00000000 0 0 0 0 0 0 0000000000000049 ffffffff f ffffffff 0 00
0000000000000049 3039801070000000 0 00 00000000 0 0 0 0 0 0 000000000000004a ffffffff f ffffffff 0 00
000000000000004a 7c15000000800001 0 00 00000000 0 0 0 0 0 0 000000000000004b 00000003 f 00000003 0 00
000000000000004b 101003040c00f000 0 00 00000000 0 0 0 0 0 0 000000000000004c 00000003 f 00000003 1 03
000000000000004c 7c25000000000000 0 00 00000000 0 0 0 0 0 0 000000000000004b fffffffc f fffffffc 0 00
000000000000004b 101003040c00f000 0 00 00000000 0 0 0 0 0 0 000000000000004c fffffffc f fffffffc 1 03
000000000000004c 7c25000000000000 0 00 00000000 0 0 0 0 0 0 000000000000004d ffffffff f ffffffff 0 00
000000000000004d 7cb5000000e00000 0 00 00000000 0 0 0 0 0 0 000000000000004e ffffffff f ffffffff 0 00
000000000000004e 10000a0a0700f000 0 00 00000000 0 0 0 0 0 0 000000000000004f ffffffff f ffffffff 1 0a
000000000000004f 7c95fffff7d00000 0 00 00000000 0 0 0 0 0 0 0000000000000047 ffffffff f ffffffff 0 00
0000000000000047 3059e0a0c0000000 0 00 00000000 0 0 0 0 0 0 0000000000000048 ffffffff f ffffffff 0 00
0000000000000048 3029d0a0c0000000 0 00 00000000 0 0 0 0 0 0 0000000000000049 ffffffff f ffffffff 0 00
0000000000000049 3039801070000000 0 00 00000000 0 0 0 0 0 0 000000000000004a ffffffff f ffffffff 0 00
000000000000004a 7c15000000800001 0 00 00000000 0 0 0 0 0 0 000000000000004b 00000003 f 00000003 0 00
000000000000004b 101003040c00f000 0 00 00000000 0 0 0 0 0 0 000000000000004c 00000003 f 00000003 1 03
000000000000004c 7c25000000000000 0 00 00000000 0 0 0 0 0 0 000000000000004b fffffffc f fffffffc 0 00
000000000000004b 101003040c00f000 0 00 00000000 0 0 0 0 0 0 000000000000004c fffffffc f fffffffc 1 03
000000000000004c 7c25000000000000 0 00 00000000 0 0 0 0 0 0 000000000000004d ffffffff f ffffffff 0 00
000000000000004f 7cb5000000e00000 0 00 00000000 0 0 0 0 0 0 000000000000004e 00000000 f 00000000 0 00
000000000000004f 7c95fffff7d00000 0 00 00000000 0 0 0 0 0 0 0000000000000050 ffffffff f ffffffff 0 00
0000000000000050 7c25000000000000 0 00 00000000 0 0 0 0 0 0 0000000000000051 ffffffff f ffffffff 0 00
0000000000000051 34110d000001f000 0 00 00000000 0 0 0 0 0 0 0000000000000052 ffffffff f ffffffff 1 0d
0000000000000052 10300c010d00f000 0 00 00000000 0 0 0 0 0 0 0000000000000053 ffffffff f ffffffff 1 0c
0000000000000053 10000c0c0700f000 0 00 00000000 0 0 0 0 0 0 0000000000000054 ffffffff f ffffffff 1 0c
0000000000000054 34110a000000f000 0 00 00000000 0 0 0 0 0 0 0000000000000055 ffffffff f ffffffff 1 0a
0000000000000055 7c85000007000000 0 00 00000000 0 0 0 0 0 0 0000000000000056 ffffffff f ffffffff 0 00
0000000000000056 3059e0a0c0000000 0 00 00000000 0 0 0 0 0 0 0000000000000057 ffffffff f ffffffff 0 00
0000000000000057 3029d0a0c0000000 0 00 00000000 0 0 0 0 0 0 0000000000000058 ffffffff f ffffffff 0 00
0000000000000058 3029301070000000 0 00 00000000 0 0 0 0 0 0 0000000000000059 ffffffff f ffffffff 0 00
0000000000000059 7c15000000300001 0 00 00000000 0 0 0 0 0 0 000000000000005a 00000001 f 00000001 0 00
000000000000005a 10100c050300f000 0 00 00000000 0 0 0 0 0 0 000000000000005b 00000001 f 00000001 1 0c
000000000000005b 7c25000000000000 0 00 00000000 0 0 0 0 0 0 000000000000005a fffffffe f fffffffe 0 00
000000000000005a 10100c050300f000 0 00 00000000 0 0 0 0 0 0 000000000000005b fffffffe f fffffffe 1 0c
000000000000005b 7c25000000000000 0 00 00000000 0 0 0 0 0 0 000000000000005c ffffffff f ffffffff 0 00
000000000000005c 10000a0a0700f000 0 00 00000000 0 0 0 0 0 0 000000000000005d ffffffff f ffffffff 1 0a
000000000000005d 7c95fffff8d00000 0 00 00000000 0 0 0 0 0 0 0000000000000056 ffffffff f ffffffff 0 00
0000000000000056 3059e0a0c0000000 0 00 00000000 0 0 0 0 0 0 0000000000000057 ffffffff f ffffffff 0 00
0000000000000057 3029d0a0c0000000 0 00 00000000 0 0 0 0 0 0 0000000000000058 ffffffff f ffffffff 0 00
0000000000000058 3029301070000000 0 00 00000000 0 0 0 0 0 0 0000000000000059 ffffffff f ffffffff 0 00
0000000000000059 7c15000000300001 0 00 00000000 0 0 0 0 0 0 000000000000005a 00000001 f 00000001 0 00
000000000000005a 10100c050300f000 0 00 00000000 0 0 0 0 0 0 000000000000005b 00000001 f 00000001 1 0c
000000000000005b 7c25000000000000 0 00 00000000 0 0 0 0 0 0 000000000000005a fffffffe f fffffffe 0 00
000000000000005a 10100c050300f000 0 00 00000000 0 0 0 0 0 0 000000000000005b fffffffe f fffffffe 1 0c
000000000000005b 7c25000000000000 0 00 00000000 0 0 0 0 0 0 000000000000005c ffffffff f ffffffff 0 00
000000000000005c 10000a0a0700f000 0 00 00000000 0 0 0 0 0 0 000000000000005d ffffffff f ffffffff 1 0a
000000000000005d 7c95fffff8d00000 0 00 00000000 0 0 0 0 0 0 000000000000005e ffffffff f ffffffff 0 00
000000000000005e 7cf5000000000000 0 00 00000000 0 0 0 0 0 0 000000000000005f ffffffff f ffffffff 0 00
