0000000000000000 00131d0000000000 1 1d 00000000 0 0 0 0000000000000001
0000000000000001 8506000000000000 0 00 00000000 0 0 0 0000000000000002
0000000000000002 00720d110c000000 1 0d 00000000 0 0 0 0000000000000003
0000000000000003 0102000f01000000 0 00 00000000 5 1 0 0000000000000004
0000000000000004 02150000010e0000 0 00 00000000 5 1 1 0000000000000006
0000000000000006 00131000f5204a00 1 10 fff5204a 5 1 0 0000000000000007
0000000000000007 00b3020700001700 1 02 00000000 5 1 0 0000000000000008
0000000000000008 012200070c000000 0 00 00000000 5 0 0 0000000000000009
0000000000000009 02150000030c0000 0 00 00000000 5 0 1 000000000000000d
000000000000000d 00520b1303000000 1 0b 00000000 5 0 0 000000000000000e
000000000000000e 00131000e0b1f500 1 10 ffe0b1f5 5 0 0 000000000000000f
000000000000000f 003206120b000000 1 06 00000000 5 0 0 0000000000000010
0000000000000010 8506000000000000 0 00 00000000 5 0 0 0000000000000011
0000000000000011 00130e00ffffff00 1 0e ffffffff 5 0 0 0000000000000012
0000000000000012 0042130b04000000 1 13 00000000 5 0 0 0000000000000013
0000000000000013 8506000000000000 0 00 00000000 5 0 0 0000000000000014
0000000000000014 00b2090504000000 1 09 00000000 5 0 0 0000000000000015
0000000000000015 0306000000001000 1 10 00000000 5 0 0 0000000000000016
0000000000000016 006213040d000000 1 13 00000000 5 0 0 0000000000000017
0000000000000017 00a3020200000100 1 02 00000000 5 0 0 0000000000000018
0000000000000018 00130800e6664900 1 08 ffe66649 5 0 0 0000000000000019
0000000000000019 00130f0055555500 1 0f 00555555 5 0 0 000000000000001a
000000000000001a 0073070257521a00 1 07 ffa8ade6 5 0 0 000000000000001b
000000000000001b 0306000000000f00 1 0f 00000000 5 0 0 000000000000001c
000000000000001c 00131200d8609900 1 12 ffd86099 5 0 0 000000000000001d
000000000000001d 8506000000000000 0 00 00000000 5 0 0 000000000000001e
000000000000001e 0013010019fcf900 1 01 0019fcf9 5 0 0 000000000000001f
000000000000001f 00131e0000000200 1 1e 00000002 5 0 0 0000000000000020
0000000000000020 0023151500000100 1 15 00000001 5 0 0 0000000000000021
0000000000000021 00731e1e00000100 1 1e 00000001 5 0 0 0000000000000022
0000000000000022 0102001e1d000000 0 00 00000000 4 0 0 0000000000000023
0000000000000023 0215fffffc040000 0 00 00000000 4 0 1 0000000000000020
0000000000000020 0023151500000100 1 15 00000002 4 0 0 0000000000000021
0000000000000021 00731e1e00000100 1 1e 00000000 4 0 0 0000000000000022
0000000000000022 0102001e1d000000 0 00 00000000 5 1 0 0000000000000023
0000000000000023 0215fffffc040000 0 00 00000000 5 1 0 0000000000000024
0000000000000024 7cf5000000000000 0 00 00000000 5 1 0 0000000000000025
DONE retired=37 fault=00 pc=0000000000000024
