0000000000000000 00131d0000000000 1 1d 00000000 0 0 0 0000000000000001
0000000000000001 0013060087ba7600 1 06 ff87ba76 0 0 0 0000000000000002
0000000000000002 8506000000000000 0 00 00000000 0 0 0 0000000000000003
0000000000000003 0042120805000000 1 12 00000000 0 0 0 0000000000000004
0000000000000004 0032090407000000 1 09 00000000 0 0 0 0000000000000005
0000000000000005 0112001103000000 0 00 00000000 5 0 0 0000000000000006
0000000000000006 02150000030e0000 0 00 00000000 5 0 1 000000000000000a
000000000000000a 0013110000000000 1 11 00000000 5 0 0 000000000000000b
000000000000000b 0042070b0f000000 1 07 00000000 5 0 0 000000000000000c
000000000000000c 0072110513000000 1 11 00000000 5 0 0 000000000000000d
000000000000000d 8506000000000000 0 00 00000000 5 0 0 000000000000000e
000000000000000e 0092121200000000 1 12 ffffffff 5 0 0 000000000000000f
000000000000000f 00130a00729aa600 1 0a 00729aa6 5 0 0 0000000000000010
0000000000000010 001308003ee0e200 1 08 003ee0e2 5 0 0 0000000000000011
0000000000000011 0072070113000000 1 07 00000000 5 0 0 0000000000000012
0000000000000012 00730e1455555500 1 0e ffaaaaab 5 0 0 0000000000000013
0000000000000013 00131e0000000300 1 1e 00000003 5 0 0 0000000000000014
0000000000000014 0023151500000100 1 15 00000001 5 0 0 0000000000000015
0000000000000015 00731e1e00000100 1 1e 00000002 5 0 0 0000000000000016
0000000000000016 0102001e1d000000 0 00 00000000 4 0 0 0000000000000017
0000000000000017 0215fffffc040000 0 00 00000000 4 0 1 0000000000000014
0000000000000014 0023151500000100 1 15 00000002 4 0 0 0000000000000015
0000000000000015 00731e1e00000100 1 1e 00000001 4 0 0 0000000000000016
0000000000000016 0102001e1d000000 0 00 00000000 4 0 0 0000000000000017
0000000000000017 0215fffffc040000 0 00 00000000 4 0 1 0000000000000014
0000000000000014 0023151500000100 1 15 00000003 4 0 0 0000000000000015
0000000000000015 00731e1e00000100 1 1e 00000000 4 0 0 0000000000000016
0000000000000016 0102001e1d000000 0 00 00000000 5 1 0 0000000000000017
0000000000000017 0215fffffc040000 0 00 00000000 5 1 0 0000000000000018
0000000000000018 7cf5000000000000 0 00 00000000 5 1 0 0000000000000019
DONE retired=30 fault=00 pc=0000000000000018
