0000000000000000 00131d0000000000 1 1d 00000000 0 0 0 0000000000000001
0000000000000001 0102000812000000 0 00 00000000 5 1 0 0000000000000002
0000000000000002 0215000001030000 0 00 00000000 5 1 1 0000000000000004
0000000000000004 00a2081004000000 1 08 00000000 5 1 0 0000000000000005
0000000000000005 001308000a0dcc00 1 08 000a0dcc 5 1 0 0000000000000006
0000000000000006 0122000908000000 0 00 00000000 2 0 0 0000000000000007
0000000000000007 0215000001040000 0 00 00000000 2 0 1 0000000000000009
0000000000000009 00320a0b0d000000 1 0a 00000000 2 0 0 000000000000000a
000000000000000a 0022081105000000 1 08 00000000 2 0 0 000000000000000b
000000000000000b 010200100c000000 0 00 00000000 5 1 0 000000000000000c
000000000000000c 02150000030e0000 0 00 00000000 5 1 1 0000000000000010
0000000000000010 007306048c9e3400 1 06 007361cc 5 1 0 0000000000000011
0000000000000011 8506000000000000 0 00 00000000 5 1 0 0000000000000012
0000000000000012 00130c005fbba600 1 0c 005fbba6 5 1 0 0000000000000013
0000000000000013 0122000805000000 0 00 00000000 5 0 0 0000000000000014
0000000000000014 0215000002010000 0 00 00000000 5 0 0 0000000000000015
0000000000000015 8506000000000000 0 00 00000000 5 0 0 0000000000000016
0000000000000016 8506000000000000 0 00 00000000 5 0 0 0000000000000017
0000000000000017 0013040024fa3200 1 04 0024fa32 5 0 0 0000000000000018
0000000000000018 00131000ffffff00 1 10 ffffffff 5 0 0 0000000000000019
0000000000000019 0052040206000000 1 04 007361cc 5 0 0 000000000000001a
000000000000001a 8506000000000000 0 00 00000000 5 0 0 000000000000001b
000000000000001b 007205120f000000 1 05 00000000 5 0 0 000000000000001c
000000000000001c 00231210ae5cf600 1 12 ffae5cf5 5 0 0 000000000000001d
000000000000001d 0032121303000000 1 12 00000000 5 0 0 000000000000001e
000000000000001e 0063010e00001600 1 01 00000000 5 0 0 000000000000001f
000000000000001f 00420e0c03000000 1 0e 00000000 5 0 0 0000000000000020
0000000000000020 8506000000000000 0 00 00000000 5 0 0 0000000000000021
0000000000000021 8506000000000000 0 00 00000000 5 0 0 0000000000000022
0000000000000022 0022050705000000 1 05 00000000 5 0 0 0000000000000023
0000000000000023 0063090e00000900 1 09 00000000 5 0 0 0000000000000024
0000000000000024 00730c0191cca500 1 0c 006e335b 5 0 0 0000000000000025
0000000000000025 00420f0903000000 1 0f 00000000 5 0 0 0000000000000026
0000000000000026 8506000000000000 0 00 00000000 5 0 0 0000000000000027
0000000000000027 00130800077e8400 1 08 00077e84 5 0 0 0000000000000028
0000000000000028 00820e1007000000 1 0e ffffffff 5 0 0 0000000000000029
0000000000000029 00b3040f00000300 1 04 00000000 5 0 0 000000000000002a
000000000000002a 00620b0b04000000 1 0b 00000000 5 0 0 000000000000002b
000000000000002b 010200030a000000 0 00 00000000 5 1 0 000000000000002c
000000000000002c 02150000010e0000 0 00 00000000 5 1 1 000000000000002e
000000000000002e 0042111102000000 1 11 00000000 5 1 0 000000000000002f
000000000000002f 8506000000000000 0 00 00000000 5 1 0 0000000000000030
0000000000000030 0112000d05000000 0 00 00000000 5 0 0 0000000000000031
0000000000000031 0215000003030000 0 00 00000000 5 0 1 0000000000000035
0000000000000035 8506000000000000 0 00 00000000 5 0 0 0000000000000036
0000000000000036 0112000201000000 0 00 00000000 5 0 0 0000000000000037
0000000000000037 0215000001010000 0 00 00000000 5 0 0 0000000000000038
0000000000000038 8506000000000000 0 00 00000000 5 0 0 0000000000000039
0000000000000039 0022011212000000 1 01 00000000 5 0 0 000000000000003a
000000000000003a 8506000000000000 0 00 00000000 5 0 0 000000000000003b
000000000000003b 00131e0000000400 1 1e 00000004 5 0 0 000000000000003c
000000000000003c 0023151500000100 1 15 00000001 5 0 0 000000000000003d
000000000000003d 00731e1e00000100 1 1e 00000003 5 0 0 000000000000003e
000000000000003e 0102001e1d000000 0 00 00000000 4 0 0 000000000000003f
000000000000003f 0215fffffc040000 0 00 00000000 4 0 1 000000000000003c
000000000000003c 0023151500000100 1 15 00000002 4 0 0 000000000000003d
000000000000003d 00731e1e00000100 1 1e 00000002 4 0 0 000000000000003e
000000000000003e 0102001e1d000000 0 00 00000000 4 0 0 000000000000003f
000000000000003f 0215fffffc040000 0 00 00000000 4 0 1 000000000000003c
000000000000003c 0023151500000100 1 15 00000003 4 0 0 000000000000003d
000000000000003d 00731e1e00000100 1 1e 00000001 4 0 0 000000000000003e
000000000000003e 0102001e1d000000 0 00 00000000 4 0 0 000000000000003f
000000000000003f 0215fffffc040000 0 00 00000000 4 0 1 000000000000003c
000000000000003c 0023151500000100 1 15 00000004 4 0 0 000000000000003d
000000000000003d 00731e1e00000100 1 1e 00000000 4 0 0 000000000000003e
000000000000003e 0102001e1d000000 0 00 00000000 5 1 0 000000000000003f
000000000000003f 0215fffffc040000 0 00 00000000 5 1 0 0000000000000040
0000000000000040 7cf5000000000000 0 00 00000000 5 1 0 0000000000000041
DONE retired=68 fault=00 pc=0000000000000040
