0000000000000000 00131d0000000000 1 1d 00000000 0 0 0 0000000000000001
0000000000000001 0306000000000200 1 02 00000000 0 0 0 0000000000000002
0000000000000002 00230e1400000100 1 0e 00000001 0 0 0 0000000000000003
0000000000000003 8506000000000000 0 00 00000000 0 0 0 0000000000000004
0000000000000004 00130700cab7ea00 1 07 ffcab7ea 0 0 0 0000000000000005
0000000000000005 0306000000000c00 1 0c 00000000 0 0 0 0000000000000006
0000000000000006 00520f1405000000 1 0f 00000000 0 0 0 0000000000000007
0000000000000007 0013060000000000 1 06 00000000 0 0 0 0000000000000008
0000000000000008 8506000000000000 0 00 00000000 0 0 0 0000000000000009
0000000000000009 0112000b05000000 0 00 00000000 5 0 0 000000000000000a
000000000000000a 02150000030d0000 0 00 00000000 5 0 0 000000000000000b
000000000000000b 8506000000000000 0 00 00000000 5 0 0 000000000000000c
000000000000000c 8506000000000000 0 00 00000000 5 0 0 000000000000000d
000000000000000d 8506000000000000 0 00 00000000 5 0 0 000000000000000e
000000000000000e 001305008771f000 1 05 ff8771f0 5 0 0 000000000000000f
000000000000000f 0122000a08000000 0 00 00000000 5 0 0 0000000000000010
0000000000000010 02150000020d0000 0 00 00000000 5 0 0 0000000000000011
0000000000000011 8506000000000000 0 00 00000000 5 0 0 0000000000000012
0000000000000012 8506000000000000 0 00 00000000 5 0 0 0000000000000013
0000000000000013 0092031000000000 1 03 ffffffff 5 0 0 0000000000000014
0000000000000014 001304005037c500 1 04 005037c5 5 0 0 0000000000000015
0000000000000015 8506000000000000 0 00 00000000 5 0 0 0000000000000016
0000000000000016 008204020b000000 1 04 00000000 5 0 0 0000000000000017
0000000000000017 00130c00c51e4c00 1 0c ffc51e4c 5 0 0 0000000000000018
0000000000000018 0122000c01000000 0 00 00000000 6 0 0 0000000000000019
0000000000000019 0215000001030000 0 00 00000000 6 0 0 000000000000001a
000000000000001a 8506000000000000 0 00 00000000 6 0 0 000000000000001b
000000000000001b 8506000000000000 0 00 00000000 6 0 0 000000000000001c
000000000000001c 00a30c0e00000e00 1 0c 00000000 6 0 0 000000000000001d
000000000000001d 0092141400000000 1 14 ffffffff 6 0 0 000000000000001e
000000000000001e 0013030000000000 1 03 00000000 6 0 0 000000000000001f
000000000000001f 0082060509000000 1 06 ff8771f0 6 0 0 0000000000000020
0000000000000020 0023020bba467700 1 02 ffba4677 6 0 0 0000000000000021
0000000000000021 00130b00c7463100 1 0b ffc74631 6 0 0 0000000000000022
0000000000000022 003211050d000000 1 11 00000000 6 0 0 0000000000000023
0000000000000023 00131e0000000200 1 1e 00000002 6 0 0 0000000000000024
0000000000000024 0023151500000100 1 15 00000001 6 0 0 0000000000000025
0000000000000025 00731e1e00000100 1 1e 00000001 6 0 0 0000000000000026
0000000000000026 0102001e1d000000 0 00 00000000 4 0 0 0000000000000027
0000000000000027 0215fffffc040000 0 00 00000000 4 0 1 0000000000000024
0000000000000024 0023151500000100 1 15 00000002 4 0 0 0000000000000025
0000000000000025 00731e1e00000100 1 1e 00000000 4 0 0 0000000000000026
0000000000000026 0102001e1d000000 0 00 00000000 5 1 0 0000000000000027
0000000000000027 0215fffffc040000 0 00 00000000 5 1 0 0000000000000028
0000000000000028 7cf5000000000000 0 00 00000000 5 1 0 0000000000000029
DONE retired=45 fault=00 pc=0000000000000028
