0000000000000000 00131d0000000000 1 1d 00000000 0 0 0 0000000000000001
0000000000000001 0073090300000000 1 09 00000000 0 0 0 0000000000000002
0000000000000002 00130a0038caa500 1 0a 0038caa5 0 0 0 0000000000000003
0000000000000003 00131400aaaaaa00 1 14 ffaaaaaa 0 0 0 0000000000000004
0000000000000004 00130e0050c34100 1 0e 0050c341 0 0 0 0000000000000005
0000000000000005 0013020055555500 1 02 00555555 0 0 0 0000000000000006
0000000000000006 010200040e000000 0 00 00000000 2 0 0 0000000000000007
0000000000000007 0215000002010000 0 00 00000000 2 0 0 0000000000000008
0000000000000008 8506000000000000 0 00 00000000 2 0 0 0000000000000009
0000000000000009 8506000000000000 0 00 00000000 2 0 0 000000000000000a
000000000000000a 00320d1112000000 1 0d 00000000 2 0 0 000000000000000b
000000000000000b 0112001302000000 0 00 00000000 2 1 0 000000000000000c
000000000000000c 02150000010c0000 0 00 00000000 2 1 0 000000000000000d
000000000000000d 8506000000000000 0 00 00000000 2 1 0 000000000000000e
000000000000000e 0073010800000000 1 01 00000000 2 1 0 000000000000000f
000000000000000f 00730d0565832300 1 0d ff9a7cdd 2 1 0 0000000000000010
0000000000000010 0073111400000100 1 11 ffaaaaa9 2 1 0 0000000000000011
0000000000000011 0052140902000000 1 14 00555555 2 1 0 0000000000000012
0000000000000012 8506000000000000 0 00 00000000 2 1 0 0000000000000013
0000000000000013 8506000000000000 0 00 00000000 2 1 0 0000000000000014
0000000000000014 0063070b00002100 1 07 00000000 2 1 0 0000000000000015
0000000000000015 8506000000000000 0 00 00000000 2 1 0 0000000000000016
0000000000000016 0013010057767d00 1 01 0057767d 2 1 0 0000000000000017
0000000000000017 0013070000000100 1 07 00000001 2 1 0 0000000000000018
0000000000000018 8506000000000000 0 00 00000000 2 1 0 0000000000000019
0000000000000019 0112000d09000000 0 00 00000000 6 1 0 000000000000001a
000000000000001a 02150000020d0000 0 00 00000000 6 1 0 000000000000001b
000000000000001b 8506000000000000 0 00 00000000 6 1 0 000000000000001c
000000000000001c 8506000000000000 0 00 00000000 6 1 0 000000000000001d
000000000000001d 00131100aaaaaa00 1 11 ffaaaaaa 6 1 0 000000000000001e
000000000000001e 8506000000000000 0 00 00000000 6 1 0 000000000000001f
000000000000001f 0023130728bedd00 1 13 0028bede 6 1 0 0000000000000020
0000000000000020 00131e0000000100 1 1e 00000001 6 1 0 0000000000000021
0000000000000021 0023151500000100 1 15 00000001 6 1 0 0000000000000022
0000000000000022 00731e1e00000100 1 1e 00000000 6 1 0 0000000000000023
0000000000000023 0102001e1d000000 0 00 00000000 5 1 0 0000000000000024
0000000000000024 0215fffffc040000 0 00 00000000 5 1 0 0000000000000025
0000000000000025 7cf5000000000000 0 00 00000000 5 1 0 0000000000000026
DONE retired=38 fault=00 pc=0000000000000025
