0000000000000000 00131d0000000000 1 1d 00000000 0 0 0 0000000000000001
0000000000000001 00420d0c13000000 1 0d 00000000 0 0 0 0000000000000002
0000000000000002 0102000a11000000 0 00 00000000 5 1 0 0000000000000003
0000000000000003 0215000003020000 0 00 00000000 5 1 0 0000000000000004
0000000000000004 8506000000000000 0 00 00000000 5 1 0 0000000000000005
0000000000000005 8506000000000000 0 00 00000000 5 1 0 0000000000000006
0000000000000006 8506000000000000 0 00 00000000 5 1 0 0000000000000007
0000000000000007 00730c0a4473e100 1 0c ffbb8c1f 5 1 0 0000000000000008
0000000000000008 00a3071200001d00 1 07 00000000 5 1 0 0000000000000009
0000000000000009 0042100312000000 1 10 00000000 5 1 0 000000000000000a
000000000000000a 001305000cd3df00 1 05 000cd3df 5 1 0 000000000000000b
000000000000000b 0052100e02000000 1 10 00000000 5 1 0 000000000000000c
000000000000000c 00920e0700000000 1 0e ffffffff 5 1 0 000000000000000d
000000000000000d 8506000000000000 0 00 00000000 5 1 0 000000000000000e
000000000000000e 00420f1202000000 1 0f 00000000 5 1 0 000000000000000f
000000000000000f 00131e0000000200 1 1e 00000002 5 1 0 0000000000000010
0000000000000010 0023151500000100 1 15 00000001 5 1 0 0000000000000011
0000000000000011 00731e1e00000100 1 1e 00000001 5 1 0 0000000000000012
0000000000000012 0102001e1d000000 0 00 00000000 4 0 0 0000000000000013
0000000000000013 0215fffffc040000 0 00 00000000 4 0 1 0000000000000010
0000000000000010 0023151500000100 1 15 00000002 4 0 0 0000000000000011
0000000000000011 00731e1e00000100 1 1e 00000000 4 0 0 0000000000000012
0000000000000012 0102001e1d000000 0 00 00000000 5 1 0 0000000000000013
0000000000000013 0215fffffc040000 0 00 00000000 5 1 0 0000000000000014
0000000000000014 7cf5000000000000 0 00 00000000 5 1 0 0000000000000015
DONE retired=25 fault=00 pc=0000000000000014
