0000000000000000 00131d0000000000 1 1d 00000000 0 0 0 0000000000000001
0000000000000001 0032140f06000000 1 14 00000000 0 0 0 0000000000000002
0000000000000002 00130c0000000000 1 0c 00000000 0 0 0 0000000000000003
0000000000000003 0032140612000000 1 14 00000000 0 0 0 0000000000000004
0000000000000004 0102000213000000 0 00 00000000 5 1 0 0000000000000005
0000000000000005 02150000020b0000 0 00 00000000 5 1 0 0000000000000006
0000000000000006 8506000000000000 0 00 00000000 5 1 0 0000000000000007
0000000000000007 8506000000000000 0 00 00000000 5 1 0 0000000000000008
0000000000000008 00b3060400000300 1 06 00000000 5 1 0 0000000000000009
0000000000000009 0102000b09000000 0 00 00000000 5 1 0 000000000000000a
000000000000000a 02150000020d0000 0 00 00000000 5 1 0 000000000000000b
000000000000000b 8506000000000000 0 00 00000000 5 1 0 000000000000000c
000000000000000c 8506000000000000 0 00 00000000 5 1 0 000000000000000d
000000000000000d 8506000000000000 0 00 00000000 5 1 0 000000000000000e
000000000000000e 8506000000000000 0 00 00000000 5 1 0 000000000000000f
000000000000000f 0073020ed132fa00 1 02 002ecd06 5 1 0 0000000000000010
0000000000000010 0073060a73b68900 1 06 ff8c4977 5 1 0 0000000000000011
0000000000000011 0082141212000000 1 14 00000000 5 1 0 0000000000000012
0000000000000012 0063110e00001c00 1 11 00000000 5 1 0 0000000000000013
0000000000000013 00230e0d9197a900 1 0e ff9197a9 5 1 0 0000000000000014
0000000000000014 00130f0000000000 1 0f 00000000 5 1 0 0000000000000015
0000000000000015 00131e0000000300 1 1e 00000003 5 1 0 0000000000000016
0000000000000016 0023151500000100 1 15 00000001 5 1 0 0000000000000017
0000000000000017 00731e1e00000100 1 1e 00000002 5 1 0 0000000000000018
0000000000000018 0102001e1d000000 0 00 00000000 4 0 0 0000000000000019
0000000000000019 0215fffffc040000 0 00 00000000 4 0 1 0000000000000016
0000000000000016 0023151500000100 1 15 00000002 4 0 0 0000000000000017
0000000000000017 00731e1e00000100 1 1e 00000001 4 0 0 0000000000000018
0000000000000018 0102001e1d000000 0 00 00000000 4 0 0 0000000000000019
0000000000000019 0215fffffc040000 0 00 00000000 4 0 1 0000000000000016
0000000000000016 0023151500000100 1 15 00000003 4 0 0 0000000000000017
0000000000000017 00731e1e00000100 1 1e 00000000 4 0 0 0000000000000018
0000000000000018 0102001e1d000000 0 00 00000000 5 1 0 0000000000000019
0000000000000019 0215fffffc040000 0 00 00000000 5 1 0 000000000000001a
000000000000001a 7cf5000000000000 0 00 00000000 5 1 0 000000000000001b
DONE retired=35 fault=00 pc=000000000000001a
