0000000000000000 00131d0000000000 1 1d 00000000 0 0 0 0000000000000001
0000000000000001 0013120018be2400 1 12 0018be24 0 0 0 0000000000000002
0000000000000002 00730d12754dce00 1 0d ffa37056 0 0 0 0000000000000003
0000000000000003 00731101ffffff00 1 11 00000001 0 0 0 0000000000000004
0000000000000004 00130500a0a7e200 1 05 ffa0a7e2 0 0 0 0000000000000005
0000000000000005 00130e0000000000 1 0e 00000000 0 0 0 0000000000000006
0000000000000006 001307005f713700 1 07 005f7137 0 0 0 0000000000000007
0000000000000007 8506000000000000 0 00 00000000 0 0 0 0000000000000008
0000000000000008 00130f00ffffff00 1 0f ffffffff 0 0 0 0000000000000009
0000000000000009 0306000000000a00 1 0a 00000000 0 0 0 000000000000000a
000000000000000a 8506000000000000 0 00 00000000 0 0 0 000000000000000b
000000000000000b 00b3040100000a00 1 04 00000000 0 0 0 000000000000000c
000000000000000c 0122001307000000 0 00 00000000 2 0 0 000000000000000d
000000000000000d 0215000003040000 0 00 00000000 2 0 1 0000000000000011
0000000000000011 8506000000000000 0 00 00000000 2 0 0 0000000000000012
0000000000000012 8506000000000000 0 00 00000000 2 0 0 0000000000000013
0000000000000013 001311008a0bc200 1 11 ff8a0bc2 2 0 0 0000000000000014
0000000000000014 0023031200000000 1 03 0018be24 2 0 0 0000000000000015
0000000000000015 0306000000000b00 1 0b 00000000 2 0 0 0000000000000016
0000000000000016 0022050401000000 1 05 00000000 2 0 0 0000000000000017
0000000000000017 00131400ffffff00 1 14 ffffffff 2 0 0 0000000000000018
0000000000000018 0306000000000300 1 03 00000000 2 0 0 0000000000000019
0000000000000019 8506000000000000 0 00 00000000 2 0 0 000000000000001a
000000000000001a 00520a0802000000 1 0a 00000000 2 0 0 000000000000001b
000000000000001b 8506000000000000 0 00 00000000 2 0 0 000000000000001c
000000000000001c 8506000000000000 0 00 00000000 2 0 0 000000000000001d
000000000000001d 0122001012000000 0 00 00000000 2 0 0 000000000000001e
000000000000001e 0215000001020000 0 00 00000000 2 0 1 0000000000000020
0000000000000020 00130f00aaaaaa00 1 0f ffaaaaaa 2 0 0 0000000000000021
0000000000000021 00420f090a000000 1 0f 00000000 2 0 0 0000000000000022
0000000000000022 0023081203308b00 1 08 001beeaf 2 0 0 0000000000000023
0000000000000023 0102000406000000 0 00 00000000 5 1 0 0000000000000024
0000000000000024 02150000020e0000 0 00 00000000 5 1 1 0000000000000027
0000000000000027 00130b0000000100 1 0b 00000001 5 1 0 0000000000000028
0000000000000028 003204110c000000 1 04 00000000 5 1 0 0000000000000029
0000000000000029 0073040d2426a100 1 04 ff7f49b5 5 1 0 000000000000002a
000000000000002a 8506000000000000 0 00 00000000 5 1 0 000000000000002b
000000000000002b 00420c0406000000 1 0c 00000000 5 1 0 000000000000002c
000000000000002c 00230e03f1a3ea00 1 0e fff1a3ea 5 1 0 000000000000002d
000000000000002d 00130200ffffff00 1 02 ffffffff 5 1 0 000000000000002e
000000000000002e 00131e0000000300 1 1e 00000003 5 1 0 000000000000002f
000000000000002f 0023151500000100 1 15 00000001 5 1 0 0000000000000030
0000000000000030 00731e1e00000100 1 1e 00000002 5 1 0 0000000000000031
0000000000000031 0102001e1d000000 0 00 00000000 4 0 0 0000000000000032
0000000000000032 0215fffffc040000 0 00 00000000 4 0 1 000000000000002f
000000000000002f 0023151500000100 1 15 00000002 4 0 0 0000000000000030
0000000000000030 00731e1e00000100 1 1e 00000001 4 0 0 0000000000000031
0000000000000031 0102001e1d000000 0 00 00000000 4 0 0 0000000000000032
0000000000000032 0215fffffc040000 0 00 00000000 4 0 1 000000000000002f
000000000000002f 0023151500000100 1 15 00000003 4 0 0 0000000000000030
0000000000000030 00731e1e00000100 1 1e 00000000 4 0 0 0000000000000031
0000000000000031 0102001e1d000000 0 00 00000000 5 1 0 0000000000000032
0000000000000032 0215fffffc040000 0 00 00000000 5 1 0 0000000000000033
0000000000000033 7cf5000000000000 0 00 00000000 5 1 0 0000000000000034
DONE retired=54 fault=00 pc=0000000000000033
