0000000000000000 0013140000004d00 1 14 0000004d 0 0 0 0000000000000001 7393d859 f 7393d859 0 00 7393d859
0000000000000001 34110400e0d84000 0 00 00000000 0 0 0 0000000000000002 7393d859 4 51115051 1 04 51115051
0000000000000002 107104040001f000 0 00 00000000 0 0 0 0000000000000003 7393d859 f 7393d859 1 04 7393d859
0000000000000003 0013150000000000 1 15 00000000 0 0 0 0000000000000004 7393d859 f 7393d859 0 00 7393d859
0000000000000004 342003150000f000 0 00 00000000 0 0 0 0000000000000005 7393d859 f 7393d859 1 03 7393d859
0000000000000005 1000040502008000 0 00 00000000 0 0 0 0000000000000006 7393d859 8 51115051 1 04 51115051
0000000000000006 100005030600f000 0 00 00000000 0 0 0 0000000000000007 7393d859 f 7393d859 1 05 7393d859
0000000000000007 0013160055555500 1 16 00555555 0 0 0 0000000000000008 7393d859 f 7393d859 0 00 7393d859
0000000000000008 342003160000f000 0 00 00000000 0 0 0 0000000000000009 7393d859 f 7393d859 1 03 7393d859
0000000000000009 108104030001f000 0 00 00000000 0 0 0 000000000000000a 7393d859 f 7393d859 1 04 7393d859
000000000000000a 103002040600f000 0 00 00000000 0 0 0 000000000000000b 7393d859 f 7393d859 1 02 7393d859
000000000000000b 00131600ffffff00 1 16 ffffffff 0 0 0 000000000000000c 7393d859 f 7393d859 0 00 7393d859
000000000000000c 342004160000f000 0 00 00000000 0 0 0 000000000000000d 7393d859 f 7393d859 1 04 7393d859
000000000000000d 108103040021f000 0 00 00000000 0 0 0 000000000000000e 7393d859 f 7393d859 1 03 7393d859
000000000000000e 00131e0000000100 1 1e 00000001 0 0 0 000000000000000f 7393d859 f 7393d859 0 00 7393d859
000000000000000f 0023171700000100 1 17 00000001 0 0 0 0000000000000010 7393d859 f 7393d859 0 00 7393d859
0000000000000010 00731e1e00000100 1 1e 00000000 0 0 0 0000000000000011 7393d859 f 7393d859 0 00 7393d859
0000000000000011 0013180000000000 1 18 00000000 0 0 0 0000000000000012 7393d859 f 7393d859 0 00 7393d859
0000000000000012 0102001e18000000 0 00 00000000 5 1 0 0000000000000013 7393d859 f 7393d859 0 00 7393d859
0000000000000013 0215fffffb040000 0 00 00000000 5 1 0 0000000000000014 7393d859 f 7393d859 0 00 7393d859
0000000000000014 7cf5000000000000 0 00 00000000 5 1 0 0000000000000015 7393d859 f 7393d859 0 00 7393d859
DONE retired=21 fault=00 pc=0000000000000014
