0000000000000000 0013140000004d00 1 14 0000004d 0 0 0 0000000000000001 80000001 f 80000001 0 00 80000001
0000000000000001 00131600ffffff00 1 16 ffffffff 0 0 0 0000000000000002 80000001 f 80000001 0 00 80000001
0000000000000002 342003160000f000 0 00 00000000 0 0 0 0000000000000003 80000001 f 80000001 1 03 80000001
0000000000000003 108106030020f000 0 00 00000000 0 0 0 0000000000000004 80000001 f 80000001 1 06 80000001
0000000000000004 103105058000f000 0 00 00000000 0 0 0 0000000000000005 80000001 f 80000001 1 05 80000001
0000000000000005 101105024d12f000 0 00 00000000 0 0 0 0000000000000006 80000001 f 80000001 1 05 80000001
0000000000000006 107105040021f000 0 00 00000000 0 0 0 0000000000000007 80000001 f 80000001 1 05 80000001
0000000000000007 103102050001f000 0 00 00000000 0 0 0 0000000000000008 80000001 f 80000001 1 02 80000001
0000000000000008 103002060200f000 0 00 00000000 0 0 0 0000000000000009 80000001 f 80000001 1 02 80000001
0000000000000009 101005020500f000 0 00 00000000 0 0 0 000000000000000a 80000001 f 80000001 1 05 80000001
000000000000000a 0013160055555500 1 16 00555555 0 0 0 000000000000000b 80000001 f 80000001 0 00 80000001
000000000000000b 342006160000f000 0 00 00000000 0 0 0 000000000000000c 80000001 f 80000001 1 06 80000001
000000000000000c 108105060001f000 0 00 00000000 0 0 0 000000000000000d 80000001 f 80000001 1 05 80000001
000000000000000d 102004060200f000 0 00 00000000 0 0 0 000000000000000e 80000001 f 80000001 1 04 80000001
000000000000000e 107106050000f000 0 00 00000000 0 0 0 000000000000000f 80000001 f 80000001 1 06 80000001
000000000000000f 00131500aaaaaa00 1 15 ffaaaaaa 0 0 0 0000000000000010 80000001 f 80000001 0 00 80000001
0000000000000010 342002150000f000 0 00 00000000 0 0 0 0000000000000011 80000001 f 80000001 1 02 80000001
0000000000000011 0013150000000000 1 15 00000000 0 0 0 0000000000000012 80000001 f 80000001 0 00 80000001
0000000000000012 3420021500000000 0 00 00000000 0 0 0 0000000000000013 80000001 0 80000001 1 02 80000001
0000000000000013 34110300ddf53000 0 00 00000000 0 0 0 0000000000000014 80000001 3 80000000 1 03 80000000
0000000000000014 343005000000a000 0 00 00000000 0 0 0 0000000000000015 80000001 a 80000000 1 05 80000000
0000000000000015 10610602001ff000 0 00 00000000 0 0 0 0000000000000016 80000001 f 80000001 1 06 80000001
0000000000000016 103004020200f000 0 00 00000000 0 0 0 0000000000000017 80000001 f 80000001 1 04 80000001
0000000000000017 104003050300f000 0 00 00000000 0 0 0 0000000000000018 80000001 f 80000001 1 03 80000001
0000000000000018 10410302fffff000 0 00 00000000 0 0 0 0000000000000019 80000001 f 80000001 1 03 80000001
0000000000000019 103106050000f000 0 00 00000000 0 0 0 000000000000001a 80000001 f 80000001 1 06 80000001
000000000000001a 00131600ffffff00 1 16 ffffffff 0 0 0 000000000000001b 80000001 f 80000001 0 00 80000001
000000000000001b 342005160000f000 0 00 00000000 0 0 0 000000000000001c 80000001 f 80000001 1 05 80000001
000000000000001c 108104050021f000 0 00 00000000 0 0 0 000000000000001d 80000001 f 80000001 1 04 80000001
000000000000001d 341104008000f000 0 00 00000000 0 0 0 000000000000001e 80000001 f 80000001 1 04 80000001
000000000000001e 106106020000f000 0 00 00000000 0 0 0 000000000000001f 80000001 f 80000001 1 06 80000001
000000000000001f 00131e0000000200 1 1e 00000002 0 0 0 0000000000000020 80000001 f 80000001 0 00 80000001
0000000000000020 0023171700000100 1 17 00000001 0 0 0 0000000000000021 80000001 f 80000001 0 00 80000001
0000000000000021 00731e1e00000100 1 1e 00000001 0 0 0 0000000000000022 80000001 f 80000001 0 00 80000001
0000000000000022 0013180000000000 1 18 00000000 0 0 0 0000000000000023 80000001 f 80000001 0 00 80000001
0000000000000023 0102001e18000000 0 00 00000000 4 0 0 0000000000000024 80000001 f 80000001 0 00 80000001
0000000000000024 0215fffffb040000 0 00 00000000 4 0 1 0000000000000020 80000001 f 80000001 0 00 80000001
0000000000000020 0023171700000100 1 17 00000002 4 0 0 0000000000000021 80000001 f 80000001 0 00 80000001
0000000000000021 00731e1e00000100 1 1e 00000000 4 0 0 0000000000000022 80000001 f 80000001 0 00 80000001
0000000000000022 0013180000000000 1 18 00000000 4 0 0 0000000000000023 80000001 f 80000001 0 00 80000001
0000000000000023 0102001e18000000 0 00 00000000 5 1 0 0000000000000024 80000001 f 80000001 0 00 80000001
0000000000000024 0215fffffb040000 0 00 00000000 5 1 0 0000000000000025 80000001 f 80000001 0 00 80000001
0000000000000025 7cf5000000000000 0 00 00000000 5 1 0 0000000000000026 80000001 f 80000001 0 00 80000001
DONE retired=43 fault=00 pc=0000000000000025
