0000000000000000 00131d0000000000 1 1d 00000000 0 0 0 0000000000000001
0000000000000001 8506000000000000 0 00 00000000 0 0 0 0000000000000002
0000000000000002 005206030f000000 1 06 00000000 0 0 0 0000000000000003
0000000000000003 0022040403000000 1 04 00000000 0 0 0 0000000000000004
0000000000000004 0092050600000000 1 05 ffffffff 0 0 0 0000000000000005
0000000000000005 0122001313000000 0 00 00000000 5 0 0 0000000000000006
0000000000000006 02150000030b0000 0 00 00000000 5 0 0 0000000000000007
0000000000000007 8506000000000000 0 00 00000000 5 0 0 0000000000000008
0000000000000008 8506000000000000 0 00 00000000 5 0 0 0000000000000009
0000000000000009 8506000000000000 0 00 00000000 5 0 0 000000000000000a
000000000000000a 8506000000000000 0 00 00000000 5 0 0 000000000000000b
000000000000000b 0306000000000300 1 03 00000000 5 0 0 000000000000000c
000000000000000c 00b3080200001700 1 08 00000000 5 0 0 000000000000000d
000000000000000d 00130900f75d9700 1 09 fff75d97 5 0 0 000000000000000e
000000000000000e 0032100c01000000 1 10 00000000 5 0 0 000000000000000f
000000000000000f 0052090812000000 1 09 00000000 5 0 0 0000000000000010
0000000000000010 0013050002760800 1 05 00027608 5 0 0 0000000000000011
0000000000000011 0052040106000000 1 04 00000000 5 0 0 0000000000000012
0000000000000012 8506000000000000 0 00 00000000 5 0 0 0000000000000013
0000000000000013 0032060809000000 1 06 00000000 5 0 0 0000000000000014
0000000000000014 00131100fe963e00 1 11 fffe963e 5 0 0 0000000000000015
0000000000000015 0022020610000000 1 02 00000000 5 0 0 0000000000000016
0000000000000016 0072100f09000000 1 10 00000000 5 0 0 0000000000000017
0000000000000017 0013080000000100 1 08 00000001 5 0 0 0000000000000018
0000000000000018 00130a00a6d7b800 1 0a ffa6d7b8 5 0 0 0000000000000019
0000000000000019 8506000000000000 0 00 00000000 5 0 0 000000000000001a
000000000000001a 0306000000001200 1 12 00000000 5 0 0 000000000000001b
000000000000001b 00730808ffffff00 1 08 00000002 5 0 0 000000000000001c
000000000000001c 8506000000000000 0 00 00000000 5 0 0 000000000000001d
000000000000001d 8506000000000000 0 00 00000000 5 0 0 000000000000001e
000000000000001e 00130a00b1dd0300 1 0a ffb1dd03 5 0 0 000000000000001f
000000000000001f 00131e0000000300 1 1e 00000003 5 0 0 0000000000000020
0000000000000020 0023151500000100 1 15 00000001 5 0 0 0000000000000021
0000000000000021 00731e1e00000100 1 1e 00000002 5 0 0 0000000000000022
0000000000000022 0102001e1d000000 0 00 00000000 4 0 0 0000000000000023
0000000000000023 0215fffffc040000 0 00 00000000 4 0 1 0000000000000020
0000000000000020 0023151500000100 1 15 00000002 4 0 0 0000000000000021
0000000000000021 00731e1e00000100 1 1e 00000001 4 0 0 0000000000000022
0000000000000022 0102001e1d000000 0 00 00000000 4 0 0 0000000000000023
0000000000000023 0215fffffc040000 0 00 00000000 4 0 1 0000000000000020
0000000000000020 0023151500000100 1 15 00000003 4 0 0 0000000000000021
0000000000000021 00731e1e00000100 1 1e 00000000 4 0 0 0000000000000022
0000000000000022 0102001e1d000000 0 00 00000000 5 1 0 0000000000000023
0000000000000023 0215fffffc040000 0 00 00000000 5 1 0 0000000000000024
0000000000000024 7cf5000000000000 0 00 00000000 5 1 0 0000000000000025
DONE retired=45 fault=00 pc=0000000000000024
