0000000000000000 00131d0000000000 1 1d 00000000 0 0 0 0000000000000001
0000000000000001 0092020c00000000 1 02 ffffffff 0 0 0 0000000000000002
0000000000000002 0013100000000000 1 10 00000000 0 0 0 0000000000000003
0000000000000003 8506000000000000 0 00 00000000 0 0 0 0000000000000004
0000000000000004 00130100aaaaaa00 1 01 ffaaaaaa 0 0 0 0000000000000005
0000000000000005 0306000000001000 1 10 00000000 0 0 0 0000000000000006
0000000000000006 00130600bfe88d00 1 06 ffbfe88d 0 0 0 0000000000000007
0000000000000007 0092050700000000 1 05 ffffffff 0 0 0 0000000000000008
0000000000000008 00820e1204000000 1 0e 00000000 0 0 0 0000000000000009
0000000000000009 0306000000000d00 1 0d 00000000 0 0 0 000000000000000a
000000000000000a 0063060a00000b00 1 06 00000000 0 0 0 000000000000000b
000000000000000b 8506000000000000 0 00 00000000 0 0 0 000000000000000c
000000000000000c 0306000000001200 1 12 00000000 0 0 0 000000000000000d
000000000000000d 0013120000000100 1 12 00000001 0 0 0 000000000000000e
000000000000000e 0102000414000000 0 00 00000000 5 1 0 000000000000000f
000000000000000f 02150000020e0000 0 00 00000000 5 1 1 0000000000000012
0000000000000012 0112000e02000000 0 00 00000000 0 0 0 0000000000000013
0000000000000013 02150000020b0000 0 00 00000000 0 0 0 0000000000000014
0000000000000014 8506000000000000 0 00 00000000 0 0 0 0000000000000015
0000000000000015 8506000000000000 0 00 00000000 0 0 0 0000000000000016
0000000000000016 0032010b13000000 1 01 00000000 0 0 0 0000000000000017
0000000000000017 00130b000ed3d200 1 0b 000ed3d2 0 0 0 0000000000000018
0000000000000018 00220e0412000000 1 0e 00000001 0 0 0 0000000000000019
0000000000000019 8506000000000000 0 00 00000000 0 0 0 000000000000001a
000000000000001a 8506000000000000 0 00 00000000 0 0 0 000000000000001b
000000000000001b 8506000000000000 0 00 00000000 0 0 0 000000000000001c
000000000000001c 0073100effffff00 1 10 00000002 0 0 0 000000000000001d
000000000000001d 0122000205000000 0 00 00000000 5 0 0 000000000000001e
000000000000001e 02150000020b0000 0 00 00000000 5 0 0 000000000000001f
000000000000001f 8506000000000000 0 00 00000000 5 0 0 0000000000000020
0000000000000020 8506000000000000 0 00 00000000 5 0 0 0000000000000021
0000000000000021 0306000000000c00 1 0c 00000000 5 0 0 0000000000000022
0000000000000022 00a20a1011000000 1 0a 00000002 5 0 0 0000000000000023
0000000000000023 0122000b06000000 0 00 00000000 4 1 0 0000000000000024
0000000000000024 02150000020c0000 0 00 00000000 4 1 1 0000000000000027
0000000000000027 0062130807000000 1 13 00000000 4 1 0 0000000000000028
0000000000000028 00420e0312000000 1 0e 00000000 4 1 0 0000000000000029
0000000000000029 00131e0000000100 1 1e 00000001 4 1 0 000000000000002a
000000000000002a 0023151500000100 1 15 00000001 4 1 0 000000000000002b
000000000000002b 00731e1e00000100 1 1e 00000000 4 1 0 000000000000002c
000000000000002c 0102001e1d000000 0 00 00000000 5 1 0 000000000000002d
000000000000002d 0215fffffc040000 0 00 00000000 5 1 0 000000000000002e
000000000000002e 7cf5000000000000 0 00 00000000 5 1 0 000000000000002f
DONE retired=43 fault=00 pc=000000000000002e
