0000000000000000 0013140000004d00 1 14 0000004d 0 0 0 0000000000000001 00000fff f 00000fff 0 00 00000fff
0000000000000001 103002050200f000 0 00 00000000 0 0 0 0000000000000002 00000fff f 00000fff 1 02 00000fff
0000000000000002 34110300338ef000 0 00 00000000 0 0 0 0000000000000003 00000fff f 00000fff 1 03 00000fff
0000000000000003 102006050300f000 0 00 00000000 0 0 0 0000000000000004 00000fff f 00000fff 1 06 00000fff
0000000000000004 106102020020f000 0 00 00000000 0 0 0 0000000000000005 00000fff f 00000fff 1 02 00000fff
0000000000000005 340006050000f000 0 00 00000000 0 0 0 0000000000000006 00000fff f 00000fff 1 06 00000fff
0000000000000006 10010302fffff000 0 00 00000000 0 0 0 0000000000000007 00000fff f 00000fff 1 03 00000fff
0000000000000007 104105050001f000 0 00 00000000 0 0 0 0000000000000008 00000fff f 00000fff 1 05 00000fff
0000000000000008 106102060021f000 0 00 00000000 0 0 0 0000000000000009 00000fff f 00000fff 1 02 00000fff
0000000000000009 105005030500f000 0 00 00000000 0 0 0 000000000000000a 00000fff f 00000fff 1 05 00000fff
000000000000000a 00131500ffffff00 1 15 ffffffff 0 0 0 000000000000000b 00000fff f 00000fff 0 00 00000fff
000000000000000b 342005150000f000 0 00 00000000 0 0 0 000000000000000c 00000fff f 00000fff 1 05 00000fff
000000000000000c 00131e0000000100 1 1e 00000001 0 0 0 000000000000000d 00000fff f 00000fff 0 00 00000fff
000000000000000d 0023171700000100 1 17 00000001 0 0 0 000000000000000e 00000fff f 00000fff 0 00 00000fff
000000000000000e 00731e1e00000100 1 1e 00000000 0 0 0 000000000000000f 00000fff f 00000fff 0 00 00000fff
000000000000000f 0013180000000000 1 18 00000000 0 0 0 0000000000000010 00000fff f 00000fff 0 00 00000fff
0000000000000010 0102001e18000000 0 00 00000000 5 1 0 0000000000000011 00000fff f 00000fff 0 00 00000fff
0000000000000011 0215fffffb040000 0 00 00000000 5 1 0 0000000000000012 00000fff f 00000fff 0 00 00000fff
0000000000000012 7cf5000000000000 0 00 00000000 5 1 0 0000000000000013 00000fff f 00000fff 0 00 00000fff
DONE retired=19 fault=00 pc=0000000000000012
