0000000000000000 0013140000004d00 1 14 0000004d 0 0 0 0000000000000001 a15f68f4 f a15f68f4 0 00 a15f68f4
0000000000000001 100004050500f000 0 00 00000000 0 0 0 0000000000000002 a15f68f4 f a15f68f4 1 04 a15f68f4
0000000000000002 10610505003ff000 0 00 00000000 0 0 0 0000000000000003 a15f68f4 f a15f68f4 1 05 a15f68f4
0000000000000003 0013160000000100 1 16 00000001 0 0 0 0000000000000004 a15f68f4 f a15f68f4 0 00 a15f68f4
0000000000000004 342004160000f000 0 00 00000000 0 0 0 0000000000000005 a15f68f4 f a15f68f4 1 04 a15f68f4
0000000000000005 108104040001f000 0 00 00000000 0 0 0 0000000000000006 a15f68f4 f a15f68f4 1 04 a15f68f4
0000000000000006 340002030000f000 0 00 00000000 0 0 0 0000000000000007 a15f68f4 f a15f68f4 1 02 a15f68f4
0000000000000007 00131600ffffff00 1 16 ffffffff 0 0 0 0000000000000008 a15f68f4 f a15f68f4 0 00 a15f68f4
0000000000000008 342004160000f000 0 00 00000000 0 0 0 0000000000000009 a15f68f4 f a15f68f4 1 04 a15f68f4
0000000000000009 108103040010f000 0 00 00000000 0 0 0 000000000000000a a15f68f4 f a15f68f4 1 03 a15f68f4
000000000000000a 101006060600f000 0 00 00000000 0 0 0 000000000000000b a15f68f4 f a15f68f4 1 06 a15f68f4
000000000000000b 103002030300f000 0 00 00000000 0 0 0 000000000000000c a15f68f4 f a15f68f4 1 02 a15f68f4
000000000000000c 0013160000000100 1 16 00000001 0 0 0 000000000000000d a15f68f4 f a15f68f4 0 00 a15f68f4
000000000000000d 342004160000f000 0 00 00000000 0 0 0 000000000000000e a15f68f4 f a15f68f4 1 04 a15f68f4
000000000000000e 10810504001af000 0 00 00000000 0 0 0 000000000000000f a15f68f4 f a15f68f4 1 05 a15f68f4
000000000000000f 106104040001f000 0 00 00000000 0 0 0 0000000000000010 a15f68f4 f a15f68f4 1 04 a15f68f4
0000000000000010 101006060400f000 0 00 00000000 0 0 0 0000000000000011 a15f68f4 f a15f68f4 1 06 a15f68f4
0000000000000011 3400060500003000 0 00 00000000 0 0 0 0000000000000012 a15f68f4 3 a00a28a0 1 06 a00a28a0
0000000000000012 340005020000f000 0 00 00000000 0 0 0 0000000000000013 a15f68f4 f a15f68f4 1 05 a15f68f4
0000000000000013 1051020425a0f000 0 00 00000000 0 0 0 0000000000000014 a15f68f4 f a15f68f4 1 02 a15f68f4
0000000000000014 343004000000f000 0 00 00000000 0 0 0 0000000000000015 a15f68f4 f a15f68f4 1 04 a15f68f4
0000000000000015 100103020000f000 0 00 00000000 0 0 0 0000000000000016 a15f68f4 f a15f68f4 1 03 a15f68f4
0000000000000016 00131600aaaaaa00 1 16 ffaaaaaa 0 0 0 0000000000000017 a15f68f4 f a15f68f4 0 00 a15f68f4
0000000000000017 342005160000f000 0 00 00000000 0 0 0 0000000000000018 a15f68f4 f a15f68f4 1 05 a15f68f4
0000000000000018 108105050022f000 0 00 00000000 0 0 0 0000000000000019 a15f68f4 f a15f68f4 1 05 a15f68f4
0000000000000019 102003060200f000 0 00 00000000 0 0 0 000000000000001a a15f68f4 f a15f68f4 1 03 a15f68f4
000000000000001a 0013160000000000 1 16 00000000 0 0 0 000000000000001b a15f68f4 f a15f68f4 0 00 a15f68f4
000000000000001b 342002160000f000 0 00 00000000 0 0 0 000000000000001c a15f68f4 f a15f68f4 1 02 a15f68f4
000000000000001c 108103020011f000 0 00 00000000 0 0 0 000000000000001d a15f68f4 f a15f68f4 1 03 a15f68f4
000000000000001d 00131e0000000300 1 1e 00000003 0 0 0 000000000000001e a15f68f4 f a15f68f4 0 00 a15f68f4
000000000000001e 0023171700000100 1 17 00000001 0 0 0 000000000000001f a15f68f4 f a15f68f4 0 00 a15f68f4
000000000000001f 00731e1e00000100 1 1e 00000002 0 0 0 0000000000000020 a15f68f4 f a15f68f4 0 00 a15f68f4
0000000000000020 0013180000000000 1 18 00000000 0 0 0 0000000000000021 a15f68f4 f a15f68f4 0 00 a15f68f4
0000000000000021 0102001e18000000 0 00 00000000 4 0 0 0000000000000022 a15f68f4 f a15f68f4 0 00 a15f68f4
0000000000000022 0215fffffb040000 0 00 00000000 4 0 1 000000000000001e a15f68f4 f a15f68f4 0 00 a15f68f4
000000000000001e 0023171700000100 1 17 00000002 4 0 0 000000000000001f a15f68f4 f a15f68f4 0 00 a15f68f4
000000000000001f 00731e1e00000100 1 1e 00000001 4 0 0 0000000000000020 a15f68f4 f a15f68f4 0 00 a15f68f4
0000000000000020 0013180000000000 1 18 00000000 4 0 0 0000000000000021 a15f68f4 f a15f68f4 0 00 a15f68f4
0000000000000021 0102001e18000000 0 00 00000000 4 0 0 0000000000000022 a15f68f4 f a15f68f4 0 00 a15f68f4
0000000000000022 0215fffffb040000 0 00 00000000 4 0 1 000000000000001e a15f68f4 f a15f68f4 0 00 a15f68f4
000000000000001e 0023171700000100 1 17 00000003 4 0 0 000000000000001f a15f68f4 f a15f68f4 0 00 a15f68f4
000000000000001f 00731e1e00000100 1 1e 00000000 4 0 0 0000000000000020 a15f68f4 f a15f68f4 0 00 a15f68f4
0000000000000020 0013180000000000 1 18 00000000 4 0 0 0000000000000021 a15f68f4 f a15f68f4 0 00 a15f68f4
0000000000000021 0102001e18000000 0 00 00000000 5 1 0 0000000000000022 a15f68f4 f a15f68f4 0 00 a15f68f4
0000000000000022 0215fffffb040000 0 00 00000000 5 1 0 0000000000000023 a15f68f4 f a15f68f4 0 00 a15f68f4
0000000000000023 7cf5000000000000 0 00 00000000 5 1 0 0000000000000024 a15f68f4 f a15f68f4 0 00 a15f68f4
DONE retired=46 fault=00 pc=0000000000000023
