0000000000000000 00131d0000000000 1 1d 00000000 0 0 0 0000000000000001
0000000000000001 8506000000000000 0 00 00000000 0 0 0 0000000000000002
0000000000000002 0102000206000000 0 00 00000000 5 1 0 0000000000000003
0000000000000003 0215000003040000 0 00 00000000 5 1 0 0000000000000004
0000000000000004 8506000000000000 0 00 00000000 5 1 0 0000000000000005
0000000000000005 8506000000000000 0 00 00000000 5 1 0 0000000000000006
0000000000000006 8506000000000000 0 00 00000000 5 1 0 0000000000000007
0000000000000007 8506000000000000 0 00 00000000 5 1 0 0000000000000008
0000000000000008 0032140f14000000 1 14 00000000 5 1 0 0000000000000009
0000000000000009 0306000000000300 1 03 00000000 5 1 0 000000000000000a
000000000000000a 0013040088e63000 1 04 ff88e630 5 1 0 000000000000000b
000000000000000b 0092080d00000000 1 08 ffffffff 5 1 0 000000000000000c
000000000000000c 010200070c000000 0 00 00000000 5 1 0 000000000000000d
000000000000000d 02150000030b0000 0 00 00000000 5 1 0 000000000000000e
000000000000000e 8506000000000000 0 00 00000000 5 1 0 000000000000000f
000000000000000f 8506000000000000 0 00 00000000 5 1 0 0000000000000010
0000000000000010 8506000000000000 0 00 00000000 5 1 0 0000000000000011
0000000000000011 0023140bffffff00 1 14 ffffffff 5 1 0 0000000000000012
0000000000000012 00520b0602000000 1 0b 00000000 5 1 0 0000000000000013
0000000000000013 00520f0c0b000000 1 0f 00000000 5 1 0 0000000000000014
0000000000000014 0306000000000400 1 04 00000000 5 1 0 0000000000000015
0000000000000015 8506000000000000 0 00 00000000 5 1 0 0000000000000016
0000000000000016 0112000306000000 0 00 00000000 5 0 0 0000000000000017
0000000000000017 0215000001040000 0 00 00000000 5 0 0 0000000000000018
0000000000000018 8506000000000000 0 00 00000000 5 0 0 0000000000000019
0000000000000019 00820c0507000000 1 0c 00000000 5 0 0 000000000000001a
000000000000001a 00230d0dda48ab00 1 0d ffda48ab 5 0 0 000000000000001b
000000000000001b 0052130303000000 1 13 00000000 5 0 0 000000000000001c
000000000000001c 00131e0000000200 1 1e 00000002 5 0 0 000000000000001d
000000000000001d 0023151500000100 1 15 00000001 5 0 0 000000000000001e
000000000000001e 00731e1e00000100 1 1e 00000001 5 0 0 000000000000001f
000000000000001f 0102001e1d000000 0 00 00000000 4 0 0 0000000000000020
0000000000000020 0215fffffc040000 0 00 00000000 4 0 1 000000000000001d
000000000000001d 0023151500000100 1 15 00000002 4 0 0 000000000000001e
000000000000001e 00731e1e00000100 1 1e 00000000 4 0 0 000000000000001f
000000000000001f 0102001e1d000000 0 00 00000000 5 1 0 0000000000000020
0000000000000020 0215fffffc040000 0 00 00000000 5 1 0 0000000000000021
0000000000000021 7cf5000000000000 0 00 00000000 5 1 0 0000000000000022
DONE retired=38 fault=00 pc=0000000000000021
