0000000000000000 343001000000f000 0 00 00000000 0 0 0 0 0 0 0000000000000001 ffffffff f ffffffff 1 01
0000000000000001 341107000001f000 0 00 00000000 0 0 0 0 0 0 0000000000000002 ffffffff f ffffffff 1 07
0000000000000002 34110c000003f000 0 00 00000000 0 0 0 0 0 0 0000000000000003 ffffffff f ffffffff 1 0c
0000000000000003 30192030c0000000 0 00 00000000 0 0 0 0 0 0 0000000000000004 ffffffff f ffffffff 0 00
0000000000000004 7c1500000c20017f 0 00 00000000 0 0 0 0 0 0 0000000000000005 ffffffff f ffffffff 0 00
0000000000000005 34110d000000f000 0 00 00000000 0 0 0 0 0 0 0000000000000006 ffffffff f ffffffff 1 0d
0000000000000006 10300c010d00f000 0 00 00000000 0 0 0 0 0 0 0000000000000007 ffffffff f ffffffff 1 0c
0000000000000007 10000c0c0700f000 0 00 00000000 0 0 0 0 0 0 0000000000000008 ffffffff f ffffffff 1 0c
0000000000000008 34110a000000f000 0 00 00000000 0 0 0 0 0 0 0000000000000009 ffffffff f ffffffff 1 0a
0000000000000009 7c85000005000000 0 00 00000000 0 0 0 0 0 0 000000000000000a ffffffff f ffffffff 0 00
000000000000000a 3059e0a0c0000000 0 00 00000000 0 0 0 0 0 0 000000000000000b ffffffff f ffffffff 0 00
000000000000000b 3029d0a0c0000000 0 00 00000000 0 0 0 0 0 0 000000000000000c ffffffff f ffffffff 0 00
000000000000000c 34110c000000f000 0 00 00000000 0 0 0 0 0 0 000000000000000d ffffffff f ffffffff 1 0c
000000000000000d 7cb5000000e00000 0 00 00000000 0 0 0 0 0 0 000000000000000e ffffffff f ffffffff 0 00
000000000000000e 10000a0a0700f000 0 00 00000000 0 0 0 0 0 0 000000000000000f ffffffff f ffffffff 1 0a
000000000000000f 7c95fffffad00000 0 00 00000000 0 0 0 0 0 0 000000000000000a ffffffff f ffffffff 0 00
000000000000000a 3059e0a0c0000000 0 00 00000000 0 0 0 0 0 0 000000000000000b ffffffff f ffffffff 0 00
000000000000000b 3029d0a0c0000000 0 00 00000000 0 0 0 0 0 0 000000000000000c ffffffff f ffffffff 0 00
000000000000000c 34110c000000f000 0 00 00000000 0 0 0 0 0 0 000000000000000d ffffffff f ffffffff 1 0c
000000000000000f 7cb5000000e00000 0 00 00000000 0 0 0 0 0 0 000000000000000e 00000000 f 00000000 0 00
000000000000000f 7c95fffffad00000 0 00 00000000 0 0 0 0 0 0 0000000000000010 ffffffff f ffffffff 0 00
0000000000000010 0205000173000000 0 00 00000000 0 0 0 0 0 1 0000000000000184 ffffffff f ffffffff 0 00
0000000000000184 7c25000000000000 0 00 00000000 0 0 0 0 0 0 0000000000000185 ffffffff f ffffffff 0 00
0000000000000185 34110d000000f000 0 00 00000000 0 0 0 0 0 0 0000000000000186 ffffffff f ffffffff 1 0d
0000000000000186 10300c010d00f000 0 00 00000000 0 0 0 0 0 0 0000000000000187 ffffffff f ffffffff 1 0c
0000000000000187 10000c0c0700f000 0 00 00000000 0 0 0 0 0 0 0000000000000188 ffffffff f ffffffff 1 0c
0000000000000188 34110a000000f000 0 00 00000000 0 0 0 0 0 0 0000000000000189 ffffffff f ffffffff 1 0a
0000000000000189 7c85000007000000 0 00 00000000 0 0 0 0 0 0 000000000000018a ffffffff f ffffffff 0 00
000000000000018a 3059e0a0c0000000 0 00 00000000 0 0 0 0 0 0 000000000000018b ffffffff f ffffffff 0 00
000000000000018b 3029d0a0c0000000 0 00 00000000 0 0 0 0 0 0 000000000000018c ffffffff f ffffffff 0 00
000000000000018c 302960a070000000 0 00 00000000 0 0 0 0 0 0 000000000000018d ffffffff f ffffffff 0 00
000000000000018d 7c15000000600001 0 00 00000000 0 0 0 0 0 0 000000000000018e ffffffff f ffffffff 0 00
000000000000018e 105004030700f000 0 00 00000000 0 0 0 0 0 0 000000000000018f ffffffff f ffffffff 1 04
000000000000018f 7c25000000000000 0 00 00000000 0 0 0 0 0 0 0000000000000190 ffffffff f ffffffff 0 00
0000000000000190 10000a0a0700f000 0 00 00000000 0 0 0 0 0 0 0000000000000191 ffffffff f ffffffff 1 0a
0000000000000191 7c95fffff8d00000 0 00 00000000 0 0 0 0 0 0 000000000000018a ffffffff f ffffffff 0 00
000000000000018a 3059e0a0c0000000 0 00 00000000 0 0 0 0 0 0 000000000000018b ffffffff f ffffffff 0 00
000000000000018b 3029d0a0c0000000 0 00 00000000 0 0 0 0 0 0 000000000000018c ffffffff f ffffffff 0 00
000000000000018c 302960a070000000 0 00 00000000 0 0 0 0 0 0 000000000000018d ffffffff f ffffffff 0 00
000000000000018d 7c15000000600001 0 00 00000000 0 0 0 0 0 0 000000000000018e ffffffff f ffffffff 0 00
000000000000018e 105004030700f000 0 00 00000000 0 0 0 0 0 0 000000000000018f ffffffff f ffffffff 1 04
000000000000018f 7c25000000000000 0 00 00000000 0 0 0 0 0 0 0000000000000190 ffffffff f ffffffff 0 00
0000000000000190 10000a0a0700f000 0 00 00000000 0 0 0 0 0 0 0000000000000191 ffffffff f ffffffff 1 0a
0000000000000191 7c95fffff8d00000 0 00 00000000 0 0 0 0 0 0 0000000000000192 ffffffff f ffffffff 0 00
0000000000000192 7cf5000000000000 0 00 00000000 0 0 0 0 0 0 0000000000000193 ffffffff f ffffffff 0 00
