0000000000000000 00131d0000000000 1 1d 00000000 0 0 0 0000000000000001
0000000000000001 8506000000000000 0 00 00000000 0 0 0 0000000000000002
0000000000000002 8506000000000000 0 00 00000000 0 0 0 0000000000000003
0000000000000003 0306000000000f00 1 0f 00000000 0 0 0 0000000000000004
0000000000000004 0063110800000900 1 11 00000000 0 0 0 0000000000000005
0000000000000005 8506000000000000 0 00 00000000 0 0 0 0000000000000006
0000000000000006 0122000c0e000000 0 00 00000000 5 0 0 0000000000000007
0000000000000007 0215000002010000 0 00 00000000 5 0 0 0000000000000008
0000000000000008 8506000000000000 0 00 00000000 5 0 0 0000000000000009
0000000000000009 8506000000000000 0 00 00000000 5 0 0 000000000000000a
000000000000000a 00131300ffffff00 1 13 ffffffff 5 0 0 000000000000000b
000000000000000b 00131e0000000300 1 1e 00000003 5 0 0 000000000000000c
000000000000000c 0023151500000100 1 15 00000001 5 0 0 000000000000000d
000000000000000d 00731e1e00000100 1 1e 00000002 5 0 0 000000000000000e
000000000000000e 0102001e1d000000 0 00 00000000 4 0 0 000000000000000f
000000000000000f 0215fffffc040000 0 00 00000000 4 0 1 000000000000000c
000000000000000c 0023151500000100 1 15 00000002 4 0 0 000000000000000d
000000000000000d 00731e1e00000100 1 1e 00000001 4 0 0 000000000000000e
000000000000000e 0102001e1d000000 0 00 00000000 4 0 0 000000000000000f
000000000000000f 0215fffffc040000 0 00 00000000 4 0 1 000000000000000c
000000000000000c 0023151500000100 1 15 00000003 4 0 0 000000000000000d
000000000000000d 00731e1e00000100 1 1e 00000000 4 0 0 000000000000000e
000000000000000e 0102001e1d000000 0 00 00000000 5 1 0 000000000000000f
000000000000000f 0215fffffc040000 0 00 00000000 5 1 0 0000000000000010
0000000000000010 7cf5000000000000 0 00 00000000 5 1 0 0000000000000011
DONE retired=25 fault=00 pc=0000000000000010
