0000000000000000 00131d0000000000 1 1d 00000000 0 0 0 0000000000000001
0000000000000001 0306000000001000 1 10 00000000 0 0 0 0000000000000002
0000000000000002 0032120f08000000 1 12 00000000 0 0 0 0000000000000003
0000000000000003 008207060e000000 1 07 00000000 0 0 0 0000000000000004
0000000000000004 8506000000000000 0 00 00000000 0 0 0 0000000000000005
0000000000000005 00130a0000000100 1 0a 00000001 0 0 0 0000000000000006
0000000000000006 00720b0b13000000 1 0b 00000000 0 0 0 0000000000000007
0000000000000007 0122000507000000 0 00 00000000 5 0 0 0000000000000008
0000000000000008 02150000020d0000 0 00 00000000 5 0 0 0000000000000009
0000000000000009 8506000000000000 0 00 00000000 5 0 0 000000000000000a
000000000000000a 8506000000000000 0 00 00000000 5 0 0 000000000000000b
000000000000000b 0032060501000000 1 06 00000000 5 0 0 000000000000000c
000000000000000c 0013100021e3e100 1 10 0021e3e1 5 0 0 000000000000000d
000000000000000d 0013040000000100 1 04 00000001 5 0 0 000000000000000e
000000000000000e 00920f0400000000 1 0f fffffffe 5 0 0 000000000000000f
000000000000000f 007310098b606b00 1 10 00749f95 5 0 0 0000000000000010
0000000000000010 8506000000000000 0 00 00000000 5 0 0 0000000000000011
0000000000000011 0082140d09000000 1 14 00000000 5 0 0 0000000000000012
0000000000000012 00b2121013000000 1 12 00749f95 5 0 0 0000000000000013
0000000000000013 00b3041200000c00 1 04 00000749 5 0 0 0000000000000014
0000000000000014 00730c0affffff00 1 0c 00000002 5 0 0 0000000000000015
0000000000000015 8506000000000000 0 00 00000000 5 0 0 0000000000000016
0000000000000016 00b30a0f00001100 1 0a ffffffff 5 0 0 0000000000000017
0000000000000017 0073110845114900 1 11 ffbaeeb7 5 0 0 0000000000000018
0000000000000018 0122000c14000000 0 00 00000000 4 1 0 0000000000000019
0000000000000019 0215000002040000 0 00 00000000 4 1 1 000000000000001c
000000000000001c 003214010b000000 1 14 00000000 4 1 0 000000000000001d
000000000000001d 0023120aaaaaaa00 1 12 ffaaaaa9 4 1 0 000000000000001e
000000000000001e 00130b00c2bfb700 1 0b ffc2bfb7 4 1 0 000000000000001f
000000000000001f 0063090500001a00 1 09 00000000 4 1 0 0000000000000020
0000000000000020 00130b00cfcb5d00 1 0b ffcfcb5d 4 1 0 0000000000000021
0000000000000021 8506000000000000 0 00 00000000 4 1 0 0000000000000022
0000000000000022 0082020102000000 1 02 00000000 4 1 0 0000000000000023
0000000000000023 00130c0000000000 1 0c 00000000 4 1 0 0000000000000024
0000000000000024 00a20c100b000000 1 0c 00000000 4 1 0 0000000000000025
0000000000000025 00130400f0bc6300 1 04 fff0bc63 4 1 0 0000000000000026
0000000000000026 00b30d0100001500 1 0d 00000000 4 1 0 0000000000000027
0000000000000027 002301116f531900 1 01 002a41d0 4 1 0 0000000000000028
0000000000000028 00130b0055555500 1 0b 00555555 4 1 0 0000000000000029
0000000000000029 00b30a1000000500 1 0a 0003a4fc 4 1 0 000000000000002a
000000000000002a 00130a00b7012900 1 0a ffb70129 4 1 0 000000000000002b
000000000000002b 8506000000000000 0 00 00000000 4 1 0 000000000000002c
000000000000002c 8506000000000000 0 00 00000000 4 1 0 000000000000002d
000000000000002d 00230b07aaaaaa00 1 0b ffaaaaaa 4 1 0 000000000000002e
000000000000002e 00131e0000000100 1 1e 00000001 4 1 0 000000000000002f
000000000000002f 0023151500000100 1 15 00000001 4 1 0 0000000000000030
0000000000000030 00731e1e00000100 1 1e 00000000 4 1 0 0000000000000031
0000000000000031 0102001e1d000000 0 00 00000000 5 1 0 0000000000000032
0000000000000032 0215fffffc040000 0 00 00000000 5 1 0 0000000000000033
0000000000000033 7cf5000000000000 0 00 00000000 5 1 0 0000000000000034
DONE retired=50 fault=00 pc=0000000000000033
