0000000000000000 0013140000004d00 1 14 0000004d 0 0 0 0000000000000001 fffe0000 f fffe0000 0 00 fffe0000
0000000000000001 100002060300f000 0 00 00000000 0 0 0 0000000000000002 fffe0000 f fffe0000 1 02 fffe0000
0000000000000002 103104058000f000 0 00 00000000 0 0 0 0000000000000003 fffe0000 f fffe0000 1 04 fffe0000
0000000000000003 34110500440d9000 0 00 00000000 0 0 0 0000000000000004 fffe0000 9 aaaa0000 1 05 aaaa0000
0000000000000004 104006020400f000 0 00 00000000 0 0 0 0000000000000005 fffe0000 f fffe0000 1 06 fffe0000
0000000000000005 105006020500c000 0 00 00000000 0 0 0 0000000000000006 fffe0000 c 00000000 1 06 00000000
0000000000000006 00131500ffffff00 1 15 ffffffff 0 0 0 0000000000000007 fffe0000 f fffe0000 0 00 fffe0000
0000000000000007 342004150000f000 0 00 00000000 0 0 0 0000000000000008 fffe0000 f fffe0000 1 04 fffe0000
0000000000000008 105004030500f000 0 00 00000000 0 0 0 0000000000000009 fffe0000 f fffe0000 1 04 fffe0000
0000000000000009 107106030001f000 0 00 00000000 0 0 0 000000000000000a fffe0000 f fffe0000 1 06 fffe0000
000000000000000a 340002020000f000 0 00 00000000 0 0 0 000000000000000b fffe0000 f fffe0000 1 02 fffe0000
000000000000000b 00131500ffffff00 1 15 ffffffff 0 0 0 000000000000000c fffe0000 f fffe0000 0 00 fffe0000
000000000000000c 342004150000c000 0 00 00000000 0 0 0 000000000000000d fffe0000 c 00000000 1 04 00000000
000000000000000d 341103002f858000 0 00 00000000 0 0 0 000000000000000e fffe0000 8 fffe0000 1 03 fffe0000
000000000000000e 10610506003ff000 0 00 00000000 0 0 0 000000000000000f fffe0000 f fffe0000 1 05 fffe0000
000000000000000f 34110200fffff000 0 00 00000000 0 0 0 0000000000000010 fffe0000 f fffe0000 1 02 fffe0000
0000000000000010 341106008000f000 0 00 00000000 0 0 0 0000000000000011 fffe0000 f fffe0000 1 06 fffe0000
0000000000000011 340002020000f000 0 00 00000000 0 0 0 0000000000000012 fffe0000 f fffe0000 1 02 fffe0000
0000000000000012 340004020000f000 0 00 00000000 0 0 0 0000000000000013 fffe0000 f fffe0000 1 04 fffe0000
0000000000000013 1030040203003000 0 00 00000000 0 0 0 0000000000000014 fffe0000 3 7ffe0000 1 04 7ffe0000
0000000000000014 00131600ffffff00 1 16 ffffffff 0 0 0 0000000000000015 fffe0000 f fffe0000 0 00 fffe0000
0000000000000015 342005160000f000 0 00 00000000 0 0 0 0000000000000016 fffe0000 f fffe0000 1 05 fffe0000
0000000000000016 10810205003ff000 0 00 00000000 0 0 0 0000000000000017 fffe0000 f fffe0000 1 02 fffe0000
0000000000000017 340004060000f000 0 00 00000000 0 0 0 0000000000000018 fffe0000 f fffe0000 1 04 fffe0000
0000000000000018 10310406dd37f000 0 00 00000000 0 0 0 0000000000000019 fffe0000 f fffe0000 1 04 fffe0000
0000000000000019 101003050500f000 0 00 00000000 0 0 0 000000000000001a fffe0000 f fffe0000 1 03 fffe0000
000000000000001a 10710304003ff000 0 00 00000000 0 0 0 000000000000001b fffe0000 f fffe0000 1 03 fffe0000
000000000000001b 0013150000000100 1 15 00000001 0 0 0 000000000000001c fffe0000 f fffe0000 0 00 fffe0000
000000000000001c 342003150000f000 0 00 00000000 0 0 0 000000000000001d fffe0000 f fffe0000 1 03 fffe0000
000000000000001d 00131e0000000200 1 1e 00000002 0 0 0 000000000000001e fffe0000 f fffe0000 0 00 fffe0000
000000000000001e 0023171700000100 1 17 00000001 0 0 0 000000000000001f fffe0000 f fffe0000 0 00 fffe0000
000000000000001f 00731e1e00000100 1 1e 00000001 0 0 0 0000000000000020 fffe0000 f fffe0000 0 00 fffe0000
0000000000000020 0013180000000000 1 18 00000000 0 0 0 0000000000000021 fffe0000 f fffe0000 0 00 fffe0000
0000000000000021 0102001e18000000 0 00 00000000 4 0 0 0000000000000022 fffe0000 f fffe0000 0 00 fffe0000
0000000000000022 0215fffffb040000 0 00 00000000 4 0 1 000000000000001e fffe0000 f fffe0000 0 00 fffe0000
000000000000001e 0023171700000100 1 17 00000002 4 0 0 000000000000001f fffe0000 f fffe0000 0 00 fffe0000
000000000000001f 00731e1e00000100 1 1e 00000000 4 0 0 0000000000000020 fffe0000 f fffe0000 0 00 fffe0000
0000000000000020 0013180000000000 1 18 00000000 4 0 0 0000000000000021 fffe0000 f fffe0000 0 00 fffe0000
0000000000000021 0102001e18000000 0 00 00000000 5 1 0 0000000000000022 fffe0000 f fffe0000 0 00 fffe0000
0000000000000022 0215fffffb040000 0 00 00000000 5 1 0 0000000000000023 fffe0000 f fffe0000 0 00 fffe0000
0000000000000023 7cf5000000000000 0 00 00000000 5 1 0 0000000000000024 fffe0000 f fffe0000 0 00 fffe0000
DONE retired=41 fault=00 pc=0000000000000023
