0000000000000000 00131d0000000000 1 1d 00000000 0 0 0 0000000000000001
0000000000000001 0102000806000000 0 00 00000000 5 1 0 0000000000000002
0000000000000002 02150000010c0000 0 00 00000000 5 1 1 0000000000000004
0000000000000004 011200020b000000 0 00 00000000 5 0 0 0000000000000005
0000000000000005 0215000001030000 0 00 00000000 5 0 1 0000000000000007
0000000000000007 001313001031dc00 1 13 001031dc 5 0 0 0000000000000008
0000000000000008 002205040b000000 1 05 00000000 5 0 0 0000000000000009
0000000000000009 00b206040b000000 1 06 00000000 5 0 0 000000000000000a
000000000000000a 0022050d0a000000 1 05 00000000 5 0 0 000000000000000b
000000000000000b 00730f0cca442600 1 0f 0035bbda 5 0 0 000000000000000c
000000000000000c 0306000000000c00 1 0c 00000000 5 0 0 000000000000000d
000000000000000d 8506000000000000 0 00 00000000 5 0 0 000000000000000e
000000000000000e 00b2130b0b000000 1 13 00000000 5 0 0 000000000000000f
000000000000000f 00b3070600001100 1 07 00000000 5 0 0 0000000000000010
0000000000000010 0112000c04000000 0 00 00000000 5 0 0 0000000000000011
0000000000000011 0215000002020000 0 00 00000000 5 0 1 0000000000000014
0000000000000014 012200120f000000 0 00 00000000 2 0 0 0000000000000015
0000000000000015 0215000002020000 0 00 00000000 2 0 1 0000000000000018
0000000000000018 0082010d08000000 1 01 00000000 2 0 0 0000000000000019
0000000000000019 00820d0d0d000000 1 0d 00000000 2 0 0 000000000000001a
000000000000001a 0306000000000b00 1 0b 00000000 2 0 0 000000000000001b
000000000000001b 0013030000000100 1 03 00000001 2 0 0 000000000000001c
000000000000001c 0092101100000000 1 10 ffffffff 2 0 0 000000000000001d
000000000000001d 005205140d000000 1 05 00000000 2 0 0 000000000000001e
000000000000001e 0082040808000000 1 04 00000000 2 0 0 000000000000001f
000000000000001f 0022120701000000 1 12 00000000 2 0 0 0000000000000020
0000000000000020 0072060a11000000 1 06 00000000 2 0 0 0000000000000021
0000000000000021 8506000000000000 0 00 00000000 2 0 0 0000000000000022
0000000000000022 0013020000000000 1 02 00000000 2 0 0 0000000000000023
0000000000000023 012200040a000000 0 00 00000000 5 0 0 0000000000000024
0000000000000024 0215000001030000 0 00 00000000 5 0 1 0000000000000026
0000000000000026 007307081e90f000 1 07 ffe16f10 5 0 0 0000000000000027
0000000000000027 0112001306000000 0 00 00000000 5 0 0 0000000000000028
0000000000000028 02150000010e0000 0 00 00000000 5 0 1 000000000000002a
000000000000002a 8506000000000000 0 00 00000000 5 0 0 000000000000002b
000000000000002b 8506000000000000 0 00 00000000 5 0 0 000000000000002c
000000000000002c 00131300a714e800 1 13 ffa714e8 5 0 0 000000000000002d
000000000000002d 002201040a000000 1 01 00000000 5 0 0 000000000000002e
000000000000002e 0013040000000000 1 04 00000000 5 0 0 000000000000002f
000000000000002f 8506000000000000 0 00 00000000 5 0 0 0000000000000030
0000000000000030 0092110400000000 1 11 ffffffff 5 0 0 0000000000000031
0000000000000031 00130900e29afe00 1 09 ffe29afe 5 0 0 0000000000000032
0000000000000032 8506000000000000 0 00 00000000 5 0 0 0000000000000033
0000000000000033 001306007b765b00 1 06 007b765b 5 0 0 0000000000000034
0000000000000034 0023090284814400 1 09 ff848144 5 0 0 0000000000000035
0000000000000035 00131e0000000400 1 1e 00000004 5 0 0 0000000000000036
0000000000000036 0023151500000100 1 15 00000001 5 0 0 0000000000000037
0000000000000037 00731e1e00000100 1 1e 00000003 5 0 0 0000000000000038
0000000000000038 0102001e1d000000 0 00 00000000 4 0 0 0000000000000039
0000000000000039 0215fffffc040000 0 00 00000000 4 0 1 0000000000000036
0000000000000036 0023151500000100 1 15 00000002 4 0 0 0000000000000037
0000000000000037 00731e1e00000100 1 1e 00000002 4 0 0 0000000000000038
0000000000000038 0102001e1d000000 0 00 00000000 4 0 0 0000000000000039
0000000000000039 0215fffffc040000 0 00 00000000 4 0 1 0000000000000036
0000000000000036 0023151500000100 1 15 00000003 4 0 0 0000000000000037
0000000000000037 00731e1e00000100 1 1e 00000001 4 0 0 0000000000000038
0000000000000038 0102001e1d000000 0 00 00000000 4 0 0 0000000000000039
0000000000000039 0215fffffc040000 0 00 00000000 4 0 1 0000000000000036
0000000000000036 0023151500000100 1 15 00000004 4 0 0 0000000000000037
0000000000000037 00731e1e00000100 1 1e 00000000 4 0 0 0000000000000038
0000000000000038 0102001e1d000000 0 00 00000000 5 1 0 0000000000000039
0000000000000039 0215fffffc040000 0 00 00000000 5 1 0 000000000000003a
000000000000003a 7cf5000000000000 0 00 00000000 5 1 0 000000000000003b
DONE retired=63 fault=00 pc=000000000000003a
