0000000000000000 00131d0000000000 1 1d 00000000 0 0 0 0000000000000001
0000000000000001 00b20c0811000000 1 0c 00000000 0 0 0 0000000000000002
0000000000000002 00731411bb468a00 1 14 0044b976 0 0 0 0000000000000003
0000000000000003 0063131300001a00 1 13 00000000 0 0 0 0000000000000004
0000000000000004 0082070202000000 1 07 00000000 0 0 0 0000000000000005
0000000000000005 0092061200000000 1 06 ffffffff 0 0 0 0000000000000006
0000000000000006 8506000000000000 0 00 00000000 0 0 0 0000000000000007
0000000000000007 8506000000000000 0 00 00000000 0 0 0 0000000000000008
0000000000000008 8506000000000000 0 00 00000000 0 0 0 0000000000000009
0000000000000009 0062111314000000 1 11 00000000 0 0 0 000000000000000a
000000000000000a 0306000000000800 1 08 00000000 0 0 0 000000000000000b
000000000000000b 0122000d0b000000 0 00 00000000 5 0 0 000000000000000c
000000000000000c 0215000001020000 0 00 00000000 5 0 1 000000000000000e
000000000000000e 00130700b6f8e200 1 07 ffb6f8e2 5 0 0 000000000000000f
000000000000000f 0073010308f49700 1 01 fff70b69 5 0 0 0000000000000010
0000000000000010 0092020f00000000 1 02 ffffffff 5 0 0 0000000000000011
0000000000000011 8506000000000000 0 00 00000000 5 0 0 0000000000000012
0000000000000012 8506000000000000 0 00 00000000 5 0 0 0000000000000013
0000000000000013 00520c0e13000000 1 0c 00000000 5 0 0 0000000000000014
0000000000000014 0122000105000000 0 00 00000000 6 0 0 0000000000000015
0000000000000015 0215000002010000 0 00 00000000 6 0 0 0000000000000016
0000000000000016 8506000000000000 0 00 00000000 6 0 0 0000000000000017
0000000000000017 8506000000000000 0 00 00000000 6 0 0 0000000000000018
0000000000000018 00131300469b3c00 1 13 00469b3c 6 0 0 0000000000000019
0000000000000019 8506000000000000 0 00 00000000 6 0 0 000000000000001a
000000000000001a 00130d006c1b6700 1 0d 006c1b67 6 0 0 000000000000001b
000000000000001b 0072100c04000000 1 10 00000000 6 0 0 000000000000001c
000000000000001c 0032130a0d000000 1 13 00000000 6 0 0 000000000000001d
000000000000001d 00b30e0200001200 1 0e ffffffff 6 0 0 000000000000001e
000000000000001e 8506000000000000 0 00 00000000 6 0 0 000000000000001f
000000000000001f 8506000000000000 0 00 00000000 6 0 0 0000000000000020
0000000000000020 0306000000000700 1 07 00000000 6 0 0 0000000000000021
0000000000000021 00a2141107000000 1 14 00000000 6 0 0 0000000000000022
0000000000000022 00920b0a00000000 1 0b ffffffff 6 0 0 0000000000000023
0000000000000023 8506000000000000 0 00 00000000 6 0 0 0000000000000024
0000000000000024 001314003fcae600 1 14 003fcae6 6 0 0 0000000000000025
0000000000000025 0112001209000000 0 00 00000000 5 0 0 0000000000000026
0000000000000026 0215000003040000 0 00 00000000 5 0 0 0000000000000027
0000000000000027 8506000000000000 0 00 00000000 5 0 0 0000000000000028
0000000000000028 8506000000000000 0 00 00000000 5 0 0 0000000000000029
0000000000000029 8506000000000000 0 00 00000000 5 0 0 000000000000002a
000000000000002a 00a30e0800000a00 1 0e 00000000 5 0 0 000000000000002b
000000000000002b 00720f0711000000 1 0f 00000000 5 0 0 000000000000002c
000000000000002c 00820d0f0c000000 1 0d 00000000 5 0 0 000000000000002d
000000000000002d 00130f0000000000 1 0f 00000000 5 0 0 000000000000002e
000000000000002e 8506000000000000 0 00 00000000 5 0 0 000000000000002f
000000000000002f 8506000000000000 0 00 00000000 5 0 0 0000000000000030
0000000000000030 8506000000000000 0 00 00000000 5 0 0 0000000000000031
0000000000000031 00131e0000000200 1 1e 00000002 5 0 0 0000000000000032
0000000000000032 0023151500000100 1 15 00000001 5 0 0 0000000000000033
0000000000000033 00731e1e00000100 1 1e 00000001 5 0 0 0000000000000034
0000000000000034 0102001e1d000000 0 00 00000000 4 0 0 0000000000000035
0000000000000035 0215fffffc040000 0 00 00000000 4 0 1 0000000000000032
0000000000000032 0023151500000100 1 15 00000002 4 0 0 0000000000000033
0000000000000033 00731e1e00000100 1 1e 00000000 4 0 0 0000000000000034
0000000000000034 0102001e1d000000 0 00 00000000 5 1 0 0000000000000035
0000000000000035 0215fffffc040000 0 00 00000000 5 1 0 0000000000000036
0000000000000036 7cf5000000000000 0 00 00000000 5 1 0 0000000000000037
DONE retired=58 fault=00 pc=0000000000000036
