0000000000000000 0013140000004d00 1 14 0000004d 0 0 0 0000000000000001 aaaaaaaa f aaaaaaaa 0 00 aaaaaaaa
0000000000000001 34110200f1acf000 0 00 00000000 0 0 0 0000000000000002 aaaaaaaa f aaaaaaaa 1 02 aaaaaaaa
0000000000000002 343006000000f000 0 00 00000000 0 0 0 0000000000000003 aaaaaaaa f aaaaaaaa 1 06 aaaaaaaa
0000000000000003 107105020010f000 0 00 00000000 0 0 0 0000000000000004 aaaaaaaa f aaaaaaaa 1 05 aaaaaaaa
0000000000000004 1040060604003000 0 00 00000000 0 0 0 0000000000000005 aaaaaaaa 3 2200a020 1 06 2200a020
0000000000000005 101105060001f000 0 00 00000000 0 0 0 0000000000000006 aaaaaaaa f aaaaaaaa 1 05 aaaaaaaa
0000000000000006 343003000000f000 0 00 00000000 0 0 0 0000000000000007 aaaaaaaa f aaaaaaaa 1 03 aaaaaaaa
0000000000000007 340005040000f000 0 00 00000000 0 0 0 0000000000000008 aaaaaaaa f aaaaaaaa 1 05 aaaaaaaa
0000000000000008 0013160055555500 1 16 00555555 0 0 0 0000000000000009 aaaaaaaa f aaaaaaaa 0 00 aaaaaaaa
0000000000000009 342003160000f000 0 00 00000000 0 0 0 000000000000000a aaaaaaaa f aaaaaaaa 1 03 aaaaaaaa
000000000000000a 108102030020f000 0 00 00000000 0 0 0 000000000000000b aaaaaaaa f aaaaaaaa 1 02 aaaaaaaa
000000000000000b 10310604921ff000 0 00 00000000 0 0 0 000000000000000c aaaaaaaa f aaaaaaaa 1 06 aaaaaaaa
000000000000000c 00131500ffffff00 1 15 ffffffff 0 0 0 000000000000000d aaaaaaaa f aaaaaaaa 0 00 aaaaaaaa
000000000000000d 342004150000f000 0 00 00000000 0 0 0 000000000000000e aaaaaaaa f aaaaaaaa 1 04 aaaaaaaa
000000000000000e 105002050600f000 0 00 00000000 0 0 0 000000000000000f aaaaaaaa f aaaaaaaa 1 02 aaaaaaaa
000000000000000f 100006020400f000 0 00 00000000 0 0 0 0000000000000010 aaaaaaaa f aaaaaaaa 1 06 aaaaaaaa
0000000000000010 105005060500f000 0 00 00000000 0 0 0 0000000000000011 aaaaaaaa f aaaaaaaa 1 05 aaaaaaaa
0000000000000011 101002060300f000 0 00 00000000 0 0 0 0000000000000012 aaaaaaaa f aaaaaaaa 1 02 aaaaaaaa
0000000000000012 340002050000f000 0 00 00000000 0 0 0 0000000000000013 aaaaaaaa f aaaaaaaa 1 02 aaaaaaaa
0000000000000013 3400030200000000 0 00 00000000 0 0 0 0000000000000014 aaaaaaaa 0 00000000 1 03 00000000
0000000000000014 106102030020f000 0 00 00000000 0 0 0 0000000000000015 aaaaaaaa f aaaaaaaa 1 02 aaaaaaaa
0000000000000015 10610205001ff000 0 00 00000000 0 0 0 0000000000000016 aaaaaaaa f aaaaaaaa 1 02 aaaaaaaa
0000000000000016 106105060010f000 0 00 00000000 0 0 0 0000000000000017 aaaaaaaa f aaaaaaaa 1 05 aaaaaaaa
0000000000000017 00131e0000000300 1 1e 00000003 0 0 0 0000000000000018 aaaaaaaa f aaaaaaaa 0 00 aaaaaaaa
0000000000000018 0023171700000100 1 17 00000001 0 0 0 0000000000000019 aaaaaaaa f aaaaaaaa 0 00 aaaaaaaa
0000000000000019 00731e1e00000100 1 1e 00000002 0 0 0 000000000000001a aaaaaaaa f aaaaaaaa 0 00 aaaaaaaa
000000000000001a 0013180000000000 1 18 00000000 0 0 0 000000000000001b aaaaaaaa f aaaaaaaa 0 00 aaaaaaaa
000000000000001b 0102001e18000000 0 00 00000000 4 0 0 000000000000001c aaaaaaaa f aaaaaaaa 0 00 aaaaaaaa
000000000000001c 0215fffffb040000 0 00 00000000 4 0 1 0000000000000018 aaaaaaaa f aaaaaaaa 0 00 aaaaaaaa
0000000000000018 0023171700000100 1 17 00000002 4 0 0 0000000000000019 aaaaaaaa f aaaaaaaa 0 00 aaaaaaaa
0000000000000019 00731e1e00000100 1 1e 00000001 4 0 0 000000000000001a aaaaaaaa f aaaaaaaa 0 00 aaaaaaaa
000000000000001a 0013180000000000 1 18 00000000 4 0 0 000000000000001b aaaaaaaa f aaaaaaaa 0 00 aaaaaaaa
000000000000001b 0102001e18000000 0 00 00000000 4 0 0 000000000000001c aaaaaaaa f aaaaaaaa 0 00 aaaaaaaa
000000000000001c 0215fffffb040000 0 00 00000000 4 0 1 0000000000000018 aaaaaaaa f aaaaaaaa 0 00 aaaaaaaa
0000000000000018 0023171700000100 1 17 00000003 4 0 0 0000000000000019 aaaaaaaa f aaaaaaaa 0 00 aaaaaaaa
0000000000000019 00731e1e00000100 1 1e 00000000 4 0 0 000000000000001a aaaaaaaa f aaaaaaaa 0 00 aaaaaaaa
000000000000001a 0013180000000000 1 18 00000000 4 0 0 000000000000001b aaaaaaaa f aaaaaaaa 0 00 aaaaaaaa
000000000000001b 0102001e18000000 0 00 00000000 5 1 0 000000000000001c aaaaaaaa f aaaaaaaa 0 00 aaaaaaaa
000000000000001c 0215fffffb040000 0 00 00000000 5 1 0 000000000000001d aaaaaaaa f aaaaaaaa 0 00 aaaaaaaa
000000000000001d 7cf5000000000000 0 00 00000000 5 1 0 000000000000001e aaaaaaaa f aaaaaaaa 0 00 aaaaaaaa
DONE retired=40 fault=00 pc=000000000000001d
