0000000000000000 0013140000004d00 1 14 0000004d 0 0 0 0000000000000001 0007ffff f 0007ffff 0 00 0007ffff
0000000000000001 340002050000f000 0 00 00000000 0 0 0 0000000000000002 0007ffff f 0007ffff 1 02 0007ffff
0000000000000002 00131500ffffff00 1 15 ffffffff 0 0 0 0000000000000003 0007ffff f 0007ffff 0 00 0007ffff
0000000000000003 342004150000f000 0 00 00000000 0 0 0 0000000000000004 0007ffff f 0007ffff 1 04 0007ffff
0000000000000004 00131600ffffff00 1 16 ffffffff 0 0 0 0000000000000005 0007ffff f 0007ffff 0 00 0007ffff
0000000000000005 342005160000f000 0 00 00000000 0 0 0 0000000000000006 0007ffff f 0007ffff 1 05 0007ffff
0000000000000006 108105050010f000 0 00 00000000 0 0 0 0000000000000007 0007ffff f 0007ffff 1 05 0007ffff
0000000000000007 00131600ffffff00 1 16 ffffffff 0 0 0 0000000000000008 0007ffff f 0007ffff 0 00 0007ffff
0000000000000008 342004160000f000 0 00 00000000 0 0 0 0000000000000009 0007ffff f 0007ffff 1 04 0007ffff
0000000000000009 108102040020f000 0 00 00000000 0 0 0 000000000000000a 0007ffff f 0007ffff 1 02 0007ffff
000000000000000a 103006040600f000 0 00 00000000 0 0 0 000000000000000b 0007ffff f 0007ffff 1 06 0007ffff
000000000000000b 101004030600f000 0 00 00000000 0 0 0 000000000000000c 0007ffff f 0007ffff 1 04 0007ffff
000000000000000c 100003020400f000 0 00 00000000 0 0 0 000000000000000d 0007ffff f 0007ffff 1 03 0007ffff
000000000000000d 341104008172f000 0 00 00000000 0 0 0 000000000000000e 0007ffff f 0007ffff 1 04 0007ffff
000000000000000e 0013150000000000 1 15 00000000 0 0 0 000000000000000f 0007ffff f 0007ffff 0 00 0007ffff
000000000000000f 342004150000f000 0 00 00000000 0 0 0 0000000000000010 0007ffff f 0007ffff 1 04 0007ffff
0000000000000010 10610602001bf000 0 00 00000000 0 0 0 0000000000000011 0007ffff f 0007ffff 1 06 0007ffff
0000000000000011 105004030400f000 0 00 00000000 0 0 0 0000000000000012 0007ffff f 0007ffff 1 04 0007ffff
0000000000000012 340004040000f000 0 00 00000000 0 0 0 0000000000000013 0007ffff f 0007ffff 1 04 0007ffff
0000000000000013 103003040600f000 0 00 00000000 0 0 0 0000000000000014 0007ffff f 0007ffff 1 03 0007ffff
0000000000000014 10410505fffff000 0 00 00000000 0 0 0 0000000000000015 0007ffff f 0007ffff 1 05 0007ffff
0000000000000015 104002060200f000 0 00 00000000 0 0 0 0000000000000016 0007ffff f 0007ffff 1 02 0007ffff
0000000000000016 00131e0000000200 1 1e 00000002 0 0 0 0000000000000017 0007ffff f 0007ffff 0 00 0007ffff
0000000000000017 0023171700000100 1 17 00000001 0 0 0 0000000000000018 0007ffff f 0007ffff 0 00 0007ffff
0000000000000018 00731e1e00000100 1 1e 00000001 0 0 0 0000000000000019 0007ffff f 0007ffff 0 00 0007ffff
0000000000000019 0013180000000000 1 18 00000000 0 0 0 000000000000001a 0007ffff f 0007ffff 0 00 0007ffff
000000000000001a 0102001e18000000 0 00 00000000 4 0 0 000000000000001b 0007ffff f 0007ffff 0 00 0007ffff
000000000000001b 0215fffffb040000 0 00 00000000 4 0 1 0000000000000017 0007ffff f 0007ffff 0 00 0007ffff
0000000000000017 0023171700000100 1 17 00000002 4 0 0 0000000000000018 0007ffff f 0007ffff 0 00 0007ffff
0000000000000018 00731e1e00000100 1 1e 00000000 4 0 0 0000000000000019 0007ffff f 0007ffff 0 00 0007ffff
0000000000000019 0013180000000000 1 18 00000000 4 0 0 000000000000001a 0007ffff f 0007ffff 0 00 0007ffff
000000000000001a 0102001e18000000 0 00 00000000 5 1 0 000000000000001b 0007ffff f 0007ffff 0 00 0007ffff
000000000000001b 0215fffffb040000 0 00 00000000 5 1 0 000000000000001c 0007ffff f 0007ffff 0 00 0007ffff
000000000000001c 7cf5000000000000 0 00 00000000 5 1 0 000000000000001d 0007ffff f 0007ffff 0 00 0007ffff
DONE retired=34 fault=00 pc=000000000000001c
