0000000000000000 0013140000004d00 1 14 0000004d 0 0 0 0000000000000001 b1f19740 f b1f19740 0 00 b1f19740
0000000000000001 102006040600f000 0 00 00000000 0 0 0 0000000000000002 b1f19740 f b1f19740 1 06 b1f19740
0000000000000002 106106020020f000 0 00 00000000 0 0 0 0000000000000003 b1f19740 f b1f19740 1 06 b1f19740
0000000000000003 00131500ffffff00 1 15 ffffffff 0 0 0 0000000000000004 b1f19740 f b1f19740 0 00 b1f19740
0000000000000004 342005150000f000 0 00 00000000 0 0 0 0000000000000005 b1f19740 f b1f19740 1 05 b1f19740
0000000000000005 34110200bb8cf000 0 00 00000000 0 0 0 0000000000000006 b1f19740 f b1f19740 1 02 b1f19740
0000000000000006 104003020400f000 0 00 00000000 0 0 0 0000000000000007 b1f19740 f b1f19740 1 03 b1f19740
0000000000000007 0013160000000000 1 16 00000000 0 0 0 0000000000000008 b1f19740 f b1f19740 0 00 b1f19740
0000000000000008 342004160000f000 0 00 00000000 0 0 0 0000000000000009 b1f19740 f b1f19740 1 04 b1f19740
0000000000000009 108102040010f000 0 00 00000000 0 0 0 000000000000000a b1f19740 f b1f19740 1 02 b1f19740
000000000000000a 103102048000f000 0 00 00000000 0 0 0 000000000000000b b1f19740 f b1f19740 1 02 b1f19740
000000000000000b 00131600ffffff00 1 16 ffffffff 0 0 0 000000000000000c b1f19740 f b1f19740 0 00 b1f19740
000000000000000c 342005160000f000 0 00 00000000 0 0 0 000000000000000d b1f19740 f b1f19740 1 05 b1f19740
000000000000000d 10810605000ff000 0 00 00000000 0 0 0 000000000000000e b1f19740 f b1f19740 1 06 b1f19740
000000000000000e 10610605001ff000 0 00 00000000 0 0 0 000000000000000f b1f19740 f b1f19740 1 06 b1f19740
000000000000000f 10710404000ff000 0 00 00000000 0 0 0 0000000000000010 b1f19740 f b1f19740 1 04 b1f19740
0000000000000010 34110400fffff000 0 00 00000000 0 0 0 0000000000000011 b1f19740 f b1f19740 1 04 b1f19740
0000000000000011 343004000000f000 0 00 00000000 0 0 0 0000000000000012 b1f19740 f b1f19740 1 04 b1f19740
0000000000000012 34110400f81bf000 0 00 00000000 0 0 0 0000000000000013 b1f19740 f b1f19740 1 04 b1f19740
0000000000000013 106105050021f000 0 00 00000000 0 0 0 0000000000000014 b1f19740 f b1f19740 1 05 b1f19740
0000000000000014 101004050400f000 0 00 00000000 0 0 0 0000000000000015 b1f19740 f b1f19740 1 04 b1f19740
0000000000000015 106104030001f000 0 00 00000000 0 0 0 0000000000000016 b1f19740 f b1f19740 1 04 b1f19740
0000000000000016 0013160000000100 1 16 00000001 0 0 0 0000000000000017 b1f19740 f b1f19740 0 00 b1f19740
0000000000000017 342003160000f000 0 00 00000000 0 0 0 0000000000000018 b1f19740 f b1f19740 1 03 b1f19740
0000000000000018 10810503001ff000 0 00 00000000 0 0 0 0000000000000019 b1f19740 f b1f19740 1 05 b1f19740
0000000000000019 106102030020f000 0 00 00000000 0 0 0 000000000000001a b1f19740 f b1f19740 1 02 b1f19740
000000000000001a 3430020000009000 0 00 00000000 0 0 0 000000000000001b b1f19740 9 00000000 1 02 00000000
000000000000001b 0013150000000100 1 15 00000001 0 0 0 000000000000001c b1f19740 f b1f19740 0 00 b1f19740
000000000000001c 342005150000f000 0 00 00000000 0 0 0 000000000000001d b1f19740 f b1f19740 1 05 b1f19740
000000000000001d 340004060000f000 0 00 00000000 0 0 0 000000000000001e b1f19740 f b1f19740 1 04 b1f19740
000000000000001e 00131e0000000300 1 1e 00000003 0 0 0 000000000000001f b1f19740 f b1f19740 0 00 b1f19740
000000000000001f 0023171700000100 1 17 00000001 0 0 0 0000000000000020 b1f19740 f b1f19740 0 00 b1f19740
0000000000000020 00731e1e00000100 1 1e 00000002 0 0 0 0000000000000021 b1f19740 f b1f19740 0 00 b1f19740
0000000000000021 0013180000000000 1 18 00000000 0 0 0 0000000000000022 b1f19740 f b1f19740 0 00 b1f19740
0000000000000022 0102001e18000000 0 00 00000000 4 0 0 0000000000000023 b1f19740 f b1f19740 0 00 b1f19740
0000000000000023 0215fffffb040000 0 00 00000000 4 0 1 000000000000001f b1f19740 f b1f19740 0 00 b1f19740
000000000000001f 0023171700000100 1 17 00000002 4 0 0 0000000000000020 b1f19740 f b1f19740 0 00 b1f19740
0000000000000020 00731e1e00000100 1 1e 00000001 4 0 0 0000000000000021 b1f19740 f b1f19740 0 00 b1f19740
0000000000000021 0013180000000000 1 18 00000000 4 0 0 0000000000000022 b1f19740 f b1f19740 0 00 b1f19740
0000000000000022 0102001e18000000 0 00 00000000 4 0 0 0000000000000023 b1f19740 f b1f19740 0 00 b1f19740
0000000000000023 0215fffffb040000 0 00 00000000 4 0 1 000000000000001f b1f19740 f b1f19740 0 00 b1f19740
000000000000001f 0023171700000100 1 17 00000003 4 0 0 0000000000000020 b1f19740 f b1f19740 0 00 b1f19740
0000000000000020 00731e1e00000100 1 1e 00000000 4 0 0 0000000000000021 b1f19740 f b1f19740 0 00 b1f19740
0000000000000021 0013180000000000 1 18 00000000 4 0 0 0000000000000022 b1f19740 f b1f19740 0 00 b1f19740
0000000000000022 0102001e18000000 0 00 00000000 5 1 0 0000000000000023 b1f19740 f b1f19740 0 00 b1f19740
0000000000000023 0215fffffb040000 0 00 00000000 5 1 0 0000000000000024 b1f19740 f b1f19740 0 00 b1f19740
0000000000000024 7cf5000000000000 0 00 00000000 5 1 0 0000000000000025 b1f19740 f b1f19740 0 00 b1f19740
DONE retired=47 fault=00 pc=0000000000000024
