0000000000000000 00131d0000000000 1 1d 00000000 0 0 0 0000000000000001
0000000000000001 0013020055555500 1 02 00555555 0 0 0 0000000000000002
0000000000000002 0306000000001200 1 12 00000000 0 0 0 0000000000000003
0000000000000003 8506000000000000 0 00 00000000 0 0 0 0000000000000004
0000000000000004 00131300c88ad500 1 13 ffc88ad5 0 0 0 0000000000000005
0000000000000005 8506000000000000 0 00 00000000 0 0 0 0000000000000006
0000000000000006 8506000000000000 0 00 00000000 0 0 0 0000000000000007
0000000000000007 0023130bae5c3600 1 13 ffae5c36 0 0 0 0000000000000008
0000000000000008 8506000000000000 0 00 00000000 0 0 0 0000000000000009
0000000000000009 8506000000000000 0 00 00000000 0 0 0 000000000000000a
000000000000000a 8506000000000000 0 00 00000000 0 0 0 000000000000000b
000000000000000b 0112000804000000 0 00 00000000 5 0 0 000000000000000c
000000000000000c 0215000001030000 0 00 00000000 5 0 1 000000000000000e
000000000000000e 0092130200000000 1 13 ffaaaaaa 5 0 0 000000000000000f
000000000000000f 0023030312260100 1 03 00122601 5 0 0 0000000000000010
0000000000000010 0306000000000d00 1 0d 00000000 5 0 0 0000000000000011
0000000000000011 001305005eb14000 1 05 005eb140 5 0 0 0000000000000012
0000000000000012 0306000000001000 1 10 00000000 5 0 0 0000000000000013
0000000000000013 0022090f12000000 1 09 00000000 5 0 0 0000000000000014
0000000000000014 0306000000000100 1 01 00000000 5 0 0 0000000000000015
0000000000000015 0013100059038000 1 10 00590380 5 0 0 0000000000000016
0000000000000016 8506000000000000 0 00 00000000 5 0 0 0000000000000017
0000000000000017 0306000000001100 1 11 00000000 5 0 0 0000000000000018
0000000000000018 8506000000000000 0 00 00000000 5 0 0 0000000000000019
0000000000000019 8506000000000000 0 00 00000000 5 0 0 000000000000001a
000000000000001a 0062100b11000000 1 10 00000000 5 0 0 000000000000001b
000000000000001b 0112000411000000 0 00 00000000 5 0 0 000000000000001c
000000000000001c 0215000002030000 0 00 00000000 5 0 1 000000000000001f
000000000000001f 0073111152ceb700 1 11 ffad3149 5 0 0 0000000000000020
0000000000000020 012200090c000000 0 00 00000000 5 0 0 0000000000000021
0000000000000021 02150000020b0000 0 00 00000000 5 0 0 0000000000000022
0000000000000022 8506000000000000 0 00 00000000 5 0 0 0000000000000023
0000000000000023 8506000000000000 0 00 00000000 5 0 0 0000000000000024
0000000000000024 0013100096e99f00 1 10 ff96e99f 5 0 0 0000000000000025
0000000000000025 00131200312e9a00 1 12 00312e9a 5 0 0 0000000000000026
0000000000000026 00b3030a00001400 1 03 00000000 5 0 0 0000000000000027
0000000000000027 0306000000000800 1 08 00000000 5 0 0 0000000000000028
0000000000000028 8506000000000000 0 00 00000000 5 0 0 0000000000000029
0000000000000029 00131e0000000100 1 1e 00000001 5 0 0 000000000000002a
000000000000002a 0023151500000100 1 15 00000001 5 0 0 000000000000002b
000000000000002b 00731e1e00000100 1 1e 00000000 5 0 0 000000000000002c
000000000000002c 0102001e1d000000 0 00 00000000 5 1 0 000000000000002d
000000000000002d 0215fffffc040000 0 00 00000000 5 1 0 000000000000002e
000000000000002e 7cf5000000000000 0 00 00000000 5 1 0 000000000000002f
DONE retired=44 fault=00 pc=000000000000002e
