0000000000000000 0013140000004d00 1 14 0000004d 0 0 0 0000000000000001 27ad6c6a f 27ad6c6a 0 00 27ad6c6a
0000000000000001 100004020300f000 0 00 00000000 0 0 0 0000000000000002 27ad6c6a f 27ad6c6a 1 04 27ad6c6a
0000000000000002 00131600ffffff00 1 16 ffffffff 0 0 0 0000000000000003 27ad6c6a f 27ad6c6a 0 00 27ad6c6a
0000000000000003 342006160000f000 0 00 00000000 0 0 0 0000000000000004 27ad6c6a f 27ad6c6a 1 06 27ad6c6a
0000000000000004 10810406000ff000 0 00 00000000 0 0 0 0000000000000005 27ad6c6a f 27ad6c6a 1 04 27ad6c6a
0000000000000005 341105000001f000 0 00 00000000 0 0 0 0000000000000006 27ad6c6a f 27ad6c6a 1 05 27ad6c6a
0000000000000006 00131600ffffff00 1 16 ffffffff 0 0 0 0000000000000007 27ad6c6a f 27ad6c6a 0 00 27ad6c6a
0000000000000007 342006160000f000 0 00 00000000 0 0 0 0000000000000008 27ad6c6a f 27ad6c6a 1 06 27ad6c6a
0000000000000008 108104060001f000 0 00 00000000 0 0 0 0000000000000009 27ad6c6a f 27ad6c6a 1 04 27ad6c6a
0000000000000009 341106007ffff000 0 00 00000000 0 0 0 000000000000000a 27ad6c6a f 27ad6c6a 1 06 27ad6c6a
000000000000000a 00131600aaaaaa00 1 16 ffaaaaaa 0 0 0 000000000000000b 27ad6c6a f 27ad6c6a 0 00 27ad6c6a
000000000000000b 342002160000f000 0 00 00000000 0 0 0 000000000000000c 27ad6c6a f 27ad6c6a 1 02 27ad6c6a
000000000000000c 108103020001f000 0 00 00000000 0 0 0 000000000000000d 27ad6c6a f 27ad6c6a 1 03 27ad6c6a
000000000000000d 100005060400f000 0 00 00000000 0 0 0 000000000000000e 27ad6c6a f 27ad6c6a 1 05 27ad6c6a
000000000000000e 343006000000c000 0 00 00000000 0 0 0 000000000000000f 27ad6c6a c 27ad6c6a 1 06 27ad6c6a
000000000000000f 0013150000000000 1 15 00000000 0 0 0 0000000000000010 27ad6c6a f 27ad6c6a 0 00 27ad6c6a
0000000000000010 342006150000f000 0 00 00000000 0 0 0 0000000000000011 27ad6c6a f 27ad6c6a 1 06 27ad6c6a
0000000000000011 105006060500f000 0 00 00000000 0 0 0 0000000000000012 27ad6c6a f 27ad6c6a 1 06 27ad6c6a
0000000000000012 102005060200f000 0 00 00000000 0 0 0 0000000000000013 27ad6c6a f 27ad6c6a 1 05 27ad6c6a
0000000000000013 00131500aaaaaa00 1 15 ffaaaaaa 0 0 0 0000000000000014 27ad6c6a f 27ad6c6a 0 00 27ad6c6a
0000000000000014 342004150000f000 0 00 00000000 0 0 0 0000000000000015 27ad6c6a f 27ad6c6a 1 04 27ad6c6a
0000000000000015 107102060021f000 0 00 00000000 0 0 0 0000000000000016 27ad6c6a f 27ad6c6a 1 02 27ad6c6a
0000000000000016 00131600ffffff00 1 16 ffffffff 0 0 0 0000000000000017 27ad6c6a f 27ad6c6a 0 00 27ad6c6a
0000000000000017 342004160000f000 0 00 00000000 0 0 0 0000000000000018 27ad6c6a f 27ad6c6a 1 04 27ad6c6a
0000000000000018 10810404003ff000 0 00 00000000 0 0 0 0000000000000019 27ad6c6a f 27ad6c6a 1 04 27ad6c6a
0000000000000019 0013150000000000 1 15 00000000 0 0 0 000000000000001a 27ad6c6a f 27ad6c6a 0 00 27ad6c6a
000000000000001a 342002150000f000 0 00 00000000 0 0 0 000000000000001b 27ad6c6a f 27ad6c6a 1 02 27ad6c6a
000000000000001b 1040060602004000 0 00 00000000 0 0 0 000000000000001c 27ad6c6a 4 07244c48 1 06 07244c48
000000000000001c 10510306fffff000 0 00 00000000 0 0 0 000000000000001d 27ad6c6a f 27ad6c6a 1 03 27ad6c6a
000000000000001d 105005020200f000 0 00 00000000 0 0 0 000000000000001e 27ad6c6a f 27ad6c6a 1 05 27ad6c6a
000000000000001e 102003040400f000 0 00 00000000 0 0 0 000000000000001f 27ad6c6a f 27ad6c6a 1 03 27ad6c6a
000000000000001f 106105060000f000 0 00 00000000 0 0 0 0000000000000020 27ad6c6a f 27ad6c6a 1 05 27ad6c6a
0000000000000020 1030040604003000 0 00 00000000 0 0 0 0000000000000021 27ad6c6a 3 05054440 1 04 05054440
0000000000000021 10410506f063f000 0 00 00000000 0 0 0 0000000000000022 27ad6c6a f 27ad6c6a 1 05 27ad6c6a
0000000000000022 0013150055555500 1 15 00555555 0 0 0 0000000000000023 27ad6c6a f 27ad6c6a 0 00 27ad6c6a
0000000000000023 342004150000a000 0 00 00000000 0 0 0 0000000000000024 27ad6c6a a 00000000 1 04 00000000
0000000000000024 10610603003ff000 0 00 00000000 0 0 0 0000000000000025 27ad6c6a f 27ad6c6a 1 06 27ad6c6a
0000000000000025 340004030000f000 0 00 00000000 0 0 0 0000000000000026 27ad6c6a f 27ad6c6a 1 04 27ad6c6a
0000000000000026 340005050000f000 0 00 00000000 0 0 0 0000000000000027 27ad6c6a f 27ad6c6a 1 05 27ad6c6a
0000000000000027 0013150000000000 1 15 00000000 0 0 0 0000000000000028 27ad6c6a f 27ad6c6a 0 00 27ad6c6a
0000000000000028 3420041500002000 0 00 00000000 0 0 0 0000000000000029 27ad6c6a 2 05054440 1 04 05054440
0000000000000029 0013160055555500 1 16 00555555 0 0 0 000000000000002a 27ad6c6a f 27ad6c6a 0 00 27ad6c6a
000000000000002a 342002160000f000 0 00 00000000 0 0 0 000000000000002b 27ad6c6a f 27ad6c6a 1 02 27ad6c6a
000000000000002b 10810602000ef000 0 00 00000000 0 0 0 000000000000002c 27ad6c6a f 27ad6c6a 1 06 27ad6c6a
000000000000002c 00131e0000000200 1 1e 00000002 0 0 0 000000000000002d 27ad6c6a f 27ad6c6a 0 00 27ad6c6a
000000000000002d 0023171700000100 1 17 00000001 0 0 0 000000000000002e 27ad6c6a f 27ad6c6a 0 00 27ad6c6a
000000000000002e 00731e1e00000100 1 1e 00000001 0 0 0 000000000000002f 27ad6c6a f 27ad6c6a 0 00 27ad6c6a
000000000000002f 0013180000000000 1 18 00000000 0 0 0 0000000000000030 27ad6c6a f 27ad6c6a 0 00 27ad6c6a
0000000000000030 0102001e18000000 0 00 00000000 4 0 0 0000000000000031 27ad6c6a f 27ad6c6a 0 00 27ad6c6a
0000000000000031 0215fffffb040000 0 00 00000000 4 0 1 000000000000002d 27ad6c6a f 27ad6c6a 0 00 27ad6c6a
000000000000002d 0023171700000100 1 17 00000002 4 0 0 000000000000002e 27ad6c6a f 27ad6c6a 0 00 27ad6c6a
000000000000002e 00731e1e00000100 1 1e 00000000 4 0 0 000000000000002f 27ad6c6a f 27ad6c6a 0 00 27ad6c6a
000000000000002f 0013180000000000 1 18 00000000 4 0 0 0000000000000030 27ad6c6a f 27ad6c6a 0 00 27ad6c6a
0000000000000030 0102001e18000000 0 00 00000000 5 1 0 0000000000000031 27ad6c6a f 27ad6c6a 0 00 27ad6c6a
0000000000000031 0215fffffb040000 0 00 00000000 5 1 0 0000000000000032 27ad6c6a f 27ad6c6a 0 00 27ad6c6a
0000000000000032 7cf5000000000000 0 00 00000000 5 1 0 0000000000000033 27ad6c6a f 27ad6c6a 0 00 27ad6c6a
DONE retired=56 fault=00 pc=0000000000000032
