0000000000000000 0013140000004d00 1 14 0000004d 0 0 0 0000000000000001 17059cec f 17059cec 0 00 17059cec
0000000000000001 101105040001f000 0 00 00000000 0 0 0 0000000000000002 17059cec f 17059cec 1 05 17059cec
0000000000000002 10710305000ff000 0 00 00000000 0 0 0 0000000000000003 17059cec f 17059cec 1 03 17059cec
0000000000000003 00131500ffffff00 1 15 ffffffff 0 0 0 0000000000000004 17059cec f 17059cec 0 00 17059cec
0000000000000004 3420041500007000 0 00 00000000 0 0 0 0000000000000005 17059cec 7 17059cec 1 04 17059cec
0000000000000005 103002040500f000 0 00 00000000 0 0 0 0000000000000006 17059cec f 17059cec 1 02 17059cec
0000000000000006 3430050000003000 0 00 00000000 0 0 0 0000000000000007 17059cec 3 06058c84 1 05 06058c84
0000000000000007 0013160000000000 1 16 00000000 0 0 0 0000000000000008 17059cec f 17059cec 0 00 17059cec
0000000000000008 342003160000f000 0 00 00000000 0 0 0 0000000000000009 17059cec f 17059cec 1 03 17059cec
0000000000000009 10810203001ff000 0 00 00000000 0 0 0 000000000000000a 17059cec f 17059cec 1 02 17059cec
000000000000000a 10710504001ff000 0 00 00000000 0 0 0 000000000000000b 17059cec f 17059cec 1 05 17059cec
000000000000000b 107105020000f000 0 00 00000000 0 0 0 000000000000000c 17059cec f 17059cec 1 05 17059cec
000000000000000c 106105030000f000 0 00 00000000 0 0 0 000000000000000d 17059cec f 17059cec 1 05 17059cec
000000000000000d 3430040000005000 0 00 00000000 0 0 0 000000000000000e 17059cec 5 060500cc 1 04 060500cc
000000000000000e 106104050001f000 0 00 00000000 0 0 0 000000000000000f 17059cec f 17059cec 1 04 17059cec
000000000000000f 0013160000000000 1 16 00000000 0 0 0 0000000000000010 17059cec f 17059cec 0 00 17059cec
0000000000000010 342003160000f000 0 00 00000000 0 0 0 0000000000000011 17059cec f 17059cec 1 03 17059cec
0000000000000011 108105030021f000 0 00 00000000 0 0 0 0000000000000012 17059cec f 17059cec 1 05 17059cec
0000000000000012 340006030000f000 0 00 00000000 0 0 0 0000000000000013 17059cec f 17059cec 1 06 17059cec
0000000000000013 340005050000f000 0 00 00000000 0 0 0 0000000000000014 17059cec f 17059cec 1 05 17059cec
0000000000000014 102006050600f000 0 00 00000000 0 0 0 0000000000000015 17059cec f 17059cec 1 06 17059cec
0000000000000015 101005020400f000 0 00 00000000 0 0 0 0000000000000016 17059cec f 17059cec 1 05 17059cec
0000000000000016 105102030001f000 0 00 00000000 0 0 0 0000000000000017 17059cec f 17059cec 1 02 17059cec
0000000000000017 341102006aedf000 0 00 00000000 0 0 0 0000000000000018 17059cec f 17059cec 1 02 17059cec
0000000000000018 101006040500f000 0 00 00000000 0 0 0 0000000000000019 17059cec f 17059cec 1 06 17059cec
0000000000000019 104005060400f000 0 00 00000000 0 0 0 000000000000001a 17059cec f 17059cec 1 05 17059cec
000000000000001a 341102008000f000 0 00 00000000 0 0 0 000000000000001b 17059cec f 17059cec 1 02 17059cec
000000000000001b 343002000000f000 0 00 00000000 0 0 0 000000000000001c 17059cec f 17059cec 1 02 17059cec
000000000000001c 107105040020f000 0 00 00000000 0 0 0 000000000000001d 17059cec f 17059cec 1 05 17059cec
000000000000001d 0013150000000000 1 15 00000000 0 0 0 000000000000001e 17059cec f 17059cec 0 00 17059cec
000000000000001e 342002150000b000 0 00 00000000 0 0 0 000000000000001f 17059cec b 01008c20 1 02 01008c20
000000000000001f 107105050001f000 0 00 00000000 0 0 0 0000000000000020 17059cec f 17059cec 1 05 17059cec
0000000000000020 343005000000f000 0 00 00000000 0 0 0 0000000000000021 17059cec f 17059cec 1 05 17059cec
0000000000000021 0013160000000000 1 16 00000000 0 0 0 0000000000000022 17059cec f 17059cec 0 00 17059cec
0000000000000022 342002160000f000 0 00 00000000 0 0 0 0000000000000023 17059cec f 17059cec 1 02 17059cec
0000000000000023 10810602000ff000 0 00 00000000 0 0 0 0000000000000024 17059cec f 17059cec 1 06 17059cec
0000000000000024 101004060200f000 0 00 00000000 0 0 0 0000000000000025 17059cec f 17059cec 1 04 17059cec
0000000000000025 00131e0000000200 1 1e 00000002 0 0 0 0000000000000026 17059cec f 17059cec 0 00 17059cec
0000000000000026 0023171700000100 1 17 00000001 0 0 0 0000000000000027 17059cec f 17059cec 0 00 17059cec
0000000000000027 00731e1e00000100 1 1e 00000001 0 0 0 0000000000000028 17059cec f 17059cec 0 00 17059cec
0000000000000028 0013180000000000 1 18 00000000 0 0 0 0000000000000029 17059cec f 17059cec 0 00 17059cec
0000000000000029 0102001e18000000 0 00 00000000 4 0 0 000000000000002a 17059cec f 17059cec 0 00 17059cec
000000000000002a 0215fffffb040000 0 00 00000000 4 0 1 0000000000000026 17059cec f 17059cec 0 00 17059cec
0000000000000026 0023171700000100 1 17 00000002 4 0 0 0000000000000027 17059cec f 17059cec 0 00 17059cec
0000000000000027 00731e1e00000100 1 1e 00000000 4 0 0 0000000000000028 17059cec f 17059cec 0 00 17059cec
0000000000000028 0013180000000000 1 18 00000000 4 0 0 0000000000000029 17059cec f 17059cec 0 00 17059cec
0000000000000029 0102001e18000000 0 00 00000000 5 1 0 000000000000002a 17059cec f 17059cec 0 00 17059cec
000000000000002a 0215fffffb040000 0 00 00000000 5 1 0 000000000000002b 17059cec f 17059cec 0 00 17059cec
000000000000002b 7cf5000000000000 0 00 00000000 5 1 0 000000000000002c 17059cec f 17059cec 0 00 17059cec
DONE retired=49 fault=00 pc=000000000000002b
