0000000000000000 343001000000f000 0 00 00000000 0 0 0 0 0 0 0000000000000001 ffffffff f ffffffff 1 01
0000000000000001 341107000001f000 0 00 00000000 0 0 0 0 0 0 0000000000000002 ffffffff f ffffffff 1 07
0000000000000002 34110c000003f000 0 00 00000000 0 0 0 0 0 0 0000000000000003 ffffffff f ffffffff 1 0c
0000000000000003 30094030c0000000 0 00 00000000 0 0 0 0 0 0 0000000000000004 ffffffff f ffffffff 0 00
0000000000000004 7c150000cd4000f7 0 00 00000000 0 0 0 0 0 0 00000000000000d2 ffffffff f ffffffff 0 00
00000000000000d2 3059c0a0c0000000 0 00 00000000 0 0 0 0 0 0 00000000000000d3 ffffffff f ffffffff 0 00
00000000000000d3 7c1500000cc0000d 0 00 00000000 0 0 0 0 0 0 00000000000000e0 ffffffff f ffffffff 0 00
00000000000000e0 101004040c00f000 0 00 00000000 0 0 0 0 0 0 00000000000000e1 ffffffff f ffffffff 1 04
00000000000000e1 7c25000000000000 0 00 00000000 0 0 0 0 0 0 00000000000000e2 ffffffff f ffffffff 0 00
00000000000000e2 30598010c0000000 0 00 00000000 0 0 0 0 0 0 00000000000000e3 ffffffff f ffffffff 0 00
00000000000000e3 7c15000016800017 0 00 00000000 0 0 0 0 0 0 00000000000000e4 fffffff8 f fffffff8 0 00
00000000000000e4 305910b0c0000000 0 00 00000000 0 0 0 0 0 0 00000000000000e5 fffffff8 f fffffff8 0 00
00000000000000e5 7c15000002100011 0 00 00000000 0 0 0 0 0 0 00000000000000e8 fffffff8 f fffffff8 0 00
00000000000000e8 341104000005f000 0 00 00000000 0 0 0 0 0 0 00000000000000e9 fffffff8 f fffffff8 1 04
00000000000000e9 34110d000003f000 0 00 00000000 0 0 0 0 0 0 00000000000000ea fffffff8 f fffffff8 1 0d
00000000000000ea 10300c010d00f000 0 00 00000000 0 0 0 0 0 0 00000000000000eb fffffff8 f fffffff8 1 0c
00000000000000eb 10000c0c0700f000 0 00 00000000 0 0 0 0 0 0 00000000000000ec fffffff8 f fffffff8 1 0c
00000000000000ec 34110a000000f000 0 00 00000000 0 0 0 0 0 0 00000000000000ed fffffff8 f fffffff8 1 0a
00000000000000ed 7c85000008000000 0 00 00000000 0 0 0 0 0 0 00000000000000ee fffffff8 f fffffff8 0 00
00000000000000ee 3059e0a0c0000000 0 00 00000000 0 0 0 0 0 0 00000000000000ef fffffff8 f fffffff8 0 00
00000000000000ef 3029d0a0c0000000 0 00 00000000 0 0 0 0 0 0 00000000000000f0 fffffff8 f fffffff8 0 00
00000000000000f0 304960a070000000 0 00 00000000 0 0 0 0 0 0 00000000000000f1 fffffff8 f fffffff8 0 00
00000000000000f1 7c15000000600001 0 00 00000000 0 0 0 0 0 0 00000000000000f2 fffffff8 f fffffff8 0 00
00000000000000f2 101003070300f000 0 00 00000000 0 0 0 0 0 0 00000000000000f3 fffffff8 f fffffff8 1 03
00000000000000f3 7c25000000000000 0 00 00000000 0 0 0 0 0 0 00000000000000f4 fffffff8 f fffffff8 0 00
00000000000000f4 7cb5000000e00000 0 00 00000000 0 0 0 0 0 0 00000000000000f5 fffffff8 f fffffff8 0 00
00000000000000f5 10000a0a0700f000 0 00 00000000 0 0 0 0 0 0 00000000000000f6 fffffff8 f fffffff8 1 0a
00000000000000f6 7c95fffff7d00000 0 00 00000000 0 0 0 0 0 0 00000000000000ee fffffff8 f fffffff8 0 00
00000000000000ee 3059e0a0c0000000 0 00 00000000 0 0 0 0 0 0 00000000000000ef fffffff8 f fffffff8 0 00
00000000000000ef 3029d0a0c0000000 0 00 00000000 0 0 0 0 0 0 00000000000000f0 fffffff8 f fffffff8 0 00
00000000000000f0 304960a070000000 0 00 00000000 0 0 0 0 0 0 00000000000000f1 fffffff8 f fffffff8 0 00
00000000000000f1 7c15000000600001 0 00 00000000 0 0 0 0 0 0 00000000000000f2 fffffff8 f fffffff8 0 00
00000000000000f2 101003070300f000 0 00 00000000 0 0 0 0 0 0 00000000000000f3 fffffff8 f fffffff8 1 03
00000000000000f3 7c25000000000000 0 00 00000000 0 0 0 0 0 0 00000000000000f4 fffffff8 f fffffff8 0 00
00000000000000f4 7cb5000000e00000 0 00 00000000 0 0 0 0 0 0 00000000000000f5 eeeeeee8 f eeeeeee8 0 00
00000000000000f5 10000a0a0700f000 0 00 00000000 0 0 0 0 0 0 00000000000000f6 eeeeeee8 f eeeeeee8 1 0a
00000000000000f6 7c95fffff7d00000 0 00 00000000 0 0 0 0 0 0 00000000000000ee eeeeeee8 f eeeeeee8 0 00
00000000000000ee 3059e0a0c0000000 0 00 00000000 0 0 0 0 0 0 00000000000000ef eeeeeee8 f eeeeeee8 0 00
00000000000000ef 3029d0a0c0000000 0 00 00000000 0 0 0 0 0 0 00000000000000f0 eeeeeee8 f eeeeeee8 0 00
00000000000000f0 304960a070000000 0 00 00000000 0 0 0 0 0 0 00000000000000f1 eeeeeee8 f eeeeeee8 0 00
00000000000000f1 7c15000000600001 0 00 00000000 0 0 0 0 0 0 00000000000000f2 eeeeeee8 f eeeeeee8 0 00
00000000000000f2 101003070300f000 0 00 00000000 0 0 0 0 0 0 00000000000000f3 eeeeeee8 f eeeeeee8 1 03
00000000000000f3 7c25000000000000 0 00 00000000 0 0 0 0 0 0 00000000000000f4 eeeeeee8 f eeeeeee8 0 00
00000000000000f4 7cb5000000e00000 0 00 00000000 0 0 0 0 0 0 00000000000000f5 ccccccc8 f ccccccc8 0 00
00000000000000f5 10000a0a0700f000 0 00 00000000 0 0 0 0 0 0 00000000000000f6 ccccccc8 f ccccccc8 1 0a
00000000000000f6 7c95fffff7d00000 0 00 00000000 0 0 0 0 0 0 00000000000000ee ccccccc8 f ccccccc8 0 00
00000000000000ee 3059e0a0c0000000 0 00 00000000 0 0 0 0 0 0 00000000000000ef ccccccc8 f ccccccc8 0 00
00000000000000ef 3029d0a0c0000000 0 00 00000000 0 0 0 0 0 0 00000000000000f0 ccccccc8 f ccccccc8 0 00
00000000000000f0 304960a070000000 0 00 00000000 0 0 0 0 0 0 00000000000000f1 ccccccc8 f ccccccc8 0 00
00000000000000f1 7c15000000600001 0 00 00000000 0 0 0 0 0 0 00000000000000f2 ccccccc8 f ccccccc8 0 00
00000000000000f2 101003070300f000 0 00 00000000 0 0 0 0 0 0 00000000000000f3 ccccccc8 f ccccccc8 1 03
00000000000000f3 7c25000000000000 0 00 00000000 0 0 0 0 0 0 00000000000000f4 ccccccc8 f ccccccc8 0 00
00000000000000f4 7cb5000000e00000 0 00 00000000 0 0 0 0 0 0 00000000000000f5 88888888 f 88888888 0 00
00000000000000f5 10000a0a0700f000 0 00 00000000 0 0 0 0 0 0 00000000000000f6 88888888 f 88888888 1 0a
00000000000000f6 7c95fffff7d00000 0 00 00000000 0 0 0 0 0 0 00000000000000ee 88888888 f 88888888 0 00
00000000000000ee 3059e0a0c0000000 0 00 00000000 0 0 0 0 0 0 00000000000000ef 88888888 f 88888888 0 00
00000000000000ef 3029d0a0c0000000 0 00 00000000 0 0 0 0 0 0 00000000000000f0 88888888 f 88888888 0 00
00000000000000f0 304960a070000000 0 00 00000000 0 0 0 0 0 0 00000000000000f1 88888888 f 88888888 0 00
00000000000000f1 7c15000000600001 0 00 00000000 0 0 0 0 0 0 00000000000000f2 88888888 f 88888888 0 00
00000000000000f2 101003070300f000 0 00 00000000 0 0 0 0 0 0 00000000000000f3 88888888 f 88888888 1 03
00000000000000f3 7c25000000000000 0 00 00000000 0 0 0 0 0 0 00000000000000f4 88888888 f 88888888 0 00
00000000000000f6 7cb5000000e00000 0 00 00000000 0 0 0 0 0 0 00000000000000f5 00000000 f 00000000 0 00
00000000000000f6 7c95fffff7d00000 0 00 00000000 0 0 0 0 0 0 00000000000000f7 fffffff8 f fffffff8 0 00
00000000000000f7 7c25000000000000 0 00 00000000 0 0 0 0 0 0 00000000000000f8 fffffff8 f fffffff8 0 00
00000000000000f8 111003010500f000 0 00 00000000 0 0 0 0 0 0 00000000000000f9 fffffff8 f fffffff8 1 03
00000000000000f9 0205000001000000 0 00 00000000 0 0 0 0 0 1 00000000000000fb fffffff8 f fffffff8 0 00
00000000000000fb 7c25000000000000 0 00 00000000 0 0 0 0 0 0 00000000000000fa 00000007 f 00000007 0 00
00000000000000fa 10500c040700f000 0 00 00000000 0 0 0 0 0 0 00000000000000fb 00000007 f 00000007 1 0c
00000000000000fb 7c25000000000000 0 00 00000000 0 0 0 0 0 0 00000000000000fc ffffffff f ffffffff 0 00
00000000000000fc 7c25000000000000 0 00 00000000 0 0 0 0 0 0 00000000000000fd ffffffff f ffffffff 0 00
00000000000000fd 34110d000001f000 0 00 00000000 0 0 0 0 0 0 00000000000000fe ffffffff f ffffffff 1 0d
00000000000000fe 10300c010d00f000 0 00 00000000 0 0 0 0 0 0 00000000000000ff ffffffff f ffffffff 1 0c
00000000000000ff 10000c0c0700f000 0 00 00000000 0 0 0 0 0 0 0000000000000100 ffffffff f ffffffff 1 0c
0000000000000100 34110a000000f000 0 00 00000000 0 0 0 0 0 0 0000000000000101 ffffffff f ffffffff 1 0a
0000000000000101 7c85000008000000 0 00 00000000 0 0 0 0 0 0 0000000000000102 ffffffff f ffffffff 0 00
0000000000000102 3059e0a0c0000000 0 00 00000000 0 0 0 0 0 0 0000000000000103 ffffffff f ffffffff 0 00
0000000000000103 3029d0a0c0000000 0 00 00000000 0 0 0 0 0 0 0000000000000104 ffffffff f ffffffff 0 00
0000000000000104 303970b070000000 0 00 00000000 0 0 0 0 0 0 0000000000000105 ffffffff f ffffffff 0 00
0000000000000105 7c15000000700001 0 00 00000000 0 0 0 0 0 0 0000000000000106 ffffffff f ffffffff 0 00
0000000000000106 104003010700f000 0 00 00000000 0 0 0 0 0 0 0000000000000107 ffffffff f ffffffff 1 03
0000000000000107 7c25000000000000 0 00 00000000 0 0 0 0 0 0 0000000000000108 ffffffff f ffffffff 0 00
0000000000000108 7cb5000000e00000 0 00 00000000 0 0 0 0 0 0 0000000000000109 ffffffff f ffffffff 0 00
0000000000000109 10000a0a0700f000 0 00 00000000 0 0 0 0 0 0 000000000000010a ffffffff f ffffffff 1 0a
000000000000010a 7c95fffff7d00000 0 00 00000000 0 0 0 0 0 0 0000000000000102 ffffffff f ffffffff 0 00
0000000000000102 3059e0a0c0000000 0 00 00000000 0 0 0 0 0 0 0000000000000103 ffffffff f ffffffff 0 00
0000000000000103 3029d0a0c0000000 0 00 00000000 0 0 0 0 0 0 0000000000000104 ffffffff f ffffffff 0 00
0000000000000104 303970b070000000 0 00 00000000 0 0 0 0 0 0 0000000000000105 ffffffff f ffffffff 0 00
0000000000000105 7c15000000700001 0 00 00000000 0 0 0 0 0 0 0000000000000106 ffffffff f ffffffff 0 00
0000000000000106 104003010700f000 0 00 00000000 0 0 0 0 0 0 0000000000000107 ffffffff f ffffffff 1 03
0000000000000107 7c25000000000000 0 00 00000000 0 0 0 0 0 0 0000000000000108 ffffffff f ffffffff 0 00
0000000000000108 7cb5000000e00000 0 00 00000000 0 0 0 0 0 0 0000000000000109 aaaaaaaa f aaaaaaaa 0 00
0000000000000109 10000a0a0700f000 0 00 00000000 0 0 0 0 0 0 000000000000010a aaaaaaaa f aaaaaaaa 1 0a
000000000000010a 7c95fffff7d00000 0 00 00000000 0 0 0 0 0 0 0000000000000102 aaaaaaaa f aaaaaaaa 0 00
0000000000000102 3059e0a0c0000000 0 00 00000000 0 0 0 0 0 0 0000000000000103 aaaaaaaa f aaaaaaaa 0 00
0000000000000103 3029d0a0c0000000 0 00 00000000 0 0 0 0 0 0 0000000000000104 aaaaaaaa f aaaaaaaa 0 00
0000000000000104 303970b070000000 0 00 00000000 0 0 0 0 0 0 0000000000000105 aaaaaaaa f aaaaaaaa 0 00
0000000000000105 7c15000000700001 0 00 00000000 0 0 0 0 0 0 0000000000000106 aaaaaaaa f aaaaaaaa 0 00
0000000000000106 104003010700f000 0 00 00000000 0 0 0 0 0 0 0000000000000107 aaaaaaaa f aaaaaaaa 1 03
0000000000000107 7c25000000000000 0 00 00000000 0 0 0 0 0 0 0000000000000108 aaaaaaaa f aaaaaaaa 0 00
000000000000010a 7cb5000000e00000 0 00 00000000 0 0 0 0 0 0 0000000000000109 00000000 f 00000000 0 00
000000000000010a 7c95fffff7d00000 0 00 00000000 0 0 0 0 0 0 000000000000010b ffffffff f ffffffff 0 00
000000000000010b 101005050400f000 0 00 00000000 0 0 0 0 0 0 000000000000010c ffffffff f ffffffff 1 05
000000000000010c 7cf5000000000000 0 00 00000000 0 0 0 0 0 0 000000000000010d ffffffff f ffffffff 0 00
