0000000000000000 0013140000004d00 1 14 0000004d 0 0 0 0000000000000001 00010008 f 00010008 0 00 00010008
0000000000000001 101006060400f000 0 00 00000000 0 0 0 0000000000000002 00010008 f 00010008 1 06 00010008
0000000000000002 105002020600f000 0 00 00000000 0 0 0 0000000000000003 00010008 f 00010008 1 02 00010008
0000000000000003 340002040000f000 0 00 00000000 0 0 0 0000000000000004 00010008 f 00010008 1 02 00010008
0000000000000004 105103028000f000 0 00 00000000 0 0 0 0000000000000005 00010008 f 00010008 1 03 00010008
0000000000000005 100003050500f000 0 00 00000000 0 0 0 0000000000000006 00010008 f 00010008 1 03 00010008
0000000000000006 104005040500f000 0 00 00000000 0 0 0 0000000000000007 00010008 f 00010008 1 05 00010008
0000000000000007 343003000000f000 0 00 00000000 0 0 0 0000000000000008 00010008 f 00010008 1 03 00010008
0000000000000008 0013150000000000 1 15 00000000 0 0 0 0000000000000009 00010008 f 00010008 0 00 00010008
0000000000000009 342002150000f000 0 00 00000000 0 0 0 000000000000000a 00010008 f 00010008 1 02 00010008
000000000000000a 10710203003ff000 0 00 00000000 0 0 0 000000000000000b 00010008 f 00010008 1 02 00010008
000000000000000b 00131500aaaaaa00 1 15 ffaaaaaa 0 0 0 000000000000000c 00010008 f 00010008 0 00 00010008
000000000000000c 3420041500001000 0 00 00000000 0 0 0 000000000000000d 00010008 1 00000000 1 04 00000000
000000000000000d 343003000000f000 0 00 00000000 0 0 0 000000000000000e 00010008 f 00010008 1 03 00010008
000000000000000e 10710505001ff000 0 00 00000000 0 0 0 000000000000000f 00010008 f 00010008 1 05 00010008
000000000000000f 10710504001ff000 0 00 00000000 0 0 0 0000000000000010 00010008 f 00010008 1 05 00010008
0000000000000010 101002020400f000 0 00 00000000 0 0 0 0000000000000011 00010008 f 00010008 1 02 00010008
0000000000000011 3411040000005000 0 00 00000000 0 0 0 0000000000000012 00010008 5 00010000 1 04 00010000
0000000000000012 3400030500006000 0 00 00000000 0 0 0 0000000000000013 00010008 6 00000008 1 03 00000008
0000000000000013 34110300fbe5f000 0 00 00000000 0 0 0 0000000000000014 00010008 f 00010008 1 03 00010008
0000000000000014 10610203000ff000 0 00 00000000 0 0 0 0000000000000015 00010008 f 00010008 1 02 00010008
0000000000000015 106106030010f000 0 00 00000000 0 0 0 0000000000000016 00010008 f 00010008 1 06 00010008
0000000000000016 00131600aaaaaa00 1 16 ffaaaaaa 0 0 0 0000000000000017 00010008 f 00010008 0 00 00010008
0000000000000017 342006160000f000 0 00 00000000 0 0 0 0000000000000018 00010008 f 00010008 1 06 00010008
0000000000000018 108103060018f000 0 00 00000000 0 0 0 0000000000000019 00010008 f 00010008 1 03 00010008
0000000000000019 1010060604005000 0 00 00000000 0 0 0 000000000000001a 00010008 5 00010000 1 06 00010000
000000000000001a 0013160055555500 1 16 00555555 0 0 0 000000000000001b 00010008 f 00010008 0 00 00010008
000000000000001b 342005160000f000 0 00 00000000 0 0 0 000000000000001c 00010008 f 00010008 1 05 00010008
000000000000001c 108105050021f000 0 00 00000000 0 0 0 000000000000001d 00010008 f 00010008 1 05 00010008
000000000000001d 105006060400f000 0 00 00000000 0 0 0 000000000000001e 00010008 f 00010008 1 06 00010008
000000000000001e 101003030400c000 0 00 00000000 0 0 0 000000000000001f 00010008 c 00010008 1 03 00010008
000000000000001f 107104040000f000 0 00 00000000 0 0 0 0000000000000020 00010008 f 00010008 1 04 00010008
0000000000000020 340004060000f000 0 00 00000000 0 0 0 0000000000000021 00010008 f 00010008 1 04 00010008
0000000000000021 1020060206007000 0 00 00000000 0 0 0 0000000000000022 00010008 7 00000000 1 06 00000000
0000000000000022 340004060000f000 0 00 00000000 0 0 0 0000000000000023 00010008 f 00010008 1 04 00010008
0000000000000023 3400030400004000 0 00 00000000 0 0 0 0000000000000024 00010008 4 00010008 1 03 00010008
0000000000000024 10610302001ff000 0 00 00000000 0 0 0 0000000000000025 00010008 f 00010008 1 03 00010008
0000000000000025 00131e0000000200 1 1e 00000002 0 0 0 0000000000000026 00010008 f 00010008 0 00 00010008
0000000000000026 0023171700000100 1 17 00000001 0 0 0 0000000000000027 00010008 f 00010008 0 00 00010008
0000000000000027 00731e1e00000100 1 1e 00000001 0 0 0 0000000000000028 00010008 f 00010008 0 00 00010008
0000000000000028 0013180000000000 1 18 00000000 0 0 0 0000000000000029 00010008 f 00010008 0 00 00010008
0000000000000029 0102001e18000000 0 00 00000000 4 0 0 000000000000002a 00010008 f 00010008 0 00 00010008
000000000000002a 0215fffffb040000 0 00 00000000 4 0 1 0000000000000026 00010008 f 00010008 0 00 00010008
0000000000000026 0023171700000100 1 17 00000002 4 0 0 0000000000000027 00010008 f 00010008 0 00 00010008
0000000000000027 00731e1e00000100 1 1e 00000000 4 0 0 0000000000000028 00010008 f 00010008 0 00 00010008
0000000000000028 0013180000000000 1 18 00000000 4 0 0 0000000000000029 00010008 f 00010008 0 00 00010008
0000000000000029 0102001e18000000 0 00 00000000 5 1 0 000000000000002a 00010008 f 00010008 0 00 00010008
000000000000002a 0215fffffb040000 0 00 00000000 5 1 0 000000000000002b 00010008 f 00010008 0 00 00010008
000000000000002b 7cf5000000000000 0 00 00000000 5 1 0 000000000000002c 00010008 f 00010008 0 00 00010008
DONE retired=49 fault=00 pc=000000000000002b
