0000000000000000 0013140000004d00 1 14 0000004d 0 0 0 0000000000000001 80808080 f 80808080 0 00 80808080
0000000000000001 00131600ffffff00 1 16 ffffffff 0 0 0 0000000000000002 80808080 f 80808080 0 00 80808080
0000000000000002 342005160000f000 0 00 00000000 0 0 0 0000000000000003 80808080 f 80808080 1 05 80808080
0000000000000003 10810405003ff000 0 00 00000000 0 0 0 0000000000000004 80808080 f 80808080 1 04 80808080
0000000000000004 340006060000f000 0 00 00000000 0 0 0 0000000000000005 80808080 f 80808080 1 06 80808080
0000000000000005 107105060021f000 0 00 00000000 0 0 0 0000000000000006 80808080 f 80808080 1 05 80808080
0000000000000006 343004000000f000 0 00 00000000 0 0 0 0000000000000007 80808080 f 80808080 1 04 80808080
0000000000000007 10610305003ff000 0 00 00000000 0 0 0 0000000000000008 80808080 f 80808080 1 03 80808080
0000000000000008 3430060000004000 0 00 00000000 0 0 0 0000000000000009 80808080 4 00800000 1 06 00800000
0000000000000009 10710303001ff000 0 00 00000000 0 0 0 000000000000000a 80808080 f 80808080 1 03 80808080
000000000000000a 340005050000f000 0 00 00000000 0 0 0 000000000000000b 80808080 f 80808080 1 05 80808080
000000000000000b 101002050300c000 0 00 00000000 0 0 0 000000000000000c 80808080 c 00000000 1 02 00000000
000000000000000c 104004020500f000 0 00 00000000 0 0 0 000000000000000d 80808080 f 80808080 1 04 80808080
000000000000000d 107104050001f000 0 00 00000000 0 0 0 000000000000000e 80808080 f 80808080 1 04 80808080
000000000000000e 340002020000f000 0 00 00000000 0 0 0 000000000000000f 80808080 f 80808080 1 02 80808080
000000000000000f 00131e0000000100 1 1e 00000001 0 0 0 0000000000000010 80808080 f 80808080 0 00 80808080
0000000000000010 0023171700000100 1 17 00000001 0 0 0 0000000000000011 80808080 f 80808080 0 00 80808080
0000000000000011 00731e1e00000100 1 1e 00000000 0 0 0 0000000000000012 80808080 f 80808080 0 00 80808080
0000000000000012 0013180000000000 1 18 00000000 0 0 0 0000000000000013 80808080 f 80808080 0 00 80808080
0000000000000013 0102001e18000000 0 00 00000000 5 1 0 0000000000000014 80808080 f 80808080 0 00 80808080
0000000000000014 0215fffffb040000 0 00 00000000 5 1 0 0000000000000015 80808080 f 80808080 0 00 80808080
0000000000000015 7cf5000000000000 0 00 00000000 5 1 0 0000000000000016 80808080 f 80808080 0 00 80808080
DONE retired=22 fault=00 pc=0000000000000015
