0000000000000000 0013140000004d00 1 14 0000004d 0 0 0 0000000000000001 1888cb25 f 1888cb25 0 00 1888cb25
0000000000000001 0013160055555500 1 16 00555555 0 0 0 0000000000000002 1888cb25 f 1888cb25 0 00 1888cb25
0000000000000002 342004160000f000 0 00 00000000 0 0 0 0000000000000003 1888cb25 f 1888cb25 1 04 1888cb25
0000000000000003 108102040015f000 0 00 00000000 0 0 0 0000000000000004 1888cb25 f 1888cb25 1 02 1888cb25
0000000000000004 102006020300f000 0 00 00000000 0 0 0 0000000000000005 1888cb25 f 1888cb25 1 06 1888cb25
0000000000000005 0013150000000000 1 15 00000000 0 0 0 0000000000000006 1888cb25 f 1888cb25 0 00 1888cb25
0000000000000006 342002150000f000 0 00 00000000 0 0 0 0000000000000007 1888cb25 f 1888cb25 1 02 1888cb25
0000000000000007 106103040021f000 0 00 00000000 0 0 0 0000000000000008 1888cb25 f 1888cb25 1 03 1888cb25
0000000000000008 107104050020f000 0 00 00000000 0 0 0 0000000000000009 1888cb25 f 1888cb25 1 04 1888cb25
0000000000000009 340002020000f000 0 00 00000000 0 0 0 000000000000000a 1888cb25 f 1888cb25 1 02 1888cb25
000000000000000a 101102050000f000 0 00 00000000 0 0 0 000000000000000b 1888cb25 f 1888cb25 1 02 1888cb25
000000000000000b 100004020400f000 0 00 00000000 0 0 0 000000000000000c 1888cb25 f 1888cb25 1 04 1888cb25
000000000000000c 341102000000f000 0 00 00000000 0 0 0 000000000000000d 1888cb25 f 1888cb25 1 02 1888cb25
000000000000000d 0013150000000100 1 15 00000001 0 0 0 000000000000000e 1888cb25 f 1888cb25 0 00 1888cb25
000000000000000e 342005150000f000 0 00 00000000 0 0 0 000000000000000f 1888cb25 f 1888cb25 1 05 1888cb25
000000000000000f 343003000000f000 0 00 00000000 0 0 0 0000000000000010 1888cb25 f 1888cb25 1 03 1888cb25
0000000000000010 100005040200f000 0 00 00000000 0 0 0 0000000000000011 1888cb25 f 1888cb25 1 05 1888cb25
0000000000000011 10610502000ff000 0 00 00000000 0 0 0 0000000000000012 1888cb25 f 1888cb25 1 05 1888cb25
0000000000000012 3411060021ea1000 0 00 00000000 0 0 0 0000000000000013 1888cb25 1 1888cb25 1 06 1888cb25
0000000000000013 106104020001f000 0 00 00000000 0 0 0 0000000000000014 1888cb25 f 1888cb25 1 04 1888cb25
0000000000000014 0013150000000100 1 15 00000001 0 0 0 0000000000000015 1888cb25 f 1888cb25 0 00 1888cb25
0000000000000015 342003150000f000 0 00 00000000 0 0 0 0000000000000016 1888cb25 f 1888cb25 1 03 1888cb25
0000000000000016 10010606fffff000 0 00 00000000 0 0 0 0000000000000017 1888cb25 f 1888cb25 1 06 1888cb25
0000000000000017 1040060603009000 0 00 00000000 0 0 0 0000000000000018 1888cb25 9 00000000 1 06 00000000
0000000000000018 00131600aaaaaa00 1 16 ffaaaaaa 0 0 0 0000000000000019 1888cb25 f 1888cb25 0 00 1888cb25
0000000000000019 342005160000f000 0 00 00000000 0 0 0 000000000000001a 1888cb25 f 1888cb25 1 05 1888cb25
000000000000001a 10810405003ff000 0 00 00000000 0 0 0 000000000000001b 1888cb25 f 1888cb25 1 04 1888cb25
000000000000001b 340004030000f000 0 00 00000000 0 0 0 000000000000001c 1888cb25 f 1888cb25 1 04 1888cb25
000000000000001c 340004060000f000 0 00 00000000 0 0 0 000000000000001d 1888cb25 f 1888cb25 1 04 1888cb25
000000000000001d 00131e0000000100 1 1e 00000001 0 0 0 000000000000001e 1888cb25 f 1888cb25 0 00 1888cb25
000000000000001e 0023171700000100 1 17 00000001 0 0 0 000000000000001f 1888cb25 f 1888cb25 0 00 1888cb25
000000000000001f 00731e1e00000100 1 1e 00000000 0 0 0 0000000000000020 1888cb25 f 1888cb25 0 00 1888cb25
0000000000000020 0013180000000000 1 18 00000000 0 0 0 0000000000000021 1888cb25 f 1888cb25 0 00 1888cb25
0000000000000021 0102001e18000000 0 00 00000000 5 1 0 0000000000000022 1888cb25 f 1888cb25 0 00 1888cb25
0000000000000022 0215fffffb040000 0 00 00000000 5 1 0 0000000000000023 1888cb25 f 1888cb25 0 00 1888cb25
0000000000000023 7cf5000000000000 0 00 00000000 5 1 0 0000000000000024 1888cb25 f 1888cb25 0 00 1888cb25
DONE retired=36 fault=00 pc=0000000000000023
