0000000000000000 0013140000004d00 1 14 0000004d 0 0 0 0000000000000001 00000200 f 00000200 0 00 00000200
0000000000000001 340003020000f000 0 00 00000000 0 0 0 0000000000000002 00000200 f 00000200 1 03 00000200
0000000000000002 101005060200f000 0 00 00000000 0 0 0 0000000000000003 00000200 f 00000200 1 05 00000200
0000000000000003 102002060500f000 0 00 00000000 0 0 0 0000000000000004 00000200 f 00000200 1 02 00000200
0000000000000004 340003030000f000 0 00 00000000 0 0 0 0000000000000005 00000200 f 00000200 1 03 00000200
0000000000000005 10710302000ff000 0 00 00000000 0 0 0 0000000000000006 00000200 f 00000200 1 03 00000200
0000000000000006 340002040000f000 0 00 00000000 0 0 0 0000000000000007 00000200 f 00000200 1 02 00000200
0000000000000007 10610303000ff000 0 00 00000000 0 0 0 0000000000000008 00000200 f 00000200 1 03 00000200
0000000000000008 340006050000f000 0 00 00000000 0 0 0 0000000000000009 00000200 f 00000200 1 06 00000200
0000000000000009 103103020001f000 0 00 00000000 0 0 0 000000000000000a 00000200 f 00000200 1 03 00000200
000000000000000a 0013150000000000 1 15 00000000 0 0 0 000000000000000b 00000200 f 00000200 0 00 00000200
000000000000000b 342005150000f000 0 00 00000000 0 0 0 000000000000000c 00000200 f 00000200 1 05 00000200
000000000000000c 341103007b98f000 0 00 00000000 0 0 0 000000000000000d 00000200 f 00000200 1 03 00000200
000000000000000d 105105060001f000 0 00 00000000 0 0 0 000000000000000e 00000200 f 00000200 1 05 00000200
000000000000000e 340004040000f000 0 00 00000000 0 0 0 000000000000000f 00000200 f 00000200 1 04 00000200
000000000000000f 341105004e3cf000 0 00 00000000 0 0 0 0000000000000010 00000200 f 00000200 1 05 00000200
0000000000000010 340004060000f000 0 00 00000000 0 0 0 0000000000000011 00000200 f 00000200 1 04 00000200
0000000000000011 340002050000f000 0 00 00000000 0 0 0 0000000000000012 00000200 f 00000200 1 02 00000200
0000000000000012 100102030001f000 0 00 00000000 0 0 0 0000000000000013 00000200 f 00000200 1 02 00000200
0000000000000013 34110300387df000 0 00 00000000 0 0 0 0000000000000014 00000200 f 00000200 1 03 00000200
0000000000000014 343004000000f000 0 00 00000000 0 0 0 0000000000000015 00000200 f 00000200 1 04 00000200
0000000000000015 102002030200f000 0 00 00000000 0 0 0 0000000000000016 00000200 f 00000200 1 02 00000200
0000000000000016 340002020000f000 0 00 00000000 0 0 0 0000000000000017 00000200 f 00000200 1 02 00000200
0000000000000017 340004020000f000 0 00 00000000 0 0 0 0000000000000018 00000200 f 00000200 1 04 00000200
0000000000000018 34110200cc9d3000 0 00 00000000 0 0 0 0000000000000019 00000200 3 00000000 1 02 00000000
0000000000000019 107103050020f000 0 00 00000000 0 0 0 000000000000001a 00000200 f 00000200 1 03 00000200
000000000000001a 00131600ffffff00 1 16 ffffffff 0 0 0 000000000000001b 00000200 f 00000200 0 00 00000200
000000000000001b 342004160000f000 0 00 00000000 0 0 0 000000000000001c 00000200 f 00000200 1 04 00000200
000000000000001c 108103040010f000 0 00 00000000 0 0 0 000000000000001d 00000200 f 00000200 1 03 00000200
000000000000001d 10610202000ff000 0 00 00000000 0 0 0 000000000000001e 00000200 f 00000200 1 02 00000200
000000000000001e 341106008000f000 0 00 00000000 0 0 0 000000000000001f 00000200 f 00000200 1 06 00000200
000000000000001f 100102037ffff000 0 00 00000000 0 0 0 0000000000000020 00000200 f 00000200 1 02 00000200
0000000000000020 105006030300f000 0 00 00000000 0 0 0 0000000000000021 00000200 f 00000200 1 06 00000200
0000000000000021 00131e0000000100 1 1e 00000001 0 0 0 0000000000000022 00000200 f 00000200 0 00 00000200
0000000000000022 0023171700000100 1 17 00000001 0 0 0 0000000000000023 00000200 f 00000200 0 00 00000200
0000000000000023 00731e1e00000100 1 1e 00000000 0 0 0 0000000000000024 00000200 f 00000200 0 00 00000200
0000000000000024 0013180000000000 1 18 00000000 0 0 0 0000000000000025 00000200 f 00000200 0 00 00000200
0000000000000025 0102001e18000000 0 00 00000000 5 1 0 0000000000000026 00000200 f 00000200 0 00 00000200
0000000000000026 0215fffffb040000 0 00 00000000 5 1 0 0000000000000027 00000200 f 00000200 0 00 00000200
0000000000000027 7cf5000000000000 0 00 00000000 5 1 0 0000000000000028 00000200 f 00000200 0 00 00000200
DONE retired=40 fault=00 pc=0000000000000027
