0000000000000000 00131d0000000000 1 1d 00000000 0 0 0 0000000000000001
0000000000000001 8506000000000000 0 00 00000000 0 0 0 0000000000000002
0000000000000002 0306000000001000 1 10 00000000 0 0 0 0000000000000003
0000000000000003 00130500672dd200 1 05 00672dd2 0 0 0 0000000000000004
0000000000000004 0102000f0b000000 0 00 00000000 5 1 0 0000000000000005
0000000000000005 02150000030b0000 0 00 00000000 5 1 0 0000000000000006
0000000000000006 8506000000000000 0 00 00000000 5 1 0 0000000000000007
0000000000000007 8506000000000000 0 00 00000000 5 1 0 0000000000000008
0000000000000008 8506000000000000 0 00 00000000 5 1 0 0000000000000009
0000000000000009 00130e0055555500 1 0e 00555555 5 1 0 000000000000000a
000000000000000a 0112000e0a000000 0 00 00000000 4 0 0 000000000000000b
000000000000000b 02150000030b0000 0 00 00000000 4 0 0 000000000000000c
000000000000000c 8506000000000000 0 00 00000000 4 0 0 000000000000000d
000000000000000d 8506000000000000 0 00 00000000 4 0 0 000000000000000e
000000000000000e 8506000000000000 0 00 00000000 4 0 0 000000000000000f
000000000000000f 00130f004882ca00 1 0f 004882ca 4 0 0 0000000000000010
0000000000000010 0306000000000e00 1 0e 00000000 4 0 0 0000000000000011
0000000000000011 00230406c2af5900 1 04 ffc2af59 4 0 0 0000000000000012
0000000000000012 00b3060500000300 1 06 000ce5ba 4 0 0 0000000000000013
0000000000000013 0023021137556c00 1 02 0037556c 4 0 0 0000000000000014
0000000000000014 00131100dfb8af00 1 11 ffdfb8af 4 0 0 0000000000000015
0000000000000015 8506000000000000 0 00 00000000 4 0 0 0000000000000016
0000000000000016 0306000000000100 1 01 00000000 4 0 0 0000000000000017
0000000000000017 0073120a46937200 1 12 ffb96c8e 4 0 0 0000000000000018
0000000000000018 00131100a146b900 1 11 ffa146b9 4 0 0 0000000000000019
0000000000000019 00230a02e5f4db00 1 0a 001d4a47 4 0 0 000000000000001a
000000000000001a 8506000000000000 0 00 00000000 4 0 0 000000000000001b
000000000000001b 001309004ed3bb00 1 09 004ed3bb 4 0 0 000000000000001c
000000000000001c 8506000000000000 0 00 00000000 4 0 0 000000000000001d
000000000000001d 0102000705000000 0 00 00000000 2 0 0 000000000000001e
000000000000001e 0215000003040000 0 00 00000000 2 0 1 0000000000000022
0000000000000022 00a3090d00000400 1 09 00000000 2 0 0 0000000000000023
0000000000000023 00730103cf16f600 1 01 0030e90a 2 0 0 0000000000000024
0000000000000024 0112000906000000 0 00 00000000 2 1 0 0000000000000025
0000000000000025 0215000003030000 0 00 00000000 2 1 0 0000000000000026
0000000000000026 8506000000000000 0 00 00000000 2 1 0 0000000000000027
0000000000000027 8506000000000000 0 00 00000000 2 1 0 0000000000000028
0000000000000028 8506000000000000 0 00 00000000 2 1 0 0000000000000029
0000000000000029 00131100da91aa00 1 11 ffda91aa 2 1 0 000000000000002a
000000000000002a 0022010114000000 1 01 0030e90a 2 1 0 000000000000002b
000000000000002b 00920c1400000000 1 0c ffffffff 2 1 0 000000000000002c
000000000000002c 0013090030046000 1 09 00300460 2 1 0 000000000000002d
000000000000002d 0112001212000000 0 00 00000000 5 0 0 000000000000002e
000000000000002e 02150000010b0000 0 00 00000000 5 0 0 000000000000002f
000000000000002f 8506000000000000 0 00 00000000 5 0 0 0000000000000030
0000000000000030 0112000d0d000000 0 00 00000000 5 0 0 0000000000000031
0000000000000031 0215000002030000 0 00 00000000 5 0 1 0000000000000034
0000000000000034 8506000000000000 0 00 00000000 5 0 0 0000000000000035
0000000000000035 00920a0700000000 1 0a ffffffff 5 0 0 0000000000000036
0000000000000036 0102000507000000 0 00 00000000 4 0 0 0000000000000037
0000000000000037 0215000001010000 0 00 00000000 4 0 0 0000000000000038
0000000000000038 8506000000000000 0 00 00000000 4 0 0 0000000000000039
0000000000000039 00131e0000000300 1 1e 00000003 4 0 0 000000000000003a
000000000000003a 0023151500000100 1 15 00000001 4 0 0 000000000000003b
000000000000003b 00731e1e00000100 1 1e 00000002 4 0 0 000000000000003c
000000000000003c 0102001e1d000000 0 00 00000000 4 0 0 000000000000003d
000000000000003d 0215fffffc040000 0 00 00000000 4 0 1 000000000000003a
000000000000003a 0023151500000100 1 15 00000002 4 0 0 000000000000003b
000000000000003b 00731e1e00000100 1 1e 00000001 4 0 0 000000000000003c
000000000000003c 0102001e1d000000 0 00 00000000 4 0 0 000000000000003d
000000000000003d 0215fffffc040000 0 00 00000000 4 0 1 000000000000003a
000000000000003a 0023151500000100 1 15 00000003 4 0 0 000000000000003b
000000000000003b 00731e1e00000100 1 1e 00000000 4 0 0 000000000000003c
000000000000003c 0102001e1d000000 0 00 00000000 5 1 0 000000000000003d
000000000000003d 0215fffffc040000 0 00 00000000 5 1 0 000000000000003e
000000000000003e 7cf5000000000000 0 00 00000000 5 1 0 000000000000003f
DONE retired=66 fault=00 pc=000000000000003e
