0000000000000000 00131d0000000000 1 1d 00000000 0 0 0 0000000000000001
0000000000000001 00130300023d2c00 1 03 00023d2c 0 0 0 0000000000000002
0000000000000002 00b3071200000700 1 07 00000000 0 0 0 0000000000000003
0000000000000003 0013060040cde700 1 06 0040cde7 0 0 0 0000000000000004
0000000000000004 00b2040a05000000 1 04 00000000 0 0 0 0000000000000005
0000000000000005 0062020f0e000000 1 02 00000000 0 0 0 0000000000000006
0000000000000006 0092091400000000 1 09 ffffffff 0 0 0 0000000000000007
0000000000000007 00a30a0300000900 1 0a 0000011e 0 0 0 0000000000000008
0000000000000008 0306000000000b00 1 0b 00000000 0 0 0 0000000000000009
0000000000000009 8506000000000000 0 00 00000000 0 0 0 000000000000000a
000000000000000a 00320c0d05000000 1 0c 00000000 0 0 0 000000000000000b
000000000000000b 0112001201000000 0 00 00000000 5 0 0 000000000000000c
000000000000000c 02150000010b0000 0 00 00000000 5 0 0 000000000000000d
000000000000000d 8506000000000000 0 00 00000000 5 0 0 000000000000000e
000000000000000e 8506000000000000 0 00 00000000 5 0 0 000000000000000f
000000000000000f 0092050700000000 1 05 ffffffff 5 0 0 0000000000000010
0000000000000010 8506000000000000 0 00 00000000 5 0 0 0000000000000011
0000000000000011 0052050e0d000000 1 05 00000000 5 0 0 0000000000000012
0000000000000012 0306000000000800 1 08 00000000 5 0 0 0000000000000013
0000000000000013 00130500857d4500 1 05 ff857d45 5 0 0 0000000000000014
0000000000000014 00130f00c23a2100 1 0f ffc23a21 5 0 0 0000000000000015
0000000000000015 8506000000000000 0 00 00000000 5 0 0 0000000000000016
0000000000000016 00b30b0200000e00 1 0b 00000000 5 0 0 0000000000000017
0000000000000017 011200040a000000 0 00 00000000 2 1 0 0000000000000018
0000000000000018 0215000002020000 0 00 00000000 2 1 0 0000000000000019
0000000000000019 8506000000000000 0 00 00000000 2 1 0 000000000000001a
000000000000001a 8506000000000000 0 00 00000000 2 1 0 000000000000001b
000000000000001b 00b3050200000d00 1 05 00000000 2 1 0 000000000000001c
000000000000001c 8506000000000000 0 00 00000000 2 1 0 000000000000001d
000000000000001d 0306000000000700 1 07 00000000 2 1 0 000000000000001e
000000000000001e 00131e0000000200 1 1e 00000002 2 1 0 000000000000001f
000000000000001f 0023151500000100 1 15 00000001 2 1 0 0000000000000020
0000000000000020 00731e1e00000100 1 1e 00000001 2 1 0 0000000000000021
0000000000000021 0102001e1d000000 0 00 00000000 4 0 0 0000000000000022
0000000000000022 0215fffffc040000 0 00 00000000 4 0 1 000000000000001f
000000000000001f 0023151500000100 1 15 00000002 4 0 0 0000000000000020
0000000000000020 00731e1e00000100 1 1e 00000000 4 0 0 0000000000000021
0000000000000021 0102001e1d000000 0 00 00000000 5 1 0 0000000000000022
0000000000000022 0215fffffc040000 0 00 00000000 5 1 0 0000000000000023
0000000000000023 7cf5000000000000 0 00 00000000 5 1 0 0000000000000024
DONE retired=40 fault=00 pc=0000000000000023
