0000000000000000 00131d0000000000 1 1d 00000000 0 0 0 0000000000000001
0000000000000001 8506000000000000 0 00 00000000 0 0 0 0000000000000002
0000000000000002 0122000e12000000 0 00 00000000 5 0 0 0000000000000003
0000000000000003 0215000002010000 0 00 00000000 5 0 0 0000000000000004
0000000000000004 8506000000000000 0 00 00000000 5 0 0 0000000000000005
0000000000000005 8506000000000000 0 00 00000000 5 0 0 0000000000000006
0000000000000006 0092140c00000000 1 14 ffffffff 5 0 0 0000000000000007
0000000000000007 00a3041000000500 1 04 00000000 5 0 0 0000000000000008
0000000000000008 001311008664b300 1 11 ff8664b3 5 0 0 0000000000000009
0000000000000009 00720e0f0c000000 1 0e 00000000 5 0 0 000000000000000a
000000000000000a 0092080f00000000 1 08 ffffffff 5 0 0 000000000000000b
000000000000000b 00620d0d14000000 1 0d 00000000 5 0 0 000000000000000c
000000000000000c 0112000505000000 0 00 00000000 5 0 0 000000000000000d
000000000000000d 0215000003030000 0 00 00000000 5 0 1 0000000000000011
0000000000000011 0052070507000000 1 07 00000000 5 0 0 0000000000000012
0000000000000012 001302003d024500 1 02 003d0245 5 0 0 0000000000000013
0000000000000013 00720a1402000000 1 0a ffc2fdba 5 0 0 0000000000000014
0000000000000014 8506000000000000 0 00 00000000 5 0 0 0000000000000015
0000000000000015 0042111114000000 1 11 ff8664b3 5 0 0 0000000000000016
0000000000000016 0306000000000400 1 04 00000000 5 0 0 0000000000000017
0000000000000017 8506000000000000 0 00 00000000 5 0 0 0000000000000018
0000000000000018 00b3131400000d00 1 13 ffffffff 5 0 0 0000000000000019
0000000000000019 0306000000000300 1 03 00000000 5 0 0 000000000000001a
000000000000001a 004214040a000000 1 14 00000000 5 0 0 000000000000001b
000000000000001b 0306000000000200 1 02 00000000 5 0 0 000000000000001c
000000000000001c 0032130908000000 1 13 00000000 5 0 0 000000000000001d
000000000000001d 8506000000000000 0 00 00000000 5 0 0 000000000000001e
000000000000001e 00130800aaaaaa00 1 08 ffaaaaaa 5 0 0 000000000000001f
000000000000001f 0102000111000000 0 00 00000000 0 0 0 0000000000000020
0000000000000020 0215000002040000 0 00 00000000 0 0 1 0000000000000023
0000000000000023 00b30f0800000a00 1 0f ffffeaaa 0 0 0 0000000000000024
0000000000000024 8506000000000000 0 00 00000000 0 0 0 0000000000000025
0000000000000025 8506000000000000 0 00 00000000 0 0 0 0000000000000026
0000000000000026 001306003a1a0700 1 06 003a1a07 0 0 0 0000000000000027
0000000000000027 0052080c11000000 1 08 ff8664b3 0 0 0 0000000000000028
0000000000000028 00320c1208000000 1 0c 00000000 0 0 0 0000000000000029
0000000000000029 8506000000000000 0 00 00000000 0 0 0 000000000000002a
000000000000002a 0102001003000000 0 00 00000000 5 1 0 000000000000002b
000000000000002b 02150000010c0000 0 00 00000000 5 1 1 000000000000002d
000000000000002d 0052100a03000000 1 10 ffc2fdba 5 1 0 000000000000002e
000000000000002e 8506000000000000 0 00 00000000 5 1 0 000000000000002f
000000000000002f 0052120213000000 1 12 00000000 5 1 0 0000000000000030
0000000000000030 0122001413000000 0 00 00000000 5 0 0 0000000000000031
0000000000000031 0215000002020000 0 00 00000000 5 0 1 0000000000000034
0000000000000034 8506000000000000 0 00 00000000 5 0 0 0000000000000035
0000000000000035 00131e0000000400 1 1e 00000004 5 0 0 0000000000000036
0000000000000036 0023151500000100 1 15 00000001 5 0 0 0000000000000037
0000000000000037 00731e1e00000100 1 1e 00000003 5 0 0 0000000000000038
0000000000000038 0102001e1d000000 0 00 00000000 4 0 0 0000000000000039
0000000000000039 0215fffffc040000 0 00 00000000 4 0 1 0000000000000036
0000000000000036 0023151500000100 1 15 00000002 4 0 0 0000000000000037
0000000000000037 00731e1e00000100 1 1e 00000002 4 0 0 0000000000000038
0000000000000038 0102001e1d000000 0 00 00000000 4 0 0 0000000000000039
0000000000000039 0215fffffc040000 0 00 00000000 4 0 1 0000000000000036
0000000000000036 0023151500000100 1 15 00000003 4 0 0 0000000000000037
0000000000000037 00731e1e00000100 1 1e 00000001 4 0 0 0000000000000038
0000000000000038 0102001e1d000000 0 00 00000000 4 0 0 0000000000000039
0000000000000039 0215fffffc040000 0 00 00000000 4 0 1 0000000000000036
0000000000000036 0023151500000100 1 15 00000004 4 0 0 0000000000000037
0000000000000037 00731e1e00000100 1 1e 00000000 4 0 0 0000000000000038
0000000000000038 0102001e1d000000 0 00 00000000 5 1 0 0000000000000039
0000000000000039 0215fffffc040000 0 00 00000000 5 1 0 000000000000003a
000000000000003a 7cf5000000000000 0 00 00000000 5 1 0 000000000000003b
DONE retired=63 fault=00 pc=000000000000003a
