0000000000000000 00131d0000000000 1 1d 00000000 0 0 0 0000000000000001
0000000000000001 8506000000000000 0 00 00000000 0 0 0 0000000000000002
0000000000000002 8506000000000000 0 00 00000000 0 0 0 0000000000000003
0000000000000003 00b20d0b04000000 1 0d 00000000 0 0 0 0000000000000004
0000000000000004 0102000813000000 0 00 00000000 5 1 0 0000000000000005
0000000000000005 0215000003010000 0 00 00000000 5 1 1 0000000000000009
0000000000000009 8506000000000000 0 00 00000000 5 1 0 000000000000000a
000000000000000a 8506000000000000 0 00 00000000 5 1 0 000000000000000b
000000000000000b 0122000d0a000000 0 00 00000000 5 0 0 000000000000000c
000000000000000c 0215000001030000 0 00 00000000 5 0 1 000000000000000e
000000000000000e 00130a0000000100 1 0a 00000001 5 0 0 000000000000000f
000000000000000f 8506000000000000 0 00 00000000 5 0 0 0000000000000010
0000000000000010 00130800ec159c00 1 08 ffec159c 5 0 0 0000000000000011
0000000000000011 8506000000000000 0 00 00000000 5 0 0 0000000000000012
0000000000000012 0032100814000000 1 10 00000000 5 0 0 0000000000000013
0000000000000013 8506000000000000 0 00 00000000 5 0 0 0000000000000014
0000000000000014 001314009e602b00 1 14 ff9e602b 5 0 0 0000000000000015
0000000000000015 00b2090202000000 1 09 00000000 5 0 0 0000000000000016
0000000000000016 8506000000000000 0 00 00000000 5 0 0 0000000000000017
0000000000000017 00520b1409000000 1 0b ff9e602b 5 0 0 0000000000000018
0000000000000018 8506000000000000 0 00 00000000 5 0 0 0000000000000019
0000000000000019 00230f05ca2ffc00 1 0f ffca2ffc 5 0 0 000000000000001a
000000000000001a 0023080c50c89500 1 08 0050c895 5 0 0 000000000000001b
000000000000001b 0013130052d89e00 1 13 0052d89e 5 0 0 000000000000001c
000000000000001c 8506000000000000 0 00 00000000 5 0 0 000000000000001d
000000000000001d 0032020f04000000 1 02 00000000 5 0 0 000000000000001e
000000000000001e 0102000404000000 0 00 00000000 5 1 0 000000000000001f
000000000000001f 0215000003010000 0 00 00000000 5 1 1 0000000000000023
0000000000000023 0063120a00000000 1 12 00000001 5 1 0 0000000000000024
0000000000000024 00820e110f000000 1 0e ffca2ffc 5 1 0 0000000000000025
0000000000000025 00920c1100000000 1 0c ffffffff 5 1 0 0000000000000026
0000000000000026 8506000000000000 0 00 00000000 5 1 0 0000000000000027
0000000000000027 004210130a000000 1 10 00000000 5 1 0 0000000000000028
0000000000000028 0102000c03000000 0 00 00000000 6 0 0 0000000000000029
0000000000000029 02150000030d0000 0 00 00000000 6 0 0 000000000000002a
000000000000002a 8506000000000000 0 00 00000000 6 0 0 000000000000002b
000000000000002b 8506000000000000 0 00 00000000 6 0 0 000000000000002c
000000000000002c 8506000000000000 0 00 00000000 6 0 0 000000000000002d
000000000000002d 00130c002f7db400 1 0c 002f7db4 6 0 0 000000000000002e
000000000000002e 00920d0600000000 1 0d ffffffff 6 0 0 000000000000002f
000000000000002f 0122001210000000 0 00 00000000 4 1 0 0000000000000030
0000000000000030 02150000020c0000 0 00 00000000 4 1 1 0000000000000033
0000000000000033 00130d0000000100 1 0d 00000001 4 1 0 0000000000000034
0000000000000034 00320e0c05000000 1 0e 00000000 4 1 0 0000000000000035
0000000000000035 00520c040b000000 1 0c ff9e602b 4 1 0 0000000000000036
0000000000000036 8506000000000000 0 00 00000000 4 1 0 0000000000000037
0000000000000037 8506000000000000 0 00 00000000 4 1 0 0000000000000038
0000000000000038 0092040800000000 1 04 ffaf376a 4 1 0 0000000000000039
0000000000000039 002203020c000000 1 03 ff9e602b 4 1 0 000000000000003a
000000000000003a 00131e0000000100 1 1e 00000001 4 1 0 000000000000003b
000000000000003b 0023151500000100 1 15 00000001 4 1 0 000000000000003c
000000000000003c 00731e1e00000100 1 1e 00000000 4 1 0 000000000000003d
000000000000003d 0102001e1d000000 0 00 00000000 5 1 0 000000000000003e
000000000000003e 0215fffffc040000 0 00 00000000 5 1 0 000000000000003f
000000000000003f 7cf5000000000000 0 00 00000000 5 1 0 0000000000000040
DONE retired=55 fault=00 pc=000000000000003f
