0000000000000000 0013140000004d00 1 14 0000004d 0 0 0 0000000000000001 fffffff8 f fffffff8 0 00 fffffff8
0000000000000001 106102040000f000 0 00 00000000 0 0 0 0000000000000002 fffffff8 f fffffff8 1 02 fffffff8
0000000000000002 101106040001f000 0 00 00000000 0 0 0 0000000000000003 fffffff8 f fffffff8 1 06 fffffff8
0000000000000003 00131500ffffff00 1 15 ffffffff 0 0 0 0000000000000004 fffffff8 f fffffff8 0 00 fffffff8
0000000000000004 3420031500007000 0 00 00000000 0 0 0 0000000000000005 fffffff8 7 4d9fd578 1 03 4d9fd578
0000000000000005 00131600ffffff00 1 16 ffffffff 0 0 0 0000000000000006 fffffff8 f fffffff8 0 00 fffffff8
0000000000000006 342005160000f000 0 00 00000000 0 0 0 0000000000000007 fffffff8 f fffffff8 1 05 fffffff8
0000000000000007 10810505003ff000 0 00 00000000 0 0 0 0000000000000008 fffffff8 f fffffff8 1 05 fffffff8
0000000000000008 34110200fb4aa000 0 00 00000000 0 0 0 0000000000000009 fffffff8 a 7842e028 1 02 7842e028
0000000000000009 00131500ffffff00 1 15 ffffffff 0 0 0 000000000000000a fffffff8 f fffffff8 0 00 fffffff8
000000000000000a 342003150000f000 0 00 00000000 0 0 0 000000000000000b fffffff8 f fffffff8 1 03 fffffff8
000000000000000b 343004000000f000 0 00 00000000 0 0 0 000000000000000c fffffff8 f fffffff8 1 04 fffffff8
000000000000000c 3430040000001000 0 00 00000000 0 0 0 000000000000000d fffffff8 1 7ffffff8 1 04 7ffffff8
000000000000000d 00131600ffffff00 1 16 ffffffff 0 0 0 000000000000000e fffffff8 f fffffff8 0 00 fffffff8
000000000000000e 342005160000f000 0 00 00000000 0 0 0 000000000000000f fffffff8 f fffffff8 1 05 fffffff8
000000000000000f 108104050020f000 0 00 00000000 0 0 0 0000000000000010 fffffff8 f fffffff8 1 04 fffffff8
0000000000000010 340005060000f000 0 00 00000000 0 0 0 0000000000000011 fffffff8 f fffffff8 1 05 fffffff8
0000000000000011 343006000000b000 0 00 00000000 0 0 0 0000000000000012 fffffff8 b a6d14c08 1 06 a6d14c08
0000000000000012 343005000000f000 0 00 00000000 0 0 0 0000000000000013 fffffff8 f fffffff8 1 05 fffffff8
0000000000000013 0013150000000000 1 15 00000000 0 0 0 0000000000000014 fffffff8 f fffffff8 0 00 fffffff8
0000000000000014 3420051500003000 0 00 00000000 0 0 0 0000000000000015 fffffff8 3 aaaaaaa8 1 05 aaaaaaa8
0000000000000015 00131e0000000300 1 1e 00000003 0 0 0 0000000000000016 fffffff8 f fffffff8 0 00 fffffff8
0000000000000016 0023171700000100 1 17 00000001 0 0 0 0000000000000017 fffffff8 f fffffff8 0 00 fffffff8
0000000000000017 00731e1e00000100 1 1e 00000002 0 0 0 0000000000000018 fffffff8 f fffffff8 0 00 fffffff8
0000000000000018 0013180000000000 1 18 00000000 0 0 0 0000000000000019 fffffff8 f fffffff8 0 00 fffffff8
0000000000000019 0102001e18000000 0 00 00000000 4 0 0 000000000000001a fffffff8 f fffffff8 0 00 fffffff8
000000000000001a 0215fffffb040000 0 00 00000000 4 0 1 0000000000000016 fffffff8 f fffffff8 0 00 fffffff8
0000000000000016 0023171700000100 1 17 00000002 4 0 0 0000000000000017 fffffff8 f fffffff8 0 00 fffffff8
0000000000000017 00731e1e00000100 1 1e 00000001 4 0 0 0000000000000018 fffffff8 f fffffff8 0 00 fffffff8
0000000000000018 0013180000000000 1 18 00000000 4 0 0 0000000000000019 fffffff8 f fffffff8 0 00 fffffff8
0000000000000019 0102001e18000000 0 00 00000000 4 0 0 000000000000001a fffffff8 f fffffff8 0 00 fffffff8
000000000000001a 0215fffffb040000 0 00 00000000 4 0 1 0000000000000016 fffffff8 f fffffff8 0 00 fffffff8
0000000000000016 0023171700000100 1 17 00000003 4 0 0 0000000000000017 fffffff8 f fffffff8 0 00 fffffff8
0000000000000017 00731e1e00000100 1 1e 00000000 4 0 0 0000000000000018 fffffff8 f fffffff8 0 00 fffffff8
0000000000000018 0013180000000000 1 18 00000000 4 0 0 0000000000000019 fffffff8 f fffffff8 0 00 fffffff8
0000000000000019 0102001e18000000 0 00 00000000 5 1 0 000000000000001a fffffff8 f fffffff8 0 00 fffffff8
000000000000001a 0215fffffb040000 0 00 00000000 5 1 0 000000000000001b fffffff8 f fffffff8 0 00 fffffff8
000000000000001b 7cf5000000000000 0 00 00000000 5 1 0 000000000000001c fffffff8 f fffffff8 0 00 fffffff8
DONE retired=38 fault=00 pc=000000000000001b
