0000000000000000 00131d0000000000 1 1d 00000000 0 0 0 0000000000000001
0000000000000001 00230b14bafd1600 1 0b ffbafd16 0 0 0 0000000000000002
0000000000000002 0022090a07000000 1 09 00000000 0 0 0 0000000000000003
0000000000000003 00730e0618addb00 1 0e ffe75225 0 0 0 0000000000000004
0000000000000004 00130e0054022700 1 0e 00540227 0 0 0 0000000000000005
0000000000000005 00130500ccffdd00 1 05 ffccffdd 0 0 0 0000000000000006
0000000000000006 00130b0008e3a200 1 0b 0008e3a2 0 0 0 0000000000000007
0000000000000007 8506000000000000 0 00 00000000 0 0 0 0000000000000008
0000000000000008 8506000000000000 0 00 00000000 0 0 0 0000000000000009
0000000000000009 0023100915975700 1 10 00159757 0 0 0 000000000000000a
000000000000000a 00730d12ffffff00 1 0d 00000001 0 0 0 000000000000000b
000000000000000b 0073090d6f445400 1 09 ff90bbad 0 0 0 000000000000000c
000000000000000c 8506000000000000 0 00 00000000 0 0 0 000000000000000d
000000000000000d 00220c0502000000 1 0c ffccffdd 0 0 0 000000000000000e
000000000000000e 00130100ffffff00 1 01 ffffffff 0 0 0 000000000000000f
000000000000000f 004206090b000000 1 06 0000a3a0 0 0 0 0000000000000010
0000000000000010 001311004fe1fd00 1 11 004fe1fd 0 0 0 0000000000000011
0000000000000011 0013030000000000 1 03 00000000 0 0 0 0000000000000012
0000000000000012 0122000f13000000 0 00 00000000 5 0 0 0000000000000013
0000000000000013 02150000020d0000 0 00 00000000 5 0 0 0000000000000014
0000000000000014 8506000000000000 0 00 00000000 5 0 0 0000000000000015
0000000000000015 8506000000000000 0 00 00000000 5 0 0 0000000000000016
0000000000000016 0102000812000000 0 00 00000000 5 1 0 0000000000000017
0000000000000017 0215000003020000 0 00 00000000 5 1 0 0000000000000018
0000000000000018 8506000000000000 0 00 00000000 5 1 0 0000000000000019
0000000000000019 8506000000000000 0 00 00000000 5 1 0 000000000000001a
000000000000001a 8506000000000000 0 00 00000000 5 1 0 000000000000001b
000000000000001b 00b3010d00001500 1 01 00000000 5 1 0 000000000000001c
000000000000001c 001313005291d100 1 13 005291d1 5 1 0 000000000000001d
000000000000001d 00720e0104000000 1 0e 00000000 5 1 0 000000000000001e
000000000000001e 0082080b07000000 1 08 0008e3a2 5 1 0 000000000000001f
000000000000001f 012200130d000000 0 00 00000000 4 1 0 0000000000000020
0000000000000020 02150000030b0000 0 00 00000000 4 1 0 0000000000000021
0000000000000021 8506000000000000 0 00 00000000 4 1 0 0000000000000022
0000000000000022 8506000000000000 0 00 00000000 4 1 0 0000000000000023
0000000000000023 8506000000000000 0 00 00000000 4 1 0 0000000000000024
0000000000000024 00a3050b00000200 1 05 000238e8 4 1 0 0000000000000025
0000000000000025 00230c0fe6503900 1 0c ffe65039 4 1 0 0000000000000026
0000000000000026 8506000000000000 0 00 00000000 4 1 0 0000000000000027
0000000000000027 8506000000000000 0 00 00000000 4 1 0 0000000000000028
0000000000000028 00230b0cc2c18600 1 0b ffa911bf 4 1 0 0000000000000029
0000000000000029 00a20c120e000000 1 0c 00000000 4 1 0 000000000000002a
000000000000002a 0102000206000000 0 00 00000000 2 0 0 000000000000002b
000000000000002b 0215000002040000 0 00 00000000 2 0 1 000000000000002e
000000000000002e 0306000000000100 1 01 00000000 2 0 0 000000000000002f
000000000000002f 8506000000000000 0 00 00000000 2 0 0 0000000000000030
0000000000000030 00820c0b0e000000 1 0c ffa911bf 2 0 0 0000000000000031
0000000000000031 00230d0eee53ab00 1 0d ffee53ab 2 0 0 0000000000000032
0000000000000032 8506000000000000 0 00 00000000 2 0 0 0000000000000033
0000000000000033 00130400770c3300 1 04 00770c33 2 0 0 0000000000000034
0000000000000034 00131e0000000400 1 1e 00000004 2 0 0 0000000000000035
0000000000000035 0023151500000100 1 15 00000001 2 0 0 0000000000000036
0000000000000036 00731e1e00000100 1 1e 00000003 2 0 0 0000000000000037
0000000000000037 0102001e1d000000 0 00 00000000 4 0 0 0000000000000038
0000000000000038 0215fffffc040000 0 00 00000000 4 0 1 0000000000000035
0000000000000035 0023151500000100 1 15 00000002 4 0 0 0000000000000036
0000000000000036 00731e1e00000100 1 1e 00000002 4 0 0 0000000000000037
0000000000000037 0102001e1d000000 0 00 00000000 4 0 0 0000000000000038
0000000000000038 0215fffffc040000 0 00 00000000 4 0 1 0000000000000035
0000000000000035 0023151500000100 1 15 00000003 4 0 0 0000000000000036
0000000000000036 00731e1e00000100 1 1e 00000001 4 0 0 0000000000000037
0000000000000037 0102001e1d000000 0 00 00000000 4 0 0 0000000000000038
0000000000000038 0215fffffc040000 0 00 00000000 4 0 1 0000000000000035
0000000000000035 0023151500000100 1 15 00000004 4 0 0 0000000000000036
0000000000000036 00731e1e00000100 1 1e 00000000 4 0 0 0000000000000037
0000000000000037 0102001e1d000000 0 00 00000000 5 1 0 0000000000000038
0000000000000038 0215fffffc040000 0 00 00000000 5 1 0 0000000000000039
0000000000000039 7cf5000000000000 0 00 00000000 5 1 0 000000000000003a
DONE retired=68 fault=00 pc=0000000000000039
