0000000000000000 0013140000004d00 1 14 0000004d 0 0 0 0000000000000001 10000000 f 10000000 0 00 10000000
0000000000000001 107105040000f000 0 00 00000000 0 0 0 0000000000000002 10000000 f 10000000 1 05 10000000
0000000000000002 10610506003ff000 0 00 00000000 0 0 0 0000000000000003 10000000 f 10000000 1 05 10000000
0000000000000003 10710504001ff000 0 00 00000000 0 0 0 0000000000000004 10000000 f 10000000 1 05 10000000
0000000000000004 341103000000a000 0 00 00000000 0 0 0 0000000000000005 10000000 a 00000000 1 03 00000000
0000000000000005 1000020402004000 0 00 00000000 0 0 0 0000000000000006 10000000 4 10000000 1 02 10000000
0000000000000006 105003060600f000 0 00 00000000 0 0 0 0000000000000007 10000000 f 10000000 1 03 10000000
0000000000000007 0013150055555500 1 15 00555555 0 0 0 0000000000000008 10000000 f 10000000 0 00 10000000
0000000000000008 3420061500004000 0 00 00000000 0 0 0 0000000000000009 10000000 4 10000000 1 06 10000000
0000000000000009 00131600ffffff00 1 16 ffffffff 0 0 0 000000000000000a 10000000 f 10000000 0 00 10000000
000000000000000a 342004160000f000 0 00 00000000 0 0 0 000000000000000b 10000000 f 10000000 1 04 10000000
000000000000000b 108102040000f000 0 00 00000000 0 0 0 000000000000000c 10000000 f 10000000 1 02 10000000
000000000000000c 100103028000f000 0 00 00000000 0 0 0 000000000000000d 10000000 f 10000000 1 03 10000000
000000000000000d 1030030206001000 0 00 00000000 0 0 0 000000000000000e 10000000 1 10000000 1 03 10000000
000000000000000e 101006040300f000 0 00 00000000 0 0 0 000000000000000f 10000000 f 10000000 1 06 10000000
000000000000000f 10610506001ff000 0 00 00000000 0 0 0 0000000000000010 10000000 f 10000000 1 05 10000000
0000000000000010 101105030000f000 0 00 00000000 0 0 0 0000000000000011 10000000 f 10000000 1 05 10000000
0000000000000011 107104050010f000 0 00 00000000 0 0 0 0000000000000012 10000000 f 10000000 1 04 10000000
0000000000000012 340004040000f000 0 00 00000000 0 0 0 0000000000000013 10000000 f 10000000 1 04 10000000
0000000000000013 00131e0000000200 1 1e 00000002 0 0 0 0000000000000014 10000000 f 10000000 0 00 10000000
0000000000000014 0023171700000100 1 17 00000001 0 0 0 0000000000000015 10000000 f 10000000 0 00 10000000
0000000000000015 00731e1e00000100 1 1e 00000001 0 0 0 0000000000000016 10000000 f 10000000 0 00 10000000
0000000000000016 0013180000000000 1 18 00000000 0 0 0 0000000000000017 10000000 f 10000000 0 00 10000000
0000000000000017 0102001e18000000 0 00 00000000 4 0 0 0000000000000018 10000000 f 10000000 0 00 10000000
0000000000000018 0215fffffb040000 0 00 00000000 4 0 1 0000000000000014 10000000 f 10000000 0 00 10000000
0000000000000014 0023171700000100 1 17 00000002 4 0 0 0000000000000015 10000000 f 10000000 0 00 10000000
0000000000000015 00731e1e00000100 1 1e 00000000 4 0 0 0000000000000016 10000000 f 10000000 0 00 10000000
0000000000000016 0013180000000000 1 18 00000000 4 0 0 0000000000000017 10000000 f 10000000 0 00 10000000
0000000000000017 0102001e18000000 0 00 00000000 5 1 0 0000000000000018 10000000 f 10000000 0 00 10000000
0000000000000018 0215fffffb040000 0 00 00000000 5 1 0 0000000000000019 10000000 f 10000000 0 00 10000000
0000000000000019 7cf5000000000000 0 00 00000000 5 1 0 000000000000001a 10000000 f 10000000 0 00 10000000
DONE retired=31 fault=00 pc=0000000000000019
