0000000000000000 00131d0000000000 1 1d 00000000 0 0 0 0000000000000001
0000000000000001 00820f0414000000 1 0f 00000000 0 0 0 0000000000000002
0000000000000002 0112000d13000000 0 00 00000000 5 0 0 0000000000000003
0000000000000003 0215000003040000 0 00 00000000 5 0 0 0000000000000004
0000000000000004 8506000000000000 0 00 00000000 5 0 0 0000000000000005
0000000000000005 8506000000000000 0 00 00000000 5 0 0 0000000000000006
0000000000000006 8506000000000000 0 00 00000000 5 0 0 0000000000000007
0000000000000007 00820b010d000000 1 0b 00000000 5 0 0 0000000000000008
0000000000000008 00630c0a00001e00 1 0c 00000000 5 0 0 0000000000000009
0000000000000009 0306000000001400 1 14 00000000 5 0 0 000000000000000a
000000000000000a 0062121002000000 1 12 00000000 5 0 0 000000000000000b
000000000000000b 0073030ef5bff600 1 03 000a400a 5 0 0 000000000000000c
000000000000000c 00230f09ffffff00 1 0f ffffffff 5 0 0 000000000000000d
000000000000000d 00131e0000000200 1 1e 00000002 5 0 0 000000000000000e
000000000000000e 0023151500000100 1 15 00000001 5 0 0 000000000000000f
000000000000000f 00731e1e00000100 1 1e 00000001 5 0 0 0000000000000010
0000000000000010 0102001e1d000000 0 00 00000000 4 0 0 0000000000000011
0000000000000011 0215fffffc040000 0 00 00000000 4 0 1 000000000000000e
000000000000000e 0023151500000100 1 15 00000002 4 0 0 000000000000000f
000000000000000f 00731e1e00000100 1 1e 00000000 4 0 0 0000000000000010
0000000000000010 0102001e1d000000 0 00 00000000 5 1 0 0000000000000011
0000000000000011 0215fffffc040000 0 00 00000000 5 1 0 0000000000000012
0000000000000012 7cf5000000000000 0 00 00000000 5 1 0 0000000000000013
DONE retired=23 fault=00 pc=0000000000000012
