0000000000000000 0013140000004d00 1 14 0000004d 0 0 0 0000000000000001 afae5a3b f afae5a3b 0 00 afae5a3b
0000000000000001 100003030400f000 0 00 00000000 0 0 0 0000000000000002 afae5a3b f afae5a3b 1 03 afae5a3b
0000000000000002 10010304fffff000 0 00 00000000 0 0 0 0000000000000003 afae5a3b f afae5a3b 1 03 afae5a3b
0000000000000003 340004020000f000 0 00 00000000 0 0 0 0000000000000004 afae5a3b f afae5a3b 1 04 afae5a3b
0000000000000004 104002060200f000 0 00 00000000 0 0 0 0000000000000005 afae5a3b f afae5a3b 1 02 afae5a3b
0000000000000005 101002030400f000 0 00 00000000 0 0 0 0000000000000006 afae5a3b f afae5a3b 1 02 afae5a3b
0000000000000006 34110500fffff000 0 00 00000000 0 0 0 0000000000000007 afae5a3b f afae5a3b 1 05 afae5a3b
0000000000000007 340002030000f000 0 00 00000000 0 0 0 0000000000000008 afae5a3b f afae5a3b 1 02 afae5a3b
0000000000000008 106104060010f000 0 00 00000000 0 0 0 0000000000000009 afae5a3b f afae5a3b 1 04 afae5a3b
0000000000000009 340006040000f000 0 00 00000000 0 0 0 000000000000000a afae5a3b f afae5a3b 1 06 afae5a3b
000000000000000a 102006030300f000 0 00 00000000 0 0 0 000000000000000b afae5a3b f afae5a3b 1 06 afae5a3b
000000000000000b 34110300c1e2f000 0 00 00000000 0 0 0 000000000000000c afae5a3b f afae5a3b 1 03 afae5a3b
000000000000000c 00131e0000000300 1 1e 00000003 0 0 0 000000000000000d afae5a3b f afae5a3b 0 00 afae5a3b
000000000000000d 0023171700000100 1 17 00000001 0 0 0 000000000000000e afae5a3b f afae5a3b 0 00 afae5a3b
000000000000000e 00731e1e00000100 1 1e 00000002 0 0 0 000000000000000f afae5a3b f afae5a3b 0 00 afae5a3b
000000000000000f 0013180000000000 1 18 00000000 0 0 0 0000000000000010 afae5a3b f afae5a3b 0 00 afae5a3b
0000000000000010 0102001e18000000 0 00 00000000 4 0 0 0000000000000011 afae5a3b f afae5a3b 0 00 afae5a3b
0000000000000011 0215fffffb040000 0 00 00000000 4 0 1 000000000000000d afae5a3b f afae5a3b 0 00 afae5a3b
000000000000000d 0023171700000100 1 17 00000002 4 0 0 000000000000000e afae5a3b f afae5a3b 0 00 afae5a3b
000000000000000e 00731e1e00000100 1 1e 00000001 4 0 0 000000000000000f afae5a3b f afae5a3b 0 00 afae5a3b
000000000000000f 0013180000000000 1 18 00000000 4 0 0 0000000000000010 afae5a3b f afae5a3b 0 00 afae5a3b
0000000000000010 0102001e18000000 0 00 00000000 4 0 0 0000000000000011 afae5a3b f afae5a3b 0 00 afae5a3b
0000000000000011 0215fffffb040000 0 00 00000000 4 0 1 000000000000000d afae5a3b f afae5a3b 0 00 afae5a3b
000000000000000d 0023171700000100 1 17 00000003 4 0 0 000000000000000e afae5a3b f afae5a3b 0 00 afae5a3b
000000000000000e 00731e1e00000100 1 1e 00000000 4 0 0 000000000000000f afae5a3b f afae5a3b 0 00 afae5a3b
000000000000000f 0013180000000000 1 18 00000000 4 0 0 0000000000000010 afae5a3b f afae5a3b 0 00 afae5a3b
0000000000000010 0102001e18000000 0 00 00000000 5 1 0 0000000000000011 afae5a3b f afae5a3b 0 00 afae5a3b
0000000000000011 0215fffffb040000 0 00 00000000 5 1 0 0000000000000012 afae5a3b f afae5a3b 0 00 afae5a3b
0000000000000012 7cf5000000000000 0 00 00000000 5 1 0 0000000000000013 afae5a3b f afae5a3b 0 00 afae5a3b
DONE retired=29 fault=00 pc=0000000000000012
