0000000000000000 0013140000004d00 1 14 0000004d 0 0 0 0000000000000001 a0d997e9 f a0d997e9 0 00 a0d997e9
0000000000000001 104003020500f000 0 00 00000000 0 0 0 0000000000000002 a0d997e9 f a0d997e9 1 03 a0d997e9
0000000000000002 340006060000f000 0 00 00000000 0 0 0 0000000000000003 a0d997e9 f a0d997e9 1 06 a0d997e9
0000000000000003 00131600aaaaaa00 1 16 ffaaaaaa 0 0 0 0000000000000004 a0d997e9 f a0d997e9 0 00 a0d997e9
0000000000000004 342004160000f000 0 00 00000000 0 0 0 0000000000000005 a0d997e9 f a0d997e9 1 04 a0d997e9
0000000000000005 108104040001f000 0 00 00000000 0 0 0 0000000000000006 a0d997e9 f a0d997e9 1 04 a0d997e9
0000000000000006 3430030000009000 0 00 00000000 0 0 0 0000000000000007 a0d997e9 9 20411329 1 03 20411329
0000000000000007 0013150000000000 1 15 00000000 0 0 0 0000000000000008 a0d997e9 f a0d997e9 0 00 a0d997e9
0000000000000008 3420041500001000 0 00 00000000 0 0 0 0000000000000009 a0d997e9 1 80000000 1 04 80000000
0000000000000009 00131600aaaaaa00 1 16 ffaaaaaa 0 0 0 000000000000000a a0d997e9 f a0d997e9 0 00 a0d997e9
000000000000000a 342006160000f000 0 00 00000000 0 0 0 000000000000000b a0d997e9 f a0d997e9 1 06 a0d997e9
000000000000000b 108102060010f000 0 00 00000000 0 0 0 000000000000000c a0d997e9 f a0d997e9 1 02 a0d997e9
000000000000000c 00131e0000000100 1 1e 00000001 0 0 0 000000000000000d a0d997e9 f a0d997e9 0 00 a0d997e9
000000000000000d 0023171700000100 1 17 00000001 0 0 0 000000000000000e a0d997e9 f a0d997e9 0 00 a0d997e9
000000000000000e 00731e1e00000100 1 1e 00000000 0 0 0 000000000000000f a0d997e9 f a0d997e9 0 00 a0d997e9
000000000000000f 0013180000000000 1 18 00000000 0 0 0 0000000000000010 a0d997e9 f a0d997e9 0 00 a0d997e9
0000000000000010 0102001e18000000 0 00 00000000 5 1 0 0000000000000011 a0d997e9 f a0d997e9 0 00 a0d997e9
0000000000000011 0215fffffb040000 0 00 00000000 5 1 0 0000000000000012 a0d997e9 f a0d997e9 0 00 a0d997e9
0000000000000012 7cf5000000000000 0 00 00000000 5 1 0 0000000000000013 a0d997e9 f a0d997e9 0 00 a0d997e9
DONE retired=19 fault=00 pc=0000000000000012
