0000000000000000 00131d0000000000 1 1d 00000000 0 0 0 0000000000000001
0000000000000001 00a30d0800000f00 1 0d 00000000 0 0 0 0000000000000002
0000000000000002 0062040c13000000 1 04 00000000 0 0 0 0000000000000003
0000000000000003 0306000000000f00 1 0f 00000000 0 0 0 0000000000000004
0000000000000004 001301003ff09c00 1 01 003ff09c 0 0 0 0000000000000005
0000000000000005 00920a0e00000000 1 0a ffffffff 0 0 0 0000000000000006
0000000000000006 00920d0300000000 1 0d ffffffff 0 0 0 0000000000000007
0000000000000007 00820e0614000000 1 0e 00000000 0 0 0 0000000000000008
0000000000000008 0306000000000300 1 03 00000000 0 0 0 0000000000000009
0000000000000009 004209080d000000 1 09 00000000 0 0 0 000000000000000a
000000000000000a 0306000000000700 1 07 00000000 0 0 0 000000000000000b
000000000000000b 0013100000000000 1 10 00000000 0 0 0 000000000000000c
000000000000000c 001306007fe56b00 1 06 007fe56b 0 0 0 000000000000000d
000000000000000d 8506000000000000 0 00 00000000 0 0 0 000000000000000e
000000000000000e 0032021002000000 1 02 00000000 0 0 0 000000000000000f
000000000000000f 8506000000000000 0 00 00000000 0 0 0 0000000000000010
0000000000000010 8506000000000000 0 00 00000000 0 0 0 0000000000000011
0000000000000011 8506000000000000 0 00 00000000 0 0 0 0000000000000012
0000000000000012 00820d1014000000 1 0d 00000000 0 0 0 0000000000000013
0000000000000013 007212080d000000 1 12 00000000 0 0 0 0000000000000014
0000000000000014 8506000000000000 0 00 00000000 0 0 0 0000000000000015
0000000000000015 0112000905000000 0 00 00000000 5 0 0 0000000000000016
0000000000000016 0215000001040000 0 00 00000000 5 0 0 0000000000000017
0000000000000017 8506000000000000 0 00 00000000 5 0 0 0000000000000018
0000000000000018 012200130a000000 0 00 00000000 0 1 0 0000000000000019
0000000000000019 02150000010d0000 0 00 00000000 0 1 1 000000000000001b
000000000000001b 0092070b00000000 1 07 ffffffff 0 1 0 000000000000001c
000000000000001c 00920f0e00000000 1 0f ffffffff 0 1 0 000000000000001d
000000000000001d 0122001114000000 0 00 00000000 5 0 0 000000000000001e
000000000000001e 02150000030c0000 0 00 00000000 5 0 1 0000000000000022
0000000000000022 00130600186ebc00 1 06 00186ebc 5 0 0 0000000000000023
0000000000000023 0112000909000000 0 00 00000000 5 0 0 0000000000000024
0000000000000024 0215000002030000 0 00 00000000 5 0 1 0000000000000027
0000000000000027 010200060e000000 0 00 00000000 4 0 0 0000000000000028
0000000000000028 0215000002030000 0 00 00000000 4 0 0 0000000000000029
0000000000000029 8506000000000000 0 00 00000000 4 0 0 000000000000002a
000000000000002a 8506000000000000 0 00 00000000 4 0 0 000000000000002b
000000000000002b 0306000000000300 1 03 00000000 4 0 0 000000000000002c
000000000000002c 0122000408000000 0 00 00000000 5 0 0 000000000000002d
000000000000002d 02150000010d0000 0 00 00000000 5 0 0 000000000000002e
000000000000002e 8506000000000000 0 00 00000000 5 0 0 000000000000002f
000000000000002f 00131e0000000100 1 1e 00000001 5 0 0 0000000000000030
0000000000000030 0023151500000100 1 15 00000001 5 0 0 0000000000000031
0000000000000031 00731e1e00000100 1 1e 00000000 5 0 0 0000000000000032
0000000000000032 0102001e1d000000 0 00 00000000 5 1 0 0000000000000033
0000000000000033 0215fffffc040000 0 00 00000000 5 1 0 0000000000000034
0000000000000034 7cf5000000000000 0 00 00000000 5 1 0 0000000000000035
DONE retired=47 fault=00 pc=0000000000000034
