0000000000000000 0013140000004d00 1 14 0000004d 0 0 0 0000000000000001 55555555 f 55555555 0 00 55555555
0000000000000001 100002060200f000 0 00 00000000 0 0 0 0000000000000002 55555555 f 55555555 1 02 55555555
0000000000000002 340004020000f000 0 00 00000000 0 0 0 0000000000000003 55555555 f 55555555 1 04 55555555
0000000000000003 102002050500f000 0 00 00000000 0 0 0 0000000000000004 55555555 f 55555555 1 02 55555555
0000000000000004 343005000000f000 0 00 00000000 0 0 0 0000000000000005 55555555 f 55555555 1 05 55555555
0000000000000005 0013160000000100 1 16 00000001 0 0 0 0000000000000006 55555555 f 55555555 0 00 55555555
0000000000000006 342006160000f000 0 00 00000000 0 0 0 0000000000000007 55555555 f 55555555 1 06 55555555
0000000000000007 108103060021f000 0 00 00000000 0 0 0 0000000000000008 55555555 f 55555555 1 03 55555555
0000000000000008 100105040001f000 0 00 00000000 0 0 0 0000000000000009 55555555 f 55555555 1 05 55555555
0000000000000009 103003040600f000 0 00 00000000 0 0 0 000000000000000a 55555555 f 55555555 1 03 55555555
000000000000000a 104005020600f000 0 00 00000000 0 0 0 000000000000000b 55555555 f 55555555 1 05 55555555
000000000000000b 103002040300f000 0 00 00000000 0 0 0 000000000000000c 55555555 f 55555555 1 02 55555555
000000000000000c 10710504001ff000 0 00 00000000 0 0 0 000000000000000d 55555555 f 55555555 1 05 55555555
000000000000000d 34110300c351f000 0 00 00000000 0 0 0 000000000000000e 55555555 f 55555555 1 03 55555555
000000000000000e 00131600aaaaaa00 1 16 ffaaaaaa 0 0 0 000000000000000f 55555555 f 55555555 0 00 55555555
000000000000000f 342005160000f000 0 00 00000000 0 0 0 0000000000000010 55555555 f 55555555 1 05 55555555
0000000000000010 108106050021f000 0 00 00000000 0 0 0 0000000000000011 55555555 f 55555555 1 06 55555555
0000000000000011 103003060200f000 0 00 00000000 0 0 0 0000000000000012 55555555 f 55555555 1 03 55555555
0000000000000012 00131e0000000200 1 1e 00000002 0 0 0 0000000000000013 55555555 f 55555555 0 00 55555555
0000000000000013 0023171700000100 1 17 00000001 0 0 0 0000000000000014 55555555 f 55555555 0 00 55555555
0000000000000014 00731e1e00000100 1 1e 00000001 0 0 0 0000000000000015 55555555 f 55555555 0 00 55555555
0000000000000015 0013180000000000 1 18 00000000 0 0 0 0000000000000016 55555555 f 55555555 0 00 55555555
0000000000000016 0102001e18000000 0 00 00000000 4 0 0 0000000000000017 55555555 f 55555555 0 00 55555555
0000000000000017 0215fffffb040000 0 00 00000000 4 0 1 0000000000000013 55555555 f 55555555 0 00 55555555
0000000000000013 0023171700000100 1 17 00000002 4 0 0 0000000000000014 55555555 f 55555555 0 00 55555555
0000000000000014 00731e1e00000100 1 1e 00000000 4 0 0 0000000000000015 55555555 f 55555555 0 00 55555555
0000000000000015 0013180000000000 1 18 00000000 4 0 0 0000000000000016 55555555 f 55555555 0 00 55555555
0000000000000016 0102001e18000000 0 00 00000000 5 1 0 0000000000000017 55555555 f 55555555 0 00 55555555
0000000000000017 0215fffffb040000 0 00 00000000 5 1 0 0000000000000018 55555555 f 55555555 0 00 55555555
0000000000000018 7cf5000000000000 0 00 00000000 5 1 0 0000000000000019 55555555 f 55555555 0 00 55555555
DONE retired=30 fault=00 pc=0000000000000018
