0000000000000000 343001000000f000 0 00 00000000 0 0 0 0 0 0 0000000000000001 ffffffff f ffffffff 1 01
0000000000000001 341107000001f000 0 00 00000000 0 0 0 0 0 0 0000000000000002 ffffffff f ffffffff 1 07
0000000000000002 34110c000003f000 0 00 00000000 0 0 0 0 0 0 0000000000000003 ffffffff f ffffffff 1 0c
0000000000000003 30195010c0000000 0 00 00000000 0 0 0 0 0 0 0000000000000004 ffffffff f ffffffff 0 00
0000000000000004 7c15000002500003 0 00 00000000 0 0 0 0 0 0 0000000000000005 fffffff7 f fffffff7 0 00
0000000000000005 10500c010c00f000 0 00 00000000 0 0 0 0 0 0 0000000000000006 fffffff7 f fffffff7 1 0c
0000000000000006 0205000001000000 0 00 00000000 0 0 0 0 0 1 0000000000000008 fffffff7 f fffffff7 0 00
0000000000000008 7c25000000000000 0 00 00000000 0 0 0 0 0 0 0000000000000007 00000008 f 00000008 0 00
0000000000000007 101004030c00f000 0 00 00000000 0 0 0 0 0 0 0000000000000008 00000008 f 00000008 1 04
0000000000000008 7c25000000000000 0 00 00000000 0 0 0 0 0 0 0000000000000009 ffffffff f ffffffff 0 00
0000000000000009 0023060600000400 1 06 00000004 0 0 0 0 0 0 000000000000000a ffffffff f ffffffff 0 00
000000000000000a 3019001070000000 0 00 00000000 0 0 0 0 0 0 000000000000000b ffffffff f ffffffff 0 00
000000000000000b 7c15000002000022 0 00 00000000 0 0 0 0 0 0 000000000000000c fffffffd f fffffffd 0 00
000000000000000c 110004040700f000 0 00 00000000 0 0 0 0 0 0 000000000000000d fffffffd f fffffffd 1 04
000000000000000d 0205000020000000 0 00 00000000 0 0 0 0 0 1 000000000000002e fffffffd f fffffffd 0 00
000000000000002e 7c25000000000000 0 00 00000000 0 0 0 0 0 0 000000000000000e 00000002 f 00000002 0 00
000000000000000e 3029b0a0c0000000 0 00 00000000 0 0 0 0 0 0 000000000000000f 00000002 f 00000002 0 00
000000000000000f 7c1500000eb0001d 0 00 00000000 0 0 0 0 0 0 0000000000000010 00000002 f 00000002 0 00
0000000000000010 34110d000000f000 0 00 00000000 0 0 0 0 0 0 0000000000000011 00000002 f 00000002 1 0d
0000000000000011 10300c010d00f000 0 00 00000000 0 0 0 0 0 0 0000000000000012 00000002 f 00000002 1 0c
0000000000000012 10000c0c0700f000 0 00 00000000 0 0 0 0 0 0 0000000000000013 00000002 f 00000002 1 0c
0000000000000013 34110a000000f000 0 00 00000000 0 0 0 0 0 0 0000000000000014 00000002 f 00000002 1 0a
0000000000000014 7c85000007000000 0 00 00000000 0 0 0 0 0 0 0000000000000015 00000002 f 00000002 0 00
0000000000000015 3059e0a0c0000000 0 00 00000000 0 0 0 0 0 0 0000000000000016 00000002 f 00000002 0 00
0000000000000016 3029d0a0c0000000 0 00 00000000 0 0 0 0 0 0 0000000000000017 00000002 f 00000002 0 00
0000000000000017 304950a070000000 0 00 00000000 0 0 0 0 0 0 0000000000000018 00000002 f 00000002 0 00
0000000000000018 7c15000000500001 0 00 00000000 0 0 0 0 0 0 0000000000000019 00000002 f 00000002 0 00
0000000000000019 34110500000bf000 0 00 00000000 0 0 0 0 0 0 000000000000001a 00000002 f 00000002 1 05
000000000000001a 7c25000000000000 0 00 00000000 0 0 0 0 0 0 000000000000001b 00000002 f 00000002 0 00
000000000000001b 10000a0a0700f000 0 00 00000000 0 0 0 0 0 0 000000000000001c 00000002 f 00000002 1 0a
000000000000001c 7c95fffff8d00000 0 00 00000000 0 0 0 0 0 0 0000000000000015 00000002 f 00000002 0 00
0000000000000015 3059e0a0c0000000 0 00 00000000 0 0 0 0 0 0 0000000000000016 00000002 f 00000002 0 00
0000000000000016 3029d0a0c0000000 0 00 00000000 0 0 0 0 0 0 0000000000000017 00000002 f 00000002 0 00
0000000000000017 304950a070000000 0 00 00000000 0 0 0 0 0 0 0000000000000018 00000002 f 00000002 0 00
0000000000000018 7c15000000500001 0 00 00000000 0 0 0 0 0 0 0000000000000019 00000002 f 00000002 0 00
0000000000000019 34110500000bf000 0 00 00000000 0 0 0 0 0 0 000000000000001a 00000002 f 00000002 1 05
000000000000001a 7c25000000000000 0 00 00000000 0 0 0 0 0 0 000000000000001b 00000002 f 00000002 0 00
000000000000001b 10000a0a0700f000 0 00 00000000 0 0 0 0 0 0 000000000000001c 00000002 f 00000002 1 0a
000000000000001c 7c95fffff8d00000 0 00 00000000 0 0 0 0 0 0 000000000000001d 00000002 f 00000002 0 00
000000000000001d 020500000f000000 0 00 00000000 0 0 0 0 0 1 000000000000002d 00000002 f 00000002 0 00
000000000000002d 7c25000000000000 0 00 00000000 0 0 0 0 0 0 000000000000002e 00000002 f 00000002 0 00
000000000000002e 7c25000000000000 0 00 00000000 0 0 0 0 0 0 000000000000002f ffffffff f ffffffff 0 00
000000000000002f 7cf5000000000000 0 00 00000000 0 0 0 0 0 0 0000000000000030 ffffffff f ffffffff 0 00
