0000000000000000 00131d0000000000 1 1d 00000000 0 0 0 0000000000000001
0000000000000001 8506000000000000 0 00 00000000 0 0 0 0000000000000002
0000000000000002 00920e1000000000 1 0e ffffffff 0 0 0 0000000000000003
0000000000000003 0112000f12000000 0 00 00000000 5 0 0 0000000000000004
0000000000000004 0215000003030000 0 00 00000000 5 0 1 0000000000000008
0000000000000008 0122000212000000 0 00 00000000 5 0 0 0000000000000009
0000000000000009 02150000010e0000 0 00 00000000 5 0 1 000000000000000b
000000000000000b 8506000000000000 0 00 00000000 5 0 0 000000000000000c
000000000000000c 00130700d3da5800 1 07 ffd3da58 5 0 0 000000000000000d
000000000000000d 0062110512000000 1 11 00000000 5 0 0 000000000000000e
000000000000000e 0092051300000000 1 05 ffffffff 5 0 0 000000000000000f
000000000000000f 0073040171bf7500 1 04 ff8e408b 5 0 0 0000000000000010
0000000000000010 0052070e0e000000 1 07 ffffffff 5 0 0 0000000000000011
0000000000000011 0023090e00000000 1 09 ffffffff 5 0 0 0000000000000012
0000000000000012 00730608ccb83600 1 06 003347ca 5 0 0 0000000000000013
0000000000000013 8506000000000000 0 00 00000000 5 0 0 0000000000000014
0000000000000014 00820d0f0f000000 1 0d 00000000 5 0 0 0000000000000015
0000000000000015 0062100d0a000000 1 10 00000000 5 0 0 0000000000000016
0000000000000016 001311009820b800 1 11 ff9820b8 5 0 0 0000000000000017
0000000000000017 8506000000000000 0 00 00000000 5 0 0 0000000000000018
0000000000000018 00630a0400001100 1 0a 81160000 5 0 0 0000000000000019
0000000000000019 0092060c00000000 1 06 ffffffff 5 0 0 000000000000001a
000000000000001a 0082130f0e000000 1 13 ffffffff 5 0 0 000000000000001b
000000000000001b 8506000000000000 0 00 00000000 5 0 0 000000000000001c
000000000000001c 0122000b03000000 0 00 00000000 5 0 0 000000000000001d
000000000000001d 0215000001030000 0 00 00000000 5 0 1 000000000000001f
000000000000001f 0122000b08000000 0 00 00000000 5 0 0 0000000000000020
0000000000000020 02150000020d0000 0 00 00000000 5 0 0 0000000000000021
0000000000000021 8506000000000000 0 00 00000000 5 0 0 0000000000000022
0000000000000022 8506000000000000 0 00 00000000 5 0 0 0000000000000023
0000000000000023 0122000c0e000000 0 00 00000000 0 1 0 0000000000000024
0000000000000024 0215000002020000 0 00 00000000 0 1 0 0000000000000025
0000000000000025 8506000000000000 0 00 00000000 0 1 0 0000000000000026
0000000000000026 8506000000000000 0 00 00000000 0 1 0 0000000000000027
0000000000000027 0022100108000000 1 10 00000000 0 1 0 0000000000000028
0000000000000028 00720b0904000000 1 0b 0071bf74 0 1 0 0000000000000029
0000000000000029 0013100055555500 1 10 00555555 0 1 0 000000000000002a
000000000000002a 00220a140d000000 1 0a 00000000 0 1 0 000000000000002b
000000000000002b 00131400ffffff00 1 14 ffffffff 0 1 0 000000000000002c
000000000000002c 8506000000000000 0 00 00000000 0 1 0 000000000000002d
000000000000002d 8506000000000000 0 00 00000000 0 1 0 000000000000002e
000000000000002e 00130f00de068500 1 0f ffde0685 0 1 0 000000000000002f
000000000000002f 8506000000000000 0 00 00000000 0 1 0 0000000000000030
0000000000000030 00920c1300000000 1 0c 00000000 0 1 0 0000000000000031
0000000000000031 00a3060e00000400 1 06 0fffffff 0 1 0 0000000000000032
0000000000000032 00131e0000000100 1 1e 00000001 0 1 0 0000000000000033
0000000000000033 0023151500000100 1 15 00000001 0 1 0 0000000000000034
0000000000000034 00731e1e00000100 1 1e 00000000 0 1 0 0000000000000035
0000000000000035 0102001e1d000000 0 00 00000000 5 1 0 0000000000000036
0000000000000036 0215fffffc040000 0 00 00000000 5 1 0 0000000000000037
0000000000000037 7cf5000000000000 0 00 00000000 5 1 0 0000000000000038
DONE retired=51 fault=00 pc=0000000000000037
