0000000000000000 00131d0000000000 1 1d 00000000 0 0 0 0000000000000001
0000000000000001 00130900ffffff00 1 09 ffffffff 0 0 0 0000000000000002
0000000000000002 001302009ad5ad00 1 02 ff9ad5ad 0 0 0 0000000000000003
0000000000000003 0063070500000f00 1 07 00000000 0 0 0 0000000000000004
0000000000000004 0102000c09000000 0 00 00000000 0 0 0 0000000000000005
0000000000000005 02150000010e0000 0 00 00000000 0 0 0 0000000000000006
0000000000000006 8506000000000000 0 00 00000000 0 0 0 0000000000000007
0000000000000007 00130a00233b5400 1 0a 00233b54 0 0 0 0000000000000008
0000000000000008 8506000000000000 0 00 00000000 0 0 0 0000000000000009
0000000000000009 00130c00e625c100 1 0c ffe625c1 0 0 0 000000000000000a
000000000000000a 8506000000000000 0 00 00000000 0 0 0 000000000000000b
000000000000000b 0063060500000600 1 06 00000000 0 0 0 000000000000000c
000000000000000c 001306004db6b900 1 06 004db6b9 0 0 0 000000000000000d
000000000000000d 00130800b7167a00 1 08 ffb7167a 0 0 0 000000000000000e
000000000000000e 00220b0307000000 1 0b 00000000 0 0 0 000000000000000f
000000000000000f 0102000202000000 0 00 00000000 5 1 0 0000000000000010
0000000000000010 02150000010d0000 0 00 00000000 5 1 0 0000000000000011
0000000000000011 8506000000000000 0 00 00000000 5 1 0 0000000000000012
0000000000000012 0062140a06000000 1 14 a8000000 5 1 0 0000000000000013
0000000000000013 0306000000001000 1 10 00000000 5 1 0 0000000000000014
0000000000000014 8506000000000000 0 00 00000000 5 1 0 0000000000000015
0000000000000015 00130c0000000000 1 0c 00000000 5 1 0 0000000000000016
0000000000000016 00130600b8e2b600 1 06 ffb8e2b6 5 1 0 0000000000000017
0000000000000017 011200030e000000 0 00 00000000 5 0 0 0000000000000018
0000000000000018 02150000030d0000 0 00 00000000 5 0 0 0000000000000019
0000000000000019 8506000000000000 0 00 00000000 5 0 0 000000000000001a
000000000000001a 8506000000000000 0 00 00000000 5 0 0 000000000000001b
000000000000001b 8506000000000000 0 00 00000000 5 0 0 000000000000001c
000000000000001c 007205010a000000 1 05 ffdcc4ac 5 0 0 000000000000001d
000000000000001d 001305009c89bc00 1 05 ff9c89bc 5 0 0 000000000000001e
000000000000001e 00130200113b8600 1 02 00113b86 5 0 0 000000000000001f
000000000000001f 8506000000000000 0 00 00000000 5 0 0 0000000000000020
0000000000000020 00b30d1200001900 1 0d 00000000 5 0 0 0000000000000021
0000000000000021 00131100ffffff00 1 11 ffffffff 5 0 0 0000000000000022
0000000000000022 8506000000000000 0 00 00000000 5 0 0 0000000000000023
0000000000000023 00b2110510000000 1 11 ff9c89bc 5 0 0 0000000000000024
0000000000000024 00130100d16ec300 1 01 ffd16ec3 5 0 0 0000000000000025
0000000000000025 0112000d03000000 0 00 00000000 5 0 0 0000000000000026
0000000000000026 0215000001020000 0 00 00000000 5 0 1 0000000000000028
0000000000000028 0092120900000000 1 12 00000000 5 0 0 0000000000000029
0000000000000029 008207050e000000 1 07 ff9c89bc 5 0 0 000000000000002a
000000000000002a 0013060082fb8400 1 06 ff82fb84 5 0 0 000000000000002b
000000000000002b 0052020a0e000000 1 02 00233b54 5 0 0 000000000000002c
000000000000002c 8506000000000000 0 00 00000000 5 0 0 000000000000002d
000000000000002d 00a3010100000100 1 01 7fe8b761 5 0 0 000000000000002e
000000000000002e 8506000000000000 0 00 00000000 5 0 0 000000000000002f
000000000000002f 00731003c9fbf900 1 10 00360407 5 0 0 0000000000000030
0000000000000030 001314009e8f9400 1 14 ff9e8f94 5 0 0 0000000000000031
0000000000000031 00a30f0200000000 1 0f 00233b54 5 0 0 0000000000000032
0000000000000032 00730a09aaaaaa00 1 0a 00555555 5 0 0 0000000000000033
0000000000000033 00131e0000000200 1 1e 00000002 5 0 0 0000000000000034
0000000000000034 0023151500000100 1 15 00000001 5 0 0 0000000000000035
0000000000000035 00731e1e00000100 1 1e 00000001 5 0 0 0000000000000036
0000000000000036 0102001e1d000000 0 00 00000000 4 0 0 0000000000000037
0000000000000037 0215fffffc040000 0 00 00000000 4 0 1 0000000000000034
0000000000000034 0023151500000100 1 15 00000002 4 0 0 0000000000000035
0000000000000035 00731e1e00000100 1 1e 00000000 4 0 0 0000000000000036
0000000000000036 0102001e1d000000 0 00 00000000 5 1 0 0000000000000037
0000000000000037 0215fffffc040000 0 00 00000000 5 1 0 0000000000000038
0000000000000038 7cf5000000000000 0 00 00000000 5 1 0 0000000000000039
DONE retired=60 fault=00 pc=0000000000000038
