0000000000000000 343001000000f000 0 00 00000000 0 0 0 0 0 0 0000000000000001 ffffffff f ffffffff 1 01
0000000000000001 341107000001f000 0 00 00000000 0 0 0 0 0 0 0000000000000002 ffffffff f ffffffff 1 07
0000000000000002 34110c000003f000 0 00 00000000 0 0 0 0 0 0 0000000000000003 ffffffff f ffffffff 1 0c
0000000000000003 304910b070000000 0 00 00000000 0 0 0 0 0 0 0000000000000004 ffffffff f ffffffff 0 00
0000000000000004 7c1500000c100017 0 00 00000000 0 0 0 0 0 0 0000000000000011 ffffffff f ffffffff 0 00
0000000000000011 101003070100f000 0 00 00000000 0 0 0 0 0 0 0000000000000012 ffffffff f ffffffff 1 03
0000000000000012 34110d000000f000 0 00 00000000 0 0 0 0 0 0 0000000000000013 ffffffff f ffffffff 1 0d
0000000000000013 10300c010d00f000 0 00 00000000 0 0 0 0 0 0 0000000000000014 ffffffff f ffffffff 1 0c
0000000000000014 10000c0c0700f000 0 00 00000000 0 0 0 0 0 0 0000000000000015 ffffffff f ffffffff 1 0c
0000000000000015 34110a000000f000 0 00 00000000 0 0 0 0 0 0 0000000000000016 ffffffff f ffffffff 1 0a
0000000000000016 7c85000004000000 0 00 00000000 0 0 0 0 0 0 0000000000000017 ffffffff f ffffffff 0 00
0000000000000017 3059e0a0c0000000 0 00 00000000 0 0 0 0 0 0 0000000000000018 ffffffff f ffffffff 0 00
0000000000000018 3029d0a0c0000000 0 00 00000000 0 0 0 0 0 0 0000000000000019 ffffffff f ffffffff 0 00
0000000000000019 11000c010700f000 0 00 00000000 0 0 0 0 0 0 000000000000001a ffffffff f ffffffff 1 0c
000000000000001a 10000a0a0700f000 0 00 00000000 0 0 0 0 0 0 000000000000001b ffffffff f ffffffff 1 0a
000000000000001b 7c95fffffbd00000 0 00 00000000 0 0 0 0 0 0 0000000000000017 ffffffff f ffffffff 0 00
0000000000000017 3059e0a0c0000000 0 00 00000000 0 0 0 0 0 0 0000000000000018 ffffffff f ffffffff 0 00
0000000000000018 3029d0a0c0000000 0 00 00000000 0 0 0 0 0 0 0000000000000019 ffffffff f ffffffff 0 00
0000000000000019 11000c010700f000 0 00 00000000 0 0 0 0 0 0 000000000000001a ffffffff f ffffffff 1 0c
000000000000001a 10000a0a0700f000 0 00 00000000 0 0 0 0 0 0 000000000000001b ffffffff f ffffffff 1 0a
000000000000001b 7c95fffffbd00000 0 00 00000000 0 0 0 0 0 0 000000000000001c ffffffff f ffffffff 0 00
000000000000001c 7c25000000000000 0 00 00000000 0 0 0 0 0 0 000000000000001d ffffffff f ffffffff 0 00
000000000000001d 30599010c0000000 0 00 00000000 0 0 0 0 0 0 000000000000001e ffffffff f ffffffff 0 00
000000000000001e 7c1500001390009d 0 00 00000000 0 0 0 0 0 0 000000000000001f ffffffff f ffffffff 0 00
000000000000001f 3059d0b070000000 0 00 00000000 0 0 0 0 0 0 0000000000000020 ffffffff f ffffffff 0 00
0000000000000020 7c1500000dd0000e 0 00 00000000 0 0 0 0 0 0 000000000000002e ffffffff f ffffffff 0 00
000000000000002e 105005010700f000 0 00 00000000 0 0 0 0 0 0 000000000000002f ffffffff f ffffffff 1 05
000000000000002f 7c25000000000000 0 00 00000000 0 0 0 0 0 0 0000000000000030 ffffffff f ffffffff 0 00
0000000000000030 100004030500f000 0 00 00000000 0 0 0 0 0 0 0000000000000031 ffffffff f ffffffff 1 04
0000000000000031 020500008a000000 0 00 00000000 0 0 0 0 0 1 00000000000000bc ffffffff f ffffffff 0 00
00000000000000bc 7c25000000000000 0 00 00000000 0 0 0 0 0 0 00000000000000bd ffffffff f ffffffff 0 00
00000000000000bd 7cf5000000000000 0 00 00000000 0 0 0 0 0 0 00000000000000be ffffffff f ffffffff 0 00
