0000000000000000 0013140000004d00 1 14 0000004d 0 0 0 0000000000000001 aaaaaaaa f aaaaaaaa 0 00 aaaaaaaa
0000000000000001 103105067ffff000 0 00 00000000 0 0 0 0000000000000002 aaaaaaaa f aaaaaaaa 1 05 aaaaaaaa
0000000000000002 103106047ffff000 0 00 00000000 0 0 0 0000000000000003 aaaaaaaa f aaaaaaaa 1 06 aaaaaaaa
0000000000000003 100005020400f000 0 00 00000000 0 0 0 0000000000000004 aaaaaaaa f aaaaaaaa 1 05 aaaaaaaa
0000000000000004 00131600ffffff00 1 16 ffffffff 0 0 0 0000000000000005 aaaaaaaa f aaaaaaaa 0 00 aaaaaaaa
0000000000000005 342005160000f000 0 00 00000000 0 0 0 0000000000000006 aaaaaaaa f aaaaaaaa 1 05 aaaaaaaa
0000000000000006 10810305000ff000 0 00 00000000 0 0 0 0000000000000007 aaaaaaaa f aaaaaaaa 1 03 aaaaaaaa
0000000000000007 340004060000f000 0 00 00000000 0 0 0 0000000000000008 aaaaaaaa f aaaaaaaa 1 04 aaaaaaaa
0000000000000008 106102060021f000 0 00 00000000 0 0 0 0000000000000009 aaaaaaaa f aaaaaaaa 1 02 aaaaaaaa
0000000000000009 105006040600f000 0 00 00000000 0 0 0 000000000000000a aaaaaaaa f aaaaaaaa 1 06 aaaaaaaa
000000000000000a 1010060502007000 0 00 00000000 0 0 0 000000000000000b aaaaaaaa 7 0a828822 1 06 0a828822
000000000000000b 1010050403008000 0 00 00000000 0 0 0 000000000000000c aaaaaaaa 8 a0028a82 1 05 a0028a82
000000000000000c 101103063633f000 0 00 00000000 0 0 0 000000000000000d aaaaaaaa f aaaaaaaa 1 03 aaaaaaaa
000000000000000d 340004050000c000 0 00 00000000 0 0 0 000000000000000e aaaaaaaa c 00000000 1 04 00000000
000000000000000e 0013150000000000 1 15 00000000 0 0 0 000000000000000f aaaaaaaa f aaaaaaaa 0 00 aaaaaaaa
000000000000000f 342004150000f000 0 00 00000000 0 0 0 0000000000000010 aaaaaaaa f aaaaaaaa 1 04 aaaaaaaa
0000000000000010 00131600ffffff00 1 16 ffffffff 0 0 0 0000000000000011 aaaaaaaa f aaaaaaaa 0 00 aaaaaaaa
0000000000000011 342006160000f000 0 00 00000000 0 0 0 0000000000000012 aaaaaaaa f aaaaaaaa 1 06 aaaaaaaa
0000000000000012 108105060001f000 0 00 00000000 0 0 0 0000000000000013 aaaaaaaa f aaaaaaaa 1 05 aaaaaaaa
0000000000000013 10010405fffff000 0 00 00000000 0 0 0 0000000000000014 aaaaaaaa f aaaaaaaa 1 04 aaaaaaaa
0000000000000014 102003030400f000 0 00 00000000 0 0 0 0000000000000015 aaaaaaaa f aaaaaaaa 1 03 aaaaaaaa
0000000000000015 104003050200f000 0 00 00000000 0 0 0 0000000000000016 aaaaaaaa f aaaaaaaa 1 03 aaaaaaaa
0000000000000016 341106009e766000 0 00 00000000 0 0 0 0000000000000017 aaaaaaaa 6 aaaaaaaa 1 06 aaaaaaaa
0000000000000017 3411050041aef000 0 00 00000000 0 0 0 0000000000000018 aaaaaaaa f aaaaaaaa 1 05 aaaaaaaa
0000000000000018 340004020000f000 0 00 00000000 0 0 0 0000000000000019 aaaaaaaa f aaaaaaaa 1 04 aaaaaaaa
0000000000000019 340006050000f000 0 00 00000000 0 0 0 000000000000001a aaaaaaaa f aaaaaaaa 1 06 aaaaaaaa
000000000000001a 10610304001ff000 0 00 00000000 0 0 0 000000000000001b aaaaaaaa f aaaaaaaa 1 03 aaaaaaaa
000000000000001b 00131e0000000200 1 1e 00000002 0 0 0 000000000000001c aaaaaaaa f aaaaaaaa 0 00 aaaaaaaa
000000000000001c 0023171700000100 1 17 00000001 0 0 0 000000000000001d aaaaaaaa f aaaaaaaa 0 00 aaaaaaaa
000000000000001d 00731e1e00000100 1 1e 00000001 0 0 0 000000000000001e aaaaaaaa f aaaaaaaa 0 00 aaaaaaaa
000000000000001e 0013180000000000 1 18 00000000 0 0 0 000000000000001f aaaaaaaa f aaaaaaaa 0 00 aaaaaaaa
000000000000001f 0102001e18000000 0 00 00000000 4 0 0 0000000000000020 aaaaaaaa f aaaaaaaa 0 00 aaaaaaaa
0000000000000020 0215fffffb040000 0 00 00000000 4 0 1 000000000000001c aaaaaaaa f aaaaaaaa 0 00 aaaaaaaa
000000000000001c 0023171700000100 1 17 00000002 4 0 0 000000000000001d aaaaaaaa f aaaaaaaa 0 00 aaaaaaaa
000000000000001d 00731e1e00000100 1 1e 00000000 4 0 0 000000000000001e aaaaaaaa f aaaaaaaa 0 00 aaaaaaaa
000000000000001e 0013180000000000 1 18 00000000 4 0 0 000000000000001f aaaaaaaa f aaaaaaaa 0 00 aaaaaaaa
000000000000001f 0102001e18000000 0 00 00000000 5 1 0 0000000000000020 aaaaaaaa f aaaaaaaa 0 00 aaaaaaaa
0000000000000020 0215fffffb040000 0 00 00000000 5 1 0 0000000000000021 aaaaaaaa f aaaaaaaa 0 00 aaaaaaaa
0000000000000021 7cf5000000000000 0 00 00000000 5 1 0 0000000000000022 aaaaaaaa f aaaaaaaa 0 00 aaaaaaaa
DONE retired=39 fault=00 pc=0000000000000021
