0000000000000000 0013140000004d00 1 14 0000004d 0 0 0 0000000000000001 7f686538 f 7f686538 0 00 7f686538
0000000000000001 10710604000ff000 0 00 00000000 0 0 0 0000000000000002 7f686538 f 7f686538 1 06 7f686538
0000000000000002 00131500aaaaaa00 1 15 ffaaaaaa 0 0 0 0000000000000003 7f686538 f 7f686538 0 00 7f686538
0000000000000003 342002150000d000 0 00 00000000 0 0 0 0000000000000004 7f686538 d 44684500 1 02 44684500
0000000000000004 103004040500f000 0 00 00000000 0 0 0 0000000000000005 7f686538 f 7f686538 1 04 7f686538
0000000000000005 103105028000f000 0 00 00000000 0 0 0 0000000000000006 7f686538 f 7f686538 1 05 7f686538
0000000000000006 0013160000000100 1 16 00000001 0 0 0 0000000000000007 7f686538 f 7f686538 0 00 7f686538
0000000000000007 342006160000f000 0 00 00000000 0 0 0 0000000000000008 7f686538 f 7f686538 1 06 7f686538
0000000000000008 108103060006f000 0 00 00000000 0 0 0 0000000000000009 7f686538 f 7f686538 1 03 7f686538
0000000000000009 340003020000f000 0 00 00000000 0 0 0 000000000000000a 7f686538 f 7f686538 1 03 7f686538
000000000000000a 1010040305009000 0 00 00000000 0 0 0 000000000000000b 7f686538 9 7f686538 1 04 7f686538
000000000000000b 341104001a48f000 0 00 00000000 0 0 0 000000000000000c 7f686538 f 7f686538 1 04 7f686538
000000000000000c 106105020021f000 0 00 00000000 0 0 0 000000000000000d 7f686538 f 7f686538 1 05 7f686538
000000000000000d 105006020400f000 0 00 00000000 0 0 0 000000000000000e 7f686538 f 7f686538 1 06 7f686538
000000000000000e 105002060200f000 0 00 00000000 0 0 0 000000000000000f 7f686538 f 7f686538 1 02 7f686538
000000000000000f 102005020600f000 0 00 00000000 0 0 0 0000000000000010 7f686538 f 7f686538 1 05 7f686538
0000000000000010 104003030300f000 0 00 00000000 0 0 0 0000000000000011 7f686538 f 7f686538 1 03 7f686538
0000000000000011 106102030021f000 0 00 00000000 0 0 0 0000000000000012 7f686538 f 7f686538 1 02 7f686538
0000000000000012 103003020200f000 0 00 00000000 0 0 0 0000000000000013 7f686538 f 7f686538 1 03 7f686538
0000000000000013 101006030300f000 0 00 00000000 0 0 0 0000000000000014 7f686538 f 7f686538 1 06 7f686538
0000000000000014 106106020000f000 0 00 00000000 0 0 0 0000000000000015 7f686538 f 7f686538 1 06 7f686538
0000000000000015 105002030200f000 0 00 00000000 0 0 0 0000000000000016 7f686538 f 7f686538 1 02 7f686538
0000000000000016 343006000000f000 0 00 00000000 0 0 0 0000000000000017 7f686538 f 7f686538 1 06 7f686538
0000000000000017 102005050500f000 0 00 00000000 0 0 0 0000000000000018 7f686538 f 7f686538 1 05 7f686538
0000000000000018 00131600aaaaaa00 1 16 ffaaaaaa 0 0 0 0000000000000019 7f686538 f 7f686538 0 00 7f686538
0000000000000019 342006160000f000 0 00 00000000 0 0 0 000000000000001a 7f686538 f 7f686538 1 06 7f686538
000000000000001a 10810606003ff000 0 00 00000000 0 0 0 000000000000001b 7f686538 f 7f686538 1 06 7f686538
000000000000001b 104004060600b000 0 00 00000000 0 0 0 000000000000001c 7f686538 b 28484520 1 04 28484520
000000000000001c 100103037ffff000 0 00 00000000 0 0 0 000000000000001d 7f686538 f 7f686538 1 03 7f686538
000000000000001d 340004050000f000 0 00 00000000 0 0 0 000000000000001e 7f686538 f 7f686538 1 04 7f686538
000000000000001e 102005060300f000 0 00 00000000 0 0 0 000000000000001f 7f686538 f 7f686538 1 05 7f686538
000000000000001f 00131e0000000300 1 1e 00000003 0 0 0 0000000000000020 7f686538 f 7f686538 0 00 7f686538
0000000000000020 0023171700000100 1 17 00000001 0 0 0 0000000000000021 7f686538 f 7f686538 0 00 7f686538
0000000000000021 00731e1e00000100 1 1e 00000002 0 0 0 0000000000000022 7f686538 f 7f686538 0 00 7f686538
0000000000000022 0013180000000000 1 18 00000000 0 0 0 0000000000000023 7f686538 f 7f686538 0 00 7f686538
0000000000000023 0102001e18000000 0 00 00000000 4 0 0 0000000000000024 7f686538 f 7f686538 0 00 7f686538
0000000000000024 0215fffffb040000 0 00 00000000 4 0 1 0000000000000020 7f686538 f 7f686538 0 00 7f686538
0000000000000020 0023171700000100 1 17 00000002 4 0 0 0000000000000021 7f686538 f 7f686538 0 00 7f686538
0000000000000021 00731e1e00000100 1 1e 00000001 4 0 0 0000000000000022 7f686538 f 7f686538 0 00 7f686538
0000000000000022 0013180000000000 1 18 00000000 4 0 0 0000000000000023 7f686538 f 7f686538 0 00 7f686538
0000000000000023 0102001e18000000 0 00 00000000 4 0 0 0000000000000024 7f686538 f 7f686538 0 00 7f686538
0000000000000024 0215fffffb040000 0 00 00000000 4 0 1 0000000000000020 7f686538 f 7f686538 0 00 7f686538
0000000000000020 0023171700000100 1 17 00000003 4 0 0 0000000000000021 7f686538 f 7f686538 0 00 7f686538
0000000000000021 00731e1e00000100 1 1e 00000000 4 0 0 0000000000000022 7f686538 f 7f686538 0 00 7f686538
0000000000000022 0013180000000000 1 18 00000000 4 0 0 0000000000000023 7f686538 f 7f686538 0 00 7f686538
0000000000000023 0102001e18000000 0 00 00000000 5 1 0 0000000000000024 7f686538 f 7f686538 0 00 7f686538
0000000000000024 0215fffffb040000 0 00 00000000 5 1 0 0000000000000025 7f686538 f 7f686538 0 00 7f686538
0000000000000025 7cf5000000000000 0 00 00000000 5 1 0 0000000000000026 7f686538 f 7f686538 0 00 7f686538
DONE retired=48 fault=00 pc=0000000000000025
