0000000000000000 0013140000004d00 1 14 0000004d 0 0 0 0000000000000001 1fffffff f 1fffffff 0 00 1fffffff
0000000000000001 343005000000f000 0 00 00000000 0 0 0 0000000000000002 1fffffff f 1fffffff 1 05 1fffffff
0000000000000002 10710503003ff000 0 00 00000000 0 0 0 0000000000000003 1fffffff f 1fffffff 1 05 1fffffff
0000000000000003 101002050300f000 0 00 00000000 0 0 0 0000000000000004 1fffffff f 1fffffff 1 02 1fffffff
0000000000000004 343005000000f000 0 00 00000000 0 0 0 0000000000000005 1fffffff f 1fffffff 1 05 1fffffff
0000000000000005 106103030020f000 0 00 00000000 0 0 0 0000000000000006 1fffffff f 1fffffff 1 03 1fffffff
0000000000000006 107105040020f000 0 00 00000000 0 0 0 0000000000000007 1fffffff f 1fffffff 1 05 1fffffff
0000000000000007 10510403fffff000 0 00 00000000 0 0 0 0000000000000008 1fffffff f 1fffffff 1 04 1fffffff
0000000000000008 10010206945af000 0 00 00000000 0 0 0 0000000000000009 1fffffff f 1fffffff 1 02 1fffffff
0000000000000009 0013160055555500 1 16 00555555 0 0 0 000000000000000a 1fffffff f 1fffffff 0 00 1fffffff
000000000000000a 342005160000f000 0 00 00000000 0 0 0 000000000000000b 1fffffff f 1fffffff 1 05 1fffffff
000000000000000b 108102050002f000 0 00 00000000 0 0 0 000000000000000c 1fffffff f 1fffffff 1 02 1fffffff
000000000000000c 00131600ffffff00 1 16 ffffffff 0 0 0 000000000000000d 1fffffff f 1fffffff 0 00 1fffffff
000000000000000d 342003160000f000 0 00 00000000 0 0 0 000000000000000e 1fffffff f 1fffffff 1 03 1fffffff
000000000000000e 10810403001ef000 0 00 00000000 0 0 0 000000000000000f 1fffffff f 1fffffff 1 04 1fffffff
000000000000000f 10610605001ff000 0 00 00000000 0 0 0 0000000000000010 1fffffff f 1fffffff 1 06 1fffffff
0000000000000010 340006040000f000 0 00 00000000 0 0 0 0000000000000011 1fffffff f 1fffffff 1 06 1fffffff
0000000000000011 34110400fffff000 0 00 00000000 0 0 0 0000000000000012 1fffffff f 1fffffff 1 04 1fffffff
0000000000000012 101002050200f000 0 00 00000000 0 0 0 0000000000000013 1fffffff f 1fffffff 1 02 1fffffff
0000000000000013 100002020400f000 0 00 00000000 0 0 0 0000000000000014 1fffffff f 1fffffff 1 02 1fffffff
0000000000000014 107103060021f000 0 00 00000000 0 0 0 0000000000000015 1fffffff f 1fffffff 1 03 1fffffff
0000000000000015 106104040021f000 0 00 00000000 0 0 0 0000000000000016 1fffffff f 1fffffff 1 04 1fffffff
0000000000000016 0013160000000100 1 16 00000001 0 0 0 0000000000000017 1fffffff f 1fffffff 0 00 1fffffff
0000000000000017 342006160000f000 0 00 00000000 0 0 0 0000000000000018 1fffffff f 1fffffff 1 06 1fffffff
0000000000000018 10810206003ff000 0 00 00000000 0 0 0 0000000000000019 1fffffff f 1fffffff 1 02 1fffffff
0000000000000019 105003050600f000 0 00 00000000 0 0 0 000000000000001a 1fffffff f 1fffffff 1 03 1fffffff
000000000000001a 340002020000f000 0 00 00000000 0 0 0 000000000000001b 1fffffff f 1fffffff 1 02 1fffffff
000000000000001b 101004050600f000 0 00 00000000 0 0 0 000000000000001c 1fffffff f 1fffffff 1 04 1fffffff
000000000000001c 101002060200f000 0 00 00000000 0 0 0 000000000000001d 1fffffff f 1fffffff 1 02 1fffffff
000000000000001d 103102040001f000 0 00 00000000 0 0 0 000000000000001e 1fffffff f 1fffffff 1 02 1fffffff
000000000000001e 101004030300b000 0 00 00000000 0 0 0 000000000000001f 1fffffff b 1fffffff 1 04 1fffffff
000000000000001f 0013150055555500 1 15 00555555 0 0 0 0000000000000020 1fffffff f 1fffffff 0 00 1fffffff
0000000000000020 3420051500009000 0 00 00000000 0 0 0 0000000000000021 1fffffff 9 0e7a41cc 1 05 0e7a41cc
0000000000000021 107105040001f000 0 00 00000000 0 0 0 0000000000000022 1fffffff f 1fffffff 1 05 1fffffff
0000000000000022 340004030000f000 0 00 00000000 0 0 0 0000000000000023 1fffffff f 1fffffff 1 04 1fffffff
0000000000000023 10410305fffff000 0 00 00000000 0 0 0 0000000000000024 1fffffff f 1fffffff 1 03 1fffffff
0000000000000024 341105000000f000 0 00 00000000 0 0 0 0000000000000025 1fffffff f 1fffffff 1 05 1fffffff
0000000000000025 102002040200f000 0 00 00000000 0 0 0 0000000000000026 1fffffff f 1fffffff 1 02 1fffffff
0000000000000026 00131e0000000200 1 1e 00000002 0 0 0 0000000000000027 1fffffff f 1fffffff 0 00 1fffffff
0000000000000027 0023171700000100 1 17 00000001 0 0 0 0000000000000028 1fffffff f 1fffffff 0 00 1fffffff
0000000000000028 00731e1e00000100 1 1e 00000001 0 0 0 0000000000000029 1fffffff f 1fffffff 0 00 1fffffff
0000000000000029 0013180000000000 1 18 00000000 0 0 0 000000000000002a 1fffffff f 1fffffff 0 00 1fffffff
000000000000002a 0102001e18000000 0 00 00000000 4 0 0 000000000000002b 1fffffff f 1fffffff 0 00 1fffffff
000000000000002b 0215fffffb040000 0 00 00000000 4 0 1 0000000000000027 1fffffff f 1fffffff 0 00 1fffffff
0000000000000027 0023171700000100 1 17 00000002 4 0 0 0000000000000028 1fffffff f 1fffffff 0 00 1fffffff
0000000000000028 00731e1e00000100 1 1e 00000000 4 0 0 0000000000000029 1fffffff f 1fffffff 0 00 1fffffff
0000000000000029 0013180000000000 1 18 00000000 4 0 0 000000000000002a 1fffffff f 1fffffff 0 00 1fffffff
000000000000002a 0102001e18000000 0 00 00000000 5 1 0 000000000000002b 1fffffff f 1fffffff 0 00 1fffffff
000000000000002b 0215fffffb040000 0 00 00000000 5 1 0 000000000000002c 1fffffff f 1fffffff 0 00 1fffffff
000000000000002c 7cf5000000000000 0 00 00000000 5 1 0 000000000000002d 1fffffff f 1fffffff 0 00 1fffffff
DONE retired=50 fault=00 pc=000000000000002c
