0000000000000000 0013140000004d00 1 14 0000004d 0 0 0 0000000000000001 fffc0000 f fffc0000 0 00 fffc0000
0000000000000001 107104050021f000 0 00 00000000 0 0 0 0000000000000002 fffc0000 f fffc0000 1 04 fffc0000
0000000000000002 340004030000f000 0 00 00000000 0 0 0 0000000000000003 fffc0000 f fffc0000 1 04 fffc0000
0000000000000003 3400050200007000 0 00 00000000 0 0 0 0000000000000004 fffc0000 7 00000000 1 05 00000000
0000000000000004 101004050500a000 0 00 00000000 0 0 0 0000000000000005 fffc0000 a 80000000 1 04 80000000
0000000000000005 343005000000f000 0 00 00000000 0 0 0 0000000000000006 fffc0000 f fffc0000 1 05 fffc0000
0000000000000006 101106038000f000 0 00 00000000 0 0 0 0000000000000007 fffc0000 f fffc0000 1 06 fffc0000
0000000000000007 00131e0000000200 1 1e 00000002 0 0 0 0000000000000008 fffc0000 f fffc0000 0 00 fffc0000
0000000000000008 0023171700000100 1 17 00000001 0 0 0 0000000000000009 fffc0000 f fffc0000 0 00 fffc0000
0000000000000009 00731e1e00000100 1 1e 00000001 0 0 0 000000000000000a fffc0000 f fffc0000 0 00 fffc0000
000000000000000a 0013180000000000 1 18 00000000 0 0 0 000000000000000b fffc0000 f fffc0000 0 00 fffc0000
000000000000000b 0102001e18000000 0 00 00000000 4 0 0 000000000000000c fffc0000 f fffc0000 0 00 fffc0000
000000000000000c 0215fffffb040000 0 00 00000000 4 0 1 0000000000000008 fffc0000 f fffc0000 0 00 fffc0000
0000000000000008 0023171700000100 1 17 00000002 4 0 0 0000000000000009 fffc0000 f fffc0000 0 00 fffc0000
0000000000000009 00731e1e00000100 1 1e 00000000 4 0 0 000000000000000a fffc0000 f fffc0000 0 00 fffc0000
000000000000000a 0013180000000000 1 18 00000000 4 0 0 000000000000000b fffc0000 f fffc0000 0 00 fffc0000
000000000000000b 0102001e18000000 0 00 00000000 5 1 0 000000000000000c fffc0000 f fffc0000 0 00 fffc0000
000000000000000c 0215fffffb040000 0 00 00000000 5 1 0 000000000000000d fffc0000 f fffc0000 0 00 fffc0000
000000000000000d 7cf5000000000000 0 00 00000000 5 1 0 000000000000000e fffc0000 f fffc0000 0 00 fffc0000
DONE retired=19 fault=00 pc=000000000000000d
