0000000000000000 0013140000004d00 1 14 0000004d 0 0 0 0000000000000001 5234b67f f 5234b67f 0 00 5234b67f
0000000000000001 0013150000000100 1 15 00000001 0 0 0 0000000000000002 5234b67f f 5234b67f 0 00 5234b67f
0000000000000002 342004150000f000 0 00 00000000 0 0 0 0000000000000003 5234b67f f 5234b67f 1 04 5234b67f
0000000000000003 34110200fffff000 0 00 00000000 0 0 0 0000000000000004 5234b67f f 5234b67f 1 02 5234b67f
0000000000000004 107104020000f000 0 00 00000000 0 0 0 0000000000000005 5234b67f f 5234b67f 1 04 5234b67f
0000000000000005 343006000000f000 0 00 00000000 0 0 0 0000000000000006 5234b67f f 5234b67f 1 06 5234b67f
0000000000000006 340003020000f000 0 00 00000000 0 0 0 0000000000000007 5234b67f f 5234b67f 1 03 5234b67f
0000000000000007 101004030200f000 0 00 00000000 0 0 0 0000000000000008 5234b67f f 5234b67f 1 04 5234b67f
0000000000000008 1010040204007000 0 00 00000000 0 0 0 0000000000000009 5234b67f 7 50141455 1 04 50141455
0000000000000009 102006040300f000 0 00 00000000 0 0 0 000000000000000a 5234b67f f 5234b67f 1 06 5234b67f
000000000000000a 340002030000f000 0 00 00000000 0 0 0 000000000000000b 5234b67f f 5234b67f 1 02 5234b67f
000000000000000b 104104030001f000 0 00 00000000 0 0 0 000000000000000c 5234b67f f 5234b67f 1 04 5234b67f
000000000000000c 107106050001f000 0 00 00000000 0 0 0 000000000000000d 5234b67f f 5234b67f 1 06 5234b67f
000000000000000d 105005050200f000 0 00 00000000 0 0 0 000000000000000e 5234b67f f 5234b67f 1 05 5234b67f
000000000000000e 340003060000f000 0 00 00000000 0 0 0 000000000000000f 5234b67f f 5234b67f 1 03 5234b67f
000000000000000f 100002040500f000 0 00 00000000 0 0 0 0000000000000010 5234b67f f 5234b67f 1 02 5234b67f
0000000000000010 1030060203004000 0 00 00000000 0 0 0 0000000000000011 5234b67f 4 1030945f 1 06 1030945f
0000000000000011 107105040020f000 0 00 00000000 0 0 0 0000000000000012 5234b67f f 5234b67f 1 05 5234b67f
0000000000000012 340003020000f000 0 00 00000000 0 0 0 0000000000000013 5234b67f f 5234b67f 1 03 5234b67f
0000000000000013 34110600f3909000 0 00 00000000 0 0 0 0000000000000014 5234b67f 9 00000000 1 06 00000000
0000000000000014 34110200956df000 0 00 00000000 0 0 0 0000000000000015 5234b67f f 5234b67f 1 02 5234b67f
0000000000000015 341105002159f000 0 00 00000000 0 0 0 0000000000000016 5234b67f f 5234b67f 1 05 5234b67f
0000000000000016 104006060400f000 0 00 00000000 0 0 0 0000000000000017 5234b67f f 5234b67f 1 06 5234b67f
0000000000000017 103002040600f000 0 00 00000000 0 0 0 0000000000000018 5234b67f f 5234b67f 1 02 5234b67f
0000000000000018 106104040000f000 0 00 00000000 0 0 0 0000000000000019 5234b67f f 5234b67f 1 04 5234b67f
0000000000000019 10710505000ff000 0 00 00000000 0 0 0 000000000000001a 5234b67f f 5234b67f 1 05 5234b67f
000000000000001a 340002050000f000 0 00 00000000 0 0 0 000000000000001b 5234b67f f 5234b67f 1 02 5234b67f
000000000000001b 343006000000f000 0 00 00000000 0 0 0 000000000000001c 5234b67f f 5234b67f 1 06 5234b67f
000000000000001c 340004060000f000 0 00 00000000 0 0 0 000000000000001d 5234b67f f 5234b67f 1 04 5234b67f
000000000000001d 00131e0000000200 1 1e 00000002 0 0 0 000000000000001e 5234b67f f 5234b67f 0 00 5234b67f
000000000000001e 0023171700000100 1 17 00000001 0 0 0 000000000000001f 5234b67f f 5234b67f 0 00 5234b67f
000000000000001f 00731e1e00000100 1 1e 00000001 0 0 0 0000000000000020 5234b67f f 5234b67f 0 00 5234b67f
0000000000000020 0013180000000000 1 18 00000000 0 0 0 0000000000000021 5234b67f f 5234b67f 0 00 5234b67f
0000000000000021 0102001e18000000 0 00 00000000 4 0 0 0000000000000022 5234b67f f 5234b67f 0 00 5234b67f
0000000000000022 0215fffffb040000 0 00 00000000 4 0 1 000000000000001e 5234b67f f 5234b67f 0 00 5234b67f
000000000000001e 0023171700000100 1 17 00000002 4 0 0 000000000000001f 5234b67f f 5234b67f 0 00 5234b67f
000000000000001f 00731e1e00000100 1 1e 00000000 4 0 0 0000000000000020 5234b67f f 5234b67f 0 00 5234b67f
0000000000000020 0013180000000000 1 18 00000000 4 0 0 0000000000000021 5234b67f f 5234b67f 0 00 5234b67f
0000000000000021 0102001e18000000 0 00 00000000 5 1 0 0000000000000022 5234b67f f 5234b67f 0 00 5234b67f
0000000000000022 0215fffffb040000 0 00 00000000 5 1 0 0000000000000023 5234b67f f 5234b67f 0 00 5234b67f
0000000000000023 7cf5000000000000 0 00 00000000 5 1 0 0000000000000024 5234b67f f 5234b67f 0 00 5234b67f
DONE retired=41 fault=00 pc=0000000000000023
