0000000000000000 00131d0000000000 1 1d 00000000 0 0 0 0000000000000001
0000000000000001 0062061211000000 1 06 00000000 0 0 0 0000000000000002
0000000000000002 00a20c1209000000 1 0c 00000000 0 0 0 0000000000000003
0000000000000003 0092031400000000 1 03 ffffffff 0 0 0 0000000000000004
0000000000000004 0013020055555500 1 02 00555555 0 0 0 0000000000000005
0000000000000005 00620b0a12000000 1 0b 00000000 0 0 0 0000000000000006
0000000000000006 00a3061300000300 1 06 00000000 0 0 0 0000000000000007
0000000000000007 00b3111000001100 1 11 00000000 0 0 0 0000000000000008
0000000000000008 0063070e00001700 1 07 00000000 0 0 0 0000000000000009
0000000000000009 0102000502000000 0 00 00000000 2 0 0 000000000000000a
000000000000000a 02150000030b0000 0 00 00000000 2 0 1 000000000000000e
000000000000000e 8506000000000000 0 00 00000000 2 0 0 000000000000000f
000000000000000f 00a20e0410000000 1 0e 00000000 2 0 0 0000000000000010
0000000000000010 0013130084076900 1 13 ff840769 2 0 0 0000000000000011
0000000000000011 8506000000000000 0 00 00000000 2 0 0 0000000000000012
0000000000000012 00130f00519eb600 1 0f 00519eb6 2 0 0 0000000000000013
0000000000000013 8506000000000000 0 00 00000000 2 0 0 0000000000000014
0000000000000014 8506000000000000 0 00 00000000 2 0 0 0000000000000015
0000000000000015 8506000000000000 0 00 00000000 2 0 0 0000000000000016
0000000000000016 8506000000000000 0 00 00000000 2 0 0 0000000000000017
0000000000000017 0013020055555500 1 02 00555555 2 0 0 0000000000000018
0000000000000018 001303000e1e6400 1 03 000e1e64 2 0 0 0000000000000019
0000000000000019 0032050b05000000 1 05 00000000 2 0 0 000000000000001a
000000000000001a 0102000a0a000000 0 00 00000000 5 1 0 000000000000001b
000000000000001b 0215000001020000 0 00 00000000 5 1 0 000000000000001c
000000000000001c 8506000000000000 0 00 00000000 5 1 0 000000000000001d
000000000000001d 00131e0000000300 1 1e 00000003 5 1 0 000000000000001e
000000000000001e 0023151500000100 1 15 00000001 5 1 0 000000000000001f
000000000000001f 00731e1e00000100 1 1e 00000002 5 1 0 0000000000000020
0000000000000020 0102001e1d000000 0 00 00000000 4 0 0 0000000000000021
0000000000000021 0215fffffc040000 0 00 00000000 4 0 1 000000000000001e
000000000000001e 0023151500000100 1 15 00000002 4 0 0 000000000000001f
000000000000001f 00731e1e00000100 1 1e 00000001 4 0 0 0000000000000020
0000000000000020 0102001e1d000000 0 00 00000000 4 0 0 0000000000000021
0000000000000021 0215fffffc040000 0 00 00000000 4 0 1 000000000000001e
000000000000001e 0023151500000100 1 15 00000003 4 0 0 000000000000001f
000000000000001f 00731e1e00000100 1 1e 00000000 4 0 0 0000000000000020
0000000000000020 0102001e1d000000 0 00 00000000 5 1 0 0000000000000021
0000000000000021 0215fffffc040000 0 00 00000000 5 1 0 0000000000000022
0000000000000022 7cf5000000000000 0 00 00000000 5 1 0 0000000000000023
DONE retired=40 fault=00 pc=0000000000000022
