0000000000000000 00131d0000000000 1 1d 00000000 0 0 0 0000000000000001
0000000000000001 0013140050635000 1 14 00506350 0 0 0 0000000000000002
0000000000000002 0022090705000000 1 09 00000000 0 0 0 0000000000000003
0000000000000003 8506000000000000 0 00 00000000 0 0 0 0000000000000004
0000000000000004 0013010000000000 1 01 00000000 0 0 0 0000000000000005
0000000000000005 8506000000000000 0 00 00000000 0 0 0 0000000000000006
0000000000000006 0072010f0d000000 1 01 00000000 0 0 0 0000000000000007
0000000000000007 004205120e000000 1 05 00000000 0 0 0 0000000000000008
0000000000000008 00620c1011000000 1 0c 00000000 0 0 0 0000000000000009
0000000000000009 0013080000000000 1 08 00000000 0 0 0 000000000000000a
000000000000000a 0122000801000000 0 00 00000000 5 0 0 000000000000000b
000000000000000b 02150000010b0000 0 00 00000000 5 0 0 000000000000000c
000000000000000c 8506000000000000 0 00 00000000 5 0 0 000000000000000d
000000000000000d 8506000000000000 0 00 00000000 5 0 0 000000000000000e
000000000000000e 0112000514000000 0 00 00000000 2 1 0 000000000000000f
000000000000000f 02150000020d0000 0 00 00000000 2 1 1 0000000000000012
0000000000000012 00720c0609000000 1 0c 00000000 2 1 0 0000000000000013
0000000000000013 8506000000000000 0 00 00000000 2 1 0 0000000000000014
0000000000000014 00130400baae7900 1 04 ffbaae79 2 1 0 0000000000000015
0000000000000015 005212090e000000 1 12 00000000 2 1 0 0000000000000016
0000000000000016 00131000ba2b8500 1 10 ffba2b85 2 1 0 0000000000000017
0000000000000017 0306000000001200 1 12 00000000 2 1 0 0000000000000018
0000000000000018 8506000000000000 0 00 00000000 2 1 0 0000000000000019
0000000000000019 005211050d000000 1 11 00000000 2 1 0 000000000000001a
000000000000001a 00230b0ec77f2600 1 0b ffc77f26 2 1 0 000000000000001b
000000000000001b 0122000d06000000 0 00 00000000 5 0 0 000000000000001c
000000000000001c 0215000002040000 0 00 00000000 5 0 0 000000000000001d
000000000000001d 8506000000000000 0 00 00000000 5 0 0 000000000000001e
000000000000001e 8506000000000000 0 00 00000000 5 0 0 000000000000001f
000000000000001f 00420f030b000000 1 0f 00000000 5 0 0 0000000000000020
0000000000000020 00220e0c04000000 1 0e ffbaae79 5 0 0 0000000000000021
0000000000000021 00630c1000002000 1 0c ffba2b85 5 0 0 0000000000000022
0000000000000022 0013140000000000 1 14 00000000 5 0 0 0000000000000023
0000000000000023 00130600b50bb400 1 06 ffb50bb4 5 0 0 0000000000000024
0000000000000024 8506000000000000 0 00 00000000 5 0 0 0000000000000025
0000000000000025 0072050d03000000 1 05 00000000 5 0 0 0000000000000026
0000000000000026 00a205010a000000 1 05 00000000 5 0 0 0000000000000027
0000000000000027 00730510b1fb8600 1 05 00082fff 5 0 0 0000000000000028
0000000000000028 0063140f00000d00 1 14 00000000 5 0 0 0000000000000029
0000000000000029 00620b0912000000 1 0b 00000000 5 0 0 000000000000002a
000000000000002a 00b3060100001500 1 06 00000000 5 0 0 000000000000002b
000000000000002b 8506000000000000 0 00 00000000 5 0 0 000000000000002c
000000000000002c 00620d090a000000 1 0d 00000000 5 0 0 000000000000002d
000000000000002d 00131e0000000400 1 1e 00000004 5 0 0 000000000000002e
000000000000002e 0023151500000100 1 15 00000001 5 0 0 000000000000002f
000000000000002f 00731e1e00000100 1 1e 00000003 5 0 0 0000000000000030
0000000000000030 0102001e1d000000 0 00 00000000 4 0 0 0000000000000031
0000000000000031 0215fffffc040000 0 00 00000000 4 0 1 000000000000002e
000000000000002e 0023151500000100 1 15 00000002 4 0 0 000000000000002f
000000000000002f 00731e1e00000100 1 1e 00000002 4 0 0 0000000000000030
0000000000000030 0102001e1d000000 0 00 00000000 4 0 0 0000000000000031
0000000000000031 0215fffffc040000 0 00 00000000 4 0 1 000000000000002e
000000000000002e 0023151500000100 1 15 00000003 4 0 0 000000000000002f
000000000000002f 00731e1e00000100 1 1e 00000001 4 0 0 0000000000000030
0000000000000030 0102001e1d000000 0 00 00000000 4 0 0 0000000000000031
0000000000000031 0215fffffc040000 0 00 00000000 4 0 1 000000000000002e
000000000000002e 0023151500000100 1 15 00000004 4 0 0 000000000000002f
000000000000002f 00731e1e00000100 1 1e 00000000 4 0 0 0000000000000030
0000000000000030 0102001e1d000000 0 00 00000000 5 1 0 0000000000000031
0000000000000031 0215fffffc040000 0 00 00000000 5 1 0 0000000000000032
0000000000000032 7cf5000000000000 0 00 00000000 5 1 0 0000000000000033
DONE retired=61 fault=00 pc=0000000000000032
