0000000000000000 0013140000004d00 1 14 0000004d 0 0 0 0000000000000001 fffffe00 f fffffe00 0 00 fffffe00
0000000000000001 104006020300f000 0 00 00000000 0 0 0 0000000000000002 fffffe00 f fffffe00 1 06 fffffe00
0000000000000002 107103050020f000 0 00 00000000 0 0 0 0000000000000003 fffffe00 f fffffe00 1 03 fffffe00
0000000000000003 103004020200f000 0 00 00000000 0 0 0 0000000000000004 fffffe00 f fffffe00 1 04 fffffe00
0000000000000004 341105008000a000 0 00 00000000 0 0 0 0000000000000005 fffffe00 a 80000000 1 05 80000000
0000000000000005 340006040000f000 0 00 00000000 0 0 0 0000000000000006 fffffe00 f fffffe00 1 06 fffffe00
0000000000000006 105006050400f000 0 00 00000000 0 0 0 0000000000000007 fffffe00 f fffffe00 1 06 fffffe00
0000000000000007 00131500ffffff00 1 15 ffffffff 0 0 0 0000000000000008 fffffe00 f fffffe00 0 00 fffffe00
0000000000000008 342003150000f000 0 00 00000000 0 0 0 0000000000000009 fffffe00 f fffffe00 1 03 fffffe00
0000000000000009 00131600ffffff00 1 16 ffffffff 0 0 0 000000000000000a fffffe00 f fffffe00 0 00 fffffe00
000000000000000a 342006160000f000 0 00 00000000 0 0 0 000000000000000b fffffe00 f fffffe00 1 06 fffffe00
000000000000000b 108105060020f000 0 00 00000000 0 0 0 000000000000000c fffffe00 f fffffe00 1 05 fffffe00
000000000000000c 101003030600f000 0 00 00000000 0 0 0 000000000000000d fffffe00 f fffffe00 1 03 fffffe00
000000000000000d 10610406000ff000 0 00 00000000 0 0 0 000000000000000e fffffe00 f fffffe00 1 04 fffffe00
000000000000000e 00131e0000000100 1 1e 00000001 0 0 0 000000000000000f fffffe00 f fffffe00 0 00 fffffe00
000000000000000f 0023171700000100 1 17 00000001 0 0 0 0000000000000010 fffffe00 f fffffe00 0 00 fffffe00
0000000000000010 00731e1e00000100 1 1e 00000000 0 0 0 0000000000000011 fffffe00 f fffffe00 0 00 fffffe00
0000000000000011 0013180000000000 1 18 00000000 0 0 0 0000000000000012 fffffe00 f fffffe00 0 00 fffffe00
0000000000000012 0102001e18000000 0 00 00000000 5 1 0 0000000000000013 fffffe00 f fffffe00 0 00 fffffe00
0000000000000013 0215fffffb040000 0 00 00000000 5 1 0 0000000000000014 fffffe00 f fffffe00 0 00 fffffe00
0000000000000014 7cf5000000000000 0 00 00000000 5 1 0 0000000000000015 fffffe00 f fffffe00 0 00 fffffe00
DONE retired=21 fault=00 pc=0000000000000014
