0000000000000000 00131d0000000000 1 1d 00000000 0 0 0 0000000000000001
0000000000000001 8506000000000000 0 00 00000000 0 0 0 0000000000000002
0000000000000002 0013110000000000 1 11 00000000 0 0 0 0000000000000003
0000000000000003 0306000000000800 1 08 00000000 0 0 0 0000000000000004
0000000000000004 8506000000000000 0 00 00000000 0 0 0 0000000000000005
0000000000000005 00130200aaaaaa00 1 02 ffaaaaaa 0 0 0 0000000000000006
0000000000000006 8506000000000000 0 00 00000000 0 0 0 0000000000000007
0000000000000007 00130d000d347200 1 0d 000d3472 0 0 0 0000000000000008
0000000000000008 00b2070214000000 1 07 ffaaaaaa 0 0 0 0000000000000009
0000000000000009 0306000000001000 1 10 00000000 0 0 0 000000000000000a
000000000000000a 0013070000000000 1 07 00000000 0 0 0 000000000000000b
000000000000000b 0062080402000000 1 08 00000000 0 0 0 000000000000000c
000000000000000c 00320a110c000000 1 0a 00000000 0 0 0 000000000000000d
000000000000000d 8506000000000000 0 00 00000000 0 0 0 000000000000000e
000000000000000e 008201060c000000 1 01 00000000 0 0 0 000000000000000f
000000000000000f 0022140702000000 1 14 ffaaaaaa 0 0 0 0000000000000010
0000000000000010 001305006a9c1900 1 05 006a9c19 0 0 0 0000000000000011
0000000000000011 0092010400000000 1 01 ffffffff 0 0 0 0000000000000012
0000000000000012 00131e0000000300 1 1e 00000003 0 0 0 0000000000000013
0000000000000013 0023151500000100 1 15 00000001 0 0 0 0000000000000014
0000000000000014 00731e1e00000100 1 1e 00000002 0 0 0 0000000000000015
0000000000000015 0102001e1d000000 0 00 00000000 4 0 0 0000000000000016
0000000000000016 0215fffffc040000 0 00 00000000 4 0 1 0000000000000013
0000000000000013 0023151500000100 1 15 00000002 4 0 0 0000000000000014
0000000000000014 00731e1e00000100 1 1e 00000001 4 0 0 0000000000000015
0000000000000015 0102001e1d000000 0 00 00000000 4 0 0 0000000000000016
0000000000000016 0215fffffc040000 0 00 00000000 4 0 1 0000000000000013
0000000000000013 0023151500000100 1 15 00000003 4 0 0 0000000000000014
0000000000000014 00731e1e00000100 1 1e 00000000 4 0 0 0000000000000015
0000000000000015 0102001e1d000000 0 00 00000000 5 1 0 0000000000000016
0000000000000016 0215fffffc040000 0 00 00000000 5 1 0 0000000000000017
0000000000000017 7cf5000000000000 0 00 00000000 5 1 0 0000000000000018
DONE retired=32 fault=00 pc=0000000000000017
