0000000000000000 0013140000004d00 1 14 0000004d 0 0 0 0000000000000001 fffffff0 f fffffff0 0 00 fffffff0
0000000000000001 102002050400f000 0 00 00000000 0 0 0 0000000000000002 fffffff0 f fffffff0 1 02 fffffff0
0000000000000002 343006000000f000 0 00 00000000 0 0 0 0000000000000003 fffffff0 f fffffff0 1 06 fffffff0
0000000000000003 343005000000f000 0 00 00000000 0 0 0 0000000000000004 fffffff0 f fffffff0 1 05 fffffff0
0000000000000004 107102060018f000 0 00 00000000 0 0 0 0000000000000005 fffffff0 f fffffff0 1 02 fffffff0
0000000000000005 10010405fffff000 0 00 00000000 0 0 0 0000000000000006 fffffff0 f fffffff0 1 04 fffffff0
0000000000000006 100005040400f000 0 00 00000000 0 0 0 0000000000000007 fffffff0 f fffffff0 1 05 fffffff0
0000000000000007 00131600ffffff00 1 16 ffffffff 0 0 0 0000000000000008 fffffff0 f fffffff0 0 00 fffffff0
0000000000000008 342006160000f000 0 00 00000000 0 0 0 0000000000000009 fffffff0 f fffffff0 1 06 fffffff0
0000000000000009 108105060010f000 0 00 00000000 0 0 0 000000000000000a fffffff0 f fffffff0 1 05 fffffff0
000000000000000a 10610604000ff000 0 00 00000000 0 0 0 000000000000000b fffffff0 f fffffff0 1 06 fffffff0
000000000000000b 1000060303000000 0 00 00000000 0 0 0 000000000000000c fffffff0 0 aaaaaaa0 1 06 aaaaaaa0
000000000000000c 00131500ffffff00 1 15 ffffffff 0 0 0 000000000000000d fffffff0 f fffffff0 0 00 fffffff0
000000000000000d 342005150000f000 0 00 00000000 0 0 0 000000000000000e fffffff0 f fffffff0 1 05 fffffff0
000000000000000e 104003040600f000 0 00 00000000 0 0 0 000000000000000f fffffff0 f fffffff0 1 03 fffffff0
000000000000000f 341104009507f000 0 00 00000000 0 0 0 0000000000000010 fffffff0 f fffffff0 1 04 fffffff0
0000000000000010 10710302000ef000 0 00 00000000 0 0 0 0000000000000011 fffffff0 f fffffff0 1 03 fffffff0
0000000000000011 1040060604004000 0 00 00000000 0 0 0 0000000000000012 fffffff0 4 19cb54d0 1 06 19cb54d0
0000000000000012 00131600aaaaaa00 1 16 ffaaaaaa 0 0 0 0000000000000013 fffffff0 f fffffff0 0 00 fffffff0
0000000000000013 342003160000f000 0 00 00000000 0 0 0 0000000000000014 fffffff0 f fffffff0 1 03 fffffff0
0000000000000014 108105030010f000 0 00 00000000 0 0 0 0000000000000015 fffffff0 f fffffff0 1 05 fffffff0
0000000000000015 0013160000000000 1 16 00000000 0 0 0 0000000000000016 fffffff0 f fffffff0 0 00 fffffff0
0000000000000016 342006160000f000 0 00 00000000 0 0 0 0000000000000017 fffffff0 f fffffff0 1 06 fffffff0
0000000000000017 108103060021f000 0 00 00000000 0 0 0 0000000000000018 fffffff0 f fffffff0 1 03 fffffff0
0000000000000018 101004050600f000 0 00 00000000 0 0 0 0000000000000019 fffffff0 f fffffff0 1 04 fffffff0
0000000000000019 103006060200f000 0 00 00000000 0 0 0 000000000000001a fffffff0 f fffffff0 1 06 fffffff0
000000000000001a 343004000000f000 0 00 00000000 0 0 0 000000000000001b fffffff0 f fffffff0 1 04 fffffff0
000000000000001b 00131500ffffff00 1 15 ffffffff 0 0 0 000000000000001c fffffff0 f fffffff0 0 00 fffffff0
000000000000001c 342003150000f000 0 00 00000000 0 0 0 000000000000001d fffffff0 f fffffff0 1 03 fffffff0
000000000000001d 106106040020f000 0 00 00000000 0 0 0 000000000000001e fffffff0 f fffffff0 1 06 fffffff0
000000000000001e 10510305fffff000 0 00 00000000 0 0 0 000000000000001f fffffff0 f fffffff0 1 03 fffffff0
000000000000001f 3411030070a60000 0 00 00000000 0 0 0 0000000000000020 fffffff0 0 aaaaaaa0 1 03 aaaaaaa0
0000000000000020 105002030400f000 0 00 00000000 0 0 0 0000000000000021 fffffff0 f fffffff0 1 02 fffffff0
0000000000000021 0013160000000000 1 16 00000000 0 0 0 0000000000000022 fffffff0 f fffffff0 0 00 fffffff0
0000000000000022 342006160000f000 0 00 00000000 0 0 0 0000000000000023 fffffff0 f fffffff0 1 06 fffffff0
0000000000000023 108106060001f000 0 00 00000000 0 0 0 0000000000000024 fffffff0 f fffffff0 1 06 fffffff0
0000000000000024 10710502003ff000 0 00 00000000 0 0 0 0000000000000025 fffffff0 f fffffff0 1 05 fffffff0
0000000000000025 0013150000000000 1 15 00000000 0 0 0 0000000000000026 fffffff0 f fffffff0 0 00 fffffff0
0000000000000026 342006150000f000 0 00 00000000 0 0 0 0000000000000027 fffffff0 f fffffff0 1 06 fffffff0
0000000000000027 102005050400f000 0 00 00000000 0 0 0 0000000000000028 fffffff0 f fffffff0 1 05 fffffff0
0000000000000028 103003060600f000 0 00 00000000 0 0 0 0000000000000029 fffffff0 f fffffff0 1 03 fffffff0
0000000000000029 105106030000f000 0 00 00000000 0 0 0 000000000000002a fffffff0 f fffffff0 1 06 fffffff0
000000000000002a 00131e0000000100 1 1e 00000001 0 0 0 000000000000002b fffffff0 f fffffff0 0 00 fffffff0
000000000000002b 0023171700000100 1 17 00000001 0 0 0 000000000000002c fffffff0 f fffffff0 0 00 fffffff0
000000000000002c 00731e1e00000100 1 1e 00000000 0 0 0 000000000000002d fffffff0 f fffffff0 0 00 fffffff0
000000000000002d 0013180000000000 1 18 00000000 0 0 0 000000000000002e fffffff0 f fffffff0 0 00 fffffff0
000000000000002e 0102001e18000000 0 00 00000000 5 1 0 000000000000002f fffffff0 f fffffff0 0 00 fffffff0
000000000000002f 0215fffffb040000 0 00 00000000 5 1 0 0000000000000030 fffffff0 f fffffff0 0 00 fffffff0
0000000000000030 7cf5000000000000 0 00 00000000 5 1 0 0000000000000031 fffffff0 f fffffff0 0 00 fffffff0
DONE retired=49 fault=00 pc=0000000000000030
