0000000000000000 00131d0000000000 1 1d 00000000 0 0 0 0000000000000001
0000000000000001 0072050708000000 1 05 00000000 0 0 0 0000000000000002
0000000000000002 0032100206000000 1 10 00000000 0 0 0 0000000000000003
0000000000000003 8506000000000000 0 00 00000000 0 0 0 0000000000000004
0000000000000004 0082141401000000 1 14 00000000 0 0 0 0000000000000005
0000000000000005 0306000000001400 1 14 00000000 0 0 0 0000000000000006
0000000000000006 0013010000000000 1 01 00000000 0 0 0 0000000000000007
0000000000000007 00130f005ee92700 1 0f 005ee927 0 0 0 0000000000000008
0000000000000008 00a3110e00001b00 1 11 00000000 0 0 0 0000000000000009
0000000000000009 0032021106000000 1 02 00000000 0 0 0 000000000000000a
000000000000000a 0306000000000c00 1 0c 00000000 0 0 0 000000000000000b
000000000000000b 00131e0000000300 1 1e 00000003 0 0 0 000000000000000c
000000000000000c 0023151500000100 1 15 00000001 0 0 0 000000000000000d
000000000000000d 00731e1e00000100 1 1e 00000002 0 0 0 000000000000000e
000000000000000e 0102001e1d000000 0 00 00000000 4 0 0 000000000000000f
000000000000000f 0215fffffc040000 0 00 00000000 4 0 1 000000000000000c
000000000000000c 0023151500000100 1 15 00000002 4 0 0 000000000000000d
000000000000000d 00731e1e00000100 1 1e 00000001 4 0 0 000000000000000e
000000000000000e 0102001e1d000000 0 00 00000000 4 0 0 000000000000000f
000000000000000f 0215fffffc040000 0 00 00000000 4 0 1 000000000000000c
000000000000000c 0023151500000100 1 15 00000003 4 0 0 000000000000000d
000000000000000d 00731e1e00000100 1 1e 00000000 4 0 0 000000000000000e
000000000000000e 0102001e1d000000 0 00 00000000 5 1 0 000000000000000f
000000000000000f 0215fffffc040000 0 00 00000000 5 1 0 0000000000000010
0000000000000010 7cf5000000000000 0 00 00000000 5 1 0 0000000000000011
DONE retired=25 fault=00 pc=0000000000000010
