0000000000000000 343001000000f000 0 00 00000000 0 0 0 0 0 0 0000000000000001 ffffffff f ffffffff 1 01
0000000000000001 341107000001f000 0 00 00000000 0 0 0 0 0 0 0000000000000002 ffffffff f ffffffff 1 07
0000000000000002 34110c000003f000 0 00 00000000 0 0 0 0 0 0 0000000000000003 ffffffff f ffffffff 1 0c
0000000000000003 34110d000003f000 0 00 00000000 0 0 0 0 0 0 0000000000000004 ffffffff f ffffffff 1 0d
0000000000000004 10300c010d00f000 0 00 00000000 0 0 0 0 0 0 0000000000000005 ffffffff f ffffffff 1 0c
0000000000000005 10000c0c0700f000 0 00 00000000 0 0 0 0 0 0 0000000000000006 ffffffff f ffffffff 1 0c
0000000000000006 34110a000000f000 0 00 00000000 0 0 0 0 0 0 0000000000000007 ffffffff f ffffffff 1 0a
0000000000000007 7c85000007000000 0 00 00000000 0 0 0 0 0 0 0000000000000008 ffffffff f ffffffff 0 00
0000000000000008 3059e0a0c0000000 0 00 00000000 0 0 0 0 0 0 0000000000000009 ffffffff f ffffffff 0 00
0000000000000009 3029d0a0c0000000 0 00 00000000 0 0 0 0 0 0 000000000000000a ffffffff f ffffffff 0 00
000000000000000a 304940a070000000 0 00 00000000 0 0 0 0 0 0 000000000000000b ffffffff f ffffffff 0 00
000000000000000b 7c15000000400001 0 00 00000000 0 0 0 0 0 0 000000000000000c ffffffff f ffffffff 0 00
000000000000000c 10400c040500f000 0 00 00000000 0 0 0 0 0 0 000000000000000d ffffffff f ffffffff 1 0c
000000000000000d 7c25000000000000 0 00 00000000 0 0 0 0 0 0 000000000000000e ffffffff f ffffffff 0 00
000000000000000e 10000a0a0700f000 0 00 00000000 0 0 0 0 0 0 000000000000000f ffffffff f ffffffff 1 0a
000000000000000f 7c95fffff8d00000 0 00 00000000 0 0 0 0 0 0 0000000000000008 ffffffff f ffffffff 0 00
0000000000000008 3059e0a0c0000000 0 00 00000000 0 0 0 0 0 0 0000000000000009 ffffffff f ffffffff 0 00
0000000000000009 3029d0a0c0000000 0 00 00000000 0 0 0 0 0 0 000000000000000a ffffffff f ffffffff 0 00
000000000000000a 304940a070000000 0 00 00000000 0 0 0 0 0 0 000000000000000b ffffffff f ffffffff 0 00
000000000000000b 7c15000000400001 0 00 00000000 0 0 0 0 0 0 000000000000000c ffffffff f ffffffff 0 00
000000000000000c 10400c040500f000 0 00 00000000 0 0 0 0 0 0 000000000000000d ffffffff f ffffffff 1 0c
000000000000000d 7c25000000000000 0 00 00000000 0 0 0 0 0 0 000000000000000e ffffffff f ffffffff 0 00
000000000000000e 10000a0a0700f000 0 00 00000000 0 0 0 0 0 0 000000000000000f ffffffff f ffffffff 1 0a
000000000000000f 7c95fffff8d00000 0 00 00000000 0 0 0 0 0 0 0000000000000010 ffffffff f ffffffff 0 00
0000000000000010 304960b070000000 0 00 00000000 0 0 0 0 0 0 0000000000000011 ffffffff f ffffffff 0 00
0000000000000011 7c1500004b60004d 0 00 00000000 0 0 0 0 0 0 000000000000005d ffffffff f ffffffff 0 00
000000000000005d 110003040700f000 0 00 00000000 0 0 0 0 0 0 000000000000005e ffffffff f ffffffff 1 03
000000000000005e 0023060600000400 1 06 00000004 0 0 0 0 0 0 000000000000005f ffffffff f ffffffff 0 00
000000000000005f 7c25000000000000 0 00 00000000 0 0 0 0 0 0 0000000000000060 ffffffff f ffffffff 0 00
0000000000000060 3019d030c0000000 0 00 00000000 0 0 0 0 0 0 0000000000000061 ffffffff f ffffffff 0 00
0000000000000061 7c1500000fd000f3 0 00 00000000 0 0 0 0 0 0 0000000000000071 ffffffff f ffffffff 0 00
0000000000000071 3049b01070000000 0 00 00000000 0 0 0 0 0 0 0000000000000072 ffffffff f ffffffff 0 00
0000000000000072 7c15000039b000e0 0 00 00000000 0 0 0 0 0 0 0000000000000073 fffffffc f fffffffc 0 00
0000000000000073 3019c0b0c0000000 0 00 00000000 0 0 0 0 0 0 0000000000000074 fffffffc f fffffffc 0 00
0000000000000074 7c15000034c00035 0 00 00000000 0 0 0 0 0 0 00000000000000a9 fffffffc f fffffffc 0 00
00000000000000a9 101005070300f000 0 00 00000000 0 0 0 0 0 0 00000000000000aa fffffffc f fffffffc 1 05
00000000000000aa 7c25000000000000 0 00 00000000 0 0 0 0 0 0 00000000000000ab fffffffc f fffffffc 0 00
00000000000000ab 02050000a7000000 0 00 00000000 0 0 0 0 0 1 0000000000000153 fffffffc f fffffffc 0 00
0000000000000153 7c25000000000000 0 00 00000000 0 0 0 0 0 0 00000000000000ac 00000003 f 00000003 0 00
00000000000000ac 3009b03070000000 0 00 00000000 0 0 0 0 0 0 00000000000000ad 00000003 f 00000003 0 00
00000000000000ad 7c15000068b00097 0 00 00000000 0 0 0 0 0 0 0000000000000116 00000003 f 00000003 0 00
0000000000000116 30592010c0000000 0 00 00000000 0 0 0 0 0 0 0000000000000117 00000003 f 00000003 0 00
0000000000000117 7c1500000820002c 0 00 00000000 0 0 0 0 0 0 0000000000000118 00000003 f 00000003 0 00
0000000000000118 0023060600000200 1 06 00000006 0 0 0 0 0 0 0000000000000119 00000003 f 00000003 0 00
0000000000000119 3059d030c0000000 0 00 00000000 0 0 0 0 0 0 000000000000011a 00000003 f 00000003 0 00
000000000000011a 7c15000002d00003 0 00 00000000 0 0 0 0 0 0 000000000000011b 00000003 f 00000003 0 00
000000000000011b 341104000007f000 0 00 00000000 0 0 0 0 0 0 000000000000011c 00000003 f 00000003 1 04
000000000000011c 0205000001000000 0 00 00000000 0 0 0 0 0 1 000000000000011e 00000003 f 00000003 0 00
000000000000011e 7c25000000000000 0 00 00000000 0 0 0 0 0 0 000000000000011f 00000003 f 00000003 0 00
000000000000011f 0205000024000000 0 00 00000000 0 0 0 0 0 1 0000000000000144 00000003 f 00000003 0 00
0000000000000144 7c25000000000000 0 00 00000000 0 0 0 0 0 0 0000000000000145 00000003 f 00000003 0 00
0000000000000145 7c25000000000000 0 00 00000000 0 0 0 0 0 0 0000000000000146 00000003 f 00000003 0 00
0000000000000146 34110d000001f000 0 00 00000000 0 0 0 0 0 0 0000000000000147 00000003 f 00000003 1 0d
0000000000000147 10300c010d00f000 0 00 00000000 0 0 0 0 0 0 0000000000000148 00000003 f 00000003 1 0c
0000000000000148 10000c0c0700f000 0 00 00000000 0 0 0 0 0 0 0000000000000149 00000003 f 00000003 1 0c
0000000000000149 34110a000000f000 0 00 00000000 0 0 0 0 0 0 000000000000014a 00000003 f 00000003 1 0a
000000000000014a 7c85000007000000 0 00 00000000 0 0 0 0 0 0 000000000000014b 00000003 f 00000003 0 00
000000000000014b 3059e0a0c0000000 0 00 00000000 0 0 0 0 0 0 000000000000014c 00000003 f 00000003 0 00
000000000000014c 3029d0a0c0000000 0 00 00000000 0 0 0 0 0 0 000000000000014d 00000003 f 00000003 0 00
000000000000014d 300990a070000000 0 00 00000000 0 0 0 0 0 0 000000000000014e 00000003 f 00000003 0 00
000000000000014e 7c15000000900001 0 00 00000000 0 0 0 0 0 0 000000000000014f 00000003 f 00000003 0 00
000000000000014f 111003010700f000 0 00 00000000 0 0 0 0 0 0 0000000000000150 00000003 f 00000003 1 03
0000000000000150 7c25000000000000 0 00 00000000 0 0 0 0 0 0 0000000000000151 00000003 f 00000003 0 00
0000000000000151 10000a0a0700f000 0 00 00000000 0 0 0 0 0 0 0000000000000152 00000003 f 00000003 1 0a
0000000000000152 7c95fffff8d00000 0 00 00000000 0 0 0 0 0 0 000000000000014b 00000003 f 00000003 0 00
000000000000014b 3059e0a0c0000000 0 00 00000000 0 0 0 0 0 0 000000000000014c 00000003 f 00000003 0 00
000000000000014c 3029d0a0c0000000 0 00 00000000 0 0 0 0 0 0 000000000000014d 00000003 f 00000003 0 00
000000000000014d 300990a070000000 0 00 00000000 0 0 0 0 0 0 000000000000014e 00000003 f 00000003 0 00
000000000000014e 7c15000000900001 0 00 00000000 0 0 0 0 0 0 000000000000014f 00000003 f 00000003 0 00
000000000000014f 111003010700f000 0 00 00000000 0 0 0 0 0 0 0000000000000150 00000003 f 00000003 1 03
0000000000000150 7c25000000000000 0 00 00000000 0 0 0 0 0 0 0000000000000151 00000003 f 00000003 0 00
0000000000000151 10000a0a0700f000 0 00 00000000 0 0 0 0 0 0 0000000000000152 00000003 f 00000003 1 0a
0000000000000152 7c95fffff8d00000 0 00 00000000 0 0 0 0 0 0 000000000000014b 00000002 f 00000002 0 00
000000000000014b 3059e0a0c0000000 0 00 00000000 0 0 0 0 0 0 000000000000014c 00000002 f 00000002 0 00
000000000000014c 3029d0a0c0000000 0 00 00000000 0 0 0 0 0 0 000000000000014d 00000002 f 00000002 0 00
000000000000014d 300990a070000000 0 00 00000000 0 0 0 0 0 0 000000000000014e 00000002 f 00000002 0 00
000000000000014e 7c15000000900001 0 00 00000000 0 0 0 0 0 0 000000000000014f 00000002 f 00000002 0 00
000000000000014f 111003010700f000 0 00 00000000 0 0 0 0 0 0 0000000000000150 00000002 f 00000002 1 03
0000000000000150 7c25000000000000 0 00 00000000 0 0 0 0 0 0 0000000000000151 00000002 f 00000002 0 00
0000000000000151 10000a0a0700f000 0 00 00000000 0 0 0 0 0 0 0000000000000152 00000002 f 00000002 1 0a
0000000000000152 7c95fffff8d00000 0 00 00000000 0 0 0 0 0 0 0000000000000153 00000003 f 00000003 0 00
0000000000000153 7c25000000000000 0 00 00000000 0 0 0 0 0 0 0000000000000154 ffffffff f ffffffff 0 00
0000000000000154 10100c0c0300f000 0 00 00000000 0 0 0 0 0 0 0000000000000155 ffffffff f ffffffff 1 0c
0000000000000155 7c25000000000000 0 00 00000000 0 0 0 0 0 0 0000000000000156 ffffffff f ffffffff 0 00
0000000000000156 7cf5000000000000 0 00 00000000 0 0 0 0 0 0 0000000000000157 ffffffff f ffffffff 0 00
