0000000000000000 00131d0000000000 1 1d 00000000 0 0 0 0000000000000001
0000000000000001 0306000000001400 1 14 00000000 0 0 0 0000000000000002
0000000000000002 00230d0500000000 1 0d 00000000 0 0 0 0000000000000003
0000000000000003 00520b0806000000 1 0b 00000000 0 0 0 0000000000000004
0000000000000004 8506000000000000 0 00 00000000 0 0 0 0000000000000005
0000000000000005 8506000000000000 0 00 00000000 0 0 0 0000000000000006
0000000000000006 001303005c76e100 1 03 005c76e1 0 0 0 0000000000000007
0000000000000007 00920e1000000000 1 0e ffffffff 0 0 0 0000000000000008
0000000000000008 0013110080a2be00 1 11 ff80a2be 0 0 0 0000000000000009
0000000000000009 0122000f08000000 0 00 00000000 5 0 0 000000000000000a
000000000000000a 0215000002030000 0 00 00000000 5 0 1 000000000000000d
000000000000000d 00520f0a0a000000 1 0f 00000000 5 0 0 000000000000000e
000000000000000e 8506000000000000 0 00 00000000 5 0 0 000000000000000f
000000000000000f 8506000000000000 0 00 00000000 5 0 0 0000000000000010
0000000000000010 0306000000000500 1 05 00000000 5 0 0 0000000000000011
0000000000000011 8506000000000000 0 00 00000000 5 0 0 0000000000000012
0000000000000012 00131300ffffff00 1 13 ffffffff 5 0 0 0000000000000013
0000000000000013 004204130e000000 1 04 ffffffff 5 0 0 0000000000000014
0000000000000014 0102001403000000 0 00 00000000 2 0 0 0000000000000015
0000000000000015 0215000003030000 0 00 00000000 2 0 0 0000000000000016
0000000000000016 8506000000000000 0 00 00000000 2 0 0 0000000000000017
0000000000000017 8506000000000000 0 00 00000000 2 0 0 0000000000000018
0000000000000018 8506000000000000 0 00 00000000 2 0 0 0000000000000019
0000000000000019 0032060405000000 1 06 00000000 2 0 0 000000000000001a
000000000000001a 0306000000000c00 1 0c 00000000 2 0 0 000000000000001b
000000000000001b 002201080c000000 1 01 00000000 2 0 0 000000000000001c
000000000000001c 8506000000000000 0 00 00000000 2 0 0 000000000000001d
000000000000001d 0306000000000500 1 05 00000000 2 0 0 000000000000001e
000000000000001e 0013060012b90400 1 06 0012b904 2 0 0 000000000000001f
000000000000001f 00b30b0100001e00 1 0b 00000000 2 0 0 0000000000000020
0000000000000020 8506000000000000 0 00 00000000 2 0 0 0000000000000021
0000000000000021 0032140107000000 1 14 00000000 2 0 0 0000000000000022
0000000000000022 0306000000001000 1 10 00000000 2 0 0 0000000000000023
0000000000000023 0112000809000000 0 00 00000000 5 0 0 0000000000000024
0000000000000024 02150000030e0000 0 00 00000000 5 0 1 0000000000000028
0000000000000028 00a2090b08000000 1 09 00000000 5 0 0 0000000000000029
0000000000000029 00131e0000000100 1 1e 00000001 5 0 0 000000000000002a
000000000000002a 0023151500000100 1 15 00000001 5 0 0 000000000000002b
000000000000002b 00731e1e00000100 1 1e 00000000 5 0 0 000000000000002c
000000000000002c 0102001e1d000000 0 00 00000000 5 1 0 000000000000002d
000000000000002d 0215fffffc040000 0 00 00000000 5 1 0 000000000000002e
000000000000002e 7cf5000000000000 0 00 00000000 5 1 0 000000000000002f
DONE retired=42 fault=00 pc=000000000000002e
