0000000000000000 0013140000004d00 1 14 0000004d 0 0 0 0000000000000001 135eec44 f 135eec44 0 00 135eec44
0000000000000001 1050050405003000 0 00 00000000 0 0 0 0000000000000002 135eec44 3 135eec44 1 05 135eec44
0000000000000002 104003050300f000 0 00 00000000 0 0 0 0000000000000003 135eec44 f 135eec44 1 03 135eec44
0000000000000003 10610504001ff000 0 00 00000000 0 0 0 0000000000000004 135eec44 f 135eec44 1 05 135eec44
0000000000000004 00131500ffffff00 1 15 ffffffff 0 0 0 0000000000000005 135eec44 f 135eec44 0 00 135eec44
0000000000000005 342004150000f000 0 00 00000000 0 0 0 0000000000000006 135eec44 f 135eec44 1 04 135eec44
0000000000000006 1050060605006000 0 00 00000000 0 0 0 0000000000000007 135eec44 6 020aa800 1 06 020aa800
0000000000000007 10610402000af000 0 00 00000000 0 0 0 0000000000000008 135eec44 f 135eec44 1 04 135eec44
0000000000000008 107106020021f000 0 00 00000000 0 0 0 0000000000000009 135eec44 f 135eec44 1 06 135eec44
0000000000000009 00131500ffffff00 1 15 ffffffff 0 0 0 000000000000000a 135eec44 f 135eec44 0 00 135eec44
000000000000000a 3420061500005000 0 00 00000000 0 0 0 000000000000000b 135eec44 5 135eec44 1 06 135eec44
000000000000000b 103003040300f000 0 00 00000000 0 0 0 000000000000000c 135eec44 f 135eec44 1 03 135eec44
000000000000000c 104106037ffff000 0 00 00000000 0 0 0 000000000000000d 135eec44 f 135eec44 1 06 135eec44
000000000000000d 107106020010f000 0 00 00000000 0 0 0 000000000000000e 135eec44 f 135eec44 1 06 135eec44
000000000000000e 100002030600f000 0 00 00000000 0 0 0 000000000000000f 135eec44 f 135eec44 1 02 135eec44
000000000000000f 00131600ffffff00 1 16 ffffffff 0 0 0 0000000000000010 135eec44 f 135eec44 0 00 135eec44
0000000000000010 342006160000f000 0 00 00000000 0 0 0 0000000000000011 135eec44 f 135eec44 1 06 135eec44
0000000000000011 108105060000f000 0 00 00000000 0 0 0 0000000000000012 135eec44 f 135eec44 1 05 135eec44
0000000000000012 107105020021f000 0 00 00000000 0 0 0 0000000000000013 135eec44 f 135eec44 1 05 135eec44
0000000000000013 340003040000f000 0 00 00000000 0 0 0 0000000000000014 135eec44 f 135eec44 1 03 135eec44
0000000000000014 340005060000f000 0 00 00000000 0 0 0 0000000000000015 135eec44 f 135eec44 1 05 135eec44
0000000000000015 340005060000f000 0 00 00000000 0 0 0 0000000000000016 135eec44 f 135eec44 1 05 135eec44
0000000000000016 343003000000f000 0 00 00000000 0 0 0 0000000000000017 135eec44 f 135eec44 1 03 135eec44
0000000000000017 10010304fffff000 0 00 00000000 0 0 0 0000000000000018 135eec44 f 135eec44 1 03 135eec44
0000000000000018 00131e0000000300 1 1e 00000003 0 0 0 0000000000000019 135eec44 f 135eec44 0 00 135eec44
0000000000000019 0023171700000100 1 17 00000001 0 0 0 000000000000001a 135eec44 f 135eec44 0 00 135eec44
000000000000001a 00731e1e00000100 1 1e 00000002 0 0 0 000000000000001b 135eec44 f 135eec44 0 00 135eec44
000000000000001b 0013180000000000 1 18 00000000 0 0 0 000000000000001c 135eec44 f 135eec44 0 00 135eec44
000000000000001c 0102001e18000000 0 00 00000000 4 0 0 000000000000001d 135eec44 f 135eec44 0 00 135eec44
000000000000001d 0215fffffb040000 0 00 00000000 4 0 1 0000000000000019 135eec44 f 135eec44 0 00 135eec44
0000000000000019 0023171700000100 1 17 00000002 4 0 0 000000000000001a 135eec44 f 135eec44 0 00 135eec44
000000000000001a 00731e1e00000100 1 1e 00000001 4 0 0 000000000000001b 135eec44 f 135eec44 0 00 135eec44
000000000000001b 0013180000000000 1 18 00000000 4 0 0 000000000000001c 135eec44 f 135eec44 0 00 135eec44
000000000000001c 0102001e18000000 0 00 00000000 4 0 0 000000000000001d 135eec44 f 135eec44 0 00 135eec44
000000000000001d 0215fffffb040000 0 00 00000000 4 0 1 0000000000000019 135eec44 f 135eec44 0 00 135eec44
0000000000000019 0023171700000100 1 17 00000003 4 0 0 000000000000001a 135eec44 f 135eec44 0 00 135eec44
000000000000001a 00731e1e00000100 1 1e 00000000 4 0 0 000000000000001b 135eec44 f 135eec44 0 00 135eec44
000000000000001b 0013180000000000 1 18 00000000 4 0 0 000000000000001c 135eec44 f 135eec44 0 00 135eec44
000000000000001c 0102001e18000000 0 00 00000000 5 1 0 000000000000001d 135eec44 f 135eec44 0 00 135eec44
000000000000001d 0215fffffb040000 0 00 00000000 5 1 0 000000000000001e 135eec44 f 135eec44 0 00 135eec44
000000000000001e 7cf5000000000000 0 00 00000000 5 1 0 000000000000001f 135eec44 f 135eec44 0 00 135eec44
DONE retired=41 fault=00 pc=000000000000001e
