0000000000000000 0013140000004d00 1 14 0000004d 0 0 0 0000000000000001 326ebdf0 f 326ebdf0 0 00 326ebdf0
0000000000000001 10710504001ff000 0 00 00000000 0 0 0 0000000000000002 326ebdf0 f 326ebdf0 1 05 326ebdf0
0000000000000002 341105007ffff000 0 00 00000000 0 0 0 0000000000000003 326ebdf0 f 326ebdf0 1 05 326ebdf0
0000000000000003 0013160055555500 1 16 00555555 0 0 0 0000000000000004 326ebdf0 f 326ebdf0 0 00 326ebdf0
0000000000000004 342006160000f000 0 00 00000000 0 0 0 0000000000000005 326ebdf0 f 326ebdf0 1 06 326ebdf0
0000000000000005 10810306003ff000 0 00 00000000 0 0 0 0000000000000006 326ebdf0 f 326ebdf0 1 03 326ebdf0
0000000000000006 00131500aaaaaa00 1 15 ffaaaaaa 0 0 0 0000000000000007 326ebdf0 f 326ebdf0 0 00 326ebdf0
0000000000000007 342003150000f000 0 00 00000000 0 0 0 0000000000000008 326ebdf0 f 326ebdf0 1 03 326ebdf0
0000000000000008 0013150000000100 1 15 00000001 0 0 0 0000000000000009 326ebdf0 f 326ebdf0 0 00 326ebdf0
0000000000000009 342004150000f000 0 00 00000000 0 0 0 000000000000000a 326ebdf0 f 326ebdf0 1 04 326ebdf0
000000000000000a 10310302fffff000 0 00 00000000 0 0 0 000000000000000b 326ebdf0 f 326ebdf0 1 03 326ebdf0
000000000000000b 00131500aaaaaa00 1 15 ffaaaaaa 0 0 0 000000000000000c 326ebdf0 f 326ebdf0 0 00 326ebdf0
000000000000000c 3420051500003000 0 00 00000000 0 0 0 000000000000000d 326ebdf0 3 126cac10 1 05 126cac10
000000000000000d 100005020500f000 0 00 00000000 0 0 0 000000000000000e 326ebdf0 f 326ebdf0 1 05 326ebdf0
000000000000000e 0013150000000000 1 15 00000000 0 0 0 000000000000000f 326ebdf0 f 326ebdf0 0 00 326ebdf0
000000000000000f 342005150000d000 0 00 00000000 0 0 0 0000000000000010 326ebdf0 d 326ebdf0 1 05 326ebdf0
0000000000000010 00131e0000000100 1 1e 00000001 0 0 0 0000000000000011 326ebdf0 f 326ebdf0 0 00 326ebdf0
0000000000000011 0023171700000100 1 17 00000001 0 0 0 0000000000000012 326ebdf0 f 326ebdf0 0 00 326ebdf0
0000000000000012 00731e1e00000100 1 1e 00000000 0 0 0 0000000000000013 326ebdf0 f 326ebdf0 0 00 326ebdf0
0000000000000013 0013180000000000 1 18 00000000 0 0 0 0000000000000014 326ebdf0 f 326ebdf0 0 00 326ebdf0
0000000000000014 0102001e18000000 0 00 00000000 5 1 0 0000000000000015 326ebdf0 f 326ebdf0 0 00 326ebdf0
0000000000000015 0215fffffb040000 0 00 00000000 5 1 0 0000000000000016 326ebdf0 f 326ebdf0 0 00 326ebdf0
0000000000000016 7cf5000000000000 0 00 00000000 5 1 0 0000000000000017 326ebdf0 f 326ebdf0 0 00 326ebdf0
DONE retired=23 fault=00 pc=0000000000000016
