0000000000000000 0013140000004d00 1 14 0000004d 0 0 0 0000000000000001 00000001 f 00000001 0 00 00000001
0000000000000001 34110600741f6000 0 00 00000000 0 0 0 0000000000000002 00000001 6 00000000 1 06 00000000
0000000000000002 100003050400f000 0 00 00000000 0 0 0 0000000000000003 00000001 f 00000001 1 03 00000001
0000000000000003 0013160055555500 1 16 00555555 0 0 0 0000000000000004 00000001 f 00000001 0 00 00000001
0000000000000004 342004160000f000 0 00 00000000 0 0 0 0000000000000005 00000001 f 00000001 1 04 00000001
0000000000000005 10810504001ff000 0 00 00000000 0 0 0 0000000000000006 00000001 f 00000001 1 05 00000001
0000000000000006 101005050600f000 0 00 00000000 0 0 0 0000000000000007 00000001 f 00000001 1 05 00000001
0000000000000007 102003060300d000 0 00 00000000 0 0 0 0000000000000008 00000001 d 00000001 1 03 00000001
0000000000000008 34110400edb2f000 0 00 00000000 0 0 0 0000000000000009 00000001 f 00000001 1 04 00000001
0000000000000009 103104068000f000 0 00 00000000 0 0 0 000000000000000a 00000001 f 00000001 1 04 00000001
000000000000000a 340002020000a000 0 00 00000000 0 0 0 000000000000000b 00000001 a 00000000 1 02 00000000
000000000000000b 341104007b61f000 0 00 00000000 0 0 0 000000000000000c 00000001 f 00000001 1 04 00000001
000000000000000c 0013150000000000 1 15 00000000 0 0 0 000000000000000d 00000001 f 00000001 0 00 00000001
000000000000000d 342002150000f000 0 00 00000000 0 0 0 000000000000000e 00000001 f 00000001 1 02 00000001
000000000000000e 100006030200f000 0 00 00000000 0 0 0 000000000000000f 00000001 f 00000001 1 06 00000001
000000000000000f 343002000000f000 0 00 00000000 0 0 0 0000000000000010 00000001 f 00000001 1 02 00000001
0000000000000010 00131600ffffff00 1 16 ffffffff 0 0 0 0000000000000011 00000001 f 00000001 0 00 00000001
0000000000000011 342005160000f000 0 00 00000000 0 0 0 0000000000000012 00000001 f 00000001 1 05 00000001
0000000000000012 108105050000f000 0 00 00000000 0 0 0 0000000000000013 00000001 f 00000001 1 05 00000001
0000000000000013 00131e0000000100 1 1e 00000001 0 0 0 0000000000000014 00000001 f 00000001 0 00 00000001
0000000000000014 0023171700000100 1 17 00000001 0 0 0 0000000000000015 00000001 f 00000001 0 00 00000001
0000000000000015 00731e1e00000100 1 1e 00000000 0 0 0 0000000000000016 00000001 f 00000001 0 00 00000001
0000000000000016 0013180000000000 1 18 00000000 0 0 0 0000000000000017 00000001 f 00000001 0 00 00000001
0000000000000017 0102001e18000000 0 00 00000000 5 1 0 0000000000000018 00000001 f 00000001 0 00 00000001
0000000000000018 0215fffffb040000 0 00 00000000 5 1 0 0000000000000019 00000001 f 00000001 0 00 00000001
0000000000000019 7cf5000000000000 0 00 00000000 5 1 0 000000000000001a 00000001 f 00000001 0 00 00000001
DONE retired=26 fault=00 pc=0000000000000019
