0000000000000000 00131d0000000000 1 1d 00000000 0 0 0 0000000000000001
0000000000000001 00130900ffffff00 1 09 ffffffff 0 0 0 0000000000000002
0000000000000002 00a20f0a03000000 1 0f 00000000 0 0 0 0000000000000003
0000000000000003 0122000907000000 0 00 00000000 6 0 0 0000000000000004
0000000000000004 02150000010b0000 0 00 00000000 6 0 1 0000000000000006
0000000000000006 00720f1007000000 1 0f 00000000 6 0 0 0000000000000007
0000000000000007 0022040c14000000 1 04 00000000 6 0 0 0000000000000008
0000000000000008 00b2070f04000000 1 07 00000000 6 0 0 0000000000000009
0000000000000009 011200010f000000 0 00 00000000 5 0 0 000000000000000a
000000000000000a 0215000001010000 0 00 00000000 5 0 0 000000000000000b
000000000000000b 8506000000000000 0 00 00000000 5 0 0 000000000000000c
000000000000000c 0102000f10000000 0 00 00000000 5 1 0 000000000000000d
000000000000000d 0215000001010000 0 00 00000000 5 1 1 000000000000000f
000000000000000f 00131e0000000100 1 1e 00000001 5 1 0 0000000000000010
0000000000000010 0023151500000100 1 15 00000001 5 1 0 0000000000000011
0000000000000011 00731e1e00000100 1 1e 00000000 5 1 0 0000000000000012
0000000000000012 0102001e1d000000 0 00 00000000 5 1 0 0000000000000013
0000000000000013 0215fffffc040000 0 00 00000000 5 1 0 0000000000000014
0000000000000014 7cf5000000000000 0 00 00000000 5 1 0 0000000000000015
DONE retired=19 fault=00 pc=0000000000000014
