0000000000000000 00131d0000000000 1 1d 00000000 0 0 0 0000000000000001
0000000000000001 005207090c000000 1 07 00000000 0 0 0 0000000000000002
0000000000000002 8506000000000000 0 00 00000000 0 0 0 0000000000000003
0000000000000003 0092010700000000 1 01 ffffffff 0 0 0 0000000000000004
0000000000000004 00730b109bf5ea00 1 0b 00640a16 0 0 0 0000000000000005
0000000000000005 0092080700000000 1 08 ffffffff 0 0 0 0000000000000006
0000000000000006 00920d0a00000000 1 0d ffffffff 0 0 0 0000000000000007
0000000000000007 008205060f000000 1 05 00000000 0 0 0 0000000000000008
0000000000000008 0032040e05000000 1 04 00000000 0 0 0 0000000000000009
0000000000000009 8506000000000000 0 00 00000000 0 0 0 000000000000000a
000000000000000a 00a20c0c12000000 1 0c 00000000 0 0 0 000000000000000b
000000000000000b 0306000000000c00 1 0c 00000000 0 0 0 000000000000000c
000000000000000c 0112001212000000 0 00 00000000 5 0 0 000000000000000d
000000000000000d 02150000010e0000 0 00 00000000 5 0 1 000000000000000f
000000000000000f 8506000000000000 0 00 00000000 5 0 0 0000000000000010
0000000000000010 0042091008000000 1 09 00000000 5 0 0 0000000000000011
0000000000000011 8506000000000000 0 00 00000000 5 0 0 0000000000000012
0000000000000012 007212140e000000 1 12 00000000 5 0 0 0000000000000013
0000000000000013 0122001402000000 0 00 00000000 5 0 0 0000000000000014
0000000000000014 0215000001010000 0 00 00000000 5 0 0 0000000000000015
0000000000000015 8506000000000000 0 00 00000000 5 0 0 0000000000000016
0000000000000016 8506000000000000 0 00 00000000 5 0 0 0000000000000017
0000000000000017 0092090a00000000 1 09 ffffffff 5 0 0 0000000000000018
0000000000000018 0073020679c3c200 1 02 ff863c3e 5 0 0 0000000000000019
0000000000000019 011200080d000000 0 00 00000000 5 0 0 000000000000001a
000000000000001a 02150000030b0000 0 00 00000000 5 0 0 000000000000001b
000000000000001b 8506000000000000 0 00 00000000 5 0 0 000000000000001c
000000000000001c 8506000000000000 0 00 00000000 5 0 0 000000000000001d
000000000000001d 8506000000000000 0 00 00000000 5 0 0 000000000000001e
000000000000001e 0102000901000000 0 00 00000000 5 1 0 000000000000001f
000000000000001f 0215000003030000 0 00 00000000 5 1 1 0000000000000023
0000000000000023 8506000000000000 0 00 00000000 5 1 0 0000000000000024
0000000000000024 00920e0800000000 1 0e 00000000 5 1 0 0000000000000025
0000000000000025 0023100300000000 1 10 00000000 5 1 0 0000000000000026
0000000000000026 0092050a00000000 1 05 ffffffff 5 1 0 0000000000000027
0000000000000027 0122000d0c000000 0 00 00000000 6 0 0 0000000000000028
0000000000000028 02150000030e0000 0 00 00000000 6 0 1 000000000000002c
000000000000002c 0306000000000b00 1 0b 00000000 6 0 0 000000000000002d
000000000000002d 8506000000000000 0 00 00000000 6 0 0 000000000000002e
000000000000002e 00b2090410000000 1 09 00000000 6 0 0 000000000000002f
000000000000002f 011200130e000000 0 00 00000000 5 0 0 0000000000000030
0000000000000030 02150000030d0000 0 00 00000000 5 0 0 0000000000000031
0000000000000031 8506000000000000 0 00 00000000 5 0 0 0000000000000032
0000000000000032 8506000000000000 0 00 00000000 5 0 0 0000000000000033
0000000000000033 8506000000000000 0 00 00000000 5 0 0 0000000000000034
0000000000000034 00130d00f1046e00 1 0d fff1046e 5 0 0 0000000000000035
0000000000000035 00130300ffffff00 1 03 ffffffff 5 0 0 0000000000000036
0000000000000036 001312007ba85400 1 12 007ba854 5 0 0 0000000000000037
0000000000000037 0306000000001000 1 10 00000000 5 0 0 0000000000000038
0000000000000038 00131e0000000400 1 1e 00000004 5 0 0 0000000000000039
0000000000000039 0023151500000100 1 15 00000001 5 0 0 000000000000003a
000000000000003a 00731e1e00000100 1 1e 00000003 5 0 0 000000000000003b
000000000000003b 0102001e1d000000 0 00 00000000 4 0 0 000000000000003c
000000000000003c 0215fffffc040000 0 00 00000000 4 0 1 0000000000000039
0000000000000039 0023151500000100 1 15 00000002 4 0 0 000000000000003a
000000000000003a 00731e1e00000100 1 1e 00000002 4 0 0 000000000000003b
000000000000003b 0102001e1d000000 0 00 00000000 4 0 0 000000000000003c
000000000000003c 0215fffffc040000 0 00 00000000 4 0 1 0000000000000039
0000000000000039 0023151500000100 1 15 00000003 4 0 0 000000000000003a
000000000000003a 00731e1e00000100 1 1e 00000001 4 0 0 000000000000003b
000000000000003b 0102001e1d000000 0 00 00000000 4 0 0 000000000000003c
000000000000003c 0215fffffc040000 0 00 00000000 4 0 1 0000000000000039
0000000000000039 0023151500000100 1 15 00000004 4 0 0 000000000000003a
000000000000003a 00731e1e00000100 1 1e 00000000 4 0 0 000000000000003b
000000000000003b 0102001e1d000000 0 00 00000000 5 1 0 000000000000003c
000000000000003c 0215fffffc040000 0 00 00000000 5 1 0 000000000000003d
000000000000003d 7cf5000000000000 0 00 00000000 5 1 0 000000000000003e
DONE retired=67 fault=00 pc=000000000000003d
