0000000000000000 00131d0000000000 1 1d 00000000 0 0 0 0000000000000001
0000000000000001 00920b0d00000000 1 0b ffffffff 0 0 0 0000000000000002
0000000000000002 0013060030118000 1 06 00301180 0 0 0 0000000000000003
0000000000000003 0032110b0d000000 1 11 00000000 0 0 0 0000000000000004
0000000000000004 8506000000000000 0 00 00000000 0 0 0 0000000000000005
0000000000000005 00130800ee7cf000 1 08 ffee7cf0 0 0 0 0000000000000006
0000000000000006 0112000905000000 0 00 00000000 5 0 0 0000000000000007
0000000000000007 02150000010d0000 0 00 00000000 5 0 0 0000000000000008
0000000000000008 8506000000000000 0 00 00000000 5 0 0 0000000000000009
0000000000000009 00a3120700000600 1 12 00000000 5 0 0 000000000000000a
000000000000000a 0122000d12000000 0 00 00000000 5 0 0 000000000000000b
000000000000000b 0215000001040000 0 00 00000000 5 0 0 000000000000000c
000000000000000c 8506000000000000 0 00 00000000 5 0 0 000000000000000d
000000000000000d 8506000000000000 0 00 00000000 5 0 0 000000000000000e
000000000000000e 00b20b0910000000 1 0b 00000000 5 0 0 000000000000000f
000000000000000f 0122000505000000 0 00 00000000 5 0 0 0000000000000010
0000000000000010 02150000030d0000 0 00 00000000 5 0 0 0000000000000011
0000000000000011 8506000000000000 0 00 00000000 5 0 0 0000000000000012
0000000000000012 8506000000000000 0 00 00000000 5 0 0 0000000000000013
0000000000000013 8506000000000000 0 00 00000000 5 0 0 0000000000000014
0000000000000014 8506000000000000 0 00 00000000 5 0 0 0000000000000015
0000000000000015 0023040529cb9c00 1 04 0029cb9c 5 0 0 0000000000000016
0000000000000016 0092070a00000000 1 07 ffffffff 5 0 0 0000000000000017
0000000000000017 8506000000000000 0 00 00000000 5 0 0 0000000000000018
0000000000000018 00b211030b000000 1 11 00000000 5 0 0 0000000000000019
0000000000000019 0112000805000000 0 00 00000000 6 1 0 000000000000001a
000000000000001a 02150000010c0000 0 00 00000000 6 1 0 000000000000001b
000000000000001b 8506000000000000 0 00 00000000 6 1 0 000000000000001c
000000000000001c 0122000713000000 0 00 00000000 6 0 0 000000000000001d
000000000000001d 02150000020c0000 0 00 00000000 6 0 0 000000000000001e
000000000000001e 8506000000000000 0 00 00000000 6 0 0 000000000000001f
000000000000001f 8506000000000000 0 00 00000000 6 0 0 0000000000000020
0000000000000020 00730d0710dccf00 1 0d ffef2330 6 0 0 0000000000000021
0000000000000021 0082120401000000 1 12 0029cb9c 6 0 0 0000000000000022
0000000000000022 0112000106000000 0 00 00000000 2 1 0 0000000000000023
0000000000000023 0215000002020000 0 00 00000000 2 1 0 0000000000000024
0000000000000024 8506000000000000 0 00 00000000 2 1 0 0000000000000025
0000000000000025 8506000000000000 0 00 00000000 2 1 0 0000000000000026
0000000000000026 0306000000000c00 1 0c 00000000 2 1 0 0000000000000027
0000000000000027 00230c0200000100 1 0c 00000001 2 1 0 0000000000000028
0000000000000028 00a3130b00001f00 1 13 00000000 2 1 0 0000000000000029
0000000000000029 0052040906000000 1 04 00301180 2 1 0 000000000000002a
000000000000002a 8506000000000000 0 00 00000000 2 1 0 000000000000002b
000000000000002b 00130f00be6e0f00 1 0f ffbe6e0f 2 1 0 000000000000002c
000000000000002c 00520a0f03000000 1 0a ffbe6e0f 2 1 0 000000000000002d
000000000000002d 8506000000000000 0 00 00000000 2 1 0 000000000000002e
000000000000002e 8506000000000000 0 00 00000000 2 1 0 000000000000002f
000000000000002f 00a30b0700000600 1 0b 03ffffff 2 1 0 0000000000000030
0000000000000030 0013040055cf7f00 1 04 0055cf7f 2 1 0 0000000000000031
0000000000000031 0013100084eaf900 1 10 ff84eaf9 2 1 0 0000000000000032
0000000000000032 8506000000000000 0 00 00000000 2 1 0 0000000000000033
0000000000000033 00130100f2dc2c00 1 01 fff2dc2c 2 1 0 0000000000000034
0000000000000034 0032110409000000 1 11 00000000 2 1 0 0000000000000035
0000000000000035 00730f0600000000 1 0f 00301180 2 1 0 0000000000000036
0000000000000036 0052060710000000 1 06 ffffffff 2 1 0 0000000000000037
0000000000000037 00131200ffffff00 1 12 ffffffff 2 1 0 0000000000000038
0000000000000038 001306006ac63900 1 06 006ac639 2 1 0 0000000000000039
0000000000000039 00131e0000000200 1 1e 00000002 2 1 0 000000000000003a
000000000000003a 0023151500000100 1 15 00000001 2 1 0 000000000000003b
000000000000003b 00731e1e00000100 1 1e 00000001 2 1 0 000000000000003c
000000000000003c 0102001e1d000000 0 00 00000000 4 0 0 000000000000003d
000000000000003d 0215fffffc040000 0 00 00000000 4 0 1 000000000000003a
000000000000003a 0023151500000100 1 15 00000002 4 0 0 000000000000003b
000000000000003b 00731e1e00000100 1 1e 00000000 4 0 0 000000000000003c
000000000000003c 0102001e1d000000 0 00 00000000 5 1 0 000000000000003d
000000000000003d 0215fffffc040000 0 00 00000000 5 1 0 000000000000003e
000000000000003e 7cf5000000000000 0 00 00000000 5 1 0 000000000000003f
DONE retired=67 fault=00 pc=000000000000003e
