0000000000000000 00131d0000000000 1 1d 00000000 0 0 0 0000000000000001
0000000000000001 00130f00e1294a00 1 0f ffe1294a 0 0 0 0000000000000002
0000000000000002 001314007a94cc00 1 14 007a94cc 0 0 0 0000000000000003
0000000000000003 8506000000000000 0 00 00000000 0 0 0 0000000000000004
0000000000000004 0022061104000000 1 06 00000000 0 0 0 0000000000000005
0000000000000005 0023020baaaaaa00 1 02 ffaaaaaa 0 0 0 0000000000000006
0000000000000006 00131400aaaaaa00 1 14 ffaaaaaa 0 0 0 0000000000000007
0000000000000007 0092140400000000 1 14 ffffffff 0 0 0 0000000000000008
0000000000000008 00920d0100000000 1 0d ffffffff 0 0 0 0000000000000009
0000000000000009 00a3121100002100 1 12 00000000 0 0 0 000000000000000a
000000000000000a 0122000a14000000 0 00 00000000 0 1 0 000000000000000b
000000000000000b 0215000001030000 0 00 00000000 0 1 0 000000000000000c
000000000000000c 8506000000000000 0 00 00000000 0 1 0 000000000000000d
000000000000000d 8506000000000000 0 00 00000000 0 1 0 000000000000000e
000000000000000e 00630c0900000900 1 0c 00000000 0 1 0 000000000000000f
000000000000000f 0063070800002100 1 07 00000000 0 1 0 0000000000000010
0000000000000010 0092081100000000 1 08 ffffffff 0 1 0 0000000000000011
0000000000000011 00a2020c01000000 1 02 00000000 0 1 0 0000000000000012
0000000000000012 8506000000000000 0 00 00000000 0 1 0 0000000000000013
0000000000000013 010200130f000000 0 00 00000000 0 0 0 0000000000000014
0000000000000014 0215000003040000 0 00 00000000 0 0 1 0000000000000018
0000000000000018 00730e1096050c00 1 0e 0069faf4 0 0 0 0000000000000019
0000000000000019 8506000000000000 0 00 00000000 0 0 0 000000000000001a
000000000000001a 8506000000000000 0 00 00000000 0 0 0 000000000000001b
000000000000001b 00131e0000000100 1 1e 00000001 0 0 0 000000000000001c
000000000000001c 0023151500000100 1 15 00000001 0 0 0 000000000000001d
000000000000001d 00731e1e00000100 1 1e 00000000 0 0 0 000000000000001e
000000000000001e 0102001e1d000000 0 00 00000000 5 1 0 000000000000001f
000000000000001f 0215fffffc040000 0 00 00000000 5 1 0 0000000000000020
0000000000000020 7cf5000000000000 0 00 00000000 5 1 0 0000000000000021
DONE retired=30 fault=00 pc=0000000000000020
