0000000000000000 00131d0000000000 1 1d 00000000 0 0 0 0000000000000001
0000000000000001 00520a0c02000000 1 0a 00000000 0 0 0 0000000000000002
0000000000000002 00b30f0700000300 1 0f 00000000 0 0 0 0000000000000003
0000000000000003 00a30a1300000000 1 0a 00000000 0 0 0 0000000000000004
0000000000000004 8506000000000000 0 00 00000000 0 0 0 0000000000000005
0000000000000005 00630c0b00001a00 1 0c 00000000 0 0 0 0000000000000006
0000000000000006 0112000e13000000 0 00 00000000 5 0 0 0000000000000007
0000000000000007 02150000030e0000 0 00 00000000 5 0 1 000000000000000b
000000000000000b 0052010d01000000 1 01 00000000 5 0 0 000000000000000c
000000000000000c 0112000f14000000 0 00 00000000 5 0 0 000000000000000d
000000000000000d 0215000002010000 0 00 00000000 5 0 0 000000000000000e
000000000000000e 8506000000000000 0 00 00000000 5 0 0 000000000000000f
000000000000000f 8506000000000000 0 00 00000000 5 0 0 0000000000000010
0000000000000010 0052050f14000000 1 05 00000000 5 0 0 0000000000000011
0000000000000011 8506000000000000 0 00 00000000 5 0 0 0000000000000012
0000000000000012 8506000000000000 0 00 00000000 5 0 0 0000000000000013
0000000000000013 0032070609000000 1 07 00000000 5 0 0 0000000000000014
0000000000000014 001301007e28ab00 1 01 007e28ab 5 0 0 0000000000000015
0000000000000015 0052090a04000000 1 09 00000000 5 0 0 0000000000000016
0000000000000016 00130100604be100 1 01 00604be1 5 0 0 0000000000000017
0000000000000017 0052030b06000000 1 03 00000000 5 0 0 0000000000000018
0000000000000018 010200110a000000 0 00 00000000 5 1 0 0000000000000019
0000000000000019 0215000001030000 0 00 00000000 5 1 1 000000000000001b
000000000000001b 8506000000000000 0 00 00000000 5 1 0 000000000000001c
000000000000001c 00130d009b347d00 1 0d ff9b347d 5 1 0 000000000000001d
000000000000001d 00a30c1100000100 1 0c 00000000 5 1 0 000000000000001e
000000000000001e 00a2060603000000 1 06 00000000 5 1 0 000000000000001f
000000000000001f 007208120d000000 1 08 0064cb83 5 1 0 0000000000000020
0000000000000020 8506000000000000 0 00 00000000 5 1 0 0000000000000021
0000000000000021 0102000606000000 0 00 00000000 5 1 0 0000000000000022
0000000000000022 02150000030b0000 0 00 00000000 5 1 0 0000000000000023
0000000000000023 8506000000000000 0 00 00000000 5 1 0 0000000000000024
0000000000000024 8506000000000000 0 00 00000000 5 1 0 0000000000000025
0000000000000025 8506000000000000 0 00 00000000 5 1 0 0000000000000026
0000000000000026 0306000000000a00 1 0a 00000000 5 1 0 0000000000000027
0000000000000027 8506000000000000 0 00 00000000 5 1 0 0000000000000028
0000000000000028 00a3051000000800 1 05 00000000 5 1 0 0000000000000029
0000000000000029 0042111414000000 1 11 00000000 5 1 0 000000000000002a
000000000000002a 00131e0000000400 1 1e 00000004 5 1 0 000000000000002b
000000000000002b 0023151500000100 1 15 00000001 5 1 0 000000000000002c
000000000000002c 00731e1e00000100 1 1e 00000003 5 1 0 000000000000002d
000000000000002d 0102001e1d000000 0 00 00000000 4 0 0 000000000000002e
000000000000002e 0215fffffc040000 0 00 00000000 4 0 1 000000000000002b
000000000000002b 0023151500000100 1 15 00000002 4 0 0 000000000000002c
000000000000002c 00731e1e00000100 1 1e 00000002 4 0 0 000000000000002d
000000000000002d 0102001e1d000000 0 00 00000000 4 0 0 000000000000002e
000000000000002e 0215fffffc040000 0 00 00000000 4 0 1 000000000000002b
000000000000002b 0023151500000100 1 15 00000003 4 0 0 000000000000002c
000000000000002c 00731e1e00000100 1 1e 00000001 4 0 0 000000000000002d
000000000000002d 0102001e1d000000 0 00 00000000 4 0 0 000000000000002e
000000000000002e 0215fffffc040000 0 00 00000000 4 0 1 000000000000002b
000000000000002b 0023151500000100 1 15 00000004 4 0 0 000000000000002c
000000000000002c 00731e1e00000100 1 1e 00000000 4 0 0 000000000000002d
000000000000002d 0102001e1d000000 0 00 00000000 5 1 0 000000000000002e
000000000000002e 0215fffffc040000 0 00 00000000 5 1 0 000000000000002f
000000000000002f 7cf5000000000000 0 00 00000000 5 1 0 0000000000000030
DONE retired=56 fault=00 pc=000000000000002f
