0000000000000000 00131d0000000000 1 1d 00000000 0 0 0 0000000000000001
0000000000000001 011200050d000000 0 00 00000000 5 0 0 0000000000000002
0000000000000002 02150000030b0000 0 00 00000000 5 0 0 0000000000000003
0000000000000003 8506000000000000 0 00 00000000 5 0 0 0000000000000004
0000000000000004 8506000000000000 0 00 00000000 5 0 0 0000000000000005
0000000000000005 8506000000000000 0 00 00000000 5 0 0 0000000000000006
0000000000000006 8506000000000000 0 00 00000000 5 0 0 0000000000000007
0000000000000007 001301008ef31500 1 01 ff8ef315 5 0 0 0000000000000008
0000000000000008 8506000000000000 0 00 00000000 5 0 0 0000000000000009
0000000000000009 00820e0602000000 1 0e 00000000 5 0 0 000000000000000a
000000000000000a 0073111167eec300 1 11 ff98113d 5 0 0 000000000000000b
000000000000000b 8506000000000000 0 00 00000000 5 0 0 000000000000000c
000000000000000c 0013120007777200 1 12 00077772 5 0 0 000000000000000d
000000000000000d 00320c0c09000000 1 0c 00000000 5 0 0 000000000000000e
000000000000000e 00131000157e3300 1 10 00157e33 5 0 0 000000000000000f
000000000000000f 00a20d0a0f000000 1 0d 00000000 5 0 0 0000000000000010
0000000000000010 8506000000000000 0 00 00000000 5 0 0 0000000000000011
0000000000000011 00b30e1200000400 1 0e 00007777 5 0 0 0000000000000012
0000000000000012 00720a0c0e000000 1 0a ffff8889 5 0 0 0000000000000013
0000000000000013 8506000000000000 0 00 00000000 5 0 0 0000000000000014
0000000000000014 00920a0d00000000 1 0a ffffffff 5 0 0 0000000000000015
0000000000000015 002203080e000000 1 03 00007777 5 0 0 0000000000000016
0000000000000016 8506000000000000 0 00 00000000 5 0 0 0000000000000017
0000000000000017 00b2070407000000 1 07 00000000 5 0 0 0000000000000018
0000000000000018 0306000000001000 1 10 00000000 5 0 0 0000000000000019
0000000000000019 001309009b1da000 1 09 ff9b1da0 5 0 0 000000000000001a
000000000000001a 00230c0bd96c7c00 1 0c ffd96c7c 5 0 0 000000000000001b
000000000000001b 0013030093b1be00 1 03 ff93b1be 5 0 0 000000000000001c
000000000000001c 0306000000000900 1 09 00000000 5 0 0 000000000000001d
000000000000001d 0063070900001a00 1 07 00000000 5 0 0 000000000000001e
000000000000001e 0022021005000000 1 02 00000000 5 0 0 000000000000001f
000000000000001f 00220e010b000000 1 0e ff8ef315 5 0 0 0000000000000020
0000000000000020 010200070c000000 0 00 00000000 0 0 0 0000000000000021
0000000000000021 02150000030c0000 0 00 00000000 0 0 1 0000000000000025
0000000000000025 00131e0000000400 1 1e 00000004 0 0 0 0000000000000026
0000000000000026 0023151500000100 1 15 00000001 0 0 0 0000000000000027
0000000000000027 00731e1e00000100 1 1e 00000003 0 0 0 0000000000000028
0000000000000028 0102001e1d000000 0 00 00000000 4 0 0 0000000000000029
0000000000000029 0215fffffc040000 0 00 00000000 4 0 1 0000000000000026
0000000000000026 0023151500000100 1 15 00000002 4 0 0 0000000000000027
0000000000000027 00731e1e00000100 1 1e 00000002 4 0 0 0000000000000028
0000000000000028 0102001e1d000000 0 00 00000000 4 0 0 0000000000000029
0000000000000029 0215fffffc040000 0 00 00000000 4 0 1 0000000000000026
0000000000000026 0023151500000100 1 15 00000003 4 0 0 0000000000000027
0000000000000027 00731e1e00000100 1 1e 00000001 4 0 0 0000000000000028
0000000000000028 0102001e1d000000 0 00 00000000 4 0 0 0000000000000029
0000000000000029 0215fffffc040000 0 00 00000000 4 0 1 0000000000000026
0000000000000026 0023151500000100 1 15 00000004 4 0 0 0000000000000027
0000000000000027 00731e1e00000100 1 1e 00000000 4 0 0 0000000000000028
0000000000000028 0102001e1d000000 0 00 00000000 5 1 0 0000000000000029
0000000000000029 0215fffffc040000 0 00 00000000 5 1 0 000000000000002a
000000000000002a 7cf5000000000000 0 00 00000000 5 1 0 000000000000002b
DONE retired=52 fault=00 pc=000000000000002a
