0000000000000000 0013140000004d00 1 14 0000004d 0 0 0 0000000000000001 8649c3c0 f 8649c3c0 0 00 8649c3c0
0000000000000001 1020060305005000 0 00 00000000 0 0 0 0000000000000002 8649c3c0 5 824182c0 1 06 824182c0
0000000000000002 1020020403007000 0 00 00000000 0 0 0 0000000000000003 8649c3c0 7 8640c200 1 02 8640c200
0000000000000003 0013160000000000 1 16 00000000 0 0 0 0000000000000004 8649c3c0 f 8649c3c0 0 00 8649c3c0
0000000000000004 342004160000f000 0 00 00000000 0 0 0 0000000000000005 8649c3c0 f 8649c3c0 1 04 8649c3c0
0000000000000005 108106040020f000 0 00 00000000 0 0 0 0000000000000006 8649c3c0 f 8649c3c0 1 06 8649c3c0
0000000000000006 343002000000f000 0 00 00000000 0 0 0 0000000000000007 8649c3c0 f 8649c3c0 1 02 8649c3c0
0000000000000007 107106040010f000 0 00 00000000 0 0 0 0000000000000008 8649c3c0 f 8649c3c0 1 06 8649c3c0
0000000000000008 343004000000f000 0 00 00000000 0 0 0 0000000000000009 8649c3c0 f 8649c3c0 1 04 8649c3c0
0000000000000009 105003060400a000 0 00 00000000 0 0 0 000000000000000a 8649c3c0 a 80490240 1 03 80490240
000000000000000a 106103040000f000 0 00 00000000 0 0 0 000000000000000b 8649c3c0 f 8649c3c0 1 03 8649c3c0
000000000000000b 106102060000f000 0 00 00000000 0 0 0 000000000000000c 8649c3c0 f 8649c3c0 1 02 8649c3c0
000000000000000c 34110400ab3cf000 0 00 00000000 0 0 0 000000000000000d 8649c3c0 f 8649c3c0 1 04 8649c3c0
000000000000000d 10610603001ff000 0 00 00000000 0 0 0 000000000000000e 8649c3c0 f 8649c3c0 1 06 8649c3c0
000000000000000e 1030050304008000 0 00 00000000 0 0 0 000000000000000f 8649c3c0 8 00000000 1 05 00000000
000000000000000f 104002040300f000 0 00 00000000 0 0 0 0000000000000010 8649c3c0 f 8649c3c0 1 02 8649c3c0
0000000000000010 102006040400f000 0 00 00000000 0 0 0 0000000000000011 8649c3c0 f 8649c3c0 1 06 8649c3c0
0000000000000011 0013150055555500 1 15 00555555 0 0 0 0000000000000012 8649c3c0 f 8649c3c0 0 00 8649c3c0
0000000000000012 3420051500004000 0 00 00000000 0 0 0 0000000000000013 8649c3c0 4 04414140 1 05 04414140
0000000000000013 106105060020f000 0 00 00000000 0 0 0 0000000000000014 8649c3c0 f 8649c3c0 1 05 8649c3c0
0000000000000014 340006060000f000 0 00 00000000 0 0 0 0000000000000015 8649c3c0 f 8649c3c0 1 06 8649c3c0
0000000000000015 105002060200f000 0 00 00000000 0 0 0 0000000000000016 8649c3c0 f 8649c3c0 1 02 8649c3c0
0000000000000016 105005020200f000 0 00 00000000 0 0 0 0000000000000017 8649c3c0 f 8649c3c0 1 05 8649c3c0
0000000000000017 340005040000b000 0 00 00000000 0 0 0 0000000000000018 8649c3c0 b 80094080 1 05 80094080
0000000000000018 104103056504f000 0 00 00000000 0 0 0 0000000000000019 8649c3c0 f 8649c3c0 1 03 8649c3c0
0000000000000019 0013150000000100 1 15 00000001 0 0 0 000000000000001a 8649c3c0 f 8649c3c0 0 00 8649c3c0
000000000000001a 342005150000f000 0 00 00000000 0 0 0 000000000000001b 8649c3c0 f 8649c3c0 1 05 8649c3c0
000000000000001b 00131500aaaaaa00 1 15 ffaaaaaa 0 0 0 000000000000001c 8649c3c0 f 8649c3c0 0 00 8649c3c0
000000000000001c 342002150000f000 0 00 00000000 0 0 0 000000000000001d 8649c3c0 f 8649c3c0 1 02 8649c3c0
000000000000001d 105003050200f000 0 00 00000000 0 0 0 000000000000001e 8649c3c0 f 8649c3c0 1 03 8649c3c0
000000000000001e 102006060200f000 0 00 00000000 0 0 0 000000000000001f 8649c3c0 f 8649c3c0 1 06 8649c3c0
000000000000001f 343005000000f000 0 00 00000000 0 0 0 0000000000000020 8649c3c0 f 8649c3c0 1 05 8649c3c0
0000000000000020 102004050200c000 0 00 00000000 0 0 0 0000000000000021 8649c3c0 c 00000000 1 04 00000000
0000000000000021 00131e0000000200 1 1e 00000002 0 0 0 0000000000000022 8649c3c0 f 8649c3c0 0 00 8649c3c0
0000000000000022 0023171700000100 1 17 00000001 0 0 0 0000000000000023 8649c3c0 f 8649c3c0 0 00 8649c3c0
0000000000000023 00731e1e00000100 1 1e 00000001 0 0 0 0000000000000024 8649c3c0 f 8649c3c0 0 00 8649c3c0
0000000000000024 0013180000000000 1 18 00000000 0 0 0 0000000000000025 8649c3c0 f 8649c3c0 0 00 8649c3c0
0000000000000025 0102001e18000000 0 00 00000000 4 0 0 0000000000000026 8649c3c0 f 8649c3c0 0 00 8649c3c0
0000000000000026 0215fffffb040000 0 00 00000000 4 0 1 0000000000000022 8649c3c0 f 8649c3c0 0 00 8649c3c0
0000000000000022 0023171700000100 1 17 00000002 4 0 0 0000000000000023 8649c3c0 f 8649c3c0 0 00 8649c3c0
0000000000000023 00731e1e00000100 1 1e 00000000 4 0 0 0000000000000024 8649c3c0 f 8649c3c0 0 00 8649c3c0
0000000000000024 0013180000000000 1 18 00000000 4 0 0 0000000000000025 8649c3c0 f 8649c3c0 0 00 8649c3c0
0000000000000025 0102001e18000000 0 00 00000000 5 1 0 0000000000000026 8649c3c0 f 8649c3c0 0 00 8649c3c0
0000000000000026 0215fffffb040000 0 00 00000000 5 1 0 0000000000000027 8649c3c0 f 8649c3c0 0 00 8649c3c0
0000000000000027 7cf5000000000000 0 00 00000000 5 1 0 0000000000000028 8649c3c0 f 8649c3c0 0 00 8649c3c0
DONE retired=45 fault=00 pc=0000000000000027
