0000000000000000 00131d0000000000 1 1d 00000000 0 0 0 0000000000000001
0000000000000001 0013030086c5b600 1 03 ff86c5b6 0 0 0 0000000000000002
0000000000000002 001314007c814000 1 14 007c8140 0 0 0 0000000000000003
0000000000000003 001307005b060000 1 07 005b0600 0 0 0 0000000000000004
0000000000000004 00220c1406000000 1 0c 007c8140 0 0 0 0000000000000005
0000000000000005 8506000000000000 0 00 00000000 0 0 0 0000000000000006
0000000000000006 00731405da4a4700 1 14 0025b5b9 0 0 0 0000000000000007
0000000000000007 00b3090f00001d00 1 09 00000000 0 0 0 0000000000000008
0000000000000008 0063110b00000600 1 11 00000000 0 0 0 0000000000000009
0000000000000009 0013070039859200 1 07 00398592 0 0 0 000000000000000a
000000000000000a 8506000000000000 0 00 00000000 0 0 0 000000000000000b
000000000000000b 0102000310000000 0 00 00000000 6 0 0 000000000000000c
000000000000000c 02150000010e0000 0 00 00000000 6 0 1 000000000000000e
000000000000000e 0092130f00000000 1 13 ffffffff 6 0 0 000000000000000f
000000000000000f 8506000000000000 0 00 00000000 6 0 0 0000000000000010
0000000000000010 0306000000001400 1 14 00000000 6 0 0 0000000000000011
0000000000000011 0306000000000100 1 01 00000000 6 0 0 0000000000000012
0000000000000012 0092011100000000 1 01 ffffffff 6 0 0 0000000000000013
0000000000000013 0032040e0d000000 1 04 00000000 6 0 0 0000000000000014
0000000000000014 0306000000000b00 1 0b 00000000 6 0 0 0000000000000015
0000000000000015 0013100080cd6d00 1 10 ff80cd6d 6 0 0 0000000000000016
0000000000000016 00130a0000000000 1 0a 00000000 6 0 0 0000000000000017
0000000000000017 001302004cb02800 1 02 004cb028 6 0 0 0000000000000018
0000000000000018 00a3091200002000 1 09 00000000 6 0 0 0000000000000019
0000000000000019 0306000000000900 1 09 00000000 6 0 0 000000000000001a
000000000000001a 00a20c0f07000000 1 0c 00000000 6 0 0 000000000000001b
000000000000001b 0062040f14000000 1 04 00000000 6 0 0 000000000000001c
000000000000001c 00131e0000000200 1 1e 00000002 6 0 0 000000000000001d
000000000000001d 0023151500000100 1 15 00000001 6 0 0 000000000000001e
000000000000001e 00731e1e00000100 1 1e 00000001 6 0 0 000000000000001f
000000000000001f 0102001e1d000000 0 00 00000000 4 0 0 0000000000000020
0000000000000020 0215fffffc040000 0 00 00000000 4 0 1 000000000000001d
000000000000001d 0023151500000100 1 15 00000002 4 0 0 000000000000001e
000000000000001e 00731e1e00000100 1 1e 00000000 4 0 0 000000000000001f
000000000000001f 0102001e1d000000 0 00 00000000 5 1 0 0000000000000020
0000000000000020 0215fffffc040000 0 00 00000000 5 1 0 0000000000000021
0000000000000021 7cf5000000000000 0 00 00000000 5 1 0 0000000000000022
DONE retired=37 fault=00 pc=0000000000000021
