0000000000000000 0013140000004d00 1 14 0000004d 0 0 0 0000000000000001 fffffffe f fffffffe 0 00 fffffffe
0000000000000001 0013150000000100 1 15 00000001 0 0 0 0000000000000002 fffffffe f fffffffe 0 00 fffffffe
0000000000000002 3420061500008000 0 00 00000000 0 0 0 0000000000000003 fffffffe 8 00000000 1 06 00000000
0000000000000003 343004000000f000 0 00 00000000 0 0 0 0000000000000004 fffffffe f fffffffe 1 04 fffffffe
0000000000000004 101006030600f000 0 00 00000000 0 0 0 0000000000000005 fffffffe f fffffffe 1 06 fffffffe
0000000000000005 10310503fffff000 0 00 00000000 0 0 0 0000000000000006 fffffffe f fffffffe 1 05 fffffffe
0000000000000006 00131600ffffff00 1 16 ffffffff 0 0 0 0000000000000007 fffffffe f fffffffe 0 00 fffffffe
0000000000000007 342005160000f000 0 00 00000000 0 0 0 0000000000000008 fffffffe f fffffffe 1 05 fffffffe
0000000000000008 108105050000f000 0 00 00000000 0 0 0 0000000000000009 fffffffe f fffffffe 1 05 fffffffe
0000000000000009 105004060600f000 0 00 00000000 0 0 0 000000000000000a fffffffe f fffffffe 1 04 fffffffe
000000000000000a 340003030000f000 0 00 00000000 0 0 0 000000000000000b fffffffe f fffffffe 1 03 fffffffe
000000000000000b 105005030600f000 0 00 00000000 0 0 0 000000000000000c fffffffe f fffffffe 1 05 fffffffe
000000000000000c 103002050400f000 0 00 00000000 0 0 0 000000000000000d fffffffe f fffffffe 1 02 fffffffe
000000000000000d 00131e0000000300 1 1e 00000003 0 0 0 000000000000000e fffffffe f fffffffe 0 00 fffffffe
000000000000000e 0023171700000100 1 17 00000001 0 0 0 000000000000000f fffffffe f fffffffe 0 00 fffffffe
000000000000000f 00731e1e00000100 1 1e 00000002 0 0 0 0000000000000010 fffffffe f fffffffe 0 00 fffffffe
0000000000000010 0013180000000000 1 18 00000000 0 0 0 0000000000000011 fffffffe f fffffffe 0 00 fffffffe
0000000000000011 0102001e18000000 0 00 00000000 4 0 0 0000000000000012 fffffffe f fffffffe 0 00 fffffffe
0000000000000012 0215fffffb040000 0 00 00000000 4 0 1 000000000000000e fffffffe f fffffffe 0 00 fffffffe
000000000000000e 0023171700000100 1 17 00000002 4 0 0 000000000000000f fffffffe f fffffffe 0 00 fffffffe
000000000000000f 00731e1e00000100 1 1e 00000001 4 0 0 0000000000000010 fffffffe f fffffffe 0 00 fffffffe
0000000000000010 0013180000000000 1 18 00000000 4 0 0 0000000000000011 fffffffe f fffffffe 0 00 fffffffe
0000000000000011 0102001e18000000 0 00 00000000 4 0 0 0000000000000012 fffffffe f fffffffe 0 00 fffffffe
0000000000000012 0215fffffb040000 0 00 00000000 4 0 1 000000000000000e fffffffe f fffffffe 0 00 fffffffe
000000000000000e 0023171700000100 1 17 00000003 4 0 0 000000000000000f fffffffe f fffffffe 0 00 fffffffe
000000000000000f 00731e1e00000100 1 1e 00000000 4 0 0 0000000000000010 fffffffe f fffffffe 0 00 fffffffe
0000000000000010 0013180000000000 1 18 00000000 4 0 0 0000000000000011 fffffffe f fffffffe 0 00 fffffffe
0000000000000011 0102001e18000000 0 00 00000000 5 1 0 0000000000000012 fffffffe f fffffffe 0 00 fffffffe
0000000000000012 0215fffffb040000 0 00 00000000 5 1 0 0000000000000013 fffffffe f fffffffe 0 00 fffffffe
0000000000000013 7cf5000000000000 0 00 00000000 5 1 0 0000000000000014 fffffffe f fffffffe 0 00 fffffffe
DONE retired=30 fault=00 pc=0000000000000013
