0000000000000000 0013140000004d00 1 14 0000004d 0 0 0 0000000000000001 1fffffff f 1fffffff 0 00 1fffffff
0000000000000001 106106040000f000 0 00 00000000 0 0 0 0000000000000002 1fffffff f 1fffffff 1 06 1fffffff
0000000000000002 00131600ffffff00 1 16 ffffffff 0 0 0 0000000000000003 1fffffff f 1fffffff 0 00 1fffffff
0000000000000003 342006160000f000 0 00 00000000 0 0 0 0000000000000004 1fffffff f 1fffffff 1 06 1fffffff
0000000000000004 108105060021f000 0 00 00000000 0 0 0 0000000000000005 1fffffff f 1fffffff 1 05 1fffffff
0000000000000005 106105060020f000 0 00 00000000 0 0 0 0000000000000006 1fffffff f 1fffffff 1 05 1fffffff
0000000000000006 10710206003ff000 0 00 00000000 0 0 0 0000000000000007 1fffffff f 1fffffff 1 02 1fffffff
0000000000000007 34110400a32da000 0 00 00000000 0 0 0 0000000000000008 1fffffff a 1fffffff 1 04 1fffffff
0000000000000008 100005040600f000 0 00 00000000 0 0 0 0000000000000009 1fffffff f 1fffffff 1 05 1fffffff
0000000000000009 10410404839bf000 0 00 00000000 0 0 0 000000000000000a 1fffffff f 1fffffff 1 04 1fffffff
000000000000000a 00131e0000000200 1 1e 00000002 0 0 0 000000000000000b 1fffffff f 1fffffff 0 00 1fffffff
000000000000000b 0023171700000100 1 17 00000001 0 0 0 000000000000000c 1fffffff f 1fffffff 0 00 1fffffff
000000000000000c 00731e1e00000100 1 1e 00000001 0 0 0 000000000000000d 1fffffff f 1fffffff 0 00 1fffffff
000000000000000d 0013180000000000 1 18 00000000 0 0 0 000000000000000e 1fffffff f 1fffffff 0 00 1fffffff
000000000000000e 0102001e18000000 0 00 00000000 4 0 0 000000000000000f 1fffffff f 1fffffff 0 00 1fffffff
000000000000000f 0215fffffb040000 0 00 00000000 4 0 1 000000000000000b 1fffffff f 1fffffff 0 00 1fffffff
000000000000000b 0023171700000100 1 17 00000002 4 0 0 000000000000000c 1fffffff f 1fffffff 0 00 1fffffff
000000000000000c 00731e1e00000100 1 1e 00000000 4 0 0 000000000000000d 1fffffff f 1fffffff 0 00 1fffffff
000000000000000d 0013180000000000 1 18 00000000 4 0 0 000000000000000e 1fffffff f 1fffffff 0 00 1fffffff
000000000000000e 0102001e18000000 0 00 00000000 5 1 0 000000000000000f 1fffffff f 1fffffff 0 00 1fffffff
000000000000000f 0215fffffb040000 0 00 00000000 5 1 0 0000000000000010 1fffffff f 1fffffff 0 00 1fffffff
0000000000000010 7cf5000000000000 0 00 00000000 5 1 0 0000000000000011 1fffffff f 1fffffff 0 00 1fffffff
DONE retired=22 fault=00 pc=0000000000000010
