0000000000000000 00131d0000000000 1 1d 00000000 0 0 0 0000000000000001
0000000000000001 0082121413000000 1 12 00000000 0 0 0 0000000000000002
0000000000000002 8506000000000000 0 00 00000000 0 0 0 0000000000000003
0000000000000003 8506000000000000 0 00 00000000 0 0 0 0000000000000004
0000000000000004 00a3100300000500 1 10 00000000 0 0 0 0000000000000005
0000000000000005 8506000000000000 0 00 00000000 0 0 0 0000000000000006
0000000000000006 00820f1112000000 1 0f 00000000 0 0 0 0000000000000007
0000000000000007 0022101112000000 1 10 00000000 0 0 0 0000000000000008
0000000000000008 0023070c96013100 1 07 ff960131 0 0 0 0000000000000009
0000000000000009 00920b0b00000000 1 0b ffffffff 0 0 0 000000000000000a
000000000000000a 00730e12c4c95500 1 0e 003b36ab 0 0 0 000000000000000b
000000000000000b 0092021000000000 1 02 ffffffff 0 0 0 000000000000000c
000000000000000c 8506000000000000 0 00 00000000 0 0 0 000000000000000d
000000000000000d 001307000aeb4300 1 07 000aeb43 0 0 0 000000000000000e
000000000000000e 8506000000000000 0 00 00000000 0 0 0 000000000000000f
000000000000000f 0306000000000800 1 08 00000000 0 0 0 0000000000000010
0000000000000010 00130200aaaaaa00 1 02 ffaaaaaa 0 0 0 0000000000000011
0000000000000011 0092100c00000000 1 10 ffffffff 0 0 0 0000000000000012
0000000000000012 00131000bd547a00 1 10 ffbd547a 0 0 0 0000000000000013
0000000000000013 8506000000000000 0 00 00000000 0 0 0 0000000000000014
0000000000000014 00130a009e0b7500 1 0a ff9e0b75 0 0 0 0000000000000015
0000000000000015 00131e0000000300 1 1e 00000003 0 0 0 0000000000000016
0000000000000016 0023151500000100 1 15 00000001 0 0 0 0000000000000017
0000000000000017 00731e1e00000100 1 1e 00000002 0 0 0 0000000000000018
0000000000000018 0102001e1d000000 0 00 00000000 4 0 0 0000000000000019
0000000000000019 0215fffffc040000 0 00 00000000 4 0 1 0000000000000016
0000000000000016 0023151500000100 1 15 00000002 4 0 0 0000000000000017
0000000000000017 00731e1e00000100 1 1e 00000001 4 0 0 0000000000000018
0000000000000018 0102001e1d000000 0 00 00000000 4 0 0 0000000000000019
0000000000000019 0215fffffc040000 0 00 00000000 4 0 1 0000000000000016
0000000000000016 0023151500000100 1 15 00000003 4 0 0 0000000000000017
0000000000000017 00731e1e00000100 1 1e 00000000 4 0 0 0000000000000018
0000000000000018 0102001e1d000000 0 00 00000000 5 1 0 0000000000000019
0000000000000019 0215fffffc040000 0 00 00000000 5 1 0 000000000000001a
000000000000001a 7cf5000000000000 0 00 00000000 5 1 0 000000000000001b
DONE retired=35 fault=00 pc=000000000000001a
