0000000000000000 0013140000004d00 1 14 0000004d 0 0 0 0000000000000001 55555555 f 55555555 0 00 55555555
0000000000000001 107104060000f000 0 00 00000000 0 0 0 0000000000000002 55555555 f 55555555 1 04 55555555
0000000000000002 340002020000f000 0 00 00000000 0 0 0 0000000000000003 55555555 f 55555555 1 02 55555555
0000000000000003 104103068000f000 0 00 00000000 0 0 0 0000000000000004 55555555 f 55555555 1 03 55555555
0000000000000004 3411060000005000 0 00 00000000 0 0 0 0000000000000005 55555555 5 00000000 1 06 00000000
0000000000000005 34110500c745f000 0 00 00000000 0 0 0 0000000000000006 55555555 f 55555555 1 05 55555555
0000000000000006 106106030021f000 0 00 00000000 0 0 0 0000000000000007 55555555 f 55555555 1 06 55555555
0000000000000007 1000060605004000 0 00 00000000 0 0 0 0000000000000008 55555555 4 00000000 1 06 00000000
0000000000000008 103005030400c000 0 00 00000000 0 0 0 0000000000000009 55555555 c 00000000 1 05 00000000
0000000000000009 10610606003ff000 0 00 00000000 0 0 0 000000000000000a 55555555 f 55555555 1 06 55555555
000000000000000a 105105057ffff000 0 00 00000000 0 0 0 000000000000000b 55555555 f 55555555 1 05 55555555
000000000000000b 104006020200f000 0 00 00000000 0 0 0 000000000000000c 55555555 f 55555555 1 06 55555555
000000000000000c 0013150000000100 1 15 00000001 0 0 0 000000000000000d 55555555 f 55555555 0 00 55555555
000000000000000d 3420051500009000 0 00 00000000 0 0 0 000000000000000e 55555555 9 55555555 1 05 55555555
000000000000000e 340004060000b000 0 00 00000000 0 0 0 000000000000000f 55555555 b 11000500 1 04 11000500
000000000000000f 0013160000000000 1 16 00000000 0 0 0 0000000000000010 55555555 f 55555555 0 00 55555555
0000000000000010 342006160000f000 0 00 00000000 0 0 0 0000000000000011 55555555 f 55555555 1 06 55555555
0000000000000011 108106060020f000 0 00 00000000 0 0 0 0000000000000012 55555555 f 55555555 1 06 55555555
0000000000000012 10610305000ff000 0 00 00000000 0 0 0 0000000000000013 55555555 f 55555555 1 03 55555555
0000000000000013 10110505fffff000 0 00 00000000 0 0 0 0000000000000014 55555555 f 55555555 1 05 55555555
0000000000000014 103003050200f000 0 00 00000000 0 0 0 0000000000000015 55555555 f 55555555 1 03 55555555
0000000000000015 0013150055555500 1 15 00555555 0 0 0 0000000000000016 55555555 f 55555555 0 00 55555555
0000000000000016 342003150000f000 0 00 00000000 0 0 0 0000000000000017 55555555 f 55555555 1 03 55555555
0000000000000017 106106040001f000 0 00 00000000 0 0 0 0000000000000018 55555555 f 55555555 1 06 55555555
0000000000000018 0013150055555500 1 15 00555555 0 0 0 0000000000000019 55555555 f 55555555 0 00 55555555
0000000000000019 342004150000f000 0 00 00000000 0 0 0 000000000000001a 55555555 f 55555555 1 04 55555555
000000000000001a 0013150000000100 1 15 00000001 0 0 0 000000000000001b 55555555 f 55555555 0 00 55555555
000000000000001b 342003150000f000 0 00 00000000 0 0 0 000000000000001c 55555555 f 55555555 1 03 55555555
000000000000001c 10610504000ff000 0 00 00000000 0 0 0 000000000000001d 55555555 f 55555555 1 05 55555555
000000000000001d 10610304001ff000 0 00 00000000 0 0 0 000000000000001e 55555555 f 55555555 1 03 55555555
000000000000001e 340003060000f000 0 00 00000000 0 0 0 000000000000001f 55555555 f 55555555 1 03 55555555
000000000000001f 0013150000000000 1 15 00000000 0 0 0 0000000000000020 55555555 f 55555555 0 00 55555555
0000000000000020 342005150000f000 0 00 00000000 0 0 0 0000000000000021 55555555 f 55555555 1 05 55555555
0000000000000021 3400050500001000 0 00 00000000 0 0 0 0000000000000022 55555555 1 44155510 1 05 44155510
0000000000000022 341103000001f000 0 00 00000000 0 0 0 0000000000000023 55555555 f 55555555 1 03 55555555
0000000000000023 106105050000f000 0 00 00000000 0 0 0 0000000000000024 55555555 f 55555555 1 05 55555555
0000000000000024 106106050021f000 0 00 00000000 0 0 0 0000000000000025 55555555 f 55555555 1 06 55555555
0000000000000025 00131e0000000300 1 1e 00000003 0 0 0 0000000000000026 55555555 f 55555555 0 00 55555555
0000000000000026 0023171700000100 1 17 00000001 0 0 0 0000000000000027 55555555 f 55555555 0 00 55555555
0000000000000027 00731e1e00000100 1 1e 00000002 0 0 0 0000000000000028 55555555 f 55555555 0 00 55555555
0000000000000028 0013180000000000 1 18 00000000 0 0 0 0000000000000029 55555555 f 55555555 0 00 55555555
0000000000000029 0102001e18000000 0 00 00000000 4 0 0 000000000000002a 55555555 f 55555555 0 00 55555555
000000000000002a 0215fffffb040000 0 00 00000000 4 0 1 0000000000000026 55555555 f 55555555 0 00 55555555
0000000000000026 0023171700000100 1 17 00000002 4 0 0 0000000000000027 55555555 f 55555555 0 00 55555555
0000000000000027 00731e1e00000100 1 1e 00000001 4 0 0 0000000000000028 55555555 f 55555555 0 00 55555555
0000000000000028 0013180000000000 1 18 00000000 4 0 0 0000000000000029 55555555 f 55555555 0 00 55555555
0000000000000029 0102001e18000000 0 00 00000000 4 0 0 000000000000002a 55555555 f 55555555 0 00 55555555
000000000000002a 0215fffffb040000 0 00 00000000 4 0 1 0000000000000026 55555555 f 55555555 0 00 55555555
0000000000000026 0023171700000100 1 17 00000003 4 0 0 0000000000000027 55555555 f 55555555 0 00 55555555
0000000000000027 00731e1e00000100 1 1e 00000000 4 0 0 0000000000000028 55555555 f 55555555 0 00 55555555
0000000000000028 0013180000000000 1 18 00000000 4 0 0 0000000000000029 55555555 f 55555555 0 00 55555555
0000000000000029 0102001e18000000 0 00 00000000 5 1 0 000000000000002a 55555555 f 55555555 0 00 55555555
000000000000002a 0215fffffb040000 0 00 00000000 5 1 0 000000000000002b 55555555 f 55555555 0 00 55555555
000000000000002b 7cf5000000000000 0 00 00000000 5 1 0 000000000000002c 55555555 f 55555555 0 00 55555555
DONE retired=54 fault=00 pc=000000000000002b
