0000000000000000 00131d0000000000 1 1d 00000000 0 0 0 0000000000000001
0000000000000001 00131300fc181b00 1 13 fffc181b 0 0 0 0000000000000002
0000000000000002 00230a06ffffff00 1 0a ffffffff 0 0 0 0000000000000003
0000000000000003 0306000000000700 1 07 00000000 0 0 0 0000000000000004
0000000000000004 8506000000000000 0 00 00000000 0 0 0 0000000000000005
0000000000000005 00130100cfbd6b00 1 01 ffcfbd6b 0 0 0 0000000000000006
0000000000000006 8506000000000000 0 00 00000000 0 0 0 0000000000000007
0000000000000007 0102000b04000000 0 00 00000000 5 1 0 0000000000000008
0000000000000008 0215000002020000 0 00 00000000 5 1 0 0000000000000009
0000000000000009 8506000000000000 0 00 00000000 5 1 0 000000000000000a
000000000000000a 8506000000000000 0 00 00000000 5 1 0 000000000000000b
000000000000000b 002303106f850900 1 03 006f8509 5 1 0 000000000000000c
000000000000000c 0082050b13000000 1 05 fffc181b 5 1 0 000000000000000d
000000000000000d 0082130f08000000 1 13 00000000 5 1 0 000000000000000e
000000000000000e 00131100ffffff00 1 11 ffffffff 5 1 0 000000000000000f
000000000000000f 00131300d5057500 1 13 ffd50575 5 1 0 0000000000000010
0000000000000010 00131e0000000200 1 1e 00000002 5 1 0 0000000000000011
0000000000000011 0023151500000100 1 15 00000001 5 1 0 0000000000000012
0000000000000012 00731e1e00000100 1 1e 00000001 5 1 0 0000000000000013
0000000000000013 0102001e1d000000 0 00 00000000 4 0 0 0000000000000014
0000000000000014 0215fffffc040000 0 00 00000000 4 0 1 0000000000000011
0000000000000011 0023151500000100 1 15 00000002 4 0 0 0000000000000012
0000000000000012 00731e1e00000100 1 1e 00000000 4 0 0 0000000000000013
0000000000000013 0102001e1d000000 0 00 00000000 5 1 0 0000000000000014
0000000000000014 0215fffffc040000 0 00 00000000 5 1 0 0000000000000015
0000000000000015 7cf5000000000000 0 00 00000000 5 1 0 0000000000000016
DONE retired=26 fault=00 pc=0000000000000015
