0000000000000000 00131d0000000000 1 1d 00000000 0 0 0 0000000000000001
0000000000000001 0122000703000000 0 00 00000000 5 0 0 0000000000000002
0000000000000002 0215000001010000 0 00 00000000 5 0 0 0000000000000003
0000000000000003 8506000000000000 0 00 00000000 5 0 0 0000000000000004
0000000000000004 0122000c10000000 0 00 00000000 5 0 0 0000000000000005
0000000000000005 0215000002030000 0 00 00000000 5 0 1 0000000000000008
0000000000000008 003208030a000000 1 08 00000000 5 0 0 0000000000000009
0000000000000009 00b202140a000000 1 02 00000000 5 0 0 000000000000000a
000000000000000a 0306000000000b00 1 0b 00000000 5 0 0 000000000000000b
000000000000000b 002207110e000000 1 07 00000000 5 0 0 000000000000000c
000000000000000c 8506000000000000 0 00 00000000 5 0 0 000000000000000d
000000000000000d 0306000000000600 1 06 00000000 5 0 0 000000000000000e
000000000000000e 00130d00acc1c300 1 0d ffacc1c3 5 0 0 000000000000000f
000000000000000f 8506000000000000 0 00 00000000 5 0 0 0000000000000010
0000000000000010 8506000000000000 0 00 00000000 5 0 0 0000000000000011
0000000000000011 0032130b13000000 1 13 00000000 5 0 0 0000000000000012
0000000000000012 00420c1102000000 1 0c 00000000 5 0 0 0000000000000013
0000000000000013 8506000000000000 0 00 00000000 5 0 0 0000000000000014
0000000000000014 8506000000000000 0 00 00000000 5 0 0 0000000000000015
0000000000000015 002204140e000000 1 04 00000000 5 0 0 0000000000000016
0000000000000016 00720e0810000000 1 0e 00000000 5 0 0 0000000000000017
0000000000000017 8506000000000000 0 00 00000000 5 0 0 0000000000000018
0000000000000018 00130f00f7f41e00 1 0f fff7f41e 5 0 0 0000000000000019
0000000000000019 00220b130d000000 1 0b ffacc1c3 5 0 0 000000000000001a
000000000000001a 8506000000000000 0 00 00000000 5 0 0 000000000000001b
000000000000001b 0013100000000000 1 10 00000000 5 0 0 000000000000001c
000000000000001c 0102000c01000000 0 00 00000000 5 1 0 000000000000001d
000000000000001d 02150000020d0000 0 00 00000000 5 1 0 000000000000001e
000000000000001e 8506000000000000 0 00 00000000 5 1 0 000000000000001f
000000000000001f 8506000000000000 0 00 00000000 5 1 0 0000000000000020
0000000000000020 00620a0601000000 1 0a 00000000 5 1 0 0000000000000021
0000000000000021 00730a0648f87a00 1 0a ffb70786 5 1 0 0000000000000022
0000000000000022 8506000000000000 0 00 00000000 5 1 0 0000000000000023
0000000000000023 00b2080a03000000 1 08 ffb70786 5 1 0 0000000000000024
0000000000000024 0063131200000b00 1 13 00000000 5 1 0 0000000000000025
0000000000000025 00b2051407000000 1 05 00000000 5 1 0 0000000000000026
0000000000000026 0306000000001300 1 13 00000000 5 1 0 0000000000000027
0000000000000027 8506000000000000 0 00 00000000 5 1 0 0000000000000028
0000000000000028 00131e0000000300 1 1e 00000003 5 1 0 0000000000000029
0000000000000029 0023151500000100 1 15 00000001 5 1 0 000000000000002a
000000000000002a 00731e1e00000100 1 1e 00000002 5 1 0 000000000000002b
000000000000002b 0102001e1d000000 0 00 00000000 4 0 0 000000000000002c
000000000000002c 0215fffffc040000 0 00 00000000 4 0 1 0000000000000029
0000000000000029 0023151500000100 1 15 00000002 4 0 0 000000000000002a
000000000000002a 00731e1e00000100 1 1e 00000001 4 0 0 000000000000002b
000000000000002b 0102001e1d000000 0 00 00000000 4 0 0 000000000000002c
000000000000002c 0215fffffc040000 0 00 00000000 4 0 1 0000000000000029
0000000000000029 0023151500000100 1 15 00000003 4 0 0 000000000000002a
000000000000002a 00731e1e00000100 1 1e 00000000 4 0 0 000000000000002b
000000000000002b 0102001e1d000000 0 00 00000000 5 1 0 000000000000002c
000000000000002c 0215fffffc040000 0 00 00000000 5 1 0 000000000000002d
000000000000002d 7cf5000000000000 0 00 00000000 5 1 0 000000000000002e
DONE retired=52 fault=00 pc=000000000000002d
