0000000000000000 00131d0000000000 1 1d 00000000 0 0 0 0000000000000001
0000000000000001 8506000000000000 0 00 00000000 0 0 0 0000000000000002
0000000000000002 8506000000000000 0 00 00000000 0 0 0 0000000000000003
0000000000000003 00b2040702000000 1 04 00000000 0 0 0 0000000000000004
0000000000000004 8506000000000000 0 00 00000000 0 0 0 0000000000000005
0000000000000005 00131200ffffff00 1 12 ffffffff 0 0 0 0000000000000006
0000000000000006 0306000000000e00 1 0e 00000000 0 0 0 0000000000000007
0000000000000007 00231107ffffff00 1 11 ffffffff 0 0 0 0000000000000008
0000000000000008 0102000409000000 0 00 00000000 5 1 0 0000000000000009
0000000000000009 02150000010e0000 0 00 00000000 5 1 1 000000000000000b
000000000000000b 00130900a3f0d700 1 09 ffa3f0d7 5 1 0 000000000000000c
000000000000000c 00131000ccdb3e00 1 10 ffccdb3e 5 1 0 000000000000000d
000000000000000d 8506000000000000 0 00 00000000 5 1 0 000000000000000e
000000000000000e 00131e0000000100 1 1e 00000001 5 1 0 000000000000000f
000000000000000f 0023151500000100 1 15 00000001 5 1 0 0000000000000010
0000000000000010 00731e1e00000100 1 1e 00000000 5 1 0 0000000000000011
0000000000000011 0102001e1d000000 0 00 00000000 5 1 0 0000000000000012
0000000000000012 0215fffffc040000 0 00 00000000 5 1 0 0000000000000013
0000000000000013 7cf5000000000000 0 00 00000000 5 1 0 0000000000000014
DONE retired=19 fault=00 pc=0000000000000013
