0000000000000000 00131d0000000000 1 1d 00000000 0 0 0 0000000000000001
0000000000000001 0122000609000000 0 00 00000000 5 0 0 0000000000000002
0000000000000002 02150000010e0000 0 00 00000000 5 0 1 0000000000000004
0000000000000004 8506000000000000 0 00 00000000 5 0 0 0000000000000005
0000000000000005 0023040900000100 1 04 00000001 5 0 0 0000000000000006
0000000000000006 005214130e000000 1 14 00000000 5 0 0 0000000000000007
0000000000000007 00131000d0d93200 1 10 ffd0d932 5 0 0 0000000000000008
0000000000000008 0092060c00000000 1 06 ffffffff 5 0 0 0000000000000009
0000000000000009 00131200380ec300 1 12 00380ec3 5 0 0 000000000000000a
000000000000000a 00b2040b11000000 1 04 00000000 5 0 0 000000000000000b
000000000000000b 8506000000000000 0 00 00000000 5 0 0 000000000000000c
000000000000000c 0112001006000000 0 00 00000000 2 1 0 000000000000000d
000000000000000d 0215000003020000 0 00 00000000 2 1 0 000000000000000e
000000000000000e 8506000000000000 0 00 00000000 2 1 0 000000000000000f
000000000000000f 8506000000000000 0 00 00000000 2 1 0 0000000000000010
0000000000000010 8506000000000000 0 00 00000000 2 1 0 0000000000000011
0000000000000011 00130300aaaaaa00 1 03 ffaaaaaa 2 1 0 0000000000000012
0000000000000012 0082030a0b000000 1 03 00000000 2 1 0 0000000000000013
0000000000000013 0112000d0b000000 0 00 00000000 5 0 0 0000000000000014
0000000000000014 0215000003010000 0 00 00000000 5 0 0 0000000000000015
0000000000000015 8506000000000000 0 00 00000000 5 0 0 0000000000000016
0000000000000016 8506000000000000 0 00 00000000 5 0 0 0000000000000017
0000000000000017 8506000000000000 0 00 00000000 5 0 0 0000000000000018
0000000000000018 0092070b00000000 1 07 ffffffff 5 0 0 0000000000000019
0000000000000019 0082100503000000 1 10 00000000 5 0 0 000000000000001a
000000000000001a 00730605bcf26400 1 06 00430d9c 5 0 0 000000000000001b
000000000000001b 00231405417fca00 1 14 00417fca 5 0 0 000000000000001c
000000000000001c 00730709aaaaaa00 1 07 00555556 5 0 0 000000000000001d
000000000000001d 00231414cd22a700 1 14 000ea271 5 0 0 000000000000001e
000000000000001e 0102000f08000000 0 00 00000000 5 1 0 000000000000001f
000000000000001f 0215000001010000 0 00 00000000 5 1 1 0000000000000021
0000000000000021 00420a0d01000000 1 0a 00000000 5 1 0 0000000000000022
0000000000000022 00131e0000000200 1 1e 00000002 5 1 0 0000000000000023
0000000000000023 0023151500000100 1 15 00000001 5 1 0 0000000000000024
0000000000000024 00731e1e00000100 1 1e 00000001 5 1 0 0000000000000025
0000000000000025 0102001e1d000000 0 00 00000000 4 0 0 0000000000000026
0000000000000026 0215fffffc040000 0 00 00000000 4 0 1 0000000000000023
0000000000000023 0023151500000100 1 15 00000002 4 0 0 0000000000000024
0000000000000024 00731e1e00000100 1 1e 00000000 4 0 0 0000000000000025
0000000000000025 0102001e1d000000 0 00 00000000 5 1 0 0000000000000026
0000000000000026 0215fffffc040000 0 00 00000000 5 1 0 0000000000000027
0000000000000027 7cf5000000000000 0 00 00000000 5 1 0 0000000000000028
DONE retired=42 fault=00 pc=0000000000000027
