0000000000000000 00131d0000000000 1 1d 00000000 0 0 0 0000000000000001
0000000000000001 0306000000000600 1 06 00000000 0 0 0 0000000000000002
0000000000000002 00920a1400000000 1 0a ffffffff 0 0 0 0000000000000003
0000000000000003 8506000000000000 0 00 00000000 0 0 0 0000000000000004
0000000000000004 001301006ffc9600 1 01 006ffc96 0 0 0 0000000000000005
0000000000000005 00130a0000000000 1 0a 00000000 0 0 0 0000000000000006
0000000000000006 8506000000000000 0 00 00000000 0 0 0 0000000000000007
0000000000000007 00730c107e897600 1 0c ff81768a 0 0 0 0000000000000008
0000000000000008 00720e130b000000 1 0e 00000000 0 0 0 0000000000000009
0000000000000009 00a3070200001a00 1 07 00000000 0 0 0 000000000000000a
000000000000000a 0013030000000000 1 03 00000000 0 0 0 000000000000000b
000000000000000b 00131e0000000400 1 1e 00000004 0 0 0 000000000000000c
000000000000000c 0023151500000100 1 15 00000001 0 0 0 000000000000000d
000000000000000d 00731e1e00000100 1 1e 00000003 0 0 0 000000000000000e
000000000000000e 0102001e1d000000 0 00 00000000 4 0 0 000000000000000f
000000000000000f 0215fffffc040000 0 00 00000000 4 0 1 000000000000000c
000000000000000c 0023151500000100 1 15 00000002 4 0 0 000000000000000d
000000000000000d 00731e1e00000100 1 1e 00000002 4 0 0 000000000000000e
000000000000000e 0102001e1d000000 0 00 00000000 4 0 0 000000000000000f
000000000000000f 0215fffffc040000 0 00 00000000 4 0 1 000000000000000c
000000000000000c 0023151500000100 1 15 00000003 4 0 0 000000000000000d
000000000000000d 00731e1e00000100 1 1e 00000001 4 0 0 000000000000000e
000000000000000e 0102001e1d000000 0 00 00000000 4 0 0 000000000000000f
000000000000000f 0215fffffc040000 0 00 00000000 4 0 1 000000000000000c
000000000000000c 0023151500000100 1 15 00000004 4 0 0 000000000000000d
000000000000000d 00731e1e00000100 1 1e 00000000 4 0 0 000000000000000e
000000000000000e 0102001e1d000000 0 00 00000000 5 1 0 000000000000000f
000000000000000f 0215fffffc040000 0 00 00000000 5 1 0 0000000000000010
0000000000000010 7cf5000000000000 0 00 00000000 5 1 0 0000000000000011
DONE retired=29 fault=00 pc=0000000000000010
