0000000000000000 0013140000004d00 1 14 0000004d 0 0 0 0000000000000001 ffffffff f ffffffff 0 00 ffffffff
0000000000000001 340004050000f000 0 00 00000000 0 0 0 0000000000000002 ffffffff f ffffffff 1 04 ffffffff
0000000000000002 340004040000f000 0 00 00000000 0 0 0 0000000000000003 ffffffff f ffffffff 1 04 ffffffff
0000000000000003 10310404fffff000 0 00 00000000 0 0 0 0000000000000004 ffffffff f ffffffff 1 04 ffffffff
0000000000000004 341102000001f000 0 00 00000000 0 0 0 0000000000000005 ffffffff f ffffffff 1 02 ffffffff
0000000000000005 00131500ffffff00 1 15 ffffffff 0 0 0 0000000000000006 ffffffff f ffffffff 0 00 ffffffff
0000000000000006 3420061500006000 0 00 00000000 0 0 0 0000000000000007 ffffffff 6 00000001 1 06 00000001
0000000000000007 0013160055555500 1 16 00555555 0 0 0 0000000000000008 ffffffff f ffffffff 0 00 ffffffff
0000000000000008 342003160000f000 0 00 00000000 0 0 0 0000000000000009 ffffffff f ffffffff 1 03 ffffffff
0000000000000009 108104030021f000 0 00 00000000 0 0 0 000000000000000a ffffffff f ffffffff 1 04 ffffffff
000000000000000a 343004000000f000 0 00 00000000 0 0 0 000000000000000b ffffffff f ffffffff 1 04 ffffffff
000000000000000b 106106020001f000 0 00 00000000 0 0 0 000000000000000c ffffffff f ffffffff 1 06 ffffffff
000000000000000c 106102030020f000 0 00 00000000 0 0 0 000000000000000d ffffffff f ffffffff 1 02 ffffffff
000000000000000d 0013160000000100 1 16 00000001 0 0 0 000000000000000e ffffffff f ffffffff 0 00 ffffffff
000000000000000e 342003160000f000 0 00 00000000 0 0 0 000000000000000f ffffffff f ffffffff 1 03 ffffffff
000000000000000f 108102030000f000 0 00 00000000 0 0 0 0000000000000010 ffffffff f ffffffff 1 02 ffffffff
0000000000000010 107103030021f000 0 00 00000000 0 0 0 0000000000000011 ffffffff f ffffffff 1 03 ffffffff
0000000000000011 107102050010f000 0 00 00000000 0 0 0 0000000000000012 ffffffff f ffffffff 1 02 ffffffff
0000000000000012 00131600aaaaaa00 1 16 ffaaaaaa 0 0 0 0000000000000013 ffffffff f ffffffff 0 00 ffffffff
0000000000000013 342004160000f000 0 00 00000000 0 0 0 0000000000000014 ffffffff f ffffffff 1 04 ffffffff
0000000000000014 10810504003ff000 0 00 00000000 0 0 0 0000000000000015 ffffffff f ffffffff 1 05 ffffffff
0000000000000015 3411040080002000 0 00 00000000 0 0 0 0000000000000016 ffffffff 2 8a8986d6 1 04 8a8986d6
0000000000000016 103004050300f000 0 00 00000000 0 0 0 0000000000000017 ffffffff f ffffffff 1 04 ffffffff
0000000000000017 0013160000000100 1 16 00000001 0 0 0 0000000000000018 ffffffff f ffffffff 0 00 ffffffff
0000000000000018 342003160000f000 0 00 00000000 0 0 0 0000000000000019 ffffffff f ffffffff 1 03 ffffffff
0000000000000019 108102030020f000 0 00 00000000 0 0 0 000000000000001a ffffffff f ffffffff 1 02 ffffffff
000000000000001a 340004050000f000 0 00 00000000 0 0 0 000000000000001b ffffffff f ffffffff 1 04 ffffffff
000000000000001b 10610205001ef000 0 00 00000000 0 0 0 000000000000001c ffffffff f ffffffff 1 02 ffffffff
000000000000001c 102002020200f000 0 00 00000000 0 0 0 000000000000001d ffffffff f ffffffff 1 02 ffffffff
000000000000001d 1050050202006000 0 00 00000000 0 0 0 000000000000001e ffffffff 6 00000001 1 05 00000001
000000000000001e 103005040600f000 0 00 00000000 0 0 0 000000000000001f ffffffff f ffffffff 1 05 ffffffff
000000000000001f 1040060504001000 0 00 00000000 0 0 0 0000000000000020 ffffffff 1 ffffffff 1 06 ffffffff
0000000000000020 102006050200a000 0 00 00000000 0 0 0 0000000000000021 ffffffff a fd20b118 1 06 fd20b118
0000000000000021 107102060021f000 0 00 00000000 0 0 0 0000000000000022 ffffffff f ffffffff 1 02 ffffffff
0000000000000022 341103000000f000 0 00 00000000 0 0 0 0000000000000023 ffffffff f ffffffff 1 03 ffffffff
0000000000000023 100005030400f000 0 00 00000000 0 0 0 0000000000000024 ffffffff f ffffffff 1 05 ffffffff
0000000000000024 10710503001ff000 0 00 00000000 0 0 0 0000000000000025 ffffffff f ffffffff 1 05 ffffffff
0000000000000025 00131600aaaaaa00 1 16 ffaaaaaa 0 0 0 0000000000000026 ffffffff f ffffffff 0 00 ffffffff
0000000000000026 342002160000f000 0 00 00000000 0 0 0 0000000000000027 ffffffff f ffffffff 1 02 ffffffff
0000000000000027 10810202003ff000 0 00 00000000 0 0 0 0000000000000028 ffffffff f ffffffff 1 02 ffffffff
0000000000000028 102004040600f000 0 00 00000000 0 0 0 0000000000000029 ffffffff f ffffffff 1 04 ffffffff
0000000000000029 1050030304004000 0 00 00000000 0 0 0 000000000000002a ffffffff 4 9015a0b2 1 03 9015a0b2
000000000000002a 00131e0000000100 1 1e 00000001 0 0 0 000000000000002b ffffffff f ffffffff 0 00 ffffffff
000000000000002b 0023171700000100 1 17 00000001 0 0 0 000000000000002c ffffffff f ffffffff 0 00 ffffffff
000000000000002c 00731e1e00000100 1 1e 00000000 0 0 0 000000000000002d ffffffff f ffffffff 0 00 ffffffff
000000000000002d 0013180000000000 1 18 00000000 0 0 0 000000000000002e ffffffff f ffffffff 0 00 ffffffff
000000000000002e 0102001e18000000 0 00 00000000 5 1 0 000000000000002f ffffffff f ffffffff 0 00 ffffffff
000000000000002f 0215fffffb040000 0 00 00000000 5 1 0 0000000000000030 ffffffff f ffffffff 0 00 ffffffff
0000000000000030 7cf5000000000000 0 00 00000000 5 1 0 0000000000000031 ffffffff f ffffffff 0 00 ffffffff
DONE retired=49 fault=00 pc=0000000000000030
