0000000000000000 0013140000004d00 1 14 0000004d 0 0 0 0000000000000001 fffe0000 f fffe0000 0 00 fffe0000
0000000000000001 10310506b36cf000 0 00 00000000 0 0 0 0000000000000002 fffe0000 f fffe0000 1 05 fffe0000
0000000000000002 106106020020f000 0 00 00000000 0 0 0 0000000000000003 fffe0000 f fffe0000 1 06 fffe0000
0000000000000003 00131600aaaaaa00 1 16 ffaaaaaa 0 0 0 0000000000000004 fffe0000 f fffe0000 0 00 fffe0000
0000000000000004 342003160000f000 0 00 00000000 0 0 0 0000000000000005 fffe0000 f fffe0000 1 03 fffe0000
0000000000000005 108102030001f000 0 00 00000000 0 0 0 0000000000000006 fffe0000 f fffe0000 1 02 fffe0000
0000000000000006 00131500ffffff00 1 15 ffffffff 0 0 0 0000000000000007 fffe0000 f fffe0000 0 00 fffe0000
0000000000000007 342006150000f000 0 00 00000000 0 0 0 0000000000000008 fffe0000 f fffe0000 1 06 fffe0000
0000000000000008 340002030000f000 0 00 00000000 0 0 0 0000000000000009 fffe0000 f fffe0000 1 02 fffe0000
0000000000000009 102005040400f000 0 00 00000000 0 0 0 000000000000000a fffe0000 f fffe0000 1 05 fffe0000
000000000000000a 343002000000f000 0 00 00000000 0 0 0 000000000000000b fffe0000 f fffe0000 1 02 fffe0000
000000000000000b 103003050500f000 0 00 00000000 0 0 0 000000000000000c fffe0000 f fffe0000 1 03 fffe0000
000000000000000c 106105040001f000 0 00 00000000 0 0 0 000000000000000d fffe0000 f fffe0000 1 05 fffe0000
000000000000000d 101004020600f000 0 00 00000000 0 0 0 000000000000000e fffe0000 f fffe0000 1 04 fffe0000
000000000000000e 104005050300f000 0 00 00000000 0 0 0 000000000000000f fffe0000 f fffe0000 1 05 fffe0000
000000000000000f 0013150000000000 1 15 00000000 0 0 0 0000000000000010 fffe0000 f fffe0000 0 00 fffe0000
0000000000000010 342005150000f000 0 00 00000000 0 0 0 0000000000000011 fffe0000 f fffe0000 1 05 fffe0000
0000000000000011 106105030010f000 0 00 00000000 0 0 0 0000000000000012 fffe0000 f fffe0000 1 05 fffe0000
0000000000000012 103103060000f000 0 00 00000000 0 0 0 0000000000000013 fffe0000 f fffe0000 1 03 fffe0000
0000000000000013 1030020602005000 0 00 00000000 0 0 0 0000000000000014 fffe0000 5 00000000 1 02 00000000
0000000000000014 103106067ffff000 0 00 00000000 0 0 0 0000000000000015 fffe0000 f fffe0000 1 06 fffe0000
0000000000000015 103004030400f000 0 00 00000000 0 0 0 0000000000000016 fffe0000 f fffe0000 1 04 fffe0000
0000000000000016 0013160000000000 1 16 00000000 0 0 0 0000000000000017 fffe0000 f fffe0000 0 00 fffe0000
0000000000000017 342003160000f000 0 00 00000000 0 0 0 0000000000000018 fffe0000 f fffe0000 1 03 fffe0000
0000000000000018 10810603001ff000 0 00 00000000 0 0 0 0000000000000019 fffe0000 f fffe0000 1 06 fffe0000
0000000000000019 340006030000f000 0 00 00000000 0 0 0 000000000000001a fffe0000 f fffe0000 1 06 fffe0000
000000000000001a 1040050605009000 0 00 00000000 0 0 0 000000000000001b fffe0000 9 7ffe0000 1 05 7ffe0000
000000000000001b 10610304003ff000 0 00 00000000 0 0 0 000000000000001c fffe0000 f fffe0000 1 03 fffe0000
000000000000001c 100006030400f000 0 00 00000000 0 0 0 000000000000001d fffe0000 f fffe0000 1 06 fffe0000
000000000000001d 34110400b229f000 0 00 00000000 0 0 0 000000000000001e fffe0000 f fffe0000 1 04 fffe0000
000000000000001e 00131e0000000200 1 1e 00000002 0 0 0 000000000000001f fffe0000 f fffe0000 0 00 fffe0000
000000000000001f 0023171700000100 1 17 00000001 0 0 0 0000000000000020 fffe0000 f fffe0000 0 00 fffe0000
0000000000000020 00731e1e00000100 1 1e 00000001 0 0 0 0000000000000021 fffe0000 f fffe0000 0 00 fffe0000
0000000000000021 0013180000000000 1 18 00000000 0 0 0 0000000000000022 fffe0000 f fffe0000 0 00 fffe0000
0000000000000022 0102001e18000000 0 00 00000000 4 0 0 0000000000000023 fffe0000 f fffe0000 0 00 fffe0000
0000000000000023 0215fffffb040000 0 00 00000000 4 0 1 000000000000001f fffe0000 f fffe0000 0 00 fffe0000
000000000000001f 0023171700000100 1 17 00000002 4 0 0 0000000000000020 fffe0000 f fffe0000 0 00 fffe0000
0000000000000020 00731e1e00000100 1 1e 00000000 4 0 0 0000000000000021 fffe0000 f fffe0000 0 00 fffe0000
0000000000000021 0013180000000000 1 18 00000000 4 0 0 0000000000000022 fffe0000 f fffe0000 0 00 fffe0000
0000000000000022 0102001e18000000 0 00 00000000 5 1 0 0000000000000023 fffe0000 f fffe0000 0 00 fffe0000
0000000000000023 0215fffffb040000 0 00 00000000 5 1 0 0000000000000024 fffe0000 f fffe0000 0 00 fffe0000
0000000000000024 7cf5000000000000 0 00 00000000 5 1 0 0000000000000025 fffe0000 f fffe0000 0 00 fffe0000
DONE retired=42 fault=00 pc=0000000000000024
