0000000000000000 0013140000004d00 1 14 0000004d 0 0 0 0000000000000001 0fffffff f 0fffffff 0 00 0fffffff
0000000000000001 0013160000000000 1 16 00000000 0 0 0 0000000000000002 0fffffff f 0fffffff 0 00 0fffffff
0000000000000002 342005160000f000 0 00 00000000 0 0 0 0000000000000003 0fffffff f 0fffffff 1 05 0fffffff
0000000000000003 108103050000f000 0 00 00000000 0 0 0 0000000000000004 0fffffff f 0fffffff 1 03 0fffffff
0000000000000004 00131500aaaaaa00 1 15 ffaaaaaa 0 0 0 0000000000000005 0fffffff f 0fffffff 0 00 0fffffff
0000000000000005 342006150000c000 0 00 00000000 0 0 0 0000000000000006 0fffffff c 01c4578b 1 06 01c4578b
0000000000000006 101103068000f000 0 00 00000000 0 0 0 0000000000000007 0fffffff f 0fffffff 1 03 0fffffff
0000000000000007 00131600ffffff00 1 16 ffffffff 0 0 0 0000000000000008 0fffffff f 0fffffff 0 00 0fffffff
0000000000000008 342006160000f000 0 00 00000000 0 0 0 0000000000000009 0fffffff f 0fffffff 1 06 0fffffff
0000000000000009 10810506003ff000 0 00 00000000 0 0 0 000000000000000a 0fffffff f 0fffffff 1 05 0fffffff
000000000000000a 105006040600f000 0 00 00000000 0 0 0 000000000000000b 0fffffff f 0fffffff 1 06 0fffffff
000000000000000b 0013160000000000 1 16 00000000 0 0 0 000000000000000c 0fffffff f 0fffffff 0 00 0fffffff
000000000000000c 342002160000f000 0 00 00000000 0 0 0 000000000000000d 0fffffff f 0fffffff 1 02 0fffffff
000000000000000d 108104020020f000 0 00 00000000 0 0 0 000000000000000e 0fffffff f 0fffffff 1 04 0fffffff
000000000000000e 00131e0000000300 1 1e 00000003 0 0 0 000000000000000f 0fffffff f 0fffffff 0 00 0fffffff
000000000000000f 0023171700000100 1 17 00000001 0 0 0 0000000000000010 0fffffff f 0fffffff 0 00 0fffffff
0000000000000010 00731e1e00000100 1 1e 00000002 0 0 0 0000000000000011 0fffffff f 0fffffff 0 00 0fffffff
0000000000000011 0013180000000000 1 18 00000000 0 0 0 0000000000000012 0fffffff f 0fffffff 0 00 0fffffff
0000000000000012 0102001e18000000 0 00 00000000 4 0 0 0000000000000013 0fffffff f 0fffffff 0 00 0fffffff
0000000000000013 0215fffffb040000 0 00 00000000 4 0 1 000000000000000f 0fffffff f 0fffffff 0 00 0fffffff
000000000000000f 0023171700000100 1 17 00000002 4 0 0 0000000000000010 0fffffff f 0fffffff 0 00 0fffffff
0000000000000010 00731e1e00000100 1 1e 00000001 4 0 0 0000000000000011 0fffffff f 0fffffff 0 00 0fffffff
0000000000000011 0013180000000000 1 18 00000000 4 0 0 0000000000000012 0fffffff f 0fffffff 0 00 0fffffff
0000000000000012 0102001e18000000 0 00 00000000 4 0 0 0000000000000013 0fffffff f 0fffffff 0 00 0fffffff
0000000000000013 0215fffffb040000 0 00 00000000 4 0 1 000000000000000f 0fffffff f 0fffffff 0 00 0fffffff
000000000000000f 0023171700000100 1 17 00000003 4 0 0 0000000000000010 0fffffff f 0fffffff 0 00 0fffffff
0000000000000010 00731e1e00000100 1 1e 00000000 4 0 0 0000000000000011 0fffffff f 0fffffff 0 00 0fffffff
0000000000000011 0013180000000000 1 18 00000000 4 0 0 0000000000000012 0fffffff f 0fffffff 0 00 0fffffff
0000000000000012 0102001e18000000 0 00 00000000 5 1 0 0000000000000013 0fffffff f 0fffffff 0 00 0fffffff
0000000000000013 0215fffffb040000 0 00 00000000 5 1 0 0000000000000014 0fffffff f 0fffffff 0 00 0fffffff
0000000000000014 7cf5000000000000 0 00 00000000 5 1 0 0000000000000015 0fffffff f 0fffffff 0 00 0fffffff
DONE retired=31 fault=00 pc=0000000000000014
