0000000000000000 0013140000004d00 1 14 0000004d 0 0 0 0000000000000001 00001000 f 00001000 0 00 00001000
0000000000000001 106102050020f000 0 00 00000000 0 0 0 0000000000000002 00001000 f 00001000 1 02 00001000
0000000000000002 340004020000f000 0 00 00000000 0 0 0 0000000000000003 00001000 f 00001000 1 04 00001000
0000000000000003 1040030204005000 0 00 00000000 0 0 0 0000000000000004 00001000 5 00000000 1 03 00000000
0000000000000004 10710506003ff000 0 00 00000000 0 0 0 0000000000000005 00001000 f 00001000 1 05 00001000
0000000000000005 100003020600f000 0 00 00000000 0 0 0 0000000000000006 00001000 f 00001000 1 03 00001000
0000000000000006 00131500ffffff00 1 15 ffffffff 0 0 0 0000000000000007 00001000 f 00001000 0 00 00001000
0000000000000007 342005150000f000 0 00 00000000 0 0 0 0000000000000008 00001000 f 00001000 1 05 00001000
0000000000000008 100006040600f000 0 00 00000000 0 0 0 0000000000000009 00001000 f 00001000 1 06 00001000
0000000000000009 10510202fffff000 0 00 00000000 0 0 0 000000000000000a 00001000 f 00001000 1 02 00001000
000000000000000a 100105027ffff000 0 00 00000000 0 0 0 000000000000000b 00001000 f 00001000 1 05 00001000
000000000000000b 0013150000000000 1 15 00000000 0 0 0 000000000000000c 00001000 f 00001000 0 00 00001000
000000000000000c 3420051500009000 0 00 00000000 0 0 0 000000000000000d 00001000 9 00000000 1 05 00000000
000000000000000d 34110400a604f000 0 00 00000000 0 0 0 000000000000000e 00001000 f 00001000 1 04 00001000
000000000000000e 106106040000f000 0 00 00000000 0 0 0 000000000000000f 00001000 f 00001000 1 06 00001000
000000000000000f 0013160055555500 1 16 00555555 0 0 0 0000000000000010 00001000 f 00001000 0 00 00001000
0000000000000010 342005160000f000 0 00 00000000 0 0 0 0000000000000011 00001000 f 00001000 1 05 00001000
0000000000000011 108103050020f000 0 00 00000000 0 0 0 0000000000000012 00001000 f 00001000 1 03 00001000
0000000000000012 341106007ffff000 0 00 00000000 0 0 0 0000000000000013 00001000 f 00001000 1 06 00001000
0000000000000013 101104040000f000 0 00 00000000 0 0 0 0000000000000014 00001000 f 00001000 1 04 00001000
0000000000000014 341105000001f000 0 00 00000000 0 0 0 0000000000000015 00001000 f 00001000 1 05 00001000
0000000000000015 106106060020f000 0 00 00000000 0 0 0 0000000000000016 00001000 f 00001000 1 06 00001000
0000000000000016 10710203000ff000 0 00 00000000 0 0 0 0000000000000017 00001000 f 00001000 1 02 00001000
0000000000000017 34110400a7a5f000 0 00 00000000 0 0 0 0000000000000018 00001000 f 00001000 1 04 00001000
0000000000000018 0013150000000100 1 15 00000001 0 0 0 0000000000000019 00001000 f 00001000 0 00 00001000
0000000000000019 342006150000f000 0 00 00000000 0 0 0 000000000000001a 00001000 f 00001000 1 06 00001000
000000000000001a 106105030010f000 0 00 00000000 0 0 0 000000000000001b 00001000 f 00001000 1 05 00001000
000000000000001b 10510606e160f000 0 00 00000000 0 0 0 000000000000001c 00001000 f 00001000 1 06 00001000
000000000000001c 00131600ffffff00 1 16 ffffffff 0 0 0 000000000000001d 00001000 f 00001000 0 00 00001000
000000000000001d 342004160000f000 0 00 00000000 0 0 0 000000000000001e 00001000 f 00001000 1 04 00001000
000000000000001e 10810404000ef000 0 00 00000000 0 0 0 000000000000001f 00001000 f 00001000 1 04 00001000
000000000000001f 10610602003ff000 0 00 00000000 0 0 0 0000000000000020 00001000 f 00001000 1 06 00001000
0000000000000020 0013150000000000 1 15 00000000 0 0 0 0000000000000021 00001000 f 00001000 0 00 00001000
0000000000000021 342006150000f000 0 00 00000000 0 0 0 0000000000000022 00001000 f 00001000 1 06 00001000
0000000000000022 0013150055555500 1 15 00555555 0 0 0 0000000000000023 00001000 f 00001000 0 00 00001000
0000000000000023 3420041500000000 0 00 00000000 0 0 0 0000000000000024 00001000 0 00000000 1 04 00000000
0000000000000024 0013150055555500 1 15 00555555 0 0 0 0000000000000025 00001000 f 00001000 0 00 00001000
0000000000000025 342002150000f000 0 00 00000000 0 0 0 0000000000000026 00001000 f 00001000 1 02 00001000
0000000000000026 00131e0000000300 1 1e 00000003 0 0 0 0000000000000027 00001000 f 00001000 0 00 00001000
0000000000000027 0023171700000100 1 17 00000001 0 0 0 0000000000000028 00001000 f 00001000 0 00 00001000
0000000000000028 00731e1e00000100 1 1e 00000002 0 0 0 0000000000000029 00001000 f 00001000 0 00 00001000
0000000000000029 0013180000000000 1 18 00000000 0 0 0 000000000000002a 00001000 f 00001000 0 00 00001000
000000000000002a 0102001e18000000 0 00 00000000 4 0 0 000000000000002b 00001000 f 00001000 0 00 00001000
000000000000002b 0215fffffb040000 0 00 00000000 4 0 1 0000000000000027 00001000 f 00001000 0 00 00001000
0000000000000027 0023171700000100 1 17 00000002 4 0 0 0000000000000028 00001000 f 00001000 0 00 00001000
0000000000000028 00731e1e00000100 1 1e 00000001 4 0 0 0000000000000029 00001000 f 00001000 0 00 00001000
0000000000000029 0013180000000000 1 18 00000000 4 0 0 000000000000002a 00001000 f 00001000 0 00 00001000
000000000000002a 0102001e18000000 0 00 00000000 4 0 0 000000000000002b 00001000 f 00001000 0 00 00001000
000000000000002b 0215fffffb040000 0 00 00000000 4 0 1 0000000000000027 00001000 f 00001000 0 00 00001000
0000000000000027 0023171700000100 1 17 00000003 4 0 0 0000000000000028 00001000 f 00001000 0 00 00001000
0000000000000028 00731e1e00000100 1 1e 00000000 4 0 0 0000000000000029 00001000 f 00001000 0 00 00001000
0000000000000029 0013180000000000 1 18 00000000 4 0 0 000000000000002a 00001000 f 00001000 0 00 00001000
000000000000002a 0102001e18000000 0 00 00000000 5 1 0 000000000000002b 00001000 f 00001000 0 00 00001000
000000000000002b 0215fffffb040000 0 00 00000000 5 1 0 000000000000002c 00001000 f 00001000 0 00 00001000
000000000000002c 7cf5000000000000 0 00 00000000 5 1 0 000000000000002d 00001000 f 00001000 0 00 00001000
DONE retired=55 fault=00 pc=000000000000002c
