0000000000000000 0013140000004d00 1 14 0000004d 0 0 0 0000000000000001 ffffffff f ffffffff 0 00 ffffffff
0000000000000001 102004060600f000 0 00 00000000 0 0 0 0000000000000002 ffffffff f ffffffff 1 04 ffffffff
0000000000000002 103005060400f000 0 00 00000000 0 0 0 0000000000000003 ffffffff f ffffffff 1 05 ffffffff
0000000000000003 105005030600f000 0 00 00000000 0 0 0 0000000000000004 ffffffff f ffffffff 1 05 ffffffff
0000000000000004 101006020200f000 0 00 00000000 0 0 0 0000000000000005 ffffffff f ffffffff 1 06 ffffffff
0000000000000005 3411030060c0f000 0 00 00000000 0 0 0 0000000000000006 ffffffff f ffffffff 1 03 ffffffff
0000000000000006 106102040010f000 0 00 00000000 0 0 0 0000000000000007 ffffffff f ffffffff 1 02 ffffffff
0000000000000007 105003040300f000 0 00 00000000 0 0 0 0000000000000008 ffffffff f ffffffff 1 03 ffffffff
0000000000000008 0013150000000000 1 15 00000000 0 0 0 0000000000000009 ffffffff f ffffffff 0 00 ffffffff
0000000000000009 342002150000f000 0 00 00000000 0 0 0 000000000000000a ffffffff f ffffffff 1 02 ffffffff
000000000000000a 101106057ffff000 0 00 00000000 0 0 0 000000000000000b ffffffff f ffffffff 1 06 ffffffff
000000000000000b 10710305000ff000 0 00 00000000 0 0 0 000000000000000c ffffffff f ffffffff 1 03 ffffffff
000000000000000c 101004030300f000 0 00 00000000 0 0 0 000000000000000d ffffffff f ffffffff 1 04 ffffffff
000000000000000d 107106060020f000 0 00 00000000 0 0 0 000000000000000e ffffffff f ffffffff 1 06 ffffffff
000000000000000e 343003000000b000 0 00 00000000 0 0 0 000000000000000f ffffffff b 00000001 1 03 00000001
000000000000000f 101003050300f000 0 00 00000000 0 0 0 0000000000000010 ffffffff f ffffffff 1 03 ffffffff
0000000000000010 105003040200f000 0 00 00000000 0 0 0 0000000000000011 ffffffff f ffffffff 1 03 ffffffff
0000000000000011 34110200c8d6e000 0 00 00000000 0 0 0 0000000000000012 ffffffff e 23d08f17 1 02 23d08f17
0000000000000012 0013160000000000 1 16 00000000 0 0 0 0000000000000013 ffffffff f ffffffff 0 00 ffffffff
0000000000000013 342006160000f000 0 00 00000000 0 0 0 0000000000000014 ffffffff f ffffffff 1 06 ffffffff
0000000000000014 108103060010f000 0 00 00000000 0 0 0 0000000000000015 ffffffff f ffffffff 1 03 ffffffff
0000000000000015 340004060000f000 0 00 00000000 0 0 0 0000000000000016 ffffffff f ffffffff 1 04 ffffffff
0000000000000016 10610604000bf000 0 00 00000000 0 0 0 0000000000000017 ffffffff f ffffffff 1 06 ffffffff
0000000000000017 106103020001f000 0 00 00000000 0 0 0 0000000000000018 ffffffff f ffffffff 1 03 ffffffff
0000000000000018 0013160055555500 1 16 00555555 0 0 0 0000000000000019 ffffffff f ffffffff 0 00 ffffffff
0000000000000019 342005160000f000 0 00 00000000 0 0 0 000000000000001a ffffffff f ffffffff 1 05 ffffffff
000000000000001a 10810605001ff000 0 00 00000000 0 0 0 000000000000001b ffffffff f ffffffff 1 06 ffffffff
000000000000001b 1030020603004000 0 00 00000000 0 0 0 000000000000001c ffffffff 4 00000001 1 02 00000001
000000000000001c 343005000000f000 0 00 00000000 0 0 0 000000000000001d ffffffff f ffffffff 1 05 ffffffff
000000000000001d 107103040021f000 0 00 00000000 0 0 0 000000000000001e ffffffff f ffffffff 1 03 ffffffff
000000000000001e 0013160000000100 1 16 00000001 0 0 0 000000000000001f ffffffff f ffffffff 0 00 ffffffff
000000000000001f 342003160000f000 0 00 00000000 0 0 0 0000000000000020 ffffffff f ffffffff 1 03 ffffffff
0000000000000020 10810503001ff000 0 00 00000000 0 0 0 0000000000000021 ffffffff f ffffffff 1 05 ffffffff
0000000000000021 341106008000f000 0 00 00000000 0 0 0 0000000000000022 ffffffff f ffffffff 1 06 ffffffff
0000000000000022 107102030001f000 0 00 00000000 0 0 0 0000000000000023 ffffffff f ffffffff 1 02 ffffffff
0000000000000023 107103020001f000 0 00 00000000 0 0 0 0000000000000024 ffffffff f ffffffff 1 03 ffffffff
0000000000000024 100005030400f000 0 00 00000000 0 0 0 0000000000000025 ffffffff f ffffffff 1 05 ffffffff
0000000000000025 00131e0000000300 1 1e 00000003 0 0 0 0000000000000026 ffffffff f ffffffff 0 00 ffffffff
0000000000000026 0023171700000100 1 17 00000001 0 0 0 0000000000000027 ffffffff f ffffffff 0 00 ffffffff
0000000000000027 00731e1e00000100 1 1e 00000002 0 0 0 0000000000000028 ffffffff f ffffffff 0 00 ffffffff
0000000000000028 0013180000000000 1 18 00000000 0 0 0 0000000000000029 ffffffff f ffffffff 0 00 ffffffff
0000000000000029 0102001e18000000 0 00 00000000 4 0 0 000000000000002a ffffffff f ffffffff 0 00 ffffffff
000000000000002a 0215fffffb040000 0 00 00000000 4 0 1 0000000000000026 ffffffff f ffffffff 0 00 ffffffff
0000000000000026 0023171700000100 1 17 00000002 4 0 0 0000000000000027 ffffffff f ffffffff 0 00 ffffffff
0000000000000027 00731e1e00000100 1 1e 00000001 4 0 0 0000000000000028 ffffffff f ffffffff 0 00 ffffffff
0000000000000028 0013180000000000 1 18 00000000 4 0 0 0000000000000029 ffffffff f ffffffff 0 00 ffffffff
0000000000000029 0102001e18000000 0 00 00000000 4 0 0 000000000000002a ffffffff f ffffffff 0 00 ffffffff
000000000000002a 0215fffffb040000 0 00 00000000 4 0 1 0000000000000026 ffffffff f ffffffff 0 00 ffffffff
0000000000000026 0023171700000100 1 17 00000003 4 0 0 0000000000000027 ffffffff f ffffffff 0 00 ffffffff
0000000000000027 00731e1e00000100 1 1e 00000000 4 0 0 0000000000000028 ffffffff f ffffffff 0 00 ffffffff
0000000000000028 0013180000000000 1 18 00000000 4 0 0 0000000000000029 ffffffff f ffffffff 0 00 ffffffff
0000000000000029 0102001e18000000 0 00 00000000 5 1 0 000000000000002a ffffffff f ffffffff 0 00 ffffffff
000000000000002a 0215fffffb040000 0 00 00000000 5 1 0 000000000000002b ffffffff f ffffffff 0 00 ffffffff
000000000000002b 7cf5000000000000 0 00 00000000 5 1 0 000000000000002c ffffffff f ffffffff 0 00 ffffffff
DONE retired=54 fault=00 pc=000000000000002b
