0000000000000000 0013140000004d00 1 14 0000004d 0 0 0 0000000000000001 8d2c984a f 8d2c984a 0 00 8d2c984a
0000000000000001 34110200ffffa000 0 00 00000000 0 0 0 0000000000000002 8d2c984a a 0104804a 1 02 0104804a
0000000000000002 343005000000f000 0 00 00000000 0 0 0 0000000000000003 8d2c984a f 8d2c984a 1 05 8d2c984a
0000000000000003 107104020010f000 0 00 00000000 0 0 0 0000000000000004 8d2c984a f 8d2c984a 1 04 8d2c984a
0000000000000004 0013160000000000 1 16 00000000 0 0 0 0000000000000005 8d2c984a f 8d2c984a 0 00 8d2c984a
0000000000000005 342006160000f000 0 00 00000000 0 0 0 0000000000000006 8d2c984a f 8d2c984a 1 06 8d2c984a
0000000000000006 10810206001ff000 0 00 00000000 0 0 0 0000000000000007 8d2c984a f 8d2c984a 1 02 8d2c984a
0000000000000007 1040020602004000 0 00 00000000 0 0 0 0000000000000008 8d2c984a 4 80080842 1 02 80080842
0000000000000008 10610202001ff000 0 00 00000000 0 0 0 0000000000000009 8d2c984a f 8d2c984a 1 02 8d2c984a
0000000000000009 100004060500b000 0 00 00000000 0 0 0 000000000000000a 8d2c984a b 00000000 1 04 00000000
000000000000000a 10010503016ff000 0 00 00000000 0 0 0 000000000000000b 8d2c984a f 8d2c984a 1 05 8d2c984a
000000000000000b 340006050000f000 0 00 00000000 0 0 0 000000000000000c 8d2c984a f 8d2c984a 1 06 8d2c984a
000000000000000c 340004030000f000 0 00 00000000 0 0 0 000000000000000d 8d2c984a f 8d2c984a 1 04 8d2c984a
000000000000000d 10510303fffff000 0 00 00000000 0 0 0 000000000000000e 8d2c984a f 8d2c984a 1 03 8d2c984a
000000000000000e 10710604000ff000 0 00 00000000 0 0 0 000000000000000f 8d2c984a f 8d2c984a 1 06 8d2c984a
000000000000000f 10710405000ff000 0 00 00000000 0 0 0 0000000000000010 8d2c984a f 8d2c984a 1 04 8d2c984a
0000000000000010 107105060003f000 0 00 00000000 0 0 0 0000000000000011 8d2c984a f 8d2c984a 1 05 8d2c984a
0000000000000011 00131e0000000300 1 1e 00000003 0 0 0 0000000000000012 8d2c984a f 8d2c984a 0 00 8d2c984a
0000000000000012 0023171700000100 1 17 00000001 0 0 0 0000000000000013 8d2c984a f 8d2c984a 0 00 8d2c984a
0000000000000013 00731e1e00000100 1 1e 00000002 0 0 0 0000000000000014 8d2c984a f 8d2c984a 0 00 8d2c984a
0000000000000014 0013180000000000 1 18 00000000 0 0 0 0000000000000015 8d2c984a f 8d2c984a 0 00 8d2c984a
0000000000000015 0102001e18000000 0 00 00000000 4 0 0 0000000000000016 8d2c984a f 8d2c984a 0 00 8d2c984a
0000000000000016 0215fffffb040000 0 00 00000000 4 0 1 0000000000000012 8d2c984a f 8d2c984a 0 00 8d2c984a
0000000000000012 0023171700000100 1 17 00000002 4 0 0 0000000000000013 8d2c984a f 8d2c984a 0 00 8d2c984a
0000000000000013 00731e1e00000100 1 1e 00000001 4 0 0 0000000000000014 8d2c984a f 8d2c984a 0 00 8d2c984a
0000000000000014 0013180000000000 1 18 00000000 4 0 0 0000000000000015 8d2c984a f 8d2c984a 0 00 8d2c984a
0000000000000015 0102001e18000000 0 00 00000000 4 0 0 0000000000000016 8d2c984a f 8d2c984a 0 00 8d2c984a
0000000000000016 0215fffffb040000 0 00 00000000 4 0 1 0000000000000012 8d2c984a f 8d2c984a 0 00 8d2c984a
0000000000000012 0023171700000100 1 17 00000003 4 0 0 0000000000000013 8d2c984a f 8d2c984a 0 00 8d2c984a
0000000000000013 00731e1e00000100 1 1e 00000000 4 0 0 0000000000000014 8d2c984a f 8d2c984a 0 00 8d2c984a
0000000000000014 0013180000000000 1 18 00000000 4 0 0 0000000000000015 8d2c984a f 8d2c984a 0 00 8d2c984a
0000000000000015 0102001e18000000 0 00 00000000 5 1 0 0000000000000016 8d2c984a f 8d2c984a 0 00 8d2c984a
0000000000000016 0215fffffb040000 0 00 00000000 5 1 0 0000000000000017 8d2c984a f 8d2c984a 0 00 8d2c984a
0000000000000017 7cf5000000000000 0 00 00000000 5 1 0 0000000000000018 8d2c984a f 8d2c984a 0 00 8d2c984a
DONE retired=34 fault=00 pc=0000000000000017
