0000000000000000 00131d0000000000 1 1d 00000000 0 0 0 0000000000000001
0000000000000001 8506000000000000 0 00 00000000 0 0 0 0000000000000002
0000000000000002 0092051400000000 1 05 ffffffff 0 0 0 0000000000000003
0000000000000003 8506000000000000 0 00 00000000 0 0 0 0000000000000004
0000000000000004 0306000000000800 1 08 00000000 0 0 0 0000000000000005
0000000000000005 8506000000000000 0 00 00000000 0 0 0 0000000000000006
0000000000000006 0082011303000000 1 01 00000000 0 0 0 0000000000000007
0000000000000007 0102000d0a000000 0 00 00000000 5 1 0 0000000000000008
0000000000000008 02150000030b0000 0 00 00000000 5 1 0 0000000000000009
0000000000000009 8506000000000000 0 00 00000000 5 1 0 000000000000000a
000000000000000a 8506000000000000 0 00 00000000 5 1 0 000000000000000b
000000000000000b 8506000000000000 0 00 00000000 5 1 0 000000000000000c
000000000000000c 00131100ffffff00 1 11 ffffffff 5 1 0 000000000000000d
000000000000000d 00130a00a970b500 1 0a ffa970b5 5 1 0 000000000000000e
000000000000000e 00720c0904000000 1 0c 00000000 5 1 0 000000000000000f
000000000000000f 00a2091310000000 1 09 00000000 5 1 0 0000000000000010
0000000000000010 00b30d0a00000000 1 0d ffa970b5 5 1 0 0000000000000011
0000000000000011 00131100c2b17200 1 11 ffc2b172 5 1 0 0000000000000012
0000000000000012 0122001102000000 0 00 00000000 6 0 0 0000000000000013
0000000000000013 02150000010d0000 0 00 00000000 6 0 0 0000000000000014
0000000000000014 8506000000000000 0 00 00000000 6 0 0 0000000000000015
0000000000000015 8506000000000000 0 00 00000000 6 0 0 0000000000000016
0000000000000016 012200110a000000 0 00 00000000 4 1 0 0000000000000017
0000000000000017 0215000002010000 0 00 00000000 4 1 1 000000000000001a
000000000000001a 002213090f000000 1 13 00000000 4 1 0 000000000000001b
000000000000001b 00920a0200000000 1 0a ffffffff 4 1 0 000000000000001c
000000000000001c 00130c00874bb700 1 0c ff874bb7 4 1 0 000000000000001d
000000000000001d 0052141401000000 1 14 00000000 4 1 0 000000000000001e
000000000000001e 0013050000000000 1 05 00000000 4 1 0 000000000000001f
000000000000001f 00420a0309000000 1 0a 00000000 4 1 0 0000000000000020
0000000000000020 0063140400000c00 1 14 00000000 4 1 0 0000000000000021
0000000000000021 00420b0b12000000 1 0b 00000000 4 1 0 0000000000000022
0000000000000022 010200080b000000 0 00 00000000 5 1 0 0000000000000023
0000000000000023 0215000003020000 0 00 00000000 5 1 0 0000000000000024
0000000000000024 8506000000000000 0 00 00000000 5 1 0 0000000000000025
0000000000000025 8506000000000000 0 00 00000000 5 1 0 0000000000000026
0000000000000026 8506000000000000 0 00 00000000 5 1 0 0000000000000027
0000000000000027 00720f1412000000 1 0f 00000000 5 1 0 0000000000000028
0000000000000028 00220f140b000000 1 0f 00000000 5 1 0 0000000000000029
0000000000000029 00220e110e000000 1 0e ffc2b172 5 1 0 000000000000002a
000000000000002a 0306000000000300 1 03 00000000 5 1 0 000000000000002b
000000000000002b 8506000000000000 0 00 00000000 5 1 0 000000000000002c
000000000000002c 0092131100000000 1 13 003d4e8d 5 1 0 000000000000002d
000000000000002d 00220a050a000000 1 0a 00000000 5 1 0 000000000000002e
000000000000002e 0063100300000500 1 10 00000000 5 1 0 000000000000002f
000000000000002f 00a3040c00000000 1 04 ff874bb7 5 1 0 0000000000000030
0000000000000030 00b20c020c000000 1 0c 00000000 5 1 0 0000000000000031
0000000000000031 0062040309000000 1 04 00000000 5 1 0 0000000000000032
0000000000000032 0102000b09000000 0 00 00000000 5 1 0 0000000000000033
0000000000000033 0215000002040000 0 00 00000000 5 1 0 0000000000000034
0000000000000034 8506000000000000 0 00 00000000 5 1 0 0000000000000035
0000000000000035 8506000000000000 0 00 00000000 5 1 0 0000000000000036
0000000000000036 0063090c00000300 1 09 00000000 5 1 0 0000000000000037
0000000000000037 00620c0d0b000000 1 0c ffa970b5 5 1 0 0000000000000038
0000000000000038 8506000000000000 0 00 00000000 5 1 0 0000000000000039
0000000000000039 00131e0000000400 1 1e 00000004 5 1 0 000000000000003a
000000000000003a 0023151500000100 1 15 00000001 5 1 0 000000000000003b
000000000000003b 00731e1e00000100 1 1e 00000003 5 1 0 000000000000003c
000000000000003c 0102001e1d000000 0 00 00000000 4 0 0 000000000000003d
000000000000003d 0215fffffc040000 0 00 00000000 4 0 1 000000000000003a
000000000000003a 0023151500000100 1 15 00000002 4 0 0 000000000000003b
000000000000003b 00731e1e00000100 1 1e 00000002 4 0 0 000000000000003c
000000000000003c 0102001e1d000000 0 00 00000000 4 0 0 000000000000003d
000000000000003d 0215fffffc040000 0 00 00000000 4 0 1 000000000000003a
000000000000003a 0023151500000100 1 15 00000003 4 0 0 000000000000003b
000000000000003b 00731e1e00000100 1 1e 00000001 4 0 0 000000000000003c
000000000000003c 0102001e1d000000 0 00 00000000 4 0 0 000000000000003d
000000000000003d 0215fffffc040000 0 00 00000000 4 0 1 000000000000003a
000000000000003a 0023151500000100 1 15 00000004 4 0 0 000000000000003b
000000000000003b 00731e1e00000100 1 1e 00000000 4 0 0 000000000000003c
000000000000003c 0102001e1d000000 0 00 00000000 5 1 0 000000000000003d
000000000000003d 0215fffffc040000 0 00 00000000 5 1 0 000000000000003e
000000000000003e 7cf5000000000000 0 00 00000000 5 1 0 000000000000003f
DONE retired=73 fault=00 pc=000000000000003e
