0000000000000000 0013140000004d00 1 14 0000004d 0 0 0 0000000000000001 7e8db475 f 7e8db475 0 00 7e8db475
0000000000000001 3411050003d3f000 0 00 00000000 0 0 0 0000000000000002 7e8db475 f 7e8db475 1 05 7e8db475
0000000000000002 3411030000010000 0 00 00000000 0 0 0 0000000000000003 7e8db475 0 2a88a020 1 03 2a88a020
0000000000000003 103106058000f000 0 00 00000000 0 0 0 0000000000000004 7e8db475 f 7e8db475 1 06 7e8db475
0000000000000004 104002040400f000 0 00 00000000 0 0 0 0000000000000005 7e8db475 f 7e8db475 1 02 7e8db475
0000000000000005 340005020000f000 0 00 00000000 0 0 0 0000000000000006 7e8db475 f 7e8db475 1 05 7e8db475
0000000000000006 341104002f91f000 0 00 00000000 0 0 0 0000000000000007 7e8db475 f 7e8db475 1 04 7e8db475
0000000000000007 103002040600f000 0 00 00000000 0 0 0 0000000000000008 7e8db475 f 7e8db475 1 02 7e8db475
0000000000000008 10410302fffff000 0 00 00000000 0 0 0 0000000000000009 7e8db475 f 7e8db475 1 03 7e8db475
0000000000000009 340002050000c000 0 00 00000000 0 0 0 000000000000000a 7e8db475 c 00000001 1 02 00000001
000000000000000a 102005040500f000 0 00 00000000 0 0 0 000000000000000b 7e8db475 f 7e8db475 1 05 7e8db475
000000000000000b 00131600ffffff00 1 16 ffffffff 0 0 0 000000000000000c 7e8db475 f 7e8db475 0 00 7e8db475
000000000000000c 342004160000f000 0 00 00000000 0 0 0 000000000000000d 7e8db475 f 7e8db475 1 04 7e8db475
000000000000000d 108104040020f000 0 00 00000000 0 0 0 000000000000000e 7e8db475 f 7e8db475 1 04 7e8db475
000000000000000e 00131e0000000200 1 1e 00000002 0 0 0 000000000000000f 7e8db475 f 7e8db475 0 00 7e8db475
000000000000000f 0023171700000100 1 17 00000001 0 0 0 0000000000000010 7e8db475 f 7e8db475 0 00 7e8db475
0000000000000010 00731e1e00000100 1 1e 00000001 0 0 0 0000000000000011 7e8db475 f 7e8db475 0 00 7e8db475
0000000000000011 0013180000000000 1 18 00000000 0 0 0 0000000000000012 7e8db475 f 7e8db475 0 00 7e8db475
0000000000000012 0102001e18000000 0 00 00000000 4 0 0 0000000000000013 7e8db475 f 7e8db475 0 00 7e8db475
0000000000000013 0215fffffb040000 0 00 00000000 4 0 1 000000000000000f 7e8db475 f 7e8db475 0 00 7e8db475
000000000000000f 0023171700000100 1 17 00000002 4 0 0 0000000000000010 7e8db475 f 7e8db475 0 00 7e8db475
0000000000000010 00731e1e00000100 1 1e 00000000 4 0 0 0000000000000011 7e8db475 f 7e8db475 0 00 7e8db475
0000000000000011 0013180000000000 1 18 00000000 4 0 0 0000000000000012 7e8db475 f 7e8db475 0 00 7e8db475
0000000000000012 0102001e18000000 0 00 00000000 5 1 0 0000000000000013 7e8db475 f 7e8db475 0 00 7e8db475
0000000000000013 0215fffffb040000 0 00 00000000 5 1 0 0000000000000014 7e8db475 f 7e8db475 0 00 7e8db475
0000000000000014 7cf5000000000000 0 00 00000000 5 1 0 0000000000000015 7e8db475 f 7e8db475 0 00 7e8db475
DONE retired=26 fault=00 pc=0000000000000014
