0000000000000000 00131d0000000000 1 1d 00000000 0 0 0 0000000000000001
0000000000000001 00230d0500000100 1 0d 00000001 0 0 0 0000000000000002
0000000000000002 8506000000000000 0 00 00000000 0 0 0 0000000000000003
0000000000000003 011200100f000000 0 00 00000000 5 0 0 0000000000000004
0000000000000004 02150000030e0000 0 00 00000000 5 0 1 0000000000000008
0000000000000008 00720d0310000000 1 0d 00000000 5 0 0 0000000000000009
0000000000000009 0306000000000900 1 09 00000000 5 0 0 000000000000000a
000000000000000a 00630d0400000400 1 0d 00000000 5 0 0 000000000000000b
000000000000000b 00730d0400000000 1 0d 00000000 5 0 0 000000000000000c
000000000000000c 0063110700000400 1 11 00000000 5 0 0 000000000000000d
000000000000000d 0062021007000000 1 02 00000000 5 0 0 000000000000000e
000000000000000e 8506000000000000 0 00 00000000 5 0 0 000000000000000f
000000000000000f 8506000000000000 0 00 00000000 5 0 0 0000000000000010
0000000000000010 8506000000000000 0 00 00000000 5 0 0 0000000000000011
0000000000000011 0306000000000400 1 04 00000000 5 0 0 0000000000000012
0000000000000012 0102001114000000 0 00 00000000 5 1 0 0000000000000013
0000000000000013 02150000010b0000 0 00 00000000 5 1 0 0000000000000014
0000000000000014 8506000000000000 0 00 00000000 5 1 0 0000000000000015
0000000000000015 00230a1100000000 1 0a 00000000 5 1 0 0000000000000016
0000000000000016 0052080902000000 1 08 00000000 5 1 0 0000000000000017
0000000000000017 00320a0e06000000 1 0a 00000000 5 1 0 0000000000000018
0000000000000018 0023060100000000 1 06 00000000 5 1 0 0000000000000019
0000000000000019 0306000000000d00 1 0d 00000000 5 1 0 000000000000001a
000000000000001a 0092080500000000 1 08 ffffffff 5 1 0 000000000000001b
000000000000001b 00131e0000000400 1 1e 00000004 5 1 0 000000000000001c
000000000000001c 0023151500000100 1 15 00000001 5 1 0 000000000000001d
000000000000001d 00731e1e00000100 1 1e 00000003 5 1 0 000000000000001e
000000000000001e 0102001e1d000000 0 00 00000000 4 0 0 000000000000001f
000000000000001f 0215fffffc040000 0 00 00000000 4 0 1 000000000000001c
000000000000001c 0023151500000100 1 15 00000002 4 0 0 000000000000001d
000000000000001d 00731e1e00000100 1 1e 00000002 4 0 0 000000000000001e
000000000000001e 0102001e1d000000 0 00 00000000 4 0 0 000000000000001f
000000000000001f 0215fffffc040000 0 00 00000000 4 0 1 000000000000001c
000000000000001c 0023151500000100 1 15 00000003 4 0 0 000000000000001d
000000000000001d 00731e1e00000100 1 1e 00000001 4 0 0 000000000000001e
000000000000001e 0102001e1d000000 0 00 00000000 4 0 0 000000000000001f
000000000000001f 0215fffffc040000 0 00 00000000 4 0 1 000000000000001c
000000000000001c 0023151500000100 1 15 00000004 4 0 0 000000000000001d
000000000000001d 00731e1e00000100 1 1e 00000000 4 0 0 000000000000001e
000000000000001e 0102001e1d000000 0 00 00000000 5 1 0 000000000000001f
000000000000001f 0215fffffc040000 0 00 00000000 5 1 0 0000000000000020
0000000000000020 7cf5000000000000 0 00 00000000 5 1 0 0000000000000021
DONE retired=42 fault=00 pc=0000000000000020
