0000000000000000 00131d0000000000 1 1d 00000000 0 0 0 0000000000000001
0000000000000001 00b3120800001f00 1 12 00000000 0 0 0 0000000000000002
0000000000000002 0112000f14000000 0 00 00000000 5 0 0 0000000000000003
0000000000000003 02150000020e0000 0 00 00000000 5 0 1 0000000000000006
0000000000000006 8506000000000000 0 00 00000000 5 0 0 0000000000000007
0000000000000007 001305000fa45400 1 05 000fa454 5 0 0 0000000000000008
0000000000000008 001304008be73e00 1 04 ff8be73e 5 0 0 0000000000000009
0000000000000009 0082010f0b000000 1 01 00000000 5 0 0 000000000000000a
000000000000000a 00130b00e4259300 1 0b ffe42593 5 0 0 000000000000000b
000000000000000b 00131e0000000400 1 1e 00000004 5 0 0 000000000000000c
000000000000000c 0023151500000100 1 15 00000001 5 0 0 000000000000000d
000000000000000d 00731e1e00000100 1 1e 00000003 5 0 0 000000000000000e
000000000000000e 0102001e1d000000 0 00 00000000 4 0 0 000000000000000f
000000000000000f 0215fffffc040000 0 00 00000000 4 0 1 000000000000000c
000000000000000c 0023151500000100 1 15 00000002 4 0 0 000000000000000d
000000000000000d 00731e1e00000100 1 1e 00000002 4 0 0 000000000000000e
000000000000000e 0102001e1d000000 0 00 00000000 4 0 0 000000000000000f
000000000000000f 0215fffffc040000 0 00 00000000 4 0 1 000000000000000c
000000000000000c 0023151500000100 1 15 00000003 4 0 0 000000000000000d
000000000000000d 00731e1e00000100 1 1e 00000001 4 0 0 000000000000000e
000000000000000e 0102001e1d000000 0 00 00000000 4 0 0 000000000000000f
000000000000000f 0215fffffc040000 0 00 00000000 4 0 1 000000000000000c
000000000000000c 0023151500000100 1 15 00000004 4 0 0 000000000000000d
000000000000000d 00731e1e00000100 1 1e 00000000 4 0 0 000000000000000e
000000000000000e 0102001e1d000000 0 00 00000000 5 1 0 000000000000000f
000000000000000f 0215fffffc040000 0 00 00000000 5 1 0 0000000000000010
0000000000000010 7cf5000000000000 0 00 00000000 5 1 0 0000000000000011
DONE retired=27 fault=00 pc=0000000000000010
