0000000000000000 0013140000004d00 1 14 0000004d 0 0 0 0000000000000001 ffffffff f ffffffff 0 00 ffffffff
0000000000000001 102005060300f000 0 00 00000000 0 0 0 0000000000000002 ffffffff f ffffffff 1 05 ffffffff
0000000000000002 0013160000000000 1 16 00000000 0 0 0 0000000000000003 ffffffff f ffffffff 0 00 ffffffff
0000000000000003 342005160000f000 0 00 00000000 0 0 0 0000000000000004 ffffffff f ffffffff 1 05 ffffffff
0000000000000004 10810205001ff000 0 00 00000000 0 0 0 0000000000000005 ffffffff f ffffffff 1 02 ffffffff
0000000000000005 104003040200f000 0 00 00000000 0 0 0 0000000000000006 ffffffff f ffffffff 1 03 ffffffff
0000000000000006 341106008c0ef000 0 00 00000000 0 0 0 0000000000000007 ffffffff f ffffffff 1 06 ffffffff
0000000000000007 343005000000f000 0 00 00000000 0 0 0 0000000000000008 ffffffff f ffffffff 1 05 ffffffff
0000000000000008 340006060000f000 0 00 00000000 0 0 0 0000000000000009 ffffffff f ffffffff 1 06 ffffffff
0000000000000009 104105047cedf000 0 00 00000000 0 0 0 000000000000000a ffffffff f ffffffff 1 05 ffffffff
000000000000000a 105002030400f000 0 00 00000000 0 0 0 000000000000000b ffffffff f ffffffff 1 02 ffffffff
000000000000000b 3411050053769000 0 00 00000000 0 0 0 000000000000000c ffffffff 9 849ecabd 1 05 849ecabd
000000000000000c 10610504001ff000 0 00 00000000 0 0 0 000000000000000d ffffffff f ffffffff 1 05 ffffffff
000000000000000d 100005060300f000 0 00 00000000 0 0 0 000000000000000e ffffffff f ffffffff 1 05 ffffffff
000000000000000e 340004060000f000 0 00 00000000 0 0 0 000000000000000f ffffffff f ffffffff 1 04 ffffffff
000000000000000f 105104027ffff000 0 00 00000000 0 0 0 0000000000000010 ffffffff f ffffffff 1 04 ffffffff
0000000000000010 107102020010f000 0 00 00000000 0 0 0 0000000000000011 ffffffff f ffffffff 1 02 ffffffff
0000000000000011 102003050300f000 0 00 00000000 0 0 0 0000000000000012 ffffffff f ffffffff 1 03 ffffffff
0000000000000012 102002040600f000 0 00 00000000 0 0 0 0000000000000013 ffffffff f ffffffff 1 02 ffffffff
0000000000000013 341102000001f000 0 00 00000000 0 0 0 0000000000000014 ffffffff f ffffffff 1 02 ffffffff
0000000000000014 105002060400f000 0 00 00000000 0 0 0 0000000000000015 ffffffff f ffffffff 1 02 ffffffff
0000000000000015 340006050000f000 0 00 00000000 0 0 0 0000000000000016 ffffffff f ffffffff 1 06 ffffffff
0000000000000016 106103060007f000 0 00 00000000 0 0 0 0000000000000017 ffffffff f ffffffff 1 03 ffffffff
0000000000000017 00131e0000000200 1 1e 00000002 0 0 0 0000000000000018 ffffffff f ffffffff 0 00 ffffffff
0000000000000018 0023171700000100 1 17 00000001 0 0 0 0000000000000019 ffffffff f ffffffff 0 00 ffffffff
0000000000000019 00731e1e00000100 1 1e 00000001 0 0 0 000000000000001a ffffffff f ffffffff 0 00 ffffffff
000000000000001a 0013180000000000 1 18 00000000 0 0 0 000000000000001b ffffffff f ffffffff 0 00 ffffffff
000000000000001b 0102001e18000000 0 00 00000000 4 0 0 000000000000001c ffffffff f ffffffff 0 00 ffffffff
000000000000001c 0215fffffb040000 0 00 00000000 4 0 1 0000000000000018 ffffffff f ffffffff 0 00 ffffffff
0000000000000018 0023171700000100 1 17 00000002 4 0 0 0000000000000019 ffffffff f ffffffff 0 00 ffffffff
0000000000000019 00731e1e00000100 1 1e 00000000 4 0 0 000000000000001a ffffffff f ffffffff 0 00 ffffffff
000000000000001a 0013180000000000 1 18 00000000 4 0 0 000000000000001b ffffffff f ffffffff 0 00 ffffffff
000000000000001b 0102001e18000000 0 00 00000000 5 1 0 000000000000001c ffffffff f ffffffff 0 00 ffffffff
000000000000001c 0215fffffb040000 0 00 00000000 5 1 0 000000000000001d ffffffff f ffffffff 0 00 ffffffff
000000000000001d 7cf5000000000000 0 00 00000000 5 1 0 000000000000001e ffffffff f ffffffff 0 00 ffffffff
DONE retired=35 fault=00 pc=000000000000001d
