0000000000000000 0013140000004d00 1 14 0000004d 0 0 0 0000000000000001 a6a29d03 f a6a29d03 0 00 a6a29d03
0000000000000001 0013160055555500 1 16 00555555 0 0 0 0000000000000002 a6a29d03 f a6a29d03 0 00 a6a29d03
0000000000000002 342004160000f000 0 00 00000000 0 0 0 0000000000000003 a6a29d03 f a6a29d03 1 04 a6a29d03
0000000000000003 10810304003ff000 0 00 00000000 0 0 0 0000000000000004 a6a29d03 f a6a29d03 1 03 a6a29d03
0000000000000004 340003020000f000 0 00 00000000 0 0 0 0000000000000005 a6a29d03 f a6a29d03 1 03 a6a29d03
0000000000000005 10310303fffff000 0 00 00000000 0 0 0 0000000000000006 a6a29d03 f a6a29d03 1 03 a6a29d03
0000000000000006 00131500ffffff00 1 15 ffffffff 0 0 0 0000000000000007 a6a29d03 f a6a29d03 0 00 a6a29d03
0000000000000007 342003150000f000 0 00 00000000 0 0 0 0000000000000008 a6a29d03 f a6a29d03 1 03 a6a29d03
0000000000000008 102003020500f000 0 00 00000000 0 0 0 0000000000000009 a6a29d03 f a6a29d03 1 03 a6a29d03
0000000000000009 103103057ffff000 0 00 00000000 0 0 0 000000000000000a a6a29d03 f a6a29d03 1 03 a6a29d03
000000000000000a 341105003e3e8000 0 00 00000000 0 0 0 000000000000000b a6a29d03 8 a2021501 1 05 a2021501
000000000000000b 343003000000f000 0 00 00000000 0 0 0 000000000000000c a6a29d03 f a6a29d03 1 03 a6a29d03
000000000000000c 3430050000002000 0 00 00000000 0 0 0 000000000000000d a6a29d03 2 a4208002 1 05 a4208002
000000000000000d 103004020300f000 0 00 00000000 0 0 0 000000000000000e a6a29d03 f a6a29d03 1 04 a6a29d03
000000000000000e 0013160000000100 1 16 00000001 0 0 0 000000000000000f a6a29d03 f a6a29d03 0 00 a6a29d03
000000000000000f 342003160000f000 0 00 00000000 0 0 0 0000000000000010 a6a29d03 f a6a29d03 1 03 a6a29d03
0000000000000010 10810503001ff000 0 00 00000000 0 0 0 0000000000000011 a6a29d03 f a6a29d03 1 05 a6a29d03
0000000000000011 102002050300f000 0 00 00000000 0 0 0 0000000000000012 a6a29d03 f a6a29d03 1 02 a6a29d03
0000000000000012 00131600aaaaaa00 1 16 ffaaaaaa 0 0 0 0000000000000013 a6a29d03 f a6a29d03 0 00 a6a29d03
0000000000000013 342006160000f000 0 00 00000000 0 0 0 0000000000000014 a6a29d03 f a6a29d03 1 06 a6a29d03
0000000000000014 108102060020f000 0 00 00000000 0 0 0 0000000000000015 a6a29d03 f a6a29d03 1 02 a6a29d03
0000000000000015 106106030021f000 0 00 00000000 0 0 0 0000000000000016 a6a29d03 f a6a29d03 1 06 a6a29d03
0000000000000016 107103060021f000 0 00 00000000 0 0 0 0000000000000017 a6a29d03 f a6a29d03 1 03 a6a29d03
0000000000000017 0013160000000100 1 16 00000001 0 0 0 0000000000000018 a6a29d03 f a6a29d03 0 00 a6a29d03
0000000000000018 342005160000f000 0 00 00000000 0 0 0 0000000000000019 a6a29d03 f a6a29d03 1 05 a6a29d03
0000000000000019 108104050010f000 0 00 00000000 0 0 0 000000000000001a a6a29d03 f a6a29d03 1 04 a6a29d03
000000000000001a 104103050000f000 0 00 00000000 0 0 0 000000000000001b a6a29d03 f a6a29d03 1 03 a6a29d03
000000000000001b 0013150000000100 1 15 00000001 0 0 0 000000000000001c a6a29d03 f a6a29d03 0 00 a6a29d03
000000000000001c 342004150000f000 0 00 00000000 0 0 0 000000000000001d a6a29d03 f a6a29d03 1 04 a6a29d03
000000000000001d 343006000000f000 0 00 00000000 0 0 0 000000000000001e a6a29d03 f a6a29d03 1 06 a6a29d03
000000000000001e 10610505001ff000 0 00 00000000 0 0 0 000000000000001f a6a29d03 f a6a29d03 1 05 a6a29d03
000000000000001f 104004020600f000 0 00 00000000 0 0 0 0000000000000020 a6a29d03 f a6a29d03 1 04 a6a29d03
0000000000000020 101005050600f000 0 00 00000000 0 0 0 0000000000000021 a6a29d03 f a6a29d03 1 05 a6a29d03
0000000000000021 340005020000e000 0 00 00000000 0 0 0 0000000000000022 a6a29d03 e 04001501 1 05 04001501
0000000000000022 101002060300f000 0 00 00000000 0 0 0 0000000000000023 a6a29d03 f a6a29d03 1 02 a6a29d03
0000000000000023 0013150000000100 1 15 00000001 0 0 0 0000000000000024 a6a29d03 f a6a29d03 0 00 a6a29d03
0000000000000024 3420021500004000 0 00 00000000 0 0 0 0000000000000025 a6a29d03 4 26a29d03 1 02 26a29d03
0000000000000025 10710303000ef000 0 00 00000000 0 0 0 0000000000000026 a6a29d03 f a6a29d03 1 03 a6a29d03
0000000000000026 0013150000000000 1 15 00000000 0 0 0 0000000000000027 a6a29d03 f a6a29d03 0 00 a6a29d03
0000000000000027 342006150000f000 0 00 00000000 0 0 0 0000000000000028 a6a29d03 f a6a29d03 1 06 a6a29d03
0000000000000028 105002060200f000 0 00 00000000 0 0 0 0000000000000029 a6a29d03 f a6a29d03 1 02 a6a29d03
0000000000000029 00131e0000000200 1 1e 00000002 0 0 0 000000000000002a a6a29d03 f a6a29d03 0 00 a6a29d03
000000000000002a 0023171700000100 1 17 00000001 0 0 0 000000000000002b a6a29d03 f a6a29d03 0 00 a6a29d03
000000000000002b 00731e1e00000100 1 1e 00000001 0 0 0 000000000000002c a6a29d03 f a6a29d03 0 00 a6a29d03
000000000000002c 0013180000000000 1 18 00000000 0 0 0 000000000000002d a6a29d03 f a6a29d03 0 00 a6a29d03
000000000000002d 0102001e18000000 0 00 00000000 4 0 0 000000000000002e a6a29d03 f a6a29d03 0 00 a6a29d03
000000000000002e 0215fffffb040000 0 00 00000000 4 0 1 000000000000002a a6a29d03 f a6a29d03 0 00 a6a29d03
000000000000002a 0023171700000100 1 17 00000002 4 0 0 000000000000002b a6a29d03 f a6a29d03 0 00 a6a29d03
000000000000002b 00731e1e00000100 1 1e 00000000 4 0 0 000000000000002c a6a29d03 f a6a29d03 0 00 a6a29d03
000000000000002c 0013180000000000 1 18 00000000 4 0 0 000000000000002d a6a29d03 f a6a29d03 0 00 a6a29d03
000000000000002d 0102001e18000000 0 00 00000000 5 1 0 000000000000002e a6a29d03 f a6a29d03 0 00 a6a29d03
000000000000002e 0215fffffb040000 0 00 00000000 5 1 0 000000000000002f a6a29d03 f a6a29d03 0 00 a6a29d03
000000000000002f 7cf5000000000000 0 00 00000000 5 1 0 0000000000000030 a6a29d03 f a6a29d03 0 00 a6a29d03
DONE retired=53 fault=00 pc=000000000000002f
