0000000000000000 00131d0000000000 1 1d 00000000 0 0 0 0000000000000001
0000000000000001 00231110b1221100 1 11 ffb12211 0 0 0 0000000000000002
0000000000000002 0072130204000000 1 13 00000000 0 0 0 0000000000000003
0000000000000003 0022110a0c000000 1 11 00000000 0 0 0 0000000000000004
0000000000000004 0073021400000000 1 02 00000000 0 0 0 0000000000000005
0000000000000005 0013120014513300 1 12 00145133 0 0 0 0000000000000006
0000000000000006 0022060a03000000 1 06 00000000 0 0 0 0000000000000007
0000000000000007 0062130101000000 1 13 00000000 0 0 0 0000000000000008
0000000000000008 00a20f0308000000 1 0f 00000000 0 0 0 0000000000000009
0000000000000009 8506000000000000 0 00 00000000 0 0 0 000000000000000a
000000000000000a 00131400dff35000 1 14 ffdff350 0 0 0 000000000000000b
000000000000000b 0112000b12000000 0 00 00000000 2 1 0 000000000000000c
000000000000000c 0215000001010000 0 00 00000000 2 1 1 000000000000000e
000000000000000e 00320a010d000000 1 0a 00000000 2 1 0 000000000000000f
000000000000000f 00b3031000001000 1 03 00000000 2 1 0 0000000000000010
0000000000000010 0306000000001000 1 10 00000000 2 1 0 0000000000000011
0000000000000011 00130400ffffff00 1 04 ffffffff 2 1 0 0000000000000012
0000000000000012 004203080d000000 1 03 00000000 2 1 0 0000000000000013
0000000000000013 00a3130e00000f00 1 13 00000000 2 1 0 0000000000000014
0000000000000014 0023120f4eef9300 1 12 004eef93 2 1 0 0000000000000015
0000000000000015 00220e0910000000 1 0e 00000000 2 1 0 0000000000000016
0000000000000016 00131e0000000200 1 1e 00000002 2 1 0 0000000000000017
0000000000000017 0023151500000100 1 15 00000001 2 1 0 0000000000000018
0000000000000018 00731e1e00000100 1 1e 00000001 2 1 0 0000000000000019
0000000000000019 0102001e1d000000 0 00 00000000 4 0 0 000000000000001a
000000000000001a 0215fffffc040000 0 00 00000000 4 0 1 0000000000000017
0000000000000017 0023151500000100 1 15 00000002 4 0 0 0000000000000018
0000000000000018 00731e1e00000100 1 1e 00000000 4 0 0 0000000000000019
0000000000000019 0102001e1d000000 0 00 00000000 5 1 0 000000000000001a
000000000000001a 0215fffffc040000 0 00 00000000 5 1 0 000000000000001b
000000000000001b 7cf5000000000000 0 00 00000000 5 1 0 000000000000001c
DONE retired=31 fault=00 pc=000000000000001b
