0000000000000000 00131d0000000000 1 1d 00000000 0 0 0 0000000000000001
0000000000000001 0063011000000e00 1 01 00000000 0 0 0 0000000000000002
0000000000000002 8506000000000000 0 00 00000000 0 0 0 0000000000000003
0000000000000003 0122001303000000 0 00 00000000 5 0 0 0000000000000004
0000000000000004 02150000030c0000 0 00 00000000 5 0 1 0000000000000008
0000000000000008 00820b0f01000000 1 0b 00000000 5 0 0 0000000000000009
0000000000000009 0306000000000400 1 04 00000000 5 0 0 000000000000000a
000000000000000a 0042100902000000 1 10 00000000 5 0 0 000000000000000b
000000000000000b 00131e0000000300 1 1e 00000003 5 0 0 000000000000000c
000000000000000c 0023151500000100 1 15 00000001 5 0 0 000000000000000d
000000000000000d 00731e1e00000100 1 1e 00000002 5 0 0 000000000000000e
000000000000000e 0102001e1d000000 0 00 00000000 4 0 0 000000000000000f
000000000000000f 0215fffffc040000 0 00 00000000 4 0 1 000000000000000c
000000000000000c 0023151500000100 1 15 00000002 4 0 0 000000000000000d
000000000000000d 00731e1e00000100 1 1e 00000001 4 0 0 000000000000000e
000000000000000e 0102001e1d000000 0 00 00000000 4 0 0 000000000000000f
000000000000000f 0215fffffc040000 0 00 00000000 4 0 1 000000000000000c
000000000000000c 0023151500000100 1 15 00000003 4 0 0 000000000000000d
000000000000000d 00731e1e00000100 1 1e 00000000 4 0 0 000000000000000e
000000000000000e 0102001e1d000000 0 00 00000000 5 1 0 000000000000000f
000000000000000f 0215fffffc040000 0 00 00000000 5 1 0 0000000000000010
0000000000000010 7cf5000000000000 0 00 00000000 5 1 0 0000000000000011
DONE retired=22 fault=00 pc=0000000000000010
