0000000000000000 00131d0000000000 1 1d 00000000 0 0 0 0000000000000001
0000000000000001 8506000000000000 0 00 00000000 0 0 0 0000000000000002
0000000000000002 00520a0a06000000 1 0a 00000000 0 0 0 0000000000000003
0000000000000003 0082140713000000 1 14 00000000 0 0 0 0000000000000004
0000000000000004 0112000907000000 0 00 00000000 5 0 0 0000000000000005
0000000000000005 0215000001020000 0 00 00000000 5 0 1 0000000000000007
0000000000000007 8506000000000000 0 00 00000000 5 0 0 0000000000000008
0000000000000008 006207020e000000 1 07 00000000 5 0 0 0000000000000009
0000000000000009 8506000000000000 0 00 00000000 5 0 0 000000000000000a
000000000000000a 00a3090600000000 1 09 00000000 5 0 0 000000000000000b
000000000000000b 00130100352ea500 1 01 00352ea5 5 0 0 000000000000000c
000000000000000c 8506000000000000 0 00 00000000 5 0 0 000000000000000d
000000000000000d 8506000000000000 0 00 00000000 5 0 0 000000000000000e
000000000000000e 00a3071000001a00 1 07 00000000 5 0 0 000000000000000f
000000000000000f 00130d008481ec00 1 0d ff8481ec 5 0 0 0000000000000010
0000000000000010 0306000000000b00 1 0b 00000000 5 0 0 0000000000000011
0000000000000011 0022041010000000 1 04 00000000 5 0 0 0000000000000012
0000000000000012 00b2131009000000 1 13 00000000 5 0 0 0000000000000013
0000000000000013 00820c110c000000 1 0c 00000000 5 0 0 0000000000000014
0000000000000014 001313009a860800 1 13 ff9a8608 5 0 0 0000000000000015
0000000000000015 8506000000000000 0 00 00000000 5 0 0 0000000000000016
0000000000000016 001312009f85c500 1 12 ff9f85c5 5 0 0 0000000000000017
0000000000000017 00920e0900000000 1 0e ffffffff 5 0 0 0000000000000018
0000000000000018 00320e0202000000 1 0e 00000000 5 0 0 0000000000000019
0000000000000019 8506000000000000 0 00 00000000 5 0 0 000000000000001a
000000000000001a 0052041114000000 1 04 00000000 5 0 0 000000000000001b
000000000000001b 8506000000000000 0 00 00000000 5 0 0 000000000000001c
000000000000001c 00130900aaf0c200 1 09 ffaaf0c2 5 0 0 000000000000001d
000000000000001d 0073110fd77ce100 1 11 0028831f 5 0 0 000000000000001e
000000000000001e 8506000000000000 0 00 00000000 5 0 0 000000000000001f
000000000000001f 00a2030c11000000 1 03 00000000 5 0 0 0000000000000020
0000000000000020 0102000302000000 0 00 00000000 5 1 0 0000000000000021
0000000000000021 02150000030d0000 0 00 00000000 5 1 0 0000000000000022
0000000000000022 8506000000000000 0 00 00000000 5 1 0 0000000000000023
0000000000000023 8506000000000000 0 00 00000000 5 1 0 0000000000000024
0000000000000024 8506000000000000 0 00 00000000 5 1 0 0000000000000025
0000000000000025 00731404ffffff00 1 14 00000001 5 1 0 0000000000000026
0000000000000026 00130200de926f00 1 02 ffde926f 5 1 0 0000000000000027
0000000000000027 0306000000000d00 1 0d 00000000 5 1 0 0000000000000028
0000000000000028 0122000a01000000 0 00 00000000 2 0 0 0000000000000029
0000000000000029 02150000030d0000 0 00 00000000 2 0 1 000000000000002d
000000000000002d 0306000000000100 1 01 00000000 2 0 0 000000000000002e
000000000000002e 012200140e000000 0 00 00000000 4 1 0 000000000000002f
000000000000002f 02150000030e0000 0 00 00000000 4 1 1 0000000000000033
0000000000000033 001311003f536000 1 11 003f5360 4 1 0 0000000000000034
0000000000000034 0073040590e7ab00 1 04 006f1855 4 1 0 0000000000000035
0000000000000035 006201100a000000 1 01 00000000 4 1 0 0000000000000036
0000000000000036 012200100d000000 0 00 00000000 5 0 0 0000000000000037
0000000000000037 0215000003030000 0 00 00000000 5 0 1 000000000000003b
000000000000003b 00131e0000000100 1 1e 00000001 5 0 0 000000000000003c
000000000000003c 0023151500000100 1 15 00000001 5 0 0 000000000000003d
000000000000003d 00731e1e00000100 1 1e 00000000 5 0 0 000000000000003e
000000000000003e 0102001e1d000000 0 00 00000000 5 1 0 000000000000003f
000000000000003f 0215fffffc040000 0 00 00000000 5 1 0 0000000000000040
0000000000000040 7cf5000000000000 0 00 00000000 5 1 0 0000000000000041
DONE retired=55 fault=00 pc=0000000000000040
