0000000000000000 00131d0000000000 1 1d 00000000 0 0 0 0000000000000001
0000000000000001 00130e0063a1e600 1 0e 0063a1e6 0 0 0 0000000000000002
0000000000000002 0013050096740d00 1 05 ff96740d 0 0 0 0000000000000003
0000000000000003 00131000aaaaaa00 1 10 ffaaaaaa 0 0 0 0000000000000004
0000000000000004 8506000000000000 0 00 00000000 0 0 0 0000000000000005
0000000000000005 00b3041100001400 1 04 00000000 0 0 0 0000000000000006
0000000000000006 00130b00ffffff00 1 0b ffffffff 0 0 0 0000000000000007
0000000000000007 011200100c000000 0 00 00000000 6 1 0 0000000000000008
0000000000000008 0215000003030000 0 00 00000000 6 1 0 0000000000000009
0000000000000009 8506000000000000 0 00 00000000 6 1 0 000000000000000a
000000000000000a 8506000000000000 0 00 00000000 6 1 0 000000000000000b
000000000000000b 8506000000000000 0 00 00000000 6 1 0 000000000000000c
000000000000000c 0042100c03000000 1 10 00000000 6 1 0 000000000000000d
000000000000000d 0092040600000000 1 04 ffffffff 6 1 0 000000000000000e
000000000000000e 00130f0000000000 1 0f 00000000 6 1 0 000000000000000f
000000000000000f 8506000000000000 0 00 00000000 6 1 0 0000000000000010
0000000000000010 00131200bb5a2600 1 12 ffbb5a26 6 1 0 0000000000000011
0000000000000011 00130600a6d50800 1 06 ffa6d508 6 1 0 0000000000000012
0000000000000012 0112000111000000 0 00 00000000 5 0 0 0000000000000013
0000000000000013 0215000002010000 0 00 00000000 5 0 0 0000000000000014
0000000000000014 8506000000000000 0 00 00000000 5 0 0 0000000000000015
0000000000000015 8506000000000000 0 00 00000000 5 0 0 0000000000000016
0000000000000016 8506000000000000 0 00 00000000 5 0 0 0000000000000017
0000000000000017 010200040a000000 0 00 00000000 6 0 0 0000000000000018
0000000000000018 02150000010e0000 0 00 00000000 6 0 1 000000000000001a
000000000000001a 00320b0a13000000 1 0b 00000000 6 0 0 000000000000001b
000000000000001b 00130c00ae814400 1 0c ffae8144 6 0 0 000000000000001c
000000000000001c 012200080c000000 0 00 00000000 0 1 0 000000000000001d
000000000000001d 02150000030d0000 0 00 00000000 0 1 1 0000000000000021
0000000000000021 00220a0c04000000 1 0a ffae8143 0 1 0 0000000000000022
0000000000000022 8506000000000000 0 00 00000000 0 1 0 0000000000000023
0000000000000023 8506000000000000 0 00 00000000 0 1 0 0000000000000024
0000000000000024 00520c1406000000 1 0c ffa6d508 0 1 0 0000000000000025
0000000000000025 8506000000000000 0 00 00000000 0 1 0 0000000000000026
0000000000000026 00a30a0400000400 1 0a 0fffffff 0 1 0 0000000000000027
0000000000000027 8506000000000000 0 00 00000000 0 1 0 0000000000000028
0000000000000028 0013120055555500 1 12 00555555 0 1 0 0000000000000029
0000000000000029 8506000000000000 0 00 00000000 0 1 0 000000000000002a
000000000000002a 0072010707000000 1 01 00000000 0 1 0 000000000000002b
000000000000002b 0112001404000000 0 00 00000000 0 0 0 000000000000002c
000000000000002c 02150000020d0000 0 00 00000000 0 0 1 000000000000002f
000000000000002f 008212060b000000 1 12 ffa6d508 0 0 0 0000000000000030
0000000000000030 007203140f000000 1 03 00000000 0 0 0 0000000000000031
0000000000000031 0082121414000000 1 12 00000000 0 0 0 0000000000000032
0000000000000032 00220f1214000000 1 0f 00000000 0 0 0 0000000000000033
0000000000000033 0082020907000000 1 02 00000000 0 0 0 0000000000000034
0000000000000034 00131e0000000200 1 1e 00000002 0 0 0 0000000000000035
0000000000000035 0023151500000100 1 15 00000001 0 0 0 0000000000000036
0000000000000036 00731e1e00000100 1 1e 00000001 0 0 0 0000000000000037
0000000000000037 0102001e1d000000 0 00 00000000 4 0 0 0000000000000038
0000000000000038 0215fffffc040000 0 00 00000000 4 0 1 0000000000000035
0000000000000035 0023151500000100 1 15 00000002 4 0 0 0000000000000036
0000000000000036 00731e1e00000100 1 1e 00000000 4 0 0 0000000000000037
0000000000000037 0102001e1d000000 0 00 00000000 5 1 0 0000000000000038
0000000000000038 0215fffffc040000 0 00 00000000 5 1 0 0000000000000039
0000000000000039 7cf5000000000000 0 00 00000000 5 1 0 000000000000003a
DONE retired=56 fault=00 pc=0000000000000039
