0000000000000000 0013140000004d00 1 14 0000004d 0 0 0 0000000000000001 55555555 f 55555555 0 00 55555555
0000000000000001 34110200b63fd000 0 00 00000000 0 0 0 0000000000000002 55555555 d 00000000 1 02 00000000
0000000000000002 104003060400f000 0 00 00000000 0 0 0 0000000000000003 55555555 f 55555555 1 03 55555555
0000000000000003 0013160000000000 1 16 00000000 0 0 0 0000000000000004 55555555 f 55555555 0 00 55555555
0000000000000004 342002160000f000 0 00 00000000 0 0 0 0000000000000005 55555555 f 55555555 1 02 55555555
0000000000000005 10810502003ff000 0 00 00000000 0 0 0 0000000000000006 55555555 f 55555555 1 05 55555555
0000000000000006 100104040001f000 0 00 00000000 0 0 0 0000000000000007 55555555 f 55555555 1 04 55555555
0000000000000007 105104057ffff000 0 00 00000000 0 0 0 0000000000000008 55555555 f 55555555 1 04 55555555
0000000000000008 0013160000000000 1 16 00000000 0 0 0 0000000000000009 55555555 f 55555555 0 00 55555555
0000000000000009 342006160000f000 0 00 00000000 0 0 0 000000000000000a 55555555 f 55555555 1 06 55555555
000000000000000a 10810206000ef000 0 00 00000000 0 0 0 000000000000000b 55555555 f 55555555 1 02 55555555
000000000000000b 340005030000f000 0 00 00000000 0 0 0 000000000000000c 55555555 f 55555555 1 05 55555555
000000000000000c 101003040500f000 0 00 00000000 0 0 0 000000000000000d 55555555 f 55555555 1 03 55555555
000000000000000d 00131e0000000300 1 1e 00000003 0 0 0 000000000000000e 55555555 f 55555555 0 00 55555555
000000000000000e 0023171700000100 1 17 00000001 0 0 0 000000000000000f 55555555 f 55555555 0 00 55555555
000000000000000f 00731e1e00000100 1 1e 00000002 0 0 0 0000000000000010 55555555 f 55555555 0 00 55555555
0000000000000010 0013180000000000 1 18 00000000 0 0 0 0000000000000011 55555555 f 55555555 0 00 55555555
0000000000000011 0102001e18000000 0 00 00000000 4 0 0 0000000000000012 55555555 f 55555555 0 00 55555555
0000000000000012 0215fffffb040000 0 00 00000000 4 0 1 000000000000000e 55555555 f 55555555 0 00 55555555
000000000000000e 0023171700000100 1 17 00000002 4 0 0 000000000000000f 55555555 f 55555555 0 00 55555555
000000000000000f 00731e1e00000100 1 1e 00000001 4 0 0 0000000000000010 55555555 f 55555555 0 00 55555555
0000000000000010 0013180000000000 1 18 00000000 4 0 0 0000000000000011 55555555 f 55555555 0 00 55555555
0000000000000011 0102001e18000000 0 00 00000000 4 0 0 0000000000000012 55555555 f 55555555 0 00 55555555
0000000000000012 0215fffffb040000 0 00 00000000 4 0 1 000000000000000e 55555555 f 55555555 0 00 55555555
000000000000000e 0023171700000100 1 17 00000003 4 0 0 000000000000000f 55555555 f 55555555 0 00 55555555
000000000000000f 00731e1e00000100 1 1e 00000000 4 0 0 0000000000000010 55555555 f 55555555 0 00 55555555
0000000000000010 0013180000000000 1 18 00000000 4 0 0 0000000000000011 55555555 f 55555555 0 00 55555555
0000000000000011 0102001e18000000 0 00 00000000 5 1 0 0000000000000012 55555555 f 55555555 0 00 55555555
0000000000000012 0215fffffb040000 0 00 00000000 5 1 0 0000000000000013 55555555 f 55555555 0 00 55555555
0000000000000013 7cf5000000000000 0 00 00000000 5 1 0 0000000000000014 55555555 f 55555555 0 00 55555555
DONE retired=30 fault=00 pc=0000000000000013
