0000000000000000 0013140000004d00 1 14 0000004d 0 0 0 0000000000000001 0000000f f 0000000f 0 00 0000000f
0000000000000001 340003050000f000 0 00 00000000 0 0 0 0000000000000002 0000000f f 0000000f 1 03 0000000f
0000000000000002 106103030001f000 0 00 00000000 0 0 0 0000000000000003 0000000f f 0000000f 1 03 0000000f
0000000000000003 343004000000f000 0 00 00000000 0 0 0 0000000000000004 0000000f f 0000000f 1 04 0000000f
0000000000000004 0013150000000000 1 15 00000000 0 0 0 0000000000000005 0000000f f 0000000f 0 00 0000000f
0000000000000005 342003150000f000 0 00 00000000 0 0 0 0000000000000006 0000000f f 0000000f 1 03 0000000f
0000000000000006 340006050000f000 0 00 00000000 0 0 0 0000000000000007 0000000f f 0000000f 1 06 0000000f
0000000000000007 102005040600f000 0 00 00000000 0 0 0 0000000000000008 0000000f f 0000000f 1 05 0000000f
0000000000000008 00131500aaaaaa00 1 15 ffaaaaaa 0 0 0 0000000000000009 0000000f f 0000000f 0 00 0000000f
0000000000000009 342004150000f000 0 00 00000000 0 0 0 000000000000000a 0000000f f 0000000f 1 04 0000000f
000000000000000a 341102007ffff000 0 00 00000000 0 0 0 000000000000000b 0000000f f 0000000f 1 02 0000000f
000000000000000b 101003020300f000 0 00 00000000 0 0 0 000000000000000c 0000000f f 0000000f 1 03 0000000f
000000000000000c 104002040200f000 0 00 00000000 0 0 0 000000000000000d 0000000f f 0000000f 1 02 0000000f
000000000000000d 340002020000f000 0 00 00000000 0 0 0 000000000000000e 0000000f f 0000000f 1 02 0000000f
000000000000000e 0013160000000100 1 16 00000001 0 0 0 000000000000000f 0000000f f 0000000f 0 00 0000000f
000000000000000f 342006160000f000 0 00 00000000 0 0 0 0000000000000010 0000000f f 0000000f 1 06 0000000f
0000000000000010 108102060020f000 0 00 00000000 0 0 0 0000000000000011 0000000f f 0000000f 1 02 0000000f
0000000000000011 101002030200f000 0 00 00000000 0 0 0 0000000000000012 0000000f f 0000000f 1 02 0000000f
0000000000000012 343002000000f000 0 00 00000000 0 0 0 0000000000000013 0000000f f 0000000f 1 02 0000000f
0000000000000013 00131600aaaaaa00 1 16 ffaaaaaa 0 0 0 0000000000000014 0000000f f 0000000f 0 00 0000000f
0000000000000014 342006160000f000 0 00 00000000 0 0 0 0000000000000015 0000000f f 0000000f 1 06 0000000f
0000000000000015 10810306000ff000 0 00 00000000 0 0 0 0000000000000016 0000000f f 0000000f 1 03 0000000f
0000000000000016 0013160000000000 1 16 00000000 0 0 0 0000000000000017 0000000f f 0000000f 0 00 0000000f
0000000000000017 342002160000f000 0 00 00000000 0 0 0 0000000000000018 0000000f f 0000000f 1 02 0000000f
0000000000000018 10810302000ff000 0 00 00000000 0 0 0 0000000000000019 0000000f f 0000000f 1 03 0000000f
0000000000000019 341104001e4ff000 0 00 00000000 0 0 0 000000000000001a 0000000f f 0000000f 1 04 0000000f
000000000000001a 104002060600f000 0 00 00000000 0 0 0 000000000000001b 0000000f f 0000000f 1 02 0000000f
000000000000001b 00131e0000000100 1 1e 00000001 0 0 0 000000000000001c 0000000f f 0000000f 0 00 0000000f
000000000000001c 0023171700000100 1 17 00000001 0 0 0 000000000000001d 0000000f f 0000000f 0 00 0000000f
000000000000001d 00731e1e00000100 1 1e 00000000 0 0 0 000000000000001e 0000000f f 0000000f 0 00 0000000f
000000000000001e 0013180000000000 1 18 00000000 0 0 0 000000000000001f 0000000f f 0000000f 0 00 0000000f
000000000000001f 0102001e18000000 0 00 00000000 5 1 0 0000000000000020 0000000f f 0000000f 0 00 0000000f
0000000000000020 0215fffffb040000 0 00 00000000 5 1 0 0000000000000021 0000000f f 0000000f 0 00 0000000f
0000000000000021 7cf5000000000000 0 00 00000000 5 1 0 0000000000000022 0000000f f 0000000f 0 00 0000000f
DONE retired=34 fault=00 pc=0000000000000021
