0000000000000000 0013140000004d00 1 14 0000004d 0 0 0 0000000000000001 aaaaaaaa f aaaaaaaa 0 00 aaaaaaaa
0000000000000001 34110500c8e1f000 0 00 00000000 0 0 0 0000000000000002 aaaaaaaa f aaaaaaaa 1 05 aaaaaaaa
0000000000000002 100104028000f000 0 00 00000000 0 0 0 0000000000000003 aaaaaaaa f aaaaaaaa 1 04 aaaaaaaa
0000000000000003 0013150000000100 1 15 00000001 0 0 0 0000000000000004 aaaaaaaa f aaaaaaaa 0 00 aaaaaaaa
0000000000000004 342006150000f000 0 00 00000000 0 0 0 0000000000000005 aaaaaaaa f aaaaaaaa 1 06 aaaaaaaa
0000000000000005 100006060400f000 0 00 00000000 0 0 0 0000000000000006 aaaaaaaa f aaaaaaaa 1 06 aaaaaaaa
0000000000000006 0013160000000000 1 16 00000000 0 0 0 0000000000000007 aaaaaaaa f aaaaaaaa 0 00 aaaaaaaa
0000000000000007 342006160000f000 0 00 00000000 0 0 0 0000000000000008 aaaaaaaa f aaaaaaaa 1 06 aaaaaaaa
0000000000000008 108102060001f000 0 00 00000000 0 0 0 0000000000000009 aaaaaaaa f aaaaaaaa 1 02 aaaaaaaa
0000000000000009 3400030200002000 0 00 00000000 0 0 0 000000000000000a aaaaaaaa 2 00000000 1 03 00000000
000000000000000a 0013150000000000 1 15 00000000 0 0 0 000000000000000b aaaaaaaa f aaaaaaaa 0 00 aaaaaaaa
000000000000000b 342002150000f000 0 00 00000000 0 0 0 000000000000000c aaaaaaaa f aaaaaaaa 1 02 aaaaaaaa
000000000000000c 00131600ffffff00 1 16 ffffffff 0 0 0 000000000000000d aaaaaaaa f aaaaaaaa 0 00 aaaaaaaa
000000000000000d 342005160000f000 0 00 00000000 0 0 0 000000000000000e aaaaaaaa f aaaaaaaa 1 05 aaaaaaaa
000000000000000e 108104050001f000 0 00 00000000 0 0 0 000000000000000f aaaaaaaa f aaaaaaaa 1 04 aaaaaaaa
000000000000000f 103004050600f000 0 00 00000000 0 0 0 0000000000000010 aaaaaaaa f aaaaaaaa 1 04 aaaaaaaa
0000000000000010 1020050403009000 0 00 00000000 0 0 0 0000000000000011 aaaaaaaa 9 00000000 1 05 00000000
0000000000000011 343003000000f000 0 00 00000000 0 0 0 0000000000000012 aaaaaaaa f aaaaaaaa 1 03 aaaaaaaa
0000000000000012 340002020000f000 0 00 00000000 0 0 0 0000000000000013 aaaaaaaa f aaaaaaaa 1 02 aaaaaaaa
0000000000000013 34110200c144f000 0 00 00000000 0 0 0 0000000000000014 aaaaaaaa f aaaaaaaa 1 02 aaaaaaaa
0000000000000014 106102060000f000 0 00 00000000 0 0 0 0000000000000015 aaaaaaaa f aaaaaaaa 1 02 aaaaaaaa
0000000000000015 100002060300c000 0 00 00000000 0 0 0 0000000000000016 aaaaaaaa c 2aaaaaaa 1 02 2aaaaaaa
0000000000000016 340006060000f000 0 00 00000000 0 0 0 0000000000000017 aaaaaaaa f aaaaaaaa 1 06 aaaaaaaa
0000000000000017 341103009647f000 0 00 00000000 0 0 0 0000000000000018 aaaaaaaa f aaaaaaaa 1 03 aaaaaaaa
0000000000000018 340003060000f000 0 00 00000000 0 0 0 0000000000000019 aaaaaaaa f aaaaaaaa 1 03 aaaaaaaa
0000000000000019 101005050300f000 0 00 00000000 0 0 0 000000000000001a aaaaaaaa f aaaaaaaa 1 05 aaaaaaaa
000000000000001a 00131500aaaaaa00 1 15 ffaaaaaa 0 0 0 000000000000001b aaaaaaaa f aaaaaaaa 0 00 aaaaaaaa
000000000000001b 342005150000f000 0 00 00000000 0 0 0 000000000000001c aaaaaaaa f aaaaaaaa 1 05 aaaaaaaa
000000000000001c 10710602000ff000 0 00 00000000 0 0 0 000000000000001d aaaaaaaa f aaaaaaaa 1 06 aaaaaaaa
000000000000001d 1020020506001000 0 00 00000000 0 0 0 000000000000001e aaaaaaaa 1 00000000 1 02 00000000
000000000000001e 1000050505008000 0 00 00000000 0 0 0 000000000000001f aaaaaaaa 8 2a228028 1 05 2a228028
000000000000001f 34110600fffff000 0 00 00000000 0 0 0 0000000000000020 aaaaaaaa f aaaaaaaa 1 06 aaaaaaaa
0000000000000020 0013150000000100 1 15 00000001 0 0 0 0000000000000021 aaaaaaaa f aaaaaaaa 0 00 aaaaaaaa
0000000000000021 342002150000f000 0 00 00000000 0 0 0 0000000000000022 aaaaaaaa f aaaaaaaa 1 02 aaaaaaaa
0000000000000022 341104006521f000 0 00 00000000 0 0 0 0000000000000023 aaaaaaaa f aaaaaaaa 1 04 aaaaaaaa
0000000000000023 105002060400f000 0 00 00000000 0 0 0 0000000000000024 aaaaaaaa f aaaaaaaa 1 02 aaaaaaaa
0000000000000024 00131e0000000100 1 1e 00000001 0 0 0 0000000000000025 aaaaaaaa f aaaaaaaa 0 00 aaaaaaaa
0000000000000025 0023171700000100 1 17 00000001 0 0 0 0000000000000026 aaaaaaaa f aaaaaaaa 0 00 aaaaaaaa
0000000000000026 00731e1e00000100 1 1e 00000000 0 0 0 0000000000000027 aaaaaaaa f aaaaaaaa 0 00 aaaaaaaa
0000000000000027 0013180000000000 1 18 00000000 0 0 0 0000000000000028 aaaaaaaa f aaaaaaaa 0 00 aaaaaaaa
0000000000000028 0102001e18000000 0 00 00000000 5 1 0 0000000000000029 aaaaaaaa f aaaaaaaa 0 00 aaaaaaaa
0000000000000029 0215fffffb040000 0 00 00000000 5 1 0 000000000000002a aaaaaaaa f aaaaaaaa 0 00 aaaaaaaa
000000000000002a 7cf5000000000000 0 00 00000000 5 1 0 000000000000002b aaaaaaaa f aaaaaaaa 0 00 aaaaaaaa
DONE retired=43 fault=00 pc=000000000000002a
