0000000000000000 00131d0000000000 1 1d 00000000 0 0 0 0000000000000001
0000000000000001 00130b002149c900 1 0b 002149c9 0 0 0 0000000000000002
0000000000000002 0062010408000000 1 01 00000000 0 0 0 0000000000000003
0000000000000003 0306000000001300 1 13 00000000 0 0 0 0000000000000004
0000000000000004 0013120055555500 1 12 00555555 0 0 0 0000000000000005
0000000000000005 8506000000000000 0 00 00000000 0 0 0 0000000000000006
0000000000000006 00130600ffffff00 1 06 ffffffff 0 0 0 0000000000000007
0000000000000007 0306000000000200 1 02 00000000 0 0 0 0000000000000008
0000000000000008 0306000000000f00 1 0f 00000000 0 0 0 0000000000000009
0000000000000009 00320a0509000000 1 0a 00000000 0 0 0 000000000000000a
000000000000000a 00720d0406000000 1 0d 00000001 0 0 0 000000000000000b
000000000000000b 00130e00aaaaaa00 1 0e ffaaaaaa 0 0 0 000000000000000c
000000000000000c 0306000000000b00 1 0b 00000000 0 0 0 000000000000000d
000000000000000d 001311002346a700 1 11 002346a7 0 0 0 000000000000000e
000000000000000e 8506000000000000 0 00 00000000 0 0 0 000000000000000f
000000000000000f 0092121200000000 1 12 ffaaaaaa 0 0 0 0000000000000010
0000000000000010 0082060d12000000 1 06 ffaaaaab 0 0 0 0000000000000011
0000000000000011 00520c0204000000 1 0c 00000000 0 0 0 0000000000000012
0000000000000012 0063130200000400 1 13 00000000 0 0 0 0000000000000013
0000000000000013 8506000000000000 0 00 00000000 0 0 0 0000000000000014
0000000000000014 00a3060b00000200 1 06 00000000 0 0 0 0000000000000015
0000000000000015 0013010020282b00 1 01 0020282b 0 0 0 0000000000000016
0000000000000016 0306000000001100 1 11 00000000 0 0 0 0000000000000017
0000000000000017 8506000000000000 0 00 00000000 0 0 0 0000000000000018
0000000000000018 00320d0a14000000 1 0d 00000000 0 0 0 0000000000000019
0000000000000019 0112000a10000000 0 00 00000000 5 0 0 000000000000001a
000000000000001a 0215000002020000 0 00 00000000 5 0 1 000000000000001d
000000000000001d 0102000f0f000000 0 00 00000000 5 1 0 000000000000001e
000000000000001e 02150000010b0000 0 00 00000000 5 1 0 000000000000001f
000000000000001f 8506000000000000 0 00 00000000 5 1 0 0000000000000020
0000000000000020 00a207080e000000 1 07 00000000 5 1 0 0000000000000021
0000000000000021 00a20d120f000000 1 0d ffaaaaaa 5 1 0 0000000000000022
0000000000000022 0306000000001400 1 14 00000000 5 1 0 0000000000000023
0000000000000023 0072140608000000 1 14 00000000 5 1 0 0000000000000024
0000000000000024 0032100e09000000 1 10 00000000 5 1 0 0000000000000025
0000000000000025 8506000000000000 0 00 00000000 5 1 0 0000000000000026
0000000000000026 001310005ad6ad00 1 10 005ad6ad 5 1 0 0000000000000027
0000000000000027 0063050c00001300 1 05 00000000 5 1 0 0000000000000028
0000000000000028 0042120414000000 1 12 00000000 5 1 0 0000000000000029
0000000000000029 007308137dfe4500 1 08 ff8201bb 5 1 0 000000000000002a
000000000000002a 00b30f0b00001200 1 0f 00000000 5 1 0 000000000000002b
000000000000002b 010200090e000000 0 00 00000000 0 0 0 000000000000002c
000000000000002c 0215000002030000 0 00 00000000 0 0 0 000000000000002d
000000000000002d 8506000000000000 0 00 00000000 0 0 0 000000000000002e
000000000000002e 8506000000000000 0 00 00000000 0 0 0 000000000000002f
000000000000002f 0062100710000000 1 10 00000000 0 0 0 0000000000000030
0000000000000030 00131e0000000400 1 1e 00000004 0 0 0 0000000000000031
0000000000000031 0023151500000100 1 15 00000001 0 0 0 0000000000000032
0000000000000032 00731e1e00000100 1 1e 00000003 0 0 0 0000000000000033
0000000000000033 0102001e1d000000 0 00 00000000 4 0 0 0000000000000034
0000000000000034 0215fffffc040000 0 00 00000000 4 0 1 0000000000000031
0000000000000031 0023151500000100 1 15 00000002 4 0 0 0000000000000032
0000000000000032 00731e1e00000100 1 1e 00000002 4 0 0 0000000000000033
0000000000000033 0102001e1d000000 0 00 00000000 4 0 0 0000000000000034
0000000000000034 0215fffffc040000 0 00 00000000 4 0 1 0000000000000031
0000000000000031 0023151500000100 1 15 00000003 4 0 0 0000000000000032
0000000000000032 00731e1e00000100 1 1e 00000001 4 0 0 0000000000000033
0000000000000033 0102001e1d000000 0 00 00000000 4 0 0 0000000000000034
0000000000000034 0215fffffc040000 0 00 00000000 4 0 1 0000000000000031
0000000000000031 0023151500000100 1 15 00000004 4 0 0 0000000000000032
0000000000000032 00731e1e00000100 1 1e 00000000 4 0 0 0000000000000033
0000000000000033 0102001e1d000000 0 00 00000000 5 1 0 0000000000000034
0000000000000034 0215fffffc040000 0 00 00000000 5 1 0 0000000000000035
0000000000000035 7cf5000000000000 0 00 00000000 5 1 0 0000000000000036
DONE retired=64 fault=00 pc=0000000000000035
