0000000000000000 0013140000004d00 1 14 0000004d 0 0 0 0000000000000001 aaaaaaaa f aaaaaaaa 0 00 aaaaaaaa
0000000000000001 107104040010f000 0 00 00000000 0 0 0 0000000000000002 aaaaaaaa f aaaaaaaa 1 04 aaaaaaaa
0000000000000002 10610406000ff000 0 00 00000000 0 0 0 0000000000000003 aaaaaaaa f aaaaaaaa 1 04 aaaaaaaa
0000000000000003 107103030001f000 0 00 00000000 0 0 0 0000000000000004 aaaaaaaa f aaaaaaaa 1 03 aaaaaaaa
0000000000000004 101102037ffff000 0 00 00000000 0 0 0 0000000000000005 aaaaaaaa f aaaaaaaa 1 02 aaaaaaaa
0000000000000005 101105058000f000 0 00 00000000 0 0 0 0000000000000006 aaaaaaaa f aaaaaaaa 1 05 aaaaaaaa
0000000000000006 106103030010f000 0 00 00000000 0 0 0 0000000000000007 aaaaaaaa f aaaaaaaa 1 03 aaaaaaaa
0000000000000007 343005000000f000 0 00 00000000 0 0 0 0000000000000008 aaaaaaaa f aaaaaaaa 1 05 aaaaaaaa
0000000000000008 105005050400f000 0 00 00000000 0 0 0 0000000000000009 aaaaaaaa f aaaaaaaa 1 05 aaaaaaaa
0000000000000009 0013160000000000 1 16 00000000 0 0 0 000000000000000a aaaaaaaa f aaaaaaaa 0 00 aaaaaaaa
000000000000000a 342004160000f000 0 00 00000000 0 0 0 000000000000000b aaaaaaaa f aaaaaaaa 1 04 aaaaaaaa
000000000000000b 108105040001f000 0 00 00000000 0 0 0 000000000000000c aaaaaaaa f aaaaaaaa 1 05 aaaaaaaa
000000000000000c 0013160000000000 1 16 00000000 0 0 0 000000000000000d aaaaaaaa f aaaaaaaa 0 00 aaaaaaaa
000000000000000d 342004160000f000 0 00 00000000 0 0 0 000000000000000e aaaaaaaa f aaaaaaaa 1 04 aaaaaaaa
000000000000000e 108105040001f000 0 00 00000000 0 0 0 000000000000000f aaaaaaaa f aaaaaaaa 1 05 aaaaaaaa
000000000000000f 106103020001f000 0 00 00000000 0 0 0 0000000000000010 aaaaaaaa f aaaaaaaa 1 03 aaaaaaaa
0000000000000010 10610306001ff000 0 00 00000000 0 0 0 0000000000000011 aaaaaaaa f aaaaaaaa 1 03 aaaaaaaa
0000000000000011 34110500e18cf000 0 00 00000000 0 0 0 0000000000000012 aaaaaaaa f aaaaaaaa 1 05 aaaaaaaa
0000000000000012 101003060200f000 0 00 00000000 0 0 0 0000000000000013 aaaaaaaa f aaaaaaaa 1 03 aaaaaaaa
0000000000000013 105004020500f000 0 00 00000000 0 0 0 0000000000000014 aaaaaaaa f aaaaaaaa 1 04 aaaaaaaa
0000000000000014 107105040001f000 0 00 00000000 0 0 0 0000000000000015 aaaaaaaa f aaaaaaaa 1 05 aaaaaaaa
0000000000000015 00131e0000000100 1 1e 00000001 0 0 0 0000000000000016 aaaaaaaa f aaaaaaaa 0 00 aaaaaaaa
0000000000000016 0023171700000100 1 17 00000001 0 0 0 0000000000000017 aaaaaaaa f aaaaaaaa 0 00 aaaaaaaa
0000000000000017 00731e1e00000100 1 1e 00000000 0 0 0 0000000000000018 aaaaaaaa f aaaaaaaa 0 00 aaaaaaaa
0000000000000018 0013180000000000 1 18 00000000 0 0 0 0000000000000019 aaaaaaaa f aaaaaaaa 0 00 aaaaaaaa
0000000000000019 0102001e18000000 0 00 00000000 5 1 0 000000000000001a aaaaaaaa f aaaaaaaa 0 00 aaaaaaaa
000000000000001a 0215fffffb040000 0 00 00000000 5 1 0 000000000000001b aaaaaaaa f aaaaaaaa 0 00 aaaaaaaa
000000000000001b 7cf5000000000000 0 00 00000000 5 1 0 000000000000001c aaaaaaaa f aaaaaaaa 0 00 aaaaaaaa
DONE retired=28 fault=00 pc=000000000000001b
