0000000000000000 00131d0000000000 1 1d 00000000 0 0 0 0000000000000001
0000000000000001 0102000b09000000 0 00 00000000 5 1 0 0000000000000002
0000000000000002 0215000001010000 0 00 00000000 5 1 1 0000000000000004
0000000000000004 006214080c000000 1 14 00000000 5 1 0 0000000000000005
0000000000000005 008203040a000000 1 03 00000000 5 1 0 0000000000000006
0000000000000006 0092110500000000 1 11 ffffffff 5 1 0 0000000000000007
0000000000000007 0052040f0e000000 1 04 00000000 5 1 0 0000000000000008
0000000000000008 8506000000000000 0 00 00000000 5 1 0 0000000000000009
0000000000000009 0013140055555500 1 14 00555555 5 1 0 000000000000000a
000000000000000a 0082010310000000 1 01 00000000 5 1 0 000000000000000b
000000000000000b 012200060c000000 0 00 00000000 5 0 0 000000000000000c
000000000000000c 0215000003020000 0 00 00000000 5 0 1 0000000000000010
0000000000000010 0102000a03000000 0 00 00000000 5 1 0 0000000000000011
0000000000000011 0215000001030000 0 00 00000000 5 1 1 0000000000000013
0000000000000013 012200100e000000 0 00 00000000 5 0 0 0000000000000014
0000000000000014 0215000002020000 0 00 00000000 5 0 1 0000000000000017
0000000000000017 0042120c0d000000 1 12 00000000 5 0 0 0000000000000018
0000000000000018 00720d0f12000000 1 0d 00000000 5 0 0 0000000000000019
0000000000000019 0102000504000000 0 00 00000000 5 1 0 000000000000001a
000000000000001a 02150000010e0000 0 00 00000000 5 1 1 000000000000001c
000000000000001c 00a30c0900001d00 1 0c 00000000 5 1 0 000000000000001d
000000000000001d 8506000000000000 0 00 00000000 5 1 0 000000000000001e
000000000000001e 00a3070800001100 1 07 00000000 5 1 0 000000000000001f
000000000000001f 00a30e0800001700 1 0e 00000000 5 1 0 0000000000000020
0000000000000020 0092070c00000000 1 07 ffffffff 5 1 0 0000000000000021
0000000000000021 007208090c000000 1 08 00000000 5 1 0 0000000000000022
0000000000000022 0112000e07000000 0 00 00000000 0 0 0 0000000000000023
0000000000000023 02150000020c0000 0 00 00000000 0 0 1 0000000000000026
0000000000000026 0092040c00000000 1 04 ffffffff 0 0 0 0000000000000027
0000000000000027 00130d0055555500 1 0d 00555555 0 0 0 0000000000000028
0000000000000028 011200020d000000 0 00 00000000 2 1 0 0000000000000029
0000000000000029 02150000030e0000 0 00 00000000 2 1 0 000000000000002a
000000000000002a 8506000000000000 0 00 00000000 2 1 0 000000000000002b
000000000000002b 8506000000000000 0 00 00000000 2 1 0 000000000000002c
000000000000002c 8506000000000000 0 00 00000000 2 1 0 000000000000002d
000000000000002d 0112000308000000 0 00 00000000 5 0 0 000000000000002e
000000000000002e 0215000002010000 0 00 00000000 5 0 0 000000000000002f
000000000000002f 8506000000000000 0 00 00000000 5 0 0 0000000000000030
0000000000000030 8506000000000000 0 00 00000000 5 0 0 0000000000000031
0000000000000031 0306000000000e00 1 0e 00000000 5 0 0 0000000000000032
0000000000000032 001309006d00d100 1 09 006d00d1 5 0 0 0000000000000033
0000000000000033 00130c000090f200 1 0c 000090f2 5 0 0 0000000000000034
0000000000000034 00130a001c685800 1 0a 001c6858 5 0 0 0000000000000035
0000000000000035 00b3041000001300 1 04 00000000 5 0 0 0000000000000036
0000000000000036 0082070807000000 1 07 ffffffff 5 0 0 0000000000000037
0000000000000037 00130600ffffff00 1 06 ffffffff 5 0 0 0000000000000038
0000000000000038 0022110e13000000 1 11 00000000 5 0 0 0000000000000039
0000000000000039 00130600ffffff00 1 06 ffffffff 5 0 0 000000000000003a
000000000000003a 00130d00ecb08300 1 0d ffecb083 5 0 0 000000000000003b
000000000000003b 0072130613000000 1 13 ffffffff 5 0 0 000000000000003c
000000000000003c 8506000000000000 0 00 00000000 5 0 0 000000000000003d
000000000000003d 0022020f05000000 1 02 00000000 5 0 0 000000000000003e
000000000000003e 00420c1413000000 1 0c 00555555 5 0 0 000000000000003f
000000000000003f 00131e0000000100 1 1e 00000001 5 0 0 0000000000000040
0000000000000040 0023151500000100 1 15 00000001 5 0 0 0000000000000041
0000000000000041 00731e1e00000100 1 1e 00000000 5 0 0 0000000000000042
0000000000000042 0102001e1d000000 0 00 00000000 5 1 0 0000000000000043
0000000000000043 0215fffffc040000 0 00 00000000 5 1 0 0000000000000044
0000000000000044 7cf5000000000000 0 00 00000000 5 1 0 0000000000000045
DONE retired=59 fault=00 pc=0000000000000044
