0000000000000000 0013140000004d00 1 14 0000004d 0 0 0 0000000000000001 f8000000 f f8000000 0 00 f8000000
0000000000000001 340003020000f000 0 00 00000000 0 0 0 0000000000000002 f8000000 f f8000000 1 03 f8000000
0000000000000002 00131600ffffff00 1 16 ffffffff 0 0 0 0000000000000003 f8000000 f f8000000 0 00 f8000000
0000000000000003 342003160000f000 0 00 00000000 0 0 0 0000000000000004 f8000000 f f8000000 1 03 f8000000
0000000000000004 10810503003ff000 0 00 00000000 0 0 0 0000000000000005 f8000000 f f8000000 1 05 f8000000
0000000000000005 341106001d0da000 0 00 00000000 0 0 0 0000000000000006 f8000000 a 80000000 1 06 80000000
0000000000000006 1050050606005000 0 00 00000000 0 0 0 0000000000000007 f8000000 5 08000000 1 05 08000000
0000000000000007 340002060000f000 0 00 00000000 0 0 0 0000000000000008 f8000000 f f8000000 1 02 f8000000
0000000000000008 0013150000000000 1 15 00000000 0 0 0 0000000000000009 f8000000 f f8000000 0 00 f8000000
0000000000000009 342004150000f000 0 00 00000000 0 0 0 000000000000000a f8000000 f f8000000 1 04 f8000000
000000000000000a 102002020400f000 0 00 00000000 0 0 0 000000000000000b f8000000 f f8000000 1 02 f8000000
000000000000000b 343004000000f000 0 00 00000000 0 0 0 000000000000000c f8000000 f f8000000 1 04 f8000000
000000000000000c 340002020000f000 0 00 00000000 0 0 0 000000000000000d f8000000 f f8000000 1 02 f8000000
000000000000000d 0013150055555500 1 15 00555555 0 0 0 000000000000000e f8000000 f f8000000 0 00 f8000000
000000000000000e 342002150000f000 0 00 00000000 0 0 0 000000000000000f f8000000 f f8000000 1 02 f8000000
000000000000000f 340006020000f000 0 00 00000000 0 0 0 0000000000000010 f8000000 f f8000000 1 06 f8000000
0000000000000010 00131e0000000200 1 1e 00000002 0 0 0 0000000000000011 f8000000 f f8000000 0 00 f8000000
0000000000000011 0023171700000100 1 17 00000001 0 0 0 0000000000000012 f8000000 f f8000000 0 00 f8000000
0000000000000012 00731e1e00000100 1 1e 00000001 0 0 0 0000000000000013 f8000000 f f8000000 0 00 f8000000
0000000000000013 0013180000000000 1 18 00000000 0 0 0 0000000000000014 f8000000 f f8000000 0 00 f8000000
0000000000000014 0102001e18000000 0 00 00000000 4 0 0 0000000000000015 f8000000 f f8000000 0 00 f8000000
0000000000000015 0215fffffb040000 0 00 00000000 4 0 1 0000000000000011 f8000000 f f8000000 0 00 f8000000
0000000000000011 0023171700000100 1 17 00000002 4 0 0 0000000000000012 f8000000 f f8000000 0 00 f8000000
0000000000000012 00731e1e00000100 1 1e 00000000 4 0 0 0000000000000013 f8000000 f f8000000 0 00 f8000000
0000000000000013 0013180000000000 1 18 00000000 4 0 0 0000000000000014 f8000000 f f8000000 0 00 f8000000
0000000000000014 0102001e18000000 0 00 00000000 5 1 0 0000000000000015 f8000000 f f8000000 0 00 f8000000
0000000000000015 0215fffffb040000 0 00 00000000 5 1 0 0000000000000016 f8000000 f f8000000 0 00 f8000000
0000000000000016 7cf5000000000000 0 00 00000000 5 1 0 0000000000000017 f8000000 f f8000000 0 00 f8000000
DONE retired=28 fault=00 pc=0000000000000016
