0000000000000000 00131d0000000000 1 1d 00000000 0 0 0 0000000000000001
0000000000000001 00130100aaaaaa00 1 01 ffaaaaaa 0 0 0 0000000000000002
0000000000000002 00130900f34e8100 1 09 fff34e81 0 0 0 0000000000000003
0000000000000003 00130e0055555500 1 0e 00555555 0 0 0 0000000000000004
0000000000000004 0023080d9c15f300 1 08 ff9c15f3 0 0 0 0000000000000005
0000000000000005 0306000000001100 1 11 00000000 0 0 0 0000000000000006
0000000000000006 0063130b00000000 1 13 00000000 0 0 0 0000000000000007
0000000000000007 00920d1000000000 1 0d ffffffff 0 0 0 0000000000000008
0000000000000008 0306000000000700 1 07 00000000 0 0 0 0000000000000009
0000000000000009 8506000000000000 0 00 00000000 0 0 0 000000000000000a
000000000000000a 00131100aaaaaa00 1 11 ffaaaaaa 0 0 0 000000000000000b
000000000000000b 00130800700edd00 1 08 00700edd 0 0 0 000000000000000c
000000000000000c 0013080081bc0900 1 08 ff81bc09 0 0 0 000000000000000d
000000000000000d 00130d00ffffff00 1 0d ffffffff 0 0 0 000000000000000e
000000000000000e 8506000000000000 0 00 00000000 0 0 0 000000000000000f
000000000000000f 010200080c000000 0 00 00000000 6 0 0 0000000000000010
0000000000000010 0215000001030000 0 00 00000000 6 0 0 0000000000000011
0000000000000011 8506000000000000 0 00 00000000 6 0 0 0000000000000012
0000000000000012 00a2031009000000 1 03 00000000 6 0 0 0000000000000013
0000000000000013 0022120a12000000 1 12 00000000 6 0 0 0000000000000014
0000000000000014 003210030d000000 1 10 00000000 6 0 0 0000000000000015
0000000000000015 00130e0055555500 1 0e 00555555 6 0 0 0000000000000016
0000000000000016 8506000000000000 0 00 00000000 6 0 0 0000000000000017
0000000000000017 0063040600001d00 1 04 00000000 6 0 0 0000000000000018
0000000000000018 010200120f000000 0 00 00000000 5 1 0 0000000000000019
0000000000000019 0215000002030000 0 00 00000000 5 1 1 000000000000001c
000000000000001c 001302005866bd00 1 02 005866bd 5 1 0 000000000000001d
000000000000001d 00130c006061fd00 1 0c 006061fd 5 1 0 000000000000001e
000000000000001e 00a30e0e00000500 1 0e 0002aaaa 5 1 0 000000000000001f
000000000000001f 00131100efae0700 1 11 ffefae07 5 1 0 0000000000000020
0000000000000020 8506000000000000 0 00 00000000 5 1 0 0000000000000021
0000000000000021 00131e0000000300 1 1e 00000003 5 1 0 0000000000000022
0000000000000022 0023151500000100 1 15 00000001 5 1 0 0000000000000023
0000000000000023 00731e1e00000100 1 1e 00000002 5 1 0 0000000000000024
0000000000000024 0102001e1d000000 0 00 00000000 4 0 0 0000000000000025
0000000000000025 0215fffffc040000 0 00 00000000 4 0 1 0000000000000022
0000000000000022 0023151500000100 1 15 00000002 4 0 0 0000000000000023
0000000000000023 00731e1e00000100 1 1e 00000001 4 0 0 0000000000000024
0000000000000024 0102001e1d000000 0 00 00000000 4 0 0 0000000000000025
0000000000000025 0215fffffc040000 0 00 00000000 4 0 1 0000000000000022
0000000000000022 0023151500000100 1 15 00000003 4 0 0 0000000000000023
0000000000000023 00731e1e00000100 1 1e 00000000 4 0 0 0000000000000024
0000000000000024 0102001e1d000000 0 00 00000000 5 1 0 0000000000000025
0000000000000025 0215fffffc040000 0 00 00000000 5 1 0 0000000000000026
0000000000000026 7cf5000000000000 0 00 00000000 5 1 0 0000000000000027
DONE retired=45 fault=00 pc=0000000000000026
