0000000000000000 00131d0000000000 1 1d 00000000 0 0 0 0000000000000001
0000000000000001 00131400beb60e00 1 14 ffbeb60e 0 0 0 0000000000000002
0000000000000002 0306000000000500 1 05 00000000 0 0 0 0000000000000003
0000000000000003 0082011209000000 1 01 00000000 0 0 0 0000000000000004
0000000000000004 004207110a000000 1 07 00000000 0 0 0 0000000000000005
0000000000000005 00130e00def32a00 1 0e ffdef32a 0 0 0 0000000000000006
0000000000000006 0306000000000c00 1 0c 00000000 0 0 0 0000000000000007
0000000000000007 0102000b0a000000 0 00 00000000 5 1 0 0000000000000008
0000000000000008 0215000003020000 0 00 00000000 5 1 0 0000000000000009
0000000000000009 8506000000000000 0 00 00000000 5 1 0 000000000000000a
000000000000000a 8506000000000000 0 00 00000000 5 1 0 000000000000000b
000000000000000b 8506000000000000 0 00 00000000 5 1 0 000000000000000c
000000000000000c 00620a020c000000 1 0a 00000000 5 1 0 000000000000000d
000000000000000d 00130b00c032c700 1 0b ffc032c7 5 1 0 000000000000000e
000000000000000e 011200130c000000 0 00 00000000 5 0 0 000000000000000f
000000000000000f 02150000010d0000 0 00 00000000 5 0 0 0000000000000010
0000000000000010 8506000000000000 0 00 00000000 5 0 0 0000000000000011
0000000000000011 00130800688bcc00 1 08 00688bcc 5 0 0 0000000000000012
0000000000000012 8506000000000000 0 00 00000000 5 0 0 0000000000000013
0000000000000013 00131400d3487d00 1 14 ffd3487d 5 0 0 0000000000000014
0000000000000014 0306000000000600 1 06 00000000 5 0 0 0000000000000015
0000000000000015 003202100f000000 1 02 00000000 5 0 0 0000000000000016
0000000000000016 0072060d07000000 1 06 00000000 5 0 0 0000000000000017
0000000000000017 8506000000000000 0 00 00000000 5 0 0 0000000000000018
0000000000000018 8506000000000000 0 00 00000000 5 0 0 0000000000000019
0000000000000019 8506000000000000 0 00 00000000 5 0 0 000000000000001a
000000000000001a 00920b1100000000 1 0b ffffffff 5 0 0 000000000000001b
000000000000001b 0013060000000100 1 06 00000001 5 0 0 000000000000001c
000000000000001c 00131e0000000100 1 1e 00000001 5 0 0 000000000000001d
000000000000001d 0023151500000100 1 15 00000001 5 0 0 000000000000001e
000000000000001e 00731e1e00000100 1 1e 00000000 5 0 0 000000000000001f
000000000000001f 0102001e1d000000 0 00 00000000 5 1 0 0000000000000020
0000000000000020 0215fffffc040000 0 00 00000000 5 1 0 0000000000000021
0000000000000021 7cf5000000000000 0 00 00000000 5 1 0 0000000000000022
DONE retired=34 fault=00 pc=0000000000000021
