0000000000000000 0013140000004d00 1 14 0000004d 0 0 0 0000000000000001 19777d5f f 19777d5f 0 00 19777d5f
0000000000000001 3411020059cff000 0 00 00000000 0 0 0 0000000000000002 19777d5f f 19777d5f 1 02 19777d5f
0000000000000002 0013150000000000 1 15 00000000 0 0 0 0000000000000003 19777d5f f 19777d5f 0 00 19777d5f
0000000000000003 3420041500006000 0 00 00000000 0 0 0 0000000000000004 19777d5f 6 19777d5f 1 04 19777d5f
0000000000000004 00131500ffffff00 1 15 ffffffff 0 0 0 0000000000000005 19777d5f f 19777d5f 0 00 19777d5f
0000000000000005 342006150000f000 0 00 00000000 0 0 0 0000000000000006 19777d5f f 19777d5f 1 06 19777d5f
0000000000000006 0013160000000000 1 16 00000000 0 0 0 0000000000000007 19777d5f f 19777d5f 0 00 19777d5f
0000000000000007 342005160000f000 0 00 00000000 0 0 0 0000000000000008 19777d5f f 19777d5f 1 05 19777d5f
0000000000000008 108105050021f000 0 00 00000000 0 0 0 0000000000000009 19777d5f f 19777d5f 1 05 19777d5f
0000000000000009 105006030300b000 0 00 00000000 0 0 0 000000000000000a 19777d5f b 00000000 1 06 00000000
000000000000000a 3400040500002000 0 00 00000000 0 0 0 000000000000000b 19777d5f 2 00000000 1 04 00000000
000000000000000b 34110500c5324000 0 00 00000000 0 0 0 000000000000000c 19777d5f 4 00000000 1 05 00000000
000000000000000c 107104050021f000 0 00 00000000 0 0 0 000000000000000d 19777d5f f 19777d5f 1 04 19777d5f
000000000000000d 340002020000f000 0 00 00000000 0 0 0 000000000000000e 19777d5f f 19777d5f 1 02 19777d5f
000000000000000e 105006030600f000 0 00 00000000 0 0 0 000000000000000f 19777d5f f 19777d5f 1 06 19777d5f
000000000000000f 107105060010f000 0 00 00000000 0 0 0 0000000000000010 19777d5f f 19777d5f 1 05 19777d5f
0000000000000010 340006030000f000 0 00 00000000 0 0 0 0000000000000011 19777d5f f 19777d5f 1 06 19777d5f
0000000000000011 00131e0000000300 1 1e 00000003 0 0 0 0000000000000012 19777d5f f 19777d5f 0 00 19777d5f
0000000000000012 0023171700000100 1 17 00000001 0 0 0 0000000000000013 19777d5f f 19777d5f 0 00 19777d5f
0000000000000013 00731e1e00000100 1 1e 00000002 0 0 0 0000000000000014 19777d5f f 19777d5f 0 00 19777d5f
0000000000000014 0013180000000000 1 18 00000000 0 0 0 0000000000000015 19777d5f f 19777d5f 0 00 19777d5f
0000000000000015 0102001e18000000 0 00 00000000 4 0 0 0000000000000016 19777d5f f 19777d5f 0 00 19777d5f
0000000000000016 0215fffffb040000 0 00 00000000 4 0 1 0000000000000012 19777d5f f 19777d5f 0 00 19777d5f
0000000000000012 0023171700000100 1 17 00000002 4 0 0 0000000000000013 19777d5f f 19777d5f 0 00 19777d5f
0000000000000013 00731e1e00000100 1 1e 00000001 4 0 0 0000000000000014 19777d5f f 19777d5f 0 00 19777d5f
0000000000000014 0013180000000000 1 18 00000000 4 0 0 0000000000000015 19777d5f f 19777d5f 0 00 19777d5f
0000000000000015 0102001e18000000 0 00 00000000 4 0 0 0000000000000016 19777d5f f 19777d5f 0 00 19777d5f
0000000000000016 0215fffffb040000 0 00 00000000 4 0 1 0000000000000012 19777d5f f 19777d5f 0 00 19777d5f
0000000000000012 0023171700000100 1 17 00000003 4 0 0 0000000000000013 19777d5f f 19777d5f 0 00 19777d5f
0000000000000013 00731e1e00000100 1 1e 00000000 4 0 0 0000000000000014 19777d5f f 19777d5f 0 00 19777d5f
0000000000000014 0013180000000000 1 18 00000000 4 0 0 0000000000000015 19777d5f f 19777d5f 0 00 19777d5f
0000000000000015 0102001e18000000 0 00 00000000 5 1 0 0000000000000016 19777d5f f 19777d5f 0 00 19777d5f
0000000000000016 0215fffffb040000 0 00 00000000 5 1 0 0000000000000017 19777d5f f 19777d5f 0 00 19777d5f
0000000000000017 7cf5000000000000 0 00 00000000 5 1 0 0000000000000018 19777d5f f 19777d5f 0 00 19777d5f
DONE retired=34 fault=00 pc=0000000000000017
