0000000000000000 00131d0000000000 1 1d 00000000 0 0 0 0000000000000001
0000000000000001 0306000000000600 1 06 00000000 0 0 0 0000000000000002
0000000000000002 0032020106000000 1 02 00000000 0 0 0 0000000000000003
0000000000000003 0052100c03000000 1 10 00000000 0 0 0 0000000000000004
0000000000000004 00130d00ffffff00 1 0d ffffffff 0 0 0 0000000000000005
0000000000000005 0306000000000100 1 01 00000000 0 0 0 0000000000000006
0000000000000006 0072070f13000000 1 07 00000000 0 0 0 0000000000000007
0000000000000007 0052020c08000000 1 02 00000000 0 0 0 0000000000000008
0000000000000008 8506000000000000 0 00 00000000 0 0 0 0000000000000009
0000000000000009 0092141100000000 1 14 ffffffff 0 0 0 000000000000000a
000000000000000a 00130a0000000000 1 0a 00000000 0 0 0 000000000000000b
000000000000000b 0013080034e8f300 1 08 0034e8f3 0 0 0 000000000000000c
000000000000000c 0092090200000000 1 09 ffffffff 0 0 0 000000000000000d
000000000000000d 0092090900000000 1 09 00000000 0 0 0 000000000000000e
000000000000000e 00720b0904000000 1 0b 00000000 0 0 0 000000000000000f
000000000000000f 8506000000000000 0 00 00000000 0 0 0 0000000000000010
0000000000000010 00b2061411000000 1 06 ffffffff 0 0 0 0000000000000011
0000000000000011 00a2060b05000000 1 06 00000000 0 0 0 0000000000000012
0000000000000012 0112000510000000 0 00 00000000 5 0 0 0000000000000013
0000000000000013 02150000010b0000 0 00 00000000 5 0 0 0000000000000014
0000000000000014 8506000000000000 0 00 00000000 5 0 0 0000000000000015
0000000000000015 00920f0300000000 1 0f ffffffff 5 0 0 0000000000000016
0000000000000016 8506000000000000 0 00 00000000 5 0 0 0000000000000017
0000000000000017 0062020403000000 1 02 00000000 5 0 0 0000000000000018
0000000000000018 0013050055555500 1 05 00555555 5 0 0 0000000000000019
0000000000000019 0306000000000a00 1 0a 00000000 5 0 0 000000000000001a
000000000000001a 0306000000001000 1 10 00000000 5 0 0 000000000000001b
000000000000001b 00620d1102000000 1 0d 00000000 5 0 0 000000000000001c
000000000000001c 00130e0055555500 1 0e 00555555 5 0 0 000000000000001d
000000000000001d 012200050f000000 0 00 00000000 0 1 0 000000000000001e
000000000000001e 0215000002020000 0 00 00000000 0 1 0 000000000000001f
000000000000001f 8506000000000000 0 00 00000000 0 1 0 0000000000000020
0000000000000020 8506000000000000 0 00 00000000 0 1 0 0000000000000021
0000000000000021 00920b0500000000 1 0b ffaaaaaa 0 1 0 0000000000000022
0000000000000022 0092050a00000000 1 05 ffffffff 0 1 0 0000000000000023
0000000000000023 00630f0800000100 1 0f 0069d1e6 0 1 0 0000000000000024
0000000000000024 8506000000000000 0 00 00000000 0 1 0 0000000000000025
0000000000000025 00b30f0500000600 1 0f ffffffff 0 1 0 0000000000000026
0000000000000026 8506000000000000 0 00 00000000 0 1 0 0000000000000027
0000000000000027 00131e0000000300 1 1e 00000003 0 1 0 0000000000000028
0000000000000028 0023151500000100 1 15 00000001 0 1 0 0000000000000029
0000000000000029 00731e1e00000100 1 1e 00000002 0 1 0 000000000000002a
000000000000002a 0102001e1d000000 0 00 00000000 4 0 0 000000000000002b
000000000000002b 0215fffffc040000 0 00 00000000 4 0 1 0000000000000028
0000000000000028 0023151500000100 1 15 00000002 4 0 0 0000000000000029
0000000000000029 00731e1e00000100 1 1e 00000001 4 0 0 000000000000002a
000000000000002a 0102001e1d000000 0 00 00000000 4 0 0 000000000000002b
000000000000002b 0215fffffc040000 0 00 00000000 4 0 1 0000000000000028
0000000000000028 0023151500000100 1 15 00000003 4 0 0 0000000000000029
0000000000000029 00731e1e00000100 1 1e 00000000 4 0 0 000000000000002a
000000000000002a 0102001e1d000000 0 00 00000000 5 1 0 000000000000002b
000000000000002b 0215fffffc040000 0 00 00000000 5 1 0 000000000000002c
000000000000002c 7cf5000000000000 0 00 00000000 5 1 0 000000000000002d
DONE retired=53 fault=00 pc=000000000000002c
