0000000000000000 00131d0000000000 1 1d 00000000 0 0 0 0000000000000001
0000000000000001 8506000000000000 0 00 00000000 0 0 0 0000000000000002
0000000000000002 0112001311000000 0 00 00000000 5 0 0 0000000000000003
0000000000000003 0215000002020000 0 00 00000000 5 0 1 0000000000000006
0000000000000006 8506000000000000 0 00 00000000 5 0 0 0000000000000007
0000000000000007 0112001409000000 0 00 00000000 5 0 0 0000000000000008
0000000000000008 02150000020b0000 0 00 00000000 5 0 0 0000000000000009
0000000000000009 8506000000000000 0 00 00000000 5 0 0 000000000000000a
000000000000000a 8506000000000000 0 00 00000000 5 0 0 000000000000000b
000000000000000b 8506000000000000 0 00 00000000 5 0 0 000000000000000c
000000000000000c 0063060200000200 1 06 00000000 5 0 0 000000000000000d
000000000000000d 00b3140e00001300 1 14 00000000 5 0 0 000000000000000e
000000000000000e 0122000c0d000000 0 00 00000000 5 0 0 000000000000000f
000000000000000f 0215000001010000 0 00 00000000 5 0 0 0000000000000010
0000000000000010 8506000000000000 0 00 00000000 5 0 0 0000000000000011
0000000000000011 00230e08719b7d00 1 0e 00719b7d 5 0 0 0000000000000012
0000000000000012 8506000000000000 0 00 00000000 5 0 0 0000000000000013
0000000000000013 00130d00ffffff00 1 0d ffffffff 5 0 0 0000000000000014
0000000000000014 8506000000000000 0 00 00000000 5 0 0 0000000000000015
0000000000000015 00730a01ffffff00 1 0a 00000001 5 0 0 0000000000000016
0000000000000016 010200030e000000 0 00 00000000 2 0 0 0000000000000017
0000000000000017 0215000003010000 0 00 00000000 2 0 0 0000000000000018
0000000000000018 8506000000000000 0 00 00000000 2 0 0 0000000000000019
0000000000000019 8506000000000000 0 00 00000000 2 0 0 000000000000001a
000000000000001a 8506000000000000 0 00 00000000 2 0 0 000000000000001b
000000000000001b 8506000000000000 0 00 00000000 2 0 0 000000000000001c
000000000000001c 0082031408000000 1 03 00000000 2 0 0 000000000000001d
000000000000001d 8506000000000000 0 00 00000000 2 0 0 000000000000001e
000000000000001e 8506000000000000 0 00 00000000 2 0 0 000000000000001f
000000000000001f 8506000000000000 0 00 00000000 2 0 0 0000000000000020
0000000000000020 00130a00e7c84700 1 0a ffe7c847 2 0 0 0000000000000021
0000000000000021 0122000110000000 0 00 00000000 5 0 0 0000000000000022
0000000000000022 02150000030e0000 0 00 00000000 5 0 1 0000000000000026
0000000000000026 8506000000000000 0 00 00000000 5 0 0 0000000000000027
0000000000000027 011200020f000000 0 00 00000000 5 0 0 0000000000000028
0000000000000028 0215000002040000 0 00 00000000 5 0 0 0000000000000029
0000000000000029 8506000000000000 0 00 00000000 5 0 0 000000000000002a
000000000000002a 8506000000000000 0 00 00000000 5 0 0 000000000000002b
000000000000002b 00230b0300000100 1 0b 00000001 5 0 0 000000000000002c
000000000000002c 00420c1208000000 1 0c 00000000 5 0 0 000000000000002d
000000000000002d 00130d0098135100 1 0d ff981351 5 0 0 000000000000002e
000000000000002e 00b30c0a00000000 1 0c ffe7c847 5 0 0 000000000000002f
000000000000002f 8506000000000000 0 00 00000000 5 0 0 0000000000000030
0000000000000030 0122001012000000 0 00 00000000 5 0 0 0000000000000031
0000000000000031 0215000003040000 0 00 00000000 5 0 0 0000000000000032
0000000000000032 8506000000000000 0 00 00000000 5 0 0 0000000000000033
0000000000000033 8506000000000000 0 00 00000000 5 0 0 0000000000000034
0000000000000034 8506000000000000 0 00 00000000 5 0 0 0000000000000035
0000000000000035 0306000000000200 1 02 00000000 5 0 0 0000000000000036
0000000000000036 0122000b02000000 0 00 00000000 4 1 0 0000000000000037
0000000000000037 02150000030d0000 0 00 00000000 4 1 0 0000000000000038
0000000000000038 8506000000000000 0 00 00000000 4 1 0 0000000000000039
0000000000000039 8506000000000000 0 00 00000000 4 1 0 000000000000003a
000000000000003a 8506000000000000 0 00 00000000 4 1 0 000000000000003b
000000000000003b 0092041000000000 1 04 ffffffff 4 1 0 000000000000003c
000000000000003c 00130600ffffff00 1 06 ffffffff 4 1 0 000000000000003d
000000000000003d 00131e0000000200 1 1e 00000002 4 1 0 000000000000003e
000000000000003e 0023151500000100 1 15 00000001 4 1 0 000000000000003f
000000000000003f 00731e1e00000100 1 1e 00000001 4 1 0 0000000000000040
0000000000000040 0102001e1d000000 0 00 00000000 4 0 0 0000000000000041
0000000000000041 0215fffffc040000 0 00 00000000 4 0 1 000000000000003e
000000000000003e 0023151500000100 1 15 00000002 4 0 0 000000000000003f
000000000000003f 00731e1e00000100 1 1e 00000000 4 0 0 0000000000000040
0000000000000040 0102001e1d000000 0 00 00000000 5 1 0 0000000000000041
0000000000000041 0215fffffc040000 0 00 00000000 5 1 0 0000000000000042
0000000000000042 7cf5000000000000 0 00 00000000 5 1 0 0000000000000043
DONE retired=66 fault=00 pc=0000000000000042
