0000000000000000 00131d0000000000 1 1d 00000000 0 0 0 0000000000000001
0000000000000001 0102000b0c000000 0 00 00000000 5 1 0 0000000000000002
0000000000000002 02150000030c0000 0 00 00000000 5 1 1 0000000000000006
0000000000000006 00131100aaaaaa00 1 11 ffaaaaaa 5 1 0 0000000000000007
0000000000000007 00920e0d00000000 1 0e ffffffff 5 1 0 0000000000000008
0000000000000008 00630c0700001a00 1 0c 00000000 5 1 0 0000000000000009
0000000000000009 0072101305000000 1 10 00000000 5 1 0 000000000000000a
000000000000000a 8506000000000000 0 00 00000000 5 1 0 000000000000000b
000000000000000b 00130c0000000000 1 0c 00000000 5 1 0 000000000000000c
000000000000000c 8506000000000000 0 00 00000000 5 1 0 000000000000000d
000000000000000d 00730706aaaaaa00 1 07 00555556 5 1 0 000000000000000e
000000000000000e 8506000000000000 0 00 00000000 5 1 0 000000000000000f
000000000000000f 00131e0000000300 1 1e 00000003 5 1 0 0000000000000010
0000000000000010 0023151500000100 1 15 00000001 5 1 0 0000000000000011
0000000000000011 00731e1e00000100 1 1e 00000002 5 1 0 0000000000000012
0000000000000012 0102001e1d000000 0 00 00000000 4 0 0 0000000000000013
0000000000000013 0215fffffc040000 0 00 00000000 4 0 1 0000000000000010
0000000000000010 0023151500000100 1 15 00000002 4 0 0 0000000000000011
0000000000000011 00731e1e00000100 1 1e 00000001 4 0 0 0000000000000012
0000000000000012 0102001e1d000000 0 00 00000000 4 0 0 0000000000000013
0000000000000013 0215fffffc040000 0 00 00000000 4 0 1 0000000000000010
0000000000000010 0023151500000100 1 15 00000003 4 0 0 0000000000000011
0000000000000011 00731e1e00000100 1 1e 00000000 4 0 0 0000000000000012
0000000000000012 0102001e1d000000 0 00 00000000 5 1 0 0000000000000013
0000000000000013 0215fffffc040000 0 00 00000000 5 1 0 0000000000000014
0000000000000014 7cf5000000000000 0 00 00000000 5 1 0 0000000000000015
DONE retired=26 fault=00 pc=0000000000000014
