0000000000000000 00131d0000000000 1 1d 00000000 0 0 0 0000000000000001
0000000000000001 0306000000000900 1 09 00000000 0 0 0 0000000000000002
0000000000000002 0306000000000d00 1 0d 00000000 0 0 0 0000000000000003
0000000000000003 0013090043322900 1 09 00433229 0 0 0 0000000000000004
0000000000000004 0122000305000000 0 00 00000000 5 0 0 0000000000000005
0000000000000005 0215000001020000 0 00 00000000 5 0 1 0000000000000007
0000000000000007 0013110005951c00 1 11 0005951c 5 0 0 0000000000000008
0000000000000008 0092040c00000000 1 04 ffffffff 5 0 0 0000000000000009
0000000000000009 0023061300000100 1 06 00000001 5 0 0 000000000000000a
000000000000000a 001312002d854f00 1 12 002d854f 5 0 0 000000000000000b
000000000000000b 0112000911000000 0 00 00000000 4 0 0 000000000000000c
000000000000000c 02150000010d0000 0 00 00000000 4 0 0 000000000000000d
000000000000000d 8506000000000000 0 00 00000000 4 0 0 000000000000000e
000000000000000e 00131e0000000400 1 1e 00000004 4 0 0 000000000000000f
000000000000000f 0023151500000100 1 15 00000001 4 0 0 0000000000000010
0000000000000010 00731e1e00000100 1 1e 00000003 4 0 0 0000000000000011
0000000000000011 0102001e1d000000 0 00 00000000 4 0 0 0000000000000012
0000000000000012 0215fffffc040000 0 00 00000000 4 0 1 000000000000000f
000000000000000f 0023151500000100 1 15 00000002 4 0 0 0000000000000010
0000000000000010 00731e1e00000100 1 1e 00000002 4 0 0 0000000000000011
0000000000000011 0102001e1d000000 0 00 00000000 4 0 0 0000000000000012
0000000000000012 0215fffffc040000 0 00 00000000 4 0 1 000000000000000f
000000000000000f 0023151500000100 1 15 00000003 4 0 0 0000000000000010
0000000000000010 00731e1e00000100 1 1e 00000001 4 0 0 0000000000000011
0000000000000011 0102001e1d000000 0 00 00000000 4 0 0 0000000000000012
0000000000000012 0215fffffc040000 0 00 00000000 4 0 1 000000000000000f
000000000000000f 0023151500000100 1 15 00000004 4 0 0 0000000000000010
0000000000000010 00731e1e00000100 1 1e 00000000 4 0 0 0000000000000011
0000000000000011 0102001e1d000000 0 00 00000000 5 1 0 0000000000000012
0000000000000012 0215fffffc040000 0 00 00000000 5 1 0 0000000000000013
0000000000000013 7cf5000000000000 0 00 00000000 5 1 0 0000000000000014
DONE retired=31 fault=00 pc=0000000000000013
