0000000000000000 0013140000004d00 1 14 0000004d 0 0 0 0000000000000001 08000000 f 08000000 0 00 08000000
0000000000000001 340002020000f000 0 00 00000000 0 0 0 0000000000000002 08000000 f 08000000 1 02 08000000
0000000000000002 102006040400b000 0 00 00000000 0 0 0 0000000000000003 08000000 b 00000000 1 06 00000000
0000000000000003 100002040500f000 0 00 00000000 0 0 0 0000000000000004 08000000 f 08000000 1 02 08000000
0000000000000004 00131500ffffff00 1 15 ffffffff 0 0 0 0000000000000005 08000000 f 08000000 0 00 08000000
0000000000000005 342006150000f000 0 00 00000000 0 0 0 0000000000000006 08000000 f 08000000 1 06 08000000
0000000000000006 105002060400f000 0 00 00000000 0 0 0 0000000000000007 08000000 f 08000000 1 02 08000000
0000000000000007 104004060500f000 0 00 00000000 0 0 0 0000000000000008 08000000 f 08000000 1 04 08000000
0000000000000008 102006020600f000 0 00 00000000 0 0 0 0000000000000009 08000000 f 08000000 1 06 08000000
0000000000000009 102004040400f000 0 00 00000000 0 0 0 000000000000000a 08000000 f 08000000 1 04 08000000
000000000000000a 106104030021f000 0 00 00000000 0 0 0 000000000000000b 08000000 f 08000000 1 04 08000000
000000000000000b 34110600210ca000 0 00 00000000 0 0 0 000000000000000c 08000000 a 00000000 1 06 00000000
000000000000000c 104105020000f000 0 00 00000000 0 0 0 000000000000000d 08000000 f 08000000 1 05 08000000
000000000000000d 0013150055555500 1 15 00555555 0 0 0 000000000000000e 08000000 f 08000000 0 00 08000000
000000000000000e 342003150000f000 0 00 00000000 0 0 0 000000000000000f 08000000 f 08000000 1 03 08000000
000000000000000f 105002020600f000 0 00 00000000 0 0 0 0000000000000010 08000000 f 08000000 1 02 08000000
0000000000000010 00131600ffffff00 1 16 ffffffff 0 0 0 0000000000000011 08000000 f 08000000 0 00 08000000
0000000000000011 342002160000f000 0 00 00000000 0 0 0 0000000000000012 08000000 f 08000000 1 02 08000000
0000000000000012 10810202001ff000 0 00 00000000 0 0 0 0000000000000013 08000000 f 08000000 1 02 08000000
0000000000000013 0013160000000100 1 16 00000001 0 0 0 0000000000000014 08000000 f 08000000 0 00 08000000
0000000000000014 342002160000f000 0 00 00000000 0 0 0 0000000000000015 08000000 f 08000000 1 02 08000000
0000000000000015 10810602000ff000 0 00 00000000 0 0 0 0000000000000016 08000000 f 08000000 1 06 08000000
0000000000000016 106103030015f000 0 00 00000000 0 0 0 0000000000000017 08000000 f 08000000 1 03 08000000
0000000000000017 340004060000f000 0 00 00000000 0 0 0 0000000000000018 08000000 f 08000000 1 04 08000000
0000000000000018 34110600ffff2000 0 00 00000000 0 0 0 0000000000000019 08000000 2 00000000 1 06 00000000
0000000000000019 343005000000f000 0 00 00000000 0 0 0 000000000000001a 08000000 f 08000000 1 05 08000000
000000000000001a 00131500aaaaaa00 1 15 ffaaaaaa 0 0 0 000000000000001b 08000000 f 08000000 0 00 08000000
000000000000001b 342005150000f000 0 00 00000000 0 0 0 000000000000001c 08000000 f 08000000 1 05 08000000
000000000000001c 106105040000f000 0 00 00000000 0 0 0 000000000000001d 08000000 f 08000000 1 05 08000000
000000000000001d 10610605003ff000 0 00 00000000 0 0 0 000000000000001e 08000000 f 08000000 1 06 08000000
000000000000001e 340003040000f000 0 00 00000000 0 0 0 000000000000001f 08000000 f 08000000 1 03 08000000
000000000000001f 0013160055555500 1 16 00555555 0 0 0 0000000000000020 08000000 f 08000000 0 00 08000000
0000000000000020 342004160000f000 0 00 00000000 0 0 0 0000000000000021 08000000 f 08000000 1 04 08000000
0000000000000021 108106040020f000 0 00 00000000 0 0 0 0000000000000022 08000000 f 08000000 1 06 08000000
0000000000000022 00131e0000000200 1 1e 00000002 0 0 0 0000000000000023 08000000 f 08000000 0 00 08000000
0000000000000023 0023171700000100 1 17 00000001 0 0 0 0000000000000024 08000000 f 08000000 0 00 08000000
0000000000000024 00731e1e00000100 1 1e 00000001 0 0 0 0000000000000025 08000000 f 08000000 0 00 08000000
0000000000000025 0013180000000000 1 18 00000000 0 0 0 0000000000000026 08000000 f 08000000 0 00 08000000
0000000000000026 0102001e18000000 0 00 00000000 4 0 0 0000000000000027 08000000 f 08000000 0 00 08000000
0000000000000027 0215fffffb040000 0 00 00000000 4 0 1 0000000000000023 08000000 f 08000000 0 00 08000000
0000000000000023 0023171700000100 1 17 00000002 4 0 0 0000000000000024 08000000 f 08000000 0 00 08000000
0000000000000024 00731e1e00000100 1 1e 00000000 4 0 0 0000000000000025 08000000 f 08000000 0 00 08000000
0000000000000025 0013180000000000 1 18 00000000 4 0 0 0000000000000026 08000000 f 08000000 0 00 08000000
0000000000000026 0102001e18000000 0 00 00000000 5 1 0 0000000000000027 08000000 f 08000000 0 00 08000000
0000000000000027 0215fffffb040000 0 00 00000000 5 1 0 0000000000000028 08000000 f 08000000 0 00 08000000
0000000000000028 7cf5000000000000 0 00 00000000 5 1 0 0000000000000029 08000000 f 08000000 0 00 08000000
DONE retired=46 fault=00 pc=0000000000000028
