0000000000000000 343001000000f000 0 00 00000000 0 0 0 0 0 0 0000000000000001 ffffffff f ffffffff 1 01
0000000000000001 341107000001f000 0 00 00000000 0 0 0 0 0 0 0000000000000002 ffffffff f ffffffff 1 07
0000000000000002 34110c000003f000 0 00 00000000 0 0 0 0 0 0 0000000000000003 ffffffff f ffffffff 1 0c
0000000000000003 30191030c0000000 0 00 00000000 0 0 0 0 0 0 0000000000000004 ffffffff f ffffffff 0 00
0000000000000004 7c1500006a10008c 0 00 00000000 0 0 0 0 0 0 0000000000000005 ffffffff f ffffffff 0 00
0000000000000005 341104000009f000 0 00 00000000 0 0 0 0 0 0 0000000000000006 ffffffff f ffffffff 1 04
0000000000000006 300920b0c0000000 0 00 00000000 0 0 0 0 0 0 0000000000000007 ffffffff f ffffffff 0 00
0000000000000007 7c15000002200065 0 00 00000000 0 0 0 0 0 0 000000000000000a ffffffff f ffffffff 0 00
000000000000000a 3039101070000000 0 00 00000000 0 0 0 0 0 0 000000000000000b ffffffff f ffffffff 0 00
000000000000000b 7c1500002b100060 0 00 00000000 0 0 0 0 0 0 000000000000000c 00000003 f 00000003 0 00
000000000000000c 30590030c0000000 0 00 00000000 0 0 0 0 0 0 000000000000000d 00000003 f 00000003 0 00
000000000000000d 7c15000026000027 0 00 00000000 0 0 0 0 0 0 0000000000000034 00000003 f 00000003 0 00
0000000000000034 105004040c00f000 0 00 00000000 0 0 0 0 0 0 0000000000000035 00000003 f 00000003 1 04
0000000000000035 7c25000000000000 0 00 00000000 0 0 0 0 0 0 0000000000000036 00000003 f 00000003 0 00
0000000000000036 0205000035000000 0 00 00000000 0 0 0 0 0 1 000000000000006c 00000003 f 00000003 0 00
000000000000006c 7c25000000000000 0 00 00000000 0 0 0 0 0 0 0000000000000037 fffffffc f fffffffc 0 00
0000000000000037 3039703070000000 0 00 00000000 0 0 0 0 0 0 0000000000000038 fffffffc f fffffffc 0 00
0000000000000038 7c15000031700032 0 00 00000000 0 0 0 0 0 0 0000000000000039 fffffffc f fffffffc 0 00
0000000000000039 3059d010c0000000 0 00 00000000 0 0 0 0 0 0 000000000000003a fffffffc f fffffffc 0 00
000000000000003a 7c1500002bd0002c 0 00 00000000 0 0 0 0 0 0 000000000000003b fffffff8 f fffffff8 0 00
000000000000003b 30594030c0000000 0 00 00000000 0 0 0 0 0 0 000000000000003c fffffff8 f fffffff8 0 00
000000000000003c 7c15000026400027 0 00 00000000 0 0 0 0 0 0 0000000000000063 fffffff8 f fffffff8 0 00
0000000000000063 101005030700f000 0 00 00000000 0 0 0 0 0 0 0000000000000064 fffffff8 f fffffff8 1 05
0000000000000064 7c25000000000000 0 00 00000000 0 0 0 0 0 0 0000000000000065 fffffff8 f fffffff8 0 00
0000000000000065 0205000001000000 0 00 00000000 0 0 0 0 0 1 0000000000000067 fffffff8 f fffffff8 0 00
0000000000000067 7c25000000000000 0 00 00000000 0 0 0 0 0 0 0000000000000066 00000004 f 00000004 0 00
0000000000000066 110003030700f000 0 00 00000000 0 0 0 0 0 0 0000000000000067 00000004 f 00000004 1 03
0000000000000067 7c25000000000000 0 00 00000000 0 0 0 0 0 0 0000000000000068 fffffffc f fffffffc 0 00
0000000000000068 104005040500f000 0 00 00000000 0 0 0 0 0 0 0000000000000069 fffffffc f fffffffc 1 05
0000000000000069 0205000001000000 0 00 00000000 0 0 0 0 0 1 000000000000006b fffffffc f fffffffc 0 00
000000000000006b 7c25000000000000 0 00 00000000 0 0 0 0 0 0 000000000000006c fffffffc f fffffffc 0 00
000000000000006c 7c25000000000000 0 00 00000000 0 0 0 0 0 0 000000000000006d ffffffff f ffffffff 0 00
000000000000006d 7c25000000000000 0 00 00000000 0 0 0 0 0 0 000000000000006e ffffffff f ffffffff 0 00
000000000000006e 0205000022000000 0 00 00000000 0 0 0 0 0 1 0000000000000091 ffffffff f ffffffff 0 00
0000000000000091 7c25000000000000 0 00 00000000 0 0 0 0 0 0 0000000000000092 ffffffff f ffffffff 0 00
0000000000000092 103004030c00f000 0 00 00000000 0 0 0 0 0 0 0000000000000093 ffffffff f ffffffff 1 04
0000000000000093 7cf5000000000000 0 00 00000000 0 0 0 0 0 0 0000000000000094 ffffffff f ffffffff 0 00
