0000000000000000 0013140000004d00 1 14 0000004d 0 0 0 0000000000000001 ffa29d38 f ffa29d38 0 00 ffa29d38
0000000000000001 341103000001f000 0 00 00000000 0 0 0 0000000000000002 ffa29d38 f ffa29d38 1 03 ffa29d38
0000000000000002 107104030021f000 0 00 00000000 0 0 0 0000000000000003 ffa29d38 f ffa29d38 1 04 ffa29d38
0000000000000003 1000040602006000 0 00 00000000 0 0 0 0000000000000004 ffa29d38 6 7fa29d38 1 04 7fa29d38
0000000000000004 340005060000f000 0 00 00000000 0 0 0 0000000000000005 ffa29d38 f ffa29d38 1 05 ffa29d38
0000000000000005 3400060500009000 0 00 00000000 0 0 0 0000000000000006 ffa29d38 9 14221d10 1 06 14221d10
0000000000000006 10710506003ff000 0 00 00000000 0 0 0 0000000000000007 ffa29d38 f ffa29d38 1 05 ffa29d38
0000000000000007 340006050000f000 0 00 00000000 0 0 0 0000000000000008 ffa29d38 f ffa29d38 1 06 ffa29d38
0000000000000008 340006040000f000 0 00 00000000 0 0 0 0000000000000009 ffa29d38 f ffa29d38 1 06 ffa29d38
0000000000000009 341106006c9bf000 0 00 00000000 0 0 0 000000000000000a ffa29d38 f ffa29d38 1 06 ffa29d38
000000000000000a 10710204003ff000 0 00 00000000 0 0 0 000000000000000b ffa29d38 f ffa29d38 1 02 ffa29d38
000000000000000b 10710503001ff000 0 00 00000000 0 0 0 000000000000000c ffa29d38 f ffa29d38 1 05 ffa29d38
000000000000000c 00131600ffffff00 1 16 ffffffff 0 0 0 000000000000000d ffa29d38 f ffa29d38 0 00 ffa29d38
000000000000000d 342003160000f000 0 00 00000000 0 0 0 000000000000000e ffa29d38 f ffa29d38 1 03 ffa29d38
000000000000000e 10810203001af000 0 00 00000000 0 0 0 000000000000000f ffa29d38 f ffa29d38 1 02 ffa29d38
000000000000000f 107106020001f000 0 00 00000000 0 0 0 0000000000000010 ffa29d38 f ffa29d38 1 06 ffa29d38
0000000000000010 105106050baaf000 0 00 00000000 0 0 0 0000000000000011 ffa29d38 f ffa29d38 1 06 ffa29d38
0000000000000011 341104000000f000 0 00 00000000 0 0 0 0000000000000012 ffa29d38 f ffa29d38 1 04 ffa29d38
0000000000000012 00131e0000000200 1 1e 00000002 0 0 0 0000000000000013 ffa29d38 f ffa29d38 0 00 ffa29d38
0000000000000013 0023171700000100 1 17 00000001 0 0 0 0000000000000014 ffa29d38 f ffa29d38 0 00 ffa29d38
0000000000000014 00731e1e00000100 1 1e 00000001 0 0 0 0000000000000015 ffa29d38 f ffa29d38 0 00 ffa29d38
0000000000000015 0013180000000000 1 18 00000000 0 0 0 0000000000000016 ffa29d38 f ffa29d38 0 00 ffa29d38
0000000000000016 0102001e18000000 0 00 00000000 4 0 0 0000000000000017 ffa29d38 f ffa29d38 0 00 ffa29d38
0000000000000017 0215fffffb040000 0 00 00000000 4 0 1 0000000000000013 ffa29d38 f ffa29d38 0 00 ffa29d38
0000000000000013 0023171700000100 1 17 00000002 4 0 0 0000000000000014 ffa29d38 f ffa29d38 0 00 ffa29d38
0000000000000014 00731e1e00000100 1 1e 00000000 4 0 0 0000000000000015 ffa29d38 f ffa29d38 0 00 ffa29d38
0000000000000015 0013180000000000 1 18 00000000 4 0 0 0000000000000016 ffa29d38 f ffa29d38 0 00 ffa29d38
0000000000000016 0102001e18000000 0 00 00000000 5 1 0 0000000000000017 ffa29d38 f ffa29d38 0 00 ffa29d38
0000000000000017 0215fffffb040000 0 00 00000000 5 1 0 0000000000000018 ffa29d38 f ffa29d38 0 00 ffa29d38
0000000000000018 7cf5000000000000 0 00 00000000 5 1 0 0000000000000019 ffa29d38 f ffa29d38 0 00 ffa29d38
DONE retired=30 fault=00 pc=0000000000000018
