0000000000000000 00131d0000000000 1 1d 00000000 0 0 0 0000000000000001
0000000000000001 8506000000000000 0 00 00000000 0 0 0 0000000000000002
0000000000000002 8506000000000000 0 00 00000000 0 0 0 0000000000000003
0000000000000003 8506000000000000 0 00 00000000 0 0 0 0000000000000004
0000000000000004 012200110b000000 0 00 00000000 5 0 0 0000000000000005
0000000000000005 02150000020c0000 0 00 00000000 5 0 1 0000000000000008
0000000000000008 8506000000000000 0 00 00000000 5 0 0 0000000000000009
0000000000000009 00130900864c5400 1 09 ff864c54 5 0 0 000000000000000a
000000000000000a 001314001b451900 1 14 001b4519 5 0 0 000000000000000b
000000000000000b 8506000000000000 0 00 00000000 5 0 0 000000000000000c
000000000000000c 8506000000000000 0 00 00000000 5 0 0 000000000000000d
000000000000000d 8506000000000000 0 00 00000000 5 0 0 000000000000000e
000000000000000e 00130f005db2c200 1 0f 005db2c2 5 0 0 000000000000000f
000000000000000f 00820c0410000000 1 0c 00000000 5 0 0 0000000000000010
0000000000000010 0306000000001300 1 13 00000000 5 0 0 0000000000000011
0000000000000011 00a3110f00000200 1 11 00176cb0 5 0 0 0000000000000012
0000000000000012 8506000000000000 0 00 00000000 5 0 0 0000000000000013
0000000000000013 00b20a120f000000 1 0a 00000000 5 0 0 0000000000000014
0000000000000014 00130e00f2a9ed00 1 0e fff2a9ed 5 0 0 0000000000000015
0000000000000015 0092120900000000 1 12 0079b3ab 5 0 0 0000000000000016
0000000000000016 8506000000000000 0 00 00000000 5 0 0 0000000000000017
0000000000000017 005212020b000000 1 12 00000000 5 0 0 0000000000000018
0000000000000018 0082140f07000000 1 14 005db2c2 5 0 0 0000000000000019
0000000000000019 00131e0000000300 1 1e 00000003 5 0 0 000000000000001a
000000000000001a 0023151500000100 1 15 00000001 5 0 0 000000000000001b
000000000000001b 00731e1e00000100 1 1e 00000002 5 0 0 000000000000001c
000000000000001c 0102001e1d000000 0 00 00000000 4 0 0 000000000000001d
000000000000001d 0215fffffc040000 0 00 00000000 4 0 1 000000000000001a
000000000000001a 0023151500000100 1 15 00000002 4 0 0 000000000000001b
000000000000001b 00731e1e00000100 1 1e 00000001 4 0 0 000000000000001c
000000000000001c 0102001e1d000000 0 00 00000000 4 0 0 000000000000001d
000000000000001d 0215fffffc040000 0 00 00000000 4 0 1 000000000000001a
000000000000001a 0023151500000100 1 15 00000003 4 0 0 000000000000001b
000000000000001b 00731e1e00000100 1 1e 00000000 4 0 0 000000000000001c
000000000000001c 0102001e1d000000 0 00 00000000 5 1 0 000000000000001d
000000000000001d 0215fffffc040000 0 00 00000000 5 1 0 000000000000001e
000000000000001e 7cf5000000000000 0 00 00000000 5 1 0 000000000000001f
DONE retired=37 fault=00 pc=000000000000001e
