0000000000000000 00131d0000000000 1 1d 00000000 0 0 0 0000000000000001
0000000000000001 8506000000000000 0 00 00000000 0 0 0 0000000000000002
0000000000000002 010200060c000000 0 00 00000000 5 1 0 0000000000000003
0000000000000003 02150000010e0000 0 00 00000000 5 1 1 0000000000000005
0000000000000005 0073080f35162700 1 08 ffcae9d9 5 1 0 0000000000000006
0000000000000006 0112000f11000000 0 00 00000000 5 0 0 0000000000000007
0000000000000007 02150000030d0000 0 00 00000000 5 0 0 0000000000000008
0000000000000008 8506000000000000 0 00 00000000 5 0 0 0000000000000009
0000000000000009 8506000000000000 0 00 00000000 5 0 0 000000000000000a
000000000000000a 8506000000000000 0 00 00000000 5 0 0 000000000000000b
000000000000000b 00230103aaaaaa00 1 01 ffaaaaaa 5 0 0 000000000000000c
000000000000000c 0306000000000300 1 03 00000000 5 0 0 000000000000000d
000000000000000d 0013080035528f00 1 08 0035528f 5 0 0 000000000000000e
000000000000000e 8506000000000000 0 00 00000000 5 0 0 000000000000000f
000000000000000f 8506000000000000 0 00 00000000 5 0 0 0000000000000010
0000000000000010 0013140026b31f00 1 14 0026b31f 5 0 0 0000000000000011
0000000000000011 0092130600000000 1 13 ffffffff 5 0 0 0000000000000012
0000000000000012 007314064c312f00 1 14 ffb3ced1 5 0 0 0000000000000013
0000000000000013 0013040000000000 1 04 00000000 5 0 0 0000000000000014
0000000000000014 0013110000000000 1 11 00000000 5 0 0 0000000000000015
0000000000000015 00a2010b0c000000 1 01 00000000 5 0 0 0000000000000016
0000000000000016 00730b11b1228300 1 0b 004edd7d 5 0 0 0000000000000017
0000000000000017 0306000000000500 1 05 00000000 5 0 0 0000000000000018
0000000000000018 0306000000000500 1 05 00000000 5 0 0 0000000000000019
0000000000000019 0092070e00000000 1 07 ffffffff 5 0 0 000000000000001a
000000000000001a 007305027f370a00 1 05 ff80c8f6 5 0 0 000000000000001b
000000000000001b 8506000000000000 0 00 00000000 5 0 0 000000000000001c
000000000000001c 00920f1000000000 1 0f ffffffff 5 0 0 000000000000001d
000000000000001d 010200020a000000 0 00 00000000 5 1 0 000000000000001e
000000000000001e 02150000020b0000 0 00 00000000 5 1 0 000000000000001f
000000000000001f 8506000000000000 0 00 00000000 5 1 0 0000000000000020
0000000000000020 8506000000000000 0 00 00000000 5 1 0 0000000000000021
0000000000000021 00630e0f00001900 1 0e fe000000 5 1 0 0000000000000022
0000000000000022 8506000000000000 0 00 00000000 5 1 0 0000000000000023
0000000000000023 00130a002b5c6400 1 0a 002b5c64 5 1 0 0000000000000024
0000000000000024 011200080b000000 0 00 00000000 2 1 0 0000000000000025
0000000000000025 0215000003020000 0 00 00000000 2 1 0 0000000000000026
0000000000000026 8506000000000000 0 00 00000000 2 1 0 0000000000000027
0000000000000027 8506000000000000 0 00 00000000 2 1 0 0000000000000028
0000000000000028 8506000000000000 0 00 00000000 2 1 0 0000000000000029
0000000000000029 00630e0a00001100 1 0e b8c80000 2 1 0 000000000000002a
000000000000002a 0013080055555500 1 08 00555555 2 1 0 000000000000002b
000000000000002b 0112000507000000 0 00 00000000 2 1 0 000000000000002c
000000000000002c 02150000030d0000 0 00 00000000 2 1 1 0000000000000030
0000000000000030 00630e0300001d00 1 0e 00000000 2 1 0 0000000000000031
0000000000000031 0112001203000000 0 00 00000000 5 0 0 0000000000000032
0000000000000032 0215000001010000 0 00 00000000 5 0 0 0000000000000033
0000000000000033 8506000000000000 0 00 00000000 5 0 0 0000000000000034
0000000000000034 00230414ffffff00 1 04 ffb3ced0 5 0 0 0000000000000035
0000000000000035 00130500ffffff00 1 05 ffffffff 5 0 0 0000000000000036
0000000000000036 00630b0400000c00 1 0b 3ced0000 5 0 0 0000000000000037
0000000000000037 007212030d000000 1 12 00000000 5 0 0 0000000000000038
0000000000000038 00131e0000000100 1 1e 00000001 5 0 0 0000000000000039
0000000000000039 0023151500000100 1 15 00000001 5 0 0 000000000000003a
000000000000003a 00731e1e00000100 1 1e 00000000 5 0 0 000000000000003b
000000000000003b 0102001e1d000000 0 00 00000000 5 1 0 000000000000003c
000000000000003c 0215fffffc040000 0 00 00000000 5 1 0 000000000000003d
000000000000003d 7cf5000000000000 0 00 00000000 5 1 0 000000000000003e
DONE retired=58 fault=00 pc=000000000000003d
