0000000000000000 343001000000f000 0 00 00000000 0 0 0 0 0 0 0000000000000001 ffffffff f ffffffff 1 01
0000000000000001 341107000001f000 0 00 00000000 0 0 0 0 0 0 0000000000000002 ffffffff f ffffffff 1 07
0000000000000002 34110c000003f000 0 00 00000000 0 0 0 0 0 0 0000000000000003 ffffffff f ffffffff 1 0c
0000000000000003 1010050c0400f000 0 00 00000000 0 0 0 0 0 0 0000000000000004 ffffffff f ffffffff 1 05
0000000000000004 30491010c0000000 0 00 00000000 0 0 0 0 0 0 0000000000000005 ffffffff f ffffffff 0 00
0000000000000005 7c15000002100063 0 00 00000000 0 0 0 0 0 0 0000000000000006 fffffff0 f fffffff0 0 00
0000000000000006 104003030c00f000 0 00 00000000 0 0 0 0 0 0 0000000000000007 fffffff0 f fffffff0 1 03
0000000000000007 0205000061000000 0 00 00000000 0 0 0 0 0 1 0000000000000069 fffffff0 f fffffff0 0 00
0000000000000069 7c25000000000000 0 00 00000000 0 0 0 0 0 0 0000000000000008 0000000f f 0000000f 0 00
0000000000000008 30199010c0000000 0 00 00000000 0 0 0 0 0 0 0000000000000009 0000000f f 0000000f 0 00
0000000000000009 7c1500005c90005d 0 00 00000000 0 0 0 0 0 0 000000000000000a 00000007 f 00000007 0 00
000000000000000a 302990b0c0000000 0 00 00000000 0 0 0 0 0 0 000000000000000b 00000007 f 00000007 0 00
000000000000000b 7c15000033900057 0 00 00000000 0 0 0 0 0 0 000000000000000c 00000007 f 00000007 0 00
000000000000000c 34110d000001f000 0 00 00000000 0 0 0 0 0 0 000000000000000d 00000007 f 00000007 1 0d
000000000000000d 10300c010d00f000 0 00 00000000 0 0 0 0 0 0 000000000000000e 00000007 f 00000007 1 0c
000000000000000e 10000c0c0700f000 0 00 00000000 0 0 0 0 0 0 000000000000000f 00000007 f 00000007 1 0c
000000000000000f 34110a000000f000 0 00 00000000 0 0 0 0 0 0 0000000000000010 00000007 f 00000007 1 0a
0000000000000010 7c85000008000000 0 00 00000000 0 0 0 0 0 0 0000000000000011 00000007 f 00000007 0 00
0000000000000011 3059e0a0c0000000 0 00 00000000 0 0 0 0 0 0 0000000000000012 00000007 f 00000007 0 00
0000000000000012 3029d0a0c0000000 0 00 00000000 0 0 0 0 0 0 0000000000000013 00000007 f 00000007 0 00
0000000000000013 305920b070000000 0 00 00000000 0 0 0 0 0 0 0000000000000014 00000007 f 00000007 0 00
0000000000000014 7c15000000200001 0 00 00000000 0 0 0 0 0 0 0000000000000015 00000007 f 00000007 0 00
0000000000000015 10100c010c00f000 0 00 00000000 0 0 0 0 0 0 0000000000000016 00000007 f 00000007 1 0c
0000000000000016 7c25000000000000 0 00 00000000 0 0 0 0 0 0 0000000000000017 00000007 f 00000007 0 00
0000000000000017 7cb5000000e00000 0 00 00000000 0 0 0 0 0 0 0000000000000018 00000007 f 00000007 0 00
0000000000000018 10000a0a0700f000 0 00 00000000 0 0 0 0 0 0 0000000000000019 00000007 f 00000007 1 0a
0000000000000019 7c95fffff7d00000 0 00 00000000 0 0 0 0 0 0 0000000000000011 00000007 f 00000007 0 00
0000000000000011 3059e0a0c0000000 0 00 00000000 0 0 0 0 0 0 0000000000000012 00000007 f 00000007 0 00
0000000000000012 3029d0a0c0000000 0 00 00000000 0 0 0 0 0 0 0000000000000013 00000007 f 00000007 0 00
0000000000000013 305920b070000000 0 00 00000000 0 0 0 0 0 0 0000000000000014 00000007 f 00000007 0 00
0000000000000014 7c15000000200001 0 00 00000000 0 0 0 0 0 0 0000000000000015 00000007 f 00000007 0 00
0000000000000015 10100c010c00f000 0 00 00000000 0 0 0 0 0 0 0000000000000016 00000007 f 00000007 1 0c
0000000000000016 7c25000000000000 0 00 00000000 0 0 0 0 0 0 0000000000000017 00000007 f 00000007 0 00
0000000000000019 7cb5000000e00000 0 00 00000000 0 0 0 0 0 0 0000000000000018 00000000 f 00000000 0 00
0000000000000019 7c95fffff7d00000 0 00 00000000 0 0 0 0 0 0 000000000000001a 00000007 f 00000007 0 00
000000000000001a 300990b070000000 0 00 00000000 0 0 0 0 0 0 000000000000001b 00000007 f 00000007 0 00
000000000000001b 7c1500000e900021 0 00 00000000 0 0 0 0 0 0 000000000000002a 00000007 f 00000007 0 00
000000000000002a 3059701070000000 0 00 00000000 0 0 0 0 0 0 000000000000002b 00000007 f 00000007 0 00
000000000000002b 7c1500000f700010 0 00 00000000 0 0 0 0 0 0 000000000000002c 00000006 f 00000006 0 00
000000000000002c 34110d000001f000 0 00 00000000 0 0 0 0 0 0 000000000000002d 00000006 f 00000006 1 0d
000000000000002d 10300c010d00f000 0 00 00000000 0 0 0 0 0 0 000000000000002e 00000006 f 00000006 1 0c
000000000000002e 10000c0c0700f000 0 00 00000000 0 0 0 0 0 0 000000000000002f 00000006 f 00000006 1 0c
000000000000002f 34110a000000f000 0 00 00000000 0 0 0 0 0 0 0000000000000030 00000006 f 00000006 1 0a
0000000000000030 7c85000007000000 0 00 00000000 0 0 0 0 0 0 0000000000000031 00000006 f 00000006 0 00
0000000000000031 3059e0a0c0000000 0 00 00000000 0 0 0 0 0 0 0000000000000032 00000006 f 00000006 0 00
0000000000000032 3029d0a0c0000000 0 00 00000000 0 0 0 0 0 0 0000000000000033 00000006 f 00000006 0 00
0000000000000033 305920a070000000 0 00 00000000 0 0 0 0 0 0 0000000000000034 00000006 f 00000006 0 00
0000000000000034 7c15000000200001 0 00 00000000 0 0 0 0 0 0 0000000000000035 00000006 f 00000006 0 00
0000000000000035 101003030c00f000 0 00 00000000 0 0 0 0 0 0 0000000000000036 00000006 f 00000006 1 03
0000000000000036 7c25000000000000 0 00 00000000 0 0 0 0 0 0 0000000000000037 00000006 f 00000006 0 00
0000000000000037 10000a0a0700f000 0 00 00000000 0 0 0 0 0 0 0000000000000038 00000006 f 00000006 1 0a
0000000000000038 7c95fffff8d00000 0 00 00000000 0 0 0 0 0 0 0000000000000031 00000006 f 00000006 0 00
0000000000000031 3059e0a0c0000000 0 00 00000000 0 0 0 0 0 0 0000000000000032 00000006 f 00000006 0 00
0000000000000032 3029d0a0c0000000 0 00 00000000 0 0 0 0 0 0 0000000000000033 00000006 f 00000006 0 00
0000000000000033 305920a070000000 0 00 00000000 0 0 0 0 0 0 0000000000000034 00000006 f 00000006 0 00
0000000000000034 7c15000000200001 0 00 00000000 0 0 0 0 0 0 0000000000000035 00000006 f 00000006 0 00
0000000000000035 101003030c00f000 0 00 00000000 0 0 0 0 0 0 0000000000000036 00000006 f 00000006 1 03
0000000000000036 7c25000000000000 0 00 00000000 0 0 0 0 0 0 0000000000000037 00000006 f 00000006 0 00
0000000000000037 10000a0a0700f000 0 00 00000000 0 0 0 0 0 0 0000000000000038 00000006 f 00000006 1 0a
0000000000000038 7c95fffff8d00000 0 00 00000000 0 0 0 0 0 0 0000000000000031 00000002 f 00000002 0 00
0000000000000031 3059e0a0c0000000 0 00 00000000 0 0 0 0 0 0 0000000000000032 00000002 f 00000002 0 00
0000000000000032 3029d0a0c0000000 0 00 00000000 0 0 0 0 0 0 0000000000000033 00000002 f 00000002 0 00
0000000000000033 305920a070000000 0 00 00000000 0 0 0 0 0 0 0000000000000034 00000002 f 00000002 0 00
0000000000000034 7c15000000200001 0 00 00000000 0 0 0 0 0 0 0000000000000035 00000002 f 00000002 0 00
0000000000000035 101003030c00f000 0 00 00000000 0 0 0 0 0 0 0000000000000036 00000002 f 00000002 1 03
0000000000000036 7c25000000000000 0 00 00000000 0 0 0 0 0 0 0000000000000037 00000002 f 00000002 0 00
0000000000000037 10000a0a0700f000 0 00 00000000 0 0 0 0 0 0 0000000000000038 00000002 f 00000002 1 0a
0000000000000038 7c95fffff8d00000 0 00 00000000 0 0 0 0 0 0 0000000000000039 00000006 f 00000006 0 00
0000000000000039 34110300000df000 0 00 00000000 0 0 0 0 0 0 000000000000003a 00000006 f 00000006 1 03
000000000000003a 0205000001000000 0 00 00000000 0 0 0 0 0 1 000000000000003c 00000006 f 00000006 0 00
000000000000003c 7c25000000000000 0 00 00000000 0 0 0 0 0 0 000000000000003b 00000001 f 00000001 0 00
000000000000003b 10100c050300f000 0 00 00000000 0 0 0 0 0 0 000000000000003c 00000001 f 00000001 1 0c
000000000000003c 7c25000000000000 0 00 00000000 0 0 0 0 0 0 000000000000003d 00000007 f 00000007 0 00
000000000000003d 7c25000000000000 0 00 00000000 0 0 0 0 0 0 000000000000003e 00000007 f 00000007 0 00
000000000000003e 0205000024000000 0 00 00000000 0 0 0 0 0 1 0000000000000063 00000007 f 00000007 0 00
0000000000000063 7c25000000000000 0 00 00000000 0 0 0 0 0 0 0000000000000064 00000007 f 00000007 0 00
0000000000000064 101004030700f000 0 00 00000000 0 0 0 0 0 0 0000000000000065 00000007 f 00000007 1 04
0000000000000065 0205000001000000 0 00 00000000 0 0 0 0 0 1 0000000000000067 00000007 f 00000007 0 00
0000000000000067 7c25000000000000 0 00 00000000 0 0 0 0 0 0 0000000000000066 00000008 f 00000008 0 00
0000000000000066 105004030500f000 0 00 00000000 0 0 0 0 0 0 0000000000000067 00000008 f 00000008 1 04
0000000000000067 7c25000000000000 0 00 00000000 0 0 0 0 0 0 0000000000000068 0000000f f 0000000f 0 00
0000000000000068 0023060600000400 1 06 00000004 0 0 0 0 0 0 0000000000000069 0000000f f 0000000f 0 00
0000000000000069 7c25000000000000 0 00 00000000 0 0 0 0 0 0 000000000000006a ffffffff f ffffffff 0 00
000000000000006a 7cf5000000000000 0 00 00000000 0 0 0 0 0 0 000000000000006b ffffffff f ffffffff 0 00
