0000000000000000 0013140000004d00 1 14 0000004d 0 0 0 0000000000000001 00000001 f 00000001 0 00 00000001
0000000000000001 10710502000ff000 0 00 00000000 0 0 0 0000000000000002 00000001 f 00000001 1 05 00000001
0000000000000002 106105030021f000 0 00 00000000 0 0 0 0000000000000003 00000001 f 00000001 1 05 00000001
0000000000000003 340002020000f000 0 00 00000000 0 0 0 0000000000000004 00000001 f 00000001 1 02 00000001
0000000000000004 106106030021f000 0 00 00000000 0 0 0 0000000000000005 00000001 f 00000001 1 06 00000001
0000000000000005 1000040504002000 0 00 00000000 0 0 0 0000000000000006 00000001 2 00000000 1 04 00000000
0000000000000006 102005040400f000 0 00 00000000 0 0 0 0000000000000007 00000001 f 00000001 1 05 00000001
0000000000000007 10710604000ff000 0 00 00000000 0 0 0 0000000000000008 00000001 f 00000001 1 06 00000001
0000000000000008 106103020010f000 0 00 00000000 0 0 0 0000000000000009 00000001 f 00000001 1 03 00000001
0000000000000009 00131600aaaaaa00 1 16 ffaaaaaa 0 0 0 000000000000000a 00000001 f 00000001 0 00 00000001
000000000000000a 342005160000f000 0 00 00000000 0 0 0 000000000000000b 00000001 f 00000001 1 05 00000001
000000000000000b 10810405003ff000 0 00 00000000 0 0 0 000000000000000c 00000001 f 00000001 1 04 00000001
000000000000000c 3430030000005000 0 00 00000000 0 0 0 000000000000000d 00000001 5 00000001 1 03 00000001
000000000000000d 104005040200f000 0 00 00000000 0 0 0 000000000000000e 00000001 f 00000001 1 05 00000001
000000000000000e 104006060300d000 0 00 00000000 0 0 0 000000000000000f 00000001 d 00000001 1 06 00000001
000000000000000f 0013150000000100 1 15 00000001 0 0 0 0000000000000010 00000001 f 00000001 0 00 00000001
0000000000000010 342004150000a000 0 00 00000000 0 0 0 0000000000000011 00000001 a 00000000 1 04 00000000
0000000000000011 00131e0000000100 1 1e 00000001 0 0 0 0000000000000012 00000001 f 00000001 0 00 00000001
0000000000000012 0023171700000100 1 17 00000001 0 0 0 0000000000000013 00000001 f 00000001 0 00 00000001
0000000000000013 00731e1e00000100 1 1e 00000000 0 0 0 0000000000000014 00000001 f 00000001 0 00 00000001
0000000000000014 0013180000000000 1 18 00000000 0 0 0 0000000000000015 00000001 f 00000001 0 00 00000001
0000000000000015 0102001e18000000 0 00 00000000 5 1 0 0000000000000016 00000001 f 00000001 0 00 00000001
0000000000000016 0215fffffb040000 0 00 00000000 5 1 0 0000000000000017 00000001 f 00000001 0 00 00000001
0000000000000017 7cf5000000000000 0 00 00000000 5 1 0 0000000000000018 00000001 f 00000001 0 00 00000001
DONE retired=24 fault=00 pc=0000000000000017
