0000000000000000 00131d0000000000 1 1d 00000000 0 0 0 0000000000000001
0000000000000001 00a3081100000700 1 08 00000000 0 0 0 0000000000000002
0000000000000002 0063140700001f00 1 14 00000000 0 0 0 0000000000000003
0000000000000003 001302008b9c4800 1 02 ff8b9c48 0 0 0 0000000000000004
0000000000000004 0306000000000600 1 06 00000000 0 0 0 0000000000000005
0000000000000005 001314005e99b300 1 14 005e99b3 0 0 0 0000000000000006
0000000000000006 0306000000000d00 1 0d 00000000 0 0 0 0000000000000007
0000000000000007 0013050044b46700 1 05 0044b467 0 0 0 0000000000000008
0000000000000008 0013080000000100 1 08 00000001 0 0 0 0000000000000009
0000000000000009 00730303ffffff00 1 03 00000001 0 0 0 000000000000000a
000000000000000a 0112000c03000000 0 00 00000000 2 1 0 000000000000000b
000000000000000b 02150000030b0000 0 00 00000000 2 1 1 000000000000000f
000000000000000f 0112001307000000 0 00 00000000 5 0 0 0000000000000010
0000000000000010 0215000001030000 0 00 00000000 5 0 1 0000000000000012
0000000000000012 0122000804000000 0 00 00000000 4 1 0 0000000000000013
0000000000000013 02150000010c0000 0 00 00000000 4 1 1 0000000000000015
0000000000000015 0063080900001300 1 08 00000000 4 1 0 0000000000000016
0000000000000016 00130a00b5f1e100 1 0a ffb5f1e1 4 1 0 0000000000000017
0000000000000017 00820e1209000000 1 0e 00000000 4 1 0 0000000000000018
0000000000000018 007209140e000000 1 09 005e99b3 4 1 0 0000000000000019
0000000000000019 0306000000000200 1 02 00000000 4 1 0 000000000000001a
000000000000001a 8506000000000000 0 00 00000000 4 1 0 000000000000001b
000000000000001b 008207020a000000 1 07 ffb5f1e1 4 1 0 000000000000001c
000000000000001c 8506000000000000 0 00 00000000 4 1 0 000000000000001d
000000000000001d 8506000000000000 0 00 00000000 4 1 0 000000000000001e
000000000000001e 0112001211000000 0 00 00000000 5 0 0 000000000000001f
000000000000001f 0215000003020000 0 00 00000000 5 0 1 0000000000000023
0000000000000023 00520d0905000000 1 0d 005ebdf7 5 0 0 0000000000000024
0000000000000024 0306000000000200 1 02 00000000 5 0 0 0000000000000025
0000000000000025 00420b0909000000 1 0b 005e99b3 5 0 0 0000000000000026
0000000000000026 8506000000000000 0 00 00000000 5 0 0 0000000000000027
0000000000000027 001312006eae1700 1 12 006eae17 5 0 0 0000000000000028
0000000000000028 0102001004000000 0 00 00000000 5 1 0 0000000000000029
0000000000000029 02150000010d0000 0 00 00000000 5 1 0 000000000000002a
000000000000002a 8506000000000000 0 00 00000000 5 1 0 000000000000002b
000000000000002b 005201020c000000 1 01 00000000 5 1 0 000000000000002c
000000000000002c 0306000000000300 1 03 00000000 5 1 0 000000000000002d
000000000000002d 00420f0613000000 1 0f 00000000 5 1 0 000000000000002e
000000000000002e 00131300a2cec100 1 13 ffa2cec1 5 1 0 000000000000002f
000000000000002f 8506000000000000 0 00 00000000 5 1 0 0000000000000030
0000000000000030 0013010000000100 1 01 00000001 5 1 0 0000000000000031
0000000000000031 0042040201000000 1 04 00000000 5 1 0 0000000000000032
0000000000000032 00220a0605000000 1 0a 0044b467 5 1 0 0000000000000033
0000000000000033 00131e0000000200 1 1e 00000002 5 1 0 0000000000000034
0000000000000034 0023151500000100 1 15 00000001 5 1 0 0000000000000035
0000000000000035 00731e1e00000100 1 1e 00000001 5 1 0 0000000000000036
0000000000000036 0102001e1d000000 0 00 00000000 4 0 0 0000000000000037
0000000000000037 0215fffffc040000 0 00 00000000 4 0 1 0000000000000034
0000000000000034 0023151500000100 1 15 00000002 4 0 0 0000000000000035
0000000000000035 00731e1e00000100 1 1e 00000000 4 0 0 0000000000000036
0000000000000036 0102001e1d000000 0 00 00000000 5 1 0 0000000000000037
0000000000000037 0215fffffc040000 0 00 00000000 5 1 0 0000000000000038
0000000000000038 7cf5000000000000 0 00 00000000 5 1 0 0000000000000039
DONE retired=53 fault=00 pc=0000000000000038
