0000000000000000 00131d0000000000 1 1d 00000000 0 0 0 0000000000000001
0000000000000001 00130300bbda8d00 1 03 ffbbda8d 0 0 0 0000000000000002
0000000000000002 8506000000000000 0 00 00000000 0 0 0 0000000000000003
0000000000000003 8506000000000000 0 00 00000000 0 0 0 0000000000000004
0000000000000004 00730308e059ac00 1 03 001fa654 0 0 0 0000000000000005
0000000000000005 012200140e000000 0 00 00000000 5 0 0 0000000000000006
0000000000000006 02150000030d0000 0 00 00000000 5 0 0 0000000000000007
0000000000000007 8506000000000000 0 00 00000000 5 0 0 0000000000000008
0000000000000008 8506000000000000 0 00 00000000 5 0 0 0000000000000009
0000000000000009 8506000000000000 0 00 00000000 5 0 0 000000000000000a
000000000000000a 0306000000000900 1 09 00000000 5 0 0 000000000000000b
000000000000000b 00130f00e4de1000 1 0f ffe4de10 5 0 0 000000000000000c
000000000000000c 0013120000000100 1 12 00000001 5 0 0 000000000000000d
000000000000000d 8506000000000000 0 00 00000000 5 0 0 000000000000000e
000000000000000e 0102000704000000 0 00 00000000 5 1 0 000000000000000f
000000000000000f 0215000002010000 0 00 00000000 5 1 1 0000000000000012
0000000000000012 0073120ad0d7ce00 1 12 002f2832 5 1 0 0000000000000013
0000000000000013 00520e0808000000 1 0e 00000000 5 1 0 0000000000000014
0000000000000014 0062080303000000 1 08 65400000 5 1 0 0000000000000015
0000000000000015 0102000f03000000 0 00 00000000 6 0 0 0000000000000016
0000000000000016 02150000030e0000 0 00 00000000 6 0 1 000000000000001a
000000000000001a 0013100000000000 1 10 00000000 6 0 0 000000000000001b
000000000000001b 8506000000000000 0 00 00000000 6 0 0 000000000000001c
000000000000001c 0052070510000000 1 07 00000000 6 0 0 000000000000001d
000000000000001d 0073130300000000 1 13 001fa654 6 0 0 000000000000001e
000000000000001e 8506000000000000 0 00 00000000 6 0 0 000000000000001f
000000000000001f 0063020100000d00 1 02 00000000 6 0 0 0000000000000020
0000000000000020 00420b1113000000 1 0b 00000000 6 0 0 0000000000000021
0000000000000021 0023090b2a221d00 1 09 002a221d 6 0 0 0000000000000022
0000000000000022 8506000000000000 0 00 00000000 6 0 0 0000000000000023
0000000000000023 00131e0000000200 1 1e 00000002 6 0 0 0000000000000024
0000000000000024 0023151500000100 1 15 00000001 6 0 0 0000000000000025
0000000000000025 00731e1e00000100 1 1e 00000001 6 0 0 0000000000000026
0000000000000026 0102001e1d000000 0 00 00000000 4 0 0 0000000000000027
0000000000000027 0215fffffc040000 0 00 00000000 4 0 1 0000000000000024
0000000000000024 0023151500000100 1 15 00000002 4 0 0 0000000000000025
0000000000000025 00731e1e00000100 1 1e 00000000 4 0 0 0000000000000026
0000000000000026 0102001e1d000000 0 00 00000000 5 1 0 0000000000000027
0000000000000027 0215fffffc040000 0 00 00000000 5 1 0 0000000000000028
0000000000000028 7cf5000000000000 0 00 00000000 5 1 0 0000000000000029
DONE retired=40 fault=00 pc=0000000000000028
