0000000000000000 00131d0000000000 1 1d 00000000 0 0 0 0000000000000001
0000000000000001 8506000000000000 0 00 00000000 0 0 0 0000000000000002
0000000000000002 00a3070400000200 1 07 00000000 0 0 0 0000000000000003
0000000000000003 0306000000000300 1 03 00000000 0 0 0 0000000000000004
0000000000000004 00130d00ffffff00 1 0d ffffffff 0 0 0 0000000000000005
0000000000000005 0013100000000000 1 10 00000000 0 0 0 0000000000000006
0000000000000006 0102001203000000 0 00 00000000 5 1 0 0000000000000007
0000000000000007 02150000030e0000 0 00 00000000 5 1 1 000000000000000b
000000000000000b 00520a0e06000000 1 0a 00000000 5 1 0 000000000000000c
000000000000000c 00a30f0100001b00 1 0f 00000000 5 1 0 000000000000000d
000000000000000d 0092050d00000000 1 05 00000000 5 1 0 000000000000000e
000000000000000e 00720b0d0f000000 1 0b ffffffff 5 1 0 000000000000000f
000000000000000f 0023120d5c98db00 1 12 005c98da 5 1 0 0000000000000010
0000000000000010 0122000b14000000 0 00 00000000 6 0 0 0000000000000011
0000000000000011 02150000010d0000 0 00 00000000 6 0 0 0000000000000012
0000000000000012 8506000000000000 0 00 00000000 6 0 0 0000000000000013
0000000000000013 0306000000000f00 1 0f 00000000 6 0 0 0000000000000014
0000000000000014 0042050209000000 1 05 00000000 6 0 0 0000000000000015
0000000000000015 00a3130a00001000 1 13 00000000 6 0 0 0000000000000016
0000000000000016 00130c00a7854900 1 0c ffa78549 6 0 0 0000000000000017
0000000000000017 8506000000000000 0 00 00000000 6 0 0 0000000000000018
0000000000000018 007206060f000000 1 06 00000000 6 0 0 0000000000000019
0000000000000019 0062051010000000 1 05 00000000 6 0 0 000000000000001a
000000000000001a 0032110d0e000000 1 11 00000000 6 0 0 000000000000001b
000000000000001b 0013040044a6c000 1 04 0044a6c0 6 0 0 000000000000001c
000000000000001c 0092140900000000 1 14 ffffffff 6 0 0 000000000000001d
000000000000001d 0013040055555500 1 04 00555555 6 0 0 000000000000001e
000000000000001e 00b3040b00001d00 1 04 ffffffff 6 0 0 000000000000001f
000000000000001f 00130e00aa14a200 1 0e ffaa14a2 6 0 0 0000000000000020
0000000000000020 001314009b348100 1 14 ff9b3481 6 0 0 0000000000000021
0000000000000021 0023031300000000 1 03 00000000 6 0 0 0000000000000022
0000000000000022 00130500c595de00 1 05 ffc595de 6 0 0 0000000000000023
0000000000000023 003206100b000000 1 06 00000000 6 0 0 0000000000000024
0000000000000024 0122000314000000 0 00 00000000 0 1 0 0000000000000025
0000000000000025 02150000020d0000 0 00 00000000 0 1 1 0000000000000028
0000000000000028 00a3140c00000b00 1 14 001ff4f0 0 1 0 0000000000000029
0000000000000029 0102000404000000 0 00 00000000 5 1 0 000000000000002a
000000000000002a 0215000002030000 0 00 00000000 5 1 1 000000000000002d
000000000000002d 00130f0009611a00 1 0f 0009611a 5 1 0 000000000000002e
000000000000002e 8506000000000000 0 00 00000000 5 1 0 000000000000002f
000000000000002f 0092060d00000000 1 06 00000000 5 1 0 0000000000000030
0000000000000030 00a206120b000000 1 06 00000000 5 1 0 0000000000000031
0000000000000031 00131e0000000400 1 1e 00000004 5 1 0 0000000000000032
0000000000000032 0023151500000100 1 15 00000001 5 1 0 0000000000000033
0000000000000033 00731e1e00000100 1 1e 00000003 5 1 0 0000000000000034
0000000000000034 0102001e1d000000 0 00 00000000 4 0 0 0000000000000035
0000000000000035 0215fffffc040000 0 00 00000000 4 0 1 0000000000000032
0000000000000032 0023151500000100 1 15 00000002 4 0 0 0000000000000033
0000000000000033 00731e1e00000100 1 1e 00000002 4 0 0 0000000000000034
0000000000000034 0102001e1d000000 0 00 00000000 4 0 0 0000000000000035
0000000000000035 0215fffffc040000 0 00 00000000 4 0 1 0000000000000032
0000000000000032 0023151500000100 1 15 00000003 4 0 0 0000000000000033
0000000000000033 00731e1e00000100 1 1e 00000001 4 0 0 0000000000000034
0000000000000034 0102001e1d000000 0 00 00000000 4 0 0 0000000000000035
0000000000000035 0215fffffc040000 0 00 00000000 4 0 1 0000000000000032
0000000000000032 0023151500000100 1 15 00000004 4 0 0 0000000000000033
0000000000000033 00731e1e00000100 1 1e 00000000 4 0 0 0000000000000034
0000000000000034 0102001e1d000000 0 00 00000000 5 1 0 0000000000000035
0000000000000035 0215fffffc040000 0 00 00000000 5 1 0 0000000000000036
0000000000000036 7cf5000000000000 0 00 00000000 5 1 0 0000000000000037
DONE retired=60 fault=00 pc=0000000000000036
