0000000000000000 00131d0000000000 1 1d 00000000 0 0 0 0000000000000001
0000000000000001 00520b020a000000 1 0b 00000000 0 0 0 0000000000000002
0000000000000002 0102000506000000 0 00 00000000 5 1 0 0000000000000003
0000000000000003 0215000002030000 0 00 00000000 5 1 1 0000000000000006
0000000000000006 8506000000000000 0 00 00000000 5 1 0 0000000000000007
0000000000000007 008206130e000000 1 06 00000000 5 1 0 0000000000000008
0000000000000008 0306000000000c00 1 0c 00000000 5 1 0 0000000000000009
0000000000000009 002312032b625c00 1 12 002b625c 5 1 0 000000000000000a
000000000000000a 0022080206000000 1 08 00000000 5 1 0 000000000000000b
000000000000000b 00731201d75f5600 1 12 0028a0aa 5 1 0 000000000000000c
000000000000000c 0306000000001400 1 14 00000000 5 1 0 000000000000000d
000000000000000d 8506000000000000 0 00 00000000 5 1 0 000000000000000e
000000000000000e 0062051314000000 1 05 00000000 5 1 0 000000000000000f
000000000000000f 0112000b14000000 0 00 00000000 5 0 0 0000000000000010
0000000000000010 02150000020d0000 0 00 00000000 5 0 0 0000000000000011
0000000000000011 8506000000000000 0 00 00000000 5 0 0 0000000000000012
0000000000000012 8506000000000000 0 00 00000000 5 0 0 0000000000000013
0000000000000013 0073060100000000 1 06 00000000 5 0 0 0000000000000014
0000000000000014 0112000a0a000000 0 00 00000000 5 0 0 0000000000000015
0000000000000015 02150000020d0000 0 00 00000000 5 0 0 0000000000000016
0000000000000016 8506000000000000 0 00 00000000 5 0 0 0000000000000017
0000000000000017 8506000000000000 0 00 00000000 5 0 0 0000000000000018
0000000000000018 00b20f1411000000 1 0f 00000000 5 0 0 0000000000000019
0000000000000019 002202030b000000 1 02 00000000 5 0 0 000000000000001a
000000000000001a 0306000000000d00 1 0d 00000000 5 0 0 000000000000001b
000000000000001b 012200020f000000 0 00 00000000 5 0 0 000000000000001c
000000000000001c 02150000030d0000 0 00 00000000 5 0 0 000000000000001d
000000000000001d 8506000000000000 0 00 00000000 5 0 0 000000000000001e
000000000000001e 8506000000000000 0 00 00000000 5 0 0 000000000000001f
000000000000001f 8506000000000000 0 00 00000000 5 0 0 0000000000000020
0000000000000020 0052090e0a000000 1 09 00000000 5 0 0 0000000000000021
0000000000000021 0023040bffffff00 1 04 ffffffff 5 0 0 0000000000000022
0000000000000022 012200130f000000 0 00 00000000 5 0 0 0000000000000023
0000000000000023 0215000001020000 0 00 00000000 5 0 1 0000000000000025
0000000000000025 00130200ab955100 1 02 ffab9551 5 0 0 0000000000000026
0000000000000026 8506000000000000 0 00 00000000 5 0 0 0000000000000027
0000000000000027 0306000000000800 1 08 00000000 5 0 0 0000000000000028
0000000000000028 00131e0000000300 1 1e 00000003 5 0 0 0000000000000029
0000000000000029 0023151500000100 1 15 00000001 5 0 0 000000000000002a
000000000000002a 00731e1e00000100 1 1e 00000002 5 0 0 000000000000002b
000000000000002b 0102001e1d000000 0 00 00000000 4 0 0 000000000000002c
000000000000002c 0215fffffc040000 0 00 00000000 4 0 1 0000000000000029
0000000000000029 0023151500000100 1 15 00000002 4 0 0 000000000000002a
000000000000002a 00731e1e00000100 1 1e 00000001 4 0 0 000000000000002b
000000000000002b 0102001e1d000000 0 00 00000000 4 0 0 000000000000002c
000000000000002c 0215fffffc040000 0 00 00000000 4 0 1 0000000000000029
0000000000000029 0023151500000100 1 15 00000003 4 0 0 000000000000002a
000000000000002a 00731e1e00000100 1 1e 00000000 4 0 0 000000000000002b
000000000000002b 0102001e1d000000 0 00 00000000 5 1 0 000000000000002c
000000000000002c 0215fffffc040000 0 00 00000000 5 1 0 000000000000002d
000000000000002d 7cf5000000000000 0 00 00000000 5 1 0 000000000000002e
DONE retired=51 fault=00 pc=000000000000002d
