0000000000000000 0013140000004d00 1 14 0000004d 0 0 0 0000000000000001 55555555 f 55555555 0 00 55555555
0000000000000001 34110300fffff000 0 00 00000000 0 0 0 0000000000000002 55555555 f 55555555 1 03 55555555
0000000000000002 102005050200f000 0 00 00000000 0 0 0 0000000000000003 55555555 f 55555555 1 05 55555555
0000000000000003 100004040500f000 0 00 00000000 0 0 0 0000000000000004 55555555 f 55555555 1 04 55555555
0000000000000004 101002030500f000 0 00 00000000 0 0 0 0000000000000005 55555555 f 55555555 1 02 55555555
0000000000000005 105005020400f000 0 00 00000000 0 0 0 0000000000000006 55555555 f 55555555 1 05 55555555
0000000000000006 340006040000f000 0 00 00000000 0 0 0 0000000000000007 55555555 f 55555555 1 06 55555555
0000000000000007 00131500ffffff00 1 15 ffffffff 0 0 0 0000000000000008 55555555 f 55555555 0 00 55555555
0000000000000008 342003150000a000 0 00 00000000 0 0 0 0000000000000009 55555555 a 00000000 1 03 00000000
0000000000000009 107103020001f000 0 00 00000000 0 0 0 000000000000000a 55555555 f 55555555 1 03 55555555
000000000000000a 105004050600f000 0 00 00000000 0 0 0 000000000000000b 55555555 f 55555555 1 04 55555555
000000000000000b 10710603000ff000 0 00 00000000 0 0 0 000000000000000c 55555555 f 55555555 1 06 55555555
000000000000000c 1020020504005000 0 00 00000000 0 0 0 000000000000000d 55555555 5 44514000 1 02 44514000
000000000000000d 343006000000f000 0 00 00000000 0 0 0 000000000000000e 55555555 f 55555555 1 06 55555555
000000000000000e 340003050000c000 0 00 00000000 0 0 0 000000000000000f 55555555 c 01514040 1 03 01514040
000000000000000f 00131500ffffff00 1 15 ffffffff 0 0 0 0000000000000010 55555555 f 55555555 0 00 55555555
0000000000000010 342005150000f000 0 00 00000000 0 0 0 0000000000000011 55555555 f 55555555 1 05 55555555
0000000000000011 343006000000f000 0 00 00000000 0 0 0 0000000000000012 55555555 f 55555555 1 06 55555555
0000000000000012 10710505001ff000 0 00 00000000 0 0 0 0000000000000013 55555555 f 55555555 1 05 55555555
0000000000000013 00131500ffffff00 1 15 ffffffff 0 0 0 0000000000000014 55555555 f 55555555 0 00 55555555
0000000000000014 342006150000f000 0 00 00000000 0 0 0 0000000000000015 55555555 f 55555555 1 06 55555555
0000000000000015 3430030000001000 0 00 00000000 0 0 0 0000000000000016 55555555 1 55555555 1 03 55555555
0000000000000016 340006020000f000 0 00 00000000 0 0 0 0000000000000017 55555555 f 55555555 1 06 55555555
0000000000000017 343002000000a000 0 00 00000000 0 0 0 0000000000000018 55555555 a 00000000 1 02 00000000
0000000000000018 103006020300f000 0 00 00000000 0 0 0 0000000000000019 55555555 f 55555555 1 06 55555555
0000000000000019 106104040010f000 0 00 00000000 0 0 0 000000000000001a 55555555 f 55555555 1 04 55555555
000000000000001a 00131600aaaaaa00 1 16 ffaaaaaa 0 0 0 000000000000001b 55555555 f 55555555 0 00 55555555
000000000000001b 342003160000f000 0 00 00000000 0 0 0 000000000000001c 55555555 f 55555555 1 03 55555555
000000000000001c 108104030027f000 0 00 00000000 0 0 0 000000000000001d 55555555 f 55555555 1 04 55555555
000000000000001d 340003030000f000 0 00 00000000 0 0 0 000000000000001e 55555555 f 55555555 1 03 55555555
000000000000001e 00131e0000000100 1 1e 00000001 0 0 0 000000000000001f 55555555 f 55555555 0 00 55555555
000000000000001f 0023171700000100 1 17 00000001 0 0 0 0000000000000020 55555555 f 55555555 0 00 55555555
0000000000000020 00731e1e00000100 1 1e 00000000 0 0 0 0000000000000021 55555555 f 55555555 0 00 55555555
0000000000000021 0013180000000000 1 18 00000000 0 0 0 0000000000000022 55555555 f 55555555 0 00 55555555
0000000000000022 0102001e18000000 0 00 00000000 5 1 0 0000000000000023 55555555 f 55555555 0 00 55555555
0000000000000023 0215fffffb040000 0 00 00000000 5 1 0 0000000000000024 55555555 f 55555555 0 00 55555555
0000000000000024 7cf5000000000000 0 00 00000000 5 1 0 0000000000000025 55555555 f 55555555 0 00 55555555
DONE retired=37 fault=00 pc=0000000000000024
