0000000000000000 00131d0000000000 1 1d 00000000 0 0 0 0000000000000001
0000000000000001 8506000000000000 0 00 00000000 0 0 0 0000000000000002
0000000000000002 00130500b6c6c100 1 05 ffb6c6c1 0 0 0 0000000000000003
0000000000000003 0062041310000000 1 04 00000000 0 0 0 0000000000000004
0000000000000004 00720a0f07000000 1 0a 00000000 0 0 0 0000000000000005
0000000000000005 00720c0b0a000000 1 0c 00000000 0 0 0 0000000000000006
0000000000000006 0092030e00000000 1 03 ffffffff 0 0 0 0000000000000007
0000000000000007 0112000407000000 0 00 00000000 5 0 0 0000000000000008
0000000000000008 0215000001040000 0 00 00000000 5 0 0 0000000000000009
0000000000000009 8506000000000000 0 00 00000000 5 0 0 000000000000000a
000000000000000a 0082040c11000000 1 04 00000000 5 0 0 000000000000000b
000000000000000b 0092060c00000000 1 06 ffffffff 5 0 0 000000000000000c
000000000000000c 00920c0b00000000 1 0c ffffffff 5 0 0 000000000000000d
000000000000000d 00520d080a000000 1 0d 00000000 5 0 0 000000000000000e
000000000000000e 0306000000000800 1 08 00000000 5 0 0 000000000000000f
000000000000000f 00130b00250a3700 1 0b 00250a37 5 0 0 0000000000000010
0000000000000010 0306000000000a00 1 0a 00000000 5 0 0 0000000000000011
0000000000000011 0306000000000a00 1 0a 00000000 5 0 0 0000000000000012
0000000000000012 00a211110b000000 1 11 00000000 5 0 0 0000000000000013
0000000000000013 0122000111000000 0 00 00000000 5 0 0 0000000000000014
0000000000000014 02150000020c0000 0 00 00000000 5 0 1 0000000000000017
0000000000000017 8506000000000000 0 00 00000000 5 0 0 0000000000000018
0000000000000018 0013120000000100 1 12 00000001 5 0 0 0000000000000019
0000000000000019 8506000000000000 0 00 00000000 5 0 0 000000000000001a
000000000000001a 0052110903000000 1 11 ffffffff 5 0 0 000000000000001b
000000000000001b 00420b0802000000 1 0b 00000000 5 0 0 000000000000001c
000000000000001c 8506000000000000 0 00 00000000 5 0 0 000000000000001d
000000000000001d 0122000c05000000 0 00 00000000 4 1 0 000000000000001e
000000000000001e 0215000003010000 0 00 00000000 4 1 1 0000000000000022
0000000000000022 8506000000000000 0 00 00000000 4 1 0 0000000000000023
0000000000000023 8506000000000000 0 00 00000000 4 1 0 0000000000000024
0000000000000024 00b3051400000e00 1 05 00000000 4 1 0 0000000000000025
0000000000000025 8506000000000000 0 00 00000000 4 1 0 0000000000000026
0000000000000026 00a2100a02000000 1 10 00000000 4 1 0 0000000000000027
0000000000000027 00630c1400001000 1 0c 00000000 4 1 0 0000000000000028
0000000000000028 0013110000000000 1 11 00000000 4 1 0 0000000000000029
0000000000000029 00620f1209000000 1 0f 00000001 4 1 0 000000000000002a
000000000000002a 0052060e02000000 1 06 00000000 4 1 0 000000000000002b
000000000000002b 00130700eb87eb00 1 07 ffeb87eb 4 1 0 000000000000002c
000000000000002c 0102000a02000000 0 00 00000000 5 1 0 000000000000002d
000000000000002d 0215000001020000 0 00 00000000 5 1 0 000000000000002e
000000000000002e 8506000000000000 0 00 00000000 5 1 0 000000000000002f
000000000000002f 8506000000000000 0 00 00000000 5 1 0 0000000000000030
0000000000000030 8506000000000000 0 00 00000000 5 1 0 0000000000000031
0000000000000031 00131e0000000300 1 1e 00000003 5 1 0 0000000000000032
0000000000000032 0023151500000100 1 15 00000001 5 1 0 0000000000000033
0000000000000033 00731e1e00000100 1 1e 00000002 5 1 0 0000000000000034
0000000000000034 0102001e1d000000 0 00 00000000 4 0 0 0000000000000035
0000000000000035 0215fffffc040000 0 00 00000000 4 0 1 0000000000000032
0000000000000032 0023151500000100 1 15 00000002 4 0 0 0000000000000033
0000000000000033 00731e1e00000100 1 1e 00000001 4 0 0 0000000000000034
0000000000000034 0102001e1d000000 0 00 00000000 4 0 0 0000000000000035
0000000000000035 0215fffffc040000 0 00 00000000 4 0 1 0000000000000032
0000000000000032 0023151500000100 1 15 00000003 4 0 0 0000000000000033
0000000000000033 00731e1e00000100 1 1e 00000000 4 0 0 0000000000000034
0000000000000034 0102001e1d000000 0 00 00000000 5 1 0 0000000000000035
0000000000000035 0215fffffc040000 0 00 00000000 5 1 0 0000000000000036
0000000000000036 7cf5000000000000 0 00 00000000 5 1 0 0000000000000037
DONE retired=58 fault=00 pc=0000000000000036
