0000000000000000 343001000000f000 0 00 00000000 0 0 0 0 0 0 0000000000000001 ffffffff f ffffffff 1 01
0000000000000001 341107000001f000 0 00 00000000 0 0 0 0 0 0 0000000000000002 ffffffff f ffffffff 1 07
0000000000000002 34110c000003f000 0 00 00000000 0 0 0 0 0 0 0000000000000003 ffffffff f ffffffff 1 0c
0000000000000003 30399010c0000000 0 00 00000000 0 0 0 0 0 0 0000000000000004 ffffffff f ffffffff 0 00
0000000000000004 7c15000015900023 0 00 00000000 0 0 0 0 0 0 0000000000000005 0000000f f 0000000f 0 00
0000000000000005 34110d000000f000 0 00 00000000 0 0 0 0 0 0 0000000000000006 0000000f f 0000000f 1 0d
0000000000000006 10300c010d00f000 0 00 00000000 0 0 0 0 0 0 0000000000000007 0000000f f 0000000f 1 0c
0000000000000007 10000c0c0700f000 0 00 00000000 0 0 0 0 0 0 0000000000000008 0000000f f 0000000f 1 0c
0000000000000008 34110a000000f000 0 00 00000000 0 0 0 0 0 0 0000000000000009 0000000f f 0000000f 1 0a
0000000000000009 7c85000007000000 0 00 00000000 0 0 0 0 0 0 000000000000000a 0000000f f 0000000f 0 00
000000000000000a 3059e0a0c0000000 0 00 00000000 0 0 0 0 0 0 000000000000000b 0000000f f 0000000f 0 00
000000000000000b 3029d0a0c0000000 0 00 00000000 0 0 0 0 0 0 000000000000000c 0000000f f 0000000f 0 00
000000000000000c 3059201070000000 0 00 00000000 0 0 0 0 0 0 000000000000000d 0000000f f 0000000f 0 00
000000000000000d 7c15000000200001 0 00 00000000 0 0 0 0 0 0 000000000000000e 0000000e f 0000000e 0 00
000000000000000e 105003010500f000 0 00 00000000 0 0 0 0 0 0 000000000000000f 0000000e f 0000000e 1 03
000000000000000f 7c25000000000000 0 00 00000000 0 0 0 0 0 0 000000000000000e 00000001 f 00000001 0 00
000000000000000e 105003010500f000 0 00 00000000 0 0 0 0 0 0 000000000000000f 00000001 f 00000001 1 03
000000000000000f 7c25000000000000 0 00 00000000 0 0 0 0 0 0 0000000000000010 0000000f f 0000000f 0 00
0000000000000010 10000a0a0700f000 0 00 00000000 0 0 0 0 0 0 0000000000000011 0000000f f 0000000f 1 0a
0000000000000011 7c95fffff8d00000 0 00 00000000 0 0 0 0 0 0 000000000000000a 0000000f f 0000000f 0 00
000000000000000a 3059e0a0c0000000 0 00 00000000 0 0 0 0 0 0 000000000000000b 0000000f f 0000000f 0 00
000000000000000b 3029d0a0c0000000 0 00 00000000 0 0 0 0 0 0 000000000000000c 0000000f f 0000000f 0 00
000000000000000c 3059201070000000 0 00 00000000 0 0 0 0 0 0 000000000000000d 0000000f f 0000000f 0 00
000000000000000d 7c15000000200001 0 00 00000000 0 0 0 0 0 0 000000000000000e 0000000e f 0000000e 0 00
000000000000000e 105003010500f000 0 00 00000000 0 0 0 0 0 0 000000000000000f 0000000e f 0000000e 1 03
000000000000000f 7c25000000000000 0 00 00000000 0 0 0 0 0 0 000000000000000e 00000001 f 00000001 0 00
000000000000000e 105003010500f000 0 00 00000000 0 0 0 0 0 0 000000000000000f 00000001 f 00000001 1 03
000000000000000f 7c25000000000000 0 00 00000000 0 0 0 0 0 0 0000000000000010 0000000f f 0000000f 0 00
0000000000000010 10000a0a0700f000 0 00 00000000 0 0 0 0 0 0 0000000000000011 0000000f f 0000000f 1 0a
0000000000000011 7c95fffff8d00000 0 00 00000000 0 0 0 0 0 0 0000000000000012 0000000f f 0000000f 0 00
0000000000000012 30497030c0000000 0 00 00000000 0 0 0 0 0 0 0000000000000013 0000000f f 0000000f 0 00
0000000000000013 7c15000002700004 0 00 00000000 0 0 0 0 0 0 0000000000000014 0000000c f 0000000c 0 00
0000000000000014 100003040700f000 0 00 00000000 0 0 0 0 0 0 0000000000000015 0000000c f 0000000c 1 03
0000000000000015 0205000002000000 0 00 00000000 0 0 0 0 0 1 0000000000000018 0000000c f 0000000c 0 00
0000000000000018 7c25000000000000 0 00 00000000 0 0 0 0 0 0 0000000000000016 00000003 f 00000003 0 00
0000000000000016 105003040700f000 0 00 00000000 0 0 0 0 0 0 0000000000000017 00000003 f 00000003 1 03
0000000000000017 1010040c0400f000 0 00 00000000 0 0 0 0 0 0 0000000000000018 00000003 f 00000003 1 04
0000000000000018 7c25000000000000 0 00 00000000 0 0 0 0 0 0 0000000000000019 0000000f f 0000000f 0 00
0000000000000019 020500000e000000 0 00 00000000 0 0 0 0 0 1 0000000000000028 0000000f f 0000000f 0 00
0000000000000028 7c25000000000000 0 00 00000000 0 0 0 0 0 0 000000000000001a fffffff0 f fffffff0 0 00
000000000000001a 101003070400f000 0 00 00000000 0 0 0 0 0 0 000000000000001b fffffff0 f fffffff0 1 03
000000000000001b 34110d000000f000 0 00 00000000 0 0 0 0 0 0 000000000000001c fffffff0 f fffffff0 1 0d
000000000000001c 10300c010d00f000 0 00 00000000 0 0 0 0 0 0 000000000000001d fffffff0 f fffffff0 1 0c
000000000000001d 10000c0c0700f000 0 00 00000000 0 0 0 0 0 0 000000000000001e fffffff0 f fffffff0 1 0c
000000000000001e 34110a000000f000 0 00 00000000 0 0 0 0 0 0 000000000000001f fffffff0 f fffffff0 1 0a
000000000000001f 7c85000007000000 0 00 00000000 0 0 0 0 0 0 0000000000000020 fffffff0 f fffffff0 0 00
0000000000000020 3059e0a0c0000000 0 00 00000000 0 0 0 0 0 0 0000000000000021 fffffff0 f fffffff0 0 00
0000000000000021 3029d0a0c0000000 0 00 00000000 0 0 0 0 0 0 0000000000000022 fffffff0 f fffffff0 0 00
0000000000000022 302940a070000000 0 00 00000000 0 0 0 0 0 0 0000000000000023 fffffff0 f fffffff0 0 00
0000000000000023 7c15000000400001 0 00 00000000 0 0 0 0 0 0 0000000000000024 fffffff0 f fffffff0 0 00
0000000000000024 34110500000ff000 0 00 00000000 0 0 0 0 0 0 0000000000000025 fffffff0 f fffffff0 1 05
0000000000000025 7c25000000000000 0 00 00000000 0 0 0 0 0 0 0000000000000026 fffffff0 f fffffff0 0 00
0000000000000026 10000a0a0700f000 0 00 00000000 0 0 0 0 0 0 0000000000000027 fffffff0 f fffffff0 1 0a
0000000000000027 7c95fffff8d00000 0 00 00000000 0 0 0 0 0 0 0000000000000020 fffffff0 f fffffff0 0 00
0000000000000020 3059e0a0c0000000 0 00 00000000 0 0 0 0 0 0 0000000000000021 fffffff0 f fffffff0 0 00
0000000000000021 3029d0a0c0000000 0 00 00000000 0 0 0 0 0 0 0000000000000022 fffffff0 f fffffff0 0 00
0000000000000022 302940a070000000 0 00 00000000 0 0 0 0 0 0 0000000000000023 fffffff0 f fffffff0 0 00
0000000000000023 7c15000000400001 0 00 00000000 0 0 0 0 0 0 0000000000000024 fffffff0 f fffffff0 0 00
0000000000000024 34110500000ff000 0 00 00000000 0 0 0 0 0 0 0000000000000025 fffffff0 f fffffff0 1 05
0000000000000025 7c25000000000000 0 00 00000000 0 0 0 0 0 0 0000000000000026 fffffff0 f fffffff0 0 00
0000000000000026 10000a0a0700f000 0 00 00000000 0 0 0 0 0 0 0000000000000027 fffffff0 f fffffff0 1 0a
0000000000000027 7c95fffff8d00000 0 00 00000000 0 0 0 0 0 0 0000000000000028 fffffff0 f fffffff0 0 00
0000000000000028 7c25000000000000 0 00 00000000 0 0 0 0 0 0 0000000000000029 ffffffff f ffffffff 0 00
0000000000000029 111005010c00f000 0 00 00000000 0 0 0 0 0 0 000000000000002a ffffffff f ffffffff 1 05
000000000000002a 7cf5000000000000 0 00 00000000 0 0 0 0 0 0 000000000000002b ffffffff f ffffffff 0 00
