0000000000000000 00131d0000000000 1 1d 00000000 0 0 0 0000000000000001
0000000000000001 0063020400000700 1 02 00000000 0 0 0 0000000000000002
0000000000000002 8506000000000000 0 00 00000000 0 0 0 0000000000000003
0000000000000003 0306000000000d00 1 0d 00000000 0 0 0 0000000000000004
0000000000000004 8506000000000000 0 00 00000000 0 0 0 0000000000000005
0000000000000005 8506000000000000 0 00 00000000 0 0 0 0000000000000006
0000000000000006 8506000000000000 0 00 00000000 0 0 0 0000000000000007
0000000000000007 8506000000000000 0 00 00000000 0 0 0 0000000000000008
0000000000000008 0122001101000000 0 00 00000000 5 0 0 0000000000000009
0000000000000009 0215000001040000 0 00 00000000 5 0 0 000000000000000a
000000000000000a 8506000000000000 0 00 00000000 5 0 0 000000000000000b
000000000000000b 0073010c55555500 1 01 ffaaaaab 5 0 0 000000000000000c
000000000000000c 8506000000000000 0 00 00000000 5 0 0 000000000000000d
000000000000000d 007210020a000000 1 10 00000000 5 0 0 000000000000000e
000000000000000e 00130400be987b00 1 04 ffbe987b 5 0 0 000000000000000f
000000000000000f 0092080100000000 1 08 00555554 5 0 0 0000000000000010
0000000000000010 0042040803000000 1 04 00000000 5 0 0 0000000000000011
0000000000000011 00130c00ffffff00 1 0c ffffffff 5 0 0 0000000000000012
0000000000000012 0122000c01000000 0 00 00000000 4 1 0 0000000000000013
0000000000000013 02150000010b0000 0 00 00000000 4 1 0 0000000000000014
0000000000000014 8506000000000000 0 00 00000000 4 1 0 0000000000000015
0000000000000015 00131e0000000300 1 1e 00000003 4 1 0 0000000000000016
0000000000000016 0023151500000100 1 15 00000001 4 1 0 0000000000000017
0000000000000017 00731e1e00000100 1 1e 00000002 4 1 0 0000000000000018
0000000000000018 0102001e1d000000 0 00 00000000 4 0 0 0000000000000019
0000000000000019 0215fffffc040000 0 00 00000000 4 0 1 0000000000000016
0000000000000016 0023151500000100 1 15 00000002 4 0 0 0000000000000017
0000000000000017 00731e1e00000100 1 1e 00000001 4 0 0 0000000000000018
0000000000000018 0102001e1d000000 0 00 00000000 4 0 0 0000000000000019
0000000000000019 0215fffffc040000 0 00 00000000 4 0 1 0000000000000016
0000000000000016 0023151500000100 1 15 00000003 4 0 0 0000000000000017
0000000000000017 00731e1e00000100 1 1e 00000000 4 0 0 0000000000000018
0000000000000018 0102001e1d000000 0 00 00000000 5 1 0 0000000000000019
0000000000000019 0215fffffc040000 0 00 00000000 5 1 0 000000000000001a
000000000000001a 7cf5000000000000 0 00 00000000 5 1 0 000000000000001b
DONE retired=35 fault=00 pc=000000000000001a
