0000000000000000 00131d0000000000 1 1d 00000000 0 0 0 0000000000000001
0000000000000001 8506000000000000 0 00 00000000 0 0 0 0000000000000002
0000000000000002 0092110100000000 1 11 ffffffff 0 0 0 0000000000000003
0000000000000003 0023060800000100 1 06 00000001 0 0 0 0000000000000004
0000000000000004 0306000000001100 1 11 00000000 0 0 0 0000000000000005
0000000000000005 0306000000000a00 1 0a 00000000 0 0 0 0000000000000006
0000000000000006 0092030b00000000 1 03 ffffffff 0 0 0 0000000000000007
0000000000000007 8506000000000000 0 00 00000000 0 0 0 0000000000000008
0000000000000008 8506000000000000 0 00 00000000 0 0 0 0000000000000009
0000000000000009 00130900724e0d00 1 09 00724e0d 0 0 0 000000000000000a
000000000000000a 0062110f02000000 1 11 00000000 0 0 0 000000000000000b
000000000000000b 0102000c09000000 0 00 00000000 2 0 0 000000000000000c
000000000000000c 02150000010c0000 0 00 00000000 2 0 0 000000000000000d
000000000000000d 8506000000000000 0 00 00000000 2 0 0 000000000000000e
000000000000000e 0306000000000c00 1 0c 00000000 2 0 0 000000000000000f
000000000000000f 011200030d000000 0 00 00000000 6 1 0 0000000000000010
0000000000000010 0215000002020000 0 00 00000000 6 1 0 0000000000000011
0000000000000011 8506000000000000 0 00 00000000 6 1 0 0000000000000012
0000000000000012 8506000000000000 0 00 00000000 6 1 0 0000000000000013
0000000000000013 0023050d9ceaa400 1 05 ff9ceaa4 6 1 0 0000000000000014
0000000000000014 00820d0a0d000000 1 0d 00000000 6 1 0 0000000000000015
0000000000000015 00230603a5fb4000 1 06 ffa5fb3f 6 1 0 0000000000000016
0000000000000016 00131300ffffff00 1 13 ffffffff 6 1 0 0000000000000017
0000000000000017 8506000000000000 0 00 00000000 6 1 0 0000000000000018
0000000000000018 00130900df2c1d00 1 09 ffdf2c1d 6 1 0 0000000000000019
0000000000000019 0092140900000000 1 14 0020d3e2 6 1 0 000000000000001a
000000000000001a 8506000000000000 0 00 00000000 6 1 0 000000000000001b
000000000000001b 0063080a00001b00 1 08 00000000 6 1 0 000000000000001c
000000000000001c 0306000000000f00 1 0f 00000000 6 1 0 000000000000001d
000000000000001d 0092080400000000 1 08 ffffffff 6 1 0 000000000000001e
000000000000001e 0102001406000000 0 00 00000000 0 0 0 000000000000001f
000000000000001f 0215000001010000 0 00 00000000 0 0 0 0000000000000020
0000000000000020 8506000000000000 0 00 00000000 0 0 0 0000000000000021
0000000000000021 00b3120c00001900 1 12 00000000 0 0 0 0000000000000022
0000000000000022 00b2040111000000 1 04 00000000 0 0 0 0000000000000023
0000000000000023 00520c0706000000 1 0c ffa5fb3f 0 0 0 0000000000000024
0000000000000024 00520d0206000000 1 0d ffa5fb3f 0 0 0 0000000000000025
0000000000000025 00420f010e000000 1 0f 00000000 0 0 0 0000000000000026
0000000000000026 00b2070b0b000000 1 07 00000000 0 0 0 0000000000000027
0000000000000027 0112001304000000 0 00 00000000 6 1 0 0000000000000028
0000000000000028 0215000002030000 0 00 00000000 6 1 0 0000000000000029
0000000000000029 8506000000000000 0 00 00000000 6 1 0 000000000000002a
000000000000002a 8506000000000000 0 00 00000000 6 1 0 000000000000002b
000000000000002b 00131e0000000300 1 1e 00000003 6 1 0 000000000000002c
000000000000002c 0023151500000100 1 15 00000001 6 1 0 000000000000002d
000000000000002d 00731e1e00000100 1 1e 00000002 6 1 0 000000000000002e
000000000000002e 0102001e1d000000 0 00 00000000 4 0 0 000000000000002f
000000000000002f 0215fffffc040000 0 00 00000000 4 0 1 000000000000002c
000000000000002c 0023151500000100 1 15 00000002 4 0 0 000000000000002d
000000000000002d 00731e1e00000100 1 1e 00000001 4 0 0 000000000000002e
000000000000002e 0102001e1d000000 0 00 00000000 4 0 0 000000000000002f
000000000000002f 0215fffffc040000 0 00 00000000 4 0 1 000000000000002c
000000000000002c 0023151500000100 1 15 00000003 4 0 0 000000000000002d
000000000000002d 00731e1e00000100 1 1e 00000000 4 0 0 000000000000002e
000000000000002e 0102001e1d000000 0 00 00000000 5 1 0 000000000000002f
000000000000002f 0215fffffc040000 0 00 00000000 5 1 0 0000000000000030
0000000000000030 7cf5000000000000 0 00 00000000 5 1 0 0000000000000031
DONE retired=57 fault=00 pc=0000000000000030
