0000000000000000 00131d0000000000 1 1d 00000000 0 0 0 0000000000000001
0000000000000001 0073130faaaaaa00 1 13 00555556 0 0 0 0000000000000002
0000000000000002 00130b00d8a28800 1 0b ffd8a288 0 0 0 0000000000000003
0000000000000003 00420e0804000000 1 0e 00000000 0 0 0 0000000000000004
0000000000000004 00130c0000000000 1 0c 00000000 0 0 0 0000000000000005
0000000000000005 00130300e6f7eb00 1 03 ffe6f7eb 0 0 0 0000000000000006
0000000000000006 8506000000000000 0 00 00000000 0 0 0 0000000000000007
0000000000000007 00720f0713000000 1 0f ffaaaaaa 0 0 0 0000000000000008
0000000000000008 010200140d000000 0 00 00000000 5 1 0 0000000000000009
0000000000000009 02150000010b0000 0 00 00000000 5 1 0 000000000000000a
000000000000000a 8506000000000000 0 00 00000000 5 1 0 000000000000000b
000000000000000b 0102001209000000 0 00 00000000 5 1 0 000000000000000c
000000000000000c 0215000003020000 0 00 00000000 5 1 0 000000000000000d
000000000000000d 8506000000000000 0 00 00000000 5 1 0 000000000000000e
000000000000000e 8506000000000000 0 00 00000000 5 1 0 000000000000000f
000000000000000f 8506000000000000 0 00 00000000 5 1 0 0000000000000010
0000000000000010 0013060000000000 1 06 00000000 5 1 0 0000000000000011
0000000000000011 0082140e0d000000 1 14 00000000 5 1 0 0000000000000012
0000000000000012 8506000000000000 0 00 00000000 5 1 0 0000000000000013
0000000000000013 00b3131300000d00 1 13 000002aa 5 1 0 0000000000000014
0000000000000014 00420a0a0d000000 1 0a 00000000 5 1 0 0000000000000015
0000000000000015 00130200bcec8000 1 02 ffbcec80 5 1 0 0000000000000016
0000000000000016 0102000f0b000000 0 00 00000000 2 0 0 0000000000000017
0000000000000017 0215000002030000 0 00 00000000 2 0 0 0000000000000018
0000000000000018 8506000000000000 0 00 00000000 2 0 0 0000000000000019
0000000000000019 8506000000000000 0 00 00000000 2 0 0 000000000000001a
000000000000001a 00520e0313000000 1 0e ffe6f7eb 2 0 0 000000000000001b
000000000000001b 0092041200000000 1 04 ffffffff 2 0 0 000000000000001c
000000000000001c 0072010109000000 1 01 00000000 2 0 0 000000000000001d
000000000000001d 0022111214000000 1 11 00000000 2 0 0 000000000000001e
000000000000001e 00b2130710000000 1 13 00000000 2 0 0 000000000000001f
000000000000001f 0022050f0c000000 1 05 ffaaaaaa 2 0 0 0000000000000020
0000000000000020 00920d0600000000 1 0d ffffffff 2 0 0 0000000000000021
0000000000000021 00130500aaaaaa00 1 05 ffaaaaaa 2 0 0 0000000000000022
0000000000000022 00a3090a00001900 1 09 00000000 2 0 0 0000000000000023
0000000000000023 00b2061401000000 1 06 00000000 2 0 0 0000000000000024
0000000000000024 00620c010d000000 1 0c 00000000 2 0 0 0000000000000025
0000000000000025 0082040206000000 1 04 ffbcec80 2 0 0 0000000000000026
0000000000000026 010200070d000000 0 00 00000000 0 0 0 0000000000000027
0000000000000027 02150000030d0000 0 00 00000000 0 0 1 000000000000002b
000000000000002b 00130600f5155e00 1 06 fff5155e 0 0 0 000000000000002c
000000000000002c 0306000000000e00 1 0e 00000000 0 0 0 000000000000002d
000000000000002d 00231013ffffff00 1 10 ffffffff 0 0 0 000000000000002e
000000000000002e 00131e0000000200 1 1e 00000002 0 0 0 000000000000002f
000000000000002f 0023151500000100 1 15 00000001 0 0 0 0000000000000030
0000000000000030 00731e1e00000100 1 1e 00000001 0 0 0 0000000000000031
0000000000000031 0102001e1d000000 0 00 00000000 4 0 0 0000000000000032
0000000000000032 0215fffffc040000 0 00 00000000 4 0 1 000000000000002f
000000000000002f 0023151500000100 1 15 00000002 4 0 0 0000000000000030
0000000000000030 00731e1e00000100 1 1e 00000000 4 0 0 0000000000000031
0000000000000031 0102001e1d000000 0 00 00000000 5 1 0 0000000000000032
0000000000000032 0215fffffc040000 0 00 00000000 5 1 0 0000000000000033
0000000000000033 7cf5000000000000 0 00 00000000 5 1 0 0000000000000034
DONE retired=53 fault=00 pc=0000000000000033
