0000000000000000 00131d0000000000 1 1d 00000000 0 0 0 0000000000000001
0000000000000001 0122000803000000 0 00 00000000 5 0 0 0000000000000002
0000000000000002 0215000003040000 0 00 00000000 5 0 0 0000000000000003
0000000000000003 8506000000000000 0 00 00000000 5 0 0 0000000000000004
0000000000000004 8506000000000000 0 00 00000000 5 0 0 0000000000000005
0000000000000005 8506000000000000 0 00 00000000 5 0 0 0000000000000006
0000000000000006 8506000000000000 0 00 00000000 5 0 0 0000000000000007
0000000000000007 0306000000000e00 1 0e 00000000 5 0 0 0000000000000008
0000000000000008 00820c0205000000 1 0c 00000000 5 0 0 0000000000000009
0000000000000009 0042070e05000000 1 07 00000000 5 0 0 000000000000000a
000000000000000a 0306000000000a00 1 0a 00000000 5 0 0 000000000000000b
000000000000000b 8506000000000000 0 00 00000000 5 0 0 000000000000000c
000000000000000c 001309005a822100 1 09 005a8221 5 0 0 000000000000000d
000000000000000d 0092130700000000 1 13 ffffffff 5 0 0 000000000000000e
000000000000000e 0102000410000000 0 00 00000000 5 1 0 000000000000000f
000000000000000f 0215000003010000 0 00 00000000 5 1 1 0000000000000013
0000000000000013 8506000000000000 0 00 00000000 5 1 0 0000000000000014
0000000000000014 0092031400000000 1 03 ffffffff 5 1 0 0000000000000015
0000000000000015 0062041006000000 1 04 00000000 5 1 0 0000000000000016
0000000000000016 00131e0000000200 1 1e 00000002 5 1 0 0000000000000017
0000000000000017 0023151500000100 1 15 00000001 5 1 0 0000000000000018
0000000000000018 00731e1e00000100 1 1e 00000001 5 1 0 0000000000000019
0000000000000019 0102001e1d000000 0 00 00000000 4 0 0 000000000000001a
000000000000001a 0215fffffc040000 0 00 00000000 4 0 1 0000000000000017
0000000000000017 0023151500000100 1 15 00000002 4 0 0 0000000000000018
0000000000000018 00731e1e00000100 1 1e 00000000 4 0 0 0000000000000019
0000000000000019 0102001e1d000000 0 00 00000000 5 1 0 000000000000001a
000000000000001a 0215fffffc040000 0 00 00000000 5 1 0 000000000000001b
000000000000001b 7cf5000000000000 0 00 00000000 5 1 0 000000000000001c
DONE retired=29 fault=00 pc=000000000000001b
