0000000000000000 0013140000004d00 1 14 0000004d 0 0 0 0000000000000001 aaaaaaaa f aaaaaaaa 0 00 aaaaaaaa
0000000000000001 10710203000ff000 0 00 00000000 0 0 0 0000000000000002 aaaaaaaa f aaaaaaaa 1 02 aaaaaaaa
0000000000000002 107104060000f000 0 00 00000000 0 0 0 0000000000000003 aaaaaaaa f aaaaaaaa 1 04 aaaaaaaa
0000000000000003 104005060200f000 0 00 00000000 0 0 0 0000000000000004 aaaaaaaa f aaaaaaaa 1 05 aaaaaaaa
0000000000000004 341102000000f000 0 00 00000000 0 0 0 0000000000000005 aaaaaaaa f aaaaaaaa 1 02 aaaaaaaa
0000000000000005 10310406abf3f000 0 00 00000000 0 0 0 0000000000000006 aaaaaaaa f aaaaaaaa 1 04 aaaaaaaa
0000000000000006 106102030025f000 0 00 00000000 0 0 0 0000000000000007 aaaaaaaa f aaaaaaaa 1 02 aaaaaaaa
0000000000000007 3411060000002000 0 00 00000000 0 0 0 0000000000000008 aaaaaaaa 2 00000000 1 06 00000000
0000000000000008 00131600ffffff00 1 16 ffffffff 0 0 0 0000000000000009 aaaaaaaa f aaaaaaaa 0 00 aaaaaaaa
0000000000000009 342006160000f000 0 00 00000000 0 0 0 000000000000000a aaaaaaaa f aaaaaaaa 1 06 aaaaaaaa
000000000000000a 108106060021f000 0 00 00000000 0 0 0 000000000000000b aaaaaaaa f aaaaaaaa 1 06 aaaaaaaa
000000000000000b 101004060600f000 0 00 00000000 0 0 0 000000000000000c aaaaaaaa f aaaaaaaa 1 04 aaaaaaaa
000000000000000c 104002030500f000 0 00 00000000 0 0 0 000000000000000d aaaaaaaa f aaaaaaaa 1 02 aaaaaaaa
000000000000000d 101002050600f000 0 00 00000000 0 0 0 000000000000000e aaaaaaaa f aaaaaaaa 1 02 aaaaaaaa
000000000000000e 1030050606006000 0 00 00000000 0 0 0 000000000000000f aaaaaaaa 6 00000000 1 05 00000000
000000000000000f 0013150000000100 1 15 00000001 0 0 0 0000000000000010 aaaaaaaa f aaaaaaaa 0 00 aaaaaaaa
0000000000000010 342004150000f000 0 00 00000000 0 0 0 0000000000000011 aaaaaaaa f aaaaaaaa 1 04 aaaaaaaa
0000000000000011 106102050010f000 0 00 00000000 0 0 0 0000000000000012 aaaaaaaa f aaaaaaaa 1 02 aaaaaaaa
0000000000000012 104104030001f000 0 00 00000000 0 0 0 0000000000000013 aaaaaaaa f aaaaaaaa 1 04 aaaaaaaa
0000000000000013 103002020600f000 0 00 00000000 0 0 0 0000000000000014 aaaaaaaa f aaaaaaaa 1 02 aaaaaaaa
0000000000000014 3400060500008000 0 00 00000000 0 0 0 0000000000000015 aaaaaaaa 8 082020aa 1 06 082020aa
0000000000000015 100002050500f000 0 00 00000000 0 0 0 0000000000000016 aaaaaaaa f aaaaaaaa 1 02 aaaaaaaa
0000000000000016 107106060003f000 0 00 00000000 0 0 0 0000000000000017 aaaaaaaa f aaaaaaaa 1 06 aaaaaaaa
0000000000000017 340006040000f000 0 00 00000000 0 0 0 0000000000000018 aaaaaaaa f aaaaaaaa 1 06 aaaaaaaa
0000000000000018 00131600ffffff00 1 16 ffffffff 0 0 0 0000000000000019 aaaaaaaa f aaaaaaaa 0 00 aaaaaaaa
0000000000000019 342003160000f000 0 00 00000000 0 0 0 000000000000001a aaaaaaaa f aaaaaaaa 1 03 aaaaaaaa
000000000000001a 108103030001f000 0 00 00000000 0 0 0 000000000000001b aaaaaaaa f aaaaaaaa 1 03 aaaaaaaa
000000000000001b 103104020001f000 0 00 00000000 0 0 0 000000000000001c aaaaaaaa f aaaaaaaa 1 04 aaaaaaaa
000000000000001c 00131e0000000200 1 1e 00000002 0 0 0 000000000000001d aaaaaaaa f aaaaaaaa 0 00 aaaaaaaa
000000000000001d 0023171700000100 1 17 00000001 0 0 0 000000000000001e aaaaaaaa f aaaaaaaa 0 00 aaaaaaaa
000000000000001e 00731e1e00000100 1 1e 00000001 0 0 0 000000000000001f aaaaaaaa f aaaaaaaa 0 00 aaaaaaaa
000000000000001f 0013180000000000 1 18 00000000 0 0 0 0000000000000020 aaaaaaaa f aaaaaaaa 0 00 aaaaaaaa
0000000000000020 0102001e18000000 0 00 00000000 4 0 0 0000000000000021 aaaaaaaa f aaaaaaaa 0 00 aaaaaaaa
0000000000000021 0215fffffb040000 0 00 00000000 4 0 1 000000000000001d aaaaaaaa f aaaaaaaa 0 00 aaaaaaaa
000000000000001d 0023171700000100 1 17 00000002 4 0 0 000000000000001e aaaaaaaa f aaaaaaaa 0 00 aaaaaaaa
000000000000001e 00731e1e00000100 1 1e 00000000 4 0 0 000000000000001f aaaaaaaa f aaaaaaaa 0 00 aaaaaaaa
000000000000001f 0013180000000000 1 18 00000000 4 0 0 0000000000000020 aaaaaaaa f aaaaaaaa 0 00 aaaaaaaa
0000000000000020 0102001e18000000 0 00 00000000 5 1 0 0000000000000021 aaaaaaaa f aaaaaaaa 0 00 aaaaaaaa
0000000000000021 0215fffffb040000 0 00 00000000 5 1 0 0000000000000022 aaaaaaaa f aaaaaaaa 0 00 aaaaaaaa
0000000000000022 7cf5000000000000 0 00 00000000 5 1 0 0000000000000023 aaaaaaaa f aaaaaaaa 0 00 aaaaaaaa
DONE retired=40 fault=00 pc=0000000000000022
