0000000000000000 0013140000004d00 1 14 0000004d 0 0 0 0000000000000001 fffffc00 f fffffc00 0 00 fffffc00
0000000000000001 10610506003ff000 0 00 00000000 0 0 0 0000000000000002 fffffc00 f fffffc00 1 05 fffffc00
0000000000000002 340004040000f000 0 00 00000000 0 0 0 0000000000000003 fffffc00 f fffffc00 1 04 fffffc00
0000000000000003 107106060023f000 0 00 00000000 0 0 0 0000000000000004 fffffc00 f fffffc00 1 06 fffffc00
0000000000000004 10710505000ff000 0 00 00000000 0 0 0 0000000000000005 fffffc00 f fffffc00 1 05 fffffc00
0000000000000005 10710206003ff000 0 00 00000000 0 0 0 0000000000000006 fffffc00 f fffffc00 1 02 fffffc00
0000000000000006 10710603003ff000 0 00 00000000 0 0 0 0000000000000007 fffffc00 f fffffc00 1 06 fffffc00
0000000000000007 10510502f299f000 0 00 00000000 0 0 0 0000000000000008 fffffc00 f fffffc00 1 05 fffffc00
0000000000000008 10610604003ff000 0 00 00000000 0 0 0 0000000000000009 fffffc00 f fffffc00 1 06 fffffc00
0000000000000009 343003000000f000 0 00 00000000 0 0 0 000000000000000a fffffc00 f fffffc00 1 03 fffffc00
000000000000000a 341105000001f000 0 00 00000000 0 0 0 000000000000000b fffffc00 f fffffc00 1 05 fffffc00
000000000000000b 343003000000f000 0 00 00000000 0 0 0 000000000000000c fffffc00 f fffffc00 1 03 fffffc00
000000000000000c 3411050023d3f000 0 00 00000000 0 0 0 000000000000000d fffffc00 f fffffc00 1 05 fffffc00
000000000000000d 105005050300f000 0 00 00000000 0 0 0 000000000000000e fffffc00 f fffffc00 1 05 fffffc00
000000000000000e 340004050000f000 0 00 00000000 0 0 0 000000000000000f fffffc00 f fffffc00 1 04 fffffc00
000000000000000f 106106060010f000 0 00 00000000 0 0 0 0000000000000010 fffffc00 f fffffc00 1 06 fffffc00
0000000000000010 340003040000f000 0 00 00000000 0 0 0 0000000000000011 fffffc00 f fffffc00 1 03 fffffc00
0000000000000011 340005050000f000 0 00 00000000 0 0 0 0000000000000012 fffffc00 f fffffc00 1 05 fffffc00
0000000000000012 00131e0000000300 1 1e 00000003 0 0 0 0000000000000013 fffffc00 f fffffc00 0 00 fffffc00
0000000000000013 0023171700000100 1 17 00000001 0 0 0 0000000000000014 fffffc00 f fffffc00 0 00 fffffc00
0000000000000014 00731e1e00000100 1 1e 00000002 0 0 0 0000000000000015 fffffc00 f fffffc00 0 00 fffffc00
0000000000000015 0013180000000000 1 18 00000000 0 0 0 0000000000000016 fffffc00 f fffffc00 0 00 fffffc00
0000000000000016 0102001e18000000 0 00 00000000 4 0 0 0000000000000017 fffffc00 f fffffc00 0 00 fffffc00
0000000000000017 0215fffffb040000 0 00 00000000 4 0 1 0000000000000013 fffffc00 f fffffc00 0 00 fffffc00
0000000000000013 0023171700000100 1 17 00000002 4 0 0 0000000000000014 fffffc00 f fffffc00 0 00 fffffc00
0000000000000014 00731e1e00000100 1 1e 00000001 4 0 0 0000000000000015 fffffc00 f fffffc00 0 00 fffffc00
0000000000000015 0013180000000000 1 18 00000000 4 0 0 0000000000000016 fffffc00 f fffffc00 0 00 fffffc00
0000000000000016 0102001e18000000 0 00 00000000 4 0 0 0000000000000017 fffffc00 f fffffc00 0 00 fffffc00
0000000000000017 0215fffffb040000 0 00 00000000 4 0 1 0000000000000013 fffffc00 f fffffc00 0 00 fffffc00
0000000000000013 0023171700000100 1 17 00000003 4 0 0 0000000000000014 fffffc00 f fffffc00 0 00 fffffc00
0000000000000014 00731e1e00000100 1 1e 00000000 4 0 0 0000000000000015 fffffc00 f fffffc00 0 00 fffffc00
0000000000000015 0013180000000000 1 18 00000000 4 0 0 0000000000000016 fffffc00 f fffffc00 0 00 fffffc00
0000000000000016 0102001e18000000 0 00 00000000 5 1 0 0000000000000017 fffffc00 f fffffc00 0 00 fffffc00
0000000000000017 0215fffffb040000 0 00 00000000 5 1 0 0000000000000018 fffffc00 f fffffc00 0 00 fffffc00
0000000000000018 7cf5000000000000 0 00 00000000 5 1 0 0000000000000019 fffffc00 f fffffc00 0 00 fffffc00
DONE retired=35 fault=00 pc=0000000000000018
