0000000000000000 0013140000004d00 1 14 0000004d 0 0 0 0000000000000001 80808080 f 80808080 0 00 80808080
0000000000000001 100003020200f000 0 00 00000000 0 0 0 0000000000000002 80808080 f 80808080 1 03 80808080
0000000000000002 3400050600004000 0 00 00000000 0 0 0 0000000000000003 80808080 4 00000080 1 05 00000080
0000000000000003 0013160000000000 1 16 00000000 0 0 0 0000000000000004 80808080 f 80808080 0 00 80808080
0000000000000004 342002160000f000 0 00 00000000 0 0 0 0000000000000005 80808080 f 80808080 1 02 80808080
0000000000000005 108105020005f000 0 00 00000000 0 0 0 0000000000000006 80808080 f 80808080 1 05 80808080
0000000000000006 00131600aaaaaa00 1 16 ffaaaaaa 0 0 0 0000000000000007 80808080 f 80808080 0 00 80808080
0000000000000007 342005160000f000 0 00 00000000 0 0 0 0000000000000008 80808080 f 80808080 1 05 80808080
0000000000000008 108102050020f000 0 00 00000000 0 0 0 0000000000000009 80808080 f 80808080 1 02 80808080
0000000000000009 105006050400f000 0 00 00000000 0 0 0 000000000000000a 80808080 f 80808080 1 06 80808080
000000000000000a 104003030200f000 0 00 00000000 0 0 0 000000000000000b 80808080 f 80808080 1 03 80808080
000000000000000b 00131500aaaaaa00 1 15 ffaaaaaa 0 0 0 000000000000000c 80808080 f 80808080 0 00 80808080
000000000000000c 3420041500005000 0 00 00000000 0 0 0 000000000000000d 80808080 5 80000000 1 04 80000000
000000000000000d 104002060300f000 0 00 00000000 0 0 0 000000000000000e 80808080 f 80808080 1 02 80808080
000000000000000e 105102027ffff000 0 00 00000000 0 0 0 000000000000000f 80808080 f 80808080 1 02 80808080
000000000000000f 10610202003ff000 0 00 00000000 0 0 0 0000000000000010 80808080 f 80808080 1 02 80808080
0000000000000010 0013160055555500 1 16 00555555 0 0 0 0000000000000011 80808080 f 80808080 0 00 80808080
0000000000000011 342005160000f000 0 00 00000000 0 0 0 0000000000000012 80808080 f 80808080 1 05 80808080
0000000000000012 108106050020f000 0 00 00000000 0 0 0 0000000000000013 80808080 f 80808080 1 06 80808080
0000000000000013 343006000000f000 0 00 00000000 0 0 0 0000000000000014 80808080 f 80808080 1 06 80808080
0000000000000014 340002060000f000 0 00 00000000 0 0 0 0000000000000015 80808080 f 80808080 1 02 80808080
0000000000000015 0013160000000100 1 16 00000001 0 0 0 0000000000000016 80808080 f 80808080 0 00 80808080
0000000000000016 342004160000f000 0 00 00000000 0 0 0 0000000000000017 80808080 f 80808080 1 04 80808080
0000000000000017 108105040009f000 0 00 00000000 0 0 0 0000000000000018 80808080 f 80808080 1 05 80808080
0000000000000018 104002050600f000 0 00 00000000 0 0 0 0000000000000019 80808080 f 80808080 1 02 80808080
0000000000000019 1010050503002000 0 00 00000000 0 0 0 000000000000001a 80808080 2 80808080 1 05 80808080
000000000000001a 104006030400f000 0 00 00000000 0 0 0 000000000000001b 80808080 f 80808080 1 06 80808080
000000000000001b 101103028000f000 0 00 00000000 0 0 0 000000000000001c 80808080 f 80808080 1 03 80808080
000000000000001c 105003040300f000 0 00 00000000 0 0 0 000000000000001d 80808080 f 80808080 1 03 80808080
000000000000001d 101105020000f000 0 00 00000000 0 0 0 000000000000001e 80808080 f 80808080 1 05 80808080
000000000000001e 340006020000f000 0 00 00000000 0 0 0 000000000000001f 80808080 f 80808080 1 06 80808080
000000000000001f 340003030000f000 0 00 00000000 0 0 0 0000000000000020 80808080 f 80808080 1 03 80808080
0000000000000020 340003020000f000 0 00 00000000 0 0 0 0000000000000021 80808080 f 80808080 1 03 80808080
0000000000000021 101003050400f000 0 00 00000000 0 0 0 0000000000000022 80808080 f 80808080 1 03 80808080
0000000000000022 00131500ffffff00 1 15 ffffffff 0 0 0 0000000000000023 80808080 f 80808080 0 00 80808080
0000000000000023 342004150000f000 0 00 00000000 0 0 0 0000000000000024 80808080 f 80808080 1 04 80808080
0000000000000024 00131e0000000300 1 1e 00000003 0 0 0 0000000000000025 80808080 f 80808080 0 00 80808080
0000000000000025 0023171700000100 1 17 00000001 0 0 0 0000000000000026 80808080 f 80808080 0 00 80808080
0000000000000026 00731e1e00000100 1 1e 00000002 0 0 0 0000000000000027 80808080 f 80808080 0 00 80808080
0000000000000027 0013180000000000 1 18 00000000 0 0 0 0000000000000028 80808080 f 80808080 0 00 80808080
0000000000000028 0102001e18000000 0 00 00000000 4 0 0 0000000000000029 80808080 f 80808080 0 00 80808080
0000000000000029 0215fffffb040000 0 00 00000000 4 0 1 0000000000000025 80808080 f 80808080 0 00 80808080
0000000000000025 0023171700000100 1 17 00000002 4 0 0 0000000000000026 80808080 f 80808080 0 00 80808080
0000000000000026 00731e1e00000100 1 1e 00000001 4 0 0 0000000000000027 80808080 f 80808080 0 00 80808080
0000000000000027 0013180000000000 1 18 00000000 4 0 0 0000000000000028 80808080 f 80808080 0 00 80808080
0000000000000028 0102001e18000000 0 00 00000000 4 0 0 0000000000000029 80808080 f 80808080 0 00 80808080
0000000000000029 0215fffffb040000 0 00 00000000 4 0 1 0000000000000025 80808080 f 80808080 0 00 80808080
0000000000000025 0023171700000100 1 17 00000003 4 0 0 0000000000000026 80808080 f 80808080 0 00 80808080
0000000000000026 00731e1e00000100 1 1e 00000000 4 0 0 0000000000000027 80808080 f 80808080 0 00 80808080
0000000000000027 0013180000000000 1 18 00000000 4 0 0 0000000000000028 80808080 f 80808080 0 00 80808080
0000000000000028 0102001e18000000 0 00 00000000 5 1 0 0000000000000029 80808080 f 80808080 0 00 80808080
0000000000000029 0215fffffb040000 0 00 00000000 5 1 0 000000000000002a 80808080 f 80808080 0 00 80808080
000000000000002a 7cf5000000000000 0 00 00000000 5 1 0 000000000000002b 80808080 f 80808080 0 00 80808080
DONE retired=53 fault=00 pc=000000000000002a
