0000000000000000 343001000000f000 0 00 00000000 0 0 0 0 0 0 0000000000000001 ffffffff f ffffffff 1 01
0000000000000001 341107000001f000 0 00 00000000 0 0 0 0 0 0 0000000000000002 ffffffff f ffffffff 1 07
0000000000000002 34110c000003f000 0 00 00000000 0 0 0 0 0 0 0000000000000003 ffffffff f ffffffff 1 0c
0000000000000003 30590010c0000000 0 00 00000000 0 0 0 0 0 0 0000000000000004 ffffffff f ffffffff 0 00
0000000000000004 7c1500006100006c 0 00 00000000 0 0 0 0 0 0 0000000000000005 fffffff8 f fffffff8 0 00
0000000000000005 3059d0b0c0000000 0 00 00000000 0 0 0 0 0 0 0000000000000006 fffffff8 f fffffff8 0 00
0000000000000006 7c1500004fd0005c 0 00 00000000 0 0 0 0 0 0 0000000000000056 fffffff8 f fffffff8 0 00
0000000000000056 34110d000003f000 0 00 00000000 0 0 0 0 0 0 0000000000000057 fffffff8 f fffffff8 1 0d
0000000000000057 10300c010d00f000 0 00 00000000 0 0 0 0 0 0 0000000000000058 fffffff8 f fffffff8 1 0c
0000000000000058 10000c0c0700f000 0 00 00000000 0 0 0 0 0 0 0000000000000059 fffffff8 f fffffff8 1 0c
0000000000000059 34110a000000f000 0 00 00000000 0 0 0 0 0 0 000000000000005a fffffff8 f fffffff8 1 0a
000000000000005a 7c85000007000000 0 00 00000000 0 0 0 0 0 0 000000000000005b fffffff8 f fffffff8 0 00
000000000000005b 3059e0a0c0000000 0 00 00000000 0 0 0 0 0 0 000000000000005c fffffff8 f fffffff8 0 00
000000000000005c 3029d0a0c0000000 0 00 00000000 0 0 0 0 0 0 000000000000005d fffffff8 f fffffff8 0 00
000000000000005d 3019001070000000 0 00 00000000 0 0 0 0 0 0 000000000000005e fffffff8 f fffffff8 0 00
000000000000005e 7c15000000000001 0 00 00000000 0 0 0 0 0 0 000000000000005f fffffff8 f fffffff8 0 00
000000000000005f 0023060600000300 1 06 00000003 0 0 0 0 0 0 0000000000000060 fffffff8 f fffffff8 0 00
0000000000000060 7c25000000000000 0 00 00000000 0 0 0 0 0 0 0000000000000061 fffffff8 f fffffff8 0 00
0000000000000061 10000a0a0700f000 0 00 00000000 0 0 0 0 0 0 0000000000000062 fffffff8 f fffffff8 1 0a
0000000000000062 7c95fffff8d00000 0 00 00000000 0 0 0 0 0 0 000000000000005b fffffff8 f fffffff8 0 00
000000000000005b 3059e0a0c0000000 0 00 00000000 0 0 0 0 0 0 000000000000005c fffffff8 f fffffff8 0 00
000000000000005c 3029d0a0c0000000 0 00 00000000 0 0 0 0 0 0 000000000000005d fffffff8 f fffffff8 0 00
000000000000005d 3019001070000000 0 00 00000000 0 0 0 0 0 0 000000000000005e fffffff8 f fffffff8 0 00
000000000000005e 7c15000000000001 0 00 00000000 0 0 0 0 0 0 000000000000005f fffffff8 f fffffff8 0 00
000000000000005f 0023060600000300 1 06 00000006 0 0 0 0 0 0 0000000000000060 fffffff8 f fffffff8 0 00
0000000000000060 7c25000000000000 0 00 00000000 0 0 0 0 0 0 0000000000000061 fffffff8 f fffffff8 0 00
0000000000000061 10000a0a0700f000 0 00 00000000 0 0 0 0 0 0 0000000000000062 fffffff8 f fffffff8 1 0a
0000000000000062 7c95fffff8d00000 0 00 00000000 0 0 0 0 0 0 000000000000005b eeeeeee8 f eeeeeee8 0 00
000000000000005b 3059e0a0c0000000 0 00 00000000 0 0 0 0 0 0 000000000000005c eeeeeee8 f eeeeeee8 0 00
000000000000005c 3029d0a0c0000000 0 00 00000000 0 0 0 0 0 0 000000000000005d eeeeeee8 f eeeeeee8 0 00
000000000000005d 3019001070000000 0 00 00000000 0 0 0 0 0 0 000000000000005e eeeeeee8 f eeeeeee8 0 00
000000000000005e 7c15000000000001 0 00 00000000 0 0 0 0 0 0 000000000000005f eeeeeee8 f eeeeeee8 0 00
000000000000005f 0023060600000300 1 06 00000009 0 0 0 0 0 0 0000000000000060 eeeeeee8 f eeeeeee8 0 00
0000000000000060 7c25000000000000 0 00 00000000 0 0 0 0 0 0 0000000000000061 eeeeeee8 f eeeeeee8 0 00
0000000000000061 10000a0a0700f000 0 00 00000000 0 0 0 0 0 0 0000000000000062 eeeeeee8 f eeeeeee8 1 0a
0000000000000062 7c95fffff8d00000 0 00 00000000 0 0 0 0 0 0 000000000000005b ccccccc8 f ccccccc8 0 00
000000000000005b 3059e0a0c0000000 0 00 00000000 0 0 0 0 0 0 000000000000005c ccccccc8 f ccccccc8 0 00
000000000000005c 3029d0a0c0000000 0 00 00000000 0 0 0 0 0 0 000000000000005d ccccccc8 f ccccccc8 0 00
000000000000005d 3019001070000000 0 00 00000000 0 0 0 0 0 0 000000000000005e ccccccc8 f ccccccc8 0 00
000000000000005e 7c15000000000001 0 00 00000000 0 0 0 0 0 0 000000000000005f ccccccc8 f ccccccc8 0 00
000000000000005f 0023060600000300 1 06 0000000c 0 0 0 0 0 0 0000000000000060 ccccccc8 f ccccccc8 0 00
0000000000000060 7c25000000000000 0 00 00000000 0 0 0 0 0 0 0000000000000061 ccccccc8 f ccccccc8 0 00
0000000000000061 10000a0a0700f000 0 00 00000000 0 0 0 0 0 0 0000000000000062 ccccccc8 f ccccccc8 1 0a
0000000000000062 7c95fffff8d00000 0 00 00000000 0 0 0 0 0 0 000000000000005b 88888888 f 88888888 0 00
000000000000005b 3059e0a0c0000000 0 00 00000000 0 0 0 0 0 0 000000000000005c 88888888 f 88888888 0 00
000000000000005c 3029d0a0c0000000 0 00 00000000 0 0 0 0 0 0 000000000000005d 88888888 f 88888888 0 00
000000000000005d 3019001070000000 0 00 00000000 0 0 0 0 0 0 000000000000005e 88888888 f 88888888 0 00
000000000000005e 7c15000000000001 0 00 00000000 0 0 0 0 0 0 000000000000005f 88888888 f 88888888 0 00
000000000000005f 0023060600000300 1 06 0000000f 0 0 0 0 0 0 0000000000000060 88888888 f 88888888 0 00
0000000000000060 7c25000000000000 0 00 00000000 0 0 0 0 0 0 0000000000000061 88888888 f 88888888 0 00
0000000000000061 10000a0a0700f000 0 00 00000000 0 0 0 0 0 0 0000000000000062 88888888 f 88888888 1 0a
0000000000000062 7c95fffff8d00000 0 00 00000000 0 0 0 0 0 0 0000000000000063 fffffff8 f fffffff8 0 00
0000000000000063 7c25000000000000 0 00 00000000 0 0 0 0 0 0 0000000000000064 fffffff8 f fffffff8 0 00
0000000000000064 10100c070400f000 0 00 00000000 0 0 0 0 0 0 0000000000000065 fffffff8 f fffffff8 1 0c
0000000000000065 020500000b000000 0 00 00000000 0 0 0 0 0 1 0000000000000071 fffffff8 f fffffff8 0 00
0000000000000071 7c25000000000000 0 00 00000000 0 0 0 0 0 0 0000000000000066 00000007 f 00000007 0 00
0000000000000066 34110d000001f000 0 00 00000000 0 0 0 0 0 0 0000000000000067 00000007 f 00000007 1 0d
0000000000000067 10300c010d00f000 0 00 00000000 0 0 0 0 0 0 0000000000000068 00000007 f 00000007 1 0c
0000000000000068 10000c0c0700f000 0 00 00000000 0 0 0 0 0 0 0000000000000069 00000007 f 00000007 1 0c
0000000000000069 34110a000000f000 0 00 00000000 0 0 0 0 0 0 000000000000006a 00000007 f 00000007 1 0a
000000000000006a 7c85000005000000 0 00 00000000 0 0 0 0 0 0 000000000000006b 00000007 f 00000007 0 00
000000000000006b 3059e0a0c0000000 0 00 00000000 0 0 0 0 0 0 000000000000006c 00000007 f 00000007 0 00
000000000000006c 3029d0a0c0000000 0 00 00000000 0 0 0 0 0 0 000000000000006d 00000007 f 00000007 0 00
000000000000006d 101003050300f000 0 00 00000000 0 0 0 0 0 0 000000000000006e 00000007 f 00000007 1 03
000000000000006e 7cb5000000e00000 0 00 00000000 0 0 0 0 0 0 000000000000006f 00000007 f 00000007 0 00
000000000000006f 10000a0a0700f000 0 00 00000000 0 0 0 0 0 0 0000000000000070 00000007 f 00000007 1 0a
0000000000000070 7c95fffffad00000 0 00 00000000 0 0 0 0 0 0 000000000000006b 00000007 f 00000007 0 00
000000000000006b 3059e0a0c0000000 0 00 00000000 0 0 0 0 0 0 000000000000006c 00000007 f 00000007 0 00
000000000000006c 3029d0a0c0000000 0 00 00000000 0 0 0 0 0 0 000000000000006d 00000007 f 00000007 0 00
000000000000006d 101003050300f000 0 00 00000000 0 0 0 0 0 0 000000000000006e 00000007 f 00000007 1 03
000000000000006e 7cb5000000e00000 0 00 00000000 0 0 0 0 0 0 000000000000006f 00000002 f 00000002 0 00
000000000000006f 10000a0a0700f000 0 00 00000000 0 0 0 0 0 0 0000000000000070 00000002 f 00000002 1 0a
0000000000000070 7c95fffffad00000 0 00 00000000 0 0 0 0 0 0 000000000000006b 00000002 f 00000002 0 00
000000000000006b 3059e0a0c0000000 0 00 00000000 0 0 0 0 0 0 000000000000006c 00000002 f 00000002 0 00
000000000000006c 3029d0a0c0000000 0 00 00000000 0 0 0 0 0 0 000000000000006d 00000002 f 00000002 0 00
000000000000006d 101003050300f000 0 00 00000000 0 0 0 0 0 0 000000000000006e 00000002 f 00000002 1 03
0000000000000070 7cb5000000e00000 0 00 00000000 0 0 0 0 0 0 000000000000006f 00000000 f 00000000 0 00
0000000000000070 7c95fffffad00000 0 00 00000000 0 0 0 0 0 0 0000000000000071 00000007 f 00000007 0 00
0000000000000071 7c25000000000000 0 00 00000000 0 0 0 0 0 0 0000000000000072 ffffffff f ffffffff 0 00
0000000000000072 11000c040500f000 0 00 00000000 0 0 0 0 0 0 0000000000000073 ffffffff f ffffffff 1 0c
0000000000000073 34110d000000f000 0 00 00000000 0 0 0 0 0 0 0000000000000074 ffffffff f ffffffff 1 0d
0000000000000074 10300c010d00f000 0 00 00000000 0 0 0 0 0 0 0000000000000075 ffffffff f ffffffff 1 0c
0000000000000075 10000c0c0700f000 0 00 00000000 0 0 0 0 0 0 0000000000000076 ffffffff f ffffffff 1 0c
0000000000000076 34110a000000f000 0 00 00000000 0 0 0 0 0 0 0000000000000077 ffffffff f ffffffff 1 0a
0000000000000077 7c85000008000000 0 00 00000000 0 0 0 0 0 0 0000000000000078 ffffffff f ffffffff 0 00
0000000000000078 3059e0a0c0000000 0 00 00000000 0 0 0 0 0 0 0000000000000079 ffffffff f ffffffff 0 00
0000000000000079 3029d0a0c0000000 0 00 00000000 0 0 0 0 0 0 000000000000007a ffffffff f ffffffff 0 00
000000000000007a 304910b070000000 0 00 00000000 0 0 0 0 0 0 000000000000007b ffffffff f ffffffff 0 00
000000000000007b 7c15000000100001 0 00 00000000 0 0 0 0 0 0 000000000000007c ffffffff f ffffffff 0 00
000000000000007c 10000c040500f000 0 00 00000000 0 0 0 0 0 0 000000000000007d ffffffff f ffffffff 1 0c
000000000000007d 7c25000000000000 0 00 00000000 0 0 0 0 0 0 000000000000007e ffffffff f ffffffff 0 00
000000000000007e 7cb5000000e00000 0 00 00000000 0 0 0 0 0 0 000000000000007f ffffffff f ffffffff 0 00
000000000000007f 10000a0a0700f000 0 00 00000000 0 0 0 0 0 0 0000000000000080 ffffffff f ffffffff 1 0a
0000000000000080 7c95fffff7d00000 0 00 00000000 0 0 0 0 0 0 0000000000000078 ffffffff f ffffffff 0 00
0000000000000078 3059e0a0c0000000 0 00 00000000 0 0 0 0 0 0 0000000000000079 ffffffff f ffffffff 0 00
0000000000000079 3029d0a0c0000000 0 00 00000000 0 0 0 0 0 0 000000000000007a ffffffff f ffffffff 0 00
000000000000007a 304910b070000000 0 00 00000000 0 0 0 0 0 0 000000000000007b ffffffff f ffffffff 0 00
000000000000007b 7c15000000100001 0 00 00000000 0 0 0 0 0 0 000000000000007c ffffffff f ffffffff 0 00
000000000000007c 10000c040500f000 0 00 00000000 0 0 0 0 0 0 000000000000007d ffffffff f ffffffff 1 0c
000000000000007d 7c25000000000000 0 00 00000000 0 0 0 0 0 0 000000000000007e ffffffff f ffffffff 0 00
0000000000000080 7cb5000000e00000 0 00 00000000 0 0 0 0 0 0 000000000000007f 00000000 f 00000000 0 00
0000000000000080 7c95fffff7d00000 0 00 00000000 0 0 0 0 0 0 0000000000000081 ffffffff f ffffffff 0 00
0000000000000081 7cf5000000000000 0 00 00000000 0 0 0 0 0 0 0000000000000082 ffffffff f ffffffff 0 00
