0000000000000000 00131d0000000000 1 1d 00000000 0 0 0 0000000000000001
0000000000000001 0102001003000000 0 00 00000000 5 1 0 0000000000000002
0000000000000002 02150000030b0000 0 00 00000000 5 1 0 0000000000000003
0000000000000003 8506000000000000 0 00 00000000 5 1 0 0000000000000004
0000000000000004 8506000000000000 0 00 00000000 5 1 0 0000000000000005
0000000000000005 8506000000000000 0 00 00000000 5 1 0 0000000000000006
0000000000000006 0013140055555500 1 14 00555555 5 1 0 0000000000000007
0000000000000007 0092041200000000 1 04 ffffffff 5 1 0 0000000000000008
0000000000000008 8506000000000000 0 00 00000000 5 1 0 0000000000000009
0000000000000009 0013080027ba2d00 1 08 0027ba2d 5 1 0 000000000000000a
000000000000000a 0306000000001100 1 11 00000000 5 1 0 000000000000000b
000000000000000b 8506000000000000 0 00 00000000 5 1 0 000000000000000c
000000000000000c 00b30f0e00000600 1 0f 00000000 5 1 0 000000000000000d
000000000000000d 00130700ffffff00 1 07 ffffffff 5 1 0 000000000000000e
000000000000000e 0112000b04000000 0 00 00000000 0 0 0 000000000000000f
000000000000000f 02150000030b0000 0 00 00000000 0 0 0 0000000000000010
0000000000000010 8506000000000000 0 00 00000000 0 0 0 0000000000000011
0000000000000011 8506000000000000 0 00 00000000 0 0 0 0000000000000012
0000000000000012 8506000000000000 0 00 00000000 0 0 0 0000000000000013
0000000000000013 004213130a000000 1 13 00000000 0 0 0 0000000000000014
0000000000000014 0122001107000000 0 00 00000000 0 1 0 0000000000000015
0000000000000015 0215000003040000 0 00 00000000 0 1 1 0000000000000019
0000000000000019 00130900a9ffca00 1 09 ffa9ffca 0 1 0 000000000000001a
000000000000001a 00a3100300001e00 1 10 00000000 0 1 0 000000000000001b
000000000000001b 0063121400000900 1 12 aaaaaa00 0 1 0 000000000000001c
000000000000001c 0092030a00000000 1 03 ffffffff 0 1 0 000000000000001d
000000000000001d 00130a00b97baa00 1 0a ffb97baa 0 1 0 000000000000001e
000000000000001e 0306000000000400 1 04 00000000 0 1 0 000000000000001f
000000000000001f 00320d0613000000 1 0d 00000000 0 1 0 0000000000000020
0000000000000020 0306000000000e00 1 0e 00000000 0 1 0 0000000000000021
0000000000000021 00230e0c55eece00 1 0e 0055eece 0 1 0 0000000000000022
0000000000000022 0072070b06000000 1 07 00000000 0 1 0 0000000000000023
0000000000000023 002308135d607800 1 08 005d6078 0 1 0 0000000000000024
0000000000000024 00131000ef24c900 1 10 ffef24c9 0 1 0 0000000000000025
0000000000000025 008213070c000000 1 13 00000000 0 1 0 0000000000000026
0000000000000026 0092050900000000 1 05 00560035 0 1 0 0000000000000027
0000000000000027 00131e0000000300 1 1e 00000003 0 1 0 0000000000000028
0000000000000028 0023151500000100 1 15 00000001 0 1 0 0000000000000029
0000000000000029 00731e1e00000100 1 1e 00000002 0 1 0 000000000000002a
000000000000002a 0102001e1d000000 0 00 00000000 4 0 0 000000000000002b
000000000000002b 0215fffffc040000 0 00 00000000 4 0 1 0000000000000028
0000000000000028 0023151500000100 1 15 00000002 4 0 0 0000000000000029
0000000000000029 00731e1e00000100 1 1e 00000001 4 0 0 000000000000002a
000000000000002a 0102001e1d000000 0 00 00000000 4 0 0 000000000000002b
000000000000002b 0215fffffc040000 0 00 00000000 4 0 1 0000000000000028
0000000000000028 0023151500000100 1 15 00000003 4 0 0 0000000000000029
0000000000000029 00731e1e00000100 1 1e 00000000 4 0 0 000000000000002a
000000000000002a 0102001e1d000000 0 00 00000000 5 1 0 000000000000002b
000000000000002b 0215fffffc040000 0 00 00000000 5 1 0 000000000000002c
000000000000002c 7cf5000000000000 0 00 00000000 5 1 0 000000000000002d
DONE retired=50 fault=00 pc=000000000000002c
