0000000000000000 00131d0000000000 1 1d 00000000 0 0 0 0000000000000001
0000000000000001 0072120413000000 1 12 00000000 0 0 0 0000000000000002
0000000000000002 8506000000000000 0 00 00000000 0 0 0 0000000000000003
0000000000000003 00230712cd8dcf00 1 07 ffcd8dcf 0 0 0 0000000000000004
0000000000000004 0032090602000000 1 09 00000000 0 0 0 0000000000000005
0000000000000005 0112000c14000000 0 00 00000000 5 0 0 0000000000000006
0000000000000006 0215000002010000 0 00 00000000 5 0 0 0000000000000007
0000000000000007 8506000000000000 0 00 00000000 5 0 0 0000000000000008
0000000000000008 8506000000000000 0 00 00000000 5 0 0 0000000000000009
0000000000000009 0122000706000000 0 00 00000000 6 0 0 000000000000000a
000000000000000a 02150000020b0000 0 00 00000000 6 0 1 000000000000000d
000000000000000d 0122000a0b000000 0 00 00000000 5 0 0 000000000000000e
000000000000000e 0215000001040000 0 00 00000000 5 0 0 000000000000000f
000000000000000f 8506000000000000 0 00 00000000 5 0 0 0000000000000010
0000000000000010 0112000e07000000 0 00 00000000 0 0 0 0000000000000011
0000000000000011 0215000003030000 0 00 00000000 0 0 0 0000000000000012
0000000000000012 8506000000000000 0 00 00000000 0 0 0 0000000000000013
0000000000000013 8506000000000000 0 00 00000000 0 0 0 0000000000000014
0000000000000014 8506000000000000 0 00 00000000 0 0 0 0000000000000015
0000000000000015 00320d0301000000 1 0d 00000000 0 0 0 0000000000000016
0000000000000016 8506000000000000 0 00 00000000 0 0 0 0000000000000017
0000000000000017 00b3030300001d00 1 03 00000000 0 0 0 0000000000000018
0000000000000018 00b2130205000000 1 13 00000000 0 0 0 0000000000000019
0000000000000019 0306000000000600 1 06 00000000 0 0 0 000000000000001a
000000000000001a 0072020614000000 1 02 00000000 0 0 0 000000000000001b
000000000000001b 011200130e000000 0 00 00000000 5 0 0 000000000000001c
000000000000001c 02150000030d0000 0 00 00000000 5 0 0 000000000000001d
000000000000001d 8506000000000000 0 00 00000000 5 0 0 000000000000001e
000000000000001e 8506000000000000 0 00 00000000 5 0 0 000000000000001f
000000000000001f 8506000000000000 0 00 00000000 5 0 0 0000000000000020
0000000000000020 0013090000000000 1 09 00000000 5 0 0 0000000000000021
0000000000000021 00131e0000000100 1 1e 00000001 5 0 0 0000000000000022
0000000000000022 0023151500000100 1 15 00000001 5 0 0 0000000000000023
0000000000000023 00731e1e00000100 1 1e 00000000 5 0 0 0000000000000024
0000000000000024 0102001e1d000000 0 00 00000000 5 1 0 0000000000000025
0000000000000025 0215fffffc040000 0 00 00000000 5 1 0 0000000000000026
0000000000000026 7cf5000000000000 0 00 00000000 5 1 0 0000000000000027
DONE retired=37 fault=00 pc=0000000000000026
