0000000000000000 00131d0000000000 1 1d 00000000 0 0 0 0000000000000001
0000000000000001 0092030600000000 1 03 ffffffff 0 0 0 0000000000000002
0000000000000002 8506000000000000 0 00 00000000 0 0 0 0000000000000003
0000000000000003 00131400e64dd200 1 14 ffe64dd2 0 0 0 0000000000000004
0000000000000004 0062070f10000000 1 07 00000000 0 0 0 0000000000000005
0000000000000005 0013100000000000 1 10 00000000 0 0 0 0000000000000006
0000000000000006 8506000000000000 0 00 00000000 0 0 0 0000000000000007
0000000000000007 0013070097213100 1 07 ff972131 0 0 0 0000000000000008
0000000000000008 00720b100d000000 1 0b 00000000 0 0 0 0000000000000009
0000000000000009 00220b0c0f000000 1 0b 00000000 0 0 0 000000000000000a
000000000000000a 00720c0b07000000 1 0c 0068decf 0 0 0 000000000000000b
000000000000000b 00131000ffffff00 1 10 ffffffff 0 0 0 000000000000000c
000000000000000c 00a30e0300002100 1 0e 7fffffff 0 0 0 000000000000000d
000000000000000d 0022020703000000 1 02 ff972130 0 0 0 000000000000000e
000000000000000e 001301001639ad00 1 01 001639ad 0 0 0 000000000000000f
000000000000000f 00131e0000000300 1 1e 00000003 0 0 0 0000000000000010
0000000000000010 0023151500000100 1 15 00000001 0 0 0 0000000000000011
0000000000000011 00731e1e00000100 1 1e 00000002 0 0 0 0000000000000012
0000000000000012 0102001e1d000000 0 00 00000000 4 0 0 0000000000000013
0000000000000013 0215fffffc040000 0 00 00000000 4 0 1 0000000000000010
0000000000000010 0023151500000100 1 15 00000002 4 0 0 0000000000000011
0000000000000011 00731e1e00000100 1 1e 00000001 4 0 0 0000000000000012
0000000000000012 0102001e1d000000 0 00 00000000 4 0 0 0000000000000013
0000000000000013 0215fffffc040000 0 00 00000000 4 0 1 0000000000000010
0000000000000010 0023151500000100 1 15 00000003 4 0 0 0000000000000011
0000000000000011 00731e1e00000100 1 1e 00000000 4 0 0 0000000000000012
0000000000000012 0102001e1d000000 0 00 00000000 5 1 0 0000000000000013
0000000000000013 0215fffffc040000 0 00 00000000 5 1 0 0000000000000014
0000000000000014 7cf5000000000000 0 00 00000000 5 1 0 0000000000000015
DONE retired=29 fault=00 pc=0000000000000014
