0000000000000000 0013140000004d00 1 14 0000004d 0 0 0 0000000000000001 10000000 f 10000000 0 00 10000000
0000000000000001 343006000000f000 0 00 00000000 0 0 0 0000000000000002 10000000 f 10000000 1 06 10000000
0000000000000002 100106061c51f000 0 00 00000000 0 0 0 0000000000000003 10000000 f 10000000 1 06 10000000
0000000000000003 10610302003ff000 0 00 00000000 0 0 0 0000000000000004 10000000 f 10000000 1 03 10000000
0000000000000004 10610505000ff000 0 00 00000000 0 0 0 0000000000000005 10000000 f 10000000 1 05 10000000
0000000000000005 10710405003ff000 0 00 00000000 0 0 0 0000000000000006 10000000 f 10000000 1 04 10000000
0000000000000006 3400030600002000 0 00 00000000 0 0 0 0000000000000007 10000000 2 00000000 1 03 00000000
0000000000000007 10610205000ff000 0 00 00000000 0 0 0 0000000000000008 10000000 f 10000000 1 02 10000000
0000000000000008 343003000000f000 0 00 00000000 0 0 0 0000000000000009 10000000 f 10000000 1 03 10000000
0000000000000009 00131e0000000300 1 1e 00000003 0 0 0 000000000000000a 10000000 f 10000000 0 00 10000000
000000000000000a 0023171700000100 1 17 00000001 0 0 0 000000000000000b 10000000 f 10000000 0 00 10000000
000000000000000b 00731e1e00000100 1 1e 00000002 0 0 0 000000000000000c 10000000 f 10000000 0 00 10000000
000000000000000c 0013180000000000 1 18 00000000 0 0 0 000000000000000d 10000000 f 10000000 0 00 10000000
000000000000000d 0102001e18000000 0 00 00000000 4 0 0 000000000000000e 10000000 f 10000000 0 00 10000000
000000000000000e 0215fffffb040000 0 00 00000000 4 0 1 000000000000000a 10000000 f 10000000 0 00 10000000
000000000000000a 0023171700000100 1 17 00000002 4 0 0 000000000000000b 10000000 f 10000000 0 00 10000000
000000000000000b 00731e1e00000100 1 1e 00000001 4 0 0 000000000000000c 10000000 f 10000000 0 00 10000000
000000000000000c 0013180000000000 1 18 00000000 4 0 0 000000000000000d 10000000 f 10000000 0 00 10000000
000000000000000d 0102001e18000000 0 00 00000000 4 0 0 000000000000000e 10000000 f 10000000 0 00 10000000
000000000000000e 0215fffffb040000 0 00 00000000 4 0 1 000000000000000a 10000000 f 10000000 0 00 10000000
000000000000000a 0023171700000100 1 17 00000003 4 0 0 000000000000000b 10000000 f 10000000 0 00 10000000
000000000000000b 00731e1e00000100 1 1e 00000000 4 0 0 000000000000000c 10000000 f 10000000 0 00 10000000
000000000000000c 0013180000000000 1 18 00000000 4 0 0 000000000000000d 10000000 f 10000000 0 00 10000000
000000000000000d 0102001e18000000 0 00 00000000 5 1 0 000000000000000e 10000000 f 10000000 0 00 10000000
000000000000000e 0215fffffb040000 0 00 00000000 5 1 0 000000000000000f 10000000 f 10000000 0 00 10000000
000000000000000f 7cf5000000000000 0 00 00000000 5 1 0 0000000000000010 10000000 f 10000000 0 00 10000000
DONE retired=26 fault=00 pc=000000000000000f
