0000000000000000 00131d0000000000 1 1d 00000000 0 0 0 0000000000000001
0000000000000001 00130a001a2c3000 1 0a 001a2c30 0 0 0 0000000000000002
0000000000000002 0306000000000f00 1 0f 00000000 0 0 0 0000000000000003
0000000000000003 8506000000000000 0 00 00000000 0 0 0 0000000000000004
0000000000000004 0072041102000000 1 04 00000000 0 0 0 0000000000000005
0000000000000005 8506000000000000 0 00 00000000 0 0 0 0000000000000006
0000000000000006 00220e0311000000 1 0e 00000000 0 0 0 0000000000000007
0000000000000007 0082070404000000 1 07 00000000 0 0 0 0000000000000008
0000000000000008 0062091006000000 1 09 00000000 0 0 0 0000000000000009
0000000000000009 00130800ffffff00 1 08 ffffffff 0 0 0 000000000000000a
000000000000000a 0082060912000000 1 06 00000000 0 0 0 000000000000000b
000000000000000b 00220c0904000000 1 0c 00000000 0 0 0 000000000000000c
000000000000000c 0023050db937b400 1 05 ffb937b4 0 0 0 000000000000000d
000000000000000d 012200120e000000 0 00 00000000 5 0 0 000000000000000e
000000000000000e 02150000010d0000 0 00 00000000 5 0 0 000000000000000f
000000000000000f 8506000000000000 0 00 00000000 5 0 0 0000000000000010
0000000000000010 00b3100800000a00 1 10 ffffffff 5 0 0 0000000000000011
0000000000000011 0013130000000100 1 13 00000001 5 0 0 0000000000000012
0000000000000012 00720a1412000000 1 0a 00000000 5 0 0 0000000000000013
0000000000000013 012200070b000000 0 00 00000000 5 0 0 0000000000000014
0000000000000014 02150000030b0000 0 00 00000000 5 0 0 0000000000000015
0000000000000015 8506000000000000 0 00 00000000 5 0 0 0000000000000016
0000000000000016 8506000000000000 0 00 00000000 5 0 0 0000000000000017
0000000000000017 8506000000000000 0 00 00000000 5 0 0 0000000000000018
0000000000000018 0032040303000000 1 04 00000000 5 0 0 0000000000000019
0000000000000019 8506000000000000 0 00 00000000 5 0 0 000000000000001a
000000000000001a 0013060000000100 1 06 00000001 5 0 0 000000000000001b
000000000000001b 0306000000001000 1 10 00000000 5 0 0 000000000000001c
000000000000001c 0052030d07000000 1 03 00000000 5 0 0 000000000000001d
000000000000001d 00520a0f01000000 1 0a 00000000 5 0 0 000000000000001e
000000000000001e 00820d0c09000000 1 0d 00000000 5 0 0 000000000000001f
000000000000001f 0072040c14000000 1 04 00000000 5 0 0 0000000000000020
0000000000000020 8506000000000000 0 00 00000000 5 0 0 0000000000000021
0000000000000021 00130f0042e73f00 1 0f 0042e73f 5 0 0 0000000000000022
0000000000000022 8506000000000000 0 00 00000000 5 0 0 0000000000000023
0000000000000023 8506000000000000 0 00 00000000 5 0 0 0000000000000024
0000000000000024 00a3091100000200 1 09 00000000 5 0 0 0000000000000025
0000000000000025 00920f1000000000 1 0f ffffffff 5 0 0 0000000000000026
0000000000000026 00131400ffffff00 1 14 ffffffff 5 0 0 0000000000000027
0000000000000027 0072080e03000000 1 08 00000000 5 0 0 0000000000000028
0000000000000028 0063060b00000500 1 06 00000000 5 0 0 0000000000000029
0000000000000029 0102000f04000000 0 00 00000000 6 0 0 000000000000002a
000000000000002a 0215000001040000 0 00 00000000 6 0 1 000000000000002c
000000000000002c 00131e0000000300 1 1e 00000003 6 0 0 000000000000002d
000000000000002d 0023151500000100 1 15 00000001 6 0 0 000000000000002e
000000000000002e 00731e1e00000100 1 1e 00000002 6 0 0 000000000000002f
000000000000002f 0102001e1d000000 0 00 00000000 4 0 0 0000000000000030
0000000000000030 0215fffffc040000 0 00 00000000 4 0 1 000000000000002d
000000000000002d 0023151500000100 1 15 00000002 4 0 0 000000000000002e
000000000000002e 00731e1e00000100 1 1e 00000001 4 0 0 000000000000002f
000000000000002f 0102001e1d000000 0 00 00000000 4 0 0 0000000000000030
0000000000000030 0215fffffc040000 0 00 00000000 4 0 1 000000000000002d
000000000000002d 0023151500000100 1 15 00000003 4 0 0 000000000000002e
000000000000002e 00731e1e00000100 1 1e 00000000 4 0 0 000000000000002f
000000000000002f 0102001e1d000000 0 00 00000000 5 1 0 0000000000000030
0000000000000030 0215fffffc040000 0 00 00000000 5 1 0 0000000000000031
0000000000000031 7cf5000000000000 0 00 00000000 5 1 0 0000000000000032
DONE retired=57 fault=00 pc=0000000000000031
