0000000000000000 00131d0000000000 1 1d 00000000 0 0 0 0000000000000001
0000000000000001 0073030d00000000 1 03 00000000 0 0 0 0000000000000002
0000000000000002 0032080809000000 1 08 00000000 0 0 0 0000000000000003
0000000000000003 002314023a21a800 1 14 003a21a8 0 0 0 0000000000000004
0000000000000004 0073050fdea22000 1 05 00215de0 0 0 0 0000000000000005
0000000000000005 0072130d03000000 1 13 00000000 0 0 0 0000000000000006
0000000000000006 0042020104000000 1 02 00000000 0 0 0 0000000000000007
0000000000000007 8506000000000000 0 00 00000000 0 0 0 0000000000000008
0000000000000008 0072050705000000 1 05 ffdea220 0 0 0 0000000000000009
0000000000000009 00920a1300000000 1 0a ffffffff 0 0 0 000000000000000a
000000000000000a 0306000000000c00 1 0c 00000000 0 0 0 000000000000000b
000000000000000b 00b30d0300001200 1 0d 00000000 0 0 0 000000000000000c
000000000000000c 0013080026c8c900 1 08 0026c8c9 0 0 0 000000000000000d
000000000000000d 00230b0e980a6200 1 0b ff980a62 0 0 0 000000000000000e
000000000000000e 0013020000000100 1 02 00000001 0 0 0 000000000000000f
000000000000000f 0102001302000000 0 00 00000000 2 0 0 0000000000000010
0000000000000010 02150000010b0000 0 00 00000000 2 0 1 0000000000000012
0000000000000012 8506000000000000 0 00 00000000 2 0 0 0000000000000013
0000000000000013 0022050704000000 1 05 00000000 2 0 0 0000000000000014
0000000000000014 8506000000000000 0 00 00000000 2 0 0 0000000000000015
0000000000000015 00131100ffffff00 1 11 ffffffff 2 0 0 0000000000000016
0000000000000016 8506000000000000 0 00 00000000 2 0 0 0000000000000017
0000000000000017 8506000000000000 0 00 00000000 2 0 0 0000000000000018
0000000000000018 0022140b01000000 1 14 ff980a62 2 0 0 0000000000000019
0000000000000019 0042060d14000000 1 06 00000000 2 0 0 000000000000001a
000000000000001a 8506000000000000 0 00 00000000 2 0 0 000000000000001b
000000000000001b 0092020400000000 1 02 ffffffff 2 0 0 000000000000001c
000000000000001c 8506000000000000 0 00 00000000 2 0 0 000000000000001d
000000000000001d 006203010c000000 1 03 00000000 2 0 0 000000000000001e
000000000000001e 00130600491aaf00 1 06 00491aaf 2 0 0 000000000000001f
000000000000001f 0022060601000000 1 06 00491aaf 2 0 0 0000000000000020
0000000000000020 00b3120a00001900 1 12 ffffffff 2 0 0 0000000000000021
0000000000000021 00130700fbdf3f00 1 07 fffbdf3f 2 0 0 0000000000000022
0000000000000022 0022070204000000 1 07 ffffffff 2 0 0 0000000000000023
0000000000000023 0032080502000000 1 08 00000000 2 0 0 0000000000000024
0000000000000024 8506000000000000 0 00 00000000 2 0 0 0000000000000025
0000000000000025 8506000000000000 0 00 00000000 2 0 0 0000000000000026
0000000000000026 0102000209000000 0 00 00000000 6 0 0 0000000000000027
0000000000000027 02150000030c0000 0 00 00000000 6 0 0 0000000000000028
0000000000000028 8506000000000000 0 00 00000000 6 0 0 0000000000000029
0000000000000029 8506000000000000 0 00 00000000 6 0 0 000000000000002a
000000000000002a 8506000000000000 0 00 00000000 6 0 0 000000000000002b
000000000000002b 8506000000000000 0 00 00000000 6 0 0 000000000000002c
000000000000002c 00130100720d4400 1 01 00720d44 6 0 0 000000000000002d
000000000000002d 00130c00e87f4900 1 0c ffe87f49 6 0 0 000000000000002e
000000000000002e 0092140d00000000 1 14 ffffffff 6 0 0 000000000000002f
000000000000002f 00131e0000000400 1 1e 00000004 6 0 0 0000000000000030
0000000000000030 0023151500000100 1 15 00000001 6 0 0 0000000000000031
0000000000000031 00731e1e00000100 1 1e 00000003 6 0 0 0000000000000032
0000000000000032 0102001e1d000000 0 00 00000000 4 0 0 0000000000000033
0000000000000033 0215fffffc040000 0 00 00000000 4 0 1 0000000000000030
0000000000000030 0023151500000100 1 15 00000002 4 0 0 0000000000000031
0000000000000031 00731e1e00000100 1 1e 00000002 4 0 0 0000000000000032
0000000000000032 0102001e1d000000 0 00 00000000 4 0 0 0000000000000033
0000000000000033 0215fffffc040000 0 00 00000000 4 0 1 0000000000000030
0000000000000030 0023151500000100 1 15 00000003 4 0 0 0000000000000031
0000000000000031 00731e1e00000100 1 1e 00000001 4 0 0 0000000000000032
0000000000000032 0102001e1d000000 0 00 00000000 4 0 0 0000000000000033
0000000000000033 0215fffffc040000 0 00 00000000 4 0 1 0000000000000030
0000000000000030 0023151500000100 1 15 00000004 4 0 0 0000000000000031
0000000000000031 00731e1e00000100 1 1e 00000000 4 0 0 0000000000000032
0000000000000032 0102001e1d000000 0 00 00000000 5 1 0 0000000000000033
0000000000000033 0215fffffc040000 0 00 00000000 5 1 0 0000000000000034
0000000000000034 7cf5000000000000 0 00 00000000 5 1 0 0000000000000035
DONE retired=64 fault=00 pc=0000000000000034
