0000000000000000 0013140000004d00 1 14 0000004d 0 0 0 0000000000000001 66660879 f 66660879 0 00 66660879
0000000000000001 00131500ffffff00 1 15 ffffffff 0 0 0 0000000000000002 66660879 f 66660879 0 00 66660879
0000000000000002 342003150000f000 0 00 00000000 0 0 0 0000000000000003 66660879 f 66660879 1 03 66660879
0000000000000003 100104047ffff000 0 00 00000000 0 0 0 0000000000000004 66660879 f 66660879 1 04 66660879
0000000000000004 10110302909bf000 0 00 00000000 0 0 0 0000000000000005 66660879 f 66660879 1 03 66660879
0000000000000005 0013160000000000 1 16 00000000 0 0 0 0000000000000006 66660879 f 66660879 0 00 66660879
0000000000000006 342004160000f000 0 00 00000000 0 0 0 0000000000000007 66660879 f 66660879 1 04 66660879
0000000000000007 108104040001f000 0 00 00000000 0 0 0 0000000000000008 66660879 f 66660879 1 04 66660879
0000000000000008 340003040000f000 0 00 00000000 0 0 0 0000000000000009 66660879 f 66660879 1 03 66660879
0000000000000009 105005060300f000 0 00 00000000 0 0 0 000000000000000a 66660879 f 66660879 1 05 66660879
000000000000000a 00131500ffffff00 1 15 ffffffff 0 0 0 000000000000000b 66660879 f 66660879 0 00 66660879
000000000000000b 342005150000f000 0 00 00000000 0 0 0 000000000000000c 66660879 f 66660879 1 05 66660879
000000000000000c 340004040000f000 0 00 00000000 0 0 0 000000000000000d 66660879 f 66660879 1 04 66660879
000000000000000d 3400030400004000 0 00 00000000 0 0 0 000000000000000e 66660879 4 00260850 1 03 00260850
000000000000000e 340002040000b000 0 00 00000000 0 0 0 000000000000000f 66660879 b 24000008 1 02 24000008
000000000000000f 103104040001f000 0 00 00000000 0 0 0 0000000000000010 66660879 f 66660879 1 04 66660879
0000000000000010 101006060400f000 0 00 00000000 0 0 0 0000000000000011 66660879 f 66660879 1 06 66660879
0000000000000011 101003020400f000 0 00 00000000 0 0 0 0000000000000012 66660879 f 66660879 1 03 66660879
0000000000000012 3411040033f0f000 0 00 00000000 0 0 0 0000000000000013 66660879 f 66660879 1 04 66660879
0000000000000013 00131e0000000200 1 1e 00000002 0 0 0 0000000000000014 66660879 f 66660879 0 00 66660879
0000000000000014 0023171700000100 1 17 00000001 0 0 0 0000000000000015 66660879 f 66660879 0 00 66660879
0000000000000015 00731e1e00000100 1 1e 00000001 0 0 0 0000000000000016 66660879 f 66660879 0 00 66660879
0000000000000016 0013180000000000 1 18 00000000 0 0 0 0000000000000017 66660879 f 66660879 0 00 66660879
0000000000000017 0102001e18000000 0 00 00000000 4 0 0 0000000000000018 66660879 f 66660879 0 00 66660879
0000000000000018 0215fffffb040000 0 00 00000000 4 0 1 0000000000000014 66660879 f 66660879 0 00 66660879
0000000000000014 0023171700000100 1 17 00000002 4 0 0 0000000000000015 66660879 f 66660879 0 00 66660879
0000000000000015 00731e1e00000100 1 1e 00000000 4 0 0 0000000000000016 66660879 f 66660879 0 00 66660879
0000000000000016 0013180000000000 1 18 00000000 4 0 0 0000000000000017 66660879 f 66660879 0 00 66660879
0000000000000017 0102001e18000000 0 00 00000000 5 1 0 0000000000000018 66660879 f 66660879 0 00 66660879
0000000000000018 0215fffffb040000 0 00 00000000 5 1 0 0000000000000019 66660879 f 66660879 0 00 66660879
0000000000000019 7cf5000000000000 0 00 00000000 5 1 0 000000000000001a 66660879 f 66660879 0 00 66660879
DONE retired=31 fault=00 pc=0000000000000019
