0000000000000000 00131d0000000000 1 1d 00000000 0 0 0 0000000000000001
0000000000000001 00130800c5a37f00 1 08 ffc5a37f 0 0 0 0000000000000002
0000000000000002 0072121208000000 1 12 003a5c81 0 0 0 0000000000000003
0000000000000003 0122000c08000000 0 00 00000000 0 1 0 0000000000000004
0000000000000004 02150000030e0000 0 00 00000000 0 1 0 0000000000000005
0000000000000005 8506000000000000 0 00 00000000 0 1 0 0000000000000006
0000000000000006 8506000000000000 0 00 00000000 0 1 0 0000000000000007
0000000000000007 8506000000000000 0 00 00000000 0 1 0 0000000000000008
0000000000000008 00230b040a1b0700 1 0b 000a1b07 0 1 0 0000000000000009
0000000000000009 0122001304000000 0 00 00000000 5 0 0 000000000000000a
000000000000000a 0215000001010000 0 00 00000000 5 0 0 000000000000000b
000000000000000b 8506000000000000 0 00 00000000 5 0 0 000000000000000c
000000000000000c 8506000000000000 0 00 00000000 5 0 0 000000000000000d
000000000000000d 8506000000000000 0 00 00000000 5 0 0 000000000000000e
000000000000000e 0023120d57138f00 1 12 0057138f 5 0 0 000000000000000f
000000000000000f 00a2050c02000000 1 05 00000000 5 0 0 0000000000000010
0000000000000010 00130e00aaaaaa00 1 0e ffaaaaaa 5 0 0 0000000000000011
0000000000000011 00130a0086af2800 1 0a ff86af28 5 0 0 0000000000000012
0000000000000012 00730e134d2af200 1 0e ffb2d50e 5 0 0 0000000000000013
0000000000000013 0102000e07000000 0 00 00000000 6 0 0 0000000000000014
0000000000000014 0215000003010000 0 00 00000000 6 0 0 0000000000000015
0000000000000015 8506000000000000 0 00 00000000 6 0 0 0000000000000016
0000000000000016 8506000000000000 0 00 00000000 6 0 0 0000000000000017
0000000000000017 8506000000000000 0 00 00000000 6 0 0 0000000000000018
0000000000000018 00520f0613000000 1 0f 00000000 6 0 0 0000000000000019
0000000000000019 00b214040b000000 1 14 00000000 6 0 0 000000000000001a
000000000000001a 00130700aaaaaa00 1 07 ffaaaaaa 6 0 0 000000000000001b
000000000000001b 0112000404000000 0 00 00000000 5 0 0 000000000000001c
000000000000001c 02150000010d0000 0 00 00000000 5 0 0 000000000000001d
000000000000001d 8506000000000000 0 00 00000000 5 0 0 000000000000001e
000000000000001e 8506000000000000 0 00 00000000 5 0 0 000000000000001f
000000000000001f 0112000706000000 0 00 00000000 6 1 0 0000000000000020
0000000000000020 02150000020d0000 0 00 00000000 6 1 0 0000000000000021
0000000000000021 8506000000000000 0 00 00000000 6 1 0 0000000000000022
0000000000000022 8506000000000000 0 00 00000000 6 1 0 0000000000000023
0000000000000023 8506000000000000 0 00 00000000 6 1 0 0000000000000024
0000000000000024 00520f0412000000 1 0f 0057138f 6 1 0 0000000000000025
0000000000000025 0122000404000000 0 00 00000000 5 0 0 0000000000000026
0000000000000026 0215000002020000 0 00 00000000 5 0 1 0000000000000029
0000000000000029 8506000000000000 0 00 00000000 5 0 0 000000000000002a
000000000000002a 0092050600000000 1 05 ffffffff 5 0 0 000000000000002b
000000000000002b 00a3080b00001800 1 08 00000000 5 0 0 000000000000002c
000000000000002c 00320d1206000000 1 0d 00000000 5 0 0 000000000000002d
000000000000002d 0062050210000000 1 05 00000000 5 0 0 000000000000002e
000000000000002e 8506000000000000 0 00 00000000 5 0 0 000000000000002f
000000000000002f 001310007c088700 1 10 007c0887 5 0 0 0000000000000030
0000000000000030 00230306cbe10200 1 03 ffcbe102 5 0 0 0000000000000031
0000000000000031 8506000000000000 0 00 00000000 5 0 0 0000000000000032
0000000000000032 8506000000000000 0 00 00000000 5 0 0 0000000000000033
0000000000000033 00131e0000000400 1 1e 00000004 5 0 0 0000000000000034
0000000000000034 0023151500000100 1 15 00000001 5 0 0 0000000000000035
0000000000000035 00731e1e00000100 1 1e 00000003 5 0 0 0000000000000036
0000000000000036 0102001e1d000000 0 00 00000000 4 0 0 0000000000000037
0000000000000037 0215fffffc040000 0 00 00000000 4 0 1 0000000000000034
0000000000000034 0023151500000100 1 15 00000002 4 0 0 0000000000000035
0000000000000035 00731e1e00000100 1 1e 00000002 4 0 0 0000000000000036
0000000000000036 0102001e1d000000 0 00 00000000 4 0 0 0000000000000037
0000000000000037 0215fffffc040000 0 00 00000000 4 0 1 0000000000000034
0000000000000034 0023151500000100 1 15 00000003 4 0 0 0000000000000035
0000000000000035 00731e1e00000100 1 1e 00000001 4 0 0 0000000000000036
0000000000000036 0102001e1d000000 0 00 00000000 4 0 0 0000000000000037
0000000000000037 0215fffffc040000 0 00 00000000 4 0 1 0000000000000034
0000000000000034 0023151500000100 1 15 00000004 4 0 0 0000000000000035
0000000000000035 00731e1e00000100 1 1e 00000000 4 0 0 0000000000000036
0000000000000036 0102001e1d000000 0 00 00000000 5 1 0 0000000000000037
0000000000000037 0215fffffc040000 0 00 00000000 5 1 0 0000000000000038
0000000000000038 7cf5000000000000 0 00 00000000 5 1 0 0000000000000039
DONE retired=67 fault=00 pc=0000000000000038
