0000000000000000 343001000000f000 0 00 00000000 0 0 0 0 0 0 0000000000000001 ffffffff f ffffffff 1 01
0000000000000001 341107000001f000 0 00 00000000 0 0 0 0 0 0 0000000000000002 ffffffff f ffffffff 1 07
0000000000000002 34110c000003f000 0 00 00000000 0 0 0 0 0 0 0000000000000003 ffffffff f ffffffff 1 0c
0000000000000003 34110d000000f000 0 00 00000000 0 0 0 0 0 0 0000000000000004 ffffffff f ffffffff 1 0d
0000000000000004 10300c010d00f000 0 00 00000000 0 0 0 0 0 0 0000000000000005 ffffffff f ffffffff 1 0c
0000000000000005 10000c0c0700f000 0 00 00000000 0 0 0 0 0 0 0000000000000006 ffffffff f ffffffff 1 0c
0000000000000006 34110a000000f000 0 00 00000000 0 0 0 0 0 0 0000000000000007 ffffffff f ffffffff 1 0a
0000000000000007 7c85000008000000 0 00 00000000 0 0 0 0 0 0 0000000000000008 ffffffff f ffffffff 0 00
0000000000000008 3059e0a0c0000000 0 00 00000000 0 0 0 0 0 0 0000000000000009 ffffffff f ffffffff 0 00
0000000000000009 3029d0a0c0000000 0 00 00000000 0 0 0 0 0 0 000000000000000a ffffffff f ffffffff 0 00
000000000000000a 304990a070000000 0 00 00000000 0 0 0 0 0 0 000000000000000b ffffffff f ffffffff 0 00
000000000000000b 7c15000000900001 0 00 00000000 0 0 0 0 0 0 000000000000000c ffffffff f ffffffff 0 00
000000000000000c 101004070100f000 0 00 00000000 0 0 0 0 0 0 000000000000000d ffffffff f ffffffff 1 04
000000000000000d 7c25000000000000 0 00 00000000 0 0 0 0 0 0 000000000000000e ffffffff f ffffffff 0 00
000000000000000e 7cb5000000e00000 0 00 00000000 0 0 0 0 0 0 000000000000000f ffffffff f ffffffff 0 00
000000000000000f 10000a0a0700f000 0 00 00000000 0 0 0 0 0 0 0000000000000010 ffffffff f ffffffff 1 0a
0000000000000010 7c95fffff7d00000 0 00 00000000 0 0 0 0 0 0 0000000000000008 ffffffff f ffffffff 0 00
0000000000000008 3059e0a0c0000000 0 00 00000000 0 0 0 0 0 0 0000000000000009 ffffffff f ffffffff 0 00
0000000000000009 3029d0a0c0000000 0 00 00000000 0 0 0 0 0 0 000000000000000a ffffffff f ffffffff 0 00
000000000000000a 304990a070000000 0 00 00000000 0 0 0 0 0 0 000000000000000b ffffffff f ffffffff 0 00
000000000000000b 7c15000000900001 0 00 00000000 0 0 0 0 0 0 000000000000000c ffffffff f ffffffff 0 00
000000000000000c 101004070100f000 0 00 00000000 0 0 0 0 0 0 000000000000000d ffffffff f ffffffff 1 04
000000000000000d 7c25000000000000 0 00 00000000 0 0 0 0 0 0 000000000000000e ffffffff f ffffffff 0 00
0000000000000010 7cb5000000e00000 0 00 00000000 0 0 0 0 0 0 000000000000000f 00000000 f 00000000 0 00
0000000000000010 7c95fffff7d00000 0 00 00000000 0 0 0 0 0 0 0000000000000011 ffffffff f ffffffff 0 00
0000000000000011 302960b070000000 0 00 00000000 0 0 0 0 0 0 0000000000000012 ffffffff f ffffffff 0 00
0000000000000012 7c1500001160002c 0 00 00000000 0 0 0 0 0 0 0000000000000013 ffffffff f ffffffff 0 00
0000000000000013 3039001070000000 0 00 00000000 0 0 0 0 0 0 0000000000000014 ffffffff f ffffffff 0 00
0000000000000014 7c1500000200000d 0 00 00000000 0 0 0 0 0 0 0000000000000015 00000003 f 00000003 0 00
0000000000000015 11100c010700f000 0 00 00000000 0 0 0 0 0 0 0000000000000016 00000003 f 00000003 1 0c
0000000000000016 020500000b000000 0 00 00000000 0 0 0 0 0 1 0000000000000022 00000003 f 00000003 0 00
0000000000000022 7c25000000000000 0 00 00000000 0 0 0 0 0 0 0000000000000017 fffffffc f fffffffc 0 00
0000000000000017 0023060600000200 1 06 00000002 0 0 0 0 0 0 0000000000000018 fffffffc f fffffffc 0 00
0000000000000018 34110d000003f000 0 00 00000000 0 0 0 0 0 0 0000000000000019 fffffffc f fffffffc 1 0d
0000000000000019 10300c010d00f000 0 00 00000000 0 0 0 0 0 0 000000000000001a fffffffc f fffffffc 1 0c
000000000000001a 10000c0c0700f000 0 00 00000000 0 0 0 0 0 0 000000000000001b fffffffc f fffffffc 1 0c
000000000000001b 34110a000000f000 0 00 00000000 0 0 0 0 0 0 000000000000001c fffffffc f fffffffc 1 0a
000000000000001c 7c85000004000000 0 00 00000000 0 0 0 0 0 0 000000000000001d fffffffc f fffffffc 0 00
000000000000001d 3059e0a0c0000000 0 00 00000000 0 0 0 0 0 0 000000000000001e fffffffc f fffffffc 0 00
000000000000001e 3029d0a0c0000000 0 00 00000000 0 0 0 0 0 0 000000000000001f fffffffc f fffffffc 0 00
000000000000001f 101004070300f000 0 00 00000000 0 0 0 0 0 0 0000000000000020 fffffffc f fffffffc 1 04
0000000000000020 10000a0a0700f000 0 00 00000000 0 0 0 0 0 0 0000000000000021 fffffffc f fffffffc 1 0a
0000000000000021 7c95fffffbd00000 0 00 00000000 0 0 0 0 0 0 000000000000001d fffffffc f fffffffc 0 00
000000000000001d 3059e0a0c0000000 0 00 00000000 0 0 0 0 0 0 000000000000001e fffffffc f fffffffc 0 00
000000000000001e 3029d0a0c0000000 0 00 00000000 0 0 0 0 0 0 000000000000001f fffffffc f fffffffc 0 00
000000000000001f 101004070300f000 0 00 00000000 0 0 0 0 0 0 0000000000000020 fffffffc f fffffffc 1 04
0000000000000020 10000a0a0700f000 0 00 00000000 0 0 0 0 0 0 0000000000000021 fffffffc f fffffffc 1 0a
0000000000000021 7c95fffffbd00000 0 00 00000000 0 0 0 0 0 0 000000000000001d eeeeeeec f eeeeeeec 0 00
000000000000001d 3059e0a0c0000000 0 00 00000000 0 0 0 0 0 0 000000000000001e eeeeeeec f eeeeeeec 0 00
000000000000001e 3029d0a0c0000000 0 00 00000000 0 0 0 0 0 0 000000000000001f eeeeeeec f eeeeeeec 0 00
000000000000001f 101004070300f000 0 00 00000000 0 0 0 0 0 0 0000000000000020 eeeeeeec f eeeeeeec 1 04
0000000000000020 10000a0a0700f000 0 00 00000000 0 0 0 0 0 0 0000000000000021 eeeeeeec f eeeeeeec 1 0a
0000000000000021 7c95fffffbd00000 0 00 00000000 0 0 0 0 0 0 000000000000001d cccccccc f cccccccc 0 00
000000000000001d 3059e0a0c0000000 0 00 00000000 0 0 0 0 0 0 000000000000001e cccccccc f cccccccc 0 00
000000000000001e 3029d0a0c0000000 0 00 00000000 0 0 0 0 0 0 000000000000001f cccccccc f cccccccc 0 00
000000000000001f 101004070300f000 0 00 00000000 0 0 0 0 0 0 0000000000000020 cccccccc f cccccccc 1 04
0000000000000020 10000a0a0700f000 0 00 00000000 0 0 0 0 0 0 0000000000000021 cccccccc f cccccccc 1 0a
0000000000000021 7c95fffffbd00000 0 00 00000000 0 0 0 0 0 0 000000000000001d 88888888 f 88888888 0 00
000000000000001d 3059e0a0c0000000 0 00 00000000 0 0 0 0 0 0 000000000000001e 88888888 f 88888888 0 00
000000000000001e 3029d0a0c0000000 0 00 00000000 0 0 0 0 0 0 000000000000001f 88888888 f 88888888 0 00
000000000000001f 101004070300f000 0 00 00000000 0 0 0 0 0 0 0000000000000020 88888888 f 88888888 1 04
0000000000000020 10000a0a0700f000 0 00 00000000 0 0 0 0 0 0 0000000000000021 88888888 f 88888888 1 0a
0000000000000021 7c95fffffbd00000 0 00 00000000 0 0 0 0 0 0 0000000000000022 fffffffc f fffffffc 0 00
0000000000000022 7c25000000000000 0 00 00000000 0 0 0 0 0 0 0000000000000023 ffffffff f ffffffff 0 00
0000000000000023 020500001b000000 0 00 00000000 0 0 0 0 0 1 000000000000003f ffffffff f ffffffff 0 00
000000000000003f 7c25000000000000 0 00 00000000 0 0 0 0 0 0 0000000000000040 ffffffff f ffffffff 0 00
0000000000000040 34110d000003f000 0 00 00000000 0 0 0 0 0 0 0000000000000041 ffffffff f ffffffff 1 0d
0000000000000041 10300c010d00f000 0 00 00000000 0 0 0 0 0 0 0000000000000042 ffffffff f ffffffff 1 0c
0000000000000042 10000c0c0700f000 0 00 00000000 0 0 0 0 0 0 0000000000000043 ffffffff f ffffffff 1 0c
0000000000000043 34110a000000f000 0 00 00000000 0 0 0 0 0 0 0000000000000044 ffffffff f ffffffff 1 0a
0000000000000044 7c85000007000000 0 00 00000000 0 0 0 0 0 0 0000000000000045 ffffffff f ffffffff 0 00
0000000000000045 3059e0a0c0000000 0 00 00000000 0 0 0 0 0 0 0000000000000046 ffffffff f ffffffff 0 00
0000000000000046 3029d0a0c0000000 0 00 00000000 0 0 0 0 0 0 0000000000000047 ffffffff f ffffffff 0 00
0000000000000047 302980b070000000 0 00 00000000 0 0 0 0 0 0 0000000000000048 ffffffff f ffffffff 0 00
0000000000000048 7c15000000800001 0 00 00000000 0 0 0 0 0 0 0000000000000049 ffffffff f ffffffff 0 00
0000000000000049 101005050100f000 0 00 00000000 0 0 0 0 0 0 000000000000004a ffffffff f ffffffff 1 05
000000000000004a 7c25000000000000 0 00 00000000 0 0 0 0 0 0 000000000000004b ffffffff f ffffffff 0 00
000000000000004b 10000a0a0700f000 0 00 00000000 0 0 0 0 0 0 000000000000004c ffffffff f ffffffff 1 0a
000000000000004c 7c95fffff8d00000 0 00 00000000 0 0 0 0 0 0 0000000000000045 ffffffff f ffffffff 0 00
0000000000000045 3059e0a0c0000000 0 00 00000000 0 0 0 0 0 0 0000000000000046 ffffffff f ffffffff 0 00
0000000000000046 3029d0a0c0000000 0 00 00000000 0 0 0 0 0 0 0000000000000047 ffffffff f ffffffff 0 00
0000000000000047 302980b070000000 0 00 00000000 0 0 0 0 0 0 0000000000000048 ffffffff f ffffffff 0 00
0000000000000048 7c15000000800001 0 00 00000000 0 0 0 0 0 0 0000000000000049 ffffffff f ffffffff 0 00
0000000000000049 101005050100f000 0 00 00000000 0 0 0 0 0 0 000000000000004a ffffffff f ffffffff 1 05
000000000000004a 7c25000000000000 0 00 00000000 0 0 0 0 0 0 000000000000004b ffffffff f ffffffff 0 00
000000000000004b 10000a0a0700f000 0 00 00000000 0 0 0 0 0 0 000000000000004c ffffffff f ffffffff 1 0a
000000000000004c 7c95fffff8d00000 0 00 00000000 0 0 0 0 0 0 0000000000000045 eeeeeeee f eeeeeeee 0 00
0000000000000045 3059e0a0c0000000 0 00 00000000 0 0 0 0 0 0 0000000000000046 eeeeeeee f eeeeeeee 0 00
0000000000000046 3029d0a0c0000000 0 00 00000000 0 0 0 0 0 0 0000000000000047 eeeeeeee f eeeeeeee 0 00
0000000000000047 302980b070000000 0 00 00000000 0 0 0 0 0 0 0000000000000048 eeeeeeee f eeeeeeee 0 00
0000000000000048 7c15000000800001 0 00 00000000 0 0 0 0 0 0 0000000000000049 eeeeeeee f eeeeeeee 0 00
0000000000000049 101005050100f000 0 00 00000000 0 0 0 0 0 0 000000000000004a eeeeeeee f eeeeeeee 1 05
000000000000004a 7c25000000000000 0 00 00000000 0 0 0 0 0 0 000000000000004b eeeeeeee f eeeeeeee 0 00
000000000000004b 10000a0a0700f000 0 00 00000000 0 0 0 0 0 0 000000000000004c eeeeeeee f eeeeeeee 1 0a
000000000000004c 7c95fffff8d00000 0 00 00000000 0 0 0 0 0 0 0000000000000045 cccccccc f cccccccc 0 00
0000000000000045 3059e0a0c0000000 0 00 00000000 0 0 0 0 0 0 0000000000000046 cccccccc f cccccccc 0 00
0000000000000046 3029d0a0c0000000 0 00 00000000 0 0 0 0 0 0 0000000000000047 cccccccc f cccccccc 0 00
0000000000000047 302980b070000000 0 00 00000000 0 0 0 0 0 0 0000000000000048 cccccccc f cccccccc 0 00
0000000000000048 7c15000000800001 0 00 00000000 0 0 0 0 0 0 0000000000000049 cccccccc f cccccccc 0 00
0000000000000049 101005050100f000 0 00 00000000 0 0 0 0 0 0 000000000000004a cccccccc f cccccccc 1 05
000000000000004a 7c25000000000000 0 00 00000000 0 0 0 0 0 0 000000000000004b cccccccc f cccccccc 0 00
000000000000004b 10000a0a0700f000 0 00 00000000 0 0 0 0 0 0 000000000000004c cccccccc f cccccccc 1 0a
000000000000004c 7c95fffff8d00000 0 00 00000000 0 0 0 0 0 0 0000000000000045 88888888 f 88888888 0 00
0000000000000045 3059e0a0c0000000 0 00 00000000 0 0 0 0 0 0 0000000000000046 88888888 f 88888888 0 00
0000000000000046 3029d0a0c0000000 0 00 00000000 0 0 0 0 0 0 0000000000000047 88888888 f 88888888 0 00
0000000000000047 302980b070000000 0 00 00000000 0 0 0 0 0 0 0000000000000048 88888888 f 88888888 0 00
0000000000000048 7c15000000800001 0 00 00000000 0 0 0 0 0 0 0000000000000049 88888888 f 88888888 0 00
0000000000000049 101005050100f000 0 00 00000000 0 0 0 0 0 0 000000000000004a 88888888 f 88888888 1 05
000000000000004a 7c25000000000000 0 00 00000000 0 0 0 0 0 0 000000000000004b 88888888 f 88888888 0 00
000000000000004b 10000a0a0700f000 0 00 00000000 0 0 0 0 0 0 000000000000004c 88888888 f 88888888 1 0a
000000000000004c 7c95fffff8d00000 0 00 00000000 0 0 0 0 0 0 000000000000004d ffffffff f ffffffff 0 00
000000000000004d 7cf5000000000000 0 00 00000000 0 0 0 0 0 0 000000000000004e ffffffff f ffffffff 0 00
