0000000000000000 343001000000f000 0 00 00000000 0 0 0 0 0 0 0000000000000001 ffffffff f ffffffff 1 01
0000000000000001 341107000001f000 0 00 00000000 0 0 0 0 0 0 0000000000000002 ffffffff f ffffffff 1 07
0000000000000002 34110c000003f000 0 00 00000000 0 0 0 0 0 0 0000000000000003 ffffffff f ffffffff 1 0c
0000000000000003 303960a070000000 0 00 00000000 0 0 0 0 0 0 0000000000000004 ffffffff f ffffffff 0 00
0000000000000004 7c15000112600120 0 00 00000000 0 0 0 0 0 0 0000000000000005 ffffffff f ffffffff 0 00
0000000000000005 305940a070000000 0 00 00000000 0 0 0 0 0 0 0000000000000006 ffffffff f ffffffff 0 00
0000000000000006 7c1500004c40006d 0 00 00000000 0 0 0 0 0 0 0000000000000053 ffffffff f ffffffff 0 00
0000000000000053 34110d000000f000 0 00 00000000 0 0 0 0 0 0 0000000000000054 ffffffff f ffffffff 1 0d
0000000000000054 10300c010d00f000 0 00 00000000 0 0 0 0 0 0 0000000000000055 ffffffff f ffffffff 1 0c
0000000000000055 10000c0c0700f000 0 00 00000000 0 0 0 0 0 0 0000000000000056 ffffffff f ffffffff 1 0c
0000000000000056 34110a000000f000 0 00 00000000 0 0 0 0 0 0 0000000000000057 ffffffff f ffffffff 1 0a
0000000000000057 7c85000007000000 0 00 00000000 0 0 0 0 0 0 0000000000000058 ffffffff f ffffffff 0 00
0000000000000058 3059e0a0c0000000 0 00 00000000 0 0 0 0 0 0 0000000000000059 ffffffff f ffffffff 0 00
0000000000000059 3029d0a0c0000000 0 00 00000000 0 0 0 0 0 0 000000000000005a ffffffff f ffffffff 0 00
000000000000005a 3029601070000000 0 00 00000000 0 0 0 0 0 0 000000000000005b ffffffff f ffffffff 0 00
000000000000005b 7c15000000600001 0 00 00000000 0 0 0 0 0 0 000000000000005c 00000001 f 00000001 0 00
000000000000005c 0023060600000300 1 06 00000003 0 0 0 0 0 0 000000000000005d 00000001 f 00000001 0 00
000000000000005d 7c25000000000000 0 00 00000000 0 0 0 0 0 0 000000000000005c fffffffe f fffffffe 0 00
000000000000005c 0023060600000300 1 06 00000006 0 0 0 0 0 0 000000000000005d fffffffe f fffffffe 0 00
000000000000005d 7c25000000000000 0 00 00000000 0 0 0 0 0 0 000000000000005e ffffffff f ffffffff 0 00
000000000000005e 10000a0a0700f000 0 00 00000000 0 0 0 0 0 0 000000000000005f ffffffff f ffffffff 1 0a
000000000000005f 7c95fffff8d00000 0 00 00000000 0 0 0 0 0 0 0000000000000058 ffffffff f ffffffff 0 00
0000000000000058 3059e0a0c0000000 0 00 00000000 0 0 0 0 0 0 0000000000000059 ffffffff f ffffffff 0 00
0000000000000059 3029d0a0c0000000 0 00 00000000 0 0 0 0 0 0 000000000000005a ffffffff f ffffffff 0 00
000000000000005a 3029601070000000 0 00 00000000 0 0 0 0 0 0 000000000000005b ffffffff f ffffffff 0 00
000000000000005b 7c15000000600001 0 00 00000000 0 0 0 0 0 0 000000000000005c 00000001 f 00000001 0 00
000000000000005c 0023060600000300 1 06 00000009 0 0 0 0 0 0 000000000000005d 00000001 f 00000001 0 00
000000000000005d 7c25000000000000 0 00 00000000 0 0 0 0 0 0 000000000000005c fffffffe f fffffffe 0 00
000000000000005c 0023060600000300 1 06 0000000c 0 0 0 0 0 0 000000000000005d fffffffe f fffffffe 0 00
000000000000005d 7c25000000000000 0 00 00000000 0 0 0 0 0 0 000000000000005e ffffffff f ffffffff 0 00
000000000000005e 10000a0a0700f000 0 00 00000000 0 0 0 0 0 0 000000000000005f ffffffff f ffffffff 1 0a
000000000000005f 7c95fffff8d00000 0 00 00000000 0 0 0 0 0 0 0000000000000060 ffffffff f ffffffff 0 00
0000000000000060 3059603070000000 0 00 00000000 0 0 0 0 0 0 0000000000000061 ffffffff f ffffffff 0 00
0000000000000061 7c15000002600011 0 00 00000000 0 0 0 0 0 0 0000000000000064 ffffffff f ffffffff 0 00
0000000000000064 34110d000001f000 0 00 00000000 0 0 0 0 0 0 0000000000000065 ffffffff f ffffffff 1 0d
0000000000000065 10300c010d00f000 0 00 00000000 0 0 0 0 0 0 0000000000000066 ffffffff f ffffffff 1 0c
0000000000000066 10000c0c0700f000 0 00 00000000 0 0 0 0 0 0 0000000000000067 ffffffff f ffffffff 1 0c
0000000000000067 34110a000000f000 0 00 00000000 0 0 0 0 0 0 0000000000000068 ffffffff f ffffffff 1 0a
0000000000000068 7c85000008000000 0 00 00000000 0 0 0 0 0 0 0000000000000069 ffffffff f ffffffff 0 00
0000000000000069 3059e0a0c0000000 0 00 00000000 0 0 0 0 0 0 000000000000006a ffffffff f ffffffff 0 00
000000000000006a 3029d0a0c0000000 0 00 00000000 0 0 0 0 0 0 000000000000006b ffffffff f ffffffff 0 00
000000000000006b 3009b01070000000 0 00 00000000 0 0 0 0 0 0 000000000000006c ffffffff f ffffffff 0 00
000000000000006c 7c15000000b00001 0 00 00000000 0 0 0 0 0 0 000000000000006d 00000002 f 00000002 0 00
000000000000006d 0023060600000100 1 06 0000000d 0 0 0 0 0 0 000000000000006e 00000002 f 00000002 0 00
000000000000006e 7c25000000000000 0 00 00000000 0 0 0 0 0 0 000000000000006d fffffffd f fffffffd 0 00
000000000000006d 0023060600000100 1 06 0000000e 0 0 0 0 0 0 000000000000006e fffffffd f fffffffd 0 00
000000000000006e 7c25000000000000 0 00 00000000 0 0 0 0 0 0 000000000000006f ffffffff f ffffffff 0 00
000000000000006f 7cb5000000e00000 0 00 00000000 0 0 0 0 0 0 0000000000000070 ffffffff f ffffffff 0 00
0000000000000070 10000a0a0700f000 0 00 00000000 0 0 0 0 0 0 0000000000000071 ffffffff f ffffffff 1 0a
0000000000000071 7c95fffff7d00000 0 00 00000000 0 0 0 0 0 0 0000000000000069 ffffffff f ffffffff 0 00
0000000000000069 3059e0a0c0000000 0 00 00000000 0 0 0 0 0 0 000000000000006a ffffffff f ffffffff 0 00
000000000000006a 3029d0a0c0000000 0 00 00000000 0 0 0 0 0 0 000000000000006b ffffffff f ffffffff 0 00
000000000000006b 3009b01070000000 0 00 00000000 0 0 0 0 0 0 000000000000006c ffffffff f ffffffff 0 00
000000000000006c 7c15000000b00001 0 00 00000000 0 0 0 0 0 0 000000000000006d 00000002 f 00000002 0 00
000000000000006d 0023060600000100 1 06 0000000f 0 0 0 0 0 0 000000000000006e 00000002 f 00000002 0 00
000000000000006e 7c25000000000000 0 00 00000000 0 0 0 0 0 0 000000000000006d fffffffd f fffffffd 0 00
000000000000006d 0023060600000100 1 06 00000010 0 0 0 0 0 0 000000000000006e fffffffd f fffffffd 0 00
000000000000006e 7c25000000000000 0 00 00000000 0 0 0 0 0 0 000000000000006f ffffffff f ffffffff 0 00
000000000000006f 7cb5000000e00000 0 00 00000000 0 0 0 0 0 0 0000000000000070 aaaaaaaa f aaaaaaaa 0 00
0000000000000070 10000a0a0700f000 0 00 00000000 0 0 0 0 0 0 0000000000000071 aaaaaaaa f aaaaaaaa 1 0a
0000000000000071 7c95fffff7d00000 0 00 00000000 0 0 0 0 0 0 0000000000000069 aaaaaaaa f aaaaaaaa 0 00
0000000000000069 3059e0a0c0000000 0 00 00000000 0 0 0 0 0 0 000000000000006a aaaaaaaa f aaaaaaaa 0 00
000000000000006a 3029d0a0c0000000 0 00 00000000 0 0 0 0 0 0 000000000000006b aaaaaaaa f aaaaaaaa 0 00
000000000000006b 3009b01070000000 0 00 00000000 0 0 0 0 0 0 000000000000006c aaaaaaaa f aaaaaaaa 0 00
000000000000006c 7c15000000b00001 0 00 00000000 0 0 0 0 0 0 000000000000006d 00000002 f 00000002 0 00
000000000000006d 0023060600000100 1 06 00000011 0 0 0 0 0 0 000000000000006e 00000002 f 00000002 0 00
000000000000006e 7c25000000000000 0 00 00000000 0 0 0 0 0 0 000000000000006d aaaaaaa8 f aaaaaaa8 0 00
000000000000006d 0023060600000100 1 06 00000012 0 0 0 0 0 0 000000000000006e aaaaaaa8 f aaaaaaa8 0 00
000000000000006e 7c25000000000000 0 00 00000000 0 0 0 0 0 0 000000000000006f aaaaaaaa f aaaaaaaa 0 00
0000000000000071 7cb5000000e00000 0 00 00000000 0 0 0 0 0 0 0000000000000070 00000000 f 00000000 0 00
0000000000000071 7c95fffff7d00000 0 00 00000000 0 0 0 0 0 0 0000000000000072 ffffffff f ffffffff 0 00
0000000000000072 0023060600000300 1 06 00000015 0 0 0 0 0 0 0000000000000073 ffffffff f ffffffff 0 00
0000000000000073 7c25000000000000 0 00 00000000 0 0 0 0 0 0 0000000000000074 ffffffff f ffffffff 0 00
0000000000000074 7c25000000000000 0 00 00000000 0 0 0 0 0 0 0000000000000075 ffffffff f ffffffff 0 00
0000000000000075 3019203070000000 0 00 00000000 0 0 0 0 0 0 0000000000000076 ffffffff f ffffffff 0 00
0000000000000076 7c1500008320009e 0 00 00000000 0 0 0 0 0 0 0000000000000077 ffffffff f ffffffff 0 00
0000000000000077 305960a070000000 0 00 00000000 0 0 0 0 0 0 0000000000000078 ffffffff f ffffffff 0 00
0000000000000078 7c1500000260000c 0 00 00000000 0 0 0 0 0 0 0000000000000079 ffffffff f ffffffff 0 00
0000000000000079 11100c030700f000 0 00 00000000 0 0 0 0 0 0 000000000000007a ffffffff f ffffffff 1 0c
000000000000007a 020500000a000000 0 00 00000000 0 0 0 0 0 1 0000000000000085 ffffffff f ffffffff 0 00
0000000000000085 7c25000000000000 0 00 00000000 0 0 0 0 0 0 0000000000000086 ffffffff f ffffffff 0 00
0000000000000086 3029901070000000 0 00 00000000 0 0 0 0 0 0 0000000000000087 ffffffff f ffffffff 0 00
0000000000000087 7c1500006f900070 0 00 00000000 0 0 0 0 0 0 0000000000000088 00000001 f 00000001 0 00
0000000000000088 304970b070000000 0 00 00000000 0 0 0 0 0 0 0000000000000089 00000001 f 00000001 0 00
0000000000000089 7c1500000d70006a 0 00 00000000 0 0 0 0 0 0 0000000000000097 00000001 f 00000001 0 00
0000000000000097 3039d0b0c0000000 0 00 00000000 0 0 0 0 0 0 0000000000000098 00000001 f 00000001 0 00
0000000000000098 7c15000058d0005a 0 00 00000000 0 0 0 0 0 0 0000000000000099 00000001 f 00000001 0 00
0000000000000099 3029c0a070000000 0 00 00000000 0 0 0 0 0 0 000000000000009a 00000001 f 00000001 0 00
000000000000009a 7c15000048c00054 0 00 00000000 0 0 0 0 0 0 00000000000000e3 00000001 f 00000001 0 00
00000000000000e3 10000c040700f000 0 00 00000000 0 0 0 0 0 0 00000000000000e4 00000001 f 00000001 1 0c
00000000000000e4 34110d000001f000 0 00 00000000 0 0 0 0 0 0 00000000000000e5 00000001 f 00000001 1 0d
00000000000000e5 10300c010d00f000 0 00 00000000 0 0 0 0 0 0 00000000000000e6 00000001 f 00000001 1 0c
00000000000000e6 10000c0c0700f000 0 00 00000000 0 0 0 0 0 0 00000000000000e7 00000001 f 00000001 1 0c
00000000000000e7 34110a000000f000 0 00 00000000 0 0 0 0 0 0 00000000000000e8 00000001 f 00000001 1 0a
00000000000000e8 7c85000005000000 0 00 00000000 0 0 0 0 0 0 00000000000000e9 00000001 f 00000001 0 00
00000000000000e9 3059e0a0c0000000 0 00 00000000 0 0 0 0 0 0 00000000000000ea 00000001 f 00000001 0 00
00000000000000ea 3029d0a0c0000000 0 00 00000000 0 0 0 0 0 0 00000000000000eb 00000001 f 00000001 0 00
00000000000000eb 11000c030c00f000 0 00 00000000 0 0 0 0 0 0 00000000000000ec 00000001 f 00000001 1 0c
00000000000000ec 7cb5000000e00000 0 00 00000000 0 0 0 0 0 0 00000000000000ed 00000001 f 00000001 0 00
00000000000000ed 10000a0a0700f000 0 00 00000000 0 0 0 0 0 0 00000000000000ee 00000001 f 00000001 1 0a
00000000000000ee 7c95fffffad00000 0 00 00000000 0 0 0 0 0 0 00000000000000e9 00000001 f 00000001 0 00
00000000000000e9 3059e0a0c0000000 0 00 00000000 0 0 0 0 0 0 00000000000000ea 00000001 f 00000001 0 00
00000000000000ea 3029d0a0c0000000 0 00 00000000 0 0 0 0 0 0 00000000000000eb 00000001 f 00000001 0 00
00000000000000eb 11000c030c00f000 0 00 00000000 0 0 0 0 0 0 00000000000000ec 00000001 f 00000001 1 0c
00000000000000ee 7cb5000000e00000 0 00 00000000 0 0 0 0 0 0 00000000000000ed 00000000 f 00000000 0 00
00000000000000ee 7c95fffffad00000 0 00 00000000 0 0 0 0 0 0 00000000000000ef 00000001 f 00000001 0 00
00000000000000ef 7c25000000000000 0 00 00000000 0 0 0 0 0 0 00000000000000f0 00000001 f 00000001 0 00
00000000000000f0 0205000002000000 0 00 00000000 0 0 0 0 0 1 00000000000000f3 00000001 f 00000001 0 00
00000000000000f3 7c25000000000000 0 00 00000000 0 0 0 0 0 0 00000000000000f4 00000001 f 00000001 0 00
00000000000000f4 7c25000000000000 0 00 00000000 0 0 0 0 0 0 00000000000000f5 00000001 f 00000001 0 00
00000000000000f5 101005050100f000 0 00 00000000 0 0 0 0 0 0 00000000000000f6 00000001 f 00000001 1 05
00000000000000f6 0205000001000000 0 00 00000000 0 0 0 0 0 1 00000000000000f8 00000001 f 00000001 0 00
00000000000000f8 7c25000000000000 0 00 00000000 0 0 0 0 0 0 00000000000000f7 fffffffe f fffffffe 0 00
00000000000000f7 0023060600000200 1 06 00000017 0 0 0 0 0 0 00000000000000f8 fffffffe f fffffffe 0 00
00000000000000f8 7c25000000000000 0 00 00000000 0 0 0 0 0 0 00000000000000f9 ffffffff f ffffffff 0 00
00000000000000f9 020500001b000000 0 00 00000000 0 0 0 0 0 1 0000000000000115 ffffffff f ffffffff 0 00
0000000000000115 7c25000000000000 0 00 00000000 0 0 0 0 0 0 0000000000000116 ffffffff f ffffffff 0 00
0000000000000116 020500000e000000 0 00 00000000 0 0 0 0 0 1 0000000000000125 ffffffff f ffffffff 0 00
0000000000000125 7c25000000000000 0 00 00000000 0 0 0 0 0 0 0000000000000126 ffffffff f ffffffff 0 00
0000000000000126 10100c070300f000 0 00 00000000 0 0 0 0 0 0 0000000000000127 ffffffff f ffffffff 1 0c
0000000000000127 7cf5000000000000 0 00 00000000 0 0 0 0 0 0 0000000000000128 ffffffff f ffffffff 0 00
