0000000000000000 0013140000004d00 1 14 0000004d 0 0 0 0000000000000001 00000400 f 00000400 0 00 00000400
0000000000000001 10610406003ff000 0 00 00000000 0 0 0 0000000000000002 00000400 f 00000400 1 04 00000400
0000000000000002 1020060604002000 0 00 00000000 0 0 0 0000000000000003 00000400 2 00000000 1 06 00000000
0000000000000003 343005000000f000 0 00 00000000 0 0 0 0000000000000004 00000400 f 00000400 1 05 00000400
0000000000000004 3411030025bd2000 0 00 00000000 0 0 0 0000000000000005 00000400 2 00000000 1 03 00000000
0000000000000005 100005040600f000 0 00 00000000 0 0 0 0000000000000006 00000400 f 00000400 1 05 00000400
0000000000000006 0013160000000000 1 16 00000000 0 0 0 0000000000000007 00000400 f 00000400 0 00 00000400
0000000000000007 342006160000f000 0 00 00000000 0 0 0 0000000000000008 00000400 f 00000400 1 06 00000400
0000000000000008 108105060010f000 0 00 00000000 0 0 0 0000000000000009 00000400 f 00000400 1 05 00000400
0000000000000009 340002030000f000 0 00 00000000 0 0 0 000000000000000a 00000400 f 00000400 1 02 00000400
000000000000000a 340005020000d000 0 00 00000000 0 0 0 000000000000000b 00000400 d 00000400 1 05 00000400
000000000000000b 1030020202005000 0 00 00000000 0 0 0 000000000000000c 00000400 5 00000000 1 02 00000000
000000000000000c 00131600ffffff00 1 16 ffffffff 0 0 0 000000000000000d 00000400 f 00000400 0 00 00000400
000000000000000d 342004160000f000 0 00 00000000 0 0 0 000000000000000e 00000400 f 00000400 1 04 00000400
000000000000000e 108103040020f000 0 00 00000000 0 0 0 000000000000000f 00000400 f 00000400 1 03 00000400
000000000000000f 107105060008f000 0 00 00000000 0 0 0 0000000000000010 00000400 f 00000400 1 05 00000400
0000000000000010 3400040200007000 0 00 00000000 0 0 0 0000000000000011 00000400 7 00000000 1 04 00000000
0000000000000011 107103050020f000 0 00 00000000 0 0 0 0000000000000012 00000400 f 00000400 1 03 00000400
0000000000000012 105003060600b000 0 00 00000000 0 0 0 0000000000000013 00000400 b 00000400 1 03 00000400
0000000000000013 3411030000005000 0 00 00000000 0 0 0 0000000000000014 00000400 5 00000000 1 03 00000000
0000000000000014 340006060000f000 0 00 00000000 0 0 0 0000000000000015 00000400 f 00000400 1 06 00000400
0000000000000015 105102020001f000 0 00 00000000 0 0 0 0000000000000016 00000400 f 00000400 1 02 00000400
0000000000000016 3430030000004000 0 00 00000000 0 0 0 0000000000000017 00000400 4 00000400 1 03 00000400
0000000000000017 00131e0000000300 1 1e 00000003 0 0 0 0000000000000018 00000400 f 00000400 0 00 00000400
0000000000000018 0023171700000100 1 17 00000001 0 0 0 0000000000000019 00000400 f 00000400 0 00 00000400
0000000000000019 00731e1e00000100 1 1e 00000002 0 0 0 000000000000001a 00000400 f 00000400 0 00 00000400
000000000000001a 0013180000000000 1 18 00000000 0 0 0 000000000000001b 00000400 f 00000400 0 00 00000400
000000000000001b 0102001e18000000 0 00 00000000 4 0 0 000000000000001c 00000400 f 00000400 0 00 00000400
000000000000001c 0215fffffb040000 0 00 00000000 4 0 1 0000000000000018 00000400 f 00000400 0 00 00000400
0000000000000018 0023171700000100 1 17 00000002 4 0 0 0000000000000019 00000400 f 00000400 0 00 00000400
0000000000000019 00731e1e00000100 1 1e 00000001 4 0 0 000000000000001a 00000400 f 00000400 0 00 00000400
000000000000001a 0013180000000000 1 18 00000000 4 0 0 000000000000001b 00000400 f 00000400 0 00 00000400
000000000000001b 0102001e18000000 0 00 00000000 4 0 0 000000000000001c 00000400 f 00000400 0 00 00000400
000000000000001c 0215fffffb040000 0 00 00000000 4 0 1 0000000000000018 00000400 f 00000400 0 00 00000400
0000000000000018 0023171700000100 1 17 00000003 4 0 0 0000000000000019 00000400 f 00000400 0 00 00000400
0000000000000019 00731e1e00000100 1 1e 00000000 4 0 0 000000000000001a 00000400 f 00000400 0 00 00000400
000000000000001a 0013180000000000 1 18 00000000 4 0 0 000000000000001b 00000400 f 00000400 0 00 00000400
000000000000001b 0102001e18000000 0 00 00000000 5 1 0 000000000000001c 00000400 f 00000400 0 00 00000400
000000000000001c 0215fffffb040000 0 00 00000000 5 1 0 000000000000001d 00000400 f 00000400 0 00 00000400
000000000000001d 7cf5000000000000 0 00 00000000 5 1 0 000000000000001e 00000400 f 00000400 0 00 00000400
DONE retired=40 fault=00 pc=000000000000001d
