0000000000000000 0013140000004d00 1 14 0000004d 0 0 0 0000000000000001 55555555 f 55555555 0 00 55555555
0000000000000001 00131500aaaaaa00 1 15 ffaaaaaa 0 0 0 0000000000000002 55555555 f 55555555 0 00 55555555
0000000000000002 342002150000c000 0 00 00000000 0 0 0 0000000000000003 55555555 c 55555555 1 02 55555555
0000000000000003 0013160000000000 1 16 00000000 0 0 0 0000000000000004 55555555 f 55555555 0 00 55555555
0000000000000004 342003160000f000 0 00 00000000 0 0 0 0000000000000005 55555555 f 55555555 1 03 55555555
0000000000000005 108102030010f000 0 00 00000000 0 0 0 0000000000000006 55555555 f 55555555 1 02 55555555
0000000000000006 100005040300f000 0 00 00000000 0 0 0 0000000000000007 55555555 f 55555555 1 05 55555555
0000000000000007 340002050000f000 0 00 00000000 0 0 0 0000000000000008 55555555 f 55555555 1 02 55555555
0000000000000008 106103060000f000 0 00 00000000 0 0 0 0000000000000009 55555555 f 55555555 1 03 55555555
0000000000000009 102004060400d000 0 00 00000000 0 0 0 000000000000000a 55555555 d 40404051 1 04 40404051
000000000000000a 100104045023f000 0 00 00000000 0 0 0 000000000000000b 55555555 f 55555555 1 04 55555555
000000000000000b 0013150000000000 1 15 00000000 0 0 0 000000000000000c 55555555 f 55555555 0 00 55555555
000000000000000c 342002150000f000 0 00 00000000 0 0 0 000000000000000d 55555555 f 55555555 1 02 55555555
000000000000000d 340002060000f000 0 00 00000000 0 0 0 000000000000000e 55555555 f 55555555 1 02 55555555
000000000000000e 100006020200e000 0 00 00000000 0 0 0 000000000000000f 55555555 e 00000001 1 06 00000001
000000000000000f 101105057ffff000 0 00 00000000 0 0 0 0000000000000010 55555555 f 55555555 1 05 55555555
0000000000000010 103103047ffff000 0 00 00000000 0 0 0 0000000000000011 55555555 f 55555555 1 03 55555555
0000000000000011 34110400997bf000 0 00 00000000 0 0 0 0000000000000012 55555555 f 55555555 1 04 55555555
0000000000000012 105003060300f000 0 00 00000000 0 0 0 0000000000000013 55555555 f 55555555 1 03 55555555
0000000000000013 0013150055555500 1 15 00555555 0 0 0 0000000000000014 55555555 f 55555555 0 00 55555555
0000000000000014 342004150000d000 0 00 00000000 0 0 0 0000000000000015 55555555 d 40404051 1 04 40404051
0000000000000015 340004030000f000 0 00 00000000 0 0 0 0000000000000016 55555555 f 55555555 1 04 55555555
0000000000000016 340004030000f000 0 00 00000000 0 0 0 0000000000000017 55555555 f 55555555 1 04 55555555
0000000000000017 0013150000000100 1 15 00000001 0 0 0 0000000000000018 55555555 f 55555555 0 00 55555555
0000000000000018 3420021500003000 0 00 00000000 0 0 0 0000000000000019 55555555 3 55555555 1 02 55555555
0000000000000019 100002050600f000 0 00 00000000 0 0 0 000000000000001a 55555555 f 55555555 1 02 55555555
000000000000001a 3430020000006000 0 00 00000000 0 0 0 000000000000001b 55555555 6 00000000 1 02 00000000
000000000000001b 101106054f6af000 0 00 00000000 0 0 0 000000000000001c 55555555 f 55555555 1 06 55555555
000000000000001c 101003040400e000 0 00 00000000 0 0 0 000000000000001d 55555555 e 00000001 1 03 00000001
000000000000001d 0013160000000000 1 16 00000000 0 0 0 000000000000001e 55555555 f 55555555 0 00 55555555
000000000000001e 342003160000f000 0 00 00000000 0 0 0 000000000000001f 55555555 f 55555555 1 03 55555555
000000000000001f 10810303001ef000 0 00 00000000 0 0 0 0000000000000020 55555555 f 55555555 1 03 55555555
0000000000000020 0013150000000000 1 15 00000000 0 0 0 0000000000000021 55555555 f 55555555 0 00 55555555
0000000000000021 342004150000b000 0 00 00000000 0 0 0 0000000000000022 55555555 b 55555555 1 04 55555555
0000000000000022 101004030200f000 0 00 00000000 0 0 0 0000000000000023 55555555 f 55555555 1 04 55555555
0000000000000023 10610605000ff000 0 00 00000000 0 0 0 0000000000000024 55555555 f 55555555 1 06 55555555
0000000000000024 340006050000f000 0 00 00000000 0 0 0 0000000000000025 55555555 f 55555555 1 06 55555555
0000000000000025 10610603000ff000 0 00 00000000 0 0 0 0000000000000026 55555555 f 55555555 1 06 55555555
0000000000000026 343006000000f000 0 00 00000000 0 0 0 0000000000000027 55555555 f 55555555 1 06 55555555
0000000000000027 1040060303004000 0 00 00000000 0 0 0 0000000000000028 55555555 4 55555555 1 06 55555555
0000000000000028 00131e0000000300 1 1e 00000003 0 0 0 0000000000000029 55555555 f 55555555 0 00 55555555
0000000000000029 0023171700000100 1 17 00000001 0 0 0 000000000000002a 55555555 f 55555555 0 00 55555555
000000000000002a 00731e1e00000100 1 1e 00000002 0 0 0 000000000000002b 55555555 f 55555555 0 00 55555555
000000000000002b 0013180000000000 1 18 00000000 0 0 0 000000000000002c 55555555 f 55555555 0 00 55555555
000000000000002c 0102001e18000000 0 00 00000000 4 0 0 000000000000002d 55555555 f 55555555 0 00 55555555
000000000000002d 0215fffffb040000 0 00 00000000 4 0 1 0000000000000029 55555555 f 55555555 0 00 55555555
0000000000000029 0023171700000100 1 17 00000002 4 0 0 000000000000002a 55555555 f 55555555 0 00 55555555
000000000000002a 00731e1e00000100 1 1e 00000001 4 0 0 000000000000002b 55555555 f 55555555 0 00 55555555
000000000000002b 0013180000000000 1 18 00000000 4 0 0 000000000000002c 55555555 f 55555555 0 00 55555555
000000000000002c 0102001e18000000 0 00 00000000 4 0 0 000000000000002d 55555555 f 55555555 0 00 55555555
000000000000002d 0215fffffb040000 0 00 00000000 4 0 1 0000000000000029 55555555 f 55555555 0 00 55555555
0000000000000029 0023171700000100 1 17 00000003 4 0 0 000000000000002a 55555555 f 55555555 0 00 55555555
000000000000002a 00731e1e00000100 1 1e 00000000 4 0 0 000000000000002b 55555555 f 55555555 0 00 55555555
000000000000002b 0013180000000000 1 18 00000000 4 0 0 000000000000002c 55555555 f 55555555 0 00 55555555
000000000000002c 0102001e18000000 0 00 00000000 5 1 0 000000000000002d 55555555 f 55555555 0 00 55555555
000000000000002d 0215fffffb040000 0 00 00000000 5 1 0 000000000000002e 55555555 f 55555555 0 00 55555555
000000000000002e 7cf5000000000000 0 00 00000000 5 1 0 000000000000002f 55555555 f 55555555 0 00 55555555
DONE retired=57 fault=00 pc=000000000000002e
