0000000000000000 00131d0000000000 1 1d 00000000 0 0 0 0000000000000001
0000000000000001 00230c068c741300 1 0c ff8c7413 0 0 0 0000000000000002
0000000000000002 00230308b8487a00 1 03 ffb8487a 0 0 0 0000000000000003
0000000000000003 0122000808000000 0 00 00000000 5 0 0 0000000000000004
0000000000000004 0215000003020000 0 00 00000000 5 0 1 0000000000000008
0000000000000008 8506000000000000 0 00 00000000 5 0 0 0000000000000009
0000000000000009 0122001102000000 0 00 00000000 5 0 0 000000000000000a
000000000000000a 0215000002010000 0 00 00000000 5 0 0 000000000000000b
000000000000000b 8506000000000000 0 00 00000000 5 0 0 000000000000000c
000000000000000c 8506000000000000 0 00 00000000 5 0 0 000000000000000d
000000000000000d 8506000000000000 0 00 00000000 5 0 0 000000000000000e
000000000000000e 0082060205000000 1 06 00000000 5 0 0 000000000000000f
000000000000000f 8506000000000000 0 00 00000000 5 0 0 0000000000000010
0000000000000010 0022141012000000 1 14 00000000 5 0 0 0000000000000011
0000000000000011 8506000000000000 0 00 00000000 5 0 0 0000000000000012
0000000000000012 0073060200000000 1 06 00000000 5 0 0 0000000000000013
0000000000000013 0063040a00000c00 1 04 00000000 5 0 0 0000000000000014
0000000000000014 00130100aaaaaa00 1 01 ffaaaaaa 5 0 0 0000000000000015
0000000000000015 8506000000000000 0 00 00000000 5 0 0 0000000000000016
0000000000000016 002314063de5a900 1 14 003de5a9 5 0 0 0000000000000017
0000000000000017 8506000000000000 0 00 00000000 5 0 0 0000000000000018
0000000000000018 00230d0e830a2200 1 0d ff830a22 5 0 0 0000000000000019
0000000000000019 00730301e7edc300 1 03 ffc2bce7 5 0 0 000000000000001a
000000000000001a 0306000000000800 1 08 00000000 5 0 0 000000000000001b
000000000000001b 00a30c1300000400 1 0c 00000000 5 0 0 000000000000001c
000000000000001c 00630a0e00000b00 1 0a 00000000 5 0 0 000000000000001d
000000000000001d 8506000000000000 0 00 00000000 5 0 0 000000000000001e
000000000000001e 8506000000000000 0 00 00000000 5 0 0 000000000000001f
000000000000001f 0032051306000000 1 05 00000000 5 0 0 0000000000000020
0000000000000020 0062070411000000 1 07 00000000 5 0 0 0000000000000021
0000000000000021 0072080a12000000 1 08 00000000 5 0 0 0000000000000022
0000000000000022 0092141400000000 1 14 ffc21a56 5 0 0 0000000000000023
0000000000000023 0122000810000000 0 00 00000000 5 0 0 0000000000000024
0000000000000024 0215000001030000 0 00 00000000 5 0 1 0000000000000026
0000000000000026 8506000000000000 0 00 00000000 5 0 0 0000000000000027
0000000000000027 8506000000000000 0 00 00000000 5 0 0 0000000000000028
0000000000000028 0102000d09000000 0 00 00000000 6 0 0 0000000000000029
0000000000000029 02150000010e0000 0 00 00000000 6 0 1 000000000000002b
000000000000002b 8506000000000000 0 00 00000000 6 0 0 000000000000002c
000000000000002c 0122001010000000 0 00 00000000 5 0 0 000000000000002d
000000000000002d 02150000010e0000 0 00 00000000 5 0 1 000000000000002f
000000000000002f 0013110000000100 1 11 00000001 5 0 0 0000000000000030
0000000000000030 0073120853b99400 1 12 ffac466c 5 0 0 0000000000000031
0000000000000031 8506000000000000 0 00 00000000 5 0 0 0000000000000032
0000000000000032 8506000000000000 0 00 00000000 5 0 0 0000000000000033
0000000000000033 00130c0096866800 1 0c ff968668 5 0 0 0000000000000034
0000000000000034 00131e0000000300 1 1e 00000003 5 0 0 0000000000000035
0000000000000035 0023151500000100 1 15 00000001 5 0 0 0000000000000036
0000000000000036 00731e1e00000100 1 1e 00000002 5 0 0 0000000000000037
0000000000000037 0102001e1d000000 0 00 00000000 4 0 0 0000000000000038
0000000000000038 0215fffffc040000 0 00 00000000 4 0 1 0000000000000035
0000000000000035 0023151500000100 1 15 00000002 4 0 0 0000000000000036
0000000000000036 00731e1e00000100 1 1e 00000001 4 0 0 0000000000000037
0000000000000037 0102001e1d000000 0 00 00000000 4 0 0 0000000000000038
0000000000000038 0215fffffc040000 0 00 00000000 4 0 1 0000000000000035
0000000000000035 0023151500000100 1 15 00000003 4 0 0 0000000000000036
0000000000000036 00731e1e00000100 1 1e 00000000 4 0 0 0000000000000037
0000000000000037 0102001e1d000000 0 00 00000000 5 1 0 0000000000000038
0000000000000038 0215fffffc040000 0 00 00000000 5 1 0 0000000000000039
0000000000000039 7cf5000000000000 0 00 00000000 5 1 0 000000000000003a
DONE retired=60 fault=00 pc=0000000000000039
