0000000000000000 0013140000004d00 1 14 0000004d 0 0 0 0000000000000001 aaaaaaaa f aaaaaaaa 0 00 aaaaaaaa
0000000000000001 00131600ffffff00 1 16 ffffffff 0 0 0 0000000000000002 aaaaaaaa f aaaaaaaa 0 00 aaaaaaaa
0000000000000002 342002160000f000 0 00 00000000 0 0 0 0000000000000003 aaaaaaaa f aaaaaaaa 1 02 aaaaaaaa
0000000000000003 108105020001f000 0 00 00000000 0 0 0 0000000000000004 aaaaaaaa f aaaaaaaa 1 05 aaaaaaaa
0000000000000004 100004030500f000 0 00 00000000 0 0 0 0000000000000005 aaaaaaaa f aaaaaaaa 1 04 aaaaaaaa
0000000000000005 103104048000f000 0 00 00000000 0 0 0 0000000000000006 aaaaaaaa f aaaaaaaa 1 04 aaaaaaaa
0000000000000006 107105030001f000 0 00 00000000 0 0 0 0000000000000007 aaaaaaaa f aaaaaaaa 1 05 aaaaaaaa
0000000000000007 1010060203003000 0 00 00000000 0 0 0 0000000000000008 aaaaaaaa 3 00000000 1 06 00000000
0000000000000008 340004040000f000 0 00 00000000 0 0 0 0000000000000009 aaaaaaaa f aaaaaaaa 1 04 aaaaaaaa
0000000000000009 104004040300f000 0 00 00000000 0 0 0 000000000000000a aaaaaaaa f aaaaaaaa 1 04 aaaaaaaa
000000000000000a 341104000000f000 0 00 00000000 0 0 0 000000000000000b aaaaaaaa f aaaaaaaa 1 04 aaaaaaaa
000000000000000b 106102040020f000 0 00 00000000 0 0 0 000000000000000c aaaaaaaa f aaaaaaaa 1 02 aaaaaaaa
000000000000000c 343002000000f000 0 00 00000000 0 0 0 000000000000000d aaaaaaaa f aaaaaaaa 1 02 aaaaaaaa
000000000000000d 102006030200f000 0 00 00000000 0 0 0 000000000000000e aaaaaaaa f aaaaaaaa 1 06 aaaaaaaa
000000000000000e 340006020000f000 0 00 00000000 0 0 0 000000000000000f aaaaaaaa f aaaaaaaa 1 06 aaaaaaaa
000000000000000f 104003030200f000 0 00 00000000 0 0 0 0000000000000010 aaaaaaaa f aaaaaaaa 1 03 aaaaaaaa
0000000000000010 105003020200f000 0 00 00000000 0 0 0 0000000000000011 aaaaaaaa f aaaaaaaa 1 03 aaaaaaaa
0000000000000011 3400020600003000 0 00 00000000 0 0 0 0000000000000012 aaaaaaaa 3 00000000 1 02 00000000
0000000000000012 00131600ffffff00 1 16 ffffffff 0 0 0 0000000000000013 aaaaaaaa f aaaaaaaa 0 00 aaaaaaaa
0000000000000013 342003160000f000 0 00 00000000 0 0 0 0000000000000014 aaaaaaaa f aaaaaaaa 1 03 aaaaaaaa
0000000000000014 108102030021f000 0 00 00000000 0 0 0 0000000000000015 aaaaaaaa f aaaaaaaa 1 02 aaaaaaaa
0000000000000015 100003020300f000 0 00 00000000 0 0 0 0000000000000016 aaaaaaaa f aaaaaaaa 1 03 aaaaaaaa
0000000000000016 343002000000f000 0 00 00000000 0 0 0 0000000000000017 aaaaaaaa f aaaaaaaa 1 02 aaaaaaaa
0000000000000017 102003030300f000 0 00 00000000 0 0 0 0000000000000018 aaaaaaaa f aaaaaaaa 1 03 aaaaaaaa
0000000000000018 102006040400f000 0 00 00000000 0 0 0 0000000000000019 aaaaaaaa f aaaaaaaa 1 06 aaaaaaaa
0000000000000019 343003000000f000 0 00 00000000 0 0 0 000000000000001a aaaaaaaa f aaaaaaaa 1 03 aaaaaaaa
000000000000001a 1000060204001000 0 00 00000000 0 0 0 000000000000001b aaaaaaaa 1 00000000 1 06 00000000
000000000000001b 343002000000f000 0 00 00000000 0 0 0 000000000000001c aaaaaaaa f aaaaaaaa 1 02 aaaaaaaa
000000000000001c 340003030000f000 0 00 00000000 0 0 0 000000000000001d aaaaaaaa f aaaaaaaa 1 03 aaaaaaaa
000000000000001d 100005030600f000 0 00 00000000 0 0 0 000000000000001e aaaaaaaa f aaaaaaaa 1 05 aaaaaaaa
000000000000001e 10710206001ff000 0 00 00000000 0 0 0 000000000000001f aaaaaaaa f aaaaaaaa 1 02 aaaaaaaa
000000000000001f 100104060000f000 0 00 00000000 0 0 0 0000000000000020 aaaaaaaa f aaaaaaaa 1 04 aaaaaaaa
0000000000000020 105004030300f000 0 00 00000000 0 0 0 0000000000000021 aaaaaaaa f aaaaaaaa 1 04 aaaaaaaa
0000000000000021 106103050000f000 0 00 00000000 0 0 0 0000000000000022 aaaaaaaa f aaaaaaaa 1 03 aaaaaaaa
0000000000000022 0013160000000100 1 16 00000001 0 0 0 0000000000000023 aaaaaaaa f aaaaaaaa 0 00 aaaaaaaa
0000000000000023 342005160000f000 0 00 00000000 0 0 0 0000000000000024 aaaaaaaa f aaaaaaaa 1 05 aaaaaaaa
0000000000000024 10810405003ff000 0 00 00000000 0 0 0 0000000000000025 aaaaaaaa f aaaaaaaa 1 04 aaaaaaaa
0000000000000025 00131e0000000100 1 1e 00000001 0 0 0 0000000000000026 aaaaaaaa f aaaaaaaa 0 00 aaaaaaaa
0000000000000026 0023171700000100 1 17 00000001 0 0 0 0000000000000027 aaaaaaaa f aaaaaaaa 0 00 aaaaaaaa
0000000000000027 00731e1e00000100 1 1e 00000000 0 0 0 0000000000000028 aaaaaaaa f aaaaaaaa 0 00 aaaaaaaa
0000000000000028 0013180000000000 1 18 00000000 0 0 0 0000000000000029 aaaaaaaa f aaaaaaaa 0 00 aaaaaaaa
0000000000000029 0102001e18000000 0 00 00000000 5 1 0 000000000000002a aaaaaaaa f aaaaaaaa 0 00 aaaaaaaa
000000000000002a 0215fffffb040000 0 00 00000000 5 1 0 000000000000002b aaaaaaaa f aaaaaaaa 0 00 aaaaaaaa
000000000000002b 7cf5000000000000 0 00 00000000 5 1 0 000000000000002c aaaaaaaa f aaaaaaaa 0 00 aaaaaaaa
DONE retired=44 fault=00 pc=000000000000002b
