0000000000000000 0013140000004d00 1 14 0000004d 0 0 0 0000000000000001 89fd1b3f f 89fd1b3f 0 00 89fd1b3f
0000000000000001 34110300a57ef000 0 00 00000000 0 0 0 0000000000000002 89fd1b3f f 89fd1b3f 1 03 89fd1b3f
0000000000000002 107104020021f000 0 00 00000000 0 0 0 0000000000000003 89fd1b3f f 89fd1b3f 1 04 89fd1b3f
0000000000000003 00131600ffffff00 1 16 ffffffff 0 0 0 0000000000000004 89fd1b3f f 89fd1b3f 0 00 89fd1b3f
0000000000000004 342003160000f000 0 00 00000000 0 0 0 0000000000000005 89fd1b3f f 89fd1b3f 1 03 89fd1b3f
0000000000000005 10810403003ff000 0 00 00000000 0 0 0 0000000000000006 89fd1b3f f 89fd1b3f 1 04 89fd1b3f
0000000000000006 00131600ffffff00 1 16 ffffffff 0 0 0 0000000000000007 89fd1b3f f 89fd1b3f 0 00 89fd1b3f
0000000000000007 342005160000f000 0 00 00000000 0 0 0 0000000000000008 89fd1b3f f 89fd1b3f 1 05 89fd1b3f
0000000000000008 10810605003ff000 0 00 00000000 0 0 0 0000000000000009 89fd1b3f f 89fd1b3f 1 06 89fd1b3f
0000000000000009 10710603000ff000 0 00 00000000 0 0 0 000000000000000a 89fd1b3f f 89fd1b3f 1 06 89fd1b3f
000000000000000a 101005050300f000 0 00 00000000 0 0 0 000000000000000b 89fd1b3f f 89fd1b3f 1 05 89fd1b3f
000000000000000b 0013160000000000 1 16 00000000 0 0 0 000000000000000c 89fd1b3f f 89fd1b3f 0 00 89fd1b3f
000000000000000c 342006160000f000 0 00 00000000 0 0 0 000000000000000d 89fd1b3f f 89fd1b3f 1 06 89fd1b3f
000000000000000d 108106060010f000 0 00 00000000 0 0 0 000000000000000e 89fd1b3f f 89fd1b3f 1 06 89fd1b3f
000000000000000e 101006020600f000 0 00 00000000 0 0 0 000000000000000f 89fd1b3f f 89fd1b3f 1 06 89fd1b3f
000000000000000f 340005040000f000 0 00 00000000 0 0 0 0000000000000010 89fd1b3f f 89fd1b3f 1 05 89fd1b3f
0000000000000010 343006000000f000 0 00 00000000 0 0 0 0000000000000011 89fd1b3f f 89fd1b3f 1 06 89fd1b3f
0000000000000011 00131500ffffff00 1 15 ffffffff 0 0 0 0000000000000012 89fd1b3f f 89fd1b3f 0 00 89fd1b3f
0000000000000012 3420051500006000 0 00 00000000 0 0 0 0000000000000013 89fd1b3f 6 88a80a2a 1 05 88a80a2a
0000000000000013 10110605fffff000 0 00 00000000 0 0 0 0000000000000014 89fd1b3f f 89fd1b3f 1 06 89fd1b3f
0000000000000014 107106030013f000 0 00 00000000 0 0 0 0000000000000015 89fd1b3f f 89fd1b3f 1 06 89fd1b3f
0000000000000015 00131e0000000300 1 1e 00000003 0 0 0 0000000000000016 89fd1b3f f 89fd1b3f 0 00 89fd1b3f
0000000000000016 0023171700000100 1 17 00000001 0 0 0 0000000000000017 89fd1b3f f 89fd1b3f 0 00 89fd1b3f
0000000000000017 00731e1e00000100 1 1e 00000002 0 0 0 0000000000000018 89fd1b3f f 89fd1b3f 0 00 89fd1b3f
0000000000000018 0013180000000000 1 18 00000000 0 0 0 0000000000000019 89fd1b3f f 89fd1b3f 0 00 89fd1b3f
0000000000000019 0102001e18000000 0 00 00000000 4 0 0 000000000000001a 89fd1b3f f 89fd1b3f 0 00 89fd1b3f
000000000000001a 0215fffffb040000 0 00 00000000 4 0 1 0000000000000016 89fd1b3f f 89fd1b3f 0 00 89fd1b3f
0000000000000016 0023171700000100 1 17 00000002 4 0 0 0000000000000017 89fd1b3f f 89fd1b3f 0 00 89fd1b3f
0000000000000017 00731e1e00000100 1 1e 00000001 4 0 0 0000000000000018 89fd1b3f f 89fd1b3f 0 00 89fd1b3f
0000000000000018 0013180000000000 1 18 00000000 4 0 0 0000000000000019 89fd1b3f f 89fd1b3f 0 00 89fd1b3f
0000000000000019 0102001e18000000 0 00 00000000 4 0 0 000000000000001a 89fd1b3f f 89fd1b3f 0 00 89fd1b3f
000000000000001a 0215fffffb040000 0 00 00000000 4 0 1 0000000000000016 89fd1b3f f 89fd1b3f 0 00 89fd1b3f
0000000000000016 0023171700000100 1 17 00000003 4 0 0 0000000000000017 89fd1b3f f 89fd1b3f 0 00 89fd1b3f
0000000000000017 00731e1e00000100 1 1e 00000000 4 0 0 0000000000000018 89fd1b3f f 89fd1b3f 0 00 89fd1b3f
0000000000000018 0013180000000000 1 18 00000000 4 0 0 0000000000000019 89fd1b3f f 89fd1b3f 0 00 89fd1b3f
0000000000000019 0102001e18000000 0 00 00000000 5 1 0 000000000000001a 89fd1b3f f 89fd1b3f 0 00 89fd1b3f
000000000000001a 0215fffffb040000 0 00 00000000 5 1 0 000000000000001b 89fd1b3f f 89fd1b3f 0 00 89fd1b3f
000000000000001b 7cf5000000000000 0 00 00000000 5 1 0 000000000000001c 89fd1b3f f 89fd1b3f 0 00 89fd1b3f
DONE retired=38 fault=00 pc=000000000000001b
