0000000000000000 00131d0000000000 1 1d 00000000 0 0 0 0000000000000001
0000000000000001 8506000000000000 0 00 00000000 0 0 0 0000000000000002
0000000000000002 00130c000b6f1800 1 0c 000b6f18 0 0 0 0000000000000003
0000000000000003 0306000000001100 1 11 00000000 0 0 0 0000000000000004
0000000000000004 00130c005f397900 1 0c 005f3979 0 0 0 0000000000000005
0000000000000005 00230a0295ac0f00 1 0a ff95ac0f 0 0 0 0000000000000006
0000000000000006 00a2120f08000000 1 12 00000000 0 0 0 0000000000000007
0000000000000007 0062010302000000 1 01 00000000 0 0 0 0000000000000008
0000000000000008 001313009243f400 1 13 ff9243f4 0 0 0 0000000000000009
0000000000000009 0122000609000000 0 00 00000000 5 0 0 000000000000000a
000000000000000a 02150000020c0000 0 00 00000000 5 0 1 000000000000000d
000000000000000d 0072081113000000 1 08 006dbc0c 5 0 0 000000000000000e
000000000000000e 00130600eab22400 1 06 ffeab224 5 0 0 000000000000000f
000000000000000f 8506000000000000 0 00 00000000 5 0 0 0000000000000010
0000000000000010 0013090000000000 1 09 00000000 5 0 0 0000000000000011
0000000000000011 0013090000000000 1 09 00000000 5 0 0 0000000000000012
0000000000000012 00130700aaaaaa00 1 07 ffaaaaaa 5 0 0 0000000000000013
0000000000000013 001304002c6f5a00 1 04 002c6f5a 5 0 0 0000000000000014
0000000000000014 0042101013000000 1 10 00000000 5 0 0 0000000000000015
0000000000000015 00130b0055555500 1 0b 00555555 5 0 0 0000000000000016
0000000000000016 00620e0613000000 1 0e 22400000 5 0 0 0000000000000017
0000000000000017 00a20d0e14000000 1 0d 22400000 5 0 0 0000000000000018
0000000000000018 0306000000000800 1 08 00000000 5 0 0 0000000000000019
0000000000000019 00b30f0700000500 1 0f fffd5555 5 0 0 000000000000001a
000000000000001a 00a3110600001b00 1 11 0000001f 5 0 0 000000000000001b
000000000000001b 00b2130609000000 1 13 ffeab224 5 0 0 000000000000001c
000000000000001c 00630a1400001000 1 0a 00000000 5 0 0 000000000000001d
000000000000001d 0102000709000000 0 00 00000000 6 0 0 000000000000001e
000000000000001e 02150000020c0000 0 00 00000000 6 0 0 000000000000001f
000000000000001f 8506000000000000 0 00 00000000 6 0 0 0000000000000020
0000000000000020 8506000000000000 0 00 00000000 6 0 0 0000000000000021
0000000000000021 0112001102000000 0 00 00000000 4 0 0 0000000000000022
0000000000000022 02150000010c0000 0 00 00000000 4 0 1 0000000000000024
0000000000000024 0122000601000000 0 00 00000000 6 0 0 0000000000000025
0000000000000025 02150000020d0000 0 00 00000000 6 0 0 0000000000000026
0000000000000026 8506000000000000 0 00 00000000 6 0 0 0000000000000027
0000000000000027 8506000000000000 0 00 00000000 6 0 0 0000000000000028
0000000000000028 00131400ffffff00 1 14 ffffffff 6 0 0 0000000000000029
0000000000000029 0306000000000800 1 08 00000000 6 0 0 000000000000002a
000000000000002a 0112000f0a000000 0 00 00000000 6 1 0 000000000000002b
000000000000002b 02150000020e0000 0 00 00000000 6 1 1 000000000000002e
000000000000002e 00230c091f8a0e00 1 0c 001f8a0e 6 1 0 000000000000002f
000000000000002f 00b2081410000000 1 08 ffffffff 6 1 0 0000000000000030
0000000000000030 0092070b00000000 1 07 ffaaaaaa 6 1 0 0000000000000031
0000000000000031 00230c03ffffff00 1 0c ffffffff 6 1 0 0000000000000032
0000000000000032 012200020a000000 0 00 00000000 5 0 0 0000000000000033
0000000000000033 0215000002030000 0 00 00000000 5 0 1 0000000000000036
0000000000000036 005207130b000000 1 07 fffff775 5 0 0 0000000000000037
0000000000000037 0042030614000000 1 03 ffeab224 5 0 0 0000000000000038
0000000000000038 00420f0f0d000000 1 0f 22400000 5 0 0 0000000000000039
0000000000000039 8506000000000000 0 00 00000000 5 0 0 000000000000003a
000000000000003a 00131e0000000400 1 1e 00000004 5 0 0 000000000000003b
000000000000003b 0023151500000100 1 15 00000001 5 0 0 000000000000003c
000000000000003c 00731e1e00000100 1 1e 00000003 5 0 0 000000000000003d
000000000000003d 0102001e1d000000 0 00 00000000 4 0 0 000000000000003e
000000000000003e 0215fffffc040000 0 00 00000000 4 0 1 000000000000003b
000000000000003b 0023151500000100 1 15 00000002 4 0 0 000000000000003c
000000000000003c 00731e1e00000100 1 1e 00000002 4 0 0 000000000000003d
000000000000003d 0102001e1d000000 0 00 00000000 4 0 0 000000000000003e
000000000000003e 0215fffffc040000 0 00 00000000 4 0 1 000000000000003b
000000000000003b 0023151500000100 1 15 00000003 4 0 0 000000000000003c
000000000000003c 00731e1e00000100 1 1e 00000001 4 0 0 000000000000003d
000000000000003d 0102001e1d000000 0 00 00000000 4 0 0 000000000000003e
000000000000003e 0215fffffc040000 0 00 00000000 4 0 1 000000000000003b
000000000000003b 0023151500000100 1 15 00000004 4 0 0 000000000000003c
000000000000003c 00731e1e00000100 1 1e 00000000 4 0 0 000000000000003d
000000000000003d 0102001e1d000000 0 00 00000000 5 1 0 000000000000003e
000000000000003e 0215fffffc040000 0 00 00000000 5 1 0 000000000000003f
000000000000003f 7cf5000000000000 0 00 00000000 5 1 0 0000000000000040
DONE retired=69 fault=00 pc=000000000000003f
