0000000000000000 00131d0000000000 1 1d 00000000 0 0 0 0000000000000001
0000000000000001 00230e0a827b7a00 1 0e ff827b7a 0 0 0 0000000000000002
0000000000000002 8506000000000000 0 00 00000000 0 0 0 0000000000000003
0000000000000003 00b201010c000000 1 01 00000000 0 0 0 0000000000000004
0000000000000004 00b3050800000200 1 05 00000000 0 0 0 0000000000000005
0000000000000005 00630e1400001500 1 0e 00000000 0 0 0 0000000000000006
0000000000000006 0062040c01000000 1 04 00000000 0 0 0 0000000000000007
0000000000000007 0306000000000300 1 03 00000000 0 0 0 0000000000000008
0000000000000008 00a3120b00000900 1 12 00000000 0 0 0 0000000000000009
0000000000000009 0022021008000000 1 02 00000000 0 0 0 000000000000000a
000000000000000a 0306000000000700 1 07 00000000 0 0 0 000000000000000b
000000000000000b 0013100000000100 1 10 00000001 0 0 0 000000000000000c
000000000000000c 8506000000000000 0 00 00000000 0 0 0 000000000000000d
000000000000000d 8506000000000000 0 00 00000000 0 0 0 000000000000000e
000000000000000e 8506000000000000 0 00 00000000 0 0 0 000000000000000f
000000000000000f 8506000000000000 0 00 00000000 0 0 0 0000000000000010
0000000000000010 0063121400001400 1 12 00000000 0 0 0 0000000000000011
0000000000000011 00131e0000000100 1 1e 00000001 0 0 0 0000000000000012
0000000000000012 0023151500000100 1 15 00000001 0 0 0 0000000000000013
0000000000000013 00731e1e00000100 1 1e 00000000 0 0 0 0000000000000014
0000000000000014 0102001e1d000000 0 00 00000000 5 1 0 0000000000000015
0000000000000015 0215fffffc040000 0 00 00000000 5 1 0 0000000000000016
0000000000000016 7cf5000000000000 0 00 00000000 5 1 0 0000000000000017
DONE retired=23 fault=00 pc=0000000000000016
