0000000000000000 00131d0000000000 1 1d 00000000 0 0 0 0000000000000001
0000000000000001 8506000000000000 0 00 00000000 0 0 0 0000000000000002
0000000000000002 0102000203000000 0 00 00000000 5 1 0 0000000000000003
0000000000000003 02150000010b0000 0 00 00000000 5 1 0 0000000000000004
0000000000000004 8506000000000000 0 00 00000000 5 1 0 0000000000000005
0000000000000005 00130700c28a9800 1 07 ffc28a98 5 1 0 0000000000000006
0000000000000006 0102000702000000 0 00 00000000 6 0 0 0000000000000007
0000000000000007 02150000020e0000 0 00 00000000 6 0 1 000000000000000a
000000000000000a 00620a0805000000 1 0a 00000000 6 0 0 000000000000000b
000000000000000b 00a30d0f00001a00 1 0d 00000000 6 0 0 000000000000000c
000000000000000c 00220b0202000000 1 0b 00000000 6 0 0 000000000000000d
000000000000000d 00230a0800000100 1 0a 00000001 6 0 0 000000000000000e
000000000000000e 00220e1405000000 1 0e 00000000 6 0 0 000000000000000f
000000000000000f 0092071300000000 1 07 ffffffff 6 0 0 0000000000000010
0000000000000010 0013050098b04400 1 05 ff98b044 6 0 0 0000000000000011
0000000000000011 00130f00b055ee00 1 0f ffb055ee 6 0 0 0000000000000012
0000000000000012 8506000000000000 0 00 00000000 6 0 0 0000000000000013
0000000000000013 8506000000000000 0 00 00000000 6 0 0 0000000000000014
0000000000000014 0013140005ac8000 1 14 0005ac80 6 0 0 0000000000000015
0000000000000015 00131200e858c300 1 12 ffe858c3 6 0 0 0000000000000016
0000000000000016 00130a001b7d8400 1 0a 001b7d84 6 0 0 0000000000000017
0000000000000017 00130800a1d4a000 1 08 ffa1d4a0 6 0 0 0000000000000018
0000000000000018 0122000606000000 0 00 00000000 5 0 0 0000000000000019
0000000000000019 02150000020b0000 0 00 00000000 5 0 0 000000000000001a
000000000000001a 8506000000000000 0 00 00000000 5 0 0 000000000000001b
000000000000001b 8506000000000000 0 00 00000000 5 0 0 000000000000001c
000000000000001c 012200070a000000 0 00 00000000 6 0 0 000000000000001d
000000000000001d 02150000010c0000 0 00 00000000 6 0 0 000000000000001e
000000000000001e 8506000000000000 0 00 00000000 6 0 0 000000000000001f
000000000000001f 8506000000000000 0 00 00000000 6 0 0 0000000000000020
0000000000000020 8506000000000000 0 00 00000000 6 0 0 0000000000000021
0000000000000021 8506000000000000 0 00 00000000 6 0 0 0000000000000022
0000000000000022 0122000b0b000000 0 00 00000000 5 0 0 0000000000000023
0000000000000023 02150000010b0000 0 00 00000000 5 0 0 0000000000000024
0000000000000024 8506000000000000 0 00 00000000 5 0 0 0000000000000025
0000000000000025 0092040c00000000 1 04 ffffffff 5 0 0 0000000000000026
0000000000000026 00130e0010865300 1 0e 00108653 5 0 0 0000000000000027
0000000000000027 0306000000000b00 1 0b 00000000 5 0 0 0000000000000028
0000000000000028 8506000000000000 0 00 00000000 5 0 0 0000000000000029
0000000000000029 0022121205000000 1 12 ff810907 5 0 0 000000000000002a
000000000000002a 8506000000000000 0 00 00000000 5 0 0 000000000000002b
000000000000002b 8506000000000000 0 00 00000000 5 0 0 000000000000002c
000000000000002c 00130200c3f97800 1 02 ffc3f978 5 0 0 000000000000002d
000000000000002d 00131e0000000300 1 1e 00000003 5 0 0 000000000000002e
000000000000002e 0023151500000100 1 15 00000001 5 0 0 000000000000002f
000000000000002f 00731e1e00000100 1 1e 00000002 5 0 0 0000000000000030
0000000000000030 0102001e1d000000 0 00 00000000 4 0 0 0000000000000031
0000000000000031 0215fffffc040000 0 00 00000000 4 0 1 000000000000002e
000000000000002e 0023151500000100 1 15 00000002 4 0 0 000000000000002f
000000000000002f 00731e1e00000100 1 1e 00000001 4 0 0 0000000000000030
0000000000000030 0102001e1d000000 0 00 00000000 4 0 0 0000000000000031
0000000000000031 0215fffffc040000 0 00 00000000 4 0 1 000000000000002e
000000000000002e 0023151500000100 1 15 00000003 4 0 0 000000000000002f
000000000000002f 00731e1e00000100 1 1e 00000000 4 0 0 0000000000000030
0000000000000030 0102001e1d000000 0 00 00000000 5 1 0 0000000000000031
0000000000000031 0215fffffc040000 0 00 00000000 5 1 0 0000000000000032
0000000000000032 7cf5000000000000 0 00 00000000 5 1 0 0000000000000033
DONE retired=57 fault=00 pc=0000000000000032
