0000000000000000 00131d0000000000 1 1d 00000000 0 0 0 0000000000000001
0000000000000001 0052080802000000 1 08 00000000 0 0 0 0000000000000002
0000000000000002 00720e1014000000 1 0e 00000000 0 0 0 0000000000000003
0000000000000003 00920c1400000000 1 0c ffffffff 0 0 0 0000000000000004
0000000000000004 00a3010200000100 1 01 00000000 0 0 0 0000000000000005
0000000000000005 00130e00d6a16c00 1 0e ffd6a16c 0 0 0 0000000000000006
0000000000000006 0063030b00000c00 1 03 00000000 0 0 0 0000000000000007
0000000000000007 00a3110d00000d00 1 11 00000000 0 0 0 0000000000000008
0000000000000008 8506000000000000 0 00 00000000 0 0 0 0000000000000009
0000000000000009 0013120033a20200 1 12 0033a202 0 0 0 000000000000000a
000000000000000a 00220c1410000000 1 0c 00000000 0 0 0 000000000000000b
000000000000000b 0013020034cf6a00 1 02 0034cf6a 0 0 0 000000000000000c
000000000000000c 0013100078e9aa00 1 10 0078e9aa 0 0 0 000000000000000d
000000000000000d 00420b0404000000 1 0b 00000000 0 0 0 000000000000000e
000000000000000e 8506000000000000 0 00 00000000 0 0 0 000000000000000f
000000000000000f 8506000000000000 0 00 00000000 0 0 0 0000000000000010
0000000000000010 0073050f00000100 1 05 ffffffff 0 0 0 0000000000000011
0000000000000011 0122000608000000 0 00 00000000 5 0 0 0000000000000012
0000000000000012 02150000020d0000 0 00 00000000 5 0 0 0000000000000013
0000000000000013 8506000000000000 0 00 00000000 5 0 0 0000000000000014
0000000000000014 8506000000000000 0 00 00000000 5 0 0 0000000000000015
0000000000000015 8506000000000000 0 00 00000000 5 0 0 0000000000000016
0000000000000016 00130300f9849c00 1 03 fff9849c 5 0 0 0000000000000017
0000000000000017 00920c0b00000000 1 0c ffffffff 5 0 0 0000000000000018
0000000000000018 00920b0700000000 1 0b ffffffff 5 0 0 0000000000000019
0000000000000019 8506000000000000 0 00 00000000 5 0 0 000000000000001a
000000000000001a 00130700addf1d00 1 07 ffaddf1d 5 0 0 000000000000001b
000000000000001b 00130500ade08800 1 05 ffade088 5 0 0 000000000000001c
000000000000001c 0063141000001400 1 14 9aa00000 5 0 0 000000000000001d
000000000000001d 00230c02ffffff00 1 0c 0034cf69 5 0 0 000000000000001e
000000000000001e 8506000000000000 0 00 00000000 5 0 0 000000000000001f
000000000000001f 00320f110d000000 1 0f 00000000 5 0 0 0000000000000020
0000000000000020 0122000b14000000 0 00 00000000 4 1 0 0000000000000021
0000000000000021 02150000020b0000 0 00 00000000 4 1 0 0000000000000022
0000000000000022 8506000000000000 0 00 00000000 4 1 0 0000000000000023
0000000000000023 8506000000000000 0 00 00000000 4 1 0 0000000000000024
0000000000000024 0102000e13000000 0 00 00000000 6 0 0 0000000000000025
0000000000000025 0215000003040000 0 00 00000000 6 0 1 0000000000000029
0000000000000029 8506000000000000 0 00 00000000 6 0 0 000000000000002a
000000000000002a 00131e0000000100 1 1e 00000001 6 0 0 000000000000002b
000000000000002b 0023151500000100 1 15 00000001 6 0 0 000000000000002c
000000000000002c 00731e1e00000100 1 1e 00000000 6 0 0 000000000000002d
000000000000002d 0102001e1d000000 0 00 00000000 5 1 0 000000000000002e
000000000000002e 0215fffffc040000 0 00 00000000 5 1 0 000000000000002f
000000000000002f 7cf5000000000000 0 00 00000000 5 1 0 0000000000000030
DONE retired=45 fault=00 pc=000000000000002f
