0000000000000000 0013140000004d00 1 14 0000004d 0 0 0 0000000000000001 000fffff f 000fffff 0 00 000fffff
0000000000000001 103002060500f000 0 00 00000000 0 0 0 0000000000000002 000fffff f 000fffff 1 02 000fffff
0000000000000002 10710202000ff000 0 00 00000000 0 0 0 0000000000000003 000fffff f 000fffff 1 02 000fffff
0000000000000003 105006020400f000 0 00 00000000 0 0 0 0000000000000004 000fffff f 000fffff 1 06 000fffff
0000000000000004 10510202fffff000 0 00 00000000 0 0 0 0000000000000005 000fffff f 000fffff 1 02 000fffff
0000000000000005 100102042c98f000 0 00 00000000 0 0 0 0000000000000006 000fffff f 000fffff 1 02 000fffff
0000000000000006 105103048000f000 0 00 00000000 0 0 0 0000000000000007 000fffff f 000fffff 1 03 000fffff
0000000000000007 341105008000f000 0 00 00000000 0 0 0 0000000000000008 000fffff f 000fffff 1 05 000fffff
0000000000000008 107104050001f000 0 00 00000000 0 0 0 0000000000000009 000fffff f 000fffff 1 04 000fffff
0000000000000009 34110600fffff000 0 00 00000000 0 0 0 000000000000000a 000fffff f 000fffff 1 06 000fffff
000000000000000a 3400030500005000 0 00 00000000 0 0 0 000000000000000b 000fffff 5 000bfa06 1 03 000bfa06
000000000000000b 101102038000f000 0 00 00000000 0 0 0 000000000000000c 000fffff f 000fffff 1 02 000fffff
000000000000000c 3400060200004000 0 00 00000000 0 0 0 000000000000000d 000fffff 4 000aaaaa 1 06 000aaaaa
000000000000000d 341105006ce4f000 0 00 00000000 0 0 0 000000000000000e 000fffff f 000fffff 1 05 000fffff
000000000000000e 00131500ffffff00 1 15 ffffffff 0 0 0 000000000000000f 000fffff f 000fffff 0 00 000fffff
000000000000000f 342005150000f000 0 00 00000000 0 0 0 0000000000000010 000fffff f 000fffff 1 05 000fffff
0000000000000010 100002050400f000 0 00 00000000 0 0 0 0000000000000011 000fffff f 000fffff 1 02 000fffff
0000000000000011 0013160000000100 1 16 00000001 0 0 0 0000000000000012 000fffff f 000fffff 0 00 000fffff
0000000000000012 342004160000f000 0 00 00000000 0 0 0 0000000000000013 000fffff f 000fffff 1 04 000fffff
0000000000000013 108103040021f000 0 00 00000000 0 0 0 0000000000000014 000fffff f 000fffff 1 03 000fffff
0000000000000014 104006030500f000 0 00 00000000 0 0 0 0000000000000015 000fffff f 000fffff 1 06 000fffff
0000000000000015 102003060500f000 0 00 00000000 0 0 0 0000000000000016 000fffff f 000fffff 1 03 000fffff
0000000000000016 34110500c0c5f000 0 00 00000000 0 0 0 0000000000000017 000fffff f 000fffff 1 05 000fffff
0000000000000017 105006030200f000 0 00 00000000 0 0 0 0000000000000018 000fffff f 000fffff 1 06 000fffff
0000000000000018 10610206001ff000 0 00 00000000 0 0 0 0000000000000019 000fffff f 000fffff 1 02 000fffff
0000000000000019 103002060200f000 0 00 00000000 0 0 0 000000000000001a 000fffff f 000fffff 1 02 000fffff
000000000000001a 00131e0000000200 1 1e 00000002 0 0 0 000000000000001b 000fffff f 000fffff 0 00 000fffff
000000000000001b 0023171700000100 1 17 00000001 0 0 0 000000000000001c 000fffff f 000fffff 0 00 000fffff
000000000000001c 00731e1e00000100 1 1e 00000001 0 0 0 000000000000001d 000fffff f 000fffff 0 00 000fffff
000000000000001d 0013180000000000 1 18 00000000 0 0 0 000000000000001e 000fffff f 000fffff 0 00 000fffff
000000000000001e 0102001e18000000 0 00 00000000 4 0 0 000000000000001f 000fffff f 000fffff 0 00 000fffff
000000000000001f 0215fffffb040000 0 00 00000000 4 0 1 000000000000001b 000fffff f 000fffff 0 00 000fffff
000000000000001b 0023171700000100 1 17 00000002 4 0 0 000000000000001c 000fffff f 000fffff 0 00 000fffff
000000000000001c 00731e1e00000100 1 1e 00000000 4 0 0 000000000000001d 000fffff f 000fffff 0 00 000fffff
000000000000001d 0013180000000000 1 18 00000000 4 0 0 000000000000001e 000fffff f 000fffff 0 00 000fffff
000000000000001e 0102001e18000000 0 00 00000000 5 1 0 000000000000001f 000fffff f 000fffff 0 00 000fffff
000000000000001f 0215fffffb040000 0 00 00000000 5 1 0 0000000000000020 000fffff f 000fffff 0 00 000fffff
0000000000000020 7cf5000000000000 0 00 00000000 5 1 0 0000000000000021 000fffff f 000fffff 0 00 000fffff
DONE retired=38 fault=00 pc=0000000000000020
