0000000000000000 0013140000004d00 1 14 0000004d 0 0 0 0000000000000001 fffff000 f fffff000 0 00 fffff000
0000000000000001 3411030095a5a000 0 00 00000000 0 0 0 0000000000000002 fffff000 a 00000000 1 03 00000000
0000000000000002 0013160000000000 1 16 00000000 0 0 0 0000000000000003 fffff000 f fffff000 0 00 fffff000
0000000000000003 342005160000f000 0 00 00000000 0 0 0 0000000000000004 fffff000 f fffff000 1 05 fffff000
0000000000000004 108102050020f000 0 00 00000000 0 0 0 0000000000000005 fffff000 f fffff000 1 02 fffff000
0000000000000005 100106068000f000 0 00 00000000 0 0 0 0000000000000006 fffff000 f fffff000 1 06 fffff000
0000000000000006 103104038000f000 0 00 00000000 0 0 0 0000000000000007 fffff000 f fffff000 1 04 fffff000
0000000000000007 341105007ffff000 0 00 00000000 0 0 0 0000000000000008 fffff000 f fffff000 1 05 fffff000
0000000000000008 10410305e035f000 0 00 00000000 0 0 0 0000000000000009 fffff000 f fffff000 1 03 fffff000
0000000000000009 00131500ffffff00 1 15 ffffffff 0 0 0 000000000000000a fffff000 f fffff000 0 00 fffff000
000000000000000a 342006150000b000 0 00 00000000 0 0 0 000000000000000b fffff000 b 80000000 1 06 80000000
000000000000000b 0013150055555500 1 15 00555555 0 0 0 000000000000000c fffff000 f fffff000 0 00 fffff000
000000000000000c 342002150000f000 0 00 00000000 0 0 0 000000000000000d fffff000 f fffff000 1 02 fffff000
000000000000000d 105002060400f000 0 00 00000000 0 0 0 000000000000000e fffff000 f fffff000 1 02 fffff000
000000000000000e 0013160055555500 1 16 00555555 0 0 0 000000000000000f fffff000 f fffff000 0 00 fffff000
000000000000000f 342005160000f000 0 00 00000000 0 0 0 0000000000000010 fffff000 f fffff000 1 05 fffff000
0000000000000010 108103050010f000 0 00 00000000 0 0 0 0000000000000011 fffff000 f fffff000 1 03 fffff000
0000000000000011 10610403000ff000 0 00 00000000 0 0 0 0000000000000012 fffff000 f fffff000 1 04 fffff000
0000000000000012 10610404003ff000 0 00 00000000 0 0 0 0000000000000013 fffff000 f fffff000 1 04 fffff000
0000000000000013 106105060010f000 0 00 00000000 0 0 0 0000000000000014 fffff000 f fffff000 1 05 fffff000
0000000000000014 00131500ffffff00 1 15 ffffffff 0 0 0 0000000000000015 fffff000 f fffff000 0 00 fffff000
0000000000000015 342002150000f000 0 00 00000000 0 0 0 0000000000000016 fffff000 f fffff000 1 02 fffff000
0000000000000016 105005060600f000 0 00 00000000 0 0 0 0000000000000017 fffff000 f fffff000 1 05 fffff000
0000000000000017 343005000000f000 0 00 00000000 0 0 0 0000000000000018 fffff000 f fffff000 1 05 fffff000
0000000000000018 100003020400f000 0 00 00000000 0 0 0 0000000000000019 fffff000 f fffff000 1 03 fffff000
0000000000000019 00131500ffffff00 1 15 ffffffff 0 0 0 000000000000001a fffff000 f fffff000 0 00 fffff000
000000000000001a 342002150000f000 0 00 00000000 0 0 0 000000000000001b fffff000 f fffff000 1 02 fffff000
000000000000001b 102003030200f000 0 00 00000000 0 0 0 000000000000001c fffff000 f fffff000 1 03 fffff000
000000000000001c 343004000000f000 0 00 00000000 0 0 0 000000000000001d fffff000 f fffff000 1 04 fffff000
000000000000001d 104104030001f000 0 00 00000000 0 0 0 000000000000001e fffff000 f fffff000 1 04 fffff000
000000000000001e 00131500aaaaaa00 1 15 ffaaaaaa 0 0 0 000000000000001f fffff000 f fffff000 0 00 fffff000
000000000000001f 342003150000f000 0 00 00000000 0 0 0 0000000000000020 fffff000 f fffff000 1 03 fffff000
0000000000000020 00131600aaaaaa00 1 16 ffaaaaaa 0 0 0 0000000000000021 fffff000 f fffff000 0 00 fffff000
0000000000000021 342005160000f000 0 00 00000000 0 0 0 0000000000000022 fffff000 f fffff000 1 05 fffff000
0000000000000022 10810405001ff000 0 00 00000000 0 0 0 0000000000000023 fffff000 f fffff000 1 04 fffff000
0000000000000023 106104040010f000 0 00 00000000 0 0 0 0000000000000024 fffff000 f fffff000 1 04 fffff000
0000000000000024 106106030010f000 0 00 00000000 0 0 0 0000000000000025 fffff000 f fffff000 1 06 fffff000
0000000000000025 340002020000f000 0 00 00000000 0 0 0 0000000000000026 fffff000 f fffff000 1 02 fffff000
0000000000000026 3400030600002000 0 00 00000000 0 0 0 0000000000000027 fffff000 2 80000000 1 03 80000000
0000000000000027 104104057523f000 0 00 00000000 0 0 0 0000000000000028 fffff000 f fffff000 1 04 fffff000
0000000000000028 100004050400f000 0 00 00000000 0 0 0 0000000000000029 fffff000 f fffff000 1 04 fffff000
0000000000000029 00131e0000000300 1 1e 00000003 0 0 0 000000000000002a fffff000 f fffff000 0 00 fffff000
000000000000002a 0023171700000100 1 17 00000001 0 0 0 000000000000002b fffff000 f fffff000 0 00 fffff000
000000000000002b 00731e1e00000100 1 1e 00000002 0 0 0 000000000000002c fffff000 f fffff000 0 00 fffff000
000000000000002c 0013180000000000 1 18 00000000 0 0 0 000000000000002d fffff000 f fffff000 0 00 fffff000
000000000000002d 0102001e18000000 0 00 00000000 4 0 0 000000000000002e fffff000 f fffff000 0 00 fffff000
000000000000002e 0215fffffb040000 0 00 00000000 4 0 1 000000000000002a fffff000 f fffff000 0 00 fffff000
000000000000002a 0023171700000100 1 17 00000002 4 0 0 000000000000002b fffff000 f fffff000 0 00 fffff000
000000000000002b 00731e1e00000100 1 1e 00000001 4 0 0 000000000000002c fffff000 f fffff000 0 00 fffff000
000000000000002c 0013180000000000 1 18 00000000 4 0 0 000000000000002d fffff000 f fffff000 0 00 fffff000
000000000000002d 0102001e18000000 0 00 00000000 4 0 0 000000000000002e fffff000 f fffff000 0 00 fffff000
000000000000002e 0215fffffb040000 0 00 00000000 4 0 1 000000000000002a fffff000 f fffff000 0 00 fffff000
000000000000002a 0023171700000100 1 17 00000003 4 0 0 000000000000002b fffff000 f fffff000 0 00 fffff000
000000000000002b 00731e1e00000100 1 1e 00000000 4 0 0 000000000000002c fffff000 f fffff000 0 00 fffff000
000000000000002c 0013180000000000 1 18 00000000 4 0 0 000000000000002d fffff000 f fffff000 0 00 fffff000
000000000000002d 0102001e18000000 0 00 00000000 5 1 0 000000000000002e fffff000 f fffff000 0 00 fffff000
000000000000002e 0215fffffb040000 0 00 00000000 5 1 0 000000000000002f fffff000 f fffff000 0 00 fffff000
000000000000002f 7cf5000000000000 0 00 00000000 5 1 0 0000000000000030 fffff000 f fffff000 0 00 fffff000
DONE retired=58 fault=00 pc=000000000000002f
