0000000000000000 343001000000f000 0 00 00000000 0 0 0 0 0 0 0000000000000001 ffffffff f ffffffff 1 01
0000000000000001 341107000001f000 0 00 00000000 0 0 0 0 0 0 0000000000000002 ffffffff f ffffffff 1 07
0000000000000002 34110c000003f000 0 00 00000000 0 0 0 0 0 0 0000000000000003 ffffffff f ffffffff 1 0c
0000000000000003 11000c010500f000 0 00 00000000 0 0 0 0 0 0 0000000000000004 ffffffff f ffffffff 1 0c
0000000000000004 30299010c0000000 0 00 00000000 0 0 0 0 0 0 0000000000000005 ffffffff f ffffffff 0 00
0000000000000005 7c15000002900093 0 00 00000000 0 0 0 0 0 0 0000000000000008 ffffffff f ffffffff 0 00
0000000000000008 304920a0c0000000 0 00 00000000 0 0 0 0 0 0 0000000000000009 ffffffff f ffffffff 0 00
0000000000000009 7c1500000220008e 0 00 00000000 0 0 0 0 0 0 000000000000000c ffffffff f ffffffff 0 00
000000000000000c 3049a0b0c0000000 0 00 00000000 0 0 0 0 0 0 000000000000000d ffffffff f ffffffff 0 00
000000000000000d 7c1500000ba00082 0 00 00000000 0 0 0 0 0 0 0000000000000019 ffffffff f ffffffff 0 00
0000000000000019 34110d000001f000 0 00 00000000 0 0 0 0 0 0 000000000000001a ffffffff f ffffffff 1 0d
000000000000001a 10300c010d00f000 0 00 00000000 0 0 0 0 0 0 000000000000001b ffffffff f ffffffff 1 0c
000000000000001b 10000c0c0700f000 0 00 00000000 0 0 0 0 0 0 000000000000001c ffffffff f ffffffff 1 0c
000000000000001c 34110a000000f000 0 00 00000000 0 0 0 0 0 0 000000000000001d ffffffff f ffffffff 1 0a
000000000000001d 7c85000004000000 0 00 00000000 0 0 0 0 0 0 000000000000001e ffffffff f ffffffff 0 00
000000000000001e 3059e0a0c0000000 0 00 00000000 0 0 0 0 0 0 000000000000001f ffffffff f ffffffff 0 00
000000000000001f 3029d0a0c0000000 0 00 00000000 0 0 0 0 0 0 0000000000000020 ffffffff f ffffffff 0 00
0000000000000020 11000c030c00f000 0 00 00000000 0 0 0 0 0 0 0000000000000021 ffffffff f ffffffff 1 0c
0000000000000021 10000a0a0700f000 0 00 00000000 0 0 0 0 0 0 0000000000000022 ffffffff f ffffffff 1 0a
0000000000000022 7c95fffffbd00000 0 00 00000000 0 0 0 0 0 0 000000000000001e ffffffff f ffffffff 0 00
000000000000001e 3059e0a0c0000000 0 00 00000000 0 0 0 0 0 0 000000000000001f ffffffff f ffffffff 0 00
000000000000001f 3029d0a0c0000000 0 00 00000000 0 0 0 0 0 0 0000000000000020 ffffffff f ffffffff 0 00
0000000000000020 11000c030c00f000 0 00 00000000 0 0 0 0 0 0 0000000000000021 ffffffff f ffffffff 1 0c
0000000000000021 10000a0a0700f000 0 00 00000000 0 0 0 0 0 0 0000000000000022 ffffffff f ffffffff 1 0a
0000000000000022 7c95fffffbd00000 0 00 00000000 0 0 0 0 0 0 0000000000000023 ffffffff f ffffffff 0 00
0000000000000023 3009301070000000 0 00 00000000 0 0 0 0 0 0 0000000000000024 ffffffff f ffffffff 0 00
0000000000000024 7c1500006830006a 0 00 00000000 0 0 0 0 0 0 0000000000000025 00000002 f 00000002 0 00
0000000000000025 30195010c0000000 0 00 00000000 0 0 0 0 0 0 0000000000000026 00000002 f 00000002 0 00
0000000000000026 7c1500004a500063 0 00 00000000 0 0 0 0 0 0 0000000000000027 00000002 f 00000002 0 00
0000000000000027 304980a0c0000000 0 00 00000000 0 0 0 0 0 0 0000000000000028 00000002 f 00000002 0 00
0000000000000028 7c15000038800046 0 00 00000000 0 0 0 0 0 0 0000000000000029 00000002 f 00000002 0 00
0000000000000029 101003040500f000 0 00 00000000 0 0 0 0 0 0 000000000000002a 00000002 f 00000002 1 03
000000000000002a 30591010c0000000 0 00 00000000 0 0 0 0 0 0 000000000000002b 00000002 f 00000002 0 00
000000000000002b 7c1500001f100033 0 00 00000000 0 0 0 0 0 0 000000000000002c 00000002 f 00000002 0 00
000000000000002c 34110d000003f000 0 00 00000000 0 0 0 0 0 0 000000000000002d 00000002 f 00000002 1 0d
000000000000002d 10300c010d00f000 0 00 00000000 0 0 0 0 0 0 000000000000002e 00000002 f 00000002 1 0c
000000000000002e 10000c0c0700f000 0 00 00000000 0 0 0 0 0 0 000000000000002f 00000002 f 00000002 1 0c
000000000000002f 34110a000000f000 0 00 00000000 0 0 0 0 0 0 0000000000000030 00000002 f 00000002 1 0a
0000000000000030 7c85000005000000 0 00 00000000 0 0 0 0 0 0 0000000000000031 00000002 f 00000002 0 00
0000000000000031 3059e0a0c0000000 0 00 00000000 0 0 0 0 0 0 0000000000000032 00000002 f 00000002 0 00
0000000000000032 3029d0a0c0000000 0 00 00000000 0 0 0 0 0 0 0000000000000033 00000002 f 00000002 0 00
0000000000000033 0023060600000100 1 06 00000001 0 0 0 0 0 0 0000000000000034 00000002 f 00000002 0 00
0000000000000034 7cb5000000e00000 0 00 00000000 0 0 0 0 0 0 0000000000000035 00000002 f 00000002 0 00
0000000000000035 10000a0a0700f000 0 00 00000000 0 0 0 0 0 0 0000000000000036 00000002 f 00000002 1 0a
0000000000000036 7c95fffffad00000 0 00 00000000 0 0 0 0 0 0 0000000000000031 00000002 f 00000002 0 00
0000000000000031 3059e0a0c0000000 0 00 00000000 0 0 0 0 0 0 0000000000000032 00000002 f 00000002 0 00
0000000000000032 3029d0a0c0000000 0 00 00000000 0 0 0 0 0 0 0000000000000033 00000002 f 00000002 0 00
0000000000000033 0023060600000100 1 06 00000002 0 0 0 0 0 0 0000000000000034 00000002 f 00000002 0 00
0000000000000034 7cb5000000e00000 0 00 00000000 0 0 0 0 0 0 0000000000000035 00000002 f 00000002 0 00
0000000000000035 10000a0a0700f000 0 00 00000000 0 0 0 0 0 0 0000000000000036 00000002 f 00000002 1 0a
0000000000000036 7c95fffffad00000 0 00 00000000 0 0 0 0 0 0 0000000000000031 00000002 f 00000002 0 00
0000000000000031 3059e0a0c0000000 0 00 00000000 0 0 0 0 0 0 0000000000000032 00000002 f 00000002 0 00
0000000000000032 3029d0a0c0000000 0 00 00000000 0 0 0 0 0 0 0000000000000033 00000002 f 00000002 0 00
0000000000000033 0023060600000100 1 06 00000003 0 0 0 0 0 0 0000000000000034 00000002 f 00000002 0 00
0000000000000036 7cb5000000e00000 0 00 00000000 0 0 0 0 0 0 0000000000000035 00000000 f 00000000 0 00
0000000000000036 7c95fffffad00000 0 00 00000000 0 0 0 0 0 0 0000000000000037 00000002 f 00000002 0 00
0000000000000037 30193010c0000000 0 00 00000000 0 0 0 0 0 0 0000000000000038 00000002 f 00000002 0 00
0000000000000038 7c1500000f300010 0 00 00000000 0 0 0 0 0 0 0000000000000039 00000002 f 00000002 0 00
0000000000000039 34110d000001f000 0 00 00000000 0 0 0 0 0 0 000000000000003a 00000002 f 00000002 1 0d
000000000000003a 10300c010d00f000 0 00 00000000 0 0 0 0 0 0 000000000000003b 00000002 f 00000002 1 0c
000000000000003b 10000c0c0700f000 0 00 00000000 0 0 0 0 0 0 000000000000003c 00000002 f 00000002 1 0c
000000000000003c 34110a000000f000 0 00 00000000 0 0 0 0 0 0 000000000000003d 00000002 f 00000002 1 0a
000000000000003d 7c85000007000000 0 00 00000000 0 0 0 0 0 0 000000000000003e 00000002 f 00000002 0 00
000000000000003e 3059e0a0c0000000 0 00 00000000 0 0 0 0 0 0 000000000000003f 00000002 f 00000002 0 00
000000000000003f 3029d0a0c0000000 0 00 00000000 0 0 0 0 0 0 0000000000000040 00000002 f 00000002 0 00
0000000000000040 3039601070000000 0 00 00000000 0 0 0 0 0 0 0000000000000041 00000002 f 00000002 0 00
0000000000000041 7c15000000600001 0 00 00000000 0 0 0 0 0 0 0000000000000042 00000002 f 00000002 0 00
0000000000000042 101005030c00f000 0 00 00000000 0 0 0 0 0 0 0000000000000043 00000002 f 00000002 1 05
0000000000000043 7c25000000000000 0 00 00000000 0 0 0 0 0 0 0000000000000044 00000002 f 00000002 0 00
0000000000000044 10000a0a0700f000 0 00 00000000 0 0 0 0 0 0 0000000000000045 00000002 f 00000002 1 0a
0000000000000045 7c95fffff8d00000 0 00 00000000 0 0 0 0 0 0 000000000000003e 00000002 f 00000002 0 00
000000000000003e 3059e0a0c0000000 0 00 00000000 0 0 0 0 0 0 000000000000003f 00000002 f 00000002 0 00
000000000000003f 3029d0a0c0000000 0 00 00000000 0 0 0 0 0 0 0000000000000040 00000002 f 00000002 0 00
0000000000000040 3039601070000000 0 00 00000000 0 0 0 0 0 0 0000000000000041 00000002 f 00000002 0 00
0000000000000041 7c15000000600001 0 00 00000000 0 0 0 0 0 0 0000000000000042 00000002 f 00000002 0 00
0000000000000042 101005030c00f000 0 00 00000000 0 0 0 0 0 0 0000000000000043 00000002 f 00000002 1 05
0000000000000043 7c25000000000000 0 00 00000000 0 0 0 0 0 0 0000000000000044 00000002 f 00000002 0 00
0000000000000044 10000a0a0700f000 0 00 00000000 0 0 0 0 0 0 0000000000000045 00000002 f 00000002 1 0a
0000000000000045 7c95fffff8d00000 0 00 00000000 0 0 0 0 0 0 000000000000003e 00000002 f 00000002 0 00
000000000000003e 3059e0a0c0000000 0 00 00000000 0 0 0 0 0 0 000000000000003f 00000002 f 00000002 0 00
000000000000003f 3029d0a0c0000000 0 00 00000000 0 0 0 0 0 0 0000000000000040 00000002 f 00000002 0 00
0000000000000040 3039601070000000 0 00 00000000 0 0 0 0 0 0 0000000000000041 00000002 f 00000002 0 00
0000000000000041 7c15000000600001 0 00 00000000 0 0 0 0 0 0 0000000000000042 00000002 f 00000002 0 00
0000000000000042 101005030c00f000 0 00 00000000 0 0 0 0 0 0 0000000000000043 00000002 f 00000002 1 05
0000000000000043 7c25000000000000 0 00 00000000 0 0 0 0 0 0 0000000000000044 00000002 f 00000002 0 00
0000000000000044 10000a0a0700f000 0 00 00000000 0 0 0 0 0 0 0000000000000045 00000002 f 00000002 1 0a
0000000000000045 7c95fffff8d00000 0 00 00000000 0 0 0 0 0 0 0000000000000046 00000002 f 00000002 0 00
0000000000000046 10500c010c00f000 0 00 00000000 0 0 0 0 0 0 0000000000000047 00000002 f 00000002 1 0c
0000000000000047 0205000001000000 0 00 00000000 0 0 0 0 0 1 0000000000000049 00000002 f 00000002 0 00
0000000000000049 7c25000000000000 0 00 00000000 0 0 0 0 0 0 000000000000004a 00000002 f 00000002 0 00
000000000000004a 0205000014000000 0 00 00000000 0 0 0 0 0 1 000000000000005f 00000002 f 00000002 0 00
000000000000005f 7c25000000000000 0 00 00000000 0 0 0 0 0 0 0000000000000060 00000002 f 00000002 0 00
0000000000000060 020500000e000000 0 00 00000000 0 0 0 0 0 1 000000000000006f 00000002 f 00000002 0 00
000000000000006f 7c25000000000000 0 00 00000000 0 0 0 0 0 0 0000000000000070 00000002 f 00000002 0 00
0000000000000070 0205000019000000 0 00 00000000 0 0 0 0 0 1 000000000000008a 00000002 f 00000002 0 00
000000000000008a 7c25000000000000 0 00 00000000 0 0 0 0 0 0 000000000000008b 00000002 f 00000002 0 00
000000000000008b 34110400000ff000 0 00 00000000 0 0 0 0 0 0 000000000000008c 00000002 f 00000002 1 04
000000000000008c 0205000002000000 0 00 00000000 0 0 0 0 0 1 000000000000008f 00000002 f 00000002 0 00
000000000000008f 7c25000000000000 0 00 00000000 0 0 0 0 0 0 000000000000008d fffffffd f fffffffd 0 00
000000000000008d 104005030700f000 0 00 00000000 0 0 0 0 0 0 000000000000008e fffffffd f fffffffd 1 05
000000000000008e 10500c040500f000 0 00 00000000 0 0 0 0 0 0 000000000000008f fffffffd f fffffffd 1 0c
000000000000008f 7c25000000000000 0 00 00000000 0 0 0 0 0 0 0000000000000090 ffffffff f ffffffff 0 00
0000000000000090 7c25000000000000 0 00 00000000 0 0 0 0 0 0 0000000000000091 ffffffff f ffffffff 0 00
0000000000000091 3019a0b0c0000000 0 00 00000000 0 0 0 0 0 0 0000000000000092 ffffffff f ffffffff 0 00
0000000000000092 7c15000002a00004 0 00 00000000 0 0 0 0 0 0 0000000000000093 ffffffff f ffffffff 0 00
0000000000000093 10100c0c0400f000 0 00 00000000 0 0 0 0 0 0 0000000000000094 ffffffff f ffffffff 1 0c
0000000000000094 0205000002000000 0 00 00000000 0 0 0 0 0 1 0000000000000097 ffffffff f ffffffff 0 00
0000000000000097 7c25000000000000 0 00 00000000 0 0 0 0 0 0 0000000000000098 ffffffff f ffffffff 0 00
0000000000000098 7c25000000000000 0 00 00000000 0 0 0 0 0 0 0000000000000099 ffffffff f ffffffff 0 00
0000000000000099 7c25000000000000 0 00 00000000 0 0 0 0 0 0 000000000000009a ffffffff f ffffffff 0 00
000000000000009a 101003070300f000 0 00 00000000 0 0 0 0 0 0 000000000000009b ffffffff f ffffffff 1 03
000000000000009b 7cf5000000000000 0 00 00000000 0 0 0 0 0 0 000000000000009c ffffffff f ffffffff 0 00
