0000000000000000 343001000000f000 0 00 00000000 0 0 0 0 0 0 0000000000000001 ffffffff f ffffffff 1 01
0000000000000001 341107000001f000 0 00 00000000 0 0 0 0 0 0 0000000000000002 ffffffff f ffffffff 1 07
0000000000000002 34110c000003f000 0 00 00000000 0 0 0 0 0 0 0000000000000003 ffffffff f ffffffff 1 0c
0000000000000003 101004070100f000 0 00 00000000 0 0 0 0 0 0 0000000000000004 ffffffff f ffffffff 1 04
0000000000000004 3039b0a0c0000000 0 00 00000000 0 0 0 0 0 0 0000000000000005 ffffffff f ffffffff 0 00
0000000000000005 7c15000002b00061 0 00 00000000 0 0 0 0 0 0 0000000000000006 ffffffff f ffffffff 0 00
0000000000000006 34110c000009f000 0 00 00000000 0 0 0 0 0 0 0000000000000007 ffffffff f ffffffff 1 0c
0000000000000007 020500005f000000 0 00 00000000 0 0 0 0 0 1 0000000000000067 ffffffff f ffffffff 0 00
0000000000000067 7c25000000000000 0 00 00000000 0 0 0 0 0 0 0000000000000068 ffffffff f ffffffff 0 00
0000000000000068 34110d000003f000 0 00 00000000 0 0 0 0 0 0 0000000000000069 ffffffff f ffffffff 1 0d
0000000000000069 10300c010d00f000 0 00 00000000 0 0 0 0 0 0 000000000000006a ffffffff f ffffffff 1 0c
000000000000006a 10000c0c0700f000 0 00 00000000 0 0 0 0 0 0 000000000000006b ffffffff f ffffffff 1 0c
000000000000006b 34110a000000f000 0 00 00000000 0 0 0 0 0 0 000000000000006c ffffffff f ffffffff 1 0a
000000000000006c 7c85000008000000 0 00 00000000 0 0 0 0 0 0 000000000000006d ffffffff f ffffffff 0 00
000000000000006d 3059e0a0c0000000 0 00 00000000 0 0 0 0 0 0 000000000000006e ffffffff f ffffffff 0 00
000000000000006e 3029d0a0c0000000 0 00 00000000 0 0 0 0 0 0 000000000000006f ffffffff f ffffffff 0 00
000000000000006f 3039201070000000 0 00 00000000 0 0 0 0 0 0 0000000000000070 ffffffff f ffffffff 0 00
0000000000000070 7c15000000200001 0 00 00000000 0 0 0 0 0 0 0000000000000071 00000003 f 00000003 0 00
0000000000000071 341105000004f000 0 00 00000000 0 0 0 0 0 0 0000000000000072 00000003 f 00000003 1 05
0000000000000072 7c25000000000000 0 00 00000000 0 0 0 0 0 0 0000000000000071 fffffffc f fffffffc 0 00
0000000000000071 341105000004f000 0 00 00000000 0 0 0 0 0 0 0000000000000072 fffffffc f fffffffc 1 05
0000000000000072 7c25000000000000 0 00 00000000 0 0 0 0 0 0 0000000000000073 ffffffff f ffffffff 0 00
0000000000000073 7cb5000000e00000 0 00 00000000 0 0 0 0 0 0 0000000000000074 ffffffff f ffffffff 0 00
0000000000000074 10000a0a0700f000 0 00 00000000 0 0 0 0 0 0 0000000000000075 ffffffff f ffffffff 1 0a
0000000000000075 7c95fffff7d00000 0 00 00000000 0 0 0 0 0 0 000000000000006d ffffffff f ffffffff 0 00
000000000000006d 3059e0a0c0000000 0 00 00000000 0 0 0 0 0 0 000000000000006e ffffffff f ffffffff 0 00
000000000000006e 3029d0a0c0000000 0 00 00000000 0 0 0 0 0 0 000000000000006f ffffffff f ffffffff 0 00
000000000000006f 3039201070000000 0 00 00000000 0 0 0 0 0 0 0000000000000070 ffffffff f ffffffff 0 00
0000000000000070 7c15000000200001 0 00 00000000 0 0 0 0 0 0 0000000000000071 00000003 f 00000003 0 00
0000000000000071 341105000004f000 0 00 00000000 0 0 0 0 0 0 0000000000000072 00000003 f 00000003 1 05
0000000000000072 7c25000000000000 0 00 00000000 0 0 0 0 0 0 0000000000000071 fffffffc f fffffffc 0 00
0000000000000071 341105000004f000 0 00 00000000 0 0 0 0 0 0 0000000000000072 fffffffc f fffffffc 1 05
0000000000000072 7c25000000000000 0 00 00000000 0 0 0 0 0 0 0000000000000073 ffffffff f ffffffff 0 00
0000000000000073 7cb5000000e00000 0 00 00000000 0 0 0 0 0 0 0000000000000074 eeeeeeee f eeeeeeee 0 00
0000000000000074 10000a0a0700f000 0 00 00000000 0 0 0 0 0 0 0000000000000075 eeeeeeee f eeeeeeee 1 0a
0000000000000075 7c95fffff7d00000 0 00 00000000 0 0 0 0 0 0 000000000000006d eeeeeeee f eeeeeeee 0 00
000000000000006d 3059e0a0c0000000 0 00 00000000 0 0 0 0 0 0 000000000000006e eeeeeeee f eeeeeeee 0 00
000000000000006e 3029d0a0c0000000 0 00 00000000 0 0 0 0 0 0 000000000000006f eeeeeeee f eeeeeeee 0 00
000000000000006f 3039201070000000 0 00 00000000 0 0 0 0 0 0 0000000000000070 eeeeeeee f eeeeeeee 0 00
0000000000000070 7c15000000200001 0 00 00000000 0 0 0 0 0 0 0000000000000071 00000002 f 00000002 0 00
0000000000000071 341105000004f000 0 00 00000000 0 0 0 0 0 0 0000000000000072 00000002 f 00000002 1 05
0000000000000072 7c25000000000000 0 00 00000000 0 0 0 0 0 0 0000000000000071 eeeeeeec f eeeeeeec 0 00
0000000000000071 341105000004f000 0 00 00000000 0 0 0 0 0 0 0000000000000072 eeeeeeec f eeeeeeec 1 05
0000000000000072 7c25000000000000 0 00 00000000 0 0 0 0 0 0 0000000000000073 eeeeeeee f eeeeeeee 0 00
0000000000000073 7cb5000000e00000 0 00 00000000 0 0 0 0 0 0 0000000000000074 cccccccc f cccccccc 0 00
0000000000000074 10000a0a0700f000 0 00 00000000 0 0 0 0 0 0 0000000000000075 cccccccc f cccccccc 1 0a
0000000000000075 7c95fffff7d00000 0 00 00000000 0 0 0 0 0 0 000000000000006d cccccccc f cccccccc 0 00
000000000000006d 3059e0a0c0000000 0 00 00000000 0 0 0 0 0 0 000000000000006e cccccccc f cccccccc 0 00
000000000000006e 3029d0a0c0000000 0 00 00000000 0 0 0 0 0 0 000000000000006f cccccccc f cccccccc 0 00
000000000000006f 3039201070000000 0 00 00000000 0 0 0 0 0 0 0000000000000070 cccccccc f cccccccc 0 00
0000000000000070 7c15000000200001 0 00 00000000 0 0 0 0 0 0 0000000000000071 cccccccc f cccccccc 0 00
0000000000000071 341105000004f000 0 00 00000000 0 0 0 0 0 0 0000000000000072 cccccccc f cccccccc 1 05
0000000000000072 7c25000000000000 0 00 00000000 0 0 0 0 0 0 0000000000000073 cccccccc f cccccccc 0 00
0000000000000073 7cb5000000e00000 0 00 00000000 0 0 0 0 0 0 0000000000000074 88888888 f 88888888 0 00
0000000000000074 10000a0a0700f000 0 00 00000000 0 0 0 0 0 0 0000000000000075 88888888 f 88888888 1 0a
0000000000000075 7c95fffff7d00000 0 00 00000000 0 0 0 0 0 0 000000000000006d 88888888 f 88888888 0 00
000000000000006d 3059e0a0c0000000 0 00 00000000 0 0 0 0 0 0 000000000000006e 88888888 f 88888888 0 00
000000000000006e 3029d0a0c0000000 0 00 00000000 0 0 0 0 0 0 000000000000006f 88888888 f 88888888 0 00
000000000000006f 3039201070000000 0 00 00000000 0 0 0 0 0 0 0000000000000070 88888888 f 88888888 0 00
0000000000000070 7c15000000200001 0 00 00000000 0 0 0 0 0 0 0000000000000071 88888888 f 88888888 0 00
0000000000000071 341105000004f000 0 00 00000000 0 0 0 0 0 0 0000000000000072 88888888 f 88888888 1 05
0000000000000072 7c25000000000000 0 00 00000000 0 0 0 0 0 0 0000000000000073 88888888 f 88888888 0 00
0000000000000075 7cb5000000e00000 0 00 00000000 0 0 0 0 0 0 0000000000000074 00000000 f 00000000 0 00
0000000000000075 7c95fffff7d00000 0 00 00000000 0 0 0 0 0 0 0000000000000076 ffffffff f ffffffff 0 00
0000000000000076 7cf5000000000000 0 00 00000000 0 0 0 0 0 0 0000000000000077 ffffffff f ffffffff 0 00
