0000000000000000 00131d0000000000 1 1d 00000000 0 0 0 0000000000000001
0000000000000001 00b3141200000000 1 14 00000000 0 0 0 0000000000000002
0000000000000002 00730b05ffffff00 1 0b 00000001 0 0 0 0000000000000003
0000000000000003 001312004254e600 1 12 004254e6 0 0 0 0000000000000004
0000000000000004 011200020b000000 0 00 00000000 2 1 0 0000000000000005
0000000000000005 02150000020e0000 0 00 00000000 2 1 0 0000000000000006
0000000000000006 8506000000000000 0 00 00000000 2 1 0 0000000000000007
0000000000000007 8506000000000000 0 00 00000000 2 1 0 0000000000000008
0000000000000008 0306000000000800 1 08 00000000 2 1 0 0000000000000009
0000000000000009 00b204010a000000 1 04 00000000 2 1 0 000000000000000a
000000000000000a 00130600aaaaaa00 1 06 ffaaaaaa 2 1 0 000000000000000b
000000000000000b 0102000708000000 0 00 00000000 5 1 0 000000000000000c
000000000000000c 02150000020e0000 0 00 00000000 5 1 1 000000000000000f
000000000000000f 00131e0000000200 1 1e 00000002 5 1 0 0000000000000010
0000000000000010 0023151500000100 1 15 00000001 5 1 0 0000000000000011
0000000000000011 00731e1e00000100 1 1e 00000001 5 1 0 0000000000000012
0000000000000012 0102001e1d000000 0 00 00000000 4 0 0 0000000000000013
0000000000000013 0215fffffc040000 0 00 00000000 4 0 1 0000000000000010
0000000000000010 0023151500000100 1 15 00000002 4 0 0 0000000000000011
0000000000000011 00731e1e00000100 1 1e 00000000 4 0 0 0000000000000012
0000000000000012 0102001e1d000000 0 00 00000000 5 1 0 0000000000000013
0000000000000013 0215fffffc040000 0 00 00000000 5 1 0 0000000000000014
0000000000000014 7cf5000000000000 0 00 00000000 5 1 0 0000000000000015
DONE retired=23 fault=00 pc=0000000000000014
