0000000000000000 00131d0000000000 1 1d 00000000 0 0 0 0000000000000001
0000000000000001 0306000000000e00 1 0e 00000000 0 0 0 0000000000000002
0000000000000002 0102000310000000 0 00 00000000 5 1 0 0000000000000003
0000000000000003 0215000003010000 0 00 00000000 5 1 1 0000000000000007
0000000000000007 00131200f73c9b00 1 12 fff73c9b 5 1 0 0000000000000008
0000000000000008 00230f0dd2a6b100 1 0f ffd2a6b1 5 1 0 0000000000000009
0000000000000009 0022110f05000000 1 11 ffd2a6b1 5 1 0 000000000000000a
000000000000000a 00b2031006000000 1 03 00000000 5 1 0 000000000000000b
000000000000000b 0122001205000000 0 00 00000000 6 0 0 000000000000000c
000000000000000c 0215000001030000 0 00 00000000 6 0 0 000000000000000d
000000000000000d 8506000000000000 0 00 00000000 6 0 0 000000000000000e
000000000000000e 8506000000000000 0 00 00000000 6 0 0 000000000000000f
000000000000000f 0102000a06000000 0 00 00000000 5 1 0 0000000000000010
0000000000000010 02150000010b0000 0 00 00000000 5 1 0 0000000000000011
0000000000000011 8506000000000000 0 00 00000000 5 1 0 0000000000000012
0000000000000012 00920b0a00000000 1 0b ffffffff 5 1 0 0000000000000013
0000000000000013 00a2060e07000000 1 06 00000000 5 1 0 0000000000000014
0000000000000014 012200130f000000 0 00 00000000 0 1 0 0000000000000015
0000000000000015 02150000020d0000 0 00 00000000 0 1 1 0000000000000018
0000000000000018 0306000000000200 1 02 00000000 0 1 0 0000000000000019
0000000000000019 00131000f839f600 1 10 fff839f6 0 1 0 000000000000001a
000000000000001a 00620e0806000000 1 0e 00000000 0 1 0 000000000000001b
000000000000001b 0013070054135700 1 07 00541357 0 1 0 000000000000001c
000000000000001c 00820a060d000000 1 0a 00000000 0 1 0 000000000000001d
000000000000001d 00130a00d33a8700 1 0a ffd33a87 0 1 0 000000000000001e
000000000000001e 00730a0482e8e400 1 0a 007d171c 0 1 0 000000000000001f
000000000000001f 00130b0020e48200 1 0b 0020e482 0 1 0 0000000000000020
0000000000000020 00a3080200001100 1 08 00000000 0 1 0 0000000000000021
0000000000000021 0092120f00000000 1 12 002d594e 0 1 0 0000000000000022
0000000000000022 00131e0000000300 1 1e 00000003 0 1 0 0000000000000023
0000000000000023 0023151500000100 1 15 00000001 0 1 0 0000000000000024
0000000000000024 00731e1e00000100 1 1e 00000002 0 1 0 0000000000000025
0000000000000025 0102001e1d000000 0 00 00000000 4 0 0 0000000000000026
0000000000000026 0215fffffc040000 0 00 00000000 4 0 1 0000000000000023
0000000000000023 0023151500000100 1 15 00000002 4 0 0 0000000000000024
0000000000000024 00731e1e00000100 1 1e 00000001 4 0 0 0000000000000025
0000000000000025 0102001e1d000000 0 00 00000000 4 0 0 0000000000000026
0000000000000026 0215fffffc040000 0 00 00000000 4 0 1 0000000000000023
0000000000000023 0023151500000100 1 15 00000003 4 0 0 0000000000000024
0000000000000024 00731e1e00000100 1 1e 00000000 4 0 0 0000000000000025
0000000000000025 0102001e1d000000 0 00 00000000 5 1 0 0000000000000026
0000000000000026 0215fffffc040000 0 00 00000000 5 1 0 0000000000000027
0000000000000027 7cf5000000000000 0 00 00000000 5 1 0 0000000000000028
DONE retired=43 fault=00 pc=0000000000000027
