0000000000000000 0013140000004d00 1 14 0000004d 0 0 0 0000000000000001 55555555 f 55555555 0 00 55555555
0000000000000001 102006040300f000 0 00 00000000 0 0 0 0000000000000002 55555555 f 55555555 1 06 55555555
0000000000000002 340005020000f000 0 00 00000000 0 0 0 0000000000000003 55555555 f 55555555 1 05 55555555
0000000000000003 00131500aaaaaa00 1 15 ffaaaaaa 0 0 0 0000000000000004 55555555 f 55555555 0 00 55555555
0000000000000004 342003150000f000 0 00 00000000 0 0 0 0000000000000005 55555555 f 55555555 1 03 55555555
0000000000000005 3411040000010000 0 00 00000000 0 0 0 0000000000000006 55555555 0 00000000 1 04 00000000
0000000000000006 341102007ffff000 0 00 00000000 0 0 0 0000000000000007 55555555 f 55555555 1 02 55555555
0000000000000007 103002020200f000 0 00 00000000 0 0 0 0000000000000008 55555555 f 55555555 1 02 55555555
0000000000000008 0013160000000000 1 16 00000000 0 0 0 0000000000000009 55555555 f 55555555 0 00 55555555
0000000000000009 342006160000f000 0 00 00000000 0 0 0 000000000000000a 55555555 f 55555555 1 06 55555555
000000000000000a 108103060001f000 0 00 00000000 0 0 0 000000000000000b 55555555 f 55555555 1 03 55555555
000000000000000b 10310302fffff000 0 00 00000000 0 0 0 000000000000000c 55555555 f 55555555 1 03 55555555
000000000000000c 1000020502004000 0 00 00000000 0 0 0 000000000000000d 55555555 4 55555555 1 02 55555555
000000000000000d 10610504000ff000 0 00 00000000 0 0 0 000000000000000e 55555555 f 55555555 1 05 55555555
000000000000000e 101105058000f000 0 00 00000000 0 0 0 000000000000000f 55555555 f 55555555 1 05 55555555
000000000000000f 104002040400f000 0 00 00000000 0 0 0 0000000000000010 55555555 f 55555555 1 02 55555555
0000000000000010 0013160055555500 1 16 00555555 0 0 0 0000000000000011 55555555 f 55555555 0 00 55555555
0000000000000011 342002160000f000 0 00 00000000 0 0 0 0000000000000012 55555555 f 55555555 1 02 55555555
0000000000000012 108102020021f000 0 00 00000000 0 0 0 0000000000000013 55555555 f 55555555 1 02 55555555
0000000000000013 104006060300f000 0 00 00000000 0 0 0 0000000000000014 55555555 f 55555555 1 06 55555555
0000000000000014 101004030300f000 0 00 00000000 0 0 0 0000000000000015 55555555 f 55555555 1 04 55555555
0000000000000015 102003030400f000 0 00 00000000 0 0 0 0000000000000016 55555555 f 55555555 1 03 55555555
0000000000000016 102002050400f000 0 00 00000000 0 0 0 0000000000000017 55555555 f 55555555 1 02 55555555
0000000000000017 106104040010f000 0 00 00000000 0 0 0 0000000000000018 55555555 f 55555555 1 04 55555555
0000000000000018 0013150000000000 1 15 00000000 0 0 0 0000000000000019 55555555 f 55555555 0 00 55555555
0000000000000019 342004150000f000 0 00 00000000 0 0 0 000000000000001a 55555555 f 55555555 1 04 55555555
000000000000001a 104102020000f000 0 00 00000000 0 0 0 000000000000001b 55555555 f 55555555 1 02 55555555
000000000000001b 0013150000000100 1 15 00000001 0 0 0 000000000000001c 55555555 f 55555555 0 00 55555555
000000000000001c 3420041500000000 0 00 00000000 0 0 0 000000000000001d 55555555 0 00000000 1 04 00000000
000000000000001d 0013160000000000 1 16 00000000 0 0 0 000000000000001e 55555555 f 55555555 0 00 55555555
000000000000001e 342003160000f000 0 00 00000000 0 0 0 000000000000001f 55555555 f 55555555 1 03 55555555
000000000000001f 10810203001ff000 0 00 00000000 0 0 0 0000000000000020 55555555 f 55555555 1 02 55555555
0000000000000020 3430030000003000 0 00 00000000 0 0 0 0000000000000021 55555555 3 00000001 1 03 00000001
0000000000000021 107105020001f000 0 00 00000000 0 0 0 0000000000000022 55555555 f 55555555 1 05 55555555
0000000000000022 00131600ffffff00 1 16 ffffffff 0 0 0 0000000000000023 55555555 f 55555555 0 00 55555555
0000000000000023 342004160000f000 0 00 00000000 0 0 0 0000000000000024 55555555 f 55555555 1 04 55555555
0000000000000024 10810304000ff000 0 00 00000000 0 0 0 0000000000000025 55555555 f 55555555 1 03 55555555
0000000000000025 1040040304003000 0 00 00000000 0 0 0 0000000000000026 55555555 3 00000001 1 04 00000001
0000000000000026 107102040001f000 0 00 00000000 0 0 0 0000000000000027 55555555 f 55555555 1 02 55555555
0000000000000027 341103005405b000 0 00 00000000 0 0 0 0000000000000028 55555555 b 00000000 1 03 00000000
0000000000000028 340004040000f000 0 00 00000000 0 0 0 0000000000000029 55555555 f 55555555 1 04 55555555
0000000000000029 00131e0000000100 1 1e 00000001 0 0 0 000000000000002a 55555555 f 55555555 0 00 55555555
000000000000002a 0023171700000100 1 17 00000001 0 0 0 000000000000002b 55555555 f 55555555 0 00 55555555
000000000000002b 00731e1e00000100 1 1e 00000000 0 0 0 000000000000002c 55555555 f 55555555 0 00 55555555
000000000000002c 0013180000000000 1 18 00000000 0 0 0 000000000000002d 55555555 f 55555555 0 00 55555555
000000000000002d 0102001e18000000 0 00 00000000 5 1 0 000000000000002e 55555555 f 55555555 0 00 55555555
000000000000002e 0215fffffb040000 0 00 00000000 5 1 0 000000000000002f 55555555 f 55555555 0 00 55555555
000000000000002f 7cf5000000000000 0 00 00000000 5 1 0 0000000000000030 55555555 f 55555555 0 00 55555555
DONE retired=48 fault=00 pc=000000000000002f
