0000000000000000 0013140000004d00 1 14 0000004d 0 0 0 0000000000000001 17a108e5 f 17a108e5 0 00 17a108e5
0000000000000001 106104020010f000 0 00 00000000 0 0 0 0000000000000002 17a108e5 f 17a108e5 1 04 17a108e5
0000000000000002 107105060000f000 0 00 00000000 0 0 0 0000000000000003 17a108e5 f 17a108e5 1 05 17a108e5
0000000000000003 34110300d46d5000 0 00 00000000 0 0 0 0000000000000004 17a108e5 5 06a10861 1 03 06a10861
0000000000000004 10610506001af000 0 00 00000000 0 0 0 0000000000000005 17a108e5 f 17a108e5 1 05 17a108e5
0000000000000005 105005050500f000 0 00 00000000 0 0 0 0000000000000006 17a108e5 f 17a108e5 1 05 17a108e5
0000000000000006 3400050300002000 0 00 00000000 0 0 0 0000000000000007 17a108e5 2 00000001 1 05 00000001
0000000000000007 106104060001f000 0 00 00000000 0 0 0 0000000000000008 17a108e5 f 17a108e5 1 04 17a108e5
0000000000000008 340003060000f000 0 00 00000000 0 0 0 0000000000000009 17a108e5 f 17a108e5 1 03 17a108e5
0000000000000009 3400050200008000 0 00 00000000 0 0 0 000000000000000a 17a108e5 8 02a008a0 1 05 02a008a0
000000000000000a 343002000000f000 0 00 00000000 0 0 0 000000000000000b 17a108e5 f 17a108e5 1 02 17a108e5
000000000000000b 106106030021f000 0 00 00000000 0 0 0 000000000000000c 17a108e5 f 17a108e5 1 06 17a108e5
000000000000000c 0013150055555500 1 15 00555555 0 0 0 000000000000000d 17a108e5 f 17a108e5 0 00 17a108e5
000000000000000d 342003150000f000 0 00 00000000 0 0 0 000000000000000e 17a108e5 f 17a108e5 1 03 17a108e5
000000000000000e 101004020500f000 0 00 00000000 0 0 0 000000000000000f 17a108e5 f 17a108e5 1 04 17a108e5
000000000000000f 103005060200f000 0 00 00000000 0 0 0 0000000000000010 17a108e5 f 17a108e5 1 05 17a108e5
0000000000000010 341105000001f000 0 00 00000000 0 0 0 0000000000000011 17a108e5 f 17a108e5 1 05 17a108e5
0000000000000011 0013160000000000 1 16 00000000 0 0 0 0000000000000012 17a108e5 f 17a108e5 0 00 17a108e5
0000000000000012 342006160000f000 0 00 00000000 0 0 0 0000000000000013 17a108e5 f 17a108e5 1 06 17a108e5
0000000000000013 10810306000ff000 0 00 00000000 0 0 0 0000000000000014 17a108e5 f 17a108e5 1 03 17a108e5
0000000000000014 100002020500f000 0 00 00000000 0 0 0 0000000000000015 17a108e5 f 17a108e5 1 02 17a108e5
0000000000000015 10010404fffff000 0 00 00000000 0 0 0 0000000000000016 17a108e5 f 17a108e5 1 04 17a108e5
0000000000000016 1030060505007000 0 00 00000000 0 0 0 0000000000000017 17a108e5 7 15010045 1 06 15010045
0000000000000017 102003060200f000 0 00 00000000 0 0 0 0000000000000018 17a108e5 f 17a108e5 1 03 17a108e5
0000000000000018 0013150000000100 1 15 00000001 0 0 0 0000000000000019 17a108e5 f 17a108e5 0 00 17a108e5
0000000000000019 342002150000f000 0 00 00000000 0 0 0 000000000000001a 17a108e5 f 17a108e5 1 02 17a108e5
000000000000001a 3400060400002000 0 00 00000000 0 0 0 000000000000001b 17a108e5 2 00000001 1 06 00000001
000000000000001b 102003060300f000 0 00 00000000 0 0 0 000000000000001c 17a108e5 f 17a108e5 1 03 17a108e5
000000000000001c 00131500aaaaaa00 1 15 ffaaaaaa 0 0 0 000000000000001d 17a108e5 f 17a108e5 0 00 17a108e5
000000000000001d 342002150000f000 0 00 00000000 0 0 0 000000000000001e 17a108e5 f 17a108e5 1 02 17a108e5
000000000000001e 103103020000f000 0 00 00000000 0 0 0 000000000000001f 17a108e5 f 17a108e5 1 03 17a108e5
000000000000001f 00131e0000000100 1 1e 00000001 0 0 0 0000000000000020 17a108e5 f 17a108e5 0 00 17a108e5
0000000000000020 0023171700000100 1 17 00000001 0 0 0 0000000000000021 17a108e5 f 17a108e5 0 00 17a108e5
0000000000000021 00731e1e00000100 1 1e 00000000 0 0 0 0000000000000022 17a108e5 f 17a108e5 0 00 17a108e5
0000000000000022 0013180000000000 1 18 00000000 0 0 0 0000000000000023 17a108e5 f 17a108e5 0 00 17a108e5
0000000000000023 0102001e18000000 0 00 00000000 5 1 0 0000000000000024 17a108e5 f 17a108e5 0 00 17a108e5
0000000000000024 0215fffffb040000 0 00 00000000 5 1 0 0000000000000025 17a108e5 f 17a108e5 0 00 17a108e5
0000000000000025 7cf5000000000000 0 00 00000000 5 1 0 0000000000000026 17a108e5 f 17a108e5 0 00 17a108e5
DONE retired=38 fault=00 pc=0000000000000025
