0000000000000000 0013140000004d00 1 14 0000004d 0 0 0 0000000000000001 bb5db966 f bb5db966 0 00 bb5db966
0000000000000001 103003060400f000 0 00 00000000 0 0 0 0000000000000002 bb5db966 f bb5db966 1 03 bb5db966
0000000000000002 00131600ffffff00 1 16 ffffffff 0 0 0 0000000000000003 bb5db966 f bb5db966 0 00 bb5db966
0000000000000003 342003160000f000 0 00 00000000 0 0 0 0000000000000004 bb5db966 f bb5db966 1 03 bb5db966
0000000000000004 108105030010f000 0 00 00000000 0 0 0 0000000000000005 bb5db966 f bb5db966 1 05 bb5db966
0000000000000005 1020050405002000 0 00 00000000 0 0 0 0000000000000006 bb5db966 2 ba189920 1 05 ba189920
0000000000000006 104006060300f000 0 00 00000000 0 0 0 0000000000000007 bb5db966 f bb5db966 1 06 bb5db966
0000000000000007 103002020300f000 0 00 00000000 0 0 0 0000000000000008 bb5db966 f bb5db966 1 02 bb5db966
0000000000000008 104003020300f000 0 00 00000000 0 0 0 0000000000000009 bb5db966 f bb5db966 1 03 bb5db966
0000000000000009 10610303000cf000 0 00 00000000 0 0 0 000000000000000a bb5db966 f bb5db966 1 03 bb5db966
000000000000000a 0013160000000100 1 16 00000001 0 0 0 000000000000000b bb5db966 f bb5db966 0 00 bb5db966
000000000000000b 342005160000f000 0 00 00000000 0 0 0 000000000000000c bb5db966 f bb5db966 1 05 bb5db966
000000000000000c 10810605003ff000 0 00 00000000 0 0 0 000000000000000d bb5db966 f bb5db966 1 06 bb5db966
000000000000000d 106105040001f000 0 00 00000000 0 0 0 000000000000000e bb5db966 f bb5db966 1 05 bb5db966
000000000000000e 3430050000008000 0 00 00000000 0 0 0 000000000000000f bb5db966 8 ba198904 1 05 ba198904
000000000000000f 103006030600f000 0 00 00000000 0 0 0 0000000000000010 bb5db966 f bb5db966 1 06 bb5db966
0000000000000010 100105067ffff000 0 00 00000000 0 0 0 0000000000000011 bb5db966 f bb5db966 1 05 bb5db966
0000000000000011 101003030400f000 0 00 00000000 0 0 0 0000000000000012 bb5db966 f bb5db966 1 03 bb5db966
0000000000000012 100004060300f000 0 00 00000000 0 0 0 0000000000000013 bb5db966 f bb5db966 1 04 bb5db966
0000000000000013 341106001cd1e000 0 00 00000000 0 0 0 0000000000000014 bb5db966 e 3b5db966 1 06 3b5db966
0000000000000014 340005050000f000 0 00 00000000 0 0 0 0000000000000015 bb5db966 f bb5db966 1 05 bb5db966
0000000000000015 10610602003ff000 0 00 00000000 0 0 0 0000000000000016 bb5db966 f bb5db966 1 06 bb5db966
0000000000000016 00131500aaaaaa00 1 15 ffaaaaaa 0 0 0 0000000000000017 bb5db966 f bb5db966 0 00 bb5db966
0000000000000017 342006150000f000 0 00 00000000 0 0 0 0000000000000018 bb5db966 f bb5db966 1 06 bb5db966
0000000000000018 10710605000ff000 0 00 00000000 0 0 0 0000000000000019 bb5db966 f bb5db966 1 06 bb5db966
0000000000000019 105005040400f000 0 00 00000000 0 0 0 000000000000001a bb5db966 f bb5db966 1 05 bb5db966
000000000000001a 341102007fff5000 0 00 00000000 0 0 0 000000000000001b bb5db966 5 00000000 1 02 00000000
000000000000001b 104005030400f000 0 00 00000000 0 0 0 000000000000001c bb5db966 f bb5db966 1 05 bb5db966
000000000000001c 0013150000000100 1 15 00000001 0 0 0 000000000000001d bb5db966 f bb5db966 0 00 bb5db966
000000000000001d 342004150000f000 0 00 00000000 0 0 0 000000000000001e bb5db966 f bb5db966 1 04 bb5db966
000000000000001e 00131500ffffff00 1 15 ffffffff 0 0 0 000000000000001f bb5db966 f bb5db966 0 00 bb5db966
000000000000001f 342003150000a000 0 00 00000000 0 0 0 0000000000000020 bb5db966 a 3a0d8046 1 03 3a0d8046
0000000000000020 340003040000f000 0 00 00000000 0 0 0 0000000000000021 bb5db966 f bb5db966 1 03 bb5db966
0000000000000021 3411030065a1d000 0 00 00000000 0 0 0 0000000000000022 bb5db966 d bb5db966 1 03 bb5db966
0000000000000022 340005050000f000 0 00 00000000 0 0 0 0000000000000023 bb5db966 f bb5db966 1 05 bb5db966
0000000000000023 00131500ffffff00 1 15 ffffffff 0 0 0 0000000000000024 bb5db966 f bb5db966 0 00 bb5db966
0000000000000024 342002150000f000 0 00 00000000 0 0 0 0000000000000025 bb5db966 f bb5db966 1 02 bb5db966
0000000000000025 10410404fffff000 0 00 00000000 0 0 0 0000000000000026 bb5db966 f bb5db966 1 04 bb5db966
0000000000000026 340005020000b000 0 00 00000000 0 0 0 0000000000000027 bb5db966 b bb5db966 1 05 bb5db966
0000000000000027 00131e0000000300 1 1e 00000003 0 0 0 0000000000000028 bb5db966 f bb5db966 0 00 bb5db966
0000000000000028 0023171700000100 1 17 00000001 0 0 0 0000000000000029 bb5db966 f bb5db966 0 00 bb5db966
0000000000000029 00731e1e00000100 1 1e 00000002 0 0 0 000000000000002a bb5db966 f bb5db966 0 00 bb5db966
000000000000002a 0013180000000000 1 18 00000000 0 0 0 000000000000002b bb5db966 f bb5db966 0 00 bb5db966
000000000000002b 0102001e18000000 0 00 00000000 4 0 0 000000000000002c bb5db966 f bb5db966 0 00 bb5db966
000000000000002c 0215fffffb040000 0 00 00000000 4 0 1 0000000000000028 bb5db966 f bb5db966 0 00 bb5db966
0000000000000028 0023171700000100 1 17 00000002 4 0 0 0000000000000029 bb5db966 f bb5db966 0 00 bb5db966
0000000000000029 00731e1e00000100 1 1e 00000001 4 0 0 000000000000002a bb5db966 f bb5db966 0 00 bb5db966
000000000000002a 0013180000000000 1 18 00000000 4 0 0 000000000000002b bb5db966 f bb5db966 0 00 bb5db966
000000000000002b 0102001e18000000 0 00 00000000 4 0 0 000000000000002c bb5db966 f bb5db966 0 00 bb5db966
000000000000002c 0215fffffb040000 0 00 00000000 4 0 1 0000000000000028 bb5db966 f bb5db966 0 00 bb5db966
0000000000000028 0023171700000100 1 17 00000003 4 0 0 0000000000000029 bb5db966 f bb5db966 0 00 bb5db966
0000000000000029 00731e1e00000100 1 1e 00000000 4 0 0 000000000000002a bb5db966 f bb5db966 0 00 bb5db966
000000000000002a 0013180000000000 1 18 00000000 4 0 0 000000000000002b bb5db966 f bb5db966 0 00 bb5db966
000000000000002b 0102001e18000000 0 00 00000000 5 1 0 000000000000002c bb5db966 f bb5db966 0 00 bb5db966
000000000000002c 0215fffffb040000 0 00 00000000 5 1 0 000000000000002d bb5db966 f bb5db966 0 00 bb5db966
000000000000002d 7cf5000000000000 0 00 00000000 5 1 0 000000000000002e bb5db966 f bb5db966 0 00 bb5db966
DONE retired=56 fault=00 pc=000000000000002d
