0000000000000000 0013140000004d00 1 14 0000004d 0 0 0 0000000000000001 ffffffff f ffffffff 0 00 ffffffff
0000000000000001 105006040400f000 0 00 00000000 0 0 0 0000000000000002 ffffffff f ffffffff 1 06 ffffffff
0000000000000002 105002030500f000 0 00 00000000 0 0 0 0000000000000003 ffffffff f ffffffff 1 02 ffffffff
0000000000000003 3411030000019000 0 00 00000000 0 0 0 0000000000000004 ffffffff 9 52a1882f 1 03 52a1882f
0000000000000004 341104004715f000 0 00 00000000 0 0 0 0000000000000005 ffffffff f ffffffff 1 04 ffffffff
0000000000000005 10710303001ff000 0 00 00000000 0 0 0 0000000000000006 ffffffff f ffffffff 1 03 ffffffff
0000000000000006 341105007fff1000 0 00 00000000 0 0 0 0000000000000007 ffffffff 1 e746080e 1 05 e746080e
0000000000000007 100006040300f000 0 00 00000000 0 0 0 0000000000000008 ffffffff f ffffffff 1 06 ffffffff
0000000000000008 340002020000f000 0 00 00000000 0 0 0 0000000000000009 ffffffff f ffffffff 1 02 ffffffff
0000000000000009 340002040000f000 0 00 00000000 0 0 0 000000000000000a ffffffff f ffffffff 1 02 ffffffff
000000000000000a 101105020001f000 0 00 00000000 0 0 0 000000000000000b ffffffff f ffffffff 1 05 ffffffff
000000000000000b 0013160000000100 1 16 00000001 0 0 0 000000000000000c ffffffff f ffffffff 0 00 ffffffff
000000000000000c 342006160000f000 0 00 00000000 0 0 0 000000000000000d ffffffff f ffffffff 1 06 ffffffff
000000000000000d 10810206001ff000 0 00 00000000 0 0 0 000000000000000e ffffffff f ffffffff 1 02 ffffffff
000000000000000e 103006020600f000 0 00 00000000 0 0 0 000000000000000f ffffffff f ffffffff 1 06 ffffffff
000000000000000f 0013160000000000 1 16 00000000 0 0 0 0000000000000010 ffffffff f ffffffff 0 00 ffffffff
0000000000000010 342005160000f000 0 00 00000000 0 0 0 0000000000000011 ffffffff f ffffffff 1 05 ffffffff
0000000000000011 108102050010f000 0 00 00000000 0 0 0 0000000000000012 ffffffff f ffffffff 1 02 ffffffff
0000000000000012 101003020500c000 0 00 00000000 0 0 0 0000000000000013 ffffffff c 7fffffff 1 03 7fffffff
0000000000000013 101102040000f000 0 00 00000000 0 0 0 0000000000000014 ffffffff f ffffffff 1 02 ffffffff
0000000000000014 1030020306007000 0 00 00000000 0 0 0 0000000000000015 ffffffff 7 80000000 1 02 80000000
0000000000000015 102005040500f000 0 00 00000000 0 0 0 0000000000000016 ffffffff f ffffffff 1 05 ffffffff
0000000000000016 0013150000000000 1 15 00000000 0 0 0 0000000000000017 ffffffff f ffffffff 0 00 ffffffff
0000000000000017 342005150000f000 0 00 00000000 0 0 0 0000000000000018 ffffffff f ffffffff 1 05 ffffffff
0000000000000018 00131600aaaaaa00 1 16 ffaaaaaa 0 0 0 0000000000000019 ffffffff f ffffffff 0 00 ffffffff
0000000000000019 342005160000f000 0 00 00000000 0 0 0 000000000000001a ffffffff f ffffffff 1 05 ffffffff
000000000000001a 10810605003ff000 0 00 00000000 0 0 0 000000000000001b ffffffff f ffffffff 1 06 ffffffff
000000000000001b 0013150000000000 1 15 00000000 0 0 0 000000000000001c ffffffff f ffffffff 0 00 ffffffff
000000000000001c 342005150000f000 0 00 00000000 0 0 0 000000000000001d ffffffff f ffffffff 1 05 ffffffff
000000000000001d 102005040400f000 0 00 00000000 0 0 0 000000000000001e ffffffff f ffffffff 1 05 ffffffff
000000000000001e 00131500aaaaaa00 1 15 ffaaaaaa 0 0 0 000000000000001f ffffffff f ffffffff 0 00 ffffffff
000000000000001f 342003150000f000 0 00 00000000 0 0 0 0000000000000020 ffffffff f ffffffff 1 03 ffffffff
0000000000000020 10310405fffff000 0 00 00000000 0 0 0 0000000000000021 ffffffff f ffffffff 1 04 ffffffff
0000000000000021 104005030200f000 0 00 00000000 0 0 0 0000000000000022 ffffffff f ffffffff 1 05 ffffffff
0000000000000022 00131e0000000100 1 1e 00000001 0 0 0 0000000000000023 ffffffff f ffffffff 0 00 ffffffff
0000000000000023 0023171700000100 1 17 00000001 0 0 0 0000000000000024 ffffffff f ffffffff 0 00 ffffffff
0000000000000024 00731e1e00000100 1 1e 00000000 0 0 0 0000000000000025 ffffffff f ffffffff 0 00 ffffffff
0000000000000025 0013180000000000 1 18 00000000 0 0 0 0000000000000026 ffffffff f ffffffff 0 00 ffffffff
0000000000000026 0102001e18000000 0 00 00000000 5 1 0 0000000000000027 ffffffff f ffffffff 0 00 ffffffff
0000000000000027 0215fffffb040000 0 00 00000000 5 1 0 0000000000000028 ffffffff f ffffffff 0 00 ffffffff
0000000000000028 7cf5000000000000 0 00 00000000 5 1 0 0000000000000029 ffffffff f ffffffff 0 00 ffffffff
DONE retired=41 fault=00 pc=0000000000000028
