0000000000000000 00131d0000000000 1 1d 00000000 0 0 0 0000000000000001
0000000000000001 0112001305000000 0 00 00000000 5 0 0 0000000000000002
0000000000000002 02150000020e0000 0 00 00000000 5 0 1 0000000000000005
0000000000000005 8506000000000000 0 00 00000000 5 0 0 0000000000000006
0000000000000006 0122001413000000 0 00 00000000 5 0 0 0000000000000007
0000000000000007 0215000003020000 0 00 00000000 5 0 1 000000000000000b
000000000000000b 8506000000000000 0 00 00000000 5 0 0 000000000000000c
000000000000000c 0112000401000000 0 00 00000000 5 0 0 000000000000000d
000000000000000d 02150000030e0000 0 00 00000000 5 0 1 0000000000000011
0000000000000011 0122000e0d000000 0 00 00000000 5 0 0 0000000000000012
0000000000000012 0215000001030000 0 00 00000000 5 0 1 0000000000000014
0000000000000014 0022020908000000 1 02 00000000 5 0 0 0000000000000015
0000000000000015 00b30c0300001600 1 0c 00000000 5 0 0 0000000000000016
0000000000000016 0112000a14000000 0 00 00000000 5 0 0 0000000000000017
0000000000000017 02150000010e0000 0 00 00000000 5 0 1 0000000000000019
0000000000000019 012200100c000000 0 00 00000000 5 0 0 000000000000001a
000000000000001a 0215000003010000 0 00 00000000 5 0 0 000000000000001b
000000000000001b 8506000000000000 0 00 00000000 5 0 0 000000000000001c
000000000000001c 8506000000000000 0 00 00000000 5 0 0 000000000000001d
000000000000001d 8506000000000000 0 00 00000000 5 0 0 000000000000001e
000000000000001e 00a3130700000000 1 13 00000000 5 0 0 000000000000001f
000000000000001f 8506000000000000 0 00 00000000 5 0 0 0000000000000020
0000000000000020 00620c0408000000 1 0c 00000000 5 0 0 0000000000000021
0000000000000021 0013090000000000 1 09 00000000 5 0 0 0000000000000022
0000000000000022 007306133fd23300 1 06 ffc02dcd 5 0 0 0000000000000023
0000000000000023 0102000913000000 0 00 00000000 5 1 0 0000000000000024
0000000000000024 0215000003040000 0 00 00000000 5 1 0 0000000000000025
0000000000000025 8506000000000000 0 00 00000000 5 1 0 0000000000000026
0000000000000026 8506000000000000 0 00 00000000 5 1 0 0000000000000027
0000000000000027 8506000000000000 0 00 00000000 5 1 0 0000000000000028
0000000000000028 00b3010700001800 1 01 00000000 5 1 0 0000000000000029
0000000000000029 00620f0209000000 1 0f 00000000 5 1 0 000000000000002a
000000000000002a 0072010e05000000 1 01 00000000 5 1 0 000000000000002b
000000000000002b 00130b003c8f5a00 1 0b 003c8f5a 5 1 0 000000000000002c
000000000000002c 8506000000000000 0 00 00000000 5 1 0 000000000000002d
000000000000002d 0023040f5fd6f900 1 04 005fd6f9 5 1 0 000000000000002e
000000000000002e 0023020c625e5b00 1 02 00625e5b 5 1 0 000000000000002f
000000000000002f 00b201020d000000 1 01 00625e5b 5 1 0 0000000000000030
0000000000000030 00a3060e00001900 1 06 00000000 5 1 0 0000000000000031
0000000000000031 00130600ffffff00 1 06 ffffffff 5 1 0 0000000000000032
0000000000000032 0073021230677c00 1 02 ffcf9884 5 1 0 0000000000000033
0000000000000033 0052090512000000 1 09 00000000 5 1 0 0000000000000034
0000000000000034 00a20e030f000000 1 0e 00000000 5 1 0 0000000000000035
0000000000000035 00730a0cf7a4ab00 1 0a 00085b55 5 1 0 0000000000000036
0000000000000036 0306000000000e00 1 0e 00000000 5 1 0 0000000000000037
0000000000000037 00130100aaaaaa00 1 01 ffaaaaaa 5 1 0 0000000000000038
0000000000000038 8506000000000000 0 00 00000000 5 1 0 0000000000000039
0000000000000039 00131e0000000300 1 1e 00000003 5 1 0 000000000000003a
000000000000003a 0023151500000100 1 15 00000001 5 1 0 000000000000003b
000000000000003b 00731e1e00000100 1 1e 00000002 5 1 0 000000000000003c
000000000000003c 0102001e1d000000 0 00 00000000 4 0 0 000000000000003d
000000000000003d 0215fffffc040000 0 00 00000000 4 0 1 000000000000003a
000000000000003a 0023151500000100 1 15 00000002 4 0 0 000000000000003b
000000000000003b 00731e1e00000100 1 1e 00000001 4 0 0 000000000000003c
000000000000003c 0102001e1d000000 0 00 00000000 4 0 0 000000000000003d
000000000000003d 0215fffffc040000 0 00 00000000 4 0 1 000000000000003a
000000000000003a 0023151500000100 1 15 00000003 4 0 0 000000000000003b
000000000000003b 00731e1e00000100 1 1e 00000000 4 0 0 000000000000003c
000000000000003c 0102001e1d000000 0 00 00000000 5 1 0 000000000000003d
000000000000003d 0215fffffc040000 0 00 00000000 5 1 0 000000000000003e
000000000000003e 7cf5000000000000 0 00 00000000 5 1 0 000000000000003f
DONE retired=61 fault=00 pc=000000000000003e
