0000000000000000 0013140000004d00 1 14 0000004d 0 0 0 0000000000000001 00010008 f 00010008 0 00 00010008
0000000000000001 104105050000f000 0 00 00000000 0 0 0 0000000000000002 00010008 f 00010008 1 05 00010008
0000000000000002 107105040000f000 0 00 00000000 0 0 0 0000000000000003 00010008 f 00010008 1 05 00010008
0000000000000003 340006050000f000 0 00 00000000 0 0 0 0000000000000004 00010008 f 00010008 1 06 00010008
0000000000000004 343004000000f000 0 00 00000000 0 0 0 0000000000000005 00010008 f 00010008 1 04 00010008
0000000000000005 106105060000f000 0 00 00000000 0 0 0 0000000000000006 00010008 f 00010008 1 05 00010008
0000000000000006 10510505fffff000 0 00 00000000 0 0 0 0000000000000007 00010008 f 00010008 1 05 00010008
0000000000000007 34110600a225f000 0 00 00000000 0 0 0 0000000000000008 00010008 f 00010008 1 06 00010008
0000000000000008 10710605003ff000 0 00 00000000 0 0 0 0000000000000009 00010008 f 00010008 1 06 00010008
0000000000000009 343004000000f000 0 00 00000000 0 0 0 000000000000000a 00010008 f 00010008 1 04 00010008
000000000000000a 102004050500f000 0 00 00000000 0 0 0 000000000000000b 00010008 f 00010008 1 04 00010008
000000000000000b 34110400fffff000 0 00 00000000 0 0 0 000000000000000c 00010008 f 00010008 1 04 00010008
000000000000000c 106105020020f000 0 00 00000000 0 0 0 000000000000000d 00010008 f 00010008 1 05 00010008
000000000000000d 343005000000f000 0 00 00000000 0 0 0 000000000000000e 00010008 f 00010008 1 05 00010008
000000000000000e 105106040001f000 0 00 00000000 0 0 0 000000000000000f 00010008 f 00010008 1 06 00010008
000000000000000f 00131e0000000300 1 1e 00000003 0 0 0 0000000000000010 00010008 f 00010008 0 00 00010008
0000000000000010 0023171700000100 1 17 00000001 0 0 0 0000000000000011 00010008 f 00010008 0 00 00010008
0000000000000011 00731e1e00000100 1 1e 00000002 0 0 0 0000000000000012 00010008 f 00010008 0 00 00010008
0000000000000012 0013180000000000 1 18 00000000 0 0 0 0000000000000013 00010008 f 00010008 0 00 00010008
0000000000000013 0102001e18000000 0 00 00000000 4 0 0 0000000000000014 00010008 f 00010008 0 00 00010008
0000000000000014 0215fffffb040000 0 00 00000000 4 0 1 0000000000000010 00010008 f 00010008 0 00 00010008
0000000000000010 0023171700000100 1 17 00000002 4 0 0 0000000000000011 00010008 f 00010008 0 00 00010008
0000000000000011 00731e1e00000100 1 1e 00000001 4 0 0 0000000000000012 00010008 f 00010008 0 00 00010008
0000000000000012 0013180000000000 1 18 00000000 4 0 0 0000000000000013 00010008 f 00010008 0 00 00010008
0000000000000013 0102001e18000000 0 00 00000000 4 0 0 0000000000000014 00010008 f 00010008 0 00 00010008
0000000000000014 0215fffffb040000 0 00 00000000 4 0 1 0000000000000010 00010008 f 00010008 0 00 00010008
0000000000000010 0023171700000100 1 17 00000003 4 0 0 0000000000000011 00010008 f 00010008 0 00 00010008
0000000000000011 00731e1e00000100 1 1e 00000000 4 0 0 0000000000000012 00010008 f 00010008 0 00 00010008
0000000000000012 0013180000000000 1 18 00000000 4 0 0 0000000000000013 00010008 f 00010008 0 00 00010008
0000000000000013 0102001e18000000 0 00 00000000 5 1 0 0000000000000014 00010008 f 00010008 0 00 00010008
0000000000000014 0215fffffb040000 0 00 00000000 5 1 0 0000000000000015 00010008 f 00010008 0 00 00010008
0000000000000015 7cf5000000000000 0 00 00000000 5 1 0 0000000000000016 00010008 f 00010008 0 00 00010008
DONE retired=32 fault=00 pc=0000000000000015
