0000000000000000 0013140000004d00 1 14 0000004d 0 0 0 0000000000000001 ffc00000 f ffc00000 0 00 ffc00000
0000000000000001 104005030300f000 0 00 00000000 0 0 0 0000000000000002 ffc00000 f ffc00000 1 05 ffc00000
0000000000000002 0013160000000000 1 16 00000000 0 0 0 0000000000000003 ffc00000 f ffc00000 0 00 ffc00000
0000000000000003 342005160000f000 0 00 00000000 0 0 0 0000000000000004 ffc00000 f ffc00000 1 05 ffc00000
0000000000000004 108105050021f000 0 00 00000000 0 0 0 0000000000000005 ffc00000 f ffc00000 1 05 ffc00000
0000000000000005 102005020400f000 0 00 00000000 0 0 0 0000000000000006 ffc00000 f ffc00000 1 05 ffc00000
0000000000000006 104004060400f000 0 00 00000000 0 0 0 0000000000000007 ffc00000 f ffc00000 1 04 ffc00000
0000000000000007 00131600aaaaaa00 1 16 ffaaaaaa 0 0 0 0000000000000008 ffc00000 f ffc00000 0 00 ffc00000
0000000000000008 342002160000f000 0 00 00000000 0 0 0 0000000000000009 ffc00000 f ffc00000 1 02 ffc00000
0000000000000009 108106020000f000 0 00 00000000 0 0 0 000000000000000a ffc00000 f ffc00000 1 06 ffc00000
000000000000000a 101105037ffff000 0 00 00000000 0 0 0 000000000000000b ffc00000 f ffc00000 1 05 ffc00000
000000000000000b 100002040500f000 0 00 00000000 0 0 0 000000000000000c ffc00000 f ffc00000 1 02 ffc00000
000000000000000c 101104028000f000 0 00 00000000 0 0 0 000000000000000d ffc00000 f ffc00000 1 04 ffc00000
000000000000000d 10710505001ff000 0 00 00000000 0 0 0 000000000000000e ffc00000 f ffc00000 1 05 ffc00000
000000000000000e 103006020300f000 0 00 00000000 0 0 0 000000000000000f ffc00000 f ffc00000 1 06 ffc00000
000000000000000f 1030050405009000 0 00 00000000 0 0 0 0000000000000010 ffc00000 9 b9c00000 1 05 b9c00000
0000000000000010 34110400fffff000 0 00 00000000 0 0 0 0000000000000011 ffc00000 f ffc00000 1 04 ffc00000
0000000000000011 343002000000f000 0 00 00000000 0 0 0 0000000000000012 ffc00000 f ffc00000 1 02 ffc00000
0000000000000012 340005050000f000 0 00 00000000 0 0 0 0000000000000013 ffc00000 f ffc00000 1 05 ffc00000
0000000000000013 102003050300f000 0 00 00000000 0 0 0 0000000000000014 ffc00000 f ffc00000 1 03 ffc00000
0000000000000014 10710506003ff000 0 00 00000000 0 0 0 0000000000000015 ffc00000 f ffc00000 1 05 ffc00000
0000000000000015 341105000001f000 0 00 00000000 0 0 0 0000000000000016 ffc00000 f ffc00000 1 05 ffc00000
0000000000000016 0013150055555500 1 15 00555555 0 0 0 0000000000000017 ffc00000 f ffc00000 0 00 ffc00000
0000000000000017 3420031500002000 0 00 00000000 0 0 0 0000000000000018 ffc00000 2 68000000 1 03 68000000
0000000000000018 340004030000f000 0 00 00000000 0 0 0 0000000000000019 ffc00000 f ffc00000 1 04 ffc00000
0000000000000019 106104060020f000 0 00 00000000 0 0 0 000000000000001a ffc00000 f ffc00000 1 04 ffc00000
000000000000001a 340005020000f000 0 00 00000000 0 0 0 000000000000001b ffc00000 f ffc00000 1 05 ffc00000
000000000000001b 106105060001f000 0 00 00000000 0 0 0 000000000000001c ffc00000 f ffc00000 1 05 ffc00000
000000000000001c 106104060000f000 0 00 00000000 0 0 0 000000000000001d ffc00000 f ffc00000 1 04 ffc00000
000000000000001d 101006060500f000 0 00 00000000 0 0 0 000000000000001e ffc00000 f ffc00000 1 06 ffc00000
000000000000001e 34110500e58df000 0 00 00000000 0 0 0 000000000000001f ffc00000 f ffc00000 1 05 ffc00000
000000000000001f 106104020000f000 0 00 00000000 0 0 0 0000000000000020 ffc00000 f ffc00000 1 04 ffc00000
0000000000000020 106106060001f000 0 00 00000000 0 0 0 0000000000000021 ffc00000 f ffc00000 1 06 ffc00000
0000000000000021 343005000000f000 0 00 00000000 0 0 0 0000000000000022 ffc00000 f ffc00000 1 05 ffc00000
0000000000000022 0013160000000000 1 16 00000000 0 0 0 0000000000000023 ffc00000 f ffc00000 0 00 ffc00000
0000000000000023 342002160000f000 0 00 00000000 0 0 0 0000000000000024 ffc00000 f ffc00000 1 02 ffc00000
0000000000000024 108106020021f000 0 00 00000000 0 0 0 0000000000000025 ffc00000 f ffc00000 1 06 ffc00000
0000000000000025 0013160055555500 1 16 00555555 0 0 0 0000000000000026 ffc00000 f ffc00000 0 00 ffc00000
0000000000000026 342002160000f000 0 00 00000000 0 0 0 0000000000000027 ffc00000 f ffc00000 1 02 ffc00000
0000000000000027 108104020020f000 0 00 00000000 0 0 0 0000000000000028 ffc00000 f ffc00000 1 04 ffc00000
0000000000000028 00131e0000000300 1 1e 00000003 0 0 0 0000000000000029 ffc00000 f ffc00000 0 00 ffc00000
0000000000000029 0023171700000100 1 17 00000001 0 0 0 000000000000002a ffc00000 f ffc00000 0 00 ffc00000
000000000000002a 00731e1e00000100 1 1e 00000002 0 0 0 000000000000002b ffc00000 f ffc00000 0 00 ffc00000
000000000000002b 0013180000000000 1 18 00000000 0 0 0 000000000000002c ffc00000 f ffc00000 0 00 ffc00000
000000000000002c 0102001e18000000 0 00 00000000 4 0 0 000000000000002d ffc00000 f ffc00000 0 00 ffc00000
000000000000002d 0215fffffb040000 0 00 00000000 4 0 1 0000000000000029 ffc00000 f ffc00000 0 00 ffc00000
0000000000000029 0023171700000100 1 17 00000002 4 0 0 000000000000002a ffc00000 f ffc00000 0 00 ffc00000
000000000000002a 00731e1e00000100 1 1e 00000001 4 0 0 000000000000002b ffc00000 f ffc00000 0 00 ffc00000
000000000000002b 0013180000000000 1 18 00000000 4 0 0 000000000000002c ffc00000 f ffc00000 0 00 ffc00000
000000000000002c 0102001e18000000 0 00 00000000 4 0 0 000000000000002d ffc00000 f ffc00000 0 00 ffc00000
000000000000002d 0215fffffb040000 0 00 00000000 4 0 1 0000000000000029 ffc00000 f ffc00000 0 00 ffc00000
0000000000000029 0023171700000100 1 17 00000003 4 0 0 000000000000002a ffc00000 f ffc00000 0 00 ffc00000
000000000000002a 00731e1e00000100 1 1e 00000000 4 0 0 000000000000002b ffc00000 f ffc00000 0 00 ffc00000
000000000000002b 0013180000000000 1 18 00000000 4 0 0 000000000000002c ffc00000 f ffc00000 0 00 ffc00000
000000000000002c 0102001e18000000 0 00 00000000 5 1 0 000000000000002d ffc00000 f ffc00000 0 00 ffc00000
000000000000002d 0215fffffb040000 0 00 00000000 5 1 0 000000000000002e ffc00000 f ffc00000 0 00 ffc00000
000000000000002e 7cf5000000000000 0 00 00000000 5 1 0 000000000000002f ffc00000 f ffc00000 0 00 ffc00000
DONE retired=57 fault=00 pc=000000000000002e
