0000000000000000 00131d0000000000 1 1d 00000000 0 0 0 0000000000000001
0000000000000001 0102000106000000 0 00 00000000 5 1 0 0000000000000002
0000000000000002 02150000020c0000 0 00 00000000 5 1 1 0000000000000005
0000000000000005 0032051414000000 1 05 00000000 5 1 0 0000000000000006
0000000000000006 8506000000000000 0 00 00000000 5 1 0 0000000000000007
0000000000000007 8506000000000000 0 00 00000000 5 1 0 0000000000000008
0000000000000008 0063121000000100 1 12 00000000 5 1 0 0000000000000009
0000000000000009 001312007bef6f00 1 12 007bef6f 5 1 0 000000000000000a
000000000000000a 00130500aeb15d00 1 05 ffaeb15d 5 1 0 000000000000000b
000000000000000b 008214100e000000 1 14 00000000 5 1 0 000000000000000c
000000000000000c 0063010700000b00 1 01 00000000 5 1 0 000000000000000d
000000000000000d 00230e116c4bc700 1 0e 006c4bc7 5 1 0 000000000000000e
000000000000000e 0122000809000000 0 00 00000000 5 0 0 000000000000000f
000000000000000f 0215000001040000 0 00 00000000 5 0 0 0000000000000010
0000000000000010 8506000000000000 0 00 00000000 5 0 0 0000000000000011
0000000000000011 00130c00aaaaaa00 1 0c ffaaaaaa 5 0 0 0000000000000012
0000000000000012 8506000000000000 0 00 00000000 5 0 0 0000000000000013
0000000000000013 0073060d2a67f700 1 06 ffd59809 5 0 0 0000000000000014
0000000000000014 0092051400000000 1 05 ffffffff 5 0 0 0000000000000015
0000000000000015 0042020703000000 1 02 00000000 5 0 0 0000000000000016
0000000000000016 8506000000000000 0 00 00000000 5 0 0 0000000000000017
0000000000000017 0306000000000900 1 09 00000000 5 0 0 0000000000000018
0000000000000018 8506000000000000 0 00 00000000 5 0 0 0000000000000019
0000000000000019 00131400aaaaaa00 1 14 ffaaaaaa 5 0 0 000000000000001a
000000000000001a 8506000000000000 0 00 00000000 5 0 0 000000000000001b
000000000000001b 00b20a030c000000 1 0a 00000000 5 0 0 000000000000001c
000000000000001c 00730810ffffff00 1 08 00000001 5 0 0 000000000000001d
000000000000001d 8506000000000000 0 00 00000000 5 0 0 000000000000001e
000000000000001e 0042091006000000 1 09 00000000 5 0 0 000000000000001f
000000000000001f 00131200c4ec8c00 1 12 ffc4ec8c 5 0 0 0000000000000020
0000000000000020 0022130e0f000000 1 13 006c4bc7 5 0 0 0000000000000021
0000000000000021 0122000803000000 0 00 00000000 4 1 0 0000000000000022
0000000000000022 02150000020b0000 0 00 00000000 4 1 0 0000000000000023
0000000000000023 8506000000000000 0 00 00000000 4 1 0 0000000000000024
0000000000000024 8506000000000000 0 00 00000000 4 1 0 0000000000000025
0000000000000025 0042011108000000 1 01 00000000 4 1 0 0000000000000026
0000000000000026 0063130500001400 1 13 fff00000 4 1 0 0000000000000027
0000000000000027 0306000000000d00 1 0d 00000000 4 1 0 0000000000000028
0000000000000028 0306000000000300 1 03 00000000 4 1 0 0000000000000029
0000000000000029 0092140f00000000 1 14 ffffffff 4 1 0 000000000000002a
000000000000002a 0062011313000000 1 01 fff00000 4 1 0 000000000000002b
000000000000002b 0122000302000000 0 00 00000000 5 0 0 000000000000002c
000000000000002c 02150000030c0000 0 00 00000000 5 0 1 0000000000000030
0000000000000030 002301130328a200 1 01 fff328a2 5 0 0 0000000000000031
0000000000000031 0023110543e21a00 1 11 0043e219 5 0 0 0000000000000032
0000000000000032 00130300ffffff00 1 03 ffffffff 5 0 0 0000000000000033
0000000000000033 8506000000000000 0 00 00000000 5 0 0 0000000000000034
0000000000000034 00131e0000000400 1 1e 00000004 5 0 0 0000000000000035
0000000000000035 0023151500000100 1 15 00000001 5 0 0 0000000000000036
0000000000000036 00731e1e00000100 1 1e 00000003 5 0 0 0000000000000037
0000000000000037 0102001e1d000000 0 00 00000000 4 0 0 0000000000000038
0000000000000038 0215fffffc040000 0 00 00000000 4 0 1 0000000000000035
0000000000000035 0023151500000100 1 15 00000002 4 0 0 0000000000000036
0000000000000036 00731e1e00000100 1 1e 00000002 4 0 0 0000000000000037
0000000000000037 0102001e1d000000 0 00 00000000 4 0 0 0000000000000038
0000000000000038 0215fffffc040000 0 00 00000000 4 0 1 0000000000000035
0000000000000035 0023151500000100 1 15 00000003 4 0 0 0000000000000036
0000000000000036 00731e1e00000100 1 1e 00000001 4 0 0 0000000000000037
0000000000000037 0102001e1d000000 0 00 00000000 4 0 0 0000000000000038
0000000000000038 0215fffffc040000 0 00 00000000 4 0 1 0000000000000035
0000000000000035 0023151500000100 1 15 00000004 4 0 0 0000000000000036
0000000000000036 00731e1e00000100 1 1e 00000000 4 0 0 0000000000000037
0000000000000037 0102001e1d000000 0 00 00000000 5 1 0 0000000000000038
0000000000000038 0215fffffc040000 0 00 00000000 5 1 0 0000000000000039
0000000000000039 7cf5000000000000 0 00 00000000 5 1 0 000000000000003a
DONE retired=65 fault=00 pc=0000000000000039
