0000000000000000 0013140000004d00 1 14 0000004d 0 0 0 0000000000000001 c6fc188f f c6fc188f 0 00 c6fc188f
0000000000000001 101003050200f000 0 00 00000000 0 0 0 0000000000000002 c6fc188f f c6fc188f 1 03 c6fc188f
0000000000000002 340006040000f000 0 00 00000000 0 0 0 0000000000000003 c6fc188f f c6fc188f 1 06 c6fc188f
0000000000000003 0013160055555500 1 16 00555555 0 0 0 0000000000000004 c6fc188f f c6fc188f 0 00 c6fc188f
0000000000000004 342002160000f000 0 00 00000000 0 0 0 0000000000000005 c6fc188f f c6fc188f 1 02 c6fc188f
0000000000000005 10810302001ff000 0 00 00000000 0 0 0 0000000000000006 c6fc188f f c6fc188f 1 03 c6fc188f
0000000000000006 0013160000000000 1 16 00000000 0 0 0 0000000000000007 c6fc188f f c6fc188f 0 00 c6fc188f
0000000000000007 342004160000f000 0 00 00000000 0 0 0 0000000000000008 c6fc188f f c6fc188f 1 04 c6fc188f
0000000000000008 108106040001f000 0 00 00000000 0 0 0 0000000000000009 c6fc188f f c6fc188f 1 06 c6fc188f
0000000000000009 341105000001f000 0 00 00000000 0 0 0 000000000000000a c6fc188f f c6fc188f 1 05 c6fc188f
000000000000000a 10110403826ff000 0 00 00000000 0 0 0 000000000000000b c6fc188f f c6fc188f 1 04 c6fc188f
000000000000000b 0013150000000000 1 15 00000000 0 0 0 000000000000000c c6fc188f f c6fc188f 0 00 c6fc188f
000000000000000c 3420041500005000 0 00 00000000 0 0 0 000000000000000d c6fc188f 5 c6fc188f 1 04 c6fc188f
000000000000000d 0013160000000000 1 16 00000000 0 0 0 000000000000000e c6fc188f f c6fc188f 0 00 c6fc188f
000000000000000e 342002160000f000 0 00 00000000 0 0 0 000000000000000f c6fc188f f c6fc188f 1 02 c6fc188f
000000000000000f 10810202000ff000 0 00 00000000 0 0 0 0000000000000010 c6fc188f f c6fc188f 1 02 c6fc188f
0000000000000010 1030060406005000 0 00 00000000 0 0 0 0000000000000011 c6fc188f 5 c6fc188f 1 06 c6fc188f
0000000000000011 105005020500f000 0 00 00000000 0 0 0 0000000000000012 c6fc188f f c6fc188f 1 05 c6fc188f
0000000000000012 105003050400c000 0 00 00000000 0 0 0 0000000000000013 c6fc188f c 80000000 1 03 80000000
0000000000000013 340002050000f000 0 00 00000000 0 0 0 0000000000000014 c6fc188f f c6fc188f 1 02 c6fc188f
0000000000000014 106105030010f000 0 00 00000000 0 0 0 0000000000000015 c6fc188f f c6fc188f 1 05 c6fc188f
0000000000000015 10610504003ff000 0 00 00000000 0 0 0 0000000000000016 c6fc188f f c6fc188f 1 05 c6fc188f
0000000000000016 00131e0000000200 1 1e 00000002 0 0 0 0000000000000017 c6fc188f f c6fc188f 0 00 c6fc188f
0000000000000017 0023171700000100 1 17 00000001 0 0 0 0000000000000018 c6fc188f f c6fc188f 0 00 c6fc188f
0000000000000018 00731e1e00000100 1 1e 00000001 0 0 0 0000000000000019 c6fc188f f c6fc188f 0 00 c6fc188f
0000000000000019 0013180000000000 1 18 00000000 0 0 0 000000000000001a c6fc188f f c6fc188f 0 00 c6fc188f
000000000000001a 0102001e18000000 0 00 00000000 4 0 0 000000000000001b c6fc188f f c6fc188f 0 00 c6fc188f
000000000000001b 0215fffffb040000 0 00 00000000 4 0 1 0000000000000017 c6fc188f f c6fc188f 0 00 c6fc188f
0000000000000017 0023171700000100 1 17 00000002 4 0 0 0000000000000018 c6fc188f f c6fc188f 0 00 c6fc188f
0000000000000018 00731e1e00000100 1 1e 00000000 4 0 0 0000000000000019 c6fc188f f c6fc188f 0 00 c6fc188f
0000000000000019 0013180000000000 1 18 00000000 4 0 0 000000000000001a c6fc188f f c6fc188f 0 00 c6fc188f
000000000000001a 0102001e18000000 0 00 00000000 5 1 0 000000000000001b c6fc188f f c6fc188f 0 00 c6fc188f
000000000000001b 0215fffffb040000 0 00 00000000 5 1 0 000000000000001c c6fc188f f c6fc188f 0 00 c6fc188f
000000000000001c 7cf5000000000000 0 00 00000000 5 1 0 000000000000001d c6fc188f f c6fc188f 0 00 c6fc188f
DONE retired=34 fault=00 pc=000000000000001c
