0000000000000000 0013140000004d00 1 14 0000004d 0 0 0 0000000000000001 00100000 f 00100000 0 00 00100000
0000000000000001 102003020300f000 0 00 00000000 0 0 0 0000000000000002 00100000 f 00100000 1 03 00100000
0000000000000002 104003020300f000 0 00 00000000 0 0 0 0000000000000003 00100000 f 00100000 1 03 00100000
0000000000000003 107106040020f000 0 00 00000000 0 0 0 0000000000000004 00100000 f 00100000 1 06 00100000
0000000000000004 00131600ffffff00 1 16 ffffffff 0 0 0 0000000000000005 00100000 f 00100000 0 00 00100000
0000000000000005 342002160000f000 0 00 00000000 0 0 0 0000000000000006 00100000 f 00100000 1 02 00100000
0000000000000006 10810402001cf000 0 00 00000000 0 0 0 0000000000000007 00100000 f 00100000 1 04 00100000
0000000000000007 100002060500f000 0 00 00000000 0 0 0 0000000000000008 00100000 f 00100000 1 02 00100000
0000000000000008 103003020400f000 0 00 00000000 0 0 0 0000000000000009 00100000 f 00100000 1 03 00100000
0000000000000009 107104040001f000 0 00 00000000 0 0 0 000000000000000a 00100000 f 00100000 1 04 00100000
000000000000000a 102005060500f000 0 00 00000000 0 0 0 000000000000000b 00100000 f 00100000 1 05 00100000
000000000000000b 104105020000f000 0 00 00000000 0 0 0 000000000000000c 00100000 f 00100000 1 05 00100000
000000000000000c 00131600aaaaaa00 1 16 ffaaaaaa 0 0 0 000000000000000d 00100000 f 00100000 0 00 00100000
000000000000000d 342004160000f000 0 00 00000000 0 0 0 000000000000000e 00100000 f 00100000 1 04 00100000
000000000000000e 10810304000ff000 0 00 00000000 0 0 0 000000000000000f 00100000 f 00100000 1 03 00100000
000000000000000f 341106008000f000 0 00 00000000 0 0 0 0000000000000010 00100000 f 00100000 1 06 00100000
0000000000000010 101004060600f000 0 00 00000000 0 0 0 0000000000000011 00100000 f 00100000 1 04 00100000
0000000000000011 00131600aaaaaa00 1 16 ffaaaaaa 0 0 0 0000000000000012 00100000 f 00100000 0 00 00100000
0000000000000012 342005160000f000 0 00 00000000 0 0 0 0000000000000013 00100000 f 00100000 1 05 00100000
0000000000000013 10810205000ff000 0 00 00000000 0 0 0 0000000000000014 00100000 f 00100000 1 02 00100000
0000000000000014 0013160055555500 1 16 00555555 0 0 0 0000000000000015 00100000 f 00100000 0 00 00100000
0000000000000015 342006160000f000 0 00 00000000 0 0 0 0000000000000016 00100000 f 00100000 1 06 00100000
0000000000000016 108104060000f000 0 00 00000000 0 0 0 0000000000000017 00100000 f 00100000 1 04 00100000
0000000000000017 103103038000f000 0 00 00000000 0 0 0 0000000000000018 00100000 f 00100000 1 03 00100000
0000000000000018 0013160000000000 1 16 00000000 0 0 0 0000000000000019 00100000 f 00100000 0 00 00100000
0000000000000019 342004160000f000 0 00 00000000 0 0 0 000000000000001a 00100000 f 00100000 1 04 00100000
000000000000001a 10810304003ff000 0 00 00000000 0 0 0 000000000000001b 00100000 f 00100000 1 03 00100000
000000000000001b 00131e0000000200 1 1e 00000002 0 0 0 000000000000001c 00100000 f 00100000 0 00 00100000
000000000000001c 0023171700000100 1 17 00000001 0 0 0 000000000000001d 00100000 f 00100000 0 00 00100000
000000000000001d 00731e1e00000100 1 1e 00000001 0 0 0 000000000000001e 00100000 f 00100000 0 00 00100000
000000000000001e 0013180000000000 1 18 00000000 0 0 0 000000000000001f 00100000 f 00100000 0 00 00100000
000000000000001f 0102001e18000000 0 00 00000000 4 0 0 0000000000000020 00100000 f 00100000 0 00 00100000
0000000000000020 0215fffffb040000 0 00 00000000 4 0 1 000000000000001c 00100000 f 00100000 0 00 00100000
000000000000001c 0023171700000100 1 17 00000002 4 0 0 000000000000001d 00100000 f 00100000 0 00 00100000
000000000000001d 00731e1e00000100 1 1e 00000000 4 0 0 000000000000001e 00100000 f 00100000 0 00 00100000
000000000000001e 0013180000000000 1 18 00000000 4 0 0 000000000000001f 00100000 f 00100000 0 00 00100000
000000000000001f 0102001e18000000 0 00 00000000 5 1 0 0000000000000020 00100000 f 00100000 0 00 00100000
0000000000000020 0215fffffb040000 0 00 00000000 5 1 0 0000000000000021 00100000 f 00100000 0 00 00100000
0000000000000021 7cf5000000000000 0 00 00000000 5 1 0 0000000000000022 00100000 f 00100000 0 00 00100000
DONE retired=39 fault=00 pc=0000000000000021
