0000000000000000 0013140000004d00 1 14 0000004d 0 0 0 0000000000000001 00100000 f 00100000 0 00 00100000
0000000000000001 105003020200f000 0 00 00000000 0 0 0 0000000000000002 00100000 f 00100000 1 03 00100000
0000000000000002 10710203000ff000 0 00 00000000 0 0 0 0000000000000003 00100000 f 00100000 1 02 00100000
0000000000000003 00131600ffffff00 1 16 ffffffff 0 0 0 0000000000000004 00100000 f 00100000 0 00 00100000
0000000000000004 342002160000f000 0 00 00000000 0 0 0 0000000000000005 00100000 f 00100000 1 02 00100000
0000000000000005 108104020020f000 0 00 00000000 0 0 0 0000000000000006 00100000 f 00100000 1 04 00100000
0000000000000006 105003020200f000 0 00 00000000 0 0 0 0000000000000007 00100000 f 00100000 1 03 00100000
0000000000000007 1030020605007000 0 00 00000000 0 0 0 0000000000000008 00100000 7 00000000 1 02 00000000
0000000000000008 107105040000f000 0 00 00000000 0 0 0 0000000000000009 00100000 f 00100000 1 05 00100000
0000000000000009 104004050300a000 0 00 00000000 0 0 0 000000000000000a 00100000 a 00000000 1 04 00000000
000000000000000a 0013160055555500 1 16 00555555 0 0 0 000000000000000b 00100000 f 00100000 0 00 00100000
000000000000000b 342004160000f000 0 00 00000000 0 0 0 000000000000000c 00100000 f 00100000 1 04 00100000
000000000000000c 10810304000ff000 0 00 00000000 0 0 0 000000000000000d 00100000 f 00100000 1 03 00100000
000000000000000d 00131e0000000200 1 1e 00000002 0 0 0 000000000000000e 00100000 f 00100000 0 00 00100000
000000000000000e 0023171700000100 1 17 00000001 0 0 0 000000000000000f 00100000 f 00100000 0 00 00100000
000000000000000f 00731e1e00000100 1 1e 00000001 0 0 0 0000000000000010 00100000 f 00100000 0 00 00100000
0000000000000010 0013180000000000 1 18 00000000 0 0 0 0000000000000011 00100000 f 00100000 0 00 00100000
0000000000000011 0102001e18000000 0 00 00000000 4 0 0 0000000000000012 00100000 f 00100000 0 00 00100000
0000000000000012 0215fffffb040000 0 00 00000000 4 0 1 000000000000000e 00100000 f 00100000 0 00 00100000
000000000000000e 0023171700000100 1 17 00000002 4 0 0 000000000000000f 00100000 f 00100000 0 00 00100000
000000000000000f 00731e1e00000100 1 1e 00000000 4 0 0 0000000000000010 00100000 f 00100000 0 00 00100000
0000000000000010 0013180000000000 1 18 00000000 4 0 0 0000000000000011 00100000 f 00100000 0 00 00100000
0000000000000011 0102001e18000000 0 00 00000000 5 1 0 0000000000000012 00100000 f 00100000 0 00 00100000
0000000000000012 0215fffffb040000 0 00 00000000 5 1 0 0000000000000013 00100000 f 00100000 0 00 00100000
0000000000000013 7cf5000000000000 0 00 00000000 5 1 0 0000000000000014 00100000 f 00100000 0 00 00100000
DONE retired=25 fault=00 pc=0000000000000013
