0000000000000000 00131d0000000000 1 1d 00000000 0 0 0 0000000000000001
0000000000000001 0082031205000000 1 03 00000000 0 0 0 0000000000000002
0000000000000002 0072060f0f000000 1 06 00000000 0 0 0 0000000000000003
0000000000000003 8506000000000000 0 00 00000000 0 0 0 0000000000000004
0000000000000004 00730d0fac216b00 1 0d 0053de95 0 0 0 0000000000000005
0000000000000005 8506000000000000 0 00 00000000 0 0 0 0000000000000006
0000000000000006 00130700ae161300 1 07 ffae1613 0 0 0 0000000000000007
0000000000000007 0306000000000500 1 05 00000000 0 0 0 0000000000000008
0000000000000008 8506000000000000 0 00 00000000 0 0 0 0000000000000009
0000000000000009 8506000000000000 0 00 00000000 0 0 0 000000000000000a
000000000000000a 00131e0000000200 1 1e 00000002 0 0 0 000000000000000b
000000000000000b 0023151500000100 1 15 00000001 0 0 0 000000000000000c
000000000000000c 00731e1e00000100 1 1e 00000001 0 0 0 000000000000000d
000000000000000d 0102001e1d000000 0 00 00000000 4 0 0 000000000000000e
000000000000000e 0215fffffc040000 0 00 00000000 4 0 1 000000000000000b
000000000000000b 0023151500000100 1 15 00000002 4 0 0 000000000000000c
000000000000000c 00731e1e00000100 1 1e 00000000 4 0 0 000000000000000d
000000000000000d 0102001e1d000000 0 00 00000000 5 1 0 000000000000000e
000000000000000e 0215fffffc040000 0 00 00000000 5 1 0 000000000000000f
000000000000000f 7cf5000000000000 0 00 00000000 5 1 0 0000000000000010
DONE retired=20 fault=00 pc=000000000000000f
