0000000000000000 00131d0000000000 1 1d 00000000 0 0 0 0000000000000001
0000000000000001 00920c0d00000000 1 0c ffffffff 0 0 0 0000000000000002
0000000000000002 0306000000000e00 1 0e 00000000 0 0 0 0000000000000003
0000000000000003 00b30e0c00000600 1 0e ffffffff 0 0 0 0000000000000004
0000000000000004 0102000413000000 0 00 00000000 5 1 0 0000000000000005
0000000000000005 0215000003020000 0 00 00000000 5 1 0 0000000000000006
0000000000000006 8506000000000000 0 00 00000000 5 1 0 0000000000000007
0000000000000007 8506000000000000 0 00 00000000 5 1 0 0000000000000008
0000000000000008 8506000000000000 0 00 00000000 5 1 0 0000000000000009
0000000000000009 0092050c00000000 1 05 00000000 5 1 0 000000000000000a
000000000000000a 0052030707000000 1 03 00000000 5 1 0 000000000000000b
000000000000000b 0112000f08000000 0 00 00000000 5 0 0 000000000000000c
000000000000000c 0215000003040000 0 00 00000000 5 0 0 000000000000000d
000000000000000d 8506000000000000 0 00 00000000 5 0 0 000000000000000e
000000000000000e 8506000000000000 0 00 00000000 5 0 0 000000000000000f
000000000000000f 8506000000000000 0 00 00000000 5 0 0 0000000000000010
0000000000000010 8506000000000000 0 00 00000000 5 0 0 0000000000000011
0000000000000011 00b2090e10000000 1 09 ffffffff 5 0 0 0000000000000012
0000000000000012 0092060e00000000 1 06 00000000 5 0 0 0000000000000013
0000000000000013 00131e0000000400 1 1e 00000004 5 0 0 0000000000000014
0000000000000014 0023151500000100 1 15 00000001 5 0 0 0000000000000015
0000000000000015 00731e1e00000100 1 1e 00000003 5 0 0 0000000000000016
0000000000000016 0102001e1d000000 0 00 00000000 4 0 0 0000000000000017
0000000000000017 0215fffffc040000 0 00 00000000 4 0 1 0000000000000014
0000000000000014 0023151500000100 1 15 00000002 4 0 0 0000000000000015
0000000000000015 00731e1e00000100 1 1e 00000002 4 0 0 0000000000000016
0000000000000016 0102001e1d000000 0 00 00000000 4 0 0 0000000000000017
0000000000000017 0215fffffc040000 0 00 00000000 4 0 1 0000000000000014
0000000000000014 0023151500000100 1 15 00000003 4 0 0 0000000000000015
0000000000000015 00731e1e00000100 1 1e 00000001 4 0 0 0000000000000016
0000000000000016 0102001e1d000000 0 00 00000000 4 0 0 0000000000000017
0000000000000017 0215fffffc040000 0 00 00000000 4 0 1 0000000000000014
0000000000000014 0023151500000100 1 15 00000004 4 0 0 0000000000000015
0000000000000015 00731e1e00000100 1 1e 00000000 4 0 0 0000000000000016
0000000000000016 0102001e1d000000 0 00 00000000 5 1 0 0000000000000017
0000000000000017 0215fffffc040000 0 00 00000000 5 1 0 0000000000000018
0000000000000018 7cf5000000000000 0 00 00000000 5 1 0 0000000000000019
DONE retired=37 fault=00 pc=0000000000000018
