0000000000000000 00131d0000000000 1 1d 00000000 0 0 0 0000000000000001
0000000000000001 0032120205000000 1 12 00000000 0 0 0 0000000000000002
0000000000000002 00730303c533db00 1 03 003acc25 0 0 0 0000000000000003
0000000000000003 0023010100000100 1 01 00000001 0 0 0 0000000000000004
0000000000000004 012200100e000000 0 00 00000000 5 0 0 0000000000000005
0000000000000005 0215000002040000 0 00 00000000 5 0 0 0000000000000006
0000000000000006 8506000000000000 0 00 00000000 5 0 0 0000000000000007
0000000000000007 8506000000000000 0 00 00000000 5 0 0 0000000000000008
0000000000000008 00a3121200000800 1 12 00000000 5 0 0 0000000000000009
0000000000000009 00b30b0b00000f00 1 0b 00000000 5 0 0 000000000000000a
000000000000000a 8506000000000000 0 00 00000000 5 0 0 000000000000000b
000000000000000b 0306000000000300 1 03 00000000 5 0 0 000000000000000c
000000000000000c 00a3061400001d00 1 06 00000000 5 0 0 000000000000000d
000000000000000d 0102000409000000 0 00 00000000 5 1 0 000000000000000e
000000000000000e 0215000003030000 0 00 00000000 5 1 1 0000000000000012
0000000000000012 00b30f0500000100 1 0f 00000000 5 1 0 0000000000000013
0000000000000013 0306000000001100 1 11 00000000 5 1 0 0000000000000014
0000000000000014 0052110713000000 1 11 00000000 5 1 0 0000000000000015
0000000000000015 0013050000000100 1 05 00000001 5 1 0 0000000000000016
0000000000000016 0306000000000400 1 04 00000000 5 1 0 0000000000000017
0000000000000017 8506000000000000 0 00 00000000 5 1 0 0000000000000018
0000000000000018 0122000801000000 0 00 00000000 2 0 0 0000000000000019
0000000000000019 02150000030b0000 0 00 00000000 2 0 1 000000000000001d
000000000000001d 0092070f00000000 1 07 ffffffff 2 0 0 000000000000001e
000000000000001e 00a3011300001000 1 01 00000000 2 0 0 000000000000001f
000000000000001f 008208040f000000 1 08 00000000 2 0 0 0000000000000020
0000000000000020 0052041009000000 1 04 00000000 2 0 0 0000000000000021
0000000000000021 0023080455555500 1 08 00555555 2 0 0 0000000000000022
0000000000000022 0306000000001200 1 12 00000000 2 0 0 0000000000000023
0000000000000023 00b3140c00000300 1 14 00000000 2 0 0 0000000000000024
0000000000000024 00131e0000000200 1 1e 00000002 2 0 0 0000000000000025
0000000000000025 0023151500000100 1 15 00000001 2 0 0 0000000000000026
0000000000000026 00731e1e00000100 1 1e 00000001 2 0 0 0000000000000027
0000000000000027 0102001e1d000000 0 00 00000000 4 0 0 0000000000000028
0000000000000028 0215fffffc040000 0 00 00000000 4 0 1 0000000000000025
0000000000000025 0023151500000100 1 15 00000002 4 0 0 0000000000000026
0000000000000026 00731e1e00000100 1 1e 00000000 4 0 0 0000000000000027
0000000000000027 0102001e1d000000 0 00 00000000 5 1 0 0000000000000028
0000000000000028 0215fffffc040000 0 00 00000000 5 1 0 0000000000000029
0000000000000029 7cf5000000000000 0 00 00000000 5 1 0 000000000000002a
DONE retired=40 fault=00 pc=0000000000000029
