0000000000000000 0013140000004d00 1 14 0000004d 0 0 0 0000000000000001 147f2e18 f 147f2e18 0 00 147f2e18
0000000000000001 340005020000f000 0 00 00000000 0 0 0 0000000000000002 147f2e18 f 147f2e18 1 05 147f2e18
0000000000000002 34110400045bf000 0 00 00000000 0 0 0 0000000000000003 147f2e18 f 147f2e18 1 04 147f2e18
0000000000000003 102002030300f000 0 00 00000000 0 0 0 0000000000000004 147f2e18 f 147f2e18 1 02 147f2e18
0000000000000004 100006030500f000 0 00 00000000 0 0 0 0000000000000005 147f2e18 f 147f2e18 1 06 147f2e18
0000000000000005 340005030000b000 0 00 00000000 0 0 0 0000000000000006 147f2e18 b 00000000 1 05 00000000
0000000000000006 1050040403006000 0 00 00000000 0 0 0 0000000000000007 147f2e18 6 00000000 1 04 00000000
0000000000000007 00131600aaaaaa00 1 16 ffaaaaaa 0 0 0 0000000000000008 147f2e18 f 147f2e18 0 00 147f2e18
0000000000000008 342006160000f000 0 00 00000000 0 0 0 0000000000000009 147f2e18 f 147f2e18 1 06 147f2e18
0000000000000009 10810606001ff000 0 00 00000000 0 0 0 000000000000000a 147f2e18 f 147f2e18 1 06 147f2e18
000000000000000a 343004000000f000 0 00 00000000 0 0 0 000000000000000b 147f2e18 f 147f2e18 1 04 147f2e18
000000000000000b 10410205fffff000 0 00 00000000 0 0 0 000000000000000c 147f2e18 f 147f2e18 1 02 147f2e18
000000000000000c 10710506003ff000 0 00 00000000 0 0 0 000000000000000d 147f2e18 f 147f2e18 1 05 147f2e18
000000000000000d 106106060001f000 0 00 00000000 0 0 0 000000000000000e 147f2e18 f 147f2e18 1 06 147f2e18
000000000000000e 00131600ffffff00 1 16 ffffffff 0 0 0 000000000000000f 147f2e18 f 147f2e18 0 00 147f2e18
000000000000000f 342006160000f000 0 00 00000000 0 0 0 0000000000000010 147f2e18 f 147f2e18 1 06 147f2e18
0000000000000010 108104060020f000 0 00 00000000 0 0 0 0000000000000011 147f2e18 f 147f2e18 1 04 147f2e18
0000000000000011 343006000000f000 0 00 00000000 0 0 0 0000000000000012 147f2e18 f 147f2e18 1 06 147f2e18
0000000000000012 340002030000f000 0 00 00000000 0 0 0 0000000000000013 147f2e18 f 147f2e18 1 02 147f2e18
0000000000000013 104006060300f000 0 00 00000000 0 0 0 0000000000000014 147f2e18 f 147f2e18 1 06 147f2e18
0000000000000014 1010020602003000 0 00 00000000 0 0 0 0000000000000015 147f2e18 3 002a2a08 1 02 002a2a08
0000000000000015 107103050020f000 0 00 00000000 0 0 0 0000000000000016 147f2e18 f 147f2e18 1 03 147f2e18
0000000000000016 100006020500f000 0 00 00000000 0 0 0 0000000000000017 147f2e18 f 147f2e18 1 06 147f2e18
0000000000000017 00131600aaaaaa00 1 16 ffaaaaaa 0 0 0 0000000000000018 147f2e18 f 147f2e18 0 00 147f2e18
0000000000000018 342003160000f000 0 00 00000000 0 0 0 0000000000000019 147f2e18 f 147f2e18 1 03 147f2e18
0000000000000019 108103030001f000 0 00 00000000 0 0 0 000000000000001a 147f2e18 f 147f2e18 1 03 147f2e18
000000000000001a 102006060500f000 0 00 00000000 0 0 0 000000000000001b 147f2e18 f 147f2e18 1 06 147f2e18
000000000000001b 105004030200f000 0 00 00000000 0 0 0 000000000000001c 147f2e18 f 147f2e18 1 04 147f2e18
000000000000001c 101004050300d000 0 00 00000000 0 0 0 000000000000001d 147f2e18 d 002a2a08 1 04 002a2a08
000000000000001d 340002020000f000 0 00 00000000 0 0 0 000000000000001e 147f2e18 f 147f2e18 1 02 147f2e18
000000000000001e 00131e0000000200 1 1e 00000002 0 0 0 000000000000001f 147f2e18 f 147f2e18 0 00 147f2e18
000000000000001f 0023171700000100 1 17 00000001 0 0 0 0000000000000020 147f2e18 f 147f2e18 0 00 147f2e18
0000000000000020 00731e1e00000100 1 1e 00000001 0 0 0 0000000000000021 147f2e18 f 147f2e18 0 00 147f2e18
0000000000000021 0013180000000000 1 18 00000000 0 0 0 0000000000000022 147f2e18 f 147f2e18 0 00 147f2e18
0000000000000022 0102001e18000000 0 00 00000000 4 0 0 0000000000000023 147f2e18 f 147f2e18 0 00 147f2e18
0000000000000023 0215fffffb040000 0 00 00000000 4 0 1 000000000000001f 147f2e18 f 147f2e18 0 00 147f2e18
000000000000001f 0023171700000100 1 17 00000002 4 0 0 0000000000000020 147f2e18 f 147f2e18 0 00 147f2e18
0000000000000020 00731e1e00000100 1 1e 00000000 4 0 0 0000000000000021 147f2e18 f 147f2e18 0 00 147f2e18
0000000000000021 0013180000000000 1 18 00000000 4 0 0 0000000000000022 147f2e18 f 147f2e18 0 00 147f2e18
0000000000000022 0102001e18000000 0 00 00000000 5 1 0 0000000000000023 147f2e18 f 147f2e18 0 00 147f2e18
0000000000000023 0215fffffb040000 0 00 00000000 5 1 0 0000000000000024 147f2e18 f 147f2e18 0 00 147f2e18
0000000000000024 7cf5000000000000 0 00 00000000 5 1 0 0000000000000025 147f2e18 f 147f2e18 0 00 147f2e18
DONE retired=42 fault=00 pc=0000000000000024
