0000000000000000 00131d0000000000 1 1d 00000000 0 0 0 0000000000000001
0000000000000001 0042110c0f000000 1 11 00000000 0 0 0 0000000000000002
0000000000000002 8506000000000000 0 00 00000000 0 0 0 0000000000000003
0000000000000003 0063070e00000b00 1 07 00000000 0 0 0 0000000000000004
0000000000000004 012200080d000000 0 00 00000000 5 0 0 0000000000000005
0000000000000005 0215000003040000 0 00 00000000 5 0 0 0000000000000006
0000000000000006 8506000000000000 0 00 00000000 5 0 0 0000000000000007
0000000000000007 8506000000000000 0 00 00000000 5 0 0 0000000000000008
0000000000000008 8506000000000000 0 00 00000000 5 0 0 0000000000000009
0000000000000009 8506000000000000 0 00 00000000 5 0 0 000000000000000a
000000000000000a 8506000000000000 0 00 00000000 5 0 0 000000000000000b
000000000000000b 00b30b1200000600 1 0b 00000000 5 0 0 000000000000000c
000000000000000c 0013080055555500 1 08 00555555 5 0 0 000000000000000d
000000000000000d 0092120800000000 1 12 ffaaaaaa 5 0 0 000000000000000e
000000000000000e 8506000000000000 0 00 00000000 5 0 0 000000000000000f
000000000000000f 8506000000000000 0 00 00000000 5 0 0 0000000000000010
0000000000000010 0102001110000000 0 00 00000000 5 1 0 0000000000000011
0000000000000011 0215000003010000 0 00 00000000 5 1 1 0000000000000015
0000000000000015 8506000000000000 0 00 00000000 5 1 0 0000000000000016
0000000000000016 00131e0000000200 1 1e 00000002 5 1 0 0000000000000017
0000000000000017 0023151500000100 1 15 00000001 5 1 0 0000000000000018
0000000000000018 00731e1e00000100 1 1e 00000001 5 1 0 0000000000000019
0000000000000019 0102001e1d000000 0 00 00000000 4 0 0 000000000000001a
000000000000001a 0215fffffc040000 0 00 00000000 4 0 1 0000000000000017
0000000000000017 0023151500000100 1 15 00000002 4 0 0 0000000000000018
0000000000000018 00731e1e00000100 1 1e 00000000 4 0 0 0000000000000019
0000000000000019 0102001e1d000000 0 00 00000000 5 1 0 000000000000001a
000000000000001a 0215fffffc040000 0 00 00000000 5 1 0 000000000000001b
000000000000001b 7cf5000000000000 0 00 00000000 5 1 0 000000000000001c
DONE retired=29 fault=00 pc=000000000000001b
