0000000000000000 0013140000004d00 1 14 0000004d 0 0 0 0000000000000001 80000001 f 80000001 0 00 80000001
0000000000000001 104005020300f000 0 00 00000000 0 0 0 0000000000000002 80000001 f 80000001 1 05 80000001
0000000000000002 10110302fffff000 0 00 00000000 0 0 0 0000000000000003 80000001 f 80000001 1 03 80000001
0000000000000003 105005050600f000 0 00 00000000 0 0 0 0000000000000004 80000001 f 80000001 1 05 80000001
0000000000000004 0013160000000000 1 16 00000000 0 0 0 0000000000000005 80000001 f 80000001 0 00 80000001
0000000000000005 342002160000f000 0 00 00000000 0 0 0 0000000000000006 80000001 f 80000001 1 02 80000001
0000000000000006 108104020021f000 0 00 00000000 0 0 0 0000000000000007 80000001 f 80000001 1 04 80000001
0000000000000007 101106037ffff000 0 00 00000000 0 0 0 0000000000000008 80000001 f 80000001 1 06 80000001
0000000000000008 100005060300f000 0 00 00000000 0 0 0 0000000000000009 80000001 f 80000001 1 05 80000001
0000000000000009 1040050405006000 0 00 00000000 0 0 0 000000000000000a 80000001 6 00000000 1 05 00000000
000000000000000a 10710602001ff000 0 00 00000000 0 0 0 000000000000000b 80000001 f 80000001 1 06 80000001
000000000000000b 106104060020f000 0 00 00000000 0 0 0 000000000000000c 80000001 f 80000001 1 04 80000001
000000000000000c 107104030001f000 0 00 00000000 0 0 0 000000000000000d 80000001 f 80000001 1 04 80000001
000000000000000d 00131600ffffff00 1 16 ffffffff 0 0 0 000000000000000e 80000001 f 80000001 0 00 80000001
000000000000000e 342004160000f000 0 00 00000000 0 0 0 000000000000000f 80000001 f 80000001 1 04 80000001
000000000000000f 108104040000f000 0 00 00000000 0 0 0 0000000000000010 80000001 f 80000001 1 04 80000001
0000000000000010 340005050000f000 0 00 00000000 0 0 0 0000000000000011 80000001 f 80000001 1 05 80000001
0000000000000011 105003060600f000 0 00 00000000 0 0 0 0000000000000012 80000001 f 80000001 1 03 80000001
0000000000000012 00131600ffffff00 1 16 ffffffff 0 0 0 0000000000000013 80000001 f 80000001 0 00 80000001
0000000000000013 342002160000f000 0 00 00000000 0 0 0 0000000000000014 80000001 f 80000001 1 02 80000001
0000000000000014 108104020001f000 0 00 00000000 0 0 0 0000000000000015 80000001 f 80000001 1 04 80000001
0000000000000015 10610304001ff000 0 00 00000000 0 0 0 0000000000000016 80000001 f 80000001 1 03 80000001
0000000000000016 343004000000f000 0 00 00000000 0 0 0 0000000000000017 80000001 f 80000001 1 04 80000001
0000000000000017 00131600ffffff00 1 16 ffffffff 0 0 0 0000000000000018 80000001 f 80000001 0 00 80000001
0000000000000018 342003160000f000 0 00 00000000 0 0 0 0000000000000019 80000001 f 80000001 1 03 80000001
0000000000000019 10810203003ff000 0 00 00000000 0 0 0 000000000000001a 80000001 f 80000001 1 02 80000001
000000000000001a 10010606fffff000 0 00 00000000 0 0 0 000000000000001b 80000001 f 80000001 1 06 80000001
000000000000001b 34110500ecabf000 0 00 00000000 0 0 0 000000000000001c 80000001 f 80000001 1 05 80000001
000000000000001c 340003050000f000 0 00 00000000 0 0 0 000000000000001d 80000001 f 80000001 1 03 80000001
000000000000001d 10610206000ff000 0 00 00000000 0 0 0 000000000000001e 80000001 f 80000001 1 02 80000001
000000000000001e 341104000000f000 0 00 00000000 0 0 0 000000000000001f 80000001 f 80000001 1 04 80000001
000000000000001f 101004020500f000 0 00 00000000 0 0 0 0000000000000020 80000001 f 80000001 1 04 80000001
0000000000000020 341102000001f000 0 00 00000000 0 0 0 0000000000000021 80000001 f 80000001 1 02 80000001
0000000000000021 10710404000ff000 0 00 00000000 0 0 0 0000000000000022 80000001 f 80000001 1 04 80000001
0000000000000022 00131e0000000300 1 1e 00000003 0 0 0 0000000000000023 80000001 f 80000001 0 00 80000001
0000000000000023 0023171700000100 1 17 00000001 0 0 0 0000000000000024 80000001 f 80000001 0 00 80000001
0000000000000024 00731e1e00000100 1 1e 00000002 0 0 0 0000000000000025 80000001 f 80000001 0 00 80000001
0000000000000025 0013180000000000 1 18 00000000 0 0 0 0000000000000026 80000001 f 80000001 0 00 80000001
0000000000000026 0102001e18000000 0 00 00000000 4 0 0 0000000000000027 80000001 f 80000001 0 00 80000001
0000000000000027 0215fffffb040000 0 00 00000000 4 0 1 0000000000000023 80000001 f 80000001 0 00 80000001
0000000000000023 0023171700000100 1 17 00000002 4 0 0 0000000000000024 80000001 f 80000001 0 00 80000001
0000000000000024 00731e1e00000100 1 1e 00000001 4 0 0 0000000000000025 80000001 f 80000001 0 00 80000001
0000000000000025 0013180000000000 1 18 00000000 4 0 0 0000000000000026 80000001 f 80000001 0 00 80000001
0000000000000026 0102001e18000000 0 00 00000000 4 0 0 0000000000000027 80000001 f 80000001 0 00 80000001
0000000000000027 0215fffffb040000 0 00 00000000 4 0 1 0000000000000023 80000001 f 80000001 0 00 80000001
0000000000000023 0023171700000100 1 17 00000003 4 0 0 0000000000000024 80000001 f 80000001 0 00 80000001
0000000000000024 00731e1e00000100 1 1e 00000000 4 0 0 0000000000000025 80000001 f 80000001 0 00 80000001
0000000000000025 0013180000000000 1 18 00000000 4 0 0 0000000000000026 80000001 f 80000001 0 00 80000001
0000000000000026 0102001e18000000 0 00 00000000 5 1 0 0000000000000027 80000001 f 80000001 0 00 80000001
0000000000000027 0215fffffb040000 0 00 00000000 5 1 0 0000000000000028 80000001 f 80000001 0 00 80000001
0000000000000028 7cf5000000000000 0 00 00000000 5 1 0 0000000000000029 80000001 f 80000001 0 00 80000001
DONE retired=51 fault=00 pc=0000000000000028
