0000000000000000 00131d0000000000 1 1d 00000000 0 0 0 0000000000000001
0000000000000001 012200070e000000 0 00 00000000 5 0 0 0000000000000002
0000000000000002 02150000010c0000 0 00 00000000 5 0 1 0000000000000004
0000000000000004 8506000000000000 0 00 00000000 5 0 0 0000000000000005
0000000000000005 0092051200000000 1 05 ffffffff 5 0 0 0000000000000006
0000000000000006 00920c1300000000 1 0c ffffffff 5 0 0 0000000000000007
0000000000000007 0013130084371100 1 13 ff843711 5 0 0 0000000000000008
0000000000000008 001314006586f000 1 14 006586f0 5 0 0 0000000000000009
0000000000000009 8506000000000000 0 00 00000000 5 0 0 000000000000000a
000000000000000a 0122000507000000 0 00 00000000 6 0 0 000000000000000b
000000000000000b 02150000030e0000 0 00 00000000 6 0 1 000000000000000f
000000000000000f 0112000b0c000000 0 00 00000000 0 0 0 0000000000000010
0000000000000010 02150000030e0000 0 00 00000000 0 0 0 0000000000000011
0000000000000011 8506000000000000 0 00 00000000 0 0 0 0000000000000012
0000000000000012 8506000000000000 0 00 00000000 0 0 0 0000000000000013
0000000000000013 8506000000000000 0 00 00000000 0 0 0 0000000000000014
0000000000000014 00a2030e0c000000 1 03 00000000 0 0 0 0000000000000015
0000000000000015 0122000310000000 0 00 00000000 5 0 0 0000000000000016
0000000000000016 02150000010d0000 0 00 00000000 5 0 0 0000000000000017
0000000000000017 8506000000000000 0 00 00000000 5 0 0 0000000000000018
0000000000000018 00130d0055555500 1 0d 00555555 5 0 0 0000000000000019
0000000000000019 00131300c1f98800 1 13 ffc1f988 5 0 0 000000000000001a
000000000000001a 8506000000000000 0 00 00000000 5 0 0 000000000000001b
000000000000001b 0023110c00000000 1 11 ffffffff 5 0 0 000000000000001c
000000000000001c 00b3140500001700 1 14 ffffffff 5 0 0 000000000000001d
000000000000001d 00b3020100001200 1 02 00000000 5 0 0 000000000000001e
000000000000001e 8506000000000000 0 00 00000000 5 0 0 000000000000001f
000000000000001f 002310107999e400 1 10 007999e4 5 0 0 0000000000000020
0000000000000020 0013030083e1e000 1 03 ff83e1e0 5 0 0 0000000000000021
0000000000000021 00131000544d7600 1 10 00544d76 5 0 0 0000000000000022
0000000000000022 0122000209000000 0 00 00000000 5 0 0 0000000000000023
0000000000000023 02150000020e0000 0 00 00000000 5 0 1 0000000000000026
0000000000000026 0306000000001100 1 11 00000000 5 0 0 0000000000000027
0000000000000027 8506000000000000 0 00 00000000 5 0 0 0000000000000028
0000000000000028 0092120200000000 1 12 ffffffff 5 0 0 0000000000000029
0000000000000029 8506000000000000 0 00 00000000 5 0 0 000000000000002a
000000000000002a 00520b0805000000 1 0b ffffffff 5 0 0 000000000000002b
000000000000002b 0092050300000000 1 05 007c1e1f 5 0 0 000000000000002c
000000000000002c 0092140500000000 1 14 ff83e1e0 5 0 0 000000000000002d
000000000000002d 00520f0f04000000 1 0f 00000000 5 0 0 000000000000002e
000000000000002e 00a3090f00000900 1 09 00000000 5 0 0 000000000000002f
000000000000002f 0082110704000000 1 11 00000000 5 0 0 0000000000000030
0000000000000030 0063020f00000200 1 02 00000000 5 0 0 0000000000000031
0000000000000031 0306000000000b00 1 0b 00000000 5 0 0 0000000000000032
0000000000000032 8506000000000000 0 00 00000000 5 0 0 0000000000000033
0000000000000033 0092021300000000 1 02 003e0677 5 0 0 0000000000000034
0000000000000034 0092031400000000 1 03 007c1e1f 5 0 0 0000000000000035
0000000000000035 0092101400000000 1 10 007c1e1f 5 0 0 0000000000000036
0000000000000036 00131e0000000200 1 1e 00000002 5 0 0 0000000000000037
0000000000000037 0023151500000100 1 15 00000001 5 0 0 0000000000000038
0000000000000038 00731e1e00000100 1 1e 00000001 5 0 0 0000000000000039
0000000000000039 0102001e1d000000 0 00 00000000 4 0 0 000000000000003a
000000000000003a 0215fffffc040000 0 00 00000000 4 0 1 0000000000000037
0000000000000037 0023151500000100 1 15 00000002 4 0 0 0000000000000038
0000000000000038 00731e1e00000100 1 1e 00000000 4 0 0 0000000000000039
0000000000000039 0102001e1d000000 0 00 00000000 5 1 0 000000000000003a
000000000000003a 0215fffffc040000 0 00 00000000 5 1 0 000000000000003b
000000000000003b 7cf5000000000000 0 00 00000000 5 1 0 000000000000003c
DONE retired=58 fault=00 pc=000000000000003b
