0000000000000000 00131d0000000000 1 1d 00000000 0 0 0 0000000000000001
0000000000000001 00730a0700000100 1 0a ffffffff 0 0 0 0000000000000002
0000000000000002 8506000000000000 0 00 00000000 0 0 0 0000000000000003
0000000000000003 8506000000000000 0 00 00000000 0 0 0 0000000000000004
0000000000000004 00130800aaaaaa00 1 08 ffaaaaaa 0 0 0 0000000000000005
0000000000000005 8506000000000000 0 00 00000000 0 0 0 0000000000000006
0000000000000006 8506000000000000 0 00 00000000 0 0 0 0000000000000007
0000000000000007 0102000d11000000 0 00 00000000 5 1 0 0000000000000008
0000000000000008 02150000030d0000 0 00 00000000 5 1 0 0000000000000009
0000000000000009 8506000000000000 0 00 00000000 5 1 0 000000000000000a
000000000000000a 8506000000000000 0 00 00000000 5 1 0 000000000000000b
000000000000000b 8506000000000000 0 00 00000000 5 1 0 000000000000000c
000000000000000c 00130d0080168500 1 0d ff801685 5 1 0 000000000000000d
000000000000000d 0102001008000000 0 00 00000000 0 0 0 000000000000000e
000000000000000e 0215000003020000 0 00 00000000 0 0 1 0000000000000012
0000000000000012 0306000000000d00 1 0d 00000000 0 0 0 0000000000000013
0000000000000013 006207080a000000 1 07 00000000 0 0 0 0000000000000014
0000000000000014 00130c0000000000 1 0c 00000000 0 0 0 0000000000000015
0000000000000015 8506000000000000 0 00 00000000 0 0 0 0000000000000016
0000000000000016 00130900e3041d00 1 09 ffe3041d 0 0 0 0000000000000017
0000000000000017 0052111110000000 1 11 00000000 0 0 0 0000000000000018
0000000000000018 8506000000000000 0 00 00000000 0 0 0 0000000000000019
0000000000000019 00a210020d000000 1 10 00000000 0 0 0 000000000000001a
000000000000001a 0022081411000000 1 08 00000000 0 0 0 000000000000001b
000000000000001b 00131e0000000200 1 1e 00000002 0 0 0 000000000000001c
000000000000001c 0023151500000100 1 15 00000001 0 0 0 000000000000001d
000000000000001d 00731e1e00000100 1 1e 00000001 0 0 0 000000000000001e
000000000000001e 0102001e1d000000 0 00 00000000 4 0 0 000000000000001f
000000000000001f 0215fffffc040000 0 00 00000000 4 0 1 000000000000001c
000000000000001c 0023151500000100 1 15 00000002 4 0 0 000000000000001d
000000000000001d 00731e1e00000100 1 1e 00000000 4 0 0 000000000000001e
000000000000001e 0102001e1d000000 0 00 00000000 5 1 0 000000000000001f
000000000000001f 0215fffffc040000 0 00 00000000 5 1 0 0000000000000020
0000000000000020 7cf5000000000000 0 00 00000000 5 1 0 0000000000000021
DONE retired=34 fault=00 pc=0000000000000020
