0000000000000000 343001000000f000 0 00 00000000 0 0 0 0 0 0 0000000000000001 ffffffff f ffffffff 1 01
0000000000000001 341107000001f000 0 00 00000000 0 0 0 0 0 0 0000000000000002 ffffffff f ffffffff 1 07
0000000000000002 34110c000003f000 0 00 00000000 0 0 0 0 0 0 0000000000000003 ffffffff f ffffffff 1 0c
0000000000000003 34110d000000f000 0 00 00000000 0 0 0 0 0 0 0000000000000004 ffffffff f ffffffff 1 0d
0000000000000004 10300c010d00f000 0 00 00000000 0 0 0 0 0 0 0000000000000005 ffffffff f ffffffff 1 0c
0000000000000005 10000c0c0700f000 0 00 00000000 0 0 0 0 0 0 0000000000000006 ffffffff f ffffffff 1 0c
0000000000000006 34110a000000f000 0 00 00000000 0 0 0 0 0 0 0000000000000007 ffffffff f ffffffff 1 0a
0000000000000007 7c85000007000000 0 00 00000000 0 0 0 0 0 0 0000000000000008 ffffffff f ffffffff 0 00
0000000000000008 3059e0a0c0000000 0 00 00000000 0 0 0 0 0 0 0000000000000009 ffffffff f ffffffff 0 00
0000000000000009 3029d0a0c0000000 0 00 00000000 0 0 0 0 0 0 000000000000000a ffffffff f ffffffff 0 00
000000000000000a 3049b0a070000000 0 00 00000000 0 0 0 0 0 0 000000000000000b ffffffff f ffffffff 0 00
000000000000000b 7c15000000b00001 0 00 00000000 0 0 0 0 0 0 000000000000000c ffffffff f ffffffff 0 00
000000000000000c 111003010700f000 0 00 00000000 0 0 0 0 0 0 000000000000000d ffffffff f ffffffff 1 03
000000000000000d 7c25000000000000 0 00 00000000 0 0 0 0 0 0 000000000000000e ffffffff f ffffffff 0 00
000000000000000e 10000a0a0700f000 0 00 00000000 0 0 0 0 0 0 000000000000000f ffffffff f ffffffff 1 0a
000000000000000f 7c95fffff8d00000 0 00 00000000 0 0 0 0 0 0 0000000000000008 ffffffff f ffffffff 0 00
0000000000000008 3059e0a0c0000000 0 00 00000000 0 0 0 0 0 0 0000000000000009 ffffffff f ffffffff 0 00
0000000000000009 3029d0a0c0000000 0 00 00000000 0 0 0 0 0 0 000000000000000a ffffffff f ffffffff 0 00
000000000000000a 3049b0a070000000 0 00 00000000 0 0 0 0 0 0 000000000000000b ffffffff f ffffffff 0 00
000000000000000b 7c15000000b00001 0 00 00000000 0 0 0 0 0 0 000000000000000c ffffffff f ffffffff 0 00
000000000000000c 111003010700f000 0 00 00000000 0 0 0 0 0 0 000000000000000d ffffffff f ffffffff 1 03
000000000000000d 7c25000000000000 0 00 00000000 0 0 0 0 0 0 000000000000000e ffffffff f ffffffff 0 00
000000000000000e 10000a0a0700f000 0 00 00000000 0 0 0 0 0 0 000000000000000f ffffffff f ffffffff 1 0a
000000000000000f 7c95fffff8d00000 0 00 00000000 0 0 0 0 0 0 0000000000000010 ffffffff f ffffffff 0 00
0000000000000010 301920a0c0000000 0 00 00000000 0 0 0 0 0 0 0000000000000011 ffffffff f ffffffff 0 00
0000000000000011 7c1500000f200043 0 00 00000000 0 0 0 0 0 0 0000000000000012 ffffffff f ffffffff 0 00
0000000000000012 341103000001f000 0 00 00000000 0 0 0 0 0 0 0000000000000013 ffffffff f ffffffff 1 03
0000000000000013 34110d000001f000 0 00 00000000 0 0 0 0 0 0 0000000000000014 ffffffff f ffffffff 1 0d
0000000000000014 10300c010d00f000 0 00 00000000 0 0 0 0 0 0 0000000000000015 ffffffff f ffffffff 1 0c
0000000000000015 10000c0c0700f000 0 00 00000000 0 0 0 0 0 0 0000000000000016 ffffffff f ffffffff 1 0c
0000000000000016 34110a000000f000 0 00 00000000 0 0 0 0 0 0 0000000000000017 ffffffff f ffffffff 1 0a
0000000000000017 7c85000007000000 0 00 00000000 0 0 0 0 0 0 0000000000000018 ffffffff f ffffffff 0 00
0000000000000018 3059e0a0c0000000 0 00 00000000 0 0 0 0 0 0 0000000000000019 ffffffff f ffffffff 0 00
0000000000000019 3029d0a0c0000000 0 00 00000000 0 0 0 0 0 0 000000000000001a ffffffff f ffffffff 0 00
000000000000001a 3059b0a070000000 0 00 00000000 0 0 0 0 0 0 000000000000001b ffffffff f ffffffff 0 00
000000000000001b 7c15000000b00001 0 00 00000000 0 0 0 0 0 0 000000000000001c ffffffff f ffffffff 0 00
000000000000001c 101003010500f000 0 00 00000000 0 0 0 0 0 0 000000000000001d ffffffff f ffffffff 1 03
000000000000001d 7c25000000000000 0 00 00000000 0 0 0 0 0 0 000000000000001e ffffffff f ffffffff 0 00
000000000000001e 10000a0a0700f000 0 00 00000000 0 0 0 0 0 0 000000000000001f ffffffff f ffffffff 1 0a
000000000000001f 7c95fffff8d00000 0 00 00000000 0 0 0 0 0 0 0000000000000018 ffffffff f ffffffff 0 00
0000000000000018 3059e0a0c0000000 0 00 00000000 0 0 0 0 0 0 0000000000000019 ffffffff f ffffffff 0 00
0000000000000019 3029d0a0c0000000 0 00 00000000 0 0 0 0 0 0 000000000000001a ffffffff f ffffffff 0 00
000000000000001a 3059b0a070000000 0 00 00000000 0 0 0 0 0 0 000000000000001b ffffffff f ffffffff 0 00
000000000000001b 7c15000000b00001 0 00 00000000 0 0 0 0 0 0 000000000000001c ffffffff f ffffffff 0 00
000000000000001c 101003010500f000 0 00 00000000 0 0 0 0 0 0 000000000000001d ffffffff f ffffffff 1 03
000000000000001d 7c25000000000000 0 00 00000000 0 0 0 0 0 0 000000000000001e ffffffff f ffffffff 0 00
000000000000001e 10000a0a0700f000 0 00 00000000 0 0 0 0 0 0 000000000000001f ffffffff f ffffffff 1 0a
000000000000001f 7c95fffff8d00000 0 00 00000000 0 0 0 0 0 0 0000000000000018 aaaaaaaa f aaaaaaaa 0 00
0000000000000018 3059e0a0c0000000 0 00 00000000 0 0 0 0 0 0 0000000000000019 aaaaaaaa f aaaaaaaa 0 00
0000000000000019 3029d0a0c0000000 0 00 00000000 0 0 0 0 0 0 000000000000001a aaaaaaaa f aaaaaaaa 0 00
000000000000001a 3059b0a070000000 0 00 00000000 0 0 0 0 0 0 000000000000001b aaaaaaaa f aaaaaaaa 0 00
000000000000001b 7c15000000b00001 0 00 00000000 0 0 0 0 0 0 000000000000001c aaaaaaaa f aaaaaaaa 0 00
000000000000001c 101003010500f000 0 00 00000000 0 0 0 0 0 0 000000000000001d aaaaaaaa f aaaaaaaa 1 03
000000000000001d 7c25000000000000 0 00 00000000 0 0 0 0 0 0 000000000000001e aaaaaaaa f aaaaaaaa 0 00
000000000000001e 10000a0a0700f000 0 00 00000000 0 0 0 0 0 0 000000000000001f aaaaaaaa f aaaaaaaa 1 0a
000000000000001f 7c95fffff8d00000 0 00 00000000 0 0 0 0 0 0 0000000000000020 ffffffff f ffffffff 0 00
0000000000000020 0205000034000000 0 00 00000000 0 0 0 0 0 1 0000000000000055 ffffffff f ffffffff 0 00
0000000000000055 7c25000000000000 0 00 00000000 0 0 0 0 0 0 0000000000000056 ffffffff f ffffffff 0 00
0000000000000056 7cf5000000000000 0 00 00000000 0 0 0 0 0 0 0000000000000057 ffffffff f ffffffff 0 00
