0000000000000000 00131d0000000000 1 1d 00000000 0 0 0 0000000000000001
0000000000000001 8506000000000000 0 00 00000000 0 0 0 0000000000000002
0000000000000002 00a3010f00001b00 1 01 00000000 0 0 0 0000000000000003
0000000000000003 8506000000000000 0 00 00000000 0 0 0 0000000000000004
0000000000000004 00a2020d12000000 1 02 00000000 0 0 0 0000000000000005
0000000000000005 0112001403000000 0 00 00000000 5 0 0 0000000000000006
0000000000000006 02150000010b0000 0 00 00000000 5 0 0 0000000000000007
0000000000000007 8506000000000000 0 00 00000000 5 0 0 0000000000000008
0000000000000008 0306000000000c00 1 0c 00000000 5 0 0 0000000000000009
0000000000000009 0122000602000000 0 00 00000000 5 0 0 000000000000000a
000000000000000a 02150000010b0000 0 00 00000000 5 0 0 000000000000000b
000000000000000b 8506000000000000 0 00 00000000 5 0 0 000000000000000c
000000000000000c 8506000000000000 0 00 00000000 5 0 0 000000000000000d
000000000000000d 8506000000000000 0 00 00000000 5 0 0 000000000000000e
000000000000000e 0013070000000000 1 07 00000000 5 0 0 000000000000000f
000000000000000f 0102000c08000000 0 00 00000000 5 1 0 0000000000000010
0000000000000010 0215000002020000 0 00 00000000 5 1 0 0000000000000011
0000000000000011 8506000000000000 0 00 00000000 5 1 0 0000000000000012
0000000000000012 8506000000000000 0 00 00000000 5 1 0 0000000000000013
0000000000000013 0102001108000000 0 00 00000000 5 1 0 0000000000000014
0000000000000014 02150000010c0000 0 00 00000000 5 1 1 0000000000000016
0000000000000016 8506000000000000 0 00 00000000 5 1 0 0000000000000017
0000000000000017 00a3030800001100 1 03 00000000 5 1 0 0000000000000018
0000000000000018 001308007e272e00 1 08 007e272e 5 1 0 0000000000000019
0000000000000019 0023090800000000 1 09 007e272e 5 1 0 000000000000001a
000000000000001a 8506000000000000 0 00 00000000 5 1 0 000000000000001b
000000000000001b 0306000000001000 1 10 00000000 5 1 0 000000000000001c
000000000000001c 00130d0000000000 1 0d 00000000 5 1 0 000000000000001d
000000000000001d 00131e0000000300 1 1e 00000003 5 1 0 000000000000001e
000000000000001e 0023151500000100 1 15 00000001 5 1 0 000000000000001f
000000000000001f 00731e1e00000100 1 1e 00000002 5 1 0 0000000000000020
0000000000000020 0102001e1d000000 0 00 00000000 4 0 0 0000000000000021
0000000000000021 0215fffffc040000 0 00 00000000 4 0 1 000000000000001e
000000000000001e 0023151500000100 1 15 00000002 4 0 0 000000000000001f
000000000000001f 00731e1e00000100 1 1e 00000001 4 0 0 0000000000000020
0000000000000020 0102001e1d000000 0 00 00000000 4 0 0 0000000000000021
0000000000000021 0215fffffc040000 0 00 00000000 4 0 1 000000000000001e
000000000000001e 0023151500000100 1 15 00000003 4 0 0 000000000000001f
000000000000001f 00731e1e00000100 1 1e 00000000 4 0 0 0000000000000020
0000000000000020 0102001e1d000000 0 00 00000000 5 1 0 0000000000000021
0000000000000021 0215fffffc040000 0 00 00000000 5 1 0 0000000000000022
0000000000000022 7cf5000000000000 0 00 00000000 5 1 0 0000000000000023
DONE retired=42 fault=00 pc=0000000000000022
