0000000000000000 00131d0000000000 1 1d 00000000 0 0 0 0000000000000001
0000000000000001 0013120000000000 1 12 00000000 0 0 0 0000000000000002
0000000000000002 0112000609000000 0 00 00000000 5 0 0 0000000000000003
0000000000000003 0215000002040000 0 00 00000000 5 0 0 0000000000000004
0000000000000004 8506000000000000 0 00 00000000 5 0 0 0000000000000005
0000000000000005 8506000000000000 0 00 00000000 5 0 0 0000000000000006
0000000000000006 00920d0900000000 1 0d ffffffff 5 0 0 0000000000000007
0000000000000007 0306000000000200 1 02 00000000 5 0 0 0000000000000008
0000000000000008 00130100cb790a00 1 01 ffcb790a 5 0 0 0000000000000009
0000000000000009 00230402c18cfe00 1 04 ffc18cfe 5 0 0 000000000000000a
000000000000000a 0063141400000400 1 14 00000000 5 0 0 000000000000000b
000000000000000b 00130400ffffff00 1 04 ffffffff 5 0 0 000000000000000c
000000000000000c 0306000000000c00 1 0c 00000000 5 0 0 000000000000000d
000000000000000d 002311126b3fe300 1 11 006b3fe3 5 0 0 000000000000000e
000000000000000e 007312011ceb2a00 1 12 ffae8de0 5 0 0 000000000000000f
000000000000000f 00131400ffffff00 1 14 ffffffff 5 0 0 0000000000000010
0000000000000010 00130a00ffffff00 1 0a ffffffff 5 0 0 0000000000000011
0000000000000011 00130e00b2e6f700 1 0e ffb2e6f7 5 0 0 0000000000000012
0000000000000012 8506000000000000 0 00 00000000 5 0 0 0000000000000013
0000000000000013 8506000000000000 0 00 00000000 5 0 0 0000000000000014
0000000000000014 0013010057340f00 1 01 0057340f 5 0 0 0000000000000015
0000000000000015 8506000000000000 0 00 00000000 5 0 0 0000000000000016
0000000000000016 0013050090973800 1 05 ff909738 5 0 0 0000000000000017
0000000000000017 0032010f0c000000 1 01 00000000 5 0 0 0000000000000018
0000000000000018 0092140800000000 1 14 ffffffff 5 0 0 0000000000000019
0000000000000019 0063081300001000 1 08 00000000 5 0 0 000000000000001a
000000000000001a 8506000000000000 0 00 00000000 5 0 0 000000000000001b
000000000000001b 0122001014000000 0 00 00000000 0 1 0 000000000000001c
000000000000001c 02150000010b0000 0 00 00000000 0 1 0 000000000000001d
000000000000001d 8506000000000000 0 00 00000000 0 1 0 000000000000001e
000000000000001e 00131e0000000300 1 1e 00000003 0 1 0 000000000000001f
000000000000001f 0023151500000100 1 15 00000001 0 1 0 0000000000000020
0000000000000020 00731e1e00000100 1 1e 00000002 0 1 0 0000000000000021
0000000000000021 0102001e1d000000 0 00 00000000 4 0 0 0000000000000022
0000000000000022 0215fffffc040000 0 00 00000000 4 0 1 000000000000001f
000000000000001f 0023151500000100 1 15 00000002 4 0 0 0000000000000020
0000000000000020 00731e1e00000100 1 1e 00000001 4 0 0 0000000000000021
0000000000000021 0102001e1d000000 0 00 00000000 4 0 0 0000000000000022
0000000000000022 0215fffffc040000 0 00 00000000 4 0 1 000000000000001f
000000000000001f 0023151500000100 1 15 00000003 4 0 0 0000000000000020
0000000000000020 00731e1e00000100 1 1e 00000000 4 0 0 0000000000000021
0000000000000021 0102001e1d000000 0 00 00000000 5 1 0 0000000000000022
0000000000000022 0215fffffc040000 0 00 00000000 5 1 0 0000000000000023
0000000000000023 7cf5000000000000 0 00 00000000 5 1 0 0000000000000024
DONE retired=44 fault=00 pc=0000000000000023
