0000000000000000 0013140000004d00 1 14 0000004d 0 0 0 0000000000000001 c8f9a550 f c8f9a550 0 00 c8f9a550
0000000000000001 34110500557ef000 0 00 00000000 0 0 0 0000000000000002 c8f9a550 f c8f9a550 1 05 c8f9a550
0000000000000002 341103005fb2f000 0 00 00000000 0 0 0 0000000000000003 c8f9a550 f c8f9a550 1 03 c8f9a550
0000000000000003 106103040020f000 0 00 00000000 0 0 0 0000000000000004 c8f9a550 f c8f9a550 1 03 c8f9a550
0000000000000004 1010060302002000 0 00 00000000 0 0 0 0000000000000005 c8f9a550 2 88490110 1 06 88490110
0000000000000005 341102000000f000 0 00 00000000 0 0 0 0000000000000006 c8f9a550 f c8f9a550 1 02 c8f9a550
0000000000000006 341105007fff3000 0 00 00000000 0 0 0 0000000000000007 c8f9a550 3 c018a440 1 05 c018a440
0000000000000007 10710503000ff000 0 00 00000000 0 0 0 0000000000000008 c8f9a550 f c8f9a550 1 05 c8f9a550
0000000000000008 343003000000f000 0 00 00000000 0 0 0 0000000000000009 c8f9a550 f c8f9a550 1 03 c8f9a550
0000000000000009 107105020001f000 0 00 00000000 0 0 0 000000000000000a c8f9a550 f c8f9a550 1 05 c8f9a550
000000000000000a 340003030000f000 0 00 00000000 0 0 0 000000000000000b c8f9a550 f c8f9a550 1 03 c8f9a550
000000000000000b 101006020300f000 0 00 00000000 0 0 0 000000000000000c c8f9a550 f c8f9a550 1 06 c8f9a550
000000000000000c 103002060200f000 0 00 00000000 0 0 0 000000000000000d c8f9a550 f c8f9a550 1 02 c8f9a550
000000000000000d 00131e0000000200 1 1e 00000002 0 0 0 000000000000000e c8f9a550 f c8f9a550 0 00 c8f9a550
000000000000000e 0023171700000100 1 17 00000001 0 0 0 000000000000000f c8f9a550 f c8f9a550 0 00 c8f9a550
000000000000000f 00731e1e00000100 1 1e 00000001 0 0 0 0000000000000010 c8f9a550 f c8f9a550 0 00 c8f9a550
0000000000000010 0013180000000000 1 18 00000000 0 0 0 0000000000000011 c8f9a550 f c8f9a550 0 00 c8f9a550
0000000000000011 0102001e18000000 0 00 00000000 4 0 0 0000000000000012 c8f9a550 f c8f9a550 0 00 c8f9a550
0000000000000012 0215fffffb040000 0 00 00000000 4 0 1 000000000000000e c8f9a550 f c8f9a550 0 00 c8f9a550
000000000000000e 0023171700000100 1 17 00000002 4 0 0 000000000000000f c8f9a550 f c8f9a550 0 00 c8f9a550
000000000000000f 00731e1e00000100 1 1e 00000000 4 0 0 0000000000000010 c8f9a550 f c8f9a550 0 00 c8f9a550
0000000000000010 0013180000000000 1 18 00000000 4 0 0 0000000000000011 c8f9a550 f c8f9a550 0 00 c8f9a550
0000000000000011 0102001e18000000 0 00 00000000 5 1 0 0000000000000012 c8f9a550 f c8f9a550 0 00 c8f9a550
0000000000000012 0215fffffb040000 0 00 00000000 5 1 0 0000000000000013 c8f9a550 f c8f9a550 0 00 c8f9a550
0000000000000013 7cf5000000000000 0 00 00000000 5 1 0 0000000000000014 c8f9a550 f c8f9a550 0 00 c8f9a550
DONE retired=25 fault=00 pc=0000000000000013
