0000000000000000 00131d0000000000 1 1d 00000000 0 0 0 0000000000000001
0000000000000001 0112001408000000 0 00 00000000 5 0 0 0000000000000002
0000000000000002 0215000001010000 0 00 00000000 5 0 0 0000000000000003
0000000000000003 8506000000000000 0 00 00000000 5 0 0 0000000000000004
0000000000000004 0013010000000000 1 01 00000000 5 0 0 0000000000000005
0000000000000005 0102000408000000 0 00 00000000 5 1 0 0000000000000006
0000000000000006 02150000020c0000 0 00 00000000 5 1 1 0000000000000009
0000000000000009 0042100a01000000 1 10 00000000 5 1 0 000000000000000a
000000000000000a 0082060d04000000 1 06 00000000 5 1 0 000000000000000b
000000000000000b 8506000000000000 0 00 00000000 5 1 0 000000000000000c
000000000000000c 010200030a000000 0 00 00000000 5 1 0 000000000000000d
000000000000000d 0215000003010000 0 00 00000000 5 1 1 0000000000000011
0000000000000011 8506000000000000 0 00 00000000 5 1 0 0000000000000012
0000000000000012 010200110b000000 0 00 00000000 5 1 0 0000000000000013
0000000000000013 02150000010d0000 0 00 00000000 5 1 0 0000000000000014
0000000000000014 8506000000000000 0 00 00000000 5 1 0 0000000000000015
0000000000000015 008208010b000000 1 08 00000000 5 1 0 0000000000000016
0000000000000016 0063070100001300 1 07 00000000 5 1 0 0000000000000017
0000000000000017 011200010c000000 0 00 00000000 5 0 0 0000000000000018
0000000000000018 0215000003010000 0 00 00000000 5 0 0 0000000000000019
0000000000000019 8506000000000000 0 00 00000000 5 0 0 000000000000001a
000000000000001a 8506000000000000 0 00 00000000 5 0 0 000000000000001b
000000000000001b 8506000000000000 0 00 00000000 5 0 0 000000000000001c
000000000000001c 00130d00d084d900 1 0d ffd084d9 5 0 0 000000000000001d
000000000000001d 0082120910000000 1 12 00000000 5 0 0 000000000000001e
000000000000001e 00920b0600000000 1 0b ffffffff 5 0 0 000000000000001f
000000000000001f 0063020e00001d00 1 02 00000000 5 0 0 0000000000000020
0000000000000020 0306000000000600 1 06 00000000 5 0 0 0000000000000021
0000000000000021 0013050071cdcb00 1 05 0071cdcb 5 0 0 0000000000000022
0000000000000022 8506000000000000 0 00 00000000 5 0 0 0000000000000023
0000000000000023 0102000808000000 0 00 00000000 5 1 0 0000000000000024
0000000000000024 02150000010c0000 0 00 00000000 5 1 1 0000000000000026
0000000000000026 00720b0c06000000 1 0b 00000000 5 1 0 0000000000000027
0000000000000027 0112000f07000000 0 00 00000000 5 0 0 0000000000000028
0000000000000028 0215000003030000 0 00 00000000 5 0 1 000000000000002c
000000000000002c 00130a00f6ca0d00 1 0a fff6ca0d 5 0 0 000000000000002d
000000000000002d 0013080055555500 1 08 00555555 5 0 0 000000000000002e
000000000000002e 00b20b040c000000 1 0b 00000000 5 0 0 000000000000002f
000000000000002f 8506000000000000 0 00 00000000 5 0 0 0000000000000030
0000000000000030 00130b0000000000 1 0b 00000000 5 0 0 0000000000000031
0000000000000031 0042020a0c000000 1 02 00000000 5 0 0 0000000000000032
0000000000000032 0082021107000000 1 02 00000000 5 0 0 0000000000000033
0000000000000033 8506000000000000 0 00 00000000 5 0 0 0000000000000034
0000000000000034 8506000000000000 0 00 00000000 5 0 0 0000000000000035
0000000000000035 0082100c03000000 1 10 00000000 5 0 0 0000000000000036
0000000000000036 00131e0000000300 1 1e 00000003 5 0 0 0000000000000037
0000000000000037 0023151500000100 1 15 00000001 5 0 0 0000000000000038
0000000000000038 00731e1e00000100 1 1e 00000002 5 0 0 0000000000000039
0000000000000039 0102001e1d000000 0 00 00000000 4 0 0 000000000000003a
000000000000003a 0215fffffc040000 0 00 00000000 4 0 1 0000000000000037
0000000000000037 0023151500000100 1 15 00000002 4 0 0 0000000000000038
0000000000000038 00731e1e00000100 1 1e 00000001 4 0 0 0000000000000039
0000000000000039 0102001e1d000000 0 00 00000000 4 0 0 000000000000003a
000000000000003a 0215fffffc040000 0 00 00000000 4 0 1 0000000000000037
0000000000000037 0023151500000100 1 15 00000003 4 0 0 0000000000000038
0000000000000038 00731e1e00000100 1 1e 00000000 4 0 0 0000000000000039
0000000000000039 0102001e1d000000 0 00 00000000 5 1 0 000000000000003a
000000000000003a 0215fffffc040000 0 00 00000000 5 1 0 000000000000003b
000000000000003b 7cf5000000000000 0 00 00000000 5 1 0 000000000000003c
DONE retired=59 fault=00 pc=000000000000003b
