0000000000000000 00131d0000000000 1 1d 00000000 0 0 0 0000000000000001
0000000000000001 00130300c0c6d300 1 03 ffc0c6d3 0 0 0 0000000000000002
0000000000000002 0306000000001000 1 10 00000000 0 0 0 0000000000000003
0000000000000003 0112000710000000 0 00 00000000 5 0 0 0000000000000004
0000000000000004 0215000002020000 0 00 00000000 5 0 1 0000000000000007
0000000000000007 0013140023a09000 1 14 0023a090 5 0 0 0000000000000008
0000000000000008 8506000000000000 0 00 00000000 5 0 0 0000000000000009
0000000000000009 00420e1011000000 1 0e 00000000 5 0 0 000000000000000a
000000000000000a 00820c0512000000 1 0c 00000000 5 0 0 000000000000000b
000000000000000b 0063010600001f00 1 01 00000000 5 0 0 000000000000000c
000000000000000c 8506000000000000 0 00 00000000 5 0 0 000000000000000d
000000000000000d 0122001112000000 0 00 00000000 5 0 0 000000000000000e
000000000000000e 0215000003040000 0 00 00000000 5 0 0 000000000000000f
000000000000000f 8506000000000000 0 00 00000000 5 0 0 0000000000000010
0000000000000010 8506000000000000 0 00 00000000 5 0 0 0000000000000011
0000000000000011 8506000000000000 0 00 00000000 5 0 0 0000000000000012
0000000000000012 00320c0f0e000000 1 0c 00000000 5 0 0 0000000000000013
0000000000000013 0032050b12000000 1 05 00000000 5 0 0 0000000000000014
0000000000000014 00131e0000000100 1 1e 00000001 5 0 0 0000000000000015
0000000000000015 0023151500000100 1 15 00000001 5 0 0 0000000000000016
0000000000000016 00731e1e00000100 1 1e 00000000 5 0 0 0000000000000017
0000000000000017 0102001e1d000000 0 00 00000000 5 1 0 0000000000000018
0000000000000018 0215fffffc040000 0 00 00000000 5 1 0 0000000000000019
0000000000000019 7cf5000000000000 0 00 00000000 5 1 0 000000000000001a
DONE retired=24 fault=00 pc=0000000000000019
