0000000000000000 0013140000004d00 1 14 0000004d 0 0 0 0000000000000001 aaaaaaaa f aaaaaaaa 0 00 aaaaaaaa
0000000000000001 102006060500f000 0 00 00000000 0 0 0 0000000000000002 aaaaaaaa f aaaaaaaa 1 06 aaaaaaaa
0000000000000002 101006040400f000 0 00 00000000 0 0 0 0000000000000003 aaaaaaaa f aaaaaaaa 1 06 aaaaaaaa
0000000000000003 106102040009f000 0 00 00000000 0 0 0 0000000000000004 aaaaaaaa f aaaaaaaa 1 02 aaaaaaaa
0000000000000004 340006060000f000 0 00 00000000 0 0 0 0000000000000005 aaaaaaaa f aaaaaaaa 1 06 aaaaaaaa
0000000000000005 00131600ffffff00 1 16 ffffffff 0 0 0 0000000000000006 aaaaaaaa f aaaaaaaa 0 00 aaaaaaaa
0000000000000006 342004160000f000 0 00 00000000 0 0 0 0000000000000007 aaaaaaaa f aaaaaaaa 1 04 aaaaaaaa
0000000000000007 108103040000f000 0 00 00000000 0 0 0 0000000000000008 aaaaaaaa f aaaaaaaa 1 03 aaaaaaaa
0000000000000008 101106038000f000 0 00 00000000 0 0 0 0000000000000009 aaaaaaaa f aaaaaaaa 1 06 aaaaaaaa
0000000000000009 105003050300f000 0 00 00000000 0 0 0 000000000000000a aaaaaaaa f aaaaaaaa 1 03 aaaaaaaa
000000000000000a 0013160000000000 1 16 00000000 0 0 0 000000000000000b aaaaaaaa f aaaaaaaa 0 00 aaaaaaaa
000000000000000b 342003160000f000 0 00 00000000 0 0 0 000000000000000c aaaaaaaa f aaaaaaaa 1 03 aaaaaaaa
000000000000000c 10810303003ff000 0 00 00000000 0 0 0 000000000000000d aaaaaaaa f aaaaaaaa 1 03 aaaaaaaa
000000000000000d 104003060500c000 0 00 00000000 0 0 0 000000000000000e aaaaaaaa c 80000000 1 03 80000000
000000000000000e 34110400fb03e000 0 00 00000000 0 0 0 000000000000000f aaaaaaaa e aaaaaaaa 1 04 aaaaaaaa
000000000000000f 0013150055555500 1 15 00555555 0 0 0 0000000000000010 aaaaaaaa f aaaaaaaa 0 00 aaaaaaaa
0000000000000010 342002150000f000 0 00 00000000 0 0 0 0000000000000011 aaaaaaaa f aaaaaaaa 1 02 aaaaaaaa
0000000000000011 105005030300d000 0 00 00000000 0 0 0 0000000000000012 aaaaaaaa d 00000000 1 05 00000000
0000000000000012 0013160055555500 1 16 00555555 0 0 0 0000000000000013 aaaaaaaa f aaaaaaaa 0 00 aaaaaaaa
0000000000000013 342005160000f000 0 00 00000000 0 0 0 0000000000000014 aaaaaaaa f aaaaaaaa 1 05 aaaaaaaa
0000000000000014 10810205001ff000 0 00 00000000 0 0 0 0000000000000015 aaaaaaaa f aaaaaaaa 1 02 aaaaaaaa
0000000000000015 340004030000f000 0 00 00000000 0 0 0 0000000000000016 aaaaaaaa f aaaaaaaa 1 04 aaaaaaaa
0000000000000016 10110406fffff000 0 00 00000000 0 0 0 0000000000000017 aaaaaaaa f aaaaaaaa 1 04 aaaaaaaa
0000000000000017 0013160000000100 1 16 00000001 0 0 0 0000000000000018 aaaaaaaa f aaaaaaaa 0 00 aaaaaaaa
0000000000000018 342004160000f000 0 00 00000000 0 0 0 0000000000000019 aaaaaaaa f aaaaaaaa 1 04 aaaaaaaa
0000000000000019 108106040000f000 0 00 00000000 0 0 0 000000000000001a aaaaaaaa f aaaaaaaa 1 06 aaaaaaaa
000000000000001a 105003050600f000 0 00 00000000 0 0 0 000000000000001b aaaaaaaa f aaaaaaaa 1 03 aaaaaaaa
000000000000001b 104005030500f000 0 00 00000000 0 0 0 000000000000001c aaaaaaaa f aaaaaaaa 1 05 aaaaaaaa
000000000000001c 102005040200f000 0 00 00000000 0 0 0 000000000000001d aaaaaaaa f aaaaaaaa 1 05 aaaaaaaa
000000000000001d 10710204003ff000 0 00 00000000 0 0 0 000000000000001e aaaaaaaa f aaaaaaaa 1 02 aaaaaaaa
000000000000001e 3400050600004000 0 00 00000000 0 0 0 000000000000001f aaaaaaaa 4 00000000 1 05 00000000
000000000000001f 100004030300f000 0 00 00000000 0 0 0 0000000000000020 aaaaaaaa f aaaaaaaa 1 04 aaaaaaaa
0000000000000020 10010206fffff000 0 00 00000000 0 0 0 0000000000000021 aaaaaaaa f aaaaaaaa 1 02 aaaaaaaa
0000000000000021 104006050300f000 0 00 00000000 0 0 0 0000000000000022 aaaaaaaa f aaaaaaaa 1 06 aaaaaaaa
0000000000000022 343006000000f000 0 00 00000000 0 0 0 0000000000000023 aaaaaaaa f aaaaaaaa 1 06 aaaaaaaa
0000000000000023 00131e0000000200 1 1e 00000002 0 0 0 0000000000000024 aaaaaaaa f aaaaaaaa 0 00 aaaaaaaa
0000000000000024 0023171700000100 1 17 00000001 0 0 0 0000000000000025 aaaaaaaa f aaaaaaaa 0 00 aaaaaaaa
0000000000000025 00731e1e00000100 1 1e 00000001 0 0 0 0000000000000026 aaaaaaaa f aaaaaaaa 0 00 aaaaaaaa
0000000000000026 0013180000000000 1 18 00000000 0 0 0 0000000000000027 aaaaaaaa f aaaaaaaa 0 00 aaaaaaaa
0000000000000027 0102001e18000000 0 00 00000000 4 0 0 0000000000000028 aaaaaaaa f aaaaaaaa 0 00 aaaaaaaa
0000000000000028 0215fffffb040000 0 00 00000000 4 0 1 0000000000000024 aaaaaaaa f aaaaaaaa 0 00 aaaaaaaa
0000000000000024 0023171700000100 1 17 00000002 4 0 0 0000000000000025 aaaaaaaa f aaaaaaaa 0 00 aaaaaaaa
0000000000000025 00731e1e00000100 1 1e 00000000 4 0 0 0000000000000026 aaaaaaaa f aaaaaaaa 0 00 aaaaaaaa
0000000000000026 0013180000000000 1 18 00000000 4 0 0 0000000000000027 aaaaaaaa f aaaaaaaa 0 00 aaaaaaaa
0000000000000027 0102001e18000000 0 00 00000000 5 1 0 0000000000000028 aaaaaaaa f aaaaaaaa 0 00 aaaaaaaa
0000000000000028 0215fffffb040000 0 00 00000000 5 1 0 0000000000000029 aaaaaaaa f aaaaaaaa 0 00 aaaaaaaa
0000000000000029 7cf5000000000000 0 00 00000000 5 1 0 000000000000002a aaaaaaaa f aaaaaaaa 0 00 aaaaaaaa
DONE retired=47 fault=00 pc=0000000000000029
