0000000000000000 343001000000f000 0 00 00000000 0 0 0 0 0 0 0000000000000001 ffffffff f ffffffff 1 01
0000000000000001 341107000001f000 0 00 00000000 0 0 0 0 0 0 0000000000000002 ffffffff f ffffffff 1 07
0000000000000002 34110c000003f000 0 00 00000000 0 0 0 0 0 0 0000000000000003 ffffffff f ffffffff 1 0c
0000000000000003 111005040700f000 0 00 00000000 0 0 0 0 0 0 0000000000000004 ffffffff f ffffffff 1 05
0000000000000004 34110d000003f000 0 00 00000000 0 0 0 0 0 0 0000000000000005 ffffffff f ffffffff 1 0d
0000000000000005 10300c010d00f000 0 00 00000000 0 0 0 0 0 0 0000000000000006 ffffffff f ffffffff 1 0c
0000000000000006 10000c0c0700f000 0 00 00000000 0 0 0 0 0 0 0000000000000007 ffffffff f ffffffff 1 0c
0000000000000007 34110a000000f000 0 00 00000000 0 0 0 0 0 0 0000000000000008 ffffffff f ffffffff 1 0a
0000000000000008 7c85000004000000 0 00 00000000 0 0 0 0 0 0 0000000000000009 ffffffff f ffffffff 0 00
0000000000000009 3059e0a0c0000000 0 00 00000000 0 0 0 0 0 0 000000000000000a ffffffff f ffffffff 0 00
000000000000000a 3029d0a0c0000000 0 00 00000000 0 0 0 0 0 0 000000000000000b ffffffff f ffffffff 0 00
000000000000000b 10100c010500f000 0 00 00000000 0 0 0 0 0 0 000000000000000c ffffffff f ffffffff 1 0c
000000000000000c 10000a0a0700f000 0 00 00000000 0 0 0 0 0 0 000000000000000d ffffffff f ffffffff 1 0a
000000000000000d 7c95fffffbd00000 0 00 00000000 0 0 0 0 0 0 0000000000000009 ffffffff f ffffffff 0 00
0000000000000009 3059e0a0c0000000 0 00 00000000 0 0 0 0 0 0 000000000000000a ffffffff f ffffffff 0 00
000000000000000a 3029d0a0c0000000 0 00 00000000 0 0 0 0 0 0 000000000000000b ffffffff f ffffffff 0 00
000000000000000b 10100c010500f000 0 00 00000000 0 0 0 0 0 0 000000000000000c ffffffff f ffffffff 1 0c
000000000000000c 10000a0a0700f000 0 00 00000000 0 0 0 0 0 0 000000000000000d ffffffff f ffffffff 1 0a
000000000000000d 7c95fffffbd00000 0 00 00000000 0 0 0 0 0 0 0000000000000009 fffffff8 f fffffff8 0 00
0000000000000009 3059e0a0c0000000 0 00 00000000 0 0 0 0 0 0 000000000000000a fffffff8 f fffffff8 0 00
000000000000000a 3029d0a0c0000000 0 00 00000000 0 0 0 0 0 0 000000000000000b fffffff8 f fffffff8 0 00
000000000000000b 10100c010500f000 0 00 00000000 0 0 0 0 0 0 000000000000000c fffffff8 f fffffff8 1 0c
000000000000000c 10000a0a0700f000 0 00 00000000 0 0 0 0 0 0 000000000000000d fffffff8 f fffffff8 1 0a
000000000000000d 7c95fffffbd00000 0 00 00000000 0 0 0 0 0 0 0000000000000009 fffffff0 f fffffff0 0 00
0000000000000009 3059e0a0c0000000 0 00 00000000 0 0 0 0 0 0 000000000000000a fffffff0 f fffffff0 0 00
000000000000000a 3029d0a0c0000000 0 00 00000000 0 0 0 0 0 0 000000000000000b fffffff0 f fffffff0 0 00
000000000000000b 10100c010500f000 0 00 00000000 0 0 0 0 0 0 000000000000000c fffffff0 f fffffff0 1 0c
000000000000000c 10000a0a0700f000 0 00 00000000 0 0 0 0 0 0 000000000000000d fffffff0 f fffffff0 1 0a
000000000000000d 7c95fffffbd00000 0 00 00000000 0 0 0 0 0 0 0000000000000009 ffffffe0 f ffffffe0 0 00
0000000000000009 3059e0a0c0000000 0 00 00000000 0 0 0 0 0 0 000000000000000a ffffffe0 f ffffffe0 0 00
000000000000000a 3029d0a0c0000000 0 00 00000000 0 0 0 0 0 0 000000000000000b ffffffe0 f ffffffe0 0 00
000000000000000b 10100c010500f000 0 00 00000000 0 0 0 0 0 0 000000000000000c ffffffe0 f ffffffe0 1 0c
000000000000000c 10000a0a0700f000 0 00 00000000 0 0 0 0 0 0 000000000000000d ffffffe0 f ffffffe0 1 0a
000000000000000d 7c95fffffbd00000 0 00 00000000 0 0 0 0 0 0 0000000000000009 ffffffc0 f ffffffc0 0 00
0000000000000009 3059e0a0c0000000 0 00 00000000 0 0 0 0 0 0 000000000000000a ffffffc0 f ffffffc0 0 00
000000000000000a 3029d0a0c0000000 0 00 00000000 0 0 0 0 0 0 000000000000000b ffffffc0 f ffffffc0 0 00
000000000000000b 10100c010500f000 0 00 00000000 0 0 0 0 0 0 000000000000000c ffffffc0 f ffffffc0 1 0c
000000000000000c 10000a0a0700f000 0 00 00000000 0 0 0 0 0 0 000000000000000d ffffffc0 f ffffffc0 1 0a
000000000000000d 7c95fffffbd00000 0 00 00000000 0 0 0 0 0 0 0000000000000009 ffffff80 f ffffff80 0 00
0000000000000009 3059e0a0c0000000 0 00 00000000 0 0 0 0 0 0 000000000000000a ffffff80 f ffffff80 0 00
000000000000000a 3029d0a0c0000000 0 00 00000000 0 0 0 0 0 0 000000000000000b ffffff80 f ffffff80 0 00
000000000000000b 10100c010500f000 0 00 00000000 0 0 0 0 0 0 000000000000000c ffffff80 f ffffff80 1 0c
000000000000000c 10000a0a0700f000 0 00 00000000 0 0 0 0 0 0 000000000000000d ffffff80 f ffffff80 1 0a
000000000000000d 7c95fffffbd00000 0 00 00000000 0 0 0 0 0 0 0000000000000009 ffffff00 f ffffff00 0 00
0000000000000009 3059e0a0c0000000 0 00 00000000 0 0 0 0 0 0 000000000000000a ffffff00 f ffffff00 0 00
000000000000000a 3029d0a0c0000000 0 00 00000000 0 0 0 0 0 0 000000000000000b ffffff00 f ffffff00 0 00
000000000000000b 10100c010500f000 0 00 00000000 0 0 0 0 0 0 000000000000000c ffffff00 f ffffff00 1 0c
000000000000000c 10000a0a0700f000 0 00 00000000 0 0 0 0 0 0 000000000000000d ffffff00 f ffffff00 1 0a
000000000000000d 7c95fffffbd00000 0 00 00000000 0 0 0 0 0 0 0000000000000009 fffffe00 f fffffe00 0 00
0000000000000009 3059e0a0c0000000 0 00 00000000 0 0 0 0 0 0 000000000000000a fffffe00 f fffffe00 0 00
000000000000000a 3029d0a0c0000000 0 00 00000000 0 0 0 0 0 0 000000000000000b fffffe00 f fffffe00 0 00
000000000000000b 10100c010500f000 0 00 00000000 0 0 0 0 0 0 000000000000000c fffffe00 f fffffe00 1 0c
000000000000000c 10000a0a0700f000 0 00 00000000 0 0 0 0 0 0 000000000000000d fffffe00 f fffffe00 1 0a
000000000000000d 7c95fffffbd00000 0 00 00000000 0 0 0 0 0 0 0000000000000009 fffffc00 f fffffc00 0 00
0000000000000009 3059e0a0c0000000 0 00 00000000 0 0 0 0 0 0 000000000000000a fffffc00 f fffffc00 0 00
000000000000000a 3029d0a0c0000000 0 00 00000000 0 0 0 0 0 0 000000000000000b fffffc00 f fffffc00 0 00
000000000000000b 10100c010500f000 0 00 00000000 0 0 0 0 0 0 000000000000000c fffffc00 f fffffc00 1 0c
000000000000000c 10000a0a0700f000 0 00 00000000 0 0 0 0 0 0 000000000000000d fffffc00 f fffffc00 1 0a
000000000000000d 7c95fffffbd00000 0 00 00000000 0 0 0 0 0 0 0000000000000009 fffff800 f fffff800 0 00
0000000000000009 3059e0a0c0000000 0 00 00000000 0 0 0 0 0 0 000000000000000a fffff800 f fffff800 0 00
000000000000000a 3029d0a0c0000000 0 00 00000000 0 0 0 0 0 0 000000000000000b fffff800 f fffff800 0 00
000000000000000b 10100c010500f000 0 00 00000000 0 0 0 0 0 0 000000000000000c fffff800 f fffff800 1 0c
000000000000000c 10000a0a0700f000 0 00 00000000 0 0 0 0 0 0 000000000000000d fffff800 f fffff800 1 0a
000000000000000d 7c95fffffbd00000 0 00 00000000 0 0 0 0 0 0 0000000000000009 fffff000 f fffff000 0 00
0000000000000009 3059e0a0c0000000 0 00 00000000 0 0 0 0 0 0 000000000000000a fffff000 f fffff000 0 00
000000000000000a 3029d0a0c0000000 0 00 00000000 0 0 0 0 0 0 000000000000000b fffff000 f fffff000 0 00
000000000000000b 10100c010500f000 0 00 00000000 0 0 0 0 0 0 000000000000000c fffff000 f fffff000 1 0c
000000000000000c 10000a0a0700f000 0 00 00000000 0 0 0 0 0 0 000000000000000d fffff000 f fffff000 1 0a
000000000000000d 7c95fffffbd00000 0 00 00000000 0 0 0 0 0 0 0000000000000009 ffffe000 f ffffe000 0 00
0000000000000009 3059e0a0c0000000 0 00 00000000 0 0 0 0 0 0 000000000000000a ffffe000 f ffffe000 0 00
000000000000000a 3029d0a0c0000000 0 00 00000000 0 0 0 0 0 0 000000000000000b ffffe000 f ffffe000 0 00
000000000000000b 10100c010500f000 0 00 00000000 0 0 0 0 0 0 000000000000000c ffffe000 f ffffe000 1 0c
000000000000000c 10000a0a0700f000 0 00 00000000 0 0 0 0 0 0 000000000000000d ffffe000 f ffffe000 1 0a
000000000000000d 7c95fffffbd00000 0 00 00000000 0 0 0 0 0 0 0000000000000009 ffffc000 f ffffc000 0 00
0000000000000009 3059e0a0c0000000 0 00 00000000 0 0 0 0 0 0 000000000000000a ffffc000 f ffffc000 0 00
000000000000000a 3029d0a0c0000000 0 00 00000000 0 0 0 0 0 0 000000000000000b ffffc000 f ffffc000 0 00
000000000000000b 10100c010500f000 0 00 00000000 0 0 0 0 0 0 000000000000000c ffffc000 f ffffc000 1 0c
000000000000000c 10000a0a0700f000 0 00 00000000 0 0 0 0 0 0 000000000000000d ffffc000 f ffffc000 1 0a
000000000000000d 7c95fffffbd00000 0 00 00000000 0 0 0 0 0 0 0000000000000009 ffff8000 f ffff8000 0 00
0000000000000009 3059e0a0c0000000 0 00 00000000 0 0 0 0 0 0 000000000000000a ffff8000 f ffff8000 0 00
000000000000000a 3029d0a0c0000000 0 00 00000000 0 0 0 0 0 0 000000000000000b ffff8000 f ffff8000 0 00
000000000000000b 10100c010500f000 0 00 00000000 0 0 0 0 0 0 000000000000000c ffff8000 f ffff8000 1 0c
000000000000000c 10000a0a0700f000 0 00 00000000 0 0 0 0 0 0 000000000000000d ffff8000 f ffff8000 1 0a
000000000000000d 7c95fffffbd00000 0 00 00000000 0 0 0 0 0 0 0000000000000009 ffff0000 f ffff0000 0 00
0000000000000009 3059e0a0c0000000 0 00 00000000 0 0 0 0 0 0 000000000000000a ffff0000 f ffff0000 0 00
000000000000000a 3029d0a0c0000000 0 00 00000000 0 0 0 0 0 0 000000000000000b ffff0000 f ffff0000 0 00
000000000000000b 10100c010500f000 0 00 00000000 0 0 0 0 0 0 000000000000000c ffff0000 f ffff0000 1 0c
000000000000000c 10000a0a0700f000 0 00 00000000 0 0 0 0 0 0 000000000000000d ffff0000 f ffff0000 1 0a
000000000000000d 7c95fffffbd00000 0 00 00000000 0 0 0 0 0 0 0000000000000009 fffe0000 f fffe0000 0 00
0000000000000009 3059e0a0c0000000 0 00 00000000 0 0 0 0 0 0 000000000000000a fffe0000 f fffe0000 0 00
000000000000000a 3029d0a0c0000000 0 00 00000000 0 0 0 0 0 0 000000000000000b fffe0000 f fffe0000 0 00
000000000000000b 10100c010500f000 0 00 00000000 0 0 0 0 0 0 000000000000000c fffe0000 f fffe0000 1 0c
000000000000000c 10000a0a0700f000 0 00 00000000 0 0 0 0 0 0 000000000000000d fffe0000 f fffe0000 1 0a
000000000000000d 7c95fffffbd00000 0 00 00000000 0 0 0 0 0 0 0000000000000009 fffc0000 f fffc0000 0 00
0000000000000009 3059e0a0c0000000 0 00 00000000 0 0 0 0 0 0 000000000000000a fffc0000 f fffc0000 0 00
000000000000000a 3029d0a0c0000000 0 00 00000000 0 0 0 0 0 0 000000000000000b fffc0000 f fffc0000 0 00
000000000000000b 10100c010500f000 0 00 00000000 0 0 0 0 0 0 000000000000000c fffc0000 f fffc0000 1 0c
000000000000000c 10000a0a0700f000 0 00 00000000 0 0 0 0 0 0 000000000000000d fffc0000 f fffc0000 1 0a
000000000000000d 7c95fffffbd00000 0 00 00000000 0 0 0 0 0 0 0000000000000009 fff80000 f fff80000 0 00
0000000000000009 3059e0a0c0000000 0 00 00000000 0 0 0 0 0 0 000000000000000a fff80000 f fff80000 0 00
000000000000000a 3029d0a0c0000000 0 00 00000000 0 0 0 0 0 0 000000000000000b fff80000 f fff80000 0 00
000000000000000b 10100c010500f000 0 00 00000000 0 0 0 0 0 0 000000000000000c fff80000 f fff80000 1 0c
000000000000000c 10000a0a0700f000 0 00 00000000 0 0 0 0 0 0 000000000000000d fff80000 f fff80000 1 0a
000000000000000d 7c95fffffbd00000 0 00 00000000 0 0 0 0 0 0 0000000000000009 fff00000 f fff00000 0 00
0000000000000009 3059e0a0c0000000 0 00 00000000 0 0 0 0 0 0 000000000000000a fff00000 f fff00000 0 00
000000000000000a 3029d0a0c0000000 0 00 00000000 0 0 0 0 0 0 000000000000000b fff00000 f fff00000 0 00
000000000000000b 10100c010500f000 0 00 00000000 0 0 0 0 0 0 000000000000000c fff00000 f fff00000 1 0c
000000000000000c 10000a0a0700f000 0 00 00000000 0 0 0 0 0 0 000000000000000d fff00000 f fff00000 1 0a
000000000000000d 7c95fffffbd00000 0 00 00000000 0 0 0 0 0 0 0000000000000009 ffe00000 f ffe00000 0 00
0000000000000009 3059e0a0c0000000 0 00 00000000 0 0 0 0 0 0 000000000000000a ffe00000 f ffe00000 0 00
000000000000000a 3029d0a0c0000000 0 00 00000000 0 0 0 0 0 0 000000000000000b ffe00000 f ffe00000 0 00
000000000000000b 10100c010500f000 0 00 00000000 0 0 0 0 0 0 000000000000000c ffe00000 f ffe00000 1 0c
000000000000000c 10000a0a0700f000 0 00 00000000 0 0 0 0 0 0 000000000000000d ffe00000 f ffe00000 1 0a
000000000000000d 7c95fffffbd00000 0 00 00000000 0 0 0 0 0 0 0000000000000009 ffc00000 f ffc00000 0 00
0000000000000009 3059e0a0c0000000 0 00 00000000 0 0 0 0 0 0 000000000000000a ffc00000 f ffc00000 0 00
000000000000000a 3029d0a0c0000000 0 00 00000000 0 0 0 0 0 0 000000000000000b ffc00000 f ffc00000 0 00
000000000000000b 10100c010500f000 0 00 00000000 0 0 0 0 0 0 000000000000000c ffc00000 f ffc00000 1 0c
000000000000000c 10000a0a0700f000 0 00 00000000 0 0 0 0 0 0 000000000000000d ffc00000 f ffc00000 1 0a
000000000000000d 7c95fffffbd00000 0 00 00000000 0 0 0 0 0 0 0000000000000009 ff800000 f ff800000 0 00
0000000000000009 3059e0a0c0000000 0 00 00000000 0 0 0 0 0 0 000000000000000a ff800000 f ff800000 0 00
000000000000000a 3029d0a0c0000000 0 00 00000000 0 0 0 0 0 0 000000000000000b ff800000 f ff800000 0 00
000000000000000b 10100c010500f000 0 00 00000000 0 0 0 0 0 0 000000000000000c ff800000 f ff800000 1 0c
000000000000000c 10000a0a0700f000 0 00 00000000 0 0 0 0 0 0 000000000000000d ff800000 f ff800000 1 0a
000000000000000d 7c95fffffbd00000 0 00 00000000 0 0 0 0 0 0 0000000000000009 ff000000 f ff000000 0 00
0000000000000009 3059e0a0c0000000 0 00 00000000 0 0 0 0 0 0 000000000000000a ff000000 f ff000000 0 00
000000000000000a 3029d0a0c0000000 0 00 00000000 0 0 0 0 0 0 000000000000000b ff000000 f ff000000 0 00
000000000000000b 10100c010500f000 0 00 00000000 0 0 0 0 0 0 000000000000000c ff000000 f ff000000 1 0c
000000000000000c 10000a0a0700f000 0 00 00000000 0 0 0 0 0 0 000000000000000d ff000000 f ff000000 1 0a
000000000000000d 7c95fffffbd00000 0 00 00000000 0 0 0 0 0 0 0000000000000009 fe000000 f fe000000 0 00
0000000000000009 3059e0a0c0000000 0 00 00000000 0 0 0 0 0 0 000000000000000a fe000000 f fe000000 0 00
000000000000000a 3029d0a0c0000000 0 00 00000000 0 0 0 0 0 0 000000000000000b fe000000 f fe000000 0 00
000000000000000b 10100c010500f000 0 00 00000000 0 0 0 0 0 0 000000000000000c fe000000 f fe000000 1 0c
000000000000000c 10000a0a0700f000 0 00 00000000 0 0 0 0 0 0 000000000000000d fe000000 f fe000000 1 0a
000000000000000d 7c95fffffbd00000 0 00 00000000 0 0 0 0 0 0 0000000000000009 fc000000 f fc000000 0 00
0000000000000009 3059e0a0c0000000 0 00 00000000 0 0 0 0 0 0 000000000000000a fc000000 f fc000000 0 00
000000000000000a 3029d0a0c0000000 0 00 00000000 0 0 0 0 0 0 000000000000000b fc000000 f fc000000 0 00
000000000000000b 10100c010500f000 0 00 00000000 0 0 0 0 0 0 000000000000000c fc000000 f fc000000 1 0c
000000000000000c 10000a0a0700f000 0 00 00000000 0 0 0 0 0 0 000000000000000d fc000000 f fc000000 1 0a
000000000000000d 7c95fffffbd00000 0 00 00000000 0 0 0 0 0 0 0000000000000009 f8000000 f f8000000 0 00
0000000000000009 3059e0a0c0000000 0 00 00000000 0 0 0 0 0 0 000000000000000a f8000000 f f8000000 0 00
000000000000000a 3029d0a0c0000000 0 00 00000000 0 0 0 0 0 0 000000000000000b f8000000 f f8000000 0 00
000000000000000b 10100c010500f000 0 00 00000000 0 0 0 0 0 0 000000000000000c f8000000 f f8000000 1 0c
000000000000000c 10000a0a0700f000 0 00 00000000 0 0 0 0 0 0 000000000000000d f8000000 f f8000000 1 0a
000000000000000d 7c95fffffbd00000 0 00 00000000 0 0 0 0 0 0 0000000000000009 f0000000 f f0000000 0 00
0000000000000009 3059e0a0c0000000 0 00 00000000 0 0 0 0 0 0 000000000000000a f0000000 f f0000000 0 00
000000000000000a 3029d0a0c0000000 0 00 00000000 0 0 0 0 0 0 000000000000000b f0000000 f f0000000 0 00
000000000000000b 10100c010500f000 0 00 00000000 0 0 0 0 0 0 000000000000000c f0000000 f f0000000 1 0c
000000000000000c 10000a0a0700f000 0 00 00000000 0 0 0 0 0 0 000000000000000d f0000000 f f0000000 1 0a
000000000000000d 7c95fffffbd00000 0 00 00000000 0 0 0 0 0 0 0000000000000009 e0000000 f e0000000 0 00
0000000000000009 3059e0a0c0000000 0 00 00000000 0 0 0 0 0 0 000000000000000a e0000000 f e0000000 0 00
000000000000000a 3029d0a0c0000000 0 00 00000000 0 0 0 0 0 0 000000000000000b e0000000 f e0000000 0 00
000000000000000b 10100c010500f000 0 00 00000000 0 0 0 0 0 0 000000000000000c e0000000 f e0000000 1 0c
000000000000000c 10000a0a0700f000 0 00 00000000 0 0 0 0 0 0 000000000000000d e0000000 f e0000000 1 0a
000000000000000d 7c95fffffbd00000 0 00 00000000 0 0 0 0 0 0 0000000000000009 c0000000 f c0000000 0 00
0000000000000009 3059e0a0c0000000 0 00 00000000 0 0 0 0 0 0 000000000000000a c0000000 f c0000000 0 00
000000000000000a 3029d0a0c0000000 0 00 00000000 0 0 0 0 0 0 000000000000000b c0000000 f c0000000 0 00
000000000000000b 10100c010500f000 0 00 00000000 0 0 0 0 0 0 000000000000000c c0000000 f c0000000 1 0c
000000000000000c 10000a0a0700f000 0 00 00000000 0 0 0 0 0 0 000000000000000d c0000000 f c0000000 1 0a
000000000000000d 7c95fffffbd00000 0 00 00000000 0 0 0 0 0 0 0000000000000009 80000000 f 80000000 0 00
0000000000000009 3059e0a0c0000000 0 00 00000000 0 0 0 0 0 0 000000000000000a 80000000 f 80000000 0 00
000000000000000a 3029d0a0c0000000 0 00 00000000 0 0 0 0 0 0 000000000000000b 80000000 f 80000000 0 00
000000000000000b 10100c010500f000 0 00 00000000 0 0 0 0 0 0 000000000000000c 80000000 f 80000000 1 0c
000000000000000c 10000a0a0700f000 0 00 00000000 0 0 0 0 0 0 000000000000000d 80000000 f 80000000 1 0a
000000000000000d 7c95fffffbd00000 0 00 00000000 0 0 0 0 0 0 000000000000000e ffffffff f ffffffff 0 00
000000000000000e 7cf5000000000000 0 00 00000000 0 0 0 0 0 0 000000000000000f ffffffff f ffffffff 0 00
