0000000000000000 00131d0000000000 1 1d 00000000 0 0 0 0000000000000001
0000000000000001 8506000000000000 0 00 00000000 0 0 0 0000000000000002
0000000000000002 0062051403000000 1 05 00000000 0 0 0 0000000000000003
0000000000000003 011200060c000000 0 00 00000000 5 0 0 0000000000000004
0000000000000004 0215000001030000 0 00 00000000 5 0 1 0000000000000006
0000000000000006 8506000000000000 0 00 00000000 5 0 0 0000000000000007
0000000000000007 0102000e0b000000 0 00 00000000 5 1 0 0000000000000008
0000000000000008 02150000010d0000 0 00 00000000 5 1 0 0000000000000009
0000000000000009 8506000000000000 0 00 00000000 5 1 0 000000000000000a
000000000000000a 0063140f00000100 1 14 00000000 5 1 0 000000000000000b
000000000000000b 00a30d0f00001e00 1 0d 00000000 5 1 0 000000000000000c
000000000000000c 0052130b0f000000 1 13 00000000 5 1 0 000000000000000d
000000000000000d 0032070805000000 1 07 00000000 5 1 0 000000000000000e
000000000000000e 00a30b0500001f00 1 0b 00000000 5 1 0 000000000000000f
000000000000000f 0032030307000000 1 03 00000000 5 1 0 0000000000000010
0000000000000010 00b30f1200000900 1 0f 00000000 5 1 0 0000000000000011
0000000000000011 8506000000000000 0 00 00000000 5 1 0 0000000000000012
0000000000000012 00131e0000000200 1 1e 00000002 5 1 0 0000000000000013
0000000000000013 0023151500000100 1 15 00000001 5 1 0 0000000000000014
0000000000000014 00731e1e00000100 1 1e 00000001 5 1 0 0000000000000015
0000000000000015 0102001e1d000000 0 00 00000000 4 0 0 0000000000000016
0000000000000016 0215fffffc040000 0 00 00000000 4 0 1 0000000000000013
0000000000000013 0023151500000100 1 15 00000002 4 0 0 0000000000000014
0000000000000014 00731e1e00000100 1 1e 00000000 4 0 0 0000000000000015
0000000000000015 0102001e1d000000 0 00 00000000 5 1 0 0000000000000016
0000000000000016 0215fffffc040000 0 00 00000000 5 1 0 0000000000000017
0000000000000017 7cf5000000000000 0 00 00000000 5 1 0 0000000000000018
DONE retired=27 fault=00 pc=0000000000000017
