0000000000000000 0013140000004d00 1 14 0000004d 0 0 0 0000000000000001 90b5dafd f 90b5dafd 0 00 90b5dafd
0000000000000001 100003050500f000 0 00 00000000 0 0 0 0000000000000002 90b5dafd f 90b5dafd 1 03 90b5dafd
0000000000000002 10610203000ff000 0 00 00000000 0 0 0 0000000000000003 90b5dafd f 90b5dafd 1 02 90b5dafd
0000000000000003 104002050600f000 0 00 00000000 0 0 0 0000000000000004 90b5dafd f 90b5dafd 1 02 90b5dafd
0000000000000004 340002050000f000 0 00 00000000 0 0 0 0000000000000005 90b5dafd f 90b5dafd 1 02 90b5dafd
0000000000000005 10710506003ff000 0 00 00000000 0 0 0 0000000000000006 90b5dafd f 90b5dafd 1 05 90b5dafd
0000000000000006 10710503000ff000 0 00 00000000 0 0 0 0000000000000007 90b5dafd f 90b5dafd 1 05 90b5dafd
0000000000000007 103006020200f000 0 00 00000000 0 0 0 0000000000000008 90b5dafd f 90b5dafd 1 06 90b5dafd
0000000000000008 0013160055555500 1 16 00555555 0 0 0 0000000000000009 90b5dafd f 90b5dafd 0 00 90b5dafd
0000000000000009 342003160000f000 0 00 00000000 0 0 0 000000000000000a 90b5dafd f 90b5dafd 1 03 90b5dafd
000000000000000a 10810303000ff000 0 00 00000000 0 0 0 000000000000000b 90b5dafd f 90b5dafd 1 03 90b5dafd
000000000000000b 104003050600f000 0 00 00000000 0 0 0 000000000000000c 90b5dafd f 90b5dafd 1 03 90b5dafd
000000000000000c 343006000000f000 0 00 00000000 0 0 0 000000000000000d 90b5dafd f 90b5dafd 1 06 90b5dafd
000000000000000d 10610205001ff000 0 00 00000000 0 0 0 000000000000000e 90b5dafd f 90b5dafd 1 02 90b5dafd
000000000000000e 0013150000000000 1 15 00000000 0 0 0 000000000000000f 90b5dafd f 90b5dafd 0 00 90b5dafd
000000000000000f 342005150000c000 0 00 00000000 0 0 0 0000000000000010 90b5dafd c 80055aed 1 05 80055aed
0000000000000010 3400040600009000 0 00 00000000 0 0 0 0000000000000011 90b5dafd 9 00000001 1 04 00000001
0000000000000011 3430040000000000 0 00 00000000 0 0 0 0000000000000012 90b5dafd 0 90a1d29c 1 04 90a1d29c
0000000000000012 102003050500f000 0 00 00000000 0 0 0 0000000000000013 90b5dafd f 90b5dafd 1 03 90b5dafd
0000000000000013 341106008000f000 0 00 00000000 0 0 0 0000000000000014 90b5dafd f 90b5dafd 1 06 90b5dafd
0000000000000014 102006020600f000 0 00 00000000 0 0 0 0000000000000015 90b5dafd f 90b5dafd 1 06 90b5dafd
0000000000000015 102005060300f000 0 00 00000000 0 0 0 0000000000000016 90b5dafd f 90b5dafd 1 05 90b5dafd
0000000000000016 34110300579d5000 0 00 00000000 0 0 0 0000000000000017 90b5dafd 5 9004d25c 1 03 9004d25c
0000000000000017 107105060021f000 0 00 00000000 0 0 0 0000000000000018 90b5dafd f 90b5dafd 1 05 90b5dafd
0000000000000018 00131e0000000200 1 1e 00000002 0 0 0 0000000000000019 90b5dafd f 90b5dafd 0 00 90b5dafd
0000000000000019 0023171700000100 1 17 00000001 0 0 0 000000000000001a 90b5dafd f 90b5dafd 0 00 90b5dafd
000000000000001a 00731e1e00000100 1 1e 00000001 0 0 0 000000000000001b 90b5dafd f 90b5dafd 0 00 90b5dafd
000000000000001b 0013180000000000 1 18 00000000 0 0 0 000000000000001c 90b5dafd f 90b5dafd 0 00 90b5dafd
000000000000001c 0102001e18000000 0 00 00000000 4 0 0 000000000000001d 90b5dafd f 90b5dafd 0 00 90b5dafd
000000000000001d 0215fffffb040000 0 00 00000000 4 0 1 0000000000000019 90b5dafd f 90b5dafd 0 00 90b5dafd
0000000000000019 0023171700000100 1 17 00000002 4 0 0 000000000000001a 90b5dafd f 90b5dafd 0 00 90b5dafd
000000000000001a 00731e1e00000100 1 1e 00000000 4 0 0 000000000000001b 90b5dafd f 90b5dafd 0 00 90b5dafd
000000000000001b 0013180000000000 1 18 00000000 4 0 0 000000000000001c 90b5dafd f 90b5dafd 0 00 90b5dafd
000000000000001c 0102001e18000000 0 00 00000000 5 1 0 000000000000001d 90b5dafd f 90b5dafd 0 00 90b5dafd
000000000000001d 0215fffffb040000 0 00 00000000 5 1 0 000000000000001e 90b5dafd f 90b5dafd 0 00 90b5dafd
000000000000001e 7cf5000000000000 0 00 00000000 5 1 0 000000000000001f 90b5dafd f 90b5dafd 0 00 90b5dafd
DONE retired=36 fault=00 pc=000000000000001e
