0000000000000000 0013140000004d00 1 14 0000004d 0 0 0 0000000000000001 cafff72a f cafff72a 0 00 cafff72a
0000000000000001 0013160000000000 1 16 00000000 0 0 0 0000000000000002 cafff72a f cafff72a 0 00 cafff72a
0000000000000002 342003160000f000 0 00 00000000 0 0 0 0000000000000003 cafff72a f cafff72a 1 03 cafff72a
0000000000000003 108106030001f000 0 00 00000000 0 0 0 0000000000000004 cafff72a f cafff72a 1 06 cafff72a
0000000000000004 107102060001f000 0 00 00000000 0 0 0 0000000000000005 cafff72a f cafff72a 1 02 cafff72a
0000000000000005 340003060000f000 0 00 00000000 0 0 0 0000000000000006 cafff72a f cafff72a 1 03 cafff72a
0000000000000006 3411020067713000 0 00 00000000 0 0 0 0000000000000007 cafff72a 3 cafff72a 1 02 cafff72a
0000000000000007 107104020010f000 0 00 00000000 0 0 0 0000000000000008 cafff72a f cafff72a 1 04 cafff72a
0000000000000008 0013160000000100 1 16 00000001 0 0 0 0000000000000009 cafff72a f cafff72a 0 00 cafff72a
0000000000000009 342002160000f000 0 00 00000000 0 0 0 000000000000000a cafff72a f cafff72a 1 02 cafff72a
000000000000000a 108102020001f000 0 00 00000000 0 0 0 000000000000000b cafff72a f cafff72a 1 02 cafff72a
000000000000000b 105003050300f000 0 00 00000000 0 0 0 000000000000000c cafff72a f cafff72a 1 03 cafff72a
000000000000000c 10710206000ff000 0 00 00000000 0 0 0 000000000000000d cafff72a f cafff72a 1 02 cafff72a
000000000000000d 105005020300f000 0 00 00000000 0 0 0 000000000000000e cafff72a f cafff72a 1 05 cafff72a
000000000000000e 105003050600f000 0 00 00000000 0 0 0 000000000000000f cafff72a f cafff72a 1 03 cafff72a
000000000000000f 101005060300f000 0 00 00000000 0 0 0 0000000000000010 cafff72a f cafff72a 1 05 cafff72a
0000000000000010 340004030000f000 0 00 00000000 0 0 0 0000000000000011 cafff72a f cafff72a 1 04 cafff72a
0000000000000011 10610304000ff000 0 00 00000000 0 0 0 0000000000000012 cafff72a f cafff72a 1 03 cafff72a
0000000000000012 00131e0000000300 1 1e 00000003 0 0 0 0000000000000013 cafff72a f cafff72a 0 00 cafff72a
0000000000000013 0023171700000100 1 17 00000001 0 0 0 0000000000000014 cafff72a f cafff72a 0 00 cafff72a
0000000000000014 00731e1e00000100 1 1e 00000002 0 0 0 0000000000000015 cafff72a f cafff72a 0 00 cafff72a
0000000000000015 0013180000000000 1 18 00000000 0 0 0 0000000000000016 cafff72a f cafff72a 0 00 cafff72a
0000000000000016 0102001e18000000 0 00 00000000 4 0 0 0000000000000017 cafff72a f cafff72a 0 00 cafff72a
0000000000000017 0215fffffb040000 0 00 00000000 4 0 1 0000000000000013 cafff72a f cafff72a 0 00 cafff72a
0000000000000013 0023171700000100 1 17 00000002 4 0 0 0000000000000014 cafff72a f cafff72a 0 00 cafff72a
0000000000000014 00731e1e00000100 1 1e 00000001 4 0 0 0000000000000015 cafff72a f cafff72a 0 00 cafff72a
0000000000000015 0013180000000000 1 18 00000000 4 0 0 0000000000000016 cafff72a f cafff72a 0 00 cafff72a
0000000000000016 0102001e18000000 0 00 00000000 4 0 0 0000000000000017 cafff72a f cafff72a 0 00 cafff72a
0000000000000017 0215fffffb040000 0 00 00000000 4 0 1 0000000000000013 cafff72a f cafff72a 0 00 cafff72a
0000000000000013 0023171700000100 1 17 00000003 4 0 0 0000000000000014 cafff72a f cafff72a 0 00 cafff72a
0000000000000014 00731e1e00000100 1 1e 00000000 4 0 0 0000000000000015 cafff72a f cafff72a 0 00 cafff72a
0000000000000015 0013180000000000 1 18 00000000 4 0 0 0000000000000016 cafff72a f cafff72a 0 00 cafff72a
0000000000000016 0102001e18000000 0 00 00000000 5 1 0 0000000000000017 cafff72a f cafff72a 0 00 cafff72a
0000000000000017 0215fffffb040000 0 00 00000000 5 1 0 0000000000000018 cafff72a f cafff72a 0 00 cafff72a
0000000000000018 7cf5000000000000 0 00 00000000 5 1 0 0000000000000019 cafff72a f cafff72a 0 00 cafff72a
DONE retired=35 fault=00 pc=0000000000000018
