0000000000000000 0013140000004d00 1 14 0000004d 0 0 0 0000000000000001 007fffff f 007fffff 0 00 007fffff
0000000000000001 100002040200d000 0 00 00000000 0 0 0 0000000000000002 007fffff d 0028d222 1 02 0028d222
0000000000000002 101006020300f000 0 00 00000000 0 0 0 0000000000000003 007fffff f 007fffff 1 06 007fffff
0000000000000003 3411040095805000 0 00 00000000 0 0 0 0000000000000004 007fffff 5 002ea7a2 1 04 002ea7a2
0000000000000004 104005050400f000 0 00 00000000 0 0 0 0000000000000005 007fffff f 007fffff 1 05 007fffff
0000000000000005 3430020000000000 0 00 00000000 0 0 0 0000000000000006 007fffff 0 00000001 1 02 00000001
0000000000000006 34110300e0f8f000 0 00 00000000 0 0 0 0000000000000007 007fffff f 007fffff 1 03 007fffff
0000000000000007 00131500aaaaaa00 1 15 ffaaaaaa 0 0 0 0000000000000008 007fffff f 007fffff 0 00 007fffff
0000000000000008 3420061500006000 0 00 00000000 0 0 0 0000000000000009 007fffff 6 007fffff 1 06 007fffff
0000000000000009 3400020300007000 0 00 00000000 0 0 0 000000000000000a 007fffff 7 0066e6e5 1 02 0066e6e5
000000000000000a 101003050500f000 0 00 00000000 0 0 0 000000000000000b 007fffff f 007fffff 1 03 007fffff
000000000000000b 0013150055555500 1 15 00555555 0 0 0 000000000000000c 007fffff f 007fffff 0 00 007fffff
000000000000000c 342006150000f000 0 00 00000000 0 0 0 000000000000000d 007fffff f 007fffff 1 06 007fffff
000000000000000d 343006000000f000 0 00 00000000 0 0 0 000000000000000e 007fffff f 007fffff 1 06 007fffff
000000000000000e 10610606000ff000 0 00 00000000 0 0 0 000000000000000f 007fffff f 007fffff 1 06 007fffff
000000000000000f 101002020500f000 0 00 00000000 0 0 0 0000000000000010 007fffff f 007fffff 1 02 007fffff
0000000000000010 0013160000000100 1 16 00000001 0 0 0 0000000000000011 007fffff f 007fffff 0 00 007fffff
0000000000000011 342003160000f000 0 00 00000000 0 0 0 0000000000000012 007fffff f 007fffff 1 03 007fffff
0000000000000012 10810403001df000 0 00 00000000 0 0 0 0000000000000013 007fffff f 007fffff 1 04 007fffff
0000000000000013 100006030200f000 0 00 00000000 0 0 0 0000000000000014 007fffff f 007fffff 1 06 007fffff
0000000000000014 3400040600000000 0 00 00000000 0 0 0 0000000000000015 007fffff 0 00000001 1 04 00000001
0000000000000015 341102000000f000 0 00 00000000 0 0 0 0000000000000016 007fffff f 007fffff 1 02 007fffff
0000000000000016 340005060000f000 0 00 00000000 0 0 0 0000000000000017 007fffff f 007fffff 1 05 007fffff
0000000000000017 101004050500f000 0 00 00000000 0 0 0 0000000000000018 007fffff f 007fffff 1 04 007fffff
0000000000000018 0013150055555500 1 15 00555555 0 0 0 0000000000000019 007fffff f 007fffff 0 00 007fffff
0000000000000019 342005150000f000 0 00 00000000 0 0 0 000000000000001a 007fffff f 007fffff 1 05 007fffff
000000000000001a 00131e0000000100 1 1e 00000001 0 0 0 000000000000001b 007fffff f 007fffff 0 00 007fffff
000000000000001b 0023171700000100 1 17 00000001 0 0 0 000000000000001c 007fffff f 007fffff 0 00 007fffff
000000000000001c 00731e1e00000100 1 1e 00000000 0 0 0 000000000000001d 007fffff f 007fffff 0 00 007fffff
000000000000001d 0013180000000000 1 18 00000000 0 0 0 000000000000001e 007fffff f 007fffff 0 00 007fffff
000000000000001e 0102001e18000000 0 00 00000000 5 1 0 000000000000001f 007fffff f 007fffff 0 00 007fffff
000000000000001f 0215fffffb040000 0 00 00000000 5 1 0 0000000000000020 007fffff f 007fffff 0 00 007fffff
0000000000000020 7cf5000000000000 0 00 00000000 5 1 0 0000000000000021 007fffff f 007fffff 0 00 007fffff
DONE retired=33 fault=00 pc=0000000000000020
