0000000000000000 0013140000004d00 1 14 0000004d 0 0 0 0000000000000001 e0000000 f e0000000 0 00 e0000000
0000000000000001 340004050000f000 0 00 00000000 0 0 0 0000000000000002 e0000000 f e0000000 1 04 e0000000
0000000000000002 341106000000f000 0 00 00000000 0 0 0 0000000000000003 e0000000 f e0000000 1 06 e0000000
0000000000000003 0013150000000100 1 15 00000001 0 0 0 0000000000000004 e0000000 f e0000000 0 00 e0000000
0000000000000004 342006150000f000 0 00 00000000 0 0 0 0000000000000005 e0000000 f e0000000 1 06 e0000000
0000000000000005 102003030600f000 0 00 00000000 0 0 0 0000000000000006 e0000000 f e0000000 1 03 e0000000
0000000000000006 107106030001f000 0 00 00000000 0 0 0 0000000000000007 e0000000 f e0000000 1 06 e0000000
0000000000000007 340004030000e000 0 00 00000000 0 0 0 0000000000000008 e0000000 e 00000000 1 04 00000000
0000000000000008 0013150055555500 1 15 00555555 0 0 0 0000000000000009 e0000000 f e0000000 0 00 e0000000
0000000000000009 342003150000f000 0 00 00000000 0 0 0 000000000000000a e0000000 f e0000000 1 03 e0000000
000000000000000a 00131600aaaaaa00 1 16 ffaaaaaa 0 0 0 000000000000000b e0000000 f e0000000 0 00 e0000000
000000000000000b 342006160000f000 0 00 00000000 0 0 0 000000000000000c e0000000 f e0000000 1 06 e0000000
000000000000000c 108106060001f000 0 00 00000000 0 0 0 000000000000000d e0000000 f e0000000 1 06 e0000000
000000000000000d 10610202001ff000 0 00 00000000 0 0 0 000000000000000e e0000000 f e0000000 1 02 e0000000
000000000000000e 340002040000f000 0 00 00000000 0 0 0 000000000000000f e0000000 f e0000000 1 02 e0000000
000000000000000f 106106030020f000 0 00 00000000 0 0 0 0000000000000010 e0000000 f e0000000 1 06 e0000000
0000000000000010 10710205001ff000 0 00 00000000 0 0 0 0000000000000011 e0000000 f e0000000 1 02 e0000000
0000000000000011 105003020300f000 0 00 00000000 0 0 0 0000000000000012 e0000000 f e0000000 1 03 e0000000
0000000000000012 00131600ffffff00 1 16 ffffffff 0 0 0 0000000000000013 e0000000 f e0000000 0 00 e0000000
0000000000000013 342006160000f000 0 00 00000000 0 0 0 0000000000000014 e0000000 f e0000000 1 06 e0000000
0000000000000014 10810506003ff000 0 00 00000000 0 0 0 0000000000000015 e0000000 f e0000000 1 05 e0000000
0000000000000015 00131600aaaaaa00 1 16 ffaaaaaa 0 0 0 0000000000000016 e0000000 f e0000000 0 00 e0000000
0000000000000016 342003160000f000 0 00 00000000 0 0 0 0000000000000017 e0000000 f e0000000 1 03 e0000000
0000000000000017 10810403001ff000 0 00 00000000 0 0 0 0000000000000018 e0000000 f e0000000 1 04 e0000000
0000000000000018 0013160000000000 1 16 00000000 0 0 0 0000000000000019 e0000000 f e0000000 0 00 e0000000
0000000000000019 342006160000f000 0 00 00000000 0 0 0 000000000000001a e0000000 f e0000000 1 06 e0000000
000000000000001a 108106060001f000 0 00 00000000 0 0 0 000000000000001b e0000000 f e0000000 1 06 e0000000
000000000000001b 107105040010f000 0 00 00000000 0 0 0 000000000000001c e0000000 f e0000000 1 05 e0000000
000000000000001c 34110300724af000 0 00 00000000 0 0 0 000000000000001d e0000000 f e0000000 1 03 e0000000
000000000000001d 105002030400f000 0 00 00000000 0 0 0 000000000000001e e0000000 f e0000000 1 02 e0000000
000000000000001e 343002000000f000 0 00 00000000 0 0 0 000000000000001f e0000000 f e0000000 1 02 e0000000
000000000000001f 34110400e7d7c000 0 00 00000000 0 0 0 0000000000000020 e0000000 c 20000000 1 04 20000000
0000000000000020 103006060400f000 0 00 00000000 0 0 0 0000000000000021 e0000000 f e0000000 1 06 e0000000
0000000000000021 107104050020f000 0 00 00000000 0 0 0 0000000000000022 e0000000 f e0000000 1 04 e0000000
0000000000000022 10610306003ff000 0 00 00000000 0 0 0 0000000000000023 e0000000 f e0000000 1 03 e0000000
0000000000000023 00131600ffffff00 1 16 ffffffff 0 0 0 0000000000000024 e0000000 f e0000000 0 00 e0000000
0000000000000024 342005160000f000 0 00 00000000 0 0 0 0000000000000025 e0000000 f e0000000 1 05 e0000000
0000000000000025 10810505000ff000 0 00 00000000 0 0 0 0000000000000026 e0000000 f e0000000 1 05 e0000000
0000000000000026 107106060000f000 0 00 00000000 0 0 0 0000000000000027 e0000000 f e0000000 1 06 e0000000
0000000000000027 1001050572f4f000 0 00 00000000 0 0 0 0000000000000028 e0000000 f e0000000 1 05 e0000000
0000000000000028 10610304003ff000 0 00 00000000 0 0 0 0000000000000029 e0000000 f e0000000 1 03 e0000000
0000000000000029 00131500ffffff00 1 15 ffffffff 0 0 0 000000000000002a e0000000 f e0000000 0 00 e0000000
000000000000002a 342002150000f000 0 00 00000000 0 0 0 000000000000002b e0000000 f e0000000 1 02 e0000000
000000000000002b 00131600ffffff00 1 16 ffffffff 0 0 0 000000000000002c e0000000 f e0000000 0 00 e0000000
000000000000002c 342002160000f000 0 00 00000000 0 0 0 000000000000002d e0000000 f e0000000 1 02 e0000000
000000000000002d 108102020000f000 0 00 00000000 0 0 0 000000000000002e e0000000 f e0000000 1 02 e0000000
000000000000002e 00131e0000000200 1 1e 00000002 0 0 0 000000000000002f e0000000 f e0000000 0 00 e0000000
000000000000002f 0023171700000100 1 17 00000001 0 0 0 0000000000000030 e0000000 f e0000000 0 00 e0000000
0000000000000030 00731e1e00000100 1 1e 00000001 0 0 0 0000000000000031 e0000000 f e0000000 0 00 e0000000
0000000000000031 0013180000000000 1 18 00000000 0 0 0 0000000000000032 e0000000 f e0000000 0 00 e0000000
0000000000000032 0102001e18000000 0 00 00000000 4 0 0 0000000000000033 e0000000 f e0000000 0 00 e0000000
0000000000000033 0215fffffb040000 0 00 00000000 4 0 1 000000000000002f e0000000 f e0000000 0 00 e0000000
000000000000002f 0023171700000100 1 17 00000002 4 0 0 0000000000000030 e0000000 f e0000000 0 00 e0000000
0000000000000030 00731e1e00000100 1 1e 00000000 4 0 0 0000000000000031 e0000000 f e0000000 0 00 e0000000
0000000000000031 0013180000000000 1 18 00000000 4 0 0 0000000000000032 e0000000 f e0000000 0 00 e0000000
0000000000000032 0102001e18000000 0 00 00000000 5 1 0 0000000000000033 e0000000 f e0000000 0 00 e0000000
0000000000000033 0215fffffb040000 0 00 00000000 5 1 0 0000000000000034 e0000000 f e0000000 0 00 e0000000
0000000000000034 7cf5000000000000 0 00 00000000 5 1 0 0000000000000035 e0000000 f e0000000 0 00 e0000000
DONE retired=58 fault=00 pc=0000000000000034
