0000000000000000 00131d0000000000 1 1d 00000000 0 0 0 0000000000000001
0000000000000001 0112001311000000 0 00 00000000 5 0 0 0000000000000002
0000000000000002 0215000002020000 0 00 00000000 5 0 1 0000000000000005
0000000000000005 0092051300000000 1 05 ffffffff 5 0 0 0000000000000006
0000000000000006 00b3020b00001200 1 02 00000000 5 0 0 0000000000000007
0000000000000007 0122000b0c000000 0 00 00000000 5 0 0 0000000000000008
0000000000000008 0215000002020000 0 00 00000000 5 0 1 000000000000000b
000000000000000b 00731208ffd52e00 1 12 00002ad2 5 0 0 000000000000000c
000000000000000c 00230c0645763c00 1 0c 0045763c 5 0 0 000000000000000d
000000000000000d 0092050200000000 1 05 ffffffff 5 0 0 000000000000000e
000000000000000e 0112000403000000 0 00 00000000 5 0 0 000000000000000f
000000000000000f 02150000020b0000 0 00 00000000 5 0 0 0000000000000010
0000000000000010 8506000000000000 0 00 00000000 5 0 0 0000000000000011
0000000000000011 8506000000000000 0 00 00000000 5 0 0 0000000000000012
0000000000000012 00a2120601000000 1 12 00000000 5 0 0 0000000000000013
0000000000000013 8506000000000000 0 00 00000000 5 0 0 0000000000000014
0000000000000014 0042041012000000 1 04 00000000 5 0 0 0000000000000015
0000000000000015 0092010b00000000 1 01 ffffffff 5 0 0 0000000000000016
0000000000000016 0063091100000b00 1 09 00000000 5 0 0 0000000000000017
0000000000000017 00131e0000000300 1 1e 00000003 5 0 0 0000000000000018
0000000000000018 0023151500000100 1 15 00000001 5 0 0 0000000000000019
0000000000000019 00731e1e00000100 1 1e 00000002 5 0 0 000000000000001a
000000000000001a 0102001e1d000000 0 00 00000000 4 0 0 000000000000001b
000000000000001b 0215fffffc040000 0 00 00000000 4 0 1 0000000000000018
0000000000000018 0023151500000100 1 15 00000002 4 0 0 0000000000000019
0000000000000019 00731e1e00000100 1 1e 00000001 4 0 0 000000000000001a
000000000000001a 0102001e1d000000 0 00 00000000 4 0 0 000000000000001b
000000000000001b 0215fffffc040000 0 00 00000000 4 0 1 0000000000000018
0000000000000018 0023151500000100 1 15 00000003 4 0 0 0000000000000019
0000000000000019 00731e1e00000100 1 1e 00000000 4 0 0 000000000000001a
000000000000001a 0102001e1d000000 0 00 00000000 5 1 0 000000000000001b
000000000000001b 0215fffffc040000 0 00 00000000 5 1 0 000000000000001c
000000000000001c 7cf5000000000000 0 00 00000000 5 1 0 000000000000001d
DONE retired=33 fault=00 pc=000000000000001c
