0000000000000000 00131d0000000000 1 1d 00000000 0 0 0 0000000000000001
0000000000000001 8506000000000000 0 00 00000000 0 0 0 0000000000000002
0000000000000002 0073030400000000 1 03 00000000 0 0 0 0000000000000003
0000000000000003 8506000000000000 0 00 00000000 0 0 0 0000000000000004
0000000000000004 00a30b0f00000100 1 0b 00000000 0 0 0 0000000000000005
0000000000000005 00b20a0b04000000 1 0a 00000000 0 0 0 0000000000000006
0000000000000006 0092060d00000000 1 06 ffffffff 0 0 0 0000000000000007
0000000000000007 0306000000000e00 1 0e 00000000 0 0 0 0000000000000008
0000000000000008 8506000000000000 0 00 00000000 0 0 0 0000000000000009
0000000000000009 8506000000000000 0 00 00000000 0 0 0 000000000000000a
000000000000000a 00130f0055555500 1 0f 00555555 0 0 0 000000000000000b
000000000000000b 0306000000001100 1 11 00000000 0 0 0 000000000000000c
000000000000000c 8506000000000000 0 00 00000000 0 0 0 000000000000000d
000000000000000d 0122000804000000 0 00 00000000 5 0 0 000000000000000e
000000000000000e 0215000001030000 0 00 00000000 5 0 1 0000000000000010
0000000000000010 00920d1000000000 1 0d ffffffff 5 0 0 0000000000000011
0000000000000011 00320b0813000000 1 0b 00000000 5 0 0 0000000000000012
0000000000000012 00730f0ebcdebf00 1 0f 00432141 5 0 0 0000000000000013
0000000000000013 00130d00cf988900 1 0d ffcf9889 5 0 0 0000000000000014
0000000000000014 001309006a9bcc00 1 09 006a9bcc 5 0 0 0000000000000015
0000000000000015 00130f00c4e80a00 1 0f ffc4e80a 5 0 0 0000000000000016
0000000000000016 00130e0061f80c00 1 0e 0061f80c 5 0 0 0000000000000017
0000000000000017 00131e0000000300 1 1e 00000003 5 0 0 0000000000000018
0000000000000018 0023151500000100 1 15 00000001 5 0 0 0000000000000019
0000000000000019 00731e1e00000100 1 1e 00000002 5 0 0 000000000000001a
000000000000001a 0102001e1d000000 0 00 00000000 4 0 0 000000000000001b
000000000000001b 0215fffffc040000 0 00 00000000 4 0 1 0000000000000018
0000000000000018 0023151500000100 1 15 00000002 4 0 0 0000000000000019
0000000000000019 00731e1e00000100 1 1e 00000001 4 0 0 000000000000001a
000000000000001a 0102001e1d000000 0 00 00000000 4 0 0 000000000000001b
000000000000001b 0215fffffc040000 0 00 00000000 4 0 1 0000000000000018
0000000000000018 0023151500000100 1 15 00000003 4 0 0 0000000000000019
0000000000000019 00731e1e00000100 1 1e 00000000 4 0 0 000000000000001a
000000000000001a 0102001e1d000000 0 00 00000000 5 1 0 000000000000001b
000000000000001b 0215fffffc040000 0 00 00000000 5 1 0 000000000000001c
000000000000001c 7cf5000000000000 0 00 00000000 5 1 0 000000000000001d
DONE retired=36 fault=00 pc=000000000000001c
