0000000000000000 343001000000f000 0 00 00000000 0 0 0 0 0 0 0000000000000001 ffffffff f ffffffff 1 01
0000000000000001 341107000001f000 0 00 00000000 0 0 0 0 0 0 0000000000000002 ffffffff f ffffffff 1 07
0000000000000002 34110c000003f000 0 00 00000000 0 0 0 0 0 0 0000000000000003 ffffffff f ffffffff 1 0c
0000000000000003 3009d0b070000000 0 00 00000000 0 0 0 0 0 0 0000000000000004 ffffffff f ffffffff 0 00
0000000000000004 7c1500000cd00019 0 00 00000000 0 0 0 0 0 0 0000000000000011 ffffffff f ffffffff 0 00
0000000000000011 11000c030c00f000 0 00 00000000 0 0 0 0 0 0 0000000000000012 ffffffff f ffffffff 1 0c
0000000000000012 3009b010c0000000 0 00 00000000 0 0 0 0 0 0 0000000000000013 ffffffff f ffffffff 0 00
0000000000000013 7c15000007b00009 0 00 00000000 0 0 0 0 0 0 0000000000000014 00000001 f 00000001 0 00
0000000000000014 3029e030c0000000 0 00 00000000 0 0 0 0 0 0 0000000000000015 00000001 f 00000001 0 00
0000000000000015 7c15000002e00003 0 00 00000000 0 0 0 0 0 0 0000000000000018 00000001 f 00000001 0 00
0000000000000018 1010050c0300f000 0 00 00000000 0 0 0 0 0 0 0000000000000019 00000001 f 00000001 1 05
0000000000000019 7c25000000000000 0 00 00000000 0 0 0 0 0 0 000000000000001a 00000001 f 00000001 0 00
000000000000001a 0205000002000000 0 00 00000000 0 0 0 0 0 1 000000000000001d 00000001 f 00000001 0 00
000000000000001d 7c25000000000000 0 00 00000000 0 0 0 0 0 0 000000000000001b fffffffe f fffffffe 0 00
000000000000001b 104005040c00f000 0 00 00000000 0 0 0 0 0 0 000000000000001c fffffffe f fffffffe 1 05
000000000000001c 34110400000cf000 0 00 00000000 0 0 0 0 0 0 000000000000001d fffffffe f fffffffe 1 04
000000000000001d 7c25000000000000 0 00 00000000 0 0 0 0 0 0 000000000000001e ffffffff f ffffffff 0 00
000000000000001e 7c25000000000000 0 00 00000000 0 0 0 0 0 0 000000000000001f ffffffff f ffffffff 0 00
000000000000001f 300910a0c0000000 0 00 00000000 0 0 0 0 0 0 0000000000000020 ffffffff f ffffffff 0 00
0000000000000020 7c15000003100075 0 00 00000000 0 0 0 0 0 0 0000000000000021 ffffffff f ffffffff 0 00
0000000000000021 111005010700f000 0 00 00000000 0 0 0 0 0 0 0000000000000022 ffffffff f ffffffff 1 05
0000000000000022 0023060600000300 1 06 00000003 0 0 0 0 0 0 0000000000000023 ffffffff f ffffffff 0 00
0000000000000023 0205000072000000 0 00 00000000 0 0 0 0 0 1 0000000000000096 ffffffff f ffffffff 0 00
0000000000000096 7c25000000000000 0 00 00000000 0 0 0 0 0 0 0000000000000097 ffffffff f ffffffff 0 00
0000000000000097 7cf5000000000000 0 00 00000000 0 0 0 0 0 0 0000000000000098 ffffffff f ffffffff 0 00
