0000000000000000 0013140000004d00 1 14 0000004d 0 0 0 0000000000000001 ffffffff f ffffffff 0 00 ffffffff
0000000000000001 106102020001f000 0 00 00000000 0 0 0 0000000000000002 ffffffff f ffffffff 1 02 ffffffff
0000000000000002 104003060400f000 0 00 00000000 0 0 0 0000000000000003 ffffffff f ffffffff 1 03 ffffffff
0000000000000003 105005060400f000 0 00 00000000 0 0 0 0000000000000004 ffffffff f ffffffff 1 05 ffffffff
0000000000000004 34110200ffff8000 0 00 00000000 0 0 0 0000000000000005 ffffffff 8 00000001 1 02 00000001
0000000000000005 00131500aaaaaa00 1 15 ffaaaaaa 0 0 0 0000000000000006 ffffffff f ffffffff 0 00 ffffffff
0000000000000006 342002150000f000 0 00 00000000 0 0 0 0000000000000007 ffffffff f ffffffff 1 02 ffffffff
0000000000000007 0013160000000000 1 16 00000000 0 0 0 0000000000000008 ffffffff f ffffffff 0 00 ffffffff
0000000000000008 342005160000f000 0 00 00000000 0 0 0 0000000000000009 ffffffff f ffffffff 1 05 ffffffff
0000000000000009 10810305003ff000 0 00 00000000 0 0 0 000000000000000a ffffffff f ffffffff 1 03 ffffffff
000000000000000a 340006060000f000 0 00 00000000 0 0 0 000000000000000b ffffffff f ffffffff 1 06 ffffffff
000000000000000b 102003060600f000 0 00 00000000 0 0 0 000000000000000c ffffffff f ffffffff 1 03 ffffffff
000000000000000c 102002050200d000 0 00 00000000 0 0 0 000000000000000d ffffffff d 80000000 1 02 80000000
000000000000000d 0013150000000000 1 15 00000000 0 0 0 000000000000000e ffffffff f ffffffff 0 00 ffffffff
000000000000000e 342003150000f000 0 00 00000000 0 0 0 000000000000000f ffffffff f ffffffff 1 03 ffffffff
000000000000000f 107106030021f000 0 00 00000000 0 0 0 0000000000000010 ffffffff f ffffffff 1 06 ffffffff
0000000000000010 340004060000f000 0 00 00000000 0 0 0 0000000000000011 ffffffff f ffffffff 1 04 ffffffff
0000000000000011 103104056673f000 0 00 00000000 0 0 0 0000000000000012 ffffffff f ffffffff 1 04 ffffffff
0000000000000012 105102050000f000 0 00 00000000 0 0 0 0000000000000013 ffffffff f ffffffff 1 02 ffffffff
0000000000000013 34110500fb5df000 0 00 00000000 0 0 0 0000000000000014 ffffffff f ffffffff 1 05 ffffffff
0000000000000014 341105007ffff000 0 00 00000000 0 0 0 0000000000000015 ffffffff f ffffffff 1 05 ffffffff
0000000000000015 100103063571f000 0 00 00000000 0 0 0 0000000000000016 ffffffff f ffffffff 1 03 ffffffff
0000000000000016 106104050021f000 0 00 00000000 0 0 0 0000000000000017 ffffffff f ffffffff 1 04 ffffffff
0000000000000017 106103030001f000 0 00 00000000 0 0 0 0000000000000018 ffffffff f ffffffff 1 03 ffffffff
0000000000000018 100002060500f000 0 00 00000000 0 0 0 0000000000000019 ffffffff f ffffffff 1 02 ffffffff
0000000000000019 100004050500f000 0 00 00000000 0 0 0 000000000000001a ffffffff f ffffffff 1 04 ffffffff
000000000000001a 0013150000000000 1 15 00000000 0 0 0 000000000000001b ffffffff f ffffffff 0 00 ffffffff
000000000000001b 342002150000f000 0 00 00000000 0 0 0 000000000000001c ffffffff f ffffffff 1 02 ffffffff
000000000000001c 341102008000f000 0 00 00000000 0 0 0 000000000000001d ffffffff f ffffffff 1 02 ffffffff
000000000000001d 0013160000000000 1 16 00000000 0 0 0 000000000000001e ffffffff f ffffffff 0 00 ffffffff
000000000000001e 342004160000f000 0 00 00000000 0 0 0 000000000000001f ffffffff f ffffffff 1 04 ffffffff
000000000000001f 108106040021f000 0 00 00000000 0 0 0 0000000000000020 ffffffff f ffffffff 1 06 ffffffff
0000000000000020 340002060000f000 0 00 00000000 0 0 0 0000000000000021 ffffffff f ffffffff 1 02 ffffffff
0000000000000021 343002000000f000 0 00 00000000 0 0 0 0000000000000022 ffffffff f ffffffff 1 02 ffffffff
0000000000000022 100003020200a000 0 00 00000000 0 0 0 0000000000000023 ffffffff a 00000000 1 03 00000000
0000000000000023 343005000000b000 0 00 00000000 0 0 0 0000000000000024 ffffffff b aaaaaaaa 1 05 aaaaaaaa
0000000000000024 00131e0000000300 1 1e 00000003 0 0 0 0000000000000025 ffffffff f ffffffff 0 00 ffffffff
0000000000000025 0023171700000100 1 17 00000001 0 0 0 0000000000000026 ffffffff f ffffffff 0 00 ffffffff
0000000000000026 00731e1e00000100 1 1e 00000002 0 0 0 0000000000000027 ffffffff f ffffffff 0 00 ffffffff
0000000000000027 0013180000000000 1 18 00000000 0 0 0 0000000000000028 ffffffff f ffffffff 0 00 ffffffff
0000000000000028 0102001e18000000 0 00 00000000 4 0 0 0000000000000029 ffffffff f ffffffff 0 00 ffffffff
0000000000000029 0215fffffb040000 0 00 00000000 4 0 1 0000000000000025 ffffffff f ffffffff 0 00 ffffffff
0000000000000025 0023171700000100 1 17 00000002 4 0 0 0000000000000026 ffffffff f ffffffff 0 00 ffffffff
0000000000000026 00731e1e00000100 1 1e 00000001 4 0 0 0000000000000027 ffffffff f ffffffff 0 00 ffffffff
0000000000000027 0013180000000000 1 18 00000000 4 0 0 0000000000000028 ffffffff f ffffffff 0 00 ffffffff
0000000000000028 0102001e18000000 0 00 00000000 4 0 0 0000000000000029 ffffffff f ffffffff 0 00 ffffffff
0000000000000029 0215fffffb040000 0 00 00000000 4 0 1 0000000000000025 ffffffff f ffffffff 0 00 ffffffff
0000000000000025 0023171700000100 1 17 00000003 4 0 0 0000000000000026 ffffffff f ffffffff 0 00 ffffffff
0000000000000026 00731e1e00000100 1 1e 00000000 4 0 0 0000000000000027 ffffffff f ffffffff 0 00 ffffffff
0000000000000027 0013180000000000 1 18 00000000 4 0 0 0000000000000028 ffffffff f ffffffff 0 00 ffffffff
0000000000000028 0102001e18000000 0 00 00000000 5 1 0 0000000000000029 ffffffff f ffffffff 0 00 ffffffff
0000000000000029 0215fffffb040000 0 00 00000000 5 1 0 000000000000002a ffffffff f ffffffff 0 00 ffffffff
000000000000002a 7cf5000000000000 0 00 00000000 5 1 0 000000000000002b ffffffff f ffffffff 0 00 ffffffff
DONE retired=53 fault=00 pc=000000000000002a
