0000000000000000 00131d0000000000 1 1d 00000000 0 0 0 0000000000000001
0000000000000001 0122001003000000 0 00 00000000 5 0 0 0000000000000002
0000000000000002 0215000003030000 0 00 00000000 5 0 1 0000000000000006
0000000000000006 0102000711000000 0 00 00000000 5 1 0 0000000000000007
0000000000000007 02150000020b0000 0 00 00000000 5 1 0 0000000000000008
0000000000000008 8506000000000000 0 00 00000000 5 1 0 0000000000000009
0000000000000009 8506000000000000 0 00 00000000 5 1 0 000000000000000a
000000000000000a 00920f0900000000 1 0f ffffffff 5 1 0 000000000000000b
000000000000000b 012200140a000000 0 00 00000000 5 0 0 000000000000000c
000000000000000c 02150000020d0000 0 00 00000000 5 0 0 000000000000000d
000000000000000d 8506000000000000 0 00 00000000 5 0 0 000000000000000e
000000000000000e 8506000000000000 0 00 00000000 5 0 0 000000000000000f
000000000000000f 00220e0a06000000 1 0e 00000000 5 0 0 0000000000000010
0000000000000010 8506000000000000 0 00 00000000 5 0 0 0000000000000011
0000000000000011 0122000a14000000 0 00 00000000 5 0 0 0000000000000012
0000000000000012 0215000003030000 0 00 00000000 5 0 1 0000000000000016
0000000000000016 0013070000000000 1 07 00000000 5 0 0 0000000000000017
0000000000000017 8506000000000000 0 00 00000000 5 0 0 0000000000000018
0000000000000018 0072010f0d000000 1 01 ffffffff 5 0 0 0000000000000019
0000000000000019 8506000000000000 0 00 00000000 5 0 0 000000000000001a
000000000000001a 8506000000000000 0 00 00000000 5 0 0 000000000000001b
000000000000001b 0102000209000000 0 00 00000000 5 1 0 000000000000001c
000000000000001c 0215000002010000 0 00 00000000 5 1 1 000000000000001f
000000000000001f 8506000000000000 0 00 00000000 5 1 0 0000000000000020
0000000000000020 007204040c000000 1 04 00000000 5 1 0 0000000000000021
0000000000000021 8506000000000000 0 00 00000000 5 1 0 0000000000000022
0000000000000022 00230303d2543e00 1 03 ffd2543e 5 1 0 0000000000000023
0000000000000023 8506000000000000 0 00 00000000 5 1 0 0000000000000024
0000000000000024 8506000000000000 0 00 00000000 5 1 0 0000000000000025
0000000000000025 00720c0701000000 1 0c 00000001 5 1 0 0000000000000026
0000000000000026 0102000f11000000 0 00 00000000 6 0 0 0000000000000027
0000000000000027 0215000001040000 0 00 00000000 6 0 1 0000000000000029
0000000000000029 8506000000000000 0 00 00000000 6 0 0 000000000000002a
000000000000002a 00130300fd090200 1 03 fffd0902 6 0 0 000000000000002b
000000000000002b 00131e0000000100 1 1e 00000001 6 0 0 000000000000002c
000000000000002c 0023151500000100 1 15 00000001 6 0 0 000000000000002d
000000000000002d 00731e1e00000100 1 1e 00000000 6 0 0 000000000000002e
000000000000002e 0102001e1d000000 0 00 00000000 5 1 0 000000000000002f
000000000000002f 0215fffffc040000 0 00 00000000 5 1 0 0000000000000030
0000000000000030 7cf5000000000000 0 00 00000000 5 1 0 0000000000000031
DONE retired=40 fault=00 pc=0000000000000030
