0000000000000000 0013140000004d00 1 14 0000004d 0 0 0 0000000000000001 ffffffff f ffffffff 0 00 ffffffff
0000000000000001 10110205fffff000 0 00 00000000 0 0 0 0000000000000002 ffffffff f ffffffff 1 02 ffffffff
0000000000000002 10710506001ff000 0 00 00000000 0 0 0 0000000000000003 ffffffff f ffffffff 1 05 ffffffff
0000000000000003 101104028000f000 0 00 00000000 0 0 0 0000000000000004 ffffffff f ffffffff 1 04 ffffffff
0000000000000004 101002050600d000 0 00 00000000 0 0 0 0000000000000005 ffffffff d 246595df 1 02 246595df
0000000000000005 00131600ffffff00 1 16 ffffffff 0 0 0 0000000000000006 ffffffff f ffffffff 0 00 ffffffff
0000000000000006 342002160000f000 0 00 00000000 0 0 0 0000000000000007 ffffffff f ffffffff 1 02 ffffffff
0000000000000007 108106020000f000 0 00 00000000 0 0 0 0000000000000008 ffffffff f ffffffff 1 06 ffffffff
0000000000000008 0013150000000000 1 15 00000000 0 0 0 0000000000000009 ffffffff f ffffffff 0 00 ffffffff
0000000000000009 342005150000f000 0 00 00000000 0 0 0 000000000000000a ffffffff f ffffffff 1 05 ffffffff
000000000000000a 101004050200f000 0 00 00000000 0 0 0 000000000000000b ffffffff f ffffffff 1 04 ffffffff
000000000000000b 0013160000000000 1 16 00000000 0 0 0 000000000000000c ffffffff f ffffffff 0 00 ffffffff
000000000000000c 342002160000f000 0 00 00000000 0 0 0 000000000000000d ffffffff f ffffffff 1 02 ffffffff
000000000000000d 10810302001ff000 0 00 00000000 0 0 0 000000000000000e ffffffff f ffffffff 1 03 ffffffff
000000000000000e 340005030000f000 0 00 00000000 0 0 0 000000000000000f ffffffff f ffffffff 1 05 ffffffff
000000000000000f 34110600a2b3f000 0 00 00000000 0 0 0 0000000000000010 ffffffff f ffffffff 1 06 ffffffff
0000000000000010 1050050505009000 0 00 00000000 0 0 0 0000000000000011 ffffffff 9 7fffffff 1 05 7fffffff
0000000000000011 3411050000012000 0 00 00000000 0 0 0 0000000000000012 ffffffff 2 00000000 1 05 00000000
0000000000000012 340002030000e000 0 00 00000000 0 0 0 0000000000000013 ffffffff e e81775f3 1 02 e81775f3
0000000000000013 0013160000000100 1 16 00000001 0 0 0 0000000000000014 ffffffff f ffffffff 0 00 ffffffff
0000000000000014 342004160000f000 0 00 00000000 0 0 0 0000000000000015 ffffffff f ffffffff 1 04 ffffffff
0000000000000015 10810504001ff000 0 00 00000000 0 0 0 0000000000000016 ffffffff f ffffffff 1 05 ffffffff
0000000000000016 106104020000f000 0 00 00000000 0 0 0 0000000000000017 ffffffff f ffffffff 1 04 ffffffff
0000000000000017 00131e0000000300 1 1e 00000003 0 0 0 0000000000000018 ffffffff f ffffffff 0 00 ffffffff
0000000000000018 0023171700000100 1 17 00000001 0 0 0 0000000000000019 ffffffff f ffffffff 0 00 ffffffff
0000000000000019 00731e1e00000100 1 1e 00000002 0 0 0 000000000000001a ffffffff f ffffffff 0 00 ffffffff
000000000000001a 0013180000000000 1 18 00000000 0 0 0 000000000000001b ffffffff f ffffffff 0 00 ffffffff
000000000000001b 0102001e18000000 0 00 00000000 4 0 0 000000000000001c ffffffff f ffffffff 0 00 ffffffff
000000000000001c 0215fffffb040000 0 00 00000000 4 0 1 0000000000000018 ffffffff f ffffffff 0 00 ffffffff
0000000000000018 0023171700000100 1 17 00000002 4 0 0 0000000000000019 ffffffff f ffffffff 0 00 ffffffff
0000000000000019 00731e1e00000100 1 1e 00000001 4 0 0 000000000000001a ffffffff f ffffffff 0 00 ffffffff
000000000000001a 0013180000000000 1 18 00000000 4 0 0 000000000000001b ffffffff f ffffffff 0 00 ffffffff
000000000000001b 0102001e18000000 0 00 00000000 4 0 0 000000000000001c ffffffff f ffffffff 0 00 ffffffff
000000000000001c 0215fffffb040000 0 00 00000000 4 0 1 0000000000000018 ffffffff f ffffffff 0 00 ffffffff
0000000000000018 0023171700000100 1 17 00000003 4 0 0 0000000000000019 ffffffff f ffffffff 0 00 ffffffff
0000000000000019 00731e1e00000100 1 1e 00000000 4 0 0 000000000000001a ffffffff f ffffffff 0 00 ffffffff
000000000000001a 0013180000000000 1 18 00000000 4 0 0 000000000000001b ffffffff f ffffffff 0 00 ffffffff
000000000000001b 0102001e18000000 0 00 00000000 5 1 0 000000000000001c ffffffff f ffffffff 0 00 ffffffff
000000000000001c 0215fffffb040000 0 00 00000000 5 1 0 000000000000001d ffffffff f ffffffff 0 00 ffffffff
000000000000001d 7cf5000000000000 0 00 00000000 5 1 0 000000000000001e ffffffff f ffffffff 0 00 ffffffff
DONE retired=40 fault=00 pc=000000000000001d
