0000000000000000 00131d0000000000 1 1d 00000000 0 0 0 0000000000000001
0000000000000001 00320d0f05000000 1 0d 00000000 0 0 0 0000000000000002
0000000000000002 00a3010500000600 1 01 00000000 0 0 0 0000000000000003
0000000000000003 0092100100000000 1 10 ffffffff 0 0 0 0000000000000004
0000000000000004 8506000000000000 0 00 00000000 0 0 0 0000000000000005
0000000000000005 8506000000000000 0 00 00000000 0 0 0 0000000000000006
0000000000000006 0122000813000000 0 00 00000000 5 0 0 0000000000000007
0000000000000007 02150000030e0000 0 00 00000000 5 0 1 000000000000000b
000000000000000b 010200040a000000 0 00 00000000 5 1 0 000000000000000c
000000000000000c 0215000003030000 0 00 00000000 5 1 1 0000000000000010
0000000000000010 00131e0000000400 1 1e 00000004 5 1 0 0000000000000011
0000000000000011 0023151500000100 1 15 00000001 5 1 0 0000000000000012
0000000000000012 00731e1e00000100 1 1e 00000003 5 1 0 0000000000000013
0000000000000013 0102001e1d000000 0 00 00000000 4 0 0 0000000000000014
0000000000000014 0215fffffc040000 0 00 00000000 4 0 1 0000000000000011
0000000000000011 0023151500000100 1 15 00000002 4 0 0 0000000000000012
0000000000000012 00731e1e00000100 1 1e 00000002 4 0 0 0000000000000013
0000000000000013 0102001e1d000000 0 00 00000000 4 0 0 0000000000000014
0000000000000014 0215fffffc040000 0 00 00000000 4 0 1 0000000000000011
0000000000000011 0023151500000100 1 15 00000003 4 0 0 0000000000000012
0000000000000012 00731e1e00000100 1 1e 00000001 4 0 0 0000000000000013
0000000000000013 0102001e1d000000 0 00 00000000 4 0 0 0000000000000014
0000000000000014 0215fffffc040000 0 00 00000000 4 0 1 0000000000000011
0000000000000011 0023151500000100 1 15 00000004 4 0 0 0000000000000012
0000000000000012 00731e1e00000100 1 1e 00000000 4 0 0 0000000000000013
0000000000000013 0102001e1d000000 0 00 00000000 5 1 0 0000000000000014
0000000000000014 0215fffffc040000 0 00 00000000 5 1 0 0000000000000015
0000000000000015 7cf5000000000000 0 00 00000000 5 1 0 0000000000000016
DONE retired=28 fault=00 pc=0000000000000015
