0000000000000000 0013140000004d00 1 14 0000004d 0 0 0 0000000000000001 55555555 f 55555555 0 00 55555555
0000000000000001 100005020600f000 0 00 00000000 0 0 0 0000000000000002 55555555 f 55555555 1 05 55555555
0000000000000002 340003050000f000 0 00 00000000 0 0 0 0000000000000003 55555555 f 55555555 1 03 55555555
0000000000000003 106102020021f000 0 00 00000000 0 0 0 0000000000000004 55555555 f 55555555 1 02 55555555
0000000000000004 106103030010f000 0 00 00000000 0 0 0 0000000000000005 55555555 f 55555555 1 03 55555555
0000000000000005 107104050010f000 0 00 00000000 0 0 0 0000000000000006 55555555 f 55555555 1 04 55555555
0000000000000006 00131500ffffff00 1 15 ffffffff 0 0 0 0000000000000007 55555555 f 55555555 0 00 55555555
0000000000000007 342006150000c000 0 00 00000000 0 0 0 0000000000000008 55555555 c 10540511 1 06 10540511
0000000000000008 341104000001f000 0 00 00000000 0 0 0 0000000000000009 55555555 f 55555555 1 04 55555555
0000000000000009 10710206003ff000 0 00 00000000 0 0 0 000000000000000a 55555555 f 55555555 1 02 55555555
000000000000000a 105005040600f000 0 00 00000000 0 0 0 000000000000000b 55555555 f 55555555 1 05 55555555
000000000000000b 106103020000f000 0 00 00000000 0 0 0 000000000000000c 55555555 f 55555555 1 03 55555555
000000000000000c 340002060000f000 0 00 00000000 0 0 0 000000000000000d 55555555 f 55555555 1 02 55555555
000000000000000d 00131e0000000200 1 1e 00000002 0 0 0 000000000000000e 55555555 f 55555555 0 00 55555555
000000000000000e 0023171700000100 1 17 00000001 0 0 0 000000000000000f 55555555 f 55555555 0 00 55555555
000000000000000f 00731e1e00000100 1 1e 00000001 0 0 0 0000000000000010 55555555 f 55555555 0 00 55555555
0000000000000010 0013180000000000 1 18 00000000 0 0 0 0000000000000011 55555555 f 55555555 0 00 55555555
0000000000000011 0102001e18000000 0 00 00000000 4 0 0 0000000000000012 55555555 f 55555555 0 00 55555555
0000000000000012 0215fffffb040000 0 00 00000000 4 0 1 000000000000000e 55555555 f 55555555 0 00 55555555
000000000000000e 0023171700000100 1 17 00000002 4 0 0 000000000000000f 55555555 f 55555555 0 00 55555555
000000000000000f 00731e1e00000100 1 1e 00000000 4 0 0 0000000000000010 55555555 f 55555555 0 00 55555555
0000000000000010 0013180000000000 1 18 00000000 4 0 0 0000000000000011 55555555 f 55555555 0 00 55555555
0000000000000011 0102001e18000000 0 00 00000000 5 1 0 0000000000000012 55555555 f 55555555 0 00 55555555
0000000000000012 0215fffffb040000 0 00 00000000 5 1 0 0000000000000013 55555555 f 55555555 0 00 55555555
0000000000000013 7cf5000000000000 0 00 00000000 5 1 0 0000000000000014 55555555 f 55555555 0 00 55555555
DONE retired=25 fault=00 pc=0000000000000013
