0000000000000000 00131d0000000000 1 1d 00000000 0 0 0 0000000000000001
0000000000000001 00a2040f04000000 1 04 00000000 0 0 0 0000000000000002
0000000000000002 8506000000000000 0 00 00000000 0 0 0 0000000000000003
0000000000000003 00230f11730cfb00 1 0f 00730cfb 0 0 0 0000000000000004
0000000000000004 0062130a0c000000 1 13 00000000 0 0 0 0000000000000005
0000000000000005 00130100aaaaaa00 1 01 ffaaaaaa 0 0 0 0000000000000006
0000000000000006 8506000000000000 0 00 00000000 0 0 0 0000000000000007
0000000000000007 8506000000000000 0 00 00000000 0 0 0 0000000000000008
0000000000000008 00920f1400000000 1 0f ffffffff 0 0 0 0000000000000009
0000000000000009 8506000000000000 0 00 00000000 0 0 0 000000000000000a
000000000000000a 00a3040a00000000 1 04 00000000 0 0 0 000000000000000b
000000000000000b 00230111ffffff00 1 01 ffffffff 0 0 0 000000000000000c
000000000000000c 8506000000000000 0 00 00000000 0 0 0 000000000000000d
000000000000000d 00130a00c1ea9300 1 0a ffc1ea93 0 0 0 000000000000000e
000000000000000e 0092140200000000 1 14 ffffffff 0 0 0 000000000000000f
000000000000000f 00130d00aaaaaa00 1 0d ffaaaaaa 0 0 0 0000000000000010
0000000000000010 005211080f000000 1 11 ffffffff 0 0 0 0000000000000011
0000000000000011 0063051400000300 1 05 fffffff8 0 0 0 0000000000000012
0000000000000012 0073021155555500 1 02 ffaaaaaa 0 0 0 0000000000000013
0000000000000013 8506000000000000 0 00 00000000 0 0 0 0000000000000014
0000000000000014 0112000409000000 0 00 00000000 5 0 0 0000000000000015
0000000000000015 0215000002040000 0 00 00000000 5 0 0 0000000000000016
0000000000000016 8506000000000000 0 00 00000000 5 0 0 0000000000000017
0000000000000017 8506000000000000 0 00 00000000 5 0 0 0000000000000018
0000000000000018 00131400ffffff00 1 14 ffffffff 5 0 0 0000000000000019
0000000000000019 0063110500000500 1 11 ffffff00 5 0 0 000000000000001a
000000000000001a 8506000000000000 0 00 00000000 5 0 0 000000000000001b
000000000000001b 8506000000000000 0 00 00000000 5 0 0 000000000000001c
000000000000001c 8506000000000000 0 00 00000000 5 0 0 000000000000001d
000000000000001d 0022060a0a000000 1 06 ff83d526 5 0 0 000000000000001e
000000000000001e 00730803643e4200 1 08 ff9bc1be 5 0 0 000000000000001f
000000000000001f 001304000f5db300 1 04 000f5db3 5 0 0 0000000000000020
0000000000000020 00131e0000000300 1 1e 00000003 5 0 0 0000000000000021
0000000000000021 0023151500000100 1 15 00000001 5 0 0 0000000000000022
0000000000000022 00731e1e00000100 1 1e 00000002 5 0 0 0000000000000023
0000000000000023 0102001e1d000000 0 00 00000000 4 0 0 0000000000000024
0000000000000024 0215fffffc040000 0 00 00000000 4 0 1 0000000000000021
0000000000000021 0023151500000100 1 15 00000002 4 0 0 0000000000000022
0000000000000022 00731e1e00000100 1 1e 00000001 4 0 0 0000000000000023
0000000000000023 0102001e1d000000 0 00 00000000 4 0 0 0000000000000024
0000000000000024 0215fffffc040000 0 00 00000000 4 0 1 0000000000000021
0000000000000021 0023151500000100 1 15 00000003 4 0 0 0000000000000022
0000000000000022 00731e1e00000100 1 1e 00000000 4 0 0 0000000000000023
0000000000000023 0102001e1d000000 0 00 00000000 5 1 0 0000000000000024
0000000000000024 0215fffffc040000 0 00 00000000 5 1 0 0000000000000025
0000000000000025 7cf5000000000000 0 00 00000000 5 1 0 0000000000000026
DONE retired=46 fault=00 pc=0000000000000025
