0000000000000000 343001000000f000 0 00 00000000 0 0 0 0 0 0 0000000000000001 ffffffff f ffffffff 1 01
0000000000000001 341107000001f000 0 00 00000000 0 0 0 0 0 0 0000000000000002 ffffffff f ffffffff 1 07
0000000000000002 34110c000003f000 0 00 00000000 0 0 0 0 0 0 0000000000000003 ffffffff f ffffffff 1 0c
0000000000000003 3009b01070000000 0 00 00000000 0 0 0 0 0 0 0000000000000004 ffffffff f ffffffff 0 00
0000000000000004 7c15000002b00050 0 00 00000000 0 0 0 0 0 0 0000000000000005 00000002 f 00000002 0 00
0000000000000005 110003040c00f000 0 00 00000000 0 0 0 0 0 0 0000000000000006 00000002 f 00000002 1 03
0000000000000006 020500004e000000 0 00 00000000 0 0 0 0 0 1 0000000000000055 00000002 f 00000002 0 00
0000000000000055 7c25000000000000 0 00 00000000 0 0 0 0 0 0 0000000000000007 fffffffd f fffffffd 0 00
0000000000000007 30092030c0000000 0 00 00000000 0 0 0 0 0 0 0000000000000008 fffffffd f fffffffd 0 00
0000000000000008 7c1500003d20004b 0 00 00000000 0 0 0 0 0 0 0000000000000046 fffffffd f fffffffd 0 00
0000000000000046 34110d000003f000 0 00 00000000 0 0 0 0 0 0 0000000000000047 fffffffd f fffffffd 1 0d
0000000000000047 10300c010d00f000 0 00 00000000 0 0 0 0 0 0 0000000000000048 fffffffd f fffffffd 1 0c
0000000000000048 10000c0c0700f000 0 00 00000000 0 0 0 0 0 0 0000000000000049 fffffffd f fffffffd 1 0c
0000000000000049 34110a000000f000 0 00 00000000 0 0 0 0 0 0 000000000000004a fffffffd f fffffffd 1 0a
000000000000004a 7c85000007000000 0 00 00000000 0 0 0 0 0 0 000000000000004b fffffffd f fffffffd 0 00
000000000000004b 3059e0a0c0000000 0 00 00000000 0 0 0 0 0 0 000000000000004c fffffffd f fffffffd 0 00
000000000000004c 3029d0a0c0000000 0 00 00000000 0 0 0 0 0 0 000000000000004d fffffffd f fffffffd 0 00
000000000000004d 305910b070000000 0 00 00000000 0 0 0 0 0 0 000000000000004e fffffffd f fffffffd 0 00
000000000000004e 7c15000000100001 0 00 00000000 0 0 0 0 0 0 000000000000004f fffffffd f fffffffd 0 00
000000000000004f 34110500000ff000 0 00 00000000 0 0 0 0 0 0 0000000000000050 fffffffd f fffffffd 1 05
0000000000000050 7c25000000000000 0 00 00000000 0 0 0 0 0 0 0000000000000051 fffffffd f fffffffd 0 00
0000000000000051 10000a0a0700f000 0 00 00000000 0 0 0 0 0 0 0000000000000052 fffffffd f fffffffd 1 0a
0000000000000052 7c95fffff8d00000 0 00 00000000 0 0 0 0 0 0 000000000000004b fffffffd f fffffffd 0 00
000000000000004b 3059e0a0c0000000 0 00 00000000 0 0 0 0 0 0 000000000000004c fffffffd f fffffffd 0 00
000000000000004c 3029d0a0c0000000 0 00 00000000 0 0 0 0 0 0 000000000000004d fffffffd f fffffffd 0 00
000000000000004d 305910b070000000 0 00 00000000 0 0 0 0 0 0 000000000000004e fffffffd f fffffffd 0 00
000000000000004e 7c15000000100001 0 00 00000000 0 0 0 0 0 0 000000000000004f fffffffd f fffffffd 0 00
000000000000004f 34110500000ff000 0 00 00000000 0 0 0 0 0 0 0000000000000050 fffffffd f fffffffd 1 05
0000000000000050 7c25000000000000 0 00 00000000 0 0 0 0 0 0 0000000000000051 fffffffd f fffffffd 0 00
0000000000000051 10000a0a0700f000 0 00 00000000 0 0 0 0 0 0 0000000000000052 fffffffd f fffffffd 1 0a
0000000000000052 7c95fffff8d00000 0 00 00000000 0 0 0 0 0 0 000000000000004b eeeeeeec f eeeeeeec 0 00
000000000000004b 3059e0a0c0000000 0 00 00000000 0 0 0 0 0 0 000000000000004c eeeeeeec f eeeeeeec 0 00
000000000000004c 3029d0a0c0000000 0 00 00000000 0 0 0 0 0 0 000000000000004d eeeeeeec f eeeeeeec 0 00
000000000000004d 305910b070000000 0 00 00000000 0 0 0 0 0 0 000000000000004e eeeeeeec f eeeeeeec 0 00
000000000000004e 7c15000000100001 0 00 00000000 0 0 0 0 0 0 000000000000004f eeeeeeec f eeeeeeec 0 00
000000000000004f 34110500000ff000 0 00 00000000 0 0 0 0 0 0 0000000000000050 eeeeeeec f eeeeeeec 1 05
0000000000000050 7c25000000000000 0 00 00000000 0 0 0 0 0 0 0000000000000051 eeeeeeec f eeeeeeec 0 00
0000000000000051 10000a0a0700f000 0 00 00000000 0 0 0 0 0 0 0000000000000052 eeeeeeec f eeeeeeec 1 0a
0000000000000052 7c95fffff8d00000 0 00 00000000 0 0 0 0 0 0 000000000000004b cccccccc f cccccccc 0 00
000000000000004b 3059e0a0c0000000 0 00 00000000 0 0 0 0 0 0 000000000000004c cccccccc f cccccccc 0 00
000000000000004c 3029d0a0c0000000 0 00 00000000 0 0 0 0 0 0 000000000000004d cccccccc f cccccccc 0 00
000000000000004d 305910b070000000 0 00 00000000 0 0 0 0 0 0 000000000000004e cccccccc f cccccccc 0 00
000000000000004e 7c15000000100001 0 00 00000000 0 0 0 0 0 0 000000000000004f cccccccc f cccccccc 0 00
000000000000004f 34110500000ff000 0 00 00000000 0 0 0 0 0 0 0000000000000050 cccccccc f cccccccc 1 05
0000000000000050 7c25000000000000 0 00 00000000 0 0 0 0 0 0 0000000000000051 cccccccc f cccccccc 0 00
0000000000000051 10000a0a0700f000 0 00 00000000 0 0 0 0 0 0 0000000000000052 cccccccc f cccccccc 1 0a
0000000000000052 7c95fffff8d00000 0 00 00000000 0 0 0 0 0 0 000000000000004b 88888888 f 88888888 0 00
000000000000004b 3059e0a0c0000000 0 00 00000000 0 0 0 0 0 0 000000000000004c 88888888 f 88888888 0 00
000000000000004c 3029d0a0c0000000 0 00 00000000 0 0 0 0 0 0 000000000000004d 88888888 f 88888888 0 00
000000000000004d 305910b070000000 0 00 00000000 0 0 0 0 0 0 000000000000004e 88888888 f 88888888 0 00
000000000000004e 7c15000000100001 0 00 00000000 0 0 0 0 0 0 000000000000004f 88888888 f 88888888 0 00
000000000000004f 34110500000ff000 0 00 00000000 0 0 0 0 0 0 0000000000000050 88888888 f 88888888 1 05
0000000000000050 7c25000000000000 0 00 00000000 0 0 0 0 0 0 0000000000000051 88888888 f 88888888 0 00
0000000000000051 10000a0a0700f000 0 00 00000000 0 0 0 0 0 0 0000000000000052 88888888 f 88888888 1 0a
0000000000000052 7c95fffff8d00000 0 00 00000000 0 0 0 0 0 0 0000000000000053 fffffffd f fffffffd 0 00
0000000000000053 103004010c00f000 0 00 00000000 0 0 0 0 0 0 0000000000000054 fffffffd f fffffffd 1 04
0000000000000054 7c25000000000000 0 00 00000000 0 0 0 0 0 0 0000000000000055 fffffffd f fffffffd 0 00
0000000000000055 7c25000000000000 0 00 00000000 0 0 0 0 0 0 0000000000000056 ffffffff f ffffffff 0 00
0000000000000056 34110d000003f000 0 00 00000000 0 0 0 0 0 0 0000000000000057 ffffffff f ffffffff 1 0d
0000000000000057 10300c010d00f000 0 00 00000000 0 0 0 0 0 0 0000000000000058 ffffffff f ffffffff 1 0c
0000000000000058 10000c0c0700f000 0 00 00000000 0 0 0 0 0 0 0000000000000059 ffffffff f ffffffff 1 0c
0000000000000059 34110a000000f000 0 00 00000000 0 0 0 0 0 0 000000000000005a ffffffff f ffffffff 1 0a
000000000000005a 7c85000008000000 0 00 00000000 0 0 0 0 0 0 000000000000005b ffffffff f ffffffff 0 00
000000000000005b 3059e0a0c0000000 0 00 00000000 0 0 0 0 0 0 000000000000005c ffffffff f ffffffff 0 00
000000000000005c 3029d0a0c0000000 0 00 00000000 0 0 0 0 0 0 000000000000005d ffffffff f ffffffff 0 00
000000000000005d 3039201070000000 0 00 00000000 0 0 0 0 0 0 000000000000005e ffffffff f ffffffff 0 00
000000000000005e 7c15000000200001 0 00 00000000 0 0 0 0 0 0 000000000000005f 00000003 f 00000003 0 00
000000000000005f 341103000009f000 0 00 00000000 0 0 0 0 0 0 0000000000000060 00000003 f 00000003 1 03
0000000000000060 7c25000000000000 0 00 00000000 0 0 0 0 0 0 000000000000005f fffffffc f fffffffc 0 00
000000000000005f 341103000009f000 0 00 00000000 0 0 0 0 0 0 0000000000000060 fffffffc f fffffffc 1 03
0000000000000060 7c25000000000000 0 00 00000000 0 0 0 0 0 0 0000000000000061 ffffffff f ffffffff 0 00
0000000000000061 7cb5000000e00000 0 00 00000000 0 0 0 0 0 0 0000000000000062 ffffffff f ffffffff 0 00
0000000000000062 10000a0a0700f000 0 00 00000000 0 0 0 0 0 0 0000000000000063 ffffffff f ffffffff 1 0a
0000000000000063 7c95fffff7d00000 0 00 00000000 0 0 0 0 0 0 000000000000005b ffffffff f ffffffff 0 00
000000000000005b 3059e0a0c0000000 0 00 00000000 0 0 0 0 0 0 000000000000005c ffffffff f ffffffff 0 00
000000000000005c 3029d0a0c0000000 0 00 00000000 0 0 0 0 0 0 000000000000005d ffffffff f ffffffff 0 00
000000000000005d 3039201070000000 0 00 00000000 0 0 0 0 0 0 000000000000005e ffffffff f ffffffff 0 00
000000000000005e 7c15000000200001 0 00 00000000 0 0 0 0 0 0 000000000000005f 00000003 f 00000003 0 00
000000000000005f 341103000009f000 0 00 00000000 0 0 0 0 0 0 0000000000000060 00000003 f 00000003 1 03
0000000000000060 7c25000000000000 0 00 00000000 0 0 0 0 0 0 000000000000005f fffffffc f fffffffc 0 00
000000000000005f 341103000009f000 0 00 00000000 0 0 0 0 0 0 0000000000000060 fffffffc f fffffffc 1 03
0000000000000060 7c25000000000000 0 00 00000000 0 0 0 0 0 0 0000000000000061 ffffffff f ffffffff 0 00
0000000000000061 7cb5000000e00000 0 00 00000000 0 0 0 0 0 0 0000000000000062 eeeeeeee f eeeeeeee 0 00
0000000000000062 10000a0a0700f000 0 00 00000000 0 0 0 0 0 0 0000000000000063 eeeeeeee f eeeeeeee 1 0a
0000000000000063 7c95fffff7d00000 0 00 00000000 0 0 0 0 0 0 000000000000005b eeeeeeee f eeeeeeee 0 00
000000000000005b 3059e0a0c0000000 0 00 00000000 0 0 0 0 0 0 000000000000005c eeeeeeee f eeeeeeee 0 00
000000000000005c 3029d0a0c0000000 0 00 00000000 0 0 0 0 0 0 000000000000005d eeeeeeee f eeeeeeee 0 00
000000000000005d 3039201070000000 0 00 00000000 0 0 0 0 0 0 000000000000005e eeeeeeee f eeeeeeee 0 00
000000000000005e 7c15000000200001 0 00 00000000 0 0 0 0 0 0 000000000000005f 00000002 f 00000002 0 00
000000000000005f 341103000009f000 0 00 00000000 0 0 0 0 0 0 0000000000000060 00000002 f 00000002 1 03
0000000000000060 7c25000000000000 0 00 00000000 0 0 0 0 0 0 000000000000005f eeeeeeec f eeeeeeec 0 00
000000000000005f 341103000009f000 0 00 00000000 0 0 0 0 0 0 0000000000000060 eeeeeeec f eeeeeeec 1 03
0000000000000060 7c25000000000000 0 00 00000000 0 0 0 0 0 0 0000000000000061 eeeeeeee f eeeeeeee 0 00
0000000000000061 7cb5000000e00000 0 00 00000000 0 0 0 0 0 0 0000000000000062 cccccccc f cccccccc 0 00
0000000000000062 10000a0a0700f000 0 00 00000000 0 0 0 0 0 0 0000000000000063 cccccccc f cccccccc 1 0a
0000000000000063 7c95fffff7d00000 0 00 00000000 0 0 0 0 0 0 000000000000005b cccccccc f cccccccc 0 00
000000000000005b 3059e0a0c0000000 0 00 00000000 0 0 0 0 0 0 000000000000005c cccccccc f cccccccc 0 00
000000000000005c 3029d0a0c0000000 0 00 00000000 0 0 0 0 0 0 000000000000005d cccccccc f cccccccc 0 00
000000000000005d 3039201070000000 0 00 00000000 0 0 0 0 0 0 000000000000005e cccccccc f cccccccc 0 00
000000000000005e 7c15000000200001 0 00 00000000 0 0 0 0 0 0 000000000000005f cccccccc f cccccccc 0 00
000000000000005f 341103000009f000 0 00 00000000 0 0 0 0 0 0 0000000000000060 cccccccc f cccccccc 1 03
0000000000000060 7c25000000000000 0 00 00000000 0 0 0 0 0 0 0000000000000061 cccccccc f cccccccc 0 00
0000000000000061 7cb5000000e00000 0 00 00000000 0 0 0 0 0 0 0000000000000062 88888888 f 88888888 0 00
0000000000000062 10000a0a0700f000 0 00 00000000 0 0 0 0 0 0 0000000000000063 88888888 f 88888888 1 0a
0000000000000063 7c95fffff7d00000 0 00 00000000 0 0 0 0 0 0 000000000000005b 88888888 f 88888888 0 00
000000000000005b 3059e0a0c0000000 0 00 00000000 0 0 0 0 0 0 000000000000005c 88888888 f 88888888 0 00
000000000000005c 3029d0a0c0000000 0 00 00000000 0 0 0 0 0 0 000000000000005d 88888888 f 88888888 0 00
000000000000005d 3039201070000000 0 00 00000000 0 0 0 0 0 0 000000000000005e 88888888 f 88888888 0 00
000000000000005e 7c15000000200001 0 00 00000000 0 0 0 0 0 0 000000000000005f 88888888 f 88888888 0 00
000000000000005f 341103000009f000 0 00 00000000 0 0 0 0 0 0 0000000000000060 88888888 f 88888888 1 03
0000000000000060 7c25000000000000 0 00 00000000 0 0 0 0 0 0 0000000000000061 88888888 f 88888888 0 00
0000000000000063 7cb5000000e00000 0 00 00000000 0 0 0 0 0 0 0000000000000062 00000000 f 00000000 0 00
0000000000000063 7c95fffff7d00000 0 00 00000000 0 0 0 0 0 0 0000000000000064 ffffffff f ffffffff 0 00
0000000000000064 7cf5000000000000 0 00 00000000 0 0 0 0 0 0 0000000000000065 ffffffff f ffffffff 0 00
