0000000000000000 343001000000f000 0 00 00000000 0 0 0 0 0 0 0000000000000001 ffffffff f ffffffff 1 01
0000000000000001 341107000001f000 0 00 00000000 0 0 0 0 0 0 0000000000000002 ffffffff f ffffffff 1 07
0000000000000002 34110c000003f000 0 00 00000000 0 0 0 0 0 0 0000000000000003 ffffffff f ffffffff 1 0c
0000000000000003 10100c050100f000 0 00 00000000 0 0 0 0 0 0 0000000000000004 ffffffff f ffffffff 1 0c
0000000000000004 341104000008f000 0 00 00000000 0 0 0 0 0 0 0000000000000005 ffffffff f ffffffff 1 04
0000000000000005 30294010c0000000 0 00 00000000 0 0 0 0 0 0 0000000000000006 ffffffff f ffffffff 0 00
0000000000000006 7c1500002440005a 0 00 00000000 0 0 0 0 0 0 000000000000002b ffffffff f ffffffff 0 00
000000000000002b 3039c03070000000 0 00 00000000 0 0 0 0 0 0 000000000000002c ffffffff f ffffffff 0 00
000000000000002c 7c1500001cc00033 0 00 00000000 0 0 0 0 0 0 000000000000002d ffffffff f ffffffff 0 00
000000000000002d 34110d000001f000 0 00 00000000 0 0 0 0 0 0 000000000000002e ffffffff f ffffffff 1 0d
000000000000002e 10300c010d00f000 0 00 00000000 0 0 0 0 0 0 000000000000002f ffffffff f ffffffff 1 0c
000000000000002f 10000c0c0700f000 0 00 00000000 0 0 0 0 0 0 0000000000000030 ffffffff f ffffffff 1 0c
0000000000000030 34110a000000f000 0 00 00000000 0 0 0 0 0 0 0000000000000031 ffffffff f ffffffff 1 0a
0000000000000031 7c85000007000000 0 00 00000000 0 0 0 0 0 0 0000000000000032 ffffffff f ffffffff 0 00
0000000000000032 3059e0a0c0000000 0 00 00000000 0 0 0 0 0 0 0000000000000033 ffffffff f ffffffff 0 00
0000000000000033 3029d0a0c0000000 0 00 00000000 0 0 0 0 0 0 0000000000000034 ffffffff f ffffffff 0 00
0000000000000034 3029b0b070000000 0 00 00000000 0 0 0 0 0 0 0000000000000035 ffffffff f ffffffff 0 00
0000000000000035 7c15000000b00001 0 00 00000000 0 0 0 0 0 0 0000000000000036 ffffffff f ffffffff 0 00
0000000000000036 110003030500f000 0 00 00000000 0 0 0 0 0 0 0000000000000037 ffffffff f ffffffff 1 03
0000000000000037 7c25000000000000 0 00 00000000 0 0 0 0 0 0 0000000000000038 ffffffff f ffffffff 0 00
0000000000000038 10000a0a0700f000 0 00 00000000 0 0 0 0 0 0 0000000000000039 ffffffff f ffffffff 1 0a
0000000000000039 7c95fffff8d00000 0 00 00000000 0 0 0 0 0 0 0000000000000032 ffffffff f ffffffff 0 00
0000000000000032 3059e0a0c0000000 0 00 00000000 0 0 0 0 0 0 0000000000000033 ffffffff f ffffffff 0 00
0000000000000033 3029d0a0c0000000 0 00 00000000 0 0 0 0 0 0 0000000000000034 ffffffff f ffffffff 0 00
0000000000000034 3029b0b070000000 0 00 00000000 0 0 0 0 0 0 0000000000000035 ffffffff f ffffffff 0 00
0000000000000035 7c15000000b00001 0 00 00000000 0 0 0 0 0 0 0000000000000036 ffffffff f ffffffff 0 00
0000000000000036 110003030500f000 0 00 00000000 0 0 0 0 0 0 0000000000000037 ffffffff f ffffffff 1 03
0000000000000037 7c25000000000000 0 00 00000000 0 0 0 0 0 0 0000000000000038 ffffffff f ffffffff 0 00
0000000000000038 10000a0a0700f000 0 00 00000000 0 0 0 0 0 0 0000000000000039 ffffffff f ffffffff 1 0a
0000000000000039 7c95fffff8d00000 0 00 00000000 0 0 0 0 0 0 0000000000000032 aaaaaaaa f aaaaaaaa 0 00
0000000000000032 3059e0a0c0000000 0 00 00000000 0 0 0 0 0 0 0000000000000033 aaaaaaaa f aaaaaaaa 0 00
0000000000000033 3029d0a0c0000000 0 00 00000000 0 0 0 0 0 0 0000000000000034 aaaaaaaa f aaaaaaaa 0 00
0000000000000034 3029b0b070000000 0 00 00000000 0 0 0 0 0 0 0000000000000035 aaaaaaaa f aaaaaaaa 0 00
0000000000000035 7c15000000b00001 0 00 00000000 0 0 0 0 0 0 0000000000000036 aaaaaaaa f aaaaaaaa 0 00
0000000000000036 110003030500f000 0 00 00000000 0 0 0 0 0 0 0000000000000037 aaaaaaaa f aaaaaaaa 1 03
0000000000000037 7c25000000000000 0 00 00000000 0 0 0 0 0 0 0000000000000038 aaaaaaaa f aaaaaaaa 0 00
0000000000000038 10000a0a0700f000 0 00 00000000 0 0 0 0 0 0 0000000000000039 aaaaaaaa f aaaaaaaa 1 0a
0000000000000039 7c95fffff8d00000 0 00 00000000 0 0 0 0 0 0 000000000000003a ffffffff f ffffffff 0 00
000000000000003a 34110d000000f000 0 00 00000000 0 0 0 0 0 0 000000000000003b ffffffff f ffffffff 1 0d
000000000000003b 10300c010d00f000 0 00 00000000 0 0 0 0 0 0 000000000000003c ffffffff f ffffffff 1 0c
000000000000003c 10000c0c0700f000 0 00 00000000 0 0 0 0 0 0 000000000000003d ffffffff f ffffffff 1 0c
000000000000003d 34110a000000f000 0 00 00000000 0 0 0 0 0 0 000000000000003e ffffffff f ffffffff 1 0a
000000000000003e 7c85000008000000 0 00 00000000 0 0 0 0 0 0 000000000000003f ffffffff f ffffffff 0 00
000000000000003f 3059e0a0c0000000 0 00 00000000 0 0 0 0 0 0 0000000000000040 ffffffff f ffffffff 0 00
0000000000000040 3029d0a0c0000000 0 00 00000000 0 0 0 0 0 0 0000000000000041 ffffffff f ffffffff 0 00
0000000000000041 301910b070000000 0 00 00000000 0 0 0 0 0 0 0000000000000042 ffffffff f ffffffff 0 00
0000000000000042 7c15000000100001 0 00 00000000 0 0 0 0 0 0 0000000000000043 ffffffff f ffffffff 0 00
0000000000000043 111005010c00f000 0 00 00000000 0 0 0 0 0 0 0000000000000044 ffffffff f ffffffff 1 05
0000000000000044 7c25000000000000 0 00 00000000 0 0 0 0 0 0 0000000000000045 ffffffff f ffffffff 0 00
0000000000000045 7cb5000000e00000 0 00 00000000 0 0 0 0 0 0 0000000000000046 ffffffff f ffffffff 0 00
0000000000000046 10000a0a0700f000 0 00 00000000 0 0 0 0 0 0 0000000000000047 ffffffff f ffffffff 1 0a
0000000000000047 7c95fffff7d00000 0 00 00000000 0 0 0 0 0 0 000000000000003f ffffffff f ffffffff 0 00
000000000000003f 3059e0a0c0000000 0 00 00000000 0 0 0 0 0 0 0000000000000040 ffffffff f ffffffff 0 00
0000000000000040 3029d0a0c0000000 0 00 00000000 0 0 0 0 0 0 0000000000000041 ffffffff f ffffffff 0 00
0000000000000041 301910b070000000 0 00 00000000 0 0 0 0 0 0 0000000000000042 ffffffff f ffffffff 0 00
0000000000000042 7c15000000100001 0 00 00000000 0 0 0 0 0 0 0000000000000043 ffffffff f ffffffff 0 00
0000000000000043 111005010c00f000 0 00 00000000 0 0 0 0 0 0 0000000000000044 ffffffff f ffffffff 1 05
0000000000000044 7c25000000000000 0 00 00000000 0 0 0 0 0 0 0000000000000045 ffffffff f ffffffff 0 00
0000000000000047 7cb5000000e00000 0 00 00000000 0 0 0 0 0 0 0000000000000046 00000000 f 00000000 0 00
0000000000000047 7c95fffff7d00000 0 00 00000000 0 0 0 0 0 0 0000000000000048 ffffffff f ffffffff 0 00
0000000000000048 0205000017000000 0 00 00000000 0 0 0 0 0 1 0000000000000060 ffffffff f ffffffff 0 00
0000000000000060 7c25000000000000 0 00 00000000 0 0 0 0 0 0 0000000000000061 ffffffff f ffffffff 0 00
0000000000000061 7c25000000000000 0 00 00000000 0 0 0 0 0 0 0000000000000062 ffffffff f ffffffff 0 00
0000000000000062 7cf5000000000000 0 00 00000000 0 0 0 0 0 0 0000000000000063 ffffffff f ffffffff 0 00
