0000000000000000 00131d0000000000 1 1d 00000000 0 0 0 0000000000000001
0000000000000001 00a3140d00001c00 1 14 00000000 0 0 0 0000000000000002
0000000000000002 00a2010214000000 1 01 00000000 0 0 0 0000000000000003
0000000000000003 8506000000000000 0 00 00000000 0 0 0 0000000000000004
0000000000000004 00130b00ed9d6e00 1 0b ffed9d6e 0 0 0 0000000000000005
0000000000000005 00a3060100001400 1 06 00000000 0 0 0 0000000000000006
0000000000000006 0092091000000000 1 09 ffffffff 0 0 0 0000000000000007
0000000000000007 0306000000000700 1 07 00000000 0 0 0 0000000000000008
0000000000000008 00a3090d00000600 1 09 00000000 0 0 0 0000000000000009
0000000000000009 0092050f00000000 1 05 ffffffff 0 0 0 000000000000000a
000000000000000a 00130500aff6c300 1 05 ffaff6c3 0 0 0 000000000000000b
000000000000000b 0073100200000100 1 10 ffffffff 0 0 0 000000000000000c
000000000000000c 8506000000000000 0 00 00000000 0 0 0 000000000000000d
000000000000000d 0306000000000700 1 07 00000000 0 0 0 000000000000000e
000000000000000e 8506000000000000 0 00 00000000 0 0 0 000000000000000f
000000000000000f 8506000000000000 0 00 00000000 0 0 0 0000000000000010
0000000000000010 00b20e1009000000 1 0e ffffffff 0 0 0 0000000000000011
0000000000000011 00a20a1406000000 1 0a 00000000 0 0 0 0000000000000012
0000000000000012 0112000610000000 0 00 00000000 0 0 0 0000000000000013
0000000000000013 0215000001020000 0 00 00000000 0 0 1 0000000000000015
0000000000000015 0042050214000000 1 05 00000000 0 0 0 0000000000000016
0000000000000016 00230a08aceac700 1 0a ffaceac7 0 0 0 0000000000000017
0000000000000017 8506000000000000 0 00 00000000 0 0 0 0000000000000018
0000000000000018 0122000608000000 0 00 00000000 5 0 0 0000000000000019
0000000000000019 0215000003040000 0 00 00000000 5 0 0 000000000000001a
000000000000001a 8506000000000000 0 00 00000000 5 0 0 000000000000001b
000000000000001b 8506000000000000 0 00 00000000 5 0 0 000000000000001c
000000000000001c 8506000000000000 0 00 00000000 5 0 0 000000000000001d
000000000000001d 0122001407000000 0 00 00000000 5 0 0 000000000000001e
000000000000001e 0215000002040000 0 00 00000000 5 0 0 000000000000001f
000000000000001f 8506000000000000 0 00 00000000 5 0 0 0000000000000020
0000000000000020 8506000000000000 0 00 00000000 5 0 0 0000000000000021
0000000000000021 00920d0100000000 1 0d ffffffff 5 0 0 0000000000000022
0000000000000022 8506000000000000 0 00 00000000 5 0 0 0000000000000023
0000000000000023 010200050d000000 0 00 00000000 0 0 0 0000000000000024
0000000000000024 02150000030e0000 0 00 00000000 0 0 0 0000000000000025
0000000000000025 8506000000000000 0 00 00000000 0 0 0 0000000000000026
0000000000000026 8506000000000000 0 00 00000000 0 0 0 0000000000000027
0000000000000027 8506000000000000 0 00 00000000 0 0 0 0000000000000028
0000000000000028 8506000000000000 0 00 00000000 0 0 0 0000000000000029
0000000000000029 8506000000000000 0 00 00000000 0 0 0 000000000000002a
000000000000002a 8506000000000000 0 00 00000000 0 0 0 000000000000002b
000000000000002b 00130e006017f600 1 0e 006017f6 0 0 0 000000000000002c
000000000000002c 00130200329b1000 1 02 00329b10 0 0 0 000000000000002d
000000000000002d 0306000000000200 1 02 00000000 0 0 0 000000000000002e
000000000000002e 8506000000000000 0 00 00000000 0 0 0 000000000000002f
000000000000002f 006211080f000000 1 11 00000000 0 0 0 0000000000000030
0000000000000030 00131e0000000200 1 1e 00000002 0 0 0 0000000000000031
0000000000000031 0023151500000100 1 15 00000001 0 0 0 0000000000000032
0000000000000032 00731e1e00000100 1 1e 00000001 0 0 0 0000000000000033
0000000000000033 0102001e1d000000 0 00 00000000 4 0 0 0000000000000034
0000000000000034 0215fffffc040000 0 00 00000000 4 0 1 0000000000000031
0000000000000031 0023151500000100 1 15 00000002 4 0 0 0000000000000032
0000000000000032 00731e1e00000100 1 1e 00000000 4 0 0 0000000000000033
0000000000000033 0102001e1d000000 0 00 00000000 5 1 0 0000000000000034
0000000000000034 0215fffffc040000 0 00 00000000 5 1 0 0000000000000035
0000000000000035 7cf5000000000000 0 00 00000000 5 1 0 0000000000000036
DONE retired=57 fault=00 pc=0000000000000035
