0000000000000000 0013140000004d00 1 14 0000004d 0 0 0 0000000000000001 f2d7d40f f f2d7d40f 0 00 f2d7d40f
0000000000000001 34110200222dd000 0 00 00000000 0 0 0 0000000000000002 f2d7d40f d 20038403 1 02 20038403
0000000000000002 00131600aaaaaa00 1 16 ffaaaaaa 0 0 0 0000000000000003 f2d7d40f f f2d7d40f 0 00 f2d7d40f
0000000000000003 342003160000f000 0 00 00000000 0 0 0 0000000000000004 f2d7d40f f f2d7d40f 1 03 f2d7d40f
0000000000000004 108106030017f000 0 00 00000000 0 0 0 0000000000000005 f2d7d40f f f2d7d40f 1 06 f2d7d40f
0000000000000005 101103067ffff000 0 00 00000000 0 0 0 0000000000000006 f2d7d40f f f2d7d40f 1 03 f2d7d40f
0000000000000006 0013160000000100 1 16 00000001 0 0 0 0000000000000007 f2d7d40f f f2d7d40f 0 00 f2d7d40f
0000000000000007 342002160000f000 0 00 00000000 0 0 0 0000000000000008 f2d7d40f f f2d7d40f 1 02 f2d7d40f
0000000000000008 10810402000ff000 0 00 00000000 0 0 0 0000000000000009 f2d7d40f f f2d7d40f 1 04 f2d7d40f
0000000000000009 107104050021f000 0 00 00000000 0 0 0 000000000000000a f2d7d40f f f2d7d40f 1 04 f2d7d40f
000000000000000a 1010040304004000 0 00 00000000 0 0 0 000000000000000b f2d7d40f 4 f2d7d40f 1 04 f2d7d40f
000000000000000b 340005040000f000 0 00 00000000 0 0 0 000000000000000c f2d7d40f f f2d7d40f 1 05 f2d7d40f
000000000000000c 0013160000000000 1 16 00000000 0 0 0 000000000000000d f2d7d40f f f2d7d40f 0 00 f2d7d40f
000000000000000d 342005160000f000 0 00 00000000 0 0 0 000000000000000e f2d7d40f f f2d7d40f 1 05 f2d7d40f
000000000000000e 108106050001f000 0 00 00000000 0 0 0 000000000000000f f2d7d40f f f2d7d40f 1 06 f2d7d40f
000000000000000f 107102050020f000 0 00 00000000 0 0 0 0000000000000010 f2d7d40f f f2d7d40f 1 02 f2d7d40f
0000000000000010 340004030000f000 0 00 00000000 0 0 0 0000000000000011 f2d7d40f f f2d7d40f 1 04 f2d7d40f
0000000000000011 341106007ffff000 0 00 00000000 0 0 0 0000000000000012 f2d7d40f f f2d7d40f 1 06 f2d7d40f
0000000000000012 00131600aaaaaa00 1 16 ffaaaaaa 0 0 0 0000000000000013 f2d7d40f f f2d7d40f 0 00 f2d7d40f
0000000000000013 342004160000f000 0 00 00000000 0 0 0 0000000000000014 f2d7d40f f f2d7d40f 1 04 f2d7d40f
0000000000000014 10810304000df000 0 00 00000000 0 0 0 0000000000000015 f2d7d40f f f2d7d40f 1 03 f2d7d40f
0000000000000015 0013150000000000 1 15 00000000 0 0 0 0000000000000016 f2d7d40f f f2d7d40f 0 00 f2d7d40f
0000000000000016 342003150000f000 0 00 00000000 0 0 0 0000000000000017 f2d7d40f f f2d7d40f 1 03 f2d7d40f
0000000000000017 106106060024f000 0 00 00000000 0 0 0 0000000000000018 f2d7d40f f f2d7d40f 1 06 f2d7d40f
0000000000000018 340003020000f000 0 00 00000000 0 0 0 0000000000000019 f2d7d40f f f2d7d40f 1 03 f2d7d40f
0000000000000019 100004040200f000 0 00 00000000 0 0 0 000000000000001a f2d7d40f f f2d7d40f 1 04 f2d7d40f
000000000000001a 00131e0000000100 1 1e 00000001 0 0 0 000000000000001b f2d7d40f f f2d7d40f 0 00 f2d7d40f
000000000000001b 0023171700000100 1 17 00000001 0 0 0 000000000000001c f2d7d40f f f2d7d40f 0 00 f2d7d40f
000000000000001c 00731e1e00000100 1 1e 00000000 0 0 0 000000000000001d f2d7d40f f f2d7d40f 0 00 f2d7d40f
000000000000001d 0013180000000000 1 18 00000000 0 0 0 000000000000001e f2d7d40f f f2d7d40f 0 00 f2d7d40f
000000000000001e 0102001e18000000 0 00 00000000 5 1 0 000000000000001f f2d7d40f f f2d7d40f 0 00 f2d7d40f
000000000000001f 0215fffffb040000 0 00 00000000 5 1 0 0000000000000020 f2d7d40f f f2d7d40f 0 00 f2d7d40f
0000000000000020 7cf5000000000000 0 00 00000000 5 1 0 0000000000000021 f2d7d40f f f2d7d40f 0 00 f2d7d40f
DONE retired=33 fault=00 pc=0000000000000020
