0000000000000000 0013140000004d00 1 14 0000004d 0 0 0 0000000000000001 aaaaaaaa f aaaaaaaa 0 00 aaaaaaaa
0000000000000001 340003030000f000 0 00 00000000 0 0 0 0000000000000002 aaaaaaaa f aaaaaaaa 1 03 aaaaaaaa
0000000000000002 10010306fffff000 0 00 00000000 0 0 0 0000000000000003 aaaaaaaa f aaaaaaaa 1 03 aaaaaaaa
0000000000000003 105002050200f000 0 00 00000000 0 0 0 0000000000000004 aaaaaaaa f aaaaaaaa 1 02 aaaaaaaa
0000000000000004 10610303003ff000 0 00 00000000 0 0 0 0000000000000005 aaaaaaaa f aaaaaaaa 1 03 aaaaaaaa
0000000000000005 0013160055555500 1 16 00555555 0 0 0 0000000000000006 aaaaaaaa f aaaaaaaa 0 00 aaaaaaaa
0000000000000006 342003160000f000 0 00 00000000 0 0 0 0000000000000007 aaaaaaaa f aaaaaaaa 1 03 aaaaaaaa
0000000000000007 108102030020f000 0 00 00000000 0 0 0 0000000000000008 aaaaaaaa f aaaaaaaa 1 02 aaaaaaaa
0000000000000008 105005030300f000 0 00 00000000 0 0 0 0000000000000009 aaaaaaaa f aaaaaaaa 1 05 aaaaaaaa
0000000000000009 0013160000000000 1 16 00000000 0 0 0 000000000000000a aaaaaaaa f aaaaaaaa 0 00 aaaaaaaa
000000000000000a 342002160000f000 0 00 00000000 0 0 0 000000000000000b aaaaaaaa f aaaaaaaa 1 02 aaaaaaaa
000000000000000b 108104020000f000 0 00 00000000 0 0 0 000000000000000c aaaaaaaa f aaaaaaaa 1 04 aaaaaaaa
000000000000000c 107102060021f000 0 00 00000000 0 0 0 000000000000000d aaaaaaaa f aaaaaaaa 1 02 aaaaaaaa
000000000000000d 340003050000f000 0 00 00000000 0 0 0 000000000000000e aaaaaaaa f aaaaaaaa 1 03 aaaaaaaa
000000000000000e 100105040001f000 0 00 00000000 0 0 0 000000000000000f aaaaaaaa f aaaaaaaa 1 05 aaaaaaaa
000000000000000f 10710206003ff000 0 00 00000000 0 0 0 0000000000000010 aaaaaaaa f aaaaaaaa 1 02 aaaaaaaa
0000000000000010 106104020021f000 0 00 00000000 0 0 0 0000000000000011 aaaaaaaa f aaaaaaaa 1 04 aaaaaaaa
0000000000000011 10610304000ff000 0 00 00000000 0 0 0 0000000000000012 aaaaaaaa f aaaaaaaa 1 03 aaaaaaaa
0000000000000012 3430030000000000 0 00 00000000 0 0 0 0000000000000013 aaaaaaaa 0 aaaaaaaa 1 03 aaaaaaaa
0000000000000013 102004050400f000 0 00 00000000 0 0 0 0000000000000014 aaaaaaaa f aaaaaaaa 1 04 aaaaaaaa
0000000000000014 106104030021f000 0 00 00000000 0 0 0 0000000000000015 aaaaaaaa f aaaaaaaa 1 04 aaaaaaaa
0000000000000015 101104042f26f000 0 00 00000000 0 0 0 0000000000000016 aaaaaaaa f aaaaaaaa 1 04 aaaaaaaa
0000000000000016 105102040001f000 0 00 00000000 0 0 0 0000000000000017 aaaaaaaa f aaaaaaaa 1 02 aaaaaaaa
0000000000000017 00131600ffffff00 1 16 ffffffff 0 0 0 0000000000000018 aaaaaaaa f aaaaaaaa 0 00 aaaaaaaa
0000000000000018 342004160000f000 0 00 00000000 0 0 0 0000000000000019 aaaaaaaa f aaaaaaaa 1 04 aaaaaaaa
0000000000000019 108105040021f000 0 00 00000000 0 0 0 000000000000001a aaaaaaaa f aaaaaaaa 1 05 aaaaaaaa
000000000000001a 00131600ffffff00 1 16 ffffffff 0 0 0 000000000000001b aaaaaaaa f aaaaaaaa 0 00 aaaaaaaa
000000000000001b 342006160000f000 0 00 00000000 0 0 0 000000000000001c aaaaaaaa f aaaaaaaa 1 06 aaaaaaaa
000000000000001c 108102060021f000 0 00 00000000 0 0 0 000000000000001d aaaaaaaa f aaaaaaaa 1 02 aaaaaaaa
000000000000001d 3400030500002000 0 00 00000000 0 0 0 000000000000001e aaaaaaaa 2 80a0a200 1 03 80a0a200
000000000000001e 107104050005f000 0 00 00000000 0 0 0 000000000000001f aaaaaaaa f aaaaaaaa 1 04 aaaaaaaa
000000000000001f 343006000000f000 0 00 00000000 0 0 0 0000000000000020 aaaaaaaa f aaaaaaaa 1 06 aaaaaaaa
0000000000000020 3400050600005000 0 00 00000000 0 0 0 0000000000000021 aaaaaaaa 5 aaaaaaaa 1 05 aaaaaaaa
0000000000000021 100102050000f000 0 00 00000000 0 0 0 0000000000000022 aaaaaaaa f aaaaaaaa 1 02 aaaaaaaa
0000000000000022 10010603fffff000 0 00 00000000 0 0 0 0000000000000023 aaaaaaaa f aaaaaaaa 1 06 aaaaaaaa
0000000000000023 341105007ffff000 0 00 00000000 0 0 0 0000000000000024 aaaaaaaa f aaaaaaaa 1 05 aaaaaaaa
0000000000000024 106106040020f000 0 00 00000000 0 0 0 0000000000000025 aaaaaaaa f aaaaaaaa 1 06 aaaaaaaa
0000000000000025 343005000000f000 0 00 00000000 0 0 0 0000000000000026 aaaaaaaa f aaaaaaaa 1 05 aaaaaaaa
0000000000000026 0013160055555500 1 16 00555555 0 0 0 0000000000000027 aaaaaaaa f aaaaaaaa 0 00 aaaaaaaa
0000000000000027 342005160000f000 0 00 00000000 0 0 0 0000000000000028 aaaaaaaa f aaaaaaaa 1 05 aaaaaaaa
0000000000000028 108106050008f000 0 00 00000000 0 0 0 0000000000000029 aaaaaaaa f aaaaaaaa 1 06 aaaaaaaa
0000000000000029 00131e0000000100 1 1e 00000001 0 0 0 000000000000002a aaaaaaaa f aaaaaaaa 0 00 aaaaaaaa
000000000000002a 0023171700000100 1 17 00000001 0 0 0 000000000000002b aaaaaaaa f aaaaaaaa 0 00 aaaaaaaa
000000000000002b 00731e1e00000100 1 1e 00000000 0 0 0 000000000000002c aaaaaaaa f aaaaaaaa 0 00 aaaaaaaa
000000000000002c 0013180000000000 1 18 00000000 0 0 0 000000000000002d aaaaaaaa f aaaaaaaa 0 00 aaaaaaaa
000000000000002d 0102001e18000000 0 00 00000000 5 1 0 000000000000002e aaaaaaaa f aaaaaaaa 0 00 aaaaaaaa
000000000000002e 0215fffffb040000 0 00 00000000 5 1 0 000000000000002f aaaaaaaa f aaaaaaaa 0 00 aaaaaaaa
000000000000002f 7cf5000000000000 0 00 00000000 5 1 0 0000000000000030 aaaaaaaa f aaaaaaaa 0 00 aaaaaaaa
DONE retired=48 fault=00 pc=000000000000002f
