0000000000000000 00131d0000000000 1 1d 00000000 0 0 0 0000000000000001
0000000000000001 0082130b0d000000 1 13 00000000 0 0 0 0000000000000002
0000000000000002 8506000000000000 0 00 00000000 0 0 0 0000000000000003
0000000000000003 8506000000000000 0 00 00000000 0 0 0 0000000000000004
0000000000000004 0072120a13000000 1 12 00000000 0 0 0 0000000000000005
0000000000000005 00730e0530189000 1 0e ffcfe770 0 0 0 0000000000000006
0000000000000006 00a30a0400001300 1 0a 00000000 0 0 0 0000000000000007
0000000000000007 0102000a09000000 0 00 00000000 5 1 0 0000000000000008
0000000000000008 02150000030e0000 0 00 00000000 5 1 1 000000000000000c
000000000000000c 8506000000000000 0 00 00000000 5 1 0 000000000000000d
000000000000000d 00130900b2852300 1 09 ffb28523 5 1 0 000000000000000e
000000000000000e 8506000000000000 0 00 00000000 5 1 0 000000000000000f
000000000000000f 0013140067c54100 1 14 0067c541 5 1 0 0000000000000010
0000000000000010 0112000814000000 0 00 00000000 2 1 0 0000000000000011
0000000000000011 02150000020d0000 0 00 00000000 2 1 1 0000000000000014
0000000000000014 8506000000000000 0 00 00000000 2 1 0 0000000000000015
0000000000000015 0112000c08000000 0 00 00000000 5 0 0 0000000000000016
0000000000000016 02150000020c0000 0 00 00000000 5 0 1 0000000000000019
0000000000000019 0082100908000000 1 10 ffb28523 5 0 0 000000000000001a
000000000000001a 8506000000000000 0 00 00000000 5 0 0 000000000000001b
000000000000001b 0073140aef1ded00 1 14 0010e213 5 0 0 000000000000001c
000000000000001c 00130800e92edc00 1 08 ffe92edc 5 0 0 000000000000001d
000000000000001d 0082120912000000 1 12 ffb28523 5 0 0 000000000000001e
000000000000001e 00a3130300000800 1 13 00000000 5 0 0 000000000000001f
000000000000001f 8506000000000000 0 00 00000000 5 0 0 0000000000000020
0000000000000020 00a3111000000800 1 11 00ffb285 5 0 0 0000000000000021
0000000000000021 00b20c0d0b000000 1 0c 00000000 5 0 0 0000000000000022
0000000000000022 00a3050d00000900 1 05 00000000 5 0 0 0000000000000023
0000000000000023 8506000000000000 0 00 00000000 5 0 0 0000000000000024
0000000000000024 00130b0010681200 1 0b 00106812 5 0 0 0000000000000025
0000000000000025 00730713e02d6a00 1 07 001fd296 5 0 0 0000000000000026
0000000000000026 00920c0a00000000 1 0c ffffffff 5 0 0 0000000000000027
0000000000000027 0052041006000000 1 04 ffb28523 5 0 0 0000000000000028
0000000000000028 8506000000000000 0 00 00000000 5 0 0 0000000000000029
0000000000000029 00130e0096816900 1 0e ff968169 5 0 0 000000000000002a
000000000000002a 008203130a000000 1 03 00000000 5 0 0 000000000000002b
000000000000002b 00a3080800001100 1 08 00007ff4 5 0 0 000000000000002c
000000000000002c 00320d0808000000 1 0d 3ff40090 5 0 0 000000000000002d
000000000000002d 00731409a6e83d00 1 14 000b9ce6 5 0 0 000000000000002e
000000000000002e 00231304ffffff00 1 13 ffb28522 5 0 0 000000000000002f
000000000000002f 0092090a00000000 1 09 ffffffff 5 0 0 0000000000000030
0000000000000030 00131e0000000300 1 1e 00000003 5 0 0 0000000000000031
0000000000000031 0023151500000100 1 15 00000001 5 0 0 0000000000000032
0000000000000032 00731e1e00000100 1 1e 00000002 5 0 0 0000000000000033
0000000000000033 0102001e1d000000 0 00 00000000 4 0 0 0000000000000034
0000000000000034 0215fffffc040000 0 00 00000000 4 0 1 0000000000000031
0000000000000031 0023151500000100 1 15 00000002 4 0 0 0000000000000032
0000000000000032 00731e1e00000100 1 1e 00000001 4 0 0 0000000000000033
0000000000000033 0102001e1d000000 0 00 00000000 4 0 0 0000000000000034
0000000000000034 0215fffffc040000 0 00 00000000 4 0 1 0000000000000031
0000000000000031 0023151500000100 1 15 00000003 4 0 0 0000000000000032
0000000000000032 00731e1e00000100 1 1e 00000000 4 0 0 0000000000000033
0000000000000033 0102001e1d000000 0 00 00000000 5 1 0 0000000000000034
0000000000000034 0215fffffc040000 0 00 00000000 5 1 0 0000000000000035
0000000000000035 7cf5000000000000 0 00 00000000 5 1 0 0000000000000036
DONE retired=55 fault=00 pc=0000000000000035
