0000000000000000 00131d0000000000 1 1d 00000000 0 0 0 0000000000000001
0000000000000001 008201130f000000 1 01 00000000 0 0 0 0000000000000002
0000000000000002 00a2120505000000 1 12 00000000 0 0 0 0000000000000003
0000000000000003 0073120500000000 1 12 00000000 0 0 0 0000000000000004
0000000000000004 0023050800000000 1 05 00000000 0 0 0 0000000000000005
0000000000000005 00b30a0e00000d00 1 0a 00000000 0 0 0 0000000000000006
0000000000000006 00131000d1947e00 1 10 ffd1947e 0 0 0 0000000000000007
0000000000000007 0073010bffffff00 1 01 00000001 0 0 0 0000000000000008
0000000000000008 8506000000000000 0 00 00000000 0 0 0 0000000000000009
0000000000000009 00b203100f000000 1 03 ffd1947e 0 0 0 000000000000000a
000000000000000a 00520a040a000000 1 0a 00000000 0 0 0 000000000000000b
000000000000000b 00131200ffffff00 1 12 ffffffff 0 0 0 000000000000000c
000000000000000c 00130f0055555500 1 0f 00555555 0 0 0 000000000000000d
000000000000000d 00b2090811000000 1 09 00000000 0 0 0 000000000000000e
000000000000000e 001307009ec5ce00 1 07 ff9ec5ce 0 0 0 000000000000000f
000000000000000f 00131e0000000400 1 1e 00000004 0 0 0 0000000000000010
0000000000000010 0023151500000100 1 15 00000001 0 0 0 0000000000000011
0000000000000011 00731e1e00000100 1 1e 00000003 0 0 0 0000000000000012
0000000000000012 0102001e1d000000 0 00 00000000 4 0 0 0000000000000013
0000000000000013 0215fffffc040000 0 00 00000000 4 0 1 0000000000000010
0000000000000010 0023151500000100 1 15 00000002 4 0 0 0000000000000011
0000000000000011 00731e1e00000100 1 1e 00000002 4 0 0 0000000000000012
0000000000000012 0102001e1d000000 0 00 00000000 4 0 0 0000000000000013
0000000000000013 0215fffffc040000 0 00 00000000 4 0 1 0000000000000010
0000000000000010 0023151500000100 1 15 00000003 4 0 0 0000000000000011
0000000000000011 00731e1e00000100 1 1e 00000001 4 0 0 0000000000000012
0000000000000012 0102001e1d000000 0 00 00000000 4 0 0 0000000000000013
0000000000000013 0215fffffc040000 0 00 00000000 4 0 1 0000000000000010
0000000000000010 0023151500000100 1 15 00000004 4 0 0 0000000000000011
0000000000000011 00731e1e00000100 1 1e 00000000 4 0 0 0000000000000012
0000000000000012 0102001e1d000000 0 00 00000000 5 1 0 0000000000000013
0000000000000013 0215fffffc040000 0 00 00000000 5 1 0 0000000000000014
0000000000000014 7cf5000000000000 0 00 00000000 5 1 0 0000000000000015
DONE retired=33 fault=00 pc=0000000000000014
