0000000000000000 00131d0000000000 1 1d 00000000 0 0 0 0000000000000001
0000000000000001 0306000000001100 1 11 00000000 0 0 0 0000000000000002
0000000000000002 0122000d13000000 0 00 00000000 5 0 0 0000000000000003
0000000000000003 02150000030e0000 0 00 00000000 5 0 1 0000000000000007
0000000000000007 8506000000000000 0 00 00000000 5 0 0 0000000000000008
0000000000000008 00720c0b0b000000 1 0c 00000000 5 0 0 0000000000000009
0000000000000009 00130d0055555500 1 0d 00555555 5 0 0 000000000000000a
000000000000000a 00b30b0300001b00 1 0b 00000000 5 0 0 000000000000000b
000000000000000b 8506000000000000 0 00 00000000 5 0 0 000000000000000c
000000000000000c 00131e0000000400 1 1e 00000004 5 0 0 000000000000000d
000000000000000d 0023151500000100 1 15 00000001 5 0 0 000000000000000e
000000000000000e 00731e1e00000100 1 1e 00000003 5 0 0 000000000000000f
000000000000000f 0102001e1d000000 0 00 00000000 4 0 0 0000000000000010
0000000000000010 0215fffffc040000 0 00 00000000 4 0 1 000000000000000d
000000000000000d 0023151500000100 1 15 00000002 4 0 0 000000000000000e
000000000000000e 00731e1e00000100 1 1e 00000002 4 0 0 000000000000000f
000000000000000f 0102001e1d000000 0 00 00000000 4 0 0 0000000000000010
0000000000000010 0215fffffc040000 0 00 00000000 4 0 1 000000000000000d
000000000000000d 0023151500000100 1 15 00000003 4 0 0 000000000000000e
000000000000000e 00731e1e00000100 1 1e 00000001 4 0 0 000000000000000f
000000000000000f 0102001e1d000000 0 00 00000000 4 0 0 0000000000000010
0000000000000010 0215fffffc040000 0 00 00000000 4 0 1 000000000000000d
000000000000000d 0023151500000100 1 15 00000004 4 0 0 000000000000000e
000000000000000e 00731e1e00000100 1 1e 00000000 4 0 0 000000000000000f
000000000000000f 0102001e1d000000 0 00 00000000 5 1 0 0000000000000010
0000000000000010 0215fffffc040000 0 00 00000000 5 1 0 0000000000000011
0000000000000011 7cf5000000000000 0 00 00000000 5 1 0 0000000000000012
DONE retired=27 fault=00 pc=0000000000000011
