0000000000000000 0013140000004d00 1 14 0000004d 0 0 0 0000000000000001 00010000 f 00010000 0 00 00010000
0000000000000001 00131600aaaaaa00 1 16 ffaaaaaa 0 0 0 0000000000000002 00010000 f 00010000 0 00 00010000
0000000000000002 342004160000f000 0 00 00000000 0 0 0 0000000000000003 00010000 f 00010000 1 04 00010000
0000000000000003 10810204003ff000 0 00 00000000 0 0 0 0000000000000004 00010000 f 00010000 1 02 00010000
0000000000000004 0013160000000000 1 16 00000000 0 0 0 0000000000000005 00010000 f 00010000 0 00 00010000
0000000000000005 342005160000f000 0 00 00000000 0 0 0 0000000000000006 00010000 f 00010000 1 05 00010000
0000000000000006 108103050020f000 0 00 00000000 0 0 0 0000000000000007 00010000 f 00010000 1 03 00010000
0000000000000007 107103060021f000 0 00 00000000 0 0 0 0000000000000008 00010000 f 00010000 1 03 00010000
0000000000000008 00131600ffffff00 1 16 ffffffff 0 0 0 0000000000000009 00010000 f 00010000 0 00 00010000
0000000000000009 342005160000f000 0 00 00000000 0 0 0 000000000000000a 00010000 f 00010000 1 05 00010000
000000000000000a 108106050000f000 0 00 00000000 0 0 0 000000000000000b 00010000 f 00010000 1 06 00010000
000000000000000b 0013150000000100 1 15 00000001 0 0 0 000000000000000c 00010000 f 00010000 0 00 00010000
000000000000000c 342002150000c000 0 00 00000000 0 0 0 000000000000000d 00010000 c 00010000 1 02 00010000
000000000000000d 100004020400f000 0 00 00000000 0 0 0 000000000000000e 00010000 f 00010000 1 04 00010000
000000000000000e 101002030500f000 0 00 00000000 0 0 0 000000000000000f 00010000 f 00010000 1 02 00010000
000000000000000f 105005050500f000 0 00 00000000 0 0 0 0000000000000010 00010000 f 00010000 1 05 00010000
0000000000000010 101002040500f000 0 00 00000000 0 0 0 0000000000000011 00010000 f 00010000 1 02 00010000
0000000000000011 102002060600f000 0 00 00000000 0 0 0 0000000000000012 00010000 f 00010000 1 02 00010000
0000000000000012 107102050021f000 0 00 00000000 0 0 0 0000000000000013 00010000 f 00010000 1 02 00010000
0000000000000013 10710303001ff000 0 00 00000000 0 0 0 0000000000000014 00010000 f 00010000 1 03 00010000
0000000000000014 34110600fffff000 0 00 00000000 0 0 0 0000000000000015 00010000 f 00010000 1 06 00010000
0000000000000015 103002030500f000 0 00 00000000 0 0 0 0000000000000016 00010000 f 00010000 1 02 00010000
0000000000000016 0013160000000000 1 16 00000000 0 0 0 0000000000000017 00010000 f 00010000 0 00 00010000
0000000000000017 342002160000f000 0 00 00000000 0 0 0 0000000000000018 00010000 f 00010000 1 02 00010000
0000000000000018 10810402001ff000 0 00 00000000 0 0 0 0000000000000019 00010000 f 00010000 1 04 00010000
0000000000000019 105003020200f000 0 00 00000000 0 0 0 000000000000001a 00010000 f 00010000 1 03 00010000
000000000000001a 34110400877af000 0 00 00000000 0 0 0 000000000000001b 00010000 f 00010000 1 04 00010000
000000000000001b 1051020312f3f000 0 00 00000000 0 0 0 000000000000001c 00010000 f 00010000 1 02 00010000
000000000000001c 00131e0000000300 1 1e 00000003 0 0 0 000000000000001d 00010000 f 00010000 0 00 00010000
000000000000001d 0023171700000100 1 17 00000001 0 0 0 000000000000001e 00010000 f 00010000 0 00 00010000
000000000000001e 00731e1e00000100 1 1e 00000002 0 0 0 000000000000001f 00010000 f 00010000 0 00 00010000
000000000000001f 0013180000000000 1 18 00000000 0 0 0 0000000000000020 00010000 f 00010000 0 00 00010000
0000000000000020 0102001e18000000 0 00 00000000 4 0 0 0000000000000021 00010000 f 00010000 0 00 00010000
0000000000000021 0215fffffb040000 0 00 00000000 4 0 1 000000000000001d 00010000 f 00010000 0 00 00010000
000000000000001d 0023171700000100 1 17 00000002 4 0 0 000000000000001e 00010000 f 00010000 0 00 00010000
000000000000001e 00731e1e00000100 1 1e 00000001 4 0 0 000000000000001f 00010000 f 00010000 0 00 00010000
000000000000001f 0013180000000000 1 18 00000000 4 0 0 0000000000000020 00010000 f 00010000 0 00 00010000
0000000000000020 0102001e18000000 0 00 00000000 4 0 0 0000000000000021 00010000 f 00010000 0 00 00010000
0000000000000021 0215fffffb040000 0 00 00000000 4 0 1 000000000000001d 00010000 f 00010000 0 00 00010000
000000000000001d 0023171700000100 1 17 00000003 4 0 0 000000000000001e 00010000 f 00010000 0 00 00010000
000000000000001e 00731e1e00000100 1 1e 00000000 4 0 0 000000000000001f 00010000 f 00010000 0 00 00010000
000000000000001f 0013180000000000 1 18 00000000 4 0 0 0000000000000020 00010000 f 00010000 0 00 00010000
0000000000000020 0102001e18000000 0 00 00000000 5 1 0 0000000000000021 00010000 f 00010000 0 00 00010000
0000000000000021 0215fffffb040000 0 00 00000000 5 1 0 0000000000000022 00010000 f 00010000 0 00 00010000
0000000000000022 7cf5000000000000 0 00 00000000 5 1 0 0000000000000023 00010000 f 00010000 0 00 00010000
DONE retired=45 fault=00 pc=0000000000000022
