0000000000000000 343001000000f000 0 00 00000000 0 0 0 0 0 0 0000000000000001 ffffffff f ffffffff 1 01
0000000000000001 341107000001f000 0 00 00000000 0 0 0 0 0 0 0000000000000002 ffffffff f ffffffff 1 07
0000000000000002 34110c000003f000 0 00 00000000 0 0 0 0 0 0 0000000000000003 ffffffff f ffffffff 1 0c
0000000000000003 103003010c00f000 0 00 00000000 0 0 0 0 0 0 0000000000000004 ffffffff f ffffffff 1 03
0000000000000004 0023060600000300 1 06 00000003 0 0 0 0 0 0 0000000000000005 ffffffff f ffffffff 0 00
0000000000000005 3059b030c0000000 0 00 00000000 0 0 0 0 0 0 0000000000000006 ffffffff f ffffffff 0 00
0000000000000006 7c1500000bb0006a 0 00 00000000 0 0 0 0 0 0 0000000000000007 88888888 f 88888888 0 00
0000000000000007 34110d000003f000 0 00 00000000 0 0 0 0 0 0 0000000000000008 88888888 f 88888888 1 0d
0000000000000008 10300c010d00f000 0 00 00000000 0 0 0 0 0 0 0000000000000009 88888888 f 88888888 1 0c
0000000000000009 10000c0c0700f000 0 00 00000000 0 0 0 0 0 0 000000000000000a 88888888 f 88888888 1 0c
000000000000000a 34110a000000f000 0 00 00000000 0 0 0 0 0 0 000000000000000b 88888888 f 88888888 1 0a
000000000000000b 7c85000004000000 0 00 00000000 0 0 0 0 0 0 000000000000000c 88888888 f 88888888 0 00
000000000000000c 3059e0a0c0000000 0 00 00000000 0 0 0 0 0 0 000000000000000d 88888888 f 88888888 0 00
000000000000000d 3029d0a0c0000000 0 00 00000000 0 0 0 0 0 0 000000000000000e 88888888 f 88888888 0 00
000000000000000e 110004010c00f000 0 00 00000000 0 0 0 0 0 0 000000000000000f 88888888 f 88888888 1 04
000000000000000f 10000a0a0700f000 0 00 00000000 0 0 0 0 0 0 0000000000000010 88888888 f 88888888 1 0a
0000000000000010 7c95fffffbd00000 0 00 00000000 0 0 0 0 0 0 000000000000000c 88888888 f 88888888 0 00
000000000000000c 3059e0a0c0000000 0 00 00000000 0 0 0 0 0 0 000000000000000d 88888888 f 88888888 0 00
000000000000000d 3029d0a0c0000000 0 00 00000000 0 0 0 0 0 0 000000000000000e 88888888 f 88888888 0 00
000000000000000e 110004010c00f000 0 00 00000000 0 0 0 0 0 0 000000000000000f 88888888 f 88888888 1 04
000000000000000f 10000a0a0700f000 0 00 00000000 0 0 0 0 0 0 0000000000000010 88888888 f 88888888 1 0a
0000000000000010 7c95fffffbd00000 0 00 00000000 0 0 0 0 0 0 000000000000000c 88888888 f 88888888 0 00
000000000000000c 3059e0a0c0000000 0 00 00000000 0 0 0 0 0 0 000000000000000d 88888888 f 88888888 0 00
000000000000000d 3029d0a0c0000000 0 00 00000000 0 0 0 0 0 0 000000000000000e 88888888 f 88888888 0 00
000000000000000e 110004010c00f000 0 00 00000000 0 0 0 0 0 0 000000000000000f 88888888 f 88888888 1 04
000000000000000f 10000a0a0700f000 0 00 00000000 0 0 0 0 0 0 0000000000000010 88888888 f 88888888 1 0a
0000000000000010 7c95fffffbd00000 0 00 00000000 0 0 0 0 0 0 000000000000000c 88888888 f 88888888 0 00
000000000000000c 3059e0a0c0000000 0 00 00000000 0 0 0 0 0 0 000000000000000d 88888888 f 88888888 0 00
000000000000000d 3029d0a0c0000000 0 00 00000000 0 0 0 0 0 0 000000000000000e 88888888 f 88888888 0 00
000000000000000e 110004010c00f000 0 00 00000000 0 0 0 0 0 0 000000000000000f 88888888 f 88888888 1 04
000000000000000f 10000a0a0700f000 0 00 00000000 0 0 0 0 0 0 0000000000000010 88888888 f 88888888 1 0a
0000000000000010 7c95fffffbd00000 0 00 00000000 0 0 0 0 0 0 000000000000000c 88888888 f 88888888 0 00
000000000000000c 3059e0a0c0000000 0 00 00000000 0 0 0 0 0 0 000000000000000d 88888888 f 88888888 0 00
000000000000000d 3029d0a0c0000000 0 00 00000000 0 0 0 0 0 0 000000000000000e 88888888 f 88888888 0 00
000000000000000e 110004010c00f000 0 00 00000000 0 0 0 0 0 0 000000000000000f 88888888 f 88888888 1 04
000000000000000f 10000a0a0700f000 0 00 00000000 0 0 0 0 0 0 0000000000000010 88888888 f 88888888 1 0a
0000000000000010 7c95fffffbd00000 0 00 00000000 0 0 0 0 0 0 0000000000000011 88888888 f 88888888 0 00
0000000000000011 020500005f000000 0 00 00000000 0 0 0 0 0 1 0000000000000071 88888888 f 88888888 0 00
0000000000000071 7c25000000000000 0 00 00000000 0 0 0 0 0 0 0000000000000012 77777777 f 77777777 0 00
0000000000000012 3059c0b0c0000000 0 00 00000000 0 0 0 0 0 0 0000000000000013 77777777 f 77777777 0 00
0000000000000013 7c15000044c00045 0 00 00000000 0 0 0 0 0 0 0000000000000058 77777777 f 77777777 0 00
0000000000000058 10400c040500f000 0 00 00000000 0 0 0 0 0 0 0000000000000059 77777777 f 77777777 1 0c
0000000000000059 7c25000000000000 0 00 00000000 0 0 0 0 0 0 000000000000005a 77777777 f 77777777 0 00
000000000000005a 302930a070000000 0 00 00000000 0 0 0 0 0 0 000000000000005b 77777777 f 77777777 0 00
000000000000005b 7c15000003300014 0 00 00000000 0 0 0 0 0 0 000000000000005c 77777777 f 77777777 0 00
000000000000005c 11000c030c00f000 0 00 00000000 0 0 0 0 0 0 000000000000005d 77777777 f 77777777 1 0c
000000000000005d 110003040c00f000 0 00 00000000 0 0 0 0 0 0 000000000000005e 77777777 f 77777777 1 03
000000000000005e 0205000011000000 0 00 00000000 0 0 0 0 0 1 0000000000000070 77777777 f 77777777 0 00
0000000000000070 7c25000000000000 0 00 00000000 0 0 0 0 0 0 0000000000000071 77777777 f 77777777 0 00
0000000000000071 7c25000000000000 0 00 00000000 0 0 0 0 0 0 0000000000000072 ffffffff f ffffffff 0 00
0000000000000072 7cf5000000000000 0 00 00000000 0 0 0 0 0 0 0000000000000073 ffffffff f ffffffff 0 00
