0000000000000000 343001000000f000 0 00 00000000 0 0 0 0 0 0 0000000000000001 ffffffff f ffffffff 1 01
0000000000000001 341107000001f000 0 00 00000000 0 0 0 0 0 0 0000000000000002 ffffffff f ffffffff 1 07
0000000000000002 34110c000003f000 0 00 00000000 0 0 0 0 0 0 0000000000000003 ffffffff f ffffffff 1 0c
0000000000000003 34110d000000f000 0 00 00000000 0 0 0 0 0 0 0000000000000004 ffffffff f ffffffff 1 0d
0000000000000004 10300c010d00f000 0 00 00000000 0 0 0 0 0 0 0000000000000005 ffffffff f ffffffff 1 0c
0000000000000005 10000c0c0700f000 0 00 00000000 0 0 0 0 0 0 0000000000000006 ffffffff f ffffffff 1 0c
0000000000000006 34110a000000f000 0 00 00000000 0 0 0 0 0 0 0000000000000007 ffffffff f ffffffff 1 0a
0000000000000007 7c85000005000000 0 00 00000000 0 0 0 0 0 0 0000000000000008 ffffffff f ffffffff 0 00
0000000000000008 3059e0a0c0000000 0 00 00000000 0 0 0 0 0 0 0000000000000009 ffffffff f ffffffff 0 00
0000000000000009 3029d0a0c0000000 0 00 00000000 0 0 0 0 0 0 000000000000000a ffffffff f ffffffff 0 00
000000000000000a 110004010500f000 0 00 00000000 0 0 0 0 0 0 000000000000000b ffffffff f ffffffff 1 04
000000000000000b 7cb5000000e00000 0 00 00000000 0 0 0 0 0 0 000000000000000c ffffffff f ffffffff 0 00
000000000000000c 10000a0a0700f000 0 00 00000000 0 0 0 0 0 0 000000000000000d ffffffff f ffffffff 1 0a
000000000000000d 7c95fffffad00000 0 00 00000000 0 0 0 0 0 0 0000000000000008 ffffffff f ffffffff 0 00
0000000000000008 3059e0a0c0000000 0 00 00000000 0 0 0 0 0 0 0000000000000009 ffffffff f ffffffff 0 00
0000000000000009 3029d0a0c0000000 0 00 00000000 0 0 0 0 0 0 000000000000000a ffffffff f ffffffff 0 00
000000000000000a 110004010500f000 0 00 00000000 0 0 0 0 0 0 000000000000000b ffffffff f ffffffff 1 04
000000000000000d 7cb5000000e00000 0 00 00000000 0 0 0 0 0 0 000000000000000c 00000000 f 00000000 0 00
000000000000000d 7c95fffffad00000 0 00 00000000 0 0 0 0 0 0 000000000000000e ffffffff f ffffffff 0 00
000000000000000e 3059201070000000 0 00 00000000 0 0 0 0 0 0 000000000000000f ffffffff f ffffffff 0 00
000000000000000f 7c15000234200241 0 00 00000000 0 0 0 0 0 0 0000000000000010 fffffffe f fffffffe 0 00
0000000000000010 304950b070000000 0 00 00000000 0 0 0 0 0 0 0000000000000011 fffffffe f fffffffe 0 00
0000000000000011 7c1500010c5001c0 0 00 00000000 0 0 0 0 0 0 000000000000011e fffffffe f fffffffe 0 00
000000000000011e 3029c0a0c0000000 0 00 00000000 0 0 0 0 0 0 000000000000011f fffffffe f fffffffe 0 00
000000000000011f 7c15000035c000b0 0 00 00000000 0 0 0 0 0 0 0000000000000155 fffffffe f fffffffe 0 00
0000000000000155 0023060600000300 1 06 00000003 0 0 0 0 0 0 0000000000000156 fffffffe f fffffffe 0 00
0000000000000156 3039e030c0000000 0 00 00000000 0 0 0 0 0 0 0000000000000157 fffffffe f fffffffe 0 00
0000000000000157 7c15000076e00077 0 00 00000000 0 0 0 0 0 0 0000000000000158 fffffffe f fffffffe 0 00
0000000000000158 3009e030c0000000 0 00 00000000 0 0 0 0 0 0 0000000000000159 fffffffe f fffffffe 0 00
0000000000000159 7c1500006fe00071 0 00 00000000 0 0 0 0 0 0 00000000000001c9 fffffffe f fffffffe 0 00
00000000000001c9 10300c010500f000 0 00 00000000 0 0 0 0 0 0 00000000000001ca fffffffe f fffffffe 1 0c
00000000000001ca 10100c0c0300f000 0 00 00000000 0 0 0 0 0 0 00000000000001cb fffffffe f fffffffe 1 0c
00000000000001cb 7c25000000000000 0 00 00000000 0 0 0 0 0 0 00000000000001cc fffffffe f fffffffe 0 00
00000000000001cc 341104000002f000 0 00 00000000 0 0 0 0 0 0 00000000000001cd fffffffe f fffffffe 1 04
00000000000001cd 0205000001000000 0 00 00000000 0 0 0 0 0 1 00000000000001cf fffffffe f fffffffe 0 00
00000000000001cf 7c25000000000000 0 00 00000000 0 0 0 0 0 0 00000000000001d0 fffffffe f fffffffe 0 00
00000000000001d0 7c25000000000000 0 00 00000000 0 0 0 0 0 0 00000000000001d1 fffffffe f fffffffe 0 00
00000000000001d1 10400c030700f000 0 00 00000000 0 0 0 0 0 0 00000000000001d2 fffffffe f fffffffe 1 0c
00000000000001d2 7c25000000000000 0 00 00000000 0 0 0 0 0 0 00000000000001d3 fffffffe f fffffffe 0 00
00000000000001d3 3009401070000000 0 00 00000000 0 0 0 0 0 0 00000000000001d4 fffffffe f fffffffe 0 00
00000000000001d4 7c1500001240006d 0 00 00000000 0 0 0 0 0 0 00000000000001d5 00000002 f 00000002 0 00
00000000000001d5 3049001070000000 0 00 00000000 0 0 0 0 0 0 00000000000001d6 00000002 f 00000002 0 00
00000000000001d6 7c1500000d00000e 0 00 00000000 0 0 0 0 0 0 00000000000001e4 00000002 f 00000002 0 00
00000000000001e4 101003030c00f000 0 00 00000000 0 0 0 0 0 0 00000000000001e5 00000002 f 00000002 1 03
00000000000001e5 7c25000000000000 0 00 00000000 0 0 0 0 0 0 00000000000001e6 00000002 f 00000002 0 00
00000000000001e6 020500005b000000 0 00 00000000 0 0 0 0 0 1 0000000000000242 00000002 f 00000002 0 00
0000000000000242 7c25000000000000 0 00 00000000 0 0 0 0 0 0 00000000000001e7 fffffffc f fffffffc 0 00
00000000000001e7 34110c000002f000 0 00 00000000 0 0 0 0 0 0 00000000000001e8 fffffffc f fffffffc 1 0c
00000000000001e8 3049c03070000000 0 00 00000000 0 0 0 0 0 0 00000000000001e9 fffffffc f fffffffc 0 00
00000000000001e9 7c15000037c00057 0 00 00000000 0 0 0 0 0 0 0000000000000221 fffffffc f fffffffc 0 00
0000000000000221 3029c0b0c0000000 0 00 00000000 0 0 0 0 0 0 0000000000000222 fffffffc f fffffffc 0 00
0000000000000222 7c1500001ac0001c 0 00 00000000 0 0 0 0 0 0 0000000000000223 fffffffc f fffffffc 0 00
0000000000000223 34110d000001f000 0 00 00000000 0 0 0 0 0 0 0000000000000224 fffffffc f fffffffc 1 0d
0000000000000224 10300c010d00f000 0 00 00000000 0 0 0 0 0 0 0000000000000225 fffffffc f fffffffc 1 0c
0000000000000225 10000c0c0700f000 0 00 00000000 0 0 0 0 0 0 0000000000000226 fffffffc f fffffffc 1 0c
0000000000000226 34110a000000f000 0 00 00000000 0 0 0 0 0 0 0000000000000227 fffffffc f fffffffc 1 0a
0000000000000227 7c85000005000000 0 00 00000000 0 0 0 0 0 0 0000000000000228 fffffffc f fffffffc 0 00
0000000000000228 3059e0a0c0000000 0 00 00000000 0 0 0 0 0 0 0000000000000229 fffffffc f fffffffc 0 00
0000000000000229 3029d0a0c0000000 0 00 00000000 0 0 0 0 0 0 000000000000022a fffffffc f fffffffc 0 00
000000000000022a 34110300000cf000 0 00 00000000 0 0 0 0 0 0 000000000000022b fffffffc f fffffffc 1 03
000000000000022b 7cb5000000e00000 0 00 00000000 0 0 0 0 0 0 000000000000022c fffffffc f fffffffc 0 00
000000000000022c 10000a0a0700f000 0 00 00000000 0 0 0 0 0 0 000000000000022d fffffffc f fffffffc 1 0a
000000000000022d 7c95fffffad00000 0 00 00000000 0 0 0 0 0 0 0000000000000228 fffffffc f fffffffc 0 00
0000000000000228 3059e0a0c0000000 0 00 00000000 0 0 0 0 0 0 0000000000000229 fffffffc f fffffffc 0 00
0000000000000229 3029d0a0c0000000 0 00 00000000 0 0 0 0 0 0 000000000000022a fffffffc f fffffffc 0 00
000000000000022a 34110300000cf000 0 00 00000000 0 0 0 0 0 0 000000000000022b fffffffc f fffffffc 1 03
000000000000022b 7cb5000000e00000 0 00 00000000 0 0 0 0 0 0 000000000000022c aaaaaaa8 f aaaaaaa8 0 00
000000000000022c 10000a0a0700f000 0 00 00000000 0 0 0 0 0 0 000000000000022d aaaaaaa8 f aaaaaaa8 1 0a
000000000000022d 7c95fffffad00000 0 00 00000000 0 0 0 0 0 0 0000000000000228 aaaaaaa8 f aaaaaaa8 0 00
0000000000000228 3059e0a0c0000000 0 00 00000000 0 0 0 0 0 0 0000000000000229 aaaaaaa8 f aaaaaaa8 0 00
0000000000000229 3029d0a0c0000000 0 00 00000000 0 0 0 0 0 0 000000000000022a aaaaaaa8 f aaaaaaa8 0 00
000000000000022a 34110300000cf000 0 00 00000000 0 0 0 0 0 0 000000000000022b aaaaaaa8 f aaaaaaa8 1 03
000000000000022d 7cb5000000e00000 0 00 00000000 0 0 0 0 0 0 000000000000022c 00000000 f 00000000 0 00
000000000000022d 7c95fffffad00000 0 00 00000000 0 0 0 0 0 0 000000000000022e fffffffc f fffffffc 0 00
000000000000022e 34110d000000f000 0 00 00000000 0 0 0 0 0 0 000000000000022f fffffffc f fffffffc 1 0d
000000000000022f 10300c010d00f000 0 00 00000000 0 0 0 0 0 0 0000000000000230 fffffffc f fffffffc 1 0c
0000000000000230 10000c0c0700f000 0 00 00000000 0 0 0 0 0 0 0000000000000231 fffffffc f fffffffc 1 0c
0000000000000231 34110a000000f000 0 00 00000000 0 0 0 0 0 0 0000000000000232 fffffffc f fffffffc 1 0a
0000000000000232 7c85000008000000 0 00 00000000 0 0 0 0 0 0 0000000000000233 fffffffc f fffffffc 0 00
0000000000000233 3059e0a0c0000000 0 00 00000000 0 0 0 0 0 0 0000000000000234 fffffffc f fffffffc 0 00
0000000000000234 3029d0a0c0000000 0 00 00000000 0 0 0 0 0 0 0000000000000235 fffffffc f fffffffc 0 00
0000000000000235 304900a070000000 0 00 00000000 0 0 0 0 0 0 0000000000000236 fffffffc f fffffffc 0 00
0000000000000236 7c15000000000001 0 00 00000000 0 0 0 0 0 0 0000000000000237 fffffffc f fffffffc 0 00
0000000000000237 10100c0c0300f000 0 00 00000000 0 0 0 0 0 0 0000000000000238 fffffffc f fffffffc 1 0c
0000000000000238 7c25000000000000 0 00 00000000 0 0 0 0 0 0 0000000000000239 fffffffc f fffffffc 0 00
0000000000000239 7cb5000000e00000 0 00 00000000 0 0 0 0 0 0 000000000000023a fffffffc f fffffffc 0 00
000000000000023a 10000a0a0700f000 0 00 00000000 0 0 0 0 0 0 000000000000023b fffffffc f fffffffc 1 0a
000000000000023b 7c95fffff7d00000 0 00 00000000 0 0 0 0 0 0 0000000000000233 fffffffc f fffffffc 0 00
0000000000000233 3059e0a0c0000000 0 00 00000000 0 0 0 0 0 0 0000000000000234 fffffffc f fffffffc 0 00
0000000000000234 3029d0a0c0000000 0 00 00000000 0 0 0 0 0 0 0000000000000235 fffffffc f fffffffc 0 00
0000000000000235 304900a070000000 0 00 00000000 0 0 0 0 0 0 0000000000000236 fffffffc f fffffffc 0 00
0000000000000236 7c15000000000001 0 00 00000000 0 0 0 0 0 0 0000000000000237 fffffffc f fffffffc 0 00
0000000000000237 10100c0c0300f000 0 00 00000000 0 0 0 0 0 0 0000000000000238 fffffffc f fffffffc 1 0c
0000000000000238 7c25000000000000 0 00 00000000 0 0 0 0 0 0 0000000000000239 fffffffc f fffffffc 0 00
000000000000023b 7cb5000000e00000 0 00 00000000 0 0 0 0 0 0 000000000000023a 00000000 f 00000000 0 00
000000000000023b 7c95fffff7d00000 0 00 00000000 0 0 0 0 0 0 000000000000023c fffffffc f fffffffc 0 00
000000000000023c 0205000002000000 0 00 00000000 0 0 0 0 0 1 000000000000023f fffffffc f fffffffc 0 00
000000000000023f 7c25000000000000 0 00 00000000 0 0 0 0 0 0 0000000000000240 fffffffc f fffffffc 0 00
0000000000000240 110003010c00f000 0 00 00000000 0 0 0 0 0 0 0000000000000241 fffffffc f fffffffc 1 03
0000000000000241 7c25000000000000 0 00 00000000 0 0 0 0 0 0 0000000000000242 fffffffc f fffffffc 0 00
0000000000000242 7c25000000000000 0 00 00000000 0 0 0 0 0 0 0000000000000243 fffffffe f fffffffe 0 00
0000000000000243 020500000d000000 0 00 00000000 0 0 0 0 0 1 0000000000000251 fffffffe f fffffffe 0 00
0000000000000251 7c25000000000000 0 00 00000000 0 0 0 0 0 0 0000000000000244 00000001 f 00000001 0 00
0000000000000244 34110d000001f000 0 00 00000000 0 0 0 0 0 0 0000000000000245 00000001 f 00000001 1 0d
0000000000000245 10300c010d00f000 0 00 00000000 0 0 0 0 0 0 0000000000000246 00000001 f 00000001 1 0c
0000000000000246 10000c0c0700f000 0 00 00000000 0 0 0 0 0 0 0000000000000247 00000001 f 00000001 1 0c
0000000000000247 34110a000000f000 0 00 00000000 0 0 0 0 0 0 0000000000000248 00000001 f 00000001 1 0a
0000000000000248 7c85000007000000 0 00 00000000 0 0 0 0 0 0 0000000000000249 00000001 f 00000001 0 00
0000000000000249 3059e0a0c0000000 0 00 00000000 0 0 0 0 0 0 000000000000024a 00000001 f 00000001 0 00
000000000000024a 3029d0a0c0000000 0 00 00000000 0 0 0 0 0 0 000000000000024b 00000001 f 00000001 0 00
000000000000024b 3039b0b070000000 0 00 00000000 0 0 0 0 0 0 000000000000024c 00000001 f 00000001 0 00
000000000000024c 7c15000000b00001 0 00 00000000 0 0 0 0 0 0 000000000000024d 00000001 f 00000001 0 00
000000000000024d 101003010700f000 0 00 00000000 0 0 0 0 0 0 000000000000024e 00000001 f 00000001 1 03
000000000000024e 7c25000000000000 0 00 00000000 0 0 0 0 0 0 000000000000024f 00000001 f 00000001 0 00
000000000000024f 10000a0a0700f000 0 00 00000000 0 0 0 0 0 0 0000000000000250 00000001 f 00000001 1 0a
0000000000000250 7c95fffff8d00000 0 00 00000000 0 0 0 0 0 0 0000000000000249 00000001 f 00000001 0 00
0000000000000249 3059e0a0c0000000 0 00 00000000 0 0 0 0 0 0 000000000000024a 00000001 f 00000001 0 00
000000000000024a 3029d0a0c0000000 0 00 00000000 0 0 0 0 0 0 000000000000024b 00000001 f 00000001 0 00
000000000000024b 3039b0b070000000 0 00 00000000 0 0 0 0 0 0 000000000000024c 00000001 f 00000001 0 00
000000000000024c 7c15000000b00001 0 00 00000000 0 0 0 0 0 0 000000000000024d 00000001 f 00000001 0 00
000000000000024d 101003010700f000 0 00 00000000 0 0 0 0 0 0 000000000000024e 00000001 f 00000001 1 03
000000000000024e 7c25000000000000 0 00 00000000 0 0 0 0 0 0 000000000000024f 00000001 f 00000001 0 00
000000000000024f 10000a0a0700f000 0 00 00000000 0 0 0 0 0 0 0000000000000250 00000001 f 00000001 1 0a
0000000000000250 7c95fffff8d00000 0 00 00000000 0 0 0 0 0 0 0000000000000251 00000001 f 00000001 0 00
0000000000000251 7c25000000000000 0 00 00000000 0 0 0 0 0 0 0000000000000252 ffffffff f ffffffff 0 00
0000000000000252 3059e0b070000000 0 00 00000000 0 0 0 0 0 0 0000000000000253 ffffffff f ffffffff 0 00
0000000000000253 7c15000003e00005 0 00 00000000 0 0 0 0 0 0 0000000000000257 ffffffff f ffffffff 0 00
0000000000000257 0023060600000200 1 06 00000005 0 0 0 0 0 0 0000000000000258 ffffffff f ffffffff 0 00
0000000000000258 1010030c0400f000 0 00 00000000 0 0 0 0 0 0 0000000000000259 ffffffff f ffffffff 1 03
0000000000000259 7c25000000000000 0 00 00000000 0 0 0 0 0 0 000000000000025a ffffffff f ffffffff 0 00
000000000000025a 7cf5000000000000 0 00 00000000 0 0 0 0 0 0 000000000000025b ffffffff f ffffffff 0 00
