0000000000000000 343001000000f000 0 00 00000000 0 0 0 0 0 0 0000000000000001 ffffffff f ffffffff 1 01
0000000000000001 341107000001f000 0 00 00000000 0 0 0 0 0 0 0000000000000002 ffffffff f ffffffff 1 07
0000000000000002 34110c000003f000 0 00 00000000 0 0 0 0 0 0 0000000000000003 ffffffff f ffffffff 1 0c
0000000000000003 3019701070000000 0 00 00000000 0 0 0 0 0 0 0000000000000004 ffffffff f ffffffff 0 00
0000000000000004 7c1500000d70000e 0 00 00000000 0 0 0 0 0 0 0000000000000005 fffffffd f fffffffd 0 00
0000000000000005 341103000008f000 0 00 00000000 0 0 0 0 0 0 0000000000000006 fffffffd f fffffffd 1 03
0000000000000006 34110d000003f000 0 00 00000000 0 0 0 0 0 0 0000000000000007 fffffffd f fffffffd 1 0d
0000000000000007 10300c010d00f000 0 00 00000000 0 0 0 0 0 0 0000000000000008 fffffffd f fffffffd 1 0c
0000000000000008 10000c0c0700f000 0 00 00000000 0 0 0 0 0 0 0000000000000009 fffffffd f fffffffd 1 0c
0000000000000009 34110a000000f000 0 00 00000000 0 0 0 0 0 0 000000000000000a fffffffd f fffffffd 1 0a
000000000000000a 7c85000005000000 0 00 00000000 0 0 0 0 0 0 000000000000000b fffffffd f fffffffd 0 00
000000000000000b 3059e0a0c0000000 0 00 00000000 0 0 0 0 0 0 000000000000000c fffffffd f fffffffd 0 00
000000000000000c 3029d0a0c0000000 0 00 00000000 0 0 0 0 0 0 000000000000000d fffffffd f fffffffd 0 00
000000000000000d 101005070100f000 0 00 00000000 0 0 0 0 0 0 000000000000000e fffffffd f fffffffd 1 05
000000000000000e 7cb5000000e00000 0 00 00000000 0 0 0 0 0 0 000000000000000f fffffffd f fffffffd 0 00
000000000000000f 10000a0a0700f000 0 00 00000000 0 0 0 0 0 0 0000000000000010 fffffffd f fffffffd 1 0a
0000000000000010 7c95fffffad00000 0 00 00000000 0 0 0 0 0 0 000000000000000b fffffffd f fffffffd 0 00
000000000000000b 3059e0a0c0000000 0 00 00000000 0 0 0 0 0 0 000000000000000c fffffffd f fffffffd 0 00
000000000000000c 3029d0a0c0000000 0 00 00000000 0 0 0 0 0 0 000000000000000d fffffffd f fffffffd 0 00
000000000000000d 101005070100f000 0 00 00000000 0 0 0 0 0 0 000000000000000e fffffffd f fffffffd 1 05
000000000000000e 7cb5000000e00000 0 00 00000000 0 0 0 0 0 0 000000000000000f eeeeeeec f eeeeeeec 0 00
000000000000000f 10000a0a0700f000 0 00 00000000 0 0 0 0 0 0 0000000000000010 eeeeeeec f eeeeeeec 1 0a
0000000000000010 7c95fffffad00000 0 00 00000000 0 0 0 0 0 0 000000000000000b eeeeeeec f eeeeeeec 0 00
000000000000000b 3059e0a0c0000000 0 00 00000000 0 0 0 0 0 0 000000000000000c eeeeeeec f eeeeeeec 0 00
000000000000000c 3029d0a0c0000000 0 00 00000000 0 0 0 0 0 0 000000000000000d eeeeeeec f eeeeeeec 0 00
000000000000000d 101005070100f000 0 00 00000000 0 0 0 0 0 0 000000000000000e eeeeeeec f eeeeeeec 1 05
000000000000000e 7cb5000000e00000 0 00 00000000 0 0 0 0 0 0 000000000000000f cccccccc f cccccccc 0 00
000000000000000f 10000a0a0700f000 0 00 00000000 0 0 0 0 0 0 0000000000000010 cccccccc f cccccccc 1 0a
0000000000000010 7c95fffffad00000 0 00 00000000 0 0 0 0 0 0 000000000000000b cccccccc f cccccccc 0 00
000000000000000b 3059e0a0c0000000 0 00 00000000 0 0 0 0 0 0 000000000000000c cccccccc f cccccccc 0 00
000000000000000c 3029d0a0c0000000 0 00 00000000 0 0 0 0 0 0 000000000000000d cccccccc f cccccccc 0 00
000000000000000d 101005070100f000 0 00 00000000 0 0 0 0 0 0 000000000000000e cccccccc f cccccccc 1 05
000000000000000e 7cb5000000e00000 0 00 00000000 0 0 0 0 0 0 000000000000000f 88888888 f 88888888 0 00
000000000000000f 10000a0a0700f000 0 00 00000000 0 0 0 0 0 0 0000000000000010 88888888 f 88888888 1 0a
0000000000000010 7c95fffffad00000 0 00 00000000 0 0 0 0 0 0 000000000000000b 88888888 f 88888888 0 00
000000000000000b 3059e0a0c0000000 0 00 00000000 0 0 0 0 0 0 000000000000000c 88888888 f 88888888 0 00
000000000000000c 3029d0a0c0000000 0 00 00000000 0 0 0 0 0 0 000000000000000d 88888888 f 88888888 0 00
000000000000000d 101005070100f000 0 00 00000000 0 0 0 0 0 0 000000000000000e 88888888 f 88888888 1 05
0000000000000010 7cb5000000e00000 0 00 00000000 0 0 0 0 0 0 000000000000000f 00000000 f 00000000 0 00
0000000000000010 7c95fffffad00000 0 00 00000000 0 0 0 0 0 0 0000000000000011 fffffffd f fffffffd 0 00
0000000000000011 0205000001000000 0 00 00000000 0 0 0 0 0 1 0000000000000013 fffffffd f fffffffd 0 00
0000000000000013 7c25000000000000 0 00 00000000 0 0 0 0 0 0 0000000000000012 00000002 f 00000002 0 00
0000000000000012 101005040500f000 0 00 00000000 0 0 0 0 0 0 0000000000000013 00000002 f 00000002 1 05
0000000000000013 7c25000000000000 0 00 00000000 0 0 0 0 0 0 0000000000000014 ffffffff f ffffffff 0 00
0000000000000014 11100c040700f000 0 00 00000000 0 0 0 0 0 0 0000000000000015 ffffffff f ffffffff 1 0c
0000000000000015 7cf5000000000000 0 00 00000000 0 0 0 0 0 0 0000000000000016 ffffffff f ffffffff 0 00
