0000000000000000 00131d0000000000 1 1d 00000000 0 0 0 0000000000000001
0000000000000001 0013070000000000 1 07 00000000 0 0 0 0000000000000002
0000000000000002 00230701e5266d00 1 07 ffe5266d 0 0 0 0000000000000003
0000000000000003 00130c0025f5b900 1 0c 0025f5b9 0 0 0 0000000000000004
0000000000000004 00220b1302000000 1 0b 00000000 0 0 0 0000000000000005
0000000000000005 0072130e12000000 1 13 00000000 0 0 0 0000000000000006
0000000000000006 00b2010304000000 1 01 00000000 0 0 0 0000000000000007
0000000000000007 0112000514000000 0 00 00000000 5 0 0 0000000000000008
0000000000000008 0215000001020000 0 00 00000000 5 0 1 000000000000000a
000000000000000a 8506000000000000 0 00 00000000 5 0 0 000000000000000b
000000000000000b 0112000513000000 0 00 00000000 5 0 0 000000000000000c
000000000000000c 02150000020d0000 0 00 00000000 5 0 0 000000000000000d
000000000000000d 8506000000000000 0 00 00000000 5 0 0 000000000000000e
000000000000000e 8506000000000000 0 00 00000000 5 0 0 000000000000000f
000000000000000f 0102000b05000000 0 00 00000000 5 1 0 0000000000000010
0000000000000010 0215000003020000 0 00 00000000 5 1 0 0000000000000011
0000000000000011 8506000000000000 0 00 00000000 5 1 0 0000000000000012
0000000000000012 8506000000000000 0 00 00000000 5 1 0 0000000000000013
0000000000000013 8506000000000000 0 00 00000000 5 1 0 0000000000000014
0000000000000014 0013120000ce8d00 1 12 0000ce8d 5 1 0 0000000000000015
0000000000000015 0122000702000000 0 00 00000000 6 0 0 0000000000000016
0000000000000016 02150000020d0000 0 00 00000000 6 0 0 0000000000000017
0000000000000017 8506000000000000 0 00 00000000 6 0 0 0000000000000018
0000000000000018 8506000000000000 0 00 00000000 6 0 0 0000000000000019
0000000000000019 00130400ffffff00 1 04 ffffffff 6 0 0 000000000000001a
000000000000001a 8506000000000000 0 00 00000000 6 0 0 000000000000001b
000000000000001b 00a2051006000000 1 05 00000000 6 0 0 000000000000001c
000000000000001c 0092081200000000 1 08 ffff3172 6 0 0 000000000000001d
000000000000001d 00231004996a6a00 1 10 ff996a69 6 0 0 000000000000001e
000000000000001e 0073050fffffff00 1 05 00000001 6 0 0 000000000000001f
000000000000001f 8506000000000000 0 00 00000000 6 0 0 0000000000000020
0000000000000020 00131e0000000100 1 1e 00000001 6 0 0 0000000000000021
0000000000000021 0023151500000100 1 15 00000001 6 0 0 0000000000000022
0000000000000022 00731e1e00000100 1 1e 00000000 6 0 0 0000000000000023
0000000000000023 0102001e1d000000 0 00 00000000 5 1 0 0000000000000024
0000000000000024 0215fffffc040000 0 00 00000000 5 1 0 0000000000000025
0000000000000025 7cf5000000000000 0 00 00000000 5 1 0 0000000000000026
DONE retired=37 fault=00 pc=0000000000000025
