0000000000000000 00131d0000000000 1 1d 00000000 0 0 0 0000000000000001
0000000000000001 00820c1002000000 1 0c 00000000 0 0 0 0000000000000002
0000000000000002 00230e01aaaaaa00 1 0e ffaaaaaa 0 0 0 0000000000000003
0000000000000003 00720e1212000000 1 0e 00000000 0 0 0 0000000000000004
0000000000000004 0042031204000000 1 03 00000000 0 0 0 0000000000000005
0000000000000005 001305007f2c1c00 1 05 007f2c1c 0 0 0 0000000000000006
0000000000000006 8506000000000000 0 00 00000000 0 0 0 0000000000000007
0000000000000007 00130b00ac950000 1 0b ffac9500 0 0 0 0000000000000008
0000000000000008 00130400a7314600 1 04 ffa73146 0 0 0 0000000000000009
0000000000000009 0112000511000000 0 00 00000000 4 0 0 000000000000000a
000000000000000a 0215000003040000 0 00 00000000 4 0 1 000000000000000e
000000000000000e 0032021010000000 1 02 00000000 4 0 0 000000000000000f
000000000000000f 8506000000000000 0 00 00000000 4 0 0 0000000000000010
0000000000000010 00730401ffffff00 1 04 00000001 4 0 0 0000000000000011
0000000000000011 00130300a6141400 1 03 ffa61414 4 0 0 0000000000000012
0000000000000012 0072060613000000 1 06 00000000 4 0 0 0000000000000013
0000000000000013 00b3090d00000f00 1 09 00000000 4 0 0 0000000000000014
0000000000000014 00a3130200000a00 1 13 00000000 4 0 0 0000000000000015
0000000000000015 00a30b0600000000 1 0b 00000000 4 0 0 0000000000000016
0000000000000016 00130800ffffff00 1 08 ffffffff 4 0 0 0000000000000017
0000000000000017 0102000109000000 0 00 00000000 5 1 0 0000000000000018
0000000000000018 02150000010e0000 0 00 00000000 5 1 1 000000000000001a
000000000000001a 00b203110f000000 1 03 00000000 5 1 0 000000000000001b
000000000000001b 0112001411000000 0 00 00000000 5 0 0 000000000000001c
000000000000001c 0215000002030000 0 00 00000000 5 0 1 000000000000001f
000000000000001f 00131200aba58d00 1 12 ffaba58d 5 0 0 0000000000000020
0000000000000020 0102000701000000 0 00 00000000 5 1 0 0000000000000021
0000000000000021 02150000010b0000 0 00 00000000 5 1 0 0000000000000022
0000000000000022 8506000000000000 0 00 00000000 5 1 0 0000000000000023
0000000000000023 8506000000000000 0 00 00000000 5 1 0 0000000000000024
0000000000000024 0112001410000000 0 00 00000000 5 0 0 0000000000000025
0000000000000025 02150000010e0000 0 00 00000000 5 0 1 0000000000000027
0000000000000027 8506000000000000 0 00 00000000 5 0 0 0000000000000028
0000000000000028 00130d00bbd48200 1 0d ffbbd482 5 0 0 0000000000000029
0000000000000029 00230d0dffffff00 1 0d ffbbd481 5 0 0 000000000000002a
000000000000002a 8506000000000000 0 00 00000000 5 0 0 000000000000002b
000000000000002b 00131100e700c400 1 11 ffe700c4 5 0 0 000000000000002c
000000000000002c 0306000000000b00 1 0b 00000000 5 0 0 000000000000002d
000000000000002d 0072080d10000000 1 08 ffbbd481 5 0 0 000000000000002e
000000000000002e 00130e0000000000 1 0e 00000000 5 0 0 000000000000002f
000000000000002f 0102000106000000 0 00 00000000 5 1 0 0000000000000030
0000000000000030 0215000003010000 0 00 00000000 5 1 1 0000000000000034
0000000000000034 00131200d22dad00 1 12 ffd22dad 5 1 0 0000000000000035
0000000000000035 00131e0000000200 1 1e 00000002 5 1 0 0000000000000036
0000000000000036 0023151500000100 1 15 00000001 5 1 0 0000000000000037
0000000000000037 00731e1e00000100 1 1e 00000001 5 1 0 0000000000000038
0000000000000038 0102001e1d000000 0 00 00000000 4 0 0 0000000000000039
0000000000000039 0215fffffc040000 0 00 00000000 4 0 1 0000000000000036
0000000000000036 0023151500000100 1 15 00000002 4 0 0 0000000000000037
0000000000000037 00731e1e00000100 1 1e 00000000 4 0 0 0000000000000038
0000000000000038 0102001e1d000000 0 00 00000000 5 1 0 0000000000000039
0000000000000039 0215fffffc040000 0 00 00000000 5 1 0 000000000000003a
000000000000003a 7cf5000000000000 0 00 00000000 5 1 0 000000000000003b
DONE retired=53 fault=00 pc=000000000000003a
