0000000000000000 00131d0000000000 1 1d 00000000 0 0 0 0000000000000001
0000000000000001 00130a0000000000 1 0a 00000000 0 0 0 0000000000000002
0000000000000002 0112000603000000 0 00 00000000 5 0 0 0000000000000003
0000000000000003 02150000010b0000 0 00 00000000 5 0 0 0000000000000004
0000000000000004 8506000000000000 0 00 00000000 5 0 0 0000000000000005
0000000000000005 8506000000000000 0 00 00000000 5 0 0 0000000000000006
0000000000000006 0063140e00001500 1 14 00000000 5 0 0 0000000000000007
0000000000000007 0102000701000000 0 00 00000000 5 1 0 0000000000000008
0000000000000008 02150000010b0000 0 00 00000000 5 1 0 0000000000000009
0000000000000009 8506000000000000 0 00 00000000 5 1 0 000000000000000a
000000000000000a 00630e1300000000 1 0e 00000000 5 1 0 000000000000000b
000000000000000b 00a20d0b13000000 1 0d 00000000 5 1 0 000000000000000c
000000000000000c 0092090c00000000 1 09 ffffffff 5 1 0 000000000000000d
000000000000000d 0022041408000000 1 04 00000000 5 1 0 000000000000000e
000000000000000e 8506000000000000 0 00 00000000 5 1 0 000000000000000f
000000000000000f 00a3050500001d00 1 05 00000000 5 1 0 0000000000000010
0000000000000010 0022010b10000000 1 01 00000000 5 1 0 0000000000000011
0000000000000011 0306000000001200 1 12 00000000 5 1 0 0000000000000012
0000000000000012 00920a1100000000 1 0a ffffffff 5 1 0 0000000000000013
0000000000000013 00131e0000000100 1 1e 00000001 5 1 0 0000000000000014
0000000000000014 0023151500000100 1 15 00000001 5 1 0 0000000000000015
0000000000000015 00731e1e00000100 1 1e 00000000 5 1 0 0000000000000016
0000000000000016 0102001e1d000000 0 00 00000000 5 1 0 0000000000000017
0000000000000017 0215fffffc040000 0 00 00000000 5 1 0 0000000000000018
0000000000000018 7cf5000000000000 0 00 00000000 5 1 0 0000000000000019
DONE retired=25 fault=00 pc=0000000000000018
