0000000000000000 00131d0000000000 1 1d 00000000 0 0 0 0000000000000001
0000000000000001 002306121dd42100 1 06 001dd421 0 0 0 0000000000000002
0000000000000002 00130c000b2c7a00 1 0c 000b2c7a 0 0 0 0000000000000003
0000000000000003 0122000a13000000 0 00 00000000 5 0 0 0000000000000004
0000000000000004 0215000003030000 0 00 00000000 5 0 1 0000000000000008
0000000000000008 8506000000000000 0 00 00000000 5 0 0 0000000000000009
0000000000000009 0032130e0f000000 1 13 00000000 5 0 0 000000000000000a
000000000000000a 0112001310000000 0 00 00000000 5 0 0 000000000000000b
000000000000000b 0215000001040000 0 00 00000000 5 0 0 000000000000000c
000000000000000c 8506000000000000 0 00 00000000 5 0 0 000000000000000d
000000000000000d 8506000000000000 0 00 00000000 5 0 0 000000000000000e
000000000000000e 8506000000000000 0 00 00000000 5 0 0 000000000000000f
000000000000000f 8506000000000000 0 00 00000000 5 0 0 0000000000000010
0000000000000010 00a30d1400001e00 1 0d 00000000 5 0 0 0000000000000011
0000000000000011 0042111106000000 1 11 00000000 5 0 0 0000000000000012
0000000000000012 0112001302000000 0 00 00000000 5 0 0 0000000000000013
0000000000000013 0215000001020000 0 00 00000000 5 0 1 0000000000000015
0000000000000015 0122000304000000 0 00 00000000 5 0 0 0000000000000016
0000000000000016 0215000002030000 0 00 00000000 5 0 1 0000000000000019
0000000000000019 8506000000000000 0 00 00000000 5 0 0 000000000000001a
000000000000001a 00230307a87c4a00 1 03 ffa87c4a 5 0 0 000000000000001b
000000000000001b 0022110912000000 1 11 00000000 5 0 0 000000000000001c
000000000000001c 00b3060500000b00 1 06 00000000 5 0 0 000000000000001d
000000000000001d 007305028085bc00 1 05 007f7a44 5 0 0 000000000000001e
000000000000001e 006214020a000000 1 14 00000000 5 0 0 000000000000001f
000000000000001f 0042090301000000 1 09 00000000 5 0 0 0000000000000020
0000000000000020 00b20e0209000000 1 0e 00000000 5 0 0 0000000000000021
0000000000000021 0073100ed113f300 1 10 002eec0d 5 0 0 0000000000000022
0000000000000022 00130300bae93400 1 03 ffbae934 5 0 0 0000000000000023
0000000000000023 0023100c1bc10000 1 10 0026ed7a 5 0 0 0000000000000024
0000000000000024 8506000000000000 0 00 00000000 5 0 0 0000000000000025
0000000000000025 00130e00ffffff00 1 0e ffffffff 5 0 0 0000000000000026
0000000000000026 0102000307000000 0 00 00000000 6 0 0 0000000000000027
0000000000000027 02150000030b0000 0 00 00000000 6 0 1 000000000000002b
000000000000002b 8506000000000000 0 00 00000000 6 0 0 000000000000002c
000000000000002c 0112000114000000 0 00 00000000 5 0 0 000000000000002d
000000000000002d 0215000002030000 0 00 00000000 5 0 1 0000000000000030
0000000000000030 00130e00aaaaaa00 1 0e ffaaaaaa 5 0 0 0000000000000031
0000000000000031 00131e0000000300 1 1e 00000003 5 0 0 0000000000000032
0000000000000032 0023151500000100 1 15 00000001 5 0 0 0000000000000033
0000000000000033 00731e1e00000100 1 1e 00000002 5 0 0 0000000000000034
0000000000000034 0102001e1d000000 0 00 00000000 4 0 0 0000000000000035
0000000000000035 0215fffffc040000 0 00 00000000 4 0 1 0000000000000032
0000000000000032 0023151500000100 1 15 00000002 4 0 0 0000000000000033
0000000000000033 00731e1e00000100 1 1e 00000001 4 0 0 0000000000000034
0000000000000034 0102001e1d000000 0 00 00000000 4 0 0 0000000000000035
0000000000000035 0215fffffc040000 0 00 00000000 4 0 1 0000000000000032
0000000000000032 0023151500000100 1 15 00000003 4 0 0 0000000000000033
0000000000000033 00731e1e00000100 1 1e 00000000 4 0 0 0000000000000034
0000000000000034 0102001e1d000000 0 00 00000000 5 1 0 0000000000000035
0000000000000035 0215fffffc040000 0 00 00000000 5 1 0 0000000000000036
0000000000000036 7cf5000000000000 0 00 00000000 5 1 0 0000000000000037
DONE retired=52 fault=00 pc=0000000000000036
