0000000000000000 0013140000004d00 1 14 0000004d 0 0 0 0000000000000001 55555555 f 55555555 0 00 55555555
0000000000000001 104103057ffff000 0 00 00000000 0 0 0 0000000000000002 55555555 f 55555555 1 03 55555555
0000000000000002 10610406000af000 0 00 00000000 0 0 0 0000000000000003 55555555 f 55555555 1 04 55555555
0000000000000003 341106008000f000 0 00 00000000 0 0 0 0000000000000004 55555555 f 55555555 1 06 55555555
0000000000000004 0013160000000100 1 16 00000001 0 0 0 0000000000000005 55555555 f 55555555 0 00 55555555
0000000000000005 342005160000f000 0 00 00000000 0 0 0 0000000000000006 55555555 f 55555555 1 05 55555555
0000000000000006 10810505003ff000 0 00 00000000 0 0 0 0000000000000007 55555555 f 55555555 1 05 55555555
0000000000000007 101005040400f000 0 00 00000000 0 0 0 0000000000000008 55555555 f 55555555 1 05 55555555
0000000000000008 340004040000f000 0 00 00000000 0 0 0 0000000000000009 55555555 f 55555555 1 04 55555555
0000000000000009 102005030300f000 0 00 00000000 0 0 0 000000000000000a 55555555 f 55555555 1 05 55555555
000000000000000a 3430020000004000 0 00 00000000 0 0 0 000000000000000b 55555555 4 00000001 1 02 00000001
000000000000000b 1050020202001000 0 00 00000000 0 0 0 000000000000000c 55555555 1 00000000 1 02 00000000
000000000000000c 340006030000f000 0 00 00000000 0 0 0 000000000000000d 55555555 f 55555555 1 06 55555555
000000000000000d 341106007ffff000 0 00 00000000 0 0 0 000000000000000e 55555555 f 55555555 1 06 55555555
000000000000000e 107103030000f000 0 00 00000000 0 0 0 000000000000000f 55555555 f 55555555 1 03 55555555
000000000000000f 104105030000f000 0 00 00000000 0 0 0 0000000000000010 55555555 f 55555555 1 05 55555555
0000000000000010 103102030000f000 0 00 00000000 0 0 0 0000000000000011 55555555 f 55555555 1 02 55555555
0000000000000011 00131e0000000100 1 1e 00000001 0 0 0 0000000000000012 55555555 f 55555555 0 00 55555555
0000000000000012 0023171700000100 1 17 00000001 0 0 0 0000000000000013 55555555 f 55555555 0 00 55555555
0000000000000013 00731e1e00000100 1 1e 00000000 0 0 0 0000000000000014 55555555 f 55555555 0 00 55555555
0000000000000014 0013180000000000 1 18 00000000 0 0 0 0000000000000015 55555555 f 55555555 0 00 55555555
0000000000000015 0102001e18000000 0 00 00000000 5 1 0 0000000000000016 55555555 f 55555555 0 00 55555555
0000000000000016 0215fffffb040000 0 00 00000000 5 1 0 0000000000000017 55555555 f 55555555 0 00 55555555
0000000000000017 7cf5000000000000 0 00 00000000 5 1 0 0000000000000018 55555555 f 55555555 0 00 55555555
DONE retired=24 fault=00 pc=0000000000000017
