0000000000000000 0013140000004d00 1 14 0000004d 0 0 0 0000000000000001 000001ff f 000001ff 0 00 000001ff
0000000000000001 00131500ffffff00 1 15 ffffffff 0 0 0 0000000000000002 000001ff f 000001ff 0 00 000001ff
0000000000000002 342006150000f000 0 00 00000000 0 0 0 0000000000000003 000001ff f 000001ff 1 06 000001ff
0000000000000003 101104040000f000 0 00 00000000 0 0 0 0000000000000004 000001ff f 000001ff 1 04 000001ff
0000000000000004 00131600ffffff00 1 16 ffffffff 0 0 0 0000000000000005 000001ff f 000001ff 0 00 000001ff
0000000000000005 342005160000f000 0 00 00000000 0 0 0 0000000000000006 000001ff f 000001ff 1 05 000001ff
0000000000000006 108102050020f000 0 00 00000000 0 0 0 0000000000000007 000001ff f 000001ff 1 02 000001ff
0000000000000007 340004050000f000 0 00 00000000 0 0 0 0000000000000008 000001ff f 000001ff 1 04 000001ff
0000000000000008 340002040000f000 0 00 00000000 0 0 0 0000000000000009 000001ff f 000001ff 1 02 000001ff
0000000000000009 104003030600f000 0 00 00000000 0 0 0 000000000000000a 000001ff f 000001ff 1 03 000001ff
000000000000000a 34110600b925a000 0 00 00000000 0 0 0 000000000000000b 000001ff a 00000001 1 06 00000001
000000000000000b 0013160000000000 1 16 00000000 0 0 0 000000000000000c 000001ff f 000001ff 0 00 000001ff
000000000000000c 342003160000f000 0 00 00000000 0 0 0 000000000000000d 000001ff f 000001ff 1 03 000001ff
000000000000000d 108103030000f000 0 00 00000000 0 0 0 000000000000000e 000001ff f 000001ff 1 03 000001ff
000000000000000e 00131e0000000100 1 1e 00000001 0 0 0 000000000000000f 000001ff f 000001ff 0 00 000001ff
000000000000000f 0023171700000100 1 17 00000001 0 0 0 0000000000000010 000001ff f 000001ff 0 00 000001ff
0000000000000010 00731e1e00000100 1 1e 00000000 0 0 0 0000000000000011 000001ff f 000001ff 0 00 000001ff
0000000000000011 0013180000000000 1 18 00000000 0 0 0 0000000000000012 000001ff f 000001ff 0 00 000001ff
0000000000000012 0102001e18000000 0 00 00000000 5 1 0 0000000000000013 000001ff f 000001ff 0 00 000001ff
0000000000000013 0215fffffb040000 0 00 00000000 5 1 0 0000000000000014 000001ff f 000001ff 0 00 000001ff
0000000000000014 7cf5000000000000 0 00 00000000 5 1 0 0000000000000015 000001ff f 000001ff 0 00 000001ff
DONE retired=21 fault=00 pc=0000000000000014
