0000000000000000 00131d0000000000 1 1d 00000000 0 0 0 0000000000000001
0000000000000001 002313137baaf900 1 13 007baaf9 0 0 0 0000000000000002
0000000000000002 8506000000000000 0 00 00000000 0 0 0 0000000000000003
0000000000000003 0122000105000000 0 00 00000000 5 0 0 0000000000000004
0000000000000004 02150000030b0000 0 00 00000000 5 0 0 0000000000000005
0000000000000005 8506000000000000 0 00 00000000 5 0 0 0000000000000006
0000000000000006 8506000000000000 0 00 00000000 5 0 0 0000000000000007
0000000000000007 8506000000000000 0 00 00000000 5 0 0 0000000000000008
0000000000000008 0042030d10000000 1 03 00000000 5 0 0 0000000000000009
0000000000000009 00130f005f46af00 1 0f 005f46af 5 0 0 000000000000000a
000000000000000a 00920e0800000000 1 0e ffffffff 5 0 0 000000000000000b
000000000000000b 00b2090504000000 1 09 00000000 5 0 0 000000000000000c
000000000000000c 0073031409e29800 1 03 fff61d68 5 0 0 000000000000000d
000000000000000d 00230c0776310200 1 0c 00763102 5 0 0 000000000000000e
000000000000000e 010200030a000000 0 00 00000000 6 0 0 000000000000000f
000000000000000f 02150000030c0000 0 00 00000000 6 0 0 0000000000000010
0000000000000010 8506000000000000 0 00 00000000 6 0 0 0000000000000011
0000000000000011 8506000000000000 0 00 00000000 6 0 0 0000000000000012
0000000000000012 8506000000000000 0 00 00000000 6 0 0 0000000000000013
0000000000000013 00131e0000000200 1 1e 00000002 6 0 0 0000000000000014
0000000000000014 0023151500000100 1 15 00000001 6 0 0 0000000000000015
0000000000000015 00731e1e00000100 1 1e 00000001 6 0 0 0000000000000016
0000000000000016 0102001e1d000000 0 00 00000000 4 0 0 0000000000000017
0000000000000017 0215fffffc040000 0 00 00000000 4 0 1 0000000000000014
0000000000000014 0023151500000100 1 15 00000002 4 0 0 0000000000000015
0000000000000015 00731e1e00000100 1 1e 00000000 4 0 0 0000000000000016
0000000000000016 0102001e1d000000 0 00 00000000 5 1 0 0000000000000017
0000000000000017 0215fffffc040000 0 00 00000000 5 1 0 0000000000000018
0000000000000018 7cf5000000000000 0 00 00000000 5 1 0 0000000000000019
DONE retired=29 fault=00 pc=0000000000000018
