0000000000000000 00131d0000000000 1 1d 00000000 0 0 0 0000000000000001
0000000000000001 8506000000000000 0 00 00000000 0 0 0 0000000000000002
0000000000000002 00130200ea4a8800 1 02 ffea4a88 0 0 0 0000000000000003
0000000000000003 00b2090f0e000000 1 09 00000000 0 0 0 0000000000000004
0000000000000004 0306000000000600 1 06 00000000 0 0 0 0000000000000005
0000000000000005 007306096964b500 1 06 ff969b4b 0 0 0 0000000000000006
0000000000000006 00b30f0b00000a00 1 0f 00000000 0 0 0 0000000000000007
0000000000000007 0092041400000000 1 04 ffffffff 0 0 0 0000000000000008
0000000000000008 8506000000000000 0 00 00000000 0 0 0 0000000000000009
0000000000000009 8506000000000000 0 00 00000000 0 0 0 000000000000000a
000000000000000a 0073070355555500 1 07 ffaaaaab 0 0 0 000000000000000b
000000000000000b 0013140000000000 1 14 00000000 0 0 0 000000000000000c
000000000000000c 010200120f000000 0 00 00000000 5 1 0 000000000000000d
000000000000000d 02150000010b0000 0 00 00000000 5 1 0 000000000000000e
000000000000000e 8506000000000000 0 00 00000000 5 1 0 000000000000000f
000000000000000f 0092130400000000 1 13 00000000 5 1 0 0000000000000010
0000000000000010 00130e00ffffff00 1 0e ffffffff 5 1 0 0000000000000011
0000000000000011 0122001404000000 0 00 00000000 0 1 0 0000000000000012
0000000000000012 02150000020c0000 0 00 00000000 0 1 1 0000000000000015
0000000000000015 8506000000000000 0 00 00000000 0 1 0 0000000000000016
0000000000000016 00420f110c000000 1 0f 00000000 0 1 0 0000000000000017
0000000000000017 00920e1000000000 1 0e ffffffff 0 1 0 0000000000000018
0000000000000018 8506000000000000 0 00 00000000 0 1 0 0000000000000019
0000000000000019 0013120000000000 1 12 00000000 0 1 0 000000000000001a
000000000000001a 0013110074a1ff00 1 11 0074a1ff 0 1 0 000000000000001b
000000000000001b 00520a0a04000000 1 0a ffffffff 0 1 0 000000000000001c
000000000000001c 0092120100000000 1 12 ffffffff 0 1 0 000000000000001d
000000000000001d 8506000000000000 0 00 00000000 0 1 0 000000000000001e
000000000000001e 8506000000000000 0 00 00000000 0 1 0 000000000000001f
000000000000001f 00131300f5927d00 1 13 fff5927d 0 1 0 0000000000000020
0000000000000020 00131e0000000200 1 1e 00000002 0 1 0 0000000000000021
0000000000000021 0023151500000100 1 15 00000001 0 1 0 0000000000000022
0000000000000022 00731e1e00000100 1 1e 00000001 0 1 0 0000000000000023
0000000000000023 0102001e1d000000 0 00 00000000 4 0 0 0000000000000024
0000000000000024 0215fffffc040000 0 00 00000000 4 0 1 0000000000000021
0000000000000021 0023151500000100 1 15 00000002 4 0 0 0000000000000022
0000000000000022 00731e1e00000100 1 1e 00000000 4 0 0 0000000000000023
0000000000000023 0102001e1d000000 0 00 00000000 5 1 0 0000000000000024
0000000000000024 0215fffffc040000 0 00 00000000 5 1 0 0000000000000025
0000000000000025 7cf5000000000000 0 00 00000000 5 1 0 0000000000000026
DONE retired=40 fault=00 pc=0000000000000025
