0000000000000000 00131d0000000000 1 1d 00000000 0 0 0 0000000000000001
0000000000000001 0122001312000000 0 00 00000000 5 0 0 0000000000000002
0000000000000002 0215000002010000 0 00 00000000 5 0 0 0000000000000003
0000000000000003 8506000000000000 0 00 00000000 5 0 0 0000000000000004
0000000000000004 8506000000000000 0 00 00000000 5 0 0 0000000000000005
0000000000000005 0306000000000300 1 03 00000000 5 0 0 0000000000000006
0000000000000006 8506000000000000 0 00 00000000 5 0 0 0000000000000007
0000000000000007 0112001113000000 0 00 00000000 5 0 0 0000000000000008
0000000000000008 0215000002020000 0 00 00000000 5 0 1 000000000000000b
000000000000000b 0013090013186700 1 09 00131867 5 0 0 000000000000000c
000000000000000c 00720e0b06000000 1 0e 00000000 5 0 0 000000000000000d
000000000000000d 0112000403000000 0 00 00000000 5 0 0 000000000000000e
000000000000000e 0215000002010000 0 00 00000000 5 0 0 000000000000000f
000000000000000f 8506000000000000 0 00 00000000 5 0 0 0000000000000010
0000000000000010 8506000000000000 0 00 00000000 5 0 0 0000000000000011
0000000000000011 00130800e3b1c600 1 08 ffe3b1c6 5 0 0 0000000000000012
0000000000000012 0306000000000400 1 04 00000000 5 0 0 0000000000000013
0000000000000013 8506000000000000 0 00 00000000 5 0 0 0000000000000014
0000000000000014 00131100aaaaaa00 1 11 ffaaaaaa 5 0 0 0000000000000015
0000000000000015 00a3120d00001f00 1 12 00000000 5 0 0 0000000000000016
0000000000000016 0063111200000100 1 11 00000000 5 0 0 0000000000000017
0000000000000017 8506000000000000 0 00 00000000 5 0 0 0000000000000018
0000000000000018 0073031300000000 1 03 00000000 5 0 0 0000000000000019
0000000000000019 0042040511000000 1 04 00000000 5 0 0 000000000000001a
000000000000001a 00131000ffffff00 1 10 ffffffff 5 0 0 000000000000001b
000000000000001b 8506000000000000 0 00 00000000 5 0 0 000000000000001c
000000000000001c 00630f0d00001100 1 0f 00000000 5 0 0 000000000000001d
000000000000001d 0013050000000000 1 05 00000000 5 0 0 000000000000001e
000000000000001e 8506000000000000 0 00 00000000 5 0 0 000000000000001f
000000000000001f 0023061116b5c900 1 06 0016b5c9 5 0 0 0000000000000020
0000000000000020 0063100200001100 1 10 00000000 5 0 0 0000000000000021
0000000000000021 0072100906000000 1 10 fffc629e 5 0 0 0000000000000022
0000000000000022 00a3030800001000 1 03 0000ffe3 5 0 0 0000000000000023
0000000000000023 0013040055555500 1 04 00555555 5 0 0 0000000000000024
0000000000000024 00730d10266ca400 1 0d ffd5f5fa 5 0 0 0000000000000025
0000000000000025 0023040e00000000 1 04 00000000 5 0 0 0000000000000026
0000000000000026 00320c0a0b000000 1 0c 00000000 5 0 0 0000000000000027
0000000000000027 0122000809000000 0 00 00000000 6 0 0 0000000000000028
0000000000000028 0215000002020000 0 00 00000000 6 0 1 000000000000002b
000000000000002b 8506000000000000 0 00 00000000 6 0 0 000000000000002c
000000000000002c 001309008efee300 1 09 ff8efee3 6 0 0 000000000000002d
000000000000002d 00b2130a10000000 1 13 00000000 6 0 0 000000000000002e
000000000000002e 8506000000000000 0 00 00000000 6 0 0 000000000000002f
000000000000002f 0092130c00000000 1 13 ffffffff 6 0 0 0000000000000030
0000000000000030 0013040055555500 1 04 00555555 6 0 0 0000000000000031
0000000000000031 0102000210000000 0 00 00000000 0 0 0 0000000000000032
0000000000000032 0215000003020000 0 00 00000000 0 0 1 0000000000000036
0000000000000036 00131e0000000400 1 1e 00000004 0 0 0 0000000000000037
0000000000000037 0023151500000100 1 15 00000001 0 0 0 0000000000000038
0000000000000038 00731e1e00000100 1 1e 00000003 0 0 0 0000000000000039
0000000000000039 0102001e1d000000 0 00 00000000 4 0 0 000000000000003a
000000000000003a 0215fffffc040000 0 00 00000000 4 0 1 0000000000000037
0000000000000037 0023151500000100 1 15 00000002 4 0 0 0000000000000038
0000000000000038 00731e1e00000100 1 1e 00000002 4 0 0 0000000000000039
0000000000000039 0102001e1d000000 0 00 00000000 4 0 0 000000000000003a
000000000000003a 0215fffffc040000 0 00 00000000 4 0 1 0000000000000037
0000000000000037 0023151500000100 1 15 00000003 4 0 0 0000000000000038
0000000000000038 00731e1e00000100 1 1e 00000001 4 0 0 0000000000000039
0000000000000039 0102001e1d000000 0 00 00000000 4 0 0 000000000000003a
000000000000003a 0215fffffc040000 0 00 00000000 4 0 1 0000000000000037
0000000000000037 0023151500000100 1 15 00000004 4 0 0 0000000000000038
0000000000000038 00731e1e00000100 1 1e 00000000 4 0 0 0000000000000039
0000000000000039 0102001e1d000000 0 00 00000000 5 1 0 000000000000003a
000000000000003a 0215fffffc040000 0 00 00000000 5 1 0 000000000000003b
000000000000003b 7cf5000000000000 0 00 00000000 5 1 0 000000000000003c
DONE retired=65 fault=00 pc=000000000000003b
