0000000000000000 0013140000004d00 1 14 0000004d 0 0 0 0000000000000001 fffffffc f fffffffc 0 00 fffffffc
0000000000000001 340004050000f000 0 00 00000000 0 0 0 0000000000000002 fffffffc f fffffffc 1 04 fffffffc
0000000000000002 106104020001f000 0 00 00000000 0 0 0 0000000000000003 fffffffc f fffffffc 1 04 fffffffc
0000000000000003 10110602cab4f000 0 00 00000000 0 0 0 0000000000000004 fffffffc f fffffffc 1 06 fffffffc
0000000000000004 101004020500f000 0 00 00000000 0 0 0 0000000000000005 fffffffc f fffffffc 1 04 fffffffc
0000000000000005 343002000000f000 0 00 00000000 0 0 0 0000000000000006 fffffffc f fffffffc 1 02 fffffffc
0000000000000006 0013150000000000 1 15 00000000 0 0 0 0000000000000007 fffffffc f fffffffc 0 00 fffffffc
0000000000000007 342002150000f000 0 00 00000000 0 0 0 0000000000000008 fffffffc f fffffffc 1 02 fffffffc
0000000000000008 0013160000000000 1 16 00000000 0 0 0 0000000000000009 fffffffc f fffffffc 0 00 fffffffc
0000000000000009 342002160000f000 0 00 00000000 0 0 0 000000000000000a fffffffc f fffffffc 1 02 fffffffc
000000000000000a 108103020020f000 0 00 00000000 0 0 0 000000000000000b fffffffc f fffffffc 1 03 fffffffc
000000000000000b 00131600ffffff00 1 16 ffffffff 0 0 0 000000000000000c fffffffc f fffffffc 0 00 fffffffc
000000000000000c 342006160000f000 0 00 00000000 0 0 0 000000000000000d fffffffc f fffffffc 1 06 fffffffc
000000000000000d 10810506001ff000 0 00 00000000 0 0 0 000000000000000e fffffffc f fffffffc 1 05 fffffffc
000000000000000e 101004030300f000 0 00 00000000 0 0 0 000000000000000f fffffffc f fffffffc 1 04 fffffffc
000000000000000f 100004060400f000 0 00 00000000 0 0 0 0000000000000010 fffffffc f fffffffc 1 04 fffffffc
0000000000000010 103003020200f000 0 00 00000000 0 0 0 0000000000000011 fffffffc f fffffffc 1 03 fffffffc
0000000000000011 103005030200f000 0 00 00000000 0 0 0 0000000000000012 fffffffc f fffffffc 1 05 fffffffc
0000000000000012 104003060500e000 0 00 00000000 0 0 0 0000000000000013 fffffffc e 80000000 1 03 80000000
0000000000000013 343002000000f000 0 00 00000000 0 0 0 0000000000000014 fffffffc f fffffffc 1 02 fffffffc
0000000000000014 107106020021f000 0 00 00000000 0 0 0 0000000000000015 fffffffc f fffffffc 1 06 fffffffc
0000000000000015 1030040405009000 0 00 00000000 0 0 0 0000000000000016 fffffffc 9 fffffffc 1 04 fffffffc
0000000000000016 343004000000f000 0 00 00000000 0 0 0 0000000000000017 fffffffc f fffffffc 1 04 fffffffc
0000000000000017 106102040021f000 0 00 00000000 0 0 0 0000000000000018 fffffffc f fffffffc 1 02 fffffffc
0000000000000018 101004020600f000 0 00 00000000 0 0 0 0000000000000019 fffffffc f fffffffc 1 04 fffffffc
0000000000000019 102005030600f000 0 00 00000000 0 0 0 000000000000001a fffffffc f fffffffc 1 05 fffffffc
000000000000001a 340006030000f000 0 00 00000000 0 0 0 000000000000001b fffffffc f fffffffc 1 06 fffffffc
000000000000001b 10710602003ff000 0 00 00000000 0 0 0 000000000000001c fffffffc f fffffffc 1 06 fffffffc
000000000000001c 343006000000f000 0 00 00000000 0 0 0 000000000000001d fffffffc f fffffffc 1 06 fffffffc
000000000000001d 00131600ffffff00 1 16 ffffffff 0 0 0 000000000000001e fffffffc f fffffffc 0 00 fffffffc
000000000000001e 342002160000f000 0 00 00000000 0 0 0 000000000000001f fffffffc f fffffffc 1 02 fffffffc
000000000000001f 10810202001ff000 0 00 00000000 0 0 0 0000000000000020 fffffffc f fffffffc 1 02 fffffffc
0000000000000020 1010060403003000 0 00 00000000 0 0 0 0000000000000021 fffffffc 3 00000000 1 06 00000000
0000000000000021 343006000000f000 0 00 00000000 0 0 0 0000000000000022 fffffffc f fffffffc 1 06 fffffffc
0000000000000022 10610506000ff000 0 00 00000000 0 0 0 0000000000000023 fffffffc f fffffffc 1 05 fffffffc
0000000000000023 00131e0000000200 1 1e 00000002 0 0 0 0000000000000024 fffffffc f fffffffc 0 00 fffffffc
0000000000000024 0023171700000100 1 17 00000001 0 0 0 0000000000000025 fffffffc f fffffffc 0 00 fffffffc
0000000000000025 00731e1e00000100 1 1e 00000001 0 0 0 0000000000000026 fffffffc f fffffffc 0 00 fffffffc
0000000000000026 0013180000000000 1 18 00000000 0 0 0 0000000000000027 fffffffc f fffffffc 0 00 fffffffc
0000000000000027 0102001e18000000 0 00 00000000 4 0 0 0000000000000028 fffffffc f fffffffc 0 00 fffffffc
0000000000000028 0215fffffb040000 0 00 00000000 4 0 1 0000000000000024 fffffffc f fffffffc 0 00 fffffffc
0000000000000024 0023171700000100 1 17 00000002 4 0 0 0000000000000025 fffffffc f fffffffc 0 00 fffffffc
0000000000000025 00731e1e00000100 1 1e 00000000 4 0 0 0000000000000026 fffffffc f fffffffc 0 00 fffffffc
0000000000000026 0013180000000000 1 18 00000000 4 0 0 0000000000000027 fffffffc f fffffffc 0 00 fffffffc
0000000000000027 0102001e18000000 0 00 00000000 5 1 0 0000000000000028 fffffffc f fffffffc 0 00 fffffffc
0000000000000028 0215fffffb040000 0 00 00000000 5 1 0 0000000000000029 fffffffc f fffffffc 0 00 fffffffc
0000000000000029 7cf5000000000000 0 00 00000000 5 1 0 000000000000002a fffffffc f fffffffc 0 00 fffffffc
DONE retired=47 fault=00 pc=0000000000000029
