0000000000000000 0013140000004d00 1 14 0000004d 0 0 0 0000000000000001 ffffffff f ffffffff 0 00 ffffffff
0000000000000001 10610205000ff000 0 00 00000000 0 0 0 0000000000000002 ffffffff f ffffffff 1 02 ffffffff
0000000000000002 00131600ffffff00 1 16 ffffffff 0 0 0 0000000000000003 ffffffff f ffffffff 0 00 ffffffff
0000000000000003 342002160000f000 0 00 00000000 0 0 0 0000000000000004 ffffffff f ffffffff 1 02 ffffffff
0000000000000004 108105020026f000 0 00 00000000 0 0 0 0000000000000005 ffffffff f ffffffff 1 05 ffffffff
0000000000000005 103003040600f000 0 00 00000000 0 0 0 0000000000000006 ffffffff f ffffffff 1 03 ffffffff
0000000000000006 101006040500c000 0 00 00000000 0 0 0 0000000000000007 ffffffff c e99094da 1 06 e99094da
0000000000000007 341102000000f000 0 00 00000000 0 0 0 0000000000000008 ffffffff f ffffffff 1 02 ffffffff
0000000000000008 341104007ffff000 0 00 00000000 0 0 0 0000000000000009 ffffffff f ffffffff 1 04 ffffffff
0000000000000009 103003030300f000 0 00 00000000 0 0 0 000000000000000a ffffffff f ffffffff 1 03 ffffffff
000000000000000a 10710304000ff000 0 00 00000000 0 0 0 000000000000000b ffffffff f ffffffff 1 03 ffffffff
000000000000000b 00131500ffffff00 1 15 ffffffff 0 0 0 000000000000000c ffffffff f ffffffff 0 00 ffffffff
000000000000000c 342003150000b000 0 00 00000000 0 0 0 000000000000000d ffffffff b a628ff98 1 03 a628ff98
000000000000000d 0013160000000100 1 16 00000001 0 0 0 000000000000000e ffffffff f ffffffff 0 00 ffffffff
000000000000000e 342005160000f000 0 00 00000000 0 0 0 000000000000000f ffffffff f ffffffff 1 05 ffffffff
000000000000000f 108104050021f000 0 00 00000000 0 0 0 0000000000000010 ffffffff f ffffffff 1 04 ffffffff
0000000000000010 100104037ffff000 0 00 00000000 0 0 0 0000000000000011 ffffffff f ffffffff 1 04 ffffffff
0000000000000011 00131600aaaaaa00 1 16 ffaaaaaa 0 0 0 0000000000000012 ffffffff f ffffffff 0 00 ffffffff
0000000000000012 342006160000f000 0 00 00000000 0 0 0 0000000000000013 ffffffff f ffffffff 1 06 ffffffff
0000000000000013 108102060020f000 0 00 00000000 0 0 0 0000000000000014 ffffffff f ffffffff 1 02 ffffffff
0000000000000014 00131500aaaaaa00 1 15 ffaaaaaa 0 0 0 0000000000000015 ffffffff f ffffffff 0 00 ffffffff
0000000000000015 342004150000f000 0 00 00000000 0 0 0 0000000000000016 ffffffff f ffffffff 1 04 ffffffff
0000000000000016 103102068000f000 0 00 00000000 0 0 0 0000000000000017 ffffffff f ffffffff 1 02 ffffffff
0000000000000017 101006040600f000 0 00 00000000 0 0 0 0000000000000018 ffffffff f ffffffff 1 06 ffffffff
0000000000000018 103006050400f000 0 00 00000000 0 0 0 0000000000000019 ffffffff f ffffffff 1 06 ffffffff
0000000000000019 105004030600f000 0 00 00000000 0 0 0 000000000000001a ffffffff f ffffffff 1 04 ffffffff
000000000000001a 0013160000000000 1 16 00000000 0 0 0 000000000000001b ffffffff f ffffffff 0 00 ffffffff
000000000000001b 342005160000f000 0 00 00000000 0 0 0 000000000000001c ffffffff f ffffffff 1 05 ffffffff
000000000000001c 108104050014f000 0 00 00000000 0 0 0 000000000000001d ffffffff f ffffffff 1 04 ffffffff
000000000000001d 343002000000f000 0 00 00000000 0 0 0 000000000000001e ffffffff f ffffffff 1 02 ffffffff
000000000000001e 341105008000f000 0 00 00000000 0 0 0 000000000000001f ffffffff f ffffffff 1 05 ffffffff
000000000000001f 10610303003ff000 0 00 00000000 0 0 0 0000000000000020 ffffffff f ffffffff 1 03 ffffffff
0000000000000020 341103000001f000 0 00 00000000 0 0 0 0000000000000021 ffffffff f ffffffff 1 03 ffffffff
0000000000000021 3400050400002000 0 00 00000000 0 0 0 0000000000000022 ffffffff 2 aaaaaaaa 1 05 aaaaaaaa
0000000000000022 00131500aaaaaa00 1 15 ffaaaaaa 0 0 0 0000000000000023 ffffffff f ffffffff 0 00 ffffffff
0000000000000023 3420031500009000 0 00 00000000 0 0 0 0000000000000024 ffffffff 9 f3fed511 1 03 f3fed511
0000000000000024 0013160000000000 1 16 00000000 0 0 0 0000000000000025 ffffffff f ffffffff 0 00 ffffffff
0000000000000025 342004160000f000 0 00 00000000 0 0 0 0000000000000026 ffffffff f ffffffff 1 04 ffffffff
0000000000000026 10810504000ff000 0 00 00000000 0 0 0 0000000000000027 ffffffff f ffffffff 1 05 ffffffff
0000000000000027 100105067ffff000 0 00 00000000 0 0 0 0000000000000028 ffffffff f ffffffff 1 05 ffffffff
0000000000000028 106106030010f000 0 00 00000000 0 0 0 0000000000000029 ffffffff f ffffffff 1 06 ffffffff
0000000000000029 00131e0000000300 1 1e 00000003 0 0 0 000000000000002a ffffffff f ffffffff 0 00 ffffffff
000000000000002a 0023171700000100 1 17 00000001 0 0 0 000000000000002b ffffffff f ffffffff 0 00 ffffffff
000000000000002b 00731e1e00000100 1 1e 00000002 0 0 0 000000000000002c ffffffff f ffffffff 0 00 ffffffff
000000000000002c 0013180000000000 1 18 00000000 0 0 0 000000000000002d ffffffff f ffffffff 0 00 ffffffff
000000000000002d 0102001e18000000 0 00 00000000 4 0 0 000000000000002e ffffffff f ffffffff 0 00 ffffffff
000000000000002e 0215fffffb040000 0 00 00000000 4 0 1 000000000000002a ffffffff f ffffffff 0 00 ffffffff
000000000000002a 0023171700000100 1 17 00000002 4 0 0 000000000000002b ffffffff f ffffffff 0 00 ffffffff
000000000000002b 00731e1e00000100 1 1e 00000001 4 0 0 000000000000002c ffffffff f ffffffff 0 00 ffffffff
000000000000002c 0013180000000000 1 18 00000000 4 0 0 000000000000002d ffffffff f ffffffff 0 00 ffffffff
000000000000002d 0102001e18000000 0 00 00000000 4 0 0 000000000000002e ffffffff f ffffffff 0 00 ffffffff
000000000000002e 0215fffffb040000 0 00 00000000 4 0 1 000000000000002a ffffffff f ffffffff 0 00 ffffffff
000000000000002a 0023171700000100 1 17 00000003 4 0 0 000000000000002b ffffffff f ffffffff 0 00 ffffffff
000000000000002b 00731e1e00000100 1 1e 00000000 4 0 0 000000000000002c ffffffff f ffffffff 0 00 ffffffff
000000000000002c 0013180000000000 1 18 00000000 4 0 0 000000000000002d ffffffff f ffffffff 0 00 ffffffff
000000000000002d 0102001e18000000 0 00 00000000 5 1 0 000000000000002e ffffffff f ffffffff 0 00 ffffffff
000000000000002e 0215fffffb040000 0 00 00000000 5 1 0 000000000000002f ffffffff f ffffffff 0 00 ffffffff
000000000000002f 7cf5000000000000 0 00 00000000 5 1 0 0000000000000030 ffffffff f ffffffff 0 00 ffffffff
DONE retired=58 fault=00 pc=000000000000002f
