0000000000000000 0013140000004d00 1 14 0000004d 0 0 0 0000000000000001 04000000 f 04000000 0 00 04000000
0000000000000001 104102027ffff000 0 00 00000000 0 0 0 0000000000000002 04000000 f 04000000 1 02 04000000
0000000000000002 00131500aaaaaa00 1 15 ffaaaaaa 0 0 0 0000000000000003 04000000 f 04000000 0 00 04000000
0000000000000003 342003150000f000 0 00 00000000 0 0 0 0000000000000004 04000000 f 04000000 1 03 04000000
0000000000000004 101102026644f000 0 00 00000000 0 0 0 0000000000000005 04000000 f 04000000 1 02 04000000
0000000000000005 102006060400e000 0 00 00000000 0 0 0 0000000000000006 04000000 e 00000000 1 06 00000000
0000000000000006 106106050020f000 0 00 00000000 0 0 0 0000000000000007 04000000 f 04000000 1 06 04000000
0000000000000007 340003040000f000 0 00 00000000 0 0 0 0000000000000008 04000000 f 04000000 1 03 04000000
0000000000000008 0013160000000100 1 16 00000001 0 0 0 0000000000000009 04000000 f 04000000 0 00 04000000
0000000000000009 342002160000f000 0 00 00000000 0 0 0 000000000000000a 04000000 f 04000000 1 02 04000000
000000000000000a 108103020001f000 0 00 00000000 0 0 0 000000000000000b 04000000 f 04000000 1 03 04000000
000000000000000b 101005030400f000 0 00 00000000 0 0 0 000000000000000c 04000000 f 04000000 1 05 04000000
000000000000000c 0013150055555500 1 15 00555555 0 0 0 000000000000000d 04000000 f 04000000 0 00 04000000
000000000000000d 342004150000f000 0 00 00000000 0 0 0 000000000000000e 04000000 f 04000000 1 04 04000000
000000000000000e 0013150000000000 1 15 00000000 0 0 0 000000000000000f 04000000 f 04000000 0 00 04000000
000000000000000f 342003150000b000 0 00 00000000 0 0 0 0000000000000010 04000000 b 00000000 1 03 00000000
0000000000000010 105003050500f000 0 00 00000000 0 0 0 0000000000000011 04000000 f 04000000 1 03 04000000
0000000000000011 340004030000f000 0 00 00000000 0 0 0 0000000000000012 04000000 f 04000000 1 04 04000000
0000000000000012 0013160000000000 1 16 00000000 0 0 0 0000000000000013 04000000 f 04000000 0 00 04000000
0000000000000013 342002160000f000 0 00 00000000 0 0 0 0000000000000014 04000000 f 04000000 1 02 04000000
0000000000000014 108103020000f000 0 00 00000000 0 0 0 0000000000000015 04000000 f 04000000 1 03 04000000
0000000000000015 00131e0000000300 1 1e 00000003 0 0 0 0000000000000016 04000000 f 04000000 0 00 04000000
0000000000000016 0023171700000100 1 17 00000001 0 0 0 0000000000000017 04000000 f 04000000 0 00 04000000
0000000000000017 00731e1e00000100 1 1e 00000002 0 0 0 0000000000000018 04000000 f 04000000 0 00 04000000
0000000000000018 0013180000000000 1 18 00000000 0 0 0 0000000000000019 04000000 f 04000000 0 00 04000000
0000000000000019 0102001e18000000 0 00 00000000 4 0 0 000000000000001a 04000000 f 04000000 0 00 04000000
000000000000001a 0215fffffb040000 0 00 00000000 4 0 1 0000000000000016 04000000 f 04000000 0 00 04000000
0000000000000016 0023171700000100 1 17 00000002 4 0 0 0000000000000017 04000000 f 04000000 0 00 04000000
0000000000000017 00731e1e00000100 1 1e 00000001 4 0 0 0000000000000018 04000000 f 04000000 0 00 04000000
0000000000000018 0013180000000000 1 18 00000000 4 0 0 0000000000000019 04000000 f 04000000 0 00 04000000
0000000000000019 0102001e18000000 0 00 00000000 4 0 0 000000000000001a 04000000 f 04000000 0 00 04000000
000000000000001a 0215fffffb040000 0 00 00000000 4 0 1 0000000000000016 04000000 f 04000000 0 00 04000000
0000000000000016 0023171700000100 1 17 00000003 4 0 0 0000000000000017 04000000 f 04000000 0 00 04000000
0000000000000017 00731e1e00000100 1 1e 00000000 4 0 0 0000000000000018 04000000 f 04000000 0 00 04000000
0000000000000018 0013180000000000 1 18 00000000 4 0 0 0000000000000019 04000000 f 04000000 0 00 04000000
0000000000000019 0102001e18000000 0 00 00000000 5 1 0 000000000000001a 04000000 f 04000000 0 00 04000000
000000000000001a 0215fffffb040000 0 00 00000000 5 1 0 000000000000001b 04000000 f 04000000 0 00 04000000
000000000000001b 7cf5000000000000 0 00 00000000 5 1 0 000000000000001c 04000000 f 04000000 0 00 04000000
DONE retired=38 fault=00 pc=000000000000001b
