0000000000000000 00131d0000000000 1 1d 00000000 0 0 0 0000000000000001
0000000000000001 00230a0500000000 1 0a 00000000 0 0 0 0000000000000002
0000000000000002 00130b00aaaaaa00 1 0b ffaaaaaa 0 0 0 0000000000000003
0000000000000003 8506000000000000 0 00 00000000 0 0 0 0000000000000004
0000000000000004 0013030069edd500 1 03 0069edd5 0 0 0 0000000000000005
0000000000000005 00230201aaaaaa00 1 02 ffaaaaaa 0 0 0 0000000000000006
0000000000000006 0306000000000900 1 09 00000000 0 0 0 0000000000000007
0000000000000007 0306000000000d00 1 0d 00000000 0 0 0 0000000000000008
0000000000000008 00720f0703000000 1 0f ff96122b 0 0 0 0000000000000009
0000000000000009 0032030813000000 1 03 00000000 0 0 0 000000000000000a
000000000000000a 0306000000000600 1 06 00000000 0 0 0 000000000000000b
000000000000000b 0092060400000000 1 06 ffffffff 0 0 0 000000000000000c
000000000000000c 001314008c5b3400 1 14 ff8c5b34 0 0 0 000000000000000d
000000000000000d 00a20c0c13000000 1 0c 00000000 0 0 0 000000000000000e
000000000000000e 0072131307000000 1 13 00000000 0 0 0 000000000000000f
000000000000000f 0306000000000900 1 09 00000000 0 0 0 0000000000000010
0000000000000010 8506000000000000 0 00 00000000 0 0 0 0000000000000011
0000000000000011 0122000d12000000 0 00 00000000 5 0 0 0000000000000012
0000000000000012 02150000030c0000 0 00 00000000 5 0 1 0000000000000016
0000000000000016 00230508ffffff00 1 05 ffffffff 5 0 0 0000000000000017
0000000000000017 00a2050a0b000000 1 05 00000000 5 0 0 0000000000000018
0000000000000018 0306000000000d00 1 0d 00000000 5 0 0 0000000000000019
0000000000000019 0042010b0a000000 1 01 00000000 5 0 0 000000000000001a
000000000000001a 0072100102000000 1 10 00555556 5 0 0 000000000000001b
000000000000001b 0102000103000000 0 00 00000000 5 1 0 000000000000001c
000000000000001c 02150000030e0000 0 00 00000000 5 1 1 0000000000000020
0000000000000020 0122000f03000000 0 00 00000000 6 0 0 0000000000000021
0000000000000021 02150000010d0000 0 00 00000000 6 0 0 0000000000000022
0000000000000022 8506000000000000 0 00 00000000 6 0 0 0000000000000023
0000000000000023 0052130303000000 1 13 00000000 6 0 0 0000000000000024
0000000000000024 00820b0207000000 1 0b ffaaaaaa 6 0 0 0000000000000025
0000000000000025 00131e0000000400 1 1e 00000004 6 0 0 0000000000000026
0000000000000026 0023151500000100 1 15 00000001 6 0 0 0000000000000027
0000000000000027 00731e1e00000100 1 1e 00000003 6 0 0 0000000000000028
0000000000000028 0102001e1d000000 0 00 00000000 4 0 0 0000000000000029
0000000000000029 0215fffffc040000 0 00 00000000 4 0 1 0000000000000026
0000000000000026 0023151500000100 1 15 00000002 4 0 0 0000000000000027
0000000000000027 00731e1e00000100 1 1e 00000002 4 0 0 0000000000000028
0000000000000028 0102001e1d000000 0 00 00000000 4 0 0 0000000000000029
0000000000000029 0215fffffc040000 0 00 00000000 4 0 1 0000000000000026
0000000000000026 0023151500000100 1 15 00000003 4 0 0 0000000000000027
0000000000000027 00731e1e00000100 1 1e 00000001 4 0 0 0000000000000028
0000000000000028 0102001e1d000000 0 00 00000000 4 0 0 0000000000000029
0000000000000029 0215fffffc040000 0 00 00000000 4 0 1 0000000000000026
0000000000000026 0023151500000100 1 15 00000004 4 0 0 0000000000000027
0000000000000027 00731e1e00000100 1 1e 00000000 4 0 0 0000000000000028
0000000000000028 0102001e1d000000 0 00 00000000 5 1 0 0000000000000029
0000000000000029 0215fffffc040000 0 00 00000000 5 1 0 000000000000002a
000000000000002a 7cf5000000000000 0 00 00000000 5 1 0 000000000000002b
DONE retired=49 fault=00 pc=000000000000002a
