0000000000000000 00131d0000000000 1 1d 00000000 0 0 0 0000000000000001
0000000000000001 8506000000000000 0 00 00000000 0 0 0 0000000000000002
0000000000000002 00820b0313000000 1 0b 00000000 0 0 0 0000000000000003
0000000000000003 00230a0bffffff00 1 0a ffffffff 0 0 0 0000000000000004
0000000000000004 0062100f12000000 1 10 00000000 0 0 0 0000000000000005
0000000000000005 0092120b00000000 1 12 ffffffff 0 0 0 0000000000000006
0000000000000006 8506000000000000 0 00 00000000 0 0 0 0000000000000007
0000000000000007 0122000d0c000000 0 00 00000000 5 0 0 0000000000000008
0000000000000008 0215000001040000 0 00 00000000 5 0 0 0000000000000009
0000000000000009 8506000000000000 0 00 00000000 5 0 0 000000000000000a
000000000000000a 0112000b07000000 0 00 00000000 5 0 0 000000000000000b
000000000000000b 02150000020d0000 0 00 00000000 5 0 0 000000000000000c
000000000000000c 8506000000000000 0 00 00000000 5 0 0 000000000000000d
000000000000000d 8506000000000000 0 00 00000000 5 0 0 000000000000000e
000000000000000e 8506000000000000 0 00 00000000 5 0 0 000000000000000f
000000000000000f 0102001209000000 0 00 00000000 6 0 0 0000000000000010
0000000000000010 02150000030d0000 0 00 00000000 6 0 0 0000000000000011
0000000000000011 8506000000000000 0 00 00000000 6 0 0 0000000000000012
0000000000000012 8506000000000000 0 00 00000000 6 0 0 0000000000000013
0000000000000013 8506000000000000 0 00 00000000 6 0 0 0000000000000014
0000000000000014 8506000000000000 0 00 00000000 6 0 0 0000000000000015
0000000000000015 00820b080d000000 1 0b 00000000 6 0 0 0000000000000016
0000000000000016 0122001111000000 0 00 00000000 5 0 0 0000000000000017
0000000000000017 02150000030e0000 0 00 00000000 5 0 1 000000000000001b
000000000000001b 8506000000000000 0 00 00000000 5 0 0 000000000000001c
000000000000001c 8506000000000000 0 00 00000000 5 0 0 000000000000001d
000000000000001d 8506000000000000 0 00 00000000 5 0 0 000000000000001e
000000000000001e 001310007d4d1d00 1 10 007d4d1d 5 0 0 000000000000001f
000000000000001f 010200030c000000 0 00 00000000 5 1 0 0000000000000020
0000000000000020 0215000002010000 0 00 00000000 5 1 1 0000000000000023
0000000000000023 8506000000000000 0 00 00000000 5 1 0 0000000000000024
0000000000000024 0072090b01000000 1 09 00000000 5 1 0 0000000000000025
0000000000000025 0092070f00000000 1 07 ffffffff 5 1 0 0000000000000026
0000000000000026 0306000000001100 1 11 00000000 5 1 0 0000000000000027
0000000000000027 8506000000000000 0 00 00000000 5 1 0 0000000000000028
0000000000000028 0013050055555500 1 05 00555555 5 1 0 0000000000000029
0000000000000029 0306000000000800 1 08 00000000 5 1 0 000000000000002a
000000000000002a 00920e0100000000 1 0e ffffffff 5 1 0 000000000000002b
000000000000002b 00131e0000000300 1 1e 00000003 5 1 0 000000000000002c
000000000000002c 0023151500000100 1 15 00000001 5 1 0 000000000000002d
000000000000002d 00731e1e00000100 1 1e 00000002 5 1 0 000000000000002e
000000000000002e 0102001e1d000000 0 00 00000000 4 0 0 000000000000002f
000000000000002f 0215fffffc040000 0 00 00000000 4 0 1 000000000000002c
000000000000002c 0023151500000100 1 15 00000002 4 0 0 000000000000002d
000000000000002d 00731e1e00000100 1 1e 00000001 4 0 0 000000000000002e
000000000000002e 0102001e1d000000 0 00 00000000 4 0 0 000000000000002f
000000000000002f 0215fffffc040000 0 00 00000000 4 0 1 000000000000002c
000000000000002c 0023151500000100 1 15 00000003 4 0 0 000000000000002d
000000000000002d 00731e1e00000100 1 1e 00000000 4 0 0 000000000000002e
000000000000002e 0102001e1d000000 0 00 00000000 5 1 0 000000000000002f
000000000000002f 0215fffffc040000 0 00 00000000 5 1 0 0000000000000030
0000000000000030 7cf5000000000000 0 00 00000000 5 1 0 0000000000000031
DONE retired=52 fault=00 pc=0000000000000030
