0000000000000000 00131d0000000000 1 1d 00000000 0 0 0 0000000000000001
0000000000000001 8506000000000000 0 00 00000000 0 0 0 0000000000000002
0000000000000002 00730c0da7059400 1 0c 0058fa6c 0 0 0 0000000000000003
0000000000000003 00130d002cf98500 1 0d 002cf985 0 0 0 0000000000000004
0000000000000004 0092080b00000000 1 08 ffffffff 0 0 0 0000000000000005
0000000000000005 8506000000000000 0 00 00000000 0 0 0 0000000000000006
0000000000000006 0122000312000000 0 00 00000000 5 0 0 0000000000000007
0000000000000007 0215000002020000 0 00 00000000 5 0 1 000000000000000a
000000000000000a 0063131300000e00 1 13 00000000 5 0 0 000000000000000b
000000000000000b 8506000000000000 0 00 00000000 5 0 0 000000000000000c
000000000000000c 0306000000001000 1 10 00000000 5 0 0 000000000000000d
000000000000000d 0306000000001200 1 12 00000000 5 0 0 000000000000000e
000000000000000e 0032090c0b000000 1 09 00000000 5 0 0 000000000000000f
000000000000000f 00131200286c5e00 1 12 00286c5e 5 0 0 0000000000000010
0000000000000010 00b3010600001e00 1 01 00000000 5 0 0 0000000000000011
0000000000000011 00130400ce33d700 1 04 ffce33d7 5 0 0 0000000000000012
0000000000000012 00130d0022763000 1 0d 00227630 5 0 0 0000000000000013
0000000000000013 8506000000000000 0 00 00000000 5 0 0 0000000000000014
0000000000000014 0073020e95885900 1 02 006a77a7 5 0 0 0000000000000015
0000000000000015 00130b0009473500 1 0b 00094735 5 0 0 0000000000000016
0000000000000016 00420c0f13000000 1 0c 00000000 5 0 0 0000000000000017
0000000000000017 0112000a07000000 0 00 00000000 5 0 0 0000000000000018
0000000000000018 02150000030d0000 0 00 00000000 5 0 0 0000000000000019
0000000000000019 8506000000000000 0 00 00000000 5 0 0 000000000000001a
000000000000001a 8506000000000000 0 00 00000000 5 0 0 000000000000001b
000000000000001b 8506000000000000 0 00 00000000 5 0 0 000000000000001c
000000000000001c 8506000000000000 0 00 00000000 5 0 0 000000000000001d
000000000000001d 007207070f000000 1 07 00000000 5 0 0 000000000000001e
000000000000001e 8506000000000000 0 00 00000000 5 0 0 000000000000001f
000000000000001f 0063050600002100 1 05 00000000 5 0 0 0000000000000020
0000000000000020 0102000911000000 0 00 00000000 5 1 0 0000000000000021
0000000000000021 02150000030e0000 0 00 00000000 5 1 1 0000000000000025
0000000000000025 0102000610000000 0 00 00000000 5 1 0 0000000000000026
0000000000000026 02150000020e0000 0 00 00000000 5 1 1 0000000000000029
0000000000000029 0306000000000a00 1 0a 00000000 5 1 0 000000000000002a
000000000000002a 004205050c000000 1 05 00000000 5 1 0 000000000000002b
000000000000002b 00b30e0e00001400 1 0e 00000000 5 1 0 000000000000002c
000000000000002c 00920b1300000000 1 0b ffffffff 5 1 0 000000000000002d
000000000000002d 8506000000000000 0 00 00000000 5 1 0 000000000000002e
000000000000002e 00130800ed35dd00 1 08 ffed35dd 5 1 0 000000000000002f
000000000000002f 00920b0400000000 1 0b 0031cc28 5 1 0 0000000000000030
0000000000000030 00130900aaaaaa00 1 09 ffaaaaaa 5 1 0 0000000000000031
0000000000000031 0082030e06000000 1 03 00000000 5 1 0 0000000000000032
0000000000000032 8506000000000000 0 00 00000000 5 1 0 0000000000000033
0000000000000033 00230b0cc71e9b00 1 0b ffc71e9b 5 1 0 0000000000000034
0000000000000034 00131e0000000200 1 1e 00000002 5 1 0 0000000000000035
0000000000000035 0023151500000100 1 15 00000001 5 1 0 0000000000000036
0000000000000036 00731e1e00000100 1 1e 00000001 5 1 0 0000000000000037
0000000000000037 0102001e1d000000 0 00 00000000 4 0 0 0000000000000038
0000000000000038 0215fffffc040000 0 00 00000000 4 0 1 0000000000000035
0000000000000035 0023151500000100 1 15 00000002 4 0 0 0000000000000036
0000000000000036 00731e1e00000100 1 1e 00000000 4 0 0 0000000000000037
0000000000000037 0102001e1d000000 0 00 00000000 5 1 0 0000000000000038
0000000000000038 0215fffffc040000 0 00 00000000 5 1 0 0000000000000039
0000000000000039 7cf5000000000000 0 00 00000000 5 1 0 000000000000003a
DONE retired=55 fault=00 pc=0000000000000039
