0000000000000000 0013140000004d00 1 14 0000004d 0 0 0 0000000000000001 483c50d8 f 483c50d8 0 00 483c50d8
0000000000000001 340002050000f000 0 00 00000000 0 0 0 0000000000000002 483c50d8 f 483c50d8 1 02 483c50d8
0000000000000002 0013160000000000 1 16 00000000 0 0 0 0000000000000003 483c50d8 f 483c50d8 0 00 483c50d8
0000000000000003 342005160000f000 0 00 00000000 0 0 0 0000000000000004 483c50d8 f 483c50d8 1 05 483c50d8
0000000000000004 108105050001f000 0 00 00000000 0 0 0 0000000000000005 483c50d8 f 483c50d8 1 05 483c50d8
0000000000000005 106102030001f000 0 00 00000000 0 0 0 0000000000000006 483c50d8 f 483c50d8 1 02 483c50d8
0000000000000006 343004000000f000 0 00 00000000 0 0 0 0000000000000007 483c50d8 f 483c50d8 1 04 483c50d8
0000000000000007 102003020400f000 0 00 00000000 0 0 0 0000000000000008 483c50d8 f 483c50d8 1 03 483c50d8
0000000000000008 3411040016eef000 0 00 00000000 0 0 0 0000000000000009 483c50d8 f 483c50d8 1 04 483c50d8
0000000000000009 343004000000f000 0 00 00000000 0 0 0 000000000000000a 483c50d8 f 483c50d8 1 04 483c50d8
000000000000000a 0013150055555500 1 15 00555555 0 0 0 000000000000000b 483c50d8 f 483c50d8 0 00 483c50d8
000000000000000b 342006150000f000 0 00 00000000 0 0 0 000000000000000c 483c50d8 f 483c50d8 1 06 483c50d8
000000000000000c 340003030000f000 0 00 00000000 0 0 0 000000000000000d 483c50d8 f 483c50d8 1 03 483c50d8
000000000000000d 3400020500004000 0 00 00000000 0 0 0 000000000000000e 483c50d8 4 08304010 1 02 08304010
000000000000000e 101102060001f000 0 00 00000000 0 0 0 000000000000000f 483c50d8 f 483c50d8 1 02 483c50d8
000000000000000f 0013150000000000 1 15 00000000 0 0 0 0000000000000010 483c50d8 f 483c50d8 0 00 483c50d8
0000000000000010 342002150000f000 0 00 00000000 0 0 0 0000000000000011 483c50d8 f 483c50d8 1 02 483c50d8
0000000000000011 00131500aaaaaa00 1 15 ffaaaaaa 0 0 0 0000000000000012 483c50d8 f 483c50d8 0 00 483c50d8
0000000000000012 342005150000f000 0 00 00000000 0 0 0 0000000000000013 483c50d8 f 483c50d8 1 05 483c50d8
0000000000000013 00131500ffffff00 1 15 ffffffff 0 0 0 0000000000000014 483c50d8 f 483c50d8 0 00 483c50d8
0000000000000014 342005150000f000 0 00 00000000 0 0 0 0000000000000015 483c50d8 f 483c50d8 1 05 483c50d8
0000000000000015 105003050600b000 0 00 00000000 0 0 0 0000000000000016 483c50d8 b 402c10d8 1 03 402c10d8
0000000000000016 00131500ffffff00 1 15 ffffffff 0 0 0 0000000000000017 483c50d8 f 483c50d8 0 00 483c50d8
0000000000000017 342004150000f000 0 00 00000000 0 0 0 0000000000000018 483c50d8 f 483c50d8 1 04 483c50d8
0000000000000018 34110400bdd38000 0 00 00000000 0 0 0 0000000000000019 483c50d8 8 000440d0 1 04 000440d0
0000000000000019 104002030600f000 0 00 00000000 0 0 0 000000000000001a 483c50d8 f 483c50d8 1 02 483c50d8
000000000000001a 104005040400f000 0 00 00000000 0 0 0 000000000000001b 483c50d8 f 483c50d8 1 05 483c50d8
000000000000001b 10710606003ff000 0 00 00000000 0 0 0 000000000000001c 483c50d8 f 483c50d8 1 06 483c50d8
000000000000001c 106104030001f000 0 00 00000000 0 0 0 000000000000001d 483c50d8 f 483c50d8 1 04 483c50d8
000000000000001d 107102050000f000 0 00 00000000 0 0 0 000000000000001e 483c50d8 f 483c50d8 1 02 483c50d8
000000000000001e 101005030600f000 0 00 00000000 0 0 0 000000000000001f 483c50d8 f 483c50d8 1 05 483c50d8
000000000000001f 106105030010f000 0 00 00000000 0 0 0 0000000000000020 483c50d8 f 483c50d8 1 05 483c50d8
0000000000000020 1030030303005000 0 00 00000000 0 0 0 0000000000000021 483c50d8 5 00000000 1 03 00000000
0000000000000021 10710405000ff000 0 00 00000000 0 0 0 0000000000000022 483c50d8 f 483c50d8 1 04 483c50d8
0000000000000022 10010603fffff000 0 00 00000000 0 0 0 0000000000000023 483c50d8 f 483c50d8 1 06 483c50d8
0000000000000023 106106020021f000 0 00 00000000 0 0 0 0000000000000024 483c50d8 f 483c50d8 1 06 483c50d8
0000000000000024 00131e0000000300 1 1e 00000003 0 0 0 0000000000000025 483c50d8 f 483c50d8 0 00 483c50d8
0000000000000025 0023171700000100 1 17 00000001 0 0 0 0000000000000026 483c50d8 f 483c50d8 0 00 483c50d8
0000000000000026 00731e1e00000100 1 1e 00000002 0 0 0 0000000000000027 483c50d8 f 483c50d8 0 00 483c50d8
0000000000000027 0013180000000000 1 18 00000000 0 0 0 0000000000000028 483c50d8 f 483c50d8 0 00 483c50d8
0000000000000028 0102001e18000000 0 00 00000000 4 0 0 0000000000000029 483c50d8 f 483c50d8 0 00 483c50d8
0000000000000029 0215fffffb040000 0 00 00000000 4 0 1 0000000000000025 483c50d8 f 483c50d8 0 00 483c50d8
0000000000000025 0023171700000100 1 17 00000002 4 0 0 0000000000000026 483c50d8 f 483c50d8 0 00 483c50d8
0000000000000026 00731e1e00000100 1 1e 00000001 4 0 0 0000000000000027 483c50d8 f 483c50d8 0 00 483c50d8
0000000000000027 0013180000000000 1 18 00000000 4 0 0 0000000000000028 483c50d8 f 483c50d8 0 00 483c50d8
0000000000000028 0102001e18000000 0 00 00000000 4 0 0 0000000000000029 483c50d8 f 483c50d8 0 00 483c50d8
0000000000000029 0215fffffb040000 0 00 00000000 4 0 1 0000000000000025 483c50d8 f 483c50d8 0 00 483c50d8
0000000000000025 0023171700000100 1 17 00000003 4 0 0 0000000000000026 483c50d8 f 483c50d8 0 00 483c50d8
0000000000000026 00731e1e00000100 1 1e 00000000 4 0 0 0000000000000027 483c50d8 f 483c50d8 0 00 483c50d8
0000000000000027 0013180000000000 1 18 00000000 4 0 0 0000000000000028 483c50d8 f 483c50d8 0 00 483c50d8
0000000000000028 0102001e18000000 0 00 00000000 5 1 0 0000000000000029 483c50d8 f 483c50d8 0 00 483c50d8
0000000000000029 0215fffffb040000 0 00 00000000 5 1 0 000000000000002a 483c50d8 f 483c50d8 0 00 483c50d8
000000000000002a 7cf5000000000000 0 00 00000000 5 1 0 000000000000002b 483c50d8 f 483c50d8 0 00 483c50d8
DONE retired=53 fault=00 pc=000000000000002a
