0000000000000000 0013140000004d00 1 14 0000004d 0 0 0 0000000000000001 00010008 f 00010008 0 00 00010008
0000000000000001 340004060000f000 0 00 00000000 0 0 0 0000000000000002 00010008 f 00010008 1 04 00010008
0000000000000002 340004040000f000 0 00 00000000 0 0 0 0000000000000003 00010008 f 00010008 1 04 00010008
0000000000000003 100006050600f000 0 00 00000000 0 0 0 0000000000000004 00010008 f 00010008 1 06 00010008
0000000000000004 341102008000f000 0 00 00000000 0 0 0 0000000000000005 00010008 f 00010008 1 02 00010008
0000000000000005 0013160000000100 1 16 00000001 0 0 0 0000000000000006 00010008 f 00010008 0 00 00010008
0000000000000006 342002160000f000 0 00 00000000 0 0 0 0000000000000007 00010008 f 00010008 1 02 00010008
0000000000000007 108104020001f000 0 00 00000000 0 0 0 0000000000000008 00010008 f 00010008 1 04 00010008
0000000000000008 340003060000b000 0 00 00000000 0 0 0 0000000000000009 00010008 b 00010008 1 03 00010008
0000000000000009 104002040300f000 0 00 00000000 0 0 0 000000000000000a 00010008 f 00010008 1 02 00010008
000000000000000a 34110200fffff000 0 00 00000000 0 0 0 000000000000000b 00010008 f 00010008 1 02 00010008
000000000000000b 107106050010f000 0 00 00000000 0 0 0 000000000000000c 00010008 f 00010008 1 06 00010008
000000000000000c 0013150000000000 1 15 00000000 0 0 0 000000000000000d 00010008 f 00010008 0 00 00010008
000000000000000d 3420041500000000 0 00 00000000 0 0 0 000000000000000e 00010008 0 00000000 1 04 00000000
000000000000000e 105004060200f000 0 00 00000000 0 0 0 000000000000000f 00010008 f 00010008 1 04 00010008
000000000000000f 341102000000f000 0 00 00000000 0 0 0 0000000000000010 00010008 f 00010008 1 02 00010008
0000000000000010 0013150000000000 1 15 00000000 0 0 0 0000000000000011 00010008 f 00010008 0 00 00010008
0000000000000011 3420051500003000 0 00 00000000 0 0 0 0000000000000012 00010008 3 00000000 1 05 00000000
0000000000000012 00131e0000000200 1 1e 00000002 0 0 0 0000000000000013 00010008 f 00010008 0 00 00010008
0000000000000013 0023171700000100 1 17 00000001 0 0 0 0000000000000014 00010008 f 00010008 0 00 00010008
0000000000000014 00731e1e00000100 1 1e 00000001 0 0 0 0000000000000015 00010008 f 00010008 0 00 00010008
0000000000000015 0013180000000000 1 18 00000000 0 0 0 0000000000000016 00010008 f 00010008 0 00 00010008
0000000000000016 0102001e18000000 0 00 00000000 4 0 0 0000000000000017 00010008 f 00010008 0 00 00010008
0000000000000017 0215fffffb040000 0 00 00000000 4 0 1 0000000000000013 00010008 f 00010008 0 00 00010008
0000000000000013 0023171700000100 1 17 00000002 4 0 0 0000000000000014 00010008 f 00010008 0 00 00010008
0000000000000014 00731e1e00000100 1 1e 00000000 4 0 0 0000000000000015 00010008 f 00010008 0 00 00010008
0000000000000015 0013180000000000 1 18 00000000 4 0 0 0000000000000016 00010008 f 00010008 0 00 00010008
0000000000000016 0102001e18000000 0 00 00000000 5 1 0 0000000000000017 00010008 f 00010008 0 00 00010008
0000000000000017 0215fffffb040000 0 00 00000000 5 1 0 0000000000000018 00010008 f 00010008 0 00 00010008
0000000000000018 7cf5000000000000 0 00 00000000 5 1 0 0000000000000019 00010008 f 00010008 0 00 00010008
DONE retired=30 fault=00 pc=0000000000000018
