0000000000000000 0013140000004d00 1 14 0000004d 0 0 0 0000000000000001 2ea452ba f 2ea452ba 0 00 2ea452ba
0000000000000001 341106000001f000 0 00 00000000 0 0 0 0000000000000002 2ea452ba f 2ea452ba 1 06 2ea452ba
0000000000000002 3411060095f3f000 0 00 00000000 0 0 0 0000000000000003 2ea452ba f 2ea452ba 1 06 2ea452ba
0000000000000003 102006040500f000 0 00 00000000 0 0 0 0000000000000004 2ea452ba f 2ea452ba 1 06 2ea452ba
0000000000000004 00131500aaaaaa00 1 15 ffaaaaaa 0 0 0 0000000000000005 2ea452ba f 2ea452ba 0 00 2ea452ba
0000000000000005 342004150000f000 0 00 00000000 0 0 0 0000000000000006 2ea452ba f 2ea452ba 1 04 2ea452ba
0000000000000006 340006050000f000 0 00 00000000 0 0 0 0000000000000007 2ea452ba f 2ea452ba 1 06 2ea452ba
0000000000000007 1010040506003000 0 00 00000000 0 0 0 0000000000000008 2ea452ba 3 2ea452ba 1 04 2ea452ba
0000000000000008 1050020506002000 0 00 00000000 0 0 0 0000000000000009 2ea452ba 2 2ea452ba 1 02 2ea452ba
0000000000000009 3430030000004000 0 00 00000000 0 0 0 000000000000000a 2ea452ba 4 0e804030 1 03 0e804030
000000000000000a 0013150000000000 1 15 00000000 0 0 0 000000000000000b 2ea452ba f 2ea452ba 0 00 2ea452ba
000000000000000b 342003150000a000 0 00 00000000 0 0 0 000000000000000c 2ea452ba a 2ea452ba 1 03 2ea452ba
000000000000000c 340005030000f000 0 00 00000000 0 0 0 000000000000000d 2ea452ba f 2ea452ba 1 05 2ea452ba
000000000000000d 107103030000f000 0 00 00000000 0 0 0 000000000000000e 2ea452ba f 2ea452ba 1 03 2ea452ba
000000000000000e 107103060020f000 0 00 00000000 0 0 0 000000000000000f 2ea452ba f 2ea452ba 1 03 2ea452ba
000000000000000f 3430020000007000 0 00 00000000 0 0 0 0000000000000010 2ea452ba 7 00000000 1 02 00000000
0000000000000010 3411030000000000 0 00 00000000 0 0 0 0000000000000011 2ea452ba 0 2c041032 1 03 2c041032
0000000000000011 107104050001f000 0 00 00000000 0 0 0 0000000000000012 2ea452ba f 2ea452ba 1 04 2ea452ba
0000000000000012 103105042da1f000 0 00 00000000 0 0 0 0000000000000013 2ea452ba f 2ea452ba 1 05 2ea452ba
0000000000000013 101105027ffff000 0 00 00000000 0 0 0 0000000000000014 2ea452ba f 2ea452ba 1 05 2ea452ba
0000000000000014 343004000000f000 0 00 00000000 0 0 0 0000000000000015 2ea452ba f 2ea452ba 1 04 2ea452ba
0000000000000015 34110400e7fdf000 0 00 00000000 0 0 0 0000000000000016 2ea452ba f 2ea452ba 1 04 2ea452ba
0000000000000016 103004040300f000 0 00 00000000 0 0 0 0000000000000017 2ea452ba f 2ea452ba 1 04 2ea452ba
0000000000000017 1010030506006000 0 00 00000000 0 0 0 0000000000000018 2ea452ba 6 2c041210 1 03 2c041210
0000000000000018 1011030457aaf000 0 00 00000000 0 0 0 0000000000000019 2ea452ba f 2ea452ba 1 03 2ea452ba
0000000000000019 102002020400f000 0 00 00000000 0 0 0 000000000000001a 2ea452ba f 2ea452ba 1 02 2ea452ba
000000000000001a 10510606fffff000 0 00 00000000 0 0 0 000000000000001b 2ea452ba f 2ea452ba 1 06 2ea452ba
000000000000001b 00131e0000000300 1 1e 00000003 0 0 0 000000000000001c 2ea452ba f 2ea452ba 0 00 2ea452ba
000000000000001c 0023171700000100 1 17 00000001 0 0 0 000000000000001d 2ea452ba f 2ea452ba 0 00 2ea452ba
000000000000001d 00731e1e00000100 1 1e 00000002 0 0 0 000000000000001e 2ea452ba f 2ea452ba 0 00 2ea452ba
000000000000001e 0013180000000000 1 18 00000000 0 0 0 000000000000001f 2ea452ba f 2ea452ba 0 00 2ea452ba
000000000000001f 0102001e18000000 0 00 00000000 4 0 0 0000000000000020 2ea452ba f 2ea452ba 0 00 2ea452ba
0000000000000020 0215fffffb040000 0 00 00000000 4 0 1 000000000000001c 2ea452ba f 2ea452ba 0 00 2ea452ba
000000000000001c 0023171700000100 1 17 00000002 4 0 0 000000000000001d 2ea452ba f 2ea452ba 0 00 2ea452ba
000000000000001d 00731e1e00000100 1 1e 00000001 4 0 0 000000000000001e 2ea452ba f 2ea452ba 0 00 2ea452ba
000000000000001e 0013180000000000 1 18 00000000 4 0 0 000000000000001f 2ea452ba f 2ea452ba 0 00 2ea452ba
000000000000001f 0102001e18000000 0 00 00000000 4 0 0 0000000000000020 2ea452ba f 2ea452ba 0 00 2ea452ba
0000000000000020 0215fffffb040000 0 00 00000000 4 0 1 000000000000001c 2ea452ba f 2ea452ba 0 00 2ea452ba
000000000000001c 0023171700000100 1 17 00000003 4 0 0 000000000000001d 2ea452ba f 2ea452ba 0 00 2ea452ba
000000000000001d 00731e1e00000100 1 1e 00000000 4 0 0 000000000000001e 2ea452ba f 2ea452ba 0 00 2ea452ba
000000000000001e 0013180000000000 1 18 00000000 4 0 0 000000000000001f 2ea452ba f 2ea452ba 0 00 2ea452ba
000000000000001f 0102001e18000000 0 00 00000000 5 1 0 0000000000000020 2ea452ba f 2ea452ba 0 00 2ea452ba
0000000000000020 0215fffffb040000 0 00 00000000 5 1 0 0000000000000021 2ea452ba f 2ea452ba 0 00 2ea452ba
0000000000000021 7cf5000000000000 0 00 00000000 5 1 0 0000000000000022 2ea452ba f 2ea452ba 0 00 2ea452ba
DONE retired=44 fault=00 pc=0000000000000021
