0000000000000000 00131d0000000000 1 1d 00000000 0 0 0 0000000000000001
0000000000000001 00b20b0f01000000 1 0b 00000000 0 0 0 0000000000000002
0000000000000002 010200030f000000 0 00 00000000 5 1 0 0000000000000003
0000000000000003 02150000030e0000 0 00 00000000 5 1 1 0000000000000007
0000000000000007 8506000000000000 0 00 00000000 5 1 0 0000000000000008
0000000000000008 8506000000000000 0 00 00000000 5 1 0 0000000000000009
0000000000000009 0013120000000100 1 12 00000001 5 1 0 000000000000000a
000000000000000a 00130f0025182f00 1 0f 0025182f 5 1 0 000000000000000b
000000000000000b 0102000809000000 0 00 00000000 5 1 0 000000000000000c
000000000000000c 0215000002020000 0 00 00000000 5 1 0 000000000000000d
000000000000000d 8506000000000000 0 00 00000000 5 1 0 000000000000000e
000000000000000e 8506000000000000 0 00 00000000 5 1 0 000000000000000f
000000000000000f 00a20f0809000000 1 0f 00000000 5 1 0 0000000000000010
0000000000000010 00730502855f8000 1 05 007aa080 5 1 0 0000000000000011
0000000000000011 8506000000000000 0 00 00000000 5 1 0 0000000000000012
0000000000000012 00131300ffffff00 1 13 ffffffff 5 1 0 0000000000000013
0000000000000013 8506000000000000 0 00 00000000 5 1 0 0000000000000014
0000000000000014 00230b0b55555500 1 0b 00555555 5 1 0 0000000000000015
0000000000000015 8506000000000000 0 00 00000000 5 1 0 0000000000000016
0000000000000016 00b3111200001400 1 11 00000000 5 1 0 0000000000000017
0000000000000017 8506000000000000 0 00 00000000 5 1 0 0000000000000018
0000000000000018 00131e0000000300 1 1e 00000003 5 1 0 0000000000000019
0000000000000019 0023151500000100 1 15 00000001 5 1 0 000000000000001a
000000000000001a 00731e1e00000100 1 1e 00000002 5 1 0 000000000000001b
000000000000001b 0102001e1d000000 0 00 00000000 4 0 0 000000000000001c
000000000000001c 0215fffffc040000 0 00 00000000 4 0 1 0000000000000019
0000000000000019 0023151500000100 1 15 00000002 4 0 0 000000000000001a
000000000000001a 00731e1e00000100 1 1e 00000001 4 0 0 000000000000001b
000000000000001b 0102001e1d000000 0 00 00000000 4 0 0 000000000000001c
000000000000001c 0215fffffc040000 0 00 00000000 4 0 1 0000000000000019
0000000000000019 0023151500000100 1 15 00000003 4 0 0 000000000000001a
000000000000001a 00731e1e00000100 1 1e 00000000 4 0 0 000000000000001b
000000000000001b 0102001e1d000000 0 00 00000000 5 1 0 000000000000001c
000000000000001c 0215fffffc040000 0 00 00000000 5 1 0 000000000000001d
000000000000001d 7cf5000000000000 0 00 00000000 5 1 0 000000000000001e
DONE retired=35 fault=00 pc=000000000000001d
