0000000000000000 00131d0000000000 1 1d 00000000 0 0 0 0000000000000001
0000000000000001 0112000910000000 0 00 00000000 5 0 0 0000000000000002
0000000000000002 0215000002020000 0 00 00000000 5 0 1 0000000000000005
0000000000000005 003213050c000000 1 13 00000000 5 0 0 0000000000000006
0000000000000006 00820c0a09000000 1 0c 00000000 5 0 0 0000000000000007
0000000000000007 8506000000000000 0 00 00000000 5 0 0 0000000000000008
0000000000000008 00130a005b8fab00 1 0a 005b8fab 5 0 0 0000000000000009
0000000000000009 8506000000000000 0 00 00000000 5 0 0 000000000000000a
000000000000000a 0102000803000000 0 00 00000000 5 1 0 000000000000000b
000000000000000b 0215000003030000 0 00 00000000 5 1 1 000000000000000f
000000000000000f 0306000000000d00 1 0d 00000000 5 1 0 0000000000000010
0000000000000010 0013100000000100 1 10 00000001 5 1 0 0000000000000011
0000000000000011 0122000810000000 0 00 00000000 2 0 0 0000000000000012
0000000000000012 0215000002030000 0 00 00000000 2 0 0 0000000000000013
0000000000000013 8506000000000000 0 00 00000000 2 0 0 0000000000000014
0000000000000014 8506000000000000 0 00 00000000 2 0 0 0000000000000015
0000000000000015 0072060a03000000 1 06 005b8fab 2 0 0 0000000000000016
0000000000000016 0112000d02000000 0 00 00000000 5 0 0 0000000000000017
0000000000000017 0215000001020000 0 00 00000000 5 0 1 0000000000000019
0000000000000019 0102001108000000 0 00 00000000 5 1 0 000000000000001a
000000000000001a 02150000020e0000 0 00 00000000 5 1 1 000000000000001d
000000000000001d 00730513f52b2100 1 05 000ad4df 5 1 0 000000000000001e
000000000000001e 0023101472e4df00 1 10 0072e4df 5 1 0 000000000000001f
000000000000001f 8506000000000000 0 00 00000000 5 1 0 0000000000000020
0000000000000020 0013140032647d00 1 14 0032647d 5 1 0 0000000000000021
0000000000000021 00130e002c8f3900 1 0e 002c8f39 5 1 0 0000000000000022
0000000000000022 0092130300000000 1 13 ffffffff 5 1 0 0000000000000023
0000000000000023 0042141103000000 1 14 00000000 5 1 0 0000000000000024
0000000000000024 00720e0b0c000000 1 0e 00000000 5 1 0 0000000000000025
0000000000000025 0122000609000000 0 00 00000000 4 1 0 0000000000000026
0000000000000026 02150000010d0000 0 00 00000000 4 1 0 0000000000000027
0000000000000027 8506000000000000 0 00 00000000 4 1 0 0000000000000028
0000000000000028 00130e00ffffff00 1 0e ffffffff 4 1 0 0000000000000029
0000000000000029 8506000000000000 0 00 00000000 4 1 0 000000000000002a
000000000000002a 0042070310000000 1 07 00000000 4 1 0 000000000000002b
000000000000002b 00a30d0f00001400 1 0d 00000000 4 1 0 000000000000002c
000000000000002c 00920d0900000000 1 0d ffffffff 4 1 0 000000000000002d
000000000000002d 0023060600000100 1 06 005b8fac 4 1 0 000000000000002e
000000000000002e 00a2010d07000000 1 01 ffffffff 4 1 0 000000000000002f
000000000000002f 00131e0000000300 1 1e 00000003 4 1 0 0000000000000030
0000000000000030 0023151500000100 1 15 00000001 4 1 0 0000000000000031
0000000000000031 00731e1e00000100 1 1e 00000002 4 1 0 0000000000000032
0000000000000032 0102001e1d000000 0 00 00000000 4 0 0 0000000000000033
0000000000000033 0215fffffc040000 0 00 00000000 4 0 1 0000000000000030
0000000000000030 0023151500000100 1 15 00000002 4 0 0 0000000000000031
0000000000000031 00731e1e00000100 1 1e 00000001 4 0 0 0000000000000032
0000000000000032 0102001e1d000000 0 00 00000000 4 0 0 0000000000000033
0000000000000033 0215fffffc040000 0 00 00000000 4 0 1 0000000000000030
0000000000000030 0023151500000100 1 15 00000003 4 0 0 0000000000000031
0000000000000031 00731e1e00000100 1 1e 00000000 4 0 0 0000000000000032
0000000000000032 0102001e1d000000 0 00 00000000 5 1 0 0000000000000033
0000000000000033 0215fffffc040000 0 00 00000000 5 1 0 0000000000000034
0000000000000034 7cf5000000000000 0 00 00000000 5 1 0 0000000000000035
DONE retired=53 fault=00 pc=0000000000000034
